[INFO] Scanning for projects...
[INFO]                                                                         
[INFO] ------------------------------------------------------------------------
[INFO] Building Implementation 0.0.1-SNAPSHOT
[INFO] ------------------------------------------------------------------------
[INFO] 
[INFO] >>> cobertura-maven-plugin:2.7:cobertura (default-cli) > [cobertura]test @ Implementation >>>
[INFO] 
[INFO] --- maven-resources-plugin:2.6:resources (default-resources) @ Implementation ---
[INFO] Using 'UTF-8' encoding to copy filtered resources.
[INFO] skip non existing resourceDirectory /media/sf_Desktop/csci310group11/src/main/resources
[INFO] 
[INFO] --- maven-compiler-plugin:3.2:compile (default-compile) @ Implementation ---
[INFO] Nothing to compile - all classes are up to date
[INFO] 
[INFO] --- cobertura-maven-plugin:2.7:instrument (default-cli) @ Implementation ---
[INFO] Cobertura 2.1.1 - GNU GPL License (NO WARRANTY) - See COPYRIGHT file
[INFO] Cobertura: Saved information on 10 classes.
[INFO] Cobertura: Saved information on 10 classes.

[INFO] Instrumentation was successful.
[INFO] NOT adding cobertura ser file to attached artifacts list.
[INFO] 
[INFO] --- maven-resources-plugin:2.6:testResources (default-testResources) @ Implementation ---
[INFO] Using 'UTF-8' encoding to copy filtered resources.
[INFO] skip non existing resourceDirectory /media/sf_Desktop/csci310group11/src/test/resources
[INFO] 
[INFO] --- maven-compiler-plugin:3.2:testCompile (default-testCompile) @ Implementation ---
[INFO] Nothing to compile - all classes are up to date
[INFO] 
[INFO] --- maven-surefire-plugin:2.17:test (default-test) @ Implementation ---
[INFO] Surefire report directory: /media/sf_Desktop/csci310group11/target/surefire-reports

-------------------------------------------------------
 T E S T S
-------------------------------------------------------
Running csci310group11.Implementation.TestingAPI
Tests run: 1, Failures: 0, Errors: 0, Skipped: 1, Time elapsed: 0.626 sec - in csci310group11.Implementation.TestingAPI
Running csci310group11.Implementation.TestingCollageGeneratorAddBorder
numRows: 646 numCols: 646
Tests run: 1, Failures: 0, Errors: 0, Skipped: 0, Time elapsed: 6.996 sec - in csci310group11.Implementation.TestingCollageGeneratorAddBorder
Running csci310group11.Implementation.TestingCollageGeneratorCompile
Supposed to write: 1000
750 to /home/student/Desktop/size.txt
Supposed to write: 200
187 to /home/student/Desktop/size.txt
Current dummyRotationDegree: -11
Supposed to write: -11 to /home/student/Desktop/rotation.txt
Supposed to write: 200
187 to /home/student/Desktop/size.txt
Current dummyRotationDegree: 0
Supposed to write: 0 to /home/student/Desktop/rotation.txt
Supposed to write: 200
187 to /home/student/Desktop/size.txt
Current dummyRotationDegree: 7
Supposed to write: 7 to /home/student/Desktop/rotation.txt
Supposed to write: 200
187 to /home/student/Desktop/size.txt
Current dummyRotationDegree: -41
Supposed to write: -41 to /home/student/Desktop/rotation.txt
Supposed to write: 200
187 to /home/student/Desktop/size.txt
Current dummyRotationDegree: -31
Supposed to write: -31 to /home/student/Desktop/rotation.txt
Supposed to write: 200
187 to /home/student/Desktop/size.txt
Current dummyRotationDegree: -36
Supposed to write: -36 to /home/student/Desktop/rotation.txt
Supposed to write: 200
187 to /home/student/Desktop/size.txt
Current dummyRotationDegree: 13
Supposed to write: 13 to /home/student/Desktop/rotation.txt
Supposed to write: 200
187 to /home/student/Desktop/size.txt
Current dummyRotationDegree: 18
Supposed to write: 18 to /home/student/Desktop/rotation.txt
Supposed to write: 200
187 to /home/student/Desktop/size.txt
Current dummyRotationDegree: -29
Supposed to write: -29 to /home/student/Desktop/rotation.txt
Supposed to write: 200
187 to /home/student/Desktop/size.txt
Current dummyRotationDegree: 18
Supposed to write: 18 to /home/student/Desktop/rotation.txt
Supposed to write: 200
187 to /home/student/Desktop/size.txt
Current dummyRotationDegree: 6
Supposed to write: 6 to /home/student/Desktop/rotation.txt
Supposed to write: 200
187 to /home/student/Desktop/size.txt
Current dummyRotationDegree: 11
Supposed to write: 11 to /home/student/Desktop/rotation.txt
Supposed to write: 200
187 to /home/student/Desktop/size.txt
Current dummyRotationDegree: 11
Supposed to write: 11 to /home/student/Desktop/rotation.txt
Supposed to write: 200
187 to /home/student/Desktop/size.txt
Current dummyRotationDegree: -11
Supposed to write: -11 to /home/student/Desktop/rotation.txt
Supposed to write: 200
187 to /home/student/Desktop/size.txt
Current dummyRotationDegree: -9
Supposed to write: -9 to /home/student/Desktop/rotation.txt
Supposed to write: 200
187 to /home/student/Desktop/size.txt
Current dummyRotationDegree: 42
Supposed to write: 42 to /home/student/Desktop/rotation.txt
Supposed to write: 200
187 to /home/student/Desktop/size.txt
Current dummyRotationDegree: 41
Supposed to write: 41 to /home/student/Desktop/rotation.txt
Supposed to write: 200
187 to /home/student/Desktop/size.txt
Current dummyRotationDegree: 21
Supposed to write: 21 to /home/student/Desktop/rotation.txt
Supposed to write: 200
187 to /home/student/Desktop/size.txt
Current dummyRotationDegree: 16
Supposed to write: 16 to /home/student/Desktop/rotation.txt
Supposed to write: 200
187 to /home/student/Desktop/size.txt
Current dummyRotationDegree: 5
Supposed to write: 5 to /home/student/Desktop/rotation.txt
Supposed to write: 200
187 to /home/student/Desktop/size.txt
Current dummyRotationDegree: -27
Supposed to write: -27 to /home/student/Desktop/rotation.txt
Supposed to write: 200
187 to /home/student/Desktop/size.txt
Current dummyRotationDegree: 2
Supposed to write: 2 to /home/student/Desktop/rotation.txt
Supposed to write: 200
187 to /home/student/Desktop/size.txt
Current dummyRotationDegree: 6
Supposed to write: 6 to /home/student/Desktop/rotation.txt
Supposed to write: 200
187 to /home/student/Desktop/size.txt
Current dummyRotationDegree: 25
Supposed to write: 25 to /home/student/Desktop/rotation.txt
Supposed to write: 200
187 to /home/student/Desktop/size.txt
Current dummyRotationDegree: 17
Supposed to write: 17 to /home/student/Desktop/rotation.txt
Supposed to write: 200
187 to /home/student/Desktop/size.txt
Current dummyRotationDegree: 27
Supposed to write: 27 to /home/student/Desktop/rotation.txt
Supposed to write: 200
187 to /home/student/Desktop/size.txt
Current dummyRotationDegree: -35
Supposed to write: -35 to /home/student/Desktop/rotation.txt
Supposed to write: 200
187 to /home/student/Desktop/size.txt
Current dummyRotationDegree: 29
Supposed to write: 29 to /home/student/Desktop/rotation.txt
Supposed to write: 200
187 to /home/student/Desktop/size.txt
Current dummyRotationDegree: 44
Supposed to write: 44 to /home/student/Desktop/rotation.txt
Supposed to write: 200
187 to /home/student/Desktop/size.txt
Current dummyRotationDegree: -28
Supposed to write: -28 to /home/student/Desktop/rotation.txt
returnURL: iVBORw0KGg
Tests run: 1, Failures: 0, Errors: 0, Skipped: 0, Time elapsed: 5.987 sec - in csci310group11.Implementation.TestingCollageGeneratorCompile
Running csci310group11.Implementation.TestingCollageGeneratorDownloadCollage
Tests run: 1, Failures: 0, Errors: 0, Skipped: 0, Time elapsed: 6.094 sec - in csci310group11.Implementation.TestingCollageGeneratorDownloadCollage
Running csci310group11.Implementation.TestingCollageGeneratorResizeImages
Tests run: 1, Failures: 0, Errors: 0, Skipped: 0, Time elapsed: 5.834 sec - in csci310group11.Implementation.TestingCollageGeneratorResizeImages
Running csci310group11.Implementation.TestingCollageGeneratorResizeImagesNormal
Tests run: 1, Failures: 0, Errors: 0, Skipped: 0, Time elapsed: 5.381 sec - in csci310group11.Implementation.TestingCollageGeneratorResizeImagesNormal
Running csci310group11.Implementation.TestingCollageGeneratorRotateAndDraw
Tests run: 1, Failures: 0, Errors: 0, Skipped: 0, Time elapsed: 1.207 sec - in csci310group11.Implementation.TestingCollageGeneratorRotateAndDraw
Running csci310group11.Implementation.TestingCollageGeneratorServlet
Supposed to write: data:image/png;base64, testUrl to /home/student/Desktop/imageLogs.txt
Bytes in image file byte array after reading: 5
Supposed to write: 5 to /home/student/Desktop/byte.txt
Tests run: 1, Failures: 0, Errors: 0, Skipped: 0, Time elapsed: 7.913 sec - in csci310group11.Implementation.TestingCollageGeneratorServlet
Running csci310group11.Implementation.TestingCollageGeneratorServletNominal
Supposed to write: 1000
750 to /home/student/Desktop/size.txt
Supposed to write: 200
187 to /home/student/Desktop/size.txt
Supposed to write: -3 to /home/student/Desktop/rotation.txt
Supposed to write: 200
187 to /home/student/Desktop/size.txt
Supposed to write: -7 to /home/student/Desktop/rotation.txt
Supposed to write: 200
187 to /home/student/Desktop/size.txt
Supposed to write: 20 to /home/student/Desktop/rotation.txt
Supposed to write: 200
187 to /home/student/Desktop/size.txt
Supposed to write: 12 to /home/student/Desktop/rotation.txt
Supposed to write: 200
187 to /home/student/Desktop/size.txt
Supposed to write: -28 to /home/student/Desktop/rotation.txt
Supposed to write: 200
187 to /home/student/Desktop/size.txt
Supposed to write: -21 to /home/student/Desktop/rotation.txt
Supposed to write: 200
187 to /home/student/Desktop/size.txt
Supposed to write: 13 to /home/student/Desktop/rotation.txt
Supposed to write: 200
187 to /home/student/Desktop/size.txt
Supposed to write: -42 to /home/student/Desktop/rotation.txt
Supposed to write: 200
187 to /home/student/Desktop/size.txt
Supposed to write: 41 to /home/student/Desktop/rotation.txt
Supposed to write: 200
187 to /home/student/Desktop/size.txt
Supposed to write: 10 to /home/student/Desktop/rotation.txt
Supposed to write: 200
187 to /home/student/Desktop/size.txt
Supposed to write: -35 to /home/student/Desktop/rotation.txt
Supposed to write: 200
187 to /home/student/Desktop/size.txt
Supposed to write: 7 to /home/student/Desktop/rotation.txt
Supposed to write: 200
187 to /home/student/Desktop/size.txt
Supposed to write: 44 to /home/student/Desktop/rotation.txt
Supposed to write: 200
187 to /home/student/Desktop/size.txt
Supposed to write: 36 to /home/student/Desktop/rotation.txt
Supposed to write: 200
187 to /home/student/Desktop/size.txt
Supposed to write: -21 to /home/student/Desktop/rotation.txt
Supposed to write: 200
187 to /home/student/Desktop/size.txt
Supposed to write: 28 to /home/student/Desktop/rotation.txt
Supposed to write: 200
187 to /home/student/Desktop/size.txt
Supposed to write: -6 to /home/student/Desktop/rotation.txt
Supposed to write: 200
187 to /home/student/Desktop/size.txt
Supposed to write: -7 to /home/student/Desktop/rotation.txt
Supposed to write: 200
187 to /home/student/Desktop/size.txt
Supposed to write: -37 to /home/student/Desktop/rotation.txt
Supposed to write: 200
187 to /home/student/Desktop/size.txt
Supposed to write: -15 to /home/student/Desktop/rotation.txt
Supposed to write: 200
187 to /home/student/Desktop/size.txt
Supposed to write: -2 to /home/student/Desktop/rotation.txt
Supposed to write: 200
187 to /home/student/Desktop/size.txt
Supposed to write: -1 to /home/student/Desktop/rotation.txt
Supposed to write: 200
187 to /home/student/Desktop/size.txt
Supposed to write: -38 to /home/student/Desktop/rotation.txt
Supposed to write: 200
187 to /home/student/Desktop/size.txt
Supposed to write: -24 to /home/student/Desktop/rotation.txt
Supposed to write: 200
187 to /home/student/Desktop/size.txt
Supposed to write: -19 to /home/student/Desktop/rotation.txt
Supposed to write: 200
187 to /home/student/Desktop/size.txt
Supposed to write: -14 to /home/student/Desktop/rotation.txt
Supposed to write: 200
187 to /home/student/Desktop/size.txt
Supposed to write: -2 to /home/student/Desktop/rotation.txt
Supposed to write: 200
187 to /home/student/Desktop/size.txt
Supposed to write: 14 to /home/student/Desktop/rotation.txt
Supposed to write: 200
187 to /home/student/Desktop/size.txt
Supposed to write: 40 to /home/student/Desktop/rotation.txt
Supposed to write: 200
187 to /home/student/Desktop/size.txt
Supposed to write: -9 to /home/student/Desktop/rotation.txt
returnURL: iVBORw0KGg
Supposed to write: data:image/png;base64, iVBORw0KGgoAAAANSUhEUgAAAfQAAAF3CAYAAABT8rn8AACAAElEQVR42oy8d1QV2fpoe/657/7O6TYroOSccwZzTpgVxZxzzjkrGAiKIoqgKAKKkiTnrGLOOXTbybaNbUdlvm/VRs85d9w3xmOMb6xVq1bVrl17157fXLWKf+zO+5ndeS/YJbE7/2d25b9gh8TOfF2bWt4l7dq6gp/ZWShR8ILw/J8Iz3nOzrNP2Zn5hB3pjwk9/ZDtJ++yLq6KxeEnWRSWzLbT9wmT/mGybajsa7tsv71I6gWNryPtO6QtTCK0McKKXurqapuCl2yTUu1jp7SHFTUeg8Suwl8IL37N7iJVvmJHySvtGMNleXfxS/aW/ExM4XPOlN3hyaUq/rh7loYHZ/h4M4WPt1P469Yx/rx2gg8XE3lRc4prRQWczbnIodxHRBwuYt30cfhZm9LkX01o8nUz/vk/TfjXP5tKvQXbtoVy9+5tbGz1sLM3IillL4vnjuL541q+eVLFg1slHN4zj7SjGxna25XOHZ3xcTJg65pxDOtpy4zgQJxs2tC1ixO+XmZYWbWTfZljY2+BpY2pFibm7TAw1sNYSjNLI4xMDbQ2YzN9rKz1MTFpjamZHkZSGhm1oGtnd9w8LDA1b0NQ/wDcnduybfNsXn5fz99/vqaBPxk8tCd6+s1p3aaZRHM5LnfGhfTA1s4Qf39rbGyM8PFyJOfsUa5cruTO9cucP1fFvojNdHG3wU3Ox8xJYzkcF0d8wnEST5zmxJlcjp/JIzE9n9jUs8Sfzic+rYDY5LNEHj7J2m0RzFu0iBnzF9Kxe0d69/FnZEhXvPwc8PQwY/bMgaxYHoKLmxUujkY4O7bF3dWCDt7mONnr07mLG64uFlhbtsHYpJWEnrzvduzcGSrv6082TBzEqJ7++Lu74u7uRaB/IFNG9GHZlEGsnR3Mmlkj2LJoHGHLxxOxdipR66cTvWkW+7fM52DYMo7t30pc5Ab2hW8kLzuNsuI8sjPTKMjPobAoj/KKCsorK6isrqKqplqLmro6quouUClRda6emguXtKitv0zdxSucu3SV85evcfHaTS7fuK2Fql+5eUeLa7dvSdzh1r273Htwn/sSj5485smzpzz79hnfPv9G4pkWT54+5OYN2X/xWdIPbufQoiCOLuhC4oIATq7oLPWO7J/biYTQ0RyPmkFyzEIyUqIpyEmluCiTyqoyqmvKqagqIi8njeOHI9iyYqJ8tvX89OYDKxNKGL/5KEELIxi/JYmV8cW49Z2MkXN3jJ17YOLaC2PPAXSesIGNyReYuOkYHYYvwKH9MGx8B2DuFcTc8NPElX9D4vmX7Ct9RvwFuVZz7rMkoZa5seVsy7gnbW+JKvqWqeHZLIwtZUfWfTalXMaz61gMTDxo09aWNgZW6OtbYmpih52tM9Zm1qyeO5/arEzOZ6ZzMeM0508kce7EMS6lneRpaTHfyedSf/o0V8/mcreknAeVNTyXz6AmPYPJw0dgYWJB61btaNHCgBYt9bVo3kKPFs3a0rypga5sjGbN2tCsiT5NJVo0N6Blc0MpDWnZwlirt2plSuvW5rRuaUabNha0kHobPSvZvyotaCnLLVubaf1atjJr7G/GgAEjqK6uQ/19991z5sybTvPW/6RNu6Z07O1P81b/I8v/g4OPLTYe5vQaHIiZtR4Bnezo2tced18zeg3xodcAO9w6m+DVwxyPzkb0GG1NhxFmdAjRx6N/a7yDpG28M31muDJ8WUeC5rnTb7YbncZZ0WuWA92mWtNR6gPmupBbtpS71Tu4emopF48t4FrCPK4dns+dpCU8zF7NncJV1J1eQEn6dPrPsWboIn9CNgbSY6ojfSSCZjnKd6IdYzYFMn5TBwYstCVkXQADFjjTf54tncdbMGarF2M3+hI4xpQhK7wYstZHPv+uDF3lT58FDnSf4cCg5V54DtPDZ6SRtLmzJzGU/z9/f/71J2UXi1gSPovOUzzoNNWDjlPctegw2U2L/2xrL8uBk11pP8WNgCmu+E11xX+aKz6TnHALtse2nwX+41wJmCr9prlrpe8kZ/wmu+Av/QOnyXZTdevbT3fXljvMkP1O17V/bvt3P9n/FNl2qgs+k+V3forsSwsX2aezbl1jqGXfic44DrPGdoAFLiE2OI+yxnmEJU5DJIbKb+NQa1xVDJF1g60kLHEZois/1//xGeQqwgtfSki9oHG54KXWtktityoFqDvzf2Br6nW2Hq2RqGJjfBWbEs6xMbGejccusyXlOosi85i96ShLw44L0O81gli2lX3saAS2tizgVSDfodVlXfEvWrsqP7ft/FxXsJb+ah86YL8iQkXpayKL32j1HSVyjNI/svhnkkufcrn6Ao/rynh3M4eG24kSR+D2IRquRsOVKBqu7aXhxj64sZ+GmzH8WreXZ7kxlB7dy/GwNZzZOokAy7Ya0L/+qin/0srmNGvaUgP6hw+/4uxsioWlPp062tKvpwdVZXHE7Z/DrYuZvH19nz//+I7Y6KUCxWzOHF7Hnm1TWDm1I4HOethb6jFpXB/69nDD0spY9mOsAd3C2gRrO/MvUDc00ddgrkoVbY3aYGauL9u0xlLAbmktfYzb4ONtQ8dAR0zMWuPva87BvUsI3zmfxw9K+fG7K/z193vmzh+PQbsW6Bs0p5UAvY1+M/z8HbB1MNFew9hUjxmzJlBbV8hlAfr1KzXU15VwPC6KAZ286NOjE1s2byAx8RiJyadITsvSgJ54OpOjp7M4fPIsh5IziU/N5ZDEvuOZ7DqUwoKVG9i2M4KVa9cza84U2nfyw83TEU9PW8aN70WnTq6sXDpBew82Vga4yXkY1NuD9r6WJMRuoGd3TxwcDDCX92Zi1oZ2hm20i/pCWT7T5fyN7SoXhaMFVmam+Lo5Mm9sf1ZNG8KamSM0qG+YF8K2JWOJXDeNPRtmaECP2bqAIxFriI9aR3z0RpLiI8hMT6Kg8CxFAvLS0hJKy0oplrJESgV0BfayinLKq6oprzlHaVUtZfJDrULVVZsCuwJ6Tb0AXsr6qze4dP3WF6iruHT9JvXXrnH52lWu37zBrTu3uXv/ng7uDx/w8PEjAbwunjx7zNNvnvD46SNZd4/LF+soSI7i7O4JpKzpy6kdU0kMm83po1spzD0h4CimrLyQouJcSUiyJTHJlPeTQ1FJvkC9XJIROfbKQu38Vd94wry92QSvjmXAor0MXRnL5LBUFkZn4dFnIoaO3TH36M+kTUfYkXGdtcfr6DxuLV1ClhAwYBrOnUZgFzCMlbH57Ct6QPLFt8TX/Eh83Us2pl1n6ZHzTI3MZ9Pp2xyo/pmokm/lt+UZK45fYt2pm2w+fYth86NpZ+Yj32tnSTYtMNAzx0jPiPZuXozo3pvr+QV8I8d7+8wxqvZtpzxiIwVha8ncspqzYZs5f+Qg1UcSqEiI51xyErfzsvjhfB13iwvIjNnL+MGDcLS2FwALnFu0/QL1li0NNMg3by6Ab6qDe7PmbWjaTI8mTVrLdS7LTQx0pVrfTJKC5kYCdomWJgJrE1k2plVLU62thVrfQr2G1FUCIH2Cgv4N8pcvf2bN+pXoGTbXYK4nMNc3ak6Xfv601v+KtuatcfS3w9LJUH5P5DyYtMDexYju/RyxczEQyPvg3l5+Jzxb4NK9nUDdDP+BFngNkOslqJWUxrQXCLQPsaTPbFuGLPSlw1gTuk+xEwjb03GCOT1mCminWDFimQ+3b4Ryr3gjN0+v5GrSUi4dnMvNI0u5mbiE28lLuJ6+lGvZiyjPnMVggXS3qTYMXORLrxl2dB5rRt+5Ngxa4cyE7d5MFNCPWOnMqPW+DF3ty/BVngxe5MGIdV70n29Hx0lG8h3zZtBKb8Zsbk//Jc6MDu1E/wXeDFjiSbfJNgxZ6SlJpTf95jjx6t3P/58gv//sDntSdhC0oDOdBNSfo4vAu/M0TwG3DtqBk1zoMEUH9vaTBLCyrIAeoAAtpZ8Kga2vLHuNccJhgAKmvQDWTYO2grj3BEd8JjppZadZ3l/aVai6Dsw6OCuAK5jrAN0IaUkWFMy115F+AdP+s4/zl74qcfCe4IDrKDus+5niHCzQHmmD03BLHAabCdQVuK2/hIK3CgX4L3UF9PACHcBVGSHgjBQgqlKLQl0ZrkKMV9n4itgSVh4oIfTMXcLzviVCAB9RKMYusatYQV/2U6z6izUX/iCJwM9fYL2jWAdpBd3PoFbtuxSspdzdWO4SSO+W0NpUKe0K6BGlb4gsUfGacImI0rdEVKjld/JD8ZKospccKHtFYfl9Xl7K4eOFgzRcjhWAC7SvRMDlSLgUBXU7+VSxjYa6MBrqd8l6ab8dzadrkfxZE85P+Tt4cHIDqatH4aDfSrL1lui1aEHLpk3k4m1NmxZN2R+1U/tyubhZYmGlr1mxsWkbViwdRVFeDD8+v8TLny7x+5+/8PMPVynP2sX4Ef7UVCRyVDLKXv6meLoa4eEuELJqK8ZpINZtKkC3xNzKRAsFdgVZBXBjs7ZatDMSIzdVdQMN6FY2beX1BfbGLQXUzWV9MzmO1mK0Jowe5s/wgYEsXxrCnZsl/Pb7T8Qd3o2JcXP02zYRo5DSoKVsr/ZhhKmEs6slBw9FU1NbzqVLtQKPSgF6ISkJuwju055FC2eRcPQoxwXmSakZJJ/KIulUOokn0zgiEZeayaGUTBLS8jiYks3B1Bz2Jp5he3Q8G0Ij2bRtFxOmTKJX7550keSgS4+OuHs6YW1rQodAMYju/pKsGODpYsa08b2JilxD9x7eWNu0w8RUn3aSuBgYtmbYiMHa+d88dwJBLm3p5tAOW5Xw6OvTxc+NxZOCWD19GKtmDGfd7FFsnD+a7ZIw7Fw5STP0vRvncGDbIhIiVpEYs5XkIwLIzBRKivMpLi7UQF5WVqbBvKi4RCtLy8u0KBQLLCitoLCs8ksUV1STV1xGvqwrEUNUcFf2/tnaNchfvc55iTox93OXr2omX3fxEvWXL3P1+jVu3Lqpwf323TvcEXNXgH/85BkPHz3W7P3x08ca4B88esiNm9e5KJ9RTeFJaivyqKkp49z5aqoE2GVlRQJyAbgkJgX5WRQVZFMoUC8ozBWoFwrMyyQ5qdDOX8a5R2w5fYUNyXVi58eZtP0EQ5cfkB/+7YSs2o9dh2BsO41k2u5TTNmVzqKYIgJGLsW2w0jaD52NS9fRePSezMqYAo5UfU9C1Q8crv6Bg+Xfs+7EJebElDI9qpCdOU84VPdGLP0dh8+/Y1P6HYasOUHPufuw7zQVA4sA+f46SjLnRHDQUDYvWkrW4SM8qqzmsSQlt5P3c+tIOHVR6ymVzy1z5XRSl83g6OK5ZG5bT9rm9WSFbaUofDv1R/bzXUkO31eVcD71CNnRO1kwYRyWJpZy/ers/D+jaVMpmxloVt6kSavGtjY6wGug14WC+3+WLZoZyjZtte2+tInFN1dWL0APDQ3XzvG79+/YuXubXF9t+arF/6JpK52Zt9T7J01a/D9i37a0NvgaR1877H2taWvanOGDPDG2aI27jxVde9oL5FvSY5Avth562Pnp4SsW12W0LR3F3vyHWeIR1I6OIQrmxvgMaCsgt2DIEi8BuZ2Az5WeMy3pNNmUXjMFxhMF6ALop3f3cSd/HVeSFlMbPZnz+2Zy5eAiDey10VOpOzyNuhNTuXR2Ohv3BTFosTdj13Wi5zQruowzEvDaMmpNZ7pPs2D85k6ErA1kzIZA+i90JWixM33nODNwhRu95zoyaJU7Q1a7iIHbMWxtB7opUx1uQ2eBWQcx+Z6z7Bi81I0B83zoOsWR/ad2/BfE3314y5nSFKZsGSWgdhZQu/4b5grkEl2m6GxcwfuzoX+GeaAC+uR/g1gHZSkVlKXuM8EFt+H2WPc0w3eCmwZ5HWSd8BovUJ/krNv2v2DuogFbZ/HOGqjVsgL853aVDCgj/2znAf+HvX+BvkoaJjriLp+pVV8TnIcKzEdY4TjUAs9RDjgOEksfpMD933auwm2YjRYew2z5xxd4/58w1+q/fGmPzH3O8ug8NiWeJ7LoJ2l/Je26UMPe4aUKsgrKOjDvLtFBWa2PUHWtTRdfgK3BWoFbbftGtw+1ruyNtl6zbwVxiQhp04BepqtHlQnMy19L+YY9Fa/ZU/6GZPkRuSc/kB+unuHvuig+VoXxqWYnDVWhNFQLvMu381fpWj6VruNT4Uo+5i/lY+kGPp2Xfld3i6nv5dPFPXyo2sV3WeuIW9CbuT086WHXjiFyYQX5OhBgZ8rY/v6U56ZqX7T+Qd00oJuLbSu77dbZlZCRXaguOsT7V3f5+OlPgft1ordO4PSR1Xz3uI6tC/ozdogvA/v6Y2WpTNtQ21aB1VbMVA2vm1kYa4auWbOA3NTcSBtmNhSgt20nlmqqkgD1uvpSV8lES81a1bp2Ri3w8rMlLzeBPRFLef/2MQ2f3vHbr0/JzjyIqWkL9AyaaTBX/Q3aNtf2ZSL7GjU6iNycDC5fOi9xTmBeTl3ZWeIj1zNvcjC7doWSlHKK1LRMUgTkScknJZIF7qkkpJwQQ08j9sRpgXoGsclnBOpZUmawX6AeuieB8H1HiIo9yrJVawgeM4pe/fvg7u2Cg7Mdru722ns2FGB7uZsxJrgra5aPp1c3D13CIu2GJnoa1CMid/H29SsGSL9ejm3xVUmNgcDeQJ9BvdqzcuZwVs8IFkMfyYa5YzSgb108nrDlEwXmMyWUoS/i0O5VpB6NJjs7TTPzgoI8gWHBl8jLzyM3r4CcvFyJfHJyCzmbU0BWXiEZOfmkn80jO7+InMIScotKycrOJVMiW/oVlYvR156j/NwFygXuql5z8TLVElXnL2qQr5ayStafu3CeCxfrqb90kctXr3DtxnUN8Lfv3OHe/Qc8ePhYwP5Uyiey/FBgf1+DvjJ71VdtU3+pnjox04qqSkpKxdJLi8TM88kvyNEAny9gzyvI1UYbnj57pn1/j1Q9Zm1qPZvTLzMzKpNus7aJXR1grlh7+NmbrDhUKD/ahxiyIpZuM3awNrGWruPX0X/qZjoGL8K15yR8Bs5hbVw5UTn3iDx7l82pF4kpfU6oQHv89nRm7ytlS/o94s4pmL/nYO0b9lX+wrzYGoYsS8Sz30LsPIfg7NSR7ctWcb+6hh+vXuWFJDrPK0t4mHGE64e2c1OLUOp2r+TsqimcmD+eIwumc2z5AhKXzefE8oXkbF1JXfQ2Hp2K40V5Nj9W5XE7K4WMqDAGdeyMWVsT9Nq0E3vW14bXmzZr3QhvBW19bblJ01Y6UxfQN/1aTxuCb9akrRYK3qq/imZqfZPPfXQ2ryw+NHS3bkj4zz+JPbQPByczWrT5F01a/Q8t9b+mnZh3a/0mNGn+v2jR6n/TrYMdtmLl3vI9t3EzpUXr/6F5m3/SyuArHFza4eCmj7V3S7oP8ME10IjOAx3pPd2eruPsxZRt6DTemv6zvAgIsZC6BQGjzekuIO8/z03M15YeMwRGwWa0n2BMr7l2Yti2zN7YiWd3YrhRsFZMfAXnBOY1UTOpiphOVeR0SneOo2LPBOoSJpAR2o3EuF4MWuSt7XPkej9JHgzpOEau0Y0dGLbKm6Erfem30FGSQS/dkLxAvNNkAfVca4GsCV2mOzBgub02zD5gma8cn6c2WjBkpRedBGbDV3XUwL9KXvPq3fNfQH7uag0bYlbQc44/naa503m6hwZzfzFmBeqOAmwFcQX0jo3w/s8InOiimbqyc2Xmfo1D6AriKhS4FUx9Jgi8R7tg09dcwO6ggVwNxSvQe45zwH2sndSdCFTbqH2omKgDvrJ3nck7/heg/Rr3rUDtO1ln4P+2ch3sVaj9+U520rb3HGMn8LaS4zDFYbiFmLk5TgMtcJAETg21uw2xxnWQpQZ1V4G++zArAbkNnsPt8JL4h4J1lEA2suSVzqr/IyIEzpEqxLrXJ9Sy7nCl9H2htYWXqvWvvgA3UgFYWbTW9vo/2huBrIxahYK1wDhcyvBGOKuIVIBuLCPL32nrVH2P1BW8o8qlXvFet1zxTlsXVfGWaIH6frHzimqx8htVfLydzKfaCD6WbNFBvGY7DZVb+Lt4A78XrOGvgvX8XbSOjwWr+D1jIX/nreDvkjXSbyt/12zjY90ufqvZwdOsNVyInU3x9vFkrR9G4vJBxC4P5uSuRZyMXERp4lbtCzdj2lixirZilW2wsNDHx9OSOdOCKMjbx6uX9/n08Tfe//oDP/1wV4z9Jh/ef0fxmXBiw2czZ3Qn7OzaimUbClBbi6UKpK3aiZ0ba0PrCuSqVMPuJuaG+Pi5aCZv0LaVvJ4y1tbYWBtgZtoKI/mRMGinIK2G05vh5GZGXfVpko+Fkxi7gm8fnydHXtfNqY0GfD3p10avGfYOJlhbt8XL0xb/AHe2h27iXF2lBvOL9ZVcqCujuiyH1MT9REWEcjTpOCmnM0lOE5innuLQoTiOHjsi9WSOnjhOfEoqh44nc/BYCgeT03QwP35KzD2D6MRT7DmSxr4jpwjfH8fSVRsYPWECQ4NH0bFrZ+09mqq5AvKe7ezUPAJjbCS6SJLk4GCoAd1K3q+pub527tOT4ulu35YutkY4SeJjZmKMqYkprvbWDOgewLyJg1g7L4TNC8dJjGXbkgnsWjWNvZvmEqPsXGzvzIlYsjNSBOinycw6LWUmWVkZnD2bRUbmGU6lpXJSi5MC62wysnKkXy4Z2Xmclnpa5lmtzBTI5wjYM7KzpG+abHeG02eyyCkoIUfMPa+sghKxdnW/vVaAroFdYF6p3Yc/R3VdLTXn6rS4IEnphUuXuPoZ6srY7z/i7oPH3HvwRIvb9x5xS8B+8+49rt++xVUx+4vXr3JOoF4j+yqvKKekWJKKfLHyvLPk52VTXFJAaXkJtedq+Obbb/j7UwNHL6iRtIca1MeGnmBP2SOOXPiJpKuvSLn2moTa7zlU9Zz1yefYKia/Pf06k7cmM2HtYYbP302PsasZOncXG45Wszf/IXsktpy6wc7MB8SU/cTKYxeZujuP5Yn17Ct/ycqkmyxJuMrSOLH3qHKClyYyZOYehozbRMzOA9wrK+NHSSZ/OF/LDzXlPCtI48HJGK7u28D1mPU8PBbBo6M7qdg8hzNLJnNi0Uxi504jcclcUlfMJ2PNPKp2rOBKzGa+zz7CbxeL+HCtmnv56aSF72RAx06Ym1jQqpUAvLmAuBHozQTMzdRy80bIK7A3aUOTr1s3glsH8SZNdetUP1VvJklAk6/aaKDftm3XFxCdyUjD1dMOfTHxpq3/qcG8hd6/0Gv7NS0F7grwLaS9lVi6tY0ksB2d8eziSlszuTbbfYWlS0sc3I1x8jDEwVcPlw7yPQ8ScI2wZ+BcP/rPd9KGwDtNtaWrlEOX+9FvvovA2pHuMx3ExMUYR5nTZZJIyGgzOo63pMtka7FkB4GwB3uODeH9T/v44f5uHtdu5kLCPPK3jCV301jyNo+mOGwctfumUx4ZQmHkcHJTxNAXuTB0tbdm+d3HWzFuQ2eC5oqJz3OQZMGSfgsc6TvfHb9gKwJHW+A+WE+Abk8HWaeOoe98AfAEO/xH2uLYsx1dBIJjNvRgw+E5JOUe/HLufnz5HYcz9jN4fnfcB1jhI4DtOMVTA3Indd9aAX28EwEC4Q6NUG+vwC3LGsAl/gvqCubS5i8A9hMA+8uynwLpRB1EFYx9xzk2mrA1jn0t8B4p8B0r0B2r1jvjMV6BWSAt2/qKsWv7kjb/Cbr9eI13kFJikqNWV6Ebqnf4ch/+M/RV2+ehfB3wZXvZ1kvaPQTo7sPssemhLF1MfKiY+EAx9X4C9AHWuA8SExewuw+11cJLrNxTwO49WBKOAfb8Y4/AVxevdFHyWgNyVGNbpIA7PPdblkSeZWfWPbngG9cpM5Zyryo1Y/7vUBDXQPwlGteV6yD9BdQK4NJ3T7mC9rsvwNagXa4DuRYC7z2V77V+eyveaeUhObbskqvUV1zmj5sZcPswDZf28LFMTLxCYH4xik/1kXw6t5s/izfzZ9EmPuSs5q+itfyZs4IP6QvF0pfzMXeRWLtAvUzMvXQrH0q381P+Vu6fWMHl/XOojphEloD9+qlQ7mRH8qQilufV8dqXL2LHWmwVlK31sLE1IMDXmh4dHRnQz4Oc1E38+vaZWPp7/vr7Db/8eI3ff/+O2IiF9Oss2ZarkRh2Ww3kFuat8PKwxNRCTN3SULNtBTBTC0MtFNyVjRsZ6zUC3RBzSSDsbAywNmuFsRissUlz2a4ZxkbNBYrNGBvSjeiIRYwY6E3wAD+6y3FZmuuArmCuhtxNzfXw8bEkKnwxK5dNpLAwU5sEd/Wy2Pn5SokqKiuKBGJpYuIpnEjL0IB+PPU0x5JTOXYsiWMnkkk4niRAF0M/dpzDiSc4lJhETJKCeqaEureeoQ3Hx0o95pjY+/Esdu6NJ3xvNKvXraRz5/YYm+puK6gRCvWerW3NtERjyCB/XJyNxNJb42TfjuhonQFNGd4XfwG8p5wHS0MDTATotrbWBPp40TUwAE9XRzr6uzFlZB/WLxxDmMA8coPAPGwZ8VEbSDwQJna+l7TUI+QI0HNzzop9ZwvUsziTnkZamhp9OMaRI4dJkEg8dpTkUyc5mZ6pQfyMmHhqeoYkN6c4kZrKaWnPys8n6+xZSQpySM+Q/WTmaCafmSu2X1JOpQC9uv6SZukVUlfD8xW1dZRX1wrg68XcLwhwz1N9Qaz90hUuXbvB1Vt3uC6mfvPeQ24JyG/fV+VDbgvgbwnoVfs1WX/1lrpHf00s/ZwYeonYeSGFBQroYugFeVpbRVWF7L+Wt+/e8vTFO3bl3+dA9fdsTb+mDamH5dxmV+5dEs7/RMadP8i49Tunb3zQTXYreUZY1l0GLoym1+RtdBy5gv7Tt7BOLD6u/FuiCh5pMF98sFqgfU72+4qd+c+Ys7eUkA0nWXCgRoCQRs+ZsfgOWYdH7wV49prHsCnhjAxZwQU5b48rSvi2qpyf5Dv4tCCdu6mxPD21nzuHt3EnfjMvsg7yKieemwc2UrltMckLppK8bAHZm9dSsyeU/M1LqJLP93LUGp6f2su7ypOS5Nfx/notV+RzPrBiEc5WVtrQe4sWOktvLnBWYG+uQN6kJV9LNG2mA3aTr9s0Dqnra/fVv/68XrN0Hdy3b9v5BUZqnkLnHgG0NZXE2rCJQPxrmrX5SjNuA6NmtBagNxUrb2PwTw3upjZtsHQ0pEM/Pyyc22IkQDezbUFgkCTYfWxw8tOjT4gDXcW+gsRq+8/xoOc0ZzqOU7C2EPu2o5vYr4Jq8Bpfukyzoft0O3yDTQgMMZUwI2ixGz1m29N3rpNAVXd/fcc+X/58OZHf3yzn1Tfr+fbqdqpTFpO7dRK5W8ZTGD6V4sipVMRO5WbRXCqKxzFyjRcjN3RkYmgfOgno+i/wYJi85oRdvgQtc2XSzr5yHH649jckIMSGDgL9oCVu+A03ZsRqLzpPsJXjtpHjtpUEwIrYlAgu39bZ+B9//UHphQIW7JwmgHYVUAuA1VD3CDvc+lvRfqy6L+6q3RNvL3BUMPcTCKvys5kruHdoBLqqt5/oqq1XywETVBKgwC5mLm2+El4CZAXnANlPoNQ7jJf+IwSyfWzl/DvQb7oPXad54DPGgd7TfRm+sDMdZV/dZ8t5ls9C3a/XgC7b+ikLH2uP1zgHbYj+c2jgVvavEoJGm1cQ//eQvbM2nO/bCHwFdK+Rjjj3NidwpBPOYuCu/S3x6GeFm4qBAnSBt9tgsfLBAvT+Nvj2tKV7X2eWzhvCP/aWveLfoQD99guo92pD2q/ZnfGApQL0yOKfiK54I1aszPiN1l8Zsoq9CrjlOjDrhsAbwa3gXP76y7qoRuveq9Zrr6Hbbm+l9BNg7638lX0Se8XGVSiQ62D+Tovoyrfsk/b9cry5Rdd4UZvCH/VxNNw6SMPtGAH4Hv6qjpByHx8vR/Px0l7+vhDJHwL4P8u28TpzOb+LoWvGniswr9hAQ9UmGio20lCsYL+SPws38L5wI09TlnLj0Fyqwydx9egyvi+O4mVlNG8vHuJ9/WHdkFBFFn4eFlhayoVpqScXZGvaGreivb8Drm6G7IlYxt0rmbx+eY/c0+HcunqG6O0zCfS1kETAQLtfrKDu6GiCq7OJNsHO2tIAQ6M22v1yzc4V5ARw7Yxaa0Pkbdup2d5tpV0fCzPJ5C0F8GLoaijdSuqWZs2xsWhJgGT4oRsm0qeXl5h9Wy1RMBAzV0Ps7dq11ExeDd2re//erqYsmhsslpnGhfPV3Lh2kSuXL3DhgsCmokyAlEuKwPzEqXSOp5wSU0/m+IlUjiedFKCnsu/QIQ4mxJEokE8U2CcknyLi4BGiDidxKDmbhJNZJKSkcyjptBh7pjZZLvxAEtvCIpg4aSx29pZY2Zp8SV7UyIS5lSEWAmwb67bYa2beRhIYPTm+Wh49uI+bnDsfWediZoCFsREONtZYW1nKOTWXcykXmbcPXl6euDk50t7TldEDurB7/QKB+SaSDu4gOSGcjJNxYq9nyMvPJr8gX8pCiSLO5hWIdedwOlPec8oxeZ9HiU84TPyReFJPi7lnZGugTj2TKZaeKUZ+iuSUExw5HMvGDetYvmQR82fNYuuG9SQkHCV6XwxHJOnJLiymrO48NfU6Q1eT6SpqzlFVrYsagbyyeLXuc9RduqpNort6664W1+7c4oYabr//SIt/g/2Btv7y9Rua5dfUiqmXlwrYC3S3EgoLKCkr/nL/vP7RL+wWoO/MUQD/mQWxRQQtP8DCw6VsTBGjLnzEqStvOXP9V47WvSDh3Av2V3wnCf4DNqdcZHV8OUernnH6yiuOyfqNKVdYdfwSm9JuMzWykEUC9YjC71hxpJ6V8RcYsjAe36HrsO00DXPvYLx7zqTTwEV0HzCXqA07eVhezKPSQr4pK+Hnugp+qTjL91nxfJuyl5/OHBCob+bl2YO8KzrGj+kHeXZ8D8Ubl4pRrqJufySX46KpCt/AxUix+ei1PE/dzeuiBH6/mCsJfxXflkqitXsLE/v2oJ2eut/dRsCuhskF3grSElqp4N7UQIDehq+/0hm8grkailcwV6Uaau/TZyBVVdXaubx4pZ7hYwehZ9xMYC7XliTXrQy+prneV7TU/4o27ZrQ2vgrWpl+hYF1Ewzl+tQ3bY6+eXN8urpJOOHgb46LnymdBzvQc4QbAUFGDJzlwoC5rgxc7MOAhe50m2lN79li51PEzsV8u6uZ67PE2pd60XeBGPocsVkBfZ9Z7nSfZitgbUefeY7Sbi/byLaSAAxf4iTXcDc+vhgKvw6B30fCb1P4/Zd5vLo7lydVi6k9Pou6UysoOz6FO1UzWR4ayODlclySFHSZZkfX6QKnYRaajXeYaCOJgp0cly1dpljiH2xB54l29JnvwqhNAQRK8hE43pThqz1ZHTuDuDMRXxKge89uE5kcRtCizl9A3l7sV0WgADBgjBPuQdZ4DrHT3RNXE9YaIa2ArkxdmbkydAX2gPFqnbPO1icokLtoIPcdKzFOoCnhOdZB+jkxcIYfy7eOkmt7LaXZu6nI2UVldgTXyxO0UdSK4v2knljHsbjF2hyokjOhZJ9cz+adY5iypCdDZgXQQxKF4fPaM2h+oCRW3trx+csxeI+ThGGsgrqU4xqH9Cfo7F0bEZjk3Ah7qavhfYG/pyQEPsruQxxx6mtB12A3XNXQen8x837WOPcSS5fkxlOSPe/ecj56OjJuTBd2rJ9ESuwqziaF8o/osl+IFjjuU2AWQO8TuO4T0GplxSsNzjvSb7NYgB4tRhyttb/WQoF8X4VueX/lG4m3Gpj3Vr7SlQLu/QrCWh8BsQA7ukK1vddin9RVIqD67lHQrvqVaIn9lbo4UP2bLEsfFdW/avV91e+k/VcSi59yqziXv64lwt0j8PAYDffVLPYE/roUK3GIPy/uF6Af5H3lbt6Ktb/OX8fb/LX8UbZR4L6BP0o36ibGXZAMuy4USflpqNwE5Vv4VLaFd/nr+VC0jV9yN/JL8XbZzw7eKYOvDOOPWt2X8vtnt+jVyQFLqzYCZYGKZNu2Vga4OJgwIMiPMcPbM3VsJy5VHWPsqI5MGh3IyAHeOMp6GwG6uUDK3KKt9tial7updi9bDYGr4XR1v9zQSF/gra+7Xy797OzNtGF31WZsLAmBJBD21gJ+Abqa7GYuPyY21i0xEUt3s2lOVy9DQoZ3pZ2sMzTW1/apZrjraYbeVF7HgGFDOtC9iweh29dpQ7MK6FevXuDy5YucO6egUCFAzxMTPSORQbzY90GBVMKxE8QfTSE8KpKJU8axdfsmsXSx2vRcjpzKYfnG7fTq24/IQwLDU5nEC9ATks8QJ5YeezybvQlprNqwnW49umJhZSxJi9F/jUio0syynSQqbXCQ92gpyYq9jW52+47QbdhIYuNq0Q5zQ0l+9PUwMzKU826Pp6cHttZWdPFyo1uHALxc3fByk6zdx40+7b2YNWYgMbvXcjppP9lnEjmblUZubjY5Ern5CurF2j3xswXFWqh75NkC+tMZYuOpyZLAJJEq50EB/XT2WdLP5nDsWDyhW9cxcthg+ZyssbNzwcraATtbJ4KCBrNwwVLCdkZw8kwWBRXVYuA6WKtZ8RUC8sqqOqprdGVVre5xuIra87pH4tSjcGLr/zlb/trte5qZq6H323cfakPyytpv3nmgrbss/dTQe0lJiTbJryA/l7zcHA3s165d1c5hTHotU3ecYty2VDalXiJGLFsNwa8+XsfwNUcZsuwgk7YmE7I6jnHrj4rpRTN4RRzTw7O1/lF5D4iv+p5Tl99yqPy52PsDMfwnrEq6SsiWdCaHF4rtf0Ns1S9E5D5j6MJDuPSci9+AxfQKWUvnQQvx6zFZPv/RVKWe4mm1mPn5Gl5dPs+fNy/yx6VysewYrkas4krEGm7sXcft2A0C+CgB+iG+P3mAut3rqY/ewc1jcdw5kcC947HcOBjGvYObeX4ilJ/So3icvIsHabKf1HhObFxJlFi9j60trZu3FvNuRTNl2grS6t65ZukSX+trw+2aqX+tYN9KM3IF9D59BwjIa3Qzrh/eY9q8Cdh6WWBq3w59uc6MJLlvY9SUZq3/pRtml7qeeVPa2jYTmDelnVUr2pm3xNrNBGtPY3qNCKTLCBd6j3On50g7eo61pfNwc4Yu92bECm8GLnGn/yJ3esx0wn+0CT7BpnQcb00ngWdvgf1gsd/+i1zpKsAOHGNB31luDFrgSd+ZznSfbC1wt6XfHEe6TbZkVlhHuW79ePvNIBpe9aXhXRC8F7B/GEPD7zME7DP59HYyn97M4reXq/j5242U5AczdKk/A1f6aUP5naY5iGULdHq0loTBEu/hhto98y5Tzek1VYA0xES+K+6SYDgwYLGHlojEZ/4b4m9/fUNacRKTN4zQIN5RbLXjVB3MdVDX1TtM0oHZe7gDTmKpAWOdtfvoX2at/4elK7D/O6RNDYuPU+1uAnOxcomOY1wJmhnAmLmdOXJoKQ8vpPDubh6vr5/h5aXj/HzhKC8kXt04yaubZ3h/P5f3Dwt5c7+IX25k8X3NYZ6URvG0Np47FQe5KsC/VBxDWWYoycdXsDFsDFvCxzN7VV+GLewoSY8bnsrK5ThUEuE11vHfUBeT91cT7bShe2X3DtoQvrdA3XOkMnBb7LqL5ImRuw2w0QG9mylePWzo2teFZQtHkHxoHVnJoeSdjiA7eScZidv5R4yAdL9A+v8aFQrMbwg7c5t5OzPYW/qzBnAdvHWQ1tVfE1MldQHu/ioBdZWsU6WCdvVbLWKq30ufXyXeNcavWuzXIC+hIN+4fKD6w5f1qr5fYl+NhIA8VoB+uuwBVYUVvK1IouGmmPITAfn3mfCdxKNUPt05xl/X4/nrSjy/1sbwunQXPxZs5WXhJn4VGP9Vu5NP53fz6dwOsfcIMXux+6tRULudhuqtAvftot7btbKhcjufanbwV1UYL9IW8SZ7uSQC62mQZODTNzXcunldm5A2aFAAg/oH4uFpjru7OTZWetpMbT8vE+bM7MNwWd/Bx1Jgo561NtbuEashc1ubdhgZygVu3FrajMXI1f14NUGujUBawlT3zLVB25ZaKAA7uVhqM76txOQnjO0tNq4ncBdgG7WgbdsWAvvW2oS3Nm2a4WIhPzBqxKCjC65u5lpSoCxfT78F+vpiCfqtGDwggG2bZpCcnEB1dRGXLtZy5cp5Ll4Uk6yppLBIoCXQy8jKFGPNIelkOocF5oeTTrBfYN29dy/aGhowYOBA4pPTSDhTwKFThWyIiMMzsDO7DiqgnyX+ZCZxJ1KIOZrMnrgUAfppFq7Zgn/79ljJ+bB3ssDB2RIHJxsN7iZmaj6BhJi4tVVrOS+tiAgP034U/Dw9MdPXx7KdvB99AbpeG7H0tjjZyvl1kh+cAH8W9+/JhJ7daO/nTfdOgYwePpDgAb0Z2qczq2ePI2bXOjJSE8g7K4au7jMXFJAnBp1fVKpNcFOz1hXYVeSr2ewC4uKKGspq6igV+BZX1mhD7MeTjrE3YgcL503HztFeexbextYVV6+OdO8/Emf3AHx9OzBl2mwOxCeSW1qhDberoXc1Ma6qTuq1ddrz7RWVlQJ4NQRfp8H+8zPuaqb85+faFbDVs+w37j7QoK4Duw7qmq0L1G/evsOlK1ckSaihuKSUfLFzZejK1p88faKdw6V7Mxi77jBBCyKYEibJ1dFqQjNuCoQfszX9LiPXn8Cq+xQMPQfR1i0Ifdcg9FwGYOQVjH3PGTgFLRRYRBGy5hhbTt0UG3/O+lN3WHXiBqM2pzNsbQrrkq6x9vhl5uw8y+glh+k+ch2dBi3Ct+c0sdIJdOgymi1LN3Bbzv+j4jx+qCzlV/nu3co8RcKGNeydO4PtwYPZ1q8753as5tGRXXyTJEA/dYBHR8O5ERvG49REHp1J4Vv5HB+dPMY3pw5zPyGU+4fWc3v/KkrXTebI9EGkLp/JkkHdWT2qH5P7i6W3VpPhWuuALTBXpTakLiDXQiCuWflXLWS5JX37/dvIX/z8A7EJu/Dt6oFXBzts3M0E0q20x9Bai4031/+n2Pm/xM7/qZl5G8uvaGfbAkOr5li56uHg106MvC1+Pa0F4i70n+hO8BwBznQHek2xFZD7MnFzL/oIiHvPtaPjFLHhEDP8R5oLpJ3FaD3FhgX+8+0ZssaHfotdxMSd6D7DWuBtT5AY87DVrgxY5MLgVa5M3taRsGP9efxwHH/9MpyGt0ESfUGA3vDrYIlggfkEGj5Mgj9m0PDbdD79Oo0/fx7PqYxBdB5tTY8pDnSdKNY/xgjvgWb0mmXP6C2esn8veT1JOub60XuWj4SHWLspGXWHuHbvwheQX7hZy9r9S7Th6v+08PaNQ+TKsHVD5eoeuBoe18HZd7QjHsPscRxgLuBXz5TrgK7g7SNg9B5jL/btoC0rMGpwFND7jXXS7oN3EIues3YIx46s5YaI1csbmbwRiL+6nMIvF5L4sSqOHyr28U3xTr7JD+VB9kYeF4Tx88VEgftpiTP8VJ/Et+UHeZATyvfVcby4lMp350/wXd0xvq2K57mUj2oSuV+dyI2KeIqzdpBydBlrdoYwaHF7MXI1HG+Ph4Q2YU6NPjTeh1fHqhIXlZj4KPCPVMPp1th3NcI9yAaP/nZ493WgW38n1q8MITZyEacTt5J5YgfpKTtJPxFGZvIOziRs5h8HxKq1ECDHVKp4I/FOs20FZlWGnr7FjM3yA1z4vQ7clbqIkfVq+UD1ey321+jKmBrZXov3WhmjAV3MukYArfpIxGp9FaA/yGvr6vsb9xGj+lX/qu0rVuoHa1V8ILbuAylVT7iUI5lVmdh33R64c4iGHzMkw6yAV6U0PD3Dp7tJ/H7lMG/rDvCiJIpX8kF9n72eH3M28apoC3+eC+fvc7v5u24XH6/GiOEfhWvRfKrdQkP9DhrOia3XbKWhajNUSVu5JAI5y3hfsIqG2q18rFzPp7ot8FMdb968xshEQbitQNyo0X6b4+BgxPhhAYQEuVJSIHZwpZCTSVuJP7SFAB8rHO0N8fayxNKitVh1G+2fw6jhb232uti5salc/EYtsbU3bZyJ3lLbt7q3rvqYi6V7uZri72GhPbetLFYbppd+xsZStmsh8DbAxsFYtm9O+w72BATY00a/qfaPZXSPrLXAxdmEaZP6sn3TbDHzMi7WV2swvySWVH+xjrpzVZSWFYrBZpGVnUl2TgHJp7M4lHicfXFxGpyXrNpEv8HBTJkzT+z8LEfSizl4spDo4/ls2nec6GPpHEnLJS5F3Uc/RcyxZNnuJJFxJ1m/M5YBI0LwDfSXRMUKNw8b7RE6NUfAwtqITp3dGDgwECdJgozkfGi3Oc6dw8zUFDsrgb+1NRbmpnIezTAxbIeVmRE21pbY2Fjj5+FG3x5dCB46iDHBQ9i2bjlROzYQtmkl4VtWkXxEDD39hNhrtgA9h9y8IgoE5Nl5hWSKfWfnqaH3Qs3Sc6RdQb1IoK7ug6tZ6trjZ1euaffB0zMz2LppGd4eHvLattg7++Ie0JNOvUfg36kvnTr2pL0kNytXr+NMbjFV9Vc4L8atPa+u/ilNvVh5rQBdzE8BXVm7Zu9i6Qrm2j+quXKdy7fucEXiklj6VQH79Tv3NbAryH8G/O1GyKvlyzduce7iFSrqzmnPzxeVFPPo8WPevP9NLGsD3kGztegwZrWAYDfjt6Qwcu0x5h6oYOmReoavTcKh9yxaO/allX0/LDtNwnvYWnpO3yuJwGH8xoTiFbyZHZmPCM16xLrUO8zcV82U3cWsTKhn/s48xs4IZeioFfQbtICufabSvscEvNuPwjtgMCMGT+B09F7qk+O5lHSQxzlpxK1dQy+fDowcMJyxI8bj5+LDQB9fIscGcyV6E3cPhXIndit3D27nltj447Qk3pyr44eSQr6V7+nrslwepwjwE3dyPXoVGYtHEz2qJ9Fj+jGlvTMjfeyZO6g3Bi1a0KaVuj+uM3D1yJoCt4K4iq8a75f31YxcB/KfXvzEui2r6dzLlZGTehDY0wtXf/kOOhqhZ9hEg7m+WRMMLJqhZ9JEIN4cCw892to3wdpLD49uJnh2l2u/rwl+/STh729Kt9FWdB9nTtBcB/rMtqerWPWw5T70neMmdVvtfrmamd5LzNgvuB2dxlmIoVvRb66zNks8aKmTwNyFvgvtGb7aQ5YdGLbOgz6LrAQmTiza3Z47N4P59CqEjy/7w+ueNPzSnYafe9Dwpj+f3geLnU+EvwXif0+Fv6bQ8McsKRfw96vxhO7vSJdxsv+ZHnSZZi/H5UHPGc4MX6kSCQf6z3cVG7Wn13RPOgp8uwmoUvLjdCOYPz8nLn0fQ5f0bAS485ch8gBtuFw3ZN7h8z1wBfaJjVBXz4tPUFAWsx3piNNAESIpAxsnwCkQKpB7jLHV7l37NMLcX1n7eAVyZ4bN6cCJY2v4/nom7+7k8+pqGi/Oi4nXxPFT1UF+FI48L44SkO/goTDifuY6bp1cSV3cDO1xvqeF4by8coJXt9J5US8Al22elETz0wUx+kvJ/FCbwLOyAzwtj+ab6oN8fz6J7y6c4KmA/X5JHPXZ4Rw5OJe5q3rSVQ2xNyYhftpx6pKZz+dCtXmNssVzmA1eAnLXTub4dJfvwuhAtm6ezOnj28lO3UWWRF5alA7iSaFkJIVxOGoFhRmxYujVAm0JVeoA/UZA2mjR0hYrUN2ZcY9ZW1LZU/Bc1r3VYBwroI6tedsY7wS40lYnIfBVESPLByRiagX40h5zTheqfuCcwPq86i+lArUsx54TK1fbS/3guQ/aukNqfZ1a9ztx0v94zU+cF8v4KX8PH6vCabgUgaTi8sUslEyzDn4uF1vPEKAn82tdLN/k7uBJdiiPT67ladpanqev5l3RVn6tCOW3ylDt8bQ/6g/w8UY8H8+H87F6Mw01m/lYvJaPhWugYjOfStbRoKJOAH8lTJII6XNOLP56JPyo+4cRNnYWAmSDL+ZrZNiS4EG+TBjszYKp3chICeXPv97w128P+ePdTdJkeXBfZ6aGdNYmedlatdJmyRs1DokbG+thZW0ohqqn/eMXBV9Do9YCc92jaaqPmXoOXdabieUbSgJgJDZvJEC3txFzt9IX4DWXfRsyuL+vwNAUFxcz+vTypGtXb9lnC+04VSjT37xpJqfEeuovVHDjxhWuX7/K5cuXBJzKGNU/KMnRHunKL8gjt6CElAyB8/ETRO0/KGA/yf6EE0TEHGZf/BFSsvI4nlnC/mT1/HkOkYnZAvAsDp7I5FDSGWKPn+KAbKOAvif+JLsPJDN3yUoCO/hjaWms2bitrRGm5u3Edk3w97XGy9MMJydTxo0bpZ3vuMPxDBs1muGjxjBywkR69Q8S8HemX98++Pt4y/u3wlpA7+Ligq+3N97ubiyeN43o3duIj41kV9hGko/HcebkcXLOpmuPdeWLaRcWlZGnZqULyHME4rmf7byk/AvMFWTVY2iVFy5qoFWWXV53nsxseY8xYrohIXTv2Alfvw54BXTHV2Du6d9Fzntvpk2bxYmUNMpqLwlsBbhi1Fdu39WG0S9dv0Gtuu994aJm5V+G3NWjbRK6Z9Yb4S/16sbn2i82DsF//g90aj/X7tzWgK6M/aq0qWSgWvZZXlmlQV39nb/xiL7Tt9NdQO7Zbw723Sbh2HMyHgPm4hY0H/+QDQKJWEK25jB8XTo+I7YQsj6TERvEtLeUMmZbBSM3FTNqSxEhm84yaZv0W5FE75n76DEjmqELEwiZHyOf01yGDh7FqOCJjB8zlXGjp8nnOIfBQyYzsF8Iy6fNpvroAS4f2cuD1DjSNkuSYefKoAHjSD1dRNLJUgYPnoK7rTvjOnXm8PQQSrcs4onY8ZWo9Tw6FiNJex6/Xr3CL7W1/HblMh8unudFcTZPTh6kft969k8azJpeARwY05/U+RNY0N2H6f260Ff2Z29ujamBEe1atcPNwRO9VurxtBbaf4NUZl5VWf3lWfLIfbtx9LLG2F6f9r3c6BfcGb+ubmLcxhiYtaBp6/9NS4Ov0DP9GrsAfSw99QXgFnh2NcerhwK4OR2GWhPYz5huI63pPdVRPgNH+s12ou8ssd+pVtrEtR4CzS7jBZBTXAle4MfcdYGs2NqFqGOD2J0wnHmb/Bg+x5nuE80YstCDbjPN6SOmPnKDP/2XOTNwmQu95zsxfbMvZdUD4fepYuNDaHjZi4bv2tPwPEB+M7toUP/0doCYeQgNf83m0x8C8N/D+P1XAdOz7bz9aRl/vAhh30EfSSwsGbjIi77z7Bi+3FOSPj9JPhzEts1oP16SEkk4uk93Yagc73Dpt+3IUu28rRMj10Hb6QvQP9u5CgUyVX4xc2XrjaVu1rqydB2kPYPtsAuyxDukcUhdwVFBsBHqytTVrHS/MereuzPB8ztQU7SHd/dzeSNAfnUlhZ/rEviuNJrvCqN4XrSX74v38lQ4cefkKs7FzyZ101DWjfFk4/gOhE3tSs7OcdQkLOBh8R5+OHeE51WHuZm1k9uZ23hcFCUIiOeJAP1B3i6x9zAeFURJPZKHeXt4kCv1/Ehu5EZQk7aF9MSlbA8bzcQl3egz2YP241wJlMTDXx1ziD2+oyQhGe5El0FuDB/uy/plwUTvnCP82CngDiM9SYxcAH762HbSEreIpW/jbGoEl2uzefHdTd6+uM0/dGD+P6K6Eda1AuqaD4SffcRsBfT8b7S2QwJqLeoUyN9K/S1xUj907p0G4TgB8sE6tV4AfV4BWkIrpU3AfOjCr7q+qrzwm7R9kOUPuvK8Wif7kDJeluMufOBozWsyy+5wvSiXF/JB/F25g48C24bLkTTcPADPcwXmNfz9rJQ/b53i76uJckHv5saJVdQdXEzN3umci54mIj6Pn7PW8L48VIAv5l4exYf6ON7W7uVt4VZ+y1/H++xl/Jq5mL8L1/JHwWr+ylvBp9K18gu4Tex9K58ubafh+m4+XdlFw/c6oPeVHwdrm7Zixa3QV/A1bIaPiyG9Ai1ZMqsHuzdP4a/fn8kJv8CHF9W8E7MPWxXE4J4OONvpYWfTSrtnroD++Vly3f1zPQ3m6t+0fm5XQ+nKxE1N1UQ5KY11/VRCoT3uZd1WwKiPjZi/pXlr/LzNtPv1I4O70ilA/UvNNrQxUMP3rbV/RDN+ZGcWzg4i7fhurlyu5cbNi2Lol6ivr9f+ZWhpWQHF8oNZUJRDYWkR6bkFnD5bQEJSKjHxRzmYeIL4E6lSJmkT5tLEbE9mFRK65zADR06ic88BzFy4lgPHTgvIT7H/aKoW+xJSBOjynYo/xdbdhxgWPEIM3Yb+vbzw87HWnsm3szPBx9dK+7e0agJgRORufv/9d7p164aLQNrB0QVrW3tsHZwE3q4C9H6MGDGcYcOG0KuXGEH7QHp268rYUSOYP3MyYRvXELFtI0fiYsg8nUphnu65cwXz3Pw8cuS9qefHtWH24lJtVnpBWQW5peXklVZo7dkC+nypq+F2ZeaaRQt8S6trKSgpITUliQP797F5w3rCd0cQE3uYQwnHOJtfJKZ8VbPmu4+eanH/yTe6ePot95484+aDR1y8eVsz/2pl1eoZdUkaKtW9dgFyhXZvvZ5iea1SNSQviYVKKJS5f/4PdOo+uxqaV3DXJtA1Ds/XyHaV1bpn1LX758ezCRy+mF6TtjB+7VFGqefMJ6zHrH0Ihj4jMPQfg9uQdfIjuZNucxIZuvYsg1Zm0X3OCQavzGbk+kImhVUxYlU6XSZGETBsI/5D1+AftJyewesZNzOcMWNm0lMSGR93X7w9/eW72B5fzwA6d+jJ0KARTB01iS2z5lAWHUpN1Cauxu5kTp8+eApYff16EjxuCSETVzF2/FI6B/ZnYGBXFvToQvn2lTw+spsH8eE8SUngZXkh7+ov8PpSPX/du8cft27w9kIV3+en8Tgzkch5M+jq50cPd2cOTBxO/pJp7Jsygq3zZrF3yxb2bA8j/0ym/FimcmBXFL07dCZsu+4fm/zxxx+kpifTLagzzv72mDsZ4N3dlp5D29N5gB8WTsYYW7dB31iM3LQprcXOTdya4dDBAHsvA1w6GOLVy4SAwZZ0GW1Hh+HW+A00ouMogfd0VwKCLeg+zYbOEy3pPEXMe4Lse4pAepgTY6f0ZPDQjgwZ3IFDkXM4X7CZ23W7eXIrhh+e7uHmtUUcP9WHyZvcBabmDF7hoc1mnxzamUMne4s8zBSY/798vXdUFFvXr/v+d8e9d5zzvju5TSA5Z8kKIohkECWYQFEMmHPOOWIWEyJBco4SjBgwIOacc855q8+dq9D97e/cMw5jzLGqq6qb7urq9czfWnPOFSsWLR5JMN+f+Ihk9oSHnfh634uvDzvz9UU0n5/H8P7ZBJ49SOTY4VUUZE6hd5QzY4YFcenUAl7fjWbjVi/ChlvTdZApIcPtCJtoS58lHfAdZUDoBGuce7XCZ4AlwQk2hIgzETGx49/D7G6xFj/U+H8B/aca/wnxjv+AuJo/d9fmwZuf0zwfLupWoKeqpFmFmv5Q4T+gHmupAd2htxmOfS1wkv3hw8WZqVzJm8vlPG/K4nHDdh4d3MT9fRu5Iwy5uWsV9/Yk8eDAZm7tWs7prIns2TiIGbGeWOpLf9qqBSYidlyl75zQw5kM6a/3bx3NqYIFHEmfTvW6YezbOJRzeTO4Jq91VkRjU8YkzsjjxqzpHNo+gQObRlG/eTj7k4ZwIm08F0sWc6Y8kb0C9w2rBtB/vLd87wJ1FRvQyxbfbtZMFYinrJ9EzvY5FKTMp1DgXZK5nLy0heSlLyJnx3xyU+dzsDaDu9eP8/7FTW5f2E/jviwunajiXwrEypIFts3bbzXbqsCtIC1qe231LYYvymZN1U2B9Ts5txm429RzfhSLUM/friAskE4W23bsraaq1bnJR5tNeyz71Tnb/27fk3y8+TnJx39si23X7D0ZR1+ze/9pbu3N4v2h1Xw7vJyvB9Rw+AK+Hl7J58OJfD6ZyuuT2by/UiNeVCZvj23jXsVCDq0dQMWCGHYt6U3tonBOrovhXuF0Xtev5bl4Vrd2b+BGmaj4wtk8LJzBg4zRPEgbyqvCsbwsnMCnXdP5Kur8277Z0DC/GeoCcs6v5/ulzXxp2qDdtJMmDMLNyUAgqQpG/Ic/BZT2tm3pKzeCh4sePUKdKclawPK5scRGuTE0zouVUyPoG2SNi3ULjA3+LYD+U0tH+2nN0ey/8merX/m9xb9/7JPHrVUtc5Xz/gfGhioK/k/MzVthYtIaCwGfqWkbDAzbasFxyglwczXG3sGAiHAnAbqpFu3eus3v2ntVaWA2Vq1xdzRl9cp5nGk6Jgr9tKjzkxxVBUoO7NasRhwppdDLK8oprdxFXmFzHvq6rVvYtjOT1Jx8MmVfXkkF5aJw80uqiB2YgJGJMW10dTCzsmbmwuWs276TNdvT2JC+k3XJmawTqKta74tWb2foyHF4ejrjItdNxRXoG7QWla2rVcFTjosqvKP+KsrKaNtSFZFpiU7rVrRt3ZpWrVphaihKwUk829BAwkIC8Pfvir+fDz6dPIgIC2LEoH4smTuVDauXsTNtG5VlxdRWVbKrqoIqrWiMshpNnVfV7tGAXilAr1BWt0+Duxp6V6lqpeo6qNS0cnnOrrofqWdHtUC3E2fO/R281qyYmxW0GhrXVLMqDPMD5pdv3OaqwFzZ9Tv3NbCfu3aD03Je43mBsChrBfU98to12nx9HQXy/1VQXV39YWpFPe45dIS94lQcE6ir/6WgrkYOtHx3aX++D/WeDjYc1XLb1d+gcYsEOn2w9u6PfUCCqMGFhIxcQ+jYDfSekUXP6TlETsujx6wSfEZl0GHQNvzHZOE3MoOw8bkEJKTg2XsFHSPn4Rw4HhuvQTh4D8QreCT9YqYyYchYIgNDcLCwwcLYSgsONDSykPvSAhNjW2wF2k4WdgwNC6F+7Vz2L53MvoWTiQ8KwcvZA69OwQSE9BOLI7TbALqH9GFUr/5Ur1jO9bT1PC/awYOCFF7UlYhDvleA3sCni+f4cu06f12/xrdrF3nTeJhXR/Zyd/9eli/aQGSPOEIc7clP6E3hyD4M8Xeni3N7Ar06ERMRyfhhwzhWX69dn2/fvsm9nkV4n650CnDDVH5DxvZtsXXXxc3fik7B7nQMcEJXZapYyv1o8gs6Vv9G3/5P7Drra8Pqdp5t5dro4xIiFqEnitoCj17GuPcywbu/BV6x5lpFN1VQxa23PkEJdtLBm+MZZoqdgz42dvraFNTkhBAq1w2gfutAzRp2JHAiexRnKhK4diiaq8fDKavwYfY6RzLL/Nm7L4jv7/s2B7q9i+b7q0BtmJ2nosgfBfDpdhfe3/Di3c3OvH8wkFuX53LrWjLlhVOYP1VNfzkTEuRCd7HdZb34eCeItw/j2JwRQMS49gJuE3yVIh+pT+chBloefKd+si/BUlS7QH+oGUEjbMmt3apdy/CxXTQ4Kwi7/Zgv/gn0n5D/L9j/7/Y1D0m7iAJ3iDLBLNBInE1TbYjaqa8ZLmpeWo45CtA9Y2wJH+QsKnYSjxszeXosg4f1m7m/fyMP9imgb+LeviSB+SaeHdupzaM/O5bO7d1rOCbPWTu+O+42bbGx0MHVUo+4IHcyFsUL7EdQuVp4khjHiaw5VK0bTsniXhzYOJBLJfM4nTODw1uGcXjbcA6Los+f052d8rkLpd23Pp6j20dwKmMipwvm0pA9h8KkkUyfFkRwnCM9B3USAdCf9E3ThRPLKctZqSlyNZyuLF9ArtrK/DWcbyzn3atbPL17hkvHyzhek8aFE9U8vneZj++e8q9kAfL2o2//Ye80U4BO/vF44957jFwsnW/F1WYIH22G7XYNxG+bW+3xe1JONNv2E+9/QPm/4Kwd/8c5Oxo/kHxCrPG9ZttPvv97O+WEPKfxHWUNt7l9uIa/mraBqsF+MlHgqkq2Luf76S2yfzPvGrfz/UYl7y5Wc7J8Mw8PJvOwfAF7F3ajeEY4mZP8KJ3UhaY1MTyrS+RM4RKOF63jet0Wbpcs5GnFfB4UTuVBzgRelYmCr5jOJ5W3vl85Dgs1hf6lbirfVLDchSSkR+HrxRS+XUrTbtjpMyZo89aqYlxrUdlqPnzm+EgcLX+nT4QT4UEOdPeTTs3kT6wEuib6Kmr7D63muqH+b1iZtkRXpzklrbVajKVdSy0QTg2JKwdBmdpWJV3b6CqQt8ba5A8sjRSQ2zBGHAQHadViLO30ftPgri+tylk3NZNz7XSIjewgsHPB28tOXut/0qLlf7TjbXVaYm1jxJIlc0SVH+LcubN/A/1A/R727a/TKoxVVpVoudnlAvSiknIt2n29AD0lI0vLSc8tKqOofBe7du+noLSSvnGD5PO05Pfff6NFi98YPnYKyzensHLLDtamZLFmawYbdohCT84ncUsWoyfNorO3B3aWbTE0kOukSrmatdauUVtxTqJ7ddeu9eLZE/Bys8HZzhInG0vMTYzQadMSH3tD+gc4kNDdg5FRnRkRE8Lg2CiGDezD5JGDWL14FmuXLyA7PVlgXqTBvFapczV3Xlku6lzaXdXaPLpWDU5MTS9U1O6lsm4vZQLTUjlWUlFFQVEBOXnZZOdlUVhcIGCvELDXsEvOUwu2qOh1Ncz9UzFri7FcvKzlkx892cSxEydoOnOKy1evcu2WKPR/gP2SbF+4cYvzAv6TorDr6huo2nOQjNwSFixdyZJliWzZvkPLg1cjBqoaXY2AXZkahlfqXP1v5WAc+PFefi4WU3+kQSsoo/7ad+6JUftgTJy6YegUiqVXH9zCx2EfJo5V7GKCR22jS8JmQqbm4ycA9xi0Fc8BG/Hst1bgNBfH0OmiOmfhHDASN5/+eHlHEx3ej4XyPS8bN5HpgwYR4e2LtaEJem300Nc3ke/JkD//0OO3X9rS4rc26LZow+BAP2oWTqR82jDyJgxnvDiCXi6eAvQgunXrh6dHN1wdvQn3DGDt6Cmc3rpRU+YXt67ixe4y3h7Zzcv6Ot6eOMLni+f5cPES7y+cF7ifld/oaV437Of1kf2cqatn6aIkQjx8mBHsz6E5w9gyNBKf9nbYm5uxbfPmv4O3dtWV49bFBq+uRrj72mJur4u1iz4mzi2w6tgaOw9R2oGuYo5YiMNs4tBai1Y3c20j8DbE1rstrsH6eHQzxStalKSo8vbhbeW66eIVY04HFWA20IouAy3pMshCIGRC4DAb+sz0FKXdDr9QYyzlt+zlbU9sRCeOJI/k+LZBHN0ykCMb4mnYlMChpAEc2NqLY3k9uLzfh4+PevPpaRhfHwfA2yi+v5Hfy7tYvj2P5tv9IL7d68Jftz34dCeU11e78u5OGB/u9eDB5VEc3juT5KTBzB4XQqi/C9ZWBvTq3pmdScO5c2k8ry535cPdbjTu8af7GGu8+hkSNNIBvwRTOsYa0DneGKeercQpaS33jg4d+4ozE/YHfgJh9be1cP2POWPLv1W4mxa09t+V+09T+/5pP/dpKr1Pcw62WYAh7aObIe7US+W12xA80JEVywZyYpco8L2buVaVyPm8mVwomMXl0qXcFzX++EiKADyDF6eLeH9tN++u1fL2SjVvr9Xx/Fwptw9lcK5yM8dL1nMoZwm396VwtXYjpwvniy3iWOZMjgrQ67aOI3lKALtWRHNy5xiObB/NrsT+lC/tTcXKfuTPjSJ7ahAl8yOoWRnLnrX9qU+K52TWVI5nz6I6eRI7xUlIWjWMwoxF2jB6YcZiirOWaXPlWqBb9jJpl1CUtYLGhnKeP7rC3StHuNZUztMbh3n//AYf3jzi0/tnYs/5pICeIoD+p+1Q4D3RDGFtn7Sb6x8yakkuq0ovsENAnCr7lWnn/ADz/8lSBMw7Gn+ep9qPpDZ+Iq3pIylNCuTvNFPbO07JMWUC94xjLzl+qIlP58ub09LObuB740qx5Vr99S+NSXw+voFvV7L4/HA3D07kcl48lpencrkvSrxhSTcKpgaQMsqTonEenFnbi6cHNrEvfQm5a6ZyMmch704m8/XCFt4fWMK97PHcy53Is5JpfNy7SGw+H8sm8rZ4HH+p4LgrKXAnj6/X8vhyKUd7rvrbsnUdhsbtMDVvK6qyHbbWhgLu34kOtmbbkp7EhNpr6WoZ26Yxtn8XTFTt93a/CIxaaMFeVuLlG+i3aA5qU5BVC7GIY6DUuLIWWkDcr6K0jTQ1bWnRChcn+T8WLXC01cG/o4l0guLVW4gyN2ihFbkxNGxJa+UgiBr/U9S4sVEbbeGT+D5dNJiroXyl+vXl/4aGupO4apEWDHf+/DlOnTqlDbnXH9zP7j3VmjpXQC8oyhGoVZNTVEp6VgEbBOjJaRka0FXBmRIFwZo95JTsYs7CFbTR0xfn4Q9a/tma6fMSmbtqA4vXb2XVtgzWbEtl1ZZUUe15rNycRfyI8bi4ucp7F4Vu3AozoxboG/4h10Icnba/cvjwQa2UZtr6BSya0IcxMf7EdPOhs3t7gYYOkR0tGBbRgWh/N8K6uDGqpx9zR0UzblBPFkwbw+Y1S8hI2UR+dpoW1V5XXcFelZ+9S40+/Mw/r9MUemllNcWihItUcRhxTrILijXLyMklbedOticnkZK8ifWi9jesW866NSvIzEjVKsnV7NnPHq2W+xH2qIj4g0e0YfJa2bd64wbCuoXi5xdAaHAo40aNZUfyNg7WH6TxpHjcV29y9ccwvBqCP3PxqjbiMXP6DMaOGkdIWHcio/owPGEkiStXkldYpKXNldcK2Ovlf6mV31RJ2R8rvv3MY1eQP3K8USsve/fePa7fvIuRfSBGtgHoWnqJsvRC19YHi46RuISNxqxzPDYBo/GOW4lDxEI6xW+i86BNuPddhVvUIqz9VMnXUTj6Dadvz6EsGjGcRUPjWRLflzl9I5gQGc7QkGACnV2xMzbBWIBu1FaPNn+05bf/qBrof/Lrv8WhbdGaudFhpI2IYWv/CFKG9mdKfAKdHD3EQXXEt3OgOG++OIuaHx7Wk8aMXC5t38CZjct4VJHH59PH+Hz2OG8bD/Hu1HE+yL379vx53olT+vrUMV6KOn99uI4HVblcK9nJ+tmLWTlxBv06elIwsi8F4/sxPWHA3yA/eeYoUfFBGDn+Lmr8d1w7GWPlro+jlxmW7n/i7C8K3UMP1y4OeAa54d3dBVd/a0xdWmLu9if2XXXxjBTgSOvewwjPaDO8+pho8+Gd1BBxlL6oclGpPQ0E5mZ0HWSjLZwSOcGR4av86TnVgcCRf+LuLQ6/AN3J1YisFQM4tDGOk9sGc1yAfjRpEPsSY6lcEE3lkigOZPbm7J4QvjzvzfeXofA6BF6FC9iDxKJ4dyOQp2c9BVq+vLnkxdNTnXh2xoNnl4N4fGUAV06Oo6JoIivm92TV3DjGDgplwaSeZG8excGa0dy7NJSX1yN5eSWEx7WB9Bpng/8Qee/DrQgaa62t4uYzxJLAUbb4D7XGIbCNQF0Pj9i2ePRpx9lrx7TAOKWuFYxVq0D+T5g3D5//d4D/tJ8q/qcDoF7DIVqAHmyASUA7rX65Yy8L/Ie5ilM2hruium/u3cL5smWiuKdQuqwvDanjuFaxgpdNeXINRPgJvD/ePsh7sXc39vP21kHe3KrnzU1x/m7s48X5Sh415sl1KuXJ6WKuyetdq0viSt1GzlUkcihrNiXrE1iZ0InKZdE0pAzn2M4pFC3uy5Yx/qwd7EHm1G5kTgkmd7q04/0ontud2lX9tOH3fZuGU5M8gdLUaeQlT9cWVVIAVzBXQ+v5qQJ4UeS7ijZw6uguXjy5wvtnF3n78ASf3t7ky/tHfHn3jM9inzR7ymeB+se3T/hXqgA8TUyBPFXU8o4fCloDtzxOFbgnH3rKmGW5JBafFRB/JE32p59ohnXqyY8amNOaPpB28kNz29S8L1W2U0+JCaib98tzTjW36dr570kXeO849V47R22nn5ZO+1Qz7POPPOBSfTnfrpXAPbFLotKPLuXr4UXa/PnXoxu4V5PI5L7+9PL1EnhOo2TtEh5Ur+FhWgLnE6MonxXCxjh79k3z5tH2WO6VLqN0wwzSV8xkxcQhTIsLozBxhHjyG3krqvxJ2Uxe7ZrHxz0LRaXP5UXWCN5VTOH7xWS+P6rkr1ulPD0mXt7xdL5cr2j26KvLMTXVwcS0rVaL3MioJfq6/yZxbgyVKZOJCW/PyIG+1BQuJyLUFXOj37AWiDvb6Wnzw2pIWQW3tWzdXK9cLcaiCsqoVluYpV0rbc7bylJFx+sQLspguLyek50uFmZtcXOxIiayMxE9umBjrY+5paoB/4u2ApsqXNNW9zcsrUy0uXUzoz+alb8axm/9C1ZWrWk8UUGpqpd95iRnz57VgH5CVGR9fT21dTVawZWy8hJycndqSjy3uIj07DzWb97Ehk1JpKdniGIVpfqj/KnKtd4gsPYNDJX33xZ7R1fmr97CjCUrWLx2MyuStpO4NVVspzaHvmprDpNmLcGrS2e5HvriZKgV5n6Xa6Kqv7XQnBL1d/PmTVHPVRTmixOxfhbbFg5h+aQ+TBoYKsq8ExMHhNLdzxP/Th2J7ebHiqkD2LxyEju2JFKQI6o2J5WS/ExKC7OpKM6lqqyAqopiAXm5ltZVLWCsVvPmonpValll3T5tvlzVa1eWkZNHSmoKicsWsnrFQhKXzmP5otmsX7Oc1JRt7MzMoLyikpqa5oC6SlH3tfvUoi37WLl2A+7ubvIdqvK9RnKvWNK1axCxsQMYP2oMm1auprSomHOi5G/fe8iNO/c0sKsgufkzZuDnI2rX3glLezdMBXaWVnZ09erMjCkTyc3NI1OsrLZOG35XgXSqGE3Dj5Xefo4UnJLvViuZW7EHc+duGDsEomfTCR0Ld/SsPNG37yLqMharzv3RbR+KY/Ao3LvPpEP4bLr0XYZfXCI+fRbjFDAKu86x9OszlPGRESQE+pDg34mhXToS7+1OPy8P+ogFOjnhYSGdsYkoKyPp0I0scDS0xKiVHq3+8wd2eu1Y1Sec+cFejHSxZOfIOKaGBDJQnJYOdk54OTgR4urJ6Mg+nM4v5bFc15s56TyuKOBjUwNfLpzm4/lTvDpxjBdNp3h94TKvz1/i+ckmnhzcx8PqQu6UpfO0Jovr2RtE5a5iXnQE00L9qVuziJe3rmrX48z5JsZPjaNLDzss3NsK0OV3Y/sbDl7GuAfYYO+tI87OLzh3bYulqx5One0I7uWDV7g9jv4GtPfXob0ocsewdnSINsUtwkRT5Z59LOikwBVthK9aPEQBK1peM8qYDgL18PHtCRpkTVCcOVHjrek2zkyg2I7B48yJCLEkcUZ36jPH07B1qMA8gSMbY9i/JpLqpT0onhNJxsQgylZ35/oxUeKveosaD+bbs0C+P+7K10ehvL3hz+e7wXy6Hcaz0548OekscHLgzj4HHh7zEHU+lkc3ZnDl3FxuXd3C1YspNB7dwvEjGyjLGsj5wwN4ci2Wh5d68+RCb+5u60zMeEeCR5lry7L6D7PEd7AZg+Z3oP+0DvgNEbAOtCAwwZheU12Ime3OrKSB2jUetrA/Tr1NcfkB9f9Vfbv+HZ1u9f+zn/t/OgHte5piHykCJkzacFM69LNh0tweXD6QzM39yVysXM3h1MlsHBfAxAhHilcO5NGRVFHhtQLtvTw8V8Oh8mTqy7ZzvDabm03V4rTs5eXVOl5d28Ozc5XcPpjGzQMpPGnK59nZYh4czeHG3q2i3uW1c+ZSvDaBObEuVKyI5YAo79r1g9k2OZSlAzoyJ9KGNfHuJI/xZfNwH7Ym+LBpsDiRcyKoXBFDWeIAEZTDyNk0kbztsyhIW6DNjysrSFvMod2ZPLglQvbNPZ7ePs7Leyf4/PoWnz8+1tT4Z02R/zCB+ad3T/j45nEz0HcKmHcKvNNFOaedFJBqwP6owVwBWu1PaXjJWAH6ysImMgTg2rmiuhWAFZwzpP2n/dz/81j6qf86J/10c5sp7U61rdozH+TxezKlzTitzv0kxz5TdfQ29w9n8f1GFd+fH+D73QK+HRKY75/Ht4ZE3lbPZ1r3juj8bkyP7v3x7RLIooGRPMqZzOeyqTzNGU+98manBfF0+2A+lY7i9rbRzB8WSUdHZyaPm4xua0Na/fvfzO7rw830kbyrncuHmrm8Lp/GjeQBPK2czl+iyr+/3wfP6/lyp46/HtTz/dlRcTL28f3jc4HgKVHmbZqXQBWzt9PB09WAQPHsAzqZEhvtyoi4zni5GmMpytnOoiWmhr9iZqyG6VvQTv93Ldq8pVLjosRVnXV9g7Y/VlhrrS3UoobGjYz1BHDNwWId3Izp5GFKJ1czggI9mDI+nukzxhHeIwiH9lbNw/M6v2nD/Cqv3dREDwOVgy6qXMtRl//RTpwIVa72VGMRN682cOZ0o3yWMxrQ1UIhKoBKrTJWJUAvL68kLy+XnXmZbM9I0eC2ZuMmZs+bzbp1a0natJECUbEVFbtEqVaxdsN2ugZ0x9zaFm+/EOat3szk+UtYui5ZlHk6a5IzNZirXPS12wuZOHsFPr6+GJvpaSA3lOupIv1V4Z1Vq5sDlA7sq2OXAFgNb5eW11CcvZX8LXPJWDOelBWj2bJkHGsWTmTVwmmsWjSFjM2LKc3eRGlBGpWluewqL6K8OI9KAXlNZbE8LtDUemV5MZWq6IpAWFs9bX8z0ItFqata7Uqdq8pw+SVlZGRniyJfzsJZE5g5eSRL5k1lydxprElcRPqOLexMS9YC43IEsOo5hXIt8orLmTpjFpaWah7ZTL5LfQ3qVtb2eHXuire3H35d/BkzbATJ25K1+u1379/jzr27XLp2U14rn6GDhuDWqSvOXiG4+oTR3slTnB9rceDsWJG4iryiInbs2EZOYYH2Gfb/Yw5dzeGfEjt38YJ2HWcuXI2BKHIDay/ambnRxsSFdqbutDPviIljsCjv/rSx8qatZWc8AxLwDYije/gAenWPJ67XMKLC4hjQoy9jenRnUFcvBgrIB3bpQK8O7enh7ECkmxNR7s50c3QgwNaWrhaWBNhYE2JrT5idCz7mdliLYo+Vc1b08KO/OKADrY0ompRA2qC+DPV0J8ajA5O7dSNr9mxuyHfz5tBhnlfXcLcol7dH9vPt8jk+XRAl3nRSVOd5Xtx8xPXjl7h8qIlLew5wRxzR2yXp3CvexsOSbVxVQXRpy3nRsItPzx5q1+HGrWuMnNQfe1cdvEPtsfJohZXnn+LQtMTaqzWuASZ0CDETYLfF2PVXnH1NsO2iJ2CXzxTljmuQKa7d1Upnulj7tdXmx71jZV+EIS7djXAWc+luTOcYG4G7ODTd2xE6XKV8mWtzzqoUatAwB0JG2wns9fGJaUnQAFH2EW0pSw2hYksc9TkTOFowhePJwzmcFMv+dWGUzu9K1tQgkscGsXNeCA8v9OXby0jpnwL4/iRYYN6Nz4+ieHpFzZX78OFmsKjOAG4dcuDuIWceHnbiXmMPLjUM5vzRIZxsWETD4U2cbsrh0uUycZwreXgvg6c3x/L8Vn/uX4rjwcU4zpaEETTEnKDR1poaDx1nje9AM7oM0iVwhCk9x9kSOdYWX1HoYWPMCJV93RJMtWtdc6QCJ4G5c28zDeo/Af5/sn/OuytTjoByAJzlWjr1MsMm1Bi3HpYMGNeFA6UruLFvE5erVnK2cAGbJ4Zia/ArDiY6pMwdwMvL1Zytz2f7mrlMGhnPgH7RRHXzp29EKHFRQZQmLxaY7xPg1/P4bDm3j2RyZfdWLu1ay639W7l3NIvbhzM4VZbI7rTJFKwezPRejqRNDqF8aRQlS/uwYbQvywd4sDDWleVxrqyK70BiXAeW9nZi/UBPkkd3JXVaCKkLekufNYKszVPI3Dqd7OTZ1JZs4Oq53QLmezx/cI5LjZXcOr+PD6/v8eXTSz4r+wfIP394zuN7V7h7/TQf3tyXY0+bh9yzRGVnKqUsCjlDVPFOBeGTP0ztUzA+8ZqJK3JYlXeUzFNvtf3a+QLfdDENzKea28wzzbZT2/9B284QBf5zW4P3mZ/nyTln3pN97h05Z9+LvSPr7AeyZH+OnF9z9DI36tL463o1vDwGbwSkpzbypWYWH2vnc25jPH3Fs2/dwoj//Fuf7l1DOLl5jCj3ZXw7sYovjZt4Vr2EJ0WzmyPj987h3s5xLOgTSGfnDliZt8ewnRk6v7XEz7wN2SO9OTg3iDsC9helM4TfKwTcu+CtOBPP68QDPgAvDsOzI3y9v5fPV8r4/OScts5xO70WAiEdrRiKoVEr7Oz0cXM2kdYAB1t9OjgZYGPRWkD7mzaUbGutI9D+HR1dFeT2ixakpubQfy5p2rxq2h/aUL62nKpB83rpKppdDcvb2ugTF+tHtxBnUWnxbN+6hrS0rYwdPwY3d0eMTdph72BCSNf28n/1Bf5OGBv912ptLVv/QWtRv2q+bGfyDO7dbOSclrJ2mqamJo6pvGhR6AroldXNkM7NL2RnbjapAqzk9HQ2JSczY9Z0Fi2ey8RJo1m8eAElJcXk5hUyc94SnNw80dE3wMremTnL1ooXvZgFiUks3biNNdsztUpx63cUSlvI9IXr8PDykmvTVj6nKvHaChNj5Yz8ypGGg7x48ZyUrZvYKdAqys+mWACm5r53lYri3rmKXAF7/vZlFKSvoix3m9gOyvJ2UF2WSU1VCbU1leyRTn537S727a2jtm4XlVWlVJSrxViaX6uqqkrLs1cR7CpNTSn1ipo9mjpXtdiLKqq0YMCtKVtYtngWU8cM0TqHcQlxjB0ax7xp40kS2G/bvI7Vq1eyOXk76zcna+l9k6bPootfkHwvFuKomGtA19E10B6rtm0bPdrbOtEzsicpKWlcuXadew/uc/P2PU6Iuk7avJXu0bG0d+uKvYs3VnbOcm9YiJmKE9ddFHouWTnZpGWkk5GZSbmodRWBr4bbtcpy5y5y7+EjrXMNjRqIrnkH9C06YGDRET2Bup6ZO7omKmrbCxvPKFHunflTxwZXd3+6eAUQFdyD0E6+RHTuQj+/QOJ8fejb0ZXeHRzp4WJPsJ0VAdbmmoXai9p0sCHYxpIwGyt6CMx7OzrSVxR3f9eOxHT0wtvcmumhvszu6sZAAfpMb1eSegrExg0iPyGWvGH9KZs8ljvFuXw6cohbOZlcTd3BxdQUPjQeFSf/Ch/PneFBwzGuHT/P5cbr3Dpzl7rccvZmFXK+qIQzO9ZxcdsSzm9awK20FTw43LwG/MNH95kxfzzmLqK4nVri5Cn3aMe2os7F2VY54sE6dBIF2DnKAscgHay9xVl3/B0HPz3sxdp3MRaYG2Dnr4u5T0vah+iJKjfVFLmrtA7BhjiFy28/UJR7mKEoby9CR7vQsY8BfiolbZAxw1cEEDrSGK9YA7xizHDva4BbjA5eA4zx6KtH0npvyjb3ojZtGCerJtCQO4iD2/pRuzqY/JmebB/rwdaxgeQv8ePlzTDpm3oIzAP4fM+fr0/C+PgwnJc3Anh4ylNg7s2zi9E8PhXIg7O9uHm8G3WF/Vm9JIqFM/uwaukwNq+dTNPRDO7f28XdB7u4d7+KRw+28OHFDN7c68uTq31I2e5D7CxPeony7j+vK74DTOkx3pU+M7wE8iKqxtsTMMpQWhu6jTAhfJxaLMac1NLVfPr8Ee9BTtqQuQb1H0PvzbC2+HsY/ufQ+j+B7/oT7j/S1Fx+Hu9hRv+hXqSIWj5XuYbjOTM4VTiPmnXDiRaxo9emBdGB7pzfnc7ciYPpEeyDp1t72st9qdu2FX/+8RsWJgZYm+szZkAU1xrLeHy5hgenyrjTkMP1/Ts4X7GGMyUruLh7E7cE6pf2bmFv+nSylsUxpacTq4d7kzrBm7yFPdk0IZDFAvT5AvSlAzqwJM5dWOPEyv4dWDeoMxtEra8e40fS3H6kJI4hc8ss6so28/DWSd6+usPVs3s4sT+H25cOa8PqTx7e4P2bJxq8P/+tzJ9r9uLpLU401HH/9gWePbop5z3Sjv8rR8Cce1KA2vSObGWnmi1L2UnVCnCbXjB7nXS+OfXknXlDlqhpBeKfcM4SkCsIZyk4C5CzzzZva8fOfvrR/jDZzpY259wnAfgHcjV7R55Y7rkPGtRzzn+g6PQ7jh4+zKPDaXy5WCpAPcL31wf5frOAt3WLuZc1lvNJIxno44J5K138bS3ZvWkan48k8tc55QTIc+7U8v5kOs8ql/GsfBGfDq7k2/4l4q2Lihveh0AXV8xat8Oi5e9y8bvypGoJZzfH83z3Yr5eTuf70yrxemvltfL4fH4H324W8u12JV9vVfHpWjmfrpbz/cUVrZPQqrfpqZzwlhqA2xm01nKpdWSfiZkOenotNOirpT9V7XStVKs8VkuFtmn96w+I/6YtmqJVcfuh1NWQuxqG19Veq5X2WNU5d+ngwALplBbMG8uwQT0oKUgXMJWRuTOH0NAgPDt5EhkZjYe7jcDfgMjoIG1xFxVsp9Zdd3Kzx1k64wB/V7asnUTj0d2i0E9pOehNonqOHVNAb1bolTWq0Eot2YXlpIryTMnIZMfObJJETc4RhT5n7kzmzpvBjJlTmDBxNFOmThVVHoipla0A3ZigblGMnzmPKfOXsXjNFpZvSmHdjiyS0ovYkFrYrNDnJuLp442RqXKKVIEcFbT3u1baVsubPnKEzRvWs2XjBlK2JbFj2xay0neQl52uFYcpz91MXkoihWlrKcnaQmVhBjWivtVa4Ht314jVaXXN9+ypY8/e3dpUQnVNtZaypkCuIt2rq2u1tc61vHNR6MpU2VdV4lUFxSmo78zLYXvaDpI2bWDpvGlMHhXPsP7RDI2Nom+PYAb1jWb+zMksWTSH+QvmMnv+fGbNWUD/QQmERPTFQhSqnqGpOFZ6YqpynwmmAjcjI3MszG3w7ezNmLETaDp3Tgtgu3//AVdv3Obw0ZMsX7Ea1w4+WFgrh81Scwxc3DyI6xcjMM/9ezRBOSA5hUWUy+dRc+gqAl4Nud9/+FiLQzC28cTQ0kNUuSvtRJ3rGDmha+yiQV0B3sTRDwuXQHH4LDE3dcDSyBIrfSPczaw0EAfa2hFoZUmQtaU4wqI0TQ3wNjbA19SIAEszggXq3e1siHSwo097R+Jd3Rjk6spAFzcGuLgT5eyGm5ERY0K6MDe4EyPamzLP142NEX6kxXYjKdyXbT1DObpoNq/K8zm7cTUHZk+hXu61+8UFfBSnUwXAvTxxjKu76zmx5wQHKg6zv6ye2qwSqrenUrlqBXVLZ3Jk+VSaVk+TvmIGB+cNEchd5NKVCxjY/YFPiJ04L21xCjAQQBviHKwv1g7HwLZa4Re7rm1wDzemfai+Bm3LLqLcfdtg69cOh0D5DYWoBTNEscs5Hj2t6BhtLurUEffuZnSIEhXe15ou8RaETnTCe4gFPkqZ9zcmTC1DOlwcnuF2dB2gguTaED67A10SrAkYI+p3pDV+cQbS4QdTldKbg3nx1Gf3pU4AX7ZSVLkAPX2qUntdOVMdzKdHEXx9HMKXe1349iqKj0/78OpWD1HWw7h8cgRnD8Zw4/RInt6ZRUNtP5bODWNAXy+GxAYSH9eNaRN6sGRBArlZszh/IZvL1/O5ea+cR88qBOxbefNsJu8e9GL2KhdGJfrTZ2YHIuUzRYhK7za2PSGjLAmfYkvUVCuChpkQPMQQ77769J/lQYSo+aWpo7Tf8JKUuTj2MtFg/hPo/xxS/2f787jLP0xFsjv92O8VL05kP3tWL+rNkfz5HN05jdoNCTRkTJVr042eHcXBdDEmd90Upo2Lx8nBSoSNMWZGehgbqCV0f+G3X/5Nm1a/Y29rxObE6aLgc7l4WD5//U5uNuRx52gel3encGHXJgH6Vs7tTuJU1RoO5S4geVYkEyOlDx7QkeRxPqwTdb52tB/LE7yZE+PM7N4iYnq5Mlfaxf3dSRzcmQUDvVg1rTdJS4dTkJHIpbOHeHb/PNfP7ObI7ixR6Ad58/wuf4ka//LpFbdvnScxaYX8bq9rwP747glfPjzj66dnfPn4nIei0O/dOsv1i8d49/JO85B7gYCz8NQbsbcUCMTzf1iu7M+VNk87/orFm0tYk15HkQA9T2Cdo0xgnKMBWqAsQM8TUP/Tcv9heeeaTUE79/xH8s9/olAel8jjPVfeU3/9IxUX3lF24YO2ulPFqaec31PIk30beXsmn79u1fH1jih18Ry/XRWoN2zk9YG1rIv3pb+zAfVrRvLX0a18bMrm4fFSTlbnsCdvO0VJKvdvC+9O5vGqfhOfjm7hTc0ibufOZE/iSFbE+rI1IYgrGRP41Lierw9K+P62Hj4fk1YciEe1AvJi/rqaz7vT4hw0JPO6KZMPF4v4JAr9+8vmebiufp5aSpgKaFPW6keAm6pHrpSwWmilpVLdAmO10IoqBPMz17x1m+ZhcLX4Sjv9llq62c+cdPUa6rkK4hrYBcgdOjozNGEgG9YtISt1JfH9fFmzaiHFZUqJ7mHChIl4de5ETGwcUVEhWIqaHzp8IAbiaJiaGRAU7EdHDxfs21sR1StcVGo2TSdPCshPcOpUIyebjmkV4urr91InMKzdW09pRQ25pQL0zBy2pWaI8tzG5u07mLd0EfPmLWD27BmsWbuCxNVLmD5jMpOnzmD4mElE9B7AvGXrmDxnITOXrmT5hmQSt6QJ0LNFneezKaNYgF7AzCUb6RIQiJGJrjbtoEYR1Px/4qrmUq+ZAu9NG9awVUCasjWJtO3J7BTFlpWeSn5WKsXZWyjcuZ7inRspzU6mtCCjeVi9ulLLNd8jjsnu3UqZq2pwNdRIW6uVRK2jSkW3V1ZQXl5GiThFhWLF5ZV/r5JWoaWx7aNUAFko+wvKKsjOL2CTvI8lC6YxdeRA4nuH0z2gMx4qda5bEOHB0vFFRxIZHkbPXr3oFtmX4B4xBIl1CYnCwNiSNjr66Boai6NlhqWlPQ529nQWR2zytFlaqtrl69e5e+8+Dx4+5Pqtexw4dETU1Ar6yuvZ2dg1z6P7+jN21HC270jV1mjPL63QIuDVdomYitD/uUzrm7dvaTp9XgO5AnhbQyfaGjgI0B01qOsYOaNn6oaBZUfMnfxEoVvSto0JRnqmmIrzYSVOiIOOHq7t9HFvZ0AnQ0M89PUE5kb4mZnhJ0APsTIn3NaCCLEoe1ui7WyJcWhPjK09cY7O9BWg+zuII+nmysTekSzrE85IAfrMTvYC8zBW+LmTLEq9dmIC95PXcSlxETmxPSkbMYi6GVN4d+gAf12+oKWoPT7awN3GC6LOr1FTsIfavDqqs4ooW79eVFEvVsd0Y+/8sTSunMR+gfmhuUM5uGp6c7bE6um4BhiL6tbFIagdrmH6uIQKpIN1se3aSpS4UuatNBXu3M0IN4G0hU8rPHtZ4RBiQIeeFqLIrbAN0sUxzFgUujkevczo2NMU9whjwkd3FLjZ49nPAJ94M1x76xIgEO8ca0zXOCsBuYUocVH5Yb9qa5Z3n+yO3yhxmIaqvHRznCPl/H66rF7Zmaq0IBpKelMlgC9Z5UfBYl/SZ/mQudCLu6f9eXsnhA8PwvnrRQxfng3h4YVIzu73pyYziJKd/eS3MIobF+Zw5mB/1q4Uh3N6D0YOiiA+NpyObjaMGRknoiCSxGVjpA/ZQN2+ZI6fKeX206M8flnNg7vreP5oFNOX2zQr8XHmAnJTBkyxY6Ao9h4TxHkbYUPYWDP5fO0IEnXefYwN4RME9ONN6TvOkqbzh7hw/Sztexo3z6X/gPo/g+T+ObSuDc//aJVCV9vKFNi1PPY+5oyf5s/+/Lkcz50lYm44JUt6Ubl+MEmjvNgyuRvVyVPYumQCLvbW/PH7f2jx2y8Y6LZBp1ULDPV0sDI1xtrChJ7dupC3bSEHijbQVJvM+b0C8b07uH44S8Cew5X9aWI7OFG2ikN5i6jPmc9GcRpGh9owP8aVTWN8WTbEU4P5vDg3ZvdxZF4fV6ZFtWdqtBMz+rgzo58Xa2YPpLpkG7eunuTr+/v89eY6H9/c4fObB3z9+FJA/lrsVTPQP77g+dPbJEwaxeg5U6T/KubGlZOi1h/z8cND7t85w4Obx/n44ipP71/mg7xGTWUO/yo/85oyseLTbyk6peAtJhDPP9NsRQLqYgH+ouRKFm+rkmOvyBfg5gvE8wXI+T9UttouuPBJTPaJ+i44/98tX47lSZt3QZ0nClza8vPv2Xf5PefufuS8WMO19wL3D5TJ/urjd7m0J5tXx1N4dTKbrzdqRBlX8/3ZAbGDfLtTzpfLOdzatZT79Rv5ci6bbwL907tzGdU7hsHRfRg+MI5+UVEM6B7EuYP5Aud6PpzO5fmeDbyoWshf4hR8upDGp8vZfLopx1/UwfsjfP/SJDA/Kl7vbv66UcaXS3m8PrmDJ0e28uxYKq/EwfgoKv37/d3iFTcXl4mJ7aUFrxmpuWpjXQ3qzeuYt9agrGCsWrXWudqnFh1RUe1tdf7QlGjzdosf2y00oOuo4fU2qrjML9pQu3oNZzcHxo0fyZw5M6mqKCQvK4ny/O0krphP+a5K+eIPaEPe48dPpv+AOKJ7dqdXH/kBjx6OmbmRgL4jAYG+eHi6ERjUlQWL5tPQcERLVTvRqMq9Hqbh6CEN6Cptbe/evezZf5iySlVUpoZMee3tGVlsTd1JctpOEjduZOnqRFHnU5k1eyorVi5m7boVbNy4WRtqXrBsBWMmTiJBoDNr8RLxOOW9bkkXlZ4q6jyPzZnFJGUUsWjNDvxCutPOUIdWbVpoqX+29kbNQUtnzjBgYH+mTB7P2tUrBOZbyM/O1KwgJ0uAvkO7BqU5W6goSKOqRBWNKaZarOYH0FUNcwX0ut212qiDKoG6e88erTpctThBu6oF9qLMa/ce0BS6WrtcKXQ1H63m06ukVZBVpqLJq3bvF3iWsmHDSuZMHcmk4QMY3i9KoO6Ng60V+tqKb9LxuDnj4+VBp45edPYJIqh7H3yCI7Fz88a/W09cO/lhZe+ChY0TYeHRzF6wRFS2KO2iCm3+W0Wk3733kNsC9os3bnHmwmV2pu9kYEx/+kT2ZOa0yaSkpbMtOYVCcUAqd+/VcuWVWi8TB6RO5arLZ1Gm/lJ35mtAV/BuY6BA3h4dw/ay7SCAby+gd0Tf1BljKw+BvT0tWhnRuqUh+rrGGtRtBOjOeoa4CNBd27Wjk4GoMSNDfAwN8DMyIFg6yEBTQ0Klsww2MaKbuRm9bES9mVsSY9+enqLSI7y8GBQZyZSB/ZgvDuUkdxumupmzOaILab2CODJ7LI93rOP2+kXsHT2AjOgw0mN6cXbzBr6ea+LTudO8O3uaW4eOcqvpMsf2NHK4+hj1ZQeoSc9n+9SpLIgOJTE6iLpZI6mdOoiSMX05PG8ExQkhPLt8WlTPHVHjRrgIrG26/ikw18POtzV2XdriEmyIq6hvBXr7QD2cQo1wVOloATqaGncON8VGFLxq7YL0cepugluUKb5xDniqvPLhtqKyBc4DzQgbI9+/ALxzfzPCx7gTNcmDgHhrAofYiFo30NYo9xssoB9oQed4E7oOtcEhohVdB1vRoZcenXrp0m2IKZuTwkhb2oUdsztStqYXuzZEC+SjuHfWmxeXfXhzJ5RPTwdz/exEcraFs3F+ENOHWzJnhC3H9o/mQtNMNq2Jpl8fNzp7OODRwQ5vHzdx7J20wlhhIkhGDoxi3syh5GStlfsln6ZL+3jw4hivP+7m1et07t6fQXKWL7FT7QkVJR473Zb4Oe4EDTdk4KIOAnkBuijzyDFWhI20ENCb4dtfn4ixFuwoWq3df72mhGoqXUFdzYX/hLnzj3l15/8F5j9BrraVuauqc/0sSJjoTU3WdBoL59KQPoHadYPImRlOnij2vEU92ZU0jONFS1k0PgYzE30B+v8UZd5WQN6Gli1+Q6d1S/R0WmNvacyY/mFkrJsuzuBK9uWuoqF4DcfL13NClHljdRI3j+Vy61geV+tTOb1rA/uz5rJjfl/GdLdnaVxH1o7yYeEgNxYN7sjq0V1ZHN+RZYO8mBvbgXnxXVgxKYZ9VZm8f/0IPt0XsXhX7DFfPgu8v7zl6+d3Ym9+2CsN6groSpFX76mk29CBzJb+fU9toSjxe1w/f5AXD0/z5ukNbl6V38LrB7x5cZv7t8/zrz0XXrPr3GtKz7wVqL/TrEiBXKBdeO49xQJr9XhpWh0LkkopEqAXnhcVfU7ZJ4rFigTmRUpxC6QLL4pd+CzAFrv0mWKxootyTNrCS3K+HG82AfeF9+y69I7aH1Z98S2VYuUX3lJ/4gp3j+Tw+WIOHy7k8+asKOTzxXx7LKr53Um+vzoOz0RJP9vLp0u5ouKL5SI9JCI0gF//3/+g80dLfv3P/+D/+b/+b1r+z/+wfN4U+Osh35+f4fO13fLUZB7VJPKhaQdfbogCvy/q/9l+cRYO8fXhXt5cKOTJ0R1crVrJ3bq1PD+2gzdnsrR58+93a/nrdhVfrpXx9nSmdqNOnjoWPaPmpU4VtNWa3grwKmXsp1pXQP5beQu02rVrgZH+r+jq/A9RQn9oK6i1afvbj/KufwjYftfOa/Hnr1pram7IUlHEGzauY+u2JHbtKhJIlVFXXULKdgF7WTH79h2guq6enaJU1NB3/KD+TJoyjkUC7sH9whkQJ9CJCMTP31tUfjw5eVkcPXqUxsZGLff8SMM+Dh/Zx8FDe9m/fw8H6w8J6PZSXlmu1TfPLS4nQ6CekV+kray2ces2UetbWbZiBQnD4xmSEEfcwAiGidc/ZEQc8UP7MW7SBMZOnCiwWsxqAfpG6XSVrU/NJSm9kI1pRaxIyqb/0DHY2FnKtWulTT9E9QzVru24cRNpJxAxNDShY8eORPSIZNrkSSQuX0xq8mZK89KoLEynqjSTqrIcKktV4Fs+1ZVF7Koooqq8mCq1klrFj5rtFc1lbHcpZb5LVJ2o7937msGnqrCpFDOVbla3/6BW7vUnxFW1tt2HGrRiM4VV1eSVlJGevoMVC6cxZ/IwZk0YzJjBvXFztsfAyBhdUbJmomLbW1tiKoA3lM9gJUq8vVNH3Dv5ExjRj05+4bh3DqCrQL5X7BBtRbqCit0U79rD8dPntEI0t27f58adZqCfVkukXrpKtTgY2XkFZOUXaGlrheXlpKZnaYF8qpqdWtY1t6hUW2RGfS6Vr65dy6kLMLL21JS4Uug6Am0dPVva6FnTVkxH3xpdQ1s57iJte/5sbUKLFga0EqgbG9tiYWSNlcDcto0udq0Ffm10cBfV4yWfr4tA3Veg7i2q3c9An3ALcyKtrOhrZ0+svQMDnV3p59mR0b17MaJPH3r6dmGonzczOjsxr5MNm8K9KB3ai2MzR3NrzUKqhvQhu2cY6wJ8yR0cz0O5vz+fauLF8aNcF0flUOU+7l66y5mjFzl79DJ7S3aTs2oD60YMZ1X/nmyL70XphAEUjIgkb1gPCof3oGCwP4cSJ2nXYvX2haLMBehdWuLQtQ2WHi1wkcfuPQREMfZaUJtnbwucBPru0eY4BOsLwEXFdzPGyq8t1v46WMrzvGLt8B1kQ/cJAusEa8LGOxE82oZuAvPAUXYEDLPFK8ZYA7uXSmGL0RdwmwrQ9fGKMyZ0rKeA3wPfYZbaWua+Qyw06HeIaEfEpPbyfAu6DjQhMdGL7FVBVKVGU77VhzN7g7nQ0JlLB115di1EoNGP2Gh7XFzMMTdpia+7CRuX9BBlt1pU+ixGDetGv16dcHE0xd7BHJtP08IAAIAASURBVJ8uHQgO9qWbAD0ixIc+4V2J7x3IjLExrF4xkbzCdVx7eIyHr5u4/2wf7z9k8fXLYk6eiSFmrDFefVsSNdoO//56RIy3InS0KPfhAvJh5sTOcCR0sDFRst2hRxtmrgtpHmmr3IHDD5Xu1FvlkTfnkjuqxz+grbb/+fif5tHPmkFjvSlOm0RT8RKOZk3lUNp4atYOImmkODzTu1G2Oo59OyZwojSRwi2z6BHqjZ2VEZamerST/ldPtzUm+rp4OtoQE+bD1PjuLJsSR/qaqZSmLKAyfT512Quoy1pMZcosLohCv91YyO0T+VxvyBKlvoaKbVOZKM5RYoIPiwa4aQp9QX95PMKH1fI+UqZHcSAnkfvXjvHh9V0e32zk1YMmvn16yLcvr+U6vmu2z2/59gPmzQq92RTQFdj3HqymS58oZi+bx7Wrjdy5cYpzpw7y6N4Vrl0+wZOHV3n17DaP7l/SctL/dfDyW2oFoGXn3lGiAfydZmq7RJRysahptb0ycy+z1+YK8F9SIiBWpo6VCshLLyiTbQF6yUVlAnLNPlEiIC9RIL8k+8XKxErVOZc/aNtlsq2ep9pygbyyugsvuNZ4mNcnssQbz+LLlVKei0q/35DBQ/GU3l2q5svdA3y8WsXj/Vt4UJ8iavos37+9JK5vb8z0jGjzeyvatGiJo42oJEcnklYtEuX9iC8vL/H4ZAW39mZwtWwdJ3fO4VLZcm7Uref2ns2cKV7BhYo1XKvbTH36TI7snMWVKgF6Yzafr+/Shv7/ulHF+/O5PGnYyuNDzQUp1m9YrQ25KxA3r+fdQhsy1tFVIP9NA7wafleV37SAtzbNq6lZGP+GufEv2uIqP1W5ek5b3Z/ntdDWP1cR7gGBXVi9JpGkJIG3dOBKce4WxblPwKuGjUtLBOiqyMjuQ5SU72bdpq0sXLpcVPgiUtOSWbdyFts2L6Nfv570lE516rQZcm4dTadO/Q30w0cOaDCvP7iXAwf2cejQQW24urSsQFR6lab+VB66louenUdyeoY29L5izXqmz5nOomXLGTosnsHSGY8cM5g5C+exeuNWVm3cztLEDaxJ2iEAz2NblqrtXkRSWoEW7a5y0UdOnkFUpB+engJ1/T9Zs3Y5Hz58wNTUUosM121niIFA3dzCCicnJ0KC/Bk5JI4NK+eSm7aRkpwUSvJTKSnIpKwoRyybksJsyorzKC3KlTafitISKspLBeZV8tn3ULvnwN/LlNY3nNCiw1WpVVXOVQWVaauhqfKr0ipT1dvU4zoBvhqKz8rOIXHZXBZMG8G8SUOZLzYivifOTg7Y2goY27bFysgIa0MjdAV+rVvp0rp1O9q2VVXAXLQ58dCIvoRF9WPs5DnMW7yKrSlZZIvjpEYGTl+8wtXrt7kmSl3B/EjTGY6p2u/nL9Fw6qyWoqaqySnbLe9JjaBk5xdqc+np2bkC9RKtAM01cQbUn29oX4xsOmnz5dpQu4ENuvoCdF0LuW+txORaa2Yn++1p2cqY3wXoylrpmmFi5oaNdQfMdc2xaiMKVj6Lc5s2OLdujauOjgC+DR11dfE3NhKgmxFhaaUp9AHOLsS7uZHg78u0+AEEubvTydqa3h5urAz3ZYm3PVvCO1EUH8Wu4bFUyDVc4eXMYi9Xlvr5kCWQfiH34TNV9lbum7KsSs4cu8ql0zc5ceQ8t648onHvMTbNnM+igQNJHNCHlCExbBP1lTU4lKLh3SlICCOzvzcFopqeXTnN8xdP8ImyoX2QvO8wfYG4NZ16W9IhUhR3tAmuUcaaeQjUHUINcAk30YLgfAbY0T68Hf5D7egy0Ar/BDuBuTuhI13oNs6F6JkdCFFrkydY0inOlK4JavlSO/yGm+I1WFVUMydAVHznAeKg9jYUZW8lityePnO86DhAHKOhluJA6ArELeksgPdOMKHb5A44RbVhW3osyzd0Zs3GLqTt8JL73Y0T+7y52RTAglkhGIpAMDH4A68OlkwcGsqpw1M51jCfgszJLJkTx6K5A4kK98FTVHqgX0fcnKxxcTDDxd4Ud2k9xRnw9bAkKsRVnOYY6vamye8hT/qITfz1LYNv33fy/fsazp6Jps8IXfwG6hMw2BCP6D9xCvqDHiPs8Zd9bj1a0XOcKT0ntCckQZyisJY0nWvg1duXuPS1xD7aiPa9zDTTisP8L+D+3wHeURR9xFAn0jcN53DhQk7kz+dQ6gT2bx1JxfIYUib4s0TgWrgijgPpUzlcsFgU9yKKts5k4dQB9AjpiF9nB7rKZ+/kaE7PQA/iI7sydkAYs8b2JnH2UJIWj2TjwkFkrR9HVdo8ajMXcLxSOFG1nqPFK2V7DUdLV7J6Ug/iAyxZ0K+jmAvzY12YG+NK9uJBXNyfy/tn13h0q5EzDUWcPlLM62fXtWj1r38JwEWVf/9h3z6//Vud/3egv9SG3t+JSj99oVGudwNXLhwjL/v/Y+usw6rM1r9//vv9Tkw5Fkp3d3d3gzRSCohgIAYqBigKKAhId3dLNwoKijl264yOOXbMjH7fey10zjnv++p1X88u9t48e7M+92fFvQpx+uQYLl+cwfPHt/Db49tk/g/5GPu7d0/wt6GLL9H702vezd1x8Q3BlYJfpyO77cpbMunXyG6aQMKBSnSce07wpfsoOi6z+36n6x8IxAzKDNIfKD6i6+rHv45H2JHfTo+7MvfYIwTzIwT17qvv0c0uXyGY02sNXnmFn8hAXlwZJCNuwItT1XhxshoPjlfg9mQVLg2V4Vx3Hma7cnCuPQsnalNx90Qr3v56Fe9++xlN1SVQpgZ04XffQ2Dej5BcshhxURGYIpN9dPccbp0Zxc2ZLlwaoUb/cAIqdq9C5npv7A6zRXK4I3Ytt0JSKH0xIu1xeBM1Lvlb8BO93s/H6ymBGMSHq2z/3Ba8vn4En9iku0ttvKHs6myBlORCgvE8CIos4huMKCmJUIjyteJLuX0voAZybjtTEQLWUlbwRXQBFGVZgRhR3t3OxtOXUoixcqd8DfbcOLutnQWCgv0IINVobW1Be3s7GfQ4h+0YO44eJdscIKOcQO/wBLr7R6lR70ZOQSWBvYSPq5YR1MfGB+l6MUqq21Dd0IGR8aM4c+bcHNBnpjA5Nc7LvY6ODWB0dICPo/ezzUv6mdWyCmr9aD/Sy7t0GdALyytQUlmJsuoG7ElJQfrhXGRS7NyZgD3791DDk4fiynoUVTbTe6lCVn4FDpex660oIJjnVTQjs6QeBwqrsW1vGlL2rEegpwFERX/k53VsZBCqynKQlZGChKQ05AkQKiqqZCE6cLKzQVSILw7tj0dlYRrqKw+jqa4YbU01FNVop2N7cy3aW+op6tDd0YaeI8zS+/nkN2auzMS/1kifoOPIxJzNMgNmRzbj/ejJWUydPsdB/hXuzNgZQDt7+5CTk46UxI3YFx+N5PjVBPUIMiFn6NF7lJeVQoC7AywJaLJirKqdKJYSBAUWCdHnL8yvK8irQFfXBK5u3ggMWoE9e1NRUl6Nyrom/h7Zbmms2hwrHcsSDgb6wfHJvxIM9l6+9iCMTp1AQ0srDhcW0HOUo6Siktv6pavX8OLlK0irmnGgS5ClC0mxMXQycrJyQREFCFEICMnQd1V27jrdvkRQFosWSWAhxWKy9aVCKpCQ0YesvAEUZTShKCoD2UUCUF4sAHVKWJQXLIaOoDAMRciARIVgLi4KW2lJLFNRhq+GOuKWeSAhfCW0JaWgJyMLVy0N5C93Rra9HgpdjFDuaYlqH3tkWxtig5I0NmupIJk+57r1G/B4eBSDxRWUvB3BQO8ptDaPY3SY7PH+K9y4/BB9rYPI3bUfiSujsD8sFIWRgcj1t0WJnznq6G+6KcIOtaEWqFluhq7d0fz7Vd6WC0NfApKvNBxXacCG7cvtrwhNN2blCny8/OvsdWbrDPC8G32FMpxi1HhhFc84XbJsVXjHa/GSp2wTE5/tpghMMIVjjDLMVshxG7chkFuQtVqspNcLFIUD/bxhgCS8txgR3EU5/G0oSTAKlOST6Xx3WMBjuxlBXQlaHiKwCFbkpm5KwDQNliSIiiBwgzxS0uQx0q6N3EO2iAg2QXSwKfZu9UZrVQxuXdyFibHdODqRiuqqOCQlBCDIywbuBDM7Cz1oqMnCUE8deurSBHVJaKvR76tHSYepAnw9dbA93gN52UF4+DAXH/+swO9/FhCIkvDp3RpcPGMPh0hRmIWIQtd3Eb03ZRh70fsMWwLPtYowcReg87oUDqspMXIVwLpEr7lS2ZlrONBZqPvIENTngK3BuuL/o7v9a8yVdaVkKFQJO1KXkTVvxExjIo5Xb8NIQTR6M4LRtd8LNfE2SPRRw8FoK3TlR2OoejtGG/Ziomk/Osp3IzUhDOtCHRDsYgpPW0q6rPVhb6YDD1tjuNnowctBH8Guxghx1kNsoA2S1/mgdF8kcrb6Im2tI/K2uaM1JwqNWVHYHGwMPxMxbPPVQvoaW7TlxOHnnwbw9tl1/Hp3FmfHqnHxVD8eP7jGAc2A/ek/gsP89zmYfz3+8YHF6y+T4p7xiW8sLl04jjOnxvDwl+u4dfMcnvx6Ay+e3MW7149w8cI0Wpqr0NpWgxPTo/hb/6VX6Cdg9xKgjxDMu8m8eRCsu79Atpsek9c2iU3JReg4+5yA/GYurswdu9ljvkQPB/gHAvXHv+Lft/2/0XPtPXopehjYr73F+NVneHjzNN5cG8L7a0fw9nwjnrEdciZLcXmoEONNh9BRmISS/euQGbccBQnR9KHl4sbpIdw4P42psR7s3hgLRwszDvOosOU4kLgVrdWFmBxsRV9dPhqydiNnWxRivSyx3Eob+tJCkFu8AFIL50GdoOusJYnNfqYo2BaCmRay9fEaPD7XhY93RvH7z+P4/JDi3gD+4F3udfj91QMC4jSkpBfzbUsZkC2NpGBCfxjeTuqwMJCEhNTcenNW3EVBXpCANY8vWRMW+R6GvOrbYr6cTUTkR17XXZwexwrDMKCzsLA0Rn5BNmrrqtDd3U1mPoJjZCvHqME/ysA0Oom+wTH0UrClVqxMaVvXEMqrW1Db2EkA7ucV3epZRbf+CfQMnkD/8HHMzJzB2bNzQD91agZTUxMc5gOD3ejuaSGAN6Ojox5tZLhsNnhPTw9a2ttQ19SAitoqVDXUorK+nqIRhwsKcSArC3lF5UjNyKRI5+PohRW1KK5uJrA3o6C8CXmlDXRb0xzkS+qQQaBPy6nEzn3Z8FseAH09Bfh8KfXaWZuD5E3LEbvSBauXO8HLxQyuNkawNTeCMyU5MSu8kXuQErOCVFSVZqKxtgTNDZVoa65Ba1MtHeu4mfd0tqG7qxM9DOaDoxgiM+9nm6yMspn84+ihZIVtztLeQckLKwjDlq2NjvMu+InpWb5ZCouvYGfw7B1hidMgamrLkJOxFyk71yNxSxT2bV+HPVti4ORoBwNDQ/ouGCLEwQP2euZQkJCDhKAExIUkIEEhJigOMToKCopCWoZMUEMTnp7LEBu7AakpB1BZVcd3fhseP8bH9lliVl7bwBMqVvhmdGqaDwP0sWI4rCgOr/M+iZKqSuQR1ItLCpFXkM/P5dHJGUgq/ru7nY+ZS6hBkMDNDF2QYomgNIFdHouXylLIQGCJFJYISHJTF1g8dxQUVoKouCZ9T1UgI60OKRFZSFKCIr9oKWTnL4LiwiVQXLQYSosWQHXxYmgLLoGpqDC8Cej7oiIRvcwLSgKC0GJj7qqKaFkfTHZuihwHQ4K6GTKsDJBsTIB3c0a5vz9qV8XgKn13/7h5B/3VHWiuHaHP8iS6OqYx0HeW4jQa6geRkVaENWExCPXwgb+VNeJc7JHubYUSHxPUBVtxoJf6G6HQVx+JDhq4RH+zr968hE2oFkzJGnXcydKDVWEaSGAhoGu4SPKj9UpFgr4M33zEaoUKDPzFCFpk2asU+Yx1n3gzft15rSy8yEjNQyUJ5GqwXCkJ22gy3ggCdYQCQW8JwVqM7ytuvUoJzpQI2K7RgEWEFN0uQUdKGgLIyCMVYRWlDmNWFjaUXjtYFlaRmjALUoD9Wh26XQY6XsJQd1wCm2hpeKwWxvSADma61THS4YCidFWUFbiisz4QMxPRZHRJZNjJ9He8CynJ0QjxIaDbGUBXTZpXnlRXJCCr03s1U4WzvQYiw62RtNsbbY3LMHTEHQ9ur8Fvz/fj7bsC/PE+GR+fBeD3p17445k91sTRebISgra7MDTcFtH7EoJNsBy81tLv6ywIYx9ROK9QhFOoGqwJ/Ozf8fNHoe4r9RfUGcj//0Y+d1njy+0WIcrYk+iB4bJYDOetwpH0IHQdXI6W5GXoSvVBa7In0lboIcFPCxWJIRis2km82IfJtlR0lG1FTnI4tq1ZhuWeVjDUUIK8hCg05emcqyvAUlcJnpbaiPKxwtZwd4S56iHURQ2x/oZYaa+KGHc1FNM5qd6/HLtXmCGO+LAp2BothTtwZboVF4414OJkHZ7cO4vXT+/gztluvHx2h0D9kgObx1/j5P+OT/8B9v+cEPef8fLZfdy5Ts/78heC+S28eHofTQ3luH75NM6eOYapY4O4feMC3pGp/22MjPjY1VeYuP76yzj2G/RdYWPb79B7lQH6DXqvvEZxzyms33UYnWef0PU3PAHoofu7r9HxypefuToH56/Rd+0D+q6zIz0XA/7lV+j+6QX66Xr/dfaYD3OPo8vsOrt95uqveHTlOD5eH8Cnm134/WobPt7s5GPoVwnoAxUpKE2lDydxHTZTZh9gY4ooPw80FmSgv7kanTXFOLR7K7avXw0HUwMkxa/H9jXhSN+5BRlJ8cjYtgY7I3zgZqAOfVlxiBLE5/3rO3xHMf+7b6EithT+lhpIi1mGI3m7cK67kBca+OPJSXx+cRqfnpzA779M4MPdYXy8P4Lf7w7gz2dXKYN9QOBly81+5GPfcrKL6Q9EDuNd++FlKQtVsnBW611CXIBvpqIgTYAX+p4SgG+gprgE8nRdmoAuRPbO9kEXEp6bKMe63VlXvAn9LjW15Zg4OkwgP8ZhPj19EpPHpjExfhzDI8fQOzDKy6929AyipaMPTR1smdURVDd3o4psvZYFXW/tZN30M5TRncaZ02cJ6Gf+2mFtaoolB8PcyDs6m1BdQ6ZXkomKyjx0dREUezvRSJBsaqpDXUMVCkryyCTLCTI1yCks4cVmistrkF1UigNk6jklZcgrq0QJGXwxGXlZTRsPdrmgjJKA4hqk5ZYiNa8cu9PyERy2GmpqipRcTOPj+7doKkpEQ8FOVGZuRmHKWmTuDMfB7WHYvyUUibFB2LclAoXpO1BVlIHaikI01VeipbGaYM6AXofWlkZ0drSgo72VEqEj6GJ119nMdTpPXUf6eLDqbl1HenlhGVbDvYNuYyVg+fgzAzrB+yvMWZf3VytmY+2sO7ultRlFuRnI2L8VaYkE4sRNSE/dhYioCFja2NN3QQlmWsbYEbQe4S7BMFEzgLq0AlQlZaEiKQ8lGUWIi0nwbV/lZGSgqqpKSY0RXJxd4evjg7hNm3EoMxsZh7JRXErJQ14BnfcKXkefLatjIO/kO8SN8mMXve/a5hYczslGYWE+8vNzeUOaRedZTFafL1UTlJib3b5UVJVsXJFALkPfM1k+q12IjosI3IuWEMAXiWPxYhZk6fNFeC12AbpvKcFeWEQJ4uIq9J41KUGRhuj8JZCavxiyCwUg9eMiyBDc5RcS2BcuhN5SAXhqqCLcxhJ2ZOtawkLQI6AHmxuie1sEKgNtke9qglwXMuggb7SHh+LIarKhFRE4lnYIL6dP4fODxyhKKUZmGn2fCtuRmVGDvUmFSE8rxwG6feO6nfDzCICbrSMcjU3gQuaZ5KiLYi8jtEe6oDnCCcV+JjjorIE4CyUkrvLn56WyvRAmBHRm4pahKrw73XqFKrTcJcjYNWDoJw27SDm4rtMk29SAUQBBma47xSrCfo08gVwD9qspEYvThjVBWctTAMZk5O4b1cmmyWDDJMgupcm65QjkDM4K0PcXISOXgmWUPOzXycMtjux7tQycN8tDn6zfbaM+HOJ0YErwZ8vZTMNUsSzeCqoESQXbBbBYJQW7KG14xxPg/Zaiv90CD04b496MAc72aWOoSRdDbRYY6QvG8WObMDN7CNX1ydi9MwKrKDG2NlaFuoIoDLVl4GipDg8HbawOd8LBjCgUF4ZguMMeN0/Z4P55B/x6zQ+vHqzE+2cr8eebGHx66ooPD6zw4b4xjg4bQs9NGBYEXDW3H+AcLYWovQZ8spzrWhXYRynCJkQSmvaL4BmrjiPHSvCZ/tvFGEPVRwIqy8Q51L9CnMH9K+BZqNO51/gyxm4boorCA4HoJojXbbdHxVYH1Ox0RxXbCCXBCdXbHFCwzhIFcc6I99NGS856jLekYaIlFd3lO1C4PwYrvWygKy8JU1UlOBpqw0FfHfa6KvA01cKGYAekJ4SgOC0a2YlhSFrnhI3BRgRvfaRvcCWgL0NylCWinVSwMcAcv946jecPL+LqiSb8NF6Os70HcXO6EW+eXMPV6Ra8f/srwfoLtP/4Ev8B8P+Ol/8Fc772/Ev8wW57+xTvXj3G6dMTuHX7PPz83LE3MZ7uf4oPZOrXL87gCpn838avvMTxqy8xdf0NhgnuAwTnr8EmqfVzWL9C5fBPiIlPx5Ezv6KPwNx79TUBnEB9jR5DZj1IMB5gcWMOzgM3PvBjx4VnaJt9iOaTP6Nh8gbKBs5hiF6rnz3uxkd+HLn5HqMUgwT3mYt3cP/CON5e68EftzrIhHv4xDdWpe39rQGc7SlCdcZ2FO3fhL3rQuDINuqQEIKVihz8Ha0RHxGKcA9nhDjbQVdJluxXje+oZGugTQ2pAvSkxKDBZjr+6x9YNH8+vvnnt/ieYP7NP7+B8MIFZFFqWE3mnhkfjI6iXbh3phOfXpzH53dX8ek1m/1+Dp9fnQd+m8YfPw/h+dl6vL5/Gp8/f+bjvqwYzAKBb6CkJIzYVTb4+NsUfI2EYKG2lNdgV1ESREyMB2yMZcnMvifLmUfWvgCe9urUEKmRDZG1ixLUhebxfdHZmLqiogwSdsTzbUxPzR4nAJ8ioz6F6RME8wkC8PgUWeUxdPUO8apkze09qGnoJHvuQHldB9lxK8oI6g2dbMewY9zMJ6dO03NcoOebpS/J3JaprNwrW39+jNdwH+CFVxqayjjQs7KTUVVdQPBrQ0dXO0G9noO9rqEadfW1qGtpQGk161LPQ25RHh9bL6qq4VFSU0/gLiMrZ9AvRUFpFUqrGpFbXImMvGK+lO1AfjVSydIj1m+Blq4mb2iv0he0qSQJ7ZX70VhMYC/cibq8BFRnbUXJwc3IT9uIwoPbUHo4BTUV+WikxIJbOYG8pbmBogmtBNt2gnlHRxslJJ18WdqR7v656Pmyu1rfEP2uQ3yCHNtghZkw62pnu5kN87rsU7yrm0Gd2TkDOuvuHpk8wUvFNtFrVZTmIfNAEg4k0fdy+xqkJm3H7l1bERUVzQvKyMkpQUNBHQlR8UiM2YEtIbFY6xuJMGdfLHNwhKGBIURFROkzF+bzBUTFpKCooAIxUUmoq6jD18sLW+M3Y0fCdqSk7EPyvr3IyScDLytDdWMLugjkvV92h2NQZxP28gryUFRcwH9v9i8kYgOHuYi0NoTZ+LmYGg/W5b6EIL6EoCxIhs6gzgC+gOC9aKE4j4ULxTjMF84XxmK6zCAvuEQaUpIqUFHQoaRUE6rS8tAQl4ICmbo0AV36x4VQIJjriwjCWVEOfvqasJWRgoW0JMxlyEjlpJAc4o2hpLWoCXVGnpMxagI90b46AtkuLkg0NcMeKxv070jC27Pn8etPlxHmEYhQ3ygEea+Cg5UnHK2XIWDZCgT7R2K5dxhcrJzgbGkHSz09OOsqI91VB+W+JmgJd0RPXAAqQuywx0Ed2111Ya8ojMrsg/j4+wc4hhpA31OWrFwMBj6yZMyy0CeLdIjSgZ6PNMFUH34JhghOtoC+nwg8NtLzE7A8NmnCOUaZl0JdFmdEPyNB0CdYxCjCcY0KzFdQUhApD/MIOej5CcPATxymIWTYnpTQeAhD30eY7F0FNjES0A8QIWMXgt1aKej4i0PHm342hgyfft52lSasw9Wh7iwKbZ+FsFxNrxMrB1PWDb9SEdv2SuDKiCMut9jger8Vro+Z4WSvDmZPrMXx44m4dLOF2oZsJO+J5mWiDbXIzik87LWwa4Mn9icFISnJHdmHXVFZ5Y3+I4E4N+GOm7POeHjFC8/veuG3O/b4+MQHfz52Jai74NVNQ0z0qsHUVwRGZOIM2q4rpeG7Xgk7dlliQ4YlrIIoOVpJv7ebAOzoHPhuUuXfxdymQ1DzlfwvS2fWruH3xdb/A+ia/qxkrDz8w7VReyAAVfF2KFxrivQV+siIMEZ+rC1y11igchslbcn+yIq2RNYGSk5iXcjQUzHakIyaQzHYusoNzsZqcDJQgbOBKtyMNeBqpIowFyPsJIErPbge9QWbUZsTh9w9QUjd4ox9G+yRHGONPEoc9tLzrvFQxc4QY2wPMEJTQTJePb7BGfH85ggujeTg8d0TuHtxCE8fnMeff74Bfn+DT3T888+3dHz7F9T/b6B/ndk+F7/x+PiOgf03fHj7HD/fv4xTp4+RgE3iwc9X8fjhTTL2h2Tps7zAzI0rp+ixj/G3EQLzCJn2CJn4IJsg9yUGyNrZeHbv2Udon7yOupELiIpPQ9sUXR69gN7zDwnAr9Hz01P+uGGC8dD1dxi68SVufkDL6YdonL5LycELDBH0GcgHKQZuvMUoxczt97j8y3vcffIBV379gIlb73Dq6kPcPjeFx2da8e5ax9za81+HeelXVqXtt0u96CnZh+LUzWRqMfRhmENVaDEMJaUg8I9vsehf38JQQgZy3/6Ixd9+ix/++Q8s+ed3EJk3HxI/LoAkheD33+H7b/6Fv//vP/DNP77HP//+DX749l9QkxJCgL0xtqxwQ0PWFvx2cwKfP1wBPl2nuAZ8JLC/PMVn2v95ux+/3ziCF2dq8ebeGf4l1ddXIzv/jm9zynZfk5Kch91RetgWSg2yiQgSKXt0MZdASIApLHXFISnyHcTEfuBQd3fVQOxqe15ohtVe50VVRBZCVkYMK0ICUF9djsGedkyND+Hc6ZP0wU6ToR/D+ATrPiYz62EznftR19SG6rpmlFWxLu4mbsL1rQM4MjSD7pFpavQnMTR2EicITKdPnyegnyYzn6bLszwY0FkN97GxMb5pSWs7Qbu2FCWlh5GZvQ/lFXlobm2g16lCWyc9d2MNWtqaUVFDxlhX/WWiXBXyi4qRV1pJpl6C/PIqbuxZfO16FfII5LlFFcjIKUJKZg72Z+XjYF4l0ovqELcjlVc9493tdZmooM+hJm87B3nNYbp8eCtqcnegpnA/akoOobI4C9UVBairKUMTvZempgY0NzeSmTehhYLBvL2jlQycQN7bgyN9/ejtH0b/4CjfDrWXgi9bGxidK/vKxs7ZXucE8eHJ4xg+Nrfkiy3/Gj0+zbvaGdi/TpIbmTpBlkznvbYc2Yf24dD+BOzbEctnvSdt34CkXZsQFLQcumTcCopqlOipwUjXFI7mzjClo7GOIcxMTCAnL0+hDBlZBUhIyvAJgDIESAMdXRjr68PRxgZB/n5YF7OKz/DfuycRe/buweHcHDL2PFTVNaK9d4B3vbNoo8tFJUXIyzvMP1f2T13PDuJyemTpuhAW14AIhbCYKpaKKPAx88VLpbBwiQSW0JGNm/Oxc4L5ggViWMhhLgIRQQkoy6hAR0UH+qr6MFDTh6G6PnSVNemoASsNHVhT6ErKkpkvhT6ZuKOCBILIhIKMdWEnJw03NUVefMZBWR550cE4dmAzGla6oZLsKc/ZDLsMNBGjqIgQUQlESMkjy3UZbtfV49HoCLyMTaEtrwZDel1tSiK0FTRhrGUIG0OCh4EZ7I2tYGtoDHMtdaww10ABAb0+2BoDcf6YJJh1bwrGXkcdbHDQhaH4EmhTAs7napzq5fXWTUOU4bzaALoe0tBmG6z4kwT4CsF7iymC95nAd6ce3Daow2ylOEHdAFahrJiKCowDJMjoBek5lOCz1YQMWwMWBDeXODU+SU57GZ0LHzE+Pm5ACYJ5kCo8IrVgFyILEz8yVLel0HCbD6PgJbCMFoUeGb4uWbzZSjL9LYrc5p3JcPW9KREIEIOWyxIY+0jCfY0WfMjmXShJaNmuibPxepg9aI6jtaoYbZbHueMrKEHfh+NnKlDTdJC+L7uw3N8GJnoyWOamh/3J4cjJXkEwt8HhHBc0NAShr28Njo6vxumTcfjpbAzuXg7B4+tueHrNCS9vOuPtbSu8vm2LN3fN0N2mCcsVorALlYL3OnU4sM1oHJbAJ0wBrlGqsAtSxOoDTnBZQ0nPCjW4rFDA6YtTuP/oLjd0BnFVLwk+812Vfh81BnVm6F+Wts0tbyM7p8Qlb58X2gnopbEWyArTR7KvBnZ6KiHJTxOZMTYoJAA3JvuhcKMD9q80wv5Ia5SnhKOteBsObg2GtyXJmo8ZtkU4Y2eUBzZQcrdvoz9KD6xD9eFNJAlrUJiyEvnJwUiLd8PutVbYRRDfT8+9J8YcSdFmBHVzZG90QkG8OzYHGOPnG6fwnhV1eUXcOtuH6eFq/PboBj7/QfD+9I4g/v6/4s//D9C/rj+fg/mTuSOB/MHPN3Dl0incunYWxycHcP7cJF/K9su9S/j57jlcODOOKz9N89nt717/OldYhoF85NobjBKchykYeNmR3TZM0T97D82DJ9E4eh7rth9E29h5NPYdR++pe+g9dx+5jUfQNXv3S0LwEiNsLTkBfeTmW9QevYahqy+4fY/cfIdRAv4o3Td8/S3Grr/GyVuvcOnBW1yhOH/3PSZvvMHxa49x7fwpPDrdgSdn6vD2Zg/+fDrB14fj/Qw+v5ilTLQKjTk7cWjHGsSvXAZzVTkoLF0K8cVL8d0/voEl2ZDmPEFI/UDwJsBLfrsAIn//jgP9m//5X3z3r2/wv//zD/zjf/6Fb/71A77/9gcILZoHa21FbAh0xuGECMx05uL9A1ad7gw+PTmOP34Zx9ur3Xh5vgnPTtXh/nghfupMxZnmvbg6XMEbBX9/d+RkxUFJVpDvZCYiPA9OxuIoT3JDkJkQwt2VYKayGFpKS6FDISs1D0pyC6CvI0rgXkgJwNc16WxiHDN3ARgbaqK+sgQn2N7kg72YPX4Ul8jQzzGgnxjjXfAjBN+Orh5eO7y+hYy8lHWF1xI861FQ3ohOsvLu/uPcznuHjuLYCcrq2P7ZzPKnj/8H0FmFuGlMHZ/CMTa7nRrQ3v5ustpW1JL9MqDvSY7HgfREahgOoqa2ght6bX0NqmoqUUGmzoBeQ8bIrLG4shZFlWTp1WwMvY6DPae4GvmltcgrqsahwyU4eLgIaYcLkZ5fiUPF9dh1oAAXL1/B86cPUZy+AeWHNqHs0EZUZG4mm4pHdU4CqvKSUFGQgoqiDFSV5aKirABVFcWop/dRVzcH9ZaWZkpG2nh0dXdT9PJudlZwhZk4G5dmQGfd6ix6ycwH2Fak42wi3BS3769L2Nj9bHtStnzt2KnTfEx9dGqGz3Rnu5wNTBBAKWkoLclFdnoS0pI2IjE+CtvjIrErfg2Sd23B2lWRsLF3gLqmLrS09TncZWQVIU8WrqauDWVVdejq6sHK0gLOjvbw9vKgRC4QUSuCEREahGA/P6wICsSaqHC+9nzzxnXYvSuBbP0AcvMLUdXQjCb6DrDudhadA0N8wxbW3c4+53v3f+Fj52w5Ghs7F5TUwFIJFQiJKs/NcP8C9AVsbwPWvU4Qnz9fFD/+KIIf5wmRpQtDhUDqZuUITzJgR0NzWOsawkBFA1pyylCTkYOaNDXABHIDOUXYaurBSF4RxpKSsJYSQZiRNvwNtGCrIAV7eUlYSkvARU0Je/zdULt+OVm5D7JtdZFupo4EDUVspcSn3NQJefrWyLJ0wOi2BDxsasT+4CCoUrKjLasELXp+dRl5ftRXVqUEg0CroQVzDQ06qmCbnS7qQqzQsdoVowmhGNsVjs6Ny5HjZ4VIc03oSQhBXXAhCtLTeA+bZwyzbzFoupIFe4gTZEVhQgA2DBCCkb8EPDdrwnE9A/wSOEcpImy3JQzJLh3CNWDgJQ77aA0+e902gi3hIritU+PV4RzWaNLPUtLjLQ6rKGUyd3lKCgxgGi7Jx9kNfMUJ6mJQcfiBnkOanl8E8jbfQ5tN1gsks/enRCGS9RIYkOXTY5crQsdZHMaO4jCj9+ewShauK+RxtEUX1+scMLbVEA2JBhhsM8X0iBNmT2Xi4rVG9I7ko6Q8CevX+sDPWxe7EhxwMM0WWZkWKComu21Zjt7eaExNrMPRsRU4cXQFrp70xZ0z9vj5vAMeXLDDy+tOeHrRAr+cs8aTq+b0d24Bx0hlWAfJ0u8tTQAnINvMh4HrEhj6CMHYQwiG9Pss32oMjxg9rKBkp7rzMG8vwxMD/jJ01vWuzrrb/ea63P8NcznoB8hi4zZbdOZFkIEvQ/5qQ2QT0Pf5amK7mzISvDUI4CbIXk8A3+6OArLqFDL3A6ttkB3nhsxtvojy0keMlzHqs+MwWJeCzvJE1OVsQnnmempXYpG/LxyZOwNxMGEZ9qx3gq+VNIIc5Ojn1LHBXxN7oimJ2OqG0r2BqE4JRc3e5UiJtkU1Cceb3+4TgJ/h7qVBPL5DzOA2/h6fP334AnICOwM8s/W/xstf/hfI/+Dd7M/Jxp/gSGcdte0jaGqpwuQxEsd3j3nXOi/9SkB/8fQeL/n68UvluA9vH/E67u9f81nujzF05Qn6Lz1E99nb6D5zG+y2UWbVV56j5+RVNA9No6r3BMLX7kRZ+wRaRs8S6G+hmBr0hJ2xqOsdQ8+pWxi4+IgSA7J1snsG8qrhc3T9N4wRzMcJ6hME8/Ebrzn0x26+wRgBfJwFwX2Mfm78+kucvvEYD6/M4t3VHj7p7PMvA/j8aIiseASfn47j07NJvL07hLHaFOTvoUZttR88TDSgKiWGed/9gH/+zz9hI6sCe2qgLIRloLNYEFoCwlCftwgS3/+If5LFM4j/naz8G4L9j/MWYv7330NDShjhbhbI3h6OybZsvLg3gT8pefj4YIJAfgRvLnbgxblGPJ2txYPj5bgzmo+fulJxomY3hvM38y/ohrhoBPuoQU5iAd8hTFD4B0QGGSDcSQoRjmTmttIwVpwPfZUlsNaTgozED5AUnwdVJQFISC2CkJgAxETnlrQJCX9PprYITvYm6G6uxlm2V/mZaYqTOHtmhrLnKUweHcHwKCuWwpaVdaOusZ5svB1FBPTsvHIy4Ro++aypkwA2eJSgNYFhgtUkA/rpcwTvE7yAzMmTJzBL1s/GrdnlqRNTmDh2lJ6bAb2Hd1eziV+FxZnYn7odCbvWY+u2Ncg6vB/ZOQdQTXbe0FyHhqZWDhFWGraQL2erIFsnmNfUUWJRTXCvRVZhGTJzS5CeXYyDFFn0PrMKq3CosBqZZOipudX8XPZ01CF5axhyU9eiNHMjSgjspVlbUZaVgIq8vQT0AyjOO4DSwkyCeSEqq0o5zOsb6uYs/QvQ2ZamXUd6eC161s3ezqqo0WU29swgzrZ7ZePgvXzm+Jd15wTzkclpMt0JdA+P8hghWx87McODWTm7b5Bb/Al+7CaAsj3Si/LTkZm6A/t3r0fithjs3ByN7RtWYfv6SGyOXYWIlcFwdHaB5zIfGBqZwcaB7MVtGZycXBC7ZjW2blyL7ZvpZ3fEY9/eROxN2o1d27dhT+Iu7NqZgMTdO3EwMxM5BYUoLKtEeVUdSlnSRJdZQtfQNrchDCtVy/atL68snVuF0TMEUTl9Arouh7mgpDqEpCjEVSAgKMO73BctEuPd6axrfcF8Yb5v+bzvl5KZC0JPQx/ejq7wtbGHl4U1PE2tYK+jBz1ZBahJSENBTByywiJQEiEQSsrAUF4ZFmqasNEgg5aSgLOiPNw1VGEtJ0VB5ishAltFWayyMsLBAGfUhrkhxVwVe/QUkGVmiJ82JGDCZxVqTF2RZ+qAEldPnNi9A710XvQlJKFNr6kvLw9jFWWYqqlCnRIHqaWClFRIw4DM315THnVhTuha446BzX4Y3RGK4R0rUBrsiMIQB6y00IUuAV2H3oeq0FJ+jkZP9MMsQIEAJA37SFU4R+vCKowtO5OE91Z9rEyxgusGAvYKKfjGGsB+Jb12oAzfZMUigl4zWn1u9jnBnxm7XYwKzFbIwCFWk+937rRWE1arlOk51OAeq8Fh7r6JXVaGYaAADJYvIJgvhob7EjJ3dZgESELZaQk0nYXhuUGXwLYUhgRI20B5BOwwgWcknVtXQViHS2PbLjG8uKKL5w/W4M6FlZjsdcDxAVOcOeqAq1czceVOLyZn61DXnEog90ZashmKs3RRU2qN5kZvtLX6oP9IEI6Nh2NmaiVmxjxxYdwBl8cMcGvGEndOOeHeWRs8uuSIG6ddcemkG84fp+9AkDi0nZZC03EJjP1FYOlPCYa/FGz8hGHmTwmRjygcoxXguJqSnGAN6HrMh2fs3JBa77HOLzPdpf4aO9f4AvX/7HZ3ClNFxr5l6MyNQP1OV2Sv1EZ6qDZ2eqlgl48mEih2+msjOdQQuXH2KNnmjvzNTtgVpI2tPlqI9dQky3ZCQpgJKsjA24pJDLLXIntPMDKTgnFwmz82r7TCpnArbA63wCovbQTayiHWTw97Vlkhba0tihMDOczr0sNRmRSAUjqHeyIsEeSmj7LCdPzOJ789x52LvQTsJ2Toc0b+mWCO/wD5p/9rMhwDOgP17MwYGhpLUEKSkpebilMzowToRwTsJ3zjlY9vHxO0H/HbGNTfvXqCdwTxsf5+Sih+5bd9IEv/Wy6ZV159OQ6UZCAhIx67MrYhvTQbNX0jqB+dQlppAQqpoS7vGEfgyg3IrxvEwJn7aOgfQ+Qqd8REuiItYx8OU+PddeIy3XcbR6avoY8eU9VDjeClxzh6k5V2fYejN1i8Ru+JK+idPI+j1+eAPnqDwf0VXX+J89cf4NW9s/h8f4hg3gc8HsKfT0aA11P4/O4EHY/j09Mx3J4oRk3aeuzfEIyVbmYwUZGGoqQYviVQO8trwYcaKx95ddiLy8FMVAqmBHW578nQyeC/++cP+PabH/DDD/Oo0foeiiJL4Gakil2RHhiq2ou398fptc4CHy8AdPzj+TQ+/jJMYGfr4evwC732+bYUTJRtRsfBVWhOCedf0IyMVKgosr3NF0BUdDGfzR6/1h6HNliiMtUDJfRlNFNaCHXZpVBTWMonwslJzk2GExNfjCWCP/Ad0hbzsqcLIElA9/eijHuoHWdmjuL87DQunJ7BhbMEXwL6UdbdPsygNIp2ss+qhgaU19bxbu2Dmfkc6FWNR9DSybbzHMPA6FGMT57EyVk2q/0sjnMTH+UxTc8/e5ps/dQkjs8cx8QkwYog1z8wyLcsZZPJGLDyCjKRkZmMvfu2ISVtJ7bvWEfWvh1l5cUE1CoUl1WgoKQYheXlKK2pRwFdP1xcgtziCuQWlSEtMxv7DxwiMy/ga9Oz88vp/jr6/jRQNOL47E9z2y2G+SDQwwZrVyxD4uZQZO9bh6JDBPTsHSjN3oWi7GQUcaBnoaI0H1WVZRzojZTUNHCgtxK8O9Da0U6/fzvaOllZ1y9gZ5Pi+ua2OGVFZdhsd7ZMbYCNm48dw/DR4xzU3NC/FpvhJn6ML1VjFs8eyybGMfiz29j4dUtbB70P+l2z9iOdzg+D+t6E9dhNls5iW9wq7KDj9i1rqFGNwxaC966ELdifQlafshcpyQTt7Zuwd9dW7N+7Cyn7k3Ew/SAZeD7yi0ro8yyj81+AAjoWV1RRklSFBoJ2U0c3X3+eV1jMe0fYMrV2+l27e/spGevg5zP5QA7EFAwhQcEtXVINgmTnrKiMoIgyFgtKY/5CUcwnG1/w4xzMv/+WFWdaDDU5NXjbu8Lf3gV+NnYIsLWHp7EZLFXVYCSnAC0pWSiLS0KOgK4oJMINWo1Ch2xdj+4zonBV14C3nh5MCKCGIoLQERWEIf29BpsZ4GCoF6rDPZBhTw21mSZGIyLx8/aDOBGwDi3W3ig3d0axlTMqKfEZ27AekQa6MBAVgbGsFMwJ3tbqKtCiy2oS9LqS4rBQkcUBH3N0r3ZHf6wXBjf5oy8+CBXhLtjnqoesIAcsM9SCqgRZoRQBREYGeVlZ/DyFxjvBeQ3BfI0yHFYqwHezLi/dumyTKdzX63J4O4Yrw201AZds2ZiA47JOC84b5GAaIgrbVUowD5FGyA4jvmmJfbQaDAlyFqHKfFmcZYQgjJaLwixUHDbBsjBeTkCOlIWOnwCc1svCJEQM6u5LyUyFYRMtC/d4bTjH6sJzkyoBUwhO0fJwWK1CgKTXXaUC51WsUM0S3Dmth8fnNfH6QSBePEnEi1/X4fZ5N1ybsSEZWEd/z5koLt+KnVttKDHWRE+tOroqVNHbbI7ermUYHSKYjwXh1JQPZgeNMNMhh8tDarh5VAd3TpjhxowTbp/1wMXZAEwfW47zJ9zR1U52vpKSFT8lmC2TgkUwJWkrpaDjKAAN+/lQMF0IRQrbMEn4b1Slc6YASzpH1lHiKG5Kx/sP72AUrDpn6QR1Bva/isowO+fbrcrBZaU60vd4oiN7JSq2uyAr0gDJQeqIc5HCFg8FbPFUxs5AHeyPtMCeFYZIizJFdqwNUiMMsTdYD7FOSkgKs0R6rDP2r7YiY3fDvk2OSFhtiZgAPXiYS8NBTwxhLqqI9tbGOj8dbArQIQO3RMEOT1SmhKAlZw3acteicm8Aird6Yk+kNQKd9UnG5GFjZY53r58TxN/gwc0ZnJ1sJNg+w59/vONj5p9/fzm3XO3rhDg2Ue7ja4L0c/z883WMjnXjysWTGBrqwJNHt/H04R2+zzmHOTfzJ19APgfzh/dv4MGdOxggOWmgNuDBrSt4++Yhbt88h79FbfJA5AYnLF9tAf8oMwSvscGKWE/E7YnHwbJSOm5EwoEE1PaMYv22vajuPoah83dxsDADy4P04Ouliahwa+zdHY2S2hocyElDbfsR9B09TQ3lFDXQF3H07HUMnr6JfrL9VmpEywrSUF2UheGLv2L81ltM3H6DiVuvCfavcPLqY9y+fBovr3TxamwM6p8e9OLTfbp+qwWfH/fj85uj+PDrII7W7cVh+kPdtsIJHsYasNPXgNQSAdhLKyJQWgtBirpwlVKBjZAcLBdRJrlIEP/637+Tkf8IgfmLsPjHHyG2aAHs9FSw1s8axXui8PinLuDt2Tmgv5nF57en8IlNgHswgg83WJd7Ix5OluLG4GFc7TmEK50HcK55D28MmlsaISw8HyJC8yEmtggaKkKwNxTFei9ZxCyTQ6izEpz0BKEpvxhyMosgLyfAl7pJSi3iRs8mwgks+YEXkhFiFY1EF0BJWQo7CQqT4904R7C9wOz81AlMT0/ywi8DrMZ47xDayT5rGlupoa/hhUnSMggCBMraFrZTGCtpyiZ3TWNy5icC9wXMnjqNqS9rzlkxmWmCOKvlPjt7EtOnZjBOkBobJ4gNkb2Szfb1jxAkjpCp13J45+RlIDfvEPalJGDP3q2IJVhlZqXyiVgbN69F8v6dOEAJzqHsTKQeTMVOMsx9aSkUB5G0PxUHsnI50LMKqpBdXIvsknoOdF7q9expuNuZwMfFCn6u1gjydkD4chdsWReIg3vWIS99O/IO7SZwJiPvcApZcSYqKoq4pTcSzBubmyjbbSWwN6G5tRXNba1oIth2dPby6GQz23sH0M3G0snQ+8nU+0cm+GzxPkp6WNc6Gytn0O4ZYUvBjvLudRYM4kenZ/lj2PUxvgZ8mj+mo5/tBd+CQrL0rLREZO7fgQN7CM67NyGFYm/CBiQTyHdvXc+3X01M2ISknfEE75080pJ3IzlxB9IP7ENWJp3f3DwUsZr1jU2obmhGaRWd+6oaZOfkIi+/GAVFxXR/OS8gw7azraC/v/LqKjS2tPHeiJ7eQUyfPMnPqXdQNMQVjPj6c1Fey12DYK7Eg1WIW0B/H/N+FOIg/+H7Jfz47TcLISQgBmtDc/jZOSPAjtoJByf4E9Q9TQhWOpowVVKEnrQs1MXIJgVFoLyUGa8YlJYIQ01YnEIMhlLyMJWWg50yGS2ZtIGYKHTERKCyVAjmCvJICQtAdqAT0hx0kWKihQdZRbi1IRlT3lFoJ6A323ih3soT1TZuqPfxQ/2K5TgU4IUYaxM4EbwtFKUpsZCAkbwsrFVkkO7Lxsz90ENA74n2wJH1Psikv+/1pkrY42GEbcssYaauBnU5RUqslaClog5tdZ25JVVnx3gJVuNAMbivVYd3vB5MQyX4rHfrIDk+qU3bQ5CXZmXgt40mOw+ThhmZuZ63MAFLCv6bdOFB9zlEKsIxVgeGwRIwC5Eh25eCC5mqcaAwjLyobVijTvcrEuDofUdKwTBEBI4xqmT7wnBYKw6rUFF4xOnBLdYQq1JNyHiF4U3vySWGko0YWdisZF3uEtiQqIo313Tw/IoO3v6yDK+fb8GrZ7vw6HYw7l9yIaN2xrlJN/S12GC0yx7jPXaY6rPE1IANpoaccep4KE7PROD8lDuuE7x/6lfA1REV3J3S4UC/NmWDq6cCce5kKE5MrcPksWhcmvXF8Ul32IXJw3K5HKy9xGAfIsTH0nWcF0LHXQS+8WymO33mdLt5mBz9PhLQsF0MdccFWJvkw893UuF2qHhJQsVbgtv5X8vYKBjQDf3lERRtgOz93sjZ4Yy8jXbIjjHF7gA1rLcTxSYXGYK6Gnb46yHeUwsJfvQdijRGRrQ5DkQZIX2VMbb7qMPPWBp2Gkuxi6y6bF8AccMZqbF2iAvUw2r6uWh6jsQIM+yLsULKGkscWGeNggR31BwIQzuBvC17Ner2BaI8yRcJ4bZwszImCVPEIkE2mVQMWzdu4F3tnz/8hhsXuvHu5S0C+luC938UjiGQP3/2EK9ePMTTp3Pbop44MUbncxhPH9350uU+t6PaR7arGsH8lzs3vnS1P+Jd6q+ePsbZKZK609O4feMnSsDGcG72GM6fHsczSgb+5rvSAMGrzbBynQ0i1tkiZI01Ad0PUVs3YFf2IazaEoaIjX44WFyEmI07kV/TjqqOHmzdtQqhQRoEdBWsJLBvpezncPZe7E1aSw3TJiRuWUEN2DokbdlIDVg8cgqKkFdVjOj4EMREeSJxx3r0zF7GUQL60VsEdIL54IXHGD77gIByHmcHKnBtIBePj5fi7cV6/H6tCX/ebMKnO034/GgAn95M4bdrHWg7sIo+AHdEe1rA01QPXjYW2BYUhEAFZuk6sBFRgZOEJpwlFGBPDcqCb7+BiqQ0ZEVEIL54IQyVZRDhaUkfrj8aMzfg0ZkmfLw7CPx6DJ+eTuHz06P4434/np+pxZ2RXFzty+R75N4eLcA9MvX7Y/m43nsIrx7fJTBO8p3CJMUW8+Iy/l56cLeSh5PuYjjoLIKd2g/Ql/sWivILISpOdi63hCx8IV+mxjduWTpX9pUBfYnAPLqfDCZgGVaF+uL0iWFcPDeNi2dnMDPN1p5P8DrrfQSl9iP9aGzroka9FYUlVcg6zMqxVpIlN6Otm4A8OIGRCVY45QwlWBdw+sw53r0+OTVX4pXVbj99mi1dm6sYd2L6BI6ygius6txAPwG9l4y2D129fbzEaC1ZcEkZ6+YuR0FhLsE9C/Hb1mEbJR4FhXmI3x6HHbvoc9+TgF1JzOST6bgDO+j6ntRUpGfn4FBuIXJL2JBAI/Ipcsob0UpJI/uXeWAvXGwM4eloBm8XS/i4WiHA0w4hvs6IDPHAtg0rkLonjqC5EzmZ+1GYl4mS4jyUlRXz91Rdy7YQrUZtXR2va9/Y1EbJVjuaWjrRRslmW3v3v5esseVrfKnfAI7wsfJJDuuva7sZtMenT87ZOB9DP4OJE6f4/aw629ciM2zcnY239w2P0uvV0ntKR152KrIOJiE1eTvS9m1HZtouZCQTsPduxyFKeA6Smaen7kV2RgpyM9ORn59HCVkFapspCenq4bPV23r6UdfSgSa26Qrdxteh19RzkFdUz/WI1JKVV1GiVVFdiSqKmrpa9A0M8GGTGzdv4I8//4SSrg3ElUz4xits21QRGW0IsW53snQRMSXMXyBGRi6A778T4N3sP3y3BN8R0FUkleBmbotAe2cEOboh0MEZyx0dydKtsczcGHaaGjAkw9UWJyMnqGsyiFMDp7xUGCqCwnQUhOoSEWgQ7DXJ3vVFxWEoIUmPFYeSgBA0RcSwOzgQ2eG+2O1ghEwHWzxLzceFkI0YcghAp7Un+pwD0ee4HF2OfjhkbI4tRrrI9HXBoUAPbLQ2xlZHa+zydMJ2SgALV3qgexM9Ps4XtSF2OOigh202WgjWlsJqYzI1L1NE2hpAgw0VyCtBVVEV6ioaUKEoyC/k37+1Kf6wI5v02KgDlw1qfEcx20h5PvPdKUYTVlFkyQRjO4K53Rp52MfIQ81lEdzj1GC1QhJOEcoISbKAVTi1Pet04b6ZFZxRgEW4PLScl8JjtTZ0PcWgs2wJ7363ihHnY+SO6xTht1ULK3bR46NEYei1EHYhElid5gC/zeoI3qQH+zAFWPvJwTdGDY4RCjAJkkR5mRJeXdHCs0s6eP+LO94/CSeoJ+HFw9V4dj8Sj6754t4FZ9wisF89G4qLM8tw6aTHXJwOwOUzy3HjnB9unzDAtREF3J9UwoMpBQK6Fu6cdMCNM4G4cDICJ6fW4szsVhKBNbh+IQznT3rCYrkYLAJEoee8hJIeERi4CEDPUwgmodLwomTEK0YJ9uESsAlVhG04JTV0WdWZ9Ubo49y1k7hw/RxUPOcmxbH4d8EZKb5vukWQCvyjKaGJMUB8rAWSNtogKdqEbNwIO3zVEL9ME6sdFRC3TAOx7qrYRIKZHm2F7LWWyF5nhUNsIluoHpy1BWEo+yNZtwM6C9ehqygWzYdWoZgAnUrsyyJjL9rthaIkbwofVKYGoflwFDoL1qGncC3as1aiJNEfyRu84edmC2UVfSwW0sD8xUpYLCAOc106Z/cuknm/wcvHV8nUx/Dol8t83Pwr0J89vY/ikgyC9y2cOTuJJ8/u8NnsrH47W57Gish8fP+UW/mvPzNLf4nynEo8vHcPT365Q8nXMZyhtubZo7t8rP3OjTO4MDvOTf72jdPUbg/gb+6+BvALM0HoKgI5RdBKG0RtWo0127Yihhrp0BgPrN68CrUd/di2IxlZpbUob2vG+o3eCA5WR2CgKoKXayEyzBxxG0MQuzYQK33J9p10YE9/QO7mirAzkIaplhyCQ8yxzIeyNldqrAOsUNpRj8lrz8jM3/AJcWNXnmOCYur8DUwdKcOFI1m40XcQdwcP4dFEHp5OHsbHc8X481o93l2twYdrLQTZHAzmb0DaKidEO5sihhr9cGc7bNC3hbuoFiwl9OEnb4YIfSOYqyhAXGAhZecqUBZdCi0ZQfjZ6CMhwh1Fiatw+3gd3t4Z4mPlt/oP41p3Om70ZuCXo0V4OFWJm4P5uNiVweNy9yFc6s7AmdZkTFRsw41T/bh//x4WL/6RryGXIwsvS/ODo7kE9FQWw1hNgExiHhTEv4Oo8HcEbrZkbT4UZBfxXdbYhi0LBebxdewsWIEZSUkBBNLvM9rbQn90k7hyYQY/MaDPTGJ8fAzDw8yeB9DadQR1re1kaE3UwFfhYHoWKuuokW/sJHMnCx0h65yYwbHpszgxe46Dm23EwoA+OjbIq8edOnWSQ50tXWOT5CYnp/h2o3193WSxzGrJ+nrJcHtZ8tBG8ChDNZlhZU0tqgicBw+lIXnfLhQSWHNyDyOJ4H0o+wBBfTv2E9BTMtKQmVeIjJx8pOcWIJeAVFhRh/LaVpTWd6Cgtg0zZy/h/fv38LAzg6OFPi8gw0z9K9j9PWw51NdGBPAJZ3t3bkBGahKB8wCZejqKivNRXFyIktJiVFSW873BGfRq6htQx7qiCewM7h1dvQT4Dh4tHUdwhJKizv5hvqMah/KXmeIM1HMz2f+9KQsvs0oZMgvWNT/69fbjBP1jJzA0Psntv7WjlU/UK8g5QO9xD3+fB1N24TCHdypyWW/GYTZedgiVlWUEYTa+2UoJUy8Hee/IJCUTM5RgUGIxOon2vkEcGRqlpGOUb4/KS/C2dtDn3Dh3vb2Tg7ympopPUOzu7cHx6eN48fIFfrp0FRLKJpBUMYO8pg2kVcwhIW/IZ7yLSqlTckmJ7nwRbubffbuIYjHm/bAEgguF6O9WF8ssbeBrbY8AeyeCujPCXN0Q4ugAb3MTuBnoUqKqDDM5GRhIiEOLAK0pwmC9hK9BVxQQgMz8hXR5EVQWCkBdYCl0xUVhRMauJS4FE4JqQoAvsiMDsZc+31M7duPXLSmYcA5Cp6kLeu19MO4eijHXEAw5BWKrqg7sWPU5cRF4KMvBk+zcW1EK6811keZlg/wgJxQF2iPLywyROhIIUhNBqLYk1lupIyXAGlWbA+Fvrg81GQWoKrCthdWgpqoBTU1d6GgbcKBfuXUB7mTWpsHScIpWQeAOI4TssCaoK3ITNwsTJ1MXISjpwWW9FmxX0/sg+HvF6/Dxdg+6zZnCJEgehn5ScI3T4GvYdX2FoEsmarJcBqYBc6bvEKEEu1WyBEAhqLougHm4MBm+OvT9BKDrshDu0XKwj5KiZEEVznGK8IxRwbIoNdj4SsAySJaXWh3sVCGg65DgGOKPJwF49ygIbx6vxuvH6/HbvTA8u70cT64HEtj9ce9GHO5ejcaDW2tw99JyCm/8fM4ONyd1cGdMCc9mNfB4RhEPjyvg51lz3L0YgltXtuLqhXjMHl+Do0NeaKhdTpdDUN9gQ3bOZu3Ph6n3Ihj4ClACQtBeqQCH1eq8gp4tW7/PzkWAPO/JcFmvDgt/Sm6CxNF3cm4ysec6O2j7ykArYG4d+lew6/nL0e+oAuvlKvCNMID/Cl1ERBhj/SozZCYsw4E4exTtDabLfji8ww+ZW/2wJ8aJd6sXbXJCQawt0sKNkLzCBF6GogixU0ZNWjj6qb0erk1EX9lmtOZGo5Sg3pgZjobMCNSlR6I+MwptxJSuknh0FG9Ba34sKujn9sb5UfvjCRsbH4jKWGO+iAkkpHThYKSBIHstpO9cjVe/PcAfH1/i6f0ZXDvXj8+/v/irYMx7MvCenmZcvjTD7fv39y/4bPb/LiTDbn+F/vYBjPQM4uHdu7h2/jx+e/grHt27xWe5M5i/f8O645/Q5cfc6N++eoLrt27ib6WZieioy8ZwZwkm+2rR21iI7IOJSNoZiwNJkUjZuRyZGUk4So3W3t27+YSc3fvWIyrKGMsDVODiIg4vLwUE+ukiLMwFcetD4GFNH6S+MqyM5Kkxpi+hkyKMFEVhqSUBM01pGKqLw81PDyHrnHGgJAs9Zy5j5PJj1Az0oHG4H83dbRjvzMPFvmzcH8/Ck6OZ+G06F69nC/DmTBHenSnDx4vV+HS7GX/cbcZvs4XoyQjn5Vpj/W3grK+NNUYO2GToivVGnog3cIOZiCRkycg9LQ1gokBZIhm0t6UO4gLskRbrh+GyPXh/ox9//jqC3+/14+2lFrw6W4v/w9Z7R2WVZf+b/desme90BcsykXPOOeccBSWDYEDMOWLOOSdAkaAICiJgQkRFQcVQptLKpZXLsnJX6qruXz+zz3m1quc3w1p73fBG7nvvffbnnB0+v1zBh127+OD8Xj7o2suT7krePimgF5X+wbmd3Gtdr2u+P7p+ln+LEtIlXU1fx9vLmN0rsshPdMDfbQh2Vq/iZ/sadtavYmo6ACMjUeVDX8HWdihDTQboYjS617nJEFHrg+R9BmNnZ8y44pFcPnOct2738q4o9Pt3lUJX6Wqq7Kuhhntrm1KfzQKww3q+dYOo4N0V1aI6VQR3j4aMgo2qVX7jtmH+XCl0NdSuYK7s5q1r3LrdL3aD/v5r9PVdoftCJ13nz4hKV8VX2gSEx8VO64j6I02NogzbdN67atiyv66eyv0VuqXo4SNNWpXv2LWdDds3sGX3Dl0Cdue+/To4bk91Hdsr9hty1BubqWkW1dnSqS/uc13d+MvNNTTAj5hQP5KjgslIiCQ7NYa8jDiKspIYWzCcaQrq4niuW7WQrZtWs2v7Rvbs2a4LqezfX6mhXltXy8HaGg32Qw0qX75FgH6cww2NNKhqawJEBUPVZlSp884Ll3WcgYK5mjt/Maz+wlQVtvPP59nV8/T288A4NUSvHuu63KeD7ZS1yO9SW1MlUN/KHvl+u+VY7BaYV8h29f49oqZr9RD98baT+vM7VPqcHhXo1zBX73tJHIXeW/fk/W//6WioqYEjLSd0IZnj8v2ValeAP9HewdFjjTQda9ItYvtvGjoBNrZ0aHVuLebgHouTVyx2atspCBvnQKztvBg8yJyXXxrCS38fpIfaB7wyBFdruQn7BopTHkt2dDxFiemMSxshME+jJDGWMaLSs0OCyPTzJt5FIGVnLVC3JMDSAi8TY5wF5g6DB+ul69BhGvIeJqYE2tkT4uiKp4A/xNaeOekp7CwtpHJMHt9t3cfDwqmcixpOc1AcnUlZXEkfRV9aIefjshlr5UCIiRFJtqKE7W2JsTAlTpzzbCcLxnvbM83Pgam+dhQ4GTPcdiDz4jzYnBdF5fjhHF88ho61U0gL9MPdzgkXBxecnd3xcPfB2zsAL08/AcZkQ3vVqtnElzkKeO3IEOWdPsNN9zCPG+tA8kR3Pe+dMEkVg1GFX5xEuasqcqq1qA9BBRZEjJJjJ7C2j3+ZwHwjUfMuZM72xztzqO6iljnTncBsI+zj/k+8RYmHCODDi6zlPawYOc2DgMwhROfakzbajZjxlvK+XqRNdpfvI8DMcxSg2+GXbMbcFb58dseH79/x4+u3g/ntaRa/fpbFT58X8N0nAvF3k/nuw0wBeibPPijkq8fj+fLDUj59ZxSfP0jkk1v+PLniwUd9fnxx3Yev+j1EwDjzoSj1xzfjeHBtODe60zjXFM6VM3HU7k+iqiKDWzdGs+NgHH7pJkTI/xtXbItPqgnxk0RVj5H/Ld0c98iheCUPI2mcI7kz/AjJMicww5SRk8T5melPzAR7QwfA1v3iCPgTouq6q8YtKjAu2xq/bGFFliPhw53JKQxk5qREdm+cSGv9Mk4eWU5T5Ry6WjbSdXwTF0/u4ELbbk41rad2+2T2Lcxg38wYtpWJki8IoDTZla3zRnJaIN3dsJJLx9bRdXgJ7RUzad87g9Y902neOZXmPbNp3ldO6/7lNFcspXbnQnavncOKBVNYOH8embkT8Q0bh51zKvnp2WyZP5bycUlMzQ1l/AhfzrZW84cq9frP73jvbjs/PHvrecGYH/QQu4ps/12VdFUg//U7HR1vUOeGKPff1VJUe3dHF08/f183X/ldDbcrE3j/9vM3Gua//WKwf+p9P9B9/RGzNjbytwsHd/PGycN8/sZ5fv7wFj+JPXvrKp/dvcgXd07zuO8Ib19o5NGFY2yYP4Xti6cxa0I02SPkRxrpzIgMV/LyPcjNdiQ7w4uSfFWW0w0nW3OcHeXHDrYlNkgudndH/O0s8LYyI8jJluAwO8JSHMTzyqRR1FHjhT5SCkIYMz2OTFlu36wK8O/iyeU9AvIqfr1Xy29vHuanWxX8creafz2s599v1/Gv9w/x78fHeKtjHZUL81g5KVM8qSl4mZrha2JFgI0THkOMcLQcxJzidCZkhBAhqjg/yoMZI0JZNymd/SvG8vR2C398fJ5fH3fwTz1v38XPj46Jx3qIr28dEoVew6dXKsQqedK1g4etq7leu4D2LWXUrCzmjZ42fXKmpYYTE+zEhMkjONe4mE/fP8vRink4Wwu8LUSVm70qivw13U3MzOJ1TEWlDxn6KkOGDdTd2AbLcvDQgbrsq6+vE0fq93Kv/yJv37vK2/evc+95/vmV50DXpVhbm3UVufqGGiqq9oky3k7FgRpOnlW51X26Pnnv9dtcv3lHwH2XN+7cFlM9z6/oFqkXLp7T6wrwqpZ739WLsr/bAHMx1XpUtSA90X5MlHq7Tv9qPtGhy48qmLS0nxbVfkqrxdqGY9Q1HNWtVdds2cyOKqXGa6isU4VmjrLngArmatIpbCrqvbqxlarGNk52X9XHb9SEuVi5R4iSjMLNL5KAoCiiwsJJiYkgIzGKXIF6gUBdOTqzpo1l9Yr5bNu8hp3b1rNz52aB+k4qnxdUUSlblQL4qv1VGur14kDU1tVRXXNQOx3HWtp0R7ITqsiMnINK/Z69qKAp6rj3pp5PV6pYtU49e+myrqGuUsJOy/OUqeF5XfP98lVDsxZdlOayNgVd1Z3uyNEj8pn7qTlYxYHK3ezdtZW6g5V6SqBZVPWprkviCNzg4lWVCvdXI5j/rhv/ouysGh0wpMpdo/1ct/4uCvAqFU+l4OnStaqIzsl2Ll3u4Y27dwydAJeux0IUubVjmAA8XJd/VQpdAd3eTfbZ+8g5aMXLfx8sNkQD3XiIGV4CvDAPAUlYlADdMOw+KjGNovhEAXocxdGRFIQFkeblqoEe5yzq1c6KMIF6qChoFfjmOmworkbGf8Lcz8pG7gMOuIs6dzA2Jc3fj0kJsWwqzuX4zIm8N2EGvXGZnAqL57BfOJ2JmfQkZnM5Qa6nyHQKzW3xGzqEbEcHZgYHUOjqQI6TFZMDXJgX7sl0X0fmBLkyLcCBZQnuVJVEUS/X+PEFo+jePJvGFVNIls/0dHDGRVS6mwDdxdkDDw8fUeveotZ9uXXrNl88+0RUppvuVZ4xw5+wYnNiSl2ILlHVzzyIHW9H+FhVCMZJ1LoxCeNdCBppKapc3jd+KO4Jw/Qce6wo9rylAqtRpkSNdiJlmidJU20ITRtMZL4FoYXiBBWaiqp1wl8Ue0SRjSh4S9LLnPFNHiIANCFE9gclmzJ+VRKp4+U9St3ImORDQo6t3HfC+PaRD9889OPbD6L4+aNo/vFhAj8+TuebJ7l88W4aT98fybMPBebvZ/PlW6k8exTHp/3iCNzylaUXn17z4OmjZD6/HcKHPR68edKd9u2DBXhOAjZbWnZZcGKvBY373Vm8MISWlnx6L2eTPV1UdaoF4dn2BKYZixNiQZTq9z5SQJwh9/xUczwTjAkeYUHgCCtR8bZE5NngmyPgL3Mga4o3tx5c4/sfvyMgTQUbBhIgSt0/34GAAidxXDwZNTqM1eV5OrXsRO0Szh4VEJ/YRlf7Ns42b+SiLPvO7qOvs5K+c9V0HNsuYrSUrQty2D0zlvXjw5iT58/yyQnUby7jVPUi+b9W0t24mrN15QJ4Uen7ZtGwcxo12+cIvOezYflC1ixbwoI55YwomE9w8hwcwydhFzwZl+BxZGWVsHbeeA6um0ylsGPrrJEsHRfDzNwAlk3PNKSxCbzfv3+BB9eb+e2nz/nXc4Dr6m+//VUF7o/npubODfu+5sfvPqO/56LuqPb78yh3gxL/SpT9s+cwf6b3P/vmG5ZVnSd7RQsTN7bzt0lZ2cwdW8KuFYs4Vb+PW53HePLGJZ7cucwHN7t4u6+DRxePcamlgjkTRjFz9AgmjY0hJ92LqcXRDI93JSJUTsAkG/JH+DEixQ8fD/GexYN3dXDA2d4aZ0tzrI2NsJaL295ILnBzM/z8xRuLcmTa0tnsb21lybYNJGSFEJrognewHYlJfqydX8a52lVckx+yv2YBNw/O4HHrUr6/spVfb+/m328e5J/3a/inwP3jS7upWljAinHJrJpSwJaF05iQncSo5DDmFaWJCi9hTlYoo6OcmCTfsbwoilWlciOZmsqhdZP46Oohvn/zBL+8c5Jv7h/V0ez/eLOZbwTon1/dzxd9B0Sd7+FR+yau1y/h1LYpNK0sYefMbCbJ+86dXmqIzi7LYWyaK5MnDedi41Rud66kOMECawG5sclLOvBtyLBXdQU4S2sjzMyHaVU+eMgAhgjkXx/yKgMHvcJQNYfuZMmRmt3cF6C/e79fp63dunmN/uu9XL6sItzPcfLUCY4ePUxN7V6qDuzmwMEKDh9tE7i26HnhC5ev6X7mfQL0/pt3uXnzjq4Md+fOLW7c7NN57P8N9F7Zvna1h96+i7oynXpMlYJVQG9rbxY7rqOn1RBvq8D8hEBLze9qpX7iLA1H23VTkZojx7QCr6xXID+irfpwMwcbjnPgULOGuxpurzt6krrmM3z51Td88+13GDkEMsQ+ACMBjqmAx8otAmuPSFz9YvAPiSI2NobhqaLU8zKYOnEUC2ZPYa2cu1s3rtJg37ZtE9u2bxG4bxe472JvxT5xcio1xPdXH5BljQD2kDgejdQeFqiLSlcqVxVlOSkKWcFbQfKcQFpVXXuxrdYV0JWp4W81LK5UtXIEznb36LQ39XoFctW+tP35vHxL+0mB+lFxgFo53NSgRw5qag/S1NzCCTWH39nDOXEgLl27Te9NQyU6VWL2xv2HupuaWlfLFx3VXrRw7Raon1LlXi+o/Pkrz1Pw5DvpnPtT9F27yhdffqnPyZQRYwTkobrDmoUcX9WUxdLBXxeYUcPu9k7BWNq488rLwwxQf+l17M3t8BXgRXh5kxQcRnZskg6Ky42OY1RcvFg0oyLDyAnyE4XuQbKbqEYnG6JVBThR6hE2FhruobYCLBtrggTkAdaivmzscLW0xmqwMd6i1HMiIigToC/MSGJvUSb9w/M4H5bIicAoDnoF0RGdyIW4dC7HDudMaBIjzSwJlPtIhrz/nCBvNsj1vS4hiNWxvswSZb5AwL48wp11Me5U5Mjr5+dybs0EenYspP/geo5tLKdAvrufkzOu4li4Orni6OiCk6ObBruziwdjRhuu5a31i/HPEjCX+ZA8wZOoYmuSBLy6HepoW8JGmRNaYEnGPF+S5PGAHHFYRgq8BOyB2eZkzVNlYo1knxHDp4lTUCjHUxS+SjlLmeNAeKmVqHUTArLNiFYFZgptCMo11alwoXmW+GUYkzzOi4hca1InuBMq+/0FhuGFlgRnWzJmljt/fJUkEI/h09uirh8G8f27QXz3TijfvR2lFfjn72Tz6aMsPrqfKff1GD65ESwizYsv+j35sM+Vj29H8un9dD55WMKTGxHcP+3ChVorjqx/hfbdQ+nYY8TxncPYu86GSROc2LYpka6uAs6cHo5H3CA8UgbjnWxOSI4dgZnOsk9+mwk+ROfYE5RpTXiJE5ECeb+0IYTIMUud5E1grhVxU93xz7Vg9pbRhra+qybimmiB/0gnOXaOpOa6s2pRNifqlogKX8+55nUa3pdP7eLSyZ1caN9Ojyyvd1XQ11XF4UPrGDszH48EH0JSAplUmsziiXGsmp7Mmtnp7Fs9isM7ptJaKSJs/yLaqxZwvGI+zZULqdkxn80iDErLppOUVS7OyQocopdjG72BASEbeT14LZFZa1m4aB1HKzfJa1fSVlHOsZ2zqVs7lt3zRrB2QiyLikIE6v4c2FrO76LQf/7xc+5dqeOPfzzmDz1Ebgh20+VafzHklWuFrpZ6qP1rUfbfGlLQfn72PKrdYL9rgCuYf6Xh/o04nCc6+5i8rpkRC45QuLyZooW1/M3XzQt/by/8PF0pEQBuXT6FgzvWULl1PdW713C0agkddavYsmo6UaGBAu1YcrIDGT8qlhVyAHNTAgj1tyUzQbypkWFkJAXjIKDKTI7H2cEeSxMTrMSjNhk0ECtTI1wE7s7WYq7m+EY7EJnuTWSan4Dcl/AkHzxDHIhJ9SQ6yoVxWSnsXzeHS7WreXhiLd/27eaP+9ViB/Rc+v96s5afblbx/Y39AvQKTu2cx6ZpmSwoimPFmFS2zMxj2+x8NkxKY85wPybEOjEr04/1k9NYNzmJXXMzObJ6HG+eqeDp3TY+62/myZVDukrdPz84z+9iP791Urdu/fL6Qd49u41bTSvorVtE84YJbJqQwsTUIKK97LAVRaL+liydRnGKI34+5pw7toyJWc5MGO6Mp90rWFmoofWBhgYuJoZ88yFDX9Mw1+tGSp2/povSqP2qlvv0iUX0XzjO+w9ucPeNfq6LgjYMk3dxvvsMp0+30Xq8icYj9TSo4i6HaqlrbNSg7RTQKJj3XLmuc89vCDBuKaCLcrt777ao9au6EcuFi53PgX5Zz6v3K+V+pZuLl7rkc7rp7u7Sc+ktraIqWxp1tLvK81ZpWq2iblsEiCp1qvnEGY4eP62D8+rEqhua5bucEHiqGu7HqWtqE9C3aqjvr2/WZWlVWl19y2l97PZVN/C6uSeDLL0ZYu3LEBt/jBxDMHYKxcQ5QgAfjq1HBJ6BscTHp5CfKyp9ahlLF85mjUB90/qVbNm4ho2b1ug2s7t279QwVyCvrDogqv0AB6pV1Tt1nBqoP3JUtxk93nFGp/3peujPy6cqcCuQd+lgN6WKr2vFrmDeKkpYKXf1PKWUFdjbO0UxC9zVaxTYFegVsFWTHGXtuqjNeT3vrXL16+U3am47rbMTWtXzOi9q5a2grUrLKqCrNqmqdvx/149/kfeulmcv9hiAfqVPjxSoMrQqjfFizyVu33mDp0+f8ssvv+LgFqWLypjbqeh2PzFDYxZVBlbVc7e0EcDbevLaa6b8/X9e5/VXhuAoStjXzpEoHy8SgoPJiU+iICGJ3JhY8qIjKBCYZ4cEkBXoQ6Ko5BgBeaKrHSluzoZ1FwdtSbKd7O5GipcPwfZOuFvaYCOK3XLQECI9PJiVmycOdhKLcjLYUpBBa2wip0NiaAkMZ7+nLycF6OeikuiNz+BMZDJxRkOIkPtJhoURkz1sWRrmzubkANbGeFIeZM+yQEfWhrmwJ9Wb5knJ9O+Yxd26ddw4uIEbR3ZxcpfcmEcXEu3rg4OlFXY29tg7qG5+LrrrnZ2tk669399/g6+/f8qI2aECY1+BriWJ4xx00RifEUOJLHEUte5AmCjO+Aku+OcNJnGiExGjHMidF0zGnBCCRH2H5NvgKerVLW6YANpKAGism7PElnoKvBXAhhKYZUXxvAjiiwWKWWaECLAjix1xSxyCv0AxKM+c4VPcGT7Dl6CR5qL+jQSMLlTVeMKP2fzzy1QeXXDlSb83Tx8E8O3bIXzxRgAfXffhkzeCefZ+Jk/fyePju4l8cjuCT28G68ce3wrno7vJPL6bzgfXo3nU7cmtDne66hzpPGBM7xFrzh6wYP8mG8YWW7Bgrh8tjblc7x1N55kCnIJexzlKnL8wAXusKa5hxvinqLruToSJIg/MEqeu1JqUuS7iyDgTOcYT1yQTYsb66Yp8vqLcQ8da62v/6o3LRETbkZfjxdIFGTRVL+T88U0C7x30dGznyqkd9J7ZrYF++dROUeQVXDizj/Vb5oqSj8UsxBljMVMxt2gvcQjCGTUqmmml8ayalUnF2nEcVsPp+xdzdN9iarfK/WLpPGZOnE5O3lT8E2biELcKk9jd/E/YFl6O2IFd6j4mzqumsbqOnpYqLjVt49yhNZytWcGZ6qWc2DeHQ+vHULl4JNvnJLGqLII5eeJY5vnz7NMHup3p91/e5fGDk3zx0R0DzFXEulbZz7T6VuloGuK/fPVfyvsrbYaCMX/B/L/t++++oPPyTRbtbmfk/AbGl1fx6J0P+Fu0rxfB/n7EywV65MAq3nvQIgeqjroDuzjdVsHN3i3cu76FI4cWM3FSMWtWLiAhOYjh6WGsWDiBopw4polS2rFiLqtmjGHJHDk4ro4k+PviaGWB8ZDXcTA1FZgPxVzUqPmwIdiYm2IhF6Sjpz0RyeEk52SSN6aMlOwxxIlljplAQlqOOAq+rJw5mmtNm3l6pYJf36zmP+83wpOj/OfxUf54p4GfHx3m61vVutBLrzgee+YXCKzTWVacwJLCCJaNCmJlSQjLC8JZMCKQ+VlBrClLkh9gBDtmj+TiwWV8d6+NX97r5p8f9/Lbk0v84/0unt1r5YNL+3n77E4eX9zH4wv7+KSnSkP9at1i6lcUs3Z8PKWp/kR62WMsqkHXKK7YREGSFdkjIuk7vZH5JT6EeQ4RJ2YAtpava+VtYmJQ6Qrk5nIczC2NMDUfamixKqaG3tWcuqWlCSuXzOetO9d5694t7ty+rlPNrly5wMWuM5w5c0KsjQ5Rzs3NR3SltLq6gxyoqRZAnOdCj5prv67t6tVb3Lyhyryq7mr3BOqi2G/0CrTP/Ql0td13tefP3HQ1HH+px9BzvaOjjcNHqnWBmVNnzgqsTtKiUsEEbse1Su/kWJtY61maWs/Q2CZqvfU09UcVwE5SLzA/fKxDL+salRlgruz+o/f0sYtOydNAf2GDLLwYrOBu48cwAdIwUZfGAiUrl2A8/COITUijqKiQyWVy3i2YxaqlC9m4bgUb1q9i+3YD0Hfv3StWQUVlNfsqKqjcX6XBXl1br6cIVP52i44gVypdBZ71GIbVu6/owLSuyze0nb9yUw/Jt3de0LBX8+dqqZyADoG6KrWqhtwV1LVCl+2250P5Z9RQ/oXLOjVOqXlV9EU5EWqqQpl6XofsU06Cmrd/US9egfyFQlfbati9R+e+39BTAKq4jTKdVqfm88WZuNzbR+/VPu6/eZ+ff/6Z/lv3sBSnyEyOm5EcS2Mrb4aae+iloeOaz/N8dDeMje146X/EsXxtGA5mFvjZyvXpJjAWoI+MiSYjPJy0oBBS/f1J8/Um0dOFJA9nktwdBeSOWqWnuTuR7u7KSG933YwlR67h7AB/hvsF4WFli5uNLdbDjHTOeLKfP2VpaczNy2WhOGdr8kdSlZtBY2AYdb4B7HX34lhIlB5+Px+dzJHgcBIHvUqWpTHFtiZMcrNgupcFS8MdWBZux/JQBzaJENiX4kvrhAQuLR/NzYpFvHVsF/eaK7h6eI8ozg3sWTyX7PgobI1N5ZoUB8PaAUsL+V6W9nrdytKO3BxD45aKY1tImxNEynQfUqd7EjfBEfe0wfhmW4jiFgclyYjoUa4kTXYjpsyWgBEmOkUtvMAG14RBuKYOEqCb4JVqLOAXtV3sQHyZE17pgwkSBe4uz1E91f0TTYgQ4AfmDMM30xTfDAtxIsxJnygO0wQ30id7EC8OQ0imETF5TgJ/S+4IhP/zQw7/+S6bjx/E8MHNMB6/EcjTN0P4WuyzWz58LvbsXhDP7kfzmajxJzdDeXwzXGAew8PeJB72pfNI7K2+GHpbvTnfJHbEjZ6jDhzeZsye9XIOJJoSKcp7++Yozp8ezdsPZ/D1d9WUTA/EJljuayGvYRv8OjY+rxGcYU1EtpX8z8NwGz4Aj3QTbONfJX6SGx5pFtiHD8NnuLXsV//7UEJzbKg5tltX6msRUJ5uWsvl07vpPbuPK2f20ntaQXyH7Nup7crZvdQcXEHJtBzc4/0wDRSQBztjEuqKcagLpqFuWIp5xItST/IjMy+C8SVxLJqVw65109m+dg5LFy0jKaUUj/CJ2AbNwiKknKFBqzCN24ZV/GYyx+9k08Y9nG3Yy6XGPfQ07qSrYQOddavprF1JV/0qOmuWc6pqPk1bx3NgaRaV5cPZNS+NleMjWFwSSGvVYn789hP+EEjf6z3Cp+90ixr/SgP991+e8tvPX/LlZ+/w8w+fPYf5V/z689PnCvyrP/f9t0r/b/tDDcGLur/z4EN6bjzix++e6nn2v41PkYskLIzi/GwOH5xBT/csTrXPp+WYHNyTyzjSWEhtbSbbto1k48a51B7YzoiMSJxEYedmpZIzMo35c+awcdUK8axms3rVGmZMncuS8qVMGD+WkEBfLESZ29oY4+CkujYNYuiQQZha2soJXEpU3iwCR0zEO6kEx6hcbCOy5QBn4ZFQSHhiKhNHjeTc4a181HeQP95tFpC38q/3GvnjUR2/3a/ll/sNPLtRw4cXKujav4TdC/LEU0pkaXE8S0dFsHpsBNumJrJ5ShqrxFtbOyGZzdMz2bWggIOrJnJq7xIenTvAN/fb+em9c3z3sIMf3lJ2gn+IfX69ljvNa+mpKufcnjmc2zuHjm1TObK2lG1zM5hfHMHopACi/d31DeB4c504IcmUjorjg6s7OLt/NOmRDoY+6SYDMRNQm+k0tVd17rmNrbkoJFO5oQ7TQXGDhg7QpoCuWqb2XDjLvdtXuHvrmgHoAtweUc5dnSfpOtfBqVMtHDtWz+GGgxysqdTztcdPnOD8hV4N8t4+AURfvzgCt7VCV7Xb799Xke53/gS6UvpqiF1Vjet7PtyuhuJVBLyyixfV/GyHqPJGGpvqOX2uU0e7t6kKbCqiW0O9i6MnzgrQT3O0XZR6+1mxTq3KDwnAVZe3hubTumnMkWOyFKtr6tD29Nm3vPXu+wwwdeY1MxdZujLQzJ3XzTx4zdRF9rkK3D0ZYuXFMFGWpnairtwDCQyJJj09k7JxJSyYPZUVi+exdtUS1q0VqItS37xlI9t37mDHrp3sq6xiz94q3amsqrpa93CvE4WuCrEoa2o7SbN875NdlwXaorDPXxFA9+n59K7L/Xr9ZFcPF/puC1Bva9WuoK4jz5WyV/Pqz5W5oX1tl4a2gvkpleuu2p+qofweg5pWz2kXp0u9TsFcLdXwvlLeL1LiXtSMV4BXUFdlZ3VUvQrWU53ezl/QefKdAvce9Zqr1+m7do0bt27y8C1DgZ4Dh1pwCUrFNSgFB69YnHwTsHGLFKcoDEunEEzEWTKy9MTIwl0cbjcGvGrMwFcHYyOw87GzI9pTlGFoKJkC89RggXlQkADdh0w/H9I83YhzsiHFw0Eg7kiGlzMjvF3ID/QmP8CLAnleUXAgxRHhxLh54W6tgG6Hs6k5UaLOM8RRGJ+SwvLSsawZP54ludnsGD+KhkK5+Xr6sN3dg1r/YJqDIjgVHsseP2/G2RozVUC+yM+e9aLKV0e7syzalSXhTqyLd6Miw5+GokhaJidyalEB/QL0R8f38aCtmiuH99KyfbVc94spSonF3tRMrkczTE0s/+xTbzTMFCMjM6yt7Llx4yb/+OUH8lfEEVRgS/rMQCLH2hIsKjx4lL0obAdiStzJnhdGSLE9PtlmOrXNI9VE1LUJIVlOBOZZEiPK3j1xGFGqNeo4axIn24kzYI5LwivEiSoPSjEnrtCWSDGvNHOdB++VNlAPwyeXuZE2wZOU0e4CfntCxZFIKBIHItuSLx7F8fs3pWJjdara/b547vcG88E1Xz695Ssq3Z+PrnrwaZ8bH1x0472Lnrx/2Y83ewJ5dDWBhzey5TX5on5TOXk4gvrd3rQdcOVohR0V253YsdGbqOSBosQHCRytqdyXSnfXRO7emcXTbzvovrqMkHRbgacR3gJrr7hhRGcqmIvDlmKMhzgljvHDcE0zJrhI1mNExMWoHHULEsfby//jzPDp/oycFqrP1Q/fkfuVKO++c5UC7n30ihq/2LGV822baW/eyOzyEgJSgjANcBKQC7yDDWYS7IpJiJvBBOymIa5YhLtjF+GBW6QHwbIcnhrBiJQwxhSkU1ZSQlpaHo5eOXgETiZr1HKmztrI+jUb6Ti8jwuN+7h4ZDcXjuzgYtMOWW7RQO8+spHuwxvoOrSac3XLOL1/Pke3jKd62UgReDnULMth9/x0Nk2LZ+WEKLpP1gh4v+VfP33G2zcb+PzDmzpC/Xcdqf5MR6wrhf6bqsP+AubPgf3bL8/3/fSl4fGfVDW4pwblLq/7/edvtOL/+duv+fCtd/n0vSccPdjC39ID3UkIC6W0KItlc+PYtzWJvVsz2b4piwP7RolXlsCGNREC7VDy82KZMqmAOVNGEBHmQkx0qHg66RSUTCQtZzwRqXLAkwrxjsli3MxllC9dSWnJKHzcXEhLjCFSPsfB3gk3Fzc8/SLkRCjBIjgby7AsrCOzcIvPx9I/CTPvZCwDMsibsoCMzCxWzpogXtIWPugSpdy1jS8v7+SLnm28e3IltxsW0rV7Msc3jqN2WQE7Zg4XoMsBHR0rN4kE1k9KZP34WDZMSmLrrHT2lOdSvaqU+vUzqFs/nYatczldvZJbHbt42FnFk77DfHi5hkedKsp+D2917uX9rio+6D7AvbYdtG+bReOaiVQvLaZqaSE75mWzZXYB5RNzeeutR6KEe0gItSQ5xp03OxexolQUvPcwLATo5qYDsbcaiI2VapE6QAPd0soEG3sLLKxNtDpXYDc2GayH3G3tRH0smsfRhioe3OnnzhsCZqWcr3QLrLsNQ+6i0o+3NnHkSC01NRVUH9yra5f3CISu9PYLoG9qoF/vF4WuGrLcVfnmd3WpVzWHrobvVe9zNbz+YthdAV29v54/F6CraPeznR2cPNX2POhKpcOd0kBvP9uth/eP6zSqDp0Pf/SkKM9Tat95jrSc1o1iDjW1G1q5ylJ1gVPr9QL3gw2t+mJevmYzrxg58Iqxo7ZXjRx5zdiZgSYCeWMnBhg7MFBsiLkrRjae2LkFEh4RK+dHBmPHFDJ7+kQWzZvBMoH66hVLWb9utTigG9i0ZTNbt29jx85dotgr2LW3korqWh20p9qPKpWu6s+r5VGB+jFxQk6cUar7skC8V0P2ZNclHYF+WlS2Cpbr7r2hh9/VkLtS7WreXKlzBW+lvtXQepscE3U8FLhPioPQLb+FgroG+6Vreij/RdS6er6ag1fq/L+j6xXUFcx1WpxqCnPjDXEo+g3pcmroXaCunIlzotIV0K/fvKVhruzxk8f6uE6cvgg7jyiBeQy2HtHYCNSt3aNw9E/EJSCFgKiR+Iam4eojsHcJFag58PLfB2E+WG7IAuAQVzdSQ8LJCIsSsIeRFhxEmr836aLAE9zsSXWzJcvHRcyNwmAfRkf4UxLhy7hwP22jw4IojYvXNd59HJzwdXAgzs+P4cEBDBdnf1J6CgsK8ygvlGsoP4/1cr+onz2FmqI8Vnu5s9ndnUP+IbRGxrA32Jv1Ya7sSPCianggFSNCWBzpwpqUABZFebFA7klb0gKpLoygZkwMR2ZkcHHrTG4c3EhfvYDhwFYaNy6lZnU5i8uKCRZnxXioMUPkfx08yIjXBw7htQGD9bbRMDNysvMNUdjte0mc4isg9iFppqr25kZUiQfhAmBV4jV7fijJU0S9j1dFVJzwz7UkVp4TUmCPnwA4epQHkUWORBY4EFtqS8pEDwJFxUaKExBRYE1Ijjkjp/vhn2UlZqsjxdV8vUpdCy+xwi/DjEBRvuE5dgRniZKXZYoA8eM7kfzw6Si+/nw+3305jy8/WcCNnkTuXwnnnR4vPu734pN+bxEszjzs8uGdC4Hc6/TizStRvHk9k0e3izh1VPVPD2H3+gAObLJn3wZz1i63ZdZ0+e1jhmBk+zIWbq9i6zuIuQvCxakfS0/vAt59coR3Pt5Hy+W1zFhbjGeiBQ6Rr+McPgivVDNsQl/HLc4WI5e/4xwtSjzfnsRxwWQviiBo1DBxfKwIzXMgf3kIzqLU3/zwrkDsRwF6lQb6JVHj59q2sGnTNNILY7EIcMTIX9S4vxMmAnTjIKXMBeYhrtqUMv9rXZzTMA+sg92xd7HDw92JED93spKCmFEiTBBGTBkZxvhkH/YvK+ZS8w76OvZz7VQ1va2V9DTvpqdll+zfyYWj2+lu3Mx5BXNZXjgiYG9Yw5mDi+iomE3LtgnUrMimcX0RDasL2LsgndUTIrRS37akiF9/+FSD+p07bdy/2iQQ/sIQ4KbKt/78HNr/+PIvqIup/f9U+57br//4b6h/ZQiuU0pfoP6Pr5/R39PP1c6rvP/gIX9LDnJjZFo40ydnMG9WCuXzMlk0P4u5MzPERNUuTGNDeSpLROUmxPqSmzeCTavKyU6PJzDAj7T8MYSmFRCeXize2ThSCqdQMGUhpbMWk5iYRlqEeK+eruIAhJKQmk96ljwnJYu4jCJic6fiFJqPd9xYAlPKiEifQljKFKJGTCcmS2A+eiWZ+bOZPGYCB7eu5VTdLs4eWE1n5TxRyRM5uqaI+kUZHJifTOW8ZPbNTmH79BQ2TEli/UQB+cQEVpfF6SL6qyZGsm56IhtmZbBpXi67F49my4JiajfOEqCv5nrLDm6d2MEb7Tt598IBnvQe4smVet7pOsCbJ3dzpX4lZ3bN5di6MmoWF7JvfjbVy+Xms2EidZtnsmf1LC50neLJkw9FkbsJqAexck4yMWF2GJsOwMVeTnb7QbjaqS5sAm5zVe99sAa6naOVYdhdYG5uZawD5gxz6IOJjAriZHsDj+6plLV+bt5QQ+N9usKbGirvPHeSE23HqK+vpkF1HGtpkn3n6elRuerXNMyVSr/WL6+9fUsXjlEwv3P3JrduX9PgVsFvaq5cva8h8v2CBr1S7wrm57pUD/H2P+u6q0YkzceP0XSsmWPHWzne1iHwUhHj7YbgONUoRtTpMTWk3HZOQ7y+UQ25n9Tral5d5cjXH2vl7gODknTyDOXloTa8MtSWV4c5CNDtZd1O2wBZf1XtH2LNa8NsMLZ2xcUrhKiYRNIECIWi7MrGjWKegGDpojmsWr6ItWtWCNTXsGHDejZu3sSWbVvZum0nO/ZUsnf/QQ11Zar6moa7UuvH27QdPyVAPisK+txFPaRuWO8WuKtguWsC3z6B+RX9+Onzlzmjwd+n9+vGKAJolQFw9ESHoZ2pel63YZjeEDGvmsBce75+Rc/Ln/yvojZ/VqHrv/VntLt6rQL7i1Q5HSAn22dUZL04A5flNdduqqY7d3V0+9OvvtLHNSQqEyuHICwdgzEVNa6KyliI2XpEYi0q3VYgbiWPOXlG4+IRg5uAX/U5VznozqpQjINKXQsg0T+I5IBAEny9SPYWZe7qQKKrPSN9nESRe2iYj4sOojDMm4IgD0qCvSgVuE9NjiEnNAR/ewGaj5+GeWZEMBlBPkzJTGVqZhoLi3KZn5/LooJ8Vo8uZufk8TQunM7x2WUczEpji7cn+wK8qYwLZF+Kn1bhu4b7sTHJm8UxrqxM9mdZgh8zgpyYE+rI5uH+VBaLSp+XR+eG6ZzaOIfj6+dTv3KuqKg51KsqmLMnyffxwtrCWit0pc6HDFZQHyrXnSVWotBd3bzlernDr7/9Qsa0SEKLHYgQ9ayKwoTkOsrSFqe41/AbaUVArqoG56bzzF0ThhBUZE5wgRUeaSrIzQ2fVAsd5R1T7IJ3koko2kHElYhKLXAV1e2Ac6wRPiMs5fmDSRfVqjq8eaSYEJwvCjhxKD7DzQiW10eNdZLPNSG+xI6udn9++CCFT94Zz+PHS/jgg0Xce7BI7kPZnGv156ZA/P7FYN44H8GltkiunE7SeeT9vcVcvjiaI3UZVO5KYeemYHasc2TbeneWLnYmcYQZFq4DMBMbZvMSxvavYOv1GlFpDjQ2T+HUpdXUdyxn2b4CDl9cz5K9ExgrjPDLsCFxtCOB6fLdkyyx9x+Ka8gw3BPMcY43kf/JhqQZPgQXvy6OizkeAv64Ug9SpvrQ3lurz9f7N9porFvBlJnZuMt91NzfAdMXEH8B8v8N5i+ArswsTJZhAvRwAXqIB45yjnq4OBAd5MXkojh2lWdTtWgkmyfGULEgjbZ9M7javptbnbXc6TrMrTN19J7Yp01B/eKx7Vxo2iKmoK5U+nrOCQtUjvqxnZNp3j6epk2jObFjIq3bSoUJ2WyYFquBPic/gPo9y3Q0+i8/fiyOVh0/PXuTX3/8XKttpb5//ekLDew/7c/tL/4Euep3rk3e5/unn/POvbt89M77vHfvXc4ePy0gf6Cbs6gAu7+lRcgFmuJD/tgQckpCRGn7E5vqSWiEG36BduTlBlI+W4A+bwRlZRmUThjLwQP7mV46jtEFRWzYtldsDzW1qs1mM4fk5nilt5emukoWTplEeUkxZTnJZI9MJCY+jcyRRWRm5pM/bj4FZcspKC2nbMYKZs5fzYJFaykqnsjwrEKSk7OYVDpZnIpZFGUkERnox57tWzi8bzt128TLXjdNK+3qxTlUzU9j35wU9swdzq5Zw9kkzsfGyUqdJ7BuUhzrp8WzdJwfKydGsVEen1uayJJZRayYXcTupePprF2n+6y/c6meT24288N75/n906t8/845nj0QSPfKD920kdPbp3NwwQh2TIyncm4u56qXiSdcz4OLdXLhHOLZJ2/zxx9/4OdhqdPR4nwtsbUaoJW5m+NAvF2McRGgm5sP0Ap9mNHrGuJW1qZYikK3tjPXQFfz6ipITlluXgbnzjTz8I1rPLz/Bnfv3NQd0lSe+MVL3TpY7UTrMerq9lFZtUsr6CtXeuntFehfFuV25YoA/apuuKKUm2qPqorK3Ll7Q/dWV0PsSp0rB0ENwSuFbhhu73ruNJwTB+E0Z86epK1DYCefdbxNlVQ9prusVe7fS7Ost506/TyNTUDepoLjRK2rlLY2pVTPcFjUeK0Cue7RfkLPrStTf1dEcb78uhUvDbTkJVm+PMRGw10DfrA1rwx6boOtxOTGa2aPk5s//kERREXHMDwthbEl+cyeISp9wSyWlM9l+eJyAfsyVq1ayfoNG1gvan3L1h1s372P3ZUHdF10BXQFd9XkRHWDqzvawqHmEzSeOKWnEVSgnKqV3na2WxeeOXPRMAyvAN2u5srVMLsalr90Xc+zqwIwCvzqtUr9N8tr1Zy7eh+DQ2AA+Knnr1PR7WqeXj2mlLp67AXMz/Wojm83/2zTqmvHK9iLEle57j3Xb2nVrqLdVf921bf9qgb6nedAf8rTp8+wdg7G0l6ALlC3cxV4OweIBWuIq5Q1W9m2tvcTC8ROgd4hEBsHX8zlGFsZm+OmGq24i/r0UW1RfYgV1Rzn4kyyhzMj/N3JE3iPiwkUVe7PSNkuChN1HhNModxAJ8SFMi4ujGRfH630h0dGMDo1malZwylJiGJuXhbTZL28uIClo0extLiQZUX57JkpCn3uFA5OLuLwpCKOTsinJjeRyswwKkYGsVOAvStLIJQdytpUX7ZmhbM0yZd50e7MiXBiXVoAlWOSaJxTSNOisTQsmSjO/jh2ioOwf9EMjm5cRu3K+SwaW0Kovz92to5YWNgwWJS5iZk19g5uAnMf/HzDCQqK0edo8+k6IsfYE1RgKWC3wT3VFNeYwXq+2yPJlJhxrgTlOAjczfFXUetjRX2PsyRmoj3ho2yILXHFNXYowbm2Wm27Jw3EI3YYHqFGhGXb63ztoCwLbENfJiTfEU+BYtAIK3xTTTD1/r8IyXPEN0mVjLUhXD5TdTRragrju8dJPPsgh4d3ZnPq1DTOnpkmAmACtbXDqa0OpeVoIm2t2bQeL6S9rVQc8wmcbBvFzq1RHKxKpWJPLPNnOjN/riupw00E5C9j7v4SRo7/N2Yur+MYZCzO32DMnF/G3vd1CieHsbV6FtM35dNxfQ9n+/fTcG4bZQLHoEwLSmdGElHgSFSxkzghVtiFDcY12kSOiw3e6WYEZYtDJA6Db4I4OAVexI3z0iMS+Qsi9XHuungGS39bzAIcRJU7yNIRE39R54FO/78gNwszqHEFcPMID8wi3DELN5gadrcPFicrwJW8VH82LxhJ3co86sqHc6A8TWBcJkq7nOsK6GdquNt1iBunq7l6slIgX8Hl47u1Sr94bJvAfTuXjm0V9b5FFPpaEYFLaNk1VVebUyq9ffcU2nZN4tDaQnYvGM4aEZDzigIoy/Dm2WcP+e3Xr/jmkzsC9Vq+fHKP3wXQv+rh9C9EhX/xHOBfGCD/5/ZfQP/6syc8ffKELz96zLt33uRIVaOoLwiXegAAgABJREFUc1HzPzzlXwLyf/+qOrZ9z99SYrwIj3AlXUAeFueCe4AdDm7isYpKNLIYRGicLYkZjmRkeZGZHSTqOpr8EUkUZ6dQV7md671XRRUtZdnCcjauWMluUUL3bt+kub6KssI8FkwsoePwVk437KC+YjOdbY1sXFnOpLIyVixdTmlxCRMnTKYgfxQlxWMIC48kQNRASmIcscEBRAX5kZ8Wz+WzJzjd0kBt5V6qtm9k19pF7Fk5U4BcyubyUWwvL2CbKPQt05LYJLZxmqjx6fFsmBrHuhlxzC5xY/GUGGaWjaAwP4WionQWCdAPbZ0nXtpSumrW8NbFer55dJafn1zmt4/7+NdXt/nnF/38/F4X39xu0tHuz24e5mn/YX768BL//v4+//n+Ab9/dk2cgEt89dGb+qT08XHBwspIN2gxNVGV4QYIsAdjZfmabqlqJPtUJzYzeVxViDO3NH4eGDcMI9PB8vjg568VR8DDQS66TXJMe3n08B737t3RUL569aqo8EucE9V8XFR5Q8N+auWYn2g7rmu89/aq4Lkr2vr6RHlfvy6OwA0D0JVSv9MvQO83FJfp6dbw7u37KxhODbsrp0GlrKnCMp2dZ0Shq/7oLTQ1H6K+oZqGpjoO1Oyh/kiNqNJOHVimW7iKWj989BgtHWc04JsF8A0tpzTA65pOGObVRaGfu2TIPS+bPEcDW0H97wNNBermsm7Jy3qfgryZmMVzoFsycKg4TJZOOLp4ExAYQmpyEiWi8qZNLmXurCmUz5vF4oVzdXey5cuXs279elatWcXadRv0sPsOsW279rJjbxW7KvYbFHttvQC9mVrV/lVUuppTP/J8qUz9LypoTg3FnzhzUdYV0C9rmJ+5cFWrbhVQpyL+VblW9dqjbae12lcFfk6eu2QYchen4FRXj7ymVzsECuiGdqeGCHsF8xdQ/1OJ9/9VevbP/aqKnYK67FM93DXQ5bkquv3eg/v6uHZf6sPWLRxHjyjdlEWlrlk5BYoZuq7ZugQLvL0F5AJ0Ox8srD1l6a1T2MxM7TEZZoq9qQVBrh5Ee3kR6+FJlIsjCc8D4LIDvcgRyw72JtXLhZxgXwF6kE5lGxMTzqiIEPLCQkgRZZ8eEsa0glwWjC5ipYiCTdMns2RMEWOTYpmYnsK8/BzKRaGvGz+O9ePHsGPyWLaPzWXP6BHsH5tJ3dh0miZmUDcmgX15kVSMimN3YRQbhgeyOSuSRQnerMoMYUVGEOXJfuwdl0HNjDxq55ZQMXsM26aWsH3meCrKp1MptmPmBJaOGUVhWhqOdk7iZNtiY+uEp5eo48BwwsMTiI5OIz5hJIcPH+Pf//4XSaW+ojKV6h5CSJEjwcNtCMiQ+2OxB2XrRxA/1Z+oMXIvneHPiLkeosJNiCy2xD/dHIeQ13AJG0ao6rMuYIscbUmYcgCSzXGKHUBEnjVhBQ56PtrS/yV8MsX5jx0izoIxXgL+0Bw7PBOG4ZdqjnfCICIy7UkvtuCbx7n89GkOX326mDv3Kmk8upBlS7MpKgigINtR7sn2HK3xpvNENJcvFNBzeQZ11YWsXhxO1Z4Y9u+Nws1ngDh0A8TRG4CRw8sYC9TtfAdhZvcqlp6v4xpshJW3KPQCF/yTrAkWJZ49O4B9zYuZs66A2QL33Fmh+KRb4ptiSXC6tTgj1oYc+zxLoktlf4YJQfnmpE/yw9L1VcKFKVlTgwnINsUn1UqcHCuOnt/PL7/+gnOMj4DcWZuaLzcK/EuVvzA9V64VuQHmCuTmkWIK6MoiDdsOsd4kpIWwaFoqh0VJH16doxu8NG8q5sz+OVxoWElf62aun9xDX9su+k/t4/qpCvpP75ftfX8OvV8SpX65ZYeYgP3oJs7WLOf47uniFEykfc9UOsTaRLE3bRxN5eIsEZWxLBkdwmxR6dXb5vDjN080mB9dO8KzD6/w83efyvaXWq3/8r/Zn0D/6S/QP/3kQ47uP8anH7z3p1pXgXMa5gLyX34UB/7Td/hbQpoHIZH2pOV5EhRrg42LgMd+sFzkRngGmpFZ6EnRWD8mTQmjZGwE6anRAsUslswt5sCuNeIBNrJr2zbWr17FisWLmTVlKoV5+URHReLj4UFaXAzdLdV8eO0EH946zYdvnKP90G6So8MoKxnFtDFjGZOXy7iCQqp27mTxvLnER4YTExpAuLcbvq4OxAZ68/3HD/ngXi/Hj9Szf+dWdq5dyqYls1kjHndKfjbBCTEC9hI2zE5m69w0tsxNZUmZDxumRbFkQiijs41E7QbjFxVIYckI+Z75bFwyiZbdSzi9fyU9R7Zw/9wBPn/jOL9+dBm+vs3/+uYO/+vL6/z7o/P86/FZ/vNZN3xxQR7rhV/kpvnPh/DbW/znx0f869v7/Prtx4biMulJOqjNXKBuKWA2Nh6g67SrwDgj4wG6oIyZxeA/580VzK1tzDA2HYKJuQHyVjamOrXNU26UdbUVPLp/mwcP7ukc8huq1rqu5X6ec50d4n030nS0nmPNDXR3d2t1rlS6BnqvqPU+pbwNQFelXVXfc6XSVdqaGmbv7evRZV7VfLmC+guVrpwCtV8Vljl79jSnTp/Sw/tHjtZSI86Dqkp2pOkIx1qUGm2j9dQZndfd0t5B3RH1nVoNQ/DtpwVunTSKUlcKWA21H24+yYNH7/LLL79gbOEsQLc0qHSBuYK6AexmetuwNNjLg8zluWYMUErd2BoLG7kp+gUxIjONCaUlzJxWxqzpkwTqc1hUvoAlSxazZOlSFotiX7FyJZs2bxWwb2Tt+k1s3LaT7Xsq2bmvih0VVVTVH6a6oYkaVSCnScH9mO4zrtS2KkBzXNdXV9XZujXUT3apSPhrorh79bz78dPnaFZOTUenOAAqE6BL1LnAXwW9PR8aVylubWdU69bLhlQ3FVH/PP1NRc2f7+0X5X1Hg1up8u6+G6LQ72io6/KzfaLQe/r08pI8p1fBXtfdv8Y1FSdx+y+gb9m5HwevaGxdw7H3jJJrO8Sg0gXquqCMcxBWtgJxMQsbTw10c2s3LCzlZilAHzLIGBsjM3zsnYjy9CLG05NoV0eS3J107nlusB9ZAV5kyfU5PMCbEbLMDvRlVGQoJVER5IUGkRUaQk5sLFNyc1gwrphVUyZQtWIJO+fPZpfYfHHEJmWkMT1rBDOz5brMzmSBXM+L8kawpmgky0YmsC43gS0FcWzLi2FtehCbRkSwengIq2V9ZWoga0ZGsSYnjvX5iazOj2d6YjBz0iJYW5zGxnGZrC8dyZqyfFHoEzi0agENa8rZNWcKq8WxmJSXh6ebN87Onnh5BxAaFk1UZBJxccNJTskjKSWX+MQsfTw7r7SJMh+kg77ckkwM9djTRWnmORCQKypc7pPhoqQDMixImuhOWL6NqHpT/AVWkfnOBKaKc5RmTfxoVxLHy71xUgDJZd4EZ5kTI6rfTVS3e9IwreZjS61JHuUu8DTGwfdVfOTzQgXikVny/ilmopxfwzn0JWbOc+VGVwhP3hrNw7dEPV7eSk3dfObPz6CkMIDCHDeWzjTlcocv/edjuH65iCuXF9HeMpaG6mRONGSRK6AeZvUSps4vYe46EBOXAdh6v84Qm//hNav/Azu/13EKN8IpaiiBmdZ4Jg8kfJQ1CWPdyS6NIFTUt2eCiXx3C4ZPCccr1Ah7vwF4xihF7oB96GDcMwfinGCYfnCNMMYxeBDmvi8TUGCNQ9wQ3FIGMXWdIbNg7rqlOnrdNOj/DXKlyP9U6GHPh9iVGn+hzCMNZhLpgUm0WnfDLcFPhGgE25dkc2zrGI5uKqRh5QiOby4WCE/mfN1irhxby5WWDaK+N9J7YhtXO/Zw7XSVKPUqetsquCRQ72nZqYHe07yVLlHoJw8somnbFI5uKePk3qka6q07JtGs5tRXyrk2J1nOuQjKRwUyMz+E820H+P3XZ/zx4xPeunaYt2938tuPX/x/YP6/Q/23f3zGp4/vCdDf4ouP3n8+l/5X8Nyzz97jwa0evvrsXf3Y3/InR5EyyktOHmdGlHqRPtqL1AInxk8NZeGyFDZsKeBgzRQBdzlLFpWQlZHC8vnjudK5j/JZY4gIDSMkKIAJY8dSWlKMvY0tJkamGA0eyusDRGE62dNxaAcf9rfx3o0OAfp5ulvr8ZObQqxAO8TLlXA/uVEEB7Ju1Sq5GU/HwcoSayM5gSzMCfX1xNvZgcd3r3HrYgdNh2s5uHsXVVvWsU0uzo2L5pA1YQKvRiYwaXoJ62ZGsGlekoA9kXnjrKlcUcCyiVFk51hgFeGLdXwcxWWjWDVvPDVbyjl1YCWtuxdx48Q+Pr91gi/eaOXLN9r44eEZfnu3iz8+7BKYd/KfZxcF7l3w+Rn+8+V5/vODqMsfr+mObPzzEf/55W3+/Y3hRjppcpnOJVdwVpBW+eVDVKlXowECdVXWVWD/fL5cmwBcDb8bmRiArtLWFOjVHHtoWAAHqvfofuj3RVG/cfs6t29e5Zoo6EsXTnHhbCtnTqq0tQbaO1q4ePGSQPmaAPmqtssCftWkQxUaeQF0ZTdv9euguFvyftev9+r0NDWE39vbw9VrL+bRDUPu57s7OXPmFKdPqxakrbS1qw5mx2k+3sqJEydobDqkq9QdO96iu7Htr64UoHXQKBBsUu09VcCcGnoXa2hp53BLu1bphg51bfz91WG89CfAzTTM/+/XTP4L6mZ/Qv7vA014+TVjba8OVMfNXJwePzLSUigVxTd9SqmG+pwZU5k+fSqzZs3Qy3niKK5YtZLVa9ewbMVy1qzfwMatOzTU1wvkt+zcw+6q6udQb9R24FADB2RbNUNRkfCN4qwcE1grZ0RB/QXQlUJv7+zRc+0tJ8/TevqCtrazl2g7Ler7jNpvKF6jqtK1iYJ/keqmUv5UpLyC+Yt5+p7+F93cVAGZv9T5ixx0FeGua8kLxK8opS7rfbJUv3H/zRu88967+tiOnjAXBwG5o1cM9h6RutyrrUuYwDxCg10pdDtHUep2otBt5dqw8xWoe2BqITdQY1teGzAUk4Fys7W2I8zVnUg3N+LdnXUf8wxfd1HkXqR5OzPc15VMAXumnzujYyMYnxirIZ8d7E96oA/T8nOZXVLECoF5zeoVck0uZv+yRdSsWsa2OTOYIwAfkxjP2ORExiQkMHV4KnNGDmdGagITYkOZkRzBnBRR+HGBTIr0YlZSoKz7MFOsXPavLUxna2keC7OTGB8fRlG4P3nBnkxPi5L3iRfln8aa8fnsmTOJuuVzqV02l6ryWeycO5OJI7Pxd/fBxcULT09/UeaxxMakExOfSWJaHilp+SSn5nG4odnQuGVNPnFjPEQxu4nqHoRrpEAuww5vgbVTxBA9Px6UpYbY3Uge764VdawqhZpninPcQBJEhWdO8iV6rLxHgS0OkYOJK3AkUkDpL45A6EgHkkXxh2ebk5rvQIJ8jov/APyTjQgf6SowHCKKXdR72CCCU2wIjDNjzFgrOo6Ec/HMSM6eKqPpyHh27ihh4TxVgEl+tzAz1vw/jL13VFbX9r97/rt33HMSE7uINOm999577733LgiKYu+AoghSpPfepQiCiL13k2hMjinGFjVGo8LnzrVeMJ7z+37HvYwxx95v5S373c961pprrgxhnOtRIhNVw5kRO5w+EYvJkQgc6/BCcpI6hKW/gLgqCQeZurDCQqzWWoiVCl9BUmsBZPXoPG4rQsAWgTS9XtMgOQ5gE2KGib8MNKyEoeOlAA0ydH0fluQnA3mzJVC1Foa6owRswjVgyqbyhUhDy0mSGjrSUDYRhpTuUuj7ykPKbDGU7BdBznopzlw+iUs3r0L4v4z8c6jPj5ezENj530BfRbHSXBVCFqqQIKgbOugiMcYeZZvdCeLB6MoLRetOX7Ts8EVnXhj6COrHKtIxXJWF0bpcsu9dONlRQCAvwqneIzjdW47JzsM42VlElp5PUN+Podqt6C3PRv3eKDTsDkX7/mh0FMag/UAsOsnSG/aEoWyjFw6k2xHUWde7IfLWBePl8wd4R7D+5nI/bk834a9XDwnej/jUtc9h/vbVT2TwD/HowRW8+PUefn9yH29//wnvCPDc6l/9ghdPvse3ty/g96cP8eeLH/Hx9Q94/OA0/hGbYYPgZBNY+yrALkQRrgkaSN5iiUMl4ejt2YzR4T04fmw7Rnq3YO+uEMTHUyt4kw/aajKRFOUBBSkZqCjIwcXeFgGe7gj0ckNSZBBy1yTi4K71GOuqwg9k5Y8uj+D7SyP48dok+hqPQkNJAVamFtCkH5OYsChEhEWwePEyfLVgIf71xVdY8OVCfPXl1/jn//1/YdmiRWgsO4jj3c1obapDTUUZSgv34fDezTiwNRtZOWsg4uwJDd8AbMw0xbYsY+zP8UBOoiRqC2KwM90Thq7sS7aHmKUtklOjUbonG42HclGfn4HS3FiMVO/G2a5DuDpwBI/OtuLZtS58+Ibg/YiM/NkEZl/Q9tcBAnov8JRM/Q8C+pszBPLzBPTroDuD6C9Ye3rXdixesoBXfWNwFgB9EUF+MV94hdk6S3ibt3E2XY0tzMLuz7rc5y8vWfo12dJKREQGo7WxBifHh3Dt4lmC+2mcZ3PFJ4cxNTaIocFu9HS3kUH3YHKS2fg5nJo+Mwf0KR7TZOjnL1zABQrW7X7+/Nm5+u1n+HQ11s0+MTFGjx/nQGfWzmDOqtEND5OdD5JVN1TwcfoeVi1ucBDdfX1oa29DY1M13VZFUY2O7k5Use74tlY+F551Qc9Hc/cgmruOcSCOzHW3u3sH4V8E5y++XvkfZs7356D+H8HvK4QvqRGwYCFrMElAVU0TlhbUaKPGZniwL6LDAxATEYxoMsLY2EgkJMRhbVYGNm0mU8/diPUbcrB1205s27GTLudi644d2F1wEIfZuHp1LY/iikq+gAwbZy9l3fFk7az6HXvtLBi4GcQZzLmhD5G5k6W39o7w6xnsuwZZxTi2tO1xuv8wb9iwVdRY7XuWX8Aus2BJcQzoPIFuZJxDXGDnZwnkF7itC9Znn7N2ljzHsuEpTn2C+Tn6jk/zePTTIz6vV9vICQoEcyVtG97tzhLf5AjsbF9CjtVxN8BqOVbLXRuSMlqQkNaEiIQqX1JVSFgWS1kvyMJlkFklChMlNViqqsCCGuj2ZOkeOkpw0iKw66rAVU8V7hS+hhoEdDMycz24aqrSVhv+ZsaIofNCZngY9mWkoHjjOm7mDbu3o2BNCvJS6DyRkY6csGCk+hDY7e0RTEYfRI+LsrFEpLU5Ym0tEGqqD39DLWpEaMJDVxnBppqItTFAipMlEuzpPnYWvDHBegf8SBSibE2R5mqDtT5OWOPtgC3hPshLpBPt+hRu6SVrk1G4JgkbIqKgr6wJeVk1yMtpQkfHHJZWbnBwCYSrdwRc3IPg5BIAa1sPfrxOnRmDItko7152F4ZZsCxZtziMPaWgbrMKtjHy0PdYBddIbZj5SUHNRgiyOoshZ/EFjAPEEbHZGuZs2hsZvT5BW8tlKbSchaFssRK2keq8AWDsJQxbPxnYuUnB0l4ahk7LoWm1HCZOClAnEJraicLXSgyHQ9UxEauBk/7y+HmdPn7LNMGvyWb4ls7nl7PM0bvRAoVbnBERqk0CtQT9NWq41KeIy4OquDpuim/Ou+HWaWe0NzhCjixcWPZLLJf5F6TUlkJGdzFWayyCLG1FVL4iKydou9J7pvem7y4NJcsVUCXjtvSQhjs1TmQNl/H3qu0hCXlrer0eK6HmIgp5y+WQtVpCn4sKdL0I+H4sN0CGDJ3ub7aCrH8JNQCkoOy0GNpu4qjqOMQ/Z/Mg109G/t+GPr//97j5HNA51MnOzdWwylIdkpZ0zLrpY8MaD1TvDkDv/lD0FYShc08g2nf5o4Oua9zhw6HeUxSPzsOJGKregJH6LRhr2oPJjv0EdIJ6zxFMdR4i0BfiJBn68frtJILZaDmQgApiYeVmLzRR46A5LxJtB+PRQsyp3haAoixn7EmwQm6kCTKDDdFWtYtgTLB+9oCAXo3fHk7j9bOHnwH9Z7x4/C2e/XyHQP4N/qTr3zLAzxn7G4rnv93HzSsncffaafzy8AauTffh1qkW/HjrOD3XA/xjXaor1iS6wCvIAPbBanCK0oBzpAayNrqio3kdjnVtwGB7NvpbMgjiqaiviMNAaxb66nNRV7QNJXlb0FKxHyOdVTgz1IIbUz24f3EQj64dxw9XjuP+hSF8c3oA98704+6ZQdw8NYC+pkroqqtAQlQUUhISUJSVgraaIsz1tHnNbh8Xe8SH+mNrVjqO5G9DT/0RTA+0obm6CpXl1aipqkRlSSFKC3bh0O5NKNi+AZ5xUVjp4A2fJGtsWa+Hil2R2JylgL7adOzbHAsZ+rFreATALjAAGSkRKN29FnX716F0azxqd2dgrL4At08046dLvXh6rRfPb3bj/Q9k5b+dxOzLScw8I0t/0kNg7wd+J9C/HMPs27MEcjL0D2TmM3cwi+/5wVhXX8Oz1Fm2+jygeQgt/pTsxku/Sq7i3e4s2O3zQGfB5qKzmu6iEsKwtDbBju2b0NnSgInRY7hEAL509iTOE3hPT45ibLQfx0cHeX33M2cE4+tTc13tJ1mhETL2M2fP8xrVAqCf44l1rMudJcYxU2fJcWwcfT5Bjo3DnyDAszH0wWM9aGyuQFXNYbS216Orux09fd3o6u0ioLegtY0tdlJDt5ehvbuD4NeIlq5OniTHEsJ4JTkCVyebq84tvR+/PH6C3548wYKlYgKI/xfA/4b6Sh7M2P/JYD5n5yy+XiKCFauk6XOUg6qKGmwtjeHn5YDwIG9E0vHDgB4XF8ktPT09jaC+FhmZGUjPWENQ34DczZuQvX4dcnI3Yd+BIhwuq0RhSSmOVNXgUPlR3hXPxtdL6HIVGXtZdQPBvBc1LR30foY+dbtzI6f9DgI3M/e/gU7XEeDZ+2blcVmPBauo10xbNlefTe3rpM+HwZ3Ne+8dZkCf4FPjBEAXgJzZuaAc7RSvCseKyYxOshr90zyh8PSZCwT0MzymT5/Fy5cv8e3976GoaUlhDTkNArmGJWRVzChMOcgFhm4IMRkdXgZWRpElx7GqcXQyZF3uovIQXimN5UtWQnSpEPTllWGtoQ5bZUXYK8sRvMnI9ZXhqKUMZx1VuFB4G+kg2NqM4K4Fdy01gq8OAgjwCb4+CCXr3p4Uh5odW3g05+1G877ddOLbhEaC+x6y9yRXZ2wIC0e6ry9CrCzhb2qMAHMj+Bjr8a58R016DXSeMJKVhpuOOj0/NRiMWbU6Lfib6COQ7htla4k4Rxukudsh3skCa/2ckRXghq0RfjhADfmydclo2JKFqpw0HN2QhUPZWUgICIOjrRd09W2gTWFt7wtbRzJz9xC4+0XAwzccXn6RaGkXJHGuzY+EZagSLMLk4OQtD1MPMulQFYRnGFDowI2M1IjAbB5IRupAYLNdQua6Csah0rDwV4AZXW8UKElGLgxdZxFYhylzS7fykSUzXw0Lt9VIzXWCh5+GwMKdxaBpuhjBDtJotJPDOXMZvDRXwgcbZXyg7UdzFWoZG2E20ZNeXAhm/K3w1ssAr9218VuINi6ma2FbrBLWpqmhq0oT091KuDCogTvT5rxS3L0Ljshaq8cz2yU1l0BOdzkZ+mKIay2BsNJX0HEUg467CPQI6BZh0rCOUIGC6UpYecnD0lYKxjYi0LYUhp6bHMSVF8KA3odBkDQM/GShYrECqxS+hFmQFG8M2MfT+wtSw2rdr6HpSI0Ed0n4b6EGh7sElJxWQNl6maBqZGPV/wFxoc+S4ridzwF8ldlnQGdhoQZRCw1IWqjDxksPOWnOqCcz785nQA/FQGEEB3vXvhACui+6D8agryQJrQVR6CpOxSDBerBqPUYbtuFU5wGc6j6Iqa5C+twOYrKNLL1tH0GdTV3LJXjHojzXg4zcE1XbfFG9PQCteVGo3RGM4nVu1GC1w5ZYc+REmVKj1hS//niDwPwTnnx/HpePl+PXH65wyHNgk60L9h9xI2cgf0eXnz3+Do8eXseFM0O8TvwHNhf92V18d6EHTx9M8wz6Y4OtiEkKwz9yEtyxNsEFwWFGCEw1Rki2JRwiyNKzbFBRFovOhixMdefjylAxbkxU4+ZEA25PNeLSSDWun2AA78CVsUZco7g+1oQbdN31yQ7coLg63oYLI824PNaKaxPtuHGyCxdG23D+eDcmepsw2V2Pk111ONFeifG2oxhrP4qRlkocayxHX00JjjWU8+75U4Mt6G9tQEhoHPbsO4y66mrUVhSj/FAeivO2oXD7emzckAIVT0+I2FvAJ1wd5bujkbfFDC1Ho7F7Rza84pORvn4Ddm+m1vm+jagsyEH5jjSsC7JD6cYE3DvZjSe3J3B3ohH3xqrx53fjmH12CbO/nwFejgDP6cf8cyNmvysDHpSTqTeQuQ/S9SOYeTlFln4ZmBUY+jhBkFWBW/5pwZWFZJJLISKyBGISK3k2O4M5626XkhXn+xJSItzYGdzZ/VmwNdLZdVIy4nB3d0Lxof28tOk5Vp516gSunJ/G+anjmDoxiFME4enpKZwlcLNktvlkuMnPEuPOnj3DQX769Cm+oppgdTUB2NmiLPPFZBjQWa34EyfG+Rh6/wCbplbHy81yS6H/w6attRLMm1rq+dh9M20bGusI/HV0uY1XkWPTtgQrgZGh9xC8ekfR1j1MQB/kz1NUXMYB/TnAvyBwf/EZ2OdBzs18oRC3c27oc0BfvFyUGj+reHayrrYGvFztEOLvzqEeEeKHyPAgJCXFIi4+GtHREYiJiUJsXCwyCe4M5mlr0pG9YRPyCot49zvremcZ8AzshWyZ1zlrL62sQUVdK712Nt2ugzdSWnmi3AlMTF/Ak6fPee8DM3dm7AzqbE77vIW3dPXNgbyfYuDTOHw7NQxae4/xJLsesnyWdDc4PvUp652BnXWzsy2bqz7Ci9NMcUtniXAn6DYGdDY9kQ2tTFCjjv319I9AScua27k8wVxe3QIybNEbNWborOtdH1JKBryeu5S8PsRltGmfQkqdLF2Zj6WLiyrwzO8lXy6Cjow8rNRVYakoCxcNJZ4Q56lPjX8dNThqq8KJtl4E3gBTE7J3AqyxPrwNCfD2Vgh3cUKgvS2SvL24kZfmZKFyy0Y68e3BUFkJeosKsSs2EusC/Mlq1iEvNRU5IUGIdrJDlJMNIuys4EvWz/6HubICTBTkYaEsD2cNFbpel16HFv9fIeZk9WTqCU7WSHG1RqKrJTJ8HLE51BvbIv2xPyWaJ8QdXZ9KME+jk/lG1O/YjJ30/zxcfGFq7gZdE2foGjlAz8geWvpWFJYwMreHg2sAnL2C+Wf77cPbMPOV5cVeDFwItmTMDgRxQz8JArIE9FxWE4QloMJMlcxW3oRs1mEVNBxXEriE4b3GGNaR9FkGS8EtWhvm4Qow8BTnmd9m3lIw9ZKBgQ3ZP4HUwnk1Qu1X4YSTIp7qy+Ktnjw+6Cngg64iZgxVMWuuhZkgZyA3GbN71gIF6zG7Ix0zSf744GmGNzYaeGGlhB9cFTGQqY/KI3YYbTPB+R55XB1Sw4OLNvj5XjhGh8IgrrQAyyS+JENfAjULwbQyJWthaNmIwoYaHSoOBHqDBXBNMYSigxCUzIWgYS0Gac1FMLaThHOQHjRsJcnOxWBIDRbdwFUwjaTnsFwGHX9haDgt4QvXqDkuh4LVUsgYfg23FE2YhYtBzU6EPqPlkDNcjCu3zuHpi+cQM1X7DyP/vLud2/mcobNYZaIMYdblbq4KMXN1iFPIW6vDP8oWB3cEoSEvBB35IWTpIRgsisbAoSiMHElGdyFZ9f4wDJSloJcMvZnsuutwCvrLM9FXvhbjjdsx3ZGP010HME1xursQZ3uLCPQHcap9P0bJ5hv3hqE8xx2H2dTpbEfUbven4yoIR3JcsS/FBltjzLElzhIbYsww3lvKu8zf/P5v3DzZRGCfwqsn9/COoPzrwyt4+fg2/nj+Pf588ZB3r796+hA/3r+GX3+6g/evf8Cfv93CL7eP4/sbo3hDRv74l/tYl5sBdTMdKJvp4h+ZcbbwddWAo5084hJNERxuSAe1GFy9VbExxwUl+eFoL16LkdpdGG06gN7qfHRX7kVn+VaMNtIb7K3G2YEaXBiq42n/V4834iqB/epYC84P1eLiSD0uHW/CFYL71YluXJnowaWJfpw/MYDpkU5MDbZxuJ/oJfvsbcRkTyPGO2sw0laJ/oZS9NeXY6C5GhlpqXBx9cX2bXsI6DWorypFbVkRjh7ah4M7CdQ5CYiJC4G4vSO1zlQRE2GAvI3O2LrJHl4pyVD3D4VtgC+SEwOxc10cjuyh1vnGRCQ4GmNTpBfO9BzF/fP9uD5cg6t9h/HiWjv++qYZsz+3Ao9qgHsHMHtjD3B7N+3vB74pBBjcv6vF7KM+4A8C/8y39HN/jW++/UbQ5U6xhMDOxsPFJcnEJVZwcDNoz4+fs2lr8/PP2fVsn0GcV40jYxdmY/Bk+yKiQrAi+8nOSsPwYBfvcr96/iQuTo3gwuQQzrFKb2emyMQFtj0PcRbM1tllZu4M5AzqZ86whDiBoc8nx03zOvGCGu7MzBnMJ0+ypDh6/nOn8fnf5NQkQb0ZnT0t3Ni7e/rQP0gA6+xER2cPX3ucJZE1d/Tw6OgdRlvXEJrbB3DtpmCMl50ouYEv+szMv175CfL/0c3+Gcz5mDttF/DxdLZdhlUiElBnSZj2pgj0deIR7O+B0CAfhIUFwD/AC4F+XghhoIiN4ZbOYJ6YkoL1m7Zi2+592LJzD/YUFGJ/UQkKDhVzQ2d2zuJwRTXPzK9uZlPbOtFI77GJIH3i1LlPn8lvBPW2/lGBmfcP89sZzAX37UV9exffsnF4ZvWtPcNo7u7nCXVtZPK8i35oQgD1sVO8kM38Uq7HT57mC7CwqnAc7GyKG11/YnKavqO5fAkGeLJ3QaGe/VDQtIIM2bmMqikfNxfYuREHuoyywNDZimtsy8fTydoZ2MUkVSG+WgXi4gpk6RJY+tViqEnJwEZTDTaqCnDRVIGnrgZctdXgqq8JJwK6u4EWmbQ+/Cg8dDS4NccRkOM8nRDhRr9BsuckTw+Cawh2RIZhX2IcwTsDAyWH0V98EPuS4lFMtpyfmo7D67KxOyEOKZ5uSHJzQhQ1CgJMDOBJ/8NRSxV26iqwo0YFu85dTxNeBPRIW3OEWZrwbYyDFaLtzcnULbCeGnfbIwOwLcIfhSzLPTsJNZvXEsw3oGXvFvQe3I2jW7IR6OkFDW1zqBlY0fnPgQzdD95k5XZOvlBQ1YeErCrkVXVQUlbJP981uyL4WLJzvDJsI5RhQ+ZtHiABbZfl0LATg7aDOGRNvoaSzWLoesjAxFcBfhkWcIzV4ZndjnEqBLhF0CZoaroS7OwJevai0HdfxbPELTwI9pYr0GkpjScE8T+15fBeRwEfdRUwq6+MGWN1wMsOSIsCshKAzHh6UXFARhxm19L+2hjMhNjjL0cDvCHIPTdTwI+W8phMN0Z9uS+me1RIynRw40I4bt/IoXNDBrTNJSEqs5gMfRW0ybzFNL6ChPYi6LmTmQdKQcN1JZTtVyA8xRXh2X5k7Kth4CRKDR1NOLgoQtVCBKYhMlitvQSaLqK8dK0VPU5GbzmMgkWhab8ailaroEWNHT1qvChbLYdVpCw0PVfCNl4FiibLYewjhYyt4fwzjliX/AnmbHoaC0Fm+3winCBWUaw0VREAnexchMxcwkydGiOa8AwwRcFGbzTsDULngVD0HAjjQO8liI+UJtGxl4CW/GD0HI7HQGkaOgrj0JQXjt6SVHQVJRLos3CyZRdOEdTPEszP9R7CxWNHcK6/BCda8tB/dD3aDsSjZpsfNRZdONDLN7ihZqsvSta5Ij/dHjvircjSLZAba4n8dX74+cFl3r3+7tm3uDvdgEd3hvHdpQ58f7kb9863ESNrqJE1jtdP7uD33+g+V8dw52wP7l/qw093T+LVs4cYP96LxIx4aFoZQt5IC0oEdEUG9OQUCwSH6iAl0RAV+X7UonBAvIsWUgLMcXBjGFoOZ6G7dCs6jmxHy5Gd6Cjbg4HafEx0lBLMq/hE/KsE7VsTLbh7qh33prvI4DtxfZzsfaIZNyfJ2E+0kp1349pkH65MDuDKqSFcmjyGM8d7cGa4C9OD7Zjoa8E4wfxEdwOPUTLCATL13royVB/Kh7cLtZ41NZGZloKq8jLUlRWjung/KgnoFflk6TsysCktEAGBDpC1NIamuTRyU+2RnO0KhahUiLoHQsXACKGeLtiYEIn9W9eiunAbkt1tsC0+CBcH6nC+j81Fr8T7X0eBpwNk4B1k6G2YfVxHAC/iUMe9fODWHsxe3wHc2EuXyzD7gMD//ATwnhVJeY63b99iydKvBDHXjf43xAWZ7cIULJN9fgydgZuZu9DcbWyRlmXLv6brBQu4sLF31mUfFh6AvL3bMD7SRRAfooZRH64S1K+eGftUdIYvgXpqimfCC7ZsdbYJbu7MzpnJs+3586d5cZl5oLMpbJNzi7KMj49wW2fj6JcuXeA/sHevHuOnE0fw/s0LfpkVmGHT2Dp7uvlCJB0UrWSgzV39aGxtpW0Pn7bW1N5NUO/nMGeFZX797Slu3b47B+6VAgOfB/rcGPkX/wH5v2H+zwXLeXCof8XG0pfhq4WsBj4bS1fm3e6+nnYI8nNGkK8b/L1d4e/jDi8PZ/h6uSE4KBDxiQmIT0hCQmIS0tIzkJO7BRsI6hu37vgE9QKC+sHSchSTmReRpTOosxXjymobuKGzbPhjYxP8c5idpa/+w+wnqI+fOk/vfYDDmgGcTYNjj6mdKzHbMUQAHxjhZt7Mq9MJuuO7Bkd4tz0zfNZl//lCMWyJVr5WO1sBbvQEX4hleA7sJ05OYYxAPjZ+EvcfPOSvwzs4AfKs+hvZuYKmJWTVjMnOzQnogkx3SUVWbEaHW/pqeR1IKwvgzsbUJaQ0Icmy3yXIioRXY9niFVgttApWGmTkmupwJah6EMjd9DTgoqvOLZ1BPcDckI+fM6BH2JhjV0IMsiMCEevlDG9TfaR5uyPJxQHbw0OxKzoK5ZtyUZ6bi8bdO9BVmI/GPTsI6KkE+ixsiYoku/YkoDsSnC0RZWNKz2mGUIK2m5Ya79IPMjXiXe+BZgZId6fzlqMlt/RIGwskOzkgg/3WAzyxOZhEIDIQB1JjUJKVhNodOeg4sBM9RXvQtX87Kjetwca4WJhaOELHzB565k607wJ7grmTWyDcfSPg6hcOQ0tHKGnq49yFS/ju4T2o2YvDiszcJUmHzHQlHKKU4BAqB5cwLZh6y0HbWQRSul9DzXAFbAJU4Ui324SowCJYBg5xijzxjZVyZWuHe4aqIDBMCbrWq2BHQC8guP6oK4s/tBXwTldg5B9Z6CkJzJyOcSRHYTYxErMxoZiNCgEiKWjLL8dTbI/Cx3W+eG2sipemSnhiLIv7lnI4EqyNvJ2auHslELdurMfN26W4da8cRZWxMLJTgqzGCj7FTttFkoC+EHoeolCyEMJq3UW4eufMpwbsGoKkvps0jHzloe8tDFX6DIS1/h+Ik8UrUkNGXPNfUDChxqDhMphGiGO1zlcQp89D30saZq6ykDP+F182VtFmKbTtxeCxRgvOMRrQdxISTLucnvyvojECqPNEOGbnZmq8y12I7FyIJcORyAlbEuAt1SBGt8kR3J29SNjSHNGwKwDdBPOewnD0F0Wh72AEBg/H4lhJIpr2BJKlR6G3mCy9OBkdB2MFxWIOxqH7UCImGrZiqm03zvceJE4cxsXBEjJ2VhaWxLY4E637E1G3KwwVW3zomPZCaa47Sjd54nCOGwoyHHlBs+3JdtgSb0umbofDO5IFc89f/oSHt8bxDcsvuzaM374Zx+P7p/Hy11u4f6UbP14fxJNvp/DLHYL7LzfJ4v+N81MDcHCzgZyBJn222pDWUyGY60LWWBNKVgb4R1om/ZPNrigtCkFtSTTq8+nNFmVgvC4PJ1tL6EUfppZIMSY7yjDVwybdV+HMQCUujTZwaN852YbvznTj/rlefEdxb7oXN0924e7pfj5uzvZvTPYSzHuo5dGHCwSgixODOE9xmloZLE6NdGN8oBWjXQ0Y62aG3ojj7fU41kiWXluBHevSEOrtAQP6EW/dvA41FUcI5oUoK9yDsoLtKN2di4It6diaGYKMGA94uZtDyUQFCdE2SF7vA6m4TCyxdYOmnh4CXe2RFEYNl01ZqDu4BVl+1mjZnYgXN9rw9ocuvH/cDjxpEUD8ST2BvRF4XE/QZjZeAtwlqF/dCVzaDlyguFGE2Z96MfP6NGY/six3QYUuJWU5wXg5wZqBnEF7OVtRbcViwTxziWWQkRPFKtFl/DaWDc/npBP4eVf9ikVzY+6Lefc9S5BjISEpAj8yz7LSfNRW7MfkYAvOHu/EhZMDuHD2BC5cOC2A8+kpDu757vf5uenzUGe3nyajZ4lx8+PoLDlufhyd13Cn7cVL5/n7+eXnO6grcsBUdTiudmzD+7ev8eTJEwJ6B5k3AzoBjAyUrfHNuqLrm5rR1NGJ5s5eXgK1uZ3VcO/hQGd/m7bs4FDmwaz7MyP/J1n3vz63dNYN/5mdc6BTfEHx5YIlWDAHdDUydDsLY14nITTQnQzdjcDuQUB3I5i7wtvLA8EhwYiLj0NUTDRiaZuSlorM7GxkZK1H9sbNZLa7sbewCPkE9P1k6PmHj2Af2XpJVS0OH63mQGfT2hjgf/5V8F2//WsWb97N4N37WczOnezGps4RyPtR197FQc6mwbHpenVtPWg/Nk7mzhIGh7m1M4Pn3fh9gpr4XccEpWdZghybn85qvrPud1YVjll6L4F/cHgMIwT2UYL6cQZ8tszr6Di+e/A93r37C6r69tzQFbWsCeoWdJI2giIbR2dZ77SVJkuXVjWAvLoRwVyXLN6QT2XjoaAHaVktSIgT0IWksGSREJYtWg5tWTnYa6jyhDdPgrknQd1Ri2xZXYlXfvMlsHrra/NIcnVEWe567M9OxwYCTG5MGA6vzySAr6cT6E50HdiP9gMH0Lh3H5r27kAnAb12+2YcylyDwsy1yEtO5lPYYlmmu50l4mwtkOZijwSCuy8ZeaCxPsKtzBBIlp7i4ogsbxekuTkgwcEGoRYmtLXFRm9P7IkIRlFKPAqSYnEwPR5VuZko25BBUN+I/iMF6D20C0271lOjPgr2Dm6wdg2ApYMvrB19YOfsCyt7b1g6Ujj70G1+cPILQ0bOVv4dr9uXBNMwWZi6SEPLhS2BKg9tVzE4RWtA03kVDx335bAPl4OZrzRPOPZco8m73k38V5PhisHaXQal69zwqnMn/mjMxWS2B6Yt5PCCIP5GW37OygniBmr4wMJQHTP2ZkBcGME7FAgOAAJ8AX9fzFLM0P5MkB8+hvljJsUf2B2OP50M8buxMp4ayeORsRxOkfWHukjg0pWduP99Jb79sQN3vm/F0HQhtMxXQ05vGQwJuppO4nxFNAUCcki8C3/PHz58oAb+RS4tl2+ehqajGBQtV0LbUxy2cUoQ0/4S2t4r+Nrwug5SkDUhUdFYAJsUKUgbLIWU5kLI6wrBPlEVarZfw8RLCMZ+ZP/OrGt+JfQCxBG70RRNvSX4ODMDdRfz/+hi55bOpqx9Nl1t5RzQGchZMpyIlTpEmaXT7YYOOliTaI/q7T7oLghFXyEDeYyg252APlASh/aCcLJ3ViAmBi0FkegkkLeQpbez/cJojBzNwnj9Fpxqy8OFvkO4NEg8bN2HnlI6lvcno25vNKp2ReLo9hDU741B/b4o1O2LwJEtAdiX4YBdBPNdKU7YmeyIHYmOyI1zxI/fnBWMmbMs98fXcaplA863rsO355rwlsDN4uG1ETxlq7T9/iMekZmP1m/D9kwvaJhrcZizYFauYKpDDS59KFob4h9520NxeG8USvNjUFeSgfayTThWsxdD9YdwvOUIJjvLcKavkky8DheP1ePycD2ujjYKxs8n23DnVAcBvQffnOnDzSmy8IlOAncHroy34/xwC84NteDC8XacHe3A6VGycYL3ubE+nBrt4SCfZoY+3I3JgXaM97ZgrKsRo51k6G11GGmuwWB9JY7szcXujVmwMTZCekIUjhTuw5G8HSjJ24bSvC04uD0be3KSsSklEOlhrgh3sYQ+tWwNDZSQnO4J1Yg4LKIfpoK+MexsrZEQ4orBpnx8f6EWP5wtwos7Ffj4Uw1mf6zE7A9HgAcU3xO8Hx6mIDO/T9vvimlL190+hJnT2/FueB1e9aXh/fRegv8QZt+dx+xfZLIf/i2Yi+7qwIEuLCJYRY1lubO56WzaGhtLZ3PSV0utgJj4CsFcdDEhnijH7j+/rCpbmY1lw7Ps+MVLFmLxYkHmu7SMOLR1VRAW7IHmykI0VRQQ1Ltx+cw4AXpSsMjKKcH0MwZ1lvnOSrmyzHV2mYGdAZ3dj8GfWToLQdnX8bmpasfw4MF3/L3cvXMKmzfoIy56JdalyuPABjO0FCXh/V9v8eQpQb2vn3e11zXWoaWrm5tpTWMDWglWrLZ7HeumpmggoF27cYc/p5ycOofyvHFz+2aZ7mz8/D+614U48OfvMw/0eah/uWAZxWJ8vZAV7pGEEcHE18MREcE+vHpccJAPggN96JznCW8Pd/j6eiM4OBBhZImR0TFk6clITk1B2ppMrM3egBwy9d0HDmEPQX1P4SHsYuPqBPVD5ZU4WFbBt0eq6/Do558FvRbvgT/ngM6CwX12jupsvngVm8/OCta0daOmpRt1HQNo7R9DI20ZyOftnXXjt8xN8WOV5rp4dbkxPlbfzRdxGed14vkyrHxZ1hEco8tDbD12Mv4RtkgMXffs2XNcvnoTcuoWBHRrnhSnqG0NZQK7iq4dFLSs+G1yGqy+O1m7OoFclVWRM+Rro7MkOUkyd0lpdW7oIsIyWL5UFEsXL4e8mASsNch6NFXgweefa8KZbJ1B3cNQGwGWgiQ2ZsmbwtkYYiYqd24mSdiFloN5GGuoxsmmWpxqasBkXQ1Z+QHUbNuCln27yZjz6IS6D71FB1G9bRs2hgUjkWyeddtHWZkjgmw83dGOl5KNIkuPsjZBDJl4mIkhUp0d+Wpt2T4e2Bjoi1QXJ7qPOdLI0jf5+mBXRAj2xEagMDWWDD0Zh7PTcHTLOjKwXWjdl4um7Vk4sj4Z4X4BZD+BcPIOg5tfFDwCYmBLgDe2cYWDVzAsnLxh5eoLB+8QXL91B0+e/QojslgNOzY+LITALHM+h9zSVwXO8Xq8frm6gxAZKTU22dZDHKaBktDzEoWpz2psz7LDrz178Wd7Pl4f3YJn26Lxi50OXpuo4y9TTfxloIL3BqqYMdfFBwdzzAa4YdbXlSDuh1kOctr6eGPGyxMfPTzwgRqsH+j4/kBQf0/H/ocYf7wPscMfTkZ4ZqiCx0aK+NFAHudNZBBqJ40rV4tx/98tuPtDG65/24CJy2WISLci4C6j9yQCFbuVULYQxrkLp/jx/OzxY7SwipSlebhO5w+++E/jARh5y0DHj+TE5J9QtheFotUKyFl9Te9TloC+nBoGq2C/VhrGkVKwDFOEuR9bS14c1hFyMA8Vg6jOAuj7ikPPfyUkdBZC11ESBs7i/Pl3lRZ+snNu6hzmFKaCEKZ91t0uYk5WTiAXI6CLsqDL4tQAULPRQWCwOQ5vdqdGZBgfO2dmPlhMQTAfoG3PwSg6FuLRTdGcR2K7059AHoO2/Ag+vt59mO5XvhYDR3MI5Ltxsm0Pxpt2ors0G3V5cajZE43ybeE8qnbS4w5loq0ok26Lx6ENPtiZxBLjbLAtwQFbWMTZo3BrLJ78che/3T+L707X4/HdITy62oGrxwvx4tFVXjHu6aM7ONFbgTJ63n3p9tQwsEd2ghN0LHSgQgBnQFezMSaY60HdzgSqdsb4R+mmaFTvSqUXkYuu8r1oJ/PrqshHf90BnCArP9V7FOcHa3F5pIlg3oQLBPWrx5twbawFl4434zIbH6d9lvh2eayNrmvFebrv6YF6nBlsov02nCOgn6Ytg/k0gfzciQGcJqhP0eUzwwT2wS5MDnWQbbZjgqA+SpY+3FGP4RYCOpsOVZyPcF8Psq4ArE2JQ9GeTSjZvRn7d2zAXmptb10Tj+z4EKQEuyLY3hw2uqowUJaBtIQITHRWw8DdBcLO/hAxMkde3nr8/uQkZt+ME4g7gJ+bSKrbMPOIgE6t1dnvWdJbMWa/JfP+thSz98swQ1vBeHklPt49ij8vFeHlxC68Ht+F9/QjwG+jmPl9jEy9HzP/7hIsipEQzSu/MfPmy6FyC1/KK8SJinwJYeGvOMwZvFlVOLb2OZuixqezzY2bz1s6625fvOQrArrA0hnoV4kt5eVj1ySEIcjXHmfGunDz/AQuXRAsgzq/FKqgOMwYjo8NYnx8lJu6wNKnPtVuZ13uDOiCbPcT3Myfv3jG38f1c/3ITTdELP34AgNXIjREBFFhUkgIVUBZYSqfHvXb06dobmtBA52sW9rbyM5bUcfXZq8ne2fd7104WtOIipoG/pwTk6fwxZyd//MzqH/qSp8D9/92+/8E9AVfLcGKFcLQ19GCn7czosMDER0Vwqf8hYUFwtfHCz504vPwcKNwhxedCH39AuHnH4iIqGgkpaaTpedg3YbN2LYnD1t270Xuzt3YTFsG9wNk6wXFpRzuj37+hb+Pvz7Ocpj/d7x9/zfUL9+4iRqCdW17H5l9JwF8gAx9DLUdvWTvnRzmlY0tvAu/aS5pjiXTscx3NkedTXNjwxlsWdaeY6OCAjd0Ww9bcrXvGPrJ6HvZMq102yABnv01tfVyeKvpOUJD3wWqOva07wBlbRtu7cratrz7XY7sXE7FEFLKBpBkWe5y2pCQJZhTiEmw9QjoRLpKDkLLV/MFS1YuFYKekiJsNVTgoqPCx9BdKJwJ7p7GuvBhU8vMDRFmZYJsPzdeja0sNwP9pWydhFZc6G7DtQFqvNdXY6CULWVaiLod2/jYeeGaNJ7x3nkwn8woD4UZaUij7yrM0gz+Rnrw1dVCgpUFYqxMEWNthkQHaySTvUfT5RRnO2TT+SGTWTo15tLcnJHo7EDAt8I6+t43BvoRzONRti4VJWtTcCgzkV7XGjTuWI/aTWmoyI7F/uRIeDi7wsDUFhZ23nDxiYJPaCJc/CJh6eIHB59Q2LgHwNbdH1YuvsjatIN/1gcrt0PVRhiGrqthRQBzjVKGc4ou9H3EYBmqCAv6nWiTqZsFKUPXXRhyxgth7CmKPWud8bT3AN500An86E482ZqA32x18bu2HN6Qkb/TV8GMuzVmd6YC+VmY3ZMNZCdxK//ILNzbi0P8vZs7/nJh4YZ3dHy/o/f7lqD+LoQsPT0Qszsi8CbKCY9NNcjOlXFTTwZrVEURE+2GG/eqcfdhM+79UIFvfijH9W+OYH9VFLQcRaFEjZSILE+y8LP8fV6l80V5eQGKinJQVVWA0+MDuDAtGIpL2OoDGYuFENb8kh4rAUNvCWi5L4PPVkPYJGvBPFIFbtnycF2jDfsESag6LoUygV7HVxgKVsuh7bQSAZvovnHKPKM+KNUK9qHKOH/1FO7/8P3fIDcWAJwlvgkzM/8UyhAjgEswK7fU4MES41abqUPOUosaYro4Qq+x92AkjhHMh48k8BgqTcAx2g6WJKDvcDwv3dpBlt6wKxDNe4LQRnDvJKPvLk6iSEVnUSr6Gdgr16H/6DqCdgrqC2LJxmNQvScW1bvjiKWxaMhPRuuhNRzoxZuCkL/WE9uSHLA+2gprIyywNtIKWTHWONZRjDcvHuDB5T58d7YJd05W4PGDM3h47zxqiMdrQkyxNsQE66IskR1tQVsrRAQa0Wenxq1cxcoQipZ60HAwoQajMfQ9bfGPiq1J9AKotXpkJ3qO5qG36gCO1RdhousoTvdXU9TgPEH8IsH8/LFGnOlvwNnBBpw71kT23UjAbsYlAvnlsXYBzNn96LqzQ804N9yGsyOdZI8E9NFO3r3OYM6CGToD+vQQbY/1YPJYJ070t+JEdzO39OMUHOhNR7E7Zw2y0lOwMScbGzKTcWDnBpTszEXJ/h0o2rsV29elITs5AhGe9rDV0YCVHh1E+mow0lODjqoMpGREIKWug82bE/D+xRhmHndi9mEdPt45QoA+jNmbBzF7+yBwh/bp8sxczD6oxswPDZh91ELQZlPWRjD7x0ng7TmK84L4cJPiNvD+KvD6ND4+aOcH+Zatm8jAV81BmoAutEhg7Ku+JvB8CSGheQtfjJUrFxHgl/wHzFk3O7v/CoI6g/jCRV9i0eIv+f6yZQvp+RbScyyGgYEmTE11UX+0CFfOjOHKxSlcuCAYD2cGzg39JJt+dpwnuTHAf+qKJxtnVeHmgc663tnlFy+e8/dwargGm1MMEBehRLariPAQecQHKyE1UA3p9CONDJRAbWWuYOz4yW+8sEw7mXo9A1RNBcqrjqK2qYmPode2tGOATFJQ6jVNUDBm0Sp8uUhYkAj3X/b9/yfY/b/8ch7qbDhjJTQ11eDp7sBXYGONqtiEKDLxcGqM+MPb2xOurs6ws7OhsIOtnRMcndzgFxiM6MREpGZmI2vDJmzYuoPHOjauvm0ndpOl5x0sxq78Qvz46NEczIE//prh8b9B/eOMAOpsih4rpFPZ0IGGrkE09Q6RsXdycy+ro4ZOYzOvJc8sndWTb+5ii9scm8uk758bXx/ml+eXe+0iqHd19xPUh9DN1lRnGfd0O/vL2ZIHNX1HKBG4lbRsCe72UGGrq2lacqgrEtRlVY0hq2YEGRVBTXcJWU1IKmhDSl4Lknz6mgqFKjU2FXm3+4oVImTpKyArKgEjJQXYs+lq2qo8Oc2awkZTGTbqSvAw0kGAqTa2RfihnKy3ZksmhsoLcbadzLy5EuM1xeg5vBf9h/PRU1SA+p3bUEtQP7w2Aztjo1CQmkgn1O2o2paLbfS9pXq4INTcBOGWRmTjehRGSKDvL9nRHgm2Vohn09TsLBBhY0r/VxehlgR8gn08mX2MvTWy/LyxiWx/Hx0HB1KicSg9jl5XKkpzUlG8Nh77Yj1xJD0Yu+OC4eLmCxMrZxib03HhGkKWHksgj4SDbzhMXbxg4xFM+2Gw8wqCJZn6tVu38OLlU1gFqUDViho7ztLQdZaAuuVK6LuLw5iNFQfJwiFBH+bBZKYBsrBxlcDZmky8GSnBq6b9eHpoMx5lROE3O0O81FXGay3W1a6E955WwAiJRFshcGAjsD4Fs/HhvDv9g7cH/nJz4yB/5+yGP51c8ZoaIy8J7r9TY/Wljw9eBfvjY24oZvbH47mPBR6ZaOCkgTK85YWgoSiHpp4uXLxZg59+qcDPjzbj/ndkm10J2LzfDZL6X6GoZp/g4H3/Bk++u42+irWoOrIRlQT0htJNaC4tQmJoAJ7+/DM9zxkIyXwBMZWFULdYTYBZBctodYTssIOo7tfw22CKsF3mcMpUgleOEuyTpGAaIgfftVoIXGcIlyRlyDkvhkWMJIx8ZaDvKgo915UobykQ1KpIDOWV4VgIzRk5CyEeguuYkTOQS1ppzgFdDZK0lbHQhI2LPur2hmOATHukNBFjFWk4Xp6K4bJkjJSnkKUT1I+wam8J6DgQjVYycwb05r3B6C6KR19pJrpL0tFVkobe8gwy9WweXSWpaCxgII+kiEHN7ljU70tES2E6quhyCcF8X4YHtic5IjvCHAn+ukgI0CegWyAnzg4FG0Lw/Nc7vNjMX69+xJun32KazrlH9yVjU4ILCao50iMskUGPXRdhjLxUe9TuiUJGIlvczAzKVgR1snIdFwtou1pBx8MG/+gliA/WHMBgbSFGmoox3lqOic6jONnDxsprObTPHiOIE9QZyC+MtOAigZvFlfFOXD3Rhcu0vTTWwaeknRtqwjTdb5oBf6SLgN5NwG7GycEWgnY7poa7cHKoExODrXS5jfY7cGKgnaINY91NGGqrxbGWah69LMO9oRwHt61DVloyOhpqUJ6/nYx9H1rKD6D2SD6OFu3G/p3rsTk7EbHBXnA2N4U9/eid7Nh8dhuYGxlAWno1ZIWW4+db3QIwf1uO2WsFmL26C7NX9mDm+n6CeQlm7pVTHCWQ1wGPCMwvRoE3bEraGcF8849XBDFD8Gbj5TM3KFjGNuuavofZmZuYfStotVbXVNEJkdVpX0qgWUAgXiBYjEWEQfwLiIgKVlRjUGbQZiAXJeuev55ZuLgoNQBWLuZ2vmjxAg71xUvI0Anoy5czqC/h3e+ubg4Y7O/E5fNTuHRxmo+jM/NmQGcmzpLjJiZYoZgRsu9RXgFukoIBnZk8M3MWDOivXv3OX39vWwHSw5WRFKmMkEBphPrLII4sIzNEBxkhWkiPUSNZkERcuDT6uvbzx9y69y2auwfQ1NGD8uoKMs8GVNXUcACxEqpXb97ipV6FJRT5/HMeSyTw5RIxfLFkrrwrAzwbP+eGLoR//n9A/l9z4+jM0lcIrYIONej8vF0RHROKmLgIAno0omIieXY7s3MHB3tYWFjCzMwCJqaWsLZxIFv3R1hkDOKTyQrXruNj6Wuycyg2YOPWndi6ax/veq9rbhWc42b+hvmb/wXo8/HhM6iX17KSsl2oau1GFX0eRxtaUFxdh9L6Rhypredj8wzsLd3HPo2v17V1oLGzW1CYh2XKswVkmtvQ0tmDDjYFjrZt9Hm3U9y6JRjOYCBS0XeAKoW6gZMA6Ly73ZKHohYBXc0EsuomkGKGrmiE1fJk5woEdQK6lJwWLwkrIUPGw+q6i8jR8SnBVyMTXkZGJScHO5bhrqcJWy1VvmCLqbIcrAny9jqq8DRUw+YQV7LfJDTvyOLj1GOVhzBKv9mO/K1o2r2RTpi5qNu+AX2H9mPoyGG07NqBgsQ4bI0MQTI1yDaE+ePAmmQUZ61BbmggYh2sEE7mH8nsnIw8jXWr25jxsfVIgrifoQ7ctFXgQ9CPINDHOtgi1tEWGT4e2EHf/wE6f+xPi8Pu2GAUJIWhKC0chfH+KIhxQ2lyALbFBCA4Ign+Ecmwdw2CrTPrYveHob0H9OkYsXL1gWtQDBz9wuDoG0xA90BG7iZBj0hfOUwCFQlCojD1loa6oxBMfVShzAqtuIgQ5EWh4yxOx5cpTlem4mX/IfzecgA/HdiEu0mh+MXVDE91lPBaWxmvNBTwp6EGZjbEEczpHLWfYJ7NYB6FDwTpv7x98NZVAPE31Bh97uiKh9QwvWFrj/MU1xwd8aOPN37zccNTH2u83xqCZwluqKPvxEZJCrY2lugZGcN3v/yM0YlD9HsNx7HhdLQMRiJ6oxmyd4fjwhXBjJa/XvyMP74dxZvvhtFLQC/enYOWI9koLt6KooI1CHJxRtF2wRKzp0gEhBX/BUkdOj4cRaDtLwnbBGXo+0oSdJZDnYxfVOufULRaBEuyby22WIvDCpgGysAuRhMmEdIwDZeFbawGzLxWQ99JnJe75QvjkPCtZLXbTeYM3Ww+q12QEMe24gTv1QRzSWutT5bO4C5nqQ3fYEs0HiCYV6TjeEUKRSrGjqZhmGDOrhsoScbAkWT0FguA3r4/iifFtVAwoA9UEMArczBQlY2hmg0YrtmI7iPpaD+cyIFevi0Q5VtDUbUrine5V+2Kwf5sT2xNtEZ2uBnSAw0R466BaA8NJBPQ15Gpb0t0xsYYW5TlZ+L25THUHc5FboIz1pO5568PoHOvLYLddJEUYokkPyNqoCpjo58mBgoicK4xF2PNu5Ca7A0TV0s6tixh5O0gAPrxhkMYa6RoLiKYl2KitQKnemtxnsB8nmDOrJt1pV8cbeb7N6f6cPf0MdyeHsT1yW5+24XRFoJ3M04T9E/11+NkH9s2YnqgCRM9DTjRx6IREwMM4h043tuMke7G/4jRniaMdDZgpL0Ow61k5q1V6GsqR09dCR002di5IRtHD+RhqKEEpzrLMd1biYGafNQXbcHhXeuxI4cMK8ofwe7O8KIWupeTNRysTSAnIQLxJQtRujMJHx4PYIZ1q7PktttHMHurGPi2mmydTtQ/krX/uxczrBrc87lKcATv2U/gngt2+T1B/f0lQXxgkGfXk6m/uyYoBcvGT0eGICaxnAAuKCbDYC4szIrNLCATX8AXZlkh9BUZ0BJu8KJsMRZe630hB7oYPU5KYglWCS/hXe4M6CwY0IWF6DlWscctw2pJUYRSS3l4sIevxHbp0llcvHhmLmt9UrC+Oet2nxSMjc8Hm542v8LafLx+/QofPvyFuqPrkRCpRKGI6Ah5eLqsRKibDBJ8lLAmRB0JwbJIjJSl2yWRSq3qnBQlnJ9uEmSmnpziSXDlNdWobmxC+dGjqCFwsTF0/uMkAM3XZBeEGL5auvrv1dXYSmtLxQW3fVYxjkH+f7b05VhA20WLl0NOXhF29raIig5FQmIUB3pkVBjCIsjQgwLhRvZiY2sLI2Mz6Oga8pKx+gYmcHH1hJ9/MMKjYhGXkob4tDWIjEtEYloGMtdvRA7Zek1TC3/9H2f/hjkH+ruZ/8HO8R/x4aMA6j/98lgA9aYulNY0o6ymBUVH61FcU4/CsqN8bJ5l0jd19nErZ4vFMGOvbRVMlWNwZ8u9slK0NY0taCLgs20j3dZAn+/1W7fx/MXvUDdygqKuLZQJ4mweuoKWNRS0rSGnbQklXZYoZ0mGbsKnscmpmUGarbqmpAcJOQHQJWXJ1FnxGQU9DndW211ERJYan+LUkFwJaRFROOhowVVfi7YaBHN5mFBYaijDQV8drobqZOieqMqJIaCnoWFLKkUmGrZmoDgjBqVZSTwatq3HsZL9ON1QS1AvQnveTnTt34HC9BikuNlivZ8b8uIjsTcuEpkE5nhne27eqZ6uvEs9lgw80cEGEZZmCGILwZgYIJyMPcHViR7vgnRPd6wno91C339hRgr2JsZgnZ8Ldga74kCkC0rIzivT/FGfFYKd0X4ICIpGYEQaHzu3cPSGrrkDtEytYensDu+QaPhExMMtMAIudKzYenrDzNkFV67fwB9/voZNkAZMPORgE6wMNatVUDBZCmVzIRi6SPP67c6uMrhSlY5nfQV4XLcPD/I24CLB/AdvWzzWVsQrPRW80lfBHwT1d1b6mIn1w+y+LHyMCcHHuCi8DwrAOy9vgrknXju44ImdIy5a2GCPmip8JSVgKUl2KykFMwlJJKsqY9BcF985GGDCyxRRRqrQVJKGnaMzxk7fwKPfX+Luo++xY18kHdsG8Iw3QvQmI2TtDuPH6czMDN7+dINOfzV4fXsET+5Por9+P0r2biQDTUFJUQH2rQnBmmAPJMSZ0blaMJUvJNMDaqwErokwX0lO0W4ZpAwWQ8l6KSR0viTYfwkVyxVwjNOBnrcUdN0loWotBAWbJXzxGW1fIdglS0HDXgjyxovp81uOytoC/EESIG+nDxEzNYhZqHP7ZhBfyQHPFmFRFUDciqA+B/TVc0CXsdKCk585qguTcLxmHcZrsjBWlYHj1ZkYrczAcOUaDJKt9xPQewjobQVRaNsfjRay9Nb8KHQfTkJ/RRaGqnMxXLcJIxTHqgnopWloORiH2n0ROJzrheJNPji80R+7U52xJcEOm+JtkB5kgDUE85QAQ0S4qCLOWxupgQbIirBAbrw9NieQuUdaYU2QKdaGmmJ9lCUB3Qo7M72xNsYFDsb0ezKWg7uRJGLsFbApSBvdBPR7Qwfx79MN+Ha8CvVlW2Ef4AxjX0dqHDnjH2MtxTyTfbK9GFPdLAGumnetXxxuxpXjbbh2ogPXKa4SuK+Nt9F+O64wwBPAGeQvDDfiHIH80kgTjwvDzOIbCP4tON3fgCkKNn4+dawVE/0tPBGOGToD+3g/WXlfKwc8h3xXA4YJ6MeaCebNleipr8CGpAgUbs6Em7UpWssLMd1Zih+mW/Hkcg9uDh7G8dpdKNtNwF8bj/ToQMSE+iOBTuiJ4YGI8HGGv5MRxgbYVKspzDzvo7NqI+9un/mOLPyHZsx+TyD/rov2+zFDgUeDwLNxQRW4j9fp6L4tiI8UH24IAP4n3fbHFGZfTgAsXhP8X52jx53mC7fM/vEQd+7c5kluIqLLsJwAvGLlAgL8EgI5q+f+NSQkltFJko2nsy73xTzrXVR0KZ+mxrreV1NjQFJsGVYs//rTGDoDOutyVxD/CkrSi8j+qdUrKQI3N3sM9bTh1tULuEpAv3z5HBk3KxYzgVPT4xzeLGudrW0uiGNzy6Me5/e5dUtQg/7PN69QVhCN1Fg1xEYq0OeojOgwWfh7isHPXgyJAcpIjpJFapwU0hOkkZEki43pStiVqYGNaYq4fFFQMOb4xCmCTgtfZ7y0vBIVlfUYOn5CYI+s1OtnNdo53BeL8lXUFixb/Wnp1AUrpGifLi+VmFtxTfTvynE8YU4w1v7V4hXUGJLiq/T5BfgjNT0Vm7bkYsu2zchiVcCS4hEaGQ5fArq7tzcB3RGGxuZQ1dKForIGNLX0YWZpB1sHV7iTqQdGRCEwPBKBYZEE9SQkpWfy5VX59DSKN+9nBSCn7Zu5ZLj/DeSfx/uPf8/h7xsaR1FlHQ5XNeBAWRUKKyqRX3yEA50FG1cvI2svq2sgwDfwuvIsS55tWRU7VuimYg7s8+u5s63AlC5C3dQNqsbO0KBQNXCAsr49FPXs+JZDnhWc0bSAooY1VLRtCe5mkCNbV6Tr5NRMeYlYVjJWRsWMgK4PidVqdKzKY6WQJAFdhFu6uboqnA21YaWhBBMVORgpycJGRx12OpoUqgg000Jhki+atiSiZWsqanKSUZ4Ri4L4YFQQzCs3pOJoTgp6Cndhqq4cU7XlfHu2sQI9+dtQuZ7un5mAQ0lRyCEIZ/t6IoOC1XlPcHFEAgE92s4acWTi0WTkESxBzoYVk3HGOrbKo683sgN8yO6DeFf+9phwsnobZDmZYJ+/FYpD7VEb54WmtAC0ZIUS2EPonBEGN68QGFnaw5KgaefhC2s3H9h7+cMzKBLeYTHwDo2Gu18QXH394BUYgM3bBRnvE2f74ByiwFck0/NkC5isgJm3AjSsxBAapYebNRl41L4bPzXl4W5eDk4lheCKlw1+NlbDc0NVvCSYvzJWx2tdgrqJNsHbCbPrSUJSYvFXeCje+vjitasHntPrukcmvldNHSZiYlBctQrqMvR/DS2gr07HtIQE5EREYEKQj9eQh4WqLKzMjfksjR+fv8bPL9/gx2fPcePBXfgn2sEnSgl2Puq4flswm4Vlr/95Zxivbo/i7b1jeHOnD389GMb9R5M4kp9Klk7fS14uDqwPR1xsBNL8rbEp3By/PHrAH6/lLANNJ0loWiyDtBmd07S++n9Ze++oKLauX/f97447zrejOZOzZFAEDERJioiCGcGESpCcJZlzQjFiFswi5qzbbc5ZEQNJEMSs2/DcWdXo3m/8vnPP6THmWFXd1U13UbWe+Vtrzrkwdm2mLgFr59cBOx8tOvu3w328DV37GmDS/Wd0HX9Ul5S16dMa+6BWaFv/jLlDc3FMmzE0qpf6uXFTMtDuoZkjVyLblSj3to3R7sp8uQp0D0WZ2wrMbVWYK6brZkeX3k7Myh0hwjWTExsncnxDGkfWpXJ4TTL7Be57l02gWIC+beE4NikwnyOOqMB887xwdooSV4bX9xaksW/NRFHq6exclsCWhZFsmjeG1dOHsyAtkOlxfuo8edoYD1LF0kZ7kjrKU9S4p0C6JxEC8vDgTkQK5ONEtaeO6clEsfRRHo3z5K6kj+2p2sSIXvR0NsLKsAXudh0Y4m4sDqwZk0M7s3NmCNeLp/L0t1VUndvE/VPrmTotEbdBvek2wJe/KXPlJ3asEMW7ijN71giUN3Dp4AY10O3G8a2ixrer6WgPzu1W7e4ZJS1tixrhfuuUJuf8zsnt3JRjrx4p1BSVkfa8wP2kOAe/i2Nw+kARp/ZtFoW++S8wL/qu1BV1rkJdmTcXoJcUFrBzw1qmpWcQ3NOFjXlTmDByABsXTuL0ljnUXtzCp0cHeXVnM4+PLmF3XhrzJkaTLVBPix3LhFFDyI0ZxZq5KVw/K9D+dIWvH3/j66v9fK0XaNcI2MuLRa1v582Vtbw8V8Cryxt5f2cbPNrH14pDfK08xOeaYwLn8/Le62qO+Zf3V/jy7oLAW8BdL689k897Kp/3RFT90/1iB/hctpdPtXdE7b4WODcX6LZQFXnrNj8ItJsL2H9Rlbm2tsBdqeneqkljdLuoeAF38+Y/a+bPWzVV58kVZa8ExzVvoYlwbyatfrtfMNJVAuxa0VarDd262rGpII+7V89w44qi0s+qtdpPnDyqglxZeEWZP1eWSf0O9KOHVKBfu35JvWFeNtQwL6c/KeNsiR5lQWS4JVFjLBgzxIBhgTqE9NMmNtyCtBgLMmJMSZpgSEacGRNjO0prTnKUCUmxVpSVXVY/7+DR4+rQ8Gpl9bK1m6isquZZzZ+lXv9qf4Jdu3Hdc11VqSutAvUfxH5S1bsuTVrp0UbHFFOrTth26Up3T28GDB2upp5NmjKZuQvns2DxEuYuWcrMhXlMnjWXpImZhMfEMUhg7d0nEOfubphZyQ1v3BEDY3NMLeywtHWkh4c3fgH96B0YTD/ptIeFjWbU+OjvMH/36asG5GLvGqPb3/+l/e/s4ye+p7Vt3bOX+StWMWfpcmY0psbNy1+uwloJklvQWHJWqSevyYFf/31/kbxPaZcK/BeJsldMqW6nlsxcuQG7HoFYOflhIQC3cvLFXKDeUYCuQN2qi486/G7Z2RtrBx86deuDtRyrHNephz+dewRg6yyOgIO3CnUjs67qkqodtExpK0Bv1rwtzZu0wNrACO8u9qLKBehWJjhbGtPNUtk2F9ib0c/Zhrmj+1IyPYYtAvT1mZEUz06jMFc6w2mpFM/JYk2WKKQlswXk+Zxat5TjKxexd8E01qZGs0PJFc9KZl3KBBaOH0F2SDBpw8REqSrKO6ZfAON7+zHax4uwngJ1P19G+voJ9IMF4kPJFMsQJy5nxAimjQ0XZd6PMT3syfTvykS/zkzxd2J+kAuT/BzI8e1EfqgfyyIHkiuiICpM/vfyXiW2YnDoSIKGhtJ/8DCGjRhJ1qRcdu3eyvGTe7lz7yL1DY95+66eP/74SHC4G9Ye7fEaIdeTZxss3Fswenhnrq9JpHzbVB6uncSFqbHsHtWfDZ5OlHo5UW1rTJ2VEfVyDhtszXhpZ84rd2c+J0fyJTaS9yPDeDNwMC/79uN5rwDOurjRV0uHjgJyX69e5Bft4sj1Mi7XvOZUWTVpM5dgbmSGXgct7G2siYqbyLk7lTyuf095/TuB+UvKnlVx8tJJegywIWN+pOaC/PKJj1U3efH0MG9u7Obz/TU03DkufexRXpcd4m3pSdbmZ7F4WjoLZkSwcFIE2dFDxLn3Y2GyFefmeYrYec/FG2dw7m+G/2grugYZY+Kh1HcXB8e3PXqi1h29dQmO6kxgQjdseumi26kJnQP10Ov8M0Yuv2Luq9SI74BLkD4WPeRa0/p/OKMU0Lp+WZODruSeN6artevWUW21G4PhdN1tvoPcQJS50upLa+0j/+OsUBGukzlRlMvJwixOiB1en85BUe17V8SxY3Ekm0VxbxSgK/XYt+dFiUWya2msWjVu94pEsSS258dTtDCKjXPHsW7mSFZODWN2ShA5osxzJ/iLuu7LjJRgpicFMzlO6U99SRFAJ4Z7Mn6IswC9qwDdhbRRAu7RHqQrIB/pToY4AGnhPVVLHu2Fi72BOGdN8XM0YKSXGbF9LcVBduHIsigeHFxExe/rqbq4mSfnilizZCK9Qvvh1N+Lv50tKeDSgXWUXjzMrROFAuci7p/eysMzO3hysYTyyyVUXt3D08t7KTtfzN3T2wT0Rdw8oQB9q9gWeV8R14+KQj+4VrVLRzZxRpT6GVHvZ/Yr20WqQlfmyY/t0cyXK6ZAXIloP7RTUecb1OH2vUVrWbm0gMioFAb0HUiWXNQbFuWyYnYmRYsyubRzIS9u7ROpdBs+nBfVfZTSQ8vYOluUVG40kxPHkRM7gkuH1vDlxVm+vlXspEBYWfZ0F19rdkq7V9R4CXVnV3F0cTwrYwPZN3schxZEsnfeOE6vz+TBkXyqzqwT56GQl3fES60ShSmfx0v5vBpR4ZVHRO0fVJX9J3EsPt/dxufSXby+sZW3FdfUe8TEVE8UelOxn2krUO8gar1du6Ziv4pCb45Wh9YquHV026ngbi4qXDEl6K1Fc6WW+8+qWleArwD9m7Vp10QdsldWZ2vToRWDgv0oKSqg9PpZbl8TlS5K/cKFs2qU+zd1/i2//MDBPew/UKJuX75yQf2ez2ueMDnDj3S50VKjOhEz2oLYMeZMGG1K+FADwofoS6tP8lgTJgrQY8INiRd1nh1vQUqMEYlxBsQL4GNjjUjLtOXZM02626EjJ8hfuUZV68pjQd7Sv6/T/g/LpCrD74qpQG+m+x3u34bjm7Q1RtvITi3wETQkhNERUSSJ05c7ZYqAfIFAbbko17Xqimn5YosFjvOWrmRm3jLSp84iIjGVoJAwurp6YmhmScu22jRt1Y4WbbXooGeEnWMPuilq3a8Pfn0G0Cd4KLfuaKravf/EX2D+PwP4v7IPf4F64a7dTF+4mEmz56lz9DNlWwH53CXLmC+QViLqFcdESZdbKCpesXn5y9Tn1Bx5cQJmzF2glqst2qZZvS4iIRe77n2xcdYodHNHbywE1pZd/TRKvbOnqB+BeRdf7OSYLi4BWCtqvltvAXoADi59se/qrwbRqYu5dOym1njX0jZVh92VFLZmv7ZEq6U4kjY2Am8LnMyN6WxmTBdzUacdTWXfhOAenZg6zJuCuIFsyRzHvlkpHFmUw/75E9k7N53iWWmszYhm97zJHFwynV2zJrJrRjqLo8KYF9afJWOHsHRcKOuU4fmIMOaMGcacccMZ6+NK0sBAEgf2I7Z/f8b3CWBULz8iZTsqMEigH0JW6AimiCpPFfhPGjWSOVERjPLozghnK5J9uhAhyi7OuSNLh3qRP8yHid72zB3kxrakYRwWBbotfQw7p8SzfcUcluXNYs3qZZw5e5RqZeGMuoe8fllGzbMbPHlyXrW79zQFhg6c3I1HiCX2fm0xdviVkGArLq6MoWL7NCq2ijJfOpETiSNY6u3M3u62lPewpcbejBddbWhwsOSF2KtunXjt2YOP40byfvQo3oaE0NB/ALXiaJ4X5zVIWxvjNm0ZOGAYJ+8+5u6rP3j07gulbz9x59VHrtS+VqcMdLW0GTNmAg9rBOIC8yfPRZk/fyUwr+Xu0zJWbV/C+auaIjHv39Xx8EYhdfcLqCnbzLubW6h/tIuPd7fyR+lmXlbu41PdGU7v20DezDBRpPFsmjKOZbFB7Mn25MEKP+pXu9JwZpn6eYlTwvEYaqnOpRu7tFBXYDNXFnIZbMWASCd8R9niEKBPr4SuAnpttXCNjt2P2IgD1Dm4LYHRlvQYrovr0I50DjBk5ZZ56uf2GOyvSV/rpsk9b9dYy/1PoDeqc9XsVJircHe1ITwikOI1WRwVoJ8oyubE5skcK8zh4Np09q5MpHhZLFtFoW+cPYItAvQ9osJ3iTrfviiabYui2CpwV0C+YU6kgHwcBdNGs2pGOCtlOy8nlFlpA5kzcQjzs4ezMFeuYXEgchKDiB/rKwKzJ3EC6THBjkQGO5MQ4kpWuJLGphQ18yQ73IOccGUI3pt0scihrth11KZ1yx9wstQmxMuc6WM91GVZz23M4tHRFTw6UUCFwPzR6Y1sWTUJr6G98RSo/+36gdXcPLTm+3Dg+5e14qXd5GXFbZ6e28Hjs9t5fG4nD3/fyW0F3Ec2cOt4IbcF/LfErsv2VYH55UMbuXBwg5rKpgzF/75nHWf3bxQrVIF+et8WTuzZ+h3oh4uV9LSNHNi6Ts07379tHfu2FLBj01pScharVaw62XVmRk4Oq+dny8lLYYd4iPeOruRDtTJPXaUZ/v5wki+vT/G64hg3Dq2Wk53A0S2LRI1f5WuDEo1+kS9vFUUtTkDlVlHghXx9uI03lws5tiKZ8b5WhDrpkx7owLRQd1L7OZEY1IOFKSMonJvItjlJ7F+ezalNM7i+L5+yc6LkH+zh85ND/HG/mA+3NvP2+gZeXFrN8/NreHZ2HQ2PNCrV1b0HWqK8lRS1dgJhZZhdq8OvdGinBMj9JNutaKdAWaCtAl1R4M1+UqH9LVCufQdNapui0lu0UJR6E7UwjTKUr8yja2u3IXLMEM4flf/VzfPcu3aBq1cF6BfPfF9w5du8+TeYK4utKMBXg7XK7zEp2Y2E8dZkTHAkcZy1wNxMLkIzAbspEWEGosw7khJpKbA3ITnGRGBuTEqsIXETdEmI1yctSfYTDUlI0ic1w5SpU7rz4kWFZnh5z361spbycFJKvf7j6mmNQNfMmWvWRFdMgfm39qfmGqA3bW+CsY0zPgHBjIqMJj41lYysLKbPnMH8RQtZqChcZUh69VpWbCxkiajaRQUbRAUXkDs3j5iMXAaEhYtD4I22oSm/Nm2lBtP9+EtzFepGFvZYdeomYJcbysGFS1c0jtmHf1Dm7/8PTYH6l0aqnzhznolTpqs2WcCuQH26AFrJhZ80a666raTLKalzymvK88pxiuXOnEPmlGlkTp7K0ROaXGHX3kMFzv4C9N4qqK3ELATmSmvl7KcqdWt5zV6OUeDdqUcfddu2u6btpAzXC/AV+7ZKm4FpJ1Hp1nKtmdGmlS7NmrSipRKzIHDpZmsjZo2dmRGdBehOVhY4W5gR4GjFnDA/tqSHsT1zDHunTqBk8gR2Zo9nXdxQ1sQNY32yPD8znS05E1iTGMbKCYNZLiq5YPwgCuPD2BQbyqrI4cwLDWaJwDxPwD4lbIAo7/5MDBkiSnw4qWIxQcHEi4pNGjxIngshO2yEKO0RJA4IJkksd+Rw+ne2ZKDAc7iTJf0sdIhzsWbNmEA2RIho8Hcm2dOGtdH9Ob4whTPrZnNu9wpqnlziRc0tGuruUlN1nYrH53hw9yj3bh/m91ObOHV8DSW75rNj2yxu3dSsHjgsyhfv4ZaEDrHm0qoYakpmUrVjFmWrcrmQNZ5tw/uwqKsV93ycqHC2FvXtzatgT+pEmWvMghde7rwTR+SVOCf1AwZSI47Kwz79ibeywahVa/x7B3Klup6yd595LCB/8k7s/WdK33zkTsMHRkYloy8qfkbODJ4KzB/XvuFxjcC8uo4HFU8pq3hEXUOt+n3fVF/m/tMVVFzMp/J6Aa9ubefNzSO8frqFD2UiTh4d4eOjg3wqP82j0oMsmR7ChtlDObbQi0vz3Cjb6EL9Ujeqi9x4vN2VjzWae318+lAs3dtj56tLC5P/F5veHejir68WrOkx2JTOfgbY+urgOrwj9r2MMXRuhWn3ltj26kC3vob4jDBCz/ZHdXla3S6/fF+wRakQ11aNbrdU59E7/BXm7hqQqyYwV+CuzLcrKt6tvwuzJo9i26pUjgrIFTtemKsumXpgdRolK+IF3BEUzR0jEI+kOD+OXaLG104fyYpJw1iYHsTiiYNZlDpIjV4vmD6WtXOiWbcgngKBfP60cBbljGBhjjifmaFMSw8hNTpQ+lI/6Ud9iA71YFS/LozubUfy4G7MkOtkTlwvZsX2Yka0H1MjfciJ6EmqgD52lNx/5nr8LDzQbd+EwV72zE8OZsuCKA4Js27vW8S9g/ncO7KSm4dXsnxBMt37eeE9Ioi/3Tqwkuq7GqW2bu06Thw/zps3b/6ubnfd01s8f3yLa4fWc/3wBm4KwG8e28S1YxtFCa/j/P61nNu3TkC+UQW6koOuRLsrRWVO793IiRLFijixd+t3Za4AXRluP6psb1/HIbEDW9ewZW0Bw6Kn00rHitatO5AQm8SaBbksyY6jZFkuj06t40vDFb5+FRX48bSob1HO73/XDIm/u0XVjX2U39jD1/d3RE1f1gSpvRdV/VKOK9/Gl9vr+HhDAHx5K8tShhMX5M4Ybyfi+/YgdbAHycHujPR1YlQfF2amjKMwbxK7lk8SL05sRS77xBs6snYqJwXwtw4u5fmVzdRe2SggL1CH/+/sz+PW7sXqeRs1JhQtrea0baNEpf+i2W79o0D+Z/ltotjbt0BXp51aIlYFdstf1frviiJX0t3aNRaZ0bwmir15U4G6JsBOcRC0tZsT5NeN/ZvyeXLlBFW3L1F68xLXRKEri65oarMrwXAHOXhojwB9L/v27+bePU009F3phDLinEmJsiUt1p6kCBsSwo2JE2CPH6UJfEsYbyQwF4s2JnKsHjERekxMtiA12Yy4RB0SBORJcQrQTUmMF4We2pG0dBNmzPHkzdt6Kqqqxaq4cev2v4T5Pyt1LbE/wf4N6r+2NqStvhV23XoSOCSUsbHxpGRmMzF3sij0aUyeNl1dYGWOqFqlVGueQH3ByjXMX7GWWUtWkjlzPlGpWfQPGU3nHj1pr2fMj000Oew//tyMX5u3pmU7Hdpq66utsjrdP8L8rTpX/n8GcsW+7X9La3v46BGpynKuM2aTPX2WCveU7EmqKdBW4K3AXbH0SVPVYxVTXo9Pn0hsagb7Dh3hSXklNgJoCyeBuLMCcl91Lt3c2Vf2/bAWFa4MxVsL4O27B+DkHqRaF7dAOrkG0tkjCPseou67ynGOPqLSe6qlYw3NHTEUqOvL+W/fzoBmTdvQtIlcmy1a4WhtjbONFTbGhnQWkDsK0Ls2An3JuL7szR0nKm40O1JDWR8dzIqx/uSFerN0RC8WhfmzfHwwB6bHcW3VVG6vn8XtjXO5v3E+Z2encjhLOrDcCRyfns7GxHEsGD2YmSMGMlkAPy08jJyRoUwdN46JoWFkDB9OWsgwFfKTx4wmMyxUBXqMspxzQC96WpjQ29KYAEtDepvrkOjRWRyHYGYO9ibK3YbMge4cXJnL/QvbePbwN55XXaa28iKPS49z+3oJF85s4tiRZSrAN6zNYcWyVBbNj2OGdOy50omnJA9Q/5fnr//GyHHOnFs+lme7p9MgHe+TollcEWGwe0wwi3o6scLGmEofZ8ptzai0MqXGpiM15sY8tzan3rGzgHwwr8LCqBcn5XnQICoDB7K7py/2rdtgrq3H2j3HRI1/EqBrQP7N7r98x636V7j7BGCia8DObQdEkb/iYXUDDyuf8/BpJc8bNCmpHz++kd94kqdXd4htourSCu5eXUllRTH1T07x/mYxnx7uo/bpfj69OMjH+mNQvYl7WwMp3epPfaE7n7b3oGGHK7UFPrwu7sHnos7U7RwkfXE9l26exaaPFk5Bxpi7t8PWrwNuQ0xxHGiAWU+5dgz/Fwb2InKcfsXCRwtzMf1uzbHybotJ12bYeHXAfYClGmDoFGTGhatnqK2vEzVu8z0HXVlRTRPRbt0IdAG5h/339lv6mqLidd3scQnsRmLiYLYuT2P/ugx1YZWDazI4tC6TvauSRTCKIl8SpaajbV4QweppocyI9WHaBB+mRPkwM64Ps+L6kpcpTs28WGFDEoWLkyhakszquTEsmhLOlNQhZCYMIDUmiISIAOk/+5Ag1/y4EOFKf0eiBtgzcXg35gvMlRXa8tP7kZfSlznx/mqJ2KzxboQPc1WLjv3S6id+bfEzlh11COvrzPTEoRQuiOPw2mzObZ/DabGdBblMzhmP15AAeoYE8LcLm+dQeesMHz58QFdbi3YtW2Dc0VrUz1SWrt7Kyd/OU9FYFevb4+2LZ9SU3eD+xYMCc4H33rWc3bNGtjeqKW6HipbyW7GS5raRk2In9hSpylxJW1Pmzv9u/lxR6VvWaqLbxTYsW4hvUDS2PUIx6OjG2LGJrJyXw8z4MZQsyabs1Ho+vVQiz0U9vT/M1w8n+PJBCWATSH0t41XFaf54Vybq/T68ugQN4qy8uyJf+ixfyvdwcX0628Trur13EdtnR5Mx1IOM0ADi+vdU67qP9u5KSE9nhnh1I9jTmdiwgeRPEaWel0nx0ix2L80V7y1LvLcs9izPEcjnqOuoX92ziOslCzi/ZSanN0xTz1NGRqpAuYVA+Kc/1XbrJmq0u5lOcyyNtGnfvpU6Z66ociUnXWmV4xSYK+BW1LsyJK8UnmnVqoWYEljXHH29FmItiRjmy5GiBTy+tJ+auxcF6Be4dvmsmrqmqc1+TF017cDBElWh19drCsb8fmIzyVH2Am8rEqKsRHHbERNpQexYbaLGahEerktMlB4Zor5zkjsSG6lHfLQAO9GM5ARR44n6JCbrk5xiRlJiR4G5GeNGdyA2Xo5L0Scm1ZjFK0Ol43in/r3de/fTXr/j/xDqjUPwAvdvUP+lpQEdjO1wcPXDf+AwRkXHEJ2SRuLEbFKycsnInaKq1dxpM5k6W1G2omgXibJdsJRJ8xaTPHkWI2OS8A4cIsqzK01ba/PDL5p0t29Q/1HZl3by1Onqd379+g8aGj5qgt/UufI/7X8P5l+pelr+T0BXqsx9+QvUld8Sk5JOZEIyE5LT1O2MydNUyGdOnaFCPE4ArvzuyMQUIuJTiEpMZUx0nPoZ+w6dECAHyL3TF1u3vli5+GPVrRfW3XvLc31EhfvL630E+qLOPQJxEnPsGSzW//u9ffHKDZYWbGLpqo2EjU1QU9yUXHV9U3v09C3USPdmzTRAb9asFSYG+jjaiEI3NcbBoiOOlhY4Sesq8Mzs78o6Ub0rx/gzb5A7swe6kS+qfclwXxYO9uSAdES3Vk/l0baFVO0toLxkNa9/201lyVquLZnE0ewoipPC2JkQxonp8ezOnsCWtCjyI8OYFR7CrHGjmDl+rAB8FNkjRjBJ2inh4UwbN0YgP0wU+wB1cZdgFycc5V7zMDOgpygfPws9xkmnP31UADlj+lC4KIVLR9dw9/JObovdF4DfFVHw+8k1HNy7gO2bJ1OwPIGVSxOYNmkkCwXka8UB2bh+Llu3LZL7qoCrV/dSXX1Pk765cybVu6ZQs2sOTwpncGV+Ggfiwljm1500gfkOa0MqXTvz2NKICmtT6t0dqbY0pcrSnOpO9tT1D6R+WCi1wUOpEpiXiuV0csCiZSu6Wztw9PYTbsp1+VAU+SO5MBUrffWe2wLztbsPiKrTZmjfQaLIX1Ja+UIU+XOqaup5L3282n+/rOXxrUPcLl3F8+vb5HcX8ejuemov5/Ps0jLeXF3H2+tbefNwPw0PS3hVOZ+nx8JUcD/b6U3tVlfKt/fmRWFPGgo78XKTB+zxo25HADU7veBMkqbozqopdFWWWB1mgnuIKR4jTHAapC+Ab4GVayt8htuJIm+Ndc82WPfWxm2EKbbiBDgGdlAD6LoFm9B9qBl9I51E5GnWow9LjVIB/VdlroG6Buj6np0aTQG7JiJeAb6ObCtD8J38nBgT2Y8lMyPYsSKNgxtyOLQhm72i0otXKvVY4lg/J1wE5GAmi4pOH+lC7nhv5iQGsSBjqCj1oeTnjmTtXEWdx7J6Xgwr58ewdO4EZuaMJD0hmPioACLH+Iog8iJuTG/GDHGlv489/vKdU+Tzpkd4sijBjxVZ/ViVG8yyjEAWpQSKWhelHiUKfURPjIzb0VT6/F/EfmrThFbtfqajmRaBfboxtF9XYsIDGBHSC5eeDnTr3QOfsP70GNRLgL59Hq+fV3DxwnkMdLQw1NXGSE8XG5tOOHbtibtnb/HK2+LsYE9kxHjWr1vL7Vu31NSGb49X9TVUPrhGZekNftu9hkOblwrYBe6i0H/bWyhA3yIKfYuae35k5ybVlAC4QwJztVWG3DevYU/RGtbmzZS/20s6nAjpvEcQFZHM8jnZTIsfz7LMcB78tpGvnwTYX29Kjyhe4x+nBeYX5PvckufL+fqlnq+I/XFXnUOvvrKdLx8F9p/v8eXlJXbnpZAR5sP6rDDulMxlf16iQL0naWF9CO/vzfBe7vg7O+Bu15F+nk4EurswsJcXU+LHsW7WRLYuzBYPLoutAvgdi7PZmZ/NNoH7zqXZHCiYwsFVk9k+P0U9L0uXLlYVtwJoxRQwKxHrzcXrat+2CUYGHUS1t1ZXZFOi2BWgd9Bq01ghTsCurJmu3VrNTW/Z6hdxBBTQa2Cvp9sCHa2mBHvZsSMvmdqbB3nx4CKPbl3k2qXfOXtak7KmVH5TlkJVSrl+q/528sgKkgTeCdGWxEwwJzrSlOQ4G2JjDQgb1ZSQ0S0YGyMqJl6fjGQTAbdAPM6E7HQrMtLMVJhHx+oSG6dHapqptAYkxgrUY4zkGmlHdKIB0WkmAl0d8paOVavJaVTBR3bv2c/AoSNp2kbv3wL9H6Pgf1Cj4HVo1s5YrWrm5BGAX1AI/YePYsiYcYyMjlUhGJuaTkK6UhgmV11oJT1nCsk504nPmkZ4fAZ9Q8Lp7OJHewNzfmqi1IJv+ifQG83Hp3djXIF0hA/refnmC6/VXHPpCD9oQPyuEdIf5Pn/FubiDFTcv09c6BBeioL6+Bel/scnpTa2QL0xAv7ug1JmLFxE6NgIRkfFMD4uUVXfyeKwJGXmEJeWzZiYePX3Dh8fTchYsTFRDBw+Rn3/rPnLNXPgAnVrgbeFwFyBtzI/3lngbuPkq5oCdgf3QLEAHDwD6Ood3LjIzFf+3ePsuYvMnZ/HzFlzCAjoT6uW7WjZsi0dBB6WpqbYdzTDVqDexcoSB0sBe0cjkvq6sGy0P9MCnZk7yIPVkcGsV6LKJwyhJGMMDzfMpGL7Qp4fWEP1gfWU71nP4+K1lEsfcmaeKPTsMVyaG8vFWTGcmxHF8UkRHJ8azz4B+9b0caxNGM1Mcbhzhw9h8qgwdWnWqQLzSWNGkDAoiJhB/Rnq4UIvJ1s6GevgbKKLp6U+fR1NyUsfJR14Fsd2zuXc4WWc3Jcn/VMeR3cvYu/WWezYNImidRNZNGcsU7KGMXt6OAXLJnJwfwG3bx/h4cOzco3cpKLiMuWVl6ipvUFVtWaq7ePzJzzbPosn66ZybZ6owZhQVvYV4WBrykj91hyyNKS8qz1PrM14Io7PU3MjykWdVzl2osa7J/XDh1EzNJSK4ME86jeQmwL0CAsrjFu1xt7MmpILt7lQ9Zrrz19xr+ENN6pfcP1ZA5sPn8LM1JJu0nefv3iH0ooXPC5/Tm1tfWMd9j94XHaOuosreHF7G6UPCqi4s161mrtLuXN1A0+v5VN3byMv723gxcnpPNszmLIVosQ3u1Kxqxd1mwfwsciTl0W9+Vos98q+AN7s8uHz5t5UFIfQsNOVqvUevH+kqZg5cLwP+nY/4h1qRnCiPW5hBjgP0aZLkB7uIy2x9W+BiUtzzAXqZm4t6ejVkkFJjug5/IJ5V+X5lriNNqRzkCYn/eDpY+qcuTq87q4ZXtd1axxuF1WuMTvVtBtT3DTH22Dgbo+RKHVTAb5LgBNTs0eq8+p71uewe7VSKTWZwoXRFMwMZ07qADX9bEp0L2bEBTIvZSBLlCH1rFDmTQxhdtpgFsj+LNnOSRpAZryAPKIPo0M88Rd4d+mkj5VZO5xt9fB1tcDVwQQr4/YM7WXHjEhvFiX1pmDSQNZNHcoaaVdmD2R2bG+yR7uRPcaLvv7ONBcx2FSEYDMtEYV6bWkr16+elSEGNoYYOZhj6eaAQ29XXAXkHiF96RnWj7/9vk0TcLBy+VLMjPUwMdSRVr5MRxMszUwwl5vU1EhXPHFdjFXTwUhfBysLE0JDhpC3cD6/nz6tFgz566P8/nXKH9xUl0Q9WVIkYN+mGXYXsB8vFrALzJW588M7GyvDbdWkrBUuW4BOBwPM7XoJ2PsxJTOVvOmpLMiKZ1n2eMqv75Oe55EG6H8oQ+3nNFXaPikVvJSpgvfy2nO+frwrdo/q2/tEwd/h66ubfHh2hspbeyiYFUd0HweubMrm6aEFnNkwhRnhfUgZ6sfYgf4EeHri5uRMF+mY3B2sCFBWeHLtJmp9KPOzklg/N41Nc9PZsiCTIgF80cIcihZlsXFeBmtnJbNicqx6Dvbs2a0Op2sKyrT8DmMF3Ergm6LOFdB/U+dKXnnbdi3Vuu66cuNr67SmXWOkvFIDXjmmZavGtDY9TZrbhOGe7M1P5MXdI7x6colyUek3LgvQBeRnzpzgt9NHOXHyz+pvB3bPEtVtSVq8OXHxpkRNMCApyZDkZCOiY3QZOboZ4WPbkBgnKlyUeIqo8/gEI/WYjHSBdrIhExIVmBuSKO9NmKBDTJy2OAbaxCboERdrTHSCWKopA0e0ZVyMBZu35vwTIJR86ZUF63Dz6vM/Vu3KPHuTxqF3fVGNHTu5Yt/dhx4+AfiLmhk6aiyjIicQPiGOcRPixROPYaTYoNHRBAwbi4tvMHrmDuIctFPz13/4qYVYs3+CeV1NLaf3H+XR9YfUPntFfcN7XjR8oLz2tQr11x++8OrtZ+pff+bVh38PcyX6vbainOyRg1g0KUccgK8C9C9qgN3HRqB/g/rnv6S1KaVnh40ey9AxYwkbHyUKXHFYUolMymDgyHGa9CmBeMCQEWqNcSWbQHmMHJ+kAXq3Puo8up1rgAp0ZYjdxtEHe2c/rLp4YasMubv608WzL849A1i1ruh7/vH/7mPunHksWriQ5UuW0EmUuYONJZ0szegmsMoIdmPOEDcy/TszY4Ar04K6M7V/N+YN8+L8ojQerJtB6frZ3Fw9gzubFnJvyzJqD2+ldMtizs5P5PbyDG4sTOK33DEczxrJqakRnJ6VyPGZiZyUe/D3xTkcnJ5CflQouaED1NS0SeEj5T4WZd7fn5EBPvRytqe7qGI7kw4EezsxKT6ETfK3S9ZNYde6HIpFoe1YJ/fxylTWLk5k+fwJzJ08immZIcwRiG9YPZkr54t5VPo7zwXadXW3qa+7Q/3z2zTU36XhxT1qBOy1Yo+fnKXhpaaS4LMjhdxYkMbRtHDWDOlFehcLwqRDDzVszQlTPco6W1HevRNPulhRJs5PtVd3XkaPpj5mPLXjx1EROpKyAUM54R/INBc3nI1M0GnbHn1xoEaNj+fQzUecq3zJmafPOX63jJRJ0zA2NsXCyIIDB3//DvOPigep1E9484ba2/t5cWMvry5t5OnNDZSV7qDu+iZqLqyl9tIGqi4u5cWlxdSfmkHlsXG8WOFGtcD61RZfXu/w4/Mud9g6gA8HxAEs6cPnPUE82zeI18Uu1Be507CuN58F9q92eVO9I4jPryrVaT87nw74jzcnaIIlA5O7ifLWwWlwB4y7N6V9px+wcO+AmUs7bF3a4xJshEM/Abi/Hi4hFtj00sPIudn36+2T3Cjz1uSLLWVg7GgN0JXcc2XO/BvQGyGvrImupaS6udqIOrfH0NNeDZhTSsIaymue/Vyl3wtlY34yuwoy2CmKvTAvhtVKydbMIcxLDWJ+2gCBeTCzEvozN2UIM5IHkTTamwkhrqSN9yczLoiMCYGkRPVlxGA33MWBMDBoTVMRbT/8+l8i1n4SodxKRHJb2rVtiYVJe7JHebI4OUCFedHskRTODBOgBzFrgpc4oy5MHusin9mPtkqNEnlfG+MOtLfQQ8/eBAu3TnQJcMexnxfuwwJwCvbGa2QQ7sP74qkA/f7ZYvVERUeOw8bSFCtzY9WszU3FzBqhbiimL2ZARxN9FfxmRn/C38RQV1pd8Sq8yclMY29JMVVVfz9M/7Kulsf3bnJVPKxj3xZhUeq1i5UUrtIMucu2Uuq1u72dfKYFvu6erJ4/mWUz08jLTaQoL5s3L5RhrSdit1VlzqcpxLrQAACAAElEQVQz0nte5cvrh7LfIOr8vdIlq8d84SlfP5fyuvwEz6+W8OD4Ro5vz2N6vJzIucncPzCXJwcXcHBxMsUL4pgbEUhMfy8iBvTHy9WdHt1c6GRloaqNAPdu9PNyY1hffznZY1g6JY2CGQLw2emsmZPBmrkZ4iiks3xaKouyE/n98F6uX7+mAl0ZUlfArYBaLTCj1HcXFf5taF1Z61xbp536vLKvrRSZaaep466uuNZYFlYDdGlbNhN1LsfKcfZWWpTkJfD28Vlei1qovHee21fOck6pEvfbMVWlNzQ0CDD+kPM8kaniJWckWZGabEFaqgVJqQLmFG3ikgTIoqzj4/RJiBGQxxkRp0SvJwjwUwT4qfqkZRiQkWlJcroy7G7M1CxLkhI7yHt1xTHQEmVuRLx8blKaDRPEEQgJ1yZ0jA4TRLkf2DNfvQ4ePXnKhsLtHD/15zKMypKfU6bPwcKu63+EutIqw/BKIZpfWujzSysDNfK9ta45hhYOdHH1xcW7L959gvHpHYyXmKdfkEArEJuuohQsnUTlG6olZ/+x2pyy0pY62iTnal/hNi7t3kulfMfSs5e5f7uMAycvUFX3noa3X3nwuJ6Ll0u5catCYC9Qf8c/BcspCrxBnKg5CeNI6uci6m8PbxVwf/rCRXGAX758o0Jdtc+NUP/05/2iBLr1GzqcgdKxKzZifAyjohIIGByGW69+dJff2cMnkC5uvixeXiCOwSf5ncE4uCrz4QHYuQjMu/fGTtS6XY8+akS7fdde2Ilq7+TShy4efenmI+fGqy+r1v8noH/lz7j8//mjaM0KzpcUsndeOvOHezNzkBtT+gvQBezb0kZyek4yJemjOZAVwb7MCC4sm6Kq85rDWyjbLmpxzWTK1k/hel4KF2fHcnl+EvfEASjfXcDdzYu5tmYWF/In8bs40sfmTmSJQD1jaH9SQgYRGdRHhXmgSxd6dbclakQAC6ZEs33VJHasyWXrykzWLIxl3aI48qXznjtlBDOyhjNV1NbM3NGsXZ7J/uKlVDw6K/3WXRXcL6XfUdqa6uuqMq8Tq666Rp3ynBI0V3eLiuqrPKm8yPsPr3hfW8Wp3Gg2juxLjos9IabaBOi3YIBOC44Za3Hf1pxyFwceWJlyX8TRQwF8TdgA6hImcH9UGLt6+zKhiwPetpY4ijp3c+xOF9suKtT1tPTo4tCVPoGD6eHiLarcHK227RgoDsDvF29TWl5H1bMGvq3t+776kRrc1lD6Gy8erKbm5nqe3M2n6l4RNdcP8OheAdWPN/Hw4mzqdkdQVRLApyI/3u0VgBfLfbHZF/YH8XrPENjRDw6H8nZ7X1EHAvadPvyxyYOnO12oKvTjxW53Xm/1pqrIm4Zj4epXuHz7d/rGdmZQijMOgVr4jbTG3KMNVj210e7yC64DLPEdbYlPqBELt4YTlOCEa1A77P201DRAa7cm30f43r//8B9HkuavXcb8NYotZW7BEjV3/VteujLkrtR71xWY64kZy769ryOpaaEUiijaKla4IJIti6JFpEWzYV4EK6aNYlaSkmfeV9R6XzLG+TIu2JHhvW0I8bcltK8D4wd7MG6oB65KNbsOzWjS6lf+q5lY01/5X7/+xA+//MBPv/yotr80+YEMcQhWZPRjw9Rh6qIwhdPDKBCgz4/3YXp0T6bH9GRuVggdrfVoZ6aDlq0xBk6WmAvMO/fqoQ6tdw32wXN4oApyl6H+eI3oT5d+nvztxdMb6olw6+5MZ/Gu7aw6Ym9tQScbK7oIWJVtO2tzrC2MsRSwWZgZihkI6PVl30CFvwJ8y46GAnUdzAXsZoba6AmkXLs5EhsVwcYNa7lz+++H6etrqnl4+xqlYvtEqe8WqO8qXEnJphVMzUgn0NefaSkxbFw4hVUzs1gyOYkr5w7w5auiNJUIaqWQwR25YK/z+cUF7hzfREPlNekZa/n6QYD/uVyA/kysmk9v7rJ/7Uwc5HuZtWmBn5OF/HOGqFGCdZc2c+dQAfMzY5kcG0LMYB8i+vUkelgf/L286O7kRmfbTth17Ii3kwP9vTzo29ODsYMHMCM1jqVTU1WIL5uWRv7UZBblJjE3I57fBOgvXrxQIa2ssqbAvL2WZu3zVm2aqcugauu0RU+/gwpzBeTKMcrxbdooUezN5OJoKa9rYWYmCsPeVlXn6jx662aizsUJEKi7djHi0q75fKi6xKunV6i4f5k71y5y/uwprl+71Fgs4hXrVoxhUkIncsUyEi1JSelIaropE7NNBdZ6orK1iEvUJybeSJS5EROitESF65OeaUBWrglpmbqizFsQL+o8PtGQtBQjsjJNyMm1JD3birhkY8ZF65KUYSfAt2dslBEjx+oRHWFI1DgdIscZceyIJptifeFmdU548ow5nDpzXpRExffr4sy5C0TFJtNer+P/KIBOKR2rBM0pgG/ZwYx2+tbyXsUs0TYSD93QivYGVrTU6ijH6P05pP+9vKymtKwaAPfmNadXr+LQsuWcL95L6cHj4gje5LfdStrfOc5duMW9+9Uc2H+arZv38vtvN7l1u4oHZfW8fKsMwf8lN/3DZwrmz2Hq+CAipNP4/dgxPsgLJSsWMcqzCzXym9990qTDyaEq1P9oBPy3/io1K5e+g4YRFDKS4GGjRbVH0ic4RNS2K5ZdXLBx9sDYSrM+9+27pTh7Bguog+jkJipdrLPA3dGtvwp5BwG7kmduJ2bbozedPQLo3msQ3XsP4vL1W/9yyF3Z/0O+1OfG6D1l/z91pv/do/LeDW4c3MHDU/s4vXwmy0J7sXJkH7YmhnE6L5cnxet4fmy7AD2f0k0zRcFP55ZAuLpkGY/EEX+0awV1p4ppOLePp3vWc6doIefyczk0K5Vtk+OZOT6E8ABvQnq5ETXMn7k5E9i1YQ77tsxjb+EsCpems16c9xVzo+W14czLHcmi6eNYvTSFQ3vzOX+6kHs3D1FdfpkXtbd51Qjx+ud3VBVeJ6q89tkNqiuvqmCvfnZdBXmlvPZMba9T8eyaPKdJ2zyRP4dsUYbDTEWh6rfBUxSXR9um7DHW5oa5CXc7WXLLzpwbAvXzdh3Z7+dKpltXBkpf6ygiqbtlR/p382DN8vU8rnnLjj2/4eHRBwM9I/R09NDXNcBE35R+fYPZVFTC7dJqSh8/F4dCo8q/fHwr/cIFPpXu4dWT07y+e4C6e6d5VrqTTxdXUHl1MxVXtvL6kvSdFxby8MAIyrYG0qBAe0s/vuwdBLvd+FQylA87+4s6H8y7g8F83TaYz2u95DUX3mz0orbElxdbelK7shflu3rzYG0vnoq6r1OG6i+t0IweJfUhJLMr9gFaBCY60cH+F3QcmmDp215dlc5tmBHDU7oyINaSrIX9GSfb/uOtCQhzZu8pjcN5/8FDjhw9ydFjShXMc1y6dI1bt+7xsPQRlRXV1Ne94N279//xGtWo+3zmrs5nocDfSBS9o383MlOHi2CMp1igvnt5AsXL4lSwr545mkVZg5g6wZfJEb5MifAmY5RcXwO6MMLfhmHeFgz3lba3Lc42IjCaNeGHZqLOm//Cjy2aSN/0Kz82+RPqP/3yX/RzN2dNzmABeYhmMRgBu6LQFyf3YkakK4tTe7Ny2gjsu5jSztIAw0aY2/p2pZuAXFHnbkP70GNwb7zDNCBX4O46xJ+/vX9VQ1nZQzpbW+Fgay1mJQCzFhOgd5LWTvbtLLEV9a7AXAG4AnRrAbi1AvRGyGvArqealTxvI16nsb42pgY6qqJXhu3tbcwZGTqMRQvmiXo8xdu3fx9Nf+/mFe5cv0R2cgozc3LYsGg6GxZMYu28HHWVtk+fXotWeKFJWVOh/kT+eQ+pubOPs0WzKTu1nXdVN/n86j6f3pZKDyRw/1xLTdkZ+vt0p/kvvxLk7sj0lHCGeHcjLyNCrTpXdWmHOo8fM26cusBLrEA9PMCL8cH+BHh5091RlLqdM9ZmHXGyNKNfT1d6ufUgyNeHlIgx4k0lkDcpSWCeyHxR57Mz4jh1eJ8mF13Ok7LKmrLymo5+e1HVrdThmA7abTRD63rt0NFtj7GJIQZyEytAV9ZANzMzwblbd7p27Y6trS2OTl0E5MprzVVl37ZtC7S1WzHE14GqKzv449lVXj65yqPbl7l59bw4UJqUqzevalkxexC5cXZki2XGWZMcZyrQ1heQG5KRZUp8kg4pyQbExWgRKRYd14GYBC1S0g1JzdAnMU2b1BQtea4VEbFtiU3QJSVDh7iUtvKaLsmZhoya0I7wKB153YRxEwwJGd1BTPYF5BGjdIkca0L0SEPOny9Rv9eq9ZvIUdKy8pYwZe5icucs5fzVuzx7rlEWH8QbLy7Zz4ChI2nSWu8/BM9p5th/UAPo/j7tTbGfm+up7Q9NtOV9Hf5+jfXGqnMnTp7m8x9/cKZoHecXz+XayqWcWLmG08UHuFxymIvFBzl18CiF67dQtG4rs6fNY03BJk4cO0fJrqNsKiyRTvy9CvTX7+Hl+y9UPKkUpzGM2ABHPKwMuXLpKtdP72feiJ5snJTAhz++iGL/qkL9G9jfNwbMKXD/ltZ2/dZtegUPw1fUmG+/IeoQu3mnrmiZKNMOyupolupx2+S7OvccgJNnEF3cFYj3xdG1H1095DmP/jh6Bgrk++DoFYST9wBc/Ifg0mcI7v2H/9v5cwXm69aJmnvyVJzxz1RXV1FXV8f/7cetQ7t4ev4k9XLtPilexYXluZQWzRM45FN/eD0vf9vOizO7ebR/PfdK1vLm8nEazh+m6sR2HuxaxeX189k9O425yeOZlx0r8M7j/NFNYkoWzRJ2b5ghMJ9I/rQo5mWNZumsSAqXp3Jw+zwunFrPzcvbefzgGNUV56gTUNfX3lIVuTK0rgyl18n+czEF6Ioqr6y4QpVAvbL6GtXPb/C08oo4pZdEnV/mUflFHldckmvhDQ3VlYzvYo6HTkvcxTq1+gWH1k3IN2zHCTM9DktnvcnKhFjpG/sYSb9poEVnE3214t6UlDQObD8karuB8rpPPH3+h0D9Izce1rHn8Hk2bT3E9r1HOXn6OmWVDZQ9rZfv1qA6jer981xU+bNiXj0q4sOLQzTUHORz6Sq+lBdR/+CwiKlint3YQ93pWVQeSufFflHhawTexUF82N5D1Hcgr48O5dUWUej7BfDFfnwoGcTL7V68WunBi2I3Kop6UJrXk7qd3eX57jzO70V1ngcPFvlRVuBNbX53Spf78fm5xsHpEWqMtkNTAhLs6ejZFgu3DvQZJ0AN1KNXiDFBo+3pNdqMjEW9yJ0/gAuX9vLu/Z9Tuddv3FaBrtixo79xVLVTHD3y93bkyEl+O3WWixevcvPmHUpLy6ioqFKXFlbKyH5zUP/ltXjhAHcvHOL2+X3c+L2EAlHPSq32eUn+zEvwZ06cn6qis8LdSR7uTFQ/a8YFWDOmry0DvS0x0G8tQP9R+qAm/NyyCT82V6D+Cz81/ZlfFBO4G+n+yswoLwoyg1iTPYCVE/uxJKU38+K8mBvjweqcYHYsCCd6hC96dsYYdrWik293OU+eos57qwuxuAjMuw7wwU0g7iYKvacAXYH739Rc4Z07RJ1b4Ghvg4OdtarOHRSQ21qoMO9kqyh2c+xFvXeyVlqzRjPFxtwIK0Wxmyrz7oYa5S5mJ69bC9QVU5S9YhpnwFAdujcS5Wls0IHAPuL1TMriwL49/zRMX13+iBtyo9+6dFpde1uktxKupPj6KtS/ivr++vkxZWc2cH7TFG7sWcGbihu8FKX6RrzsN3KTvZObq2T1Akw7tMVSgJkbOZjpMUMZ49+DoV6OzEsNp+LiLg5uWMjMGYuJTp7KiP7+qlIfE+DG6L4+BPn50NVJoG7fVX6vODkWpvi4dMFfoO7R1YkhA/uTmTiB2dnJzMlMYEZ6PCcP71d/Q3cXJ3UJVWXIXFn3XMkhb9byVwF6axXMWjptsJXzbmlliYV45N+G3S0tLTGUm1tHrwPmFvqYGuvQvl0bdHWV4fhmKvTbd2hO1GBX3pcd5nOtAL38BmW3rvDogSYt7UVdBXlTe5MVa056jCkpsaZkJJmRlNSRiRnm5E6yJDVNn7RUUeJpRirII+PaEp8skE43Ij3LnNSJ0uGkKsFvRup8eWKSrmzrkSQgT8sRJyBFT+BuQlSkKHhR5TExlmSk28m+MeEjjYkaY0b8eBNVoY8NF+UfaUFZqWbkYN2WnUxftJwpAvNVhfvYsv8cOw5d5reLZdwte/bnaE79C5avWvt38+3fYP6PgXT/1URZ4EVLBbhiCty/bf8J9T8L25xoHPq/eGQf2xbO4ujyxZxespirO3eLmjzOzqWrWD1vEevzlrJ4ymyWz5zPigVLBe5bWba4gBlTZ7Fq9Rbp3F/x6vVnaqTjLX1QTU50BGO9bOlrrS1OoDkXjuxhfsIQ0gLsKZg1nTcf/ixO8+4vMP+rfet3rly/Sdee/gJpX4Fzb4xsutBGx5jWHQxoo6WvWd1v2kJR3f1wdBdzE0XuEqBWfVP2u4had3TvqwbCOXoH0dU3GPeAobgECND7hfzb4XYl8+XmzVs8ePCAy5cvs2nTJlGqNWpa6+e/Tvp/H5r/v/t49/Aqb0qv8vrGKd7dPMX7uxd4dKyYWyVFvLxxhoabZ3h+7SQPju/k6oGN3D63h/tXD3Ll9BbOHl3H4V157Fg7hZVz41kwKZz8mdFsWZkjIJ/Dqb2LuXRiDbcvb+P+7f1UPvqNWiVVreo6dTW31DlyZWhdAfkzUeWqOm+cK1dg/vjxBRXeCsQVe/Dod4Hqee6LeCiT559W3lR/w7LJmbhot6Bzm1+xbvUr5u1+xbtTB9xEqdu1bIqhWEfpm5zEgY/sN5A1sxfz4GElFc/fUlH/B09rP/Ck5gOPn4lVv6es6o0A/DVlFS/l77/g8ZN6nogqb3jxtrHg2wde3zvDqzunxLG4xstbJ3lZWcLH6mLePz3K27KzfC0t4vXD9ZRfSqei0I+qja58LOpG5Q43Ppb0Fpj34nXJQL4WDxCYh/B1qx+vVvekcvtANU2teo0Pzwp6ULHBkweL+1G31JPHm+x5ku9IZb4Pl+Z05848N0rze3BtloB+WQBf/njHzYcX6RzQAave4tj0NaBvlDPufQzoF21F/4SOdPfXxaW/GQuWT+bly/p/uh7OX7jyHegqyL/ZX2Cugv6vcFdfP6lCXjn22/tPCfAvyOfduH6b+/cfUq6k9NXW8fr1GxGOn//tNXn+aBFnDm7g1P51nNy7ljUzJ5A02IkJotjHBSuR7B0xUebQW//KD+K8/VdzgXgLDdR/bqrMq//Ir83+S1X3cyI8WRjjxYIYT5Yk+rIqsz9bZo+geGEEJ5XStGsnMlD6d4tuSpEeFzl3Hjj198E5SPoBUekKxLuLYvcbGYznsIA/gZ6VmaaC29nBDsdONnSxtxazwkm2HWVbgbhiXRTIC/gVc7C1VFsF6naWJqpit7UwVgGv2HeIq2aMrQBe2bez7qhua4buDVVF39FIR3UKlKF69x5OxEaNZ9PGdf80TA/KJOMrMUXFPVJC7/ij/jJXds7mzq5Z3D24gsobx3l6/SRPrh3m0KY5XNq7gqM7V9GneydR33LiJiewYmoci1NDSQ/1ZbAo9kVZiezfuBzPHt7EZ68kMX0+IX28iA8LUJV6WICnQN2Xbk7uAvXuWFtaYSGKupucH98eXXF16kz/Xr4kjA1namoC0wXoU5InqN94yLCBtG3fQjP0riy00rqpWr61pQrkVqpib9NOrH0bWosC19Jui7ZOe7p398C0o5nstxeFbo2JsSEd5Hh9Pc2wfHt5n7Zua/KzQvlcdYrPNVeof3ydqjJN6kxt9QPypvRhYrylGqgWGWlEfJwZU7JsmJjZkQVTnZk7rTPTcizJSTcmLd2A8fFaxAnM0yeaCsjNSBNQp2WZkZCiT1ySHumpJkzOsiAj1VScAGUu3Vwdup+U5cDEJAuS5O+kxoijkOJAWowVMeFmTBhtKMrfjPETjIkea8TUpC7MzvQQ1fNYk2p1/Cw7D55l16FL7BSY7z5yjb1Hb7Ln6HVKpD175TH3H9d+vwIeiLc9edrs/zjfrjEF7B3+BPmvSslZrb8D+slGmN+98juHCpdz42gJJzdtYE/eQg6sWMnpVes4ULCaw1u3cWzzZlZkTWVx9mTW5i1n4Zw8ciZOYqao9cOHfqfywUOe3RG1dLuUkq27GNO7O4McjLBo2xJPuW8mhweSOtiL0B4W7Czcpqas/U9y1r9B/cLlq5hYO2Fm44y+eSeatdGiudj0WZqV7gaNiNHA2zUAJwXgbsq2QNyljzgBosp7BgnwA+nkISpdmX8PGEz3PoOITsn5t0BX1PjZs+dEpW8QiL8lPDycbXIurl69yuHDhwV0zzh37hyvXr1SS59++PD+X36OIv7//wTc/avHl/dvqH14h/qnDwRUd6kpu0itOPCVpWdEXe3hym9KnYtF7N82n+3rprK5YBJbBep7t8zjWEk+R3cv5sS+xZw5soJLp9dx98Yuyh+d4Fn5WeqfCcAbYa6YAnFFpdd8A/rzWyrMFVPmy59WXaFc2rKnF1Sg3y87zUNl+/E5bt8/qc6l19U8o5tRe8xb/4KlbjMsHFvg5GnAIE8PQj29yIyIoXDeMm5dv0+5qPGKmreU174VkIvVvKP82Xv5G+/EaXgjTsJrngrIn8pxTwXk5Y/rqKn+U5W/r68Q5/4Qr+6eE4W+k4ayIl493ilO2AE+PNwq+wd4d3sbDeeTeb51AG82D6Z2f19e7vantrgvb3Z48WW7Hy8ODeDrTgH7NnmtaKCAvhflxb35sNmROlHnVZt9RM0L2Jf2oCq/G3cF3ve3BVC/zI5HC5y5lt+JG9PteJzXlQtTbLiwwIin+2eq3zEkJgC7vq3oFd6JLr10cBtmxoAUSwIjrJmbP5EXr5//2//9qVNnvg+5HznaCOu/2F+f+wbuI3+3/e8dgX+0kyd+5/y5y1y/dov79x7K+a6gtva5XOuv1ZGrf/e4f/My29Yv4/9j7i2gqtra/f9zf3fcO37/cc95T3ssurukEQVBsLu7UEGlu7tBBUWwu0XFIqSkwVYQ7MJO7Pr+nmduNoKHk/d9/+NljGfMtdZee29isz7z88xnzrWM5CCGOu6DSFgZ6N91+UHEN2ToX//0LcwM5JDmNQyboiZiR/wU7E6agSMZC5GX6YbiNX6o3RWFxiOLUZmdgDC/iTAfbAWLUf1hPMwO/SYPJ5APFFPV7MnQh86diMGzx4lxdQH08WNGwJwAbmlmBGsLEwHxPq1tb7NeAt5s5wx0hrx031hfm6CuS/sMfO02sIsQxXUEdS01ArwmwV6LjmuI45y+5yI7BroosiOQM9A5eAxeOg6vriRDr6+DubOnYXnaElRWlOPVF9X0rx414daZYlw8kEa/gBWoO7IZZ8qPoDwvG7vXLkWI83isjPNDwNzxiHCdgRVxvti2IgbrE7ywKswZLmP7Y4C1JTzmTMcgK2tYkv1MnR+KwIh0TBk1hJ4/Ec7jHTFjuD2mjxyO/jaOMDS2hJGhJX3/ejDV0YJjXyvYmpvCvrclZo0fj2D3RYgJ8BDfX1BIgIC2qGbvKlmbnaeucbpdOk2N0+gGxiZivJwr3WXkumPgkPEwMbWGlpYqNNRVoG+oCTVlXoimu3hcRU1RGH1a2Ey8vVGE9/dP4s0TidXeuFSNFbEDERtkibCQXvDx18NCNw34BfeCv686QsI0EBashYhQHSTG9EJUBBl8uCZ8Qgj6wUrwJWsPDNCkUBMR7M/zzpXJvFUQH6KDMH9tUVQXEWIMXzJy70U6YtpaRJARYkJNEONvhqBFRuK4vzefb4xgT32kBVlTh8cSCUFWSI4cTOZ9RzJufuISwfuMgHheST1yS89Qexa5xxqQW3YBh0svYNeRE2gia3/y7FXb376yuhaLPPwgo6zzh3Bvb+UcA4ZK5l6fPVGNPevTcb4sFxcqC3CmMA9F26j3vX0LavftoGNFOLJ7K7Ytz0BmVBxWhEUjMzYZUSFR1LGJwIrUlThZVoK75yvw4HQB6vJzELHQCUN0laAvJw8DJUUM1VfEVDtDzLAzQH/q1J4/fa7DfPS2eN8R6NIqeCnUebGb0ROmoYeChliy9rvvuyAuIQkvXr6CzdBpsB88Fdb9x8KKp6TZScJSwH00LBzGwZwM3mLgWJgPHA3roRPRZ9hkrNu2u3OgE4SvXr0mDH3jxk1obr6LFStWYPXq1XRBe4dVq1YjNjZOQH3nzl30+B2Ul1fg2LFjbSn8Bw8eiJt9LF68WLz+/3YM/ve+nj2+iTs3G3ClqRa7N8fh8J401JRuxbnaHJyuykZ5wTpUFK5DaW4WakvX42TNNjTVH8SVi/lovsl2fhwPCdz3W4vd7t07SwAnoD9ulBS/MdAJ7nfvn8OtVpDzeHkznXflRi0BvRqXb9Tg2u0TBPVasuPjuPvggmTJ44QYaMv9ANO+sjB1lIGRjSwSE8Jw7tQFXLtyj+zwCW4RqG9zND8XcetOa9x+LkB/k8+huHnjEW6Skd+k5z243Tr8QVZ+904zHl0qxcvz+/DwWjFen9+Lt9e34sWtArxoPIg3t7bh7ckkPMyeiifrhuNFzni8OzIRj7PJwnePwZujM9GyfyyebxiOd5v740O2De7vHobbG4agcbsDbm21IYD3wS2y7qZES9xda4sTy41wc7ENWTmZeII1jmcSwFN74Wy8EY4vMcKJFB3URVAkGKIkSAnPrko60M7eozDC3RC209VgM1UTCVme9LNe/d2/7wf6/EhhLo3iknIRRcXlbeBuD3dxXmtb2P54Z9Fm851H2+u37peWVKKm+gR1bs+j8cIlXL9+izp+D/Ds2fO2mQWdfR0rL0NMYhwSk2JRcmADCrfEImfpXBxa5ozCVV4oXueLys3BOLUnAteK03G3agOulW/ChhWBGD97DMyH9ofDlBEiHKePwpBZ4zBwxhgMdZoA24lD8BUXblmZmYqwtjBDH3Mz9DbtJYDO8OaQmjm31mzxbPCtx3ibz2Hwsq1Lwcyhp6ksScXTthEDnuBuoK0u2dbhankFUUinpSovzmWz55aBzse0COqqZKy8zcdUFXoImx89bCDBKAiHOqmmv365EfVnTmHdxp2IjFuGwfYD4WhmgHH9LLFowkgkB7ljcaQ31i6JQpy/J6aOGQwrIwMCsrmorjfU1hJj5pNn+iE0djVcJ09AyPzxcJ8yFDOH2GPu2CEYZOcAYyMb9CJj0tPRh66aBnobG8KeTN1ES4Pesz+cZ88S309mVoYAOoOcV3+TrgDHBXEMbwY6F7kZm1hATV25tfq9B2bMdoUjXXh19TSgo6cNK2srKCr/DCVlSUW8KkF+8OBhSItwwcvLeXTlb2kF1H6kRvRGrL8J9ewIuD5G8PDRIaizhbNdE3jJrKNCaDtEC6GhmgiLVEdQpDJ8QuXFuLinnzx8vAninkoI81VDZIg2ArxU6bnaiCE7DwvUhS/PSw/sRUA3hIeLLrxc9RATZoGECEv4uxvAdYE2vAnmLi7KCPA2REKoOZaEWSPSzxQhAaZwcyfzD3Sgf4BHePz0JfLL6lFQ3oCCsgYUVjQSyBtwsLQBOQT4nblnsXl/DQ4Wn0VhTSOOVl3EJTKUR09ftaWG9x84gvFTZuPH7kod0vGdhRTmjeep07BjAxorj+IMAf3Y4d1IiYtAztZNOLBtA5qqi8UdALNSEnAsZz8yY2KRQSBfGhSBKL8wJIYlYNfKNag+ko29m9fQzx8Ilznz4DRxInwnDoYxfd7NNRXgMsgY0yy1MN5MHaNtbcgCn0pWnnvzsQ3ekjH0T21Qbw90MbWtXRZw0LCR+PaHLmKqXWlZuYDl+cYryD6Qh5ik5ZhItm41cBLFRFg7jEUfgrklteYOdEEYMLoV6OPRmzqNa7fs7BToDN6cnAOorKxCY2OjgDVb+aZNm7B9+3Zh7ampi8ncW7A4dSnq6xuQmZmJ48d56c+PWLNmDZqaLuLw4cPw8fERx69duyY6Azdv3hR/syp67U8fP4k0J1cv/yvG5zlTdY9M/uzJI6gq3YBqirMnsgnmR3Dzagnu3a7CQwL0nZvHRTr93t2zuH3zBB6Sjd+/ew53KW7R/q1bJ8XYuHScnOPK9VpcvkZBRs4QZzO/epsNvUrY+o1m6Y2PnsDWVgdmNnLQtewOIwcFOE4wxbp1a3HmZBMuNzUT2O/T7+chxSPcIPO+QZ/vmyKd/hjXrz4Uj1+9fBdXLzbjagP9/nhhBP7stzxHy41cvD67B/du7MCrS4fxvJ6uB5e3EsT34FX9Rrw6E4xXh6aL6Wav8mfj+T6G+Ti8rp0DHJiED4cJ6rT/bu8svMqZjPurB+D+1j5o3toPN1cMwvnkAbhMsG5IMkFjmjkuJRmhMbkPHTPB+RRTai1RRwCvTjUheOujJkoVdeFk5gT2ulhl1EVro5yuH1VRvfG+5QFOnK7EKA8zBC93wvU7V/7U35GnRbeH+JdRVHysg4lL7bzoC2PvDORS6HO6vrhYMjYv2vZQ/8Lq2+D+G52AkuIKVFcdx+lT5wTwr127SZ+l+3j69Bl99t/+5s/5/P413DlfigeNZXhBn8mWy8VoaczF3VN7sS4jBIMnEcwnDYPjtBHoT1AfOn0sHCbS/pSRGDZnAr4qox61Xd8+6NfHGja9rQhmFmTlZrCxtIQ1Qb63mQmFMUG7l4C3FOBSqEstXgJ/AwF2DmnqndPwXDwn9rWVYailhF66KjAzVIWpgQKFmrBxBj/DXBpGujwez6YuB1WyUm11ibFLgyHPgFdX7kHfPwFi0Vxs3riWfnn1dJH4fHFqaGjA3h1bsWPjOgS7uiDSxx3RQd4I8nQl+4zEkFEu6GXcjzoY1CnpZQJrUws40M860d4e4wZPRGBkJtynTkHY3HHwdxqHaYPtMGvkIIziKUO9uGDNCgb6ptBU14Spvh7sLMzp59WEsb6BeP+Dh3IE0CXz0LsSkGXbgtPr0lDX0GidlvajaE0trKHXyxgq6vIYPGoUTM1N6LyuovK9p2wP6Brpw7J3X0R6OePtc4mZ11VuQmqkOaKDjRDoY4hQ/17w8zdAUIgBIiP1yAp6ISKcgByii8gIejxMF4FhSgiJVkRwjBy8wnrAK7gn/AKUEUpGzvPPw4MJ5mT0IUHUEQg0oDCCj5sagnxpn+zfbaEm3Fz0yNCNyNDNERpgBld3Pbh5kMUT+OfOU4bXAnVE+uoj1Ivel6w+kL6/hd7amDBdHgF+Y6hH+5rM+yUKKuuRX9FEZn6RjP0C9h09j32F9cguOIscsvejVU0iCiqbyNobcaDkAirPXMfFGw86jLevXLMB/RyH/y7M796+iV2rl+Fk/j4c278ZVYd34PCujYgM8KOOix/98yxBIcH80JpM7EhbjENb1iHR1xfLA0OwMjwGKyMSsCE5Fcl+nohwmysqq8cM7I/BNjZwtDSGs50eVHr8iCn9dJEw3R5TzbRgQR2x+ROmovnOC9x+8AqPX3z8XAwnYC6JL2HeKdQHDxdAj41NEHHsWHlHY33egqrjp7FhazYCQhMwevx89BlEEB88BlaDR4u2z5CxOHn2/G+aMx9rD3rpeXyMgbx16zYB940bNuHIkTxUVFQKqHMBXXJyiig+un//AYKCgsWUo/DwcFGYxOa/YcNGBAQEkJU2w98/gIB5SwS/rvQ9O6u6/2cY/pvXT/Hi+W20PL2Jx48uCohzcCq90+3bp4SlX7tVJ2z8wqVyYeTX6IJ79UYd7Zeh6UoFRbloGeaNl8tw/dbptvdctSEN/Yarw8xeBtYDVWFo2ROjBloiI2ExaktOov7UJepgXkdTwy00XbiFS023camxGRcbaZsAfpkfO3MFNy/dbvtdvL53G+9urMfrG3uBa2vxrCEPzy5sw4czYXhxPA6vChbg+aHZeFI1Ds8KSDAOTEVLzjR82u+MJ3lTgTwnoMKJQD8dH7dNwMv9EwjmE3Fx+RCczh6EGwTo2xnGOJ4uMe5zKRQE6dNJ+qhbaoTbS43RmEpWnqCFqmQ9VKQYos5PCVUE89IIDVQF6uGYd08ULlTBvoWyKHL5AcWZkpqNlpfP/tLf7NGjJ78D87IOUfiFlXcAenFHkEvObX2t4tYoaQf21pC8Tnnb8wv/RNq+8OixDq10m4Nfs7KiFidPnEVDfROuXrkusmBPHj/F6z+o1N+4aws2792ODdlbsWH3VgydOQ59xwzE2PnT8NWKZcvQ18oSfQjkDHVuba17i20RvE2gZ3PvS7BqD3UbMlK7PpYC6NLjkm391jS8jghDAngvPRWCuRwMNOXRS0eBzlGFlbEq+phoQVelJ0z0NUTKnjsAUrvX1SRTJ6CrK3ejbTl6HWVoqPSApqoM7SvQYzIEeoK7Wk863p2O9xAtnzdjylikpyWTYRz7VZo+j8x+45rVIn1uaj0afYa6QMuwN7QIqhaGvTBzwACkzZuCeOoB+cx0QXTMCvjMd0HMoqlI8JmPOUMcMGf4QMwaOxpmpn2g34uCbJ2hrquhDltTY5gb6uJ4bQ1OnT6J7q1V7jz2rUCdEZ6qpkIdEkUlOSgqKhCguUBOTqTeOR3/CwFdS1cfvW0coK6pDhMrW+gbmZHRd0PX7vQ6FAPoomznOARnz0qKb44dzUJ8jAniwgnaobrw8FSDX6AxmTcBNFAdMVHaSIjTR0SEppiq5uWnCjd/BXgGy8A/TAH+EYrwDpWFR5AsvILk4B3AYFcV1e9+oVrwC9JAYJAeWbc2PD25Ml6bwK0CH751qp8xbfMKcgZwXqiF+Yu0sNCV0/pG8Halc+drIcTbAMFB+vAJNsBsV3XMcNaEi3MveMw1x+pMP/oAf8Rjgvrh0nocJlDnHK0nI2/EIQJ7bukF5JVfIJA34jCZez4B/cixBkmU0zFOzVNbdvI6Ll192G68/Qqi45Kh26t3B5g/e/wI65cmYP/adDLvbcjZspzajSjcuxnpCXGIDQ3GjuQE7F6cgOJ1q7FlSQo2Lk5CprcfssnQt4VGYx1BNGL+XLhw0aSNGcZaaGCctSGstdUxyEAdQwzVodP9W3gP1MECgnt//qx26wJ3Zw+cPHcbDZcf4MmLdwTwD3j7/qNYM14Cc158RhJSkLffZqhL/9UZ5B1WuuPla8ncY+MTRXz5dfvOPRwtLcfSrDWY5x2I6a23hv0749t8weF0fFFRCXWaL4giuffv3wsg82MFBQXYty9HWP7SpWmikC4qKhorV65GVVUNoqNjkJKyWDwvNXUJVqzIRFZWFqqrq5Gbm4s7d+7QZ/ussHb+/vi1L15sEp2Ff0UBnrCj53fwouWeCC56u00gv3ytCpevVJKN1wiYs6HzmLkE3FUE9ioB8guXjtF2Beqbimi/TED9waNrn2969foVHAfT/3R/daho/wBLIwXY03VqBMlD6Dxn5GzciarCapyqPI2zNedxtq4e5zhqz+NM9WmcKj+OF88kWbhP3CG5WIKnDaV4c3EXWuqS8LHaFfeKPNFSNg0ta1zwpGw+nh8YhuZDU/EybwKe7h2JJwXjgKOTgOwFeFfsChS7A4Vk5zkj8ahkApr3jsbLXTa4tMSGzNweV1cQwDPtcX4xAZ2tfLkRmpbRdoIaGbgOjicboSJBHcVJNqiLNEJtoj6K6X+8wksWRxfIocRXFUUeajgwqSe2uylg9ex/YKvTf6C+NPMv/21uN99pg3dHmLcDcXF5h3T8l1b++Zzytn1xbofnl3dI7XeAu/S8ToAuzQhIi/KKi34b8p3F0YJSEdLttkr9utM4d+4CLl+61lqp/wQvX76i/4PO/we+cpk3tw3m9jZ9RevQz5Zg1xd9CODWFP2sLWHb24Ls3UwcY5Bz9LU0pePmouUUPUd7oEvH1g3JtnvpKMLSuCvMDb6jVpasmmBurgZTHSVoyP8CPTJw6fi7FOps7drqigLYelryZNGKotXXVoCOhqyANz/G21KwM9Slwcf4MY7Rwx0QGeqPwwf34+7djmn6U+euYPWGvZgxbTb0NfRgrM0pehsETR2FJS5TkRwchdiElQhY5Iq4RdOQ4j8fs0fYYpqjDaaNHAlbWwcY97KBgYEFdLQMoKumLlbMWr96lRhH5GlrXM3O1e49xdxyCdBVqJWR4TH0nqIwTobMmxeN4RuyyCspoT9ZprySLAYOn4Q+9sPRrUdXyNF5htT5CfT3xamTx8WCMXkH4pAUYoWwQEOyHm34EsAXkGG7+anDJ0gJyXEadAFVoY6JFgJCCMKBCvSYHNyCesAnsgdBXAF+IWoEPz0EEfDdAwnoFAEBivDxkaWOgQZ8+W5qvpqiuM6PAe6lB1cCu08AQdvXCPMWqGGRuxZcXHXh5aUDbwK8m5M6PGeTnXuZwNfDAAs8dTHdWQ2TZ6pgxgwdhLj1Q5BzXwS7WOPwZknRzKMnL4WdHy5pwiEC+pHSiwTsRuQRxDkNf4TAfqTsAg6VNuBgSYPkPDr/CLV7i+pxpLgJecfIdq48ECu8tY23V9WirLwKr6lzt3lZCjJiQrExLQGbs1Kwc30Kdm1KJStPwpLYSKxIjEHp6iycOLwf2Zs3IjYiHDE+3lju6Y8sn2Akefhi3oxpGGFvAws9Taj27AEr5e5wMNLBICtTjOljDAvOrOjT73CoPiYYycNM9heoy8hjadpaNFx6gnuP3qHlzafWVeMY2BKov20H9C/B3n5lOen/M5v519/9JEDOa9N/2wr1f/xI+z/8LGLg0OGIYcjHJvwKyr8FdE6NP3z4UDz2d4EvtXluGehXrlwRqfs1a9YS2FchIyNLHNu4cTNCQkKosxmBD9RjCQ0Nw+7du0WalSHPMGfDP3z4iAD+qVOnOozJ/6vG5dvS9gTmJ09v49adekl6/QZXs1eikSDOAD/fWEhALyUrP0ZtMc5dOCqOP3/xoMPr7Nm3BfoWsrA1UoIdSc1g6viNMaPPh7kBZtlaIWT2LCyPiMbWrLU4uH0PCrIP4Oi+AzhRVoHHDx+1Tke7iaeNpWg5n4vHF7fh+tkUtBC0PxQ74XHVRLSQifN4+IeCMUDJdLzLn4gHRWThh1zw6shIgrgTXlU74WOJL3B4BlryZtLzJ+HO4Yl4tLY/Wvb2wbl19jgdZ4JTK6xxdakFLhDQ6xJNUU92fp4gfoFMvThRGUUJRijx1kBllAGO+SnjqKcyCrzVUDnvO2x2lsEuJy3kuyohe5ESts78H6ye9Q9kOn2DdW7f4fnDq3/pb3DlyrXODf237Lr9WLsU4u07A8Wd2X4nnYWSjh2G4l9Ze9mfLrSTwrtzsBPQGeaiLW0DfPsoyC+hjnKJaHmfC/dqak7gjLRw7+ZtfDXA3k4AnS2dU+5s53Z9rcm8rVqDDN1aAnNrcxORhrfv21uAnKHOLVs6twx0hrvU2Dklb2EsgbuJnjq01QheP3+Nbj//D9RUfiQw94RSz5+g2ONHqCv1FDBnS5eaOreSKnre5mp5JWHqDG4prKWw5+BttnmGOe/z44a6rc+hC66mUjeoyP4kWkdbc/h7u2Lbto1kGOc7XBS4cjczIxN7tm3FlAH9EDF3OpYEByExcSV1CiIROn+CuFnMzBH9McauDyYNG4TBdgNhbNgHhga96f0Moamihoz0ZeL11DWUxDruXbv/JBaXYWDz2DkXwfGYuqycLAGdx9K7omdPrmLvBjV1DWhqawnojxk1Bt4eXkhNjMfh7F24cbH1tp5vWrB160IyciNEBOohOkSPoKsEV4LxgkBZeIYpIyBSBjGxKggLVUJwtDoCw1XhHUKQjpCBV7As/CPl4BMmSyavjrAIDUSEayM4RJ0usJwyV4JXQA8s8lOCj78mGboBFi7UwPyF2nBepAM/XxO4E6jnumlj9lwNOM3VghuB3seLjN5DH0ELDBDuYYxA715Y4KaOCbPkMXaiEubPNkC87xCk+I1A1PxBSHAdhJUBY3GmRFKg9fjpK7JzgnUpwbn0EvLLLiG3olGAPLeMrL2Ex9cbcaCYwF7SiJzCehyg/X30nBzqBOwrbMABhjx1Bg6V1ItiOula1nu2rkZ6dDBWJUdi9ZJYLE+OwIqlUUhfHIH0pHCsTo1BwZbVyN28Gquy1mHqDGf0txsAOxuCt4kpfWa1YaSnC2X6m6nKknWrqMNYXVPc0GeEpRHGkq1PH2QDBwNlzO2nhZAhehipJw9dWfp86xqjqvoCbt59h6cvPnWoZhdLwb77QPHHQJeGlLPHysrxfZfu+PanrhKwM+AF5H9ui2/b34imNVUvTdN3BuyMjAzk7M/BsmXLce/e/V+l3//Ol/Q12Mo5GNh37twlY6/G3r17CfIrxePBwaEiJd/S8pz+51LE8y5evEiGH0PfVyauXbsuMgCcDSgtLRXj82zy3AnhtD230ml1FRXl4vnPnj2j12v5p1Xbv377nDqfN3D/4RUB+fOXjuJsYx5OE2jPNhQIqL9797pjhT6997SR/dBPWx4D9FUx0kQHY0y0MZ5inLEWxhipY7iBGvqbasJxoDlGDu+L0tyc1s/uezy7XINX5wvw4loJnjfk4W6JPz4VzsDrA+PRTPb9/uBY4MhcfDwWhBcH3PGu1hkom4n3eTOAvFi8LJqIj6VzgOrZaCkJwfsKF7JzJ7zMmYCWo7NwP3symrOMcXzpENRl9McZgndjJkE8tRfqFvdF3RIznM8gG08kwNNjteFGqApWQ7GXKoo9lHDETwE75ypiv5Mqcp27Yw2BPcuJrHzmf2Ln+C6IGfsTMkb8JzInfoW9PhZ/KdNS39D4myn334R8iRTknaXpJePuf/RaRSVfdAKKfw34onbW3xnUpdZe+CXUC491CvbC9kA/+gXQBdSL29r8/CIKavMk8ZWtFUG8tyTFzmPpDHSb3pyCJwPvTcE23gprTrMzrHlbCnMGePvgorn253LLU950NVXIWnUFpHVV5dDHTBNy3b6DbLcfxVg4j6PzODsDnIPNnsfiLU0MWue+6wioM6DZ0NnWOXhbau3cMug5eFu3Feq8b8BWr9JDpPe1VXtCi+xeh1o+pkVhYqiO2TMmYFlaCqoqy36Vpi/evxPHjhYhNXkl4iMS4Tp5NBK95sB5nGSJyVGODhjSfwjMTK1hoG8FAz1zZCyXpJb62liJqnYpyLnlQjgeO+d9FXVlyMjJEdhlIEsXfhmZ7tDX04HzzMmoys/Gy7uNeNF8GRfrm8QcVcmdwB5gxcoJCGSI+2kIew7ne5HHGZB1q8KHAB4Wqwl/gnVotDLBWheBUToEdCWycBUEx6jCN1geoeEaiIzRREi4GsIiNRAVo4OwEF7WlV7HXw7zvX7GNJcuIsXu66eHBQt1MH+eLtxc6XGCububIabQP/CcWRpYNJ8sfKEa2bmmqGwP56I5H0PMnK+KybM0MZXMfN4UQ0S59kecx0BEutkixX04MvwnYn3YZGwIn4IzZYclnaoz15FHIC84dhm5BHZOtR8qraf9RoqLwsgZ7IcJ4vt4vJ32s6nNPtoggtP1JVWXUH2a7/0s+Vvml25CYpIrUuMDsW5ZMtISwhAf7ofosADERAYhPTkcGzISkbdjLYYMtMf4CbNg6zAMyqqq1LFSgbqqGmR7UqdRUQGKv3SFlb4eLLU1MLZfH8wYaAWn4fZwGmaHkVYGGNdbG1PNFGEt8xNMFOWgISOLoQ5DUFXThCu3X+DZqw94/+ET3jPEyc5bXksA3xnQJebeOdSlFfBlZL7f/dxNAnW+Lez3PwlbZ5B/J6LLr25EIzX2zgrisrP3Yt/eHDHmzQBdtmyZqGCXnis1dymcv7zl8l8DfbuJqQSuR2SjGzduxK5duxETEyveZ8+ePYiMjBSGnpeXJ0D++PFjXLhwQRTmpaSkCMhzAV9zc7Mo4OPzeO48g7++vh5z5sz5l9v8nftNZPRXqVN6s/OpV0dzMbgXm7kuxpjqYHQvvqWrKkboKWO4rjJsdGRhYCyDWQvH4OTpakm25PF1PL5Qh6cNx/Doej7QtI2g7YUWMu9nBGkcCgYOzqSLlDdQ60nbPD7ujfdVgdTbC6PtRWjJn4+PhZ54WhNAvRxXtNQE4m0NAb/QHR9K5+PZzqG4umMIGtb0xdn4AahPtUVdJsE7cwBOJ1miZrElSjP7oDTFHHVRaqiLMUJ1tBqOheujgvfduiDPQw2bnbphyZx/YOmgH5Bu999IHP0dMgf/J5JGfY3MYV8hc9xXiBv5A1bY/x+c2Jv4p3+vJ06e6RS4JSUVfx70nYy9/5ljv2ntUlsv6WRsvehz1Xzb3HhRSFf6a4h/cexz+r2kdVvSSu28fQig5xV9Bro9F8QRxB379QPbOoPd1tpKLAXbr6+lCAY7t30sTdpgzi3DWxoMbum2FOTSc3jfQEsVehrysDXTgx2ZTG8TvV+Nm/O2tKjOwlhPtFamhm3GL21NDLXQi+BuTL1ZE0OyegPelti8kZ4ahQo9zrZP+zqqMOX30VWBoYYCemkpwkhTQYCdga7LY5vKPciou0GjdQyeTZ/H50cMsUckXexFmv6LavrLjU3Yt20Ddq1ZAs+pIzGyrzlG2ffD6MGDxHKxRkZ9MGvOAskc4cnjhKGLhWQI4nwDFul2D9ruQnDvKdcd8vI9YWpsANf5M3Esdx8eXjmHRzcbceXCeZw/14gTp2+I13v65DYyM8YSfI3hF6QO30AVBEZoIyxaE97+yuLWpSEE58g4MkT6Z/MLlRfT0kIjdem4GgLC5Ok4p9+VEEXPiY0lu4/URnSsAUIJ+n7B6iLcAmTh4k1Qd5MVd2Jb6KYJJyc1ArceArx6wd1THy4L9DFnng485xkhzNcUIR70Hj76ZPkGWORDIHdSwegpihg1Xgkzx2oj3mMAYl0HImqeHSKc7ZERMAmrw2Zideg0ZAVMRZL3KJw7WdR6b+nbIn2eS3HgWBMOko3zfj5Ze2HZZbEAzYlzt3C26R6abjzC7fvP8eT5a4LgrxeGONWQj/XZAcjY6IH0LD/EJfghNMAHgZ6e8PdyR2iwL1LjQrBjbToWJ0VBX1cfSorq6Ckrh249e0BNXQ3KysqQ69kdSj26woE+h3NHDYDbhGEYYdsb4wbYYubQfgiYPR5m1EHsS51IS84Gff8NdLp2g7mWFgZTh+/m7Sfizm0fP33Axw8v8P7FY7x+fAdXr14VVe9s6+8F2NEGc2mx3B9Bva0C/qdfJGn3737+FcTbx8rVazotPuM5501NlwRIIyIisWPHLmG3S5YsEfbL09d4dszmzZsl1epVVXRhyRdglwD/8/rvnRW2/RmT5+r6goKjqKurE/ts81wl/+rVK7qYFov7E/A4OwOb58UnJiYiJTlZbJ89e05Mr8vPL6B2rZhWx88LDQ3Fv8NX0MxJmGyhj2m9DTCWgW6gjGF6Suir1RP6pj2w0HOy5Pfw4Q1e3jiO50178fzsbqBxLR7UbMLzQ+G4c2Qi3hXMBUroGlMXR9btTtshQBUB/JgPHYuh3oM/9YzpWE0QXlcF4WNtAl4VeeBZbRTeFhD4C7xwr4Q6Bged8WzzFNSvGISG+P4oS+yDwkRbVCUPwLHk3qhLMkFdGll5pA5qYyR2XhevgcJgMnS37sieo4CMRYrIGvkPrBj6X0ga/Q8C938g1eErZAz4Ckum/DeiLf6LIP4fiB7yM1Kt/weZQ77Cignf4sGNk3/qd1ZZWfsZ4qW/hviXx/4IzNIUu+S8sr/YEfgiBd/O3ttXxXc2RU5i518CvaQj0I+2QrwN6KVtYJfYeXEr3Hm7qBXqrUB3tO+L/mQYDnZ94WhnQ2GL/rZ92oIft7dthXsfi1ags7Fzat1QVLZzWp1NurcZQ1wyhs5A5uMM4d4MexNJ9CFAc1ibGYjn83mckudtfp50/F16XAp3Bru0IyG1f07ps7lLOgGSIjyGOncQGPrGbPo8V15PC2bUmvAceG0CvqYygZ1DCQbUyeilrQQ9NTJ51R4iZc+hptxVhIpiF6godIGaUlfq5JjAy90F27asx4Uv0vTnT5/ElrWrsXXDWgx3cICtjQMMjXqLx3z8vKDEt0pVkExV4yp2NnSeY+5ob0uGGIxD2TvRSBevO02NuHT2PBpPn8OZU/VkXqdRRHZad1oy5vTgwWWsWD6CzMWUIK0jFn7xDSUAh5GNRyrBI0gGXgEK9JgqwVuF7FyFgK5ANq6IaLLv2HhdgrYSIsneQwnm4bFqBHINej1NBIfxrVJVRbvISxHOC+Xg5skLyujAw0sdi1xVMXOaAmZMkkOgtzGcF2lhxiyy8xla8FxoBA9XDcQGmMDPVxPOvgRwVwWMmkTmMUIRMyZoIWieLRI9HJHqPQDLfMYgxWME0v0mYGXIdKwJn4FlgeORHDgIIb79cLHpuPh5L1x+iAtXHuJa8zPcffgCz1+8IYv7a2nThssV2JwTgq0Hw7BhXxAytnohYbkbdVoWwH2RG3w9PRDo54klydFYuSwR4cGBZOMa9Dfqjm49ukNZTRWKKsr0N1SCirIijMnKJ9j3xixHc0y20sEgsi0zc0sMs++D6DnDofHLj+irKgt76jCadPkW9tRZtdLRxpyZznj45BUB+AM+vX+KF/S3vH2ukqIUJysLBDR5XffX9PMJoLeD+et2RXN/WAE/dISw9G8Y6t93DvWfyOZ/q3KcbZvtmAvYeL75li1bxXzyqKgoSWf28mXU1tZi4cKFYhW5DRs2iPHvsLAwMS99/fr1BNGduHHjBrZu3doB1LzWNi/O8YcLyLSOkf/W2DzH9evXRaqdU+7cmWCrLy4uwblz5+l73oKMjBXiZygpKRHn8zj9v9PXhZO12LNqGXatTIPn3AmwGqCGk2frJDciedWCljuFeHt1KV5UJ+BhAQG6xovsey4+VfrjTXEgPhGoUU4WXhVNj9HfponAXkoGfi6WesME9powvKij4wV+eJ0fhDd1CXhQGI1nh+bjTc4i3M/3wfMD7ni+0wnXds9A3cqhqEq0RlGsIQ4EGiIvTg+1CUYoSrBGfkwvlISp4+hSE9SSPOxzkkGmszLinbpgU///QPqg/0bCoK+QQKDOpP3kwRRTv0EmAT3J7h9YPJygPqoLUkd/jQiLb5E06L8QNUkG66Jt6W/95g87eJ1B/I+g/lft+y8/T0C8om2Mvi0F34mlt+23m+pW2LqCnTB06fbRY23bR9vZekdDlwA9n1PurWn3PE67U3zVvx8ZOYHazsZKgJsB7mBHILeTtPz4gP42IvgcPmZHcLe36U0mT2C3lECcg+EuhTzDmI/xPqfPTciWTQ20ycwN0IdB3gpta3OjNohLOgefQS6d285h2bpyHRu/NLUvnSMvHa837yWxevF+hpKlaS0I8hb0vpatrZkemTxdkDlMeXqZALwKhRKFIgzU5aCrKiPG2dUUfoGy3E9Qkv8JitQy1KVj9Lzdy0AVs6ZPEGvTV1dW0MWqY5p+DdkBf63IXA5lVXky8x7Q0dTE9ClTsSozC7UVlbjc0IgLZ+pxtZ5M/Hwj6mrPo7jsHPIKz+DI0bM4UtCAS1clxTXXrtbQew2iC6cBwqL0CEhk5mTifvSP5h2iDL9wFTE+7k8GHkYgDyHAR8ZRG6WAgHB5RMWqIyZeS0A8Ml4dEYmaCIxRRVC0KrwDZem5ivD0I/gHKsLXRwOubnLw8Fci61fD3HkqWDBTAx7zdeG1kN7b2wAuc9Qxd5YKnGaowXORPvwC9ODlqwdnN1WMn90N42bLY+wEFbhPM0XCouFY6jkeGX6TsMRnBFaGjcNi32HICJyAzXHOyAim40EjER/kSEDvg+AAB4LD9f/1RfNGcz02ZAdi3R5/bNgbiE37g7FubwAyd3gjeaU7QuIWIiDAS0xVi40MFZ2rkMBAqKqoQEZWBorKSlAimCsoKUFGQRHy8gqwNTfBFDsrTOGb/Eyn73X6ANjRZ3L6EBsETRkEPfkeGMjjpPLfYqyhEkYR8M01tbDA2RtPHz/HxzcP8PRWPc6X56KxKheXagpwqvQwXj2+jzev3+PVu1YjfycZW/811PGbFfAdod5FgP3r71vH1NsBfdz4Sb9b4c4XUV4gg4vR2IQZ0jyOLbIdp06JqWYMUoYkp7OvXLlMID1HNr9TQJXH3vfv3w9nZ2dJlfKt21i8eAldqIpx/vx5kVqXpu3/TmFb+4I7yXM/iZkSXP3LK3lxB4Sr73nO75EjuWJsnesC/t2/+GfgIbZ3p9ejpcQdj4qdcGvvOGDvIgI0wbq21b4J6qj0AIoTqMeaCRwPB06ngNSajkXhZUUkPpUTzKtj8K4uFM8LQ8nqg/CY9p+XeeJhtj+erp2Hu0dcce+AE5p3j8eZ5H7IibXDjghrFNN1YNvCngR1I2xINUSWrxa2z/8Jq+ZrY8nI75E2+f8i2eIrhA/rhvQx/41kh6+RMOa/EDPyByRP/BlpExWwdJoS0uh6sWqBOXb7m2NvwCQcWDEDh9a7o277DJRvd0XpTi9cP3fo95cApk7gl7CW7Evjz0L91+f/U0Kaeu9QONdZsZwk5V7U2dg5A7wd3I+KaDeGfvQz0PMLWovjWoGeJx1HZ6AzpBnoDHPeZoBLjVxi79YC4tIY6GArHueQnitgT+fbWvO4uimZtImAOcNaauxSWLcHdnuIcys1dCnkGeJs+fw4b7efA99+jF7aSs6RgF2ashevze9PBm9JNs9gN6fOBQcD3kRHnUCuCkMNJWHsnI43JGvXI6hrK3WHpgKZutzPUJb9CQoyP0BR9kcoy/8sgC6ZJtcDWmpccc9j93IYPdwRUeHBOHzoAO40d0zTP3z4BM3ND1DfcB3Hys+hvJoMvI4Lv84gr/g0AfwkDh09hQP5J7H/UB0O5J7Ao8cvWy+iOUhKtkFsnKmAeUSsLgIj1MVYuV+EEvwjyMTDFeiYIkJiFREWR5YeKYvQGBky9O70uCxC6PHYJG0ERssjIFoOQQR2vyiCcYg8vMngvSjmu/WEu7eCGJf3C1SHu58S2TpBe6oiXMarw3WWFuYv0ITLAjU4TVeAy0x6rrseQdEQ7r5qcPZQwuyFyhg5qStGjumJOWO1sIRMPNN7MlIWDkXSoqGI8xiMpQTvZX5DsSl6BjLDJiLZbwSSQ4YjzNuG7N8Cc+bqIsRvAJ48bP7bF8dHT5uxeX8YNhHItxDIN1Irhfr6fYFYtccX6Vu8EZvmjuBQT4QF+cPPyx1+Pl5wcHCAnAJ1wgjqbOm/dO+B7jKykJOVh7GuBqYNsEUMgbx86Sxs8RkH/ynD4D6iN5yH9IYpfXZG6MpgtqUqRhmpwsFQHRoKCnCavRCXz5zGxdoClB3YjoaqPDSUHcH1UxW0XYK3D27iw/NHdAF713Y71nett1f9DPTWhWdESr5zU2+b1haf2Dam/s0XQOcpZX93yhrDmFPuFy9eEkZ+5swZMY69Z082Nm/eKqal8epybOd1dbXiPXgRGs5AZGauJGMuFdPW0tLSxNrwPD7OFs3p/I8fPpv5P2O8m9/79u3bCAoKQnl5+b81zD8+fYzr1WvwkDqczw+54PURJ7w+OBOPD03C2xo3ArgfUBRM0CaolxDAawnsdRF4W+2K53V+eF9IkD/khRdHKSq8cDfXEx8K5uN2ni+9hjdeFHngdkEQbu50xdW97ji7xwlnd3vhwp7paFg5EWXJdmTmVljjqoUN3ubIdNJHBhl4ytSfkDLha8QN/QeSh36DVIf/ht/QbxE3Qh3x07tj26wfsCvSFNlLxuH4mgW4tS0U948ux9WSGDQf34w71btwvm45zuYsRt2WYFTuisDJ3HAco/3KI+Go2BOHZw+bfvP38vjJUwHq0mOVbdDuHPB/HsLS87+077/6Ou2r6j8Xy5W1TXX71Up07e39S7gXfh5TL2CQF5Z2hHq7Svf8VkMvOFoiQJ7XGl9J7ZzhzCE1dQ4GOD/O0cfKVECegS6FvNTepef178fPtaTXoA6CDVfNc6GcsYA6Q14Kbym4pQvRMMClRm7ei/YtDCV2bqgBCxNd2jcSr9O3dQxfuoKd1NBFWr9tcRsJ8Pk1RaaA389U8l69OSNALYcVdyYI8gx1hjubuyldqE101ChUxVi7PoFajLUrE7QJ7mqKvwiQcwqeg22dWwa8autjamT2qgrdxWI4ct1/FHUHHq4LsHXTRjQ21He4SPEKaU1X7qH+YjP2HKrF3oN12HewFjmH67D/cA0ePn4uzquu3oqERGtExBggNFYLwdHaCIjQQlC4BoFYFl4hMvCPlCd4qyA8hu1bDUERPcngu8GfHlvk3Z3O644wOieaHguNU0R0sgqCydiDKDhN7xPK09yUCOgKWOApJ6a2efoxnLthnrMCPGbrYNZYJcyZpYrJMxUwa5oqXJ3pe/DuhRCC+aIADSz0IpN31cX4GUoYMqornGfoIpVAvcRtDNLcxmFz1CykuA5DkutAZISPw/rIydgQNQPpIcMQH+CI+OChCPG3w1R6/VEjZDB2kDzSg2bh9cuWv3xxbHn5GJtywrF6pzfW7fLBpuwAbNwTQLYeIGydob4pJwTr9gchYxvZepYbfAMXYOGCBQR1P4T7+MBIVwddf/kFXbt0QZduXdGte0/a5rX3e8JUWxVxswfiYNhorPcajnU+1EGZPwCeQ80xxFAZ820NMMaIfg+91KGt0BPdfumB+dOc0HgsH9V7tmL/ymXI37EWNbn7cPVUNe7UH8fHR9fx9vEdPH/9Qdw7neH94i3wUtyWtRXq7ZaK7QzobRXwnz5XwIsiOYY6F8Z9x/cQUBYG+3eB/lvT3niaGy8ks3btWmHtFRWcjiwS5+3evUfY8urVa3D69FlxAwxemIatmR/jqvaDBw8iLi5OpM75OQx7fm1eJ57nn7O9Sm38976fv5LC/7f5unwEr3YE4HV+AD4cmYmWvVPwMs8Jb/aPw6fKSSLVjtrlQG4YUEBQLyH7rvPFy2IXPD84CY9zp+FWzgLcOeiEt7vn4dkBsvscJ9zPmYqL2fPQvN0Fl7b44ha1pzYSxDfNRU3WZBzdNBvlKYNREDoI26PtsSqkD7Z6qRLMNRHjRNeScb8g2fEHpI75BlEjvscKd1WUZI1D3d5wXDi6FFfzktFSEYNbtYm4VheHqzUpuFC1DFdLV6L21HpcrMvEmYqVqKtJQjWdW3YwDjX0/3dqVyyKt6eh4nAA6oqicObgcrx//arzQsM791ByrKIN5H8H6H/28c5e+0+/XivMi9ql4NsWpClsnUZX+Dnt/us0e+nnaWtSQ5fGl1PXCOTCzDuk3YvwlYMdA1kCZTZyBrTU0KXW3h740vT74AF2bel56XMl9m4FGzJ1B7ve6NvbBP36mAtrF2Ftit7mhm2Ql7bW5r1aU/WGEisniFuZaVOrDVMjXvtdlcCt22b8/Dx+Dp/PBi95nmE7sBu2WX77YYC+PATAx9jaedyeTJ7Dml6DgwHPcDfVVSfAM9iVYayt1Noqt6bkyd5bC+nUlbq1wV2pNSXPrRTubO8qCr+I1ew0VWXpWA9RqOc0cyqWpy9FddWv0/QXmu7i4qU7ZOYSiOUXpSEizpzM2kzAPDCK0+xs41qSaWhR8giLVyEjV0FUvDqdp4WoRFUEk5EHs7GHysOfoB8UIktm35MMXoZgL4eoBA1EUPiEK8I9SBGufgoEfhWCugq8gtTp+Zpw9++JWQu6Yt58Rfgu0oXzTPonX2CGgLk68KXee4SPMXwD9OHqr45Z7j0wZa4cZtJjE6drYfZkPST7E6g9BiJ+0XCC+ghsipiGxR6jkOw5CsvDxiEzfAIyQiYjPXwEksLt4O9rJiro7e1+xiAHWXjOtCWLn4L8jal49+b1n18J7N0r7MpLQNZOD6zc7oG1BPR1u32xfpefgPrGbAnYOTblBGNdThCy6PGELFeEhLtiXVQ8ijJWIma2M0wUVKD48y9QIiAr9+yJHl1/wY8/c7amO1yHmSJtljUOx81ATvR0rHMbjPhJdphjq4vJZqpw1JZHP+qgKsvLke2rwNVpNvK3rsOOZUuxYXESNqUtweYVy1CZexAPL57Bs+v1eHTvvri3+tPXH/Gk5T3uP36De0/e4vHz9+KubG/et5/q9uentUmh/vX3P2PBQrcOoPuy4vzkydO4dau5bU3qvwpDaRpcOnWMtzltz0V0NTW1ouCN56EzuHmlOS5w47Q4F8AdOXKELmyFItXPleps9bzcLK8HzwvTsG1zyl+65G/7anuubv/1XeD+vb/etjzFs/x0YIcPXuzxoD+WHz7mzMX7HXPwcfcUPDo4Bw+qFuITwf1TkRcZeCCQNx8fjrni2RZP3NkzETcPTMDFLTPRvHkSHm5wwtUDTri5zgnHM51QuX0OwXsOTqx1wu0N7qjPckbF0umoyJyIwynjsG/xOBxOGIPScDJzX3tkujoSzBWwyqk7kud0x9KxPyNzxP9g13wFNG71wI3qdDScykQjGfeNshRcIWAfp7hYtwTXi5KoTcVV2r9Ocb6WoiwTJ2qyUFubhbqyBJTvjkFVdjLKyc6rdsahYksQyguicPxoJC6fyO30d3T12o1fwbw9eH8L8n/V1v95z5UuSNNxfL39TWUK2wO9XYr9M+RLJYBvDQZ4QcHnkKbapdEG9MGODhg2aCCGDHCki6g9Bva3wyBHe4K2rWS8nGDOoJaaO0Od4c1GzscH8b3BB/UXrTQFzzBnS+/X15yAbkZ23wpwahnyNgR2icVbCMizxbavlueUuXQcno3d3FgCdg5rc8O2dH5742doc1Eeg14y3m7QlsaXjvHz2H1feh6HFaflW8fWOfpysR49j8EuGWun99NVaQd1NbJ2VTHmzgbPFfNs8JyW1yBoq8qSpct3ITvv0mbxDHa2+PaL3qgrk+nTc3jePS9hq6kiuYVsTGQYjhw6IBaiETcj+PAeBw7HwC9SD4v4FqeRWgiJV0VIrCpBWAH+0RoIjtNAeKIW4pdpITZZE9EJagiLVRBgj4xWQUy8Em0rIYYAH5ukTAAnyMf2RATth8crIyBKDp7B8nAPUIGnP3USQjTgGUigjzcj8OvTcSU4uSpg+twe8PEhI5+pgmgXE8R5WSDMxwKhwRZk8VqY4y6HqfTPP2qaLPqP7olpk3WR7DMKqR4jkew+DMkLhyLdcyQZ+gxkBU1Cht9EZASMRnrYKIL5cCyNGEhmbo4Zc5UxZqwaRvSTReC8flgZNhPb492xIWIBclYn/SmocPX4oZIMrN7lhbV7fLFqlycyt7tjzW4frCczWEPGvpENvRXofIwL5tYT1Nft9Ef+pqVkM/twbsVapLssgnO/QRhnYonxZpZw0NeDY5/e+IWsXabrT5jSTx8+jtpYvcgBu4PHY82iIYiZ2BejjGRgpy0HW0Nt9DbSh7KyEhRV1JHoH4jN6UuQGBOBuIhwLIuLp45MOHauycLJklw0nT6F5jsP8ZDgfffBS1y9coc6eNdx7dZDPG4haye+crx69/n+6WJRmj8JdWmxXHlF5W9aLafS16/fiKSkFKSnpwkbZqhKq83/t/PQpcGrXXHlOs8PT09fJiDPc9F5IRlOyTOkeZocrwXPt269dOmyGEtNTEzC0qXp4vH09HRRmMfgl6xOd1QsK8v/Oxy8Tvy/s5W/f3ILzVsScWn5CDzOmoUnm1zxPmsaPq5xwruts/By+3i83D8Zb3dNwqNds/B8JwF9bwgeHPDA3b1z8XQLQTpzDM5vH4LTyx1xPnYwGuPG4EbmMNTFj0JJxiRUZsxGafJolGcS1AnsNXR+XfgAHEkdikPxY7E31gRrwgZho4cZFs/vhWVOZOfTv8bSUb8gdlZPpI35v1hF///NuWGoJ0hfbY3HFA0E8dt16WiqW4ELdcm4VJNJLYGdjp0skUD9ZF0KzhctwYXcVFQeWovK7BRU5sWh7FAKyg/HoehQAo7vDMSZQ0tQTbC/UPdrqDc0XhSGzin337P0z+Pk5X/Ktv8uyH9/TfmyTpal/WKeunQpWunc9A4wL23b7xDC3IvJ0otbx85b7Tz/s50LoDPIOYYOHACGO8fwwYMwfMhAYeIMbQ7eZmhzKzVzPs4wZ1vn/c9j61YC5rYEc4a3NHhfQJ6Cge5oby1S9NaWvQT02eatRSGdUSucJdD+XHQnMW+2fSnUGeRSc+9o/UZtY/O8Lc7hc00lRXkMb7ZzactQZ5hz27sV9hZcVGegSaFB5q5GgFcl0KuLMNFREaDn1DyPt/NYu7pcF9FyaPC+YleRpm+/LK2ooGd7V5aBoiyZn2xXcQMaBvy0SeMk5vH2BfbkBJJ1EzBD1cmYleDjJ4voFBUCuBr8YhTgR6YeEqcK/yhZRKZoiBBT1IIVEBymjtAQNaSkaiA+WVUAPS5ZmV5PFuHJZPQEd/8I6hTQa3gGK5GdK8IngIAfy/c+V4NPsD48/LWx0FcLCwJUMc2ZbNlZC0nuZohxN0d0oBX8/IzgSnY+x00Fk+bJYeJMRQweLU8/gz5SvEZgufdEgvgkLPMchwyfcVgdNAHrIyYRpMdgbfAMrA2djvTQMUgJG4jFEQ7wczfBqNE9MGGkNiLmD8TKwPFYFzEPG6IXYmXQLGyKckFd3s4/vEiWn9iJVWTma3Z7Yf0+P6wlkK+k/awdfMwba7K9Bew37PHD5r2BbePqW/aHoHzncjzYewin09Yg1XkR/EaNh6vjMEy3ssYIXQM4EtD79+2DLl1/hpbsT+iv0QXj9H5AxhwLlKU5Y/m8/phhrQ4bbVlY6mvAUEsDylxMJ68ETTV9rI6Jxa6MNMSHhCA2LBzpMZHIiI/E3vXLkbdrA87W1KD59jPcuPUUly/eQllpGWqrj+POvRY8ffEBz19/wsMn74StP3r+lvbfS6ayvf0kiXd/PK3NpZ2ddwY7BuXr12+Rm5tHnThfkTbn+dwMW542xnBvv0DMPwuYUtPmDi2n5jm9zmPePOZ+69ZtrFu3Tswz5xQ9f2+XL18VRXZcrMfP484BT1HjlP6uXbtEAR+P9XMxHHcaOH0vXZ72X33ntz/udL7Duwdn8Pp2Hs4Wp6E5cyaakobhWroT7hB4G5LH4eXSoXiwejKeb5+Nh5mjcHnJELxYNQv3Ng7FxWXjcSVtEE4unY2zKbaoijRCtZ86iv16oTzJlmzbHnX+fQnodgTzIchPG426pBHITx+InIQBOJg4ELtD7bHOpx/Wu1hgud8ALF2kh8SJ32PZlG7ImCSL5SO7IXPGj0idqIUDyeNx52QabtZlkZln4gZFE8VNisvVSQT2TJymeF6aifulywnsSbhUtR6NZOd1BPuawmW4cCwFdTlJqN0dh/IDq1F10BeVO1NRtnMJzuxdjFOFGbi8MxzbEmfg6eOOt1A9dfpcpxBvb+j/f9h4zv6D2L5915+Yq17W+Th7Uetc9LY7w7WbwtYO4oUdQN46fa0dzEUcLe6Qdm8D+qhhQwXQ2dKHDx5AYJdAfchARwJ1f7HAxrDBDgLkI4YO6FAgJ02/tx9P5/Md7CSgZhuXQryzbQ4+Twp/hjrvM/zbdwgk4+fGAt7Syvn2rTStLq2al54rqtxboS5gz9BnuPM+z28ncEvNnNPtDHTpMSnkP4+xq1OrLozdwoChrtoGdEkoQI8sXJ9tnICtTSbOqXkeg9dS7CZS9BoEeF7ERlO5uzB1DZWeIh2vLP8LJo4b0Tpl6BHWb5mPuNTeiEwyhj+n1sM5hU4gjpUns1aEf6QC2bUsGbukuC0gSomOqcIzQI7ArAgvX4J9kBYSk7URGatF5q5Jhq6J+FRqU8nOkxQRmaCC0FhdeAQpwyuEOw2qdB4ZZ5gGFnipYdZCRcz3VIeLtxqmz5GFy0x1JPj2htdCHbh5a8PFl2w+lIDuIY/xs2QwakJPzJyshaV+o5HlPwnLAyYTlKdiY+QcrAqdgk2xM7EmcgrWRs/Ahpi5WBE2FsnBg5AcPhixIQ5wnk2vOc0AcZ7DsCluIdaGz6Zz52JjtAv2pPohJy0Ah5aH4mJN4W9eKKtO5yBz20JkbV9EAHdD1i4PgrunGENfT7a+ZrcHwd0dK3d7UrhjLcF9894AbCWYH94cjRvbdqBmUxaGWveizpgSfUYsYamlAxtNLfTW0IKeiip+/OknKHT/BSMN5OFsKQs/ezlkze+LxdOtsbCfFoboy8NMWxm6WmoEcxXIKyhDWVWH9o2wMS4aq6PDsCI4FBtTErBxSRy2ZyYge3Uy9m9cjIK9m3D2xHE0nG5AJcH88L5sXDh/AdduPCJDf48HBPNzDddx4swV1J26jtP1V/D6zQcJuN/+vqm//9A5RH/ri+23qalJmPO8efOxdu06cW/0pKQkMucSbKPf1b59+wQoeeycQckr3TEjP3Py7wOT4cvFcjyFjk2b5+nzojGciuex94SEJLGYzIkTJwSYr165Km7ExPes5u/z+vUbIpXPls/j87woDaftk5OTRaeBzZ/Ply6M889aQe6Pvt5Rh+jh9fN4e60En54W49GJgzhVmoizy1xQGzsVTdGOOBxoj5qAATiX0BfXku1xOWEQyoPNcDrUFCWhRqgJNEGRty6OeWpj0wJ5lMYaoiRMDRXBmiiPMkJZcF9UhPRDXZwVqhMtcSzajmBvgoKIvtjuYYOVAf2w3KU/1noYYulc+r92HYAwMvNkp38gYuj3SJj5ExKmdEHmEBksmdsXr48m4mp9Jm6f2U9Gvlik2ZtObRXGfvtYJpqpvcRpd7LyO/XpOFWQhqaaVJyqloD+Vm0KGovJ1vMTUXl4MY7nhKNybypK9ixF2calqNwdi7qDSTheHI+9mW7YkBrUobNVTZ3a30u5/29B/WegX1BQiKSYCAy0scae7Jy/11kQxXKl7eapt94Vrs3MS1pbyXZHqBe3g7ok7d6Wbi/gtlBSFMdAHzNiuAA6p9uHDXIg67YnqPcT28MGO7ZBnYEubdnKB9j1xQD7vmKKm3TKW/tgsEtT7wxqaSqet9nieZtbqdG3penbhXistXrero/kGKfppdX0DG9upTYvnQInWWVOvy313t7ieRzfyswAfXnePE+jaw3pmLrU3KXHpKl5icFrCqAz2Bnq0la6baKjBAN1WQF3bnkaHBs8p+f1VGWplYO+qjx0lOWhpSoHdRUZTJ00WpLufNqMtMxJiEq0JdgaIjJRh7b1yLB1ERwpQwYug6gEMnACuy/tB8fLwTtCFosC5MmW1eEfymu3y2GhhyyCg9UREa2IiBhdRMZpImGxLhKX6CAyXpnArYHQaDV4h3GFuzqCYvTgE64GZ185zPaUxzwfeUxx7k6vo4lFTjrwmKeBcD9zBAVYYJ6nBj0mg0lO3TFrgSLGz+6KkZN+wejRXRG00BIrwsdgqe8EZARPIRufisyACVgVTnAPn4BlIeOwPnY2bU/H8tBxSIsaihWxo7EkZBjcxhnAe6Ix2ftUrA6ZQ3Y+l2IOdqd6IXdlDIrWxmN3ii92JHnh4omyX10oT18oRur6OUjbPB/Lt7hg2WZnZO10Eza+ZqcXmbg/NpOxr9vjicxdbliZ7SFibbYPNucEY++OUBzcHoUd+8OxelMYzK00oWegAgXqhP38/Tfo/uM/8M03/x9+/vYbDNeXwRqCeLa3IwIdemKRtSz8R5jCbZAxRlgS+LWUoaamDnl5ZVGApqymC0MjCyyNDpdYenws1iZGYFNaBHatiEF2Vgz2rExAzjouEtqL0qMHsWvbOhTnHqYL4hk0NlzD9RsPcPr0JWTvO4rzF+7ixNnbKK9txLMX7yXT21oXonn7B1D/9CeBzvPIJePgHxEXFy/GvBmmDHoe9+aiOoYiF8HxwjJ8jFPlubn5BPhHYqybwSk1798bh/9NU/70+zbP34PUuK9duyqGCziLwMHfk2S1uHzcuHFTfK+86MyhQ4eQnZ0tCvG4Q8A3glm+fLlYiEb6JS3Gk2QgPrZO4XsjXv9vW/2nD2i504wXVyvw8nw+2XkBHt6oxbtbpbh7owBPc1fi5BYvHAkahfwwCxwLdMS5YCsUh/VDqachcmfKIGfRd8h1+i9sn/Qf2DX1P1Ew+Rva7oZdnj1R4KokblnaQABvTDLDpUhT1CY7ojTCCEd9tXDESxnZfnrIcVfD5rlyyHTqgXQnbSyb+DWWTfoBkXPUsZzaxcNlkDlGFRmD/4ENC6xw+kAinjTuRHN9Fu6e2Ij7ZzNw7f9x9xbQUWVrn37fmf+s7876f/fe9kt3IyEuJFhwd5dGGvcocXd3d6l4Qpw4MeIJUQgQD/GECBEIJGgD3b9590kqhJbbd765M+ubYa29zqlTpypVRdV59vPud7/7nise3E/B/fsxnLH3lfK4sfN6biydIF7thrqqQDTUMkMnq6+OQm2VN2rLnAnoQajIcEJlqhPKE11RWeCOW8k83El0Qm2BNyrTXOBuuAtV+akz343ZofZfht3/CKa/P93tt8/5vTB90vVEREfwsHmlLEKDw3/jsZV/WIJ2qrLd7FXh+ECfFW6fVWymcCbbvXQ6Ua6Eg3vBTNidb+ZF01sC+rHD+/HDkUM4emg/F2Y/cnAvAX07B2zWGMz5YXW2Pxvue1lIfudWsvqpY/yxdHbOVKiehew3z8CbgZxv5XwT5+/zG/88vqHzx9rZWPzW6bH32SF87tjmtb+aLscHOTN0Zuuz72OmvpEdo/0ta2Q5cPOtnO3zw+78RDm+rfONfSp5TpKaBBeOX7tMAmuWik2F5QnsbOyd2fuq6ep0U1PhBGc1YQI7K2YjiMvnT09fRDrhE3gYpg6y0LWWJuMm+JIxu7gvhYv3Eji5L4G1M5s7TnB1EoGRvQC0Lf4OFaOvcU7lC1whiGuakGmbM1MX4arHOVCHwNpBnExdGvZk6OxxxtbCMLGQ4orHmNtLwcRmEVm+NNRNBCGntYBgTTZuIIoLyt9BR18SWkrS0NNeCR0jGajqSBHIhXBGfiFOywlA8ao4zl4UxP69c6B8egmZJ8Hb7Dj8jY4jwuIsvEwPk5ES2G1OwMV0D1yN9sNd/yCctXYjyOI0XE0O0Tn74Ky+AyZnN8D56gGuwEwE2XmSqxY1HRSE2uJmkC2S3AyR6kk27aKDNF8jdDVUf5hr/ugB7ALOwjNKAb6xVwnqV8FLVEcw2XoYS4xL1CJT10BYEhtL1+JMnUe3edfVuf2I1KlQPAN7bKY5ErMItFn2SMy0Q0SiNQKCdXHx2DaIzfsSFzeIIOj8YuQYbqftEvhcWotrhifgpXoEcjuWYO8aaQjMnw/BhSJYQECfO0+QgL4Esqu3wdHGDr72dvC2NoWfgwmiPC2RFuRMzQnxfs7IjglBUUo0UmKDERcVhOKsVBRlpSErNQk3s/NRcese7tf1EtBH0dgyiraux9yc9R/f/THMP4L6z38M9NnwHCA4Dw094sbRWclVFtIeGOiHh4cHGhsauMIyU9PPUrlSrTb0PlkCG4MoO5dBlT2OlW0dHh6eqanOByYzb/5CMP+rY/T8sPptsvR79+5yUQZm6ixUz5Lo3N3JDEtvcWPtLFegsLCIqyLH3h8bd6+sqkJERCSsrW25+fJsPn1W1g0yqiKueA4L+/MjCP90tIE6A5MDt/C6uwSvetIx3puLyY5GvGzJJJgXYXSwEC+aszBxPwE9FQF41hCNyTvXMFjkiq5CY+RTpzzt4p8Qtu3fce37PyHn7L8h5fJfkKUljWQ9YRToiqHYRBLVlrIE893oDDyI+/YEc6eVyDdeiXQFcaRRC1YSmU54EwXv5DcIlPsLeD/8Cc4H/gr/c38G7xBtj84H7/vP4H3xK6R46mCyMRN9PUnor41C330y8fogDN3lobE2Aj2VYegjC2+r8kVXmSsBPQB1JSwkH4TWmgiydk/U3g5BHTU2ba2WwF+ba43yUheUkaHXpFmiJsEV5Ql2uJvmhHt57mhIMENxmCWstC5y36nXr98QNCt+19D/aEz9H4H+tzoFv5t4V1IIJ2szErGFUFW6ygH545B/5T+cH89uM6gzILOSrhy8Z9ZU5y/tyrf10imIfzSOXsrVcGA2zsLtM2Pov0iO++Tk8UM4cewgjh7exzWWoMWHOB/kLJzOtvwkOLZ/+MDumYQ4Bnc+6Nl97BjbZ+dMQZ6NwW/mMuBnWzrbZ+BmY+l86LPGjrPGBzzf1vkhe3acP/7Oh/rW6SlyzOJ3bln3q7F2fuOS56anrrHiNlxCHYP+8g8Z7wzcs0Pw/O3scXb+/dz89uWsIp0o1iwTx+rl4gR4SaxbKslly7MkOjYOLyslwk2L4xpbeEZaDIoXz00VjOm7B3efPTB1lIG+rQh0bURgZicDO7cVcPJYymWuO7rKwMJRnCAsBmMzNgYuACPbBVA3nEsAZiunCRHQhWBmuwhG5oIwtxOGo9cyWDlLwt5JApb0OAMrQWgbLySLl4SF7WKY2kpCz1SKTH0pVAzFIK8tBAUdYShoiUJBVRha+qLQMxSHht4iKOuK4pyyAC4qS9F9S3FOSRxHzi3AtgNf49LRxfAzOYsAY4K5CTXrY/CzPgp7811wsjwAa/1dUJNbBjO1rfA3P4N4V2UEkL1rKqyDnvwKWClsgKfWEUTZKCHaXglZfkbIDbRCSYQTCsIIdk66yPSzRE6gDVK8TZDiZYissKnV2cYnRsBL0CWIK3Ew9yaoe0XJwyNKjgCviDC6L/y6DkKS1MnY1eAbr4ygJA2Ek6kHE9DZ8Yg0Zuq6tDXAtRsmiMkwJbibIiGbwJ5ti/hEM1zYvwxaB5cg3Wg3PA4LwOMHcWRbnUCS+Wm4ye+G8ZkdOLl1OZZICmPOHFavXwDfUFsgKE5Ap+/Wpj3wcXFGgI8jHBwM4OtigmvuFsj1d6AOiiPyQvwI6GG4xnNBFI/gnnwNqQT4MG9n8NxdERMahZKCcpSX1aG8ogkNzYMYn3zPVZb7Z2H+y0S5/+gqaqxwC6sWNzk5iTt3bnPz0FnmOUtKS01L5xLXWC14lszGxr7ZvHT2GAZ7Zs5sbDwkJISDIzPkEydOceezsfP3739/FbX/aAEaLpv8xx+5fRZmr629y4XhWWlY/sptLOmOhQRcXd245Lvx8Wd0AS2m99YEMzNzODs7c0BnY/KsSt7UFL1RrjPA2u/lE7yY7MKztkI87yvC84FiTLZl42lfCT22Cm8Gs/Gkq4CMPRfP+jPxpP0mQb4A74YK8ONYLl6252KkUB8VOp8j69SfcEPuC5RofocbViK4ZSSFWpe1uGO0AncMjqLKZyfZ+CbUuq5CrfEyFNiuI9NfhxvKQijSmod4hblIUZBA3BVhsvu/gXflE/COUmPlWY9/wlV04138BmFHv0L40f8GqyuyGL0Vgtf1uehvusEBuqs5AaMN6Rgj824r88eD5iDU1oSj5zYP7SUeaL/tSp8tDw/KeOip8UVDoT93u7aCWg1LkPNBbbYl7mS4oSLGDQUJwSi/HozbCfYoZ9ae54y7txxwP84CpZHeeD4xTp2xCbLy306I49qtyn8qy/2PsuR/75ypv1uBu7VVsDUzhMA3fyduLENaetZHEP+jaAGDdTAvCFfl5LBjw1psXLuamx7LxsGLZsbUyz8UmCn+jcS4oqnpalNA/7jNAP3iuZM4d/o4Tp84gh+OHpzZHjm0lwMyawzy/DA7Azc7xu7nQ5vdz26zDgF7LDv3yKE9M+DnmzvrEBzYy8x/K9cO7KFjOzfNQH420PmWzh9X30PnzQ7DH9i7jYP67HM3r1/5kYnvIHPfNqvYDdtunM5yZ9PXphLkpsLu65fJYOeG1Ry4+bDmh935tzeu/DC9jW/xM2BnGfkE8lWyUvQfLv3RHHf+PnsMg/lKandrb08lfDRmw95rByycVxOglxK0CXxOMjBzliajloGloyQc3RbDzpWg7CRGYF8CW2sJ2DsvIuhLQtNIGAbmYgRmYWoLYcfC9M6suMxcmDsS4K2EYGFF97MsdlNxsnMxmNhKEdyloGMmQjCXoI7AUigRvBX1hXBFcyGU9cVwQUmAjFwMarrCUNOThIq+BC6qCuKKhgyUdJcR2EVx/CJZ+lkpeOh9jwDTc2TXpxHleBr+TofgYXcAevproaa2HLpqa6B1ZQV41ucR56aOQKvzcCOL1zi/DGonF8PF4AACTc8i0U0byT66uBFoisJwZ2puBHdrZBDEr7vqIzPAConuhkhwNcBYfzdevBxHaJIBfK5dhdc1eXhFKIIXqw7/a6rwj9WAb5w6eHFaiLyuh5B4TdpXQ2CCCvwSriI4RYsbZw+5rjlt6QYITdFDKJl6OAN7JoE90wxxmVbwdVOAv8Z+5NidgOsxMbh9L4U0k0MIUNgKkyOrYXVpPzRPUId28yqICgng00+/xOdfzMGXf58LASFJCIpIY+vWPXCxs4S3qwm83IwR4mmB7BB3lLI12QPpYhgbQu/bA8GetogMcEdsqD8C3Z3gZWsNZ1NTeNrZI9w/GDGR15GWWoTb9zvx5PmPMyu2sfHzd+9+5pZW/SOgT41z/2uTwthzMftmkGMLprDa7gzSrPhMWloGV7WNjcOzanIMoHp6emS+mdwcc2MT6kDFxnFrq4eFhVFnoZv2S7hKdCyhjRk3A+aNGze4MX12+1/xemcv8cr+DvvH6sCztdnZVDl//0Du9RsaGsHc3HKmdCybgpeVmc0Vz2Ghe1bjni1ew+bRz3ymb9/i+WAdxjsqMNFGYO4uwuOufEz0lOJNTyqedmVitLcKzzrukbVn4WlzPl4+zMSrgXy8bk/Dq+ZMjLSko8zzCLJUvkGljjgarLbgntEZ1PnsRpvtFrS5r0Ot20aUuW/EbacdqHVeiTJ7aRSrL0Si8nfI05HCdQURZCiQ2St8A08FAbhe+RwBx/4Ez9UE8H3ULv13+Jz8r/Db/1fwDn+G4ENzEHRMELd9tPCkKQstDfcI4jnoa01Bb1MERuuy0F0bi8dFQWiq9eaA3X6Ph7oHXujJJ3O/Q/Cu4qE6N4og7oHWQh86zwd3CegtBPbqW54E70BUX/cimDvifrQlbqV74Q51nh+kk6UXe6Ms0xo996cWaRoeGeGA/ttArvoHQOfDdjbUf68oTcVvhPSrpm+zVorwIF/s2LgWYoILIS4ihMP79iE4OALxcclIT89Gzs1CDroflm2deu4i2g8PCceV0ydhY26Mm1lpKM7LhM7VS1guvQhZuQUfQu/TEJ8NcwbwX4L9t0A+A3Ql+Qu4qnAZDOxnTh7F2VPHuP3zZ37AyeOHCfCHcfzIfoL1Xg7crB0/coADN4M1gzg7j93m3z8FcRae38o1ts+gzlk82yeoM5jv37OFjm/jbu8nQO9hIfrdW+jxe7gxfPZ39zHo0/F9uzZzAOeH4fngZ3CfDXX+8c3TYGcQ50OdbXdv24CtDO7c+Pv0eDobe2eWztn6h0x3zs5ZCJ4VoWH3seQ7/nQ4VvWOQL16Cdk4dQbWyy6ZKj27QoY7nxWqWcM1KQI9gZ0VzWGN9u/fvTO14AD9MOw91hHMZWHqtAJGNksI6KtgZCcNXWtBmDiIw8JeEjaOS2FuKwpjGxYyF4OVgwRBm5VwXQE/7yOwod64msE8anPgwMLrTsKwcFgIQ7u5MLYge9ebC3U9QQK+AKzsp0LsqnpCuKQ8D8raAtA1J2CT3StSh0BRX5wMfwnUdSShZixFcBeAioE4lHREocoy3w0J5iriOCUnjDOnBeCifxCBFhcQZncZ0W6XEeh8Cg42W2Fmug6GRmuhq7saeuqr4Wd3ElEeinA3OgZH3QNw1joEW6VtcFbbC57FeYSTmSd56iHZ15CaPnJC7JFNRp7Hs8NNAnmCiy5SfcwQYauOkYed3NKUcTcs4B52Eb7hSgiIUkVQjBb8I9URSlD3uaYE17DL8IlWIchrIiLBAFFJbAxdF6HJmghMVEdAogZ1CFjhGYJ5IsH8OruPbJ7OCc8w5KAenWrKzaXPsjuNIOU1MNs5H1YHhGG5XxKmx1ZBY+8KqB1ai7M7V+EgfffmffcN/vbp5/jiCzZf/TvMExAjoC/GkmUbIHfpMhzsjOBDUI/wtkVZcjh6izLQEOaP20FeSHWzRaCdKcK9XZESE4U4XjDC3DzhSiDxsrGlToAf0hIykZx4E0WltRgYffqh2Ay/FCzbvv/1+umzQf+7dv7zv6YICwupV1VVISHhOmfcLOTNlmBlY95saWJm6Cx7nsGbjcFbWllza6K/f/cT0snwmT2zzHaW/MY6AQy2rOocM3q2GMv/zgQ2ftieNVYrnkGazZFnYXi2AAz7x16Ph4cXZ/AxMbFc9IHNAuCvOPfy9QCeP7iF8Z58vB0owER/3hSoHxRicjgZ4w/oWHshHncTxFsLMEZgf9pZhLddtwj2+XjVWYbnHVlojtVHpf1qVNlsxB3vvWh1P4wuky1o9NyOhoAzaLVZj1LX5Wi32YzbZOc1lstxW385anSWIOWqEGIUvqP2GWLk/gs8Tv83eBz9M1xXEsR3U/ue2pFPuJXQeCf+HXFybEGVvyP27JfItjyIp03J6G3NwbP6DLzquIG25jJ0t0XjaV0c6msS8aAlCIMlvuhq56H+Lg/dZOmj1bRfGohGAviD0qn56XXFUZyx19UG4HZ+GGpvBKIy3RXlBPGKG3ZoSbRFXbofqrO9UFvphoZbrrhHHYOK7lvcZ8mSG8tuVfy+of/G2Po/MvKp9mG++B+F8NnzZtB38uDOrRAVXABR4YWQERclMaNr+jLGiKUkiKtw8tgRqF29CnPqnNpa28DHOwA+Xn64Ki+P74lfuRmxaK6vQcPdcjTU3kJ+ZgK2rlqGmzeLp8Pt5R9B/ZdWPgX3kmk7L5oJuf8qy93c2IDUXxsaKor0guQhf/kc1y6dP8XZ+qkfDhOwD3Jw5Zs6AziDOj9Ef4S2xwno7Nxj309Z+g9HD0yPxU9BffeOTWT0BHQC91E6R0tDHc4uTgjgBSCZevKFJSUor76Nqjv1uNfQinv1zWhsakFrey9y8grACwqCjpYG97d2bmWJdCzcvmomsY7BfPbYOgu7M4jvYRn306bOGttnYXl+9Tp2jLP26bny69kiMauWcMBev2J6sRi2v2bZzAIyHxalIYAToNmc9o3TCXnc/HkGbmbkbMEYVgFvum49u//eNMwLyvwI5Gth6rgcVi6ycPbdRma+AnpW4tC2FCagC0HPRhA6FmytcjGybXEuZG7mIAZrsnMLRxmC/WKEBh6Fv/c+GNiI0vOIwsGddQDYFDYhaJl8B1X9L2FElq5rvhB6FoKcmasbi0LNSBJyKmTkqgsgr/0tVIyFIGcwn0AvDRuTVXC33oirukK4rDkXSnoiUGQdAK35OCm/AIdP0faEOJz0qJdqfhbXbBQR66KAAIejcLffCyPd5VBUWAT1q1LQ1JCCtdEWMndFmKlsh5PO93DTOQJfgxPwoxZtL48gg7OIdlbBNW9FpPjqkYlbIt3XBLk8KzJ0c2QFWHNmPgXzLu7zu1kWBI9QBbhHyME/msw8ShEhMRoIjKIWqwbvGEV40nH/eFUExKognKAdkWiIsDhdBMexcXQdDuh+CeocyMMI6CGJOmTq+ggnW49IN0YkNV6gMpzlNyJMdSPcT1FHaM0X0NgpBs0DyyG3dREub5HGqY3SOLGDvlNrVuDrr77igP7Z51/jazL0b+cJQkBYBqJSq7F+4y6oa6jA2c4ESZFkN/mJ6EqNQbGXE3I8nalTY4lgB0v6HNwQHxyC+IBI8Ozd4WBgCjcLa/g7eiA+NA6ZqTfpe9SJgeEXePXjzxh/8RMeT7zH81c/c5Xl3rz/BczfTrX3fwB0Fg5nkGXgZKFpZtr86V7/KojONmO2/ClbwKW5uZVbDKatrZ2z+ejoWG7s1MnJhVvpjR1j97HXwELn/6cy0n+rbvxUvssY7O0duTH5qajB1Lz+93iHiYE6vGi5gcmuUrzsuYlnPWTbvSV4OVSE/sFCvB65gYnum5gcy8XzoRsY767H20eZeNyfjleT5WTnJQT3G3hS7YlH8fLoCTuEt7xDeB6kgBHeFQzzdqPT4wT6ed+j1W03SgwZxGVRo78WmSZbka0ohFg5Mu0TkjA8LgHn/f8G97WfwJyaz6a/wJdA7rX3k6mlTFmo/Yc/cyDnHSWgKwghTnUJJqrS8Lw5CyMdRXjSUEamXkxgz8dwaz4aWyLQfTcMPU2ZeHQvHPfuxaCuLRTN9Ht8UB2FrkoeBqsd0NpMpl7M5qUT2CuCMFzrhbu3Q8jAPVGT5YLKLE9UJQeiIcMbtxP9UB9J96c5oCY1jJ4zBO19Kdxn2tbO5qBX/OG4+cf7FbMgXz59u2oG+szefxv8v+40sFB5WGgEydpySIuLURPBChlJnD1xDCePHMLBPbuIledweO8uut4vIcGTxkpqq5ctg4yYCAy1VHC7KBk9LRXoaKpBSXYSbpdkc0C/ePL4DMQ/SpLjoF46nfX+saFPhdxnh91nJ8UV4RNDXR3oESiN9HSgr60BLfWr0FBV4qAud+ksZ+wM7hfO/kAGf4SDOTvGGmf0dPz8xdM4eeooQX0/Z/Qnjh0g8O4icO+mDsAuHDk0FXZXlLuEsMgIAnc1+oef0AVpAv0jz/Bw9BmGxp5hcHQCQ6Mv8OjxS7r9AsNPXmLkySuMjr/GKG1H6Njgo3GU0hv29fTA+dMnZmrLs8I32zZPjbfzQ/is9Oz26eI2rLHkOWboDPb8sXa25c9d5xs9265lK8bNKlH7y2S7D4VvZGamxs2uSc8tPsNqybNsewZzun239g7e//QO6TcdYem+Bkb2MgRsKTLxJXD03QJj+2XQsRLlQG1kKwwDVvjF6lsO6vpW86Fr8R3M7EVgbi9NkJaAmY00rG2WkZGvgqv3Mnh4LedgbmErDksGeJtF9DhhMntW3lUMKvrC0KC/p2YihbPKc6GsIwRVQ0Eo6QoS1BfggupXUNASgqXlGhiYyEDVeD6duxDq9NgrWvNwXOFL7D35d+w9PA8W6nsRSRC/7qGCWFcl+FuegZPVLlhZroaGtiQ0lKRhqLQKFtqr4GexF176+2CrvRXOmofgq3sCEVaXkUAQT3BVQ7KbFmKdlBHicgmhTle4hLgb3gZI8zJAhp8FYpx04Gd0BY96p+o9l1THIDBeGd7X5OEQfBb+BO9AgndYnDpZ+lSYPTBOE+7R8vBPUObO5cWrc/PRg2P1EJlohKgUY4QQyAOTNOETf5VMnv5+MpvmpoWQJG0CuiEik41gqb4d1seXIFxtM2wOiUFtx0Jc2i6B/csEsF16AXYuprZCAhuWiGMZ/dC/+vpr/Ptf/oa//PVz2v8Wc+YS0EUI6JIrILNsLU6fvQAHW1NEBhHEEwJxI9AZQU5mCHa2gbu5AXzszOFnbwUfewe42DjCysQctsbmsDe1gIWuIUK9ApAWE4322hY8JYhPPP8ZHb3jqLnfhTv3O8jaJ7kysSzr/eUbsvc3P3GJcNySrGTA73/6+XeBziDFwtlsbjfL/GbLlLKxbrbPjJrZNQujT06+mKnp/q8M3fMz1tlYemNjIxfCZ/PNLSys/lMViGG5AfwqejPlb1+M4ulQNZ62V+F1dwFed97EWzLbR4N5eDRE8G7Lw/NusvLOHIy038eLB5l4PVSIoSdk6aNZeD18A2ME+FejBXjeEo+fwi/ipyJVvMk0xPM4eUxmKGAy4Qwe8i7iUaQ8nsQeRRvvAGoNdqLQdjNKveg7a7odhvu/wRWRv+KE6Gc4LvrvuCj7/8NIdA50l38Cp0XfwvUc2fpWAjlre/4E3r454MkJEdS/QqT1Nrxou4bJtmq8GMjG8/psPGspxeO2SjzpSEBvYxYe3Y5FX2cyhuoL0F8bivF7yehvjMFDsnQ2ja25LRi11RG4WxOGtpzchEgAAIAASURBVPtTQGfj7PUsWa7KFT1VPFTleKPqphdtPVAaG4SqRAfcKvZCdZoHatODcKeYgP5waglllsMwFVavQsmt2WPmVf8k3Pnbqo8M/WP4V/ymxWfeyIalmTkJ4kZIiopQE6bfuBRO/3CMfgeJuFNTgeamOhQV5sLCzBS7t27BcplFkJGU4MLyC777FpJk9IEedrhfmYuiGzEoyYhBY00BaspyYGthNitEPxvoHxt64W9C/ZdAn4L6J/bWVrCzsoSxvh5MDPS5pqupDk3Vq1BVkoO6igIHd0W587h84QwH0fNnTnAhec7gCeonqZ06fQw/nPietkegpCAHZ0dHuHu4IyYhHinUww6LisLd+iaC91M8HH6G1u4hVN9vpf+gu6iobqDbAxgcm8TgyCQeDj3lGgP+I4I41wjy/P0hAv2jx5Ooa3iAyIgIel1nucQ7Nk2OX0+en03PD8lzxxnkycr59j4b7PykuS3rV3E14/nz2flj8rMb/9iUsU8tG/thydjpddxZhTpm8gRyVYXLuEcwf/PmBaIT9WHqRMC0WwxDB0kyawkY2ckQ3BfTMVHY2K+E+tnlkL8kwpVk1bJcSDY9D4Zk3HqWAgT1BXDyXgkDUwkYE5yNaOvgLgtvnxXw8l4MOxcJbuEWJydpeLgu5aasmdnIQN1AlIAuxEH9svp8bsvG35X0BCCnKYBzinMhp8EMXQxaBougTQavbSIGbTNB6gQIEfSFcOjsl9h56AsYKW5BmOUVRNiTmTuTYTsch4PlLugbr4SmwWJo6MhAW2cp7Iy2w8fiAK47nICb+gaYKq2B9dUtdOE4h3h7ZaT5GCEv2BY5PHMkeWgj0PosIhwuINlLB7n+ZsgJske8qwHiXPRQEOc/ZZH3ssnM5eAReQne0Zfhde0KtUtwDT4PXowK2bcaPMLJ1hP0ERKnDb84JfjGKXLw9ydws1B7SLweYpKtEJNuiYB4Zukq8IxV4MAenKzJheRZBnxwiBLclLbA9/JaOB6TgOWxpVDeLYFDy+Zh9+K5BHMBrJP6DiskFlDvfDGEBAQI5Azmn3Lts6++hqCIJITFl0BMaiWkZFZj74GjMDXThaezKXieNvAhmHvYmMHezIBrzhbG8LS14sbN7QnkZobGcLF2gI2hGSwNjJEZfQ0dxUVoTElDx+1Ggu4dpKTm4WZuNTKzbuFuQzcZ+88YffYWre3D6O4bQ1d3P3r7h9DU2o7h0bHfKfn6MxfeZoltDOgsmY2tXMYWUWELsLDbrKBLS8sDpKdncOezLPbg4GDOsru7e7llS6eqtM2uu/6/ZsasE8Ge/z9txbef3+PlYBuetFXg8VAWXjI7H8nH5GAJxgazMTKYibGOCoJ6Hd6OpZD53sRYVxVe9CRjeLwA70ZSyeZzMEEG/4x1BLqL8K7aGi+zVIBcI6BAHy9TdDCRwAz9Mp7xzuBFmAKe8E6hjqeCtkhTNCUHoyspBFleCvTb3AaXHZtgr3wYh6XFcXLlHCgs+hvMNv0JVjv+DG/Zf0PgrqmEuOgf/oKQ7z+H2+XPEKu/CgNVMXjRTK+ntQwjQ9fxpJU6HPQehuuu41FbIR52p+J5Ywk62xMx0ngDfffzMFqXg8n6NNS1xqL2fjSqydLbbwegrcgT7Q1hBDIeGqp56CaQd9wORDO11mQy9ER/lBc7oTLeGvfTrFBBcK/NcecS6JoLvKjz3jj1e79zlwN5MWfXVb8bZv+jaWu/An9Z5T8M4+fm3ISmogKWL5KElJgoNq9fCw1iYXLCNUSFBaGpoRYvJp+iu6MVcbFRuHDuNBbTueLCwhCjJiwoBEGBhVg4fz5MtFVQWZSBnMRwlN2Iw4P7t9DRfBthwUG/Ajp//4+BXjwddi/+yNI/cXNxgpuTIwd1R1sbWFuaw9TYiHocJmTrKlwYXkNVccrcVZSgQm9S8cpl2srjyoVzuHiGheaPc1A/QoZuZKSPpMQMpCZl04d2hyDegbqmLrS096Or/zHaekdwPTUbx46fx8qVmyAruxGLF6/BZTl1+IVEo+ZeK5ra+tDaNYiuvlH00GMY3PtHJvBwuvWPPaf2Av2PCe5jr1Df1IaEuFh67aZQVVGEuqoSF1VgiXP8jHlunJ3AvWPa0mePqzOos9D8VL35FWTyq7FpnSx3/JeAn92mAL+Sqx+/evlUSJ2/fOv66ex4NYI5l+368gkio1Xg7LqNGzPXtWZLl0qRPQsR1MXIxsVh7roIHg6bsHXJtxCd91fqFHxBFs1qrS/gyr3qWy+AqsHXcPFeARuHRTC3k4AtdQq8fJcjIHANnDwXw8pZDFa20rC0koKdkxSsnWSgYyIOVV16fmtpqBuygjHCBG4RzrovqRPI1eZDiY6pGAjCxHwlNAylYWy/nCv/amEtAxNLKWjrLaUOG513YQn8zM4hjuz6uosyAVceAfbHYEt2oKq6DEeOC+DCBVHoaK6Bn8MROBlvQ4DpHthcWQ2zyxvgo3sMCU4KSGfQDrFGmrcpUn0MEOOiRiauiBQ3dWp6yPC3QGagLVK8zJEX48d9hu29t+EdqgSvcAJt2CW4h16Eb7QCN1buGaZEdq6JwGuqCEzQhG+8JvyohSRpwSdGnkua84tTpX0FBKdoIzrFHDEpVghPMuKS4Zip81I0EMSy3pN1EE7HwhxOwfm4BIIV1sD2uBT0D0tDe/8SqB9YjCvbJMnUZXB4HatBIAgZcUEICwni22+/xWeffYa/fvo3MvS/49u5AlgoTD/0RSsgIU3fma27oaWtBSd7a0QE+8OGAG6opwlbsnNbc0PYmRkS1M3gYGIBW0NTOJKZe9i50NaKgG+NBIJuRkw8MgJCEecfTr18J+oEeiE0OAlOjsHwDYijjkgSgkKT4OgShGsxmUhKzUXTgw60dXbj+ctXvzn3e2qt8ldc+JtVXau7X8dVjAsI4HHzulnd9ZaWVq5oC0tMYx2ChIRE7hjLdmdJbCyJjNVhT6BOPBvzZobPpqq9e/cW76cT2/5Ph8v/t9Zhf/MKE11ks83FePWoCKNkteO9xZhsz8D7rnQ86y3BRGsBnvZmYZyAP/GwGk8G7uBtTz5ZeDEdL8HTsRw8f0Q2/DAWjwfukbWnYzJVCy9vaANFlkCxAZCpD4ScxzjvAvp4Z/E6RBmPos0xmhKGN6NFeFOfj/cdWeioSsPwvXi8fJCP8boEDJfxkJ7kjDjzs9Db9HeYrfkEPiu/gtne/w6/nf8fgvb/GbyLc5GncwYD93PwsLIU/S13MNJUT+BOw4uOIow/KKMOSRxGOxIx1JCO/qZKur8Yw+0R6G7IR3/DTQJ7Fnro73a3haKnmIe6O+F4UEAwvxWI+7X+JDOBeFzpiu4iHrqq3XC/OgC1uZ64n+WExhw3lGf4oCXdHvcKnVBLHYF7Jd7o62vmPuOy8ikrL/kdoP/PLL7yx42fRFeOYP8ArF/Kyo4vh6m+BtwcrdDWVIWJJyOorizA4MN2DPV3oqKsABWl+bA2N8ZKOpdVhly4QICDuRhZvbiYOPTUlJCZEInkMD8UJEeg9V4p6qqLkZWdPQNwLoFuxtDLfyfL/Zdh9w+rrk1BnYDu7OwIewc7ODk7wMXFEdZWFnB2cqCLgz29SDOYGpK5G+pAVZnZuiKuKshDTVmJawzqzOKVFS/j8qXzOH/hNOLpx2yob4lTR87ROVooLK5Cc9tDrtU/6MG1hHTs3nMEK5ashsA8Qciu24OFUhsxT3AJFi1aCRtrV1RXNaC5pRft3Y/Q0TOMTuoEtPeNoGvgMXqGxtE/OjnTHpLRDz2ZpN7uc2ov8PjZS4L/U7SRlZSUVyHqWhQs6aJ57sxxfH9gF/bt3My1vdSLZcDmj6+z7U42Hr+VhekJ2OuXEtSX0HYZ3f6QWDdTRna6zOz2Teu49dkZ+Pn3cSH51Uvp/ctNF4wZREDYWTh77oSL2w7YOq0kYLLa7MsI6GIwtBSBhasE3RaDjaUsVon9Deskv4DMgr9guczfYGy+Alb2IjAwn0uWvgAunjJw91oMB1dpOJORu/uQjfsug73LUpjYSBGUxWBBVm5BMDe0lYKiniAU9IShZihKYGfwFsRJxe9wXP4rXNEQgpqBBNn6IjouADUdEchrL4SqkQCMzOk1mUtDS0cUiopS0FJcBkeDQ4h0UCAAK3A2HeZ0Bs5m+6CquBKXLi7G6e8XQueiLBxNDsDdZD8s9bbCSWc3XFT3wl/nCGJt5ZHqqYWcACMycX1k+lnR86gg0YuF3VWQ4c3mmxtxxWSSaJvCc+Y+w/7hdjhEnIZXjBxZuCZ8whQJ3mrwiVCBV5gyvELIwsPIsGO0EJHAxsS14RlJAI9Wh0+UItw5o1eCa8QV+CaweeoaCEkkaF83RGSqMYKv6xDY9cnOdbk56SERavBV24jQS0sRqrgaPgprYX96JdwurYX5SVnsWzwHZ7YvhvLRTdi1WgqyiyWxbu1qSEpK4vPPP+fAzqrKffrZVxAQFIOY5FJIL10FqcUrsXnbPpiYmMHN1RopMQFITwxFbJQ/HMjMtVRVoamiTt8dTeqUylEnWht66gbQpNtqSurQ19Sh+3VgomNMv00LaNNvzMnYmoN+RGg8CnOq6AJxjy4QdchIL0VldQsGqfP7/M1P+PHt+/+p6V98+LJlTTs7OxESEoro6Bgy5j4uPB7IC0JyciqX/MYWXfFw9+Qsvru7h5v33d3djYaGRoJ9MTc2zwq9/Csy1P8z/Hsz2o2XBOaJgSo8flSCyUe38bY/DYOjBXg1UoqxoUK8GCzFjw+vk3mXY7wrG48fpmK8MwuPeyox/LCCoJ9EgM/ExPA9vHhazc1RH2lKBPJ0SU2p5RkCWdZAugFepqpj+JoS7vmdR020Nl7UF+Pn4Rr8/LyaOksP8Pp5DV40peBJexQm7ycR5BMxfCcejyqCCJLuKIp2ROQJWRiu/68wXPFnuO2fA9cDsrjlYY+CpFTkJWShOJjgcD0FlddjkBodhPtkqb1FeXhSX4DHzYV42pCN0YZcsvIMDBLMRxoTMckg35mCscZs9DSRydfxcL+MhdzD0Vnjh85aFwJ6AJcU10nHBnMI8CX+aLnpg1oCefVNb9SkOdOWIF/hhuqcENQUUWehu4U6TD+ijAu1s2x2fkZ7xUdj4CW/3P5yuljZ7HXQy38D7hW/snUWzlZRUMASMREc27cLSkqKOHXqJBztLNDb2YDYa8ForLuNyFB6T21NGB/tR1VZHie8ixfLQIgZOoFdgh4vJSFOTFgF9UvnYGOgjfKbKWi+W4qMpBhkZmb/Zsj915Z+63eh/qtpa84EcxsGcQI4A7mdrQVcCO4e7i6ws7OGrbUlXWgsYG6iD1MjXRjTizLWp4uMtgZdWJS4kLwKWbwCmaiGhjo91p1ua+GqogZ4vDD0DhKQ+4bQ0TuI5q5+FN26TedqQoaM5dsv5+Kb7yTw9XeL8M28RWQzoti0cTtiohNRV/cAbW39ZBWDeNDzCK3dj7gwPdvv7B/jwN43PEHtGQbGnmH46XOMTrzm2sizFxglsI88fYlHT15w4/R36lsRE5sIYyMDLnHvINn7/l1bOFvftXU9B/ld29Zh2yZZDupbNizDxrWLucaObdmwYmbqGz9kP1Whjh+CXzFTwIY1PswfP+mBL+8YrBzXEHDXw8V9K5kTwcFDFtYei2FCFm1qJ8RlpZvYCsHMTAYn1syFxn5JqO8SxnrRr7B17Tcw0F1CHSVhmFuKc1PXHF0Xk6FLwtZRDJauIjB3oE6BrQSMycytHZn5i8Lcfhn0zKSgpi8KZQNhKGgLQVFXBBfUvsWZq99Biaz9ioYYlPUWQV1PCuraolDTFsFVPXEYWLDpcKwDIIqLiqI4c1EUFrrbEOl0kcto9zDaByfd7XRsK8F8ORQvLsOF02Iw0lgFD5O9ZOffw8/+CHwtDsNDjzoB9vJk5opIdtdAFs8EKR6aZOf6iLbXRID5ZcQ4yiPGlYAeYIZUX3OydhMUxPpMRzeeIjjBAOa+R2AX/gNBXR7hyYYIizeAb7gaPELk4RxwAe7BCgiKV0d4vBZCrqkgNEYHgdS8olTJ5FnmO4E/Uo4erwCX6CvwJLsPTiJbTzdDRIohotKM6XkNaGvIPd7LYCvCtTeBR0AP1tiESMN9iDD8HrqnN2PzYmFsXSGKAxtksG6JCESF50NCQgLffPMN5syZw23nsvXTBYQgLCIBMfHF3BS2hSIyEJFYhmMnTsHUQAHKl49CX+0sfNytoa4sjyMHD+Lk8dM4fuwUzp86D+WLirDSNoCdsSkZOv1OLe1hb+kIP09fuNg60DFLeJrZwoPsPSggGNHXEpGdVYG01BIU5t3BnTsd6Oh+jKfP33NFaP6j889ZlTSWYc4S5vhzrgcHhziQs+Ut2drmlpbWyMsr4BLabG1tuXPYnG9WvIUVbrl+Pen/utXQfmucf7KvjoBdg+edhXjZm4tnHYWcmT/vy8TzngS86s7DizH6HPpy8PRBOcZ6SgnYpRgZqMXLjmK8HE7D6GAGnj3KwcRgLt48LMNQbyWe9ZXheS6zch0CuR5QYQeUWGIyURfPUlUwHHMOpUFnMN5cjh8H7uP9mwb8PNGKN2+G8ePrbjxtLcZAaxbZfzbedGSgN8YbUeaX4Eud6No0O1REGsPryn5YrxSGxQ870JKXhMLodORGpOLWtQxkXCtCevR1FAfGIzUyEtH+ocgOT0RyaBhuJYSjoYzgTTAa7kzHk+Yi9LYloe9BFp7Wp2OoLRIP62+iiUy98144hmqD0MWy3MnQu2sdUV/rh/byQLSVutMxDzRXuKAuzwu11WzltXBU5wfgdkEoKitj0VQai8nJETybmOQS4krK+ECv+gcmXvnb1dr4K59x992adfvjRLkZuFOnITMrF/u2bYW2ihyig71JnDxh6+aDzRuIE7u3w8vDBbk3kqF05TxaG+4gPSka1mb6sDXTo2NnsURmEUSEBLFUehEWiYvRtYGuAQICuHT6BG5mxKG3/R69b1b1rfijRLgpMy/73Wz3j4E+ex566UzY/RNLM0MCtR6sLUxgZW7MAduajNbexoIzW3trC9hYmMHOypzs0ZQDu5G+FizNDMgQdKCvow5tLVVoE+Ctbdj0kzjcu9+EBx296BscIbMiqx4YRhcbw+voxt26JtzIyoeerilOnjiPNWs2QUpsMb1hMUjS9tDe73EjPg01FbWor2/HXWoVda2409iFhvYBNHcPooXA3tZLzznwhMD+BP1j4xganyBTnyBrn+DG6bntyJTFD4yxxuA/Tp2BUVTfa4CtnS2Xbc+mzx3YvZWDOwP67u1rOIDv2LKSM/WtG5fT7eUE9CVk6StnrJ4BfcdmBvYP89z5JWi11JSnKpj118Er6CBsnNfAzFqGS17z8FoPZ9eVcHRfCksXgqSrKCzd2drkgjCzIyAaSUJpnzCMz6yGu8JGOJ5ZCaXdwji5dg6Ob/8WOmqScHJcDk/31fB0WwcHe2mCtzAs7ZbC2oGs31ES9m5k9BaL4WW5DrrqYtDUEoGSviBUydIVNQju+hKQ0xTEJbWFuKLOQC8KLX0WVmfz2qXIziVhbM0K0AjiipIQzl4Qx8XL4vB2/AHhrmfgYXUAtgY7YU0w11NZjcuXpaCksIy+O1vgYrUX9kY74WKyCc7G2+BldAwx9mpI9tFHsrcmcoMNkeymiGibs1xCnLfuKYRZyiHTUwd5EVZICzBFrJcOotxUMDrQhZevJ3E9wwW8KJbopgGn4ItwC1OAY/hFeBGQAxO04BetAbcQOhZAF68ognqcGvwjr8IviqB8jYXZ1eEfo0HHteEfdZXMXQkeMYrwjSdTTyKjT9XBNbKgWDbv/IY5oqizEEkX0QiCepTvOYRY/wBHpT2QPyRLVr4Mkt99gU0rZaB49gDOHtiE7etlISMtDikpSSxatAiCgoJc6dclS2WxYuVaCCwU4+q5f7tAhJoo5i2UhIjUchw4chyaaqow06OOsi79lrQ06f9XDbo6erAxJ3hb2cKRIOlCzZ6M3saYzUd3QqizB65TC7a0gb+dI2yMLGGpa4wAB0fkRKWgpKAWSfF5yMksR2lpPTp7n1Ln9j0mf/xnCsr8/A9rsP/W2PuH+dxTRWfYWuesYAs7xgrQsDH32Ng4rsDMf+o1yf/g3+uJZ3j+qABjg3cw1kvQbs/B0GAFXvaVYuJhNl735+DNSC6G+wngPWlk4tkY6y/Gm/Z4vOrKI4AXY6z7FkbHcvCeja8P3aLOUDV1AsowNlaKn3o98LxQAZO5Z4AiA7zIMsBPsdp4Qx3QVyFK6IyyxpPOTLwbr8a7Z5V497SSPm8y2R8f03YMb8Z68WqwFK+GKvA0NwtlTpbwNTXFlQunwNM/isoUM1RH2aCQOtWBHkFI8EpFQkwUwkLSkOgehwSPm0gNTUSQSxyyI2OR7R1Cv9k0JEXEINo9HGlRScjy80NZRRqa7xRgojEPA91xeNiYS3Zeis77yXh+LwJ996PQXcpD+22y9epwtNYE4e7tUHRV+KC11h0N5Ty0lPBQX8RDU1UQ7heHoDInGjnlGbhVnoOa6jTu8x4ZHSXATgO97PeAPd3K+DbOL7Na/lFRlymY89uvQ/Els6Ae4O+PCyeOoqG2GBGB7jhD+4f27+UispqKl3CrOB/25vpYtVSaGLERG1asQGhkHC7Ka0KVJHffji1YLbsUEsKCECWQixPcF8ybiwXffYMVy5bA1tIE6WkpM6H2X2e4l/3O1LXfDrVPtSI+0A2grXF1epxcmdu3MDXgwM7graetxgHeknogJoZa3HEGdCtzI27fQFeD4KwBO3sbZOXkoLS8Bo0POsnKB9H3aAwDo+N4SNveoVG09w5wQGfJbPVNHSgsrkRuXhmuJ2YgNCgcQd48JMUkoaayFlUVNSgvJ6i39OBBFwG8e8rSOwbG0M3s/NFT9FJnoXf4CYH8OR49nSSQj3OA7x6caj3UegfHufF3LjxPRt9N97f2jaCRzJ8XEsYl9n2/fxeOHNhFnYntBHZWn34D9u7cyJn6wb2bcPnCAQLW9zh2ZDN2biaos+lxHMRlCfgrZ8ydbevr7nNfxpbWPPh47YOd40quZjoLhdu5rqDe3nKC+TJqZNludMyDDN1RCMb2BHeCsaHhImidkIH2seUINzkI40OiZOoi8LosC7XN83F+2zw4W29EMgGJ57UfTvYrYWouQUa0FF5+q2HvtQxm9vQ3jJbBV2MZ1K8SxHVkoKQnTSYuBjl1UZxVEsBpedYEcVlNDKoGUtAyEMNVzYVQNaatoSj0TEUgpzwHly7OhZbSUtiZbiUj3EnfiXUwMaamt56+M6uhpSgLxcuLYaa7GYHO5+BqRFZuuQ9+FlsRaXuSjFwNRYEmKAk2wU1vbWR4qCDZ4QySrI4j1uo84uyVkeqhhyxfM2SF2SAl0BiRLlcx1NeKd+/f4toNBwK5DniseEwoATheF8GxBnAPlYclj0AbdR4e1xTgEcmqxOnAM5wgHq4ItyBl+F6jDkDoZa4TEEhQj0oxAo86BX6xBPkENfjEXUVQsg5CkzQQmaqNmDR9RKcYIC7DDDEpxogmsMddN4KVyWlIzft3rJKaC/1L+xHsootIb3O4mCpBR55+7Ls34cLZk9i1fSvWrlmJzZs3Q0xCHAsFRTB/gRDmfDMfX82ZjznzhPD3uYL46hsBfLdAHKKLZHH0h3PQUdeGvqYubQnoGtow1DeCBcHbwcIGTtY28HR0go+TMxzNzBEdGIBcXhCSHOwRYmEJL0NzeNvYIiXEB3Eebgg0d0CAkxeSCezhESnIza/Gg+4n9Nv4ES//AdB//vkt3v9E5v3T26n2879mRTL+458+fYYXL17+Xwnyn+l7ODnUiucP8/HmQTomB4vwlGD9uicXP/aWk5Hn4zEB9mlXFsa7cjHRc5vMOwsvHhfQeWSx/RWYoHPeEIz7qSPwtCMHI0+qMNp1i+w9A530fKO9ZPn5VniVqQDcOA8U6uFdhiEQrIBx6qR2+l7Fw8JE/PSwlOz8Dt7/WI6fJhvp820hQx+nNoKf3rXjx767+LErH8O51zEaFQZ3bXnsFJeBnIQw4vXU0RhngZthAcjx9UF2WAL8vXwQomuHFENt+s064JqJJeLMLBDk5IeIiAzEO9shyycSCW6+iPWIR6h7LPy87ZERm47aG9Fou5WEx23J6O9KxkBbIgYepHBhd7YaW3ezP22d0VfqhnuVbPoaj1tdrinfG7crI/GgJgS1lUGovhmJ8owEut6X4H5HCWrqCqfmoD/snwqlc+0fr2xWzLVyDt4fGt94y2ZufxiznnreYn5HYPrvsEVPWGJ4aIAH6u/kISstHh72ZuB5OyGPXmNRVjK9j2Ion/0BR/Zs5wrNrJOVxRX5q1A3MIe5GbHSSBtH9++GOAFdeP58gvoCiC5cCMG530Js3rfYukoWfr6BHKxnv48ZoBeTvRf/OhGOD/QPZl48Myd9JuRuYqoPYzJtBmcdMm0WVmfWzmDOQM43cna/mTELuWsSxNUI/Mpk52rTHQElGOhrIy4xCXcJ1k1tXeggeDOgM3sefPIMQ4+fcWBvaevGvfpWAnsr6hrb0dTShZaWbgJgN9oedKOjsw/dvdQZGBrBw8ExesxjsvxxLrt9ZPw1l+HO2uDj52TdTzkzH5l4iZFnrziw94+wDsQUyFnjZ8z3EtzZGHzX4GPqFDxBS88w6jv6kV1YDnk2+f/gLhw7vIeDOgu/H9jN6tRvwKF9G+m9noalhQJMjS/h5Pdk8VvJ3DesmIb/ejL1KUuvu3+X+yLeuZcEF5+dcPPYADs2rk2wtnGUgaurLCzZ6mduS+DiRdD1WAIrF0lYOEnAwkGCQCxOn600rC8vw9VdogjX3w+TI4vww4q5uLRFiEvMsjopDR/Do0gII8t0OABXhx2wspGGg5MsrJ2Xw8h6CVQI0LqGUjDSWgRlTWGo6C2CvJoEVOi51QwlcEFFAGcUF+KisggUmZ2bLibYC0BZewH0LcShqi0ETW1pXFWR4rLtvS0Pw9ueOhdGq6DEKsdpkMHryUJVgV6r6nq4ae9CivNFZLrKI8f1Im66nkJFoCruhpngNl2ISu1PosDqEPLM9iNTbzcytLbihvp6JGvuQKrhIeQ4XEY22XqCjxaCfJQw0t/JfY7p+UEE5KtwDr7MhdX9rmnCK0IdATHaBGhNeERcgjMB3Sn6EhwiL8E1goXUteAaqgLXYBUExxsgMFoTQbFk8EFycPYno7+mg8B4DXjHKcH1mhxco+WoQ3CFy4APZ4u1pOhwC7nEpZkiL8sVDRWRKLruQAZzFdk8deSHGSLEkb731Mn7fjt9D1ZLYfEiYSwWF4GkkACEFgjg808/xV//9ik++/wrbj763z7/O9c+/+o7rtjM519+h79/KwjJRSuwadMeyF1RhbLcVegS1NVU1Ol3qEsXBgvqWJvR/68D/D08kJecjNgAf5RlpaEwNRG58XEcyL2NTFBwzQ/jTTdxI4oHFzaebmqNEHcfeLv4oLqykYDykn4DrzE+8ePvWPZPeDY+jLwoJ4SwaAnPAvUF1/CoowZvXz0hoL2egvyv7P1n/L/+7/3LJ5hoLcLIwyK8GsnGZH8qXrCqbu2FeDRSjGcE9cm2QjwdKsfTB7fIzIvJxnPxoi8Fjzur8aovn26X4VVrFoYelZLdF+Ilu783H+OP0zBO9z9uy8B4ZxJeZhvhTSLZeSpBnb7vI2FXMBkjj4e8Y2i64Yw3vRV429eA9xMteP+eOrzvuvH69SMy9NHpbRd+HKbfDl1/JuJ9MFlzHcO1pSijznKKjSp6eYGojzfHYGYQHtdQx6O+AOU5SXS994Db2QuwPisP9eOqCDbXgpuxITwt7eFt7YJAVwek+4cgytge14M9ERISjJSAQGSHRyPeywMtFfkE50IM1xeivfEOt4hL+30e+uqmVlurY9PZar3QVuuGBxWuqM6IRMMdf3QV+OJ2XgxuF11DcVUW6tvr6ZpcScJXNT0HvXMavBUfjYF/DGc+uD/A+9ft1vS2dOb21EIplSjioP7B/q8nJuPkof2Iog5yW2MF2prvorezCe0t9zDQ14Gx0SF0d7agLC+dAB8HpYsncen0cRw/uBdKl88hgueH+Mhg1JQXIirYH7s3b4K0qBDECepiCxZgseB8rF8sQSJ5CskpN35l5x+qxc2285KZqWof6rgXcZnuefmFH6BO20/MqEehp6NJsDaAmbkhLCyNYWKiBwvatyQLt7EyhS01BnkjfU0ydhWuaWkoUJODrpYS1K5ehqaaPOwcbMmm+9Dc3o32nn50Dwyj59EoB/TRp88x9oxNP3uGXjrWNfCIu7+PoM3mpA+NTWB47BlG2Hj46FPuvEdPCNZk3qNce8FNa+sZeoyHI085E+8lcA8+niSgv+KgzhLjHj2ewODIM3pesvXeUbSTiTeS5dc3daOuuYcbh+/oG0Mz2X5dxwD1CAdQWnUXGhpq3Dx6Nmf+8IGdXBEcFo7fs2MT9pKxHySwnz+7DxfP7cf+neuwf8dGLjN+F5sDv2ktmfk97ktYXO4HG9f1sHffBHu3NbAkEzcloFs5iMPddSlsHRfBxmkRwXwxTB2EoG+zEEZ2wjBzEoGJrSA01AXhorkZhkckwFPZBJVN32Kv9FfYvoRBXQLWp2ThcnU7dE8tR1KAGuxNdlJnYylBfTl0jQji1iugbiQNVV0p6Bkth46eDNQMJKFhKgUNZt96otyKafIaolDQWABl3YVQMhDGRbVvoENWbmkjS///slDXXgpFZXqN+pvgbfc9bM13wNiErFx/KbRUpcmiDyHe8RCKfC+gKVwLreEaaAxRxl2fS2gKuIx6n7Oo9TpHt2nf6zKq3c7irvsF1LhdQK7RbsTLLUPsuaWIv7IaqRrbcdP0B+TZnqUefNzUuua1aXANUoWl3xU4hirAxv8cnEKuwIUVkwlXhTNPAc6+lxBwTQWOERdgF06mHqsAt0hlOAQrwSVMFX7R2lziW0iCJgKi1REYqYnAMB34hmlwYXvPGHoegro7XTT9WI33ZA34J7FFXTRQfMMWA3diMXIvDn3lBNJr+sgPN4S7/kWc2rMSx7avhOS8rzD/i79h7lefQeDLzyD45af45tO/4JvPP8XXX35N8J5D4J5PbQFXBpbtfzVnHr4goM8XEIW0zHLIyKzEhg30fTt0AooK7Hc1ZejmBHMbMnAbSzat1Aohfv6IIDsPpwtGeV4uaguLEObpg0AbC9zLjsBoSyESA3zgY+EEa31L+Np5INYnCLX5rMLXMBqbH+HFtKL/0rqfPn4EV6UdMDssBNOD82F/XAjOp0XhfEYcTtQC1bcj0UkBRfEuaK5Mx+OHzfjp7XOC/Ktpo5+apvb/0r+f8RNejLTg1UOWzHYLbztS8byFzHq4ChMD2RjpqqDb1XjcUYyJZ9l42ZyHUbrwv3nICsbk4NkAgbspDZME7MmuYjJ5Om+wBk/odtfbLPR35+DdaBKeTNzFq7FbGH+YCUQb4S19h18nyOMV7zL6nE+gyUsN9UnmmBzsxvsXzfj5WSfeve3G27fDePlymKD+kBorjztOrR/v3w0D1JH4KSMML4uDqWPAo4tSBCbvhOJtQSj6093RWRaIt2T3Lx5k48ndbBSlJkP7wjl4yZ+H9XkdGJ1UgsPZizA9rAyfyxfgZGQHno4ukqyoo2geiBvBofD2jkEoLx6Z4X5Ij4tDemwmumvy8Ki2AP1NeRhoTUJTbRjuE8x7y3lorfAi4/VG7S0nNLIiM2xltioXNOZHoKY4FWV3qnD3XhnJ3i10TRePqm9sngmjz26z4cctaMLtl05DsGR6vLlkViv7aGx66nEfW/vU85YhJCgIm1csIaD7o+fBbfR03EVlRQlCQwKRGB+DiopS9D/swOORfgz0ttB7ImMma0+MDkF+ZjJyyOLzs1IwPjqIZ0+Gcfd2BS6cOg4pYSFICAhgufACLKO2arEMZ+lTtdzLfnMOOn962mygfzDzklmh9lmG7sBqRTs5wNbGigubW1qZc1PPzAnmdvaWsLIyIVsw5MLwBrrqtNUjM1flAG6or0ZwV+L2NVSuwNPbDY0dHWignlVpVS3KqmtRcbcONXWNBNM2Dva9gyNk0s84sx6cbtz+4ymL7ycjfzg4iv6BEQzS/gDbpzZAdv+QwN/RP4ym7n70kG33Do2j/eEIOpjJE+xZIZrB0XGC+WN0dj5Ca2sf6us7UFlZj/z8GtzIrUBu6R3UEtxb+0bR8nAUde39qO8cQN6tKqhrqeHY0X04c5JVwts3VdmO2r7d0yVqWeU72u7dw9aC38CNuzObb6i/T9bzDvklHgSZjbB1X0nWvQTWLqvg8D+oe8+gKtK1YXfX+fOe/e4JOjo6jllRCSIIiphzzoo5o4IKSpKcc845J0VFBRRQclRMmCPmnNMYJjjhOnc34ziz97zfV+fHV3UOVXc93b16LVbs676eGCUmHq6Le2hffML74R2sIbDXxSOojwC9J0HRAvhwLTxCNXDy64y9Uy/slutjNlmbzWLlZsO6MFm3I4N6t2e8bg+Wj9ZkzXhNts7Tx3r2AJzXjsDdbgTOLoNx8TTE1k2fTWLilnb6OAjQLcXA7d374+irh527tlh6X9XYbV3E1l17s9mhJ2Zb+6jt684e/XB20sPSSkvgoo2l+UDCvKbi5zkaWwG5t+NQghzHkyhAPrndjlt7nLkpFnw5dROXEjdyOkYB9lIB9zJOhi2iymUCla4zqHabR7mXCeUes9ljNYZ9W0axx8yQ7cv0SF7Qn/TVQ8naOJZigYbyd+pivVq9HpZmhn+yOW7RywhIEQtPMSUwaQ2RGZuIy7ImQeCckKPM2W5JaJYpEdvW4hG/jKBMC8JzrAnfvplwAX5ExgaBuCVZu+xJEYOPTrIkOGEDPrFr5XZLAbu5AH0TEXkbiMmzoFjs/KZchK6UhnC+wJP6tC3sDd9AtOtqtqyYxuo5I1g0Vo85Rn2ZqteNCQN6MtOgN1MHdGW2kSbjdPtgpNefHj170UVZca27Bt9260WP3pqy3ZdOXTTo268/2jr69NPUpb+uATPnmGCyaCVbtzrj5OiIp6sbPh6euDhIIm3vJL9BHwL9Agn192dbShIpEeFEBQfj7+5BblI4ZXvSSQsJJNE/hFCPYBKCk9iblEtxWiaFOfkU7Sn7H5cqPVu7B6eZvfGY0ROP2d0JXKhBxPK+En3E3DQIXdqH0CWyvawv4au0iJSINzcg38+Emix7zlamcO9iDe9f3uK3n5X1y3/8HfAf47f/X9n8zz+/5enTS7y5psz2Vqga9dtr5bwSeL+6Xsr31yvFwJv44VqdgLuED/eUDm6HePNE3oMHlby+3sCLx028f1TB23sHeXmlnO+eNPD8Wa2AO58f7stjPD7E8/ty7u3z/HRD7P72AX7ZbSrw3czbrDW8k8T11fa1nA2ayovr9fz44wMx8BcC8tbq9Z9/fiOW/koFuwLzH398rla9f/igrE1/h58E/L9eqeb705XygyqFW/Jcrlfx5uIBfntTzasnZ3h97RzPz5RwuiSbHT6BWK1cwdYZi1k1aw3rxo7FatwiVk2ZhuUMM+xXbSBcEs3tjt5kB4ezN30Pu1KT2bOjlD1is1mZe0iIj6dgVwYPTh2g5cQObrVkCdSTuS9xuT6Fyw1hak/2CzXKePM4TtYmcH6/JKj1BZQfLReg13L0zkkRu9a5Eo4dP6nOhf7RxP/X7cyfAP7vEGytrq77E+x/X72stu736vjW/6GcGxcZydRhRpJEu3LlfBNnTzYyZcJ4kb0Fcv2fydzZc9iTv50Xzx7w7PE9Xj57xNvvXvDm1Quey/6De1e5c/08b14+lu/AHa63XMTD1Qmd3j0E6Iqhd8ewe2cx9q4izT6Uldf8AfTW3uz1/9F2/tcq9j9PJFPzb8uniqEH+HkTGRkm9hiiRnBgAAF+AnZ3VwL9vfD398TPxx1/iY+m7unmIEZvr5ZKG7yzwxYcxd6DQwM4ef4S56/e4MjJcwK4w+w/WCkgraLu8DFOnrvE9bsPufdEQP3khQD6uVotr3Seu373AecuXaWouIzAoHDc5ALm6uZNSGgkO3ft4ejRE9y8fpvbt+5zV6B+484jdRjc4VOXqDx8Umz7Hi33nnHlzmNOnG3h2LHzHD3UTF1ZA0U7SwRKYSxaYMrUmUuYs9AUF69wcneVcuL8Tc5evcvZa3eobDjCerO1LF4wU53xTpnydv6cqX/MdvfR3JV9ZX56J3tbgfkZ+aG9p7DEmfCEsYQnjhaojyQ8djhxSWOIThymrpbmHtwLn4heeIcI2MP0cPTu1zpMTW7zDhbzDlFmgOuOvUsvLFdqMlm/M4ZdP8OoZxtG9O1I/65fYdivK5P0+zLTWAOTYT2ZoN2BOUN64mBujJ2VHjZb9cWg9VmrVK8LtDdZ9WPtlu7YefTH2k2A7qzPVqf+bHHsh42TNltd9bBy7oWZdTdcPPSwd9DE2lJLrH4gbnbDSPCeSqz/JAJ8xuDq2J8QRz32hi2gKt6Uxwd8eLzXiVs5mzgvpnxaDPxE8HwOB8zhkN8cDjpMoGjzKHJW6pNm0o/8zcM46DaVQusxVPouIXO9MUnz+xE1oxdpa404lOreuvLcvYvy/m0kPtmamDQL/MTwXUKX4h2zWmC+Vsx8rToOPWWbDUmp1vIebyRBGb6WY6FadkiWOWHZFngmrBawb5BtS+Ik+YhI2yA2L/adt4WQhDVEZwjsUyzxT1hPUNo6YndYEJltTmrOZo4dCOGhslxkdTg73OeQH7KeRM/1OKydjeXiCVjMkvd7jgGuklD5LRyM80xdvE0G4jStHw4zB2M+YyRjjQ3o10+brj370r13X7T669NXS4/uvXToraGNnv4gRo+ZoMK8j6YOegbG6BuOZNUa+T/2Dqqdu7u44eboiou9swr18IBAooIC2ZacSJjYUkRAANHBIcRFhAnUo9ifk0JBdhbRgeGkhiWTFp5CTkQ0kWL5sWFx/0P7+W/sCrfCdWYvPGb2wHtuT0IXaxC5oi9RK/v9DnUB+TL5rFb2JXatGPtaLVIk4Us11yLDUpss6/5k2uiRZTOQPNfxHIxZS9Mufy405PHoulJt/0xA/57fflFWPPv/ts1///QJr6+KfQv4Xl5t5NrNRt5ebuDZ/VqePyzh1ZUjvLp5jF8eCBQflfHo7mHetQion1Tz4fpB7jw8JxAv4f2lIp48v8Drhw08EYBfe9bEu8uVPHx8kpcC8p/unOD9nVoePSzn4cPDtNRX8LjYBoqtodCN39I28lumGTf3ewmgz8vndknKFxIKxJ+qMP/xR2W1t1e/H3uiAl/ZVmCvdJL79VcB+08X+fD0PB+enODXn5v56dkxfvr+Aj+/b+T582zOn97BiapkYn19cd24nI2zTVm+dB3rxixi5bh5rB6/gPkjFrB82FRMp5vgu9WKQKco4iPT2JO+m7qMRHanH6Aos5B0v2Kyw4LZn7eDlkMFvDudx50GZUIZAXpzLKdPRHCsJo3mhnB1AplzlVGcqs6kqmAbjadLOVh3VK7jl3j+/rn6WdQfOqICveYvMP/PXt9VyrKiNbW/g/xTdfRHAH46JnCX+1XW/Nnk6/8wfOVYfFQEE40HYbfFghNHajlzqkmd3nX4YCO0xbKNDA1ISUzk5YsnvHrxVDX1F2LjLx7f5/G96zy4dZ6Xj27I/k2ePrxBxYEiMfRFDNDohVb3rmh17oRe56/pL3APDAxVQf3vSYryPD/1ZK/9C9BbwV39p6ilvKJKokaSgyr+4efpQqCvh8DaXYzAFT8vd5TZ4yJCgogMCyRIoB4gt4cG+RIW7KeC3dfLVR3KpsDdS8zd19MZV5etAvQgDh1rpqn5DJX1h8kvLGbfgQqOnjzLucvXaLl5l5bbAt5b97gm0SLGfqXlJmdOnCM7NQfT1WYYDh6GgeEQBhsNZ/DgEQwZMpIRI8cxb94iQiUzrCyr5OLZixw90szx5nNcuHKHcy13uXz7CZcE5uduP6Du5Hn2FJSxL/8A+3KKiPAIlwvsJDp824euGgZ06aVH26970q3XAFy9IyhrOMWJizc5eekuJfKmmW1cx2JlUZr5yrz0M1Som8ydpkJd2VaOubk4fJowJl8MMW4cgdHDCI41JizOmPi40cTGDSNCbN3D2wDfwAEC9j64B2mImetg79YPd+8B6jh0dRW1KC38wnrj5q2JjZUmUwZ+ydDen6HTXaDe52sMerSlb7f2DOz9Lf17fcPAft+g17sjur2/kS+gBotnamFlYYijiyHmNrLtqgBeT0BtiL2rjrpWupXTADY76ePqayBg18LRTZvNzso4dKUDXHfWW2iwZEUPHG2GEesymayQRWSFLSHYbQLJAeOoSJzD9d1W3FfGxdYE8rLAngc7ttKSaiF2vpom/znUekykzGUShfbj2WExnJx1g8hcqUd1kAlHYtdwwHsux5Mt2C9lymoDUsXSq8ItWnu1vrgrcLYlJUfpYe5EQuYW4rMFvGnmAnJzIrM2EpS4Ssx9NZGpZmTk2rNrlzdZ2c7EplsSnin2nmsugFamhF1LQNoa/LNNicqzJGGntUB/E8Fyf2V1tvRdtqRu20pI0gb8E82IyN5Ekpyzb5crD46k8qgxnnqxeNfFw8gNtSHIdgWWC8awZc5gIs3Gk2g2kphl+sQu1iVx1SAS1wwhYoURLiZDmTVCH0M9XbFwgXdfbQyMjBk5dqK6jGq3ntr009Zj6PAxGA8dhXZ/Azmuqy7g0ldzEEbGo9lkYYXDVkccbOxx3uqEo60DUaHBnDpUw6GyUjIS4nC2sSHM1w9fF1fiI0Ipycugdt8uwgL8xe49CPOLJDYklazoBFL9/CjZvvNvgf7jD+/IcFqIx6yeeM/pgb9JL8LExqMkqYxZo0X06n5SahK/TkdCm2QzLdLMdUjdqE2GRX+BuR45tnpsk9ghsdtenz32Buyw0WeblT65WwbJbUMo9Z/H4XQ7LhxI4N7pA7x+fJlfP7xRbV5or1bb/28t/v+g5P/y4QM/3DzLd5fqBcgH+PFBMS8uHuax2Pmjx7W8fiL7N4t5creSZzeaeHHvMG+uCpBvNfDdzWZe3Grip4cVvHpYKhfyEh48q+LZ3YMq9J8KtJ/fElOX5Ob9nUax8fM8Erh+d1VsVAz5eOlRircXcb/QDiolGv15l2fHTykb+OFSucD5sgD8lsQVAfQTAfkrKV+qEFfM/KefngnE36sQ/+mnh1Lel/IuP7y+zONHlUTam7Bo0jj8Ni/jwbkyfnxylO9vnub+5SbOHc7iyN4QkmL8cN6wDqtFSzBbuATbybNZM24+60aMYMboGcwathTTKSOxXmyG2bSlhLkEEROWTU5iBttyS8iI3EW8Zx4JrknEOMWQFpzJmbLdvDi7mwundnFF6ekupn5HbVMXU6+P4XRdJKfqImgsz6WxcQcVJ+ppvniMp/KdVObs/2jP/27mf55Y5Y+qaKU9+Y8q6L8Cr9Vgq9VSbW9WrPf3RU4+Vc+3lvk7dzF/whgWzZlBVVkRTY21bLW2ZfI4ZWXQKapVNzef4PHDOzx9dJtH967x+P5V7t26wP2b53j+oIU3L+7z7NEtEcpqbCzMMFJmm+vRDc2undH5tiODun6DoQA+IjxGBfWn2eA+1jD83XrnfzXysvJKFeCfQtmvFqB7eaqTx4SF+OPl4aIC29Vpq9ohToG2YuVKj3ZlOyTQRz0eHOCtnqfshwb6qtveclxpQz9YXU3+/lJK5U0Li47HzdOXaoH78dPn1c5yir1fuHKd8xda1Dhx7DS1B2qxMbdigLY+PXuJ0fToQ+fOvejRQxttbQN0dQers8kZGo5Q2xvnzV2Co70bCQlp8uLqudRyi2u3H3JVgN5y9wnnbt6nXmBfuL+K4p0HiXANZs74mXTtqkXH7np83cOAb7rp0bFDT7p018HFL4ra4+dpvnRLoH6L3B35LF4y7/eFZmao8Wegu7u2wvy7N48ECkvEzMcTkzqG4LjBhMQaERo9mOAwQ2Kih7B6Tnc0un2BoU5bls3qzYZ1vbF11MDDRxs7635Yb9YgIGQgEYkD8QvXUWHvL/D3FOMxHSugHt6TuYN7ME6vGzq9OtGrRye6fdtOHvNrenZpxzcdP+fbjl8wol97TOf0w85ysFo9rsz2ZuOsi72TmLfzADF2+V8CcVt7Lba6D8TBtb8Yei+BeXdMrXqxeFVXiT4sW6hFuONc4t3mke6+ikSnJUS7TCPTbyrX9lrzrNiOd2UufKgJ4MleB57v8+J6thVnxXqPRyyi0XcWJbaj2O0wiQLHaeyznUCZ7DcEzuZwxGLqQ5dxKt2G6rCVHIlby5HQhb+/l8+JFnj7Ja0SeJtKYrRaEpyFAu5V6lztwRmriNwmBp65Fu+4hURkrCUtz5r0LFvSs+2Ik6QiJH2F2h4es30LwcnrBPDr8U9bSWDWaqJ3bSRx9xbC000lQTAleccm8god1XHqYUmbiMq0JGu7LTdq43hyKIETGZYkmY9mu8cadWlXz9VTsZ9jiI+JLknrjQRWo8nZOIxt5sZkrR1MyhpjXGYNYNFwTYz0tdHS6i/2rc+s2XOYNnUagwYb07VHX3po6KKhORBNHQMJKbUGoq1jKJA3VKeH1TMcxfiJM9lsYSMXA2tsN9sQKpC+cf4kbx/c5uXta5w9fAh/N/md2tqx1cqKIG8vYoKCxOadsHd0wdHBhTD/MBIik9gel87Zon1cO3Xqb4H++sUjotePxHdub/xMehO8oDeRS/sRu0qbJIF40vr+aiRv1CVNAJ6t9J+wHEDWFgmBdo5YeY6tPnlbDSh0GsQ+Fwk3CddB8vkbSAyiyHEwxY5GlDoL2F2MKXIZxh6X4RR4TqQ6cT2nC+T1Hd7Gs2sN/Pj6tpj8W4G3Um3/86fq+v+DtfY/ffeaG9dP8uBuLW9vi5Gf38+LG4d4dOcU31/dy/e3yvnh6hGBcbFAvIzvL1bx9FYzb57UC8gbeHPtDD/eL+TdvVpeXT0jwN7Hsxd13Hlaz7snRby7q7SRF3Hru0PquudP7h3jZUsVLXWFVO/ezeGcg5TmFPKmQpkdTiy9NIS3u6z5sSqAD1eP8dv3R+S9aOTDmwv89Oa6wO6mOvZc6Qj34cMDgfl91cwVsP/ww3M596psX+L2lYPYLZnC+C5fMLRrWwy++S9mjxzJtYYSdcjZA0lWzlVnUZOfRGHkekIdNmGz3BTrkdNYO3EK84ZOYc64SUwZOZfFQ6YzW3ca88csZu7w2ayctAAX8wAi3GNJ8Ekj3j6eRL+dRASnEe0bTZR9DGE+gQL1FB6cTeGMsnxqcyL3BeBXj4fSXOfB1bJgbhTHcqk4kqNN2ZQfLqKkoY63P7/lu+/eUF33753E/grxv7Ypi6n+Ceat1qpEK8jLKqs+Qb6qXs6tVZOAj4+jWLwC09IDZVgsXcjsUUPZkZXIgYwUCr38yRaQh1ttxXqNKQeK99Ny+RTXL53k+pVTXLt0glstp7h/4xTPH17hqQC+vLQA8+WLMejTG41OHdHs1oW+335D36/b0f+b9gzo+i2zpk3Dz9dfXX7146ppH2sT/rroSq36OlrjI7wrOVhW8R/xj2B/P4FyAF6erpJ9uKjmqUwWo3SAU3qzKz3clakplSp2xdSVWeN8xMiVUGbOUWxdgbzaI97dhfjEePYUl1BwsJyQiBiGGI0gKDiCyppGtR396JnzHBWDP958lpPHz1JffYjY0FjmSEbYs7sG//qsDf/85xf8878+4/N/teWLL9rxdYfOdOrUgx49NVXA6+kZY2gwjEGDRjBp0gycXb2oO3RU7UF/9rIYf8ttTgnk646clhfeSPGeg+r4yiix8aXzVvLtN334/IuOAsMuDNQfwoCBw8jZU6q2p58S4284fo7ElDSWL1nI3JlTWDBnGotNZqpQ93BzbJ0w5uVtErMXCsinEJE0jtjUiUTGD5IwIjJ2CAFhAvdoPazNetO9wz8ZrdMes0marBjRC5OR3VgyoycOm3RxNtdly+pe+AUY4u7fHzc/DSJCBqlrirusm67ORrZsjLZkyFoM0eqKrkZnFeaaPTvSS8qvvvpvvv76MznekeHaHVkzXQt7swFidzq4exri6TUEB5chmFtr4u4xAA9XMXNXQ0koBrPFSYNN9hqs2NiT+cu6C8w18bOdQYTnHHxtRhJkOY4om+kkes0lw2ceLQK896X2vC5x4FWJK4/3ufGyMpQH+324JAA8m2zGiaiVlLtNpsRzBg0hy6jznkW9yzjqxdxrA2ZSE7KY5hQrDqdYczzbSS50l/jhx3fslIu6YtmByatwi5xPePJaktM3EZ9lpk4GE5a1ToV5aNYaglNW4hu/kPhtFoSnmpOiTBqTIRek9FX4K+AXk09SquTzthAqlu6bsojAnKWE55mStMeSxJ1y+/YNbCuwI1uSkoTcLcRkWlC43YGnTUm8PpLA9R12nE7eyPGUTRxJMhMAzSDbQpk5Tp+0NToCpknstR7NPsexJK3Qx3WaFosMu2PQszN9+/RFf8BApk2ehNXGdSyaN4e+Yurde+ugoWVAD7HxPjqDVYhr9R/MAP2h6sItunoS+sNlexQrV6yXZM9G7SS3OzedoxWlNJUV07BvL/tycogTgCdEhBPq64u3o/x2HZ2xtXZgq70rTg5OFOzcwc70HLbFp7M7IZEThw7/LdAf3L6Mz7y+BM7TwH+BBmGLNIhZ2of41Uq1en9S5PuZvlFfbFyf7M1i3VsGkmtjwHa7gexyMFRjt6MC8sGUuEt4DuagjxEHvAbJ/iCK3QZT6mFEhcdQyt0lPIZR7jmMA+4SnsPlvNGU+Y6lLHA0Vf6jqfSfQFXEPI5mbeZSaTh3m3fy6s5xfv7hqVj8e3n+P6j9VVqr7X/7T3X/fwF95b14/VRsWQH5hSKeX6zg/i2x9JYKvnu4l1dXynl26yQvn5Xz6nqJOnXrm3tlvL5drtq30tv97b2zYmsHxdjFwG83iJE3c/fZcd7fLeT5iz1ynjJvewVvHteLpVcK0E+J0dVydvtuDuZVUb29jIrcPIqTcnm0S4C+ywoKBeSSYJLvBE9L1Wrzn5438+u7Gj68O8X791cF3Nd5/91lfn17Urbf/N6u/kzeF4H7q1u8vnOCJMtlzO3dm5GanRjRvSv9PvsMjX/+k1XyfTxdk83rk3mcOppBza5IyjN9SHS1wmuxJXYCIrc5K3AbPZxlY2ez1HgSi0bNxURfroXG05kzcg0zR81kscDdfMF8AsysiHSLJNE5kbitycR4pRLvGk+cezhZvhGcP7WTq4qVH82h5UAEZyviuX0wnJONclupL6fqAzhekc2RkizKDu7+fQz6M6pr/zqfeSvwPhnsJ+D9GeCtwDugAO938Knxx22t1dPK9p97iLcCvV7dT4qJZqK+DpG+Lpw/VoaP9RbWT5tBwJJVeKxYxbzpUynZkcHx6iIuNFdz9UITNy8fV4H+4OYZdfy6/ZYNGGiKnArAe3RoR/eO7enaTuk4+5UKdd3OnejTpRMD+orkrV1Hbu5O1bD/2kb+KTkp+9Nr+QjvA8LYj6EkIkr5D8WwPV0dVTAr0FbGlSvTvCpzuJutXcGG9SvlwmKm9mx3st+iDl1zd7ETc3f5fVz6FrVU29h9XPHydmXv/hIKD1SxZ18ZS5euwXDgEGLjUjh07CSNTSeoqTvMwYPV1FY2kJ2Wy+QJ09Ds258e3TTo1bMfX7XtwJdftqNDu2/44l9tBFod+Kr9N7Tr8K2Unfiq3bd8800PevbUUgHfv/8gZswyIStnB0eaz3NKLFuB+tmrd2g6dYnqxpNUlMv/3FfLnpwiAj2CmT5hJgPE/EeMGM/Y8TMIE5M5pLS9X7xBw4kLVB8+RfWhYwQEh7JkwVzmzJiEq7O9+mW7/+AMCdkmYnYTCE2YSFj8GKISRhGXMoyoWH3CIgeo07L6K73ZfXUZbtCWsf3b4b9sMLEbRhGx3hjLyT1ZNLgd1nN0WTheV5KGHjh6aUvG1p/8uMUEWpiwfMpIVk0aguOCYVhPH8gi416M0erAUO3ODNdVqt7b0679Z7T96nPafPkv2rX7nAHy450ztjfWKzVx3KyNk5UBW20N2WzZW5IRbfwDjPCWC6y7ix4eXvqss9Rg8equrFrWF3/rGUTazcV960jcnIzwsxxKqMV44hxmsjt0LWdzXXi6x5anhVt5WODI3T0O3Cxw5kahDy15jpzLsOJ0vJmY+jIB+wqx78VUO4+ndPNgKh1HUes9mQax+Ia4DRzNcODd09v8+tsv5JcHEZNlTvq2rUTErSEsxVQMfD2puQLlTGtScmwE9puISBOoi7En5liQvduB4HQzogTG8TlKL3ZLYncoU7yuJSRlDVHZG0nYIbflibkL5P1SF+OXtYSwbatJ2L2BVAF7Sv5mknZZkCRldMYGdkas4lS2DffLArlX6MzN7Zu4tWMjZ+IW0Bw1l8N+U6l0G0uJw0iKbEaQv2EQiUt08J+jxYbR8tn07cwQzZ5MGWrAhmULCXSxlYRuDUONhtCtex8xcz00BOJ9+hvRb8BQ+uoa0V+BueFQdA2M1WlhtXWUBHMEE8TSrbbI78vegbyURGqKdnOiqpS6fUWyn8KB/O1cONJISmQM9pY26lj2rdaOciGxk4QwmB3bcsTaw8lPS6ds13aePHz0t+PKzzWW4DWrtwC9LwEK0BdrEL+8H0mrdMg0F4hvNJBExpAcK0NyrQ3ZbmPIDvvB7BXr3u9sJMA2pkQSxv2yX+RmJEA3oszHmIPeRpR7G1PuM5wK76HU+g6nynsklV4jZX+EgFxg7i1Q9xlNud9YqgIl6QtWQrYDRlHjO4I6XznXZxgH/YZLjKIxeSlnCh251hjH48sHePtE6W3/WgV969j5jxr/6//W6n/6/q1YcgMPrh/ghxv1PLpexfNrh9QlQt/dLeHlFbHtaxV8/6SUH1qKeX71qIC5mV+u71Tb1t/dOMILAfP7O0W8vlbOg/ti6zdLeXe5gkffFctjHOTRi2MqvJ/eq+TR84u8ulnDVWXYVfZ+jmRWUpAnF+HMEvJjd5EWFcvdYl+oteW7FDtuSUIjWSO/Pazkww/n+XD3Aj+8Osb315v46cUJfhXA/3a9TJ5bFb+9u6B2hPvw4T2//NLCr6/OcuVQPqaTx2PY5b8Y/N//TR+Bea82bdCUbb327Yj3tud0fTLHjyTRmO1BeU4oxfmJZPlsZM0UE5YOncvScQJvnfmsHLmQGeNmsWCSCXOHTmfumLksG7GQOQOniqDMYJPxWMIXWxHqGkpkaCRRflHEucQT7RFNvHM8OxLTuNy0kyvNUVw5LMnpwRwx9PDW9dIrQzgp21f2xdG0P52S6tLWvjR377Ua+e8dxVo7h9X+qR255hPsxFwVGB4s+3vgfdpvLZVzPsL/E9Q/jecu2FvAymkTCHS1peV0FeeOVREbEaxOtpa/PUs4soMzTaVcPFbOlVO13DzfwL3Lh3l08xT3rjdTtCuTBTOmoCHQ7vJVGzp/9SXftv2C7gL0PgLzPgJ3zW870bNTBznnW/Q1ejN3+gzi45IpLilTX8tHG1fi43P++JoUeCtRUnrwj/Jj/EMZZ66MMVfGnyuTyChmrsz+psRWm01qj3Y7640q0JVtpZe7Mhbdx9NJBbyTg6XAwUbuZ6WC3kWAHxUbw74D5RSWVrBz9z5WLjcVYC0mN3sHpXLs4AF5cqXyQeyvwNvFh8li2cbGI+nYoQvtvvpGLTt9041OHbvS9ssOrab+eVvatGnHf//rC4k2/Nf//Tmff9meTp0F7L216NNPV5KHVQLuepovXOP8jXuck1DAfvjkZQ5WH2dfeRMlFUfZV9pA3s4SQiKS8Q5JFJsrYM+BWorrjlLRdIqKxmb2i9mX1Ryl4cgZ8vcWc/HiBfWLdqWlkpT0BUSnTiI4cQRhCWOJThxLbOJIgfogwqL7i53rqKueBUXoERozCC8xF6N+X2E5VZuApXrErTUiwVTKFbqsHvgvBvX4guH6nfBwGUagmyQOphNxXz0Rz7VT8Vw+kky7qRQ4TSVptREu47sxS/srBvZsi37fLnTvKu9Bp3YCdQF7u//mSzH2HnJsxtAeuCzWwWfTQNxsdfFxH4Cf50Cx9EF4eg/By0NPkjBDrC37YmGuhcN6gbf9dLytxmC1wUDM0Ag3y5Ek2M9gf9AajmfYcl0M/fEOSx4IKO8XuHBjtxO397lyJtuOi3kuXM734Fy2PWcF7M2J5hwOWECJ9VD2CxBKbY2p8hxPfeh86qJW8/ph61jz/XXJuMXNxiteeU9NSU7dSFC6KSHpa4lIXYd37ILWBVnk8WKyLcW6rUlTFl3ZbaPOy65MKpO605a4beZEb1tHwq5NrWDfvo7A9BVqZzdlApnQrNVi+KtwiZ9L2Pa1RO9cL7a+iYxCKzL3biZHjH5X4HIK/RfTUuDOnd32tGSu5VrWOi4mLeFQ4BQqHUZQ5Tya/TbD2L1pMIkL++E+sSfrjDszQ78n4wf0wnbxRGLc5DexZS0+8puYPXWa2LmO+h3VksRTU6K/vjHa+sPQHDBEBbkS+oOHi50PRVNboD5gmFj6CDZvtsXVzoEwd0/SYiLFCnLZm5NNamwUlXt3UCKgDvDxY4sA3cbajoTIWKL9g/Fz8yQ+IoxtybGcqSqhqbjof+wQV709HO+5ffBbIAndgn6ELNEkbpU2yaY6pJrpkrlxIDkK0DcPIsdmMHn2RuyWZG+/QPyAu7FY9lCKXYdQ6DREIG8spj6EUjlW7i8A9xtBpYRi3rUSdQFj5NgYKgTW5b6jpBRgy35lwDiqgyZSFz6BBonGsPHUBijGLgmAnKs8Tk3wKOrCRtMQKY8TNYYaierwsVSHTaFJEruzJQHcPJL7e7X9HX775Y0ki98L2v/aNq9A/83rFjmviZd3Gnl2Xaz6eg2vLp8Q296jGvirC428v1jFmwdlfHf9sJj1Pr6/cZgfr5fz+jsB/929PLspVn71CN9dkf1HVby7KtB/cZAbT6rF1gsF4qd5+riWZ8r/eH5UXU/8aFEh5TsaaMzdJ0ZcSH7GfpICooh0TKQ+LIBfCjaJldtIKYlzylreZpsK2fbB6yZ++7GaD4+UYWvHeXmpmJZ92TwrjOd1TTw/yHFlLPqvvz4VsF/iw08XuFq+hxl6Pej95Zf0UYD++edoS6nsa0g4rJkpEE+lLi+JfSnm1EjieyjHje3uq/BaPY7lkxawYOJc5o2YwqxRJiwYuojZ46ezePgM5upPwmToKkyGz2XB6FlMnzyXtSMWELjBnTC3aGKDEoj02Cu/g3hcrcIJl2O7PCJ4diSSSw3p3CqP4lh9LDeqorncGMD5pijOlURyZG8oh7dv+/06e1Xt7Paxl/q/dwprtezWtuSDKuwq/8NYS34H31+PfwL8R7D/tc29RrX5jKREtqww4cThg5L0neBuy2GuCdzPHy7k/KG9XDm6j5tnq7h7oZ6Hl2p51HKIh5L0nWo6gJfDZrS7d6VLO2UY6xd0VmDevg29v/6Kfh0lOn1NPwX2cnuvdvL5fN0W3W6dWWYyn23bdorsfnpuf2fifwZ4ccmBv8Q/vNyUXutOagc3pa1cCQ9lHLqAW4G0UiqhgF+xeKX6Xdn3Fxv3cN2qQt7N2VYgb/X7bHLWYhYbSMtIZXdRCXmF+8nJ30tIWDQ2Ng4E+ocQH51IWnImOWLny5esxlAuaFqaA/i2U3fat+vE5599xWcCcQXcavzzS/4l5eeftf3jtrZtOqhlmzbt6SDmbqA7CB87dw7sKuHYyXOcbrnF2et31Thz9S71xy9RWHaIPQLznftr2FNcT74Y+/YCSTpK6gXmzZTWn+BAw3FKa4+Qu7uUDAF9bt5+Xrx60zq852KRWrUenSwwFyMPiDOQbWPikkcQl2RMqMA8PL6/lALy6AEER+niGaKPf8gArNb1Y814DdznaxNjNgLbCd/iOb0rbpO6MrLbfzO8TwcsZhliaTKKlVMH4bh0HEEb5rIjeDN5DrPlomfC4ZAFFNmNI0YuvBbD2jOi23/xzZf/RZdv29K7x1f079GGvl3b0K1zWynbMnVQF0Ks5HyHUYTbDyPMc6RYuiHePkMIEKj7eBjg4iCmbj+IAKcxRHnNwNl2KHY2w7E0G4a9qbxGixmUx1hxQQz5VrYZ97LXcyF+GRczLbm43YEbB0K4WRLEpV2eXN7pzqlMW87l2HJerPp4tCRYzhMok/9d6TCMAjH1/Q7juFHf2kGrunEnkfJ4nnEmuMbMI3WXFcFJq3GJnUfstg1EppkSI8AOF6hGZpiRkNk6xWuU2Hxi3maCUpcTnLmU2J2mBKQtke2VAvK1BKYtJSpvPRE7zdUV1yKylZ7vpoTnrhVDX09A9mqCc+Wxd0kCsHs9ifkbyMm2oirdgcNZW7lZ7MOdfDtOxyyi3ncSx8LmcchnMhX2IyizG06Zwxi2mQ4kdFZfbEb3YOaALozS6oblnKGkeEny4WmD7dplrFg4Xx2W1q1nX3XIWj9tfbR1DQTWAnRdBdyD0R0oZq5vxCDjUWrTj6b2IAG/QN5wJIuWrMTeygYnsW8PBwc8HR3wcHJUgb4vL5fESLlYBoXg7uwhv0N70uOTBPzxRAUEkCq3ZcdFcKh4F8Xbsv4G6L+pVrszaCPu8/rhJXbus0CTgCVaRK3WIXmdLunmegJ0A3IsB5FtNYRsayPythpLcjlMgD6MEvdhYuit27sdhrBrq5EK9VK34WLdowTIo6gWiNeIfdcKsGvFvquDxwucx8q2ADx0MvUhU6gLkdtCxM4F5ocjx9MUM4lGgXVdyBj1/tUC/NoIgX2UwD5SibEcihpHY9RYgf9YuZ+cGyGPK4lARchYsfnRUk6nKWsTZ0qCuX585x+v+o4kkk8vHeXNlTLevizhzcUyXt+o5sfbFXx3toEX1w7z7EYFLwXwby6W8/7yft48PiDnVPDh1gGe3j/C2/tlPL1+lGdykX9xuZaH9w7x6Eojb2/IeTfl8e418eCx3PZYQH//JDeO1FCbW0FNdhV1mQdoyK4nL3Yvia6ZeNkm47EpnAtJbjwr2AhFIXx/JJnHmRbcVSz9Sak61Su/VfPz+wu8OLcTm5XTCXDYSEtKAK/3JvPL1Uq+//47SVYuy2d8kx/fXeXpuXJMZw7C6Ot/0VvsXAG5jlIK1LX/9RlL5s2iIsaZWttF7LRdRXGErTy/AHaGbCHYeTV+W6xwWL6SFROnMt9wAosUcA+fzlK96SwaNoVpEyexaPhyTPSnsWjcfExGzmDV6OV4mwcQ6R1JuH+KXG/k++mYRJR1ADFeMexJTuVBfSJXjoXTfCCeM4cTuNLgx4Wq4NaFWYpCudDQmnyeOXPuT2OvP1VDt5przR/V0AfLP9n3R2D/2WD/Aj+1/FQ9/e9g/wPuUu7btw+3DaupKt3FnWvHeXCzmftXD3P7Yi23zldxW97fu+cruX+5jgdX6sTQ67h04iBxPo6M1tOiV8evBeSf01Wip4C75zdfq23p3b5pT/cO7ejZoT09xdw1BPT9vm7DAIH8yAE6hIdEqG3qH2sT/s7KP8J7f3GpGvv2l/wR/wj08STY35dwZYU1fx+C/LzVHu9KZzilzfwj5JU2cqXH+8cqdwXen6aDtcZmizLRjLm6bSXb9g42pGRmsm13gQr0nQX72VGwj+zcndjbOGG6bDWb1lkwZ5YJ+nqD6aOhTY/ufcQ2BertO9FWqXZv8zVtpPzs86/4l8D8s9+BrkD/66+/5Suxd+X2drI/0nA4SYEx5KfvEPuv5mjzBY5fuMGJyzc4fe0OJy7dpPzQSQrKGsgvqSW3qIL80jqKqo5QdugM1ccvUHPiAlVHT7Gv9hB+QTEsXWDKlctXW9flbd5GQsZcErKmEpU2RoA+ktiUYcSnDiI8UsAeO0xdvjQsThe/SG18Qw1x8tXB3rs/rkE6hIYNYuPMnngs0GPzlL6sHNGVtUrV+DQtxuh0wqjnl2yZNACbmYZ4LRlO9HoxdRNjIhzWUJEdRGPEWi6lWnBZgFMbakqJpwnbNo5grm4bNDt/xqzBXdkwrh9m4/qwfIwGkwd2QV+ShHH9v8Fr1Qi2eS8gxXsawW5GeLsZ4+5ghIOYu4eXEe5uAnY3PRydBrLJUg+z9YZsNB2Gq/UEojwXcjjJlhvJa7kSNZ9zArfjYSZiUotoiFlDU6otV/eFcLXAWyzdibPZNjSnbeKk0p4et4Ian+mUbh1FueMoSqyGcjzZpnU2vbO1WDpOwj9mJZ7RS/CIX6R2dgtJWyXlfEIyVhAhVh0lII/NtSAqfaMA3ozgtDV4RS8mIsOU2Lx1AvElBGWZEJy9lMCUJXhKMuCbsFCdZCY0z1RMfCMx2zcRud0Mv/SlhOTKY+4yF6ivInjbanxSFxOSvZadufY07wnkupje9b2OnE1cQXPobKpdRqowr3QZTaWT2KHnVIq3jiVnnTFhJrqsNurCeM1v2bpgDFn+FmSHO+G6aQXzpk9EU0uHrj36qKEAXVkbXRl7rqs/WOBtrIa+odJuPkRKYwyNRgjolbZ1gbreMCaI3ft4O2K9eTPWm6yw22yNs7UtPi6u+Iq1+7p5EOHrS0SAH9nJSWTHxJEWGk6WwDwvLoptseHU7N3JqaNH/hbo79++JNF6Fm5ztCTR7IvH/H74L9YiYqUOSesGkLHBgIyNg8gQO88UmGfbDFF7rOdvHcpeSRL3y3tSJO9PocsoAf0w8uwE9o4jBOgjVQOvDRTYCsDrIiYLkCdSHzmZuuipHIqZypH4GRyJm86xaAFv9CQOSxwSYDfFTeRowiSOxgqwo8fQEDpOEoKJYuYCefU8MfLIcTQpMJeyPmI0hyPGyfHxcvsE+R+SLEgioNh9hfdIynxGUew1nCPZW9RX/eK7a7w/v5/HYuZ37h/mzflSnl8o4+W5OoH0ebHw3by6USywvszd60W8v13KdxdO8vaKQP5eIy9uSSJw8ZBAvZDHD0q5f+sMLwXi716XcP9pOT+9LODh9SpeX6sROy+juaqc+iy5KO+s4fj2ag4kV5ATuId4+0R8beJw25SM31Yx1rhg3pbbw+lUfquK5Wf5/TxINOfHc5X8ev8Mr94e5acnpzic7MCecG92ZsaQ7BbExZwY3lzYzo+vj4mlt6hV7j/+KMb+4hI74/0Z1edbjMUMR3X9v+j9xRf0btMGnX/9C4ulc8i0smCv3VwKZo2RRGwVjan+NOWFU5IdSF74MnaESCK91QL7kZOYrz+TBWOXMlPAvWj0XGYbTcZkyBzmjVnCfN2JmIybxxyjqWxYao7D5kgSHRJFIuJIjikgJWQnMYGxalV85Z5gWo4kyfsSK/BO5rQyLWxNFNeqQ7m0P5RHV4+pn1PTseO/90T/NPb6U6ewqv9FFXT579A7+Af0PgGwtVQWXyn9k71/hPofViwwjQ/2x2SoLlkJ4bRcPMrtq8e5d+ME9642ce/KIQF4PbfOCtQvN7ba+9lq9mREMHfEYDQ7tqe3mHdfKXt1+BrNbl3p07kzvb7pQLd2bSXa0OUrsfa2X9LrK/k8xNANOnfAqHsXTCWJ2pG3m2J5rv8TxP8M8KJ9xX+Jf3i4OIh128jFfYu6XGqIZPfhwQEqvBUjVyaUUdrWlX2lV7u/j5ta3a5EkL8HXm4OAn43nMXMt1qbY7dpDdYb17BqxRLMLS3YsaeIbbv2krltpxjvDrLzdpGSmimG6M/qZWvQ1RlIP6X9XGDetYuynnQPOnbsylftvlFhrYD8iy/bq3BXys8/bychgJdQthWY62josnjKPFIE6EEewXj6hLK/opGa4+c5fK6FoxevqdHccpsjF65Rf+qiwPs8dScv0njmihpN56+pUXvyglj6MaytXDh/7qJcBH+hrlGsJ2kqkUmTiM+UMnkYMSlDSUg1IjbekOiogURGGBAQpkwSoyy40ht7nz5s9dLFPVAPTz+x9nBDrJb1Ysu4LmwY3pHZet8wrX9Xlo/tz8wRWuj3as88Y7nfnIGkWk6hMXAFFa6ziV01ip3+dhzL8uJ8wkZu7XSjMd6G7d6m5EdvJXTdeCzHdCF6uSGxyw1IWDuU6HXDcJili8mw7gzt15E5o/qT4LKcgihLYlwnCwyG4iZ2HhQwnNCg4WLtBri6G7LZWovFS7uyerWeJGXGeNiNI1/gfSVtI1cjFnLcfyaN/rPFnBZxMseBC4W+nN/hwtntLpzbZseJlE00Ja7jeIoZDWELqPOfQY3vdKo8plLmNE4u1Jbqj/XytdOEhK0jMcoCN//F2PnNxNJ7PC7Bs4iQxCE1z0qMfC0uEXPwi1lCsjJ1a8Y6AlKWE5azlvh8Me6sVcTtEsBnLiMkc7kAe61Y+TqCUgTsqcrkMsuJzV9PcM5KOW8jUWLrSjV7YPpivJMlcRBDD9m2jrDc9WrP+vw0O5rSbAXmztzYZcnJaBMaPcfS4DWe5pBZHJHXUuczg0JJTvKtxpKw2hi3GdqsNNbAZcFISZhMyYtwxMl8CcMH6dOrd1+6dO+t2nlPDa3fDV1PNXRlqJoC8/5Km7muIQMHDVXD0Gg4esoSqwOUHu+DMBw2Ur537nj4WrHJYj3WFpsJcPPCzd4Jm8222FnZ4WZnw7bEKE5UHmB3UhKJfn5khAaSGOTP9thIkuS33FBV9bdV7i8ePxAjH4zTjD64zNHEdZ4WXgu1CF2hQ5zpAJLNDEi3MCJzi4RVK9Bz7YayTSJv60jy7cey22U8e1zGsUsSth1OI9jrPJJSD0ng/MXGBeiHFIhHTRWQT6IhbgaNiQLyxOk0J83kVOpMmlNncCZtGqdTJnM8QSJ5Ks3JkzieOIGj8eMF1BPFwhXYSxIQN5Vj8ZM5FivQj5nAMbH5w+ECfbHzQxHy+BK1iqmHjqUiSGmLH0OF0kbvK2D3G8mLO63rLLy+1qRWlb+9VcvL60fUqV3fXSrh4c1j3L1YyfNb9fykVKnL9tNbR3l59RA/XK9TV1W7e7OA718J1M8X80Yu5M/uCryvHOPtbbnf3QZuPxeQ32vg6cU6Gg/u52DOXipyizlaeIrqtBwiXPPw2JhEkIDc3TqerZvjcbOI51BuEC8yneFaNpzK5U3yVh7F2EvykMOvPzbw+lY1v7UUc327N6U7tmG1ejkW0+Zzck+SZMf5/HKnXj7gZnl1JwXsVwXqd3n7tIpdOUE4mC9l/uj+DO77DZO6/5NZg/qzfOJY/OaNJnrlEI6Yzid7ig75YwZzOtiaxl3BNOSHUrsthIYCH/luW7Fg3ELmjZrHkhHzWTB4GkuNZjLdeCoL9ZaKnZswY+IcZmsZs2DEPMxXWRFiG0u8exa7Beh7smrZGVdOdlwD2YHRHCmNo7k2mbsliaqd3ywXqNeFq2uhP7zV2nmzrq7hPzq//VHFXvaxir3iD+gp0Qrxg/8BvX+Pj5D/aO7/buylcpvj6iVM0urO0injxJjzuXDuMLdaTnC75Rh3Ljdx/UI9F05WcvFUJScPl3KwIAdnMXqlU6yOUq0uJq5Uu2t07UI3sfGu7b+is8C7m2rlEmLlfdp/gYaAXUe2FaAP6tUFg74aBPgHUVBY/Lc2rkC7sGj/H1FQuI9CJX7f/4cyJ/tGszXYWVvIxd1fgO4vQA8iwEds3NleXbBFAbpi7K1zu9urVe1uYua+no442G2SjMwMpxVL2TJlCtN79WVM335MnzwJWxcXSmtqyM3fwzaJTAF6YlqmgDBD7D2HoMBQpk+aSX8tPbp+21NtO2/f/ls6KHNet+ukQl0BumrhirUr82Er82K3bTXzjm07MX7IWDw3ORLtGkR8UCR+nsGERKaQW1BGnpj4/toTHBM7P6O0p9+4yzmJM9fvqBPJnLxyi+Yrtzl++ZYK84ZTl6kVsz9x4Sp37t5XJ4wpLvUgLnka8SmTBOgjSUyfQFLmCAG7gDxJj7gEKSP15D3TIixck9CYfrgE9GLD1p4C9P54BmnhIUD3DR2Il4MepqO/xnFCD1YafMtUzU5M0O7KEK1v5YNvw2TD3myY0J+0jaM5Fb6Ee5nrOBslhu6zmGOZXnLhs6clS0C63YNczzUYanZlxihditzns33tILLFGrPM5YK7ZYTY1TCCl+iyblwPedyezByupVanNewKZa/AKzHcRGIaSWFTiQuaSojXRLW6ffWyPqxfoYezxVBKQudzOc2UW8nLOeE5gUqHiZxJt+FIhg1nC4M5tdufQ7LflGZFbcwyMfaVNESv4EisRMRiqr0mcUBAXuM7hzNZLuoP9dnLBwSLfSRn2pAs5h+ZYIFf+HL8o1YSkWCGd8QynEKX4B6xFP/YpYQly/GUNYSmriQyax0u4TOJyllDRM56fJMWiX2bqRPCBKSLcWcsI17ArczPrkTcXgvCd6wVaK8kWBKAoLRlhGeuIETO9YxfhH/aKkLlMcPSzNmZaMnRzC1cyDLnaOh0ToVNpyVxMc1hMznkN40Sh7HsshlFgdMUtllNInHjeKwm9cd70UjyPFeQ6LqG9QsmMVhPm687fEPHzt3oLEDv1VebPpq69O6rowJdCQXYCsx19Y1aq+AHGqFn0GrpA9SOcQb01xdzNxiBR9AWMvLd8Quzwt3dVh2appi69aYtAnUbfFxdyE9PpqZoL5W780mQhDw5yI+DedsozskkLTKMU01NfztL3K1LZ7Cf1Bu7KT1wnKmB8xz57pr0xX+pNuGrBxBnPpCUTYNUoOdYG5Nra6xCPUcsfYcYer6zwNx1EnukzHcaLeUoClWgj6TKdzTVQWPUavR6MfT6GElSxcgPC9CPpszieNosTmXI9yJ7NhezZ3ApexpnM6ZwOnM6ZzIE6qnTaE6ZxrGEKRyKFtDLfZuVRCBZzpHbVPgL1JsiJ3AobLIkkFOoE/DXhI+jKmgcFX7jJKmQUp6Dsl8VPJ6KgNG8vH2aDz/9xDulevxiLd9dOsx3Au7XN+t5cmMPP1wp4uUNgfL1Yzy9U672ZH9xtZqnVy5IAlDI91cP8PBeHd9dPcG7uxU8vXuQx68quPqgkff36nkmQHpwupQquciW7yij/mAZF4+cY9+2coFcEj4bknEUiPvbJ+BmJaWZ7JslsScmlSf73fhQZM+Hlj08zPbicYI1LTu8+O1GMW8vV/LmfA2lsV5UZAcw2siAkb17cqlIgF6Rwi+Pavnw8qJ8xmf5+cNFPrwTqL8/z+PztfI9CBRZW4XfFhMiN4wnwmKqJHCTsJ82hX0Lp5A1oB/JBr0kupA2RJIyDxcO5cXRdCCXSzVhHN2VSrKbO0v0p7Js+DLmGy8WWZjN9AlzmTV8OgtHL2Ke4WSG9xrA1H4TWTBwEpuXOpDilUxpdhG7kmrYG11GcmAmeen5FKfHc+VQBGePJXHiWDL3DgRxrtaDG0dDeXitmQ8fPrROFKO0m/9lGFq1auefgF7+l45hnwy29G/t9WN8hPqfwf7ntvZ9RfuwW7mA2YN0mDttKqN8MzBLLSBDkoXMokIKK8qorCsnLz+PpNwdJKemEi7Cu2mZidohdrBGT7S+7aD2cFfayXtI2a19WzqLkXdt+wW9Beg9234uQG9Dv3ZfqKErNq/buSN9u3Ri1BAjdVrYwsL9fzzXj6/nzyDfW1D0H/EPV8etBPp6qRPHBAnQgyWjDwkMIDTQX61+9/FwUavek+Kj1X2l7VwJT3dHAj1c8d64jg39BzJKyUT+9U/6du7B9IlTMN+4QYzPioLSYnYUFqpAz925m6ztO0nN2ka8QD09dzsRAeGYL1vHjHFT6ddLky5i6J3lMTp07KIOV/tY7a7st1N7uCvV7Z0ZpGnAUvlCea6xIcTOm2ivMFLiMklO2Unm9n1k7jpA4vb9xOUWCtSP0XD6Mk1i68fF0E9fvf2pff36PRX4iqVXHT3L8fMt6sXu/fevyC+wEhOfSlTKBIH6GKKTh5OYOpq0nJHEpQ0mLF6TsNg++AX2IyCwLwlxAyWZ0MbZryfWnt2wcu2Dg6eyFGk/nHz74+w+ABdzbTGhfvjN7cdqo87MNujNaJ0eaHZrh37vTiwc3ofgZUaci5jL0x0WPNvrwqXkjRyNWCsWs5UzqTZcETuui97AkqG9WDlOh0K/FWSa6pO+xoCM5QPYtnYAGav0iF9pgMcCXSymaDF1SD/MZw2VC4IjzcUZnKnbSdP+OIpSbNidaEGEp4nAYBXRPsuJdptPpNM8mgTM5/3EhjwmUCEwyzcbxklJKAq8lnBCkopsl/mUx22mNNKMg2HLqI8VqAvIG8MX0hhqQrXPNA46jeegyyRe3b7Ad+9eELPLQix7Jb4Jy4jJtZYkz4VtOW7kCPDT0reSlGWPd4hYc7hAOnKtWs2utJsnZW4gNF6ALSAPV+Cdvgav+MWyvQb/uFX4JK0gQAAdnGmKb+pyQnPNxNg3ErPbXLX1gPTV+KWsIDrDlMQ8ZVa4DWp7fVjyOhIytlCYvFnscR1NYfOocB7G2fD5HA+azeHAWVS4TeaA6zR22IwVcE1np7zuwJWjCF01mjz3pWwPMGfRZGM0e/eQ72o72rTrKDDvRdeeGmho6qhQ11CmetVVxp7ro9V/oFr21R4gJj4AHT0DCUP1uAJ2BfhKNbwyJn3VhkXsrQwmr9iHxCx3XDw3s9nSAnvrrQT9vrxqpH8g0fKbTY6Q30BYMI3793L0YBGHD+yjfn/RX5Y5/fPfsfJdOE7rjZPA3Gm2AvS+OM3VwGeRFkErBxC9diDJGwepdp5rZSyJzFC22w0jz344u53HsNd1PAVuE8XKx1HgOo5ij7Hsdx/FQZ+R1PqNpTZgLHXBAnSx64ZYgXnCDI4JzI+lzOZE+hxOZ8/lYu4cruTO4tL2mbIttp49i9NpMzmZPkuN5qQZHI+X/eTZnJTj5zIk/h/C3gK6ijRduL5r/eubO3dmWnD3IMHdadwtuAUNECXu7u7u7gIh7oEEQiDBEyy4Q9NNe890z539P1Vpenru9P0+1nrWW6dOnZPDOVW1n/1qygauxK8XqK9VYd8YJBGwmjMBKzgTtJzaQEk+/VbS6LOSOtlX779c9ou9+6+gPdO8u5f7u8di5NVi39W8vykgflzP5w8a+Uri+446vhcb/vrxGZ49FDsWoP98v5j3d8/w7k6rPK7hy0fNfP2skdcvr/H6dRVfPr3Eqx/Oqx2oLmSd5VxaHTfOnOfWrfukBZzG0yQaJ6MYnO0isTGOIsgsCg/dOGwl3A0iSQny58dmT77Ns+Bngei7OFduWsq1ZL+Hd+dzeXq9nAcX8gl32MGLyiTMN+3HfOsmusr9+LE9hb89O6/OKPfzz238/csO/ltZtvXtRV5daaS9KYuzaR7kex3A2fYEEWZHyNFZSYneKuIXCswl4Y+bNJC4qf1xnzmC3M0jaQk24VJ1Cu318bQ2JwvgE8gx2oPxsvnor9rNlpnr5f6zBa35G9g4eSNzhwxn7bzVLBsxnSXjFqKz+SApXsE0ZpSRHl1DfnoNJbF5JPhlyLV+iotnCnh9xp97FxN4fjaQR2fDuF/vLwnSeb755ptfZ3rrrmqv+83QLQXodQLe2l9AXvW71dG/Bd//jA/P/R7YlfcrKyvDUfcgNjp7yU2LI6zgFEciMtCNSJRIISA9k/T8dCpPp1NRmktBQSYxEQEide5sWr6YUQP6MERAPkyx8T5KtXtvRvfvo/Z4H/zpRyrUB3+qVLkL3AXmoyVGiamP6tNDTQI0BvRHe/sOUpLT1M/7AeQfPr8C7pNKKNtFpyj8TfxHWFAgIQH+hCtjWv19cXV2xMvNFRcHW3UN9CB/BfCeBAX4ir17qnBXbN3WygRXMXcfrW0cHD6GuZM0WbNwAbOHjmS75jS2DR7BsuEjqSw9RXl9lcA8T0CbTVJ6lhoq1OOTiYyKx98jAAdjW4y0j7Nh6VqmT57JiCEa9BFbV4xdAblS3a60qytAHyTQXzRtPjob92K6WxcnA2u8bb3ElJMJjc4iNC5XIofItFOknayl7GwbNReuSlyjsKqZnNI6alsuc+H6Xc5fv81ZZfpYgbnyWPn37bdvyMwVIMSuFqCvJFqsPDJ+kWzPF7B8RmzSXGIT5hCfvJCQmEn4hWkSHjNNYirufhOwFqBbeQ5Fz2ooVs5T8Q6cg4vPdNx9puHtOptQ86UUOG7Af+8UtOcMY8PUUcwZM4hRw/oxf8IgDJaPptFpFV9m6fN1uS+Pi9y5m2zKzURj7okVX0uzoTPVVsx8J0VuB6gP1SPbaAHJhyYRu2sc8TvGEbtjDJE7J+CxcyL6qzXYs2Q8c8b2x2b/KmrkZnG9IYcHbXU8vFhP18VSrsjj2rwwyea9qU5xoTLWjuYES2qsV5C8ZzS5+gtIPzyf6uDjBB/5jBwnbcw3jKMm2owkq81ckM92NuIgNX6b5ea6hVqvzVS7rqXCfpnc/K7zt59+JDzdGPeE7fik78I5ZjuhGSdIzHQkN9eD3HwXOS8siBZr93QXaPuLmSY4kpnhSFy6CXGZkrhFH8A/bh+hqToES/gn6xCZbkBwgi6eylSvsUdxjdTGOXKPAP8QUfn6AnZtQnLF5hMPSAIhIE84SqLaK96I5EILotKM5Dw0pDBKnxp/ZXjadsot59PitZFquxWUWi0jSWw15uBUMkyXk2C0nCjDDWKwn1HssZ+qSDNc9bYyvH9vPv74E/78l4/4tHc/Bg4dwXCNseq0rwrYR4zWVIGuQFux9HETp6gwHz95muyfJsY+QzX1DzFh8mymzvyMOYvmkVvmw8kGT/KrvIjLssfNx1hNqIO9fYn2DyTY0wdXGztcrG1Ij4mmOj+HwuRYLtdX0tZQ+78umVqZ7IWzJJbuO8bitlNKZR4COX98tCfJ/28qUUenk2gwi1STOWSazpaEZj75lmJw9os55bCE046/AF1gXuywlHLXJeowNKXnugLzem+l89taGkLXq9XtF+K20J68VSx8K9dTt3EzbTu3M7ZyJ2sbt7K30Zm+Tax9G5cTttGWKMcqEa/FJYF5e4KWGPwWeY28NmUzVxIkOYhar1bFK2Z+xl8sXaDdHLFWrQ04GyalWHuD32qxc/kcAQJ4BfT+y3jQ1N1J8JsnrWLf1bx+eINvH9bx7mEVX3QK2B+KsXfVqmB/8aaVr5+XiqnX8fWdC/z4IJ+v39Tw6H2zWH0pr19V8fnzS/zwoJ5H9Q20plZRnXiRK7kXaExtINQ+FTezBMxPCMgNA/DQj8VOrNxdQB5iGY6reQRe1mGEB8TyrjSKf+QY8XOBBW/ijtNuvZLCI5NoPR3A/Us5XJf7QJrDGtLcxH7tXOV6c+WrpEBeXi3k5y8uy298g/9Werl/fpUfvxFLf35N/g9n6Ggv48ypFKIDneXec4jTVhup0dpD2gKx8rESk0YRN20IweOGEzWzF/GaY6ky3MG1ikRuCXA72gq4UJpBc14KTtra7F+7Fe1VOuyauoH1c9agNWOV3L8ms3jMXFZPms24nn3ZPGUVvqb+nEqvpiFbYJNbTWFiBRkB8WSE5tGcHMGj9kRetvvSKQmMshJbl5TKv7dvP+9eSayu4d/GYf+23VyF72/M/H+a7Ekx3KKTSnRDUAFe0S8g/AD1D8b+26r406dLCLYzIzsuhI4rZ3l2/xpvnt/l+cMOXj3q5NWTW+p8BU+6rnKv8yIVJzPQXr+SaRrDGSP3AcXGR/TpyXCB+qi+vRipLN4kMNfo21O2P1Hb14f2+AvDBe4jpBzV8y8q1IdIAqAkAsq49Ukjh2FubEJWVs6vn1m1cAXchSd/jYKCol/LAinViWUCfX0IDQxAgXtESDBhkunbWJoSKLYeHhos5i7GLpl/YIBf93HB/gR4uapTxkbs0sZ/4kzSPD1YMGsGM+TH3CMAdh0qmb6YelV5CfXNZyivrSI9V4Ceka4CXal6j0lIISQsmuCQKEKDIvB19MTmiDGG2w6xa9kmVs9dxswpsxkm79W7z0C1yl2xdaXafeCA4UwYN03gP5+VyzdwQFsXSzsvvIOTCI7JFqvOIzq9mMziBorrLpJf0URe+RnSimoIjMnEKziBrKJqqpvaVMA3X77Z3b721TNyc44LnJcSFLWQxLRVAvAlhETOVieNCYiYLmCfTlTcfBISVxAmIA8Kn0Jcwjz8giZh6TQSS9ex6FmO5qjZCKxdxwvkZ+LlPwMPX008XOdRJxCLM1lKiuEC/PbOQluy5Bmj+jFsSB/mTRrGvnlDiNEez5OYfTyUY+8UuPGqOoTnJV48KnDnfkkId/K8uZXuQFvMCS5E6lLntY10MfMoAXnoJg2JUXgv7UfYrol47JnGzoWjmDi0ByP7/5mj62dTk+LJzYZ8Hl6q4dn182Iebby+fVEy5krOF8VRnuTFyXBzSkMMyLLaQJLhMqIPzBKobcRlyyx0F2jgum8hGfZ7yXbYTmOEAbVB2pS4b6DEdR2Ftis4KfGFnPjKv8LicDxC9uEeuRN7uenaR2wmIc9WEiJjMU9zsgrsiUs9QawkLhFxAtxYCzIy3chOd5LXuopZ6xMkME7Nt5QEai9B8UdwC99DYMpxwpKMiM+wkgTOAv94fXzjj+ITd0gdk+6XegCn6F14ickHpesSkamsm65LSPpRIvL0icyV16aaURxtSH3Qbi4K0BtcV6tD004ZzydeW5NEAVu68RJybTaRbLmNCD2xzkgDLmU5iZ0biplMpnevHvzxj3/kL3/5C5/06EnfgUNUqCulYusjRo8TgE9hjOYktVRgrkBdc5Ji7FN+rXpX2tKVTnOqySvt67MW4BNuSkGtK4W1nhTWeJJx0pmoBGVpVUdifHxICQsjzNcPTwcnuWkHq73cw329OFchwLlz83eB/vNPfxVjOyrn30RCDk8iWCLo4BSCD0yVhG06Ecdnkqg/hxRjCZPuznBFNgsptllEmeNisfHFVDgvp9x5FSUuKyh3WUml2wqqPZdR47WEOh8xZT+lCnydCvOWWC0uC6yvCsivp+/gasYObmbspkOg3imPOzK2i7Hv4krKToH5Ni4l7JAQsCdslXKrwH2rPKcc0x0K8Ftjt3AuQkvgvYkzIRs4L3+nNU6LC5IEnI/ZJPs3Uuuzgjrv5WLpKwX8Sm/65VR7LOHdo6v84+cfeX/7rIC6gbe3mtTe7q87S/i88zxvH9XyeVcxT9Qq9yzedDbx/ZMmPn+kTCpTy5evy3n1xSV5nxo+f1NLV3sddRk11KblUpd6juLIOkKdMwmyjcBRIG4r4aIfg6thHG4CdE/TaMzE2m2MI3E8EcVprwBenfXm72VufJ2wlxdhkhCZzcZwYW8y9HZzN9uTeEngvXVmkmyhRYafGRVBJ7iV5sh3d1L5+e0ldQa5f/z9En9/q3Tau6Iutfr9vTq+ay6gNS+aRAdTjNetJnXHarJXTVch/qudz+hP1JSh2I3vi9fCwXhvXkzdqRzuXlKmbi3kSlsx7cXJpErCaGV6lKNrt6ElMF+/eBObFy5l16yNrBg/nqVTl7Jh7DJ2TF+Ho7E+pZmJNKWWUZtaSVFWBbG+9cRYh+Dt6Ex7VQT37wRztT2St+3ePG/sXm/g6dNnvxj6mV8N/Z9V7TX/MnzrQ2e3f4f5aQG4AvHuUoGdEh9MVoHjb9uif9vGrjxODg+ksiBFhfbrp7fUKV2/eNUlv/t9Ke/y5mknj25fojg3CZNDu9Ds30sg/YlY+ccMUkAtUB8lAB/Tuyea/fowvPcn3UPWBO5jlKFqvT5itBw7TrHzHh8xWF478NPuseojFKvv35cZYzUwMTQSqOf/C7jz8wv/rcyTyJdtdepXX4GxMlucMn97gNi4MtWkt5sLPp6uRIQF4+/vg4+PF07O9moZGBhERnYOVQ1NVOYU4DF9Lg6jJ7F56GhmDxvG7p59cB05moBZ8ymIjpbjaqltbuDk6ZPknyogLTuTxIzuavfI2ERCI+MkYQglODACNztPLHRMOLphLzprdqK75RD71u9i+YIVTJHsb6xkgiNHjKNv3yH06zeMgYNGit3M4rOl69i5RwdrW09cPcPwEWCHxGYRmZRHUEw6boFyUXmGYOsRgpm1F0amrlg7BRKbdlKgfql7wpiXNwQouyTWEZG8kqDYFUQnLpXEYyERsfPlc84mMnIOUYkLCIudRXC0MjPcVIKU9c2DJUKmY+40nGPmwzhsOhoTa035LFOx85iCtYcGIRFzKUgSo852JNlRC6dtmthrTWLHrKHMHj+EkcP7MlcMfc20wZguGcFN/y28LvGlLNKOy+kuPCr04G15AM9K/XlYncj90lC5GdpwOcaQluAD1LpsIPXwdLxWDcZ99XAs5vbEaekgvLZP5PiqCayYNoJxQ3ujMehjDLcvpDbdjwcXyrjfWsWDq428EqC/uXuJFx3naClNJy/MlrIUP05GOZLve5xY41X4a8/BcsNkdk/ozeE5g4k0XEuk3hKy7LZQGnBAbkzbybRcTvTRGXz+oBvmF84VExoithwqphy0S2ArUA9fS1DqQRILzQgTKCdlW0qipMzVfgC34F34heuQXuiGf8gxXNx2kplrT3iSLplFDsQk6xEtr4lJ1lXBHp52QvbbC9RtCBM4h6SYECuA94k6RFiaHkGZevgJ3CMKTgjUJVnLPiGGLvszDhOao0tkigFJHnsol6SoI+UYl4O3U2MjABeoJcv3mXBcgdpy0iy1CD0mZuq5mxvyW7TkemF1YCMaw4eInX/Mf/3Xf6mlYuq9+/anVz9JQvv0V8E+WnOiauyjNSeoMFceKzFm3HjGjNVklMY41d4VY1dsXZkDfrTmZCZMnY+p/VFyKlzJrXQRqHuoYM8tdyc125WYcHciA8TcJfHOiI1WZ45ztLbFxc6WcD8fujp+H+jfff2ONEnUQvaLiR+bQbTubGIM5hJvOI8Eo3kkKiBX28vnkmU5j2yb+ZQo7eOOn1HprFSrL6bKfTllnmuolKjyWE2l10qqfFZRL1beGLSeMwLUc1FatMSIaacIxNO3cyNrFzdz99CRs1cgvo+O9L0C+N3cTN/JjbSdAusdXJZjr6QocN+hhvLay2ndScBVef21DHkuVcCfIglY/C6B9zaawrfQEr1dHu8Q2O/iQsIWzkQI0H3XUOO5Wkr5XEFi7GLztfIZL6RbdDetffOe99fKefPgLO86K3nx5BzvH7Tz964cXndU8qSjkTcdNXx7t0osvUnsrJkv39bxxeNyXryt5cXTeq6eraYmq4i6pFqaCxqpiqsmwCEBb6MYXPTEyA1i8T4h26aRmJ2IxVkAHuAchovsc1Cq3eWYRIc4rpSE8iTLgnvh6zhvM4b8XUPYOO1Tdi4dwEn7lXjsHyNmvpSqxEOcizPlnP8x3pT68WNXHf/94zV++ukuP71v4Id359UpbH96dYHX95p4fqZcjDiK4HWz0J/Tl8QZo8lc3Zc4TQ0V5HEzBOxjJ0jZE5dpQykN2k9FohfNZwvpbEyjva6YS+eLOV+fQ3NVOhWpiUTbeLJz+lq2jFnM2tnz2LF4KVsmzmXGoKFoLVuMj7krqS6h8lnTKEtvEEsXWMaeEWMvJSkwm2jHcMojYvmyI45H1+O4ezmRZ5eTf1kHvYvahu5pXat/mUDmw5zlH6D+AeglSnV76b+2mStA/mDkH0D+2/gt1D/Y+v9sYz9VmMflllqePegG+tvnd/j8xW0B+U2ey/lx72YzVSdT2L3yMyYN6c84gfdose9x/ZSZ4HqogB/btzfjB/RhQr9eTBvUl4lSaspzipGP6vkRwz79C4M++Yj+H/+FAVIqMB+i9oLvrnofP2QQcyZMwNrckszM1YkmggAAgABJREFUbBXcKrzzCn4Thb9EgQp1FegfoB4a6K8u0OIrIFcWYlF6tvt5KdteKtxDggLETBOISk6nqf0GNx8+p+XqDXJCo/HcuB2beUtwMTAUw95FpJklQcf1cD2qS3RMDKX1NeSeKqTwVBFFpfKFVpSQK1+oYutKJ7nImHj8AkLx9gvHxsET/eNmHN9vgMEhY0yPmqO33xBdbSOOHjBk/z5dtm3dz8KFK8VoFrBBaye7tY+x94A++4+eYN8RQ9Zt2YvWzkMsXbZRXXNaY/Rkho1Q2jPF6mcvZZu8hzKH++OnL9WTqKOrlriUTRJaxCStIixxkdij0ma+hHjZjlGGqMXMJzF2EbGyPyp+DmFRk3H2HoOH/0SCgieL9U/A0m04+tbDMHEehaPHBBzcJ2DjNhVbr7F4h4wnKWgxga4LJUNdhOuBGRxfNACtyX0YM+AjevX6L8YM783ccf3ZJRdag/1yXp10Jdx0D5tnjZYb70oe5jnx7Rmx9cogHtSlcrNYstx8D9rjDTnvK1AVKw7fronH+tFy8fZGe/yfsVo+mF2zB7By2nAmD1eqcwYwc3Qv3HQ3UhzryrlTsXRdrODhtTO8vNXK23uKrbfy9OoZ7rY10lKVT2miL6XRthT66xNltoljC4eoUD8+bwjmq0bitm0Grrtnke+9j1yXrRSJPajjSTsbBbp6WDpuxtV9j9i3Mf7qwil7cYpYj4fAPSjhMHFZJrgE7sI+YBv+SUdwlG2PsEOExBvh5KqNi+teAqKOEJqoh3/MIWIyDckTuCemGJNf4k52sT0pedaSGFgTkmhEVIYFgQnKoivHCMuVBCD/BP7pOkQWnSAsX5/YQlNi843UWeQiBOKhLlsocNnIbTn+VuR2yk3mEbl9LNH7ppKgu4CkEyuIO76MHOt1XM93pf2kL4lueqxZOJPBgwfyyaef8MknAvLevfn005706NGLPgLzPgL13v0HqYY+dOQogbQAfPwEiYmMHD2WIUOHM2DgYIaPUDrQjVUhr7Spa06Yohr6FDm/9+vtEqA7kV/tLOFKQY07RWLqRbXeZBS5ESu2npUaQnK0JMVeXni5euBsa4+jlSVnamt+v4f7q8dEHZ1F2KGZROrOJcn0M9IsJMwXkmK6gFTz+WRazSfXZgGFdgs5Kedruasyq9sSAbaE7zIx8DXUBa+nNnAdNQFrpNwgjzdzJnQjzQLy5miBbNw2LiYKlMW+r+ft5XbBAe4U7ud2/mE6sg/SkXWA61naAnptrmfslVKSpax93JS4kbVH4L2ba/LaawJ9BfzXM/dwQ5KBa5IMXE7Tlvc9wIWkvZyL2UNLrLbY+R5aE3bJ391Bo0C+2n89NfI56+UzNgRvkHItDf7rJPFYw7mU7iGUX7/v4PXjC7yXRPa7h8V80yX2fa+cdzerBeyFvLx3lXcPu1dLe3/7HN8/Luarh+f44mENHWWF1CRVUJNcRWP+GcoKKwm3icDphFi4mLiLwNvdMBY/szi1qt3eMBofywjs9OR542gBvgDdJBJ/3xCBaAhvJLm86LGKXJMJ+G0ej8WycayTJNxg5zxCdv2ZEm8l4fGh+bQd1+ptuXsxSUz8LN//3M4/vmvn5/c3+Ovb83x+r4InV0q5X5tFbV4kEfbH2T+hB7rz++M8pR9xs0Z22/m4YcRNH4Tb5JEET9QgbLkkdrY2nE21oqmpiNbWLC5dKqKtNZ0zZ/JpK0njfEEMISJ2R9auYYUkoRvnrGCJnK9bly5nxaxZnD2VwaWKdJpzo6jMy6MyIYGCmBr5HA0UBtdQnFZDQXwRUX5JPLxeyIsHJbzslO0bBb+sg97x65ztv2fpH8ab/9oLXAz9/wZ0xVw/xG+B/gHqH8D+IZT3KD+dz52brbx63MmbZzcF6jcF6rel7OBpVzuVhYkY7FjHgpFDmDKgN5MF1op5jxegK/CeNbQ/Ewf2YergfkyU56cOHsCMYQMZL0Af2kOB+J/pJzFAYK7MIjdEXjuyby8V5iME5sPE7DX692PsgP4smjkTPx8/tfo9JyeP3Nx8NZTtD6HuE6j/hwLtQN/u+dwVqDvb2+Hh4qS2nys92n29lSVU3cTIsyipqefc1U5yy+ooa2wh81Q5pQ3nKSyppLikBO1t29m9aT1acrMy0NDEeOBwLMdO5Nj0WfiampORlkpJbRWlEuV11WLu9ZTVCOjli41PSyc0Og6/IDm5JUHw8gvF1sELM0sXLGw9MLVyxVzCwtoNYwsXzG28sHMJxME1CCsnX8zsvTC2FWNSHrsFq2Fs58U+XTOOGVqz/4gRRwwsMJL3cxBLd/GNwjcymcrG7h7AT15cIyZxE2mpm0hIXSdgXyYwX0CiAD0mdgFxYugR0XOJEZgnxC4kNGoWQRHT1ap498Dp+ARNJjBsOnZuYzG0Ejt2HYeN60QcvCaJnY/BzXeCQH86iZEr8PGbhr2tJr4mc/HZM4vV45UJB/5Crx5/pG+fjxkzrBefjeuhzht+U2w1z2k/9rsWy8Wsz/NTPvxQF8D3Z0N51xTPvYYMrlfEc73Yn84Ua5rFMvPNFuO+QQNDuXi3jfoDewXq2rP7s2BsLwF5X6ZoDBSo92b70gm46G/lXFEUN+qyuddazsPLDQL1C2LrcjLfaef+lSauNZVTlhFBqp8l8S5HSPM4QrrrPhy2zeTQnCHsndaPrXKz2D21H4ZrNKjP8OweniavD4w+jkPINo5YL8HRZy/uAfvxjVZ6rR/DN+EgXtHauAVuJCpFV2B9Au9QXfRt1+MZKlAP2IdflB5eQTq4+R3EI+QQATFi1nH6AmEjElPN1er4tHxbotIMiMrSJSRZmR5WyjQj/BKO4p10AM/k/URIAuCXeByXhH3q+PTwvOMkFBgQnalLcq4xcX7a5Llu5bFsNzsvIn3fWHxWDcZrwygiD84kTX8J6YZLxQb1JZGKoSzaGtOdy/ls5iQmT9Rk0KBBKsx79+6rAr1nT2WI5cf06duXPv0HMmjYCDTGaYqlj1bBrTF2HIMGD1U70fWQY/sMUI4Zrj6nqbStT5rCpGkzmTBtLmu2rCT9tBPZ5XbkVjmrcFdtvcaDojoBe4U7OQXeREe4iK274aeMULGxw8HCkkf37/9uD/fHHReIPjKdWP3ZYuLzyLJdQpbNYjKsPiPVUhmCtohCp8Wcdl9Kqccyyr2WUx2wgoaQlZyLlIhazfnItZyL3qBaeFOkFmcjtgjEt3EhbisXEndySUy5LXk3l1IF1Aq8iw5xt0SHB6W6dBUf5/ZJHToLJPIl8o5wS4n8A9zNPyTAP6BGZ662gF8ALyBXIN8h0ZknsM+VRCD7ENdyDnMp4wiXUo7QmiTmmqDNmaidNIYJzAM2Uhe0UT7zBhol0WgM1qIhaLMkIuuo9F5LietyPn94TV3S9fuuM7y+dY7711v5sitbgF3JO7kO3t85z6sHFfz0KJsv7zfzlVwXXz8u47v7dXQqC37k1NCYlUtrWhMpgVlEOsi9yygaN+twHATenpZi4SbyWMCtVL07SVjrheMhoHcV0J843g36SEd/SmJtaI/ToU2+/1Tt6bgdWISV1gC2TPsInUW9CNDuSay3Ni05htyoiKCrvZjvXhbw45sGgXoNPzyr5Nu/Xef7ey1825TMBTmmPNmHkGP7cBYh2DNvAPpjZpGyehJxM8XKJw0SmI/Ab+xI3Gdq4DpuFlFTBxO6eR0621eSFe9Ja202F5vSaanO5IIIRGuJMud6Gher4slI8kN7/S65f83js8kzmSrnv7mOCS9unqco0Z8UbxuiXU3IT0ikJKuAGwU53G1tku+2ldsXztBeks3lzDC+v1/Nq44yfnzZvYBQa1t795Kov6401vhLD/fudvR/r3Iv/xeYd1e3n/oXQ/8A8//N1v8J99Oclvc531TPnY6LvHjcoS648u7lbTU+f3FLgN5GbVEKJ3ZtZM2EkcwdOoDJAu5J/QXgA/uyYtJYPhs7nFnDBsm+3mgK5Ecr5v3JXxguMFesfPAn/6yaV8alK3Y+rFdPtc1do19fRkmMGThA7VA3blB/Nq9ZJSIZp0Jdiezs3H+GAP1D/IcyB7uykpqPh5uEu2rr3rKttJ97urtQVFTAmYttlDS00HT1DlHpBdh5h5JXcYaw1FyyiqtIysjFLzCYnQL09UuXoTVnHmYaEzncqx/H+g5Cr/dgHPqOwmT8FPzMrcg/eYrqhkYazp2nvqmZiro6SRYqBexFxCUm4RsQjLu3H24efrh7+OOgtK3be2Jt56EC3dTGDRNbdyycfLrD0VsNU0cfzJz8sHQNxMo9SKw4DBvPsO7SKxR7nwgcfgkn30h8QuMJjU0mWjJI5d8DuWALc3aTkCw2lrSUlET5EiMXEhk9j7i4hcSJoUfFzSMscjre4VPFIKeJdWsSGDEZP9n2E2C7+E3CwFKA7jwJO3dl3fPROPloEBw6jZiIxUTJDdHfdwaePtMI81pCtPkG1s8YyajBn9Cj1x/l5v4nRolBL5k+DJetE7nmtZavTtrxMt+OR2Lr7xtD+a7cix8bguSijeL12WSBcD1Xz1RytSKZG0X+XIwxIXTvLHRm9ebglE84MvVTdGb2ZbMAd9boAUzVGMoEgfriqSPZt2oqTnrbaJQs/kZ9AV1ttQLxMzwVW3lxp5VnnRe4fbGOK2dKqMqKJNnbjGiHA6S4HSLWdjtuBxdhsHo8O+cMZdvkvngYbOteXOHVEyKCrPDwPoxz4E7cYw/iFroP7+BDOPvtJTj2KF7hsi9sN+FpSoc2bSLTLcnMC8TL3wD3oOM4BR1Q10J3DD6AtY+Ye8wxrLy1MPfYLAmBLgkZlrh47pTf8CjRqUaEpegQln4c7xhtgpMPq53gXMJ2YR2ghV/0QXxiDuOXpIOv3PwDso4RIlCPFktPP2VFTqw+Fd57eV1oyXmn+WQf0CBGaygRWiOJ3TeRmL2TSD4+j0tZ9jTn+BJjvx/TfWvYvHQuKxctYPSokQwUqA8aPJgBAwYJ1P/Zpq5AvXe//gwePkJMXVkffRQDByvHfMpHH39Cz7796DdosAr04RpjVEtXgD5V7Hz67CWMmzKRiFRLsspsySyzJ6vS4ReoO5NXpVTDu5Ff6U5WoRtpScpEM/bYW5lha2ryuzBX/t1szCXTcikZAo9cOwG360qKJXKdllHgskogvpJq39Vi3GvVqFWqq0PX0BS9jotx67iSspHLqRtpS9rExQQtsXCJhJ20pQrAUwTkikGna3Mpez9Xc8XGi3S4WyEgr9HlYb0hD+sM6KrUE8Drc6dIl7tFx7mnljrcOyVx8ogadyUJuFN4QGCvLXDfJ4av2P1+ec1hOguPckPiap4uV3KOcTHtCC1J+zkTt0uSi600hG9Vq+LPRW6lWeJMmBaNIVuoDdhMhc86St1Wc8p5Rffyqd9/yZMb1XzVWc7L+xW87mqWxPYc3zws4YeHVby5q/SIL+Kdspzq8zvcbT5HTUoBpelN1Ce2kh1eJtdDIqECchvz8O7haLpxcj0oE8hE4SCPA8xFJCyDsZd95gbROCjD1wTwNvKcg+xL9rSUpHIfFbYHSNi3A+M9c9GbP4CNoz7mxNIemG4Zirv+TLIDtblYnSHXZw7f3arg/petfPtcgPjoHC9vNHHrothopDmxh7bgOHsm5guns3v8H9Cb1BsTgY3nzlXErZ5C3IgxxM4YhOuEPhyWe8NBTU12afwB5yMH2TSxF+a713NWDP9SXbIabaWJtLeG0lKSwoWTqVwoTacgLIL9c9ez6bOVAvbxYuVJfPO0lq4rlTy4fJbvz9fw/dVGvr7fxLe3a3j3sIkf75Ty+a2zfH21jOcX0mm7lMkXnXX87evuSbzOKt+tslDKL/O3f5hU5l87xVX/2sP999rPPxj671n6/wvup0tPc+NqK4/vX+flk1sC8btqu/kXr27zxctbvOhqpSozkr1L5vLZmBHMGTGIRVLOHz2MbQvFpq0NsDqymzXTxzFzuFh5/55MHjKAcQP7oaHY+Kcfi5V/wlCx8BFi9iP6dfeKV8x8uBj8aDHzMWLmY+T4YbJfQ6A/cfhQLIxNSE1NV6vfFagr5YdtBexZEv+hTB6jzOGuTAHr4eqIh7MDPj7u6qppDS1yM3/yjBuPXxIu8G5su8nZK7dxDYwhNkO+qMoGHNwFpOYWBIWJUTs6SCLgx+ENG7GdPpfdPfqz9s+92C6h9+lALAaNwnn0JPx2HCA5KoGCohIxrDJ14pmkjBwSUzKIjU8iJDQCb58AXOW9Pb388fIOEMAH4+ETKmUIjh4B2Lr7YeXig6WzD3Yegdh7BuHgGyawDlMTDlsvMXX3AGw85ALyCMNR9rn4R0oZhrWzF3rGZmgf3MfOndvYuX0zrk7d46S7usrISV1LasYOstO0iYiYT3T8XKITlU5wC4lPnIt/6EQxyMkCb02c/cfgFTwZ//DJBIRMkL85BlOnCQLzGVg6jMHBW0MSB02CQmcQI2bj7bsIF7eJ+AROJMD3M7mItbDaPZfJw3qKof+Bjz/9L8YN782m+aNINlzEs7g9vEs5zNf5hnxZaMYPTUH82OjP9+WuUgrUW5J43lbOlfPN1FXXcb6ujBuNpwQ8XlgrE59M/YT9Uz5Gb04/Ds/qy+qJ/Rg/tB+Txw4SU++P+b7VOB3fJMawj/OnU7lzoZKuy40C9UYeXDvDI7lBPLx+lnvtdVyT982N8CDU9jCRdvtJdjtCqps2QYZrsN6xQCxkR3f77LfvyU/z4VS6PxkxkiR662ArILbz2kZI9An8Io3E1vfjGXYMC89tOEUoHeU24Zt8iMhkC/yDDTGx36gauV+4HOO+BV3H1Zi7r8PcS86twO0Ep4qlJ+up65vHZpoSkqAjln6U8PRjRGfria0rM8vpERp/HHdJJDxC9xOYoAxXMyAu2wKv2P24xO3EJ/0wEbkGNOZa0RL9y9S2XsuoN5lGo/VCygznk7pffm+x9TjD5ZyOtCbe+Sh+J7apidCxHWuYPWkcw4cOpW9fZRRGLzU++ugjFeZ/+tOf1LJnz170FnD37j+APv2UeRR6qM+p1fR9+jJwyFAB/WiGjhzNqLHKmumTmT7rM2bNW8nYCTM4ZrJDgG5HRqktKactZPufUFdsPb/GnQKx9dzTHkTF20gSbISFidH/Ood7S4H8Pm7rKRFwl/usFmNdRZn3akq811Dht4H6sM2cjZKI2MD5aDHvyM1i41pq9fnFZC3a07S4ItGesoUrqTu4lr6Ta9l7xJi1pdzPtTyx57yDEgrMdbkt4O6qN+JBgxmPmyUaTWXbmAdVJnSVG3G37AR3ygy4V2ooYURXmSH3ywXyZUfpOi1gP3lQ4H6Q+ycPSylRrMOt4qPcPHlMff+bBccF6jpcSj/ExRSxWEkuWhJ2cSF+F+cSZTt2hyQju8Tct1EfpKX+H8u91kkSt4aLWZbdo1teP+DdvXSeP8rj0f1KXr9s5ptbpbx9WM2zl1d59rSSL5/XcaulhqbEMuozJeQ+mBt9mkiXWDytwlUD97eNwl6M3M00Wu3Nbm8ciYthJE4novExlhCAOyrt60ahuArILfVjcDINx9I4HHtTSRbNjPE8YcKxDUvZNmsou2f2wUCM+sC6OeisGk2k9WLOFVrzzZUCsfIm/vGwTBKRFt7dP0NHbSYl/gcJnTKO7bOHsHXix3jKNW+//lOcVvXHc8NUzDYvIXf/FgIXjSZirCYHZvwnG4Z9gvZkOW72bMxWLWd6rz+hs3UFLVWZ1F/Io6U+i/OV6ZwrS+Jivj8dFfG0NGVxJj+SOA9fDOQ+GhnozPfvm3n/vEYSoHwBeR4/Pqjjh87z/NhRw187G/nq/hVJQs7z10ct/PVGBT/eqOTZ5Szu1Kfw07dd/Pzz36lXJpVplGj4sCBLw79Uu//POc1L/kcb+u8B/feg/r8B/tTp03TcaOPFk9u8fCZW/uqBwPwBX77u4qu3sv2igzvtVZLEuWCwZTmH1y5m52czMd29gWIB/e2rDTRVZOOst5cdi2ZhdmAbzid0OLhuBbNGDUFz8AA0BvRl9KABjOov176Y+uCen6jj1RWIj1aWWRWga/QV0PdWesX3kKSgN/MlsQ8KDCQ9PZOMjKxf4wPUVaAri7Iok8ooYFdmgvPxcBQzdqb54kXuPHlJ1/PX3Hr8jMbWdhKzCjh76TrJ2YVUKsYu+9qvd9DSdpmz5y/QeLaJymox7cxUQlZvZuugIawaNZYdYyawq/8QsfWBOPQbhvuAEQL28dgvWInDgeM4W9sTEh5DeEyCOpQtJDIWD99AFeiuHt64Seng6o2JpT02ju4Ymlnj4CXADwjHWSCuwNzazV9AHoxbcPSv4egn8LZzRe+oPkeOHefgoYPs3b2DzZtWobVxFVs2rWWXwHzrpnVs01pPR8cN9cK+2pZIbNRSQqPFqGNmiwFOIyJuDpExSrv5DHVGOJ+gCbgIrF39JuMrZh4eOU3McwxWnmOwdJuMqeN4XH0m4B82WZ3b3cdbDD5wJu6ek9QqdxevSdgL+P3khuqgu4TdSzUZ1udP9Pz0P+VH/ojDnw2XTH0Vt4PW8zh0A58n7eanYiP+u8aWn8968t9N/vxQ7c3fW+L4pr2Qrkv1FOflEBEcip+LPQm+9tSneuGydx77Jn+C6YoRGCwags6CEUwb2YuxQ3qrY9+XTR6Ki952QpwNifA2p7U6l87WKm6313JPTsyuKxJtddy+VM2VxpM0FacS7qCL7cGV2B1YQpDJJoJM1+J1bBkPb11R4eHlbUBGsiu5yR7E+lqTn+1PWKwhgQLnoCgjQlNsCE+0wM1PG78oXRxC96o90f0zdPBPNMAv7Cj+kcfU9vK4NAtiU8zxFTt3CzuAU9g+3OMP4RC+B7fAHfhGHyJIXhOSrItHxF68E4/Iexwmo9iGhCxj+e2OE5NpTHimPgEpx9V53aMzTYjPsSBctt2i98pxApsqT16WOdIZtolGsxmcPj6ZWrlx5unOxGnxALSG/pfcCOfhZ7wPX4MtBJvtwuX4FnTkgp4yfgx9e/fh448+5s9//rNq5koosFZgrsBdCbXDnNLW/uknv8K+h4C9T58+DBo6jAFDhqs94pWhbkpP+FlzlzB/0Wpmy3Wy6/AWMksdxNCdSS62Il3ArkA975cq+LwqVxXqeTVucowTsenyfE7s7wL9p7/9wJkkS057rKPMdx1VAauoDVwlkFtDlVI1Hb1DTHcfF1P3qp3MWhN30yJgbEnYLds7JbYK0HdwKU2MPH0PV5R27Vxtbok53yo4oprz9QKB7Ck9iePcEjjfrbakq8mW+8023G+y5tklT55e8uVJkxMPG+152GDNo1or7tdbcL/OSOKEavEPavR4WC1gLz0m5n6EByU6kgAco6tC9lXoc7tUXyzfgDunDQXs8vfyxNpzDnI1U5urGXtoS9vHhZQ9tCTupTluN02RO6kXS68J1pIkZj3VAvYa/3V8+bT72v/iwWW+7izlrw9LBeA3+Op2HS8fN/LieT0/CtjvXb/A+dQKygXmlelVnEw9jb9digA4Suw5FluBtZNeLA5GUXgaRmOkGLhxlCTMgVjpxuApcHf+pSOcjVE4piYR8lheZxSEoyQBdiY+Yvg2nNAx5sBny9i/bj3aS3egvXwRx9ZMEiv8BL2dkziXYMnf7hbx9XeVYuZn+fLeNe6cjaM43o7dS4bgMn8YXpoa+M3oi+nYjzEXaAfO+v8IWj4JL63JxMyYRcZaTXwlYTCYNxCdOUNw11qKkdYWFvafyJhPemC5ZyHn6uI4X5FLe/1pLjUmq5PNtBQnc709jvZzCTTW53K+RLgQ68Pr2438/VkzX746yzcdJ3lzPV/Mu4Efbtby7VVJhjoa+OZ6hSQhV/nuwQ1+uHNBEqZWHjXk0H46hddixN999x31jc2/Av2fs8V9mCmu7n/p6f7v1e4K1H8L6t8C/EOv8N+L0yWnuX71As8F6G9e3FPjnSR7X759xDefP+abd495//o+rx/f4N6Ns1w9X0H7mVM8u9/G2+e3unvBP7tBV2cTbU0l3Ll+jist1UT7OmF2cCd6e7awZOYUNIcNUavblQlnlLbzUQJwtZpdIK9sK8auVMkrnezG9O3JhKFD2L97FwkJiaqp/xbsH6D+H8qqasr0rsriLA62lnh6upKdX8Cth0+49+QV95+94c6j5+rjzgePuX73Ph1dD9XHSqmscX75xi1a2q/Q3HRevvQqCsJC8J2zhAP9h7NBbMPV1BRfJyfMFy/HbOAobPuPwGngaBx6D5NyGIbDhrNzzGQOaO3guK4YXHC4auzKJDRh0ZLpevth7+qFh38w3kFhOHn5Yu/tj1uIXAz+oVi7+3PCzg19S0ec/MNwD44QK4sUc/dlssZ4tsyczbat69i1dTPbt2wQeK8RoK9WIa61cQ2b1nfDXXmu42b3hV1f7SVJxgxi42aKnc8iOFIT/5Bx6tAzb4G5AnQ32Xb1nUSoCvkx2HiPwkwM3dhuHA4eE8Xap6mzyPn7T8XDXaAupbv3OBw9p2LhNANbF8nqrGdgcGwedgLENdNGMLjvHxnY548cXT6aBuf13PTfwA23BXR4LOCLlH38KDbyc5UNf6334Oc6L346G8zfLufx9nodBSlxHD20j93bNrFx0XycjA6S62/E/um90V0wGIMlw7Fcqcny8f0YN6y3ZIkfM2NkbzYtmIC7hQ5uVrrE+DpwRU7CzstiIlfqVZjfb+8uO1sqaKvKozYrjBh3PQLMxZRNt+Kpvwov3eUke3dX8T57/gBPHx0iI02Jj7SQE86d6Gg5B4IOEZ1qjWeIHlm5XsQkmeEbqkNEmjEeYszuUdrYBu0SkzbGN/IokSmGuAZuIzrFmOj0EyTlWuIctBsvZcx5/DG8o47g4r9HrN5MrYJXx6InHcMrZr8ATZ+UXBvicq2JLTQnrsBcXXUtJFMX34QjhIrdZ592JCbdiFuNwbypD+CJPH/B5TOqzGZTabmQAqPZJO2fjMXcfhyY3o9ds0djuXcZ4VZ7SHI5jr/xHkwOajFj6kRGa4xiQL/+Kqj/z//5P/zhD39Qe70r8QHqSvkB5Ar4lVCgrwB98JARDBg8XB2zrswwp0wVq0wuM3v+chat2MbGbdtIP+VEWrE1KQL0lNNWpJXaCLztxNCd1Kr3/Go3Kd3IqZZkSh5fv9Pwu0D/5v3nnPLcTYHDcsr91lEfupqagKUC91VUCeyaEwTm6Qdpy9jPpVQBokRr6gFa0w5KuZ+LaXtpzzjApcxDtGcfkRCIntKns9RCzM2dtlJvWku8uVwdTmdTEh1no7jREM7DtgweXc3m4eVcnt4o5HlnCU+un+R5RxGPLifx/Eosz9qCeXTOnqdnLXnaaCYhYK83kIRLX2xdX6xdLL5StivF+sslUagwkv0G3JXtW/IZbhcdlaRCaZPX4WbuftolLgncL6YrYN9LS9xemiJ20hCynQr/zfJ/3kRFwEYqgzfx1et7/F2SnVf3inn2uErtBPe3+0W87WriqzvK7HHnqD1ZSm1GKQVZ9eSFnMLPIRIfMW8F0k7Hu8NEwlQAb2cSqRq5Yul2AnDF2hXIWwnUTY2iVZu3NAsWk4tVq+ftjIOxksfGupEY7j/BvrX72LNSi8OrDqO9fg+HNy1m5fABbJzWh4pkC755Kgn08yK+eyvJx+VCzuaG4Waqw+aBfyZy4QiClowkY/MkApZMJUBzAKELeuI2bihBUz9VO8Rlr9EkYfMUAmeO5vCy4RxfOY0Zvf+E5h//xFKNkXg6m1Cbncm5ygwunUnnQnUm7WcTaDmZTGtxOhfr07h2JZvvLyfz6noNb28LpG/V8t29Cr66WcbLu8V8faOav19O4HVrJj/cEMhfy+bbO618f7uNn98I/G818fJMEq0Nid0zSb57J0AXMxeg1zY0/Tqf+79Wu9f9pqf7/7va/ffs/APQ834Z8vVbwCtTqba2NPD80W1ePbujxuvndwXqD8XQH3fHu6d88+ULKZ/w/vNHfKXEm4d8rW4rxz1Un/tS9imve/GwkxuXGmltLKO5rkRdkW3JzKkqsAer4897qAu2KOauVMErneJGCMg1+nbb+RgpNfr1ZtoYDbXqPTExibS0jF+h/ivQFUN3c3fA3d0JX19PUjMzuXbrvsD7hQrzhy/f0vXsFXefPFfj3qNn3HnwRA0V6gL4yx23ON/WJkA/R5N8gUELVmA8RAOdfkPQHjCM1IgQck6eUudzDxMQe+7QxmrsFBz7Dcd94HDs+/bHuccAzHoOQLvnIHZMno7OngPyuXxxFjt3dvNSe8CHx4k5K73i07KISsskMj1DbsxphCalExCdhLsc4+YbgHdwGEf09JkydCSr5e8fXLWCnVs3sXfnVvbt3sreXVvYsXUjOwV8WzevU4G+cd1KFeoK4BWoKx1lyistiIoTmEdMFrscQ2DYWAH5RHwF0h5i5c5+UyWm4SYmbu87AgvPkehbaWBsO4aI6PmEKMup+k8nImwRvn7T8QmYLMdrYuKkIQnIZAysJsqxU9A7MRFrw3lY71zE5KE9GND7z+itGEmOwXwuua/imvM8WsymcNFuAZ2+K3mXps0/qh0F7I78vdGX/+48JRdRE2Upkeju3cGqpYsZPXIY/Xv9GW/zvVhvnY3Z2nFYbJ6M/uJhHF06ivGDPmH04B5MHd6bhRMGs37hBAKdLXG3MuR0RpRknWVyAoqpt9Vyq6WSzvPl3L5QqVa7N59KIMzxKM5H1+Gtt44YJ6X6XYco2z0UxTp1m84XrwlPMsc/4BDJsY4kJ1hLgqRHophjYqYdvlGGAmET+S51iYwzxi9Oh4DkwxK6YvDGuAXtxdFvu1qlrgx1C5YyQmAdkaQnv7m+/Oa6uAbvxi9U4BxuhHfkYUKSdNVe7SGpx4lINSKz0IeYDGu8k7TVJVUDUw8RorSdZx4nLO04gYk61AuAvrkQx/saTy6JrdVZzqPCdBbVNoupdVzJSaNFxB+dg/bMwRxZMQ0XvQ0kuB2nOMqRdF9TbA32sGXzarQ2r2XJkgX07NlDhfl//ud/qvFhW4G3AnWlVKD+oVSGuPXp049Bg4YxRM7X/mLpAwTuyvzv4yfNZMKMhcxcuJbZC1eqk8qkFVuSclKSJIF5eqmdQN1OrYpXoJ5b6Sq27tIdYuwd9xt/F+hvnz8i+cQiUoznC9DW0hiyjprApVT5raZazLU5fr/AW0AodnslfT9tmYe5nH+MK2Ld18S+r508wJU8AXmRNW0lfrSVhXJDbvjXzmbRVJ5ITUEwZ0rjuNp8ksvniqguCOF8TSq3LlZypfkUbWcK6Gwr43prJV03z/FEbvC3lDbXm1XqwiZv7mbzpi2A5xeded5iw5NmMx41mojJmXG/xljiRHdUG9NVfYKuSiPuCOxvF0tSUahHR8Exbp08Tmf+Ea7n6tCeI5EtCUrmAdpSD3Je/n9nonZTFbiDMr9tNCQc4kadJ58/au6uwfjiKV92NfLtwyaePrioDld7/bqO82VV1OaW05RSS0FoLWFOebiIffsKjAOswnEQgCvV61YGsWrHOD+bKFz0uyGvtKGbi7Urxu4iVu56IhQb/XCBeCQW5iG4yn4L4xBMjMMw2uCIznYdtNdoi5lrc3DNQQ4uPsiB1RtYN1eDNYM+lkTFm+eva/jhcT1vb5XQcS6f+vxk8hOdsNA5iLOFFolyr4vbsoTYTbNImDOKkAUT2T5xACuG9sd/xSCS5kwh6MhQDk7swWQ5F8d++ilzNWewbf5o/Mx1yEryoTo3mAunUmk9nUZnbTKXyhPkexCwlyVwuTaOu2Lq968U8KWY+PuuQp5eb+DBxXzutcTR1ZzKw4vpvGiThO1MHG8vJPH0pmLxZ/jxwRl+eHhODL2aDtnfURr+iwy8oEGArhh6fcMv87nXd1e7/35P9/8b0E//Mg791L/B/PeA/mFfSWkJjQ2VPOq6zvPHnWq8fHr7V1P/QiD9/vPHKrAVsH/17hlfS6nEN188F9C/5LsvX/Hd+zd8+/61PH4jx7+Q1z7m5bN7dN1uJ9DFmjmaoxkpFj5SWYFNmYimr1Ll3leFuRKjeimT0oiZqx3rejGufx/G9uvHZ9On4e/r97uW/h/xcQmcOl1GZXU1VfUNnGu7wpVOAfr9F6qhP3jxSoD+kntPX6jlg6cvVajfvv+Ym3e7uHnvHu2XrkhGXkG+pT0e0xagP3gUuoNHoD90NLbrNlFUXEzB6XJyTpWQVVRMVkEx0eHR+B/WxXnSdBwGDsVDwG4nQLf9dADWEsYf9+WAxkTWDBvLqvFT0d21XwwvlKD4RMJTMojLzCMhK0/sLUtu8lnEpOZJmYK/XxCu5ubsHDYS3f4jOT5jFto7tNgtoQBcib27tqo2rkBdAbpi6srjzRtWq6Hs7+y4yU8/fU/BqQP4BI7DL2S8xCSx88nYe07A3E0TW29NMe5JuMljR89xnHAYiZ7FcAJDZhMbv5Dw6FmEhc8TU10kdi8JgI9YvLsmxg7jMbKbgI7JKAxsJmJhOwMvpyWEmK9j6wIN+RH/yIoJfXHcqkmjwzJabGbTZDyRsiNjKdWdwjm7uTxN3Mu3YmrflVjzj6vp/ONFC1fLkvAy3idZ3BCGDviUIQP+wmGt+fiZaOG0a7p83/Ow2jwTY8nMZ474mGFi6OMF6vPH9mfJlKFsWTqLIFcbOdksOJ0VIxl4kQr1zrYabl+sUqF+s7mUC5VZFMa4EylQt9u3DOfDy/DSW0Wk7XZiHHaTH+Xc3Zb+w9ecKg8nOc2JnHQXUgTqMbEnCAgzwMJ5N44hOoQlWRAp4PcOOyi2bEBg3GGiMkzUqvSoLFMiM43xjNAmMF4H9xABuJQxGcak5FiQkGZCZIIR/kHHcffbT1DMUYKTlBnkBNryXkl5TgTE6hGWoSePdfCJ3ydxiKA0HaLzjYlL0edZUyTftETxvMiSSz7rqbOZT6X1Quqd13DSZB5ldquIMl7FjrlDsd+3lDCrXWQGmlCd7kuBQD3K2xIb8+PYW+ixa8c6hgwZpAJcMXMF2h+grlTBK0D/rZ13m/vHaq94ZejakKEj6D1gMP2HjWDU2EloTp7JRAH69HkrmTZvOS7+J8gpdyBbaUsvsSfjtAPpUqYrHeXKHMkuV4a1uatj1rPLXHjzxaPfnfL10c1msu1XkWm9mDK3RTT4KsuOLhFzXc256M00x+7kfPIeLqfu5mb2YTpPmtNZYU1HiTk3Th/lyikBfLE958tjqS1OoqwwkcriFPKzo0mJ8+VUThRN9YWcqzvNufpSWiQunqvh5tULdFxr5U7HJe7eucz9ezd5+fIRr54/4emTe7x4epcXzzp59egir+6U8O5WIp9f8+f1RTteXrDnSZNVdxv8WXMBhES9QL7OlAe1ptyrEqhXGHPjlBE3Tuqr1f03CnW5UqgviYgeV/JlO1eSkCwdsfVjnEs6SHP6ca5WePLkep4K8zePWvhaYK6euw+v8vWder5/3MQ395q5osAktZzi3EaSQluJ983CwzABR8XMjWNwNIkmylIZcx6jTvPqKtbtLjC3ElO3ETNXrNxJgG6vVq9HYK/0btePxlIvBlNJBCyNlCr7aE7stePQmkNor9Xm8NLDHFl9hEPrD2G9z06s/Sj7Fizm8Oq58rnT+PJ+KV/dbfv/GXvr6Diu7FF3/rnrvnt/d2YymTA4iZmZKaaYmVmWZJIlWWRJtpjRYrYki5mZmdGyLcnMzJTYDsx8b1fJCswv963ntfaq6urqVrurq779nTpnH5qz4qhLD6AuOYDaWD8q06OpKIuiJS6WrLhgciMsqAx2EKu3EqHaTqCvM8WJDjRkeNHpvg+9uaPRXLcUo93r8Tq2g4wQS8rjXanI8qU0PojWqkh1MpW2khBJ3kJpTDlBW20wTU3x9NSH09URxaVThfR0JMsxTuFNe7RcI6JISQgWWCfzpCOb85Vi+hl+PGxJ5mV3Idc6C7necYK75+O50BMtx86zrw/TlSvqPfSKymqJGrXAzG/N7hXv5gj/857u/38M/T8Brgz1Sn43hjtZGc+dmiGvyyIvL1N+q40C9S6uXWiXUGZbO819sfVHdxWwXxawX+HZu6b4Zw8VM7/eB3eB+qunCswfCdQfCtwf8UIeP3l0m/t3rnBZgO5la86oLz9Wx5oP//Izxg8dyJDPP2bMwAEC9g9UY1dgP0zMXIH56E8/ZLgAf9AHEvL81nVrCQ0J/e9A9/Xy4aRYbpw8SJT/TNvpc/RcusWF63fFyJW4pTa5X7h+R9YlBOYXrt6k99I12po7yHD3xn3eCgwHjUb304Hs+/wbDnw5CJNp3xJu40SyQDcuLYt4yZRSJHFIzy+SKCQlN48E+cJDBdAuRiZYL1jK0YECyX9+hOl7H3Pw/c+YP3kGY4ePYdzIsYwQ0546fBzLFq9i2fxlbFq5kT3rdrBt/hJ05y3FXn7slguXc3ToeCwU6/9qMB7bd2NucIgdOzaxQcCtQF2BtQJvBezKYwXu/bDva45foZq6AnoF6q9fPyEiejmOnkNx9hJ4Hx+Dkc1QjjhOwNRhmIBkInauEwToo3E8Pg53r4n4BkzGJ3AKPkFT8A2aIeuz5PWjMbUfLkCfiKHVaAxsJNkw+QY906EYHRmGl8t8Ir13Y7d3AXNHfqI2hesvHkG67mTqTKdTpDeG/L1DSNg6kJidI8g9PJUuvx1ciDPkh9Yo/n23kVeX64l31mXt/DEsmjSEiSM/RWvFFFwPLcVPbw1Om8bjsGMK+5YMloRBMsCP/8qgT/7Od5MGsf7bkcyf8A3L504iOvQ4sQFO1ObG0l6bw5m2EoF6CRdVWy+kW8DeUpZCRpgj3ma7sNSYz9Fdc+SCtAQ3vVUYb52N5tLRXDjbrs5WV16bSHq6I8nRViTE2BJxwhxvX10cvDTxjtDFMVBLoL2LoGilw5oR4fFGAmJNsezDOAbtxCvqIF6heyVhO4S97y5OyP85OEYPz8A9hEYZ4htmiLcY/xHrVRx1lf9nxG48orQISNDBL16X8HQjAfl2nEO2i8GLmUdrqcPbuqt9eN0Zww9NgVyN1aHZdTmNLiuodFxJnvkCso3mku20kWDn7dgZLcF8+0T8jVcQ7rCHVD8zUgOsyDzhiI+tLs4Wh1i7bD6ff/aJCvN+iCvrCtSVdQXi/c3wynp/hzm1EM0HH/LPjz7mIwG7UohGqfM+TpmsZYoY+iwB+syl7DPeRWyBFUkC72QBdrwAPS5XIs9SNXUF7okF/aZu938t+dpdHkPKsaVkKBXeXGaTbzeNco9ptEbM5VTMStpObqTxxFoaI7bSmrCX0+lHOJN7lEY5LmWRBpQnWVOaeoK89HgSosMJ8nXH39uVE8HepMT6C8Sz6GiuprOpgcaaMhrqyjl/vlugfZUH92/z+PFDnr94zMsXTyVe8OqVxA/PefHyGS9ku1LE487lVm6cK+bJtQIe9gTxoNOBe+3HuNNiwf02S+63WnKnyZybDRJ1Zuq996vVZpwvMeVsrgJ1PboyDDiddZizsn5ajUMCeX3aknXoyhf7P5vGE2X8+e0OAXorN3sb5HdexEsxq3//8hPf32rg8aNieutKKY8VoEelkx1awQnnKJxNYsS0Bd4CcKW3urWA3cPUDxfDQNwE5jZi6Erv9WOHFaCHqoA3NhDZEJibHAqSdcXo/QXk3qrVW+r5YKxvLAm4ppw7mmgv02b30t1or9HBSNOBo7pB7N9rgPaK1Zhvm05LoBUXGou40ZFOa5Yn5cm+lCf4Up92gvrMKGoFSHW5cdRUptOQFU+VAL4y0ZushCgyor2pEfi31EdLohIvBh5Jmo8dhVGSjEW5UhNtSX6sB7kpITSmC7hLxdBLY2mujaU2M4nW1Eh5z2g5rlHCgASay+NoawgX6EfJcY7nrsC6OjeLiBBJ8Lytud2ewrnKKO51FPO8t4IXF2t5e7Ga5115PO7K535XJuda+6rEdff0UiVAr6yqewf06nfN7n8sA/ufJWB/u4+uVHr771D/Dej98RvMf4s+oKelZ0lykEVdVSGXe1u51NOkFpK52F3Pzctd6lj0B7e61d7vj+9d4vFdWQrknwrcnz28rgL+xeM+U3/19L7A/J7EfZ4K0G9d66amJEt+F/uYOHyQOrva5BHDGTPoa2aMG8nYQV+pE7QMeF+ALpY+7KP3GSlAH/XxhwyVGKTUev/kI8YO/BpbKxuiomL/CHRzE0McHeypqKql48w5zpy7Ru/FOwJxieu3+yAuMO+9eovuyzc4KyA/c/EKp85dJC8lmz2DxrP3c7FhsfKDg0dhu2IN0XaOpCWmiN3mkywgT8jMIVm+aMXQM+TLzyoqlWURqZJRJYqxx8sXfSI6Fk9nNzzMj2G/cQeH5yxjwawFjBgzjglTp/H1wCFMmjiVb74ZKiYziH++/zGDBw5n1Kefo//BAMz++TlHP/gci48HYDtOoKpzmCQ5SGHxMezT0vgV3gq4+5vblQ5x/SDvh3o/8JWls6NtXznYF7cFGnNw9FLmOh+Lod03WHtNwMJ5qApze7cJuPpMxsN7Iu6eAnK/6Xj5T8XTV8zbfQLOnpOwdBopZj4cnSODBegjMLcdjd6Rr7CyH4m11Vi83efhf3wt0a6aWG1dwLejvmDLzCF475lMiu4E8o/OpcZ0FgmbB+O28Evclg4idPdUYvWWUOyjz6k8P366ITZxuoDaeGestJZKZj8FnVkjcFk1AU+tebhsGkPQ/jkYLR+G5gL5EX3xN74RqC+eMpiD62exZNogZowZwPa1C4gNdiM/zo+6okS6BODdTUX0NsvFTZZK0/sZMfXmwnhSAqwFcDo4663Fet8Sjmyfi+mOeVjs+Q5rrcXcvNhXqayqLg3/MH1i4mzkuDhQku9D/EkzvAL2qFOmOvlvJ0DAHRC2X+IAJ6KM8D1xUECvgX2AJu5i7DFJpngF7sPNRwMXr114huzHSwATlCwJwskDuARJQhSo1Infil3YdpzCd2IrEA9O0yUwSZmVTYuwtMMExe+ntsyFN2cSedsVy4NCRy6J1bf5bKA9aBd1XlvJNJ5LvMlCUkN0CIvQI0w+i6vFMvwsV3PCfjNxzlrkBZmR6G1EtJcxbsf2s3XtEgYPGiiQ/psA/H/+AepKKADvW/7Xr5beD/W///09PlbGqw/4igGDhjBs9ETGTZjJxKlzmTJnMVPnrGblphVEZZmJmR8jRYCeVuRAXLZYutiyAvPonKMC+GPvesDb/inQlVtJxcFGBOyZSIzBTFKsZpN8dIpAfTrtofM5Fb+SzoSttMTspCVem84MXU5lG9KebkXRSXsSJZGJ8jTF39FEklAbQoIC8XTzJMDHVy7gvng42mB79DBW5sbYWx4j0MeDrNwMzvZ2CdAvc/OWXACfPOD586cC72f88MNrSZp/4PWbl7z58TXfv/5evTieronnRk8xN3vKeX69iGfnQ3nS68TjbgcenXXkoSwfdNkJ3G241WHLvU5X7nS4cbfDk+t11lyqsBC4G3OhxIzeQoF8vhFnc0w4nWfKxXofngisXz67IFbVxcObp7neW8vZllwxy5O0V6f3TeAiyUZvfS0lMelUROSRkVBFVHAOTmYh2ChFYw72dYJzMvJXy7cqk6+YCJzNDQNw1AnB3TREtfNj+mLkBn5YH1SMPBR9sXRj4+NY6AdiYuiPtfVxHPRc5Zzci9YaLbWpXXOeJvu1DDlq6MRRfWf2ahxhz6INHNJcz6Ed6zA+sIDKNHcy41wpyg6iItaBxhj3viFlWVEC3Bga0wS6ElUZidSn+pMZ6UlehDOpkZYkRLhQFhNASZy3PO9E5Umx8lhXCsMPUxhtRHGkOfUx1jRVeNNYEizgjqC+NoXqsmTq8+NoyIyhLSeCriYx95o4mioT1HvqF2S/W6c7aJHH6T6OOB0xIjPGQ45jLv+61MTz8628vN/MT/cbeNpdztvOZO50FwgAe9XvvKPjlAC97h3Q69Rmd2U8+h8LzPxW172v2b3kd5Ze+A7qfxyP/keg/xnM+4DeB/V0EZAMSgqyON8tMO9u5PyZOhGUBq7K579z7TR3rp8RqCsd4C6+G9J2UR73COAv80zpNPeorzn+2aO+JvlnD2/w8O4lek7VEebtzKalC5guAJ80YijfTpnIxGFD1PlQJo8Spg38Sh2LPkxpgv/gPXXYm2roynA2gfmQdwVndm/ZQmRk5B8s/S+2dnbUNbRwUaB99vxVNc5duS1Avycgv68uz12V5y7d4MyF65w+f42O7kt0dl9UE4Ba+eLTQ8I5KSd1kXxh9fJeVdX1FJZWka4APTOXeMmSkuQLTs0tUGGeU1KuRqYcjPQcZZ8c4uSLDo2IITI+iUhJBoIiouXiHYLDcT9MLB3YorGX71auVa1lwrTZspzJgK8Hs3PSLA5/M4qj077FdstOfI9ZEHnyJLHJ6Wok5uTiK5nixi0b2Lp1A5sF3Fsk+iHeHwrcf98sr6zvkP1dnPpM59GTKzh7Txc7/1rsfAg2buOxcBiBs8cUvPxmCJjm4uIzTeA+GSe3KWqPdtfj4/H0moGHz3QsHcdiZjVSYjTWzuOwtB+Ds7PsJ/t7u8i+drKf00pyo+1piHHjyNppLBk7AO15QwTCM4g1+pYq24Vk7pEkYvo/MZj4PkfmfoL1dwPx2DgRxz0LCD62iytl4VwvDaTAXQeDWSPRGD2Y8LWLCd6ymJCD8wnfPx2XzWPQmDuIKQP+yrDP3mP17NEc01rL3nVzmDnqM7H0sXjYGJIe4UlbdRanm0o4VZvLGQXsYujnW0pUuPc0FFKZGkaSnyUu+hux2bcUN4N1HDfejJv+OgH6dxhsmMrV3r55qM+ca8Q3UFdM24jUDDuyM+yJDDtMRKQeIZH7BOK6nDxpTGiIESdjzAWih4mKNicqxQKvE/tx89XE2VWDsNCjnIy05sTJY3hE6uMgCYFr1D7cIzVwDN7JMd8NWAZsElOXdf9NuEbvwS18uzqczT92LxFi6Q+bI3l1Kob7RW48yLXmepI+LQE7KHZaR47lUtIE3kmSPCSmW3IyxZyIOGP1c4YFa+Flt5Jgh7WE228i0n43wVYaHDu4kfUr5jL0mwEM/OYbvv76S957729qz3YF2B9Jtv3pJx/+OoHLb53i/sagr7/im6++5MsvPmPo0GEMHT6KUeMmM2XGfCbOWMikWUsYN20RC5Z8R0qOE/EC9dhscxLE0JNzbUjMsyY+10o19ngBe3yeBaUN4X8K9B9fvyTXT5vg/TMJPjidWOMZREqiqFSJU4qwtETtojlaGf6lQVfmYS6XWdJdekwu9EZkhXvgY6+PifZmdq9dzsYViwReh9HXM8LJwZrvvp3F+FGjmTJhPEsXLmDf7p1o7djG/DnzWPzdEpydnPHz8+bKlcs8fHifR48e8v2rl7x9+1qdvOfHn17z5u1Lvn/5ip76PFpzvLjemcmz69V8f7uEF5dCeHXJjecSj8+78rjXlWc9jjy9FMzzKzE8uxTNk0uxPO4J5naHKzeaHLjVZM+1ehvOV1pxvkosvyed7++f4fXzq/zw6LIkD2fl99nA6YYs6ouiKRPwZYfbUZHa9/11t/RQFZ5PWkwOWUHFBDqFYCVWfkyMWQXyQV+1lKtSHMZFwk4ZkqYUjTmkFJAJxdzYFyOxch2dUOxlu8URd/mtBGEq20xNffAw8Wb/RgMB+UH2zNuDxhINdHcZYKjviJmOE4f3ObNntTa7lm1n75odHNM7hOvh9WhqjMNBdyeOh9YQ72NG+klv0kLtJQkTwKb6yeePoT5ZbDsxmPLsSOrSlHvfJ6nJC6I2KZyyJD8xdi/Z7k61XHPS4yOozHKiOMqJAnlNvVh6Q6YbTSW+khgE0yI2froli1ON0bIthqa0KOqyBepF8vfqImhpSaBDojEvju6iBGpyEwkN9MdFT4/m6kx+uNbEv+/U8O9rDfx0tZpfHpbx/Y0utX/CFbH0u/f7rhENTc3vDL3P0pUo/9149N9D/T8rxv1+2tQ/B3rmf2tqT3pXYa1vPV2NPrCnkZ2VTltTBRcE6udO19F7qorzsrx2oYPbV7q4+w7qSp33R7cF5so99rvy277T1ySvdIZT7rcroSSpd2/0UJARy8Fdm5kh4B43+BsWzJjMrInjGD90kMB9EBOGD2TYgL7hbEM/fl8dg67WfxdLH/zRB7L8QAX7CHl+6eyZhAaHqp3jfjX0zOw8ei7eEgO/q8K6q/eKCnAF5Er0XrlDz+XbAvMbnOq9SmfPFQH6ZVpPX+iLMxdoOtVNY/tpORgdVDe2UlnTSEFRBemZBaQI1BPFzJOz81RDLyirokiyrfzSCvKKy8lVAP8O7CkCf+Vee0VdA7Hy5SfIQYlKzyYyLZuwxHQ8Q08SEJ1IsEA/PDmTiOQ02S+DmBSJtHTi0rPE+HPUxCG9sJjUvEKy5O/klFRi7+TCpi0b2bV7G9s2r/vV2DV2bmHnto2/Qrzf2JUmd2W5ZeNqHOz6Onpdud6KlftEbFxGiVmPlhiLvcsYgdRM3DynYuM6CTsBuYvXNJxkP+/AKRz3n4GN00QB0TicXUZjp/SSPz4BJ+fxuNhPxct5Dm72MzA/Mh5HuyU0FoZwszmbch9dDJaOZdWkL7HdPBnfvbNJObKIEvN5pO+bzJGJf8d89ucSn2E662P0Z3yG0675eGgvwGHrVOLMNpK7f50kOlPxXLOapF2a2G2aRezhbwnSnIjed0PV3u5jBvxTzHwonkf3Y6KxmiVTB7Nm4ST2bl5EYoiYdHownQLxU3WF9LaUclbsvLuxSDV2BfAdFZnknfTC3WA7hzdO5+CaCRhumoaFxgJs9y5Rl7qyLTeur0nt2s2z+IqJO/vuICbenJPhJgSGHCIgWAl94mPsSEt0Fts7QvTJo5wIMSFR7CExwVYSPjN8gpR51M1wF0P28hGbD9fHRSCrDGVzidyLnRi9mdtajviuwchzNS5R2lgGbcQ9aje+McrsbO+a2rvieSz28aTUhYdFdlxOPEy15xaB+XJynWUZZSxJpny+FFN8InTwOaGDf8RhTsQaExVvQnicwN1/J+HOWwm02oK93joOa65mz9YV6O7fxYI509Qa7zOmTeBT5aQc+AUTRg/ln/94j3+89w91iNuHAvnxw7/hu5kT+G7WJMnUx7Jy4Wzmz5rOnJkzmfvtfCZNn8vYqQsYMnoGo8eNJznLU5JjaxIE3DG55n22nmdHskRCjpVst1KfO33uz2dZe/3qBZ353jSnulHmpUGOxTQSbFeRbLeBwgBtqiN1qAzVptBvPS0JBzhbbEtx9DFCHPVxNtmLwd5NrF80Q52Pe/akceyURHjtmrVYHzNl+oSxzJo8iXFjRjFv5gzWLF0isYjZU6cyaeJkFi5awY6d2uTm5/Po/h2ePnkkhv6KN2/E0t98L8s3vP7he374/kduX2wT67TmXOkJLtZE8uBiPt/fzefl1Sh+uBnK6xvhPL8aJpAP4+WtIt4+bOLtsw5+etnDm0etPL9dxfM7JTy/UcTTy1nc7Q7j2dUSfnx2mbcvbvL62XWx88tykT1Nb2c1HXUZ1BZEUZzoo85dEO9mzL3rl/jXTz/TkFJLYmQ1nsZh8h2IfQuozZSmdFN/bHT7HiuFYZwVSCtAN/AXA/fl2AEB/yFnjuopHd98MT8kr9EN4cgRL4yU++f6lnK+mKC1Xkvt9KaxSoP9Ww/Lfg5YGflwYKctWqvE2NduR2vFFrH9PXgcceO4qRGHtsk1bPYA1s/7GtOtM3A330e4+ybKY8Syo/wpjvWiQbmvnhNJY7ovTYXR1JbFqU3lTfnxapGY+tx0qjNke5yjGLzAO8WVihRfasv9qI/zor7AT84VPzqaTtJcKQlCfSbNzWLoBYm0SpLQnHOChowo6nPi1I5zjaX+8p6RVCfEi/3H4Gd9lNK8MH543MXbc+28vXOWnwVsv9yV4/Som18u1/FQtp9vjOPG+dP8Ir/Vqto6qmsaVCmsrKp/B/S+Jvf+ynH9vd37m9yV6J9C9c87xmX/qZ3/EeZpJCb1RT/YU1NTyUiJpbVe5OVUNWfaSzndVsqFM/XcuNDOzUsC9qtdYuydan33e2Lu92/2qCViH9xWesZfVK38kVj7w1vnuXK+nYgAd5Z+O5M5EycwdvBAZso5M3HEYObJdWL2pLFMHz2CEQO+YOinH6ud4YZ9+D6DxNLVinLv/129hz7kY7F1ibHffI2zo+MfgX6q+5wKbKUT3Onz11VYn714U93WfekWp5RtPVdpl+0KzJV9us5dU9fbz16ipeu8xDnq205T29xBVX0T5dV1FImh5xaWk5VfSkaeAuwCElIz1WWhHJTCd2AvKK1Ul1kC9Qw5IBn5RWLDT3jw+DEp8ji5sJCEvAIxj0JiJCGIlgMUL++RnFdMhhzUrPJy0uXAqvvKfmmyPb2wjOyyCnIrqiiQH0dhbYt6/37nrl1sF3gr4O6HumLm/U3v/dsUkPeHAnRlu6N9X0evs735OHmIXXtNwMNrOj7+SuU4ZSa1MZg7jMRSzN3ZexL2rsOx9xyCo9cInMTOnRzG4ug+ElefYRz3G6/2ere2mIS50VhMDMexf/8ITM0nU5R+jMedOTxvS8Jv7yK0549kr1Kidds07LbP4LjGNMK0JhOsTI26aAAW877Adt7HWM//CJcNY3HbMoEIvSXkux0g88h6Wm1MSN2yk9BN29i/eCxpNquINpiDxYbxLBv/uQD9PXXY2nFLgZadEdtWzGLX6jlorp9NQpByrzSM+tJUmqqy6WkupUus/GJXgxh6KR3V2WqUp0eQEmCH4ZY57FwwjF0LhnB4wxRMt89RQ3fdOPYtHyYXxG19PeCf3uFkgiWRMUcJF2gHBR4hNtYWC9tt+AUJLAXY0UFHiT9pxYnIIwQHGpEQbkN0xDFOClxCT5rg7r6HzFRXQk8YEyKgdQ7QxFqA5B6lh2uINo7+2zBzX4uNmLpt0CYcQ7cSnCCwyrPhRVsMT6oCeVzpyeNSV66mW1DjvYNonWnEH1tJVoIkEilGBAnkw5KNCUs5InGU0EQzIpLMJNF0EEu2JS7NjMQ4I6K89xFku5tQx4OkRDgR4mWJlclBjHU1MdHdJRfk+exYu5CtaxYyYcQQ/vn3fzBu2EA0V8/GaPdyDHcswWT3KnQ2LcZUazOGuzehKb/Dxd/OYebM2YwaO42BQyepk7rEprnI79uFxHwbYrKPEpNjTqJYelqBo9i6HSkFAvcCW86cr/jTKnFPH96mOduZliwv+X3MJlZnCBVOM8i3ni6AX05Z+BFyI23IDj4qYDMgwecQKSH2uJrrsnHhDOZNGcXU0cMYPmggo4cOYeo4gffcBZwMDiAswIPxo4czbfwYZk6ayKwpExk56GvGDB3IiKFDWbFmA1pah/H08qelqZ7r1y6/a3p/zg+vn/P996/F1t/y4tVzdbhPeZQlren2tGV4i11HcudUJi+uFQrYC/nhQQWvH9SJZbfw44sL/Pz6Or+8vcu/3t7n328fqvGvN49l+ZxffnrGT6/v8PP39/lRtv/05oHEY978cJ/vX9ziycNr6gX49sVTkqRmkRIoiZLHYeJc+yZwefroBf72UaqFGx8OxNHEXx1qpgBeHVOuNLsrBWL03NDXCVGb2E2M3Th62B8jI28JDyxl/bC+PxZGflge9MD6kDd6O/XZtWQXmis12bNoD/tXHeCIri+HDvpxYJM+mks00di8kT3rRURW7EJr+zps9E1xt7TEz8kQzUWfsGnQ/+bbIV+y/ttPcdT9lmBPLcKOW1CY6EBnUTCt+ck0lAjES5Mpy8vjbHMObQLl803xtLcn0lYVIbCPoTFH9ikQKGcFU5uRRIskN83NkZS3pIp9p9PUlEFrZaxAPYeGhgRam09SJ0lBc4pYf3oKDWLs9WLu9SmhFCUk4GUlya+nLXcvtPHL7Q7e3D7Ny8fn4U4zP96Rx08beHu6gFti9aeyTnKp+4x6+6W6VmAu1+zq6oZ3QK/9tXPc7zvG9XWO+8/x6EXvZkwrUO+j99Vmz/11PPqf2bkCcgXe/TD/fSj10cOC/IkI9qKzuUyFeZcyUqOpgO6OcvnMdVy/0MSty63cudKuloS9I4C/J+au2Ps9sff7t85x72YvN6+epjA7nkN7d7F4zkwWzprGjHFjWLFwHtPlHFq5aC4zxo5g5vhRYupDxNA/ZMIXn/KNMmHL+++pM7l9rszG9v4/ZNv7KtRHfzUAze3biIqK+bXZ/S9nz11XAa7AW4F125mLKtQVaJ+SaDp9karm01Q2d1Hf2UPr2Quy/ar6nGLsyv7NpxSgn6VG9qmob6NUDF2BdG5ROZm5ZWLpRSSm5xGfmk1iWhbZBSUq0Mtr6imW7EuJPDlAhZXVPH76lH//65e+4TVPnpJWLLAW2CfkFpOYVypmnkFsdo5sl0ShWMAtQM+S12YK3DNLSsmSZa68X4FkdkXywyioaSavponsiloMTYxUK1cArUT/ev+9c6WJvX9bfwe6/n03rV+NvY1VX7NQaxSu3mMIDJiCl9dUtRPccf9xOHiNwkKBtgDdxWO0WPowAc84HB3E5h0GY+k4GPfjY3F2G8lRu0EcNBiO8YHx6GoKBLcMlfefywnfLVxpjOdBSxKZTtuw2ziBzTOGsnvecA6vGo/eyjE4aczFfvUo3JcOwnrp1/huGk3I5mFEHpiL9145qfVWURF2jIZoAXKwEze7T6O7eAJB5pvIctxChsM6/HW+lfdVyhV+iMbSydjpbCTS2xpjrQ3sXjVXLiBT8LPdJ9l4PA1FSTSVZ9Bckc3pulw664u4cKqerto8aiTbr0iPJCHAgWNay9FaNJpdc4ewd9loDDZOw2jzTEx3zEZPoG64fjxRLof7Zrn64QXJYgVhJ44QF2WDl+9Bjofq4uJ3QL6jvXi47iMp1pGIcHO8A3QlaTpEdLSlbLMhIcMGNz9NSQjM5LvXkSRgH2ECfq9QAXugvD70AAExh3AJU2q478P9xE48IzSIidXlbrU/L+pDuVfmycMyd65n29IadpBMi0WkWK0kL86C0FR9/DMOEJh2mJCsIwSlCdQzjhEhAA+N1SdKoJ6ca09YvLHYshVJYuwJwfpEymeO99IjK9pZErMg8lL8yYn3INRFD2+L/VgcXM/6hZNYNHEYXkY7iHLQxk1nOfZaS7Hbu4pju1diqb0J0z0b2avcAlqxjEWzZjF8yGi++nocXw0dRmicHUk5DqQWOElia8XJDFNJduV7ybMlMduGpHxbOV/sfoX5fwL9ancNmS47yHLTwl9TEoRDw8k1G0Oy/kiKbSeS6baDACc9/B2OEOF1lAj3I8SHuHDk4HbmTx7PqMFfMWjA5wz68guGK/M/f/0FE8aNJzo8iN7TTdy4fAYXe3MWzJ3F/NlzmDxuLKOGDWLSuNEsXLhIEll3MjJSuX79Cq9evRLAvlGb29/+qMD8J4kfefbiKTcudVMeZkOxr678ho2pPunKmcpEsfUQbrYl8ORiLg8vFPH6eY/AvZu3r64ItG/w89t7/OvHBwLzJ2LXzwToLwTyT/jlzVOBvoSs//xWAP/jM3788TlvXr/mtSQQSke4J4/v8vTJXXVqzPK0EJK9LShJCuqrL17eyuGD/tgf9sXLNADzA6HYCcxdDYIx0QnFUDcYQ30fnHS8sNQ9rvZ2V0xcgbqp0XGBeQCHxNAd91rLc+5i4gdVmO/5bg+a87TZt+mY2L01tvud2LfiMNpLtNmzag8aC3ayY90Kdq3cxr5VW9BZv5uYQDHu8jBMDm/kyOaxGG78BM05A9CY8xHe2tMJd1hBuK8plTkhXG6J5vqdWi5053HhfBn3T5dyUb6/9oZyzp1P5VJzItdb42ipiKS+KJbmqnDqqk4IsJNpq4wT4OfR2hpPY2M655uzaWuLoKE+hfqKFJrKoqir8Kc5OYSqFIF5fgjViX5EBQTg43yMmxeVIjKn+feVFt7e6OD7+938+1IdP15v5PszRTw/U8y1jhzOVSW+S/Sfip3X9xl6Td27ZvfaXzvHlf/aOa5vTPofoV5EfmHR/2VO9P8O9D6Y/xYKwBMSU9+Zeqqsp6m10SPCwzA6qElBtiQ5dYV0tZYK0PPpapZroFJF83yjCvQbF5sF5qe4dUVsXZbXzjepM7XdutKhPr7U3YjjUX2WzJvNt9OnqHY+R86naWNGMX/GZOZOGc+YIV+xZM50Vi+aw6Sh3zBCoK7Ae4AAXZle9XOlbKwsFcAP/PADhn7xmSTXI7Gxsvp1CNtfurqv0NV7TW1S77dvBdTKskMsvLHrAmUNnRTWtFDRfIqmMxdo671Mu0Sn7KdYugL0xo4e6loVqJ+isqFVnVo1U8w8KS1fIJ5PskA9XYCclV8iUUypcn+krkFtXi+Vg6Y0uz96/IR///IjD9qzJRNv77t3LQc5VbIvBd4ZxRUkiaknKr3l5SBmybZMJUoqxMirVJDnVSogb6a0rlVd5lY1kF/dqMYxa9s/3Cv/PdT7o//e+e+3K69RHivL3p7uvk5eNQHYOY7D1nEkLsfH4OI7Sux8JEcE1E4eE3B1HstxCXeHiTg4j8HGSeDuMQkvzzm4Ok3HzHwk2lu/wMl4PhaHp+JguAgPq6W4WS8m3F2LpkxXzuc6U+Wlxe7pA1ip3E9fMJqDy8fIST6cHXMGsX+mGPp3A4ncN4c0gwUU2K7jhNl64l11qIhzpzo98A8X84Ycyb6TbKkJMybdZTuGa8fx3bgv0Fo5HQ8DMVQBuqv5QXQ2L0V343xCnPWoE2CfEoC3VuXSUVNIZ00BbRUZdNUXiKWX0VaWQWF8MImBDlhpLGPLpM/ZPu0Ltsz4Uj7nULSWjEZ76ShZjkB78XAM100kzE5H/TzKvdP0bC/CogxxDdiHs4DZR1lXOr75HsDVVw8vb2O83AXoIYcJjDQgPt6BcDF1rxBdrNy3YOe1Ff9wHfwFqB7yGgevPbiH6OAaug9XpdKcYtmJOuqMbg0pZrxpDOZpjR8Pyz25WyyQiDWmyHk9RR7byIkx5USSMbYn1+OSsJ2QPEO8kg7glXCIgEQx8XRzYjNNiEwxIFjeMzBOR4zdgOgkIxIF7unhxuRJApIVfpSyNC9aS2M5VXaS6gR7OSbaAnBNfA1WEHB4GSWBuiS7aOCnv4bjOvL3dDZgo7kaiz3r0Fg2n53Ll7J2wRyWzpzOjEmT+PyLYXwoEHX1NyAxw4rMIjeBt70Kc6WJPSmn7x66MpRNAf3/rYd7S5o3YXLRDzNagseeSUTsHU64xlDidEaSYT4NP+P1WOrvxOWY/P/EUKME6iFuZmhsWMq0sUMYOGAAAz78B58rvW0F5kO+GcC61WvJzUrkfFczty6eoTI/AcN9e1i+ZLHa1D508DBmTJvEtvVr8ffxpLysiIK8XHp7zwlEn4mlv+Tp0xc8ffacBw8fce3GLVJTknDX207kkQ2k2+6Q2Elp4DFJRLTl+3SmPcuXUyWRPLzWIQlrKc9udvLsVjsvbrXw/b2z/PK9AF2s/+cfX/CTQP2XN8/58fUTgfdjNX74/pHEU17/8FIsXf72E2VY0R2eCdCfPrwjCcVp6nPDBVRuAvhLKHlRiFs2tgJyZcY0C11v9V66uakPFobuOB7y5aixC9YHQjBVmuB1AzEw8EFP9lXGn1scthdz98NM055963TZt2gfOxbvQHuFNrp7jmBscBzjfU5orT+oGvmeBXtUc9+2cSsa67djvHUXGit3YKKtT7ynOzda4ikKP4K/tSbuZmtx1F7LnsUj2DxvIHrrx+BjvoPEEDPa6pJ5KP+Xf71o4fWjs7y82srD8xVc7qzhUWsKZ9rzaRNLPt9+kvbWE7TXRHCqJZGOljR5Lkyu+em0CHBbxOhbBPAtYvoN9ZnUV6fJ4xiask5Qkh4qiU84SZL4RQY4y3XPmYbiXH56fJq356v4+VUbb6538a/Llbx90MpPN9t42tPEczluN9pF+BL6+ivcvXtPhXl/KJ3jfusg925M+n90jvsV6O/up/9+CNuf9XT/T6D3TWqS+s7KU9/B/LeIjY5GX2s7GhtXExPuL1AvoLUuh47GfM511XKpp4Er5xq50lPPdYH4zQuNksg0y7qyrU4F+o2LbXS3V8jx3c40SWynjBnJhGFDBORTmCrr86dNZM6kMawSkG9fuxQLg71sWraAIZ9+olaR+/zdXOn9ocD96w/eV58f9uXnaO3ezcmT0X1Ar205S1NH768QV6CuGLsSynq7AL9Bnm/oFAt/F80C9RYx9dazF2k5fUG187rWM9S2iMk3dKiWXlJZL+AuF3NKIj45hxNRyaRmFQvoGwXgTVTLPnXNbdQ2t6iTtDx9Jtn0Lz9zrz2Hm5Xh3K6O5IVkdqqpC+jTlXvtpZVkF1eSkV9Kmhi7slQiq0iALs/lioUXCLiLalsoqW8VS28gp0IAX9tMcV0LaQWlHDEzUzvGKcPTtv5uuWWjQH79GrZsUKC+/h3UNwjQ16umrtxn37V9k7pvz7s5pgsLPHB0GYe9hxi3yyDMnQTcjmNxcR0rhqk0tQ/F1WWMGOYkfLwn4yAG5Gg7TzL2qZgZTsVg6zCsdafiaLYIW/35YsSr8bReioflWmK8dLhVl8C9ihMc3zWTDZO+YMfMEeiumsTBpePZ/u1wNk37Bu0ZX2C3eghxenOpcFpLvttuEhx16a1I5fun93n9+g1XLl2Wi/tPfWb89C7tuT7UxdmS7nkAvY3y3t+OIsDyIKkBTviJmZnt3cS+tTM5edxITuB0uhpLONVQSk1hEt3NFZxtKpVsPlFtbq8rTCYl3INwV1NMty1g+/Qv2TDxIzZP/QythUPZu3Q0h9ZMRm/NJLS/GyFGMUOSktHsXTiYCwIAxSBLquIE1vq4hGjiELILp2BNjjlt4ZjLblx8dEmMcSAiVMASZY6bxz4xemsCgg0wd9msloM1tF1JgLzeNVALt9D9eAvQbX13CtB1OB4tth+xnYyYAzyr8OBppVcfzEvcuZRlJ3Z+gFZ5bUWGEwk5NrjH7sMxbicOMVtwjN6OX/J+jp/UxidOl5AMSQ5S5PMUmnEiXQG6NsHR+8Walap0RmSlWZIfb0FFsiMtRcF0VcbSWRzB2dJAamLNqQg6QLN8pjKv3WS7bSPEYBmhJluw3bMC+/0bMN64SL6r79BYvIAVcpJ/N3E030kWv/jb2Xz99Qg++2oIptbaxChN/Vm28nt2JqVAsXU7UnPt1Mp3MZlHico4+qdA/+XnH8mVZM972xQ8Nabgf2AyPlsHEqY5nHj9CUTuH0mO3XyCLDfhaa9LdKAVAXb6OJpqs3ahHMOdSxgx6Eu+/PAjPvngPb785AOGDxkkF5Qd5KVFcfVcB1d7OzjbXsfG1UuYMnE8o8eOYczoicyePp1tG9YSFuyP7oG97N6ylajIWK5evcvt24+4d/ch9+7dVUe6WByxlITYDVON9RzXnk+MyRriTNfhv28VXoe2UBwTSEteEp1lWZxvquRseRSXqiK5WhNOd5EfV+ujefX4Bm9ePuPt61cC9O/FxF/K+gt1/vNXLx7x5Mk9Hj58yNPHjySUIUX3ePxQAfo9dczw48e3uX/jHDXZgURLYvvk3lVeyHXI0uAEZvvDOHI4CBNlOJpSGEYM/JhOoBi5N0aGAniBuaG+ANrYBxMTD8wP+WCp3E/X8xcztxIr12T3it1qBzij3UYckyTh8F43tFZoobFQQx17vmvlLvYu3iuxRZ4zx2jfTnauW4unkxMRwcHcaUqjt+Y48SH78LeRxFZ3roBnDAZbhmCxeSgmu6fjc2wndel+dDek8uhJLy8etPPLywaeXermSW8L985V8ViZp6GrkLsiURfketNcn0ZnXTYtLZmca0nlfEOUWHkC5QL22lqx8pw0WnOiqCxLo646gYaMWAoTEkgJc+Okny2uBpqURAbz073TvPmhnX/dUoy8ibeXy3h6/hTPr5cI2Au50ptPd04sNcmhhNr1VZi8eu06NbUKzOtUU+8D+u+b3X/fOe53s68VK0Av/m2O9N9Z+v8X0H8/S1lCYopaC71v2WfoyjJOIGmio8Xq+bPkeGtSmq/Utc+gqTqL7s5qzp+pF/tu4tq5Fokmbpxv4KbA/KYKdDH4cw1cvdCmNtmbHtojSfEoJo0cxpTRw5g0ahjTxo9igYB95viRLJ41CfODO9i3bTWDPvuYT977Kx/97b/U+dI//ut/8dnf/6rOm64AXpkvfdCnH6v14JXbW8HvxqT/pbrptNq5rR/m/Ybe3wGu/15585lLNImtK03wDV3n1Kjr7Ka2TUAuMK8Si1dgrtR4L65soqRCrLi4htCIBFIziygub6CoooFigXlFfTuNkgQ0tJ6SpRzkFy/VZvb7nfncLD/BraoIFeh3aqJ4calZPdiPnz6T966luLqWIsnY8svE6ouryBaY55VWy3P1FMp7lwrISxvaVIArUFfMPE8iq1xgL2AvqKpHV0+XrWoN9xW/u1++im2bNgjQ18tzAvPNG9X1nVu3oLFjOzu2bFK37dwqUN+4ToX6v//9L1LlIm/rNBprxzFYOI7CxmEMbmLmDg5DsXQcJNY4Hk/f0fgcn4qd7RTMjkxHR2s6hzRnyMGbj/uxZXiZr8LXYj2upkvxdFyJr9Nm/O13c7OzjDtt2TSeMMNq9VhWj/tQoDgas60L2L1oAutmDmP52M/ZPfNz3DaPI/bQHFr991AXpMvDW33TZqZKltrW3qQ2cSuTcqhFM57do6c2lZIwM9x1l6O35VvcTTSJ97aiODGYAEdDLLRXEuqkT21BPN2tAvGWStrr88TW8znTXM6ZhiLaKjOokJMyPdIDNzH8g0smsHrk+6wd9Q/Wjv0nO2Z/xYGlIzHZNAPjTdMxVCrWbZyuNsfrLB/DkfWTuNLdoX6mzq4STsQIlEN2qpOqOHpo4CzG7eh+gMRYJwJDzcSyDfH21SE88Ajx0ZYc9z+Ib7QhBo7LcfTZRchJPSITjhEWY0ZwnDlOYRpYBW6UZGEXZ+IP86TIkQel7jwo8+RKjgPN4XoCWR0qs92JzbDAP/EAzpF7MPPZhHXQGkkIdhCZZcTJbGO8Ew7grVSbi9tLkBh7cLIOIUm6xGYdJTrjCLE5pkQL1NOTzSnOsKMs1YmWglBOl0VSmeTChaLjXMm05EKKGZXHd5Bhu5kk+z0Emu7CfMdyTLcuk2M7nbVTRrNi0mgWjPya5XKyzxkxlCnDRzBk4DB1VIeGmHx46lFi0y3F1G0F7EqHOFtSciQE6rGZx+Sc/fMOcT+8eEzWsTVEaE8mcO80AraPIEiAHqE9lIxDoyi3nUCn33RKvJUe/kdJDrWR3+VeAc56dLcuZvH0MQxXeuR/8gmfffxPAfsHTBHjMNi/l2pJ7K5f7eXuzQu//j1/f38+//wLvhSTGD9ujHq+ubs5sEHOtZ2SNJuaWNDdc5m7d+5z69ZdQoPCmSVJwMghQ1k4byHrli7AR38TocabCDZcT9gRSYQUSyovpLU0j56Gcs5WpnKvu4xrjbGSAEdwtTKIswW+3Omu4/6dq2qfgWeS2L58/oRXL5/zw6uXvHzxTLY9FSN/xP37Au7713l496a6/52b57lz47y6/vDhPe5cv0hnVYZa5U7511rX01cgRicEMwl7fV9sD4ZgohuEvgDexMSZo4f9MFcqxhk7CcQDMVKGtRn5or3BjB0LxMoXabNr6S70Dhlw+LA/ZgcE5lv3o7leE63vtNi9ejeai7ejvXIrpnsPYLTDQM4ZSQDWyDlhb42zhTmnarMEGDmcrT9Bit8Bkt12ybFajrflKgIs1nLSehqh3isoDdehNd+drs4gHp2p4uXjdt5e6uAXseUXt9t4eauV1w9P8+pcLfdO1dHV0cL1pgw620oE5Eok0VwRL8dXjFyA3lwTR3NRDNW5iTSlnqQyJY6SggAKI5wI9fMgyNaAZ2KpPz1sgtsV/CLv/eONOn6+VMLjM2XcPF3FZbH/ziwvcgO88bG2wmHvRvW77T13QQV6VW3Drx3j+kMx9IrK3wy97M8s/U9qu/9ngZn+Zvd+oCf9Aeq/AT0+IUWib+lqZ4nGptXs3rCKpJgwGqtyaFZqtJ9p5MJZAfe5Vq6eb1GLzyj31G9cahGgN3HlbC3nOpROdHVU5qeycck8tTf7qEHfqEPTpo0doTa1K51L54qhW+lrEXnchn07NvClGPhH7wnI//5/VKh//Le+dQXoSpO7UllOKRGr1H1Xmt5NDPtmYvtL86kLKrSVJnclzipN7+euq9uU++NKp7dmsfLG9l7q2rqpaTlDReMpyuo7KK5pFcC2UCgALygTyJbWkltSQ56AvKCkVgV6bmEVeUVyIKqaVZBXN51S77XXSCJR09gpMH8lnPkXj06XcF1g3m/nd2pOqnFPhXrfnOXPBPyVAutygXWZWHiR/F0lQSirbVVDef+qllNUtXZR0dypmrkSuQJ7xdSVKJHEw8svkB3bt7N21Uq2rF/HhjVKr3aB+9o1rF25gk2SCSsw37ZpowpzBerKugL6/u1bxDZ6es7y448/cCJiGzZWYur243H1GIef9wz8/Kdj4zwSJ+9xBIdNIeD4dFzNp2CsPZa9a0ZhpDkbNznxvB1W4WezEafDS3Ey/A5Pm2U4GC0h2nUfdZkh/HClmc50b07qL0F/wRC2zxrCnm9Hs2f+aLZLzB/zOUvGKfb+NTZrR5JptoTTKX33ULsuXqOi9bRcvJ5w4cI5fvrpR4mffr3gXmzKofSEBRYac7GWi3acryXZ0T5kRLjKhWo9J5wMKUwMorooRWy6iZ7OGnUmoZaKTHrbq+kUuFfnxJEW5EC8swHH1s9iwef/k8Vf/g+WD/ov1oz9gF2zv8BwzThM1k/GWAB+ZMM0DNZORF+2HRKo710yQk6KNvXz9JyrxzNEKShjSEC4MrGKITZOmtjY7cHZSxdnHy083LQJ9NUjXJKciBMmxCWaqZO4eAfvwyfkIB5BGmqv9Ih4sctQXcICNblR5srdXBvuZFtzO9+By9n2YsqHqfDXoTzFnYR0O9xCdhGcdBDnsN04ntiFlxh9QKwuQfEHCUrSIzrNhNBkPbwE+p4x+/CM2iuv0RSYixGnGhGZakCELONkv8wUC0oyXClPPU5FkhvnKiO4VenLrXwbLqaak2u/kXCjNQLz7eivm4/OyjloLZzE7jlj2DFjFGvGfcWWGSNYPUEZiTCEpZMnMHXMaIYOH4aG3mpCUyShybKWz2RJXKaVOnxNaXJXoK6MSz/V++dAfyqWGStW7rVuMA7LvsF39WCS9aZQcOw7Uo2nkWcxnVKXuZyw2EiY4z4i3AzwFctzPrQe/W1LWT5zLBOGDWLgF5+Kof+Nz97/K5NHj8T08H66u2p4dO8W37942ndxvnr217/r7enJhOFDcLSyZsLI4UwcP51F8xaIzRqLod/h8ZNnYsSv0Nunx5QxYziwX5cZk6YyccwELA/ulcTCg1hPa/Kiw+jp6OD6JUkcLvXw8tE1HiqdkM41imkW80SZnrMnl9ttqVxuLeLG5W5uXenlzu3LPLx/j6dPHvLq+TMB+nNePH/K40cPuHv3liQTl7l97SK3rp3j+uWzXDnfJRfoLm5dPc/d21e4J8/fuHKW54/vqP+fxBPFYup+WBl6o6frh5GBL0ePusn/xxNL/QABuCfHDI5jqu8uwPZDX98fXQ1dtJYKyOfvUu1bV9OAozr2mOxxUjvDKc3r2mu00dokdr5G7HytBpo7RSDWbWHXkh2q0R/aoM3+NZKgOpjRkJXAxfokHrTEU5foRFOlXCO8DAny2E+Q82Zyo47REKhHdcR+6rKdaSv2pKc5isfdFby5UsuTG2f4+VoRPz+q5eX1c7y93saPj1t5fu4Mly7WcKu3go6OPHWES1NTCq1NCbJMoK0qktaKZMoqM6nNCqIi0YuEKB9OhPgTYGPD2eJMfn7by0+3e/jlXjM/3ejg9d1aHt5s5mVPHW/OFnNBrvM1cp1JC/XF29GG/Ly+EsWdp07/eg/9N0Ove2fovysFq/Z4/12hmdLS/wb1/7yX3n8fvd/Sf2/oCe+mHv2joaeq6wrQ42Ii1Pvou9Ytx8vFloriNBqrs9Ux5efPNHCpp1m9R64Unzl3qoJrAnflnvqNC810txRTX55OUfpJ1i6azbTRI5g2Tmx8znTWL53P2iXfsnX1EiwM9pGbGEpVXqxI3TEV+B//vc/Qlfjgb/9bjY9lvQ/qf+MLAfvnEkqhGf2DB9QiM39p776kWrnSKU6pEHfu0m16LtzkdO81dUhag9LZTQBeXX+K8uo2isoaySmoJqugivS8ClKyS/tCLFwx8fTsErLzK2SfShXo+e/gXlbd/K45vl2A3CbLDgH0K9UaH3dXyUU3ghsV/wH06mgBejT3a6N5caFB6eXD02cv+loBBOT5kkQoS+X9qiQ5qGmRJKFNov2MCvVKgbsS5U0dapQ1SyLS1ElEQjJbtm1ho0B5/epVaigQ3yxwV9YVsK8T2CuPt2/epIYC8v7Hyrqyz6Z1fffUv//hCe6SDR/3mMdx7ykc91GKyYzB3m08jm6y7jcSC+vBeBlOw0lDGdL1Ld5mm/Ez2YC3yTq8LSRMVxNstVVsfQPH5WIf66BFTuAxbrUVcLEyXiDtSsiBeegsGMa2GWJqs4axa+4IFo37jFmjvuC7cQNYPelLjBcPVU+Oew8fkZRfw8NnynCgt7x69ZzLly/xVMzklSRGr354o+735sVDWvNCCLbcw3ExoJLMMBLDnEkIFEAE29Ishl6RHc2pBjkRu+rVGdg6arPF0AvVeu+n6nNJ8LHAWWMhjltmsmfSpywc8D9Y+tX/w+KB/4f1Yz5Ea9Y3HF42ApN149FZOpwDiwajtWAQmguGCszGsn/5aAIt9/fdR3twFe9QPTz89oqVG+Lpe1DAbICj504cPHYRF2tNiBh69Alr4sKPERp6iISEo7SXB9FbHUJdoTsBwfuJjjnKxYYIXpQH8qzMg8e59tzNseZyuhWtkUZkO22hItZOMndXMW59dbrV4CR9AtP0cE9QxrXvFHAaExB1gODYQ8RnmJKQZSr7HFLnWlfqxYcmGxOVaUq4gD4kTocw5X3iD5GRZktZlg9F8c40ZnhyuSKI60XO3My3pjlEDH/vdHwPLSbAfLcKc6OV07DfPBsrpSzv/OHoSKJ2YME4NL8dx9qpAvmFM1k1b5YAfThOAYcISzWWv20ipm6ujpGPTT9GcraNAN2GpFxrScj/vIf7FbkAeawZio8A3WPVYEK2Dcd33UDidg0ldf8YMi0XUuW5kXL/A8TbbyPWVoMAg414HVyB5Y5ZmG6fyZaF0xgz5AsGfvqxWMJ7fDt9KtGhnpw7XcvjO1fUv9N+sYWjwcb4prpz7kbvr3//VHsb2ts2sXbBt6xftorE2ARevHih3hZ6JdeCouwi5k2fwx5NPdYuW6z2pF+7bCGxfu7kxoXT2ykGJEn0mdYaLrXWcfdyD49uX+NmTyv3Tpfx6HwDV1vyuNNVxIPeSq71tgmYu7lysZvb16/x4N4dtYldKWijAP3JE6Wp/zbXr16S/U5zubdTkstOsdkGzkjyqiSaVy6c4dbNKwL2q2rVsFcvnqgzgnnaBXD0UBAGBmLYZg6qrStD0xwE3saGx1WQm4u1m5o6iqX7qL3UNVYLpJdpcWCLESY6XphqH0V7oTa7F+xGa7WY+cLd7FmyB435Gur9dY3VO9mzeBXbF21HU6nnvlEDEw0Nwvz8KEpKor0hhRdnC2kuDqQn9yTNmU4khRwi0mkV+dHmNJX40ZrpQ1uqGecrfGlrOcmV9iSen6/g9SOlzG0Lb2938+JOkzw+L3LSy+sn53kkydjLC3XcO9vE2c5Kutsiqa1NF1vPl0hU76U31qZSm5tEd0U4dXG+JEU6URjjx/fXavnxzmneXhDZ+aGan3ta+PlhAy8vneL15Qo5Rr086MygpS6e3OhEUqMV6+9rhW1salGb2/usvPZXmPc3uf8e6P1j0vub3vuBrsR/1nfvB/rvLV1pdv/vQE95B/FkFeT9QE9NSyUy0As7M0NCfVzF0PNUoCsd5M60VanN7r1ddZJsVnK2tYTLPfVyraxSe8ErHecq5RqamxLB7jVLWTZnGhuXL2abQFxXcxsHJGk7vG8HsYHu8r1m0lGTg5XJIQZ9/qkY+l/5p0D8n3/9X7wv8c//87/44K//mw9l20d//S/V2D+Ux5/IcsOaNep99L+0nb2kNrUrQO++KHFeDL3nKp2nL9IkRl4nRltSKvYtAC8oFOPOryQjq5TktELik/PUSEjJJymtgOT0QlIyisjIKSUrr5y0rGJ1PTm977l+ACvLJ89e9HV6627gZsVJiUiB+UluVZ1Um9oVoN+tjeJBXawK9If1sbw4V63a/LPnYup17aqV9yUHYv4C8GoF5h1nqZVQoK6Esk2BuQL2Klmvaj1FhmRxO3ZuZeuWDQLw1Sqo+yGthPK4D9hrf31OWVdMXbF05bl+W3ew7avI9fTZXULCV+LqPRxr58HYu4/CzWsc1k4jOOYwGBOzEWK90/E/ulbguYMQKw2OG6wXqO8k6P/l6y3D47qyRdv+9+57595zT5+mpMMd6HAcTswxM8qyGGxZtpiZLGZmZmZZksXMYFmyZZmZIbbD1D3e3Lsix0n3vf6+mV3aVSmVdq29xhwLvY1IOriL3AA9Ih12kOCwmxQ3fZK9jAS2adyabJPstoOaYCOC9T8RALyP6WdvoPfxi6x96y8seu0vfPzqk6x473mOTYzw7XffEZmdT2PfJPfu3Oe7775VVwhT5vnevH2Xr6QCvfvlNzz49hdbV3ZSq0hS5htbUVsQxWh7KYeLE+gsTxdY1tBbn8vMyGFOTnZyRgrrESl4R/sPMd5XT29dFin2WkTqfoDnqufQeuX/E6D/P2i/+p9seeV/ovfOnzD+6K+YL38Bi7WvYL3hNfYL2A+sfxOTFS+z/cMn2Pbunwi03v3zynx3yChxIb/EjeiYPUQm7CEs0RjfCB3CwvdTWiD2W5tOcpQNBfkulGS6q3NuL7ancKYxkvMDmdw9VsWPM2V81ZvInSovrle6M5dvT7/AqlwSqJZUR2orQwhPNiM624SEInPiSsyJLN1HRKkFIXkGRBfsJzRdX0BtTVaJPTml9hRUCsALbEjMOkBKmQOp5TZkVtmSXe5ASpE1RRWetNSE0VMTRUuuFx15kpT1pnCrM5xTJTa0Bm6h0GkNqY5b8DFeg+kSgfTuT0k3/4zkvcsJ011IsN5neO1cwt5VH6G16H1sd21gw7JFvPXuGyTkOpBWIb9XfrcypS6jxIm8CnfKqiUBq/ahrNaHf//vnwxUZxCy9SU8Vr+I3YoXcFr5N+J03qTN8R26nN+lxfFt2p0W0GAt4b+J9gQTahPNqPJZR4HzMkJMF2K2cxErP3yOpe++wOK3nmbt4jeICXLj9HQ/33x5jx9/+pGgAl/cUlxwTrbCJcmO5KoEzl8/r36K4cFBXOzlu83JV+ec379/l/t3lalkXwlgHhIdFMa2DZtZtWQpSz76AEtTU9orywW4s5wQiGeEehDuf5DE0FAm2mtpKkzl5ulj6tiQb6VcP/z8DtfEzHvyUjlal8vl07OcPj7D2Tmx9fNnuXHtimrmD+7f0wD9xlXOn5lTQT57dJyZyVHGhzoZ6WngyGAbs0eGuDB3VKA/y+VLc1wWm1Vbt06fxdEhDC+luV3g7ewYjb9A2sYiVp2q5uoaJpBPwNo0WCpyE4yWG2GwwgDjrQfkuWBszRww2mAqzxmht1oP46XGGK02wnCLoTr63XCVIUbL5Lk1eirQ961SRrvr4rDHhuDgYEqL8mktT+L4VB8Xxws5P5LGscPxNJe5UZphSU7gcvoqIhhtjZHr5M9kdyozw1mcPlrO/audPLxSw09XxvjHgwn++bCLLyU5+v7hWR5+e44vvjrLV/fP8M3tCa6faeXk8QbGRzoEWJ30T9RwTKxzZKSOiZFqjnTmS0JRJMlrrkC/kDunhvn2/BgP5br/cHaIny72iKEf5568/43R4zxQRnz39zHYOkh1eBGJIamMdI2qyacG4n3q5iyPh2Zdd03Mr+0+D/PHm90ft/T5eem/3SN93tLnDX0e5hqIl/581AC9sEhzrK6pobu9gdzUOLITowTmjZJMNTI20MiR4TaOT3YzJ0Cf+Xla24xAXdmtclaSoamRFjoOFZOXooylMGXzyiVobVzDPoNdOMvPfi7WFKZH0dtcoq7rMd5RoQ6M++P//g8V4kr8/n/+D4H5/+BPAnQF4MrxjxJ/+I//oR4Vc3/5uWeIjo7ld5MCdGXq2nGx8hmx8iMzZ5g4eooBsfKODjHhlj6aBOb19e00CsxragTSAu2S0noKCmvIza+moLhOgK7AvEVMvYWymmZKKhTQN1BYWkdeUbU8lova0CkGL5n03fvqTdFfV09fQTrnWgq4JiC/2jMP81wV5jcE5LcE5LcG8tWjAnVlLWD+8RMPv/iagYljav99//gv8FZCaW5XjvNgV35uH5p4ZOrKnPTtWzZp+sx3aP2qiX0e6krMm/s83BWIz1v8PNCV5/y8vTT9/PfOEhL7Jt6BL6rT1kKjX8XD/1kClK1TAz8k0n0JEc7rSPUxEJBvVy09xXcPsW67CZcKPslTjyx/MxJc9Yh12EWcs666ZviZgWq+uzzNjeFawoyWc1BvGY7b31MNXUdsffOCp1ny6p9IjglRP0dBTTkB8dm4BYUwNDoun+uOmPl9qWx/4PjsSbXr4p/8xNcC/n/84xeLu3N5VkCULJHGRHeFQLtWsvwSZpUFZQbrGWrOY1oK8snpbs5N96r7pk901tDXmk9ZlD3RBh/hv/55Dq55GruP/si+1/8XB975Pebv/R6LhU9yYNmz2K9/BXsB+t7P/iaf/zl2LniC7Qv+jPanz6C3+HnC3I1+3tjlAdlFXnj6byMoVh+f0G2ExJsQlnCA8HgBapwzOZkOhIQbUJbhLRYSwyWp0E6VenCtOYqfTtTyzVAylwV65wusmUrZS6PvTuL3LSc/wJg6SQoSMxxJzrQmPmMf0RkmxBXsJarYTKBuTnKdFRnKKPdCsfF8cxJz9pNZZEeuWHtZrTs5RQJTiahMUzJrBFrlVqQK0A8fCmO0JZHJwwn0lQcxXhfJmY4EbvZEMyfPN/ptolrsN91lJ+7aC4k1X02p60YqnNeTab6ESEnY4szWYL/xQ2x3rsFi6yriPW3UBVuWrVpIaoEzqSVW5FYpCcQBssrtKKyRSrzWi+NipbfvXNA0twtYH9y7+SugN2f44rHpTXx3vs7B7X/Hc8PLhGx/gUP2CzgkIG9xfYcGgXuD7QeUWb/PWJ4VRyR5mK7ypDvRhFTrRYQafUii+UdUea+h0vY9ukOX0xWvxfXpFvW39E334JxojWGEEzbJHrgkOqjhHGdLZm0q1+9omq1/+PEHLpw5S+hBfxxt3fF29eLsybNcOn9Fvtc8DHZp8+4brxEd7C8g6uPM1ABdlamEO0vS5RdEUXoqQy0NXBKYPxQ4fy72fffiWa6fnuP25bOcGhugOSaa0aYqLp8UEJ84yYljU5w/f0qs/DJ3bl/n1s3rXL58gfMCn2Ni/5MjfYwPdjLa00Z7ba4ktnF0txRL0qpMV+rk9IlJLqi2r4F6XV0nTk5xWIidOzqG4CZgd3SIxtMuEnu7OOwOhEsCZI7uGl0MVxiyd+M+bA08sdNzZ89WS8xWmmG40hD9VfrqrmpKmCwzQX+tvvr/KIvNqLutrTJm97bdmAj4nbZvItYrlLKkBMbkfryg7G52qpjbc0OcnSpmojeapnw3aiP1yI8yo19ZYKZSTH04mzOd6QKgYk6e7OX29Rn+8e0EP3zVxw83j/Hlwxm+unqEr24e4duHc3x9S1n17DzfzE5w6eKkJGx9nJXvdmamm7MTyvr8nUyMNXB0vFiALMbemscRZczPsQm+PdnP/XM9fD87zVenJzk3OMZgWz2dwoj+8ja6CwboKOmiKHJIynYK/W0jfPPNN/8C8sdhrgF598/z0TUwfxzo/35eevO/DI6bB/rjA+Pm7VzTb17281EBerkwTgP5yVFJNlpqaKktEYD3q/3iEyJBYwNNTI93MT3Wrs5PV/a9UI7Kz5MKoAcP03aojIRQb4LdbNi+dgW7t6zH2cqMxIiDFKZF0dNcytTAIY4PNdDbkMfmNcseAV2xcqXJ/anf/y+e/v1/qgPilKb255/4k6ZvXSz+j/8lpi6PtXft4ndK87oKdDHzqWNnGVNGsg8fpVNg3tzUQ6sAveXn0IC9k9radsrKxMpLD6nH4pIGuTiNahTJ44ISgXhBFVk5paRnFpOeVUyuwL+wtEEqnHuafqisDBwNdUn0DaQ+PYMTTYqR56s2fqM/j5s/Q/zW4C9xZ6iIuyPFfDHXqW6e8MXX36iD8/oE7N0/G/p8KDAfmJpVB+4pQG8Ti28fnKBtcJTEtHQBtNJ3vkUFtQJo5fE8oOdBrpxTHivnlaPSDD9/fn7w3LzRz0P94qUJDgZIpRnwd3xDXsLa7ylMHZ7EzvFNot0WkxewgSiP1cT7biElSJcQby1CHTdLwd5Fqp8JKWLrCR66Yug6ZHkakeplIhl2EV9ekwz68hFK5DW+Ogtx3PohpsvfENN9H70lr+FhrhlY0jc8jLX3QawPBrHf2Z6g+FSypXCeu3CZH376iQdfPOS7f3zPF99+qw7qUzLj259/IbDX9Lc+uHudtpIYRg8XckYy8lOTkm2ONYuZdzDaUUpDfiTTw4c4I1A/c7SLmYEGussTaS4OI0uSkgTDBSTqvkn8zr8Ts/VlPBf/CZeF/43HkifY//F/YblMwL70WQ4sf0ls/WXst7yF9sIn0FvxN9a8/9/sM/8EN4+dHJ0akkr/e2oOp+Lss4noFGMik43UfvLIZIFwupixWHNKjjOJ8U405LozUujMUUkC7nSn8M1IBrcPB3OuxJGBWENKHDcSZbaaUE8tSoo8yJLXZxa6kV5gj2/YDkITBLKFyqI0evilKivLmZBYKRCvtyal3JKIVCPSJDEoV+Z+59rR3BAiVuxDco4FKfm2pBU7SuLqKJCJ5Wx/LmcHcjnRnc7x9mRujOVxfzyLo7k2NIfoUeitR8ieVXhpfUKB00ZagrRo8NpIrtVn+G19E88tC7BY/Q57Viwgxt6EGG8XFry1AHfffeSXucvvsyKtSKBebktjVxyTxw//kpTduKwOZEwPOkBhnNuj8z98/xXtmfbUhG+mNng1xc6fEK73JonGr1Fu9w7pe1+h2OINMqzexEpZrGjj81Q5L+SQ4/sUmL+LhyRqfutewUOSAM+1L+AvEbTuOTIMX6bZcQH3L83w3fffcjDbE6tYO7YEW7A73Baf3GBck5xxjbfHJc4O+0hrCg7lcu+hph5QFpgx0tZm6dtvUV9WzfWrV8UITxIWGMbHC96hMi+F7soshssCmCzzFvMOpzA+iumuZq6fO8nVUzPcPHuWroIiMgJDOJyVRkOSmFRAEBEW+8n38WS4ppY7F09y45yyqcZ5bl6/osaVyxe5cukyZ0+fZHpqjJGBTgbbm+hqriU/MRAfG30CnaXspAQxJInrzITSTzrF3PFJvv7qC77//geiAxJxsovGxSEOR/tIvAXk9vbx6pQ1c51g9DbpqZA2XmOMmbYXVlZOmGwww2CNAUbbjDDdaKrauQJ1xdSVPnbF5BU7112rq57XWamD0XptjLUM2W+kR6SdHfGhXvSP1fD5yeNcmW3hwdwgX07teX2gAACAAElEQVRVMHU+n5OtUbRluJB0cDdZB3fRneVIR52/QLdIzLqci0fq+fZCG/euTfLDl0f5/rtj3Ds3zdfXjvHN1Rke3p7j/jdn+frkEF9eHODWyQkuS8J26eQ4J6TuPT19WKSvgSMn2jgy2SOwk/ftkN8r9cSFowPcmRvjxzNj3Jck7KL8XJOTQ0dxO735Ytb5/XTnD1ES001BTg9pyfk/b7f8+b+F93xoBsR1/ar//P9m6ArQH+9Lf3wp2N82uz/eh65YemGRJhSYzwP96OQwczMjjPY2M3dsmMtnjzA12k53a8XPxt7EWF+9JH8NTPQrcYj+9go51yhJQCHJ4X5kxIbgam2G3X4TwgPcqS3NYaC9mmMiRmemOjg13kxNfgILF7zFX//7f/NngfrT//2f/O2P/8Xbz/2VT99+lUXvv83rLzzLkwJ3pUleed1f5fETEq88+wy/O33+BifPXuPE6SscPX6BkYkTal95U2M3tWLcLYf7aG8fpK1tQIDeI4beJobeqoK9Wh4rQC8sricnXwF4BWkZxSTJl5SQkENcXJZ6TE8vIjO3ghs3b2sWaWhtIsLBCifD3TgYm+JmE0BOVBJH63O5KnauGLkKdIH47aFCNe4Ma2CuHD8fLeWL4+3qnPXPH35Jc88oh3vHONQ5SGv/+CMTn+9DV4De0jemjnxv7h3Aw9sHvZ1aYumagXAKoOfhrUB73tAft3Plee0d2x+9Tjk3H/P/j4+np/r3jR+pw8HjFVwOvoS+/V9Yrfsf7NB6mgjXtWQf3Eai2xpi3VeRLJV4tEAwwmkzSd46hPltI9Rto1jqRpI9tMj1MSbVQ5+KFF++vjHH93dOc7QpU2CwBsdtH2Ow+BV0Fr+KyfoPOTE1zq07d9hjZYWd10FMbG054OzGHms7XAODCYxNpWdokjb53r64/yV37j3gHwLzb779jsu3PkfQzsOvvvplwJwAfKq7mjOSaZ6UAndJmd4iGfhIRwH1+WFi8JUC+XY1xsXia1O8KAw0IsdSkpYDn1IiNldo+TH5+z8izfgtwtc/h89nT+K24hksP3kCSzF2q+VPYbb2Kcx3vIjOuhfYtuFZdhq+zuq1z7Fx1YtSyWoGQ3b2leASuJqE3AOkpNmSlSaWKhEQY4h78CZiMm0JSjIhN9Wahggz2vx1OF99kDM1gbRG7SXefi0H931GRJABQWkm+CcbCBBd8QnWkURhPzklbrj6bSUycS+uoVtwCNyAfcgmArNMSao8QFqNLSllNiTmWpCebUdplbdUDJ6k5R2gSAy2ovIgh+rFjGpDOd2fw43JCq5N13DlSKXYST43xGIejOcymWNDV8IBin2NCTBYRrLFWup8tlPjvoY6781kWq4h0mgpntveZ++yV/DRX0ldUgCuVpYsXbyIqqpQqusCKKz0YOLYLxD/7tuvmR7ppCTRjxhXfeKkzMS666tzka9fOqNp8fjiJs3R2lQHrKDGbzH1Xp+Sb/MR+VZv0e7/HoMxHzEc9xH9cZ9Q4vwm2ZZvEKn3GiH6bxKk8ypOG1/AbfPLOK18hnCTD3FZ9xQhW//GYY936Yvbq/mextpwT3ViR7gRmyP2sDHKFp04H2yTfXCOF0uPtcYpxgr7GDkK9Gu7aiQp/0JT3ubmOD4+KbCcZmZqipK8Yj5dsICqjBjyw1ypDbWg2GUr+d57aa8q5vzsEbHzI9Skhkui7IKjviG+Vs7Y65ngaaSPj5EhIWb6JO4XIPu5Ue1px5HyIo51D3C0Z4CrYuYXL5zh4vmznDsjQJ+eYFiss1esv72pktzEYGyMt7Bn51Ic92wjLlCSxopMdRvYowL2ibFe9XNfvnwHN2eBuK1miprSd251IAWPfQ4YrzNVIa0sHmOyfi9+1uEYbzVS7dtoqZGmWX2lpsldNfElxqqdKxDXgH0bRp9txmSrthi9NgY7V7B3l/x9lhaEubpyfKSNz+dOcOlmF7cvHeLh8TEunmjk9Ik0hg+l0JEfQF7kTrLCt5MRv4uO2mQBTpZ89mpuz/bz0+edfPXwFN9+eYovPz/F15emeXhthNsPh/jp3im+uj7BxWNHuDszqN7/ytSrM6OHOT4zycxkN8enj3Bd4HbmSD+DA3XqrJe7R3oF/gM8OD7Cpak2BvJr6M1tp6VC5LCgl7a8DgoSBiks6CYjopREpxj1Ol69du0RpJV4HN6/hfjjMP/tSPfD/5dtVf9PQFehrja3l6q7jqpRWKLCvLCwTIX78FCPuj/62RPjXD1/TGKGOUlY2htLqS/PpbW+mK7DFfQcLlVBPiDRWZ/PYGcdjVV5lOUkUlGQRnJUEKG+bqTGhjLY3cCpYwOcV6e7DTEndW5iiCevPv0Ez4iRv/rn37P2g9ew0t9KQpgve3W284qA/Ql57s/KiPc//G916poyhe3pP/6eZ/703/zuvBTIsxdvcfr8TWZPXWV86jTdfZNi5AMC8SG6usbo7ByRC9VHXV2HVCotFBTUkJNXSVJqHhFRaXi4B0pG6sEBK0f27LPF0tYNazt3HF388PIJIzQsiWvXb2lugKODNCWHUCs3TJq/vE5PCup2bSz2upEYFMNEQ6aYet6/wFyJe8PFfD5S8igeSqX2zx+/0wyomDxOXVu/AH2CjiGB+PBRukdnJKYF5Arsh2jqGZZjL2Zm5ujs2In2zu0qjJWYHxynPFbMW4l50CtN8Y9Dfb4PXXmsvF4ZGT9v737e3j8P8CiWxOEtDPb9lV07n8bNfJEY+G5yw40Js1lHuNVyUp0FItabBOy6pLpLBOjJNdEXW99JtlT6xQH7SfMwokxM6/7FY/zjwSXunh0hP9gWe60lmKx8C91lb3JscpSf/vETjr6e6FpYYmBph56VDduM9qJ/YB92vqFYeIrZpWVJ4hBCdloeN27f5/sff+T4uSt8/f1P/CRAv3b/a/nvL03wD+7e4KwUsmP9jeq2qefE2E+OHeZIVzldNalM9lRJpSIZ61irughHfYID2Y6rKXReTrnHKiolmvw2Uu+zUZ1SF73lJQJXP4u3gN1DwOCy7Gns1r/A7jV/kGv0EtoGb7B2wzNs3fQq27e9zu5drzIjFYaaJM00EpVuKDeiQK0gnPhgMWt/E8xdV+IauRUz3xW4hmgRJdcyx3EnHTGWVEXbkRNvQ1i4WG68GdEZliQXOxOXrdi9O1GJ+/EP0yM03kSesyA8xQLHgF34xBngk2iKZ5yemLoxkYX7CM/ZR3SuFXnlXiTI+xSVu1KgTFOrd6fuUABtrXGMdqRyZbSMW7NN3JCyeW36EGeHirkyImW5P4WxNHO6YszItN9C9J7llLjuoMZzC4f8tpNjs5pQvYX460roLcFRLD3GaittxWls3yTJhZSFnt5s7ty98Oj7UUZwN5amEO+9h2gX/cdCV8CuJ2Eg8MvWzBC5OUeT5wfUu3xAjeNbNLi/R51Eb8h7TCd/xEzax5zMX8j58sWcKlrEZPIntAd/xOGItTSEbyXJaiGZHitIdFhIjNl7pNsuIsf6bYYjFkqlP8xX33yJX5onpnH6rAreypZIczZFW7ApyoFdcS5YJjiLoUsSH6+ELW4JTrjFO+Ob6knb8GG+/e4bzaDIK5cFrL0UZWVgtGu72HEMucFuNOXHURzpos6omB7p5tTMES7MTRDjZcW+HRswUlrZVn3G3h27sJBE/aCOPutefZOVz/2NVS++iM/mDSQY7RFLLCPR3YcLJ44LmCY4MTslycRxgeAxJsaHGehppafzEJ3NAvWUEGxNNrBP5zPMdVfgaatDRpw3NWXp1FcUSsXdrH7m9vYhMW9lmddgnJ2DsLeJEPDu1cBc7Hzf5v04mck9aOiBoQLuZcYq1BVwK2DXX61pcleOCsiVc6qdr9+E6bpN6OtswlB/G8bbtrFPjs5WpsT4+XDmaCt3z/fw+elOPj8/yO1bE9w8V8Ot6VJOT6RL8lHAREs8/ZXe5KXaUhrpRVdxAcMiS9dOFXPrchvfX5/mh4uz/PjVDF/ePs13SkvLrWEeSNl6eEUs/dRxqbMHGJ2akOS9R963m4tTcv2P9HHt2CinTnQz2dvLueFaJrsauHZ0hPNSZ1wcr2KkvZyKwCB6sisZLGykobSN7uJBhnI6yU8ZlPruEKF2iZp90M+c/dUuao8f/138u+ea1bnozepRY+gK0Bv/raFXzC8BqzS7K3b+OMyLFJhrdi8rKCghP19g3dnOlYsnuXXtHHeun1M3Wjktf//humLy06LJT42mPC9NA/eGEik/ylK7JbQdKqW6JEMSqhCqizKoLMiU18fTKUnj3MyQ3MMzXD03zeXT4+qAOkdzfRY8+ySr3n4F613r1E13Rntr6WgoQnvjap798x94Uqz8KYkXlI1ann2Kt196npee+ovaDP+7M5duCtBvcursdaZnLzI8foL+wWm6u8bp7h4XmI/R2jqowlyx8by8KtW6fX1C2KVlwKcfKptJrGDV8rVsXC+2uk0bXV1TjI0t2GNmg9l+e06d1syJ/uLiNKebMxgoiaYqJZTsqAAO2lmivW49uzdvw93aiSb5Ay51KU3uUgkO/2LmStwbmQd6GfdHNfFguol//qAZsT1x7LQK83mgK8eWvnGauoapa+1Tj41dAzi4uKl95/Oj2eenqm3ZsJ6tGzc8MnDlOP+c8rp5sM830SvxuM3PA//YzLT6eVpbMrDf/wHBdhuIdt1Gqq8eqT5iEvvWEu+ykzS33cQ6aBHvrkOskzaZXkakeemT4KtPQYAp6WJZOX5mtOcEc/lINz89uMrX144zVJtNnLMZ+zd+SoiDqfq7Mgpz2GQg2b21DVtMDdm534LtRsbscfPBWJIqO3cvkr0PEurgQlJiNmkFlVS191Ej37PSnzk0fYLranfIPwX0P6kbJaibeXzxOddPT3FqtFU19mMD9cwNNzLTW6VCfaKzjJnBeiZ6SmnND6IuYh/l7hsocVxGjetnNB3UAL3acwPZez8mdtvL+Cx/EvtP/sDed/6LPR8/gfbSv8j1+xtbd77Mgb1vk55kKKazED3j19mw42/MndSsGnjmwhES0uxJS3anIieU4rQAgoL3YOW+DsuDa3EKEbN224Sl/lJc9myU8rdagL8GlwB9XIJ3EpKwj6xCT2LSxXASBeIppkRlmhGRvk+eMyUux4HC+mCi8xzwT9pPUqkTYXn7CMrci3+KMQmFduSWeVJW70906h5S8wXsVa5kF9lRVu3FVG86VydquX2qi2uzrVyYauD8WCVnOlI4V++nrhdf6bmdFIs1FEvicSjIiN5oMxok0Yvfs0Rg/jFhpitIcdhO+P615Pvv4bDYaE5O+iOIP3xwlyHJ+rMjnIh00SNSjFyJXwNdX4V5tIsBST7m/PD9d9yY66PK5lVKD7xGqdUb1Nq/T5PHOwyFC9ATPuRY/Ieczf6Uq2VLuFKxVGIJ54qWMJu7mOmy3fQXGzJYvIfWbB2a4jbTELWexvCVjJY5qp+raeAQ9vEWrA9axfpwLTZIErU2XIctCZZsjLNAL04ZIOeAW6IcE6zxSHTBM8kdryQ3CRcCszzpOdKhlkX13jlUq25UE+vvRKsylTIzgYnuZibEkE+Mj3FWKtMT410kBTjjrr0W++0bWPzis+guX4aVPE53diXe3JEwEwts1qwhxfIAFWFRZLi44mNixORAB1Njg0xNjHB0coxpZXT71JQAvU0q6SK57tnUFqUR7mVDlI8VkX7WWBqux9vWhNhQNyL8nQk96CiGf1r9vGmJhTg5Cszt47DS8VWb2JWmc4NVBtjt8SXA0geDTQbqIDelOV1tVl+uGfSm9K+rEFcgv3KHhA6mq43YvWGDGP069Lesxkh7I/YHtDhosYiDDrqk+Vpw/YgY+tlRvpwd4e7xLm5c6+are4OcO9fB5Zk6bhxt5NqRWk6MZTFYFcuhvCAOlSXQ25jEyFA5l4+1cf/WEF9/d4QfBOTf3zjGN9dm+fLMMb4Q8//6fDsPTk5K0jPLzJEBJkZrmZ6c5NTxaW4JiC5N9TMp5tzd3aau2jdUWSDAr2NuvJqhw7U0pMcTHym/t7iZgZx6OjM7aSnpoCtviIKsHlKj04lyT9PMgDg6/ciqlZhvMn885jdi+W3MPzf/OmVNd7W5vfEQ9fXKeu51/wr0x/vRHwN60c9R+AjoAuwCKQ+HD3Hlwgnu3b7K53evcf3yCU5IolNVkkNBRhx5yaEUpMdSkpNCbVkuDRV5VOSniZVnkJ0UQWyQF4VShoe6GxkfbOXkzDBXxPRvXp6TxOoEV06PMdxVi+s+ffauX0KGlOvumhxmhkSmJtupLUljw/LFPPvH/+ZPYufP/0Wz9OuzYuXK7mzK3uovPfMkv1OWfT1+8rLa3D46eZL+4Rl6+45KRjIh1jFCdVUHxUWNlJU2kyOZltKM7ucXhqmRORtWb2LpJ8tYLkBf/dk6Nq7bytbNWmJWJhgbWmBubs/p05qpLF9fPa4OdLvWW8BcaxadJbEUSNYSc9ANR7N9WOrpSiXlKgUvhqmGFIarkrjYnStAL/4F6KMlAvVSAXqpBuhjpSrgH0w38o/vNRm+MtVOgbhq5N0j6rG2RcDV3E3loU6qmzqITUpj57btj6x6vil93rSVmO83nx/hrrxmfsT7/Ln5/vN5uM8DXnlufjW59uo0ktz0SPTQIS1Ql1iXXUTYbCPN25B4Jz2iHbXlOT2S3PVIEYDnHjQjP8KCnKC9lIZb0ZDsKTdKIid76vj25hm+uT7Hhck2dXWl9GBXzc0wc5TPdqzF0NIWK1c7thrrsEL+vg27t2Hq7o2OTwAeoTH4mFnjamtHRGIuNmLqnlHJuIWkkV1WS2RWKW3jp5g5fY0rNx8I1v+hGvx83/q1U0c4NdbCWHsZxwcbmBtp4pgcJzsrBegNHO2vobMynrJgMyp9tMg1/4QKG7FBtxXUemygUsBaYruSFN13CFn/N2wE6Lvf+E82v/u/MNz8PHb7P2S/6QK8nRbhbPMe+/c+i63NG/h7L5YE8SV8vbb93Nd2g5aaRJokKewsTaRG2Qwl1g4Xr+3st1uJo+caEpKV9eD3oyuQtLTZhJ7lUrQs38fEaYWYuB3xuQ6EJ5nhFbFLQG1GSNoB4nPsCUuxIjTZhsCUAwSnmhOctR/vJBN1i1YfgVNIgiEJWdbE5FiQWepAepEtWeWOpBQfILfImhMD2Vwer5GKrkkspZHzRw8zN1DOkeoQdUEZtS/fdTshhoupDDShNVKMMXY/qWaLiduzjDDjZQQaLaEkeC8z/Y3cvKhZpOVHgdzR8X5SY9xx3b8RHyk/oU46hAvQIwTmSkT9DPIoZz0JBeiGKujDXHdzXGxK+Vdm8SoFe18lZ98blNu+S7P7O/SJoY9EfsjRyI84lf4pl4oWc6FkEVeqlnC9einX6z5jNn8LPTFr6cs2YOqQAxPFprRnadOTpceDm8d58OUDfNK9MI7WF4ivYU3oNjZF6rI+chcbo/ewNc4SrSgz7JLFygXqnkn2qs37pnrjk+KFX4oHnskOuCbJtc/1ZmR26NGUu6baanoPVYpBT3N+9ijTg12MtVbTmBtOS34ESQI200WvEWNrjP7yj7HYtpqD5obkBBwk1tSBJPsAsh3cmGiopTYulL2L3iPIylysp02ig9G+HkaH+hgfHmRSDH1ifIiejhaqi1PFusJJCvMhyM2KuIM2JATZirHvxNZ0NzaGO3E9YICvvSkXT8/x4M4dnBxCsbOOwGCLiToyXbFza20zXC0OCuQtVQtXrF2xbwX0CtD1V+qrcFdgbvKZpq/dYONW7NZvZq/OGkw3r8PG4A1c9n1KqM1Sgqzf56DVMuKC3dTBfg+nW7l1rIvZsxPcvdrOP78Y5eHnAvXzXRyfK+OryRx1idK5/hw6SiJpKExjpDyJgcYcpibreTBbJyZ+jG9vTUvMcO/aCA9nJ7lzZoB7s4PcP3GMe3NHRFI6ODHSyvGWDo6Mj3L2xBRnTo4w3FZPn9hjS1E6rcXFTLRVMjQogC0pJiUgnNL0BgYKuunK6aclc4z2zCEqcwclIW8jNaSBnJTqR1PWHgf6fHP5fJO5Eo8/nv/58Zg/Pz+yvb6hQY4CcxXo/7pi3KO56Erf+TzEfwVzzYYn+flF9HS1cPXiCe7evKiOM7otln5yWhITSbaTYkPJTYmgIC2K4qxEAXmGautFmfHkJkeTFOFPlHCuojCdc5IgKVZ+44qyC9slsf2zAvUTXJBr2dFYSkqQK6WJQXRX53C0t06d/jY92kJOUri6ROxLTz2pGvpzYuoK3BWgv/jUE3zw+kt8+PZr/O7IzDmUmJw+q9p5W9coLYeHaajvFZAfIjOjguSkIlKTS1SY+/iE4ujozgFza4x0jdm+cQcbBeyb1goQ5fH2LbvYtVNfKuE91NQc0sD82gm1T1wTBVwfKORMZzbtUimnRvoS4etCVrg7/WVRzIjBV6an4GgfTFZMDKdaNFBXYH5/vEwF++ej5RpTl3N3xeCVZvmrwxX88M2XmqkxU7Nq83t9+4B6rG7qorKhg+rGLuoF7nnF5QJfjVHP93/Pg3w+5gfHzTevKzH/8zzM5wH++OA6JSmYP69s/KAMPKvNCiVOoB5qu0kgrk1uoDFZBw0IMt9MhO0u0nxMyfI1JdFFV4zchNwgEypSHalKdqEuxYfrk61Mt5Vz88QoP949x4Nzk5Qm+EvBOMmDhw/QN9vLWp3d7HW0w3C/CdsMjVi+fR1a5kbs3GuCgYMNdimFmDt5Y+vth6lLMLstHXELjcXUyhU3/xD84kvJrO4lvaxdbGuO2ct3OHnpLg+/+14ZM/3zSmP3mOyq0kSvsk96M8fHWpnoquaEQH2qp4rGNF8SzJaSb7mQetdltAbuoMZrE0UOqyi2X0We+WJCt7yM/qd/ZN37/4GV0QLyU/awT+8VAr1WEei5kAi/JYT5LeSg1yIcHRbg6PoB6QmbqanUJDDKcp7KLnB1WcG0lIeTE+8iGWw0QUFmhIWYqNuqhsQZ4y/X2d15B9pGH7PdYhVmvtuxDdpNkNh3VIaNAPyAXA8557NdEhs9YnPFFJMtCEjdR5iAOzTHEvcYAWSRMzH51qQV2ZBaYk9MniWJeVbq7mZ5NR5EZipdAa6c7M3gbL+U7eEaprpKONJTyYAkH71ZDswW29MVrpj4YhKt1nE4xlIMXZ9Gfx1y7VaTabeR0lA7Rg8XPbLxq5fPUVOSiqeNloBktYBkNTZGn2FrvAJXs3V4Cdj9HXcRpoDdSVeFeaSUoWgXHTmnTZjbbkJctSlK0yw0dKQ2mWzDV8k0fZ1qx09olevcGbacvphVDMd9xnTaMk7mLuJsoUBdTP1y+RIu1W3mWJEBR9INON8byrXBWM60etOVa8LxVk3/Z7UkdR7JzmjFbWdV6Eq2xBixVqC+KnQF66KkfojUY4MkT0ax+3BPdcMnzQ3/dD8Opou5ZihHb7ySHcXgLXFMsMIxTqy4OJLj52cfXYtrl84z1XuIglAXMr2tSfHeQ7yLJMVKK8WBtfjoLsZeaymBZlpk+jqR5OJAqM5e/AwcCNPWxXnbJta9/jQ7P36F4oRwujrE4KqKOVRRQPehPNpqsxno6mSkv4v+7i7qygtIiQ4gUGDu4yRhb0aMny0hbuZsX/EeWiveZ9+u1dgZbSIlRLPU7rCIkJ2WhQpuo8+MMNbZibOBBVY7nVQTN16nsXa1WX25plldfbxMY+faazehs2sXtuuV5X/XYKL/MWbab2G/9VVs9V4j0PpTDlr/HT/zF4kPMeDKkWZuTtYJaEs4Jwn2l1cH+PL6DD/dO8T5Ox2cP1XL0YkmMfRWZoarOVRXSk1+Mj2lBQzVJjFUl8kxEYUfzjTz9ewo9yQxuT83yFlJRI9PdXN8vI2zE60qyGemWhgZ7pL3a2ZsrIsz8p7nJ9oZOVxNd24u1RLNuXGMHCpmrCWHurwUgnzdqc0soS2vn878dobyxKhLe6jNaRf49RLnX0b/Yc2iUsqI9n9n3o9Dfh7c84vFPB6/PafZaU0D8cfnoM+bedljI9x/BfSfQa5sSTp/LC4u4djUELeuneH+nat88fktbl89JUAfIC87jchgP5GKILISQuTviqZczLyyUGlajxFzjyIjLoT06ECaagq5cfk0d29c5L4kBYrt37lxQRL3k1wUYervkM+cHSNmnsdwSzmzco3PHO+TpPMQkQGefPjWa2qzutJX/sKTf+aVZ/7KK88+zQKx83de+Rufvr+A3ykLySiGrvSdK4vHtLQP09ykDFpoICEhVyrJOMLDkwnwj8HZ0RMLc0v277PA3s6ZfXsPYChQ19ulj/a23ezcoiVQE6Dv0MHfL1gz2GWsgzNNCdxQBgeNFHJzSIA+LDFSxMW+Iroq46jICKGnPJKZphR6KjOIDktit1kUJhYRpMUkMdtSwN1RsfExTaimrsD850FyV7pyOVqXQE9ZIl891EyJ6xs9SpVi5QLzamV0fouyVGyvRA/Z+cXyecXAN/8ycl05zlu20uyugFkJxcAVmM8PgFOg/fjc9Plm9t+avLGB/mMjjL+lTEw72mE7aZ5i425aJIipx0nlm+m3n2z/A6T4GBLnKpV7iBnFkfupSrGnMsWCZoFWa34sfZWpXJrs5MfbZ/j2+gm+vaeZ/uMbEsjHKxey1cAQbQMtsXM9tujvYqvuVswdrNmotxtzN292Wbuh5+SBbUwuZmGJGLn5YWzthOl+KzzCEghIKcMjPFVss5WarqPUD52m79hlfhRT+uEfP/HTY4uUnBbjmx1q4uhgI7MTkrnLjT/ZXSNWWctYUw4VAcYUSOVT6f4Zh4N3Ue25mVzrZSSavE+c/gIclj6Lk+5HbFn7FDr6L2N24APsLT7BzPzveLl8gIfdAnJituPtthAb6w+wM3sTN7tPCPZaS0mRZt3n77/9hp7adHUDipxEN8n6w+WmjeJgqCmeQcY4+egSHmlJZLwRIWGm7LFYy163dZh7rcc9RBdH350Ex5vhFrib0IT9hKZY4hensXUrsf2DiQL2NKnIE4xxjNbGO00SgVR9Cmrc5RrZEZ61j4j0/SQX2pEpsK4ocmX6cCxTzckc7cinpzpRnS1QFe9Kc/x+5sqdBJ46pFusUDccKfc34pC/riQ725lpL/llv/Kvv6S/s4Eof2sNxCXsTNc8ArqtyUrsJOwlbE1XYrNvNV6Wmwly0CLUWVusXVugrjmGSnkKc9MlRMqZslb5Vam0M4xepXDfm1S7LqQpaA1tEZvojN5OX8JORlJ3MZO3kxMlWzlRvIHpnHWcqDTidIsX57pDuXmqkou9EVzqCeTSQBQPb57m1r1beCS4sT9uDxtjV7MidCnrInQkNgvMV7A6Yh3roreyPmYXu6PluxF4+2V4E5DpLzAPFLD7iqlrDF0Ferw1jrF2uCY6457sRpqU+3NXzj26Ph1F8djrrGPHwnfYt/Ejtn3wN1y0PyHBdiMxFmvIcDcm3tkAt91bObhDDy8tM6xWreVDMZrVbz5HmJ0JzVVlNDZUUFWaRZV8lrrAJZS6L+RQTjBtzY10NQscyopIDPOTay+ANd1JgMs+EoJdyJVE2tZ4Mxs/eBntz97BfPsibHYtpbU6T7Mq3sEY9FYKvJcbYy7JhIWZAH6Dvgrw+b7zeagbfGagsfO1Opit2ojROm11VzVdqYv2bF3Kvq2vYb7zdSx2v0iM+f+Lu/GreOx9Gie9J7HVfUsS6hq6+5ro7ShhrEHEZ7aTGwKa+1dm+fryOF8fH2VmTOx8vJLR3nL6m/IozEngUGECw3UxjNQK2LsqmBXY35id4c50C8eGO9RNlyYE5GOjIhJ9bYxL8j4yWEtXQzl9zRUMNtUy2FJPZ2sNA4V5HCpIISs9kca8dIbrC2iSSAyJJEOuRVepsnlTH+257VKPHaauoI/S+FFysg4TYJFGZ+O42hrz+MIwvx2p3vgYzB8f6PZbI5+P30L9cbD/dh66Ovf85z7zeYArS6gqW5LOR3lZKafnJsXOzwvMb/Dw3mXuXD3O6ZlBGipyBOIKpw6SFR8kdVGoWHoClUVZlOWlqsZemp1EYUYcXU2VKsA/VzYBunuDu7euqD9fvTTHiaODtDcU01qVxcDhUsZ6ajkm9erJmR6pD2qx2qPHu6++IuB+Sd2p7Y0XnuPV556SeIbXX3iGZ/74e/4mkP+dMsJ9evYCE0dOS5Y0Lhd2kPq6HlKSi/EXiPv5ReIkINhjZMxeIyPMjU3EzHUxMzHBfI8ZZqbmGBmYsHuXHrsF5Fpbd+HrqVlspbm6GNMlr9AQacX5znSBeIEaN8eKuDEqcJfM8tJgISc60jjRlsxAeQKp4UF4+UZh7ZqGiVUC5jZJkimnc6IlXyBepgJ9vgn+9lAxl3tyma5PoCUzgNJYb6pSw+Si39XMcxeoVx9W9lrvUVe100QHcYnp7Nqy5VFf+HxT+zzE5889PlVNMW4F2vPgnz/3eMw/pxzDgoN+vY72lw/IDrMWqO9UwZ7iZSAmvl/sfA8xYlmxnttJ9NWmRCqzoig7apO9aMoMpDbJn4IIOzoKY5hpq+DrizP8eP+yZh5sawsfLV/C6h3r0dbfzQatNWzW02LxhmVY2+3H+IApehbGbDYxZYfxXvTtnXEMDMDU3Q2PrDr0bMTozffg4BNOaFIOLkExxOU0U9Q6Qf7hYbqOXWLi7E2OXLjDnS++4vGFRC+dPCrGVM9JydJPTHaoC84cGzqk7jBWk+BCnv1Kanw2Ueu3nVKXdaTt+4RE4/cI1X6V/YufxHjz6+ze9CL7Bebunp8RECigdfiQULdP8bZ7lyD3RewxeIEd257FzfkjfD0+JtDlY4KCl2Jj+zbnLxzlH5Jo9LZV0lgcR0NxFFmZroSlWeIStguvaCNi052ITDDnYIgRcUnWHAwzxl6M3Fts3D1AB89gbez9t+ISqK2uGx8Ud4DQVEu8BTxWAVq4x+4hLNOC4ExTLENXE6Ws3X5IyllTCJnK3uhlbmQUO1NS501libNUkEEMVoXSXxVDQ3Yg5YnepPuZURNlwsV6XwYijMixXkOW0046BR53HjPQUyemyEsLwXn/5kcg/3dho4BcBfoqAfsqbPaswE7CwWwVbhbrCXTYQYiTWLvTbsJc9QTo+gJ0fXpbKtTfk2n8GkX736baeTFNfqs5HLaJ1ugdtMfr0plmyHDeHsYLJIpMGCky5HitDadafDjTGciF4XhOHfZhttaey8NZ6vvliN26JDiiH7uDNZHLWB2+inWRO1gftYmVkZ+yInyJwHyLwF6bzeG6eKT74CcQP5h2kIMpfvileuEj1u6Rqhi6Dc4J1qqhK+/pkeSCV6IXrnHupFalc/mmptyPjwxjrbeZxX//M5/+/UnWvvNX9q95E9edCwgwXorzro/UFfZ0F3yI104DtD76lIXPPYHHPi1KkyNpqi6ntbaK6uJc8mNcyXV6n/QDr5LppUttZRk15RVkpyYQ5ucq11YPK2NtvGz3khDoSl5SGPHBnqx671k2LHxR4L0AozXvYrb2LWYnh3nw+QNstGzQF4g77PXGdqulaucKuJXmdsXGlT5zxc4VyCtg118hkN+2DZ1NK9i5ejU71qxGf+3bmG96CdNtz2El94mN1jMc2PA8Zp8+h+m6l+VzrRcINNJXVUFnUSZdLSkc7a7g1MkpHt6YFFtv5pv7g3x+rJezcyVMdVUz3pVFW1mBgDWcwyUFDDTkM1qRzURHptTLpYyP1jMtcWS0ismBXoaHWgXmlfR2Fat7pfc3FTAo93d/QT6dZYV0ludTk5tOZlo6FVmh1GalU5mTRmlmJMFBoRQkJtNXcEiA3sBwxgh1KYMMZ/ZSVtRGfnQ5UT5xNB4aV+egt7S2PZp69tspaL8dtf7bZvbfwvy3IFfsXIl5oFdW1T4y9fmpagrUFZgrAFdWXFMiMzObjIwsGuslkT07w71bF/ji3hUe3jmnAn16tE0SOUkKc6PIi/clI9KLtChfMsXUi3OSBehyLeSo9qVLtB8qVw393u0rAvWrYvvX1SZ8ZV2DuZlh2uuL6D5UTP/hMsb76wXorcxOdTLYVYuPs4265vuiD97mk3df4+1XnuPtl5/jrZeel8cvqis3PvWH/xJDF6Afmz3P2Ngs7R3Dkg31UVnRRkR4OmGhqRIpGBrtwVBHGzMBurYUPCMdHUz09NSjsZ4+xvoGmBgYo7NTTMZdM8q7v7OJZW89xao3nsR523v05XhwZSDnEdQVoN8aF8MeKxbAF3O+N5vqtCD5HZaYmDmKQcVJZGLlmoWjazKFyenMtZVooC62rpj55Z58ZhpTaMmSyjPOh/xwD3JCXCmK8ZOLpRlVPzp1gsNdI9SIpZfVtFJS1YL/wVC2rf9l8Nvm9etUgM+buTI4btO6tb8C+7yFzxv5/Kh4LUkMdorpb92wgZ3K67ZrnqupqvqXtbru371FrIcJMS4GJHsqoU+CWFSKtz6JgQYUxlpTnewthu5EabQzlfHuVMZ60FUULkAPo6swlutT3T9P87jMeu0NAvRPWa21jY27NgvY1/HJyiXs0NuJjasd63dvxjXIDy0zQzbId7XT3IY99hbkFSThftCT3Xvle7Nzwsk/CjsPXyIT80goaCSx7DBVktwdGpimeeI0dYNzXLjxgB9//JHvf/yBazc01/bLB3cF4k3MTbSpa7wrTXSTvVUMNWfTmGhDmdcGyj03kmOzjOS9H5Js9B7+W6RyWvc81jpviWW8j67WG7jYL5Nk8W1CQ9dQnqNHQuRaAl0XEem7jFAxpzCxyajAReRmb8XdfQEmlu9z+uzko+s6M95Bk7KtaowdKSlWpBSK7YUaEBJvQUT8AULiTAkW0w6MMSYkyYSEbEuBux7h8aa4B+riG7qHeDHEIMXoU51wCd+NY6QezlECoCgBYpIZfkm6uCfoEVViT1q5N0m5jiQVOJJaZEdaiQ3ZWftpyLKnr8iHlrxA8uV7Swm0JT3QgppoM87XejNbGcpkY8Eva6tLeWgWm/F3Nfw/A9x41a/PmWqM/Rdr15i6nekqNewl3PdvxM92B0FOOirMlUgKtFZNaKohlYID71HltJhGBeiSSDUHb6UpQouWRF26Uozoy9zDYO4eRgvMOFpuwXSdHcdrnJhr8eBsuwJ3zfTMC9cvYh9lj3XsAbbFrGFVxGJWhq1ifcROVkkCtDrqPYH8YtZErZRYw1axdLckT/zSBOTJvvjIY68kV7xTXPFQ+9Bt1VHwjnGWOMfb4R7viHucK26xbjhHO2EfbUdWXSa3P9eUv7PHhnESe17697+y6MU/YLjwGfYuf4k9q15nwQtP8dEzzxKku49dny5m0ydvEOVrR2akP1WFuVQV50sUiFWFk+exnnCDV0hxXC0GHkxxbjKxQT7qSl5We3QkidLCyUwfRxNJ/FwtCHG3YM3HL7Jx8Uts++QVdix8mU3vP0mQja76uY6NH8NOzwIrQz/01mkgrtr5Wo2dK/3m6spxqww0YF+6mc1r12K8aRWGW97DVPsjjFe/gPmuv2Cy+SWcVsnftvRNbJf9iS0L38FyyVv4mhipe4/XZSTTkB5EXV4AvUVhck2q+XyunR/OdPPt5Sm+OHmMCzO9HB9Ttj0ul3uzkJHKFHrkb+8vK6KjJJOq/GwmqwqZGCpksK+Urvpqhtqb1abz/uZyOqUu6y4tFeCU0CXXrb2oiNaCDBGOZJISEmjOCKU0N5P8lCgx8AJiY2KlvCXRVVDL4eIe2gvaaMsepqVgQO6RdgHfKKnuOYRYhHN6+pw6B/1xkI+Mjquj3ufj9Okzv6pH792796uBcP+35vnHLf5xc/93zfDFxWXqIDjF0Oehnp2dS3V1KVfOHReQX+QrAfoXt89y+/K0Wuc1lqVSnhVFgr89MT62xPk7EevvTFZiJMXZyZTLdSovSKc8L52u5mpuXzun7ub38N51Hty9KknCJa6JoSuDPQ9X59Mhlt7RUEifQF0Z3a6sPDc93k5RZhwmUsdrb1rJio/fZdlHAvd3X2XJ+2/w1ovP8tLTf+H5J//E707MXeL48fMMDR2ltXWAutouSoqbiI/LJSkpn5joLPbu3S/mvYHVYoM7Nm3BQFv7UehpaalHBWp+XprFVS6fP0q8GJCj4So2vP8cOz56nmiLzUxVh3FtKJ/rw/nqpgK3J0q4MynGfaRMtfax2njCPFzR2nlAoO6Mi18cLgHZcswmMiKbFsmgLvWWcHu0hOv9Bcw2pdGWG6rCvFCyo+xgF9ICHEnxtaUg0o/Pb99QP8/A6DQV9e2U1baSW1SLpbkVW9atUwE+P2Xt8YVklPPzcJ/vF3/c5ud/Vl6zU4C+faMkA+vXq0flOijn5k6c+LcLcN69eZVUH3OSXIyItNtJhMNWEgM2kBtuQavSJ5wVIlbuQ1WCB/ViMC2ZIXKjRlErlV5HfogUqJtqRmtua86ilcv4ZMNy3v9sOSu3rOHTjev5ZNUidomRr1P2dt9nhJ2nK3pSGRlamfOZ1lY27dmLsWcAFs5W7DTWxdzeFWtXN7wDY0jNqSCpsI5EuRFzG3uo7JygvH2C0vajNPQeZ+z4Jbr7j3D5xm2aB6f47vsfNRX77KjAvJW56V4V6hOdFXSVxVAapE+x2xpSzD4gxeR9kvTexGfjs/gZv4+rxWKcLRais+PvmJu8xY7Nz+Hl8BFutn8XiC8i3GkROaEbSPJfQrTTxzgf+DveHguIiN7G9Rtn/+W6npHKvS47iIpcP8myD1JaF05gpCEeIZJkRuriH6dDQJweEYmG+EXuIiZtDwmZB/CSRMpfgO4bYEp4oiOeYfsIzXDEW2B/wGcjdv478Iky5WCCEX7xu/FO2I1X1G5icm0JS91LdNZe4gttScmxJS/MkJZ4a0nI7Ijx2k9KgA3pvmacHm3k6zuapU+VDXKOjPeSEuOO7d7VWAuMrVUo/3ugPw7v+cePYP6rWKMJU00SYC+PXfZtxNdWiyBHHUId9Tg3d1T9DPmWH1Ep17feewWN/utoCNxIY8hWGiN30hqzm44EXbrT9BnKMWG89IAA3ZFTrb6c7Q7g/EA4968Oqu8TWxKHRcgBTMN0WRP+oQD9Y5YFL2NDhI7al741cSGrIz5kbdRC1sUuYU3EShzjnfFO8sJLyrd7nBMeioknOuAWb4trojUOsRYCdCt1ERqXGIF8jCNuYtGuMU44RtlhF2GNbaQFZS1F6mA85d/kaD+WunKfvv8UW97/K8tffYK/P/l73nziTwTo7sFZT4cDkvwGuVuT+v8T99bhcZxpvvb+s7szmYWzO5kJOHFix8xsyZLFzMzMzMzMzLJYliyTzCyzHVPMkDiJceI4dhgnk6H7e6pacpzsJHNgz3f6un7XW9TV3dVV7/38XqzMZ21bLcOdjWqr497WGupjTGkMX0x3nLb8h7F0NZRTlpNKUnggYT4OhHtYEepigqvFCkLcTcmIdMdY8rWVM36Nzrzn0Zv3HG6rp5JgOZ2GVDf1O+3dvI1QmwiBtqZLmjrym56/xp0rI8cZKP3MHdXU28yDQHsXIr10CXfQJcxfnLj1VHxNXlYnN3I3WYif8W/wmDufUHl+4nxmU5SomUDnUE8Ofc2S//Wksr0zTyDdwO0Lu3l4/XW+un6AT97ZyoMrZ7l9dT/vXdoujlsC7qN9HN/Vz9mdTWwXt71egqvdw7Uc2r+eE2vXclCgfeLQMGfGhjh1YDMnNgwxtn49u/p72dtdrTZ4293TwN7+OgYHKuhvL2GP7B9eU8/mnjXUVFXTUzvCvr7DHO45zsnOI+zvPyVgP8iFE2Igr93mzKlz7Nt1mr/3+vKzz7gteenZgwfZJd/t1vXrmsaSTxfJP6WnG9U9DfefKqKfgPwE4JXGckqd+oRb71PaBuzcyuP3BOgf3+KrT+7yxYfv8PDWG5w7uoO6slwq81PJT44gRgK/ILnP0mKCqSsVg7mmSf6XFobEpSv32flTY8Kk++LyP+DLj9+X8z0QHtxVW7ufPLyDPZsH2LFBrvFoP3s39UgANcDpw1u4cu4gJw9uokvcf1aUH06mq7A3WsHa3k662ppoaailralevS7/8Pbb73H16i1OnryoDhyjtGofWruTpsYBaqo7aajvoaiwShyrBY4CMh83d9zFhSoQVxy6IgXqxXl5mpHSrp5nTY47+3qSJCrLpFYcqJeh3Igmc9lQEsw7Y628f7xPnSL18em1fCxQ/+LSZj69vFEc+zrO72ylVh4mBztXXFy8iU8rIqukm1b5PvuHN/DOoREenBzm5r41HBksZ/04zAcqM+gUmDflxtCWH8+aomQGa/P55NFDTTeYw6cYWL+T5vY+gYcdNmZmOCjQttJAfcKlPw11xalPuPWni+WfBvuT+naBuQJ0DycncZ3O/PG7737yJn1w+00qYp1pyfRRh35dI9dlR1sBhyQ4OTxYw4badLbLQ3awv4oTI43s7SoV2Bdx9/IJTT2dRH/LjVaxVH8pxg62aBtqoWVuxFI9bWxcnLBydsXSxZq0/Ez8o4IIj4siPiMde3Ezdv6+WHh6YOvlil2AwKt9kJ6NQxI41VLXOkht1zC923bTtm4vgztP0bP1GAPy4G0+dJneTQdoGthOyZphyYg3sffEtSe91n//zee8ff0kb108xrUz+zmxvZ9Dw1XsEsc1kmlDvwC8L2AhdQL1jmwBbLIN5XnGZKVpExmlRWjQYsLcp1ObbUJDiRGJgZPlfzSXTMKDwVY7shKWkJ2+Wp3q8qdeX3/2WB76GslMm+hZk86a7mSKa4MoqPOkpjuUrDoP2vpiKaz2EHgLyKvdJQ0jr8yLsvp4ceJpZNTEiKLIrJRgoNKT5FIvCtsjSKvyIaPCmUIJCMoF5B396eo0r7XdUZQ1RVLRGEZ9riPDOS4Ml4SyqbOcK6cOfN9n/P67jI60kilBnALyCcUGmfxdoP995272RLFPZC4ZjAXxspwSYkVOlCMbe2vV73KgKZr1KTpsyzRge4GJAN2c3WU27KlxYm+tC/vr3TnU5MHJHj/Ob4zgrf3Z3DlRwb2z1dw5q2kId+PODcJKw4goC8enzAXz6hUYVa5Er0QHy0pHTEoNsG1YjG2TFuZ1izFtWC7QXy0uPJk0AXmqgDq1LkZVWkMsaRIIpTRGktgQLlAXoNfFq8ekN6SoDj29LkVceiKJ1XHEVoSJQiUIiGf3iR188+03mslnrp/DWesFzOdNxmTBZDES0yjxDaY0OpQ4cdr5SRG0lWXR21ROR20J9cXpNOQlkeKwUI6bL4G2BHqyXlOcTV5ipPw3ngR7WBPoYIyPvS4+dtr42eoT6KiPl/USHFbPxlp7BmbLXsJ+8W+p8ppLvNFLvHvpNN/94Q8k+KVpBpAx9FVbvSvOXOlrrmzzMPTDylTyCzMHgb4pwYZz8fecT6CV5JU283AznC7HPi/v/TUBxs8SajQNO93X8DNcRl2is/p/lqT6sLclkg0S7GzryqOzNZdN9Rmc3zbA2+eV4XJP8PjN1/n80gF+9/Zm7gnc37+4i7cvnOLcyUGObxWNiiuV4KajOo89vT1sWdvEzr4G1nc28bo4xZMnhtRj9gu49wvA+zpb2TvQwa6udLb0FDLcUcX6nmaujR3gxoXrXDl/nnOvn+PWuSs/C2qltO/xw/clEL/EuSP72TUyQEtFMUlhoXhKnmy2cAErnn2Wxb98hiXPPMNi0cJfPSOBQo2mOnePMgf6Xo2eFMt/3//8x93fvof7LnbsErCrreD/q3NXHLvSYE6tVxeob9+6mTevvM4Hdy/w4f0LfHL/PJ+9d5EHb51g+8YBmuuqqSsvVqdYLchKITctQVVFQRYttWXUV+RTlJkgQU8tjx7cVOvfVaCLQ//so9/x+P1b3Lp5kbHdG9m6rpstw13sGJF0sIV3rl/g1luXxMG/zcP33vnJa/kHudcevv873rp+SRz6Ow+4ePldjh47z66dR9mwfp/q0Af6twnU+8nPq6OirBk3Jzd1gAtfdw+RuwovxeUqRc65mZkap3btPHl2iyiyWUJ7tBNH2rI42V9GR04QGV761EfZcqQzi5u7W3hrexO39rRy70AnHxwf4JNLG1R9dGE9N/a001qUiIuA19HemfTUPNZ29HBhzwj3jw7x7lg3r49UM9pS8ATmfeVptAvIW3Pj6CpOoacsne7SNIbrC/j4g/c0Gdmh1/Hz8de0ZLcRFy4Qt1Mk0Fa2TfRDV2RlZoqlqYkKekVPID7eT32i3vxJfbpchwllpqT83cjz7cunWJMfxFBlDDs6ctnenM2xtRL9dhSwpTmHUxtbOC3a31POAQH69bFNmsj/4G5WGGuzQHs+hvam2DraYGitxwKtJehYKMXt7uhbmxEQH4lnaCg+YYGkFRYRK049NCkaH8nczBwssHRzwiUymeiqHlIa+ijr30F2bTvVHQNs3HGQgW1j1PRtZ83m4wL146zbe5qWoa2kVbQQXdxObEkXbesPceHtB/zhT+N91r/5kt+9c5Xr549w/pgydnMbewcrOLK2nG3lEQylWdFTGkS1OLjgYMn8IpdQlW9IcsQiSuJXUxgwl9q4pTS3mLBtnSebO9wZaLVltDeEdT2xfPnFx3/3uiqTc+wcrmHHcDUd9UkkZ1hTUutJfqlk6HV+FDf4UV7vRWmtBxXNgeRX+ZJV6EFeZRBe4abkVMWSKv9LTqEXqZLBJxZ6klntTUFzsKT+ZFb5U9cWS2VjFFmVruTK+xu6JZjsz6Gl3Jczu7q/bzfx9Zdq5F1XGktimAUJoeZP9DTUJ8D+91246c+78wCz8Xp2C2IDLVWgxwaaq8GC4tgzI+z5+qsv+OCdC6xNWsVouh47ssWl55qwu8SSvRW2jNXacaDagX01dhxpduJMjxdXN0fzzoEM7h8v5LN7R9XfVtxbQlhJGFEVUfhWuGNZq4NB2UoMy1ZjWibPT9VqHFoWiTufg1XTUkxqFuMgDj2hIZXwqgRia2NIqI4Q1x1JigA8WZx5Ql24KmVEufQGce0C/oyGdDLq08hUi96TSRaXrgA9pjyERAm8kmrjyW3P5pC4mO/+qBlkastAPYEWswizmUOchR5lof5kxwdTkBJOU0EavW1VtFcXissNIi/ChiSb2eT661GRLseFOogL8iI5yIUILxuBucDbdCl+NssItl0sDlqLcFdjwl20CHEzJN5tOVmiUo951HrOJN9uCslmr2gCjJu/w8/C74k7n6hHdzZ1xsPYE08DV1xNLfEw0iXAYAahrotJsH4ZV/0l2BssJlj3F3hb/FaOm06y9lQc572I97IV7OmIpiNzBXWxnrQU+tJXH053RTSbq6JprkxlsLeUtw8M8865dZw9u4N3z+/grfP7OXNumPvXD/PoxlmBrzyjR9dLPtrD3uFOhttyWCvPQG9DBm0tmbRI/ttXX8TYQBd3xRXfunaZaxcOcebMKd5/8OBnn8GvvpR77N5t7l6Rzzm2k+Obe1jXUEp2bDgOYo5mzJjNzBefw2zeFLx05uGvvxiXVfPRmf0qU3/zLM//6le8+MtfMvmXv2Cq6LVf/YIpoldEecmJ40Dfy979+8a1XzPQjFpkv1/Vnr0H2KOkctweFfp7NODf+9S6An5VSmO73ZpBaLZrwL5xo9ISfj1XLx3jwwfXeXzvAo/vnufhzWN8cOt13nxjP0N9HeKMG2iqq6KxpoKmWklFTQL5lvpamiX4aKiuZEiu4Xu3rwnM3+erTx/ypUjpMfTtN1/w5ecf8ejhfd6+cfmnSynker715g0OSdC0dqCPBvm8nCzJu8MkWHS1wUMCzmBfW1KiPAXo4tDfuPA2hw6fY+vWQyrQFYe+ZVSc+tAO2trWUigO3c3FFR9XFzydndX6c8WJKvXpeePDnb73zg1yHbXIlAcpz3Iu+XLzN/iZMVoYxi55iNeVxbOuOI7tcsMd7SjhaHu1AL+M091lvDFQyfsSMX50UYB+cUQtin9nfzvr6tKJ8nUnPtif0Y4abo4NcvtQv8Cujq1t+QzX5TBYlUlveQodRfFqUfsagblSj95XnkF/RQYjdbns663ik/c1zq4gJ1edak6ZZU2BtgJ0xa3bjcN9AugTDn2irnzCoTtJUKO6egloXOU8Lgrox935RJF7X3c3/zOv62cPsk0yo50C8bGeUvZ2FrJTnPnrI01c2tbFrjXF7GzPZ7/s/+yD+7z/8AGGtquZq7WYhXrLWGyoy2oTbZEh2jpLcfC0wsXHCQs3B3HgPlg52pNfXER4QjLhqTHk19bh6OOJkYMELh4+WPuF4hSRQGr/Poo3nSGupoP6kf009qynfWSU7l3HaN96hP7tJ6leM0R+8yCBmRVk1gxR2DJE7drdlPXsZ92ec5x98x6/Hy+Cf3DnJmeOjHJw6xqBcp5E/OVsaM5je38FLZJhJyWvorjEhIREcewFhrTnGbK21oqDaz3prdWjtngllYWGFKQuJyVpDuuHstWeAv+zr2+/+YqxnV1sXptNR2ssAz1ZDKzJpqzWn5xSF0prfCkRqGdXOKl90ZsHEihrDKFOjm1pS6O4IIj8HG9S010oFBeaXuBNfK4L+QKektY4iupDSS1xoaI9iCJ5X8fGSt57+H1L7Hclql7XU0l2nBNpkTakRFpL0GJFUrjlE7ArEI8PMfse6kE/hPlPAf2/AH5cP2w4p3HnMRNgDxLHrtS9C9SVCSbUxmwxWqxLWMWWNH22ZxqxI8+EXQWm7Cu1ZE+RObvyzdlfZMxYiRGHq604s8aFy0O+miLud84TXhlBdLm42KoYgit9MS/XQq9sBcaVpugV6GFeuQyrugWYVM3DoGqmuPfZONda41UdjnuZDx4SKMVXR6pQT6mPI74mgrjqMAF8tDjxONLEkSswz2oWNWaQ3Zgl29IF4nESRIQI0INkOVoFfJo499SaRPJbszl+4ag6aqLajudAO75G8wmxXCUwCaU8I5GK5BA6q7Mkv0gmxXUlMZJX5fouIz/SlmSHWRQ6T6faZwZl/isItluCr8k8nA2m4Wo0D5uVr+Kk9RvctV/CVftFwkymk+s+h+agmdS5TaXK7TUxM8osdpN4eEczhsDWtVvVYnZlVDh3Yy+BsyduAnFPbVM89fUl7zHFx1yLAL+VAvtZBBu/hLfZ87iunoqH7iu4607CbtlzOC15Do9Vs4l3WsnG1lIqclxoLnSiTf6/6nhzytOtaJC8tq1CfpsEo1sGC3nzRK9cg3Wc2LuDM6cHBcZbuHZylBvHt3Lp0hhXTo1x7+o5bl++wIUzuzl9eOxnnytlwp+vxV1+KHC6de4Ip3duYENbPYWpKbi6+qKjY4zOkpW4GmiR7mRCrdx77RHWVAZbkehihKPeChbPmcFzz03ileeeY/Xc6bitXi7XWAcXQy1WL57DlEkv8B//+i/8j1/+M//xi3/i2V/8M795RqTMLPbML/D39NCM73HwEAdUjYkOajQxHOzYmEgAf2BsXAfG1/d/HwTs2ydg3yPQl8BgnwbyexXYKyPNiZQBaTZuHOHk0V3cuXFcgqLdPLp3kbtXD3JoxwBvHNtCV3s9zQ21tLe3093dS19PD73dPXSv6WLP7l1cunCe61cu8cnj9/jTH386//r0k0+4dvUq++Rzuzo7KcrPITw4EGsLExbNn8WUyS8wVfTa5BeZ9sok5kx/hdXaizAzXIG9+Wo8HU0I8bMnJdpH6bb2kDfO3+TggdNs2rif7q5NdHasV7utKU59TecG0tLyNP22BXIK0BVoKRBMjI1Vv9AjicYKXAxINplLmvl8sq3nk2u9kHybxVS66dAhD8tQZihbyzLYWVPE1uJCNuTl0x2fypYCAa48XNdGqvjo3JBap64AXaljf/tAM1tbMxmqSePocAVvizM/N9rENgkIRupzGa7Npr8ynY7iBNoK4+mU8yjOvK9CeU8OGxvzBZbF7OspY0zc70fvaepelYlUAny8VXdtKxGjtamp+nusTEyewFpx3xNF6opDn4C6st3O0lI9XjlOOV5pEPekkZyc8+yZ0//T8Ll8Yg+b6tPZVJtKb0E4RwYrObulnQMDVWzrLGB7Sw6fPrzHX/7yF3xDvVlhuoo5yxeyxESPZTrarDReiba+DkbmhoRG+GHrYiNOMwBjGzvsXOyIjU/DOyqMoLgYQhMTsJWIztLNnaCoJIG7L76JGUSJ4/ZLLSKjaYDqdYcobl9LWXsf/YevMXj8Bo1rR2kY3EZEViX5jUPkVnfTOLiVlrX7qRkaI7dllLqNR9hz+h4ffaFxSR8/fsDOdY1slUBlndIIKsOb/Fw/kpOMSEzRFVguJyZ5Pk01RvTXmDHQaElfkzFVAoa2FgO6mhyIi5rDpk2Famv2/9XXn8StnToyxMhAIXu2yD0j99dwfyZV9f5UNgeIU/cho9KB1EpbqgZCSSq2I6fSg9rGCDrbEmlX6nXTnamqjaSmOoYiAXtSgS+ZtcpY8MH0bynnxPntP2jgdmj3CFV5oWTF2JMZbacqXYCeFm2rQv1vgT0hxJzEYFkOMlf1Y6j/pFNX5D+uv+HYfwB0cekxksYGWgsIYjT33Z4u1sZqsz5el00peoxm6LMzy5AdmQZsTNNhY6oOWyXdkqrF5oTlbEtcwbsHe9T7ML8vm1iBcby4woTqOKIrwzAr0kGvWBejMgvMyq3QzZ/F6uKZ6FfOEL2KXsl0zArM8ajywbbAjqDqUHWilpTaWIFynMA8QgAfLtBOILMulcz6THHlmSrMsxqyyRal1CQTVxlDRFkIUeLQ4ySgSK6MJa0igeSyROLLYogti6CwPY8LN79vNLltUwe58d4Uh1uR5alDsb8R60pD2dMYTXuyI7vaEmhPt6UpXovWiLmskfuuzG0KmVZTCNN9iTDzWfgZzcRNZxr2ywSwi17AYcVvCdZ7mVqfadT4TKfE8WVKHV4l1+plsmxnqoMBjU9yR1FkEa5mrrjreeI43wxXyWecjYxwMRGIWxmLi9fHQ1y5jzhxd5MFeK9+BR/d1/CxfFY+9z/wWPQ8DtN+hb3xswQHGtHakENalDlNOa4URiyTgM2cqhR9EsNNqchIpT7elXOnD3HjxhXef/8S9++/yRdfPPrZ5+UPv/+ajz94n3euX+b42D429HXRU11IT0E8a7MDWZfixHCcMUPxpgzEC6jDrClwNyXQWBudBQt49ZVZTH51DlpLtfCyNiM3yI3GBH+6MoJpSgkiJ9ILf0crDFZpMWXqDF58fhLLZs/CQW8VnuZyLUwNMVm1kmlTp/Lv//7v/EpgruhfBez/9swv+bdfPcO/igz19dTve+fOXQ4eOqRKgfmYoifjvB9U4f00wCeWlXT/uJ4s7/9eBwT+B9RtAnil++LoMI1Veexd1yAQ3yEB0kaigr05un8bb5x5nfPnz3P58lUePfrp6/vh48dcvHCBHdu30d7aSnZGBoG+vgJkQ+ZOn84rL7wggcwkVa+++ALTX31JlQJwBeYTQJ/68gsq0GcL0Ge+9iKL509De8l0Vi2diYHOIpztjJTZ1h6oA8rs3nuC4ZE9tIjzqq/vp611RIV7XW0nHq7eKsRdRIorV1xqaqKm6OOj9+5S4mkiIF9CqoXIfBHpVsvItl1KltVi8u0WU+66gsYAE7pjXOlOiKYtIpI1sdHU+QfSEBDOpthATsgD9sGxPj65uJFPLihar8L97vEeLu9o4sbuVs5vbWLnmlLWN+SrwFaA3lOWTHthAp3FqXSVpItbz2BY9o02F7C3o5AD3SXs6yvjQH8lh4eaeTw+WUV2RrpapK5AXIHzhJR1Bdi240XxFibGajrRB32iK5sSCChVDsq1UKoinnb0n3/++f8SfN7Yv4n2NB8V3ifW1zM2WCGBSBG7u0o4s1MzG1FLZ7vAfCWLtJeySHcli3X10DLQZb5AfcmqJbh52+Pp5YCLt4O4bxcBuiWGVhaYODph5++Hg18Q5k4OmLvY4xEozionF2/5HxyDwrAPT8IvLZuYijaSC5tJbxykcmA7BWu20rvjJCUd/ZJ5dxCW1URD3zZK20bYfvgsA6NjFIhrz25ZT+f2i9QNnaJm8Bj7T11/MsLcyf0jFOd6ExYmUbjjqzg7v0hs7CpyxBVmJiyjscSQ3npz9q73lf/PkKpifYrLV1FeuIyjRzr5P32dOrGFfnHn/Z3pDHaksW4gm86+BOpbwyit96GuN5DsVkdKOwPILPYU4IfTUhcrx6ZSUxZIbqErOQWeNDcnkS+ucM/h9dy+f+NJA7drF07S15JPTpyjOtCLkipSoK6sK1DPiLFToa4oNeqHjj0pzJIUyRyfhvpPgf1puD9x5kojuHH90KVbPIF6TIAVMf42ss1WTZXhSpVi957wJfRHLKU/cjkjcQLuJEXabBJtTNRik2ijgHx9zBKGIxaNT496iNh6pbg7RnXHihLr4rCQ/86o3AiDMhNMSswwKZstrnwqegrMy6awLH0GjjXW2JVaY1XkTlxjisZZq0qR8wiU5ZyZDSnkNGUJxAXmDVnjypRjkkioiiG6KpIwgXlYWShxFfIdyuV95YmklCYRXxpDTEmEQD2KqMoISgdKuXH3+pN74diWPmoiTWmOM6A7zYGBLHP21VhyuNOdbTWejNW50ZW4nI2lJmRYvUa+w2sMpevTk67HmjhdqkK0CTSZSqz5FMq8Z1LtOo18AbgyM12S4QskGE4i2fwVyuV/+kGG/uhD/Mxs8FvpgYOuM04mZtiZm+FruBw/fW0C7Gepjd0CjebiYTidAPPJArnn8dX+T3wX/ArHZc9j/9prOOhoMVwXwhsn9zG2bxen921X+4T/vKv+M19/9rGaT9+/eZWb51/n4pE9nNq+joODkp+2FjJSkUpPYSxNGZFkhQl4HcxxMtLB23gFiQ66VAZZ0pXgxmC6l8Ddj34BfHuSP4WBrgTZmLF66UqB9Bxem7kYA31jAtxdKYiX5ygvia6yTDokXy5Pjyc6yE/ySBsWLlrOpMmvMW/2HMz1dHEyM5FgxQgjXTErs2bzP/7jP/jFL37BP/3TP/HLX/6SX/3qV/zLv/yLqhkzZmiqM+7cEZgrk7aMcVCB+aEJqI+p2w78DSku/cn6+PLY+PL3YN+nwvzcubPcuvWuqrdvvslHH/5tYCsB7qMPxBSfO8PmjRtoqKsjNSEBP7kGIT4eLJkzjZd/+xteev65J5osAH/lR3r1xRdVoCv7Zk6drMJcAfiP9cqLv+VlZXCZ534r73ueKS89y5SXf6sCf8rLk/iHazd/x+tnr7N911EG1u6gQTLomrpuSkpbqarqICQwGku5AT0cHXER16c40ozkZA3MH9yl2MtAItnFpJgtItF8GclWWqRZa5Nuq02G9QpybJdT6LCcas9VtIeYURfgQLG7B5XerhLdOlDubEGvvxX7kky4NVrOx+dHxove16v16R+Ia79zrJeL2xrZ11vExqZsAXo26+qz6StPVYvb15Qkq/XlCszXVueo/dF3dhbK8SXs7y1lf1+F3LwNHBpu5fC6dh7d1RSHZaVroG4jD5elgFzpOqJA3X68MdxEw7eJ0eOUxnFPd21THfx4vbvteHF9TGTE/zJ0lNHkzu3o5+hgNcfXN7NdHO2OtnzO7NB0cTpz8RzLDFdgKA/a/FWLWWykz3ytFczX1Wam9krZp4WemREOrla4ezlhbGeFva8ruvK/GZoZYO7siK6lLWbONujbO+MSEIanfM+4vGLcwyJwCQ7BMzYd74waEmp6iMipJLttm8B5N5nl9eR2b8MlppSCls0M7Bjj6u332Hb4KhffvEP7+u0M7DpH28ZTZDXtJrF6hIKOTRQ1jfDhx5rAZsuWTlw8phAaOI+cbCMyUnRoqralr1Kifkl7Wi1JS5tGWOhvyUlfQn6+DufPjvLf9bpx7QQNtaG01kexY1M5g/2p6vCwrb1xpJbbkNlsR1lHAE1d8VRU+zO4JoVtgwVs6S+kriKMzq5c7tx9atSy391i1+YuyjL9xPk5PYH400CfWFbSLFG6QH1CT4NdVbi1CvXkUIF8iKWqn3LtP4B2oNJKflxB32+PkeA5ys+UaH/z8bp0S6L9rJ8Aff1Am/o7dopL7g0RqIctZTBiMSNRS9kYu4JRBeoJWgLyFYxEr2AoahmP3j7PdxLAZHemEV8fqc6WltqQSHJdPEmNsTiUmGOqdFUrNcQwTwuLqmkC9JfRKp7KzPAXMCnQwq7KiNXZxliW+JHckCbgTlOL1TMbM9XGbylyruyGZFGqWmee1ZhORl262sI9oSaW6IoIgXkYQQL0yNIoEioTSKpIIknceXJJIrGFAvKiMNWlR1YI9CsCRf5UDpdx+8Gt8arBK+o4CQU+q+hNNmVTwWqGMiWwjNOmJ1uXjsiZbCo2ZXOhMb3xK9leoM+WHF2G5JpUCsAz7WZIOpVix+kkm00lSf9lovReIVjrRcK1XyRSZxKjT01bO/E6tHMndmZW+BrY4q1jiLPkNx56i/E0mI2/yb+LW5/OpqEONvc3s2NzMaMDVbx56ezP3tff/P73fPDoMW+/e4sLly5x/NgRxrZvZs9gO9vaitlcGc9IfjDDRdEMSV45VJXNUHWuqrXKsmxbK/nnYFkq3SVJNGbFkB3pT7CbAx52Fvjbyz3maUlJhAtt6aH0FcUzUJpMv+S1HXnJFMSEEOzsgN5KXV6dvpCZ81diYmpJkLjP3NREGooleK4upq2ygMq8TBIiw3F2cmaFjh6vTpvL9JlzWa2rK3mvMWZGEgzqrmbe3Pn8569/wz//4pf84z/+owp2BeT/9m//puo///M/VYjevnNbA+QxjQ6MPbV8ULN+4CmATxyjbhMXfvv27Se6dfvWT17jP//5Tzx6+D7XLr3Bkf271O5nDWW5pIkJDXA1x3L1fAyXzmL5nKlMef5ZpguUp704iVd+8yy2JgYsnDmFVwW8r0wSQE9+SdUrL74w7sZf/F6yXzlmsux7ZZIC6hdUKWB/Wq9OUgKC36hgV5anvPT8OOzl/C+9xD9cvX6P4ycvSaZ7kEFxZf19W2lrH6ayeg35hTU42TpgIRfbwtBQhV3auDP/+OF9Cj11STKdKTf2PBJMFxJvtowEsxUkWWqR7WBAtqM+GQ6rybZbQbGLFnVeq2gLNKbcw44CRzOaPI2pctah20eXsbiVvNUdxcNTg7x/Zoj3XhedHubeiQEu7Wpl/0ARoy15jArQN0nEPlKnFK3LzVglrrwiSy1mXyvOfL1SzL5GXHlPCWPizMcGKgXmNQLyVo5t6OTY+k5OblzDh3dvavqMXr2qgthaoD4B7AmATzSSM5foUXXgCrStNC3jlXrzCVf+dIv3hrra/y3o/OVPf+TS/mHG1tawu7NI3HqGRNW3+eTTT9WBY/QtjdE1s2CpgTbLTY1Zrr+C2SuXMltrEQsNV4lTX4mZoymGthYY25rgKEDXM9XHyNoAfcPVmNpYYOpgj6GTBxaenvjExeMWFo97cDAhaWl4RqXiFpGBf0o+pWuPkNK4mSwJ6CKLKnFIKMInsYKs2gHOXrspAcif+erbP7Dr5GWG9p3h+KWbbBo7T2LBGhIrukmuHCIgrpaOnk1cuqIZ0/7u3cuUVnjg6P4yNpbPUpNlwNpSG7oyTclNXEZ8zDxCQ14mPOQViY538N/9unv7Il2diXS3xtLTGcPakTTKa8WBV7sSlWtAbp2At9aetqE4+kbiWD+Szukj237QwO30sV20V6eQl+D8RArQJ/Q00J9I2RbroLr0jFj7J5oAuwr0CGvSImxVpYbb/ADsin4K7LHjII8O0qQTcI/yNxaZqED/3qVbqzBXlBblwXff/YFzW9vo8l9AV9ACeoLmCdznszZkAesil7ApTpx55DLWhS3mQG2IZpS2Nw4R35AgQI8hoSFG0igSlSlRG2Lxq3AXoJtgXWGHUeFKTCteRbd4Cr91+lfmh03BvEyH1Tl6GOU74SywTVPqxZsz1YFjspuz1JbvaY1JAvMUsurEpdfLPlGa0v+8RinWDye0PIhARWVhRCrF6+VxxJXFkiQwTyyOJ6ownKhiBeiRRAr0Iyr9CCn3JrDCm9CKAFpGG3n4sWaExYe3L3N6KJV1GQaUhWqT47GcHPe5VPnPocJvNmtTtRlIWEZP+Dy6wubSHTKLTv/ZdMj+Oo/X6AiYRZX7NBINXybGYBKpJpPJtpxCkfNcrowN/8178MDoFkY7BtgwuPZn71VlYqTPvviSew/e59K16+w/dIThDZtoau+kuKKCjIJ8tddKQoZct7xCckrKKSorp6K8hIbSPNUR94jJGSxNYKg0kaGKNAYrBeI1BQzVFrJWNFhbJGk+g2KABgTuSh7anJ9CfkIEUYGeBPq4i8N0U3sHFCUG05ybQFeFHCfv664tobEoi6y4SHHj7gJlY6bMXMLshVoYm1vj6+NDWnICFUW5NFSWSVBcQklBLnExUbi4urJaz4Cp0+fxytTZLFuxCgMDI/T1DdHS1mXO3AU8+5vnBOTPqEB/5pln1CL4X//61zz77LMq0D/44AMJsO9y6PBhDh05LE79oMalj0sBuAJ8je6o6U9Xzf2RD95/j+uXBdgHdrJxqIuWmiKyE8MI9bTB2VQLW/0l2KxeiLPxMhwNl2BnsAg7w8VY6y3AQmcuQa6WAncb4eQqLI0NMNBazsr5s+TaOAo3tTGUvFlPezm6kl8vmT+bOdOmMn/mTBXACthfe/llgfpLAvMXeVmB/zjwlf0/BroCcAXoT0NdkQL01yYrDl0B+rGLbFy/V52ERalH7+8bpaV1iJS0fCwMTDA3MFD7oCeN15l//PABWa6riDeaSoLRDGKM5xCuP4cYo0XECdBjTVYK4OUhcdAjy0kD9QJHbYocl9LouZwOAXiprDfIOTo8tOj2XsaJzNXcavXl7lgHd44O8db+Xq7t6eHarjUcH65ha2sem5rz2NWaz3bJADbXpqldNLbKtpH6PIbrlP2FbO8sZq848wN9pSrMDw/Vcni4maPr2zixqYvXR7s4u20NV3b18PFdTV/xK5cvq7BW6tItjI2ftGyfAP3EulLErkgJbBQ3P1F/rvZFH+/Sdmhs7H8bOt99+40ELlWM1idy9eQudVtcegrLBcgmDo4s0lqGjqUlJraWLDPWZqHWYnXY1+UGumiZa2EqINcxXY2lgwmW9tYSBOjj5mmHmaUJpo4WWLm4YuruiZWPB7b+wTgFhOARqrTcbiIstQC3qFgCknKILe0lu2mY2IIq4iSwsw7LJLaknS1jx/lWQPDdn//CX0XHL77Nm/cfsfv1m+w4fIGY/DZyJBDwCi0gJaGVsrw6qtr6uHnzLf48XqdYV+tDXsRSSmNXUpe5kqLIFeTFLSMlehnNDS68+85Z/m+9vvj8A3buqKOlLYL+gSR6ehNp7YklOdeC/AYHwnNXc+HNgzwa7zOuVIC+8+ZFRnqqKEzx+AHIfwrqE+t5T0kBulr8HqfRBNCfduvpkbIcpQG8AvUJxz4Bd8Wx/5fi98AfgnxC0YpDV6EucPcz+0Gxu+LUlfT8aU1r9TWBi2j1m0e772wVWN0Cs96AuayLWMKIuPah0IV88PYbatewnDb5X8U1J4ozj60NJ7YhXMAu109AHF0Thn62NmZlEjgWrka/5FWm+ovD8Jgkjn0hhkXa6OXIfVnoSkB1NJnNykxrmaoyG1NJq1datSeRJWDPbcggrzFXoJ5Nek0KsRXRhAnEg0uDCSoLFZceJevRRJRGEyVAj1UmTSmOIVJgHl0STlx5tBoAhFcGEFTpRVCFlwA9mOiqcCLle/bvGeDTLz/VFIffv0p/QQgJ1vOJMZ9Bms0sUu2m0xi8kDYJcNoC59AuEK/1fI1mn+m0+M2iyWcmVS6vUmI7WfKaWnaJ9vTVsU/SO1fO/Hxd9Xd/5NPPv+LBo4945+4DLr55ixNvXGPvoTOsG91Pu+S9Vc39FNV0kFFcSWhCErYubpha2mBsYYmlrR0u3hKkREUSm5pOen4R+eVVlNXUUqO0sq4pp6O6gJ6qPPoF1v01ufTV5NNbU0ifgLi/oYw+Ua+op75UBXSXHN9RmUdTUQYFKfHERwQRFhxIeJA/MWEBZCcrs82l01wpbruuipbaSiqL8kmOj8Xb05dVBuZMmb2U6fOWoW9siYe7N3HCitzcTMqKC1Xl5eYQHhmFk7Mr2qt0mTJtDs+/NI1Z85eyQluPldr6LF6qzYyZ8wToz/MLAbla5P6rZ2T9WV4SuE2ePJkXXniBS5cuqdWa9+7f5969e9y999NdWb/7w7c8fO8e1y+eFYe9nc1Da+ioK6Y0I0aeKbkXHQzxs9PHV+Rtp4eHtQ5uFqtwMVuFveEKnIRl/o4mOBmvxMtajwiBfJi7tTx/yuQ8XpRkRbNluI0NfY30tlXSUFVIQVYiTRJAdSvDwHbVsmmwlfZ6uXZN5WSnx5OXlYKzvaXansDMUIfli+Yx67XXeO2VyapLf+k5BdACc1UvPmkMp2gC6ArMFSnrGqBriuT/4cq1uxw9el4cyV5Gtx5m46YDDI/sokdurMCACMxWG2AjDjU5Nm68sdMjIm0N8Vg8iYjVU4g2nEGE/ixCdecQvGoWEXqLBOhaRBpqnHqWvQ4Z9rri1nUodFpGod0CmlwW0+K6mBqnpXR6rqDHV4d9KdZcrg/l2qYGLm/r4/S6Lk7JhTgrQD47WM0xcds7WwvY117IkTUFHGzN4HR3PqcHKjg5WM7OjlJ2dZZwsFdx5UoRe5VI3jfSwnGB+fGN7QLzToF5Fxd3dkug0MPlXb08uqWpY7t+7ZrayE0tchdoqhL3bWuhaf2uuHelvlypY1fArwBdgbvyHrUe3VrTpe299977P4KO0p3h1B5NK/mRzRuYv3IFqy1MWG5kwBJ9bfRtHVlptpp52ktYJusufj7omIjzsTVCz0QfA2tx5TZGrDJZhZOfB14+rlg6m4nLd8Ddyw87F3vcw4Ox9g7AwcuHqPRs/BMyiM4pISQ1lciUPGJyywlIz8MzIRfbyGxcYvKIL2nk7sOH/Encw1ff/J7jyghPX33DH/kLdx59QmxRN/ntmwmMr6ayfC15IcXUVrYzulsZH/oQN04d4vFDTXcXZbrAxjQj2qtsyRAHWJVtQUdTAJ98fJ//26/PPv+QrsE0untjGF4vDm1zDrsPyj1ybtP3I1F99JADO4epzAl64rp/DuTq+o8g/rRylfcrDj7ekaxxTYD9abf+RJHfu/UJxz4BdsWpxwWZqfoxyJ/WhEtXgK44dUWRPpZE+WrA3lSh6Z1y5eAmehPM6Y5YTXfgUnr9F9ETsJD+4EUMhizkQHWwetyu43tIqk4VoGeSJNBNqldGdUsgVcCc0ZpFZksaXgJP8zJHjAuXsSjxJWb4Tkcvfw7GxSuxq7bFvESeoRpfEuTYFAkC0uX9ytSpShc1BehpDcrocInkNmWR35QnQM8hVQL3WAXgpWGElIQRXhJFZEk04aWKIokujdWoWFx5scBcnHtCRQxxlXJcpQQAVT4CdX/CK8IF8pFq3Xp4RRRRVXFsGNvAl19/OT440nnaMrzEnEwixXwKxU7TGMzz5OC6Oo6sq5c8pOHnS9j+8le+/uYPajXTnd99wLWbdzl76SZHTl1h9+E32Lz3JINbDtG78QA9G/bSNbKbNet20bluJx3DO2jr20Ljmg1Ut6yltL6b7NIGEtIL8AoKRUfc6/wFC5i/aKGAbxVWYiC8AwOJjE8gIzefQnHnZdW1VNVUU1tbLsAtpbOmRB0Vr1PcZodImRykQ7Z1yL6OmlLaJW2rLaOtpozmKnH2FYVUFeeQl5FCQoxco9AgQkODCZe8IjkpluLcLGrKiqmrLqeuqpziwnwV2m5u3qxcbcIrMxfz6kz5fjqG2Nk5ExgcRmKSBGkZGaqSkpNlWyh2Ds5o6xowfdZCAfprvPyaONZFK1iwWIs58+QcU2ZgZ+9ESWkJxcUC3rJSCVRqfqZHy9c8uHeHa+dPc3TfdkYHO1kjQUpFZjRpIa5EuZsR4WqidjUMcTVSFeRsSKCjkQrzCalAtxWgW+lKaoCntSHuiiGSvDQ50p/qgjSaynLZ1N/GzpFu9m3q4cTeDZw+NMq7145z69ox7lw9xt2rJ7h95Rhvnz+o0aXDsu8471w5Kt/xAJfP7Ofs0d0SWCgTuKyhLD8NPw8HXG2tWbFoPnNnzBCAT1HhPOHIJ4A9sfw00Ccc+oT+4d1bD9W5zzdu2M+WbUfYIEBfJzdcS9tarEwtsTAyJCNJM+fxxx8+JszZFufl83FcNJlA7ckC7pnizhWgzyJEZ7aqWIlmkix1NEB3kNRiCSnWK8myXUGBwyIKbedT77SEOudlNHqY0xkewGBCFLsK09glN9eO2gr2ys22q7yEbUWJHK2L52JPIZcGSnm9o4ira0u4syGfj3fk8tmRNh4fqOf6+hrODzdyam0NJyQIOCo6NtLEyY0tnNrYxpnRNt4QZ35RQK7ogkD93LZujm9YI3/EpSdQV133+KhvCrAVcCsAV6TsU4CvVEEo6xPHKamyL8jX578NPHfkJtUWQK8U920kjnyB9mK0ZF3XypQFejpMXzQHJ18/fCNisPN2EVA7YWxtgrmDKatNVqBvoYupnRUWtsYY2ZuJq7fFSWDuFqDMwBYhMPfCKzwU37g0fGNS8I4St5ORTVRqHsEpWXhEJ6DvFo5lYDqe8bkkFTcxdvINPhJ3cf/hY05dv8234tL/9Jc/MXroIjlNG8lrGqGleytlKU0CwybqO4Z449QxLh3ZzWhXG8U5xRw7q7nW7927xK6NmaQlL6e/L14i7g/5/+v1+99/yb6xVq7fPMzDx5pGkt999y0Xzh2R6D2TLIFpVrTdE5g/gfbfAPrPgTz/R6DPHYd6zjjks+K+d+1PO3cF6qpjj9CkqmMPtyYpzIqEUEviQyyICzYn9kdQV5z508vq+lON46L9rZ4Uuyv6WB1J8a/8/stPeHTnBu+ePcCFbZ2MtaawMduJkRRzte78i6++ELBmkFApIK9NEZgnkVyrjO6WQU5rPnlthWQ1y71TF4VnbQCu1frMCHoBrYwZGBTNwqhQH5sqGyxKjfCo9yFe4J1QH0lKXaTAPEGFeUqtBAd1cSKBfFOGAD2H7AYF6KnEVgq8yyOIKBGAl8QSI648qlRx6JEC+DDZrhS1RxBbGE2C7FNawsdXRxNZFUxghQ8h5cHi6sPVbnaRSj28AD+0QgkMIkisSGDPkT18+wdNt6Ld/TWUOk6jM2Qe57dr2hp8+dVXqhu8fOUqx0+e4eCxMxw6eVGeh0vsP3GZ3UcvMrr/LJv2nmbdjuMMjB6ib9OYgHu/CnBluX/zQVXKcu/GfRqor99N9/o9AnSB+sA2mrs3Ude+joqmXnJK64lNzsbZ04dFS5bw4qQXVIc6e+4cdPT0sHd2ISgsnOT0DPKKiikur6S0opzKqjJqFEBXl9FYVSqOsYR6db2UWtlWqwBZ0jpx8rWiGlmurCyhvLyI4pJ8MrPkesdFESxADwgOkM8IJjY+jszsLAqLiwSwZQLbUrJzcgiNiMLGwY3FK/R5YcpcJk2dw+LlqzCztMPTR657hAQG0dGERWnkHxCkOnR9I3M5fxR19c3UNDSrQ73+pMER8/Do8YeclXxkdKSPtWuaaK7IoyA5VIJbB2K9LIkWhkxIAXikm6maTiwrUoAe6mZMsIshwU8B3U+BuYMB/k7GKsgDnZXqLBcKkiKpK8xQh7M9tn+Ua+cOc/ets2JGrvLpw7f4+L3rfPS7azy6e0nWlfQNHr37Bh/evqCm7988w4O3TvP+O+d4KOuPZfuHdy7w6f0rfPbeNR7fu8pD2Xb9/CEO79lMaU4aMWG+GOtpsWjOTGZPe5UZUyYLxF98qp78hR8Uuf+42F0F+kRLvY8lsnz73fscPXmedXKTpWeWYGqsFEGbqEXSn33yMXZGOmjNmoq77lJcls7AT2sqiebzxJHPI8pwPpEGCwjXm0+CmZYAXJy5nS5F7nrkOWkRb7aYRLMlpFsuINt6DiX2K6n1sacuNIWamGIq40qoSiigOrGQsshwGuMC2Jgfy/qMAPrjPdmY6cuhukRONOdxrqOAByPZ/HFfPrw7ALcH+eP5Hh7vWcM7Iw1cFZhfGanl0oYWLgnIL29rk4yqjSu7xJnv7uPSzl7Obeni2IYODgx2sK27metvnH5Spz7hwCe6pk2AXQH3RDpxzEQ3N2VbWVHRfw9wvv09zr7OLFu1EksnG+atEseju1yWHdU+5oZWtiwzWE5oYgbuEvVGJKfgKQ+glbMJ1tbG8sAsZbW5PqsNV2HraoG7hytWNha4etoRHRaKq5c3jt6u+MfE4xgchVNwMJ5yzQNjkwiJS8cvLgEz/wgM3KJwjc4hMC0f36QKonKaqezcRl3/KF98+5049K/4y1//zM5j56kb3MOQOJD9u09RkVpLfVsfJ0+e5PWj29k80EVNURXphbWsHT0mmeFV+Y2a7m17d7fy1Vef8v/qde/OW6wfbCBT4JsYaaX2G88WiObE2D+B+U8B/e9BXFmeWJ9w6Uo6oey4H7r1CbArUM+MkW1R9irQFaWIa09SoC5KFLBPQF3RBMQVwMf+F+duPg5zyfD8LH4A9F1bhn66oaYEal+N1zdv2LeBKHHFsaVxxJXHEi/ATKpOFhjnkNOST1qrwLwmjqSWFALL/fAu1UE3/yWB+QJsasxxbvbDpcEb+2pHAqoCiamJJLYmjITaKJJrNN3Wkqo1UkaDy2xKJa8lm6zGLIG+AKY6VkAcSVxFHAnlCcRXxIsrjya6LPpJq/YYce7JAvvEylgSquJJlPNGVQcRUhlASJlmAJwYcfpRFfK+qgRVsWXx6m+KL44jvz6fk+dO8qc/a8ZSePdYPzcPdvHHP/6RgPAwfAIC8Q8OJ1IC4OySJjqGdjGy8wRbx95g55FLbD90gS0Hzqnb1m49okJ9QoNbDqvbhrZpNLhF4D56gN5x9WzeT4849s7B7bT0bBanPkxJbRvxaXm4ePmyZOkynnv+t0yaNIkZs2aKS9fG2tYev8Bg4pKSycrLJ79YHG2JwLa8lLKKUipUuJdTIVBXIF9RWSHLlZRXVkpaLmmZHKc5vljccGFJMbkF+aRnZRKTEE+w5BN+QQJ0celRsTGkpKeRlStBVn6BfF4BiakZck2CMTazY8a8lfzmpRkC9LkCdx1MLcT0eXjjHRiCT1Do9/IPwtnNCwtrR3r7NA1+P//8M956602OHj2s9vtuaq6XYCGDsLBA8vIKqa5tpr62AW9rAxwNlhAk4NXIiHAPE2K9LVWox3hafA9xd1MiPDQKFymu/AnMRUHOAnAF5vaSCtj9HGS/uwQGkudmRgfRXV/G2PYRbl05zafvv83nj97h88dv8/Unt+WZuMU3n97hkwc3+PyDt2T/DT57eJ3H9y/y0Z3zPL51VoCugfkHAvOP7lzkk3uXVZB/8eA6Xz18ky8f3uCLx9f48sPrajDwvoD+7LHdnDy4ncqCDLKT4lm2aDYzp77CjFdffQLyCYc+4dJ/Euh/6/Xw4SP27tnL1StX+PqLz4lxs2amRAsLXpuKt6EOQUYriDFZINBeSrHbKrLsVpBkvlTc+VIBuj7ZDpbkyMUq8zKk2lePLAF4suVSMm21ZZ8RBZ4BlEZUUhzXQX5UDVkh+US7xeFqn8LKla7MenU6WnOnE265imp/M+qD7RhMD2a0KJOdZbmckwf+vaFs/nyxDz7dyV//cFJy54N8va+Ox5uruDdYzL11FTzY3sT93e3c2t3JrX39XN/Tx9ntvZzYuIYDazvZ1tPMhvY6hpqruCRRoOrUx6GudmEbL1afcOcTfdYngK6AfKLIffPGjf8tkGlrb8TIyggjM120jVazZNVSFq9ezQoTI9yCgjG0c8De3xdTNw88wiVDyyoQoAfgGxmEsak2ltaGGJmsxsRiFf7+roSF+OHu44SznyduHu44ujtg6+2Fg3eguPRIHPy88QoIxTMoBu+IcFwiIlnl4IO5Txx2IdGEpBfhHVMoKsA7MZf6gZ0MiMt4/PFnDO4c4617D7grrv3zr75h19gZqht72XfoIOdP7Ofk3lE6quvIya6ktnOUjduUaWxPceLwST759LP/JxD/6qvPObRvI2W5IZoR2oJNNX3DFaBHa9x5bvT37lxJn4bz34L40/pbQP8xzFU9VQT/tFS4q13eFGn6tKdLmhqlAXuyMrrZONgVx/633Pr3Mvse6EojuaeAnpsU+Hev1UeffaTWSUcUhavF2tHFUcSXJZJanUpweRhOhXaYZBugm7kU05yVRFZ74lUqgWjVAvTyDDArc8apLgKnmnB8q4KIFJirqo4kpipa7YqWKAFCYlWcKFaFenpjikA9Tdx6CkkSxEcpfd5rBCrV4uIrk+SzZXtFIklVospEksVlJwrsU2U9uSpe7QKXpAC9KlRtFR8hrjy2UglEEtRShnj57nHVSfL+ZFLKE0krl8+rziKzKovK9nLOXz//g2sQn5ZKQGgoIeFRJApkS2rX0L52p8D5qOrMFahPuHMF3oor716/77+oZ4PGmStSnHm3QLx73W66lKJ3Bea9ozR0rqe2bS1F1S0kZebjI9Berb+aVyVzn/zKZGbOmcNKHV0V6L4SZMQkJJKeLYFVQSF5xcXkl5RQUFpGoThppaFcUbmk5UqjuUoKSysoKKkgXxx2rhynStx9TkERWfl5pOVki+NPV88ZGhlFYFg4wZIXRMTGE5+cRnJGNmlZ2aRkZBEdlywGwR9dfUtenblYBforMxawREsPY3Ho9u4+uEj+4uLjj7O3n5q6+gjQvQJwcPYiJU0ziVdmVhrmFkaYmRtiYWmsLmskztnXj462blJDAghQHLWj4ROgh4jCXIwE5hZPgK44caV4XVGYuwnhbiKBe4iLibhyY9WVK+9VUj85l78SFHhZC8yt5Bnzo7YgjSO7NoqrFhf9wbt8+9l7/P6ze3zzybt89/ldvv7oNt9+co9vP70rML/BJ+9fFbBfEbd+iQ9unRkH+clxnVL1/s3Tsv0sn793hW8evcWXEgB8LakC9K8+vMk3yvjwH7+rft6D2xc5eWgLTVWF+Hs54WBtgYHOKhbPmyVu/WW1CP5pgP+tovd/+LsNtX7/NR2pfjitnMWSGa9hpbuaIBtTEmwNSLNbTpmHHhXeIk998hx1SbUxIMnGkkwnyczcnCiWyKdGMpIafxPynPXJdHMm3U8eotB6ksJaSAypJ86viCifAuzMQlm4wJ5p0/R46blJPPcfv+bFX/+aJdNeJMZsBcW+brSlJNEvkeL2imIO1WRwd3Mdf7oxAn++CX96C24N8dfX2/lmbz33e9P4cF0+X+9u5A/Huvn8SBe39vSIO1/DweEWdvQ2samzgWGB+UBDOUNNlVw5ffxJQzmrp+CtpOaGhlgaG/9gIBplXQG7snzj2rX/Y9ickaDC1l4+w84EE0u5ye3N0Dc3wN7PByM7e3Hd5hhIEBGYkk5QYiq2fiEC2nh84qJw8/VB12Q5Jlb6EjnrYOWgT1JCOJ7utuLeLbB198TS0Q5rcepOkhkoo8nZeXngEhCAh0TT/tExuEaEiDP3xcA5EBvfEHzFtftG5eAYmIxndJq4mTri85qp7t1PWvUANWs38/gjpXvaX/grf+KdBw8Z2rqVEwd3cmTnBoZa6ynLr6Sxax0795xiy57X2bf7CFt2jFEtTuSbcaf+f/uldA28ceUs3c35AkELdfz0CZgrA7yofcKjrEmJsVX7kOfHamCen+jyk8BWVJjkSsHfOebHdelKI7knLn0c4tnKdpHi0J/AfbwxXZbq2G3FuTuoUsCeGqUB+4/d+o9du0b/tU/6hN66dvFnr9uABL9Kq/Hw/FAiCsKIKVScejzuJXboZc4TJ74E/Wwt9AuWoZszh6BKU/zL9WVZgJ5tLlC3QSfJBLeiWMJrkogRYEdURREukFXqsZXZ2hLFLSdVKbCN1UBd6d9em6C67JgaCSaqQ4mTICBJ9mUIzDPluU+vSSejIZt0pSV8XQbJsj21Ok2gn6wW3yvniJXPilLce2mM6sYTK5Jkf5oEDSly/hTSlPNUpQvMM8isyyJLqW6pTZdzplDdX8bvPtC06cgrKiIgRAG6/PakTPKr21WgKwBXYL7t4HkV7Ot3nWR4+7EnRe5q8bqSbtYUuSt16MrYDYr6Nu2ndxzuipT69LbBbapDV6Be2dRNdmEFYVGxAm9rFi1ZyP9H21uGx5Fli5bv78zcO/d29+3ugq4uNJTLzBZYzMzMzEoxo8VkyZbZlplRZmZmZmbmMlV5zT4hS6VyVfeF98af9xeRqcxQZioj1l7n7HNO1++707t/fwyMTXBwdycwIlIMXd5Hbj6Z+YVkFReTLVDPLhlBTmlZW5SUkVtarm2zi0aQXViqFdJ1jnQx7hQ5hi4nD11mDgkC77iUdBLSsiSZySE5M5ckiUQJXWYeiWnZBEfJ63L1ZYCeOV9815vPvv5BK4obbCjXLTFwZ68ADd5ufr8A3TMgFO8gEQf/MBycvbTPtmlUPXb2ci21s8TeQa6jdhZa2NhYaTGyqg4PMwGyq7mA2ULAbN4GdBczItxMiPW2+HXTuruA3s1Ua2JX2wg3s44koL2/XAE9wtta2ONOZqwfTRXZbF45m/PHdmjQfvvsGq+eS7y4zksB+evHl7R4fv+MxCkB/BmB+RHuXzvInUu7uXV+G1dObuDa6Q1cPLaay8c3cv3UVq6e3ML101vF0veLmR/n1b2z/KhMX4D+4sEZXjw6x4/q+E+v8PTeeR7dOcODO+c5eWQPy5fMpLGujBA/b4YN7KtBXU02o8CuwN1eKNfZ2rWiuH86fOLdW1aNHUFjpCNJTqb4W1oQ4eJOjkAg3cVKjHsghS6DqfI3othdnzxnBXkbeawTKa6eZLh7k+MuFzxfdzF1F0p8vUj3SyTGt5hwv2pCfasJ8S7HxyUTO8sM9IbHMSD9GF2CWun2bTe6fP2NZB+f88f/91/o/vlnOOkPJlO+FA2ZhUwqrmZJeSl7JtRzf/U40a6DApQLAvXtcHsRnGrh8bIizo+N59bUDN6uqhRaTuDt7hbubJjC/vljWDaxjtmjq5ghIJ/eWMmCMfWsndbM5SM7Oprf1bA00+GGAndzeY0W2pjJ9kp3BXHVn94+w9ybf7Igy3/l3/17dwkOcMbD1QJHRwucXe0wtNDD3t0RI2tjgsSmXbx9sfPyxEbs3Dc6lpSiGmwF1G4R0RiaGojZi9UbDMTcaiheHla4SkLg5iqZnq0dxtYOWMnfzcbDRQDviaOPN04Bvjj6B+IXEYt7qC+2gQEMsnTBzN0fD7GSiKQM3MKSBeiJBCalEpaah090DvYhWfjripm96yxlU1ay7+BJfnzzllnL17Jp8zr2bFrFrLENFOeWMXLCTI6eOM/C5dvZsGE/K1du1YbAzVq2hcuXb2qrx/3/9e/uneu0zp9IbqI7CUGmAjHTDph3Brqa6CUt1p7UBAcNpO2G3Q7r3zPuj+1cPbbz4/8R1NuHsmn7SS6/qpLPS5bQuX2AvPq5k4SjvH6HD03yLgJ1pw/j2H+Benvf+u/3r1t+ALndr2CuYvLoyn+8iNDd65oxJ1cmCMRV83YciSOScSt1Ry+/HwYS+mLlxrmSQJYYYpQ3kMA8M3JGB2BVrC+gN8Eg05ChibKf4YufmHSsAFf1X0dUivmpceR1AuHaDLF0HUmqSb1GR6JYtppFTs0eF10dRpSYvVphLaUqUWCeoVW/56oqeEnOchrbIlvuy2nIa1vIpSGV9DoxcTmmgriuPIXkch1plakC8UwtAVCRJUBPE1PPEMBn1amFeTLIVKBXNQKSEIydP0r7HKrr6rUm9zDN0PMobZjAxDmrNCtXze0rthzRoN7Rh750Ey2LBdrK1gXiLYs2aBCfsWSjFqrJXd2eunCdBvb2GD9rOc1i6U0T54mlT6Wooo6UjGz8JZk3szJnoJi5vqk5lg5yjQgIIiwukfh0AW52gcC4kFSBeprAOb2wmAyxbm1b0Bbp+UWkSaTmyeNy2kOBvAhdriS52fkkZQmsxb4TxcRT8+R5hWUS5do2vaBUuy85q4BYXSYB4fFYOXrRd4gJf+/aV+y8H70HGTLcwkGSDT+8AiPwD4uRx8VK4hFLUGS8lgSERCcSGpmAp0+w9tkuXDQXB0cr7OxsBOjWGtw1wNtaa0AvKSkmITKUQOfhWlO5KmjTQuxa9YVHiYm3m3n7th3q4S7GAnRTLQnQEgEx9VAPCy3CvawoTAll5rhK9m1t1UY7vLh/QYz5otj4VX56dYefXt8Vob3NGwX3R/Kzu6d4cfuEBud71w4L0Pdx69xGrp5YxcXDS7l0ZAnnDyzk8uEV3Di1kZtnN/Pg8i4eCfif35Hr40Nl/eclIRCoP77Ii6eXeXivrSlfNeO/FPP/8ekNnj+8yf2b5zl7bA+LZ0+mKC8VvUF9+EGEuvu3X3bYenvRXHsfu7r9T4D+XjKLc+xfuZA1U8cxpSyfkgh/kjwcyA9wJ8/LQhuiFmX4PTqzHmTa9CfZWp8Ya8mOBB4x9q7E2bsT7xxAslc8KX5JpAdlowutJTx4DOHhk4mJmU5o6HisHSrp+YMpA3oa41a2iz6eo/jkky/59JNP+frLr7TS/f/49z/Q5/uh+FvbU55cTFNuHfOratgwqoZbrWN5f225Wv1cXvZh3v98EF6s5f3RidyYnsnJxkjuzkyD3U1waAzvj0zk9pox7J01kqXjqjVDnzemjjXTRrNz4XgOr5Dnndj5AepHO1ZcU5PQtBfAtTfJWxgZafelJSf/bxtkVmYCHs5W+LhZ4eFui5unPTbu9mLatrj4uGOupp0VACfICegSFIpLcAQ2AnPf6Dic/QIkMzbBKyCM4WaDsLTVw0E12w8fiJ2bBWZyshjZmGLlbo21uwsm8p6sXG1xlYuFm28IHn6+kkX7McDcFj0nT2x9/YhKTSNGkie/uFTcQuTCqkuTkzFV7D4Jh8BIsbaRVMzbT0R2Pemlo5i2sJWlrUvYsnYZ6xaIvZeUU1Y9gQtXr3HjzgM27zzO9u2HGT29lYmLt3Lo8AX27D/BrctXePzoEfcePP0/AvHXr35k7461NIwQQ5NkMy7AWIv4QBMSg81+BXQ1n7qahlUBXfWfq+btvE5A7wz1wv+k37wz0P/Z49vHp+d+iM5Az5fnKKDnfgB7frKTFjmJjh1FdO3Fc8rU25vf28HeGe4JAvbYECtiQq1/F+YqksNcePH82e9+jpMWTRDYfrBnga2uUodPYQDDc/QwLBjEsLz+YuEGmOQZYFFgjGmeFVZZrriU2DMs5xuJr9DL+oEhqQPRyzDFJNeZ8OoUwsXEw2uSNLinqPnZBaZJVSmSPGSQXJ0ukUJileo3j9CAHl0TRkxNuLZ0qjLwnIYc8kcXUTimhILmYgF7Ebkj87UpYhXQ1Zzv6bXZpFe3RVqlgFsMPUMAn1UjZl+XQ6YYeXptmiQSkkRoTf1qpjqdNpVtitZsr9OWb1X/xk+chG9gkHz3o8nILqKqcTLjZ7Y1uat+c2XpC9fs+aXJXeA8Ye5Kgf5qLSbNaWtin9zJyNVt1dQ+QY4zbsYyxk1fRnPLIhrGz6ameRpVIydQWllHXnEJickJ+Ab4YePihq2rh2a8gZGSECWnCtCzSchQ9pxHsjJsMe0UgXZ76HIKSMkp0LY6AX+SBu62aE8EVGhgV9u8AkkESsTyK8gdUS1RQ15ZW2SXVJKRP4LE9HyBcxL2bn6aoX/TYxDf/jCEQQYiPM7eYuFRRMSnauCPT80W28/StioS0nKIT84kKDSmbXISeocAAIAASURBVCbH3dtxdLIWqNvgJNc5RycbzdTtHWyxt7eV++1xdrTD18Goo/87TAN6277WVy4sivQ0J9rTvAPoEfJzBfRwl18K4IJkX5l5tJ8dNQVJLJvRzM0z+7V+cNX0/fLhBV49ucS75wLzVw/4+c1D3r99xE9vH8rt27xTNv3grAb2RzcPcfvSdm6cXM2F/Qs5u3c+Z/cs4OzuRVw+JEA/uZY75zbx+OoOnt06JMc/IzAXYIvpvxEjf/H4Kg/uXuDZY9WEf43Xj65qrQP3rh8X8F/l7bM7PLl9gXPHd7F0YQvpumicbC0xG64nUBcm/v1vmqG3TxH7nwD9vRjvLd7du8zTK2e5evggRzdvZv28aYwvyaAg1I1iP1virPQJGNYLn0HdCBjanZDhAwg0kfvM5AO0sCbK3pM4j0gS/eQLFzESXfxUcnI2kpu7nqyMVnS6xZJ9TsDYZTJdullg1HcwPSXT++tfvhagf8U3X33Dd99+Tc/uXej61Wd8+kUfbI3kohiTT116OXPKitnQUMCd5XX8fGgy71+sg593qV5weQsSL9bL/1IujI3lwphI3q4sEqjXiL03CvebeLqxie0zGlgwto7VU9tgfmTlFE6sUjFVMq0dAtr3WvW76id3/DCnu7L19n7zdrBPnjDhfwtCM6ZNFpu2wNfDFm/VvBTgipuHNf4hvjh4ueHo7YWlu2S/AvaQmDji8ovJKhuJZ1gYFgLo4Wb6xKalEBqfgIHlAKxsDXGwM8XJSQCWGo2VkxUWYv627s7yc0tM1ZSNAnhbV3dcg7xw8nHCQN5Lf1M7TJ3ccI4IwSsyGd+YVHxC44hMTGZEUS5zp07E0TMI77gE/JPz8I0tIDxRZfhltMyYwa6NS1m9eDrjayrIL6rh6JkLkmD9zMvXb7h97xFbD56hduYGjp66yZHjl7ly9TZXzp/WKoYnL9zIucvXefP23f/oM7x++Sxzp9Rp64DH+g4nxm/4b4CuWXpwm6UrO9dgHmVDRrQdWbFtze3tTeMfN6P/np1/DHt1++Pntj1ebd0F2ircOvrnfwP0Tpaen+LeAff26FwVr6CuLL092uGuIjnSTszGnrhwW2LDbIgL+WWmuI9j24YVv/ksL1y7QNZI1ZSdiq5GNWErc07ELNOKYekDGV4wGL2cIQzPGop5gRn66VYY5rhjVBAipj6EoVlfYZDVA8PcYbK1wqTQFcfSIIFzGhEVyUQITOPUlK8NWVpkjMwhe6QYdn0u6QJdNQtcbEWUQF8SydpgsfQg4tSyqdWx2uxyCugK5ipym/K1pvdMeb1pctyM+myy6gvIrikko1oAVZFFenmigD2ZzBrVXJ+jVe3rqnVaH74a4pYox02oidVmo0usbFv0RVm++rdg0eIPhh5DksCpqGIUjZMWaH3lqghu3sqdWlO7alZXAFf94WOnLWXs1KXacLQxLUtkf4l2v4px05Z1/EwZuWpmb5o4v62pfdRUykdOorxurCTDDRSXVZCVk0VcQhx+YRF4B4cTFK3OxxRiUzKIS8vSLF0BvR3SCs7KplWk5Zdo8fFtFcq6M4vKyCou74hsScJzR1RRVDWS4upGLUpqmrStui+/rJb0vBFEJqTj4h3MUCMbuvYaRve+huib2Wv3hcWmoMuSz75gBFli+FkFZfJ7ZFvUZvupOSWEiyScPH2WCxfO4enl0gFzFWrfyUmutwJzNzdXYmNiCdCM/BfbDnE1bgO6j6XWX66K3iK1VfDa7DxMYK4i1Nm4o5k+RIVYem5iILPEzC8c3qT1c187u0dsWwz9wTke3T7Jg5tnePpA4P3ilhj6HV6/fMC7V/fboP7yKq/un+bR9YPcv7xTxG+VAH0RJ7bP4uT2mZzbO1eAvohbJ1Zw9+xaHl7ZLkA/yEutqf4Cj+9f4ubVU9y9eU72r/BIIH7r8mHt9z9TLQAPT/Nckobn984J6C/y9M55bl87wbZNrYxvricqzBdj/cFaBXy7rbePUf+HQH///CrvHx3np0enJSSLuHqGUzs3s2nhbFbNmMLUKjmRwvyJsTXGX78fLoP74NSvO64De+A5fCjepqYEWdoR6RxKakgpubFjyclYSGHBBsor9lBevp2S3KWkJ0wjNKQZU88WeuqlYzTAkh8k4/jrnz/jz3/+nK+++pqvv/6Snt2+oU/3b/ji7z2xNgkiJzKL5sx85hWksKk+jdutVbzcUM77mwvg7SZ5AwL198fb9k+M4tniLM6ODeP+zETYLFA/WQHnGoT59VxfW882Nbxt0ViOrpnCsTUtnFgzncMrp7Nz0XSObtugLQ6iigPVJDLtpq7N667mcP9g7Ht27fofw/zo0cM4WA3HW+Ab4mWLv68jgRKeHg54+7niEeRLcEI8Nm6OBMdFY+HiSFxWAZFyccmtriMiLQMnL2fsvOSPbamPgalYua05hiaDiUmN1WDs7uOMs5cj5vYOGFqZYeJohIGVBfZqohlve8zkmL2GG2Hk4I6tlydeIZFYewUK7KPwEbinJCZw7cIxDu/fjY9cWMIl23YO0onVJ+LqFUOuXAi2rV3CrrULWDBxJIW5pRTXjefZ85f89K5tcZV38jluPHCZ09cece7SLe4/fsm9W7fZtfck09ccZd3Ww+w/fpE9R2/w7t1/bUGWl8+fsnfTUiaIfeWKsSYGmBAnMI/1NewA+m+g3gnoqrk9TexcwTz7w1C1/wzo7Sbeuf9cbdufpz036Zcm+Hag53eE6+9OStN+f17yL4beGejt+50r4zM+FMu1R2fAJ0fL5xElEJcEJz7CnsQQRw3qHWAPtpH7rOTi9tvRGSXTRxFfk06SADhB9UvXZ+FTFIx+hrVY+XD0c3tjnDsEs2wzzPI9MCsOxbI0GtPCCLoEfEeP0K4MTTRiWLYLZkW+2FSECsAFQFXZYt1pRMmx4+rFxuszSBGrVlDObSoUqOeTIbBNqRFLr4mX50QRWRNCRJUkA1Xh2kIwap30nMY8rck9t6lAg3lqXTqp9alkSHKgjpE3Uq47dZL0CtRTqzNIqxBAV8r7qFHN7Nli+6pJPkkiQQAeS7yAPKYqgphKSSKqokiqiyOlrm247qbNWwgMDdMMPTo+hbTcEYyon0yTQH3CjBVi6ysYJZCun7iAquYZVKjliBumMKJuEmXyuPZQ91c1TaOysaUN2g2TtceU1EwQYI4nv7xZwFcn4K0kUyBYPKJcqz4vKJKEJTuHuFRJhhJSiNYpkHcy8w8Q7wzo7NJKcgTMOWLZKnLLZCv3KVh3jjy5v6CitiMKK+vktTTI623WorxhjLzusR0xonYUeaU18lpy8QyMRM/Uga699fi+33BMbFzxDpGkKC1XEoMqeT91FFbUU1AmIVt1O6e0mpQPQJ+/uJWHDx/i5++Js4sdrm4OWri4SmLg6oiLi5OYuh0WFlb4OLWtQ69sWwsBeoirkVbFHu1poRXIKZC3NcsbawbfYeZOxlr/e5S3mnnRk/G1eezbuIA7F/ZoxWz3rirbPsSDq8e5cnonl87u5/YN1Z99kWeProtF3+bV89u8/fE2P72+yesn53l+5ygPruzi+onVYuVzOL5lKie2TuPivvlcPbSYm8dauXNqFY+u7ODpjcOSABzjxoUjXD53jGuXTnHlwgluXjmjFd69FTv/8d557l/cw62LW+W17OKRPOfZ/RMC9JM8vHOCa5f3s2vbCubPHoMuIQRbS0MG9O7Ot198zvfffdOxcMtvgf78Iu/v7OftrUO8kmzl5Q3JFq6d5cyeLcxqKKUiNpSyxCjSgoKIcXPH01AfpyH9sR44ANtB/fAyMcLfxpcI91RCvQspyFxAZfFKakaspapyJzW1e6koWUNl7kLK0yeQGV2Bj3cdQyyKGTzYnX7ffM7Xn/yV//jTX/jjH/9Di6/+9hn9v/+G77sNxmR4AJnB8YzJSGdBURLbRmVwbEoKtxbm8P7oOHi4TBKSVrHCrfBKzOPyBN6uK+TS+HBut0Tz0+p02JctUC8XU6/h/cF67m2ZyJl1LZxcP43ja6dzZPUsdi2ZzsY5U1gxbSx7N6wSKL3j+NFjOFqrcepqqVR77C2tOhZ1efrfXJClY5WuJw/x8XPCzUG+hB5W+LvIFzTIFXc3K0KDPXFwsSE6LgJXHw850UvF1F1x8vfBysOVsEQdmXIC+kVFkVpYjIefD8OMe2NmNkwyZTlGkCe+EdEEREfh6u+Kf2iggN0LC2czjJ3NMXGwxc7NGSs5eXrqGTJE3pupi5xUIYFYOntg6eqJjYcb/lFxVBbm8uPTRxSoi0dmDrGROsxsgxhs6Im+sQ9+fjGsWTyDZS011BTnE5WWR27tFOYt3agNUXv303tOX3/C/nN3eff+Z216y3fymZ65eI2Vey6xZudJbtx7ypV7z7gpcfrqHY6cu63ain5nSNXPXDh5gEVTKqlLc6dK58oIgWB6qBUJ/sYa0LX4APP2UDDvsHQBentzu5qd7WOg/7Pm849h/nFfe4E8vzjJg+Jkj05Ab29SV1tnre+887C4j4fGKTtvN/TOUO88MU2bpTtphXIK7J1DwT0lxpGkD1DXIkxuhzpqq66p4Wxal0OoBbObs+Widbfj8z148QQeYqteFREk1GWTqPqd63JxLPRgeL6N2LY1JnkmmOU6YVngjU1JEBYlwZiVRuBRnUxAiT+WyVbY5nhgUxiOW2UCQZUpAuIiSRCyxLrTSajP1Aw9XkI3Mp3MxoK2vvDGfNJGZpOiYN8gll4XQ3RtpJi9gL0yXIAbia5OJ5YuRq4e25CrFbkl1CSToArsBOyZDWpBlyLyR44gp0FsVF5/isA8pVISlOossfJMMfJUElQ3gqp+r06QRCFWEgbVZx+pVccn1sn9tW2TaanVtIIkiQ0MCyUoNJLwmCQS0ksEhqMFelMEelMpqZtCfuU4AVmjgFVBuQZdTpXAtlKiQoBbLfeL3ebXiLnWiCFXCtjKSc4qIymzhMSMYmJTCwiLzyQ4JkUMOE0gnkteQb4AvUC2BWTkF8jj89r6y/OUZZeSJhacoey6VOBdVkNueS15Aub8SgF0lQBV4FxYLQl2Vb0GaxVFst85FMBLakZqUVrbKO9pNJVN46kaNYHq5olaVI2eQEXTOMoamuUYDZJIFOIVHCNW7kS3Pgb0HGgisuCJf4R8pjnFGryV0RfJ7y6oatCeo6CeVVwp7zVf64OfM2+xNmTaP8ALN3dHPDydtVD7bu6ydXPB1dWZ4YaG2JsOJeRDQVsb0E00oCsz76hsFztv72MPcTFpM3ntsWZEeFnLOe7HuOp8NrdO5cqJTdw6u51bZ7Zx49Rmrp/cwrXj23ioxpaLQd+6epbrl0+LcIhV37nCywfXef30Js8F5q+fnOblnQPcObuRqwcXcW7XLI5umsypbdO4JEC/sn8hVyWuHFrAzdOruHtxH1fO7GPPzrXs3LKe65fO8ujuLd6+/ZH3b5/z/vVDXj28yJNL+7h6Yg03z26SRGMb967v04a1Pb17mgc3j3Px5G62rJ9PQ20BibHBIpfGDNImo+nyYdz6Fx8B/dVFeLCbtzd38/jCdu6d38NDsbLrx/aze+UixuenkePjRLydkdi5OWFiqD6W8ocwkexquCOuRo742kYT5jOCzKTpjMhdQG3JMmok6srWUV+zjYaGfdSUrqC+cA5jChsYLVlmZkA0PraS/Q+2FUPvyveffcq3n3zK3//yF7766yd8J9mHXs/vMBxqyVA9X9L8ghiVEMnsvHjWyUm8e3Q8V+Zk8mqbMu+JcGMm/LhE3s9i2Z/O2/V5XJsUyo2JQTydEywptw72CtSPlMKeQt7vruXJ9slc2jRNLH0Ge1uns35uCytnTGC5AH3F9PHsX79SKxJUhXKuamlSgZ+DlY0G9ujwiP+xnadlxWBiPhBv+eIFuVkSKWYe6WNLmEA+2N+BoAAPAoO98Ar0lhMhm+DYODHkMFzktkdwEE6+/kQk6UgtKUXfYjCmVgNxdrZliMkg3ATgcTlFkgTIseJj8Q2LlBMuBGc/F+xcnbBxd8HCzZp+Rib0MDChn5U5doFuWLt6YO8dKtbugVtEuIDdn0CPEAFeIqZmjhgZu2Nk5sXAYa70H2LPEEMXDI3dBCAZAikdIYGJclHKIya1hsTCZqrHLKVx0koyKufR1LKWOa0HWLnpBJdv3GfnkXMs336EF6/e8PLNO67efcHxs7fZfOACVZNWcOLizV9mcLt7k60rZjK6MIxKgXhHJIsZC7wS/JSdG/0CdL/fB7rqR0/qVN2ugJ75obk990P/+e8B/ePiuI+jSPu5y4dQBXC/HpeuQF6gc9aK3LRit0TVn+6mxcfmXtAJ6J2b3LViuU77bbPNuWjRDvbOgE+JcyFZPptkAbouUiLCQd67HYmharibJWmRNiyZXMzl49s/dLa9RzclB+dKuciWe4mpCgxrBCJ1ORikWKKXKYlgviPm+W5Y5XtiUeQscLfDKMdM4O0pcM4gozGddInkuiQSxcDjajNIHylAEsgmqf5ysf1kAXK8wDe+Po30JjG60UVkjsonpTGLpJHK3NPkcUny8wRia8Wg6+IF6rKtjhcTTyG1QRIBbYy6TkAcT0RFDJGq+VzMPl1ea06j6lsfQX5jGRn1Av2qbJKrFMjTtVBQTxbAp8q+rjaFODl2lMA8ojKUyKpg7XZ8dSwrdy7nytVrBMu5ExQSJImrP14+/vgIzCKS8kkSWCcLuBOyyolOKSQ0IYOgqBQCInQCrWT8wxLxDU+U8y6JgMhkgqNTCIlNJTAqGb/wBDkn4/EJjdVWQPQMisTJOxAnrwA8/UOJiYsnTcQlJy+H/JIisdsRWrFbZlGFBkZlwdmdQJ5fWd8GbwF0UU17CFRrGinWQqAtwP4lmij+ECV1ozqiVIBeNnIMlaPGdwBdRXmjGLoAXYE5KasN6Hqmjpqd9xlihqWTL0HROk08NKBrr0WAriUUDdp96QVlRCZl4u4XwfSZ87TvXHRkKAF+nnh5tAFdNcF7erniITKhoG5vY4qD6RCC1MQv2tCztlBQV0PSorwsNbBHeJp3QFxZubLz9mK44rRw5k+uY9eGeZw+sJyz+5dybt8yzu5dytk9izi1Yx6XD6/m8a2TvH1xl5dP73NDDPr86YMiDwd5eOM8L+5fEovfy9Nre3h2bTc3T67g/K7pnNo0kYMrR3F07VjObZ/BxV1zuLxnLud3zBDYz+TWqe1cOrWbA3s3ceKwOt4pnj14wNvXz8T4H/Pzu8f89OY+rx9dEOvfw40zm7hzUfgrv0sNi1Pj3B/I9u7VY5w6uoXFCyaRmRqDl0if6fDB9Pm+i9b8/mtDf3cLnojV3t/Gz7d3c+/0VvasmMreFTM4tmWFNvlKdXwIGW4WxFgZEmxmQKC5MX4CdG8zD3ytJXv1yCPCv5Kk+AmMyF9EVbFEzixqipZSW76Omupt1FauF4NbSkPRApoKxjIpL5+xiZGUhngQ5eSMtaE9/bv1pMtf/8S3f/4jvb76G4Z9u2GrFnQ39mCofgyJnv5URwYzXhfGivJE9o1L5uLMVJ6tzofDTXBNgP5gvuivxJXJvN2Qz61pYdyeHsLdlgB+XBjGT60C4V35vF8WCetT+HlPPXc2TeLYymli5zNZNXOiBnQVq2dNFFsfz5FNS/jp7RtOnjiJm6MTTnZq6VQHRtbV/49gvmHtMrzky2htNQx3yTZdnI0E6E54O5mTGuklELWTC3EoLu62JCZF4xfiK3acJxeRHG2hFZ+IMIztzEiXE13P2hxjm0F4ejuLOZvhG+pLQl6hNh2sT7A30ZnZeISEYesjpi6G4ejlJ6C2wtDehj76Jgyzc2WYozWW7m6YuAVg5ikZoK8XNgJ2fRd5np0fQwab0aWXEV17mdGnvz19B9rQf4CdQN2ZQQL34cP9MZfEzMoxCiuXRKw9MrD3K8Q5qAj38Ar84usI0I0iOG0i4amTScicxLjpa7n74Alvf/6Jn9+3+fiL12+49eD5h7mYf+Tkvi3MGp1HVYpbR3QGermALT3UkhhvBfM2Q4/1a4uPm92VnatICjHvqG5XFeNZys4/TCbzccX6PwK6Anixgr/aFyAXaj9zknCUx6m+eEcJ506V7api3UGL3ET7j4D+kaXrfl0c13nbGehtTe8uvwoF9Pb99LgPw9xi2groUqOcOqCeHGattTSsmV3NoXVty/RuOrYVpwpPbMsdcC3xIrk2m7SafIFzFsPT5AJS6MPwPA8si92xEJDr55qinzMUs9RBJFYlkTO6gLRRmWSOFqtvzNCqydPF7tPq8gXEEiNzyRCA6xoEsJIsKBvPGlVIljxP15RBrEA8Vsw8UZKBuNo4MXmdJAU6Ab3YtUA8Qa28VpciNp6kTQ6jYB5bHicmns30ZVNZsGYR05bMZ4rEgnUr2XPiBFv272Lj3u2MmzNdrL2c7JGlpNcUkl6VL9s8UsXglaFHVIcTUhFOeGWUNqwuvCKUZduX8uzZcyKiEwgODRWYe2Pn6IihhTUGlg4YWztJuGjV3QamNgwzMmPYcDOGGppKoithZMrg4RaylRhuLmGGnrE5Q03kMcbqMUbyHFMtBusbybmkT78hhpIgW+Du4Ul0bAwZWZlacVx+WVWnQrVaLXJVCMwV1NuB3g7x34viThD/OD6GerkYuYK6CmXnCubqZ3lldcSl5eMRGIWeJPg9+svr1rfAzj2A0DhJ0ArKKahs6PidbS0EIzWgp+SWSkKTgqNHILGJadp3LisjheAAb/y8XfHxdcfPV3ji82Er93k4W2M+pBd+DkYEq2Z3V6O2PnRl3h6WRHtbaTBvB3rnIWrR3jZyvjtRnZ/AxqVTObhzMWf2LeX0rrmc3DKDA6vHc3DNBM4dWMGj26d48+oBr1894eH9O1pNzuHdmzi0Yy2XTu7UxplfObic60dWiPBu5saJVs7vnsmxdWPZ3zqS/csbOb2lhQs7Z3Ju2wzZn8qJzbM4v28tx/auY9fmFWxeJbFiFYumz6CxspTxTRWsbp3G+VOSJNw9x7M7x7l7eSe3z27m5rnN3Lu0i8fXD4nlC5OvHObGxQOcOLqVHVtW0jKxgZAAd/QG9RVDV/3pf2sH+mv4WUzo0RbeXl7E0/PruX1qMwfWtDCzMp5l48qY3VhDmr9k7PKhJtrpE2wsBijZgat8Kd1MHPG09CfSr5jUuHHk6KZRnDGTsozplMu2pmgl1UWLqa/cQF3FKtlfSK0Avbl4MhNLaphWkMuMnFimpgdREe5KqrslfiaDMe7zA4Z9euJhMgx/CwNsTfwxMIgg1s2H5qRY5uQns6oqlV2jkzk5KZ4nK/LgxGS4NB3uCczvz4VTzTxtzeDalCAeL0jg1tRA7k72436LDz+tiOflNHfezvGF1ck8XV/F2VUT2LloEmtmjGe1wHzNzElsmjuZbQsnalPFntq6ULKpVx/WVM/C0daOdWvX/rdhfuf2dRIjXQgLdSYqwk+s2lCAro+XwDxWjDw6yIX4UH9CA5wIldtJCWGEhPiTmp6GV5C/1pdn7WYvtu2lQbm/8UAsbA3xDfHDxMGU3IpafOPisHA0wtUvCDs5gRyD/PAMDxcr98HZR8DtakNvPUP07dwwdXXFztsbY8my9dzDMHRzxdrLF0NbF/qZuNC1+1C+6WbAl12H8W13A7r1MKV3X3N697Gip4L7YBe5OHljYOGNvnkI+taRGDjGY+Ksw8IrA1v/ApxCSnAPK8ctvFIMpY7oZLmIVExnzoId3Ln76wr3m5fPsGZuM6NyAqkT6FR3gnk70CvEzFWUxCs7NybWR8Athh7zof+8c3Sucm8PXXhb/3mGAD3nA9DzO00i83tAL0x21aJI50JxsjOlYt3Fyeo5ysqdBexOlCXaUS5RIeAu0cCuYO6oVar/GuhtCUSe1gTv/Jtm9/bCuM5N7x/D/Zc54RXcXX8T7WPX25vh06LF2iMdNajrwu2ozg1i8+JGbpw/yNuf3hA+xleMe5gA3YzI2kgy6grIrCkmozqFMIGcTZ632LgTRrlWGAjIh2cNJLTahsKmdIkRGqxTZT9zdIa2AIs2nEzMPEOArmaWyxyVR86otv10De6ybRS4N6YJyBMJrYkiQow8Uuw4ujZBLD1TkoAc0uU5yY2ZAvxUYgXoEWo62MpEbSz64uUzOHN4N9fPnePFk6c8f/GSJ4+f8vT+Q82Enty7z/OnT3n29AVHxI6OyOPW7drDyh3bKG6uRieWHqcWgKmIIqw8gjDZhldFEVIuQN/WtuJecmo2oRGRuErCa2xiRI8+feSc+IHuPXrx/Q+9ZduT7t//oIVaMaxXnwH0GzSEgcOGMUDOsf7DDBgwZBgDh+pp235DhtBn4EB69e1Hj5695Rg9+b7HD3Tt9r2cWz3pN2Aw5hZW+AUEEJeQSFp2PtnFlRrMc8vaot3Mfwv03wP5h/hg6qV1TZTXN1HZ0ESZ7I8QoJdqjxH4yrZAbhd9ALsKBXIN/DVN8hrqiEnJxc0/QpISO3oONGaIsa1cU0I1+1atB1pBXadkoUhuK6AnZ5cQEJmkVcOrKWPVv5qqMoG5C0H+bgT4uhHo5/6r8PFyxGDA93hYDxNIGxEqUA9zNe4okFPQjvKyJtLTUusrV6FAr+5LDnYRDkXROmsMBzcv4ei2RRxaP50DK8ZxoLWZrQvqOLlrHrcvihmfP8yx/ZtZvXgWy+fPZt3KVta3LmRT6xyO7WjlyqE1nN0+h6v7F3H3+ErunF7L9cNLuCAmfmbLFE5tniw/nyF2Po8re+dzYfdcjm6cze7lM1kwoY7y9ARCvdz4oes3fPKnP/HpH/7EN5/+lX7ff0OMCNy2dQvE5Ldx68I2Afom7l3cJiDfwcOr+3l4bR93ruwXoO/n4qmdnD22jV3bWpk1vRlHG2P69+pGt28E6Cf27eXFzTO8/+me1tz+9Mwcbh6axSV5USe2zmNefR4ZXjZkCEzCnV3wE4iHmvQiznoocQ5meJla4GvlKxlTEkmRI8nLXEhB5ny5CE0Tc5lIqW6cAHwVNSPWMLJiNQ1lC6gvmSGGPoem/Ak0F9QzqaiMlhwdMzJDmZkdzNQMf8ap/scAe0LsbfGxsiLOU8DnGUaQgw8FwYHMLkhiZU0mm+WCsG1kIicnp/B8Y7UAfRKclbgxCy4I3A/V8bg1i8stYTxZls7dGQG8WBTNw5mBPJkdws0max6OdeDFdE+x9nherK3mzNLRbJ0zjs1zJrN1XosY+1QOSPav5n8/tmIi5+VL8e4D1HMyMrl+7dp/C+Zv37yhviaHpCR3wuXCGhnmRYB8mW3s5EJqpUd8mA8B3vZywQ3ASyy9KCuD6Eh/ivIyiIoJFRiGEJWSjK2Xs1i0h7ak6mDjIZq1e4QFkZiRhS53BL5qOtf4CExsbAiIisLe20OsOUAb4mbhbEE/M1P6m1iImbtg6ubMUCcf9BwDGOLkjJWXC4PNrflhiKlAfADfdNWTGMaX3YcI2PUF6sPp8r0x335vSrfeVmIWTnKhcqOfmPpAQ1+GmgUy1CoMPYdYTJ0E6p7pWHhnYeubjXNgIUERI0hMqmTjhl/mcf7x+RMOblnONIFHQ5qXBnIVtQLWat1vQV4uEFR2nhlm1WblPoZaKKBHfwT19ib3djtXkSpAz4y2Izu2bXa4vI/Gn/+mD11+Z36yo9ZkXqBMXGCtgF0qoeBeosHckfoEW5oSbWmQx5bE2ZIbZyXHtiU7wY6cBPs2mHeA3VELdcx8Bf/2yWx0HuTL9veK43I7jVVvK4xz6LDy3wN6u61rUFfTyEY7i6nLNtKe8QLOIzva1p5fuGcmrnVG2IwYiFuVPskNCWQ1FZFWX0DxxApKp1ZQPLsQ5xGW6Kf1wrZ0IHGjbamfnUHJ6HIKR40gsymHNAXz0dnkNeVTqPrG5RqSJaHWPVdzvqvpYtVQsyyBtAK6su+EelX5Hk1gVSghlQqo0cTV6UhrVAu/lEiCUESSPD9OAB9Vk0JkVaIco4Q9m1dxfF0rx7du5vblW9xVsxaeOs75/Qc4t3svF/bv48rJc9y7eY+nD5/w8ulzbR3x12/f8ebnn5m9tlVsP50YlSCURRNVrtZcjxGwq9XdImjdtkz7bNQQsqi4RFzFmvX09bUpWL/59ju+69KVLt26Coi70q2bXFS799CAPmDgMPQNTTC1tMXSwQ0rezcsbZwwt3LAzNJeDNyMwQL3fv0E6r368MMPkgx0707Xrl21Y/Ts3YdhhsNxcBHIhYQTmaDTpoJVze3ZYukqcjpBvX2rmrYVuBWcFbRL6xqpbxrFnGkTmTVlAjMmTWChSMrq+S1sWzaTvavmsHPFDDa2zmb+jIlMnDCGptFi6bUf4gPI2/ZHUyTbnNIaonXZuPiGMczEjr7DTCWJd9CMXRXEqaSjtHbUr4xfNe8roCdmFmmjZsxsXenRd2jb5EUtk7G3MSM8xEdM3ZOQQC8t1H6Qv4eYuiumxgNwMh8o138DwgTq4a4mAnCrtmI3AXcb0K06QgFdbXUhrtTmJrJ23iQOblzI/g0z2bNyArsWj2TH4noObhCL3r2UqWOLCfSyo0eXv/GHf/u/+OyTv2IweBDBHnLuxIYyramcHUta2LdqMuf2LeDBpc08vbqbB2c2c/fYKhHgFVw7soiL++Zy5cACLh9cItY/nwMbpzF/bDmJAS4Y9O7G15/9mb/88U/8/W9f87dP/i5g/yt/+Nd/4U9/+Fc8HcxZNrORsweWcfXEWvkd27krcL9+biOXTqzhytmtXD6zkwsC/Uunt3P25BY2b5hPVlokw/UG0P3bL/hfEYHenNm+ivfPBUr3DvH09DyuH5zOuZ0zObB6HnNG15Dk6YC7wUC8TQzxkq2vfg+89boTbmtMnLsLcV4RYjz5pMWPl4PPF3NdTH76PLkgTaUoZQpl+cuorzvAxMadtNQvY0rNHCbXzmBW03QWNM1kXt1IZlaUMLdIx9LyWBaXRrGgOIzZeUFMyw6hWRfKyNggWrJimJwTz7SsOI7NqODq8tHcWTeVm7K9v24Ub3Y2CtAnwvkWuDwTzkzUmuDfbhrB5WlR3J4Zzn0B+ZuVydxuCeb6OG8uNlhzp9meO6OteT7Vg7dL4nizvpR7m5o5IfDe1zqVQyuncXhVi8B8MidWSia2ehoXti/l3ev/2YQoG9fOpzQvnsLsCFJ0XkSEOshJ64a7hwM2lkOwtTEgLjiAQA97EgTeyTHhRAnc87N1uHs5kJqagIuf/E2C/XEJ8KLf8N6Y2Bkx2GK42Lc9vmoih4Rk3MMDtRMxo6wBMxdLgmMT8QyLwUbM3Eyi1+ChmLj7MNzZFiM7Z/RtPRjq4I+x/MxAkoAeA/T54ru+fP5df/7ebRhffT+ULyT+Lqb+dXdDvuhmxNc/GEqGbkmvAQ70HOxAr6GO9NKTJENsXc8sCBPrCCwd47B0ScLCNRlrzzTmLtnI2XNXP6xS9ZNkpQdZPrWWpiw/RqZ7U5/q2QFzFTUC0+ok119gLiCrFKhVqJna4l1ICjTvgLkW/wTo7ZaeHGpBaoQ1WWrsuQBda27vVOH+C9BVk7qYtxoP/iu7tpfHOVKsIl5MPM6ecjH9hlR3Rsnjpxf4Uy/PqRBIV6TJsQXq2bHWZAvgs+PbQh2nLdqOq/rYVcJQoFOru4mZJ/+6KK69IO7jIWxtC7o4avD+GOjtkO/cHK+a4dPU4i9R9swek82TBzd48fo5nrUWWJcNxLioC/5NFmLJQXgX2mKfZoRTljFmcQMwje6PjW4wRjE/YBzbm2FhX+JZZoJuXBx185sonFRGztgc8sbmUjBKEoGGPArrcsmqyyJTDDtbAV3BvDGfVDXLW1M2qY2pxNcnEl4TQUh1JKFyDQivjCZJTfIij8sdUypALyZpZIHYeRZRYtRJtTmsWrGI/Ytms3mqJNmHT3Lp2FlObN8mBrZWAL+dkzv3CNwvcOfaPe7ffsy9e0/F3F/w/NlL3grQ3/Mzl+/do05Apir5Y6viia9IJLYiiYiyGIloWre2tk3HPGka8boMPH39MTQ01ID+9Tff8u13Xfiuq0SX7+jSpYuAvTs/9OqLnoGxBm8nD3+8AiPxCorWQlmts1cQNgL54ZJMDxw0lN59xNJ79OgAurL075WlDxqMiYU1LnKO+oVGEJWYQUpuSUe/udbkXl5PfkUtJTUNVNfVMn3KWJbNm8rqhVPZtHQ62+T6dXztbC5uniuxgDMbxRy3LeTa7mXcOrCa24fWcePwam4cXcflfSs4t30JhzcsYO2CFsaOaaZiZDNltaM/VL2PkQShWeu7j0zKwMk7WMzchv76qrvPVasJSMoq0grgRgj8VRO9FvJcdR3KHVGrNdW7B0RiaOFAlx79tc927erVmBsbEhbsp4E8NMhbi/b9QIG6i5M5DmYDCLTXJ9RpeNsYc9VvrqZ49bYkzs+exEAnUkLdyBDbzYsPkHM2hJrceGaMKmXdgvHskOv3zuVj2bWsif0rRrNvzVg2Lx3D6KpMhvb9TuD6b/zlz//O5198zueff0mP7j354pNP6N3la1xNhjCtrpADm+bx8MY+Xtw/zrO7J3l8V1Whq6K1w9y7vFfMejvXT2zg7tltWpP5paNrWDa5kmBna3p904XB/Qfw5ed/40///kcB+3/wb//3v/Dv//KvfPrnT3G3Gc6EqiSWTyuVpGMMx7ZO49QeNaf8Ui4I0M8cX8+p45vEzrdwbP9a9uxYxvw5zfK5uWMwpK8kI1/yv0J9A9m0cA6vrx3n1ZU93D44l3PbpnB8y0x2L5vNwtF15AkYvI318DQchMewfnjp9RKo98PX3JJotwgxpCyyI4rIiG0kI2Uu2elLyMtYTEXBcupHrGJs/VamjNnLzAm7mDdxO4tbNrN80gw2t4zl0OxRnF7SxMEZ1RyaUcn+KUXsnVzIpqZ0NkjWvrYmjjW1KayoTmVFbRq75YJxcEYDl5ZN4O2+hbw/skxiEe9PzIWTM+CYWPnpaXB9jtweJ7fH8NOOau7MjeXmFB/uTA/gVWsKR+tc2JJtxJFSUy7V23BnlANPp3jwsMWLZ3MCeLcmnddb6rm+fhLn1k3hzNoWAXmLBvMza2dwevVszmxbzttXL/9bML94/gRj6rMZNzKT+vIUigXsqfE+hAc7iq37C9StMDTthbNag9fRmvyMJPmDecvjsuTL7UOMAD4hOgxbB2P8/X3Ffk0xEqu3dJLnyX1e4cHEZ2VhJpCOkAtQvGTEwUnpBCam4hAQip2HK44BHmLn5gySMFeFJ2HhDHfywkrsXd/eWp5rT2+B+d+/68fnXQTo3/bX4tPvBvDpNwME8IP4sssw/tbdgB599One25Tufaz4vr8lPQfZ8MNQsf3h7mInAXLhisDKMZrM3EZmzF3dqcDtBjtXz2FSaQxNmb40ZvhoMP8Y6ArmKqoEtJUCsyoBWbWEuq0MPS/anhif4UR7/RroH1t6+7C1dkPXfSgI6wz09ulY2yz9Q9W62HOhMnIFXbHrHM2yP4TAOS/OjuIER3mNLtTK/qwRoUzI8mZBRSRjMzwkUY2iQbYliXZkR1mQFW1NZqyNhLUGdXUc1beumuVz4x0/wL19YZjfr3JvN/Rfhq61ramumtQVtHOS3DqA3nm/3di1gjl5bHasM5tbp2h/j5b1o3Ao64t+5ncYpXRjUODXGEf0xVlnQ1hxIMnVcdpELHli4CXNxWTW6bTZ3GLKJdksC8CnwAKn7GHEjQlg2vYxjFpdRuX8QorG5lPQIJbdkCZ2niK2nUlesxi7Ark2ZC1NK55LqEsU81YrpCUSKUCPLo8TaKs+9lwyRuWhk22SHCdWVclXZbCwdb4k23PZJAA7tHYjJ/ceke1ats1qkevWUs4dOsqdC1e4efYKt89d4dbpc2I65wXs93j86BkvX77h3U8/axMW33/2jJW7d0iiUUVSdTZxFTp5X/HyGuK1ld20pYwXtaLLysM/KARjExNt1TNl6F26dtcg/l2Xblp07dqNXn37Y2hijr2zD/6hCUQkZAoAs7RQfcx+obG4ePpri5gM0zOkjzxeGfr333+vWX470FVzvJ6hMTb2LpJIBBASl0hydpEGdNW8nqNsvKaO2pEjWTBrstj2bC7tWspVAfPlvcu5emCl7MtW7ru0bTEXtizi3OZ5XNy+kBsH13L7+GZun9zGrZObuHVik4B9DdfUc/av0J53UuC1bPYEMfaxVKmq98ZxlIv554uBx+qycPJsG4fe38AKc0ex6egk0vJHaOPW24e7qa2K4uomMouqiEjMxMEziIEG5vy9S092797L4UOHNKD7ermKpft2AL09lKX7ejtjZzqIAHs9gsXSA+308LcZSriTERmhLhQmBFCiC5EkPFSS4WBJitV+CHX5icwaU86yWfWsm1vPhpkVbJpTyc7FDWxbWM3c0cKuKHe6/O3P/PUP/86f/+NPDDcw4tPPvuCLL75kSL9+WOgNIcrXhV1r53H72ike3LrC0f17WLOylQXzZzNt6iRWLF/GitYlHNy3izs3L/D03jWe3b/Cs3sXeHz9NNtWLyYjIQpHS3OGSaKmoN5Vvj9///wzvvvb57haGdJSl8fBtdPZt2oci5szWToui1XTi9m8aCTbVoxhz+bpAvLlnD6ySQP6XgH6grnNwg43enb7ii5ffcb/crCxY9WMSby4eJAn5/Zwbs9iDqyfI7GQHa3LmDdmEpUpGSR4uRPpYIWfiR7uen3xNZYMySmQWI84uYCmk5XUSHbCeHJTZ5KXu4Kysq001W1jfOMOWgTm0ybs14A+Z8JmlkxezcIxU1nc1MTm8Q2cWjCaW6sbub2qiXsbJ3FvVQ03V9Rwa00jZ+aVcWJWHidnF3FuYTlXWkfK/WO5v2ESr/bM4/3xlQLwjWLkW+DKJrgkty8t5v3BUQL5ZtjfwM87yni9vpj7s8K4NsGbW9ND2VlsxNFaW45X2bK/0JAzFRZcrrXkWoMtN5odeNDiweulsbxZU8C9DfWcXzeRs+umSszQgH5mzWxOrpkjGe0KgfqL/xLMnz17wmT5ck0eVcL08UWMrs+kqjSJgsxwkmLciAhxJkKSJ1NrffRNehMe6k+cwDsxOpyctCT8/TzISI7Dw9MOT1crfDwdMbMbhqu3k4DaGSPJXHUFeQJkGwJjI0ktGEFwQqL8zBFdYZUAPQxLVzuBti099PXxkhPQztcNJ98IHEPiMHRywdzFkaHGFnzbtb9coPoJuHvJidefr7oO1KZ3/Ltm7AP44tvBdOmmJxceA7r1NKFrHzO69LWg92ArBg1zRs/IEyOzADKyan5ZF+D1j5zav4UFY4s0iP8eyFVTezvQVVN7u52rUBDXwC4mrWKEgDQtxIxIL32iBOox3gb/EOjtht5u5ymq/1wBvVNzexvMFcTdtUlgCgSA+QkC2Hg72YpJy1ZBOCvOpi0EzIXxNoxOd6El35/pJQHMq4xkdlkES2rjWVAZxfyqWMZn+EryIYlDmIm8XhMyIixJjzQVuFuSLYDPjlVJhR2Z0W0G39Ys31YFn5vYBnFtsplkt99UuLcvt6oq9TsDvTPIOzfFtze9q5XcytP9xC6u8ejJPcx1XTHO+BbbbAO8MuW7WBJGVEkEcSPitSlf02pTtQlbsgWqWfU52pSp8fLeksUo1BzqanGT2NJIbOMGUzA2iPiRTrjm9CZhrB1Fc5LImZQuNh5HxuhkckanaWPJ2+ZrT0QniXuyRKJWDJdMfLUAvlInkSzmnCKmni73pwngJUGtSWPktEZ2rV7GhsmjOLJurZj4XvavXMH22dPZMX8O5w8e4/yRE1w4fIyTmzewZ9ECdi5r5eDOfVw6f5WHD5/z/MUrXr3+ibfvBOo/vUc2XH/4kJnrVpHTXEmCJA1qIRc1hl39W7N5G9nFZZJ0R2JmYU7P3r345rvvNPiqfnO1bQPxDwwQ6zYTO/fwDicsJoOkzFIBcSmJmSViqIWExqZqs6nZu/liZmnLYD0D+g8YRK/efTRTV03u6pi9evdlyFADeYwdrp4+BMfEk5xVSI4AVfVlV9aPYvaUMexaMY0LOxdz49Aarh9cw60jYt3H1gmkN3D72EaB9yqu7FjChc3zubhlPld2LRE7X8ktMfNbJzZy99R2AbvA/dgGDeiX9y4ToEsSsHsRZ7fNZsuSybRMHsuYcWMY19zIpKaRVJeWEhkZi7GVs9Z/buPmR1h8qtZ/rmy+UuCvQkFd3VaV8bqcUq2630Lg32eQIV9+9wMjm5q5fesWJob62NuYEx0RqEE8LNinI7Sm90BPnKz08bcdjI9pbzwMuuM06Evs+n6Gn3EPEtwMyA51kPPRj2KBeokujBGp4Yws0jF/Qg0LppaxrGUErZPyaW0pZN30UpaOzWRicRiZ4U50/+Kv/Plf/x8++eOf+PKTz/jrn/7IkEH9cXe0YW7LOK5dOs2V86doqKll2EA9hg4YxqC+AzXjVoAeNHCg1nLj7eNDY/NoDh7ax5PH9/nxx6c8fnCHaxdOy/dvPRV5KXiqOesNh2E3fBiWQ3vgNrQ7Wd5mtBTHsGvxWHasmsjmJc1sWTyKtXPLmDc2nUWTstm0fBT7JTk7IX+n40fXs3P7YpqbCnCyG07fnt+2Ad1cwNxYnMlJsc1Lkpld2DOfMztms3/NXFZMm8bo4lKyw8NJ93El1ceNeDcnUgLiSA1IJ9YrgXCXSCJ9UkmIHEVS/CSKMmdTlreIxpq1TBq1mRljdzBtzGb54u1m7viVLBgzmyXjZ7CqZT6rJ05nZXMTGyZO4OyymVxoncStdS3cX9XMgw2jeXtwKq/3TJD9am4sK+b6QoHr2mqeb2ngze5m3u2dAEfnwxkFcYH51Z3w+Ajc3cL7++vhTiucF2M/LmA/OYa3G/MF5kGcGOnCgXJTzjXZc7DMlH1FxmzJ0GNr+iAOKLhXWnC+1orb4114NsuPVyvTebRV/qiSIXUAfe1Mzq6dy5l1czm/rZU3L5//Z5O7smDmOEZVZ9HSWMiciVWS4FRKslNKfWU6BdnhxEWoFZQctdnhDIz642hvhI+7kyRJidoXWhcbQWyYF64uVoT5uWJrq4+nj5OcWGLe7vZExCcIsO1xDnLHRy48aaV1eMjfLja/CK/IBKy8PXAM9Kfn0CHoW0sy4OJARHoBQYm5uIbGY+Zkj5GjM117D+G7boPkgtWXbwTo33TrJxeroW0w/7Y3n37bj68F6F27DxJT0aNHb2N69TGhzwAzBg2xkQuagxi6t9iFFy1TF2rvft+GxUwojmBUlp8Wvwf0fwTzdpB3hrmKYoFYor8Bkd568h0UgPsYiK3/AvLoD1D/uMpdGboCenqUbcfscJ2b23+Zd91Zq1RXQM9VTeUx1hrEtYhpi8IEGwG5P7NLAgXkISyqjWFBdQxL6hMF6rEsrIphtrzvumQnUv2GkeJnSLokFSkhsg01kTAlPcyctAiJSHMyY6w0e8+KUy0AbcPoFODzVGGdAnzSr5vblZkrqLcVxjn/bmHcx4DP/LA06+zxZdrfZsL0cnSlbnjkO+CVH4JPqYCztkDuSySlIllbMzxFTc1alS6WnimQk/Nd7DWyPIyEihhtWti0ihRtm1qXSk5jEmUTs8lpSBFYhxBSY0LSNPksZyeR2ZxMVmOCHCeR9LpkbWW09JEppDeliY3L7xCwJymgVycTWxmjLXeqAb42RSw+RZtAZt3qRQLvFnYsXcSxbdsE4rPYPm8Ou1qXc/7QKc4eOsklgfkJgf3KMU1iYss4d/QyN67f59GjFzx59iPPnr/S4rmY+stXP/HmjYD9Pbx+/569Z09TJgDLaCgiQxIV9e+AJAgjxIgTEpOwtrWhT7++kvB20cD7Q8/eWqhCuP4Dh8i5a4G9ix/+YQnEpxVp484zC2vbxp/nVRGbmvcL1J08MTazRt/AhEGDh9G7Tx/tmMrQe/bqLfcNxcTcClcPDwF6HLrsQorEzpubm1mzcAr/H19vHV7VuSbsnz9+38w5Z845M99MT1tKcXe3KEmIJ8Q9Ie7u7u7uIRBIIIHgTnB3d4dCixUKtKWlcv+etVI6PZ0zH9f1XGtl702y99rveu/nfvXS7pXcFpjfObqOm3K8J3b++bkdPLrYJyFAvyjmfWYbnx3dyK3dXRKd3D7Qw/2j63lwejOPBAxfXNjL46uH+2393G5uyXP3jvZy53C3RC/X9nZyfGOzGG4N+1dUsG9pCTvbi1hemkyo1D0LbZ1xcPMhSKxdSTYUiL8HutL0rgyQU/r+g6JTcFgUoM4IGD95ttQxk2lobOXHH39kvpaGWLrcy77u+Pu49cPc20nCUUKZumuH7cL5WGuNxkFjCB56o/DUH4fD3GE4zBmKw+xPcdMeTaD5HJIWWZAR5ESeGHpJShBNpUm0ViexvCaRNY1JErGsqgilPcuTpnQPSmNdsdaezqD/+i8Gf/ifDB/4d0YPH4iXuxM7tmzg88/ucvf2ZaLCgxg7QmmaH8D4UeOZNmkq40ePEfh/wL//5a8M+mQgE8eNZ6bAPTIykqtXr/LDj99LufpBkkYpZ6+ec/PSabU7pFoSjSRvG+LdDcnxtqAjO1SSjBJun9zInQs7eKIMhHt6lUcPz3BbvpfDu7rY17eck8c3c+Xifm5dPyrHA2ze0E5ZcYokQ5qMHTWAP+hoaRMX6EVrRRh93enyZS7h6SWlH2U5HVXF5MdIVuhoQ6iZLt7G84lzdSA1IIoEr3hiPeOJ9E0lxKeAsJAGYqK7yMveQl3ZVtqqNrOseiNLy7vorl4hRt5Lb9M6ti7bwNqmdjY1t7O2cTHrmjpZ3yRZYHcfx3p6udDbzd2ta3i4tY0Xuxt5uaeSl7tLebmzkM83ZvOgN5nPe+P5ZlsGPx+rhrMC9WsC9fti6U+PC9DPwLsr/PxaoP5yd/9GLfeXwe2lcLSArzdFqX3pl8otuFolUWHF0Rwj9iTNZ2+CLkcz9ATqelxUgF9qKFC34u1qX37clcp3R9t4tH+5QL1TjRt9XVzduYIL21ZyamuvfGH/++IyRw/uoLo4kRqJ1oo0llRlsqy+UBKeIkl8sqlWdnuK88TP0wQfXwc8vd3R0Z2BtYU+wWLtbk6KWfnjaLNAYG6Nm7M55tbz8fP1wtnDGXcvDyJiE3HycsfUwVwy5SyMHF3xiorFJyEDt+h4jFztmWtshMYCM2y9vbFwtMfMTYCfUYaVZJbOAn8tIxNGjp0qwJ7KiJFTGDNuOmMnzJSbT7HyaQL0qXKcyqiR0xg3ZjrjJ8xm0lRNJkzTYdxUHSbOMGL6XHNmaFozT9MKXV1b9fOf2b/5V5j/Hujv438MhPvFzN8D/LdQLxQIZwiUQ13mEeSsqdp5sAA98Jf4ff/5b0e5v+8/V4CeGGzxD0D/b6j/AnMxdAXmKQJxBeipwXIeYEKawDxDIjfCksXpTqzK9WBtaQDrK0PZUBXB5tpYVoqpd2Z5szzDh6poS5IXaRHtPJdoVw1iFmkQ7aEpRx3ivPTkPc0n2ne+vC99uR8XkBBoRGKAsRi8udoakKKMkg9T1nT/7z50BeLqlDsV5lbqIjP/bGDc75vd1f50SRbu377C15KI5im7jmWHYJPhimmaB3aFiQRXFRCeG0dMvrI9qbJdaRyxxQnq6moh6uAxHwG6J6GFgSrII5UNXAqVNdGj1d3Kkisjya5PI7UigaSacLwLTfCt06F5fx4FnRkkVUqFpiwCUxFPUlU8ybWJYvDyWHW0gD6SiJJQguV3Bxcq+5gri7zEEFEWSdniQvatWsrelcs4f+gIR9f2CtxXcHbHXi4dPcudq3cE5mfZs6yDre0rxIou8eyJGPmb7wXg/SB/JUB/+dXXvHj5hq9efSPn3/DqzXcq3FVjV/ZwuP2Aqu5OEsoz+/dHv32Hyuo6khLisbWykkp7utrcroB36rQZzFRGtM/RZK6mLvqGZtg4eKlAD43NIj69hLjUImIlopPyCYlOxycoToAeLDB0w9BE7pP5RszT0FFNXUkOxk+YpMJ99qxZzBfpsra1IygsjMKifLo7Gjm6eSk393cJzHu4dUjM+/Aa1dLvntjCZ2Lqim0/viTWfX53v7EL6O8dXM2dfSu4d3g1nyngF4t/dH6nvEbiyiG+EKg/vLCfKwd6ubF/JRe3NXO1r41rfUvk2M7ZbS2cXlPF/tZU9og17m9LY2tzDktLMynPTiEnK5NcSXreA10xc2VxGaXPPSw+TR3dbmHnLom+oYjADIH6DNqXLlevr6OIi76uBs4O1irQ1fB1kXBSge7l46DWeba6E/DUG0Os/VyibGfjrj0MN62huGiMwHnuCJzmDsdJa5iwagrRTgtID5C6JC2E0qxQKjICqU3zoSXDm6XZXnRkLRKoL6KrIIT6RA/CbPUwmz0Be+O5ZCWHc/TQbl69esbTZ49Y1dMpkB/CoAEf8+d/+aMcP1E3DxsjgP/rn/7MX/74JwYL0EcMGcqQwYPR19enr28XL19+xU+SKSpLiP/44zu+/vqlGPYRHt4+y+Xj2zm0vYNTAutLkmRdl6Ts2mkR62v7efPVbb755gvefv9Mks0vJRF9wJVrRzl7ejdXLhzm1rVT3LhyXIX6pvVLiI3yRHPuOP5gYKBPQrA9PfXBbOuM5dimLB6dbuf64SWsqs+XyjecLLmYsbbGBJnq4WZoir+NHxEuoST4RhFo60mMfxaZSUupLFhDY+U2ltTvESvvY0nNFlort7OssY/lVd2sru9lQ5tE6yo6K5vpql0uIee1nXRWLGZlRQmb6mrZ11LOxZWVPNxWw81VadzqiefBunQ+W5/Bw41Z3F2dyL2ucD5fGcF3u/P7+83vrofXyqYsF+Cnh/DjdTk/zE/f7EdeLLbeI5ZeJwlABd/tSOJpTwhPVwRwp8mZqzUOHMww4mT+Qo5mmnC2wJjP21z4aoUP3/YG8vVqH96t94G9qXx/pIn7ezpUmF+TuLitW10idusyZYrbYt68fPE/95Z/eJcasZqqolg5JtFUkcHSulyW1eXT2VTCivZKWmvzqChJJjHGFV+PBWoBdnSzQ89IuaFni7374y0g91DmpHs6qvYe4OtGYIA3RjYmJGbkEBKTiL2HE35hodgvcsUp2J+F7l54hkdjvcgZYycPxs6cjZ3YuKP3IrH1QJyDwwhNysQ/Qv6Pd4i6l/HIMVP4dNhEho+YxFiB9uhJsxkikB88TAx92CQ5TmDEiImMktcNHzmbqdO1pQCbo6tnwsy5RkyZbcyE6eZMm2aGtpYd5y9c5ds3r6hL8fgV5r8F+Xs7fw/0f9bU/h7qCsiVyFdGbLsZEOqkRZDT/wT676H++/5zBei/Xb/9tzug9c8b7+8zTwu1UPvJFaAnBRmTFGBEkq8BaQLbilgHahOcaU12oCfDka2Vcg81RLOtKZ615eFsrU0icuFcAoxnUCp/o1wShBiHWUQ6TCfGdSZRbnOI8dAizkOHKE8dsfb5ahdCnNK/7yfm7mdIgvI+AxVrV/ZsVt5rv5krG7UkhSn7pC/81dD7+9T/d0tPVrZnlUiU17RU9Zvn4WO7VFOOL48WQIthN5bhX1eEd3kuEfkpxOaIReeLQRcmEFeUqPYp++f7EVAoFWCxwLxUYFsYKq8NV/dJV7YxTRSIp4qdF7ekk16VREyZn1i4PF/lQnCdEVXbUynpzCNVnkuvTVUjrS5BIp6shgSSq2OIK1OWZRUjVXZkK4lR111XVnVbtaKenYurOblzF8e393Fo7RpObevjyuEz3Dp/hQv79tPbLPa+8zifPXyhgvqbb9/x7dvvefP1tyrUFaB/9eqNCvIXKtjF2l99q5r7V998x9sffuS7H39i27ETknjkcVvu3y8eP6GhoYWs1FRcHWyZM3sGY8aOU+E7Q+4ppS9cQyxbS3eBAN0cS1t3HD2C8AyIJTA8laCINPxDk9QmeK/AWFw8Q7F18ZKk3EkFup5q6fOZPWeeOkhu4qQpzJgxE415czHU08HdyZ6mkkyObGzjyp5lAtzl3DrYxc0DIhf7lnFtzwquH+zlwbldErt5eHEfz24c44tLB3goUFcs/YFi5cckTmzk0dkdPL28m8cXd/KZmPqDs318fvUIlw5t5szu1fI3eriwtYlzG2q5JGC/1reYi9sF6Ouq6WuQ8l3gy8HFqVzY0qyurnlwVZ0IWj4r6otZ0lhLVV09OWLmSdnFRCZmqJu52Lt4Y2hmy9x5OvIZZzJznjYpmblqOVzR2SYwt2ShuRFB/lKv+bkS6O9CgJ+zCnRFcrw9bVi0UAM/wwkku2qR6DwPb/3ReAngPXRG46o9RAA/EjvtUZgL3M00xmFnqEmYmH5smBdRgQ5khDnTKYnkuvoUeiujWKG0ptXE01sVS0duMEsL4tkj1nv7yglePvuCd+++4/mXz4iNjmLgRx+qI9L/9ud/Y9igwQz48CPGjBzD5AmT+fjDjxkydJhI0GgpE1OIjIpj2/ZdfP7Fc75/935lzHdS1p6pPFAWrfnu6y+kPD7ki0cXeCxG/vmtIzy6fZTnn5/j6xe3+fr1Z3z7/WPe/fiSb96+4NmXj7h/5zIXzh7izKl9XL90jOuXD3PssMjzkgqx9Hn8YdaMKUT4mrFpSRR7e5Lpbghl18okdnfn0ZYXRW6AM5mLrCUjsiDc0pJghxD8HZPxtYvAw9yDKPdICqMKKE+tZnHZCtXMF9fuZknDQVqrt9Fa0i2VxyY6GzbQWdfNsprl1BY2UV/cRkVuM9mpLcRGthHh30KoXxlxiyLICwikMCCGnsw49tQkcbQ+lIvtYVxZEiLCHceLzcl8uSWdF9vTebo6nO93S6E4USsWLjb+/CR8cxV+uMXPP96UzOgzfn53Dt7sFOBvFrh3wOkyftydwWMx9RsNjlystOVsiT3nSh04X2rHgxYPXq7w4+VKX4F5IN+vD+PdhhDYHgV7MnhzsLF/VbltXVKhLGVbRxNrW2vYvLiBQ+tX8O3r/zb1t99+TXtjHlXFMVSqQE+kriyFhrJU1cy7movpWVJFqyRPNWLueTnhJES74uG+AO8AD8xtF2BsPA0fd1scrQ2JWGSPu4OpwN2GmEBvbBxNCAwJICUjGyeBdESMVIQJyRjbmWLnJgW4vBb9haYCfUvGTpuLtVcEtl5+xGQXEJpSho1XoDyvj6scU4vqmTRdkyHK/sZDxwu4xzJi9AwGj53Rv+fx0AkMGjKeIcMnyHPjGTpsshiFJm6WkmjYuJGaUiCGYsIsTXPGTTYSczdGU8eO+MT+pt1NHWUqzN9D/bcg/y3M3wP9/WC4f2hqF6AVSGQEWBDhJObtqKMCXYlARw0CxNaVZnYF6L/tQ/91hbhfmtuV/nMF6Mpyr/8M6Klhiplbkh4slh6oDGgTY/YTcxaYJ/nqUxJtw9IcH7qy/ViW7saqLGe2lAexozmBvQKrnuIIsXI3xg74d4b/179jNWs0DfK58gTSMY7TiXCYSKTzdGLdNYhXLF2AnuilS6KPGLqPvEcfPWJ99QTqCtyNiQ0wJD5Iec/9O8K9f9/K8T3M32+v+s+ArobAPCHKWoBuxZ2bF8U+XlCxOI+o4jAx60jiBcSx5Wm4ZcWzqDib2JpiYgsE5HnxxMsxuSiVqMIYQgoCCCnyIUqSFmX3sxh5LE6ejxWzjysR4y6LI0UShMrSGLJrQgkqtiarRVl7Xcy9LoiQGmNqd6QL1IvIqk0jsyGNrLoUcuWY3ZBERn2SQD2ehMpYUioSSVYWoBHzzxCb395Rz36x81N9u9XBb0c2bODU/iPcPHOe0zv20Lda4HRHKspXb8WGFEj395d//c1bFeiKkStm3g/zb3nxWo7y2Jcvv+HZi2948vwVL958wzfvfuDxq9c0r1vJrmN71cVlWprbyM9Iw9PBHi0x9DHjxqj93DNnzUNDcz7aAnMdPSMBugWmlvZYOSorvvmrq8q5eAZh7+YrEJd71slT3WLUzNoBYwsbAfpCFeha2voq0KeI8StJgrGhAUb6ulJRy3cvQOrrLBMrX8btQytUoF/ZvYRrezu4umcpV3Yt59L+NRze2slVMb/7lw7y9M5Jntw8wYu7Z9UmeMXK7xzbyL2TisVvU5vmlRHu905s4vZxMcOzezmyVT5vbxvHtixnX1cZR7sLOb+hgotb67i8o4Vzm+vZ257OsjQX+lqSObG1nfP713OmbwV7uirY3pjFhrpMehqKqKmqIDY5Ha/gKKmLJHlZKIKib6ICfc5cbfREDp09/dS6YYNc59AgL4wMlNHuDgQFuEq4/Ar1AH9nvP3t8HMyI9vfQBhhQK6/PoEWk/E1noy7/ngB+AQ05ugwT9uU6XMWMHFG/4I3U+foMnXWdFycLOlpq+DM3pWc2rmEvpVFrG9KZ2NrJgc31HPxxFqxYylLV4/y8P41Sfxey/f+NRcvXiYuJo5J46TO+/RT1czHjhzFJx99zNDBwxk1chw6uvJdmZgxZ54GxibmpEt9vHPnHpGZK3z54rWUxbeSGHzFk6fP+fzJI27evsCjB9d4/eIRXz2/z7PH1/ns3jmeP7kuiYTY+auHUoYf8OTZDZ4+v8tzed2XLx5z6/YVzl04zrlzhzl3ai/HD2/h8IENtDQW4OtpzR+8zDWIcTNkZZkv29ujqMwOoCQlkKIEPzL83UkSK4wXgMTamhOy0IZA51j8PQoI8C4hNriEwphcqtLKqMuqoS67UYx8Ey11B2it28Oy5j46q5dTn9fEkrpemiq7KcltIT6qlPDIJoKDagU+OwmNOkRU2iVCfZcR5VdMXli6VNw51IWH0xgVRWdKBNulgjxaF8qdrlC+3BzH93tSBeLFfH+6ip+OlvLztSWIzsOVDfBMAP7dDbH0G/zMY/j5gZxfkeNpfn67XWx+sQA9nTcbYni43J8HS3253uTJhUpXTpfY8KDdly97Ini1KpQ3q0N40eXNq25fftqqAD2Jd4dKeXygg9Mbl7FzeStr22rZ3N7Ivu4lnN7UyY09a3j7ut/Ut61fSk1xPNWF0VQXxwnQ46gsVGw9gbqKFJqrMwTsuXS1Vargr6/Korw0hegIR9w9jPEIWISpuQ72Npr4ulgR7uWEpblYXbCv2hTv6GhBdqayBnQg3kG+pGQXqvNVbVwlKfD2x8LaHB0rA4ZPlEJnbMkiKZjhqVmkVbZTtWyjAN2TyJR0UnJKKShuZdCgcXz0yWgGDBzB4MHjGDR8ojowbqiY+ZAhExgix2Fi54OGiJ0Pn4mRxjx0p89jxhxLDI3cpSIyYvxkPbF8TansFrBggS2WCxep10KZnvbbJvff95v/FujvzVyxcbW5XSBUrNh5qI0A3ZZ4rwUCcy0JXYIcNX+19CDnfzR05fjPBsS9b25/D0alrzotTAllipn8rJhvkFixgD9Zma/uu0Bga0CCt75q1EleOlREWgnMPejJ82RNkTebq0LpE6DvXpIrlp5NtrcVkwf/F8P+/p+M//vfyHLQokqgm+GpTbT9JOIF6ImLNNTflSx2nuIjIclCorceMZ66KtDj5O/GqEmImLuYelygqbxvy1+7ClS4y7X57fru/1vfudp/HmXDrm3d6vexef0ygWUUEQVi2IURanO5sluZsvKacZgprhm+YtxJJBQnklicKglfpph6ItGFkWLdEUQr/d+SoCaWpMlr0uSYIkcBcUm4GH8M6aVi8BXGpLZ7kFDtT2JNhDrSPa46gKCq+bTszSGnNZWMulRy6zPJb8wkR4F6YzppAvW02kQyalJIq04SsMfS0lZE35J6jm/bIol0L4fW9HJmz35unj5LX3c3fWu38vLLb1T7fv70BU+fvZFKUEIF+GsV5MrPz798xZMnX/FUXvv0y6+l0vyax89e8+VXYmNfveXL1295pZj69z9y4e5dDp87rfbztre2UZSZjo+jHdozp4mhj1GbxqdNn6VCSkvH4Begm7PAeCFGAmtza0csbJwxWyjwNrfByHShPGehjnBXjso8db0FpujK/1OSgjlzNZinqY2tpRn5cQFkhHuTGenDVkm8lGbv63uXqgC/tLNVDLqBMxtquCSPX9zdybkD67h6oo9rJ3fJNdnJo2uHeSyWrgD9qRyV/vJ7AvTPTmzgwfF1clzHPTneObaBy3tXcOXIZvZt6GBFSxnLGovZ013Hye4iTnXncnZDuUS1Gid7y+ktDmRjXSz71zZzaHs3R7etECGsZ2dbJuulTK0qCqdHJCUtJRk7VwG1hbUkLcZoa+mioTEfAwG7la2L1FmRallc3NrEfO25GMzXxEnk8T3Q+4+uBMi5d6Atfm7K/W8sdYUptcm2FMXZ4G0+iRmTR4t0TGTSHHOGTtBm1DRdJgvMp89XBu1ZM1eSrbS0OE7s2cDF41u5dHwjZ/evZP/6Ro5saePy0TVck+TmwvE+zp8+zL37t6S8vOb2nbts3ryZpMREZk2bzrhRoxk9fITad64A/dNPlNHqo8XUxczHjGbmtKm4ODqSk5VFb08PR48c5+Klazz47AuB8X2+ePycsxfPcfnaGW7dOseTz2/y2f1L3LtzXhLRC2LulwTsl7h/9wJfPrvDF0+u8fjpTSmj97n/4BbXb1wSoJ/g7PnDqqXvE9as7KwhLSmc+VrT+MOu0mC2l0SyoyqWDQ25lGQUEOQVTaiz2J6zE1HODsQ7LSTMypwwBx9CPEoI9KsnIrSF4pw1NBZ20VrYTENOPS1FS2gu72FJ80GWNu9lae1qVtYtY3nVUnl8GUXZS4iOasRD/r9TQAduTnn4+i/H3b6U2PjteFom4G+fQLyPmIF3FtkBGeR5h9AU6kN3sjdb84PZXx7C+eZAXm2JF9PO5+e7LfB5Nz+/3MbPz7fCA8XCj4ql3xQ9PidA/1xArmw8cVvimoSA/sUmOFXMd32pPO+N5vnaKO4s9edctTsnS5152BnBV2viedUbw/MuXwl/3gjcv1sfys+7k9QtWJ/vaeLM2ha2L2tiy5JG9ne3C8y7uLpjBQ9P7VIL6aUzh2goiaJW4K1AvbZAYJ4fIUlNOOVyXlWcJLaeTEN5Bo1VObTJDbC8rVTMJo1KsfWoEBvcF5nh5GWHnY0WEYEO2Aucg92diBF4OziIRcZGkhwbgY29KSnpGSSn5WDpaEVUUjZh8dnqHumzdacyduxIxs6ag3tkGCVL1lPWsY2wrFL84uPIqVvOzrOf4RuazAcffsoHHw9jwIBhfDJwtNj4OIYOHcugT8cxTKx9mGSjIwTyI4ZPZtrE2TgZGDJlsg5T5zmgPc+eObMMGTVWkxFj5jJ1ugEGRnYYmLjR0blGnXO+OC/kHwbDvQe6Er9tZv+tnfeHNYUC3XwBelagFRGKeTtoEqIYuqP2L4augF2g7vKPhv6+uf2f9Z+/3/889T3IQxZKyHUNsSAh0ESAaqAOXosTwCogj3XXlqM2ka6zyQ02oj3dlWWZLvQULmJjZSg7GhPY1ZZOX2sWdYne2GuMRmPE/0Vz+ACizGdRLkBtSHEm21eXBMdppHrMJcNLmwz5G5l++qT76QnU55MsfzdBzuMVS5dEItZPoO6vLAkstu5v+usIfRXoYQv7m+FVqP/3KPd/BvRkeY3y7/69mxTlBZGkbGySH0WkOvAtnJgSAXVhIC6J2lhGTsUrxYl4pf88L46EglTi81NIKhHIizUnlaUK6NPl53T1mFKmrCqXIECPJLYogoBcG6LqRQLKJflo8Seq2ouoSj8iKwOIrvIlvl0SohNVFCzNI6smg4LmbAF6en/fe3UiKVVi+kp/fHUc6VUJrG4tZEdbFQfXd3NwTQ+nBebXj55gS9tiNnWu5unDp9y6eovzxy9wXJ47feAw185f4fPPnvHk8SseffGCzz9/wcPPnkqF+Zi7dz6Xivspjz5/rYL9xavvePnme56JuT9T+tVffytw/5qz16/3Nwt3LKEoPQlfu4Xozp6uTjNT+tCVaWfK4DUNTV21yV1X31gd6Karb4SOhHLU1jNEe/4C9XkllKVdteYboKmrj6YkAsoiNHM1dDAyMiI21J/Fci3XS2KzrSmNPcsL1ebuq3uWiJW3C8zbOL+1nrPrxTYljq2p4nSfGPXWbravWcqhDYs5tX0p18XIP7uwm2fXj/BEgP702iEenNzKzb1d3D20ihti99f3LOP6wdWc3FjP6e3L2bayltL0GFYtaebg6hax8xrO9RZxrqeAc+vKOLu2nHPy2L6lWawqDWdjW4k6OO/glhUcWL+YPSvK2Lssn/1LCti9uIjGklzMBObK2IJZczSYLddJS1MPU5OFOLl4ERgRr17bLZs2qDA31JdyZ6ZPSJC7CvTgQFc1giQC/JV56WLpcn9H+c5gQ0eQ1L2L5J7W49OhQxkxaTbjRCjGTDdl4mxzxs8xYba+LW6+8UQmZlNcXMCuDcu5erqPK6cE6kd6ObWnkwObW7hweDWn9vVwcMdqDu7ZwqlTR7lw/qIcz7BlyzYKCgoxk+9m6sSJAvThvw6GGzl0mIB8LJPHTxBzH8rs6VNxdbAnIy5eBK2FPbv2CnzPc+vOHS5dvqLGyTMnOSFsuHjxGKdO7OHi+UNcu3Kcm1dPcFXOL53dz4Wze7lw4QA3bp7k9t1zXLl+hnPnT7J7z3bWb1hFV087XSuaaW4sJD5G2ahFS97TQP7weU8Wn6/K4f6qYjbX1RHuE4O7rQMB9k5Eu/qJvQeRqlwQj2giPfMIDVxCeNhy0hKWiXFupqFiK01lvbRWSJR101LZQ5uYeEd9L+3VXbSVLaa9vJ3S7CZy0sXKQ+tx9uvCxrYEB2Nf7PRcsNN3x36+PRZT5mE3ywAPy0Cc9a3wMfckxt6PFHsrKnzsWBHvxpZsL/YXeXGw0I1HqyP59liuAHwZfL8fUWd+erOXHx8fkHMB99cnBeY3fwG6spCJsqLbVfh2m+himyQEFXy/N48f9ubzYHko52oWcWNpJPcF6E9WRfF6fTLfbU3mZzEJ9hXAkWLYnyHn2TzfVcUlye4O9bRwaPVizmzu4srOLm70daoF9Ksvn9JSmymJTDzNFUnUl6dQW5xARWEMZblxVBQkUFmQSEV+vJwL3EtSaarOZUlTKU01+bQ2FZCZHkRwkBVunqY4SmZqYamBvbUBkT7e+HnY4+fpTGFqIm6u1oSHB5GTkYGnWHtIWDBZmUW4+/lgbGskhmyMjoEuhg6muIUJUHt20rLlGC6RkTT1bmflzpOsOXQNUxd3gfkQPvp4EAM+HiwQHyEwH8XAT4cxZNAYRg4fy7DhY+Sx8QwdMZ4J46dip6PLnHFSuU3QwkDHUrLY+QwdO4vR4zXFWszQnW8nlZoDpqau6nU5JDf+b/vPf2vnv+0z/+3odsXSCwRaBb8APd3PUsxcAO6goc4/D3ISE3fUUs+DnXXUeem/Bbpi6O9Xh/u1uV0B+i+rxCkwV0NZ/jXEvH80e5CxOkAtWqw5RunfXiRW7aZJlMs8op3mEuk4i9wgI5qSHWlLcaC3xI+N1WEC9ET6WpKkIo6huySMqhhHCuR3FfsZUSUJQ2W0PbVJzuqiM9neumSJoed4aZIfoE9hoCG5gQJ1Xx3SxMhT/Q1IFqgrTf3x/oZqs3ucAD3Gz0SN990GCtiTwuW9RylAt1PjfwP6rm39G2LUrygiozSIxrUdlPeuJLYqg7BcfwJzffHPccUxYS7O6ZPxTLOUx8OIyokmsTCFFCmnqRVi1VWZpFfkqnuOJ5ely1GsWlkRriSBlPJktb/bLlGX/J5wgsusiKyVCrnMjqAKZ0IqPAkr8SGwyI7EzoWsPNNAan0qaTVJpCuryVWlkFjZ3+QeXxFNfGUEuVWJbGhJ5955ZU+FHk7skIrw0FGp0JeyqUPs8tQFVnd0EhceTkJoJJ0N7exYsYwDWzZx/eJN7t19xt17z7l79yk3rj3g6oWrXLpwhSuXbvPo4Zc8efpGhboC86cvv+H5q7e8EFP/5t1PPHr+XL1ma7pXUpgUh4+NOXpzZzNx4iS1r3va9Jkq0GfP1WSOhi7zlL5wDe1fl3mdLs/NUGOeGjPlXIkZs2YzfcZsps2YI7Cbh4ONBWXpAsnmPPqWlrC2IoLNIjAn11aoQL+oWPn2Zi5sFvhuqBI7r+J4bwkn11WxZ3UtrdX5ZCZH0CbysKE1TyAvwD68hgenNvFEGfF+YSd3j67ikvyu6wKyK31Sb22q53LfUg50lnCwp4qVUlclBzhJPZ7LpqZcjncVcXRpBkeaIzm5LI3Tq8s43VvKqdUlbKqNZn1zAZtWtLBLytGhLZ2ckKTg7NZWLsp7PL6qms2tZVhZLGT85Knq/PyZM2ejra2PhbkNbh5+BEf1Tws8deo4+npaGOnpY6inqfabhwS5/Qp0FeoByiA5R7w9jQWakrxLkp0aPR9NjWEMHDycQSMmMW6SNuMm6jF26gJm6NqIaJihtcAGW1dvcvJy6du0ghtn93DyQC9n9q3gyNY2dq6u5qBA/agkRVtXt7FjQzcnDu/mzJGDHDmwl/amRuIjw7EyN0NPR4uZ06ehDCYfI7auraHBlAnjmTdrJpPHjUJrzgyM9bQJ8/Oitb6JVT29bNm2lf2HDrJv/z4OHTnE7r19bNq0hm1bejl4cCu7d/WyvrdR/m4729e2sXmVsjhQDQd3S4JxYD37D2xi3caVtC1uoKm5lpLSfDwW2WOi7KniYYvNQl1mzxglicaH/OHNhlTebMrj8ZoKOgurWGTjzCJLQwKsTImytyTK0ZFo9zBifZKI8itTYR6fuIb8zF7K89dRU7aFmtKNNFdvoal8tQBsJU0ly2mrWi5G2kRdUQtV+UvIT19MTEwzfkHNaNsvxkTXHbM5ZlhqmLFQCrXppHEYjh+B/ojBGMmNojtmBDZaCwgwMibeyZ5cV3tq/OTmD7NjZ7Y727KdOFDiza2OaN4cKOHbcxX89GILP709wc/fnRWIi42/OSygP9QPcR7KY8qNeQuUrVXfiUXfW6pOafvpeAWPe+O43BrA3e4E7vXE83JDBl+uS+L7nZlwvlF+RauUuirYIRnlzgR+PlzE0z2N3JBM+OJ2uXEE5Dd3d/Htiyf88O4dvWLajaUxNJYJ0MsTaJQbpaZE4F0YK4lQArUlyWrUFKdQXZREVWGC2gxfW5ZJvYC9siyFitJUgXQowf6WeHha4+iq9KNr4+22EFsx9fTwCEIDFuHmbk1euhhSQhwuXk6SCGQRFxeLpXx/rp7e+ARFYursjIWTlbpOc1h6Pl5JqRS2LqOuexcHr73AT8w+p6aNeXo2fCrw/kQMffCgoQwYOIRPPh3K8CFjGDF0NIMF8J8OG8WwEWMZP346uhr66M8R45gnScNcA2ZM1WXSBKmwpumhKY9p65qjb+bIAiMHzp+/rC4o83s7//0guPcj2/8B6ALbfDnmhIj1uegT5KCt9pn3959r/RLa/VB30f0fi8qoa7f/MhguXkD42yVffwW6Moo8xIREAWu8wDTGR1f+nzYRbhoqyCMlIhxnE2k3kwTnuRSHmtOW6sKSDBc2VIWyvSmW/R3ZbG9OZlNdBBvKQlmZ40uzGHlzghMdGT6sLAynMc2TknCBuwA421ObAm9NSoMMKBHjzw+aT46/LtnyHjIDjUkPMCBFzhOVPvRAI7XZPcb/PdT/eyxAYqiFCnUV6OEKyO1VmKdG2f8D1JV/F26exT/bhYi8QAJyInDMcMcmzlrOXfHLdsYzywandA2cUmfhm+VEWE4o4TmRROcnklwiUC9TgJ4rkaceU6oE6FWpYtMCZTXSiakMxa/Ylahme4Iq7fEtt8a7bCEBlQL0Sg9CSr0IyPPCr8CEyq3+bLjUSbnYXWJlkhrxcs8og+ESq2LJaYpj0646Xr/Yyg9ve7l+eiPnDxxkc8dSepes4PTBo+xcu1nKohk29tGMGKUhCVkgO7q7OL57LxdPX+TKxRvcvPGImze/4LKcHz9ynPOnznHn+n0e3nvKw0dfcf/RCx4pTfFKf7qAXYH667c/cv3hZ/1jQHp7yI4OxXuhKYaaAueZM9RR6UozuYamNvM0tFSoTxdoTZk2XYW90iSvhHKu9LcroQx6e3+uxPQZM/Bzt6ejJIkNldEC8ki21sbQnuBAT74fJ9aWcnZLPecFxEqc2VjHOWWlszVlqqGfXlfBnq5SqpK8SYz0ISdBylhWEHuWZnNmWzs3xMLvHVjB/UM93N6/kmu7l3BzXzcXd4jJr6/k5Ppa9nbmS5lNoDUnhPzoRZQmBbM0P4qe8jiKozxI9zKjJNSa/cvkd8rfVYC+d0kG6xoy2bF6KbvWdXFg6wpO9gkMNzRytCubQ2LquzrKcHe0VRffUebYK0DXm2+Inb0LPv6hhMal0Lf3IA8/uy9MmIu53nxMDLRxsDMhIsyT0GD3fwB7oL8zHm7W6MtrldCTGDl6tMB8BIOGS/00YoLIxRy53tpMkLpo5EQNxk+RxGqWFrGJMWxas4wTe9ZwRJKd4zuXcnBjkxpb5fo1lkRTW5TIzvWd7NsmsN2+kU09XZTkZhPo54+NtZW6jr+h0QLMzc0xNjbG0sIcU8MFkoTMR2PW9F+B7mJjLclVKh2L29m3Zw/HT51g38H97D+4l40be+V9rGRtd5s8X0pFcRxdLdkslkR2WX22lOkSNqyoYMOqBtatXcKy5c2UV5RInR5FfEIUGRlJONiaM3fWZDTnTmP8qEFi54ME6B/zh71yM+5tqWFzfTspUWUC9EDCfBJJ8E8mwsWLaBdfYtxDSQ3KkoqknLiEjWTm7qOscAcl+ZupqNhHddl2sU25IfMFEMVdVBW0i3W2U5IjbySvkeyUJoF5E74BlVi7VjPJIJfJkywxmGnKgmkaLJg4Bp3hnzJvyMfMGvgBUz/6D6YM+E9mDPkQk8nj8LO0IVBvLplSibcGmbIi2pwt+U70pjpwrDaUC/WBwuZI3p2qhi93w6uj8HKfiPlWgbcC8zsSV345CtARc/9Bed16uC2mfrGRt3sLuSFmfmdlPHdXpfBsc74kOcl825cvJt8Al5XXNYOA/O2maN7tTOHN/nqe7u/g4cEu7u1fzou75/stdM8GGsriqC2Poq4slhapnJSfq4tiBdxx1JUmi7GnyjGFeqkcG8rTJdJUi6+pSKFKTKdUCla1VJ4FOTEkxHrg72WIm4+9QNoEI5PZ+Ls7kR0fi6ODMVkxEXITx6prHsfGRJGfkYWznLt5uRIdlUh4kvwcHER0Zg4BkRH4J8bhEOhD6/o9HL31hOqVuwnJzCcwsRQNHSsGfjKCT8XKB34iMJcYJEAfNngkQwbLTaPGSIYK4MeNm8WESXOYPkubadPmMmn8DKbKjTR7pg4as/XR1jJGX38hRkZ2GAvQO5atUq9PT13GP11E5rdA//3odsXQ88KsSQ+2JEQsPFAFuubvoK79q6UHufzPJV/V9dvVUeNmv64Qp4TS5K6AXQV8iBkJAfI6ZVCahxYR7hqEO88h3H4W4QLyMNupRFpPIdZmKgV+hrQkOtGcaE9Lij29pcHqQKEdzalsrothc6VUrLEOZHgbEW4xG1+T6VLp+tAuxlsqwC0Ls6Qmxo48Hx2KAvQoDTGkOFhfjF6PgmBDCkMt5TObkRVqqk6TS5aIDzLpb3b/BejK51FC6T6ICzbrH+X+T4CeFCV2vr2/77xyeS2xYsKBhWEslETKLNZQgG5MqAA2MM9dIO6MS7o+7ulmBGYGECkwj8qPJVYSzrjiJLV5Pa0ih6yaArLECtOqM0mpFjuXCim1RhLLyhQCsxcRWOBMUJU5ASVueBXa4VfuREi1FyHlEqWe+OfKMdeXqCob6ndH0nuindJlpcSVxqt7mMeWRrNibxV7j2bx3ds1/PiuXYC+lB++2cjpA+2sX76ac8cvcubwSYqza5kwTgcr2zSmzvIiTmCxrq1ZrHGzAP8gJ48c5ZKA/LrY+fkzV7h84Tp3bz6SeMj920+4ffspt+4+4bOHX/H4+RteKNPc3v7EV19/z6OX/YNct29YR2qwH77Wpljo66n7dGvpzJdK3gA9/QVq6M7XV+GuGLti7gq8lSZ5xcQVK58zR5N587TV12hq66rTm+Ii/FhTn8mm+lRWF/rTluzG4hQXSv1NWZbtzZHufE5vquHC1kZOr6/mWE8Rx+SxfmhmcWZ1kZS5JOqTvSlJ9KM4KYiGVB96SwI4vKqcs5ubuLipgZti5Tf2dnFJQH51tyRCGxs53lMiv7+UgyvLWFcVRW2qL9GLFhLtuZBQFzNMtGcz8O//yb//x78xZfRAcn1MObQyT7X0Q125rK9PYmt3MzvFIPdt6uLopnb2tCbTnWxLtzJlszQJJxvz/iVyR46UekKAZ2rJIt8gopLS1X3b9x89wbt332OmOw1jfR2xdG1MjDRVmPcD3f03g+ScxdDtWaCnIbY8B535cxgycqzEeIaOGqeeD5PjyNFTGTVuLqMmzmH0pBlynQ0JCw+gScrrmqWV9K1rYM/aGnasKGZlQzJtpeG0lkXTVpFAz+ISutsr6G6rpjInFX9lBzg7a0wE3HrzdaTOtcdAwK45dxbTJk9gvqYGFsZGmBsaqEC3tTTF0mQBznYiCXGRLG6oYs2qZfSsXEJrcxUrO5vo6qinXVmHpDlPHVeVGe9FdUE0dcKHBhG+pQ1K92sFeTnJwtxwYmMjyc7OIDkpFlcXO2wsjZknQJ85dTwTRg9VY+zIgfxhvksVNsHdhCevx8UlEmdTyahtLQixkArRYr5UYFKBOnhIxRZPRHAjialbyS/cT1nJforyt1Jatofysl1i6QL3otXkZrSQndxITnoDqfF1xESWkRRTRmBQJY4eVWhaVjJNO5aRU33kBjTAYMpMtCTDmDvoQ6YLxCf8/a8M/euf+PTf/pUhf/sj4z/+O3oTJmClTNY3nk6Zhw6LpWJbGWfChgwbTjZHcKzUgzMVHgL1UF5szuXH851waSU/K1PZ3hz9Beo35Cggf3dQjscl9slzW+DuUhXo3+7L53ZnKDe7BOqr4rkjpn5tcQhPVsfzemsmPx+rgKNlYuZlPFsVzYN2f15syeHZgSU8O7KSpxf6+83v3rxES6Uyij2eupJYgXasWHqiel4pX5jSj14rpq7YurLITEN5qgrzxsoMNeoq0qkRO68R2NeUpFKaF0duZiixUa74elvissgBk4W6uDub4epoTmSAJ4UJSYT4LsLPy5mCtDSpIMKwkgw3KT6R9LQ83AMCSC4sp7xtLeGpecy3NyejugH/pAw2Hr6MpasvGgaWTJg4kyGDxMAH9sP8ow8Hqk3vyvmQQcME7GLt8pxi54M/HSM36BRmz9ZBW8eAmTM0mDZFk5nTldCRnzXR0JAbQNdMbj6xdH1lnml//+2lE3t/Bfr/a0W4/gFx/ZEXIkAPt1WndCnwDnTU/qWZ/ZfBcGof+i/N7grMXXV+XVTmff/5Pxit0lT9G6grQE8KEiAqA8/89In10iXKVWAuRh5mLyBfOJWIhdOIsJ5MpNUkoi0nUhViTlO8PfXx1upc9O4CP9aWhdFbHEFbkgdL0t1ojHMgzEoT4wlDmDH072hNGU6ooylJPtaUyN/qzPakQUws11tbbF2DQj9tCgN0BPYmlEdaURIlyUzUQrLCLAQmliQG9r/3OAXkfsbqZ3r/ueIF6P1T2GxJifidoUf12/nNzz8jXSoV5xR/PNMDsY52wTTKUMC+gKjSIMILA/DP8cIrwwW/TB8issJJLBRjLk4kRiqb6KJ44gvTSCzNJLUqh8wqBejZci4gF0vPrM0iuyaH7Ooc4sp9iK3zJbQsUF0XPrTcj+jqEMLL/Yko9SO8IJDIolAiS6R811nR3BfJptMd5LfkECu2lNtmS8/qiTy8HsgPr0r56ZtifvxuJT99v4rvv9nBtYsnOXfsJMcOnJaKP5dBA8YzYMAIpoyfy7K6eta3NrB3VSdHtqzjxIF9XDh/ifPnb3DvzhPu33mmNsPfvvWYm9e/4OpVZeSx/Hz7Jfc+f8mT19/w1bc/CtC/483bd+q1O9C3nURfNwIE6A6mJpgtMJRE1RQTUwGfqbkaRsam6i5pCuS1BfYKuJV13ZUR8PMXyHNmC9UBYubWdjg5OVOaGc/qxjzWVCWyoiBEyown1coaCK7zibTRpCHJmUPduQL0ak6uKef4qlKBeSFHV+RyQoB+qj2BPQ1xbKqMoCJuEdEeAmNv+c69zWhPc2N7fRyHuwo5JxZ+eVsbV3ctU4380s5lnBWgHxYz3y8m37c4izWVcVQmeEoCa4qPjSFzp07gL3/5Mx98/DEDPhnIn//8R+wNZnKgPZWTq0vURKOvLZW1LYVs7BLL7Wmlr7OU7kx3qae1SPEwFKCFYWm5kFFjxjBoyGCmT5+NpZ0zkYnpFFTWUbd4GacuXFavr/NCHQG6Fgvmawo8NfH0sBErd1OB3h9uKtB9vBywWWisAl1XEo7BwwYzdJD87ilT1bntI8ZOFqBPZtTY6YyeOEOAPpWpklwZG+hhYagldXEKPe15rKhLorsmjtUtaWzsyKWrPp5Suf71RRF01GRQmxcvImCLmdYsTLU0MZUkTl+Oc6dNZuiADxkx8GNGfjqAsUOGMk1Zw3/kcMaPGILu3JnMnjoWI93ZLDSSusrVgsrcGOqLk6kpTOw/r8mkvCiGitwQyrODKUrzIyPGjcLUAIozQilID5NrF6QutGNmMh/jBdqqldtJ2VM+95zpE9GZN0PK+kgmjxuhHj/9+P/yh3HWZcx3bcLRLR3tWfMwmTMTHzM9gk1nE2IqZmJtQoSrZErucaL8K8jKP0xJ5QXKqo9TUiIwL9ktNrmNwvyNlBWtpSC7g5TEJjJTm4iPrMDPPx8v72y8fItZ6FSMkUc34x2X89EwHf72lw8Y+sGHzBj0AdM//TtjP/org/72Jz7647/y4f/5//jwX/4PA/70R+aMnYXN7HmE60+jwGketZ7z6AjVZ32yBWsTLNmXb8/hfDsu13pwSyD8cH0+Xx1oFpa38dN5MesHq+G7Q/DjafhGzPztrv4pbF8J8B8K/K+38u3eXB6tjuKWAvUVkVzpCOH60hBuLwvl/vJQnq9N5O3OHL7eks699iAultsK1H14daiF16fX8P1XT/j6zVd0NOaKdcdLiIkXx1Iv4K4rVgbFxalRW5FErUBeOVdGvdeWJoqZC9CrsmiozFTP68qV/vQs6isyxNKTKS2IJz83jthIZ7wWmeLkYoW1lb58uVpiY0EUpCZhZ2VEcVoKxakp2NuakBwbTV5GDtEJiQRFx7C4awvta/YRJibuG5eAR0QyqRXNLLB2YfKkCYxWNpgYMkJujCEC9MF8/NGnfPj3gXz8oVj6ALF0Abli7Z98Mli19qGDxzN54nRmz9Jg1rQ5AvG5TJ0sFjJdCtssKfQSOloGGOqaSAE0wkDXHB0dM1rblvP922+pS/H8X+38t/PNiwRQRWKquQL0zGArIj30fjFysfFfpqy9B3r/gDit/u1TfzMg7vfLvSb8HuYhyqps/XPNE30NxE76m9nDHWYTbjuTYKuphFpMIcJcwmIikZbjVaBne2hTFGRAY4ItbanOdOZ705zqTqKTIc6a44mxmyf27kC0vE+d8XLTDR3EaKkAdKeMZcG0USS56NKa5MTK4hBq42xJc51DuuMU8r3mUR5qTHW0FVXxTpTGOZMfJaYfKvYdZKECXek2UID+/nO9n1efIJ+jfy66MjjO9leg797Wo47UzmipwjpqEXZx7ixKDcY6xgPzSBtsoi2JKAwkpjSC8KIQgnMD1ab2xIIEkkpTiROQR0hCGiNlMUYAHyvJaFyJMvo8g6RyxcozSK1OJ6++gJKmcgobSshoiiC5Poa4mljia6JIqoslpSGBmKoIokqCiC4JI748VhKCZDLq4khvcaJtZyibz7RT2OrHupXjuX5Qj5e3I/jhRQE/vCng3bdrBOwt/PRuG2+/vsKdazfZvH4nCfEljB+jx4zJOsQGxbOxs4u+5UvZ3dnGgTXdHN2zmwtnznLt6m0V4rdvPuHmzcdcv/GEy1cE6AL16zeecuXaU248eMkDsfQnr/ub3N9891N/P++RA8R5OqhAd7cwwd7cBBsLC6wsLbGyssbGxg5bO4GNrT1W1gICSytMBGamC22xdnTFxUdZCjYcv8AQuZfDqcpJoLs6k66CCJbmBlAT70KxJGMFyndsP1eSxzkszw/g4IpsDncXcHiFgLy7mCMrCzmxMoftch2b4t0pCXemMNJNfl8ckd6O+Eiinx/uSFu6F2tKQti3JEP+TzEneiu4tLWZMxvqOLOjQ8y9WX5fEXsEytvk+q8oDpf/5yL3zkKMBUafDBigLjLlGZGPi28cUwSWIwf/nRZJsE/3FnBUoL5veTara5PobCyip7VUztOoCDAiw0GTlJhAEtPSsXNyZfK06SrQp82cg5OXr2rm9Us66Vq7iUvXb/VvRx3pgoneDIwMdFSg29saERnuJcmahwr2903ufj6OuDhaMGPqGMaNHcGIoR/jMncyFlNHMXviZD4aMpKxU2YzQeqlcZOmM3zUaIYNGsj0ieOxNTMgMy6QspwQOuR9b1mez/rFmayojaejIpIlElXZgRQmepMe7o6DiQYmmhOxFTAbaExl7pTRGGpJcqAzFz1NkdF5Mxk3cpCY+WR5fgY2Al4rfQ0WGs7DzGAW5pIAuVgK1N0MiQu2kaTbQcqnPYFe8h1HupIT70lWrAuZsc7kJHqQHu1BmK8DZvpzmDd9vFwLTazMxfznTsfUUEeSHQ205VwJZcvUiWOGqXauHNWlX4eaZGDjXinZixXTx45Ge+IEvEzFzC11BOizCTaZR7SbP7GBRSSJxecUnqKk+gqlVacoKz8sht5HfsEWSoo2U5zdRWpiM9HhlQQElZIQWy1fRj7+gSX4BFRiYJ6Inl01kxxXMWbmIj78YAB/+tc/8sG//ZGRH/xV4i8M/Muf+Pu//on/Eph/IFD/6F/+hXkT9LDV1MNXezJptmIxzrNoDdShJ86IVWLqm1Is2Zpkyq5UYw7nWnGu0purHenc6i3h6fYy3h6u4edLHfBkCz+/2govBebP18ELiac9AvXl8nwjn6+K4oaY902B+NWlQVxdLOcC8ytNnmrcWRKgTnG72eTCpTILrlWY82p7jiQI/U1ym1e10FQp2VepMj0tRkAeLRFDVaEyBz2K6jIBe6nSV648nyCZYn9ferXYeENlukA9k4aKVPW8SaynSSBfU5pMVVk6FSXppCeHEhFijbtkfO6+Hjg6mBDo5yw/WxMb5k9uQgwBnv3zNguTkyjKy8fJw46q6lY6evsoaunGPzaepRsO0bZml5ynoDlfX+CsGPhwtc/8k0+UAXGDBOaf8Hf5fhRLHygQ//ST4QwYOFTMfDhDBo9k9CgBurL4xdSZTJ86S+xcjpP7zxXAa87WYr6mLguUhTbE4PV0jNHSMSQsNK5/h6WV9f9g6P8b0N8PiMtT+rgDLAhxet93rvUL0LX+G+jKHPTfAf39lqnvN2P5dXS7un76LyvA/bJoTKK/oTqaPVLMPMRxFsE20wm1mkaw+SRJcCcSYTaJKNMJAvYJhJuNV4+xNlOoirSgScDdmupCTaIzi+RmHv7B3zCZNZIiPxPSvE2YN34Qwz/8dwZ99AFjBw0SWx9AnJMeDYmuLMn2ZbnYapXYeLbHbAH6XMpDFtCY7EB9qhuViW4Ux8gNH2FHurJsa7CF2m2gWLryudTwN/5lPXeLX+elK0BXYN5W17/a2dZj+3BMCMA+yZdFaUG4JAdjF+uBc7IYeZoYtEAlXspuvCSkUWIP0flhxOZHqXPLY5XpaMqKcsUp8rOy/KuAXcpvXFk/3BOVfnWBU2F9CYV1JWRW55Jam0JWczbZjZnkNmaQ05xJZmMaSbWSnJaLlZeL/cv9UiDP5TdlktcoCUKDM9ENLnSsMOfLW2F88yiZdy+K+PF1Je++rubdqy5+fJ7Hz98uE6jv5Mef7vLm1Wc8/Oway5fUkZGQworW5exct5F963rZ1dXKgd5uDm/fLDZ/jItnznP54nWuXbnL1cv3uHTtEReuPJajgF3i3OWHnBfYX37wmnvP3vBSDP3r735Qr9+1C+eIcbMl2NoIHysT3Baa4mxlibONFU6OjriK+Czy9GaRlw/unj44L/LCWc49A0IJjUkkMTNPxCeHpZX5NOUnUBTjSU6gNcVB1hTIfZ3gbU6stwUpXpKQSzlO8zBSgb5vWQb7OjI51JnHQTHqE2Lqu5rj8DefI6b4Af/xb3/mk48+lHtNBxup/MPFKvPj/GjOCmKdXN8dTXEcWp7DcUkGzq6v4cKmBi7u6uHy7pWcElvf3pjMTkm4VpdHUhDthbe9BaOGD5F7fTC2jj4Y2vgxdd4CNKZMZsSnn7Bw2hCWSQJ7SN7X3qWZbKyNpUPKwbK6PDkmkuGiTZy7GWWVlWQUluHuE8hcbR0B6yjmaOqwSBKa/Mpq2rtXs3rzDjbs3Kte39aycGyNJ2GoPx9TI10szPSFH16/WrpyVIAe4OfEIveFjB75CR/8X+HGsE/w0ZuN/cwxuOrOECH5VJ1GNnz4GImhjBs9CIOpw8WixzBj4misFmgR6m1Ni9THHZUJdFbH0ducyurmZFqKg9VZJIEuBvg46OMoUuvvZqpGUpgrUb42wkIXIgS6i+xNcLU3xdFcF0u9mQS5KS1oLsQGOBDmY03gInN8/3+63gK6rutctO4Yr23amwYc27FMMkiybIEli5mZmZmZmZmZyZItMzNDEtuJ7ThOnMThNNAmaXPLkLb39vXO/9tbdprevt9jrLGPpGPpnH3WWvObC74V6yl1xE4CJAOsd2yUoGIDFju0CfC2Jjc1SECeQHe92LkE2NUF0dKGY4gP98ZwqybGhtrsMNyimrhi4S72Anmz7Zgb66lfb9PSZKvWOgko1mGgDLtvXSdAdykTO2/BxcocCwG6u6kJcV4Ccz8xdB9zCiOiKE2tJz+1ncqq07R3v05bz116+2/T3fMC7Z0XaGg8QHPzEZqajwn0d1FaNEpaagcxcQ0kx1eLVTYQEdUgkWod9m7V6NpUoWccyiZNHZ57+jl++IMf8qMf/h+e+pFA/D9+zLIf/YhlAvLnvi9fP/EEljsCJOqRD1MCjWp/M5qCd9AfZ86BKh8OVQvQW8K43BrBqRJnbrYG83AskbcnC7kzWcE7+5r4xfke/nijn/95d0EAfkqMXaz8ywMCeIH5f10SwJ/gHz9b5Ddnq3l/JkWsPIcPd6XzwUIa70wn8WAkmtcGwnmlM4CHw5F8NBnBe8MBfDDsy++u9auV8f7tq8yIfatz5wrIBeDjAvMRsZrhtkKGu5T59AomxHSGpShZ44bFzsfEyNXh9f5qgXk9M0Otqq0rQF8Yb2d6rIPpkQ5G+uro7qqjuTGPnLQg0tKiSUpLJDzSUwzBWSy9hvqSYmIjvOkSmHfUyX1PiqSmsozZmd2MzR0iOb9QNfVjL7zL4rl7BASFo7VpI2tXrxMDFzNft0EdXlfsfMVyDRXqGqvWqJBfKzBXLF0ZktfW0sVQ30AM3Ui1dEO9HRjob5cIfgcmO8wxk2JnaasWFwnEPBxd8VS279h7YGtup96vLz5579+G2x8vhPs3oOcG0CqlKM5VhbgC9OwIO4GuvQr4x4ll1GF36QgzBObpMQL5eMd/yd3+2M4fG/rj/OzfrmpPdqYo1o6CCEuyQkzICDAiy89Q2oEeuV5byffcSqHHVvLkmuupS6arFi0JDjQnOdIrwcFUpQQo8j6cpdFqPLsM/TXLKQuyZbIqTl6rK9s0l6OzQQNdzbWYa2lQHePKcEk0O5vTmGtKZrw6im4x86YkOwZy3QX2IYzWRDFQD7Ra2wAAgABJREFUFUOPRPAdJZE0KfvLc/yXht3l/RTJ+ypIdacwTaCe4aVCXTms5Z/JZkL45KOH/PVvfyOnt56o2lzCBegx1VkkNlcQWZVGeEUsceVRZLdkU9xVIVBXEsiUkd+WL18XqovTFKArpl4/2EytWHmFBJpKKtiC9mIppVT01FAn328YbKK2t4EyAX/VYCMN4010TLfTO9tN32wPPTOdtAjAlX3mNQL2RjGj9slaCTab6Jlto1bA0iAB+c/eq+CvX3fyX7/pFYgLyP80JUCf52+/28N/fVXL35Xv/VWB+g3+/rfbfPO743z9xWHuvHSJGxevcvPSZa4JyK8uznB1zzQvnznGncuXeHD7jrod6a23lAQdH/Hg4edy/ZL7D37Ovdc/5d6bUt75invvfs3bH/6Cz7/8Hb/4w9/429//wZeffUpJdDA5ga6kBXiQJFCPC/QlLjSQxJgYUlLSycguIKeglMyCMrXklVZTVttMQ3sv3f1DLAy301oQS6iTMcHKEdReJhSH21MR50ZFigA90ZuCaHeKQ20ol7p+sDOXFxZquL6zWgDaLFBv4c6hbkal3WxZu5xly5bh6OWHa1AsG7S2YmZihru9KTUChtGaNA515XNxvIgXp0p4RYKB148P8/b5nTw4N8971/by3tUFbu3r4WiTmH5OgMibL7YCjA3r1mO83QhvJw82rNbgmaefwWj9MuwN9XG0NKNBgo/DHelcn6+XgKCUfV3Z7O6vYrIhkyLpoxtKs5mc30P7gLAgrxAnNw+26Olj5+RGSm4+ncOj7D5ynOMXrnL22g21Tzi9v4/M8O24ONnh4+EsUHdWT5jMz018BPQlQ1fm0jPSIqQ/MWHThrVorF3NtrUryPC1I9bRCKPNq9m8YR16AnOtzdpqv7ZuzVrWrFjO5vUaOJjpScDvT31uHJPtJewZqWbvaCUHJ6oYrJeAJtQWfycjnE21CPWwIFeCk7byFIaacplozWdWAtmmohjpQ5S2GEZdbgiN+aEScEtfVpFMd00KbWXxAvdA6WsCBdDWhPqa4WS5DVPDdWLZO3C0MaCqMIEuCbpaapJoq8uktiSF0ux4ac+RBInZ22zfwLaNGuhpr2e7vrb0rVvZsW2jyMFm7LWW42dhgLnuZnQ3S5+ivZroAAO+Z+hWSnRMFXamRlgrQxJODiT7+JMTGkFxQh7VmTXSWTRRXTpPY+dtiaw+oK3/bVq679DYcpHm1tMC8sPUN+yntFRZ/DZBdk4v4eGVREUWER6WR1hYASFBBfgFlbLDOgkzx1K2GYVjZ5+Nia45miue5yf/8SOeECv//ve/zxM/+AHPyONlP3yC5378E5zleWEuAcTLB1jgYURzmBkdEWaMpjiwr8pfrpZMxJpyON+Zi9U+PJxK4cOZdG71xHKpN5V3DtTz+ckW/nKrj3+8PQmfCti/FKj/TKz9l/sk2j8n10W+ud7ET3fL82cSeTARy8PpBF4fiuSVrgDu9ARzuztI7D+Ud4YCebfPnZ8fLlUr4i+/+ozpAQGy2M1EbzFD3fli3kWMSGc31FrEYGvh0mOB+GhnqTp/PiId55CYzqgyZ64uiKtT59InBurU4fZpsZ3Z4RYWZwbYMzsgltXF7PQgEyOdVJUkkJseTFpOCgkpCfgGWJOeEiOmHkxNcRFtVdXUV5WRlp7IcN8Qc3P7SC/Mp76zSxrPG+w9dZvCqg5sBbabNmgJ0DUlGt+glrWr16tmrgB95QoNVq9WzgZeJ1Gv/HytcqKPLtt09TDWE4AbGAvQjTHYZii2vh0DI0OpdNvFzk2l0VsL0O1xsXORTsENb1c/7GycJQL35vDuRfW+zXcW/IudP543/98wbxeANWcHiDm7kCOdX064wDzMTr3mfgfoOY/2n6cLlNPj5HGCI3mPgK4MTytG+925c2UBnAJ11c4zPdRkLgVREjkHm5IdsF06iG1keemS47GFbCm5UvJcdMhx1iLDcSM5LtqU+W2nWgKAvlw/dtYnMFIWTpy7odj4T9B97sekuRkzKO9rsaeQMumE/Bwt0Vu/Ak8zTSqibZmqSWReGW4VUx8ToPfk+9KgbGNLcxDY+zJWG8lQfRwDldLhlsfQpgy9K/na5fWXC7yLM71UmD+GemmWjwr1x+lgZ0fqljJxvXiR2Po8ImuzBOCJRFZmEVtXQmJTObE1GaTWJZAlQC/qLKdMwK+AvUSAXSp1tERNFlNLTW+TurK9fqCFmr4mKuV7ymK5fKnjyrVEgtaCzkLyWgso7CilWup201grXdOd9Cmreef7GJBr91w7bTNi7VN1tIkZdc7U0jffJqWDjp2tHDtZyO8+aRCg9/LNb0b4y+9n+dufFvjm9/NSpvnml3X87bft/OUPA3zzi2J+/2WLwHyMdx+c5t6tu9y++iIvnD3LlcOHOTc3yXUB+s3j+7ktlv7Wq6/yxmuvcf/+29y5/yG373/Evfuf8ur9T7gr1xt3PuTFux9z5aU3uXnzNe68/jF3Hv6SX//hv/jTH35PoQA9O8CFdD8XUvxdifN1JzbIn5Q4Cdpy8igqraKyppGK+la11LZ0SV85SPfwBCOjozQXJBFovQ0fk82E224lxd2UfKnHpXGe0t/6kR/jLUGqOznSpiskYD0j9ntxqlhdbPnCfA039zTz8q56wuwNxE6XkVpYS2nbFNn1EyQXNbJV2qLBFh0i3C3F9H2YrUviSFsy57qSub2/izdOjPLw4i7un5njrUuLvCuW/ua5RY40JjAs7S0/1EVMVhnG3oSTrR2Welsw0ljG1nUrsJMg1EoAEhoSzonRWnaWi0iNFXN+ooT9zTHMNWfSkhMi98aa/t5O5vcfoXtkkuziMlw9vdAVCVD23qfmFdA1Ms7uw8c5cfHat0C/dfUgxdFbCfS0wNvdUYV6RLAfRXmpjyw99lGymSWghwS5Sf+1mmeWPSNBx0qc9DdioaeJtfEWtkkbCzLXJshiC15i505b1+BusJloG0OyvJXdKhI45yfQU5nOeEuRutVPsfXuinhSQ+wIk88l1N2MWH9bCuU+NhVFMdiQzs7eQqa6cphsy2S8MZkRaTfDdfGMNSQy3ZbOaFMqY63p9NUlUpsTTEmyBzkJTmTEOpIcZk9GlAt5yQFUCswbylPpEzb0SqktTqa1soDaskyq5f2WxPiRFyx9p8lWYeQ6tupoCsy1CLLRJ8pMGxcBuK/hJpKdTXHavhk9nRUUJZnzvR0uWfj7RmEslcDexIKEwESxoGTygz3J9XMVU/cgLzxOOohBGgXiHZNf0jX8U1p7XqOh7QUB+iWqq/dQXbOL3LwhcrM7yc1oJj+7nZSkMtxcQnF3j8HbK5nQsGKCQqoxtY6WaM1HogsLqSDb0V6zjpXPPseTP35StXUV6j/8vhj7D9FcrUOAtwQG9s4kSVSb7bSVYrGj2kB9OiIF7FHKQjlzplJsmJGO8EiBE3f7o7ndE8jni9lc60nlan8K7+yt5JenpCN4sRPeGoGPZuDzeYH7LPxcAPPFbv77lS4+mk/hlb4Q7oqJ3+wN5VqLD7d7g3l/V4aYeybvC+Q/mYngy52R/O2Lt/jrX79h72y7mHkpYwrEO/MY6MxiVDq3gfYi+lsKBOhFDHeULGWKU1a6d5UtbVkTqxnvr1eH1Yd7lG1t1epK94nBOhXoM2Lp+2YH2T83xK6pAeZnhxkXoI/2N1FeKBU7K5Ki8jIi40IJCnMjNjaEwZZOmitrSEqIZLRvgEOLR+jpHyM1J5u9+06zeOgcPQOzJCQkY2nlIA1CsW7FvjXVovH8ap5fsUqF+cqVq1Sgr5Nofb3AXhlR2bplG0b6Am6x8e3bxNClA9mhHFBhIFcjI8yNdmBnvgN7MzNcrG1xs7XHy9kZLxcvXB2c8Xd0xGWHjdqA71w9/m2K1/+9GO6fw+2B6nB7dao3uQrMH4E8WynS4WVHOjxa4f5PS08ToGcI0HMfDbcXPQL649Xtj1e0V2c/mjcXmJemCvjjbKVzNRcD206WWHmmt1i4h45q4lmu2mQrxWETWbaapNtpkitwL/HeTmmgKUMCz/HyCHY2JdEpvy/WWR//HZsoCXGgRUA7KvY+2SKwiwzE2XAjmYEW1CQ6C8TjpCNMU4E+KMHAUGkwrRkuNCZa05PnzmhtGOPNEihIh9FXHUNHeSStJRHqATJKpjgF3kVi5grQlVKS6f2tpStQV1K8/vGbP5PUWERQUZK6GC6yOp14gXmCwDylo5qE2nTSm5LJksBCAXJJtzKkXkNlfwNVffVU9olR97fSNNwhht5K40AHTYOdNAy0UdFVS3FbmZrHPUs6sqSmRNJa0iQwKKJO6nHbRDudUx1i3z30zvXSP98r1y6BuoB+rkVg3kD3rNj5zna651tpns3ltduZfP1OKb98t5Zff9zEN18PqzD/02/n+NPXrfz5F7X86fNs/vhZNr99U5ev3wvni0/389brb/LG3Qe8JNZ36ehxrokBXlyY5tx0Hxd2TfDiyWO8cOEiV85d4NK5K9y++wFXb7zBjZtvcevOe9y8+xEvvPI+56+/ztGj57kiv+f8ldd54c7nfPn1n+B//oeiuDAyfR3FrG1J8rQhyt1GzMib5LhY6f8KqaiRoKejj6auQZoE5G39I/SMTjE0Pc/E+BhVqaFE2BoSbKFDpN02kj3NSA20E9t3JD1CPseEQDLCXMkNsqW/IIQLU6WcHsnl/GQZ1+cquLu/hV3lIZhtWYOJmRVjBy/gEZmDS1A67iEp2Hn6qweIKEPLGUGOtCV7MpPvzYGaCF4WoL95bpaHl/fw5oXdPDi/i/dePMp71w9ydaKa/mQnsn2scLcyQUdbG38Pb+ylLW9f+SyuG1fiuXk5RvL95Ph4dslnPJjvw7HWZC7IazvUFM7elmR6iqMFZPEsLO5l4dAJ+sZnyauoxc3LD51teljbO5CYma2a+/yBoxw9d5mTl66r/cF7D16iNFaXlDATvN1s8fVwwc/TlczUWHUeXVnxvrQfPYaU5DBhiisrRTye+D8/ZIeAPVKs105vHfqaK7Hesp5QGz1iHKQde5gQb2tA0A5tfE201fYXIiDsrMhkRNrkpASfsxLATnUUMdNVKAZexGhzFh1lcXSWxtBdFku3BNNDdckC8gyGG5PE1NMYqI9nWNp7twTiw1LvJzrSmezMEJjHqqWxUNpnmpsqDbUiD62l4XRUys8aM+iuz2RAbH+grZTBzkr62mvo72imvbWa1qpCGpJDqYuR/irMgyL5HJM8zHE20iZe7ktJgANhxpuIstxKlQR/ddGepPsa05Bux/eMnFII9I/BxtwWTzt3otykcvpJ5+nvTFGgG3l+zuSEBFOa00dD1x2aJn4ujfl9mjruUt98jq62E3Q2LlJZNEBN6SB5mc0E+CQTF5VHdHgmIQGJeHrF4uIRh4W1HwbbPdmmZ4+Zvj3m2rror12L1poNbNZxRWPdDlat0uTZp57lJz96gjWrNuLsXYKvfQghNjuItdtCsr0OqfabxdR1KRFjqgkwos7PiNEkO4bidnC00oNjhW6cqvTjg4VcvjrbwN3ZUu5M5/PJgRL+cK6C/3mlBd7ogQ8F7B+MCswF6L/Yy99f6+eN8QSOV3lwrsmXxSJHTla5i63H8MWxYj49VKQOw/98Txp/e/ecWgmvntvPZN/StrRxsfNJAftEv1SIziWIDyrz58qwuzweUK7djwy9t4LhLmUvurKiverRvnNlPr1qaVHcUItAvYV55bCDqT4W54YF6CPMyONdi1P0dtdQnBNFTq7YenEpYeEBpCaFUJyXS15uJvUVZcyJFczv3Et4XCQjQ1OcuXBbouILZKZlER+Xio0CdM1N6lzZY6iv0VjL6lVr1KKxajVrJNhap/xcnqero4Ohvp66iE5fV1+iQn226ynHCErRM8TayAQbAbmdGLq9uRmulpZ4O9oJzJW9pZ4ESZTuo+zjlOd9+OABf/7DbwXmYf+WFe6fQ+7K3nN/WuRxSYLbkp0rEFdWs0fYqavaMx9tVVuaQ//n8amPV7ermeEe2bmykOwx0JWrYusKzMvTXNXkMYWRluSGGJPlq0+G51bSPbRJdxMbd95EpuOjYreBTGsBuvV60mw3kmCxnjxPQ1qTXJipihHjjmW8TIKUHD/GSmLozQ6nR95fm/yd7sJw2pRz771NKVHSwAqYx6ri1FEKZfphpDKaYbGe/kI/OjJdaEkXS68IZqoxnunmFAbl2lsTQ3tZpBhDmPo+FHgXZ3l/C/SidM9vLX360QEsR69eJKm5QsBdTLxYenxDAcnNVcQ3l5EkHUpKYyqpbQlktCeT055DmQBdSRijJI5pHFSMvI3a3maBeRsNUpqHumkZ7FJXuFcL7MslGM3tKBDbT5ZAIZrMphQx9kI1wUzjiJj4eDtdMz10zyhD7r30zHWqAO+dl+tcm8C9jc7ZVnUevbI/iHs34vnZgxw+eS2Hj1/N5pPXpR1/3Mivvxzh64/i+O3Pivntx6n88dMMfvm6KV89TOXzj/fy8M2PuX/7ATcuvShAP8XZxV0cnxrm9M4xTkjZN9bD4tgou6anOSg/uynPvX7rTa698CrXBOrXX36XyzceMrdwjMMHj3P1yi2On31NIC9A/+Wf1XtZl5tEmrc9ia6WxDubE+FkRpSvK0mxMeQXlFDd0K4eF6ocG9o+MCbyM0H/xCwjs7sZHx2hKNqHEHNdwqx0SXDbTmqADUlBzqSGi0DFB0nd9ZfH7uRHujJVG8+FiVKO9StpVsXSBe5XhnNIdNjChlXPSrtOZuHCy3jHFaK1zRIrpwASihrQ0HgevS1ahDmZUBfvzkymJye7snlwcox7Jye4f2KSty7s4t0r+wXuu3nt7KQAfoETg0X0JjmR6muDo421ANUfX29Pgft6DNasxER7A46O7mTEBDNZGcZugfpCWQAn+9I52pHI6d4U9gsMp0d72XPkGHP7j9E7NquetObu7a8aupJkJyI+kbr2HiZ37WPfibMcOnNJXRj39Rc/pTpeT9qiEUHejvgKsJUz0uOUY7tzklWo52TGST8Xg7WFGZrrN7HsmVUse3o5+hs0cdTXxl1AZ6O3ATMtDRyMNuEthh5hb4CH4Xoct60R0K/BSwKqzro8pqQP3TPWzP7xFo7NdnF8roOTCx2cmGnl+EQj+wfK2Sd9+XxPngA7RQ2mhxqSGGlUtgfG0lIcSU12gJqaWUlI1VgYRJsE5c1FwTQqa1ikDdYpW09LI+ipjqdb2nqXXHvqU+mqyxDRy1e3Ls9NdDM/PcTOyREWFyYZ6m4lLcSbWFdzcgPsaIz3oj3BmxwPa3yMtlAS6CxA3yj9jjlDeeFMSdAxLX3Jzsp0vmfnW0NkZBEGOluwEsuKcPciJcBPIkSfpQNZgt3F0MMpzB2mtv0V6oc/o37s59T2PKSmWSKq6sMUFc9SXDAkz5EXklBBYqzAPDSZYLcQkqOS8fONxt4hGHvHUExMfdHWsUBr7Wa0Vi5Df90aAYUZlv7DmLv1Yh80j6ldMfoGgZjZpODtkYWvjZs6dBJpuZlYWy3iHTaLQRmTYLWeAlddqn0MmcpwYleRBxNZdhyqCeB8UxCvjiXx0a5cHoyn88JgMu8s5vP1iSL+crUSbjfCa+3wTj98PAafzfJfr7TzQkcIY6k2DKdYMplpzYESR+6OxPDTfbnqivd7Yu6/vjKgNu631dSupUwJ0Kf6K5lUEshIGe8rYqxdjLytWIX449LfkS92XvJtTvdhdfV7lVyrBOY1DPY8MnV5rM6jDzWr2ePmpnoE6gPsnBlml3zg+/bvZmS0h9bGfIqyIygoFoiXlBIZIZUg3p+0VAGAdCQLk3PkF+VT21AnxnGW/cev0tDSpeYlTssux8LKiQ3K/NLqdY/m0ZeArhTl69Uaa1i7Zi3r12iyZeMmDLZtYbuBnkB9G4Zb9dDfqq+e/7vD0BALQwG5iRkOVhY4mJniamUlDUcqoKO9CvFAL2/C/HwIkKjfRyBfnpW+lH1rpv3/eUTq48Vw7fkBNGT7k6ski4lYgneGgPxxeQz0zCjbb7PDPT4u9fFhLMqisfL/lR2uWn5nbZZYbLoHxUkOatKYvDBzsgKNyFTsXALGdDHzdJfNpDmKUdtLsdtIlt0mMmwE6gLzLLH1DHttCr2MyJc6OC4R+FR1NNN1cUwI3CcqYpitS6NfGn6r/N26JDeqYh2piHKkLsFVDDyIkbKobwOapRS4oQwWy33I9aYtw52BYn+m62OZbUllVCygv16soSJKOpNwdf98edYjQ3807P4Y6oqp//TDt/jDn/5IcX8bye3VJLdWiKHnCshLSWqtIb61nNTmIlIFxGltSSrQc9vzqOiupqa7gYbeJup7GgXuTWq+9po+BfICrOFugboY+rDAfrhBTQST15lHRlsW6Q0p5DVlqceulnWWqmli6wYa5f+00zrWoRp717QY+qwy9C6A39lJ+3Q7LdKBNo1Vk1brytWzUXxwK54Pbyfz/iupvPNyEh8/KOez9xr4/A1Pvvwwi68+SOKrt/345K4nn7xbxQcfKCk0P+fuy6/z0nkx60NHpZOe4NDUGEcXdjHb10FnWRatZXnSiXazf3aaK1df4frNNzl/6SaXX3yDyzcfcu7qG/R1T3J4337On7vOsTN3uXLrAzXpjPKvt66EFC87FebRDiaEO5oQ5eMi1hpLcXEFda1dtPaN0jYwph4f2j0yLUDfKUBfZGhsgrwoH/wEOqGWOuQEWVMsnXVxcogEnuFSX0NVoGfH+lGe6Mf+7hxODOVwtC+TYwM5KtAnpW54WxtgKG0uISWX03fep2vhLL7RefQvnCKlvJvnV63A0sycWB+pZzFu7KkI494BZbh9hDfPKulcJwXme/joxSO8c3GRt8/PcP/UGHeODbO/NoyBLD9pE1FE+Hvj4mCHs70ttmYmUkyJ93ejKcVH3Y55pDuPA41x7GmI4lBHMhcHM7i4s4W9i/PM7D3I8MyiGtxkFpXj7uuP4Q4TjEzN8Q+NIF+sXRm5mNx9gJl9R3jtzYf899/+Qm2qCFrqDhLDnNWT15QSKK8jLyednCwBelYCNjaWIhpreXbZczz5k+d4+umVPPP08yxbtoZnnlqmrst69smnRAyfQmP5s2zRXKUOW7uYbiPQzUadp54UkRpuK2P3WAtHd3Zzar6P07t6OLPYw7mFLs7t7ODUTDNHJ5QDy5TFc0Us9Bcw3qQMs8czWB2jwro0xY3cGDu15ETbUpToTIW0P6U0FQYLzMXKy6MkCI+mszKBntoUBlpymBqoZXG6m6MHZjlycLcEkHvZI/dt1/wsLc31hLo7EGVvLHbuRKGvLQVe5hRLoJXv5yBBmh9pnhbUC+SH8yPk/qdxoL2AhaYivufsX0lYaCoGmzdisnUb4S4epPn7kR3sT2G4VLSwADGXSAqzeqlqfpGagY+pHf6Sio53KW64QU7xPvKLBRw5vRTmtZKeLLYYlESQRzDhvqEkhifgYuONp0sQFqaumJp5o7vNmjUrNdjw3NPorFqO3qZtWFqF4ZFyGauII7gmXsLRT+BunYLrDns8jLUJMN1EwI71BJuslcfrCDTZRLS5Jjmumyn13EJzsBGtoUZMZrsxk+vO0Tp/XmgN4dPDVXw0l8cbU5m8OpXGL06V8o97HfBmlxC5Vwx9UIoA+ufz/OPNUS53RtKZ4EhpoBWlPttpiTBjKseNw7UBEiDE8+li6lJq19/+irmheiZ7xch7xMy7lWsFowqsO8TQxciHlMVwykEs8ri/s5g+sRYF6v1yXYL6EtCVI1WHxIoel2H1RDb53YPN6uK43ZNKogOJ3qQc2LvA/PwkU1ODTI0PUlOWRkF+JOX1DeQUlRIR7UZ2diKzY7vo7B4iPjmKuckFCQJO0Tk4RXJmJtl5pRJpe6OltZU1Am4F4Jrr1rN5w2YV6uuURXCrFbivV4GutX49elob2a6/BUMF6nq6GBnos013KwZ6+pgaGIidG2K/wwh7E0Ncrc3xtrdSwe3n7ECghxsRvl74eXjhbOuKl6Mj4R6O6n388K27/zbk/t1FcW0C9Cox7GyBYKaS4vU7QM/87lD7o1PWvnv++XeBrg63KzAXM1+ycx9qlO8pIIy3JS/CguwgEzJ8DVQ7z3DfQpqzlpRNpDtsIEuA/hjkyjXbfrM6/J7jtIUMRx1SHbWpl0atDLu3Z3kx05jAaFUkI0pWvFIxb4F1txh1h/zNbgkoxuX7U9VxLDSmq4fVDIt1j8j/HS4NoyfXj06x7m6J+hVbn6qNZq41hcnmZNXSu6uiaRWjb1AOW5H3UqKsdpd7lC+dy2Ogj/ctpdQ8fuWM2HMNaVISWsqIaSwitrGYxJYKkprKSWvKV608T0CuHIFaIHW2tKWcsuYSiprzKZSS15JHodTZSgF93YBAfrBF7Fs501wgP1xF1UgFJX2lFHaVktdcSFFLCSXSWRa3llDaXqHmgK/tbaFpuJOmEQkIRjvpmOylY6pPrFyCg4k2dctb1WANVb0lnDySwBuXQnj7hWge3ozn4Y04PnitiHduevLxXRc+fTefD19P5u2rerxzO4533pzgzit3uPvKe9y8fperpy9x7tBxDk2OsTA0RF9TK/HBgeq2Ijvz7VQVFrF3dpbzpy9w6/b7nDzzAhdffJ1zL73FsXO3GRB7PL57FyePXebEyRtcfeFtbt//RL2f031tJHnZqkCPcdghQDcjxl/6zMQEissqaWjrWQJ6/xLQlbPBe0ZnGJxaYGhqlvLMRCIstYi22UJOoDXVqf7U5URRnBJGQWIwuXECiQRfqUOBHO7MYH+n0lmncLAjhePd6fRKoNZWGI9/YDAeLs7MHDrP2TsPOXTtDfZduYdrSBKrVz+Hm40FFfG+dEngeLQjnZu7mnlwQlkQN8tbZ6b48IWDvHv1AB9fl+vFOd4+O8Frx4a4NCRgKFOSHflTJeDoKlUSzYiYBboT5WJKpL0exX7GDEi7OdCSJK8xnYOtieyui+BoSww39rRxRKRjfGaOjsEJYUYXKblF+ASGYGFjyw5zS1y9/IhNz6aisY3W/lE6hie5ceeeen9rsuxJCNAnwMtK3qM3ASH++AT5kpAaR2Z6PK7OdqyX/ujZZSt4+qkVrHp+I5s3G7J67RY2bdZn7bqNPPvsczz1k6d58kc/5sc/eIL/+OETrHj6aexMTYiJDKCxtlCd3tw50swBMXMV6LsGOLNnkPN7h7m4d5QLe0c4u9jHyflWjs42cGiilr1DZRwYLmW+M4tBaYO1YuCKiSsnIlZLf1IvAtJYEChtU/qyKgm6pS1318Yz0JzGYEumsKCEmZEGDsrfOntiUerqWV6+dY2Xblzj1q2XuHjxHMeOH2FifJjq3BQS5R7Eu5gRJQFclJUeyc5KPgxn0n0cCLfZTp6fHS1Sf9oype7EhGNs6sz3bLwKiIsXW9PXk2JAmKsXaYEB5IQEkBsZRb7APD8mTgyghbLqs5R3v0PN0GdU9L5PYd11MnLniY5tITG+mriYAmIkOIgWoAd7R+Nm60FcZDL25u44WThjbeXBDmMHNm8yYPUqTdYve4qNy36CtoayR9AGazM/gb43bo7x2BvbYq2rh7n2euy3rcfDSBNX/dU46a7EddsqIq03Em8rhuSwkVzpeOsDjanx02MwxYGpbC+ONUXw9oEKbvVE8u6RCj6cy+CN6TQBfD5/v98JHw3DF/Pw5U746YQAfZr/eWuIezNp9MmHE+q4Xf7+aly2r8F5uyaRtrq0Rlvw68/eVs+1PbJbgNqn7CFX9pQXqKvax8TCRyRSGumQ0pnPSFcBg9IRDnUoMC9aMvXOQga7itWjVMf6a5Ys/RHQlQNblLzug8r+9L6l7Wszo83MT3aoKQJ37xzk0J5Z9i1OcfDAAjtnx+jtrKOiJJa8oiSqmrpIzckgPFaMrbSAqOREJiUKnp1YYG5uL7EpSQSGhgqEddHZvJkN6zeoJr529Vo2yeOtm7XR3qjN+nWa31q65tq1GGptwkxvK6ZGSzZusl3JUGSIngSABtv0sZeo21kZZheg25ka425lTpCTDUGONgJ1R8K8nAj2UFLE2mMnUbqb1ZK5K4dd/OP//p3R2qT/3zn01txACuOclyw80vHR8LrddzLE/fOktccnrD3ODqfA/PE+7Yp0b6qUY1DFPpQEMsrBK4qdlye7SmOwIS9c7NzfiAxvfVLdBdAuOqQ4aAuoN5Nit4E0WylWmlLWqyXdWlNsfSPZAvJMBx2yXbeJyetIR+hJc5oXXQUBjIutd2b70yfg7RGYN8trqYt3pDPTk7HSEHY3JbHYks5cXQzTVeFMKgGAmM9AYZAKcwXqfQV+jMvPZpsS1GH3IQkUesQOlHn0RgmElDzuymp3ZR+6AvPHUP/ogzf5Twk6K4YayGzMJ1kgndheQ3R9HsltVaS2l5PeXiJGnkuhMm/eWaRadUFzAbm12aRXJZFSE0tCZRzxlfFk1qdR3FaknqZWrGSNk2tpXwnlQ4VUDMt1sJLy3jqBfiNVYvcVnTWUtVdT0lpFeXstVV1KENAq4G4TcLfQIFBvHuukcaxNHrdRPdhIeZ88v6uCIwfyuHnCk9sXAnj9SiAPb4Vy54INr1/W5vUXPHjnfjHvvdXB4d2lXDt3iAunz3Lx3EvcuP4aN67e4fKpS1w8eJz9Y8M0lZUR7ObLqmXLWb5Sm5VSEsQQp6VdnDtxiuu33uHk+Zuce+F1Tl6+z67dJ+kXiz+zd88S0I9d4fLFW9y6+YYKnCPzU6qhJ7hYEOtoSrQy9B7kTZa0rfLKGhrb/wn0x8PunUMTAvVpesemaGiqI85jafowwcWAkggnqYN+5AnIc2J8xfACaMkKYFjAsLchlsXmGPa2xLGvVayyyI/meAepI7Ekx0YQ5BeEu5TagRkGFk+SVtaIuaUlnk52xEunP5AdoM6LH5C6c1PZi77YzKtHenkgJv7+pd18IFD/+KUjvH1pQcx9igcnh7l3qJPz8nnurk9ltFCpj0k0pgdTleBDbqANya7bSXfTp1eC5PnaWA51Z3NIAo/ZynBmCj25PlfJiZ19DI6O0tg5IKLRRmpuMYFhUdg7uWJps3RsakhUPGl5xZTWtqjQv/riLfX+VrfUExIfh0dQAB4BAfiEhuAbHkZoVKS8X190NmwSGVzDxjUb1L5KXxixY7tydvx27OwsMVPS8ZrsYNvWrWiKjCx76mmWP/MshvpbSYyLpKmuVKDaxe7xHvYvDHN0cZiz+4e5cHCcS4cnuXJoimuHp7l8YIJL+ye5sG8J7OfF3A9N1HN8poGj45XsHShkvq+Aqc5suiqjGW1JUx8PN6UxIW1qUO5fX7OAXwRueqCShbEG9kkffubYArdvXubBm6/x/scf8NFnP+X9Tz7i3huvc+OVl+U+vMjU5Li04xhivWyIdjMnwc2MaKcdBFobYrdtE/rrVmK8aQ22xrpY7NBno+YW1m0yZYO2Kd+z8iohLWccN3s3bI1MiXDzJiMokByJaLPlRubHpJAXnURefCkFRYuUNL0s0fpDidrfJrPmJbIKDxGX1E1MTBmeHtF4eYQR4htJZHAM4f5heLv4YmVsha+LF5Ym9mJ1yoILY9atFaCsWon2ymVoPb+K7dp6GCnZfcQQd2zWwmbbZky1VssLX4XRhpVYaq3CZosGZpor8NZfI6a+hiiLdaSLKaUL1PPdtCn13kZzuAn9iXbMFnqxWOTKmVov3t5byEe7i3h7KoX3dqXx328OLoH8ZzPwn4sC9EmB+6yY+jh3x5JpiXfByWgzemufY9OqZ1i/8lk0nv0Pge7Sud53XjrH7FCNWpQh9tGeAoaVD7E1V6y8gCGB94gAfkqZD5eOb0zZqtZWqoJ9QEA/IAavpIAdVEuxCvX+9rKlE9i6KtWhd2XYXZlLnxxpZXqik/m5fvbuGmfPziH2zA5z5OC8Ot8yPT1MZ4cYUmEMBeX5EvFOk5yahqOnKSmpSRzaf5apiQOkp2WrJx1t09FCe9M6tDZoslZjDatWrGLt82vYIFauLYa+ZZOOAF2B/Gr53lr0dTZivEULE31dMfOtYuYGWJlaC9iNMBCgK/mLnawscbGxUtMeOluZ4WVtJTC3FqjL1d2JGC8XAp3scTQzw9ncHA9ra/wdbGiqyFfv5/XjC//PLWvK6vZGMdq86EcL36LsvpMVzuZfYK5+/zvJZL5N9fp4dbv8HgXmNdn+qqVXKKvaU53VufO8KEuyQ0zUs5XTvfRIcdMi0UmLeDHxBOsNJAq8k+WaYqFJquUS0BVLz3feQoH7Ngo9DSjy3U6KBJhFvia0pIixeRoKmMPoEtPqlL/bJK+lKcmJtlRXOjPcGCzyF0OPZEbKbLXAvCyQifJgRkuDGRSg9+UH0JXtI0APYKwylOmGOAF6MiMNyfTWJNBWGknjo4Vxyt56BeiF0skqQB/pWdp9sfvUPtKbcomtiCG+Pp/EjmpixbwTWstIaMoitTGN7JYMMfNciiQILW4tIrchVwAeR2SZP6HFngQXBhAhwUNGXTq5Yhk5rSmkN6eSL0Zf0l9A0UAmeX0ZFIpZlyuHtPQLuAdaqO1vVsGuAL26q4manlYq+5qoGhIx6BPoD7dSPdRInQSsdWLttcq+9UGp6/sFpGf2cXKvJ9eO2nH3rBVvi5lfOqzN9cM63L0WytuvFvHitUYys8okyD3GpXM3OHvyohj3Fa6df5FrZ6+Ibe1n93AfZdkFbNmwhSeeeJKthl48vVwXX1c3aX99nD59jssvPRArv8Xpq/c5cPKmGFULi02lnD92irOnrnNaCQ4uvCA29fLSmplTR8kUWCa7WZPgbEGCh0AuVAQoPY3Kqjqa2vtp6R0SqI88gvqIugBMyYrWMSig7x2kIEPur70+4VZbiBXjzQ60kzruowJdsfWxyhjmSgOZLfBhtkLA3hzLvNSB1jh7igNMaYyXuh3pgq+nB46OrpiYW2FusdQGk0O8aM1PpCLKhQkJJCfEGq9MVPLiXC1397UJsLt440gXb52d5qObZ/ngxSO8d2WB98TSH5we57Uj3bwsln1utJJDIiRTEsxNVCWqi+s6031pjnOhN8WVLmk3gxKkHu4v4sRwmQQeafSnOnFlqpyz850MDPVT39FPRX072QUVRMUmqcfFKsfLKkfHBkfEkpSZT15ZLcU1zRRVNy2NgCzsJ6ukntzyJnJKayisqSO3spLskmJsJFjR09Ziy0aBuab0Vxs3oitfK2t7Nm3cjLbWFnXXzbYt+lIM1MW7RiKpypGnBlt1SE6IprG+Qp263LtzlNNHF7h4fJ7Lx6a5KBC/IEC/fGSKq0dnOL9/TAX7lYOTAvYxAfsApxY6OTbbopbD080cmqpj94AEP4Ol7BoQc5eyc6CM+aFqdY/7VF8VO0ea2D/bzYn945w/tVcCw8u8+fbrfPzzz/jpl19I+YrPfvE1n37xFW+++wE3b7/KmQsXqK+uxN5oK85GW/C3MsDVdAsWeptY99zTrHz6KVYuX8HK1ZqsWKuFxkZD1m4yY/1mC77nE15PcuY4AT5h2BmbEqYMuQeHkhESSq5EUQWx6RTH55EfX0Fmzhi5FafJbbwtUf89ksuvk5C1B7/gejy8lNXyiepwu5OtN/4eElk5ehEoAYKHrZK9KY3UmFiBgZXcdFOBugEaz68VS3+WzStWoitAMRCgaAvk9datwFxnLZa66wTqGuitWcbm5T9h66plWG5eifu2FQQZPU+0pSbxUtLtN5H+yKQqfAxpCjWmLcKMsWQrrnXF8cpIGj8708HX13p4f3cqf73VAsqxq1/M8I8/HxE7F5h/Ll9/OMrD+QzyfI2w1FmOhe5a9DaulkBjA1lJ0UvHTn7yHrtGalkYqWZOrrPy4Y33FjGsgFo5FrU1Tz0idahbjF3JEidlXOx7Qhla7ypRz0Lv71QWyJWqRYG6cjBLvwC/T1nx2F3NoHSMQ8rq94FGxoZbmB7vZG66j53TAyzM9rMwN8DirlH2751h9+6d7Jwbo7Y8mbKiRFp7emgb3klYfAQh0f7Ut/ZQWFyNsbGxwHoDG9dpSJEId50YuMYqlj+3khUrnmeVwF2ZS9cUW9+wXj4LbR3sTIyxNdHHbLs+tpYWmBuasH3rdkwMjbEWONuaiZlbWeFoa4uDdCYO1ha4S5Ss5H8OdrUh2NmacA8n4rzd8HGyxsnSDIcdxriZmRAkz0nwdeDNN97gV199/u/7z5V0r9IZlYttPga2uv886l9XtP8L1B/Nn3+bTEaMWJk7//YwlsdAl2t5hrvYuyP5sTbkhJqSGWRMhgJ0Tz2SXbSIs9ckxno9sRI0xpivJc58HYlm60kVqCswV+bSFaDny/NLxexL5f8qW9gKPQyoCbclw307cbZbpI5KvXTeSq0EJZWRVrQlOtIrQO/L8WCwwFct/ble9Ge5iFG5ipn5MCDfU4CumPpwWSijNRFMNScw05rKeGOqCvROgXRzcRj1ct/UPO7yHh8Puyv/fvaLL8hqKSCmPJ5oeW5sdTJJHZUkCNTjmvOIqogmoTqRtIY00upTyBCzyBb4p9SmEV0TTmiVDyElPgQV+BMlwUN6XbIEALHEN4aQ0pgoYM8ivy9Tzcue0Z1MXncBBVLHS6Tu1gicK/ub1L3oyqK5hoFWgXyrAL9BYN5AcW89JQP1YvXKCWtLtt4+NUTX7CSHLr/IGx9+xeWz7Rxf0Ob+ZWsuHnMScXAgI341Zw848dG71ew/PEhAhJh9/ZyA+SYXzlzl9PFznD58Rp5/mmO7dklA3Ud8ZAIaKzfygx88yQ9++CRP/PgpPJydpb21cubUOS5cu8/xS7el3GNu/gQd+dns6e9Y+l0nL3Pq5HnOnbrA9UtLyU9eu/kC2cqwp6edCvVkH0fSo0IpyM6kpraR5o6BR0AfVk1dAbvyWAH7UhmT53STkxhNqIMhvgbrCLbQIsXXnrRQNxrzY1hsTWNvRQA9sRZMS6A3Wx3KSK4n9RGWNCe60ZLsTo6/KaF2+gQ6m+NipkuEuwVZYR7UpIapc9zd6d70SfC4qyKU8wO53J5v4uWFJl490Mm9fa1i4xO8c/04H714nPeu7eH963t5KNZ+78QIrwj0XznYw7W5RvYIqDslQG1JkGBUrtMVUexrTmK+OoZRCRiODJZzaryWYwK2wQxPjnVncHmhjfGRXprbeyivayO3uIr4pHT8g8LV8+B9/EMIEaAnpuXI51pOfnmtWtQFnKcvUVTTQX5lK0V1nZQ1dVMlv6exoxNdAbmO9FsGOptFOpa21q56XklNrS2P17N6tTY6OkaskwBuuXx/9aq1rFi2HF0tAb6mtN/4KJJTotm3OM3RvbNcPnOAy6cWuXF2H9dO7BKgT0kZV2394qEJLh+cUIF+UYB+ft8wp3b3cXS2U8Dez8md8ni6lf1i7YdnWji0s409kw1M9ZczO9LAwkQL+2a72DMtQYDA/OKZ/dx++Srvf/QOP/3Zp3wu7fOLr7+W8mu1fP3bP/DJz79S1xJcfvEl9uw/QKCvF86WxtgZbcNIZ4MqVE8+9TTPPrOS1eu3sknPCl0TJzT1rFmnbSGWbs73MjM6SEwfISI0HReJ8kIk4ksNDCMnIpGCmEwKBehFcbnSWZaSkTtJZsEBMkvPkFJ2kZjCswQn7yUkboqkjFF1m5qzoz9+7sFkJSSTERtOoKs7UT7eYnE2mBruYI1AfMO6TehoGbBaYyNrV4gdLlvGhueeQ/v5lepCua0aywToa7DSXa8a+pqnfsTap/4DQwG9AnRXvVUEGq8ixmYjsdYbSbLVJsJcE3/jNXjrLSdshwZFYuz1YuxTiRYcKXXn40NVfHa8hvcWs/m/r7TCJwLx3x3mf/77jFj6Pil74P1h7k8l0xpvh6vhSgy1nkdnwxr0tTdw/95dvvnT7zm0q4tdEzUShVWwIBV552iturJ9VKLZoY5CBtpyxcZzGJTHUwMVaurXCSWBjFIkYlO2rKkr37vKloDeLmBvVcBeQZ9ylGqXstq9TqBex8hgs1qmxdJ3TnQzN9nDvAL1ncNSRti7e5Y9u+aYmx1jVMBfU5lCRUU2ncPjVDX3YSON3MvfEzOBr/YmTbFyZWhdYC5Fc81qAbqSPGaVWtZqPM86Kdrr12G5VRcPmx242lioc3Gujg6YCcyN9XdgKUGfmxi2q601zhbm2Aj0nWyscbCyxtPREV9nWwIE1uGutoS72BDv50asn4/8HkuczA1xNdlOoI0pUfKzYFd7psYn1Ya8Z6DyX4bb2/L9aMz1oyDOSd1f/hjo/3uofcncH2WI+87Z52oymUeL4R4viPvukHvZo5XtBdHWZAftIM3XgBSvbWQKoNNcdIh30CROAsQ4KwkalWKxnngF6lYbSBeg5zhoUei6lRIvAyoCtlMppTHCgrpgMwrd9Sn2MyfdxZgok/Uk2+lQ4G1BdawTfdneNMVYS4frwkxlGKPFfgzkedCdZkd7oiUdKXb057gL0H0YKglkvCqC2ZYk5tpT2dmRKZaewVBDigr1x8PuypnoZRk+6glsF07tUe9n91w/CVUJJFelkFydQlR5NLENOcTV5xFYEEaQ2H14aTQxSlKZKulc6+S5dRnE1cYTVRdMdH0wkRWRBBeFS0AQS0pDAgn1UcTIz1IapG23pJImwXJmXxz5g9kU9hSS21VMUY9y7GkdxRKYFnaXipUrR6I2UasMqw+3USn1uUKBfW8T1crQ+3AHXTsnmT99niPXbvHOz3/Nh5/+J/dfvcalk7Ec2e1LW3c+bhHWPPfcT8S4Nbh3M5yiqmxsPBoIiWxj/4GrXBIzv3D6IicOHOPk/kMsDA9Jm+wjOzUPD9cwnnxyJT/80Y94Xjp5o23bpX02c+bsNU5dusORi6+w7+iLDHSOMNNYzqHdezkov+OMgPzEkVMc2XdQ7Oocv//d7/n4nbfIC3Ij09ueVA9bdS96Vlw0ZYUFNDS20tY5IEH1IC09QwL2YRXu/wT8UmkbGKG5q4eC/BzC3SxxN9Ak2GorOeGuDNakcqI3i91FrtQGGUng58lwkS9dYr/KTorOLH96JIDL8TQi1EqHMFs9YpwMSfU2Iz/IlpbUAAbzghkvDGZvXRwXejN4YbKIF+fruS2G/vrRPl7d3yk2PsUHN8/w4Z2LvH/jBO9e26eC/a3L89w9McSrRwe5sauZ8xN17G/JoFuCg540d3rSXZksDaVb2lNvdgAHB6s4PdXESTH6cQnAh3O8OD8pZjrWTVNLu5pUJ7+kipT0HCJjEgkKjSI4LFo1duV7WQWl5BRXqkUdAbl0lMrcQJpqcymrqaK0rp3ShnYCggPRWvu8CMcqli17hmUrpP9atwUNjU0iJOv5yZMa8lhHLU8/I7Kybhsaa7fwzLOrefrJZfzoiSfZtGkTEREh1FYXc3DXFGeO7uaSWPP103u4LKZ+XgxdOQ9eAfq5/XIVkF/cJ3a+d5QzewXoi4NSBjg+1y1Q7+PwbAeH5zo5IaA/vrtfygC7RptYHG/hyHwvx/cMckz+/7HDO3nppUu8+fANPvr8M37xm1/x9e9/x2/+9Bd+88dv+OVv/sDPfvkr3v/s57z28D2uvHyLwyeOUVSUT1x0JG729tiYm2NrZ4+Gpg46ejZsNXJli7EH2lI2Gbqx2cAZHUMXvpeR0UpUco+80TwcTcwJdPQRQ08QM8+nJKFEShH5MfnkJtWQmTEsN/4oWSUnScw7QkzWAUITdxMYM46lYwphYZnqnnYPJ18CPHzxExBE+HoQ6maHk/F2dTh2u7YWvna2WGzfgbHBDomw1rNu+QrWiKlvXPGc2PoydDWWY7JZAzPtNax+5gk0fvIEOiuVTEXLcdyigYfBWkLFmqKko42y3oTD1hXornqaDU8/wboffx/dZU/gvOkZMuTn7UF6LGQ48EpPHB8fKOXVsVT+8lqf2PgU/OoA/N8b8OdT8Bt5/LOdfLiYIUC3IVTMzEhew5rnV3D3zu2ldKXHZ1gcq5FIrJ6dI1XMjFYwM1TJrFTq3aN1jHaInXcXSvSfr25TU3K4D3co+9MrGVHLUoa4/vZiFeb97SXqMPxIV7k63N7fIaauHKMqZjPUW8OwknBmpEkMvY3ZsXa1zE/0qvvRFxem2L9nnn27plncPcehw0cYHhQDKoihslp+98Re4pOz0dPdIja+no1rNNBcq8GGNatYv/p5Nqxdqw6pr5RAauWy59ggwZSxznr5nLYS5GxJbKg36QnK9IkXLnbOYuZi6kbbsTHdgbOZqcDZCFezHTgYG2Enpu5gZYmfhwvezvYEOlkS7mROrLczaeECDi9vPCxNcTc3wN/ahFBHM0IF6LYmRmhrG6r39s1XLv+LpS8thvMQkNsvnZwWZf+tnS9d7R7Nq9v/29z5Y6A/TveqJpN5XJS5c2W4PcWZ4gR78iMtyQo0Js1Lj1TPbaS6biHDbatctUh03EiCjSaJlpokKMPuthvVYfUMu82qnZd5GVLuvZ0KP0OqBOit0Za0iEVV+RtT5mtCttM2Af0OakIsKfDaQW2Uk3TOQcwIpDulg54o8WemIoip0gAmpNPuz7CnM8mG7mRHBsTgR8qCmKiOZF7MfHd3Nru6c5mTgHGsKYP+uiTay6LE0sOplXulLo5L817affHxQ6IrE0isEiuvTCO+LInoErH0qkQiy+IIzg/HJyuIgPxQQiUoUEpURQQxNVFi5yFE1PkR3xBDfI0EAhXxxNXEkFgrpT6cuLowAXs88c1RxHWECMyTKRtW7DxXgJ4rEC+mWOp5XmcxudIOynrL1JPYakYbqR/voHaknY7ZaaaOHGfvuXOcvfEyH371K379zX/zqz/8VTq23/HGGx9y//676vDkxOQUPkEpWDvbsEFrE8uf/RHFBYb4BVuw3TIJN58q+gcWOXzguFj6BY4KiHePjzMmBq4Mq1eW1pGWXMQ2XXNWiamvWL6GQDcPFibHOHfhZY6cvcmhMzeY23mc3oZGsa1Z9i4scnBxD6eOnODwrj0c2DnLGXm9n3/yGb/6xVfkhnmRIUad5GVDWqAyzRFHZUkpzc3tdArM2xWA9wx9C3MV6N+WYdrF2jv6x1Xw18jfzE6MJDnYjfrsCPb1FXF+sICFIjfy3HQpD7cSiHuKmTup6yqGSiMZkmBMMeYiX1My3A0lANUn29OE2kgHAb87s5XR7KqO4mRXOldHC7ixUMfdo/3cO9arpo199fgQb4qNv/fyeT64e413b57jweV9UhZ5eEU5hW2Ke8eHuXu4h5v7e7g4Xs1ovj/dKa6M5vmLsbvQmOBCV04QR0frubCrmxPTzexWtnbF23O4PYU5JVhraqWkupFCse+c/BKS07KJTUglJj6FhOQM0jLz1Kx6OUUV5D46F/2Dt2/QVe5EW3UcJVXF5JRVUFBVhZuzNVs3rWGl2KmGxjpWrdnIagH6mnVbeX61Dus2GrFJx5zNupZsMbBHS88WLX07uf5/jL0HdFXX1aibd5O40wQIUEUVISGBkJCQKBLqvffee++99947CBW6aDbNDWxssME1tuMktlOe8ydx/rQ/cYpT7O/OvWUcJy/vvscYc+yjI3Gks8/e65vfKnPtZ7uRFbus7ATy+vh4eVFSWkhtZSmnFmc4d3KGCycmOLswxLnj/WLh/Sq8r50SmIuhXxMgX1ke4cnlfp5c6uXSorzXhS4BuVj5bCsXBOwX5f+dV44C/FMznZyYaWdFeZ0z0zwjZv701RVhyAt897tv8t3vfZePf/4xv/3jH/jl7yR++wd+/qvf8cFP/ou3v/8ht++/wflr1zi2tERzSzPRsTE4Oh7GeIclhhY27LR2ZcduNzl6yNEdYytPjCw9BOiuGAvUv5GZ1UpYXBcRsXViXUfwlv8c7xtARkgM+dGZYukC8+g8suPKyBGTzym+QFbZNeKzThMSO4J/RAce/g24+ZbiFVhIWlodWSlyworySAn1w0JfV+xsvzphyt7SkhAvN9wdHTlkuxdjva1s3KAsN9BEY91GtDZtwnDLFiy0t2BtsJWdWhvYsuZhjDauEWtfj6XuJhyMxM6tdYl2NCT2oBFWeptY+7BSWe6bbHzof7FFjnqPCNTXPoSL3lqKDukxGbOXs3lOPNcext3RNH5/rx/eGYSfLsBfbwrQL8AvF+Hni/z6UjHzpV7EHDDE2UqHkGC/VeDcv8lxgfjCUDXzyvj5oMBc4uhILdNynB2qYrS7iMkBpdTranU4xc4neyuY7qtmWIx8uFNZulZAn3y/r61Y7W4fUI29/KtJcUMCd/VrZab7UAMToy0SbRKtzI53cnyin+Ni5Mvz03JBznFSLP3c2ZOcv3SZ4/K4uSab/PxY0nKzOXhQLgRl9rqumLm2lgpwHbFynS2bxNDFzjdsFqBvRH+rnG9jPYG5CYGHbYgN8qQ8L42akmyCff2xleRrt4UF+21WJ70dst0jULfC19EWdzsbDlpZqp9xgIszQW5HCBJYR7ntJzXIj5TgECK9PQk6bC+vvQ8fsXNfMXiXfXZYGFiy03Q34+NH+ewvf2JQLPLB8rXWHD9KxUiUndMyo51Wga6AW1maFv0lyL8C+r/Obn+w/lyZDKeuPf/SzFft3JOKDHcKxc7V7vYwG7WrPc1jJynuO0g+YkKqszFprsZkuhqScWi7GLkBqY7bSROYpwnMlWOBi1IHwUIFeqUAvS7QiraIfXRINITto9TbgjxnExpC99GbfIQ2+dvq5T10KA1ufQxH66LpSzvCZLGXOk46WeanPh7L92A4242hbHdGBPjTtVHMt6aw2JPLUm+BWHreV0BX1rW2qEAPFKD7SuOxvDpTeKRBjDyOuDIxoaIowvIiiSyOI1FMPa4igeDcMAKyQwgSsAcXRuBf4E9wuQ/Blb4EV3gRXhVIvLx+Yn22RLJq5+lNcaQ0RZHYGEl0QyhhLf4kdAST15dMsRhlTnsq6W2pZHfIYwF5fkcRRZ0FlPQUUNxfTPlgNXWj7QwsLvD8Wx/xw1/9hd/86R/88a+f85nEpwL0//rkf/jeez/m/mvf4c7d97hw8Rb5ebXsMLXlscfWScO9lf/1zW/z8Lcf5aFvPywN9WEcDifR23+M00tnuaQAePkU072djHW0yD01KKbXQUNNOxkpucSExpAUEUlXnTTmy2e4cPlFzlx+gaWzNxgemJTGeFoAfoITs/J6cwtcPn2OhbERMbEZrpxd4YcffMDf/voZOVG+pPodJkGx9BAv8jMSqC6voLW9i67+YYH1CG0C7n8PBeQPjqtQH6VTmTTXO0BbayvDLWWcGyzhukB4NM+deGnjkt0s1e13WyU5HauIUldEtKV7C+BdqAq1p9jflvJQB4r8bWhLcmO8JEwFujID/dpADrdnK7mz1Mrds31i3iO8/uQ4b1yZ4g1luZqA/IM37/Duy9d54+lTvHF9XuIYb984JmBf5q2nl9T91F9eGeaCtGvd6T6SMHiov6dK7rveglDOTTRwbWEV6Gf7C1XYz5RFMtvXIobeKpbdRHFFnVh6BVn5xSrEUzNy1RK52XnF5BWWUVBcocb1G8/ys599TEFhMdlFDRTWNgjUy8lOjcLTyQbdLVvVOT9PPLGOjZv02Wl1WKz0EKaWTphaObPL1lOOR7DY485uW2/M9jhL0neEzNxSSRhKcff0EbkxxOnwATJTE8nNTKS2Io+eZmUelNLb2sQJxa7FwBVQXxLjVqxcAfblpT6Beo8AvUuA3ikAb5fokOiUn+vm0lI3K8e7WFHMfaGH85IUPHVulmevnOK5Gxd4SQz9nXfu88qrd3jjzXt8/4MfCNg/4Ucf/5T3P/wx7/zghzz34h2evP4s40cXaGjtIjExk737D6NtsAtDcwfM98v7s3bDwsYb870e8l7d2LHHW45ech7c5WcO8Y2C/CYiErsIiWnG29kdB3NTgg8fJiUgkuzwTIF6AflxRWLokmVlT5BbcpH86udIzFyS/9OJu28JDk6JODpncNBdoO6Vyf59bsREJqvjro57LfFUulvt9pIQ6EJOdAhF6bHEBPljY6GsY97FRg1tNqzXYOumrRjq6GG5XRczrc1sWfcoehpPiH2vE8hvwN5oG667tAiz2y4GZS7QNUVn7SNyg3+TNRIbvy1Af/hbbHv4/8LwkW9iv+kJIs3X0extwrEUe1bK3XhxKIWfPlnNFz88xudviam/PwGfXoKfzakT5P7xchVvTMaS5WGGh+VmtYH8708+5thoNUeHK5kTmB/tr2G6v1SF+uxwBVMDJQL3SnVZwrDY92BLIUOtBWrZ14nuUoaU9ejthQxKQ9fXmquW+htSfq6tRLX0gfYKtctdgfqAwHxQKQvbK1nxULMYeqvana5AfWayi2NT/SzOjHLi2KRAfYqzZ5a5+uR5rl46x5nTJ5mbmZAGJhoHsWFjPS1MtfUw1NqG/jYt9YbQ3rJZoL6ZbVs2qt3sRspGBnrbxLSNCTxkSWZMIBV56fLeOulvqcfL2ZX91jbY7tmL/V4bXOwdcd6/D1c7O4IO7Sf0yH6iPA4R4n5QzNwJX5cj+B45TLTnIYqiI0gM9Cfaz4MQ5wO42FhywNJMYhe7lM0TJMM2N9lLVmqOep6fkptndcvUIJozfSiIVTZZcRKAO6mWrnSrZz6IqFWYZ0UdXv2Zfysm89UOZBmrXe0Pxs6rslYrwxUlCfxjHMhSutsFvilupiS5mJCodrcbkC6mnu1uTI6riWrkaQ4Cdknysp1MyTxkrAK92N1ctfRKn100+FnQFmJNZ7itCvam0L00BOyhM2I/XXH2TOXL3xBiS0PUAVqSnFkUSB+rT6A7yUbs3I2Zcn8xdV9mJJmcKfVhotCbsRI/ZuqiWBBYKkCf7y1kpiuf0ZaMf46jF4WpG7YoQFfHeN97k9iyeMLF4sIE9AFyHgPF7MIkWYqrlfuuKkYMXYBcGEVwSbREOIHyOwMrXQmq9CFIwB5VKfZdKyBXJs41pZLREk9aUwRJzaHEt4YS1RJKZFswcZIgp7XHkKp2xyvj6wmktmSS3SYQ7yylrKtSjF0srCuTwp4y2qdHuHL3Hd7++H/4+Hef8etP/6ruN/77Tz/jl7/+I+9//ye8fv8d7r3yLrduvcHAwFFcXYLZYWLFww8/wje/+RDf+l+PCtQfluO30dhohMPBEPr6JlmYXWDllAB4epqhxiome9oZ7xuko6mFxroG2ls66G7vkHuujpGuZo7PL7N44qKY0AXGJ+bl/h7n/NJJTgrITx5d5MLiSTG2RZZGhzhz9CiXTp7ihz/4QD3HxamxJPk7E+N9UN3IpCAjherqGlq7eukaGpUY+wra/2+hwFyJrsFxugfH6BkcZaK3UZ1g9uRQLgMZroTZ6BDjvJPmVE+6cgPUOgVd+SG05YTQnOxLW6q3wNWV6kjH1e54pSJhUQiLDUlc7s/l6eF8bh+r4ZXTPdw908drT4l5Xx7n/lOTvPXcKb7/2gt88M5rvP3SDXluXqA/wv3LU3xHKQf77Akx94u8c+s0bz59nJuLnSy3plPgt5cauecqIg8zLAnjyeEqLsy2sTLZxLmhMklOQ5msjJd2rImahmYqBejlVfUUVdaQX171FbyVUMrklpTXfBVPP/M8f/7zX4QxVXI+hTs5IpW5scRGeXP4gDU6Olps0tzGw489wTZdE0zEwI13OYmJH1ZBbmp5RP3aROBnZGaHvsluSqsbJaGoxjsoVIzeEK3NSlXSdWpP5V6rHQT5upAeG0JVYTI9TQWMd5Qy11fD/HAdp6ZaODnVJDbeqsJ75VjblyBvV6GufK3EheMdXFAgL+Z+aXlIEkEx+rNi9xfnufHksjp+fv3Kae7cfpZbz13l0sVTXLp8jpu3nuPFl29zV6z83tvf5e5rb3Ht2VuMTh+TBKgOY9N9bDezQV/ei7G8N1NrF4zNHNDcugNDSXJ37nbF3NqbHQJ0I0tX9b1/o6K0gZikdgIjW/H3iVAX4DvtsSDK3Yf0kFRyY4soSKpUgZ6bOSCZzjkB+vOkFVwgMn4QV89c9tiF4eadT0RoKW7uSQSFFRMWmEqYXwD1xWlkx0uG5WiNs40Ve0x3cNBawBEXygFrMzF2Z3Viw4YNSrlRTTZtWIf2xrVorHmEDY89jO6GVaBb6mzkgLEm/nu0SZVGNVVZKnTETOxdKRf7TR7/1rfY9NDqlqvaj34LUzF7B0kGfPQeosBhC8czD3KlwoPnOyJ4f7mIL74/LTAfXy0D+/Hc6jj6byXu1vHH54qZyHDk3dfv8NfP/iwfWA9Hx6qYG6lgTkxjZkCpDFfEuDSwSlU4ZdnaqMRwR6FEkQA8n/6mHHqbMwWKOfQL3AcE4spkOWXS3ECb8rX8XEfF6jh6R7k6MU6Z4b66Dl1sv291UtyIQF0F+lj76mx3pVLc3DBLR8XSFyc5f+EsFy9d4vIFMY7zK5y/eInwiCCM9LUw0FFAvgX9zZpoKRPfNmqguXkDmyW2bNIQsG/DWHcb1mZ6hLjuFvNwp6E8j+Pj/Vw9u0xvYzX+AugD5mY4SvLlYGWrloMM8Q4iwj8QPydHadQOkREeQFpMtHyWHkT7+5AQ6k9JUgTxAZ6EyuerDLXs3WHKLiNjrI2MsNlhpg4D6GrJc6ZWkvTZrU7k+vC9r2a31wmU8wXiOaqdH1ZN/etAz4r6Euby/ZwYZzH01e72B7PblZntD2q3f30yXK2Y/wOgZ0fvVyfDpXibk/gl0OOOGJEsEE93M5OkzpQsF0Oxc31S9+uTIUDPlMgQW891NiVPksoit52UeZrR4L+L1uDdAvS9dEfa0CHHtpDd9EcJ0KP2MpHjxkCqK2Xeu2iOduB4XQIrYjQzlcF0p+xnIvcwx2tDmC335miFH3MVAUyU+qtj6Mda01joyWNObHeyI0ddGqMAXe1yL1I2hwgUEzjB5198TlV/LTHyfGCOJwFZHgRmewq0/QmtDpPwJ6I8mOiyCCLF4iJrYoioCSeszo+QGm/Cq4OJqIgkvDyGqJp4kltSSW0VSDeFEdfoRWyLFzFtISR2J5LcmURCW7y8ThSxlYnE1SQSW59EfEMmqY3ZAvQKKnpryO3OJ6M9i6LeKqZXLvPy9z7h/V/8if/7N3/mZ7/9E58o8es/8eGPPuH+/TfFYN7mpdtvcHrxHBVlrdhbO6OzzZDHHl0rUH9MEn9tNLXM2aK1g8AwSRyK2xkbnpT7YoaTC0vMDXQzWF8l92iPJNjNdDbWUVdRSE9rI2PyvdHudiaGB5mZmWVG4D0yMkF3W5fA+zhLx46zMDXLktLtLq93bHCE5YlJVuR1L586zY8++FC9ThvK84nzO0KE1yHiQ/3Iy0yhprpaBXr38JjEuArr/y+YfxUDowL0MSYH2jjRlcNifTQNkggG7dYi3tmMFgXoYsNjkmQNyXnuLIgiO2A/2T6SIMYdoV9g3ylgH5JrfE4+10sDeTw3U6XOOH9poYmXz/Ry/+Ior5wf4eWT3dw5N8y9q/O8e/cZvnPvNvdvXeGVKwu8eKKXl+ZbeP2pCb7zzDLvvnCet2+e5u1nT/LKpSmeX+yhNcWLorAD1CZ5MyNysjhQzZnJ1Upr54arWayLZkbavJ6uNhqa26ipb6WqTqBe10ipGHd5dQMVX0a5fF0mzyu176tqm3j2+dWJh/klKWRlhVKYFUJZlj+5yYdwdt6N3nYd1mls4lEBut72nQLuA+ywdMbU/DCGOxwx2OGAoQBPz3AP2/RMSMnMpbapHf/gKDZrG8nzO7Ews0Jz3Xq0NTeqe4i7OdutDi/GBVMiCURDcTItJanUF8TTX5/NRGeBwL2SE5P1ci3UCeAbODPbzLmjrSyN13JqulF9rMSK2PqKmPnTTy7w7LWTvPjCVW7efIrbt69z7fp5Ll88zdUrKywvTbNybkFdd379uRsC8We4KsnMleducerik7T2DGC73wXd7bvRV1aFWR3AYOcBSVIcMDC0lect0Te2ZZu+JZu2GaBnbI+BxSE1sflGbVkNKRmdBEQ2EBKUiouynniXOQEHDxPvE0Z6aCZ58eXkJ9eRl9xMTu5R8mtvkVX+LCk5Z/EOKGP/gTA83FKwPxDJXvtwfAOz8PVJJS46j0Afaeh9/AnzdCcjyo+pjjIiPQ/LzeCC3R5rbHeZse6xNaxfv55NGmt44vGHefyxR1j7+CNoPPEwmgJmAwGz2dZ17DfcRPg+HQo8LSjxsaLcdxfuFlo8KiBXoL7ukW+jK4mA8dqHMRe7d9i4jiDDtRTu38p4lDVP1/rxzskyfn69iX/8ZBF+cgxea4cfTcEvjsPP5+G9Xniznr99dE29uG49fUqy9yqOjipAr2R2qJKZvnIm+5QN6wulgVBAnS+RKw3IKrB7m7MEhmJRYjh9zfJ1U54cC9RZ8EPtYuxi6wOtJfQqjzuUmfA1am33sb5qdax9VDLE8YE6hpUYbGRypI3J0XamxgXoMwPMzw2xND/J2dMLXLxwjpXzp7h8+YLEZZqbmrDYYSIw11odL9cUI9fQZPOGjWxet4ZN69cI2NezbfNmdMXad8pN4rl/BwXRh+gqSmBhvJuLJyZ4/vIZjg734HX4EIctd2JjqI+9uTmh3n7EBoeSlZJOeGAAsT4uZMbGUVzaRKDAPy0sWK1XXhQbQICTPYetreVv2Y6xnj4W2/XZbWyEkY4RWtp6mMhNaWO+l0O2dgwOjKnne0qSoPZcP0rjj3wF9AdQz/py85V/Qv2fQM+NXV2q9mDv8welXpXJcMoytX9C3ZfydHcK4g+SHWpDur8VyV47SRCIJ4iZxxzaTqyTAUlHlLKvpqQ5KUvWtEmy01WXrCmFZZSiMsqkuCxJKvNdTCn32EFjoCUtQYqlW9ITLVAPt6JHoj/ajt4YR6YEsHOFgVT6WtIcbsdYni/z9fGc6c5isjyA4TRb5ko9WagP4WhNIHO1oczWhTNVF8NUYyJz7RnMduWqdj7YkEJXZezqpDh197UA9dw9f+954quTiCiVezDTDb/MI4QUeRFWJfdfbSDBld4C4FCiKwXoNXJsCCOmMUyOwYTXhBBZFU1sVQJhFXLPVocT1RghkA4itNIN/6oDhDR6EN8WS0Z3Dumd2cTWJZJQnUpmQy7ZjQLupnwSGnJIkWu+pLuK4r4y0jrTSW1Pp6S/hosvvc1rH33K+//1Zz76+af8+Jd/5Cef/JEPfvJr3vzO+7x851WJt7hy5jJNtWKvFb0c2eeE5U6xFN2dbNtiyHZprL2DMskv66e18yjDQ7Nyr4wwNzXN3MQEI03VDDVUcnxkkOG2ZrrrK+moV7YwbmFybIDx0TFmp+eYmpxhZHiEFrHIGTmeXljm6PgEc0NDYvfdKsyPC5wXxyflfjjF1QuXeOftd9Xz3C/2GeXnQqi0Y9EC9GwF6DXVtHf30jMyrsYDWP8fQf7gZ/pH6JQY7ulgpjGeHmVfAd/d+O7SJP6wKd3y+XYXRzDekMZARZzcHyEUCFRzgw9SFuFMR5oPLXFO9Mu1fUKSsCdHy3nuWBMvHBeYL7fz0qke7gjM75wd4NZ8K7fPDvPSk0d54/Y1AfpL3H/pGV4R8Lxy9SR3z43z2sVxgfhp3rtzlbdfvKDC/7Wrx3jz6gKXRutozwqiQakWJ6JybLCB40O1nJnp4LR8b06urymRmZ7uTlrauqkToFY1tX4VNQ0t1Da0qlHduPpcrRzrGtt4/taL6vltF9mpkES0Oe+AvHcHOjPt8T1ogYHeNjZoaPDow4+yWVMXA7FUEzN7thvtRdfAiu0mNmgrS7j0d+LpF0zP0LDa1a9naMn2HZb4iKXb73MQrqzFSE9b2h9tnA/aEB3kSUZcCPlpMfJ7E8mNCSIr3IvarCjay5PoE7D3N+WqFd7Gu4sZ7SgQBpQy3lko11m1wL5BYF/PyaNdklQOC7gVWJ/j2ZvXJEm5xu2Xn+f5mze4c/eWgP0y51aWOb4gCejJJU6tnOTMpRVOrlxk8exZls9fwDcoEi2RnW3KBD+l+p2GNhqb9NiqbcZWnZ1oynG7qY2EQF1H+KmxjS065hjudOAbHTX1ZGXU4x1WRmBwmthXgNi0M4FO/kR7hZOkbNYSmy+NaRGZ8aWkJbWSXXaFbLH0zKIrRCSMqN3stjZuAvZAdu9TBus9OOQUi49XEqGByXg4eeHueIAoH3eq8pJxtLLGTrIjdwdrshJC2Kyxgccee0wF+eNi5evXSCa+5lG2CeC1NjzOdjnu0HwCW921hO/VI0ca0TIBerXfHjJdzNkkP6ts5vK42Ln+2kew2rQGW4H5Ic01RBhrUHpAnyFpbE/nOXOlzItXhxP52w/n+PzXZ+GjCfhgCH4pQP+gD34sYPnx6ljk++++zOxIudh5JXOjlWr3+sxQOdP95UwJ0CeVIv5q8RhluVqWQDpLjjl0S4PW1ZBFj0S3NHAK0Ptb8hhsK5KLomwV6h1fjp23K+vUa9WavsrGLONiWON9tepxbKCB8cEm5sY61fHzmclOjk6vGvrJxSkunDvJUxfPcUniypUrnDxxEi9XV9XMDRWYy8Wvs0GDrQrM12qo6xcVoGtqrBOgb8REV4tDuw3JCnGkK8+f/vI0LiyN8/LV89y5fomFkX58nQ9ia75LXlOXvQZ6eNra4GFvT6BXIEnhAgAPZ8oKqqiq6SXG00ugmU5lWjTpYT7s3WmmTr5Tuvx3S0Kwx8iEnQamkkgoO7cZsttCGmcnF5Lj4ggIiF3dcenGGZqUHcQE3vkC6dwY539CXR1PXx1DV7vgBegKzJXIj3f5CubqZDilu/3LzViqvgK6PM6Q51NcyVe624OtSfPZRZL7DhLEzJVZ7bEH9Ah31CFWHic7GZHiJHYu10+q0uXuoP9lQRkDNTIPGZF/xIRq750CcyvaQndJWDCUaE+vJJDdYdb0Ru+nP8GJyRwvTtZE0xhsQ7X8zsZQa8YL/DjRmsJyZ4ba1T5d5M7R6kCON0VztCGS+eYYjrXEM9eWylRrKqPNKfTVJqpj5x3l0V+Wfw0Uc3yXz/72GTmdaeos9eCSEPzyXAkodCKk0p3wOl+BuQ8hZb5Elimz1kMIr5DHtUHEiX3H1CswD5VkIIGk+lRCBez+lf4E1/iI1XviUXwAt9JDhAjcU9rTyJYGLbujkPRGpbJcOVVddVR21lLSWUVGa7EAXODeIW2GgD+hLYakjjjKhus5e+tN7n3/D7z9g9/z3R/+ju/9+De8/8EvefudH3H37n1evn2fl55/VZLKeZZHrlHpnU2gjSsu+5wxM7TG3MyG8LAUklIKaWzpp719gIGefiaGRpmfnWNmsJ+BhgqJcnWW+1BLjSTWys6GTZIUDzF39BjzC2c5Nr8oZj5Ca10Dg909nDo2z7wY+fTAgCTonUwJ0BcE/EcHhjgpr3vhxBmuX77Gyy+uTo6dmxwhwt+FYM+DRIZ4k5meRLUYekd3nwrzB4b+/wfoXx9X7+/rVjfrqQrbT6rzTrwttxLhYMRgaRSD8plPSrI7IVDvK4mmKsGdrCBHsWVlOeQhOuS6Hy8N4/JQAU/PNXHrZC+vnu3j7slOXr04wV0x7JsLndxc7uXO1UVevXmZd9+8y5uvvcwLz9/g9q3neFmOr95Y4fVnz/D2rSd57flLvCnH1585zb2nJAG4cpTnlweZF5D1VyYy1V4k56iWWRGR5fEmzk21MVgUyLAAsKdHgN7eRX1zBzUt7dS2dqhR39Ih5r56rGtZ/Z5yrG/tpL6ta3Xy8XItI2X76Sk8SEuGHRWJe8kKs2efpRFbNDaz9onHWLN2gxiqOQbGe9GXJE/PYI9qtFt1drDb9gBdkiANjc1ive+QAN6c5KxsgqMiMROwb1izHi0xdEPtzbgd3Et0oDs5SRFUZiepUaHsux4o7UmwK2Xx/tRlRFCeEkyOUlY7ypvcxAAaSxPprJf2XpLYvkYBfU+JOgY/P93D4sI4Z8/Oc/rsMmfOnuDqtUtcvHyOp65c5tnnnubyU5eYmZ1gaLiXqdkRZheOMiHXYLdck4mZBZhZOqClZ4GOJCm6hrvQ1DJkvaYOGzS3oyGxcasum7WMJJGxRkfeu5aOKY89soGt8nPf6GtsoCSvhqjYOjx9MokIjMHtgDNB7pLBh6SRHJlHWmQRGdEFKtgzoopISx8ip/wKmeVPk156nZi0aVzcEthr64bFrgOYWx7BxsYHO9tADu4XQwiIk5MWQUlaGlHenhzeYyUXQRVujjbsMNLlsUcFyA8/LPGQnOzHxMqfQG/TE2xa95hA6BG0JIw2PsGubevwMd9KsuN2itzNKPO0JNvFAjPtTTzx8Ld49NvfUg3dcvMaHLdswENnAzE7N1OwT48OLxOm4m1YSrfnleE4/vHOKF8oO6398tSqoStr0b/fDe+0qRfV73/3K5Yk61LM/Nh4lQp1Be6zAnS1y32glDHVznME5HmqjStWrkC8Rz7gnuZcdac15QNfXZ8uWZ5Yel+LUjGu5KtZ7n1KIZrOMoa7qpiQbHd6uEndRnVyQCn9KnY+JM+NKGvRu5mb7hag93NiYYIzJ6ShObvI5ZVTPHPtKa5fv05VWRmm+vrob9FEb+NGdDdsQGv9WraImWuulfMpsXmDAnMNdQnIQWtTUoIO0FsczGBJMMM1GZw9Psozl5a5e+M8S8PdBB50xH6nMftMjfHYZYrnrp24WVnhYWNDhIuTfJ6Haalvo6GqkYIEpcZ4JlWpUbjut1aXwJkK0K1NDLEx3sEOQ1P0thmgI2Gip+yrbEdWUgIffvgBP/vtH/j9Hz/jD7/7NbWpbhTFHCYv5ogA/cg/oR7jpBr5g3gA87w4FwG6KwWJrl+Nnz+Y3b66TapSTEaBuxfVGR4CdPn5qP1kBuwmzdtcnQynAl3AHWuvQ5i9FtEOumphmSRlIpyAW5kIl+tkqpq5YugK2LMPGVAkZl/puUOAbkmHGHlbiIUYug19MfvojbBRgT6a5spIpgdnWxIYTHKhXBLSuoBdjGa5M1kSwHxDHIsC7qN1YQL0YOabYgTmsRxrimWhI5nj3RnMdWUyJvDvFyvurIhW7bypKFySzOrVmvi3ThJR60tsbTjhlcEElLoQWHGI0BpngqvdCC7zIKTYj+gSua9LgwTqwUTVhoqpB6kGH14RSqJSGa4+kYi6OELldaIaAgmr8cWr0BX3Yk+x/GhSW7JJk2s9QxLUfElGq3vqqe1X9j+vplisPKejksyeSrK6KkmVvzmyRX5Paxj5g1Us3XiZ22/8ijfe+xXvfu8T3nnvp7z+xnu8cuc1XnrhHi/dfp0Lp64w23+C6dJZyrzzCdzrRcBhfw4o1SYP+xAXm0ZhXik1VfU01jTS2y73xYTYzrHjzAnEh9ua6KmVxlUAPj86Igm33Dti68cXT7J4+jLHllYYG52gvamZrqYWtXv92OS4JOl9TPd2Mz3YJ/d4P5NdncwPyL02e5SVU+fF0K9y96U3Vs/1mROEi6EHuTtK2+ZOaqKYXUU57Z09dA+Nq2Poyti4MuHt3+H97/H1SXPdfX0MVCVTFGBLhJ0hHhZbiTxoSldhqNh5CqPSvkzJ+Z+WY2OGn1oLPtPXnmw/W+okyZ2qjuXySCk3Zpu5uzLMreMtKsxfv3FC7TK/fXqQm+enefGZizx347I69+a8AOfU6ROsnJf3eOMGL9y8ySu3bnD/5nXefPGaGPpFgbtA/to89y5P8uLpUS7PtDPfU8aUtFvTPdVMdJYy11/Fymw3g5VxDDQWCqwG6ejpo0GgXtfW+RXQlVC+VqL+y+89eNwo50/59+HrRzk/Gkx/8RFqkuypTnMSS46luTYBPa2NbNRYz8OPPCKA00Nbbxc6+lYCdWsV7oamVtjYHyQjt4Dk9CLV3N295forrcI9IJgNG7XR3KzJTtPtuDjsIcDNUQV6VkIYpelxlGcmiHSmUJkbT0mcP5lBB4l32UOMiy0HrHdhYWLAYQcbvFwOqHbvJ/8/LsyTwpwoepR6Iv1yTfZJ9LYwMzMsSeQkC0vznDp3ipWLK5w5d5ql5QUGBnuprimTpKeO2uZmjnhGYGLlyFZDM/RM5L3s3I2p5X7M5DkTczt5b3vYqmsqQNdhkwB9/SYdtunuFODvRlMEac0TG9DQ2MI3hpqlMS5tITWtBW//AoL9E/Bx8eTIflcCveNIiC4lKbqWlNhqMuJKSY/IISW6nNSMSbKKL5FVcpXUgvOEx3ayz9GXXeaO7DC1Y/duF4y27xKou+LhEkxqXC7+Hj5kRYaRFReIjYU5Hs6Hsdi5g0cF6I8+otj5Y6wVoG9cI2YuJrl1w6Osffwh1j/+bXTE0o0113LIeCNRdvpqIZk0NwvCHcwIP2Cu7n+77uFvo/nIQ1iJmR/WXo+PwUZiLATo9nr0+O1gMesgp4uceXkkmS9+MLU6dq6Uf/3lCfi5UgZ2Bj77Gf/4+99YWexlfkhALgCfVex8tEIaDLH1wTKx52LG+grVcXMF6H0qvBWoS2baJIYuRq6YuQJwZWKcCvQWJXLpU8bRlTKwyvrz9rJVuHeVqFAfU/ZCF5ArMT2kbJ/asgr10VamxrqYGe9SDX1xfoKzJ2Y4f2KW88ty8Z8+Tm9nM/slUTKQzFN/43qBuWLn69ASmG9bt5atip3L480CeWX8aI+xNsnhrnRVxDJeF8F0VRhduaHMDrZy+eQ0Ty6Ocu2kfMZysXrv1cXfTk9AZ0qg7Q58dhtgb2iIi5mAThq1rtpSKtISGW6uoreukOLkaPbuMMZKrNxW2SPAZAc79Ywx0N2OzlZ9tgvQbXbsxstxP0en5vn7Pz7nx5/8lr/+/R+r1aKksSgQoCswz4l1WQX61+LrQM+NPaICvSDBjcKkVTtXJsOpQM/85/i5aucC9JosMfRkl6+WqylL1ZJdTYlTutsdddXqg5G22kTYbCPcegsJyux2J2MyBOpZh4wF6sYqzJXIk8cl7qZi6GY0BZrTHiwRasVg/H6GEx0ZjLVnOOEgc7k+jKR7cLo1noXyMOp9zGnwN6M9eh/j+T5MlQZyrCGKhcZo5usjWGpLYKkzheNtSSx1p7PQk8GxHmnI29MZbkhQ60S3loTRkB+ibsDy6Z9/T0yjl5i4p0A6kPCqYPzLxdArHAmpcCCo3JGAYmdCinyILBaYlwrU5e+IEKiHVvoSWO4t9u5PdFWIAD2GuMYEYqUBjWuIIKo6koCSIIG6H0ElkURWxBFXnUhyQzo5ci0X9xRR2JNHXnc+aY11HAwsxMwxBafwAuIbOwlujCSiLZTc3hJOPf0Gz778EXdf+4g33/oB9++9wb2X73D3xVd5RWB589YbXDj9MvON5xhKHaIquIKYAxEcMD9AbEQqcXHp5OYUUlZUSm1VLe0tnfR39QuQj7I0N8/xqUkBeDtdNcVyvw5xavE0i0cXOXHiNMtnr3DsxCXGJmbp6uiipbaRpdkZSdJHxK7a5ZrrFKArR0maxZSnmiWZ727m1NwsZ5fPyH12gltXn10d2nj6KiHeTvgdsZc28gixSmGZgjwam1vVGe4KzL8e/wnm/2kWfEdPP301uRQL0P12a+NuvoXoA3JtpXszUp/GaIuywiGTzuJoOooiKYx0It3PnhQvG5pTvDk3UMS12XqeXeji9plBXjozwEuXj3LvuRVeWpnh+dNDXL9wnOtXLnH06FFqa+ooLa2QqKK0rFbMuYv5Eytce+YmLz13jXfu3ebdV27y1u1r3L82x80TvTy3PMCt8zOcmmhmQqRkSqmZ0SRtYXMepyc7mJD2b7izjv4hZT2+AL2jW4X1f4oHMFeiQRKzps7e1f0d3nqSkeojtOa5MtoQybmZSq6e7eaVZ6epLo1BT3sjG9aJoGzegs52E/QEagoEXby9GZ4cFUA2it3uQN/ICrNdtmTnV1DT0MkOq32s26AtCYGmWpPD2X4XYb6HSBdwZycFU5oRR01eKrWFGVQVZdJYnE19bgp5sd5E+Lioe11oa+mybasORgam8ljaM21dsX5j7Ox2E58QTmiYPzGxkWRmptLYVEdrWysDA4McO77A4ollRseGGFLmdwz30NJaQV5RFrYH3TE2d8VwtzPbTGxYv1GPDRqb2S7vYds2IzbL15s0dNAUO9fcYsQ2LVO0tI3ZtEmP9eu12aJpiI6OERobNfnGYHMfLdU95Ga2ERhahpd3EhF+kRzY64CHZMaRwZmkxDWQndIt0U5mfC2pYvPJ8R0kZRwnvfgK6QUXScqcIyqxkyMuYeyysMPKci87zXbjsP+IGo52zrgecCIuwJeksGD2WJpzyM5WXUaldLevX/e4ZBkPSRKwDV3tLWxa/wTam9cK3B9Vn1fG07UF8sab1mBnsBk3Sy2cLHQ4bK5DoWSqEXY71HF2jYe+xfY1D7FX8wm8jTYRt3srufa6tPntZCTelvNVvvz5rTE+/0Qg/rFY+Y8mQR5/8ekK/OaGekHdvXlRLRxzbLhSDaW7fWa4bBXuA2VM9BV/OQkuj4EWsfLG7C+BnkGvUoRBwN3TuGroymx2BfI9rQXq5ix97fn/hHl7qdrtPtwhMO+pkCShRrXzVZg3qUCfHm5leqxDYN4hf4dYgwB96dgYZxenuHx6nksSE/2dhHgcYYfWVrZrbkJfY6NagU9v/Tp01ytQX4umwFxr7To0lec2rWe/uSEpYU6cnSjm2nwmd06ncWkknL7qeMa76jgz3c2pyXbqsiKJ8dhNkP12sQUDAboOgfutsNtphZOxLgmSuY41lXKsv5n5YWkQuxpIDPTB2tiYPWL1uwT8hvpGaEkWuXWrZNTblLKNRrjb2ZGTkMzdV97g41/8ik//9Bc585+r5//t+y9QELsKayVy/g9A/wrmiWLmKV5f2XnFl+vOV2G+OiGuJkeZ8e5JebIkARH2ZPhbkeJpRpKrEbGH5f0J0CP26RK+V1uF+QOgpwjM0xVLd1Sqw+2gQAxb2UY1X4BeKslAjc9OmgXorYE7BeiWjCYfZCjBgZ7IvSrQpzLcGU1340RzDKeb4+mLdaDRz5j+JEdmS/2ZEaBPlgawKEBfFDtfFis/PZAjMM/kZH8eZ8bKOTFUzGRLqjTsCZKERdBSHCrXZr16vuavT+Bb6UBkgw8x9WGEiaF7C8B98x0JLnIisPAgAZLIKoYeKYlAVIlYfFEIwcU+BFV441vkjn+BG2Gl7kRVBYrlxxJfq0x0i10tLlMahle+Hx55vnjnexNYFkhEdRRx6nr0OOJbkgkXKGiahvGtx/bw8KM7eegxafCs0vDKbiKhLYOKsWFOXn2fq8+/w0t33uW1197nvnz2d19+jTsC8zfe/Iilhec4232F6bwZ+tKGqAmvI/5gDJ5W7mTH51FUXKZuD1ySl0VdZTU9AvOJsWmOC7SnJiZZPr7E0tF5uX/6mBkZ5dy5y5xducriqUsCqotMzC3R1SXtXV29CvKZ4QG5d3rExluZaG+QaGKuV75uaWCmtYGFoV5Oy+udmDvG8cEedQc3dSXBvbv4ux3A44A1Xkf2ExbsQ0ZGmhiXNODdA1/OXP8n0L9u6v8J5sqadSXaegboaKymNMKVYFt9PHdtI/HIbtpy/OmvEUOXtqSrPI7uikR6ymOpTPIgLdCO7GBH+ipiuDrXyHWJp4+189K5Ye4/NcMr15e48/Q5MXOlcMosJ5eO09LRQ3puGTFJuUQm5uAfGCftfiQh4akkZpXS3D0in8UxbovJf+f+Xd6+e5N7N5a5dWqA506PcOupBVaO9jAm7dlkT92qkYvALAxLu9VVwUB3C519/TR19X4FdOX4IL4O9dXnlEpwfTR3re5i+c69pykMN6Ehw5rzkzF852YjH96f4b3Xz3LieB/6AnQDrc0Y62zByWGfSKElBqaWhESHk1NYhG9wIBa794u1WxGTmEr3wAiRsekCPH3WK2PS6zex18qMUN+DJEa4U5AeTnleHNX5SdQVpNJUkkFreT4dVYW0VxbQWltARLAvmpu2snnTNkkItrB1i64amsqsebFmLR1DjE2tMDS2wsTMDvPdBwTStjg6eRMakURadg65JYVU19fQ0FDLxMw4VXV1WFgdVifzGVscxNDCWY4uYt17WLNhqzpUoKdvJUCXv3v9FoG8EtvQ1jZET88ELS0DdHWNpW01EBHeqMY3BpoH6aprp6a4ifjEWrx80wgPTsLN4RAHrPerUA8PyiEppo70xCbS4qtJjSwkPrxUTtYoGeXXSC+8QGr2EvHpUwSGV2Nv54apiZlaW3fLZk22bt7GPht7Dtnsx3qHGYdt9rLfdh/6AiADXV21BKmFqQHmhjpkhPtjuUOfnQa68sFJJqWnxZYNT7BewK659lH01j2qgtts2zrsTHQ4aKFLios5BZ7WpB4WU9fehL+7K9vXPcyBbeuJF7sscjam0sdC3bjlvZVG/vzhMl/87Tb8VTLu313ki9+cgb+/8mVp1+8y01ci4C5Xl6rNj1ULSCtWu9vVJWoCdDH04R6BdVs2Q2LlXWIr3crM4+Zs+lqy6G5eHUfva85Xo1OA3tWsLFfLVQGvgLy3ZbW4jLLufKSrQu1yH+5Rxs/F0gcb1JgdaZXf3S7RoY6jH5voYWF6gBPTo5w6OsbK4jTzU72UZMZjL7ZsITA32SgXuxIaG9guoUBdWzF0SZC2SVardL/rbFiLhZYGDekO/Oz1GkluRvnswxL+/tM8fvOTBH7yQSwffCeeOzfKpIEroiTJh/CDxkQ6GxFkq4ubJAORrgfJDXZmqrGY81P9cjO3y00+SmdFPi52+7A0MWGX8Q6Mt5uio6XPBk0tuTCVnduM2L9rN0XJKVy59Czv/uBnfPLr/+GLL75Qz/8/Pv9c3fymMivoK6B/Her/buZqd3uC67/YuVLbXCm0ona3fw3oSoU4peRrSZIkApH7yQi0JMV7hzSaBmLo+gJ0HcLtFDsXqFtvJVIsPXqfNkkHlbLCyhr07WSq+wYYkX1Yj4Ijcl0ppV79zMXQd9EiQO+O2K0a+ljKIRXqY6mH5bo7yGjWEZYaw1npSmYm35e2IHN6422YLvAQoPsxVxnIYkO4uhHHsrKDVV8uF8fLOD9ewYWpGha/3LpxqFYa9HIF6CH8+MN3+c3vf41fhTPe5YfUgjBKYZiQMh8C810JLRRrLxQAFx4hoNCVMDHtGDGcqMIIguScBBb6inX741fgiW+uk8DXjhD5+ViBRWxJAqEFQYQqM+TLQ/EvC8Yzzx23Aid8Kj3xKvEQ8w+Q5CES9+Rc1uoE8vhmb775kDmPPGLE+icsWbfVBX2rHGKqxkhrPU/b2Ivq9qQv3fser731Y15/60fce+OH3H31Q9565+csdp1nrmCGsdxJ+jKHaYxsJONIKjk+uST5JVGQkUNJdrLYdQVN9Q20t3Yxrmw+NH2Umak51TpPLp1haf4EJ5dPcf7ys5xYuc7k7CIjY1N0tLbTXF8n9j6uWvlYd6ck511imsoa8Fox4Aam5fFcWz0zYucLAvzl6WmODg9yvLeNK6dP8vGPPuKjD3+Ap9M+MTxLXBx24+spohIXRXFpCU0tHXT1DalL0bqHJtTo+je4/0eo9w6qdd7b2tuozEsg6qAZATbbyfLdR09xOD2VcfQ15NFeGivwFHGoSqIxL4yyZB8Kol043l/F1aU+nj/RzdWZJnX5mTJufv/582K2T/K0mPn8zBjZAvKIxFxiM6T9ziwlQj47v/AkfMIS5JhMdHIBMSl5FBZVcPrkPG++cZ93X3+Vn370HrdWxnjhwhzPX1rg0vFhxpUdJVvL6K3Pp7cmXc5ZlQBdWanTRkdPjwC6V+1GV8De9B8e/zPkuc5+FegvvPwK//2z77MyFsCb13P44au1/OStbr5/f4J375/i5tMLHHLYI+zQZNvG9cKJ7bg52eDpZo+Tkz02tvaY73IQOzfHcq8dHb39NLZ1oqltwOMCycfXbRUoarJntykJ4V6kx/uRnxZKaU40jaVpAvIsAXmu2svTXVuiHjvqCkmKCkZX5FNXS0xZeLZli5aYur5abnarjonA1wwDE0uMTPew3dhGYG6P0U6lu/yQuoxOX8xbSx0esGCv7RFsHA5juNMGXSOlGI4yg/2g/JyTHJUZ+/vl7zVho9i4MpSgzA1QiuhoaOqqQFfAvnnzFjRE3B579DF1BcjaNRqSaGzlG/31rfRJptBRVUdxdiMBAemEhWQIxKNw2X9I4HsAdye5cQMziY8sIzmqUMxOHofmERtZKxfANClZywL0E3JcJClrlrDIapwOeWOgb8gWzS3qFpzGiqUJ3B1trHCw3YuZsaHYuD77LJXlUOa4H7RVlzilhHljaaSsi96JmYE2bgft0N6igan+BrHLx8U2H8d48xNY6W3AaZc2AXsN8LDQx1VMXdmRrb5wdXvTCLFEZcw91FqfxvB9dMY5cr4zhR8928Hffr7C5589J/R4A754T0KB+W/54x9+Jxd9o1ixMgGukuMTdSxNNaxCfWR1Utxkf6lcuKWMdubJxZxFX6MAvDGNzroMtZu9R4G5AvjGrNWueAF6d70A/UtjH1S64JXJceoytXJ1HH24o5zRrmpGe2oE6PWr4+cDCtRbVEufE1geG+8WOxdwTg9LIyMxMyx/24C8dhEhLgewEkCbaTyB6fo1WGzYgMmmdRhrrEN//Vp0Beh6Gx5De+0Tahe87jo5Lw5r+f6VRP728SKffTTB37/bx+c/7OfzT/v5+1/b+cufk/jtfwfx3btFXJmrYLo5k+6SWNqyI2hLj2S2pYz71xa4d32RWxeOcf3ULGMdDaSHB2NtthNLUzN2bF/tltLcrKVebMoa0N3GZkS6uXLn2Vv81y8/5b//5zP18xKii6X/iR//4pPVccrlcRXW/27oX4e8EsrY+VelXr9m5yrQcwP+BejKFodlYsrFiU7khtuRHmBFsqcp8U4GxB8SQz+gS+i+baqlR9oI2Pdu/crSkw/pkXZEj5QD2uS6GFHsYUKhizFl7hbU+VtS728hlr6THgH6UKIDowL0wTh7xlWgH2A005nF2hAuDaRxqiGWnqh9dEdZMZXvwlJtMKeUXbXEzlf6BeQjpZwfLmVluIgzw8XMd2ULzFNUO++viqarLJzFsTr1PI2eGeRAqjWe+YcILnEXALsTIQlCgkA4oTyS6NJgQsu8xNDdCSkKVNeoR+ZGE5gZJF+HCswD8M7xwivDGY+0w4Tk+hFfnEhkXjy+6fJ6pV7E1kcTVxenFpzxrXbFv84b/yo/gkpD8U7PQ0M/hIefsOXRdQ44bTejwmErlU7bMdhiyRoNR4z35JNceoW24ee5dP1tbr3yEffe+gWvf+fXEr/kzbc+4fbT73A8b46pzEnG8qboTemnNqCSypAKaiIriDsSTUZ0PFmpCTRWldPa3CRA7xBDn2SwX6y4vYO+TrHq+WVWzl/nnMSZ888zNDJNq9h2S1MD1cXKPgutcm8N0N/aqPZsTfZ2MCrfH6wvZ7CunInGSsYbSplsrWGur5PZoUGmBP7Lfe08c+Ec3/veO/z2N7/Geb8ljnt34GBtisshG4KCfMnIzKCqpp72rn56hsbpGRagK/FgXH3o/9kF/1XRmf4hOiQR6OjuorE6n3TvfYTYG5PiYU1zRoB87okMNBXQXBglhp5AZ2Uy7VVp1OeF0yb35dJII08e6+aKtF/Xj7bxgtLdrs5kf4Y7z12R+2mWvPw8/IOjCYhKwT8sCWf3YPY7ealx0NWXAy6+uPtF4xcaj7dfBLW1ddy5c4s/fvoH9Vp77fkVbpwY5qYA/cLCCMOtJXRUZ9NTl0dbaTyTHWVMCeTH+1ro7u+T9zUgtt+nAvzfj/8aq3b+AOif//2PfPJWJb94q50fvz7A9+5N8+6rp/nOvfO8fvc8p09Mo6+zia2bNrBJad/E1h32iqH7e5CcFE92ViaJKfG0ScLWNzyGl38IazduY90WfQHlTjaJ8ZqbGwukleVqCtBDKM+Job44hTaldHZ13pdQz6erVh5X59BWWURbdbmYfAY+bs6YGpuoQNfWNkZn+04V6FvksaHpbozN7NlhYY/F7oNi4M4Ymthhphi4HDW3ma0CWs9SYL4XPQXopvsxVSrbydHA2E6Oysx9G7Zqm68uXTOyQtdAkoHtFmqpWwXoGzU2obF+A2ufWMO6tevZsEFDIK/JN3obBumrF0uv76Myvx5P9xA8XCOJCk0lLCiRQO9Ygv0z5HEhcRFlJEXkk+AfS5xXKNF+KURFtYiZz5OYuUhy9kkSMmaJTuolJCwfm70OGBmYYGJkjPYmTTYLWDaJMSpWvnunBRYCdc8D+3GSD+PwHlOC3BxJDhGT8DhEeoQndruMOWRtru525u1oKcanhY7merZteJTtmx/HUkegbq7NPsOtmG5Zw1uv3/+SDatdt8WZiUS7WVMRc0jdo/ql5Qp+enuIz38vZv7Fq3z+p2f5XDF1PlV//vTSACPd+UwNlXJMIK4AfWG8Vh6vToqbGpILdrCUie5CsfMcdaKb0t3e3ZipAryjPov2+gy66tIlVifI9dWvLl3ra8xTJ8gpgFeg3te2CnIlRjormZRYXbq2Ost9ol+APtDKrEB9bqiNo6NdKsxPTI2zPNHPylA7T/dWcq0xh3O5yUyFHqTVfjsNYpWJRus4vHU9FhrrMdmgDFOsw1AZwljzCDpy/r32rOXm0GE+fW2EP3/nNJ+9Nss/3p7l7x/OCtBviCXf4Yt/nOMff53jr38c4Dc/z+PDe9XcOd/NS5Klv3blOO+/uMIPX7vKh69e573bT3HvxhkGGyqxs9yDibLzkYGx2r2udFFt2azNti26mOiZ4OtgJ5ZRzNtvfY9Pfvt7de208u9Pf/0b3/v4F4wtL/Gnv/yFn338QxXWDyxcCRXqsV8uUfvyOaW7vSjZQ7XzB0BXDF3ZVlQB+uqkuNXu9mq5BspSXSlKOExOqC0Z/rtJ9thBgrqz2naixNBD7bcRJlYeKVBXgK5YulLPPVkpNuNiSNohfdIF/nkuBpR57aTUw5xa392qpTcGWdARtZv+BHtGlJrssXZqt3tXjC3D6YdZrAxipTuBy30ZDCc70xW2i/HswyxUh7IiyeblwVyenqkUoBcx357OVH2sepxtS2e0Xhr06hgV5h0l4fxEjOkXv/4FbulH2B+zF+ckR1xTJflO3k90oT+ZtQlkyf9JUsbBa33F2r0JEwDHlsfI92OJEWjHCNyVuu5e2b4CdTd889wkGQghpTqN6KIEAnI8CanwF7tOJbslh6TmeKLUZW7hxNQnyddF6Fpn8th6P554zJxQE13upmnwo6LHeDtnHTV2G9HRMBbQ27LLPpeSxsssn7/P0y98j9uv/peY+ifcff0T7r3+My4OXuFo6jQTaWNMiKV3xrTTEFJPX3q3mHo1ma6JxLr5k50cR3FuOrXVNfR299ItdtfaVE9JTgrRoV70dHewuHSBU+eeZubYKeoE0o0NFZIEVNBcns90X58Y+ihjnc0SDYy21dIvDXd/ZQ5jdSWSuJYzVpPJiIBqQkx9oquD5dF+lvvbuHFmkVdfv6P2Jh22N2evuR7WO/Ww32OCu+tBYuNjKCguoaWlk24x8T5JNnpHJ9R4MPtdMfYHXfD/MgN+QKkwJ2bf109bYzlF4UfU+UHxR/ZQnuDJYG0aAyIELaVxNBVF01qWKLDJpE0+wzFpT5ZHW9TCTNePtnJltpkbx9p59fop3rx7i+eunKentQ5Xd18Ou/rgcNAdO4cj7LS0xWiHWKXZLgwMzNARi92ub4KpmSV79zlS19DEbyR5+fzzf6iyo/x78/ZVnjo1zaUT44y2l9NSnk59USJNhdEMtxQy1ynncLCN/oF+seNBWgXqLT39avzj0QtJAACAAElEQVQ70P/l8deArvz76Zst/Pi1bj64P8r7rx3l3dfP8537l3nntWvcffkpDoqlK5N7NTU2qLFt8yZhzXb27bMVJkVTWy+fq8A8ODxRIGqqhpaeFZu27uTRJzTZtHkzkYGO5Cb4k5/kR1mmJDAFSTQUrXa5t5Rnfgl2iZpCEbYS2muLaarIpbY4k9w0Ed6DDujqbBdLNxBxMVS7wPUMLQTItgJ1WwG4NeaWhzHd6SCGvUu+Fnib2KrL7PQM97Ld1A5DM6U0ra0a+oY26BkoS/Cs5fvWaG+3QsfQSp25v0Vb3sPW7Wp3//p1m9iwTgONtevU2LB+vbrsW4lvlBY2UZpXSWJUIl4evmzfsUeyCXtcnXwI8Y0lxC9VbL2AmIhyMfRi4oNSifMWmHv4E+YWTmhgMVFJ4wJ1AXnyCIkZo8RKdh0eVY2XVwwO9gfQ2iqGJtnEJjHD9WvWoiEGqSyDsjM3w9XeloKUaJxsLf43aW8BXsW5Nmrvs2u0SIiQEIMowSVAILgTCAQCIe7u7u7uCZ7g2uLu7lBKS0t111tcS5Ei93lmFrC7v/Od8//n/3NdzzWTyVpZa82aee/nfhW/WeOYM3kkUyT7nT5mgMC8B04TBgvITZg6qh+T7PsxuIc5k0fYYmmkS88uevQ01SfY3ZlPzp9RL4QHd3/n2s+X1XW2lWOZYU5sX5rFvw7X8/jb9dz8dCEv/zooj1SWQ/xC4kf1eV99flHgGkNjVZwYugB9bhpL52WwZF4arbLf0pguF6oAvTaB5gplzXMBtNh4ZW4o1YUC9VzJ7LIF7DmaKM8Olsw1nDIBfGV+BFXqOMbXM8QlSDKQoMK8vjRdnea1UV2ZLUMzbK0mUx3GNl+gvlCita6IpY3FrGyuYKsY++WyGG7Ke7lZ7MW9xNHciejLrbAe3A6x4b6vIXcDTfnOx5SDkzqR2UePUZLsdNN6H9MObZjQU5s9lQ4cznHjX2J/V1cXc31VKQ/2LODZT1sE4hd5yVcSn8o5vAhPJfF5spbH9xL47lw8Xxxcy88f7+G3S7v58cIuvjy6jYv7NrB6biXDB9ph3sUKU+MumJgIzAXkerrKMqxdGdCrPzMnTyErIoTVLS2cOnVBXuOF2m7+/OVzfr/7iDU793L+80tyRFP9rgwHUQ38FdhfT++qzgin9Gp/1XauAP31zHAKzFNf925XDF0iLXKKGPtkdcnUlECxee8RGqArS55O6I7fKCt87M3xGGLKnCFGuA0xZo6Y+hxbTTu6Uu2u9HgPEvAHj7JUp38NFbAnTLQidWpvdYW/NKdeAqC+FLn2FYAPEKgPpUYMvXxOf8o9BtIUOprWxKli4u6sle9tQcxkqtz60xQ8gqXps+S4t7pS1coiH1aWBKjrnzdnuApcPJif50djti9VYuelya6SZGqWmqxcUs14+ewjPIYxymcswz3sGetpj0fsDILTPAnO9iSgYDZ++S64pMxktoR7qgs+Ynj+aeECd39mxrszLd6ZGUlTcEufTJC8j7DCEHzS3dU2dnd5/diyOJIqUwkvDSeoSJniNYyI8gQcAjNo08mRdu3HMLNnN76Mbc8vqe/xbXwbTgW04YDHB2QM74peh8F07DwOu7E5zF1ynG27PmX/4e84cvJHjpz+iWPHvmFN1moWBjRLIlRHbbDYnVse9aHVVPmVUuqZR/r0ODxGz2DYgL4E+XuTkZxKfnY+wYFBzHSaSa+e1gzq05W05AgWt65k5bpdVFXXkZudRFFeBnmSRFZmiXlXVQvEC6nNSZJIpDI1nPJ4T+rTQpgrpjkvL4mG9HCqYtxlG0lTYRoLy7NZVJrKioVV7D2+Tz33jhOH0NfGkD7WRvTvYcpw+744i6WHhIWQKWZbIgBTIK5AvWbuAtkK2BsF7Eo1fIPG2MvqlEllXsFcibpGymtqqCjMIMPXAc9RvQh2GEKl2O+C4hiq8qLIiXUjPdyZ1FBncuKUuQj8WShlxaKabD5aWssGkZANUlbtEks/s28T58Wwt21YSYics362dgKaXph0tRDzs6CzUn3c2RA9fYGElM/t2rajXbt2tG+vhYuLq/o5nz55zLkTu9n50Xwe/fmAezevsnvDEtYsaRKZSRSYB8j95UFqyEw5v+G0FEWxTMqq+vpatemhuPrfUFcA/l/jfwf0O9+08vtnTXz/8UKunFvBxyfW87HY+anDH7J5w2Js+1ljYqhHJ+2OKtCVrZF8FlNTS4FiT7pa9cbMqp9quIoZW3e3x8pmKLr6NmqveFOz7gzq2xunScNxcx7H7GmjiAt2I17AnhzhQWaMD3kJQRSlRFOYFkNeShTZieFkxIUQH+pNSpQvyVGeBHo6M27UUEw6m4itm4pBd5XX6yew7iPRS+2dbqwMQTOTpMlaU31u0rWPHB8k2wGSPA3DTEBuatZfnY++s/zNSF0OtTeGYv36RpZq5zelHG3ftiNt3+8g31NHtNpr01HsXFnrXVskTUdHsfRO/MO6jz0mAnGdLjZ8YGRFm86WaBtZ07vXABzGCbSnS6Y+1Q/XWQJ1pefq7FB8p/kJ1N1xneSK83gXnJ3kZvMqZY5HCe7eZbhKdj3HNRvnGaGMGTWFHt0kM9LRo71cLFrt29NJLh4LQxMM9XWwNhYDmq4skTlFXQs4RDJTH6fRhMyeyCw52TPG2WMj4B5g3UUyqYn0szDB1cGeGWPtGD3AWkCZrF4AL57/xe1r33D1x0+49uOnsv+dxvxu/cilbQXc/byVlze28/Sntbx8dkAMXYJPZCtAf3ZT0xnj4xOsaimhZW6GQDxdXVVNgXprU4YK9AV1ierKanMF/PXF0eq487qCcGrylN7tUQL1cI2x50hkR1KWGaaauqY6PkJtT68tjFenfFXHoZcqw9XSNKGsgV6Zqa7Ipi7kUiHWXpUlRpHFErH0lY1FnBCQ385w4GnmdJ6kjuZxqDlPfbV5FGLGnynD+DOsN3+GdOVRUm+eZAzgWWw3nkbo85uXHstG6eNk8j6rEyfyxaJ0dgc48GtTJldXVXN7YyP3D7Tw14/74dFnYiBf8/zuUZ5/vYUnn6/m5bWV/PVnKtdOp3JWHv/FvmV8eXg15/esZcOCWilkwhgxcPCr8eVdMTYwonMnEzobGNNVfldWaPPz9qIsP1MdorRl5x6ePHkir/OcZ5L9/3b/MbvPXGD3sSMC82f8ckNjA8cPbnsDc2Ub5aOZCU6dr933lZ37T1I7wyUFO7yxc6W6/TXMNUCfqk5UoVS3K+3nsZ7DiJw1kJApfQgY3x3f0dZ4i6ErS6R6KL3cBxsJzDXV7bP7dVJN3VOOB4y0kDBXF2gJGWVB9Hhr4iZ1J0mB+vTeZDsL0AXSJW79qPQerA5fKxOgV3mIoQePoiXBkaVi6auLvFiS7kSlmHWN90DmxkxiYeJ0lma6sjjThfmZs5kn28Y0F2rFquvTPKjJ8KYsxZWiJBd+/PZzvvvpO6YGTWVy4CSmhIphh89irPd4JviOZlaUA97JAvVcN4ILPPDN8WC2gNw5fYZsnfEUoAdmReCTIeDOFBvP8MA1azo+ufKcUl9Ci0Pxk2TATRKNgIIgUioySRdgRJVFEVIUTGx5NCm12VgPDadNu/FYGQxhk7c+38S+y5cxbTgX9A7HAj7gREA7dnjo49zdmo6dRmPaI4CyxoNs3/u5AP1bDh29woEjn3Nw+zlWRi2m2b2Kep9KOS/FNITXUR/VQJV/qSRIxRT5FjDAZqAUXJ3UJhxzc0ssLKzVIUgjhwxm5tQxhPjK9y4GNW/RSpoXrCRXLC03M5mCzBRKUuOYK6CszUmjWh5TKwlNeYyc0xhXyiNnUBPnKuc7kPqsKBrTw6iOdKE+cg7V0W7Mk2PLanMpasxl5/Hd6rXp5zmdPt0M6GXZmV5W+gIYcxzE0pXVseIT4skvKBLbrqWmsYm65mY1amW/pkFAqM4mpwllqlgF5spWOV5dU01NcSaFkc4ETu5HwERbmsTO55fESZkSQba83+Sg6aSFOItJ+opJBrK0uYjlCyr4aFkjSyrjWCWxb0WVgPgAn1y8yNZtG5k8eSKWllZy/nTQErHS1tYYnbLfoUMH3n+/DW+//ZY6fPjYsWPqZ3z05x98/cUFdcz6lrU17Nu+QK39vPb7z6xpbaSqIImMWC9Jnt1IC5pGTVYYC7P9Wa5OilUln79OEhult3vNG0v/3wNd04a+fM1H6mvf+mEDP1xq4ovTi/ns5GouHl/PuaNr5L2soqWpiM46HaS86fwG6EoY6OqpUDU1F2hbdFfHcJu+WrTFsvsQjATk+oY96NRZjLdzNwyUKngpo7SVYWACTH19Ewb2E4kUqXSaZE+k/2wpV7xIjPQiIdyDxBB3wn1nq0PcEsO9Bf7uJEZ4EhfqJuI7mn49bDA1MhZj74KxiTIzXTex7B7yHnrT2dBa3pu8J/MeYtzdJJnqjoF+N0yMe2Fs2hOjLj3VYWhGRjaSFFipVev6+obq9a6tpY2WmLhWB6WtXJu2H2jxwfvtadfmfY2hy3eoqyxwJuXvP9qZdKeD/LO2ovRtja0l4+7Ce7qd0ZGMY/CgkXKROgvYZzPTMUjtHOc1K4yAWSG4TXRhxsjRTLGzZbLdMKaOd2eOYuvu2bi4ZQrQs5gjCYCjgxsTx86gu3UveeGO6otrdWgvpt4O/Y4dsDKWAnTSSMJmTSLedxYzRw9mziRbXCcPZezgnkwY0oueZvrY97bAz2m4bLswfXgPeQ9j+fWHr9Uv/68nf3Dj188F5Be5+oMA/SdN/HFP0x779PpxXtzZy/NHB3j2WED+1wm5WrcLzI/Dk6Oi5/Pg5in1sffu3uCj1bUsmZ/J8oW5Kthb5iazqCFFtfMFVQnMLYumsTiK+qII6vIjqVbazvMjVKArUa5Us+fHiL0rth6qQv3fE8zEq7PEKTPEKVO+NpWl0ihRW6ws3pKihtK23lyRTlN5umTf2ayozuO4GNufGaN4nNCPZzGWPA3uzCNfAx55deRJRC8etRRxS6z7Yai1AN6UJ1EWPAk342lkFx4ldOFhzjD2BxlzPMuNA8k+fJoRyvdNeVwsT+Iz+UyPdi7kr4ubeH7vkpyfL3nx9VYe7Kzj2eXVPPu2mmd/JHL9VDxeo+1xGmOnLn2qLLDTVy5aK4G2so66iZEpxoamGHRSVqkzoY9ND0YPGoz7bCdSUmPVYT2tazZz9/591cwVQ//m6m3qV26gZd16MfUX/Pj7NW7/ofR4f6kWKEnBjm8sXen89np6V2XMuWLnCYGTSQwSoIf+287TX9l5VvQMDdSjnUiP0nSIU6Z8VcagRyhAFxAHTeyOl5i3h30XvOyM8Rxk9Kbt3FXCpb/+qx7vnfETkPuKcfqNMCNwtCWR46z/DXXHXmTM7E2Ba3+xSwG6l8Dc3ZYyAXy1gLshaBSL4qeyQKC+PNeVhcnTKPNSquP70xA6ivnxjrQIbOeLRTcmOQpcBDIC5Yq4GWKQzpSLmZcmu3F033r1Os0WwDoGT2JWzDTcUrxwSfJlmpibY4SyhvlkPFId8c90wzfdU13+dE6KJOBi3XNSBdSJXvgIvALyQgmRhNQ7W5nq1RnfPDexebH3/GABuh9e2b5i65FkVmSTXJFCaH4o/nn+RJSEE1WcR5d+iWgb+OAz2JbPo9vzTdz7nA9qw+ngtpwMaifRRqCuzfo5XRlgbif2MQM3v2ZWfXiGvbsvsG/fWfbvP8ue9YdYHdVCs1sFDe5lVLgWCtAbaQxrpC5AABfUxMyRc3i/TVvatGnHO+98IGWHLkN698ZzxkRiQgUqqZEkxvmRmR5PpUAxvyBfYJ5EaU6G3IcZ1AnEG3PTBOBKP5DZFAkU830maRbMCZ5MddQMapVq48xo6pIk8ZBrq8xzLFUh01hUFMcCgWaM3PdRpbHq+U+OC6K3tR49LXUF6Hr0627MqCH9mDFtMoFB/nK9J1FQVEhldaVa/VxbV0NNXTWVtbVU1DX8DegaU6+UbZUCdOWxpTlUyD0aPX0oXqP6URQ1h+bieEoyI+Q6dpPrfDaJAc5kxYtFJvqxuL6AFfOrWLGgksXlcaytSWTvmnrOnTrCJ5cus3XHbhydnAVeBqqBv//+e7Rt+766/zratHmXt976Hxw5ckTTXn78NB+fOcMXVz7l/OldYuVVrF+aw6WLB17Jzxkp4xJIj/EkPdyFjLBZVKYF0yzX14qqVOZWl1AhZl4qQC+u+O/t/D+hXqPpGFeh6el+57cDfPfxXC6fWsGnp9Zz/sgqNU4fWEaavKZpJ230lKREq706Ll1HWxO6ylDdzkZ0NbFQLbyrRT91Rjlzm8Fivf3ElvtgYNxDnXVNV88MPX0L9Aws0JXQ1uuKtq4JHcV02wurOkry08PaimF2/Zg4yo7p44fh5jSBYC9nIgNcBOxOhPvMJEq4Fe4zgwD3mYyyt8XCxETCDIuu1nRVLNvAXBKIrhgamWHcVfaNzeT1LdXZ4ExMbDAUiVYSABNjCwyMDCVRFZjr6b2pRldCW1tbTb7at1P4qUvb9poZ8zqIsbeXKC0tZ4rDNP7xnq4R7+kZ876AvJ2hFR3kRdrqd+WDToYYmVqrw80mj57GaPspTB3ngouDZPOTxczHjMZBLuDRfa0ZIzGiTzcmDXcQgHvhJAbvNNWDGY5eTJk0h6kCdWUO3S4mXeSNdsJQsmoTA32MdLXp300y2+GDmDRsEBkRrkwfOZgA53H4z5qM25QROE8YyCCl05tdL0JcJzLOtjuLazM4c+qE+sX/ce8q137+hKs/XRSgC8h/0Gyv//yZGgrs1Xb1Z19JnOGlsrrai3O8/FMy7ftbePltK0+P5soVWg7frVUf++zZU84e3c7ypnyWN6eJoaeysFYMvSaBeVVxNJfH0Cw3dqPaMS5aBXt5doDaZl6VF6npHCfbqjxltjhNdXx5tlI9H/Wq6j2ehhINwBvLNFCfWyVWLubeWJqq2nmzwFypgm8tz+Jgjj93E/ryPL4/zxMseRZqyJ++ujz2Ejv3bs8DH23uBXfjjl8n7nu344H3+/zh05YHvlo8CtDlmrsex3w6cyLVif0RLpyUBOOzgnguSOJxpT6LHxbl8Xi/AP3SZl7eE0P//Sj3NlXxcEcVL87W8+LbQl7cjuTeTzGM62dF765G9LY0V/tA9LCQC9fUXELZWmBuainRFcuuZgzvL8ne8DEEBAWwbs9RFqxaR051Pc9fvNTA/Oer7Dj7OdVLWtUOcQ+ePOOna7dUC/j1xi31u1g2t+SNoau2Lmb+eorXuICJxAnUEgTmSeFT33SG+zvQX0NdAXpahDxOqXL3HE6ksy1hjn0E6Dbq/O1u9qaqmXsNMsZNgO4+0BB3BewCdFdbZUy6ET72FmrVuwJ1BeihY6wE6lbETOhGgkNPAXpf8lz6U+DShwoBeqnAutS9L1UCbqWn+/wYB+YnTlVXVpsr0K30H0Kx/L0mcIi6ypoyd3tzshM18ZOpkcdVJE6jNG46xbFOFAnUi5LmaGYw/PZL5kS74hLniIcYv1e2Fx7pXsxKnINLijIXu8A5cxY+yhroAnr/1FACBQZ+GUG4J/ngHu+FuxS8frnKePJQsXZ3eZ4Lbmlz8Mj2lmNB8rdgPLP88csKIbYwmdzmEpIluXRLdSVAjN8tPpMufQvEeiIoc7DhUwH6hdAOnA2WCGnPmeB2nA1rx+kQLU4F6ZI7sRcdtIdhbCF2mbucjzYdY9/eC+zac5qta3azInYB87zqqXWvpN6/jsbAWuYFN7AovJmGqPn0EuvSV2YHEyPpYWLEDPv+JPrOITcxjIKCZLKyY8iUz5ifG09ufgrFRdlUl5fIPVZGXVYipVF+FEV4iY3PJtdvAnFT+xE52prkyT3IlmshdVpfclxGUBk8m1IBfaGLHaV+Y1lUFkfr0hrSqpKIKI0gWoCpNneUZgvE9VWYK1DvbWXAoD4WjB9th4uLExGRwaSmC9QLsylV5pQvL6S8XFletYLSmjqBeOObXvBq1ArQa5uobVCmns2hXs59kvsYIp2GkRPiRF1elDoyJiPGm5QIN7n2Z5Ed76+2XzdJWbK4Lp8V80ppqU5jfVMWR7Yu48L505w4c551G7bg5OyiQkEZIvzOO4qJvyNQ/0D9XYmJEydorPzhIz6cu5z88FTWL1nLxcufc+Gz4xw9sFQsvYL166v5+ReNSK1eXCf3lAtJkhxlhDlLEiLvJWE2a0UQFtQUUVVVTYkAuqjs3x3i/leYV6sgfx3KMeXn5q+XBOZLuXRyLecPr+TU3iUc3bGQE3tbyU8NpJe1MiHZuwK2dmoNgxLt22tE0aBtOywk4TPTN8a0i7VYcR/MxdAteg5R9w27dEdH7LyjAFwBudo+bWSNnoBVV9dMHdvdQUuf9h305P/qy34ntOT/KcPd2nXoiLmUeV1NjOU9mDFr6jBmThrCxNEDGdCnO5YmBpgZ6Mj12oX+NmLsxkb0EHPv2kVZu8JUrb20Nrekq5SVhmLgxpJk2crzxo8exOTxg5k6cRB2A7qpicnrGhQlXkNdT/ipqyvmbmDG1OmzOH5cw0Hlp7ikjH9oiYnryw2ipa+LgRTK+iZWcpNKVtGlGzoC+O7dBzJy8BhGDx3LcNuRTLAfK0Zuh4OY+YSBPRnX34ZRvS0Z1UcymZ6WjB1kz8ThE3Ec78SUcY7MmOrCtMlzGNjPDmurHtiItSmFvZ5kVYqh62q1xdxQmynDbRnerxse00YTOHsy0+QDpkkmPWuCrTqj2ZxJAyQTGkt+SvSrKvZn3L3+nUD7kmrj1wXiN366pML8qpj6NdlXgH7ztytqdbyouIDiK9F1sfIXH6udv/hqAQ8PFXJ/VzzPj2fw7GgmTw5l8fLuD+pr/PjdZVYL7FrqU9Xx5/MVmFfGMFdZ8Upg3lyeKBadKNau/C2Zmlezwylj0KvyIqjKjdLMGiegL8sOV8GumHxtoaZjnDIVbGNpMnOVznHFccwTmM8rS2OuMvtSeRqLKrP4qCSe3+KG8CzSjGdRXXgRacBfAZ14KkD/y7uDQL0df3oKxD3bcv91eL3HXY93uOnyFtec3+XgsPfY6dKNPT6j2eE2hiNpQVwsTOSzigS+X5jLnx/V88fuZp6fX83zX/by5Ng8fluQzO01pTw/1syzMw08v1rGw1tSyE+zYoCZCQMsTelrZU5/K0sp0LphY2lBd0tLtXf7oN69GDbAlpED7Rg/chLBIbGU1y3m4lffs/XAYRqXruC7325y6NK3LFj/kcD8IX8+e6Eu1KF2wPnrGf4pmhn7vvniE7Vq/XXE+Gki1n8isQL0+JDJb4CeEuH4785w/xXokY7qxDLJQRqgR8wcQOi0PgQIjL1Hm+M6rAtuYugeYugeAnAPAbqbaumdBejGuA8ywWtIV7zF5H2UNdJVS7cgbLSmPT1KwJ7i1Jes2f3ImdWXEg9bij3E1j36qnBXxpw3RIynScBdHzuR+ohxAvLhFHr0o8RvkBjiWOoTpoglTqUq1kHMfIoAfTolCTMpinOiQEz98O516jkpFbj6JnvhnT4bt3TNUDVlQpgAgbBvRqi6opp3mjueiQLn9AjiijKJzU8mND1IjrnjkeCNr1h5cIGPWHwAM+NdmZnoKomAGx4ZytrnQfhkicFnybW7bB6ffPMN3/7rKp9e/omqRY3qAi/jA9LobJNIZ4NprJ5pyrlQbS5EdORCeEfOh7bn44gOXIjsyLlwLY4FdWKjR1dsTMdgYulCYEQzG7d9zK59n0lcZPe2kyyObmS+l0Dcr4H5Ic0s9Kul1b+GhQH1pLpGM6KnOT112zHc0pDg6WPJCnGhWOldnZtIptIxKy2EgrwEyoqV9dHLqauvoUFsuLYgT86nDxUxgZRHeVEm4Ilz7I+f0oQy0IiYUeaE2pkSMdSYuBHmpI63IVcAX6qsXFaXRuXCMtLrcsXO49Qmh5hKTfmzvHXuG6D3sNDBxrwTvbsZMXSADVMmj8bDYwbhYT4kJ0WQmRFLZlY8OblpYu35FJRXqG3LSu/3N0Cvm0tVXbOYfB2LqnPUeduz/adITKY4cqZqv4XJwWTJZ0kKnUNc4Czig2aTEOxCkSRsVZLU1JWkM1/KkNVNeezavIbTFy5yTIC+4sMNzJjjLubZ8RXQ31ahrli6YuvFxUWa8u6XX8hIyCUnMIXcoARKkwrZt/so5y9/zLmLezmybxmbdyxg2+4W/nhwR31OaugM4v2URNmRckkWG+NdWCfnaEldAbVVVRS/6gz3945w/xmaqnYV6OX/Bvq9G9/w2dFGzu5r5vjOBRzdvoCz+5dxYvdiovwdpZwRk+6gJCNtVLB/IAlK+zZtaffB++i0eR+j99ui1+Y99LV1MTI0EbB3x6KbLaYWPTA2s6JjJwOxZMXMu6IvnFMmbNHR6SphKvA0ehMdOnRWx65raxtLmNJexxgtkWAdgX47ZRhwJy2M9LQxEJ7pSVKh364NlvodMZNr1cpYm3HD+hAWMJNY+Z5yE0MoyQgn3GuK/O5MohzLiPIkxn86QR7jJTGwU0dPKL32laltlZ7rr4Gu7HfsqCPvRwsnJ2dOnjrDf/fzj3e09XlXR482Ys3v6xnSRseID/RMZF+M3cCc9vJhLSx7MmqwvQB3oBTgNth378H4Ab0Zb9uDMQJhJey6GWNr0VmNwZK5jLUdLOY9jukTHXEYMxn7AYMYYTecSRMmYmWhDGfTw9rMlE5yUozkZIwe3I9hfW3IDJ3J9DFDcZk0HF+nkcT5OTNjjB0BchN+eVkz9eJfT/9UQa3A/IZA+8bPn6pxU+L6f4TG0u9c/+7Vx1XA/iUvH+7l5dW1ArBqbm2N4+6OKB7sjuX6xjDubo+Rrfx+eZP6DKV35+a1TQJyBebRAluBeWm0GHa0wDhWXVmtuSxJjiWq9q3AXBPKjHERVOeHUa2ae4xmJjkBvTJznNJjtbYgTu0pqkwY0STH5omhzy9NYpHY+dKKJFaL/Z9Lnc6zRBtehhvzItGIF6GdeB5oyF++evzlo8MTz/b86dWeex5tJdpIvC/xLrfd3hKgv82VSe9yxNmKAwLzPe4jOBHnwjeNWXzfkMG3Del8X5POw+UVPN41j6fnlvPy1imeXfqQGytyuLoklwc763kmgH/x82Ke3E8XqFoz2NKIIVYmDOmmzAJnycDuPRnQwxrb3t0ZPqAfYwYPYqTtUEkCRzBtihNJCVlUNCxm6Ud7xMqvs3DVGqYHRVK/fDW/37rB/YePufPoL0m8XvLw8VOK56/EKz6Nr37R9G0oTPEh9jXEJeICJqkRHygwD9HAPFlgnhL5ys4ViCswj5lJtoQG6tMF6FNIVIDuNZwol8GaiWXE0H1UoJuqQFd6tbu+NvNX1e5uUvC7i7l7DDZRYe4tNq+EYuohYywIHKl0mLMgRmlLF0vPnNWPQreBFHkOFGD3p0SAXuk7lOrgkVSHj6FCojZiLBVBQynwGUBRwGAqo8ZQHTdZ4DOFytiplAnUyxOmURw/g0IBen7MdPVcXP7qEhFi2iFp/mLdnmLmTmLTrkSWhRGtzKOeGYVveoDYua9AP4Cw/DjiS9KIzokgSKzcJ82LIAF2SF4AITmB+KYJ0JM8JeYIxL0Jzgkho6GIzSf28sPV61y98YAvv/ydixd/4ONz33Pk0CXSxSBHuhah0zWSbl2c2eZtytkIXc4pQJf4OLIDH0dpCdDF1sM6cMhfl0OBBiRPGMSQkYmk5a3nw81i5/s/Z/veT9i64wzrmzfTIkbeEthMqwC91b2MuW6ZFMwJJmTKcPwnDSRgih2J3o7kJoVRmBFDTmYc2emxFOQmq8ZcXV1JXZ2AvLGJhvpG6iurKIryIUeeUxbpQ2WkF4lOQ3DvZ4BHHz0CB+jj11cX9+5aBNh2InFKT3ICJlAr93aJ3CNp9Vkk1aaTWJVOXHkCkWLoURWapX53bd8oUNEToOvS3VybbmaytdCnb3cThtr1YtIke1xFTAL9ZhMZ6kGE0tYaH0J6ZirZhUUqwJTe7n8fq15R10R9XS0ttXksKoqgOMKZ0shZNCa7U5vqS36ivwpvpRNajP9Mwjynqtt8SWhqSzOZW5VLjXzfy5uK2LVjE8dPn+XIqXN8uH0XUcnp6OrpqUBX2srffvufKtBft5dv3LONgTOnMtPVl2TfRLJ9E8jyT6G5ajH7Dh7nzKenOHt+N0cOf8SO3YvYvXmelMOP+e6ry0S4jychYCp5EbOoCndkVXEISyQpqakop/C/jEH/P1W7v97/8edfePLHVb48Wsf5vXWc3NnE0a2NHN5cJ1FPsPs4+ndXDNmErgI/ZTizoXY79Dsos4t2RKftB+i1bUvHdu/Q8YN36aRMSCbGbCri2sXUVGxZAC8m3VX2TU2VnuOGYr7G6Ij5duzYWeBpJBZsqsJdS8tINXZdFfTGb0Cvo2OiVsnrCcy12n2gcsymsy69BeJ9u+jQ3bA9vU06CRutBNyzKE4NoiYvWkQuWpigjIAKpljEKj3KnSg/R8K9J+PqOALbXiLSOvrqWHllq9VBQK6lq1azl5dX8v/084+3tTrxtpYe7wjU35V/8I62gWw7y7YT73Q04D3ljet3pU+Pvgzr349+Vt2wtbJidB8F5jaqmY8QQx/WoyuDJHu2Ne/MAHMDgX0/RvXrj9O4qYwfMlwsexDus7xwcZrN+BEj6dujh9rWYCQXmYm+PnZ9u0sCYCtg70u0jzPTRtkR7TWe3Dh3shPDuHzpgqZK6P51bv7ymQrvGwL0m2+Afolbb/ZfbX/RQF2x9Yf3r70a0vYvuPmRpKMrubkjlZ/X+HF9UwhXN4TwTas33y3z5bc1Afy01J37h8p4cetrtT337Mnd6spqjZKpN8nNXV+sVJvHilkr07smyJekzBQXqUK9JlcZphYmQA8RkMvNlqeAPYTKAmWIm0A9Rx6XG0ltTjj1Avp6xdjF0OcXJ9Ai+yvzwzlaFc3XddH8kT2Kl8k9IdmMl/GdeRlmxPPgzjwV63nsq80DAfkd13e5Ofsdrjv/k6sz3uL3Gf+DX6f/D35w+CcH7d/jsMdQ9nqN4FDIJD6uiOK2ZLt/SPy1p4nnR5dxf0MtDw+18PyLzQL00zy7vJUbSwq51lLI3c0NPBKoP/9pGX/dy6M2bQIjbIwZ2asL9j26SCJnzagBPbHvY8M4+e7G2A8VOx/MkD62sj8KHy8xi8IKdSasuQuWMq91HTtPniMuL5tlG9Zy58/HfPLlD3KGn/P4yVPK5q3AMSCUZbtOUtXaqn5ne7auUgH+X4GeGDxFbEUD81QBdlrUv+1cNfRXQFdC7RwXLo8PHk+cz0jNOHR1prge+I2yUM1b6fj23wFdHb42yBDPIcZvYO6tzvWuGc7mN6IL/spwNrH02Km9SJrRl+w5thR4DKZAoF7kNYgSbzvK/OwF4iMpDxpFechoSgXo+b6DKAwYQnn4aLHIiVTGTBWTnEpJzBSKYh01dh47k8O71qjnonxhPklFkSQXC1zyggnO8xaYBxBfGUW0XIsh2SFqBGXINksgL8liZKHAPMNbYC9WLkYenh2Of0YgXmm+YuU+zIj3wCXenaTSeNZs+4gfr93i52sP+OGne1z++gYff/I7p878yNnTP3H21I/sELOe4rUIk+5p2Pd0Y1+ghQBdh3PROpyP0hGYa/NJtIA9qgPnI7U4q0SENivcejLE1genWYXMXbSPrdsvsGPneXbsOMnWLQfZMHcjC4IrWORfSktsGfOLiqnKiVbHXFflxlNRkEFxYQ75hdnkKkPR8tIoLSmgUkywtq5eQN5MU9NcGhvEdKsqKctKJN11NLle0ykJdiPLbSzeAzszs6e2Omd/lFMfEtyGUpTsRl6KB1VVSeTXZhIj93ew0gFQEvcIud/jq1IF6EnElsVKxPDdz99x7uxJtQ1dsfNuZtpYdumIVVcdrM31pKyUZHdgN8aOtGX6lJG4uUzE23MaQYEexMZGkZqdTU5xpTpc7TXM1WFsVfXU1lSztD6fZeVxNKT50KBMzZwyR92Wy3eakxSsDrFKDHFRh1xF+E1Xe1uX56dQVZRMaWY4rXX5bN++haMnT3P4pJzfwyepaFqMmZk1bcReFUOfMGG8CvNnz59RPK8cs1E9sRg7lCGOMwj1iiXTO540z0QyAjNpaFrFzsNHOX7+ECdP7+bggfVsV1ZwO/Thq1q0TwXojqQHOFASOJ5Wuc6WVaRRUyn3fXn1f5lEpvL/2J6udJxT3vezp39waU8RxzflsX9tPofWF3NkQxlHttRSIslsNzM9gZ85dn2s6S+2Pqi3Gf1tLLAw0qVrZx2MlaFseh9gaqgjgH+PbqbCmH7WDOhpJt9bFyxNDdVkwEy2XUwMMTTQp5OugdrprKOW0hFNwN5RAK/dWaBuIFsxcy0N8JV9fYMuGBt3plfvHsIwBeDa9DPugMOArjjaWTGoayeGWurj7zSCsoxg6gpiVHFrLosXqEfI9yTJmVzXGdEe6rC5AJexuDjYY2GovG4ndES0lVAmjCkrq+D/7c8/3tFSwK3PWx301O17Csxl+7a2Lm931KWNrhi7ZDAmppYMHzyEUQOlsBZDH9WrJ8N7yrFeFhJmUsB3ZbgU8PY2pgy0NGBYz64MtOoi2+5MGjKCWZOn4z1LjMJpFnOmTMNh5GjseveWG8Ic48562Pe3wqxTRyZKdusycRQzxg0lXi6SqrwEDYhfPOf+rR+5+etlbv12WYX6rVeh7F9/BXQV6r9cVoGvgf1nr6D+6Zv2dB6egGvr+HVDFN8td+NbgfeVRR6cr53B+Rpnvmtx5foaX65JfCvHr36rqRn4/dfvWTK3gHrFzKVQVb4kZd1zZYx5tVLNrkzxKtu6ojj1y6tXVl3LDqQ6O1gdj16pDmdTQow9J5T63BAaxNoXFkSytCSKbdXxHK2N5+P6eC7PTeGnhiD+rJzB0/zhvCjsz8toQ15EG/MsyojHIQb84aPFXbc2XBOQ/zpNA3Fle236P/nN8S2+GvNP9o4zYq9Lf3Y4D2K/2Mfl0kgebpvLg8213F9TxuONDTz4qJbnJ5fx/NvNvLhxksdHV3O3tYQHqyq4v7WeW1tLePHTXJ7cSiBKCuVhNkbYi4n0NZcbydqCsQP7MrRvL4F4f/rY9GaAfK/2/QfiOH4qicn5UpgsoWHRSqql8MrNKSQwPoI9p46y69gJIvKquXpXWZjlTxqXrsHJP4L5Gw9QKAXzntOXePDoKXdv32D3lpVqvAa6YufJoQLy8OlqVXuaauCaSWReV7v/p6E7yd8d1Z7uSsc4ZepXZS304Cm98B9tif8IM3W8uQJvd6VjnGLmr8A+R0zOfbAhHnZGKtS9hpqo8RrqXkONZGuiQj1cjD/WsTcpzgPIcRtErsdAcr0Hke8zhCKx9CL/YRSo2xEUBQ4jz28I+f72lIaNpiRyPKVRDhRHT6FQwJ4b40hOzDRyomeq19/Zz06QUhtJ/tx48psSSK+KIaEymMTaIBKqo4gqCRF4+xMjsA+TayuqMFT2w8XEffFLn6P2XA/ODiIwPRi3eG/ckj1Jbyhm07Ej7Dxxiu+v3+Da7Yd8+8NNrnx5g3Pnf+DYqe85fPwH9h/6F7v3fsW+fd+wT/YDotdjM6iMgT392R1ozSkx9LORCtD1uBCtJyDXFkPXUoF+LrIjZyKNOBGkS9TkqeoomPqmTWzadJTtO06xY/tRtm07wLZNu9i4fD1rWpezZP58scMiFVJVYp2VJelUlOdTVl5CaVmxRCFV1aU0NNTRPHeuxHwV5vX1DVRVVFBdWUqRMp2ny0g519MpDpJrw3U4aQHjyCnyJ0cS5ozqCBLLgwXSEcRVJJBclaXaeEhJDD4FweqUtmHlsfK3dHlMIvHl8SRUJLLv5H5+/OFf9LTopJq5lRiZuYk25qY6WHbVw0bEpo8IzuABIjzD+uEw0R5np/G4u88iKDiA2OQUMgrKKBKAl9Y1U1LbRFF1g9obXFl2dGldHsvLo6lP82RBbgDzs/0piZ5FdpQLyeFuKswTgmcTGyCW7uOoznSWkRhKbkq4AMKfBrH1TZs3cvDoKY6eusDOQyepnb+EAYPs1HbYKVMc1Ovp+p3beKRHYT6pJ8YjrDEfMxy7OV64+8aR4BolQI8h0TOe5Jhyals3s+PIYc6eO8LJk9vZu7uVDwXqX3yhGWbWVJpKoiRPxQGaBYeWiInWVZSqQH9d3a5M8/q/Ar3mTRRWKMPbagXomg7KF3dmcPyjNA6uyeagQH33qgJ2rilg1+pSgtwnYawsQiVhbdJZYG7GgO6m2HTtiI3yfXRqh4nB+/KYdmh3eI8+3bowtI85rlPtyYn3kWQvnEjhS5C3I+OH98V58hA8Z44TsbTAbmBvxo0QMbHrj0UXI1U+rczN6KxvjJGxBTbWPZg8YiDu00ZgP8iSkQMssbfupE7VGzixPw59jZkk+7GuY2kuDGdhTSIttcksrEpgfoXSBytWNfT8ZB9yEryID5omydlUZjvYYmlopIJ8hnDyxImT/N/+/OOt9h1R4m3RegXk76pV8Aaqrb/dUY82ekYCdUPa6Rlibd1LHWs8vN8ARvTpzYhe3cTOLWRrzjAp4JVQwG7XzVC19sE2XdXpWUf36cOM8ZPwdJyOn7MzEV5eBMx2ZtwgW7G6gfS0NKW7uRGWkjEN7mmBw7C+TJfs9vov32g6qT19xN3r33Dn9yvc+vVzDcwF6rd+1QBdgfZNgfhtJRTgK/GLBu63f778ythl//cvNe3pz27x1y+r+Hp5AGfrpnOkxIEdWaM5kDeOU+UOfFwzhe8Xz+brha5sSZ9A0nQbymNmq+/l8aOH7NzYQoNSZa7YuDpMTew7M0QsPIpyZchabhQNAvt6xcjFiGrEmGrluDI9YmVWEFVZIdQJ0FuyAviwIITDAvBPF6by2dxEjhb6cqokgCvNify8XCx5RS43W5K52eTP7Qo37pZM526BA3fTR3Anpjd3fQ24MesdsfJ/cn3WW2Lo/1T3f53xNj86vc3JOebscOzLLi97DvhP4EcplK4tKeCPrQu4u6qKR3sW8HBDDU+OLuav78XQfzvEkyPLeLSpgSc7m7h/YDEPDtTx4udC7v8agPMIY/pZGNKtS2e5YfSkQDNhuIC8u5kF1l27ScFmga1cG6PtR+LrEUJ963aBxRXWbD1Iw+LV+EWFUFydT+vydfz0+x3W79pFUEoWsXkVOLj50rrtGEWLFvPZjz/w/W83efz02X9csHHqJDIOaiSFvapql8h4NUQtJ3KGOgb9taVn/q0dXal2TwmR5/uOItbDXu3pHihAD5xgI6Ytlj7k35PJvLb02X31cOnXSSCvMfTXocD9NdQ9ldXZ7DrLvrH8HzNCJ3QjbnofUucMJNvbnmwfO/LFzvN9hlLgJxD3GUaOHM/zVYA+lFyJwuBRFEaMpyBqooQDuZFTyIx0UJsJDu5cqzGpxRnkLYqlfGWinKM4shuiyZwbRkpTMOn1saTVhAng/QQ+Si/0IGLLg0ivSSChJILwfB9Ccn0E8pHE5CdS0FzBjmOHBeJ/8O0vj/jkygMufH6Lz3+4x2df3eLM2R84evxb9h78mu27r7B5+xU+2nSJjVsusWnrRUprT9DTrlwKyUC2eVlzJEiHEyG6nAnXE7Drcjq8I6ckTkdoyb4Wx4MMORmsxTLXnvi7Z1Jbu54P1x8UkB9h67ZDYui72LBuE2tWLGd5y3zmN1ZSW5ItBV8iFdlRVBdIglyRLaAupLqqlOrqYmrqKgTi9TQ3N8i2UQ2lyr2poYEF85pImD2KDGd7CnwmkOk7jvzcQGIrw9RV4EKrlDXdQwkUaAcUBIiJR5FYmSbAziSiNBn/IkmESsLl8WkkyrFYSdAVmCdXp7D/9AEePfoTawt9sfJOWJroyXWvJ5auj6Vyb1iZ0LuXJba2PRhmP4Cx44YxZeoEZrvMwM/fl4i4RFJyi8gtEyMVqCuRLzDLE+Apy46uaS5mubx2Y5oHLYXBrKpPpzrVj2S/yUR6ORDlM41oiSix81DZhgiUMpNDxNITyUkMor48k+XLl7Bz/xGOnPmYLXuPUNm0iJFjxnPqlAaWn/3rRxwSE+k9eyJmE/sK1G2x8/FiQlIuHimVhPtlkuYWS4JHLFGemaQXr6Jl82GOnT7HhfPHOH5sI5s3z+PDj5q4efM39X825ojAhEylOWYKywrDqCsvpFABuDokTen0Vv3fVr0XVtSp7ejK9u9Av3JIDH1tLHuXxLGzJY5tLYlsW5bC9qVJrGmMwWmSHSZGemoHMkMdLcxk30i/A9aSZA3qZUovc10x9o7oK6t26rSnT/euxIa6UymitUi+x7ULstjQksvmpQVsWVLCxpZi1szLYs1CZX3zDEmsElnRkMaq5hwWVsQzT0RueV06C8oSWCD7S2qSaVWmCa+MpzjBkxi3scTNGUOs+1iq0vxYIknimqYMVir/c34OKxozaBWwK/2xGoqUGen8yEtwk3AlXRK2EM+xeM924cTx/3uQ/w3oOirQ3xEbf23pb0K70yuwayxeu5NYWa9+jLWzZ0TfvgzrbYN9D3MxdHNGCtiH9zAVQzdmSDdjxvbvJcfMBPKmDBWwTxjYH3fJzn1nziDcy52g2dOZNXYYM+ViHzOoH4MkwxrUTazeuishXq58evGsBqB/3OTOb1fUuP3rFxpYK/atAFsB+m+fS3yhgv7WL5ffWPttJRTQq7CXv/18Wd2/d+Nfmk51937iWP0cFkUMocGvL4uC+7E+ZjC7M4ZzomQ8ZysmsSVzvDpZyGwpvMf16kRG0Cw+v6A52Z+cPSJfiphDjtLZLUyzDrra+S1EIphSAXdJpj+VGQFUZ4UJxJUIpibLn+Y0H1ZkeLCzKIBjNTEcqYlkb4E3e7Pd5HWD+G5hIrc2ij3vaeDR3mbub6vlzuYqiQoeyP6jHQLi7aXc/yiXB7XeXPNSoP6WAP1tHvi047ZvB665afGV07vsntqZPa6DOBYykWNRM7krML+9soTH+5bzcPdinh5YorafP7+yiZe3jvP08y3yOnXc21jNvY+quLlF9veXwtUiLhydyeDu+nKT6Evmayg3T2csTI3p2cUMG1MzgbyFJGbWDO7bn+mTnSgpncfuY9+w9egXLFi9ieCkFLLEsmqbF1FZPY/6havZdvgCEz39CU1OY/n6jXzz4y9vLs7nz5/z8y//4sTpvWzbtepV9fvK/6hqV9rNler2jNft5q+WS/27pf99THpqqAPJgWPVdnRlcpkgsemgST3wG2muVsO+rnZ/Y+evwsvO5G8A/0+wuw1SquQNZN8QH6UH/BgLwicL1J36kO42mAxvO3L9h5MrIM/zVbbDBfTDyPIaRqaYe6avQN9/LLnBE8kKG0d2uGxDJ6sz2y2sSVU/95Hz+8heEE3h0kiKlkSSOz+SvAUxciyE9LnBFMxNoXhhHBlNESRUiXVW+JJaF0VWvZhnRThxlT4SQVS2VLL18EG+vXGPj7+5z+nP7nLywh0Onb7B/hO/cuLSLU5+do/jZ35j74Fv2LDtU9ZvvMTajy6ybsNFVqw6zKJF2wiPX4PNgGL62ASy2rUvBwMNOBTYiSMBuhwL0uZ4cEeOh3TgRGhHToZ15GhQe04EtpXHdSJl9kxioiupqVjKkpZNrFuzTWIjK1euY9WK1SxvXULrwvnMbayjqa6axupC6styqK3Mo7amSIBeQmVZrph4ngC+iLqaCnUik+bmZhYvbmXZ0pWsXbeGuFmjyXIdRnG4M7UN+URLoRxWFSHWHUlkeRRBhYH45HvjXeBDaEmkJEApAu9s4krTiSpPIqkqQ5KkPFIqs4ivSBGYp5JWl8mB04fU78S2XzcszQywkLAyNxZzM6N7D0t697HBdmBfhgwdxMjRw5g4aRzTpzvi6joHf39/wmPjSczMI72glOySSnJKqzTbojJqJFlZ3ZTPiuJQGpLnUBE7U51URulfkxo8gxCXcVJ2jidkzgTCPCYT4D5ZNfTctCiBegRxYV6UF6SwetVyPty6i+0HjrF6007KGxZw5SuNIK0/dIrR0an09/HGwnE03Z3GMCI0FKfsKuYUz8OreDFBCTVEu0oCMyeGyDlJxEQ1ULB0L8t2nWG/JAVHT+zgwN5Vkoi1sGP7Uklw/uD7K5eojJxJrdx7LQKs2pI8CuSzKQuvvIlX1e5/h/p/Ar2OFes0Y9E/P1DGnkWe7FwUyK6WMA4sj2NvazQb671YWzGb5vyZjBpijYGBLto6HdSOY9rauupQNq12bdV1K7rqamOq1Q5j+fvAnta4O48nI8Gb+ZUJfLgohy0C8x1SHu5YWSxgz5ff89m4JE8il02tSuSxYXEOHy7MYv2CTNbNz5DIZu28bNbMzVJD3Rdgr5ufy0cL8mWbxTpJFpTthkUFkigUyP/Il+dnS3KgLPqVwMLqaBpL5H7M8aQs052j+z/k//vPS168eKGWl/94V0dgrSVQb6fN2wrcO2jzlvyuVLe/o1a766id5pTOc210OmNg1EUMrA8jbW0FvhYCb3OGSuZj38OMIQJzpcp9sLUYei8L7Kw6M0x+H9a9C+MG9GLmqBG4O0zBe7oDATOn4D9jMh4Oo/GaOpaJg3szpn93ovw93lSxP7j9s1i1wPzqFe4KtJV9BeC3f30FbIH7beW4hGLvd5T9V3au/k3dv6yBvWL2r+LhA017+t55CRS7dSN/tgWVbpa0hvTiw5iBrIm0ZV7gACLHWzG5jyGDzbWxMWhHX9P2st+RRQ1l6vNv37zGovpctRpdU50eQokAuzTdj+KMQIoF6MUZ/pKJBYiZC8wzfVmY5sba9Dlsky9yR64327I82JbhxsnSAC43x/DTygxubS7n8eFFPDu7kpenlvDsUDNP9tfz1+Emnp9azIvzy3l5fgmcWcSLI408yp/AH17vc2P2W/w2U0zdrQ33XNvy7dQ27Ha0ZI+Y4kH/kXxTFCpWXsLVZeU83NTEvU31PN05n0cH5/P8Xzt4cfM4Dw+3SKJQzR/bG3mwtZo7e5p4cqaSl3/Ihbx4IN2NdTAzMKCLoRHGCtCNTQTo5vSysKZbV3MG9OrD0IGDCQmM5aONxzj72e98ff0RqWIgxWJN6/eeob5lDXULVrHv6FE+3LT5Py7NGzd/5/zHx8QEW6mfl0OVZMg1TZk0yI1z/8Fd9m5bpVa1p4RPU2H+Gujp0a+g/WpBlr+3pb+GeXqEPDZMkoGgcST4jCJCgB48rTd+k2zUudyVIWle9l3UKncF6q9hrsDdc7Cm/VyBugJxJZRqeA3MO+Niq4+HkhAMNcVfbD94vAWRU7qTPNuWFHeBukA7S4Ce7T2cHL8RZPsNJ1NsPc3HXmIY6b6jyAqUwiZ4HBmhE8gSmKfLe923faVmGM/d66zdt4DMeeGk1AaQXOtHZlMYmc1ibg1+FMyPoWJFGIVLwsmYFyzmHkpxayr5c5NIrQ+mpDWFfR8f4osf73D+m0ccvnibA+fuceLyfU5c1AD98JnrHDj5O3uPC8wP/8CWXZdZs/miJFrnWLbuLCvWnhKIzqe2vJWR49Pp0juNHt3jaZ7Zn/1++uzz1WW/T0f2e2lxyK+9gF2LwwEdORzUTkD/AScDP+C4XztqptlgYzUVR6ckUtKqaW5qYfmyVWKVawTGK1iyZJmAfiktixazcGELCxYuZP6Cucyf38y8uc0C7kYaGxuob6yVqJPnN8ljWmhduoplkhSsWb+ZrTsOS/KcRH1WDNu2bqGwpZ6I6njCK6MJK4shojhCzNwPrzwPgbovgQKg0CKx0eIUYsTQFYCn1WSTXp0p+wnElceQUiNQlQRr/yugT5kykW5S/nVXFkbq1Z1+/XozcOAAhg61Y+TIEYwbN4ZJDpNwmjEdFxcXvH18CQ4JIyo2iYS0bFKyC0nLLSY9r0SNjPxiKstLWNmYy3K5V+uVJXKDHEjxGENm0DQyw12I9ZlK8Oxx+M8cLXI0mkCBenK8lDf5KeqkOpmpERRlJ8q5m88KSZBXb9rO7kPHNS2Nj59QumqDCvPB/iF0nzWdvu7TmBiXhlvxfPyrV0qsJaBiHYEFy/DzTZakN5yImUEEu6UTU7iOvOUHWLPvmJj/fk6c2sbefatZv0ES9z3L1BEq31/5lDKl2j3TW0w4g6zCcrKLKtRQ9rOKlN/L1RXW/mO42mugvwrl51/nF3NirQ9ntoRzdnMYh1Z6s2OBC1ubZrN9ngu7FruxpNpLrSXUFY4pU6IqnceUrdL2rO6LrOp20FKniVVqFO36dyMxyo25lUmsW5inwnznqtI329exe035m/3NCuAF6tuXFbF9aYlAv1COKaDWAH/rskI5ViT7BartK4nAltfbZXlyLJeNrZIQLFRsP0mAnkhrfRKL5Ho8e2TH/y+QP370mLOnzzO/YTHnzlzgH+/p6fOerti40jFOSwAuQFeq2pU2dE1HOU2Hufd0O6nH2ujoom9kxJB+fcTQuzPA3IT+kqEqvdsHWhpqDN3GSAX9YGsjhkoMl1A6zY0b0BPHYXYC8El4OkwQYx+rwlwJd4dRfHn5ksbM/nrM3evfqpC++/sX3Pv9SzXuXP1SoP6FCnWNoX8uoP+cexLK45THK3+/I7/f+f0Ldf+2kgCoFv/K5F8lBn89fai+1mLJjkpcrah0t2KBXzdaAvuQMsUMJymg7a20BOJK78V2mGu/h4VOG9m2wVq/Lb7OUzX95v96yoHta6lID6ZcwF2a4UdZagAlKf6UyLY0PYQqOV6b6sGilFl8lObCluw57M735EChL8cF5BdqI/h2cRq/rirg1qZKHu6bx1+nVvLiwjpenhOon14msZSXF1bx8vIG+HIbfLUJvpBM9pNV/Fk1i3ue7/LA410een3AHY+2/Dz1bU6M+oCD7nYc9h/Bp5I0/FYZw9PNjTzcvpg7H9ZwY3U11+RifLZnPi9+3MezK1u4t7aUq5JJ3ttdz0NJIm5uK+bJl9U8e1RGcVo/encxVjtuWBoaYmrQGZsuXehpbko3c3N6WFszROx84qhxYucLOH72Jy59fYclWw6RXFnJTzfv8fOtR/9xST744x6ff3GBHbvW0LiokMr6FKrr06htzKS+OYemeXnMm5/PPMl8r3yp6cvwuu3874aeFv03eP+tl/vrUKrh09U10aeRLCYc76NMZjRQgN4Hv4nd8BtrpULde4SZuia6AvXXVe6vx6V7D9UA/bWZK0B3HWigAn2Osh0sx+wE/JIYBIwxI0xZwEUsPXH2AJLke0jzGiK2PlTgbS8hEBeop8k2VSLNb5QcG6u28aYEKzFRYjKJIQ40C1y+/fJTzWqAV3+gQQqZELGT+HIPkut9iZVCrWiZF/Ub/alZE01xSwjVy1KZt76QeevK2XdmN1d++F3A/Tsb935P64avWLH5a3Yf/YU9x39k76lr6v6Og9+zeffXLFt7huVrjrN+y0XWb/uMpQLzZWtPy/ewldzMCvJzm+lj60eXHpmY90onY6I9+32N2eWhyx4B+j7v9hz0ac9hPy0OBshW7Px40AecDnqPE/7vC/A/wGNAX7qYT2PylDBysipZME+A3LJcwL6apUtWSaykdYnAXQC/aMlyFi9dTov83tKyUvYlWpbRukz+Jsdb5TnLVn3IijWbWbVuKx9u3svWvac5euoSJ0/JZ9h9kKx5ZSrQI6uT1HZxdRrbEn/8inzxyvXHQxJx11Q//LNDCS6MIFrpAFeeQFRpJCElSjNGqCRSCQL1dBZ8qOmsGR4RygDbvgwaZMuQIUMYMWI4Y8YIxCdNwtHREScnJxXknp6e+Pn5ERQcSkRUDDHxKcSlZJKQnktSZj5JWQUS+SRn5VFWUiRAz2dpoQiAUrvkNYYwR1sCJ0s4jSDIeQz+TiPxdhyOt9No/MTUk2L8KC38n9SdBVRdy7amb9974iEQNAkhStz1xN0TkhNPCMFdgru7u7u7hABBQxSIEnd3dxfg71m1gJB7z+3X/c573aMZ4x+11trC2muvXV/9s2ZV2dB3Y0xAN4K64kZ4ujsjPi0T5bWH+LmyeR12uARhjp4JpqupEcg3Yaa6ClZbu2GnXwbUgwuhFVYMzZASaAbshoZPLjRMAqG8yRCam7Whvt4AOkZB8Muowe599ahrrMfR0wew71AhCgojkZHhTkDZy/9XXTF9N9ZbEOFpAVcPL9gRyG1dfWDn6tsOeCdPwbm3lUwu3kGtQ9iEyWXePazCvQZj3DtmjmsHDHFqjzIaS1TQuEcD58t1cL5MB6fy1ZERrIjFcydCVFSCz6rWi8wpB3prdjgHvChBXUYKs6dN5NO8ulF9nRZui5JUdw7vqhxfVOf6oTrPD/vyA1GTF0Db/qgtDEB5lic9zwX7aH9/YTg91x+V2b4oz/RuLX1Qmu6OPfQcBvCSVFcCujOKkhzomFAWJNhyoKeHm6I8LxRPHtz8SyB/++Yt9tccQnhgDAK9IhDgEYq4iCT8rZu0LLrLyKGbjCyH+m/MnfNSADoXgby7TF90k5bh2117i2PIoEFYOG08Fk8bQ0CXxhT5fpgqL8vd+VR5CcwZOxhTBkthmnxfcukDMJu0eAKbhEYey8iNK8yZBoXZ07Fx0Rw4mujj8nkB5l8+vuTgZnrDgX4F7x7RNj92uQOoLwj7Ty5xmL9jYfnHgt60A/2y4N5bQf7yoXCMufQ3T6/x/vQ7F4/Dfp08HNePIJCPgN7CAVg6Thxj+hPI+4pgiGQXDBTvhgFiXTFAlLapHCjOxhr2gDzpeL3Q+r124RSCXPXhbrET3pZq8LYgoLOSoB5ksQ2xZuuQbb0eJU5bUOWyBYc8d+C4vxrOkyu/lWyFJ9mueLXbD++ryBEfjkfTiWw0nyFgn84BTmYBjQT3C7R/tZSaruVoJkeN26RTqfhsPwfvtnXGyw3/wKtNnfB2W1e83NoFp1b0pEp2GvarUWPJSw+3Q23wJM4T70oS8CY3GM+zg/CxIAw/9oSgqTGTnHgabgSY4X2+L94U++LDHk80nQ6hpn0Svrz3heLq4Rgp15dcOst36AN5WVmMGTwI44ayCWbkMWXcGMyYNBVODt4orzyBe48/4O6T97h17377rfjt21fcvHUZNbW7kZjqD/9gKwSSCw8IsUJQuA1B3JbcuAOB3AmRMa6IIsjHxLoilsqaWmE96phAW1jrrYUVQbotu92moyMnmDvsWs/FYO5ovIH3o/8E+jIYKc0hoE/m87mrLWNrog+H8vwhPPSuSE6cTQHLEuMY1BnM2fj0nTMGtLv0Nqi3gZ3DfWpfDvVfXfpo7Fo7ESYbJ8J06xSYb58Oix0zWiFOQFeZCyuuebDYuRAWKothprEQ5gR1M40lMFEXMvsNdi7h0wW3/V26eQa+SXYwD1aDedhWuKeuQVSBJsIzTeCXbIiIbGckF4Xh4p3ruHLrJfYdvorcPecQl0GvizhEzvs8ahnMa2+ioOISgf4aubkzSMo+jqCIEiSmH0J28RlkFJ5GTOohxCRUwY2A4OzgT2CywsSp6zF0khsGjXGg67URFcqDULpdHOVKBHUlcVQritN9J4p9qj1wWLMnGknHNLrisCpJuRtiFQZSw3AOho5ah61bjeFg50VQT0IKgzMBO4XcdjIpkbYTUgQlpmUjKS0PyekFXClZhQTxolaQlyA9uxhZeSXIK6lB6f5jqD99CwePXkRCYT7MQuxgEGQGAwK6gd8u6PnqQdNbE2oeGtjhqE4wV8YGsy3YZqtEkFcjiDOwa/H13lU9tsLYTxfW1NC0C3WGbYgwl76vnw8WL12EpUuXYsWKFVizZg3WrVvHIb5t2zYo7hBArqmlBV1dPegzmO8ygbEJOXRzK5hZkfu3dYCpnSNMqbS0d4S/pxuyw5yR4Ej1CJv9cOtsqC8dC+XF47Fj6RRsWzwZisunQ1lhLlTWLcDODYtgbkgmwt2WA93QQBOrVi2BvY0l7t4V1qnYf/IMlhlZYoqKOiYobcO47ZsxW1sL6x0DoRKYD42wamhH74d2ZCU0w8qgFVpG2/vompVAXdkByn9oQ229NgyVyF1m7EH+3ipU7qvA4eOVOHS0COV7E5Cd6YmUJCfcuHaa/89i+v2Gu5sTsL05zK1dvGHj4s2TAe24U/eDg4c/7D1Yd0MAl5NnYLt4XfHuDF5essWz87Z4ftYWT05bcj0+ZYYHx81wp84ENw8Y42KFDmrSVTBvmhyfgIXBnIkllzGYi/VioJeCeC9x9BEXJ6iP57PNsUQ15rCZO6/O9cW+AgJ2USAOFYfiSEkElWyoXBCHehXViYf2RuDw3mh+/EhxOA4UBONgUSSBP0hw9JluBHYXlKQ5ojjVnkBujdI0B+THWyAn0gwHS2Lw4vGtvwTyB/ceoLiglCAeSvdKKAK9IwV5htGxMPyt1+Ch6NJnMLr2HYxuffujMznxfzCY95bkzp07eKm+6CLdF12l+hDU+6ErHRMjuI8fNQybV8zB1hUzyZX350CfOrQfT4RjYfhpQ2VIfTCLHPq8kXJYTJBfOGYwlkwciRW/j8PiyaNhqavVHmL/8PpBqwu/3A71t7T9loD+lrbfMadO4BYcO4M4uXeC+tunl4WSh+Yv89f8hHvbdmtovvX9Wbb8uxfCBDLnT9bTufUjiItgbL/upJ4Y2LszBkh0g6xkV/RjEO/dg0DeA4MlRAjkohjetxfXyP5iiAwShhW8e/sKqRGe8DBXISnBz1IZAWZbEbdrDXKs1qKEnHmV8xYc9NqO44HqOB+lj5spNniY44oXRT54R67488E4fDuahh8nCeiNeQR05sLz0HImCy3nMtFyJQ/NNwnqd8sJ7HvQvC8YTeYj0WzUF990+uK9Yk+8Ue+BR0ESOB8riVrbiagzWYWLHrtw3FEft2Pc8a40Cg+pZfphTxS+lkfjx5E4tNwpwZfj6Xib4Yb3eZ54lu2Oz1WBaLobhZYfadQg0sLK2X0xekA/jOjfD8MI6qMHDeRAHz98CKaOGo45EyYhKT4Rt2//BDjr23ny+C6OHq1GZnYYgkJsBIhT5RgYaktO3J7kgNAIB0SSE4/gEHdFTLwb4uLdEZfggfhETyQmeiArS2i515RlcaDbEKRt+aQxCr9OKMOy23etF0De6tAZ5G3JzVuzsehabNa5OdDbNA06ChOgtWIMVJcMh9qiYTzjfcfsgQRoWT7lK3fnrQlxLKO9TR370tsAz2DOoM5C7yrzhvL3014+GvprxsNo/SQYbpoIY4K6meLvpJmwoEaFhTKBXHkuzKg0UZlPAF9IYuUCGKsKU9waKrN57BdBd/tC6OxcjNLi1Pbre/FWI/wzdeActwSBKeTQk/Thm2KK4Bx3nLt5E8dO3ELO7nMoKLuIjKILCI6pQ0RUDfL3XEJp9U0+Hjw97zjisxqQVHAKITFVsHFMoIr7KD2fYJ5UDQ+/VIJ5MMxNbaCrY4Y1CoqYPG0V5CfbYthkTyyapo5yjRGoUJHlQC8nsFfvFGC+X1UEx9VFcE6HTTDTDYfVuqFeuQuOKXeH5pRREJNYjMHDVmP79l3w8AhCVFQ87wdPJmeeTDBPYkrNQFJ6NkE8nys1czdSskuQmrMXmXkVSM8t4WDPzC2mz1WNwr37UXWoEYdPXEd13VkEpsVhV6gF9IKMYRZKIKX7zyjYGNoEaS3Wl+5qCA0HfagQ2FXcVKHpqwVtb11oeuhC2VOJwK8C0yAjWAXZwJ7cs2OEMOlRdk42Nm/djC1bt2Hrtu1QVNqBncrKUFVXg7qmBrR0tKGrT25/F7l9Y1MCuRkvTUzNYWJuAVNLOhcbO5I9zAjq9i5uCPPzIsdph3h7JXhpLYfxBoL3wlFQnD8aGmtmQnn1TKpvZ0BpzRworpiN7avnQWPbGoK6Ooz0laGlqQorKwtcvXKZrwoXX1iMWWoamKy0GeO2rcWE7dswR8cYG5zCoRq4G1qR+6EVcwA6cTXQiqqGblQVTGLrYJpyGiYJh2FoE0cwN4TaBh3ordeFk4krggNY8p4tsvOCcag+B7W1ySjO90NKgj2ykr3w9vUzfn3yUmLoM7kTyL1g6eQJC0cPWDl7wYYAz2Tr5stlR3BnYpC3dxN0++59NH25j083PfD5pie+3PLEh2tueHXBHs/OWhLQTXHjkBGHeeNuVdRnKyLJZxPkpCTRuwcLs0tySbIhaD0J7my98F5svndxTJ84BroqqxHooo30MAuCrgcqsr050OvKwnG0PApHK6JpOwJHSsNwiAzP4dJwHKuJR+PBlFal0n4CjlZG4XBJCDUE/Mm5e3CVpTqhIs0F5SlO2JvkiKun9uGv/LGZM58/fYmc1Hw4WzgTvMNbAR6OIO9wBBPQg70j+LG/SY4Yje5yg9BjwFCIDJJH1379W8Pu4q1Al8E/COSdGexJXVgp3Qc9pKT43MAz6OKYsjGRSiswbXhfTBgoTZLi/enThvfh4ff5Y+WwcOwArJo8DGumDIfC1OFYOWkozp0SZrv58f0L3j67ITjqVpi/aXPpHUoB5JcJ7D/FQN8G83dP2kLzgrN/1doYeMedvtAX3xZ252F7gvrn98LNt3XtSvQhBy7Vqwv69e6Cvr270s3Rk4DeA0NY5qRMbw7yIeTKR/XvTWCTwPA+vcnFi/Nt5c1rcLxBcOtHqnfD21wRgSYbEGe0GjkWa1DmsBU1Loo47K2E48GaOBe1C9fJmT/MJZjvIUe8NxifaqLw7VAimo5loekkwfyUAPTm07loOZZATp3Aez4FzZcI7lfIrV7OR0uuGVoM+uO7rgSaNaXwQ7c3ngWI4GaFNM6V9kORyRA0umzB7Vh73CT3+zY/BO8KQ3A3zBYvktzx42whWu6V4fuVbHyuDMfrLBc8S3PFc2phfjoYgJaXBWj6EY87xw0xkT7nsH59Id+nD4c5U2RICGIjwn65AV/TD/rC+QbsLU1FAgN0OLnuUBsEhbJQui1CwuwQSiAPjXBEWKQTAcYJ0dHkwmPdqDJ34xBPYBBP9qZK3Ztcmw9S03yQkuqFV6+e4tb188IkMkbreDIcA3bb+ucdHToDOhdz6yzsbigs0mJK7teQAX0rG7o2CbqrBJeu1urSlQjYDMwc6FME9902Br0j1NvA3ra943c2rK0vdszsj53k0NlKbprLR0Fn1VgY/DEZBhsnw3DzVOzaMh27tv2OXQT1XTvmwIQtNqM6H7vUmBbAkNy6gfIcGKgsgIHqEg5zne3zoL1tHpWLoKW6GFoqy1C6O6P9B3/yUjmCMozgmWSAoCxnpOanIyo4Hi6WPgijSjo55zRS884iIGgPQv1y6dghgvhZJGUdR1TSPkQm1SIy9QhcfXJgbBqCtJxTiEmsga2dH0xNbGGob4xdhhbYpqiLlSs34vffF2DExF0YNskF48cZIZEaH1WaQ1GmIoVKdUlUqfVCrVpP1BPMT1B5WK0HDqh0wxHVLjir3gXX1DujfIsUpg+ahF4SiyA7cCHWrNOChZULIsMjER8bj8SERKE/PSmNvv8sJBDkE1LIuafnIjmtAHHJeXSeZUjOzBdC7UWV2F2yH8Wl+1FZexIH6i+hqOYInGK9YRhK7jzYFBbh9jCn+9EoxJgnyOn5G8PE14ZPvrOLJc35kjP3UadSD9okLR+Cu48uTANMYB3MgO4Mh3A3ft0PHToMbR29duno0fsZ6MPAyJAgboRdJsZ0LU1gYmYGUzMLmFtYcVkQyM0tLWFhbQUrG1tY29rDzskZzh4eCPRzRWqgDeLsdyBk1zo40netuWIitsweDtWV06G2bh4PtWtuWgLtLcugvnkxNKjUVFwLVaW18PXxFH6D797DzD8Mc1WUMUvpD0zZoYDpyopYYGCOja7RUA7eQwAnVx67HzqxNdCJqoVB9BGYJDXAKu0UwfwUjGP3wTmyGFpKdvR/9aGxwRA6mwyhsuEP/LFyHJyo0VFcFIZ9NUkoKw5CVpI9X52yMM0LX798xP17d2BHjpy5cwZ0cwd3DnW2zWTl7M3VBnibNidPZc1Bqkt/vMfX2974fMsLH667EszJpTda4P4xU9w8aIQL5Zo4lrMNh5K3oCJKAXnB6zBMThSS5MSle8sQxCW4BKj3JocuBqneBPRJ47Fm6e/QUJxPINRDVpwdOWtX7sYZwOvJiR+tiEJDeSSOV8XQfhRO7U/BmUMZOF+XiwvHC9FYn4XjtfE4VsmeF47DewKxv8ATNXmuqMx0RHW6A26eq/1LIH/37h1279mL3Ny9KNt9CImRWfC290YQAzqHuQByAeiRCPKKFIDei0Dek6AuOmgkwX0Iusr05U69E6mLhAw5dIJ4HwZzOXTpJ8ehLtJPFj3Fe/PZdhbPmQIH4+3Q2LqMYCeBkeRcJw+WwNQhvTFDXpJcOcsSl8WKiQOwfsZQ/DF9GC42tmWxv8LLhyw0LsD8TZuzboVym94+uUpgvkpuXAB42zEO9KdtDv4yd/Hssdet4fo2x/6mtbHQJhZ2b+tX//blPT8XxQ0r0Fe8K2TZeuuSIhggJYLBBHE2ld9QKQbzngQzEdrviWFUMqCPkpUSoC4nieFyvQnqwty6j+5cRbazCrLMV6LYfgOH+RFfZZwK0cLFKGNcS2KT2jjjRaEn3pYF4kNVBL7sj0NzA7nwxlwO85bGbKAxC2hIBA4Go7kuCC31YWipCwfOpgHnCezJ6mgy7YsmPQl8UxPDO6vueFQhhZsHZHClXAJ5ZmI4brOOQO2J95kB+JDuh/f5gbgXYYOPtUlovl8DPK3Bl3M55NhD8DzeHh8LvPEizRzfL4ah+Wsxmr/b41joFMyQk8L2dWsRHhj4y4336dN7XL50CpWV2dRKd0NMhB1iI+0RQ4qNckBMNLnvSId2iIdGOCE8yoWH1CNj6PlxzI2TE0/wosrb5yfEU6kkkGdk+qEgNwwHqtPx7vVD/j95n/kuct67Ojjwfwq3O3YQH49uRA5df4UAdAKm/vYZ0N04FXoKE6nSHM1dOgf6zIG8D51lvLOx6Sz7vc2FM3C3LdAiaCCU5w7kk8sozegH5Vn9hX1y52rLRvP31Vo9FrrrJkJ/w2ToE9D1N0+DwZbfYbCNoK04lzSPGhjzCeQM6OzcFkCfHLseldpKC6GrRO5ccQHBfDH0qOHM3IWe2hroqyvASOsPVJQJC7Z8Z2sQXDmMnH2Z0NYwhL6KLtYt34id6i7wCa9EWPw+mJq6Yum8NdAzCUdI8inE5ZxHVGodfCNK4BtWBk11J7i4xhPM98HWwQ+6uobQ09WHvq4RLK3coaxpjdVrNmL+nAUYN1UHQ8baY9h4S1ivWY9a7YGoUJfCPm0JHNCSwGFNMRzV7IlDO0WwT5lgrtwVZ9U6445mZzzR6YIbal3htXggekvOQ3exuRCTnoVhoxbA2NiejymPi4lDQlwC4uPikZBA5xQTi9j4JMQnJvP+9OTUHKSQY8/ILiKVILewEkUltSgml15TfQj7Dp9EXH4uOXIbGISYwiiUnHGoLbl1a2gHGEI9UAu6/sLKcXaBTjAPZP3rGlD32UHHtaDvp08w1ySok/tlzwu0hF2IA0HdURhWdfkKrMlhW1rZcFlYtYLa8mdpYWXZLitrGxIDuA1s7Gy52FKr9g5OsCegO7m5I9DHDcm+Foiy3IhAgxXwMVgNy+0L6d6cAMWF46kBOhvqf8yB8joG9aXQ2rIcKhsXY8eGpdi7R7gPrt65i22WTliopoo5OzdgjsoWLNKlhpiVM7Z5pUAtrAKaMQehFV8LvTgCeewh7IpvgGnSKVikn4Nx8nGYxR1EUM5hpFc0wMc3ESrrDaCx0RAaa7SxceEqTB/Tl+6tMQQWU2pYRqCqLASFed5IS6bGZJQZakrihMS2uw+4CxegTnL86dYtaPunPFoh78VVc+AIDzG/v+mFN1epnjxvg0enTHHvqDmu1u7CmRJN1OcoEsy3oiLyD+wOXoNsz8XYSL85aUlxcuJSwkpk3J1LcKCzpUaZZKSkMXb0UKxYMhHGOmsR4a2PgngHVOf5cqgfLgnlMD9ZE4dj1TE4dSAZZ45k40RtMikR56mObqgiF18egoYyfxws8sSBAjccyHPB6f3JeP3szl8C+YP7D+Du4s4nc5sybR6Cw1JQWkwN8Khs2JvYE7jD2kPtwd5RCPGJ5mKA/5v4sJEQGzKMnLkcuvUfRHAfzh17d+bUe0ugc+8+XJ0kpblT7yrTH12l+6GHTD90k2ahd2nID5HD8gVTYaymgNULJmD8AElMH86mBpXGLAL6/FF9sHB0XyybIAdrrS0/Q+yvHrSDvN2dP27rP7/S6r6vCiKYv3tKenYN759dx/un12j/Gt9nEp4rOPmfQL/cvs1D+B3+jzCeXciAf03vz/rTjx+tw0CZnhggzUDO+s97ccnLiBLAe7WG28VoW4yOsZC7GEFdnBoxUhjdXxoj2BrtBD226g7vA/r0DidYooX7NtR7q6AxRBsXI8mZx1ngXpoDnuSwfnMffKgOx+e6FHwnZ95MzryZueZz5MBJzUeT8bXYDU3pxvieZY6mHDugJgA4k0SOPREtUZvRbNsPLXayaLGQwlevbnhfJ4vbtb1x96AEjkbK4Yz1arxOdMXbNE88psrsY64P3pK+1iUD98vw7XQKXmS74GWmFx5SC/t1mgve5Xvh+9UMtPxoRPOXSjQ/Otp+w7HFa+7fv46GhkoU5EUiOtwOfj7G8PM3QWQYuYsoRwK5I4HciRy6M2JZUhvrE49w5mH1qDh3rpgET66EJAI5h7gvB3lami9SqeGRluGH7OwgnD5RRg2wc3hy5wReUWOO/cWG2glAN/7ZV942dO3PoC5MMMP62tmQtyXcDRsqzYbBVoL6uknQJsehTC5diYC+gyW//f5PagU6S4xTIaCrzhsM1fmDoLZgMFTms3ndqZwtBzWCuSodY3PEa64ax6eXZfPG662fzMe9sylnmQw3T4f+1lnQI6gz6W+fK6zzrrKYS095PrQJ8to7FkNbcSl0FJdDf+cqGNFvzEhjHQe5sc4GmOptgpnBZpgbbsWtG8K1+fzlKzWCCqGqrI3FC1Zi0sQlUNhoCjPrKGhp22Dk8MmYPnMdtHeFwSesCh6Bu6Gu5wFz80C6NrawNPUkyPhDT88I+vqGMDJg/b6WMDZ3h6qmLdau34rli5dizkItjJzkBPlxjlg/Vx2VOkNQojmAnLoYasml71frjQOq3bFvZzccUumORvWuuKNNMNf+DU+0OuG+Rmec3NETelPk0Ut8Nrr2nIyuIiMxYOg02Nq785nfOMx5tjvBnSXCJacjlg1rS0knsJN7T8sUgJ61B/l5JdhTXIOy0hpU1xxGYUUNPOOCYBZiCQP/XTAKMoVVuANMCcpqfrpQ9NkONYK1cQDLXreGiT/LgFeBmtcWaPspk4NXh7r3Tmj47aRtDXqeKawD6foEmaOqoQKPnzyBq6cXB7GjqxvsnV2403ZwdCZQO7bKnj6LHYe3LcGbH3NwgIOTIxydneBMr2OrEDK5uHvA19sLUd42iLDZAV+dJXBSXQjzzbOguXIKtsylBuK6WTDbuRSG25dBhZy6ksI8bF27EFcvCUmTudWHsUTTAHOVdmC20kYs0lTDCvruNrqE8v5y7egD0Es8Cr3kOuglHYJ+QgNMEk/AIu0sLDLOU3kCThkNiN5dj8LyI8gp2YvkuFQYKZlBfY0utBT0oLhSCTMnTcbMqUOgQiYuKsSGgB6OmopIFFF9lxprjbhwMzSeqOHnlJSeA0d3H95/bt0efvdsh7m5g+De2XEGfibu0Fmk4WoAuXJL3G0wxo1DhrhQqYfTBPO6bEXsT9mKvTEKKAxejhyfpchwWwYXowUY0l+cO/Fe3XtArAdBXYTcOUlSlIXdxSEqIoo+ZNDm/T6aGr1r4Gy+GXH+BsiPt8PeTA8eej9WGc1VtzccpwjiLNx+uDQER6jh0lARjgOF3gRyH+zPc0NtthPOHEjB2+d3/0r3OE43nqaGsyGGDBiK/lL9INtHDsNHTKB7LBwFOTXITS+Hv0sgAtyDEOAVwR05A3lwqxjg/7ZVSxuiBPQe/cmFS8mgR7+BBPaB6EFuvJs0mzVOko9HZyF4ljDHJp7pKtGHZ72zBLkuYnSh+khBflAfrJw9HluWT8PccUN4P/rvrO98VD9y6LJYMl6OWm6B7SH2V0+uC0lqrYlqv0C9FeTv2mD+tNWZU/n+xQ18ZCKof2jVu2dtzv1qe4PgVQeIv+7QJ9/2GGtIcKCTnj+4iDd8fHoLjtYfQX/JHjzcPli6FwaRQ2dA533m5MiHkxtnofdhMmL82Ih+dIwAP5LBvBXqYwZIoWrvnvbv6snpfThLIL8QYYirMea4lWiNB+mOeJHvjo+VYfh8NB3fTxfix5lCNJ8uQNOZArScIbCfzATqEvDZSxEvNSfinc1qtMQZoqXUk1x6BD0Wgx8hKwCbvoCVJFpMeuGz0W/4kC+JJ/UyOF8simIzadzyUMOndF88CbPF5yx3fCn0IWi749uxVHy/WYIftSF4HGOBh/HOeEr6dO4Qmp/f/+V++/r5HS6dq0daij+iyW1HsNB5iBVB2g5xkc4IJ/ft7mHEyziCdiy5b6aY1gz1SKZYN0STE+cQT/ahytlHCKun+nKlp/kjg5SZHkgVcxxuXD6Ix7eO4eG1Ojy6dgTP2Pb1Y6w1iH3l2Rzm9iZs1akNsKftNsfeBvO2sLsTSQA6C8mvgqXuMt5XvYscsaHiLOgSaPVWT4AquWm2lKoiC6XP+Cnm1PkscdP6YSe5deWZBPV5AznMNRfLQ4Np0VBoENQ1FwyB5hJ56LS6ct31U0mT+Zh3DnMCORPrv9ffOhO6W2dzMaDrbp9HUF9IQF9KDn0pdHcshzZV3AzmesqrYEgw38VArrsRJiQGcwsCueWubbA03kbXYgfqKvLwuXXhjDev38DV1RMD5YbydZYnTVpG3xE585AohIVGIyY+E1U1J1FYvJ++hxwUFpQgJSkd5aWVKC3di5KSUlRUVJKqUF6xD2UVhwjoVlBSVMXmjZuxfoMuhk2wwrDJjhg3QQ9JSlNRqd4Hlap0/6uKo1qlN/apkkMnqB8nN35dpzOe6vyGV6TnWr/hoVonXNv5GyrW98KyIUPQU2QKOnWluqjXSPw+czWdawhiYhMRF0cAp/NKSsqg+yYDyWk5SM3Io0ZfDjVc8pCTuwd5TDlF2FNULsCcPkNQUjTMCeLa3urkvHXIqZvBOYLgEewIFW9NbPFcjx2em2DoR48FmBDQDWDgqwpdPxXo+atAN0AFGr5KUPbdTlBXhknALtgFEZgJYNVHK/Dx40f4BATC09cPHj6+cPPyhouHJ18L3dnFjcvJxZXATe6bYO9M2+wxJjd3T/5c9hp3bx94evvCi+Tt640wH0dEO2nCT3cpnNUWw3bHfOgqTIfSognYtmQyzJSWwk5rLXbtWAEve2H1t89fv8EtpQjT1awwaycBfacOwVwfq8xcscU9ARqhZdiVeBzGaadhlNYIo5RGGCQ1wjD5NEzTz8Ay4xxs0k/Cr/AUMmvOYPe+Y8gsLkFkXBg8Hc3gQI07zXWa5NB1oLhKBauXrMOC2ZOwdM44mOpuRnq8GypLI1FCMMyJt0ZspAk19E1w/56wMltqRjacPVmGuxcHuw0Htw/Xn/WnJ6QJCxE9vxpGMDfCtQMGuFiti9Ol2jictQM1SRtRGrkO+YErkOW9FGmui5BC8jKdidFDpCEtLo4+khJ8Zc8+bIUy5swlJCArIY4B4gz4vTBsoCzGDh+ARXNHwdJgDaLJqWdF2vBMdZbZXpbujKpsd1RRnVmZ6YbqLCfU5jpjX44T9uV50L4rbl048JfcOMsxqq3dj00bt2KQnDwGyg7BIJIsmeb+MrIYPGAk9I0cUJizDzmZFXCzo3vF3g/+HmFCdjsp2FcAepBPFP729ds3KOnpQ0RWji/Q0p25b2oZdOcOvI8wBWyv3ugsxspewnZvts/GrLNZ5kTQpZcIJMV7Y5z8QCyaMhKLSfPGDeUZ7fPHDcDCsf1x7qTQX/75wytyW1eEMHtrFvqrR5c6OPTLHMxv2sLpDOzkxBmw35MT//j8Jj69vIkPL1qdOtdP6L/5J6B3bCT8C9Rbnfrz+0wX8PHtE36Om9et4EAfSEAfQjDnTl26O4GcboI+ohziI2UJ6P3EaFuAPdtnY7RHyUoiNSHmX764b2+e4VauJ64nkDtPd8CzAi+8Lg/Bx8MJ+NaYjeYLxWg6m4+W0yzUTu78VD5QnwqU++C77Xw06cjjk+EUtPhvRUu2ObCfXPpBbzR5zUWLlTRJihx6T3xTo8rS5B94e6APTmdI4aDFKDwNM8fLZA88T3TGezqHplPpeFMdge+X8/D1Ui6abh3Hl3MHfzlf1uj6+PYpntG1OXGoALvzQukHakvAJpEjDw62gl+ABYJCbMlJOSAk3BF+QdZ03JoclTtXfKw7omMI4nEeiI33JGflhbgkb6qUGcD9kJJGLpyUnu6PrMxAZGcG4dD+XFw7W4s7F/fjxa0GvLhRh+fX6/Dy9gm8fXgeb6gB9uOLMIUvd+emG9vF4N7m2Nv7zzv0ofMlVdkkNLqrYaGxHKZqS2DE5nXf+jv01k6Cxsox2Ll4GJTmDOZj0nfOHAjlWYPImcsR1GX5euks/L6TAX2uAHStJcOgvXQ4lw65cr0lI6CzfCT0COYGG8mFk7tiAGdTzRpuncFlsG0Gwfx33odflp8oqCBJUFEK9u5OI6WjrDCdKsg0KjNQXpyF8pIcHl6v3JuH/xd/JWW10NKzhIqyBkFdCeoahpg01wIjprpi9GQn2KxZjioCermyBPZpSKJWVQxH1HqgUbM7rup0wyPdTnih83fSP/BY8zfcpXv1plJnnN/aFVnLRPG7rDx6iExCp87DMXrMCiirWcLDm80CxxLlWMZ7Nt07WUjPKiKo59G9IwA9Myuf7p18Ano+KvZWo6xqP8JT4mDmbwxtzx1Qcl8P70xXVB+rwuET9ag5fhDFdaUoOpKHkiMFKK8vQyU57qqGcipLUXm0DHsbikm76XkFKCLtqStCRf1e7GuoQu2xatx6cIMnndUfPYa6hqM4Ut+Aw3X1OHSkjnQEBw8f+Q+vJ2sIePn5w9s/AD4k/wByXkEBiAx0Q5yLNjn05bDZNhvGG2ZRA3EqdjKgzxvLXboNAT3Wz04I0T57hfXWoZis5YgZGo5YquOBVbt8sM4qAtvdM6EVVgtjArhZxmmYE7xNUi/DOPUidpErN8lshEX2KThmNyK0uBH5+89gz/5j2L23DPGJkfBxNYK1zlqYqqyHkaI61BR0obZOC1vWboHC8vlYvnAKFDctg7+XFZIS6Dcd74S8FCckkUuPDjOmutADH96/FT6vTyDcvfzh5MES33x5hntblrujVyCcvIPg7BMMF64QAeg3MnD9oAEu1+jj3F5y5jlKBPNNKI1aibyAZcj0XoQk53lIcJiPeLt5CLRagFEDZfi4cxlJSUiQ4exDpaSYKAZK9cYogvxI4lefXj0hLiFCjr07hg+VgfaOJfC03IFoL30kB+1CDjVGCqKMURxvhr3JVihNtERZkiC2f/PcXwP5hw8fUZSXD6Ut2zB14jTIEcQHkAbKDsWg/kMh13cA5AjoQwcMw05VI6Qml6Aov5a7cB9Hf+7OAzwj2kPvDObcoQsh1B/QMDBEF/rgnSXY2HMpgrsMz2bvQtsM4n8XIZiL9kInUVEO9n/QBWH6uwiVPXsS1HtBSkqSt3qmjxzEZ5BjC7cYq2/tMBf7Azx/+DMxjYfb22aBa4U6D7c/FWDO+8AZ2FvD6h+e3+Aw//TyFj6+JJdO+wzy79pg/uRy+3j1juD+BeaPO8Cc/ueLh5f43O/P+RSxF8mJCjfflj9WcqgzoLNQ+2BJER52HyEryvvLRw8geMv1bgU5qb+QHBcfFfLvoypN3/H65F48zffA670h+HAgCV/rM/HtVA658xye/NZ8Mhs4liPAvDYKH8O08FVPHi1Gg9Gyayha7KeiKXQVWkqMyambotlrOpFNFrDvhxYHKTRbiOGTdld8ihDB9TAZXKDGwMtIS7yId8TrTG98KWMLrRzG90fnfjk3NqXt88fX+XC+J7dO4u6lAzh+IB+7c0MRG+3M3XYUOfGwcHuemR4QwkpHBBPIQ+h4KDlxNm48hB5LTvBGUqIPEqiMS/CiioEgnuQjuPIUX6SmBiCNXHhaRgBXdk4I6uh/nTm2Fw/IjT8neD+9UY9XVL65ewav713Aa2oEvnpA3y+VX94+awe6I5t8w3wzL9ug7miyEU4kZ9NNv0DdkaDuZLAO9noKsNJaCTO2/KrqQhhuJ+hunIayzGjsTg9HUXIodieFYHdiCIpIhQnBKIwPQkFcAFdhQhA9Hozi5BCU0vOvnzvx34TQZrppvgJNH3iCEH7Qvfn9JfD1MfDpHlo+3KQW8l16nN2zTULcjquZ32v89e3H/lUtLT/w5ctHfP/+nTsFBiimf/d3/cYd7C3fh+I9pdizpwxle6uQnF6B8MRDCI+pRV5iDm4WB+JmkS9u7/HFvWJvPNrjheclHnhb6oZPZa74VMrkhv/f/th1YTNxsbqSXa9vZIS+fPmCz58/49OnT9ytf/jwgScyvX37Fm/evMHr16/x8uVLvHjxAs+fP8fTp0/x5MkTfpwPewsMokZwMFdAcAiCgkMRFBqMyGD6zbjqwFd3Ocw2TIP+2mnQXTMVKkvHYuuckVBeORU3rpzn71F9tBETlawxWsUJMwz8sdM1HQaBpdAkqfgWwyBiP0zIlVvmnIZ1NrnwrGuwyLwMk4yzMM06BYusk3DMPIXwolPIqTqGospDKNhThPTUKEQG2MDNfCt2Kc2H8oY5MFDeAQ1y6WprtLB95TZsXr0aO7evg5mFHoIjghCREAYPTyNE+esiI84cSdHWBHZ3AlEiXbfvuH//Ibz9guHB1khnU8G2LpvKxp57+IfDMyACHoER8GSibR5yv7cXV2r1uDOvz91KMF9PMFfgMM/wJGfusRSJzgsRZ7cA0RazEGy+EFNHyGDEYBmCowwHulRvMa6BklRHk0sfReZTToytod4dYj16QoLq9/kz5WGithDe1lsQ7q6OVH995IQZoCDaCLtjTbCHwH6kJBwvHt/8a/3jDx7C3y8QGxQ2UGNoKZaRFs1dCPkhIzGQHDp36f2HoT8Bvb+0LJWDsWqNIqJj81GYWws/cuR2xo4I9GRjz8O5Qw8kuAd5R5GiBaC33bD6pqZ8IhkuNlMcXYzO4uJUigmZ771E8feePTjAGdwZ0P9Hj+4c6ux4Z3q8Bz2vH7WExg8ZgOSosNaJYr7i5ZNr3O09fyhA9FUHoAtjxRlkr/7MaOcu/Wcf+jty4h9f3MRnBvMXBHbaZvvvXzD3fo1nuPP+8yeX/tSRdwT8yw4RAcGhn+cwf8amhyVoNP34xs97KDnuoWyIWh9xnvjG3Xg/lvEuhNzHDiSwy4lzjRssjahQ//+tL/Xbk+v4cDgFn+rS8fVYFr4ez0DziUxBfHa4VLTsi8K3bBfc0l6A59tk8cN8EJqtBqPJkeDuPxXNIauBwKWA7TC0WMsIIXcbArojyaYXWsxE8UZNCnctluNxdgi+nTmEpmcdhpM1/cCrZ3dx/ewBnNqfgWNVibh0vBR3LhxGY91ucoZRiCFYx0Q4IZZN7kKwDg6zQ2AouXMOcicB5FEuVJmz1bM8EEk/3ohIFyQTzDPTg5Cc5IukZH8kpwSSI/dHKoM4KSMrhFxVKHJzw7GvOguNDSV4fKOBVI8nN4/izf1z9N3ewtd3z/Dl3XN8ef+SJ0+y8ivTB6FCvH3zIvZX5eFAq/ZX5qK2Mvf/dlXfqn9z7MdHfHt8Ep9ulePDld14cSIZTw9H4sPZJHy/X4TmF+VUa1WQyoBXe4AXdP4vMoB7AcBNd7Rcc0TTNVfgTjDwMAZ4nIAWKlvuRuLHzTB8vxKA77fi8eNeFlpeHSbQ38STI6looEpIgPx/P+japp1ksGOg+/r1azvsGOiY3r9//wvsXr16xUHH9OzZMw66x48fcz18+JDrwYMHuHfvHh9PfefOHdy+fRs3b97E1atXceHCBTQ2NuL48eOoq6vjK4cdOLAflZWVKCsrQ3FxMfLz85GZmUkNyFQkJiUiNi4OUVHRCAsLQ2BgIHx9feHp6QkXF2c4ODjA2sYGZmZmMDY2hr6BPrS0tKCppQ1lZWUoKSnxseUbN23Ehg0bsHbdWqzfsBGqqhpYuWIlFi5aiPnz52P27NmYM3ceZs6ajSlTpmDCxAkYM2YMRo4ciWHDhmEoSUdHh1+7wNAwrqCwcPpNhfOcgdCIcESE+iHOTR+BBqtgsel3aK2cAD2FaVBfNgHuxsq4fPYkf713VCz6LliDodsMMc3AF/oRlQgvu4yE/Xfgu/sCTOPrYJZ4HHY552Gbexb2eddgk3sVdgR26/QTsMo8CdvkOvgkVyMhvxzZhcXIzKbrRWBOCHVCgJM2zLRWQ3nTHGxfPw9a29fCYLsuNSg0oLxaGaobdsDayhI+IX6IzcpEQm4WbFz0YaC9iICjTPWHLaLYnPyB7ti/T5gRrf7ocfgFhlFjJlRYYS4gjJc+wdHwDYnhU9T6hsXybT7x1NPjuFCpg4Y8VRzI2ILy+HUoCluNTJ9FSHFbhATHRYizX4RIq7kIN5uFUIu50Fw/ARPlpQSoy8lAVkaSHK8UcUkSI6QlMVaiN4aTZIhb4sSy3hJUpw/uBUWFsXwxpEBHJSR6ayM9UIecuh4fd/7i0Y2/9Du5cO4CzIzNMaD/EK5li5djRauWzF+MUcPHQq7fYPSVlkNfmQHUGBmEATL9MaDfEMyZsxIBQckoyN2H2MhMuDl4c5j7u4fBn4Hdk1y6VxTX3/75H5tY2aAThzcLrYu3Ar03nx72N1ExDu/fWgEuwL0HfuspOHX+WA9RdCM3X18nZHt/ev+KHPAVguUlwQU/uNSaYc6AfoXKy+1wf01A/zlsTQijM0gzmH9gAGfunPehCzBn+0zvn18XwvKtw9be/Emo/U27Q7/8L332Lx4I7vwpW5WNzvHVkxu8Qj5xtJ73jY+UleB940N5EpwYQV6EZ/OPkmMJceIYM1AK4YHe/2cV4bdP+HqxgoCeQkrHD1LTsVQ0HU3Bj0PR+FrgjoeuyrhHTvPKEmn8MBlEDnwEmmyHo8V7Alo8xgAWcmix7E8w70vb4oA1Qd1BAs3WIuTeffC9wOfX4WQvHuHCqVrUVaehIseHry9cWxyBc3UFPIR0kkC+myDLHHlUpBPCIxyo8nNAaKgjgkIcqOJxIpA7U2ucQdyDRABnYXXuwn2QRACPjfVEdLQbMgjoGekhSE0LIhcejLTMEKSTMrNDkZ0bgYrSVJypK8Xj60fx+OYxPLregGe3TvLlcf/7oNvyJ661bb+pQ9nc4bHmDsc6lj/+zfFm7qZbXp/HtxsZeH+M3OlhZ7w5ZI8XtTZ4c9gNH4774fV+BzytNMXjPfp4WWWEd/UW+HqJAP4gFHiaQFBPA54nkah8lQe8KwXeFgMvaft5JikHLU8z0XIvjhSD5ttBaLkVgC+n7XHOZzFuFJri2wuhm4u5xJp9+1BRWYHS0lLs3l2EgoJ8ZGVlcdglJyfT9xbL50IPCQlBQEAAfHx84OrmCmdnAXZWVlYwpQa/oaEh9PT0oKGpCVU1NQ46NhPalq1bsXHjRj6xioKCAlauXMlnTFu8eDEWLVqEBQsXYtasWZgx43dMnToVEydOxLhx4zBq9CgMHzEcQ4cOxaBBgyAnJ4d+/fpBRkYGkpKS6E3OSqSXCLr36IEuXbqgU+dO6NSpEzp37ixst6p7924YNFAOIsxYdOnMn/vLc9hrOtHxrl3RtVtXXgqPd+Yle36b+HF6frdu3dGjpwjf/uV92HlQ2YPc3cRJ0zBk0BB6TSfhveixbnSuPUVE29+HLVcqlMJz2DVifyERkQiNjGovwyOi+MpxkeR2Y10N4Ku9FLbbZsFg3TQY/jEDgTa6wjTAr15inepOiE2YArk12zFewxFbXNIQu+8Kqi6/QeXFN0g7fBuuuWz4WQOB/DycCi/Dseg6XKh0zjkD+yxy7LH7YReUDo+QWHKAschIikVaXCiSQl0Q6moI+13boLptEXZuWQTNHQrQVloDCx0tqP+hA7W1OlD5Qw0uDl6ITM1EYn4R4jOzYWZrgMVL5Knx8zuc2YprIb7w9/dAgL8rNcKEmR5z83cjICQS/qHR8CP5h8UgMCJeUGQ8AiLjaDsODx49xsdXV8mdq+NIthKqyJ3vjliB3IClSPdciASneYhlztxmPsItZpPmINhsGkyVJkO+b0+MGCKDoUP6ESilyOlKom8faarDpTBFRhpjJQnqxDVZMq/9+kli8ti+UFOYCOMd8+FuthHhTjtx+kjxX+4fryyvxJYNWzFu+HiMHz6Bh9X7EbCXLV6JVUtXEdBXcKBPnTid7t9hkCPYS0v153BnIXe5PgOoQTgNbh4RyMupRkRICqxNHOHrFgpfArqfB0HdI4LDnIH9b392IjYOjgRwAeLMnbP+8k4Ec0GiBHDBpf+DA7wH19/Jqf8POr6EfshtY2PfvXxIgLzIxUAu9FULLr3jNKxt2e2vHv8KYh56Z1ntz1sdOe87Z3C/IYTcO0D9HYf61XZn31H/rv+8bfgaC7kLS6xeaNVFvH8t9KeHBfhgWGsy3FCe3S6GYeTcWX85m1RmhKwYXViH//SX3vTgDL4eTca3+iR8PRiHLzUR+Mxg7r4DD6y24jbdXCeXDMCjbRKA0xg02xHUHYeh2ZOcudNAcu39yJnLCpnvNX6/9tNQY+ra+QbU12QiP8EJGREWKE51RU2hP6rzg3HmUD5unK3GSSozU3wQGmJNskFIsDWCSIHBbBIYWwQSzAPD7TnIQ6PcEBbtykHOXHl8sh8SUwKQkhpArjwYKckBcHQyQkS4K73eEXHxfgT1YHLogeTKw7G7MB5nj1fh5sUG3LvSQCA/TkA/iad3T/Pv4cuHl38C4Y5wbf6T/f9d/fiTY/8M5T97vOnfPN7hPL6/QdPba/R9luPzhTh8IJC/rDbB0z3aeFljhk+NQeSm40kJ+HY+DB+PeeL1QVs8LdXFg5yduJuzHU92q+L9ESt8v0lQf0VO/QO59/fk3j/UkKoI6rT/oZJKOvaWAP+6kJ5XQHAnR/8kGc03/ek91FHntgBH4xXwcJ8AgKqqKoiJSxGcehCEuqFnTwacHhCh368IlT17dkfXrgxmnbmEbQGeDFBdu/dsB1LnVgB26tIGw7bnCvD67bffBLVCjJVsv1u3HgTdHu1QbH+8w/NZ2XbsJwA7/Xwef12nn491ansv4XkDBw7EmFFj6DP26PDYb+0gbTvGzrcbNQC6d2efu+tPmNPn7kb73bp148d7UR3I1g9v/8ydOrefU9txSWkZTJk0GT3ovTp3aBz0pIZAl1bwdxR7fNUqoY6MiInlCo+O4WV0TBwHa3R0GKLdDOChPhfGBBmjP6ajuiBFcHqXL2D0jHGQHDMcgxYrYLSSNeYYhxO4q1HU+AjH7nxC/dU32H38LsJLzsIs7gDME4/ApeAinPNIOWfhVnAJzimHYeUTD0tHD3h7eSA2PBApUfQ7jvBEiJsJLPW38v7zXTqboKu2DiZ6irAw3AkrIzUYqRpAaY0elBQ0YGxki5jkbESnZyEgOhpaepqYNGUwps0YAv1dOwjo1PAP90VggDtiovzx4oWwjkZuUSmHdhABPDgqASHRiVzB0QkIjIrnx4+eaMS3Ty9wrFAZ+9O2oyLuD+wOXYZsX3Ln7vMR7zgfMbYLEWE5ByGmMxBiMg1Bhr/DXWMyZrnmXvgAAIAASURBVI2SwrBB4gRyUQzq3wcykmKQFOsFaVGW7NwbA6XEIE37faicMqIvlFYMgbrCaGisnYDq4vS/BPL3794jPjYBM6fNoveXRR9JWYwcPAqjB48mxz0YYr0kMWvaHKxZrkBQX01QX4mZ0+dAfugoDBgwFFKS/cjFy2Mwc+l9+mOY/FjYOwcgJ6sSmallcLf3ga9zIAe6j3so/NzJrXsI+tu/OylHV1chEU5UrD0Z7rdeAtz/wSAuQi1XOt6Zys78cRG4eQsutenHV4LldYL3ZQLlZR5qf8bd+RXSZTouhN1/9qVf5UPH/jlUzhw6A3V7qP3VrXaAc3Gg/zzGQM/62d92ADvPfG/rS3985V/cuTAlbBvQz+PZ3Qt4cvc815ePb/jn2bFpDYYQzEf0leATzIyUY65cAmMHScPb2f6v+8f3z/DtWDa+7IvAh3w33HNTwX3rjbhnvRV3Ddehce1YHJ/VE99MRwJ2BHPbwWhJ3omWI1Tx325of5/v377g8b0raKzbg7Icf6RHWiAj3AwFCfY8c7O2MAjHqlNxob4IVxorcXR/LpJjneHrY0SOzAh+fubw87eAXyCDub0AcubKI4TwOgutR8R6cJBHJ3iTK/dDUgpVBGmByMgIQWFBDAHcBwuWzMe8BfOxcOkiKKlvh4m5Ljy97ODgaIG0lDjUVhTg7NEq3L1yDI/vnOPX/tn9c/T9XMOXd09/9h//4qD/K4De9J98XfOfw7zpE5o/3EbLs8P4fisH3wjWnxv98f6oGz4ed8PXs8H4fjkGP64noukqgZy2v52PxOdT/nhLjv1ltSleVhrgQ70DPh11wZsD1nhWpksywKNSHXw86YTPV4LRzELxHw8Cn0gf9wtAf7NbcOxvywTQv6HyYSLu5SrjgP88nMr8A69P2QpTf+4/AHEJKQ5uUarQelNFJi4uCglxMXLAohzw7e60Feo/IUZOlK3G2BHorS6285+42o4w/q0DUNnjPci1didX2xGuv8C7XX927D9WLzIfc+YswNSpMyAmKvav0O/wvp15w4W59e4d4E4gJ5gzoDOHzdx5t3Yn3+mn46Ztsd7ivOEgISGBKRMnoidttz3OSvY52Xv9vG7UkKDj3ej/rlm5nH8ve8rKEB2fgKi4eMRQGRefyBUfF4k4bzN4aCyC/oqxuHZOCLEnZiRBZpQcpMcOg/ziZRi9RR/TDH2x1DYOpvFVKDn9CCdvvcWxa29QSnBPq7kGh4RaGIaVwzqNJb5dhkfhJfjn1MONnJ6NnQu8nGwRGeSNpHBvJIa6IcDFBK42unCz00dRRjgs9LYjxMcWxbnxyEmPhKeLKdztrKCzwxDqW/SgpWQMT+9QhMalIjwxETaONnzJ2HHjB0JLextCQz050AMC3BAe6oWkhFB8+vSBu28G8n8FeiKCOgC9paUJ9Xk7UZ20GSWRa5AftAgZXguQ6DyH3PlcRFvPQZj5TASbzCLNQaDxVDiq/Y7J8hIERFH07yPOM9zFe7G+dCmSJKSIVxJ0r4iLdYc8GTKVlcMRbK+E0qyIv1SPP3r0CM5OrhhEUJZhC5kxSfQlyUJ+wDCMHjoa8nLDISXRD9OmzMLalX+0Q33+nEUYPGQE+ssNRd++A3l/+kCC/9AB8hg9agqUlA2RkVaCtOQSOFl70nfkDV+XYPi6hsCP3DoLvwf8r4DO/ly9fAno5NR7ifH+cxZ6/02UlaLo3Jt+MHTD/0at93/Qj4FldvLkqk+vCZJXObQFR07wvn+5df8Kh3zbPgu3v2gNvb/qkBjHJ5hpHVfOkt7aEuE+cIjf4BD//ELQp1aYf+oIdoI6C8H/mUP/5+x3nhjHQu7kyhnQn949hye8vMidelt/+pgBMhjZT1IYotafOXZRailZ/tdFhb9/xeeTxXjir4k7Nutxz2od7lhtwS0jBZza8jsumiri424C+L1THZYX/YHHD2/hKV1XNivR0aoEHCwOR2mGJ/ZmeVLpjtI0d1Tl+mBvti/O1Rfi0vFy1O3LQYC/OezsNeDirg93LyPSLpIZfAJt4MdcOQe5C1dYtDsXg3lIpBu8AxwQHM6GoXmR8w7mYfXcnEgU746HjY0hREQlISEjiwFD5DF5xjRs2bEZsxcuxLDRo9FXbgDkR4yEib4abl+ox6NbZ+laty2DexWf3j7+N0Bv+S+E8X8S4KxB0PIdLZ8foOlFPZrusFECsfhyLhyfzwXhMwH864UwAncsmm4louV2GoE8Hj+uRHNX/vUMPeeUH74Q9D82OHF9afTEt0YvfDrmjPeHbQnwhnhSrMld+5mABbgcvpT21fCuwQbfrgWj6WG6APSPta1uvVJw8K9L8PWcFxrDluPG7h24XaWKbzc8gG+PUV/fAFH67YqKinCIS0n2hjTLApaWIDCJtrvUNoh37gBc7mgJel26dmuH1S/PJ0B1b3Wnnf7JQf/iummbvYekVF8O0bZw979C989d+H+o1vOWlJLG/IXLsXz5WgwfMYYaK6I//0/nX9Xx8zJ3zs6LRRHY5+nWCnqmtoZLm3Pn2z26k5vqj6mTxmPo4AHC+3Tq3H5NWEi/G70Pe25X2hfp1gUi3btyKSxfzO/wxsbT7RDnIE9IQkJiMjWU4xAX6oHsMEdcP38SX75+gYW9GUTJccqMH47B5OhGb9bCdANXzLEIxnzTUOgEFyCv7joOX36KqnMPsfv0Q6TX3YVnVj3UfHJhEF4B/4JGxBXXIzAmEw52TnCxMkckm8gmzA/R/o5wsdAiUOghMcobByoyUZgSiuyEYFw8dQA3Lx9FbU0uYiLcEeBJjX13H4T7xsLeyg+Gxi5UZ8QiLj0HQRGhWLlyCUaNGAhFxTUIDHJFZCQ59EA3culuZB4ckZ2TLCSItUI9NCbpF7WBvuGEEKI/VqyPmuRN2BOpgLzAZQT0pUhyXoQ4Anqk5QwC+gwEG89EoNFs+BjMxNYlQ8mA9cLAPr0xSLYvpMSlCd5SkCCgS5IhZRPOSJBZlejVBds3rcC1C8f/UtXNvkdVFQ36H9L0/fZGz+6ikOwtQ0DvC2kCurRkXwzqPwSj5MdwsMuQax9A4FZYtQFrVqzDyqUKWLJoDcaOmUZ140QMHDQaQ4aMx8Sx0zBl/HRs2aAEM2NHxIdnIiWhAN6uwfB09IW/UzD8/gnqf/uPTpaNs+wiJsGHqv2DXDiTkBDHhquJYsnK1e0hdjbsi/WDv+ShbAZKgvjDKzzRTHDmbaUQem/rR/8Zahe2XzPH/lgYusbHnXcA+oeXrUAntYXhmVNnj7dJSJa7wZPl2hz6n2W8c6A/YOukX+Dh3qetLv3pHebSL+Lx7fN4/ug6T/w50VDP+9G5Q5eVgK2J4X9LktHHE1W477gJd8wV8KYyF6/2/hr+efbsIY4drUFWZhh8vA3g5qyBqBALFKb7oqEqBRePFuFSQyHOHc7CiapE1JfF48zhPJw/WooGBnIfM1haKcPRRRdOJFcPQ7h4GMHJ3Qhu3qYEdGsEhNojKNyZ4O0qwDzKAxYE6hUKKzBt5u+YNHUSZs2ZgW071sHZ1ZwqIT8UENDj4wIwaPBQdGerHEnKYNCwkVi0YgkUNilgxdq1GCA/HLKD5CHZtz/EqWLftH41Lp89Qi6drWV/le6F6/jw5uk/hdyb/xdh95b/CxBv4RDHlwdoeX0CLfcL0XQzDV+vRuPL+RCu7wTs5puJ+H49Hs2kH9cI6DcSqIzH90th1FBzIxdujy8nPfC10Y/kj68nvfH1lBe+nval4+4Ec0u8qTbE83I9PCeH/qRIA3fTFfE4TwUPM7fjfvomPMrZgSd5Snh/0JwaDQH48TiDQE4u/U0Rmu/E4XLkOpyLUsDLM254d8kHeEr3zpcrPHFMVIxVYqJUuUgQyCUhKSkOkV49OaB+dd2d/wXOnbsQnHqI8H0hpNwG9C7tMGwDdEeA/1lonIX+xVjCbadO/9Jw+D/Vbx3C8h3fqyc5sPETp2LrdnVs3KSMSVNmog/dc8xxtznwbgRutt9DpBe6s+PU2OjS2vfO4c7cO8GXlx3C8MyVS8tIY8LY0Zg3azpGDhtMwP6T0Dq9F+tjZ6/p2a0rJES6Q7QHUzf8T97eOqyqtO37f/6Ye8bujrFz7O5ux+6usVsQpbs7lO5GBZQSJASku7u7JQSxvu95XRsQHWfueX7ze1+O4zzW2msHG/ba63N+z7q2bljLz/D4+AQOcAHEO8yCzNICXh6C/G1JaTFWb1mGfr/2x/DZDOabMf3AWSy9REr4lhyW3lTEZhF9XNNxhalvEp5E5uBZeBbcYotgG1kCeZdwHJEwwDkZQxi6+MH+uS/0tPUhefcOlMTuQZ+tMy8nCqHrpyF07QSe2j9GQpQvSrPikBDohap8JnZSkBz3Cq8I8paPNWCmrwJvVycEeAfAzS0IOqau0CPQmNk7w8DUkP7nuzFr5kTs2bMB6hqSMDLWIKDLQlFFCnJKElBSlUJktCCy+OyFN/SMLb+xTqC7uAsK6RJeScPf6rAA6FpbYae8hYC+HkaiK6B7byl07y6D1u0lUL02D6rXF+HUjumYOKoPxg4bgOGsRW2YAKpDBjGgDyQbQI6FCkJDg//VtdrL0wtbt+xE394D0atnf259eg4goA/AwH5DyZEYyY1BfdSwMZg6YToH+qjhYzFi6FisW7Md69ftwLbNe7Fl0y5s3rwHW7bsw8Vzt3DjkjCUZbSgKK3Bgc1y5iq0lRFXhpyoEoSvk/CS0oSatCZUCOpqDOpk//NP3jirwGT5cpYj54VvHUCXU1IS5Aya3iKZLswVhWwFtCwCZRbBWqC6a8oyvoG4oJpckFOvKeuoOO+qeM/g1lDG1DWDcRYvePtGgTN4dwC8tSa3Wxtbh1Kv+/o41qPeWVjX0A3s3/ahpwmAXvw1j85D7qTOywuSyVLwtraM/536mmqYNnoIbl86zwse/l/8NDU1IIU8SDc3S/pSPIS0zGXIyFyCnNxlbjIczORZ8+N/QEfjLuxM5RH+yhr58X4oSAokRe4IPa2HkBD/AxJSl7hJy16FtNw1SMhcg7jsDUjKMbsJSfnbBHUB0JXUHuLilRPYc2AX5i1ejJnz52LdxjU4cmgHzp7ej5mzpmPC1GlYumIZzl85j+2792A4mzJIQO9LHvGYX8fj+OnDuCdyE4eOHcSCpcswZgKd0OMmYPCIMRg2aiwMdFXRUJmLejK2fVvbXaH/Xdj9n8D4n4bpf1As9/kd0FpMsCSIl3vhU74jwfkx2lP18SHTBB+yzPCFwP6ZVPiXPEt8yiaIZ9D98WpoCn6Iet/bqHh2lhyyK2ghmL+PVUFbrALaEzRIlSuh5Y0YGoOF6bH30BIqjIY3oviY+ojUvDE5CGTpBmiLZ/BXwdtgEZQ7nkSe6W4U2xxGtfsl5FkfRY7xPpS6kJq3O48M3T2IlV6LbL0DyLU9hRo/IbTS+/n8LhMxMTG8uIyH2Af05fnzX7rnjruFzLtC5T99Vdfsvp69+nRB/5ce3YH+Cwf894qbw/YH4XT22N59+v0zmHcrRPs+p/6fLufilz9HB34WAHX4qNFYtnoDjp26jIuXhXH8xBWsW78DM2bOI8CP5VELVmzHwuN9SJx0KWr29/UUFM/x8Hsf1rM8GBMnTMCSBfOwbtVSUk/TMHjwQPTt25c/pus9kTFF3p+cgX7kKPSh12RA701Kvw8BfQBdPzeuWSUAVWIiLKwsYcGq8K1tuqy8UlC/ExQahEnzJmLAuIEYOXc6pmzZjukHT2Le6ZtYfP4+Fl14iA3Cajij6QgRs5fQfxEPl/A8uEcV4llMCS+SEzH2wN4b0th/SQRiKjp4ZGgIVQUJiN0+T1A/B1HaniPH/MTR7VCSvYfS4jTU1xSgsTwP70vz8LYonS8/nZ4YgLiwl3jt9QRxwV6k2gMQExqAAP9g2Dzxhd2LYFg4OcPO2RryciLYtH4hjh3bRkCXwGNDNdrKQUlFDuraWtAx0IGhmSHy8vO6oM6UOYM5D7t3AJ0ZX8ky8hH8rQ/Dx+QQXwvdUXU7r3A3kVwFQ9G1BPUV0Ly1BOo3FkP1ykLIXpyPjYvHYNzI/hg7ZjCvbmdDZdiwGXVVlX/XP97UDCNDY8yds4g+0wHo1aMfevfoz/d79xJs+xDgO4HOHAlmo4aMxtRx0zB14gyMGzOJID8ah/adgtBNMcg9VILUfTlIPVTgJi2qDFmCtvQDBcjQfQ9uiOL62VsQviKC6/TZS9yWhryIMlQlNAjqBHxpLQK7Nlfs//NP/5BHRkaCIjg6uVnuvDPE/vl9M5ztzOHuZof4mECeM6+vyCHLFlStc2inC9R6Zy6dWSlT8YLjgvGvGfzxghXWWBsawZgZGxzDcuM13fPmgmp3BnYedv+u6r0r9E72lofeu+XTO/PnZV/74VnIneXOmTqvKGDh9hS+ZUAvJZVempuEdx2tUo/0NHkf6v+tnw/t71GQl47Xge6wtVKHpvodqKvdhqrqXSgr34a84k2yG5BTuCYAsvQVgjIpbQZoBnepi5Ak1S4hdgb66iLQUbuPBw/P49L1o7j74CzEpehxsuy51yEqcxUPpK5DWOIqTv5xBBt3bsKKNcuwZMUirFq7FGvWrcJvc+Zg1vxFmD53IY4fPwhTA2XyHG/hxOHdWLBwHsZOHI/ho8dhxPhJWLxqA0aMm4Ke/QajD0F9LIF77YbVuHbzD5w8dxyXb1zGwWOHMGPuXAylC+qQEWMhLHQH1eTAvWUXEbLWptp/CPQv/wX2/wTo37abfWHV6a1F+FL7BqjwIjX+lFS2GcHVEO+TtQjoBgRvAniuFT7R9nOeFZklPqY/Rku4JGo9r6DW4xIB9wLe+t9DY6Awar0v4e2rW2gKukeqXBbNpMRrvC6g4ulxVHtcILgr4DMDb5YhPmWZkD2i36ePj9lG5CDoC8L1CZqofSWGYqsTyDfci1TVTUhVXI901S3I1t6GPL1diLi/APEyq5AgsRKxEssQK7mCbq9GSZAJEhLiCTo9vikA6x5u7oLrT38N105l/i3Qv+bRfxSq/ytjKrmzUvyvwvzfVLL/COidz/mb38kdEfq7hw4bjllzFmLrzr04cfIyrlwVweUr9/lgnKNHz2DfnkOkkHZgyZI1PHfOIhgzp03DkoWLsGHtWuzeth1b16/DskXzMGncaAwaSBfu3oKCOhae70/ihkGcWe8eApgPIUU+gARQPwL+MNofRNaXntOv3wCsXb2an29JyUmwtrWBla0tLGwEVlEpiFCpG2ihN4G8/8TRmLBsFRYdOoEFp69g3tmrmHX8MuYev42NN5VwTtMJwjb+ELMJhM6zeFi+yoF5YC50CO4SRu4490AZ249dxFo2CObYMZy7cAYXzuzH0f1rcWDnSmxetxgH927BjctH8NLLDs0tlQStarp+lqK5LAdNdK0sL0hAeWEs8lJDUJIegZK0cNqGIi/pNYE9AkmxiQgMCsOz5x7w930Krycm0FK8S+LiIazNNQiAmtDSUoG2LmtftYG1vRMB3QwGxsZ4+1ZQp/R3QC9Je4oQxxPwNTsCj8f78ERrJ6n0zbCQWUtAXwM9oRWk0JdC7dpSqF5eBtlL8yB2fi5uHJmGm0founVoD4Fc9V90yIC3U0pJyZKDMKFLjXPrITCmyvv2HsDD7X1o26/3IAwZOEIQcud59FGYNHoyV+m/jhqPwQOH49ypqxAXloPkfXmIC8ng7jUR3LsujIv0+d4+f5e2VyB2UxyStyWgRJBXI4CripNJaH41SVLpklrc/ldAZz8m5ubYtGPH1z+0vRlEUzSWZuLRYx34vXyGjKQw1BKQ6yuzeZGTQLEL2tPYiNUanktP4/tcsbNjpZ0V7wRees7b8myuzhvJMWjsgDorjmvuADfLkX8bZs/9eh+Df8dtts+q5DtD7w3fqfPO9jnWi84cDUEOXaDKWbShjAE9L5EDvSw/BR8/tP9f6OP9jOrqUiTGBcPD3QzGbKyqjige6T6kLZn2Q+hpi0BX+wG0tR5AU+M+L1xTVhWCNKnpS9eOEywPkQrZi6Mn9uL23fMQF7sCYeHTEBO9gBu3jpE63onf92zFrr0bCfaXOcwfSFzBzfuXceTcMSxcuRqLVq7Bqg1bsWgpQXzubCxbsQJnz5zA2T/OYMPWTZCVFkFWehTe1hXR/yQOZnpSOLxvO8b+OgZjSJUPHDqCbCSHdK++g9Cr3yAMHDYScxbMgZjEXSipykBUSgRXbl3Chm1bMHnGbAwYMgISD+6ioSqPA72lvhitLd2r3H8UWv/yN21o/1TJf/n6Oz6REm8rw+fqEHwufYHPhU5kjqS4zQVqPP0RV+D8eL4dPhPMP+ZYkIo2wMcUXbTGKJACF0UrKezmEFE0vbqDOu+rBPY/0PDyOoH8DgH9Bqn1E6hyP85h/pag3p6sSa+vR6pcFx+SNfAhSQPtieq0VUd7EjmNiZr4TGBveSODIrMTSJFZjyKD3chS34By030o0t+OJMkFqHl2FUVG+xD9cAHyHu1BMan2EuNDSJRZgRiplSjyM+U92z+C+M8/qkz/qSP3/Z1KFwCyhyA0/R3QeVX8z7/8DVi/LX4ThLd/+VPl/Neism+f+z3suz/+p78I73fCvF+/PqTEBxCE6XwkhTZ85ChMnDINCxYvx+rVG7F5M303du3Hrj0H+KIzEyeR8h40EPPmzMKC+ayHfDrPkQ8hNS6A+NdcOgu1s+p2VmTYp9cvHOQDev+CQX0I6H168jA7C7uz/YFk/Xr35GH3JYsWCJZtTkmGrb0dN99XgrnnDU2NOCN0Hf2m/Yp+v03DeHI0Vp27hy235LHmuiQWnL2NeSevY901Kfyh4QQx22BIOIZB1ikCik6RUH4SA0nrUFxTd8IRevzOYxewduceLFm/HgtWrMKqVauxeuUizJk9EZMmj8HihbNw59YFeHk6oKKGxNOHGjQ1V9H1thDNlTmoo2t7Dan06sIYVOeGoTIjGBVpgShLDUBJSgDyYl8hJyYEkX4vEP/6BfKifVAQ60nHniM+2AVRga547f8crs8cYe9gCecnDrC0sYIBCUR1LXWYmj/mswtKyys41H8E9KqC1whzOY1XlkfgbbIXHoZ74KyxA9YKG2EqIWhbY1DXuLEcqtcXQ+HKIkidnwMz5bPIy4j5VyBPSEjA+fMX6TMeygHekxR5J8x7M+vRuf8V6Eyps+3gAcO7wu5DGdRJpY8aNpZXvQ8jW7tsC84dPo8Lxy7h8slruHbuBu4R1MUI7tJCspAl0Ms/UITSQxWoiKkLjIDeaZ1Q777/P//f/lZSqK1lBPMqDnRm5TkJeGSgiaCA58hOi+K93F+VehavZGdqvKajH70sP56gmciL0GpKO4e9sOlwmVyhC4bFZAugXikAs2BSXF5XH3pnqL0L4KwYjiDO4M9UPe9PZ1aV9XXO+4+K4jjQk7uK4srzkzjMy7g6T0QxQb0oO5G81EwO4H/700xqPy8nCW+C3eHsqA17K2XYWijB0kSOL2Zi8lhCsFqZviQM9STwWFecb/m+vgTBXRRaOmIQErmM1WtWYcGi+Zg7ZzZm00Vo6cqlWLdhPV2ktmP1+hVYsXopJkyeiiEE16HDRkBc8irEJC/j+NnDWL52Na7euoajpJ43/v47NmzfgfWbN2PxitXYuWsHlBQl4e3jCUVFKVSSk/WR4PeB7H1rJeoKouFsKI5Dv6/G5Inj+IVy2PBRGDRsNA+n9x4wBCNGj8XqDStx7QYrvpOk33kCF66dJ6BvxYgx4zBsxGiYG6rR55SPpvoiQXSmruS7L9WPgI2/AP3fAb3b4+n8/dxciM+Vofhc8hyfi5zxucAJH3IseVvZhwwjfMm3JYX+hFzz50DlC9p3wsdMI74C3btoRbRESJJyViUw65Jp4X28MlpJpb8NvId3BPd3dH9rmDjqvf9Anec51PtcwrtISXxI0eYK/EOSGtriWQheiUBOr5OgRgpeniv45hARNAXcR6X5aRTp7UGpwT5Umx9Gg+0R1DueRrnxbuRqbEam8kau1BnMQ+7MQKraOqTKr0GY0DykyW9CjORyVIXaICMjoys33j1M/dPfVJP/VWFaj44+7p+7tawxwP2dQv/5Pz9/kzPv7AH/elygvH/5UdTgB6D+kXL/Ue7+5x/0mHeaIB/eB/369+f1Bf37D+DGet579+3Tlf/+03M78+u07UX/h/7kMPRl3QMEcQbtIX17Yni/XmQ9MYy2feh1BpJSZ4/l/yt63lz6nvIWtNQUODg5EthT+O2cklIsO3UKI1evwKh16zD54GmsvCmLnQ/1sVdUD5tvKWHtNRlsF1LCFR0HyDiGQM6FQE4QV3KKhoZ7AuSdI3FLxwOH72ph9b4LWLRhFxasXo/fFi7GrLmLsGDhMsxfuBAzZ8/EdHIYHjy4g5yseDQ2luJdew1a2xvQ+raarq35/JrLVqusJ4VeTSAvS/BC3htnFBOs8yJcURjzApmhLkj0s0VmgA1yAkyR52+GghB7FMQ8Jdi/QFyIO4L8nsHP9xmpeHcEvvaAo5M19B9pQ1VLAeqasvDwfML/fgZ1BvNOoLO2NvbztioF4U9OI9j+JM+lM6i76++Co9oWWMiug7H4Gt66pnlzBdRuLEOIpwkKMmP+1TW6ra0VMdFx5AgOp893EAc5h3mHMZCzfHnvDoXOiuFYLp1BvXfPfhzog/oPxZBBI8gI7INHcKizYrmB/YfQ6w7DuFFTcPuyCEQJ3kyli96ThhgpdnHaZyF4WWF5yN1XguIDFYK6KjdlUbUusCt32yqLq/Pt/xrobTmsutefIF5AVtwB9Fq+TY8Nhb2tMcJCvVGYE8dVegOHehYPa5fnRKMkKwKxr1zw2skECQHPkJf8mhRfLM+rC1rLMnkOnYfbyzvC7hUCwDdVdfagf82lM4h3huQ5xLtbtQDu/MRkufSOoTP13VvWOoDOIgWsKI6Fl8rySZXnJXF1XpKbgOIcAnpWAgqzE1BbVfK/Pjna37ehrDQXSfFB8Pe1xQvXR3B7oodnzjpwcdCEE5tlzhYnsVCElZk8LExkOdjNjWVh+liGL37CjO+TGfLFUCRx8dIJrFmzFLt2r8fCxTMxfxFbbm8uFi9fjOkzp2P6jBmYP38Opk9jq1kNRp8Bg7F81SKc/uMolpEjsHLdGtx7eAfnr56DmNhtGGhKwtfDBgY6SjhF8L0rdAfxcTFIjAsnkDfhw+c2vP/YjHfN5agtikdVmj+KwxzgqC2EKePIAx05mufFh4z8laD+K0YRtCdOmYSNWzaR43ADuw7swf6j+7By9UpMnTYFGipy5NQl4C19RhVFKeR45fKJcN97yT/uS//yHfT/LizP7AO+kBL/Uh9JatsFn/Ps6Tx2INVN2xxrfMy2oC0pcTqG0mcEcU98IqX+noD9nqnmRDUCuSyaSI2z6vT3pKA/kIJvT1AneEugNUoK7XGKBPMHeE8wbwq4jYonxwnolwncSuQMMLWvQ+pbHW3RUmiLFKOtDN7HKuB9tDQag27Tc0V4xXvN08sE7SOodbiEOoczKDXdjxqz/ag0PYA83S0E8w2IvDMTybKrCejrEPNwMR3fiTTF1Yi6Pw9JsmsRK7EcnhemItvDADk5OX8uePsmv/1d7/hPP/1QZXf1pXeEzHkOvaP967+G3LsBmBfR8ed/myv/JnrwozD+z9+G4X9UWf9nmP8Z6N3TBLz3vFdvAnu/DqD34zn13n378gI41rvPcui9mfXuzXPmrM2P9++T2ma58X6kzAf2Zqq8F4f4MAZ1Uucj+jFV3ou3tDElz7bM+WFT49hPaloaHwnL88ivQ/Hb8fP4dc8xTDx4DnMviWDNAx3skLbCXikzHJQ2xlEZE5xSsMQ9Yy8oPg2DsnsUFNwiofIsCube6bB4lQkpq0CclbbG1nOymLN+PyYvWIUJM2dj/ORpGP3rBMycNQ/LVq3Bxq2boaamgOryPN7r3d5WQxCrwcfWBrQ1VNJ3kq63FSloIMe9KvUVSuPcURDuhOJQe+S9tkH2aztkvrJEuucjRD7VQISjLCLtRJDiqohs38fIJUeyINYd+Qm+yEp4hbTEAMTHvkRUhDsCXrrAydEMeuTMK6tLQEFOBMGvBRGKJ8+9vlHorNL9fUslYtzOI8z5LF7bHYOvORv/ugeudM47qG6FtfxmmJBSj/K1/Bejp77Qdfo9YsJj8FjDEB5unnxE76ZN2zjQu9Q5N4Ey59Z1vD/PnXeF3XsN4P3mDOAM6gKgj8BgArkgDD8Ko4ePg9B10Q6Iy9FWhsOdheGlhOQgI8ygrgiFB8oEdSUCujJX6xzuBHaBqXKTJ6Cz2/8Y6F8+vkdTpAMqzC6izlkInyui8OVdIYG8tEulM0uJDICjnSmiI15xlcuWPa0Oe4ocK0Uk64rAX+EOFHasg8S6lZDfsQEGBBcvAwXkRPuhlqBaXyZQ6V1Q7wQ7GzDDwN05Na6O5c4Fle+dAOfKnIXmOyDPZ8B3qHQedq8UgL37TPearnnuqXxKHFfoTJ3zUHsCSvISUJQjMAb03Kw4NDfW/v2wmE8fUVtdhsy0KISRCn/pYQHv5ybcvNxN4OH6mEPd/alBF9QdbdVgR0rdpgPqlqbMFEi1K8DcSI7D3MxQFkZGsjAh5W75SBK79m3FwoVzsGTJXOzduwWi9y/h0vkjOH58L1asYjnwldi5dTV2b12KAYPIy+w3CCNHj8K8RYsxefps7DuyF8fPn8L9+zcQ9dodDfQ/a3tfjZbGYmQkBsPF3oSAHoWc9Hi8J6et/SOpc7LitBCY68nQSXgDTibKiHKSJy/5OCaNG4vxkyZj7LiJGD5qPAYOG8PD8NNm/oa9B3bh8tWzEBK+iuXL5uPurcsozk1DaUEaD+81dubQW+r/FyGx78GNb7df2sgDpfOzIQ5fKskJLWe92m74Qmr8C8+B2+BTLsuD23KQfyl1BYpd6JgFPqZq8/x2a6QUmgi0zQTqlmg5OqaC1lgVgroEHSMoxyriU4ouPiZrckDXef6BGvezZOdR73UJzcF38TlDnxwAFQI7AZ9BnKw1XBTNQXd5SL45RBhtURJ4FyCEMrMjqDI+jLLHu1GitQkFqutRYbAT5WSlRvuQJLoQsSKLkSS1AhmqG5FCQM9Q24pY0cV4c2saHV+JRDm6uIkvR5jIElS+seOjU7+fWtZd0f70FxD/Idj5UJZe3QDZ44cK/ef/fNu33R3GnQ5A98K273vf/xRe5/f/90iC4PH/6cr1swI83orGCt/69OX77D13Vq53qnVB5KFn137v3n3RjxzgHp11A798VeY9Oqr62Xvu06tTmffiynxE/94Y2b8XRtH+mAF9CPACiLNiuAGk5geSwzB16tSviyB9+gxVO3dMP34V005cxfyLklghrIutMlbYqeCEvfL2OK7iiCt6rhAy9oCC8xtoeSZDzTMeis9jIWr3GhK2gbAPzIalTxKE9J/iwF1NLGMr4S1fj7FTfsOvEydh/MQJmDJlKvbuOwBxaXE8fWrP55K3N5ajvalCAPTWKrS3VKClnl1n09BUTDBP9kVOqBMSXpqRmSDJ0wCxrjqIeKKDUDsVvDIRxUtTUfiaiCDEShSxzspI99BFXqAp8skBKI1xQ2miN0pS/VGWHoCCtJfIIcgnRfsjMNADJuZ6UJAXg5TEXZSXCcTSE3evb4D+5fNHJHheQqz7JYS5nCWlzqB+CJ6GexD8VASJwVb/aopkc1MTgl4GQUNOC/IET1Zwpi6rzVcrtLK06Sh4G/A11N55uyP83hmG79t7EMF/oKA4jm736zOYh927gD5oBAd5pw0ZOBKH9pyAGIM4AV30rhSZNCTuEdDJOsPuciIKkL+vAAURRQ52ZhzyBHiFh0q8qI69bwVS8v8I6J+aqlDvLocaq2uoNPsDleakHFwe4EtNAkG9CGgp71Lpn5urEO3vDm9ncxT42qHYXAJxN3bgzbn18Du5Hqabl0Bk5kxcHj8d58ZMwYVxUyA0dy6e3jmPighPNBYl8bnuHOos/M5y6ZXZfPxrVyi9M0/eYd8AvSb7qzrveE6nSv+aS8/sGjPLYF5VktaRQ0/hOfSKjnA7U+dFOfEozmYKPZ6AHo98Anpj/Z/HkzY21CCPlHx0uA9eedsSxC3JzOHzwpzvez83pX0zAropwdwYbs8Y0B8R0HXJtOBsL1DpdhZKsDZXgI05A7sCrEwVOdCZWRgrQF9LDEF2yvCzFsf1mycwaco4nsdesXIe1BVF4OpkAm11GezasxmHDm6HrPhN6CrdwYxpEwnoA3mue9zk6Zi9cDmWrFyPLdu34YmVLprqCtFOCrz9czvaPjWTV1zFVXNVeQFqy/Ppi1+B1sZKtDZVw0RbnI/uXL54GRZOGodtq5fAVuE4tq+ei9GjxmDCxCkYQUAfMGws+pE3OnfhAtwUugYpqYc4d/Yw7t44h9TkOFSUF6O0KJ/+/7n0mWdzoL+tzvnbnNafZ6d/t/+phUP8Sy05nOU++FLiyovbUORCILfjKvxTvjU+022UueNzyTNBzpwVv6XooTVaAU0h99BCEH8X8ZAgLcdV86dUHbyLksHbgLuo92cFbipkivhACr2NhdcjmUqXRKP/LVS7nkHVs9No8LtNClwOH5KUScnT4+PIISAl30aPa40Qp98ljQ/JaviYoobWYEk0P72CRufzaHE+g3KCebrkfBSrb0KW6HxkSy9BttJqZBHEYx8uRKLUKiRKr0Cs2GKEkyqPk12DoOtTEXRrBuJk1sH3ygy8vPYbil4a8rno3fvCu09kE+z/9F9D7d2HyvToAHhX+LoDjJ33DxgwgBeWjaBzYeXK1djz+05s3bQRG9avw1z6ro/9dSxXwP0GDMLkKdMwZ+58Usb9/3Ky2jf2g/fJ/47vVPvXiW39BHDuPxD9Bw1Fn74dCpyO9Sdgs6E5HPod6rkzzM62w4aPxVBySgXw78GL3vgkvQ4HpHdP+lv79MBQgvnIgX0xemAfst74lbbMxg/th18H0+/v2YuDfWT/Phjevy+OHDooWEmsoYkUtzFmnX6IeWdFsfqmCraKmmCHjDWZLfYrP8X5R34QtQ2GytNI6Pskw8g/G7remVBwT4CQVSjOqjvjopIVVCx9IGvkivMPtbDlzB3M3rwLUxcsxa8TJuPihZO4e/MSjAx0UZifjqbaHLxrKEFLFV1HK3PR9rYcbXT9/kDirK0+iy7n8WgqCENpwnOkB9gj47Uzst88JTi/QFG0O7JDniAtwAEpflaIIcCHu+kggK5Jbo+E8UzjBrz07iLEWgpRLgR3r0fIf22NonAHFMU8QW68O9IiniKShE5oqB98/Qje2sqQlRaChZkOWloEQ2c09I15yD08SjB3IztEBMk+lxHlehbRrueQHKDE1+34NyCvKKuAq6MrFMVUIEuQZCCXE1HiYW5mwQEhqKioJNG07BuV3rvXQA707vl0DnQ63o8ex5R6J/Q50AeO+JpL7zCWT2fb9au34MFtCR5mF7tHCv2uJG2leZGctLAspO/JcqUux8BOUOdG71P2gSIHvQxtpem9y95ntxX/O9A/1magzOIaaq0FxqBebXmFW6OvKvA2UwD1dxUE9mq6kJbShSqY1IUocu4eRMSxNfDdvhAemxfgyeZFsFy7EOLkoZ4YNgEbh07Bsv7jsXfkNNwkyHjcuYBWOlnex/uhKd6fTqp4NJdn8JXU2KCYpkrBqms89N4xQa6z57wT3N2toXMZ1sqsjna1rxPk6jsK9Wo6Yc7VucDKCpJ4yJ2pcxZub6yt6NZOJfhpIIDX1hQjOeE1Xvs7wtfTghtT476eVh1At+x2m6l0M67QX7gbw71Dobs90YerizapdA042al3qfROpc6gbmkiz1ct0tUUhZYsASPWBW9sH8LWQgWbNq7ByFEjMXvODIiKXMXzJ5akrI2hrSkLbTVpPKV93xe2mDVjEgd6P/IUx06cTl47azmbiR2/b0FEwBO0fajHx8/vBWH1z+9IqdfTF78QFYXpKC/KRmV+Kspz41FL/yc7fUnMnDkLOxfS57hpNRbPmQttyYvYsGAShg8fiSHDR3UUyY1B/yGjeBX83kP78UDsDk4f3wNrUw0UF2SjvLyUoF6K6ooS1JXloLKsmA+X+es57H8B+k+tBHE6/+oiSYn7ktJ24/3iX1ghG1PhrD88lw16sefHvpQQ3MsEufNPGcYEbjleiV7z4g9UvyCght4n5S1PqluNgK1K56MKqXFRvH0tRPeJ4R2p9uZQcbxjofcEgnGkNKltIbwLvs/D8a3R8twpeBdODkGkKJkEV+oNfldIjd+h55CqzzDA56zHvCjuY5gcWp/dQJ3pAby1OYpa8/0o1tqMIpU1qDb6HeWGv6Pi8SbkKCxGttxSpMguRRLBPPTeIsTKrUGo6CKE3l+CkNuzEHZvNtKUNyD0LkFfdj3KXlvyVb6+UeTdp7l17f/0J5j/9BdAZwr9524KnaleNplt8vRZOH32NJQV5aCrIQtDfWUY6irA1lIfxo9V8EhXHpqqkpCTfgBJaQkoqyhDU1MVog+FsXYdg/0cDB486Jvf16mGv8mffz/17bte9K5Qe8dwF5YP5z3nBO7OOe6CfvTOATIC69GzR1fBXq9efdCXnIBFy7dhCF18uTLn/fds2tsvvBVtIMF8OIGagXzckH6YMFRgk8imDBMs4DR12ABeCDec1Pq0EYMQGSboDkrKLcHm+2qYe0ECCy/KY81tXWx7YIQdYsbYKm6K3XJ2uGz0CgquiTAJyIFNWAFZEYwD86HkmoJbpoE4qGCD9TeksZdUnaiOJcR0rHBDQhHHrt3E+j1HsWjVJuzcuhXhQR68Dbe9qQYf3pagtSIJn6rT0cYmapKgaaHv+fvGYnx8S9fTkig0Z/uhIfU56lI9UU2KupzUdVV6EGoy3qAqOxKlbGRzij+K4j1QGOOKVLa4k7sRfK0V4E5Qd1W/AXfNG/AzJtVuI4vop5pI99FDfogZMsNsEPvaHh5etrB1NIeDPZmjBVRU6XqlIQcne0tS5J9RXCqAeifQC2OVkO5/EZXZL+h6n/mv1nTIzsiGtbENZAmIsh2glO0AOb8trAhZIQXoKOuhrbWNr47Wv9+QDlU+kGwwAfzPQGeFcf24Sh/E91mOnbWvDR4oyJ9zGzSKt6yxcPv0SXOwbdN+KEhq4pGOBcwMHeh/YApVOR3IS6pCQUKNt61JsZw6L5QThOFlhBVoXwESwvLcpOi2DN1m9/0N0D+ivSUK7yvtkW14HlXmVwjo11Fnd5O2NwjoV0mp/4HWMDOCeA7epyTgXUggGl1dUGeohmKRs8i6shuxh9YjaMtiPF82G05LZ8Nk/gzozpuFB1NnYOuwSZjcazym9p6INQMm4I+J0+B56yyafezQ7GWDTB15ZBirocLbDrVvPNEQ+wpNOdFoLk5Cc0kqGklht1QJQuzfK3EO8/LOQrhMHspnQG9gef3yLB7SryvN4P3wVZ0wZz3oBSlcnZflJ6GYANZYV9GxPng7iktyEB7qDRWV+3ikJ0FK3Ar+Ptbc2D4Dup+XJW2tO0BuwVU62/q8sOAq3eu5MV64GeG522M8f2ZAUGdA18VTJ22u0h2ZSrcUqPROszKVg5G+FHnah5AV7obiuOeIcVXhQ3ECPB0xcvRojBk9Bps2r4GBrhK9jgm01KTwSEsBTjaG8HhmiVm/TeOV5yy/PWrcFIwmmzBxKp7b6qCpJBnvGskRe1fNPfX297Vori9FdlIYYoO9ER8eiJhAV/jaayD5lTWiXxjhypEN2LB6GaQf3sRLl0cojnDAU5XzmDKRtaONwgACOlPng4f/iv60HTR8NDZs2oBLl47Tl/YxUpOiUF1ZjsqKMoI6Ab2mHLW1ZaivKvyHQP8IvGc58Rh8JjizUDrK3QnWT3kI/VOWMR/y8inHlNS5Ix1/wvPiTJmzMaxtiepoIRA3BgjxPHcDKeuWMDF8TFLFp2RNAq0W2pO0SEFrcaCzAriWN+J463eHnnOXV7ezATEtbyRR73ONHII7tC9LxxUJ9g8I+gTx16Tmvem78/wM6l5dRVsMGwerTL9fn4f02WtXuV5D64s7BPODqNTdhlLtjSjV2YJsqcUoNzqEMt31aH15FU1PjiNTbgGypOajQHsDinTXIUFhOcIkliFMZAEKjfch9/EuxEutRJb2NpTbnUOk2DIUvDTlK5t1z5H/eUTrT99Wi//07WIign3BLPNfugH9ZwLj+KnTcf3mHVhaW8DewQr2tqawtzGCuYESnjmb4JmLOTmtFrAx14KJAYO6EnTUJKGnJQcTQ00Y6ChD4v51XDi+F8f3b8Pq5Qt5Xroz1/1NGL9Ddf8oxP6f7sVvPb7NmbNpb/wYU98dVeoCNd4x6pXDvOc3z+90WEaMGY9la3ahb18Wcu3NR8H27smq2UnB9yeYD+qLcQTwiUP785UZJ3eAnK3IOG3EQL5K41BS5gP69kZMhGCYir1/NFZeV8GCC5KYd1kKK25qYd29RwT4x9gsZIDdkha4YeQLzReJcCCIv4ivwrP4WliEFkPlRTpumQVjv5wFFl24hzknTuCUpBi0LEzg6O4Dl+d+sHv6AsZWLpCRV0KQ/wu8q8tBW0Me2gna7+la3VoWj/bKFLSz1l82vKssDW1VqfhYGYfWbB/URFigOsISDUlPUZ/pg+oMf5SneKMgxhO50S8Jri+RG/EMKUG2dD2wQgpdE5J8LBBB1zN7tRswEDkMjWs7oC+0H0/VryHAXByxLnLI8FJDVoAxUkOcEEbXEw83WzjamcDGxhj6+urQ0FCAqpI03oS+FqzMRjBnrWx84FZNzL9S4+3t7xH1Jhr6agYEbQZFUr5CirSVF+SqCYjMWJibgZOBUpIeE0PvIT+/gM9Z78MHyDCQC5R6j1/6fgv0XgKgc6iziXE9B9HnzkLuJGqGjCEbi5HDxmPc6OmYPXMxxAjWSYl5iI5OJ0tDdEwGwsKT4fvyDby9QuDhHghnF2+YGTvzue2S9L4kyXmTuitDxvZlIXlHYCxEz47/EOhfPjehrdGVPCEz8ujcUOmjjhLDM6ixvIxamxuosekAurUwGv3c0PjKD/VO1ihTfoBCoTMouH4IBdf20XYv2X4UXD2E5GPb8WbrKrgSzI2nTYH2zOl4OGUa1g6ZjHG9JmBy38lYOngSzo+ZDKsju1FirYe8R6qw3b8XZjt3wG7/HvjfuIAcUp55urIoNFNBU4ADmrLD0VyZ9S3Mu9rfBHl4BndW+FbHVXqWoJ2OTbTjrXRpgglxhR3T4TrC7WUdBXFVJYIQcEyUF0xIKVtbKENfTxxuzwwR8NLmT0AXQN2azIrDvBPoAqib8jy6p5sxPFwNOdBZcRwzAdC1CMBqsLcUVL0zhW7N8ulGclAUvQgLTTG0lCegJCUEEa76aGRDccjzPnpwH6ZOnoSD+3ZARuImTB6rQuTeVfL6lGFpqoMnjqaQEr1NimMwgZUVrY3DULIb54+hKNIZgU8fQ19dCq5PrGBjpITKnChkR71CjP9ThHo7ICHcH7GhPogOckNsiBty4gOQGOyKUPo7SlIDUZn0EiXhdsj11YSD+h1cPr4dM6dPwUBSNoPp9w0bPZF+7xiM/HUyVq9fA0MjVQS+ek5AL0BZSSGqKvPRUFeAd28r8bam8K+9a7Y2eGsB0BgHVHnjSwUDuSu+FDElbo0PaQTKdH0BzPOtSY3bkRJnIXcX3nrG2szaIqTQGHQfDS/JQSWQN4Y8wIcUDVLMejzX/TnTECBjveFsilvzaxEC9g0C7zk0BovjU+ojfEg1wId4Fd573vxaGLWel/DW9yZa6LUaX91AmfNx1LidQxXZW+4oPMS7aFLzsdJ4G3iH326LUyZFL0WgvoYag90E7m2oMd2LFjtS6PpbkC+3DIWKK1HHpsM93oBy7RXIVVxKan0bmpyPoN75GGIezET4g8VIU1uPapcTKDTfgXyjXYgVW4BMtS0IF1tBQDfmy5Z+kz//z7cLnvyT3HkXUHsIgM6qt09eEYKXrw9eB/sjwN8Hru4uePrMAbY2pjB5pAlnRwZzS3i9cICz3WNYmevA9LEadNRlICd+Ew9vn4fItZO4dHQ7Tuxchd/XzMPmpbMwf+YEDB7Q75sFX77pTf/TpLhuI1e7V6J3qHE+wrUjnN4Jc6bMec68w753An75+Ws1/PBR9H2h85eF61mYvn9/dqHui8EE6pED+mLMoH4YSwr9V4L6uCH9+cIf44cKtmPJ9u8StPq+e98OBUdfrL6rSapcFvNJmS+6qYqlNzSx9p4B1t/Tx25xM9w28oauRzxcIwrhk1QN98R6WIaWQdkjC7cso3BQyQXLLktg+oETWHHiOO6rKsDF/QlehQQjJD4BiemZyMrNRmV1EVpbKvDxXSk+NeajvSEfbaTMm8tiCOyZaK0tQgtdF9/mRqA5NxhNaZ4oDzdDjqcycsnyfFVQEWmG8kg7VMU9QWmUE7KDHJDoZYF4bzPE+5ghxd8ccZ5GiHymh1j3R/AxlYaT5i3YKF2BwYOjUL/5O4weHIaXzlXEO0oiw1MLaYFWBPXnCPZ9Ck93ezxxssBj1quurQJlArq2tiqysrL+f1llkS2U4uftDyVSvByG92S4STPFe0+2A+AstC0H6bssd02AJDCKEyzFb0uTKDJEW9t73L59D317DyWQD+oA+rcKvTPMzird+/cdTFAfSucIiZo+DOhsMtwE/DZ1CRbMXouzJ2/BzdUfKcn55CxUIjOzGGkp+chIK0RiXCZCQ+PIYhESEg8//wh4eYbAxcmbnGC6jtN7lbgtCYk7UgK7LQUxMsmbUtA4IP1noH9prcKHJm/yiKzwqcUPX1p80ZjkgGytk6TSLxHUrxHUb6HWURG1z53R4OaMChOCr/hFZBHE009vQcaJTUg7vh5Z57Yi7+LvKL5NSkPoLIrunkbaiT14tWwxnsycCeMZ0yFMHv7WkZMxkaA+re9ErBw0EadHTYLz2ePIpy9/ioo0RGcuwc3RMyE+aQ4Ml62F+8H9sN+6BRFCl1H95BHeZYShqTSlC+j1Xco8i4OdTa1jQBeMk+0cePMV6IL8eSrvP+ftamQlvCgukRfD8bW3CfIKcte5Mn9OCtvHmyBOIO+EOgM6U+fMOve/At6yC/DeL1hhnBl5p6TUeR5dnwPd1YWg7qgNRwK6tYkcLB5Lwlz3PtzNpRHsoIxML33UpfsQPL1QlB6JlMhXKCOHo6WmCJGBnvhtxjSsWDoPp0/uhYjwFRw7/Dv27t6MPTs344/zx7F71zZSzmMI5uQl/joRY8ZNhLHiHfgaimDJwvl0oRqFE3v38J5bP3tNlKRHIyEiAMUF+aiua0BRaTkKSspQVFKBysoK+n/m8vdRlvYGDbnhKA23RUmIGRI8jBBoIwtvKzn8NnMqOQ5jCOgTeIEc285fvhLauop08bckNV6MsuI8lJYWoOVtDZrrilBTnvddh2QDvjSRU1Xpz0Pp6FDjX4qc8THHjM9Of09wFAxjMeUhdqbSmSL/UmBDoDbEhwQ1NAffJ+heJThfJAV9nxS3Ij6l6xH8H5MZkiOgh49pOoJq9jAJgvRllBJMq9wuoN73Dt5FKaGVLbgSK5jy1spC6+EE6JfXUfnkNCnxa6gnsGcbrCfbgFL7w2j0v4uGkPtojRUMlKkj6Ne+vMXD9Y1+91FjdhTVer+jUn8HqvU3ooGeU6m9Bk2W21HNVktTX4MKreUof7yVlPsmFKitQbXFLrx1PErO9AGUGe2F38UpCBaagSLj7cjSW4/wezOQpboZ5TbHkfd4LzKeqOPdu3d/6in/Jo/+XxZD6Qx1MxBOnb0UQpLK8AoMRUxyMmKSEhARHYmwiDcICgmEb4AvXvoR3N1cSK2b4IWbPXy9nsLV2Rw2plqwMNKAoR4bX3kLD25fwOUTv+Pw1sX4feVMbF06HavmTCSoz8TK+VPw6/BBvJXt+/B/99a17tX7ghnq3YrcenwFdifQO1dYY1tuvXt9szDNn/r0O6bO9e3HJoD1FbSrkYPQuw9TZH15bzqvfu/Thy/dyrZ92Cp2bAlVur19+zbBwh01b3FBzRnrhXWx/KoylvyhgIWXlbD4lhpW3NXHhvtG2CtjAyFTPzz2TsDzqEK8TK7Ci8QaWL8phaJHJm7ZxuCIlg+2SpiTqpfD8vO3cVJIHPoWNvB5HYiguCjEZ2egoqIM7xor0cZg/p7lxsvxqakQXxpy0F6dQao8ES0s5F6ViZbiJNSm+qIq9hnyAk0Q4SCJN5YiiLF5gGCjywi3uI5CXw2UvTZBWYQ1it7YIDfIGvlvnJBDSjsjkKlzI8R7GCDGVRcRT/XwwkwWjpp34KRxC2ZSZ2AqeQK2smfhrXkZITYSiPMi+L+yRZC3E2wtDejaZwkri0fQ1VWFhqYyXJ7Yo6y87F+BvKy0DI62LjwXLUpglrgtwwHIoN5pAih27nc8hh4rfktgYgRJBtCMtEzExsZj1Ijx6N1jCHr0GtwVdu9U5rzCvQ8Ltw/GgP5DySEdhdEjpmDerJVYuWwXOXUXcOrITdy9JoUXHgHEkwqycuTnlSA7qxhZGUXISM1DXHQSwkOjEcEsLBGvfEPh8/I1V+xOTp7Q0TaBmBC9vzuSELsrBfELD6GySghai+9DacaVr0D/8ukDGiOcSFHIo63WFq31juRSxhDQI+lDt0Wq7jlUmP6BKsubKLOQRpmNHsrMtJEjewO54ueQcW030s5tQeLRtUg/sZGAvg6pBHUG9tQTm0mpH0HhLVIRd84i78pJRG1aAw9S6Y+nT8f1CVOxaugUTOszAQsHTcCWQeNwfdJ0+AnfQrqaLMIlH+LQoKk43m8ihIdMhdrU+VCdPBeqk2bD7cBupMjSCagginxSkTxHzvreeVtaxyCZss4pdFld42XZfWzmPBtLW1WSKhj12jFUpnOgTDHBvDg7Ae9bW9DUVAcbKxWoKN+Ft6cZ/P3s4ffSqgvm35uvJwHdm+DuxW5b0z4Bnal0D6bULQVQdzXG86ePusLuDqT+n5mII9hWGhGOSsj01kNpiDUqw+kED3yEoldaiHWRR1VuGvIzEpCTEoF3dcUozojBiaP7MJ1U8ZatqwngR6CmLA5jfWXcuXoOCxbMweTJUzBk+GgMHDoKY8dPwTACu9iVvWQHuDOw8reJOLxnJ84c2IooX0dUFhegvq4WhQRy9+de0NTWx54DR7B24w5cvXUfL5/ZoTQnBUVZcajLDUNdmi9Kop8gI9gR4a56SA+yQgD9bYcO7sIociAGDB2NvoNG8D7133fvgq29EYE8F+WlpSgvK8fb+mpUVBajsLijVuFjPb5UB+FLORv24kxq25HnwD9kCualt8ar8bYxPkedVakXO3O1/jnHCh8SNdBOkOd94Azi3qza/DYdkyW4yvA2sffxCvR8bYK6LtpJib9jPeT+t9Hgc5UPhqnxuoYmcgLaImXQFPKQlLUQWiMkBT3mbyRI4d9E3YuLqHE9j3Lnkyh2OIIyx2MottqPMqfjBO6bqCd1Xh94F2+D7qEh4B5aIxXoNRTRytZEd72MZsezaH9yjgO6gUD94QU5D482odF2N1qfn0WdwWaUaK9HptIy5KmtQqnBdtRaHqDHHkaKzDIky6zG62tzEXxjGvJ1tqBAfwOqnE8hXXUDstRWI01lLcoDzfhkw/98Nyjmz/nyn37YN85s8PBRWLt1F5Q1dOAf6IeUtBQkpyUjOTUJCUnxSEyhLVlUTBTCosLxJvwNL3YyN9bHi+cuCH7tCz8fN9hZ6MPKVAdWZgZQkhXms8MvndqF3Wt+w6YFE7BuznisnjMBy2aMxebls+ic/BWzxg1D/z69fzBC9uss+W8WWfnlqzrvPoddML+9Q5nzY726oN596E6P7i1tncd6/Mz7yFmVPGs9G9SHtav16Hpsj45QfmdYnzsStA0JCeGncnBCFvaKGWLDLR2svKSEZadlsOK8IlZcV8O6B4+xkQB9QMEBD61fw/RVGl7EFsMnuQZucVUwf10Aebc03LCJxWmj19ij8Rx7FR2wW94Sh5XMIWrkDHvPIARERiI2PRXF5Gy3vqvDp/ZatDeXoK2pDO9bytH+thCfG7LxqS6blHkWWqsS8b48Bk3ZQaiIdkdOkCVSfR7jtZ08HJUvwlnxLF5qX4KH+mm8enQF2Z7qKAowRlmYJUrDCOjB1ih444D0AGskeD5CnLsOwhzUEeKgBW9zeTzVewAz2QswkTpLQD8Fk4eH4Kt/E4Hm5CjYyyLEzQC+7jZ48sQKDraGsLF+jIjIN3RNKPlXIE9PzoCpgRk5i5IQuUl2SxIPmYolOIvTvniHuhW/zW5LcXCL0nFm7DGiN2ifnveQtg+vS+DBNXFYGFrxvvQTJ86gDwf5EJ4j7yx847lzUuL9+ozE2NHTMPe35dj/+1mcPn0Xx07coWvzTZwgmF88KwQDPUvk5BSjoKAMOdmFyM7II5iTOk/PRVJiOmIiExAU+AavA94gPCyGgB4EX58AvPILhbd3MBzsn0NfxwzKsmpQklaD8HkxKCwQJruKP7Zc7gD65w9ozgpFvtFVVLvcwccyUkDNb/C5OZCgHo2mSltkONxHnsFVpKkLI11DApma4oi9dxRvzm9B1IVNCD28AjEnViGeLO38BmT8sQW5V3cg48wmxB1ag7Sz25B6bheKRc6h8O5J5N84hvRzexG1bxNsli7AlbFTsKDfeMzqOx6byLM5OHwK7s9ZhBBRYUSQKW/Zjc29x+FC3wl4OHAyJIfQ/QMm4uGIabDYsAmG6zbD+tx51BYk8vntfDnWio7FXvhgm3TBtjyz20jaNIFCZ0DnMBcMlCnNT+JWzNvV6PVqBXn0QH8HqKoKwYNUto29FszNFeBHsPbzsSG4M6VuRcA2hbOJJFyMHiDUVQOBrgYI8jKFn6e5QLV7WPNiuRfPjEiRkyq3VYObtTyem0jAU/c6cjw0UBtph4a4p6iNdUFtjAMqgvRQ6KWCbDdxJD1XQzkp49LseJSkheFdbRHqS3PodQwxddo07N+3DapKEjAz0oQEqSAFGWFcv3Ya06bP5Aqd5bJHjB7PF0c5d3g7imI9EfLSGf5u1ogLeoaMN26oLclDc/M75BeV4MjZ85gxdwl+nTwbU+evxOTpCzCcnIE5c2bDxEAD1dUVyEvyQ2NRFFpKYskSUZURgkSvxyhJeok8UvBK8mIYNmo8L8hjSn3shGmQkH2AlKRIFBUUICe3AIVFdJLT78sv7vDMGxLxpcydt5h9TDdBW4I6msKkaN+IL47yJc+eV62DP8YeH1mIPFoOTa+FCeI3UOdzGY1s3Gq0HB/i8iFRmZQ8OasxEnifoMzD7+1sTvqre6h8egbVBOamACFS0g/IEZAQDIYhJV7nTYr+9T20x8pzmL+nY7UvLqPc7hjK7U+h2Pooim2PodB6PyqenOGvVeZ8gtT4dTQECaPO7y7qX94gwN9Gk/99NAaIo8XjFt49v4J6el6zw1HUG+1C/eMtKFFeinbmVJjvRI3hOnwMpe+a2Gwki84msK9D4sMZKNDZhOT7s5Fw7zdkKa6F77nxyFRdiQyVVYgRmYUSswPI192GFPmFKHy8B9XB5nxxoc7Rrl1rj/9NaL1zmtuoseOxfdtO6BmR8+nticjoMKSlJyM7NxvpGSlITUtEYlIMklMSOeQTkxORRPtvwoLg7mqPR9pKcHa0RtArD/rueMDH2x1PnjrCysoY6qrS5GyewoWj20mdT8eWxZOwZu54rPptLGaOHYKNi2dg/byJWD59FBZNHYWRQwZ0a4H7+YdjZ79dOa1DjXeE1zvVeNeUt56CpVM7W+a+hto7XoPVC9DvYsud9uoc59qvD38d1oI2bEBfvrZ2X3ISWLEcAz6z3vTa27ZuQUhwMP+/mzwPxNorclhxQRoLT9zHwpPCWHlBBpvv6OF3cQvskXfEaa3nUHCKgGNYIYG8Aj4pFXgWUw5j/wJIP0nBLes4nDcOw8lHgTjx6BUukF03CcQDu1DovQiDZ0g0YuMTUFFCyry5Dh/bCehtVfjcWo4PzUVobypG29sCfKjLxaf6XFLp6Wgvi8LbTG/UJj5DZZwr7ytP8jJEqLMmnunehymBWOHiFshe2IhHInvhpXMBae7SKA16hOooa1RH26EoxAp5wTbI8Lfk7WyR9NwQayW8tlaAo8pNWMpehP6D4zASPQZb6RNwlj8JT+2r8DG6h9Cn2nAy0yLAqSEmNuJfBdZZBMrG2hYb127F1dO3IHxDvAPkEgR1cYjdkiBIi3Pr3BcjaIsSsB92MxGC94MbtL1Oz78ihvtXRMnEuHovKiwiqAZgEClvps57k0ofP246RgyfgNkzl2Ln1uM4sPs8rl8Wx+87TmHd6j04d0kUBw9dxe5dZ7F101Hcuy2D+Lg0DvKc7ALkZhUQzHORkZaLZIJ5dGQ8nTfh9D3xh7ubF3xfBhLQA+Hx3JsYE0i3g/D0iQdMjGzouq4CXTVdiN99CIlddyCz/wrEz1wkoLP51fUZaMwMRFOiJ4osb+F9qjX9l1LoLi9S6g5kTijz00Sm9kMkK4lwCyJl531sDV4eXQ3/oyvgs3cBgg4uQcL5NUi+uBEZV7Yi4/IW2m5D4tmteHN4DaJIqced24HIY5sRfXILUq/tR6XCTTQYSCPl1kUo/rYUc/v8ihUE6x1DJuHwsMmwOn0agcJ34XPtMm7OW4ODpOKv9RmPuwT+a33H4RI9/g6pe9VFq2Bz6izKMqIEQ2Q6oM7B3qHKu6+JLlgR7mvInSl0lkPn7Wp5HdPhOvrPKzvy6HExAVBTE8FTZx2Ym6nTRcuQQG5L/3Q7vn3hZoxHD/fC//EfyPJQQGmwASpD9VAdYYpC+iKkBZkhwN0AL5w04GqpgHAXFaS+UCcVZUCmi7wXysh0kkB5kDFqo5zQkvoSjWk+9KV7jro4F5SHO6MmLQBlyX48h/VM8waq8pLQXFOICnrfhtry2LSBKfSTBHUxnD97FHt2bcCh/Vswb8FcnjcfOGwU+g8ajoGDh+Pi6cOoodduyA5GXX48WiqzeQ0BWxCmmb4kDo5OGDVuGibNXYXFG3Zh8txlGEhOQa+BwzBg2Ej8vmsHUukinpcSjuL4l2jIC0NzOTlAxfHID7NHcTQ5JcWpSIkLwr79e7lCZ1XvbOjMyQun4P3SFaUlhcjKzkd+QQlBvQxxSUkCX7smBh/THqE9xYAgzgrcLPg41i9FbOiLNz5lWeIjKXRWnMaqzOt8rqHK/QJfiexdhDhBW4nnxD8ka+IDm8YWTzAn+xCnyNvMmv3voc7zMioIwI2vhAXV6ZGk4COkeSV7IylyPn+dwT9eCe8Irk3+19FEcC62O4pc473IeLQfyVo7ESW7FonqGxGnsgGh4guRpLke5U9Poy1KnpwKMXIa6PVDpXmrW5ufKJpdzqHJ6RSKtDejWmcjimQWos3pEBptDqDSiI4ZrEGx2hK8ddqHQs1lSLo/Be9eXke90xHkKixFpswSFKhvRrr8ekTfm4nwuzNQSg5Fpv5m+N/+DXHSS5EqtxSJ4gtQ6S+YtsVg9aNK9x9Bvd+goaQszsHaygzPHR/D6xnr1nCgi04ccskBy87NQUZWGtLSEpCSHMfBnpqWJFDsCTEIIHg/dTQjZaMBCxN9vHr5HBFhgQiPDMNLv5d0XtlDVUEaD+9extmDm7Fj1QxsXjgRGxdOxtJpYzBl1EAsmTmebpOTP2k4Zv06EHPGD8PoIf27QvBdAO/RLVzeDcxf1zvv+RXmnbn0nj07lHSPb5T5t8NofuZT3fr0ZKNce2IEwXvsoP4YMaAfD7mz/PnYwf3JBnC49yfl3qMD5oIRru9wT9sWay5KY+np+5h94BJm7rmAxceFse2uHg7KOuCkmjtuGL2CvmcifBPK8CarGv4Z5XCLLYGRXw5knJNx2yoGl8yi8IdxFC6ZhuGWVThEHJMh8yQd6i/SYBeUhNcxsSgrzSdFXod2ps7bavCJVPnHpkJ8asxDO0H8U0Mu2qrS8JnUeXt5PN7l+KMi1gkF4RYojXRAQZgTcl/bcKhHPNODp5kcDKUvQuTMZpzePAMa13bCz/ASEpxEUOyvh2K6nuX6GSDV2wApL42R6G0Ifys5eOjfx3Ptm/DQuQVHhaswp9cwEDkCC4kTMBLag+fqf+C1+X2kBNogJ/nfLVtaXVUNNWV1zJw6i685PnLIeBz+/RSErhKIb0rwPLiUiCKUJNWhrWwADZVHUFPQg4KUGiTuy0PiniweMHhfE4MwgzcpdBkxVTwg5S50UQT3z4vg1gWyyw/gZOOChoa3OHLoLKZOmodt24/BxNINFy/dJGCfwmH6fPftPY/DBy9j2bJt6N9vFFYu34EVy7djwvhZWDB3Nbw9A5GdlY9cgnleTiHfZmfmIzkpA3GxyQgJeoNn/4e094CKKtsadc94497/nNOtbbZts4I555wjRhRzDigGzDlgowRBwIAgwQgSBSRLDpKT5JyjCphz6O7vzdrYfbrPf+4d743fMdbYRVFVFlV7r29+K8zp7s09Fy/u3HLFy1OC4MBQ4Yw/D/yDhS8PcHXy4ILJZU4e0+fU4VMc3qnL8T0H2KK5glWzZwjQX+YpyQNozKE8wZunMc48DTXk1+ehckL48r7mLg3hV3ly15wae2MyzuwlcNNCvMW6/ZePJ3DFWAKXjiJIayyRK8eSqzuXgj1zKDm4mNKDi0jdPAMfjTG4zRqNzciBXBnYDytpjmNHcmPqeHxWahKjs54Gy7M0XjHCfuI0ZSvbpNZiB63V0BEjDN6/h/ADutxZtQ6tFr3Z8F13djTrxk4xdh2xem2B+462fVj7U3/i7t1Vktkoc+VPxcifFipW3pRP/lu99d8zxH3LL19fnafsuX5cmaMUY6kRSFaq5s9Lm1K+VhU3zaOrao/v3r2SK5dPond2D05OF4kIcyEixJnwYCeCfG25eXQq2Z56VCW6Up3qR2OGPy+zvHide593hQF8LPKjPNpKHnOSQocdlNzZSsXd3VT6HBMTt6UswIJnsTd5nnJPYB4hgVY0z/PCaZDv6HV5Eo+zwngqRlwQakei8xmyo+4plv7pZaUy1RDk5cDsGVM5e1yXm1ZGXDA+xvVrpkyfOUWx43Ydu0qH3V6x9TNHdlOfE0Zdmh8vS5P48Lya2op83n/8pBRNWLVmAy0FwP9o3ppm8pwfJAho1qqdQPknBcxz5s4iSzrw8oJ0cqPcKZZz53FOBI/zoqhTZZaKcaShKI6KnFg87lqJmfdSVr6rwN6t9wCOnTlMbm4GaWlphEWEY21nzU2HG8pn/akqmjdxZ5pAXnRL2V72W/FtPufZKMPu71OMqQ/YQaP/dhqDdvM67piSje3XEju+Fl/jS85Ffsm1EBO/LIHBFSURzIeEkwLpA7wUg1fNeTf6avMq+gjvBeQfE08L/C/xVcmnbtKU/EWVzS1VX9ljXis2nnZmHKmnx5BnMYciu6UU260m58pici0XkSGATTebTeGNVdQHHVLm3F+F75dg4YCAXL9p0Z3c985rF2/ktT7469JoP5cPXut57baCN06LeG4znRd2M8TKh1BwrC9VluOovTyRUqORVFjN5q2nFoVnB/HUfhFV5tPINZhCnuF4SqwkeDadQtz+fjx13UyO8QSi96gTpt2F+rim8ruqbGd/wPu//sPWtG+/a96sOafPGBIbE05URBCB3o74Ol0l1NeZopISSirFKkoKKSjIVoCen59Jodh6YVEBOTlZJCY8lGvCHz8fd1wc7bh17RKRYcHyPWeRmZtLdGw8Hvd9uGhhxonDe9m0fDaLJg9m5qhezBipxtRhPQXgbenTqQ1Th/ZgXL/ODO3SikHd2zGkW3tatWj2B7ibIP6fV7b/a8X6X5PG/LEg7h//+Esa3N+PvxdZ+U5er6VYebsfvqNjq+Z0FXj3aN8KtR9b0UnZW/5PWouxqxa9qe7r3q41hoaGymddWtuAtsEN5uw2ZsKmowxZvo3+C9cxbOlOZuwyFZg7s+lSEIdvPsQhuoi4wudkVb4itewFwdlPuR5Rxrl72ewXmO+4nciOW8no3srjkHM2p7xy0fcp4rxPoQQCOfgmFZFfVc77d/X89lFg/kHa26f8Ilb+6+tKvr4s5suzAunPi/j0JJuvT7N4XxbDy2x/Hqe6Ux13R2TjOrUJznL9OlIUdoOiiNsk+doQ5myOo+Uxdq+ZzIJR3TDcoYHv1e2k3tOnMsKKJwk3KYm0JcPfktT7l0n3u0aQ/c8iGrvwvahDgOUJ7l88ibPJbm7rb8bmyFIC7fR4/bT8fwTy3Jxc9u7eR9efutNe2QbWBfXuA5g+aT67Nh/k+N6fsTS/gZuTr5yHYQQISAMDYwgKjSPAPxpXtwBsrRy5ZGYr4mPJ+XMX0TtiyCVze4FnGJcu2HJmxTEsBh5k9ZwjjNbQQX/5zyKB9YSFxbJ82RZWam3m+LFT2Fw1RFNzLZqLNzJ/3hqGiXR276Ga4hzOgIHjaNWqM9269sP2miOFeRVUlFVTWS7yIscKgXpRfgn5uaWkpmQSFRrNLdvb3LS5g72NI3cdPeT9P8DPNwh/PwmEnT2wML3CsYOnWL9yC1vWb+bA9u3s097KyQPHOLhdl7/9Up/JL0/S+a0hh8/VKXwsieFNhg8fq715nmxFqfU+njgaUe9gStW1n0k5tBkvrZncFUh7ao7Gd/lYvLVG471kJEGrxpGkLZ3Mfg2KjywmecMkvGePxG7sEE506sHJzuocleMh9T4s7jaQLs17od6qH1ryIVyZNI1HOzdLQKDD8Z4DGPaDmHordeaKfbtu08Zz62ZCBOomMxezvkUvtv/Qg23fd0VbDH2rwH2j2Prm1r05NGY6NbmJPP8jeUzBv6V5/b0JzGtVK9xVMM9TDP33oXYV0KulqYbbVUBXJZR58ewxnz594ODBddjanBX4nMXxG9AjQ6UJ1KNCHbl3YSOZgVd46H6FOJ8b5ER7USNg/1gpwKwVey0KozHWiucR56l230WhlaY0LWofGPAsyZkXKe68UcE7L5SXRZG8Lo3jQ1Uq7+uyeV2RRmNuJJUJHuQH2xBjs58EJ0OliMKH55Vi6uU8LU3H+boJpw5ux8/tFoH377Jlwyp6qqkrMFWtNFetdN+1bSMFaeHKntKXpSli1VlKYFBVkkPDq9fUPX/D8vXbBOAd+K5FO+W5zVr9qBy7q/ejz4BhSvWhhKQ48jKTyIn1I9n7CrdNdMmLcpD36EpuwCXKU33ICLvLFZODDBg0mNbtuyj/f+eefdl1UBf/YB/8Qvy4H+CNd6Av96UpZWMLQnnis5N3SUYCR1VK1Z/Fvo/xJvY0zwJ38CJ0rzIsrtr+pYKlqjLZZ4H452xTgbiFBAI28rO5sn3sVcQ+nt7fTMm1+RRbz6FerFy11exzmhGfUw14H6+nrGj/JducT6rEL4knFfi/jTvFY99dxOtNwXfzQLzX9yFQexBBO4eQcm4ahdeWkX9tOVWu2yl30qbIYSuP/Q5IcHFOIG4s7We+ZBrK+1FZvglfo+W9uG7ksb183+aTeWozk1+Ct/PCfiLvfTbwxHoyr+8tp/DkUHmcFp+DdvAucAtPbOdQfXEq+YZjyT8/mYrLsykymEz64WEkC8TzDUbQ4LGWymsapJ0aSrHFVB6dGEaB+Uze5zfVlG7ZqtW3veb/6/+4mr1Fi1ZsWLtazmUfAXoEAb5euN62xv2WQDk0kOLKKoF5sWLnOTlp5OcI0MXOi4vyKS5TDcPnk5aaSGJiDJERITg73pRO9Q6RkRHkyu9yCopISM/ByzcQ+5t30Dt9ks0rF6Axvj/ThnUTI+/JrFHqjOzVUdnXPXlQdyYP7sEIgfngru3p17kt6h3b/WVo/Hcz/6//kNr1z7f/PK/+Z4j/5fZ//dnKv1O2m3Vp/YO8l5bK+1Fr35LeAu9ecuzRtgUtv/+nUkGtzQ/fk/htf3lQYh4rTtmwYK8JU7YcZ8RKlZmvY9DSbUzZZsASPQc2Xw7m0O147sTUkFDyktyat+RXvyWh4AWuCU8xul/AYcd09jikoXs3lf0OGRx1yueMZx7n/As561fE2fsZWAWmE5tXzYv3r/nyqVEx898+PuO3t3X88qqCX16oVrUX8Kkxj6+N+XwWmH+qTeNdcQQf8gOpTxbpiL1NXdxtqh4KyCPtyIuwozBEjFuZF7cixv0S7leOckZ3CaumDsTs8Aq8bfYSLzJREnZFnmdPQbAVSW4mxNw9T7zbFR7c+JnrZ9bgZrIDJ0Ndbp8Vs4/25UlFwf8I5GFh4SxdsoK2qmQtLVV7ujvTvXNfJo2dzeol2mxds0fsWh9XB19lQVliQjoPIxOIjUoiKT6d+LgMoqNTCA6Ox/muDzZWDmK71pieF2s/a46V5XV8vPyxs7mB4abT7Bihzei5Jzg1ZR9nxh/G47YHDY3P0N62n1nTFzNrxgKmzJhF774jaN9OjXbtetCxUx86deovVj6Urj2Go9Z7JOvX7yI/u1gBeXVlHTVVj4UvVZQXloipi6UXVPEoKROXmy5cPGfOVTMrrl6UYPi6K/c9HihD8KEhUfh4h/LzaWPmT5vP4H7D6PxTTzatWs2ebToc3XdIApRr/O1zTbJi5y9yw/lQFs9vtan8VhnPc/mSKq11KTLdQoHxVnJ+3kaB4R4yjmsTtVUTx9kjsJsyEGeNYdxbPBK3BUO4rzWK6K3TSdkxg9RtUwhbNgaXKYMw69cX/S5q7GzbnXXyxw5p15cf/96DLv9UY1vbAZxYtJ4N/SZxRG0kDiPGY6U2AA2x9KEtezK6VU+MFizFcfNWfHS2471jFzYLV7Pvx4HsFDvfIW1Xi55sEUvf+WNfTvUfSYRYwTOlLOu/Urw++7OVf4N5/bd0r48rm1a4K6VSpSnD7aVNZl4uMC8reqQAXfXP3dUaJ8cLAnMLnFyuiH24SnMhOsxNgO6Kz51zPM18QNbD+9wwPciRTfNwMD9GyaNwJVf5K/n/XuUE8DzWmoagnym7vZ7iGxsp9TPiWYqHWHw474ti+VgWx7vSWN5XJvOuKp23qtEFVWnXvHhqUvwpCLlO/M1TXNkyiVox4A+qqnONFbytLxO4BrBj8zKcHWzx9ryr5GXv3X/QH0Dv3mswQT6O5KREUJGfLM+t5NOrJ7xqqCA3PYHKxw1UNL7l4g13egweKwDu9hegt/qxK+NmLsDB3Z+HCSlkPUokKzYI5yt6nNu7hPxoJ2XRTIbvJbKCbxLvZ8PVC0cYPnoUbTp04cfOPeneux8bdDZjdf0qbt7uePl7KzD3/Ab0xsxACqw1qbq7jtKbWtIWUee1UVlo9jXLXKz7Er+W3lD2i/+SL2adI2adbaasVP8it1W50t9E76XBZzMVNxeQaTKR6IMDSTg+isIrC6hTZWNzX8vr4D1KzfFPqRIYxRzitcC/USBedmsd2RYLyDAR8zaaTbbpHDINpxN7ZDxRhyRw1ZtK4slJxBybQPZlTcqdt/PYa6cY+RGxeiO+pBkqpv9bsTWf5f1+DD0iJr6F+muLeSl/U+2lCTyzm8ZrRw1e3pjOK6/lfI7axbuAzTy9MY9nt+fx2nkpjbZTeOWkJcY+gBidHkRv707+mfHk6o0kbE0r0g71p/j8BDLE6kstNYjc049C+5VUO22g5KoGL5KclM+zXbt2/9fV7KrkMFs3ric8wI2IwHtEi52HhzzA39OJO5YGJCcnU1ReRklZidh5jlhFugLzwrwsSsTYS+V3eYWFZGRlkpqeTlR0JH5+3nh6uBEZFUmmWFVGrgA/r4SA6CRcvYO4aGXPru2bmDdhoAC9J1OHdGemQH38wG5iwc0Y2buTMuw+uvdPypB7XwH6kB4/KTXG/7JN7T9Z+d//8d/u+/tfhtV/X/j297+8jmoVuyqda3OBdWtVZjcBevuWqm1pLekqEO8qRq7ajqYmTbX3fOkCjaYRpS9fsfVLYMnxayzYf4EZ204wcb0uI1ZsYdhyHabtOsvSM7fYdPEBB27EYxteTnjBS7KqpdW+JrPqDaHZz+T+Kk7cy+GAUxb7pO13zeCwWxZ6noWc9yvBxCePs94FnPPOwS0qn6LaBj59eCFm/lRg3sBvH6S9r+W3FzX8In3Cp/pcPgnIPwjIv8jxXUUS70qieZPrz8sMTwG6AxXRtykOtiYv6ArZwZYk379Aksd5klxNSHQ1I8rBiECbE1idWMWBlZOx0F2Ep9l2kYmTlIZZUhUlQUCQFY88LYhzv0iC2P3t8zuxObGa3NjA/xHEP3z4wO1bdxg9cpyyt7t1C1XK1M7KNrARg6ewbPEWNqzSZeNKXXZvOYy7gDojrUCZq05KfERC3CPSUvJ4lJpDSlKO3JdJfGymwDGM2zfvYSEQNDa8hIG+KQZnjMWAL2JpcQnjY6fZtnwHSwYvZkfHKWwfPQfthZrKyKXFRSt69BwiJj4UNWFW715j6dNnrPw8nJ7qI+jWY5jcHoZar1HMn78GXwFxZXmtAvK66idUV1RTVV5BeWkFJYXlFOSWkxiTiu3laxzffYTD2/bx8yFVrgZ7/P0jCAqKUubTQ0JiuHcvkBOHz8o1Mwf1TupozV+IkZ4+FiYXuawCOvVZfKlJFUA48tD5Mr/VpPAy6CrlV7ZRenELxRc2kXlyGRFb5xOycT4Pd2jhvXQKd2YMw0YuxJvTh+E4ZwiuC4fjsWQUAWsnEbpxCiFrx+OhMRS7Ef0407475zursb5tT4F5Pzp9p0aXlv3o2WEIywTMuj+osbHzMFb2HM+lvuOxbNuLvfLYoWLgwwTWS+WDu7lhM05r1+O6fgM+O3VxXqONoXyh+9v1ZlfLHui0VEenfX+OD57InY1beFyWrkD92e/12OuaIP57UxWDabLzXOqUle3/Gm5XwVw15F5e8jvQm6Cu+peXm4TDnQtK3XEfH3vCQlyIEENXwTxSdTvYkdLk+zwpSiIlxA2ny3oY7luDxZGtZIbe42NNjhh7IA2JjryIs6I+yoInEVd4EuskVh7Op8pEPlYkSBQdLS2GN6UJfKzLEYtO43FOFDVpD0h3Oc99k+14mh9Ad3Yvwm4Z8v5JAe8bynhSEEeqtx7Gh5ayYtl8Zs6exsRpM+jZpwnoqjn0UaPHUFGQRGluAh9UeZw/vZJOoZH62mLSEiIoqZYI8sUH4rIr+fniddQHjKaTBFntOqnRsl1Xxs7TYpXuCUzt3MSsQyX6jSAvOViAfpyAG/oUhN0k3ecyMW7mJAXe4L6DKds3LWPw0OF07KZG+07dlKPmyuWYX7XA2dOVe373FZh7PPBTPudnWWGkG0ynyHYpdb46fBDoKlvLCm35nHdRwC23c1QgN1e2mn16ZMg7MetXDw/yNv64mPxx3iWf403UIervb6TBcxPl15eSe2E2SScEyCfHUXR1Ho9d1yq2/iJgF3UuAkG7ZWSbi+kazSTdRCB+QUNsfDK55rMpsV1Bqd1aUg3n8Mh4npj7XJLPzqPYRot6eZ2XAdt4GbxLWTz3OU0sPUmPd+F7eOejw3uvHbz12MIn7y18kffzWiD+wnEeT82H8vHBBt67LeCDpxZvfVbx0nERDXYaFJwdwnPHZaTu+InsXd3IPT6U5J3dyDg8hKSdXcTOe1Iipp9t0pRMJtd4EtXXFiipYB87b+CR/mSqwptKUKqyCf7ftqVNmjoT33sOhAXeJyoskGBfd9xuXcX+oj53rc3IzM5V9jarhtsLC7IpzM9WjiXF+QL4fGVuvaC8ksy8QpIysgiPDCdAgrSAAF8xogekZmTwKCePrOIKIlLzcAuI5sLVG+zftw+tOROZMbKXMsQ+dXA3OXan+48tGKHWgZkjezOqTydG9PxJGYZXLZhTQfYPKP8+/P5ffyq68m9z6f/1py1pSmKa39PE/r2pnvrv293+mrP9r6vkVUPsqkIrqmH29i2aN6VwXTj/WwrXdxyy8WfxCVsWHjRj3s7TzNU+xNR1Oxm3Tpe5+4xZY+zENqtQ9t1MwMy3AI9HjcSVvuZR5QsyBOoxZY14JFVzNbgM/fv5HHbO4eDdfI64ZHNajN3Avwwjv1JMPHMxcMvA0juDxJw6Xr99xy/vGpSaGr+9b5Dbjfz6+jG/PK/ky5MsPtYm8aFK+pDqRN5XxfOqNI43JQ95lRdE4yNP6pNcyXtgR5bvVXL9LlMYaEWm9yUSXA1JdTejMFTMPcqB3BB7Qm/pYXVkNQeWjub8zvncNdhAvONxKsKtKAuzJsPfimiXC+TGeFOWHf8/mx9vaMDYyAS1Hr2/JWlpKTBvz49tuykg15q/mTVLd7JaSwethZsVqF++YE+GnFv5uSXKnHRiQhqpyVlkZxSSnCDnn/wuLTWX2IdpeHkECdDduWhui9G5C5gYmWN8zpTTx8+gd/wkpw4f4+imreyeuogNoyeyeMxwZo8YQpB/AGVl5YwcPZ3uPYcrrUu3wXTrPkzacHoI4Hv0HKnAfOxYDWVVe1ZGngLz2qp6amueUltZKU0MvaiC0oIyCjILue/kxqrFWgwW2Voyfga7VmzCwvAyEeGJxDxMITgokqDAaAlEQrCzc2GfzkEmjJiIlsYiTh/ch/6JY5joGwrQn2byVaz8g9hgfuAdciUqq3c6zOPrupRabKLAaA0Je+YSvGE6/mtn4qE5Cb9l03GaOYybUwZjM2kQdtMG4zhvOA4aAnbNUXgsG4uHfOlOc4Zzc8JgLnVXx+yn7mi3Vad38170/KE3PX4aSrf2Q1BrPYCZ36tzWmMF0zqK6a/R4U67Xlxp3YNF0gY0ky9QoG4wXYPL8xZxY+kKbq1YjdumbXhu08Vy1mJO9hsnUdRgdvedwPFJ87FctobipHAF2kpT1V6v+bYATkkk07QI7rFqmP0PkGdSUy4wF6BXlArIpVWUZFJa/EgpyFLyDej1DTW4Ol/C0+0y9z2vERrsJCajmkd3UYAeHiI/BzmSn/KAhqJksqN9CHK6grvFCbykxThbkOZtRUOqB6/T7/E87R6vsgJ5VfCQ9xXJvK+W70Ki6BfZD3iR9UDAFsSz7FAaU30oCr2Dt/4WFg3pxsgubVg8oT/bpvXn5KJhBNob8PZJIQ1ljwi130msWNp2rbF07dyNzj360E29v5KxrXmr9mzdsoGX9aVKzvp3b+v5+PG1XEA1ZKREkZoqJlbTSNmzj2SUP+OGVzi6+hYs3rqPfqOm0rpDT0ZNnYfmxl3o6plx191L/l5vUqK88LY5RV6oHcF2R7A5thIPyyPcMNvH+hWzGTxkiLyPXso8vKpgy/Bx49DW1ebaLRtcfTy4538f9wAfpTWlHC7kbaLxH0lifi29rqRL/ZytSgJzTVnVrkrO8i7xFG9ijvI+/hhvY4/yKvowr6MO8DVbDL7YXpm/fvvwMG8jD/MiUJfKm8tJOTNO7HosGUZTqRDI1zmvo9R2OdlmAuhzU0nSnyIQF6Cfn0PupQVU314lj5Eg8d5u8q9qibXPE8tfIgasRcnlheSZz6XqhhZ1d5fR6LOZ576beOazgcb763nqvJpnjgL7O8t4c3shb29o8NxqEi9vTeFjoCoT3CjqbQbSaDOC506z5bFzlHnyZ/fW8eTSaDH6qfJam6gwHEmZ4QiKjcZQYjyG6ivy3i9Po/LSVApNJwrMJ1NsPoviK3N47LiSeg9dquU9N8Q5Kp9n1y5d/o/JY/r064+L400BeRCxMZG43bHlmskZ7M2M+XmfLndv2pOdm0uhwLuktFBagQLz4sJcAXoBpWVi7jWPya14TEZBBXFpWfj6+RAY6I+/WHpw0AMSkpIE6pmk5xcSKx2Yd2QyF61vsX3rFjRnjUNjXD/F0CcN7Kqsdu8j4B4gbfbofso2thG9OtG3Yyv6dVHt8W3+R+nWv6x0//tfF8j9a3/63//Vfq/W9pdV8f/4U233b8Pyf4L5X+77llnu9y1pGaWP2W7mxvLj1iw5dIGle39m8c6jzN92iDnbj7H0qAXbLt3n4K1Yjt99hL5nPrZRtdxLbyQo7wVRhc8Jy32GR2otDrGVWAaXY+6Tz1kx81Ou2ZzzEIB752MsMDfwKRYzz8X8fjK+8SImL9/z5d1zvr6q5RfVXnOx81/f1PHrqyq+NhbwuTZRBCFGGe37XBHPV7n9piCMNypZKArnTV4gNXJ+lITfkgDcSoBuTaGfFQX+lmT6WFAb58zjVC8qpK8qT/IiO/wOwTfPYHl0JZqjO7Nn+TicjTaR4XmOihg7Zcg+/t6F/xHIcyTo26GzWylo0uz3VKoCdNXw+sgxs9CYu4YVS7axbJE2mgs2ozFrJRPGzGXFiq08CIxSErTkZJeQJDCPe5gkIH9EbnaB2PkjMjNylQVo8WLtfj4h3LnlziULO4wMLDAxNMNUmv5pA04eOs6xfYfYv3Urq2fNZOmUaZzYf4LTRw0kCHDm06dPHDv+s2LkPXqOorvaCLoI0FUg76k2CjX10aiLsS/R0hYYp1JZVklNZQ2Paxp4Ulcvll5HXWUtFSqg5xcR6uPHoW27mDl5Ae1bdmR8v+Ec3rgTK4trcj2mkJtTRHJiJiFBMRIkR+HuGsCVy9c5cvAMu7fvZb/2Bo7s2MipA3v527s0Dz4WP0TUj7dp96my38cL16PUWGtTbLKG7NNLCN0yTcx7MoHrpuG2YBy+AnSPeQJslaWP7cvVsf2xErhfnzuCWwL2O/NGcVNuX58+FFuxeJsh8pjevdnXpjuDv1ele1Wja8vedG3Vn+7N+zC4VT+mdR3OtA5DcVqzhch+wwjorM6ZH7szSix9oDTdYZO4tmw1FrPnYzxpDnZLBepbt+O6ZTvXV2zk4vyV6E1dwJEp8zg3dymRdlbKqvWnVU3z5PXV+XLMV24rIFctgKvI/tcwu1L3vMnOFZirhtvF0MvE0FVQLy5M43ljHZ+/fMbIaD8XTPaxadN8gbqNAM1JzNz529GJsGAnxdSzEnxorEinriCBVC8bUiR6jbXeT5L9Yerlc3+VH8xrubDeViZJBJ0hF1qcRNAJvClP4knMXZ6l3OeZ2H5l2A3Sbxzk6PJpjOunhqkETAZzerNsaGe2TOnDpW2zuXV6I3kP3XnztJDKrEgCbA9ivHEYat270b1Xf2VBnGrIvHmLdni43VAWDKrWEjyuK5MTJh0PF3u5/7ayyjyrpJb8ulckFNTh/CCJw8bWTFq8jhmaa+jQra/Y/hCmzVzIurXa6Ojs4ra1OfbmJ7E30KEi1pFAq33cPLcJj2snOHdwFePGDKFdhy5i96oFce1o3rIt6v0HMXHmDIwvX8D5vtigar5WLF3Vmur0PuHXkhuKkSspXAtVCWBs+VJgrRRR+ZSpmi+/ypuEn3kZcUAZLlfVGv+cbszn1HN8zbXgY9pZPiQI6CP3KVncPn6bi3/qqc1jl/XUOq5SWv6VeSTrTyRBbxwZprPk58UUXF4sNr6GGpftlN9cTZXDRoqttSiwWsRjp7U889xCneMKgfp8ss5NI/PsFCqsF1F3S4vHtxfz1HU1Da5reGytyfMbS3nrPo9XzhN5EzafJ7dH0uA7h6f+GryKWkq12xCKbg6gznsajdHrSDfuQ5llXwqtB1PvNpF6eWyu6UAyT3Un/9wAii4MocJqAvXyf9XZzafIdAIPd6qTcGgwdRI45F+dS5H9CkptNKlPbBpy79mz53/MCte1Zx9sr10lIjSAmNhYPO9cxM5cH5NDu7hmaMTpHTulE/EnN18MvSSfMgF6caEK5jkUqQxdfi6trCC/uoFHxTXECawjpBO95+mJi5MDHvfc8PP1JyQkRDq3aNJzcknOKyPwYTJG5lfZsHYVG5bPY+Oy2QL1vkwZ0pWJg7oyqMeP9OzQikmDuzNR2gj1nxTAD+z2o1K29L/+bTHbvwD+978A/M9z6f/7z9XfvlWOUz3n96prqlXwqvKoqproLVu1pEvnjvRV787Avr0Y1EddzHAgOtu0SZLgRCl5GpvLqrO30Tp2hVWHTFl/yJA1B39m+X49lh4wYI2eNXuvBXDaJQVDr1yMvAsw9S0WC6/mVmwNTol13I2rwT6iEjuB/LWwcs4HlHItvIzo/Oc4PyzDOjCXKwF5XPDNl9fIwcI3C9cIEY26Bj5LIP7lXQ2fVIvf3j7l13d1/PK2il9eFvO1Pp2vNXH8UpHIF+lP3hdH8FoA/jY3gBeZftLnh/I2x4/qGAeKw+3I9L9IYYgt2Z4XKBSYV0Xa8zTVlSfChOoUL8pj71EQ7iCPs8LHUpej6ycwoW9LNswahLPxJunfzsnrXCXngTk1eQ///+0e/+03wsMjWLRoyR9VzZrqjbei4489lH3d40fP5sgxc+Yv2MCMqUuYPlmTSRPmM2jAWLH4wWLZl8TKc8hMzyclMZ2o8BiRrUjiY5Plvhyx80wyHmWTlqwack/B3e0+1yxvYmvtwI3rLpiZXMbUwBz9U2c5fvAYe7Zqc2jnLvSO/izQv8G9+xF4eUdLoBrNkyf1pKdnMWDghCYbF4D37NXUVCBX7zWG3nLcsGk/mY+kjy2vFd7UKjCvf/JMjk+pqRCgi51nxMajt1OX9UvWCZD1GdF/NKvmLcdcJCo0OFrZm65aGZ8plp+UlE10dJpYejiOjvexueqAidFlCT72cUhnE+eOH+ZvdY4H+JTlj/TE1Lue5oXbUZ7d3Uf5pXUK0DOPzZfOYqZAfTq+KyfiumAMLnNH47V4Ao7TB3NtbD/MhvXCaHgv7AXk1zVGYDNXQD9nBJZTB2E+sh8XBvTCRE2dYz/2ZMx3Yt3Ne6Ouas36iLH3YaAAXe2fPZjaoh/2GpqkjBnPw67quKv1YVmrHgz6rguLuwzhxvqNnJ82H4MJs7k4R5Mbq9YpW9Uc123ltsDFdP5yjk9bwOlZmtzZd0A+yOxvC96aVrGrjsp8eeW/htgVO5dW9W1luzLULq2suAnmqqay85KCNImymhZ16J05gMMNIy6aHuaC6VEF5OFBdwkRkIcGfWsCdFVmuPD7ljwviuBxvAN1kTbUhl2iMcmJFzlBvM4P5115ojJHXp8dTV2SwFtVTCPJnTK/CzyOuk1Dkie10Y4EGW1kTu+OuBxexQP9lVzQGsIFHQ3um+8j/PppIr2u42V1nLrCOBI9TUmwX8itPSOZP3kAXdR6K4VSmomdqzLFuTvZKhXtGmokkKnIJzkpikAfV2WP8APpeJMloo3PKeNhVgVe0Rms3XWcBSs301six66dejF74hzO7dPH2cCa05u3sXXlYrasmEWo4zmyAy4SceOoEsk7yHs7d3AtY8aMFHD0UoCuWiHfubs64ydPZ+aCeRzWO87Fa5bc9XLDyceTu96ePG1s5Lf3NcqCt1+L7AXqNnwSM1dtUVPlX38pFv4q/gyf88TAsy8rQ+xKbvQsEz4/OqdsU/uSflbgbqgMyX9QEsmobP4sryOP8DrsKC9D9tPgrcNTD23yL80j13wO+Zc1KLg4j6IrC8i/OJ+M8zNJMdYg/aJA33opDe7reReiw6eE47wNl+ff20iOscBcfxIpJ8bIcQp5xjMoMJlBiekMqi/Not5yHG9dRvPh4WIx7TGU3xrI05g9PMs4QmGAJnkPdMj1XUrdo5NkeQrsE/dSHadNeeQq8rxnkXVvMtke08l2nk7urelUyWNqfWdRdncieddGU2A5ggLbaVTfWkCN03Je+u2k1HIhJTcWUGSzlPIga+Wc7dOnz3/fa/7d95wxMpfvP5HIqGjCw8Jxv34eW9PTGO0/yIUjJ7hmcQWv+4Hk5WVRqAJ5sYC9MEuuiVzpaHLJF0vPLS4hraiSpLxKHsQ8IjA6idsOd7lsdp4bdjb4+IipBzyQa+IBiSnJAvRS/CLiOaZnwEKN2WjNn8kSjSlMUQ27D+uhAHxwjw50aNVMGWKfPFSNUb07M6Bbe/p2bSdA/+dfMsT9p8Vw/60G+r/VUVcKsEhg0K5NK4F2NyaPGcbi2ePRmjeRZdJWL5zGppXz2L5BE+21i9Fep4m5sV7Tgs0PnzFxi0ZLz555B0zRVMH7sAEbTxix/sR51p66xNbzDhywC+HcvXTM/IowDSjGQKB81isPY58CLgTKfb556LlliLXnYehTjoFHgbxuHLdCs0ktekLd0+dUNrwjMFUCoJQSfBOK8I/JI72gitevxcw/NArQa5V95l9fVzWld31VyNeXuXx5msqXihg+lYTzqUKMvCSUd4XS52T70pDsyttsb56nuVMbf5tS6ZeS3Q3E0M3J9zGhOvgSlSGWlIdfIyfAkgwfOUdcLxDjaIr/1VPcOSMCtX8W62aqM7FPSw6tmoj3pZ3kBZiT43+eOJej/5/nxx0cHBkzarySMvX3VKqqambdOvVmyri5zJi8WEx8AwP6jaV/31GMHTWLKRPmMV5svXu3frRo3kGBelhwrJJlLTE+leDAEAJ9g/CV8zY8NEaBeVpKBulpWSTFPyLIPwLHWy6cPnGWI3uPsFt7F/onTnHewJRzck6ePnaKXRu3cPrQAexs7uLqHoSHVySenpHc8wgRa05V0sFu236AHmLkPXpLUNF7zDegj0NNWv+Bk9A7bS52Xkt1SYUAXJUV8ykN8p0+qXlCZUm52Hk+Ub6+6O/ezwHtPWxbrc3h3Ue5JvbteMON1JRsZc96aUkl2Y9yJRjJlms0HjcXf+HPPeyvOWFjdRdTw0sc2KHD4V3a/K3aTocnLsf4nORA/d0DNDoLCK9vo9RsBUXGK8jVW8yjIxok7Z1N2KapuC8cw925o3CYPgK3OaNxnDoM88G9MRzem4sqSxdzvz5/FNYz5f7xA/l5oDr6/Xuj16sPe9qrM7dZT4b80Js+zfrS7R9q9BRbV/tHTwZ8r86MVn1wnjiVRxMmkiRGH9WvL+fEICY078q4lmqYLdDiwpylnBo9i1PyhZppLMFq8WpcNu/g7nptrLTWcm6OFvqzl3JDzLFWQPw7wFVZ4Ooqf0/tmiMfcBPIVUBXWXnFt1Zemk7FNzNXgfxfQE+lKD9FOREdXW5y390SE9ODGBjuVcqlqpLLBD9wJERuhzwQoMtRdX+QpxUZcqFURV6hLtiIWn89nic7CMwjeFcaJ2aeLmaeKBeZJ+UBFqTd0SPKajfRhiuojbpFY0YoDan+VIXaE2i0GWfdBVhoyud8ZDkB7nbEhvji72CGr4MpducPkORtS1miH3H3jLnz8zJWLx5FN7UByla171u24Ye2HbhibkBjTS7PnpTwrL5G6awLisW0qmq57eyBT0Aw7j5BRCblon/Rjm2bdDku0ebhtbu4bnCNWLco8kNyyXEO56ZEtGOHDGTXqtmk+V4l5uZB4l3OkupnSZy7GSbHN7Nk6SI6dOmm2HnvAQPRXK6FnuEZrtpact3hJvaOt3C458zd+/dwlJYpNvjbh6dKXvav+VZ8zrrUtAUsSpWtTZ/3iT/zUeD+PvHEt0VxV5rKkOZd4VeVyedfFpCrypWqHnta2dpW57JO4L2RFwE7eRN1kgb/vVQ5rqXgkgYlV+YrLctoEpnGAmWBe+q5yeTJfTV3l/Mu+gBf08/wi7zmlwyx/OiDPPfZyEsvsXw7TcokICiR56jKmWadmUTCnoHk6Y3lfdB6PoZP5WO2Nm8fbaH63kRiDH7CelUrgqxn42owkJOL23BJtzdhlsNxPtkZ5zN9yQreTFnSIR55a5AfvJTChxt5JDaf6b+MBMcZlIauELPaTr7fQqrD11LiPV2CxL0Uey8h9kxH8k1HknRqBDmm88nzuqScswMGDPgjA9zvbdyEaYSFRxKbmEZIWCyBAUGE+Lnj7e7MjctXuSqG7nTHhYdiOdnZaeTnplJcG/B3CQAAgABJREFUkCmtCeg5OanY3rmMju4uNmnrsHL9ZuZrLmP2vEWsWrOKPTu2Ymp0jtu3HfC870tQUKAyBH/V3p75S+bRs6c6rVu2oLXYcJvWLb/VC2/GD82+p32r5rT+4TtlLn38wO6M6d+FAQLzXh1bKyvR/5JM5t/A/p9grlrs9oOY908/tqFXj86Mkj5rxvjBLJk1htULJrJBayYbtaazSWsGW5fPQmfNfHZvWc4+nXUc3LWJB35eyudY0/ia/WLdS0/ZKnPjc3RPsViMfNURQ9aduMAm/atsN3Pm8I1IgXkG5gLzi4HlGImZn7iXy1GXHGlZHHXKZM/1VGlJ7LudwZ7bmRy6ncJVsfGonBpyqhtpeFzN+1f1vH73guevn/HqzUtev3rJu5f1Sha4r6ph9ndVyta0r425/PI0g18aMvjyUrWiPYMPZZG8LX4gLViAHsybwkBeZHjwLMWV2pjbNKa5UBV3g1IBd5a3KXk+ppQGmFAVZEr+PT3piw4Rc/0Q0TeOE+VgjO3Zg5zWXs2x1TMx1p7B8dUSBI3pzLRBbTE/sIQE57NyblqS6KZHdU7U/xHkjRKwm5hcQE36dlXtcFVdcVXt8B+at5XzdCSammuYJQa+UlObpdKGD59J1y796N9nJBpzVtC1a18lvWqL5qptjB2ZOW0hmWn55GUXkpogwPYLFZmKxM8rRIAeR3LiI4F5DkkJmUSEJXDT3hmD00bMnDSTfr0H07lDN/p07cH+7Ts5d0Zl6IfZs2UHB3doY3DGAPvrbji7PsDVJQgX50C87oXw7NlzIiJiUVeBXF0F9HEC9LH06qtKvjWefoOmcOuOpzCmRky8kKKcHIrzhEU1dXJfhfAkn7KiYsoKSshMSiEu9CEBnoF4OHvL6wcLS6IpLCinsuKxBM4VFOQUK2sBQh6E43DdGTOjKxjqqQIQc86dtcBAT1Xk6DR/q7TdRu11HV57n6LeYQ8Njro8vakjdq5F8fkV5J9bQr5APePwHBJ3zCBYaxyus0dyd8ZwPOZPIFBO/rszR2M5YQjnx/TDcuZQbMXO7eaOxEyArj+4P4e7q3GkR2902nRnVfOeTG/Rlwkt+zG+uToDBeT9BepjvldDt11v3AYOIWnUCFIH9iVj5CBuy/OXdpJIsK066zoOxHLZWg6Ons3ugVM5MnouRjM0sZYTwG7lRmylGc7V4uT0RVxdvYkqAXAT0LP/WPj2ZzOv/WbmTXPmv5v5I2URnGqYvaQorQnmhY8ozk+lMC+Z9+/fUFZWiO210zi5mksHdZPggDvyQavSuwrUA5ugroK5ytxDAh0I97eTk/wcIcemiO0t5VmsHW+L4nhZnEJDbhy5Plew2r0AS91l7Jnei9XDe6I/tx+ZDmd4kuAjF58rVWLpeR7GBJxdw4Gp6jheOIyvhxN2V87jYHcBK/Mz6G5azE2DnRQn+1GZFYW39X42LRpOdzH0Zi3bCtDbKfvPzUxOU5ITzZPqPF421lBdXUZ+QR6VNTVEJ6VzztKOrXsOc87YgjkLlnHm0M/kB6SS7RlDqNU9/MyduSZmsmv+SjRnzmTmlHEE3TEmwd2UEMudpHpaKPWTc6LdcLM7x7iJ4+jYrYeyIK/NT53oNXAQKzatx8DMBNtbdtx0dhSgu3FHmoOHG1kC9F/fP+Vl+B4+phiKhV9Vtq69izvBu/hjfEk7KwZuoFj5bwWWShKZrxnn+Zyqz8ekU3yIP8qbyL0C8q1K5rYaxxWUXltAqc1Cymw1KbVeQInlXAH3TPItNMgQeGcLyNMNJlFqp8ULvz28DNjOp/jD/Jatz68Zp/kl/RTvw3R46bOONwFbeRu8m/fBu2h0Wc7TO0uotJxJ2vEhlJlNpdx8Mq89NPicuIh04x5U+oylyHUY2fbDSXeewLm5rdk8pjmn1nTh9Nou7J3bCsu9A7l8bADhrvOJ8d2KweZ+3DWbg5f1aB56zcNWTx2zwyM4s6E7kU4alMdtlqBqJbkPlojZTybdbRaZrlNIujGSsgdaZNlMo8h6IsX+FkonOnTI0H9LnfoPToqNPIyNIyQ8ngdBUdz3uE+w3z0CPG7hcs2M25YXuX/Ph5T0HLLS48nLSpCOJUUx+gWLNOjZeyADBg5lQP9B9Os3gN59+tOlc1d+bN9BIN2KFgLrAf37sUNnBwbnjbh05QpaSzRQU+/FTx1+okULVa3y34ul/EMZSldVWlMd//mPf9K25Q/KivIRvToyaUhPZaW7ese2f8ns9u+Grprr/l6VzU1eu1PH9vRT78qoQb2YNGogc6cILKSvWi4islr6rjUC8jXzxrFu0UQ2aU5hy/IZaK+aw7YV0tbMY/cmLfbqrJW+oKlcZ3RONTqXfFl6wh6NvefR2H2GBQL0RXvPsPyoKRvP2QrMXTikwDwTU8XEyzD0Lua4ax57HXPZ7ZDNzluP2GabhPa1RGmxbLWWZpuo7Ds3ckvDzjuR0PQCahsaefOshg+vnvBJtXj1rcrEBeKv6vj6qozfXhZKyxOQp/C5PJL3hcF8rojjS0M2XxqlVccq1dM+FAnQ8x/wPNNTIO7GCzFzVauIshORuEu1HAt8TST4O0tduAV1oWZkOR0ix+kIXufWcGGnJpry2an16EmnH39kWK8OmO9fyW29tZxaN5mFo7uwfm5/3Mx2URxoSWGwBPbOZ/4tKetv5OUXoLtnP+3bdlbmxlsIxFU50Js1a63sJR8zYhqXzfQw0d/C6tU7WbJkM5MnLWCw2G7XLn3p0L6HBH5dad26swL0Jqj/yJZNu5qStBRUkPAwmXt37+Ph5IO9tSqLZ4yAPL1pqD0uXQw3gUvmNqyQfq2XcGXUkPG0+aENHdv8xMIZczl59AjHDu7j8P796B06jv7JM1hcuIL1lRvY2zrjcNuLu87+xMam8PLVazSXbVFArgJ61x4jxdDH07vfREaMmi0m7UNGahrpyQmkx0eSHBkk15CwpbCI2upqgfsTEcvHwp8acrMKiYlIwMcziAcBD8nKKKGy8jF1jxuprqqXv69aAuoKYsITcHFw57y+KQd09rN7s64I117WrtzGVhGvv5VbbebJnb08ubmLqqubqLuuTa3NJvINFlFqvkraagoF6gWnF1NwfAlFh5eTsno6XpMG4SR27ioXh79cCA5yoViM6q9A/drs4dgL0K2nDeHSmMGc6t6LQz+pceAndXa268O6H3qh8c+eyn7yBQL1Fa3U2d9GDase/QkYOZy44UNIGdiHvEnD8BsxgP29+7B+wBBWqw1Cf7oGxyYvYuvAaewYPot9o+agL1C/MH85FzVXYSJHg1lLuLh4GWVpUU0QF6DXfJsvrylr2mde9c3MK8sy/5grb1rN3gTzJqCrYJ6mwLwoL0UBemNDDb/99iuOYsTurhZiNbewtzeWqMpaKZsapCqdqoJ6oFi7HFVNldc9yNOasItbidabSG3YZaoTvSmO9iHK+RIe53VxPbGGGJN1PDg5n4dnl+G6ezbFvpZURzgpc+jlobbSOVsRYamLtcB/38pZmBidlgh2Lvv3befA3u2YGh/H9MRWHtwxpCo7hgy5SG8b76CvWHGzViqgt+eHVu1ZormAMG87yvPieVZXwhNpNVUlVFSUUlxSTkxaHmZWtxgwdAxdJBDrqtafA2Lnh5ZvZ8rImfTpP5p2HdVQ6ztYWR1tZHiWZFXqW7sD+F/ZRfz9KxQn+FOeHobbdUN69+1Dmw5NK+xbqhLUtGjLj126M2nOXI7p62F/5xY3XZy45eoqUFcZep6SHKPRfzMvQ/eIlZ/hU+YlsW9VMRZVWdMLcvuqko/9jdjzm8g9vHt4iDeq3OmBOjzxWEu91wbFyEvtFwjY5oqJz6LYWmz86jyKBebZRhNIPj2CuKNDSTk9muKr85Uh9DchuyRgOMFvefr8VmwmAYMECg93CMA388J7DR+j9vM1SY+Pkfvl/oN8Ct8lQfAiaq5MpurKNJ47LKHh+mx+ebSDl8naVAZoURG0gfKA5YSc+ImHZgNw3t8Vi23qOF9egNneoawf/k82T+nCDVMt8hJ2k/nwJDumdWFal//FhgXt2bCkOysmNGdan7+zelIHAm8uwvPiKIKsemF7oD33DfsRZjuWAPP++JoPwNOgEzli7fkeE3n66JrSoY4cOfIvudrV+w/F0+MeISFh+PgGybnsheMNB7zdbuPnfBV3WzMcr1pIcBpMdl4+ORkJZD+K4WG4F6PHj2L0hFksWrKGcZNm0KdPXwXkXbt0E4h2pl2btrRq2YpWAvXOXSSQa9OO75urFpT9nRY//KDAvE2r1kpe9D+KpigZ3f6pAL15s++UPfEqe1dlhxui9hNThvdShtzVOrb7ywK4f/yjae77h+bNFMsf1Lcnk8cMZMHMMdJpT2D53NEC7gmsWzxFTHwCKzXGsErauoUTlONK+f2GxZNYLz9v1JyM9srZbF89l22r5mJpqid9QB5ff/kVt9hiNln4o3XyJnN3X2DebiPm79Fn8V59lh42Ze1Ze3Que7PvejR6Hjmc9SrCwLeIM/cLOeScwx4HgfmdXHTExrdeT2aLbTzrr0axzjKSLTYx7LyZzEGHR1zwzOVucBGOAckkZBby4mkdn1+qcrFLe/2Ej6+fy8+1fH1WxJfHqfxSE8WXYj/eZbrw6pEbb/KDmgBfn8HHmgQ+l4bypeABH7MDeZXpTX2KCy/S3WlIcqT2oT0VoVcpCTCjLPC8BITHlBTTjwXoNQ8MSbDbhcVuDWbKZ9+1c09adepMs7at6N7lR/R2rMD/2nHunNFWjH3uyI7obZ9L3O2flZzvaZ7GvHxa8QfQ48Me0qVtd5oLgJt9147m37dVoN6mVSf69BrOfDHvRRorFTjPnKtJ//5ivN0HCPy70bJlR4F4J9q368GPP/amw0+95b4OSjEUVXBw9rQJtZVPxNCLcLvjgvGpc5ieNOSS8WViolJIScriYWQ8kRK4+vmGSV8dyNEDp5gxbiajB49i+GA5D5as5vDegxw/fEiAvp9TRw4INE9jefES5hcuc+H8RcxNL2Nz1Z6bN1wF7O68FqC7uHnRTW2kAvVuPUfRq88EBgyeipbWZhEuf5Jjo3gUH0VSuB9xDzzJTEmgsrSEZ08befq4nie1DVQL1AvzSsl8lEt87CPS0vKpqmrk8eMX1Mrva6oaBO4N5OdVEBudKu//AUZ6JqxZuIqJwyfTr9dQOnfspRSP+Vua4RoKTVeTZ6hFkely6uy2UHF5NUXGS+S4jpILKyg4q0nBz0sUoGfunEvq6klEzRqOy7iBXB8zgFszRuAjULedOJjLYwdycVx/bKYO4tasEdhOHozFkP4YiKWf7dyLI+3V2deiO7o/9OBE827ot+6JcXs1rnXrx73BgwkZK0AfOpRHg/uSL9YfMWYQ54cO4OSk0ZyaOY3lHfuyb+R01g2czvphs9g9VoMDEzQ4OWMxxvOXYTRbC7N5y7i+ZjXVWXHfiq3kfNtfnt00T/6nlex/tOLfh9nT/mTmAvOCtD9grmpVFfnKCRoe6s6t6+ewsT2Lh7s1gb43lRztQYF3BOp3FLj/3oL8b+JieQgfvcUkX1lP9QMzKh86UBpzjygHc+xPbCTLw4JCMfWycEcyXEyJunqQfD97yoJvURpiJ0drih9Yk+5uxAN7fXRWz2fF0oVs3LQK/bPHMTM9y4nj+yRqW4PjxSOUpYZQmBiI311LAfgiZcj9uxYSFbfpgFqvfuhsWcn1S6fJTgjkxZMyXjXW8eJFvZw8peSLIUfFJGJhdZO9R/RZuGyDmH0P2nfqjVr/UbQVmPfqNxwNzZVcMLMg2NuFeP/rEphsJMD2OMlBNymI96cqM4LTB7aIqbVTAgnV6vbmrdrRTICuKtIyZNwETpw7y2Uba+zv3uWmqxu37nmQKQD59dNLJY/66whdZaHbpwzTpqpoqoIs6ed5FbZL4L2VV6G7lK1iqkpnz/y3i5FvoNZ5JQ1eGwXs6yUo2Mlj13U8dllNzW1NCi9NJcd4EjlGk0g8NpS0n8eJsc+jwX0Zn2N1BeCmAnJzfs0z5EvKMd5F6fA6cAMfwuV9xBwWiB/gU/RePkXp8v7BVp45zqfxznzqr8/lqd1M6m2m0Og5nXc5J2mM2kbmpYmEH+rK1eXtMNZow96B/wsP7R8Js5qJn908ruuNR2dKezZN7MTJtaMx2z+K3fM6oj3lByZ2/X/YqqnOib1jOKOrzh6tTmzX6Irp/rEcW9sN401tOLGiPcc0W3FSoxlnFv9vbhz9kbtnmpEdsIQMj9HUZtkq5+vYsWP/BXQxXJ09hwnwvoePjx8ebp44CMydbrng7e4udm5AgKstId53SY4XW8hMJCM5guy0SMzPn1JAffLCHabPXiRW0ktA2kYA3lJpKlC3bNGClj+0EMg2p3Xbn/ipUzdGSJA+fvw42raW715+r6pMpjJplZmr2vffCqio7Lx58+8F8E3w79urO4N7dmDa8N4M7NaOnp3a07mDBITtWslrtUCt609MGDWABdNGsnTuWFYtmqQAfMPSaawVUK9U2fi88ayX+1ZrjBaQi5UvGMdaMfNV8vPquWNYqwL+gvEK0LdqzVTKuZqfbZoHfvHuMybemWy1DGHlWRfm77vMPN0LzD9ormxRW37Cko1GDuhYBophJ3HcLY/THoWc8SzjhHshe51y2Omgarli5hnsuJ4mLRltmzg2Xo1m07UYdATm+xzSOHTnEXquWdyOrCA59zGp2aVibjm8fFzFB4H6x1fVfHwpgH9eweeGXD5XP+RroRcfUq/zJMKC6sjLPMvyUfK0/9aQzqe6JD6VhQnQ/Xn7SOw8/o5i5PWJDtTH3+JxpDVl/qYk3zlEhth4jvMx8tyOUe6rR5n3CaKtt3Hp4BKG9O5Cm7Zi0y2biRS0ole3LujvXo3PlUO4mOzCfM9ylkzu8f/S9RZQVaVtA/a7vrfmm3fCbmxUBMFAxRZBFFRCBQsDuwNUTBSDUFEQpFsQMDFQVASUEFAakW4Uu8Yanbn++2yc+eb91/+71r3OPgc4HDd7P9d9PXE/LJw2kDCnFeSfdyb73H7yrwf+CfTPHz8xot9QZcy7xU8dBT7qaGnoYmE6D+u5KzAynK5MbuuhpkG79j3o0L4XnaSt79xJQ4luXbXlsT8dO/ans5qmYuk//9RW3qcHJzyDqC2v5fzJSMYOGUX/nv1ZNNWSww7OFIj5qibJXYmNJ/ZcHCfDzhIeegY/v5McdHRjl/1BSQgO4XzgCDu372an/Q6BuT2OO7exy3YN+3ba4+y4n0MHDilA9/LwJcA3nAC/CDIz7tHU9ATDiTPp0Us1hj5CJEgYNWs5+/YeIiHuKpl3EriXGEdK3ClyUhMpl7b1SWMTL5++4KkC9afK2Hp5aQ0lqiVsD6sF5K958uQdTU/eyvu/lO95SU3dM3KyS5SZ7tGnLrJl/XYmj51C/96D6SbnTLXXumpZ39/yHK3IUHWnbxaLcZ5Jg6+NMn7+8IA5tcfni6lbkLLGkKs2+qStNCTZehQ3zIcRM1aHoCH98dbRwH2wJoHjdQkxHIz3CE18Rg/AWww+dNJQgg2HEKw/lGNi3Ef79WOv/AF2duzO7tY9OdKpD15qfQjq0ZdzAvHrerokjdUjXSy9YKAG5eMHc3/8UDz1dPCYMp4Tc6exYYhk2J20mNNvJJYa41g8ZBI2AvYVI6dgN3oKDhNMOWJiTpTNAmpzkgTkec02/kf3emXeX2Cep4D8D5j/YeWqGe1lf5h5scC8OFOJh6p40Fx/uKwkhxNeOzkZfljs5jhXLwZy7VKwEiqwN0co8ReDifa0x2/hcC7ajeWezzLKzuym6tpxym6Fk3cpgJRoL0pTL/KoLI+XjyqouXeTOz47Kb4SSFFcAKXXAii/GURxQhhZF45z7bQfkScDmGw8UYnNWzZgv80WKysLRg3W4Oj2paRcCKA6N4mCu/HYir23aNNZmZDWUkDasl1HAXQnpk0ay+UIF/JSLlFXnsPj+lLevHwkF1s9OffTSbp9h7Tsh3iFRLNk03a27jnCLpcTbNhxEOcjx4k6FY6/hyOe+9cTvn8R4XvnEStAT4n1oSg1lvqC2zhsWabAXBUtJJlo7iloLQlGe2XDllmLbXDxcMPnZBgBAvSgmNPKTOjfv7znffo2ZZKbapz8S8FR3t/ZzatLK2mMsOS1mPibm+t5fX0Nr+PXCcyX8eKSys4X8OKKWPPFZTyNXcrj0wL4mHk8Oj2fmgATilxGcXe7DrkHRlAbYMyrs5a8T1jMr3c38nvJEb7k7uBT+jo+pW7gQ/I63t9awdsrC3gbv5iPyWv4cnsdH29JEhFlwYtwY16eNOV5kDFP/SfxPNBIwD6Mp5em8iRpCQ8Oq3PN9J8c6/8v7DW/Y9+UrsxR+xeHRv6dO7vVKYy25LSLHu72FuyYrcemqRpssdDBUrs126x6sG2eJF4W3di+VhP7hR1YY9ySLaZt2DGtA/tmd+XA/K44Le2Hg2UHFg75iXVj22Az/Ds8NnUlO1KXsvhJ1OU0T4obM2bMnxPCvv+pFR4e7pyLDue0nPPIkHCx81AunlcVk0nGa98mzgQf5Vq0J1lpN8jJuMG92xdJSzrPChtrWouBb3P2p7/WUFpKoqjahUwFb9XYt6rErBKq7UMl2nfsirq6ujJmbT3LEl25f1sqXe3f/7mVqbI87Julqya8qUK10YlqzLt3985o9hCgD1FHT7Mns8wMsZg0ElP9QUwZOwCLCYPEwvWwVNn2lJFYTRnBrG/d6NYC9NnGegJ1aTOMhipGPt9sLHPl++bK67MF5nNM9JTn1oqhj8FmxgS55wuUc1bS+Br7cLFpz5tY7j/DtK3+TNvsiYmdB8abPZjpEIjNkbOsPJEgQM5m25lSiTK2nS5la1SxAL6A1SEFLJfHlSF5rAjMZqUq/LNY6ZvOcrH0lYEZrJGfXX8yRww9B7uIXA6ezSU2pZjSiirqq6torCnj1TOB+staPr6s5tOzUj43ZfOl+ha/Fsbw6a43DVd2kxW2hspbPryvSEdVX+S3R2l8qrnFx4eXeJMZRlOSF03JJ2hM9qXxlidVV1zJObmdyy7zuOO1jIJIOx6etqcwYgOFJ9eS6b+CkL1WTNLrR7tWIgMtWilDKQaq9njbAm74b1GqwXlumclcw75YjOnFnhUm3AreSWrkNuJ91/KisexPqPsc9qR3Ny0Ga45kxJBxShe75ZxVDNAaTXd5vataf3r21KFXz0F066ZD127adOmiqYC8cxctuqgNkNCR0KZdhz6SQHagrRi6u5sPZfll2C5djsHwCfRq1xXrSRacCY2morROmQh38dw1oiNjlaVqgf4R+PmE4ekRiIu0Z0cO+3LA8TC7djjgIFDfs30Xe3aolq6tZv3i+RzYvQPX/U64HjyCx1Fv/LxDBeonCQ+LUpaweRwPoHuvYfToPYL+OuMZO36GwN+DlITr5KTd5O71M6RciaYk957YeDXPnz7n2RPVErbHNNQ1SjQpJWGrqxpoevxCxOqTAvRnz97J8UfleW3DC/JyS7hx/bYyUW/RvNUMG6RPv966kgT1p03LzrT4sQ1/y7KfSvI6AxJW61PiMptar4VUHrKkyHEaJQdnkrzGgPDpukTO0SdxhRHnzXSINhZ4jxuEvxj6Ea0+7OvbGyedvoTLTRJtOkpMXVNiAP4CfT+xdj89sfUhAn2Bul+vPs3r0tXU8emlyfnx+qTOMCPbUsJsEjmmRtwfN5KHwwdSNWEYeYZDCTMYgb/FRAIWmHFqzQKWiSWO+kGdcS37o99GB9OeekxXH4VlDz1sxd4PGhhzboU04LnJStU3lZHXKI+5yqS3KoHXnyD/1sVeWf5t8psK6KoJcALuMoG5Kv5q6A+/jaO/e/tSYO4qhr6XudYT8Tm+i6uXAgXsQX+CXRWxwU7E2E/j0sZRJOw3JTdsExWXXHmUFkN54imq70TxqraA929f8OnXz3z49FGOX5EYdoiMK1FU592m+M4Frp8OYIbpFIYNH4mOtg5Hjx1mgsFYZs+ZyZ69O9i23Y6hujoM7teTAxvnknophPqH8pmzE/FxP0i7jj2UWeaqpWvf/9xagbuqq9RypjE+btu4ecGf+9Joq3o0ngrYn9SXUFaUTfLtFJLv3ufM5asEh0dxzCuAfQf2E+x/nLhof/asn82kYb3YtnAC3jtmc9HXnqSznuTfOUeqJDN6kmCouth/atls6T8KAFSbw7Ro20EeOzDK0Iilths5GuSPd6TcaAKY+wJ0IbqY+T6B+nZexK1SCsCotiZtiramLkK13nupEs8F3KpSrk/O2wjUVwjIl8v3zqE2Yhb1UbOpDDCjLngGqdsGkyZG/uDwSN5etOaXa9YC7vX8dn8LX7Pt+ZrnwMe09XwWsH9Kt+Pd9aV8SFojRr6B38TUf03byLtr8vtCBdzBk3gRIlbuM5GmExOUDVVehE/n1enZPIsaLna+nprLFuQf7M0Zg//Bpf+/WdftHyzr+R1b1L/jsM7/ckjzH7iP/gd5p6dTme5EXOBajqw2Ysuc0cyZ2J+B7b/j6MYx7JqvyfQxndiwQAP7Oe3YYdqCY2uHctSmNydWDGDduPbotPkO/a4/YGfYms1GbdkytR2xrtqc3PJv0i8cVBpTfX39/1t3rjmIiPBgokL9iQwN5WRgCOdiYpUJQxmZhXg4rGftPFNCvY+QcvMcKTdiSE84Q3SIB5am01Dr2BHT2UtQE6P68SdV1/kPCtBV+3837w3+nz+B/rMYnZZ6N4z1R+J9whdbuy2oqXVr/t5vhv7dtz3MFairut2VPcab37NTmxb07NiKsdo9MTcew6qVC1gyfwbWMyYxQ+zbbMJAZkwcwgyDwcw0EuMT0FvKo6UA3EoArhojV+23PktijhwvMBvHfLH4OfK1OcYqmIutC9AXmI9XYF9SlKecryv3G1jidZt5h+OwcIxh8rZQjLf4McnOi0m2J5i5J5Il7mLlwXfZHFEgEC9n++kK7FQgFytfKwBfE6yKfJYH5bAkIJelEiqorxCgrwrIYl3QPdaJla8Lz1Eqw20+VYD9yUJ2RubgE1fA1dvZFBUV8vJJNb+8qBGg1/DxeTlfn5fwe1MOv9em8LvA+lOmJ42XtnLjiBUpITt48yBRvp7P10fpfKy6yYeSeN7cO8mjm248vnGEJwke1F49TPHpPdIebSbukDXnROzuh2+UtmkvxTHbyPJbSWbQCi4eX8Tiqdr07dyOXl26CswHs36+CWdPbOaq73ZOH17HiW2zWWU2GHMB+rpZYwnas4S0yN3c8l3N7WjnP4H+6uUrDHWHM2zgSIwmzWKq+UJ0dY1Q7zWYLp016NSxr8C7Hx3b95NjjWaQdxagq2l9iwECdm3Uug6UxwG0bqVGGzH1zZt2UFpYwtpZ8zE3NGOynj6H9rgqW5GWFFeTKufxdNQlwkNOExZ8Gn8B4gmBsPtRPwl/pVrcgX2H2b1zL3t2ObB312727twuULdnt90mtm9Yi+u+/Rw7fJRDzm4cczshP++Hl6efsm6+qqqWocOM6SlA19KZgPWCNbg6uXEv5Q6ZSddIuXqGuzcu8yAnS2y8XoD+VOz8CY31DRKPqK2uF5jXU1vziGdP3wjAP9DQ+IwXL9/x9u1nBej19S94UFTJpYvxbFiznTEjJktCNAH1nnIeWkh7+pO06T+04m9pm01IWjeRmyvHU+w8i1pPa6rdZ1PqPIOsrfKHmzea/WM12TlGi/DZY/Ay0MRr3ABOjBETH6uN68D+7Ojdmz3a/TkuRn1xnhEhEwdzYoSGAH0gnsP74TVcg4gxAzk9UodYAfW5QYOIHjyEiCG6XDKcSLr1HKq3bqBx+wbq7FbRuHYxj+aZUz91LJXzpxJlMpbTc82JXmLJySUziV69iDk9tdH9vgd6P/dj2E+9MWrXn2kt+7GwwwB26o7kqt1Ksc77CsibrTxHIvvPqm8VZf838e3P8fI/7Pxh85j5HzAvfdgM9GIJVaW4Z08blAtUVVgmMNAJrxOOxMUG/BfI48TYL0W5EeNkQ7zjdBL2GJNxYrHcRLuoTgyiSRII1SYyL6qzePm4VjIy1X7gL6ioaVBqqZcWF3LpXBSPnz9TCnKYT7ekU3cNpcv8BwGy7eZNTDM1wXDiBFavWc78BXPR0ejDmEH9CDu2g4r7t6gqTCM3NY7FC+YoXdwqmKvG0X9UrUeXUK1N79FHA0NjA1atmEXC5SDKi9J4XKeqqlciUC+Vc1dMws0r+Lk7sc9hIy57bHHbs55Niy1YNmsiFuN0mDamD8umDsRt80wSoo5w/1YMZTkJ1BTdpU+fPvwsMG8pEP/pW9e7qrhM6/adadW2k3wGNXTHGbB2x04O+fniFXmKzPxC5fy+jlvCk+g5NEVYKV3mT84sojbMSqxbHkObtytVFYt5dW0DTQL3RzHzKQ+YSpNY+iMx8zIvI+456JK7fwRl3gLh0zN5d3MJvyQs5GuWHV/uruJN/BwxnHX8cmc5n9M3KQVqXsXZ8CFxGb9mbBaQ2/LytNh4pCnPwqfyMtKMJn8BubcBTwJNeBVpyZsz1rw4NZemIFPqg4dTGz9L7HgpVX5jOGvWClutjrguMMZlRDtcB/2Mc79/Eji+DadMunBNLDvLUYsHl1bgu3UaAUfsiT3pxFpzHXz3TCPpvB37V4xjuXkfTgWY4mEvdrRKA89FfbAb3Qar3t/T53//B70O/2Lz2B/Zb6XOBv0f2GXRnpkD/84iow7KuTQyMvoT6BqaOmLlgUQG+XHS31fAfpK4S9dIS71HvjQa3s5bBaDdGD9uDGfCvUi6eorb16LZv3MzVqZT0dYZhM4w/ea5FKr6Bir4iqX/qJh5M4hb/PST8ti5YwdmTDZk5/btXLoSz5mLlxkxYrQCe8XSv3W1NxdxaQb6Dz80v/7zj/9RNkJRzXQfqqHGXHMjVgvQVy+bx2JrcwXqqiVm5uO1sRivg5m0S6bj5FjgPsNwCDMNm8FuKcCfKTFr8lDFxFXd6/OmjVKgrnS3T9HDedcG5Tz98ukLHnEPmHs0gekHL2CyK5SJW30xsPNmzLpjjF3rhtkuVT32G2wIzWS7qotd6V4XmEcWK13sa8LyFTNfE1LIqsA8lvrfx8Y/j8V+91nqm8EKgfnqEAG5hG14njLz3T5GYH46j+2n8rEXS995KpfA6yVcFxgVF2QrhaDevxA7f17B7y8e8vvjHH6rSeP3crH03CCexW8hyW0G55xtaMo8z6faTH5ryOBr7R0+V1znl/woXtzx4HXSEV7cOMSjq66URG8nO3gDyV4rOLd/Lone66iMc6Uu3k1pp7LCNnJbEs1jttNZaaHPYnMDDtgu4qz3Hm6GOXP5xC4inVYT4byKvcuNmTVBg/kmg9mxcBLXfbaSGLCBG2Lpf/3n5uLGoIHj6N5diw7te9O2dQ/atelJOznu0KEvnTo010JXmbnKyDupDL1LM8ib7VxHAbpaVx3l5ydOMCE8OIT8+7mcDQ3n6AE3zp68SEJ8Mg8Ky8i+X8z1q3eIEJCfcA8Um/cVIPtyyMWTw65eHDl0gqMCaGcB8H5HZxx27JF2bi/79+xm/24HedzLMWcnfI66ceTgQfY67MPVWUz9mJfS/R4ddU4s/bMIlTM91UfSX2sco8ZOE/v3I/naNbKSrnIn7gz3km5QX1nBC7HzpsePeNTQqAC9rqZOZLKKkocVAvQmXrz4yBOB+qNHzwXk70QcP/H8+XsaGl7ysLiSxIQUtm/Zz/jRJvTqrknLn9oqBXhaqiYICtT/Fr/agKT1k0lcb0SRk6UyIa7q6GxKnGZwd/MUQqePwFFgvEqnH5v0tHAxHIiH8RACzEdwbPxA9gzuh51mX2z7qHNUXyA9fTRXFpkQZKCjdLcHjBsotq5FiMD+wuQx3DKdyK2phmTbzOaB7UrK926hbLcttY72PD28l1due3ntsosPh3fy8dB2Xjqs5dYCcy7Ot+DKqrmcWmCB/wxj3Cfqs0tvNCt19Rn4v10Z/mMv9CWmtujDZo0h3PV3o0ZAXVOe09zFXp7957ryitJvk95KmgH+x1h5+V9g/kc3e8m3bvZiAXmxAEoF9AeFzfv3ZmbE4+nlIJa+n2uXg5XxclU3+zWJS+d9uRThQpzHam4enEmSiwX3/JbzUG6Ux2lRvJGs+82rp7x4UsuzJ02UlJRSUFBEbl4BuZL1xZy9SFx8InWPX1D16AnWS9fStktPZbczXb1R2CxZjPZALfRGDsdo8iR0Bg5Evbsa880NSbwQQE3xXaWwzm1pjLW0xaRatVc2WVFCLoIfW3UUqHZVTL1tJzXMphtzSRKU8sIUauXcNFbn01BTTGNjDWVlxdzLSuHy2RDOBB3ilLcjs6eMwkwa0dXWRmxdZoLXvmVciThK2tUo8lKuUHT/tpifF63byIUmEG8tv6e1AFxVYKZLt950VOtF+y6qcfketO7UDbXefRg8ehz6U6dxMjpaOb8vYhfwVOD8XGCtWnZW7GVMlWqnMYH5oxhrMfI1YuQraBRrr1ZtPSrAr4+YR9ExIzJ2DCZl6wByDwznUZgJH5ME2CmrxcgF5Nm2YuKr+Zy1ic/FzvxecZSPmZv5mLiSN7Gz+XRHTD1jC++uSmIQNJGnIZN4GmTE0wADngYa8SLMlFcxVrw6O5vnUXN45DeFmmMTqD48nvqg0VSeNSAjyJyknQOJmfYzgWYdOTS5N1v7fUfEHF1OTu1M+DR1zph2J3ZKG5KW9SD7mD6Ow37ExWqoGLgpB62HcjPEjqr7tpw7NhWHueoEHTLk4KyuOBi2wM28PX6WPQic2Z31mv8WsP/A7pE/sF2/BXvMe3PIWh3HOX1ZPr6jci5NTEz+BHqHTp2lYXMh1PMwIV7unD0VyY34G2LnOTysbCTIfQ+91doqXedaWhpiNb5cOx+K3bqlrFy9DiMTM9TVtaRR7UXv3v2k8W2e2d6mVWvatG4jDW17ugjIdTT7YbtsIaclSTtz4RKX4hNIuJPCgYMH5Od60bplS7GslrRr21aZ1Nbi5x9p17oV7du2oVP7tnL8M51a/0j3Di3p3bk1k0dqsXCWsRi6mSSpM1g63xJrS2OmGw2XpFILk5F9JTSYNlbAPlYLU3nNUtogq0m6YvCDmsfTxcjnqux88nBmqybMTRnO+cjmsd6GF+/YEHybGa6XMd4Thb69gHzrCQxtvRi56jC6yw6iv9GdWc7nWBuUhm10DjvPlLPlVAkbTxaxPlLMPDKfNeEC84hiZex8acA9lvhmscgrg4UnUlnulybWntVs5Sfz2R5VxM7oAnadEcuX99sUlsn60LsSGRw8lUpiRgFVDwtpkuT69dNKPr2shpfl/P4ol6916fxanczXkgu8vOVAvPNUDi8dy3U/aTfzr4jBpwvQ0/kilv6xOIY3mSd4lnCAp/H7JQFwou6SI4URm8kM3kh6oB1JPpt5eOkozzLCeJkewpMkX8ovHyM9bB/RTuvw22HDOY8dXA3Yx43gvVzz3smFY3Zyfdri57CYdVaSHE0aKMn9YLzs5yj7nqdGbKX+L0vYHj4spVWLznKtdBOYd6dt257Kxibt2/WR60bsXCy9k2qcvJOYeBedP0GugngXtYHKcVdVidWeuliI4Z8VoGbeTiQn/Q6VJWXcz8gTI79PdlYRxQL0jLRcpavdzcUL1/3HcNh+EEcHV6XS2tGj3jgfdBdAu+N08JBYugsH9h4UkO+Tx70KzJ3EzA8fdMLziJi5kwturm4cPeIh94+XYul+PiFUVdaQk1uEhtYEZZb7lGnWHDxwlBvXrnPvTjyZCRcpykqjvqpS2vtnip0/edxEQ51q1zXVVqqVlMpnr69v4knTG4mXPBagv371Xommx69FKuuUMraq3ddUvQsrl9qirTmcDu26y/lTk/tI7j+Rvb9FLzLg1gZjbq4x4oGTlbIGvcHHhocHpnNxwShCZ4xi46jBTFTvx2i5icf26s+yUYNwmTaC46aj2TFyCLZDdHAYOYj9I7SJnmvIrfUzuLTAgDATXWVXtoDxQwg1Gs2Z6VO4YDqJmzNNyFwyi4o9G3gTcox3Jz15HejGm8CjPPfYz2tvZ57vs+XNrrV89t5P1e7V3BA7j100g9PW0/ExGsspi2lk2a3hmpi8XWd11nTsw4pO6jjp6pIqdt507zo1Yt/VAvAq1Xry0uxvIG+e+KaAXB5V9v0HxJtBnvUN4hkKyP8P5gJyAbrqsegb0OvqStmxa5VcGNvkj6ea1R72bVa7QP2CD1fDD3LVfRXJLnNIc7Miw2sxD6J3UJMYxrP6csnGnvL0aRN19fXk5efJRZHLjZu3uCwXQmJKBsd9Arl1J52E26mkSWPr7R/KyDET6K+hrazh1RmozaAhA+nXvx9du3aVBrQv3i72FGVc40l1IY8qCzl+yIG2HcWiFDPvqBi6UjFOLoDmYzHmNu0ZOW4k52K8KMxJplzOQYUkOyVF2ZI1VlBS+oDaBskmG+okSyyiMP8+p0Pd2bnBhtPh3lyI8OPWldPcS0sSw8/lQW66/GwOVpZWynK55jF0AYQY+s9i5x06d6dz9z7Ksif9SVNR7z+QbvL/ad+xE63btefw4cPN9dwvLKc2ZAYNJ+cJyC0E6vPEyNcok98aoqyp9J9GTagkoTE21JycS5HbJO7uHErGniFU+Ezm1ZWF/HLLhvfJi/g1ay0fUpYIxNfxa44dv5cehJoT/FbiIvC25e3lmXxQdcPfWc3Lq4uoDZjIvT06AuvxPBOgPxewvzhlxrtLC/hwazVvr67gebgldR4TaDgxWezcnJojchxsQuMNc3JdunPBphf+k3+S67UF+8e2YWPff3Ftbmdur9bk2gItfAf/nX19/46vQQuOTviBNT3+wZIu/8Siwz/YZNyHc3tN2TauHcFr++MwrRNzNH/EybgDHjPb4D5bjYNTu7FG53umdPg7w376B6vU/8MBcy3sJ/Vn3xQ17A3aYNz938q5NDU15V9/qd0+cZKBXCt7CTl+mNioU1y/fJGMjHuU19QT6LkftfatlFnknTt15OihfdyKP89h5z34eLhzIyGZpDtpJCfd4sr5sxxzcWLj6hUsmTePTWtWscN2Pa7b1xPm7UFq2l1up6TIdZzG2UtxRJ09Q0hYGKtWLmP0sMH07taJ7p3b071TW3p2acsQTXWG6mgwYqgO6l07oiZA792xFT0kRg/ojvEoTSyNR2I9czIL5kxjkYT1DCOmC6wnDVdn0tCemIzQYMq3UJn7TEMx9gkDsZw0FCsjXWWmu6W8Nk/MvLggRzk/twqqmOV2HtMD0WLlQYzbJDa+6Sj6G44KzF0YsvQAeqsOMW1nKCtPJLNZLNo+poTNkSUC5wLWCcw3CJxtJTafUsG9mBUhOWLk91h4/C4L3VNZdiKF9UHpbI3MYcdpAfmZYrH7BzgIzHdE5WAbfJd1fums8b3NGr9E3M6kcU3glC/tQsEDVT3wEj68rOPL62q+NBXxRSz8Y0MKX+pu8j7TlzSP2ThYarF/mSH3Y93l9bt8bczhS3Uqv5Vd4kWGFw3XHGmIc6D2gj3VF7ZTGbubgmh7ciJ2UHDGhfI4T17lnOWXwsuS7F6jKT2asqt+pAU7ct55PfFeu0gKciTBfzvXT2yRsBcL38EFdzsOb7JkodEAFk3VxtZ6LJGH1nErZBf3zhz4L0ufbjGnGehtVDD6A+jqtG3fR9qAvnTspEmnTpIwfutebzZzlZUPpmu3wXTvMZThesac8AgiNeE2WcmJ3EtOkHa+TFm6ptqc5eED1dakVUr99gCfcFwcj7JxjT0zTOcybYoVmzbsxMXVg4P7j+Cwcz8HHJ04uM+ZQwJ2531OODnuV6DucuAghw6IoXt44efpw/FjJ3A77IHHUTH04z54e/lz+dI1pdDM0pVb6dZbri3LZcqEu9tJyeTfSyU/PZninCyRyzLFzJsePeZxY6MIUxV1qk1ayiuoFrA3Nj7l8eOXyjj682dvBOa/CCPe0iCvPyiqJiUxk7Mxsfh7B7HNdjfzZ69kkNYI2rfpopTK7Sxi9LcdYt+xcgHErZ5I7h5z6n0W0ui9gCJHCy4s0sd24ijU2/el9Y+STf3Yk17t+6PRbQDDNAdjOUKXhWLua4eLqY/VZdfQ/gSKoRe4rObBkbXcXj+Ty/Mnc8ZqMjGzzbiyZD7nZlsQYTyOyKn6JC+eSdXBzbwKOsrbCE8+nPXjQ6QXv4Qd49eY43w4totPh7by2n0Ht5ZZkbB8NienGOAhEPPUHkDk+FHcnm+Om6Yujmr9cempwTljA3I22vAxNZbXJZnUldwTmN8XmP/f7HWVjZfJ683wzlLGy5ttPOsbxJttvPgbwJvN/C6FhWkC83TyC9Ili6pTtlN199gpWd4mrl0N4+bVb8vUVLPdxXbjow5xK2ALyUesSD1sxT2fpRSe2kpVQiD18hkeNdYJJBspraik6EExcVevyXsXUV5VS0lFDXHXE9jhsBe9UeMZojGAqcNGMayXJtMHj6Zfl+4MHiINYp8+krH2oHtXNSYbjCD25HHq5f/5pLaYmqIs1ixb9GdXu2oPc9XxD9+621XPVRu2tBBz7tlXG5dDB8jOSBSY51MvIC8VM6ioLOVBYY6yMUfTsxfK562SzDJGrCYixJ+cwgfk5BWQcTeNAklK8vPukZwon3vHVjp17sqPP7dpntn+LVRj56qd3yZOMmLbts2MHjtWbmI12rRtT7v2HWklwHdxba4HXS223Rgxi2fnlyhj5U/PL6I62JwKXxOqAi1oCJ9LjvMoHrhPolBgWuAyjmofI15fms372yv5mLaWLxlr+JS2nC/3N/K1yAHKnMTIXcVqDsprm3h/cxFvL01XJsY9i5rCq3Nm/HJpFs9PTpH7wIA30dMF9gv5mCBGn7KZ11cWy9dUNRpGUn9iEs9OWtHgO03Z/Sx/ixZlLkN4LO9V5NaPWMv27BV73jqsHds1/4ld339yyvg74me05ez4/8VH5x8c1Pk3+8y7sX68ALvHv5nf9V+s1voeuxEtCd1sTtQOE6LtRpJ8fAz+c9WI3KCNx/RWzO39T/Ra/p352j9j0fdHrPu1wnl0O9zMtHFbPJGNQ37GtNt3DPnhf5ob0RnT/2sdumoM23yKMe77dhDpd5yL0aFkpN6mrKKcfbs3fltG9j0L51gQF+UpCVs4AUF+lKlm3L7+ldqXHymvfyzXax63pUE9E32Kk6EhREdFczo6ivgLMdzPkvupvIqs7PskpKZz/up1vAMCcDvmzq6d25k3cxqjBvVlgHpX+nXvTP+endEbqMHoodpMHKsnz7vQtc1P9O/alj5i6MP6dWHc4J5M1O2FxQQBs+l45k03wnr6RIG1nlI6duKgbkwa1pspYuqmAv+pI/sppm6hry1gH4LlRF0F5ntsl1Ccn83X334nJCmXaU4RGO8NYtIWDwzWOjNqpQMjVzoKxPczfNVBRq07gtG2YKzdbrAxRLUD2kM2nHzAqqB81oYVCMAL2Hr6ITvPlrI1ulggX8gy/2wWeaSz8Ogdlh6/w8bgDBxOF+B8uQKXuEocL5aw61wR26LysA3MYLXnHZYcS2DJ8RsC/UwCrxcSHpfBtaRMJeF/9bSOX9808fl1PZ+ePeRT430Bdiaf6xP4rfgslTGbCVwxklUTexNzVBLYqjv89rRYiS+VibxK86P+iiONcbupOm/Hw6gNVMXu4sEZe8piD/I4JZRHd8TO78XwoSSBT5W3eVt2kyf3z1Ec68ll142cP7iK68dtuemzlauem7nuvY3rPtu54m3PSdeVbJw9ghXTddlgrY+r3XxOu9uTdvowjQ9T/wR6UuJtsXS551v3lOihAL1d294K0Nt16EuHjhrSdvx3N7vquGu3IXTrrks/jTGMHjVN2Uo0JTGZvLuplOZlU1NWKcZbL217nVhzk7Tjtdy6cZc1SzYyRk9VRGYQndp3p0Pbrqj30sJq5kIcdu1n57ZdOO5y4OAeR1wF4K4H9uO09wAu+x2bDd3ZFa9jngT6+BHk44//CV/l+fFjYumevvj7hQqIm0hMSqWf5jimTpsvwPcn8+59CnKyeSifrbRIVU68nNrqGupqqpXJjrWV5Qrk/wD9s+eveSogV8H85Yt3SjyT45raR+TmPCT+ShLnoi7iddSX/btd5f9ly8TRJmhpDKZvb030R47nb5ba/TlqNkKAPlmALjbkt5g6z/kU7TUnYvk0dLoPoKWAvF2bfnRso0GP9hoMkpMxfNAoxg0dw7RBA1g6fDBbhw9gu24/vKfqkbJ1Ns/POVHosoxsxxWcW2jGmQUzOWszixvrl3JMblYvo3EEmxpxY9lcCh02Unt0L+8iTvBVGg5V/HrWl99i/fgScIAvIa6krrQiaelMzkwZT5Bk78EDtTg9cij3xfRPGkxmbxdN9nTuyzENTe4ssuRLfCS/p1+VzDSXj3UlNFXlU12ao1R8U8bG/9Kl/oeRq8D93zC/q3SvPxCIq0IF84L8VHLzUmkSoCuTZy6H4uPjyNatizh/2rt56Zqq2MwFX+IinLl82IZbB6eReXwOeUGrKRKgl94IoCwrnkpVPWzJKjOz7pOReY+i4lIqaxuorGmgrKqOzPu5ePn4st3BAYvpVsQc8uDGET987BwYP1afAdqD5CLvQZeu3endUzUDeAJ3YkNpVM1YF6Bnp11HvV//P7c9VVn5H3D/63aoKrCr9ihftn4D6el3JFssUS7QhsbHPGp6Ko18GdUC8crqOp48f0WFfLa0O7fwPn6U4vJaissqSEtLUXoYrsXHsXDJMjp1U1cK2agmwanGzH9u04EeffqxSgxu3x57rsT4cinMjRG6A2ndVpKKlq356efWyiQrZ5dmoD+Ls1PGw5vO2fAocg4PxYargy14cnYBNYFmFLiOldcm0hhqysszs3l1cZ5cd1Z8ytjAhztLeZdow4e0FXwt3A113vxe5caX/B18vruODzcX8O7ydD4lLeZ1rCWPQ8ZLMjuY1zFTeHvOQkx8Dh9vreL9tcV8TFrDu2s2PA03k/tjMo1+YuG+U6gVoBfu1CVzTW8a5XM8D1IlAUZU+A8j+1h/IgXe4cZd2TOwBY56HVnT7d/s1vlffEf/k7Bh/8Zv0D9x1v1fDs1Wx06/IxsHfs/+4W3wmNCZwya98J2vQbqPBbsnqhFup0vQ0p6ELe+K96Ju2Axpy0zttqwa24EF/b5jad/vOTy6JQcE6r6T23LNXoeDUzqxVH636t+sWbP+srtas6Wrxq57dOuC3rCBzLIwZvu2jRx2c0VbR1Oxc1VRmGB/dzJuRHPv1hn8Ar0E5O959AGaPsKjd1+prm8gL+8+qakp3Ll9h4ysHLLu5wjoCymra6S4sobMnFxupqRzNu4GfmGncDpylM1b7MSwZzBRT5MROr0ZqNmdoVq9GTNcG4PRQzGZMAKN7h3p2e5nBnRv17xBS+9OGOlpYDi0NxOHqgvURSpMRiiV3maZjMRcf6DAvgcGA7tiNKQnxsPUmTyslxh7X0xH92eG2PoMfR0cNy9vnqT1yyf2nUlnrscFphwIZZydK6OWb2eo9WoGz1/DsMX26K1wZPSGIxjvCsXS5bIY913WqrrUTwqwg/JYFVLApogCdp8txuFChRh3GXanxM7lawu9sgTmt1nmmcxGMfN9Z4vwiK/B81Y9R29Uc+ByiYA7l7UBmaz0TMXG/ToLjiawXH6HbUQOG/2TcYnK4GpSNk/qy/n6uobfVIb+soZfnz/ks6pe+6P7/FqXyq+VV/mQ5UHSISvcF49h97zRPMmN5atqctyLcj5WJfMqK4zy2ANcPWbDxUPWFEVvoenaQSrObKfumitvc2N4p6r3/kDeq+QGn1UlY6uTePnwmkhIMDmRrqQH7eWaAD3OawuXPbeQ4LubBL893ArdyxmPDexfY8qWhYYsmz6CTQun4LLZhrDDW0mM+u9NW0aNMlCA3rpVd+WxXVt1pdu9fQcNOqiWp3UWS++sLSAf+CfYu3UfIvIyhB49h6Ez0IBNG3eTmZ5FgSSO9dJGPa6rE0iKJNU9pbrmCQV5FRxx9UZv0Dh6de1P1y596NyuB61+7qDMCO/YTo3lS1azY8tOHLbvVCbC7d66id3bbDmwZ4/Y+T4OOTlJOONz3IsQP3/C/PwI9PXluJsH7kc8FEtXTY67lZDE69evmWe9Diur5cScuqQsmauQ61+1VWptVYWy/rxOBfLq8maYV5RSVVpMhYhTfU2dAFys/M0H3rz+oHS1qybFNYqtV1Y1UFhQSpIkdhfPxhMeGIPrPncWzljC8AF66GgMZOygkZhNNuFvw3v0ZrZOX04tGEfixknS7okFHZtN0R4z9s4womPLPqhrqSp96dBGjru16otW536otVLHcPR4tLtrYNy3LzuGa7FTty/+ZnqkbreiLkQuEv+tpDvYkLzFhmK3PVxYMZcQS1OCppvgbz6JmMWzObPMmqy92yl23UfZIUcKd22kxGk7zwJc+RDlxZdzYu0n9lKwyYbYKWOInTqOc+OHE2c0lqv6I8mdZ8GRfjpsadmbzW2749qnL0ny2ucLQfyWeA6yE6GiACqL+b26mE+1D3miGkf/C8iV+IuN/2HkCsQLxDwl8gXkhd9gnpMr8MpLUS7MnJwkQoMPccLLgcvn/ZUJcVcvBnDlnBexAdu4enA6iU6mpLhZkuVpzT2/ZdyP2cfD1EsUZqdzOylRLoZb5BUUk1f0kFK5AFRWU1hcQtLtFMIjT7Fp6xasFy/Cec9+ZptMZ9JEE0aNN5ALWx21bt0E6j2Voh4zJo/mXnwMTZWFNNU84LicT9WENBXIVWPnP7fqyH9+bu5m/0GZcS4XdtvO/Ny6swJ13dH6nL4Ux4PiYsorq6WxbqSu8Qn1j5ok2SimvuEpTc9fUieN+LFDDgQH+JBxP5/kO6lciYvDPyiY6bPn0K1XH7p06c73P6mWqLWhnZh67/6aHDniQsadq5Tm3KLxQRL348MwN9anQ2c1Beg//NSyGeiSEStj6Dd38VQ1g12iIWI2pd6TyXbWI8dpOOWeBmLvU3gh8H2fvJLXAudfbiyQmM8HAfn7uxskmZNGpNZXYC7JYYkzX4r28WvmBn5NX82nlFW8OCtGftaY5xFGPIuYyMsYY4H8bN5etOKXeBt+SVrJKwF500lTGnwMBeZGPAmfQeUxfbJsNchY24f8XTo88TXmifdEHslneuJnTK2PHo9vWJG+vRfRBj8ROKolOzS+x17M229eL/zndMd2wE+s6fF31mv9k8UDvmN6z39gb9CSgDnaeOr9wL4B3wvsW3BPfm/EspEcMtYiZLE+vlNbEWDZmVO7jTgdtpuYoB0cmqUhr7fhzNxeBJp2Jmx6G2LX9eH47O4cMOyinMt58+Y11zP/S7f7X+OPzUm+//EHZStR1fi5nd16UhMvkX3nojSaN7mfeoPq5+/+BPrTTwJ1aXzKqyrJFwvJzc2jqKKW0upGKhseU/v0FeWNz8nMe8D5y3GERp3lREgkR7wC2LHbEWsrc0zGDkJ/WH9G6/Zn7LABGIzSxVh/FFMmjBSgt6dPp1YiEB0Yp9ON0QO6YTx6gLJcTX9wDyYM6s60sVpMF+O2mjRMmeU+Wa8PE3S6YKCtxsSBPTAa3J0pw9Ux1euL2SgNinLvNS87bXyJfWgKK/0TmO9xkUk7fBgrNq5rtQydmfPQnrWAIQs3KoZusM0f031nsHS7zkKfNGVcfHFgLsuDVdXfCtl1uoiDF0txPF+BvZj7utACFvsIzL3uskK+3y4kg/1n5X4UmAckNeIrQFfVcldNfFsr8F4uMF/mkYyNZyLW8jj/eDoLjiWz8vh1DoSnkJb7kHev6gXkVfz+QkTiRTVfnxYqQP/4KItPNelK3fYvZbE8S3Ilwc0G5wVjiPfbzkex+N9flvGl8R7vS+OJFQgvNhvLiP5qHFxtTpZcP+XnHGhMdOfjw4v8Wp/Gh7q7it1/rpPj2ju8Lb/Fy5zL1CaepCDOl5zz7tyTSI08TIL/PhIDBOghDpz32oy/4yps505iqUjiKssxbF5sxpr5M3DcskrMtOJPoEdGRtOyRVcF6G3bNANdCRHG9h37K1D/A+iq7vbOatp06ylA7zGYbj106asxSpLU5ZwMjSI1KYXa0lKeNNYrNdNVs8UrKxrJuV/KAutV9FcfQt9e8j4deynr1lu1EJH5oSUd2nXBcvpc7O12ssteYL59G2uW2bBy6SL2OezG9eAB3FwP4XHEnUBvlZ37Eux9Al9PDzzc3ATox/D08MbHK5CggBCB8GsuXoxn+dItREVdkTZTYF7XpGzG8oeV18m9UltZpsC8/GERDwtzKczJoihHVV68lGdyz7x985FXL35Rut/rG15QV/tUgF7C7eRMLl9MJCQgWgz9MHPM5zF0oB6a6pqotenCSF1d/qah2qO8Qy9cp44kebMpVe5zqTpsSemBGaw2GEVPyZimmlgIRMzo2LofveRE6/QaQPd28voEQxYZG7N4qDaOcqM5jdYgTP6ImQ7W1AZsodrPjrqg3aTsXsrFddZEzDcnfOEMgueY425hgs9sM7wE8FFLF3LXcSfZ+7aTvnEpuXZLKd2xhvojO3gb6cXncHdKtiwjfbEViTONuS8GHjdBj9uTx5BvaUy4pg4O7XpysLs6hwUmKXIBfTkfyJcLYXyNi4aUeCiSG/lhLhRm8XtFEV+rCiXzvE/FnybeDO8/TLxQjgu/QTw/945A/A55Ernfju/nNAO9qrqEbTuXERTsokyMU4Ae68/Fk87EHllC7DZ9rmzX55bTNO4cnkG2/zIyAteTfsqJOzHHuRLhSUSwNwk3EgTgaWTn5JGUmsbtlDRuJSYTEBTI+s22TDGfivkMc8YbGjB0+HA0dbTpoyF/j77q9OrZm17dxUxGaJEVF8HT6kKe1RWzZ6edYsc/tmj/bdy8vZh4Z1q0aU+Ldh1p3aGz8lxVwa1Ttz78JFAfMGw0cQnJYll53MsplASjlhJJMKokg2x4/IzGJ89IT7nJwV1r2bndlhWrV2JtswjDKVMxMDGTBKELbSXz7da1l7LevGcfDXbv2UVMZDCVcv6b6op49bhEmeFfKefWXv7eA3U05MZuJclHKwXsR76Noddf2EBTjLXA3FKuj9HcsNWmwseEJ1EWvDw3nXfxs/n1nh1fC3bxa/4uPqaukFjFl4K90BAkRn6cD2LrHwXuH1NX8yXbns/Jy3h7xZJXsebyHlN5fX4qr86ZynML3sbNVibGvb+5hNeXrHl+aiqPgybz9NRMnsfMoshpGBmb+pC2qgdlTiN4pjJy93HUuY2m0XMCz4NNeRk6jXfnrWg8N5l0p76cnvIf3Pv8nbUdv2PPiPYEWnbAb0Z7PM06Ytbl3xi1/yezNP7NAt1/s9XwZ46P/4Gzlj04t2w4R3T/w8mpvdk9oAVuY1vhOeZnfAx/JHipDhnXD1FZe5e8nPOc3TuREJMfOT7o33hJ8nBSoH9peT9OrdAnSpIB1b9Fixb9/+6F/v8Guyp69OxJxMkg7qffFJjf4mHBXUof5FD55JWY+ReaPjQD/enH32l48oJysY9iaZAqm15R9/wXap+9oeHlL1Q+e0dm4UN8/QNxdjuGV0gU7qHncPEIYOEiG2lDhjNxlDb6wwcwYeRgJo8fybSJ45hqMBodMXKtbu2U/dDHDerGhCEC59F9xcS1m3dm0+iI0aCumI4V+54wiBmGAzEf0x8jna6M79eRCQPUmCC2PlngbyJWX5jTXEPiYmY5S1Rrx4NTWeV/i+nOpzCyO86IRXYMslyAjuVsBsxZiM4SO8Zu9cBwdyjG+89ieugKM9xvMs87hWWB2QLuB9hHlbD3fLnAvJwd0aWsD8tnhQB/uc9d1gVmsf1UAS4XSgTm1QQkNgjQG/C4Ws6uU9kC8zRWet1mlZfA+0QKSwXsc73SmOORziKPNLaH3CU27QGVNTX88lTs/EWFRBlfn5Xy9XEunxuz+FAvQK/L5EtNKp/Kb/L54Wlqrh3g3L55OC2dSGNBvPxMEZ/ke2vuXWa51VSMDKcJzDrRW60TKy0nkHBiI09TQpV17V+f5ShlYz8/zuPTo3sC+Lt8LL/Dq7x4Ht1V7bx2npqsc5TfjqD4ZihZZzy5FXyApOB93ArfzxUB/K6Vliyepsd6qzFsWzGdRbPMMZo0FadDbn8CXbV+W723jtLl3qZ1L4F6b9q1UwG9r1i6GLoC9AESOiIHA+kkQFfrPliAPkRZ862to4+h4Uyx9J3cuplEbVk5b168UCab1dZIQlnRQHLiPcxMZgvMB9GxbVdlRngLkYz//e5HZTOY9m06M9NiFps3bVFKvu6y38KkseNZt2od+x0cBej78TzmIXbuTZAAPVRgHuR1DB/3w7gfPiRxBPejYukeJ/AWU8+4m8nLl6+JjIjlytVUZe340+dvefzoGY/qH9GgQL1SYF5GdXmZ3E8FPMi7R+7dVLLThCmpKVRXVNP0+Dk1YuVlJRWUldZQKlH0oIzMzDxuXk9Tlt7t3OrIbElGdPoPRq1TD4YOGMymJUv5W9fvxfD+04MZ2ppEL5xAsdMsqt2sqHCdSdgCQ6YOGoGNsRk21jb06zYArV5a9O3Snx4dNNHRHsokyQr26A/Bb+owfKYM4qz1eGol63t5+QgNgdvId15B3KbZ+FlNJHbtfMIWz+Kw2STsxo9m07gRbDUYwwHTSRwSa3c1m4Kr+TTC51qSuHgOeSvnUbZzDb9E+fA23JOHW1dxz8aKq6MHkyo2mj/TkDJLE1KGDeNETw3c1Pvi0U+TZKspfI4+wYeTJ3gX4MFvFyP57eppELumrBDKH0BNiVj7A7kRinlenkt54V0KxLpVAFc95uemKCBXYJ6d3Bw5yWRn3yZLiTs0Pqrh8+dPHDm2jX1OG4kTM4+LDeTymeOSrW4keuNYopYPJELi0rYJpB6dzV3vJaT7rSDNz5ZkSXpuhrsSfzaQmIgw4q7Ece1aPJGnTuHj58dRd3dsN9uxcu1Klq1exuKVS7CUczNh0kTGGxkyasJ4tIcMpq+WJn0F7DOMx5B76wxPqvN4XFUgmeIiZdxaZeKtO3Slk0C2X/8BtBcjVtVUV81u76ulzfzFi7GQRmyI3kh5rsPqDZvYvEMM/GQMaVk55BWVUPf4qVygTeTm3MfN2Z69W1ayU7LuGWYGTDUzkmTDgi49+jQvh2vdSW5KNbr27MOZM9FkpFyXDPSOstvd6ydV/CKW8eFVI6+fVlMqyZPrvk1MGKVDr24dUO/ekc1rbZSbvub0OvIPjyN1hy65TqOpDTQRY5/K25tz+Zi9UQzciXfpcn3cXsrn3J18rQ3mS4UXvxa78jnfgc/pqm1TV8mxI5/S1vMubpaY/AzeXprBh+vzeS9gf3d1Fh9UVn9zIe+TlilV4V5Em/HIdzzPT07jefRMHoebUeYygtytGlQdHcOLmJm8iDTnkb8R9ar9ysOm0hQwkWf+E3kTacFj30k82NmX3H29uOOsw1Htf+Le/z94av6T0LH/IdqkFeeMf+D8lBYEW3bBzboHu+eoscnoJ/xN2hJlpkaIaQ9CTToRYtSBCNsJpFw8KH9bT6oKo3j9Sz1vfinnydNssq44ETSpJTcWdSd9vRY3rPtzc6E2CYs1uLFSm0s2msq5XLp06X+D/P8D5v/6ViP9u39/J42+IYk3LpOfnSKNThplxar5J4WU1EuD+eojje++8vjjt673X75Q/+SlXCPPqH/9mfpXnxSY1794J0b/C5n5RfiJwWzdtpPtew/hGXqBwwFRzFuwhAVz5zBp3DAx80EYCtCnGo7BbPI4MfQRAnI1xc5HaKqhP7AbBgJvE73emI/XUWayjx3QlTEa7Zk8tCdmYzQF6jpM19cUePdkXF+xeo1OGAjU7ZbOVs7B+0+/4nYxE+vj8awJTmNNYApzjl1kmuNJRq7aw5D5K9C1XixmvppBK3Ywcstxxu8MwnBXGBP3RKLvGIOJyyXmnbjD6qBstkSUsOO0xJmHbIkSMw8vYpW8vkpAvSk4k93RBbhdrsDvZj3+ifX43Kzh2OVSdpzMZo1vCiu8Eljtncwa/zT5mbuSZNzF2l2AfjyVJcfTcAhKIf5uEY+lrfrc+JDfnz4QQy/kt+f5CmhVY9zvq1IVoP9al67srPa18gZvckLICd9IsN00EkIO8GtjBq8fxpMTH87wAaqlYL0k0RegtfsR4/EjuO2/n7dJQXyouCkwz+Xry9LmxOFpkRi+JA1VabwpSea5Cuo5F3mae4VGgfqDWyE8vHWSexe8uRPhyr1zx0iPccNj13JmGeiwZuYo7OZPZuGc6RhOs8J89iKyMjP+hLqr69FvXe49lGjb7ts4usrSFahrKVDvoJrtrpoc102A3l1XKbGqMWC8MlYdFXlB2uxiGusf8+bVG14+f0F93SNllzLVuPOsGQtp16qT0sWuqqSmqh+vsvNWP7dFs682c63mYbt2E7sE6Js3rsNgzAS2bbbHyfEgRw+54uN5ggCBeYCXFwHH3ZQ4ccyVo67OHHN1FVOXJPWYqtb7ccJDwvnw4T35eQ9JSSuk6dl7XqjGwZ++pqG+gUcNNTTWqooFVQjQS5XliCWF9ynOy+Z+Rooyp6OqvFxJSArzHxDsF0xwYLgkLLfJzStWdnk7G32ZQwePsEruHWvT6cwxtWDt4qW47tqJi4jT33r80J2O/1KjX6ue7DEaQtau6Tz2WSzGsYBkWxNspxoxos8QZk4yQ6OHNr079qVfL9Ug/CD6S4Y1d4QuntNGcGb2SE7NHMIVG31peLfy6U4gL847cXevDWHzDIhZOZMTYtcukyexdfQYVurpYTlUF5vxY1hqoM/yiZPZOX8Z+5Zt4dhGR8Id3Ti3wY6MFdbUO2/lpe8h3gS703hsP+kC8fsWEyiaITFxDEXjxnG+7wCO9+3PiQFaxE815JXnfj4K0B8f3M1bfw/e+brxIcKH327Gwt0kKMmD0nyoLZUWqYJfK/N59iBdXk6hIOe2mM9tgfhtBeD37iV9i0Qx1ySBeTKZ95MpLmkuQnH9xhlWSlZ69VIQV8TOL4Q7cXrvTLEjHbxn9OTw5G54zxtA3D4LEj0Wk+yzVmBux53Tx0iIDSU+NorE69e4efMmF2LPExkVQZiqclpQkEQAXt6enPD5f9h6C7Cstq1h+3zvOfvsOHu7y+7CwEJEVBAUsAu7u7u7O2kLFKRBERRQEBUQ6e5uREIUURFb7n+s5Xn3d87//17XvNZ6AnlYz1rzHvdcY455gYu25yV4MGPr7p2s37qZeUuXoKMnENbUpF//fvIFG1CUGExFUTJPi5LQ7NVLgP7nX0lwnbp1x2SMMWMnjqGfthYDBg5g2col3Pa/hb/vTW76eOJ9ywufWzdwd3fFycWZ2PgE0jMyyMhII/JREB72Zlyx3M/dW67clON79cJxdm5ZysTxoyRoaKtWg2smlt6xYxe5YE+TEh9Oanyw2HmculDOy+pC6l88UZtScjZXAqbje9cxZGAfRg/XYvPyCZza9w3oZd7byBGAPveeIUBeLTa+gc+J6/mac5hPGQd5F7mBL5nHaSy15WuFK19LLvBZQF4ftuqblcduodJrCnUB86i/M0PMfDpv/xfgQfNouDeHl7em8vrOLOrvLeS5+3iBtJFsJ/DSaxIVV0ZQcEKXrIOaVNgN49OD+Wo2fL3fXN4GzFF/rkYsvl5svv7OAurcTSkz16dU7L3KypgSCyPSLo8iaEELHouRxyzsTfIWXaJXdSFhbTfyL84m1mY+Z5b1Zc/Cnmyc2Awzwx+x12/Cg016OI9tipn2/3D/6iKe1YoxfXlFw5sU6l/n8LoikOJHe/Bf2pHrxv/EftSvXBzfAYdxHbk8qhUeY5rjNrIpZ/v+XT2Wq1evVpcP/d9h9/+y8r+A/s3OlXvr06ZPJjL8PukpUeqCLPk5yeQX5pFf+YJise7yVx8of/OFirf/Hn5vkP3XAvI3n3mqQP3lO0oF5iXP3xCXmqkGh5u37WXd1r3sPGbF2r2nMZ25WH7PLMaa6DPKQJsRhgMYP1IP09EGAnRd+ouha3dujr4C9L7tMRagjx3UBdPh3+abK0DX79qMEX3aMG5QZ7HzngL2nkwYrIGxZhuGdmvBcLH4rUtmqMcgvayGmRZ3WH5FrFhgvuT8A6acuMngjafovXAD/RetQ2/1AYZuPIv+DjuG7HZi6B5HBu+wZeA2Owz2e2Aqlr7cLoatrhnscM8TkOeywVWp0a5MUUtmtVj5FucEDnmlYxYgMBcrdwirUGF+5nY2u10V4IuNX3jA2iuP2GgfzbqrMSwXo59vGcls80jmWyiwj+SYSySRCem8lL7pS3U2n5/n8LUuS10a9YPY9Pu8QBrygvksMP/6NI4vTyL5okxRyxPwhp4j8Mwc/M6u5sljR4ofXMDHbCvD+2jQpWNHmrduzpD+3Tm+biGZt67wJsaJ+szbfK4WQ3+ZLVAvUEcCGsoTaHgaw7unCdSXxlCTFcDTuJsUPBKYy/+bH+VB+gMnUgPtSfQ9T8xNK1ytDzBrhDbrZw7n2NZFrFw8mxETJqM7dBjrVi/9C+jKimWtW2n8x7B7V5o21/gL6C1bfQN6KwF6a2mt2vb5t6Xr0KnrIExNF2NhZktifBpPSsupffaCVyrQqyhUrDZDjv9lN4YMMGaY3lhat+isQv3P35rTXOzcaKiJBBuL2LFxAwd2b2PGlEmMHDaS44cPYX5aAk9LpXb7BTH08wJya+wszblkfppzxw9y9vgRgfpJAbq8T8TrgpWNPD5HUkICb16/EX4UUPXsDbV1b6lRRrUqKtUk6OqnT3hSXCBAz5UgOYOS/FwKcjPISk8mOyOFtMQ4MlNSyBcj93b3YubUBWLiC7A+bY7vdU887a9ie/YsF86cwOb0cc6fPskFc3MuWJhLgHGav/X8XYP2P3VE4/euzNXqwd21JtR5bKLWZQP55gtwWGbKxinjGT7IkF6aA9DW1qOfli59NfoybZA25ybrc2OBITHbxxK2fhjR28erCXHvBOhVXseIP7EC71VTcF1iygmJvM+MG8fxseNZJTY4deAgJg41RKffYAZpD2Os4STmjFnI2unrObPxMJf3nOaY4Xgilapvx3ZQY32MerdLvLvtwZPdYuuTTUiePp4nC+cRozcM++69cRRI3RWg521dztsrZ3jnYE2d9RnZt6LW7AhvLp7jg4cDRNyDjAQoyYHyfBCjJT+exrw43hcn8zw/gSeZ0WQI2BPiBeLxocTFhRAXH0KMtFgBfHRcqHpiRkQHs1COk7urBf4+tnjb7sNtsxF2M7pw3Kg5ewc35dz4rtgu7I/HzjHcs1rDnYvb8LE7jZ+zNd4utgTfvcWDe/4EBwcRHhEuLZLH4ZHcC7rP3cAAAsXclf2AwCAuXrHltLkZ2/bsYpC+HgMHD0JftpuXTKYg8SFVhUmkxDygXYdOaqlVZa65Ok2sew8MRw5nmIkhYyaOYMvWVQTd9xdgJ0nn/ZCM9BSKlMgxM0nMLJa4yEdEhN2XkzSK9NQEkhOjSIwOISTQR14Lkc/sjZMEShYnd7J6+Rw0unVGW2cAU2fM4OIFC1ITHquJeZEhfmSlRPCkMJ3nFQW8qCymWo57XloU1id3SXDYTi7YNhjo92b3lplYnN6mHtfX8ed44TeZ94/m8jFuLV/T9/AhaSdf0g/zJfucANyBL3mWfM46LiCX1+Q9DWHLeRe2gprbM3juM4OXAt2G4CW8C15Mg2Lh0urvL6LSdSw1bgLwa6MpshhAmY1A2HGcGPlUKuS5wtM6ZJ/QkqB0Bm9DFvL24QLeBs3mffhyvqbulgBjrTy/mM/xm3kfuoq3fgupczNV67nX2BjxVAKRnKMDubOkNZeG/QPH3j9wx+R3oha3IXR+czKPj6TIYwsPDo3lytI+HJndlbUGP3JhVBuujumE++xWHNf9ke2GrcnJ9uXth3Levysjz3kSUfsMidrVnfANvxA0+zcCN3XEbUEHHHcs5ep0XQ4M/JUtOj+wcWATpnf6Nm1tw4YN/wb4f8P8u/8Yav/frXL/fN3qFcTHhkkw9og0Od8zBezKffHi568pEeMofibthUC77rN6T12xdQXm5WLvTwX2pbXvKBJDScp/QlhMGmesbDGdMZ/JU2YybtI09AxN6NxFgw4dOqCn3YcxBgMYMbQ/40cMZeJIfcYO06FflxYM6NyMoZptGdG/A0b92jBKtxOTDDQxNdJSs9n1NZqLjbdglFYbAbnA3qA7pkO7M2ZAewy7N8dATN2oV1s2L/4G9TtJJSyze8SiC0FMP+uJwRZLNBdsp8/ireitP8Ww7TYY7rqA3u5rDNx5lV4bztF9zUm0t1xk1FEfFl6KYKNrKlvcs9jipmS5p7PkSgoLLiUJ6FPY5JKmTkk7IzC/LFZu/7gC2+An6hroOxQzt4tmlWLlVyPZ5BjL+mvx6spr863DmWkexjw1iU4x/ChcwrJIycilOj+TBgmEP9aKeLwQoFfG0ZB7lw85fnzMv8fnkjDeF4bxoTSSj2WP+FwUzIf0G2R77+LO6QXcPDSXexbLyLpthuuZLexYNZcN86Zwco30m57SL2bc5WOmP++SbsrPRoiZZ/H1VR5fxNLfV6TzvjKZj1VpvC6OoyIlgLzHnmQEXyNLgJ4edo20UGfSwjxJD3Ejxu8KD73sOLVzObNNejN//CDGjxqOvvEoBhsMY2CfLv+VHLdly66/EuOUYfdmKtB7CNCV1vsvS1fupStQb9u+v5rprgB9kgp0OxXoRQWFVJaVUV1eytPSSoFlEWnJ2URFpWJlcVX4YqjWO2/2h1JHvgOa3fujN9iY6aYzWL9yqfQ769Do1ImVS5dy5sQJAbWFOqRuY2bGBTF1W4tz2Fl9A7rZsYOcPnrwG9DNzmEjQLU+fZqzR49ySQIAZdT2RY1Sj72Ol8rUsxdvBOoveVb9jJqqKspLi6goL1dtvaK4WD6vGLsEy0li6Q/vePEo0Jf4iAgSYmJFmGzZtnab/O5zXD53FKtj+7lkdpJL8nlsRe7sz9vgcs0JNycX7C9f4m9aYtwd/tWR9j93wqhbTywm6fLMeT2vvXbw3G0ryccWkmq1hTtH1nBWgLF/7ni2Tx2J5bwxuCwdS8SBuSQfmknOienknphC+uHJYkXHxKY8efPAhhybjfitm4zL4vEcGzOUA8bD2Stf7oqhIxjWfwj9tfTo01uP3pp6aGkaMM5wGksnLOPEhqPcsHLg4WV7PFeuJm79UgoOb6fc8jif7nlT73qFhPmzpU3nyc5NpK9bgUPPPtj164/fWCMyNy3mpdkeXlkf5fVFM9k/QZ3lCXl8indXLHkvEG18fI9GxbIFMDwtEGOPg6SHEsqLwZekSC+VQ2NlDg1FKZSlR5KZECKdXDCx0mJiHhIl7dXrl7yorcb6wkEOHFyD362LuJ9bw5WF/bA27YDZmPbsHdScA3qtMB/XGaeVA/HaZ4rfuZVcP7kE16NL8Lt8mFtXTxFwy5mY6MekihGnpmWoRWYSk1LUDHgF7hGR0ep9dXsnZ06anWXxylVoD9RliMC8l2YPzu5dSWlmJJWFKYTf96Ztx078+mdzWrbrxIAhBmzasYszluc4cvIol6+c5/HjEAqK8ikpyaeoKIfKyjKePi3lSVkhZcW50pnLZ0mIID8vU064HIqyU0mKDiM3LVFOuBBCg3xxsbfER4ISx4sncbK34I7/TUIeBhBy34+QIB/iIx+QkSSWlxpHVlqsRKbpFGQlEuzvxsZl0+nVXUMu1La0aN1W/hYtli6awKFDa78tufjMn695J/kQv1HOpbl8SRSYF9ry5el1CcI8VDv/kLxXYL+Bj/FbaYjexKvApdSJQdfcnkntnbkSWK7h7eOV1D9aQf2DxWLi8wXOS3kl76l0MBELN6LaabRq5pWXFaseQs6pPlS7jqYhZAn1Egy8f7SUBmWEIHIpHyOW8lm5Z5+0XYKIQ3yMXM9bZd3zB0upDxBLvz1PLTxTYq5H2Nr2OE/6mVMDvmO/xt+x0/yewFG/ELfDgKiTk4k/MIgi20FkHuuG95I/OTfmB66KydtP74Dl0J/Z0EnMe7URGaFHePu+hIp0Jx4tbYWPyQ94Gv/KvTVtyQ7cQorHNKJOjcdpnhbnh/6BzcDvMBv8A/v1f2Crzvf/7ji3/P8Ps//XOuLf9pv89jvbdu8mLiaM9ORoUmPukZ4QRsmz55S9eM0Tse7i6jqKqgXuL95T+rqR8gb+svMK2ZbJtvjlR9LzywmOycB01hKGj5jI9OlzGD1qNAP6a4udtVGrybVv3YJhur0ZKYY+eawxk8YYMMZQW52mptejjVhlO3W43ah3a4F4Z0wNezPdRIx+QGeGCrD1uzVjVN/WjFdgr6dktHdT9000W2Iolm4olm4sP5uaEK0ei/OB6cw468PwHeb0XbKTfkt3M0Ss3HDnRQz2XkJvjy39t1igsfIAbRduode645jsd2aO1UNWOyapQN/oki4wT2apXRKzbGKZbaVUgEtj1418ztwr4+KjCq6qZl7Gad88drmnCMSVofVI1tvHskFArhSYWXE5TjXzaWaPmGoWxgKB+fJL0QL7GBwfZeEVGE3Uoyje15Tx9UWugDVZbDyS2mQvPubd5XNhkBh5AG+y/PhcFi1Ql/cWhPI57x51cQ5k+OzHY/cUDszqT2aABa+z7vA0wouSIBeqon2ozQribUk0nwpDeZ/kxYesB1CdLUDP50tdHh9rssXQk6gvkyCiPInytBBSQrxJfXSTzEgvUoPEzIOukBriSkqwG8kPPIh94IPNsa0smqDUyh/EWAG60fhpDB81CuPBPaW/uPAX0JVZPr/92pY//+zEn0270LSZhkC9B81bKk3z/w69q5aupSbKtevQn2499DEwMOXMSRtio+IpyFOmf4n55mdRnJcn/UwpKQL65KRsHgRFYXnqEiYG4+mh0R/t3oMYPmQkY0aYMmPCdOZPnEDvLl3p060fJw7ux+z0KSyVe+RnlXaa82elvzQ/LgA9g9WpI5w5vA/zk0fktVMCcyVp7gwXBPzWEgBYnjUjNzeX9+8/CtBfqlnrdXUN6rB7zbNa2T6n/EkpVZVKtbhyNTNfKQWrZME/fuCPj3Dpno8nIXf9CfDx4YbjVTylebk5Yn50L2cP7ZQA4zgXzp3C+aod7o7XuHn9Jtfdr+Pp4iFAb9ON9j+2p9X37ekr0dGmIf2IOzCLVxLdvfDYxtMra6lw2ED9nWM0BJ2l2HYjaWeXE3dkHonH51NgvZxqh3VU2C3n6cXFFJybzfObR8V0A2l4bEex3XZCts0kcNtczKePZM/oEawbbsLI/gb066tH3z769O41hD699OnVcRB92usyvt9IhrfRxaiZNosNJxPm6EDAquXEb1pNyu7NlNico+zKRRJWLCFsuAHZE8aQMX4M3vr63DadxD2xz7wtS6g6tJGqA5uoPrab5/JFvLI6wyv5Ul6aH+OVzSk+eTnSGHZXzFzs/FkplGZ/A3qc2Ht2JBQqBp8MZWli8ElihMm8yksgPSmUqOj7PBb7LHnyLXPzToATG7cuxPuGJW6nl2O7QDrXyZ05PbINuwf+yR7dFpwb2QH35Trc2DUW/9ML8T+5AL/Ti3jgfEq9jx4afI/o6AiSk5NJTk0hISmZyOhYtTCHYuj+Afdw97jO0RMnWSHGpdlXmdLRjlYtWqDRvjX2Z3ZQkZNARX4SsaF+jBw9li69tFi/+wC+gfdJTMsir6REzUpWEm0qnj2j6lkNz55XUlUtEWNlCaUC9/InRVSVl5CXmUxWarxcIGmU5qeKqYXL3x5HflYaiZEPiY8K5cHd6xJVeuDn5UBEaACpiTE8Dg4gUWAQHnqP5IRI+X+SKMhOIUMsPTUyCB/Hs2xaMRWNLu3R7NlZImUttXJY2/ad0B7Qj0mTjNVj+qnQVYC5VKC8gncR68TAt0mns09guo83YRv4ECZwFaB/iNpMmYMYr91wFebKvXPl+feR63gbulxMejlvAhfxVoBb6z2dZy5i59dG8tJnJjXOY6m6OoIyKz0KzmhR6TSCj1EC7uj1vHk4n3ch83gXuZBP0Ut57T+et48E8Am7aMw6rhah+RCxlk8xW+XzbZDfJ4GH/zwqbY3IPTYIv2lNuGb8HecG/J39Pf+Ha9r/EKD/yt0ZHbixoBe35rUg93h7Mg+05NaMf2I37QfOjP4XLrPacG3sj5zt/k8C144h7tZmGt4X87IqmMA5v2Cr9Q/s9X4g7foCXpY4UiCfKeyUHlfG/sE1wx+x0/sOJ+OfsR3+L6ylKf927tz5/xpm/161dWX7f4H+PT/8+CODDEfg6i3BmAL01Fh1HfS87GSeyLlSVlNLUU0dxVW1FD6toaCyjtI3jZS8/kqFQL3qbaMA/ROlL9/x5M1XMkqquHYzCF3pTHWHTWLM+NlyzWvTW5oyM+Pnf9d+1+3TjdFi5dMmmKhAH6nfjyG92qOv2QZjxc61OmDQoyUjtdsxUUmCG9GfMWLoynN6Gk0xEWCP6d+OCYO6qECfpK/ByH5tGSoGr1i8MvRu3Ku1unzl2w+fWHDGlX7LdtFvucB8qznD919h5BFnRh1xZcguGzSWb6fdvNX0XXuA0QccmGcZyEr7ONYqNdqVkq4OSay8ksS88zFMNgtXob7BKZsjvqXYBFdiF1bF+aBSTvrkst89je1i41uuxbDZQazcIY51DgnqFLj5VpHMPBfG5LOhTBGwz7kQzZJL8h67CPY6heEUkEJpubKEahmNzwv4WqXk/YTyOs1bro9APhbcoyHFnboUD9kPlteiqc+5L6AP5lNuAHUJDiS77sVxuykWG8eRE3RJoH2Hd/LaawkCGgoe8qEkik9i9h9z/fmU/4jGmly+vi7hc10un2ozeVeVxJvSWGrzo8mMCuTRnev4X3fmusNl/F0vE3TjErEBV4m5c0WaA3EiEz7XrFgw2YAJxjoYmxgxaNhI+vbqhfGADiww6f5flj5t2jz+aNpJWudvUBcONW3e7T+G3nsJ1L8NvStwV6axde6iK/3EQtxcbkrQmUZxbo70UTkU5mSKQMSSmZIkLV2gnkJkZBIOlz2YNWk+Q3WM6Nu1Lz3bdmNYz4FsX7iCrXMW0KVtV0Ybj8BKuTd+zgorMe/zFmaYHT8o8Dwmhn6Si8IN69OHOHtkH5YnD2Fz5hjnz53kgpiy8l5rpZrcWQs83NxpbGwUI3/OCwmAlelnL56/4mXtG7H1Omli69L3KiVgX716w+tXDWRnpnLf/zq3nC/h7+mEr6cLN67ZccPhEt4uDgT5+nDhzGHMDu/C8sR+LI7s4oaLE9ddXbnl5Y2X+w11xcS/TeyjhU57TTr81J7uv3Zmbs/uuMwxpPTyKp67buaZ0waxl5U8c1xHredWadupcdvMC89d0vltUtdSf3ZtNbWu63jutIZa983U37egMeOWdLSOPHU9SMj2WTzYtZATU0ayyMCA4f0HM3CAIb166dKzx0B6dNGha+t+dG3eh46/96Drr93p8Us3uv7Wk06/abJUOoH9Q0fju3A+rlOn4zhrDvYLluJhakq4wRByRw4nbfhQvAcOwE67L7dGDiV1yTSeHd1CyYbFVB3cxvMTh+TxfhXotWcPUXFwKzUn9vHe0Rpi7gu4s2ksz4WcWIiXx8kPxd4los+Ogty4b2AvThTIx/OlKJ7nGZHEC9STU78lecTGB+PoYs4N13M4HF+MjdiSxYTOHDdpw97Bzdk+QLH0FtjO6kngyRk8tFlBkPli/C3WEuxuSbCfC48e3iUw0I87d27jfcsbcytz9uzbzcnTJ7E+b8P+w4dYu2kDM+fPo08/LVq0aEnTpkqpzWZ0aNuci8c3UZEbz1Np6fI3nTp1mFMWNjyMSFCnEhWWVVBeVS0gr6ZKIsVncmJVPVeA/pSa52VUS1BTWVlMZVUJOQLzkoIs0lPiKBQzz0uPJSkmmFzlXk96EpHB/nIhxYuBBwvQb/Dw3m11SlCyGH3U4yCJmh+pow2ZGUq53SyyUmKIDwvA+8oJVkwfypCBPTA26INOv65odu1Ax3Zt5CJV5tR3oFOXzt8yYbMcqPGawHPfqTSEb+JD7E5p28Wal4mJz+OFwPPJ5aFynk4UOM+m2nMir/wXyPm3hDrlvvh9AZ7fLKrcBNqu46hwHEGFvREvvaeqQK+07if7E3h1YxzVbqN5LiZf4TmCKp8xVHgM43XSavm5QTQEz+CVr2LzesTuaErhBcWsjUk9N5RPyRJgpBzgfexWCXgX8cxtMqXWBsRs7sy9ub/hOOwHLul/j7nO37k+9jfujGvKTcM/cdP7CZfhv0oA2gJveZ/t+L9zZtx3HND/P5iP+DtRB/rgPewf3NL9jsRDJrx7mcj7t9JZ2Y3jvuk/id70J8/z7HldbktN1lFyQy14cHYFt1f1xn92a3znNsdjYhOuzGqtHsu9e/f+R/Lb9//fe+jynFJIRpmp4HhTKTt8h5iIB6QmKck6MRQXZPP0+QtKql9QUFFNUcVzisqryX/yjJKXAvBXjQJwgXm92PrrT5TUvqNEnkvMLWPnYXP0R05DR38UOroGaGhIf9NBQ121TQkilAVdemm0Z4RAfMp4E0aJqRsP1mRIz7YM69NWNXGDXm3QFyiPHNCRCUN7Mn1EP8YP1WR47zbqffRhCuz7thEzF4PX78ZUw16M01WS45ozVAzeUBl6V5Lk5D1q0aKqGgav38OgrScF5vaMOubC5HM+jD/hyaDNZ+mxdCu6G48w6bgbC22CWG4XLkBPYOXVFFbapQmUM1hlmyigj2CGeTjLLiWyyyOX03fLsH7wFLO7hRy+nskepVb7tSi2S9vhHM8WpwSx8wRW2Eaz+EIkcy3CmHY2WH53KKaWj5lhE8bSi7FstI3nrE8GYWkVAoVSPr4o5OuzHAF6Gp+KwniX7aea+YdcX+qTnHiTdI26xBvSNwULqG/zoUCB9m0+Ft6iLsmV1BvHuHlyIceXGRJx8wQv8/z5WBQoNh8oZv+YT8WPeF8ogUBpDAjQGwXmX56lCNAz+FCTxrO8SLLC/XGzPim2e4xFi1ZgMnoSRiaj2LhmObecLLnvYUHYzQuE+zlyz+MSM8cNZcQwXemr+qKlrYOuZlcmDdJg3vBuBHja/gX0sLAIfvtdKV/aWW1N/30vXTF1pbVULL1Vr2/D7m360bnrIDT7DGP6jKU4O90gLTlTLc5Sps7rzlFFJCk2XPqqDLKSUuU8jsf3uh87Vq5ndK9BGApvFuhOYL/JAq7u3MsSAblWx24c2LKO8+YKmJUM9tNctDqH9dkTXDQ7jsMFCy5bnhBbFzOXftXq1CHV3C8I0M+bn1Z/xuLMac4eP86JI0cpLi6mvl7MXED+pv4DDQ2feCvb12/e8e79J968bhBzf8WruneUlz8lKuw+d2444uN0WQ2Wgm57ce+WyNJdXxKiIwkO9P33kPs+zh7cifnh7ThdssbXy4vbEnzf9rqFh7M7f1unNwCjzj3p/K92dGvSiTHtu7N9UF8CV4/kid0KqhzX8uTiQsps5qvLqRaZz6HYci7ll5ZQ67GFlx7Skfnt573/bl65r+eV106+JjjxId6dT/FulDod4MGWmTzYu5hVIw0ZMURZLUy+EImOenQbQJd2Em216E37P+Ui/70n7QTm7Zt0o73s//lTZ9o06U7f5n1Z0Hsox4aPZs8QYw6ajGOLiSl7jcbhbzyUpKGDiRs8AN/B2thp9eaG8RBCxhtSvmclT7Yup3zzSmoO7aXu9BFqjgnYj++lYt8Wnh3aIbAXu/K8DGli5NkC7oRgeOQLkXcgM/Ib0DMiZD/i25B8sWLtAvbyZN4J2KPCA75NXyvKZuvOJXh5WOFqtpaLiwdjNa0Hx8XKdw1uyQbt5uzTb8sxozbYLxvAfYsl3Ldaia/ZSm5ZbMDP/iy3XC6xe+sa5s6ZzoIl85gxdzorV6/g+EmJEO0us/vAPsZOVBbH6EeXrso0j2a0bdOaDm1a0rFNMy6d3kFxegSZcWLPof6kxYXx4GEocanZpOeVkFtcqlZ5q6iuoqKqSqBeI3CvoqamQiJGZbi9kIqKIp6W58tFkcjT0gLV1ksLc9XHimVnpyWQLZCOjQylpDifuOhHPAy4TXJ8jFpGMy0pCg+nC9zz91bvyRfkZZMjAUF46F0e+NpjuWsey00Hsm7eCBaYDkG3v5Kk014u3BZqtbh27TvKBdtVPaZfS73FjtfzIXIzb5T66mLG78PXCbxnUXlNOT+NeOY5WUA+ibf3lgv8Z1Jqb6I+rnQeRY37WAHseIG3EXkW/am8MVoArcu7O5p8iRjL+3ujRSktaXxzg68vLvPlxUU+F2/kfekuPjw9SU3UEunojvA2aj4NmduovW/EU6tfKbfXInNnG0qujKLixlzqQlZRd1euB++ZPLk6hmJrfdIP9yZxnyZhazrgP+t3nIx+xGvs73iOaYHH6JZYaP6Atc7vWGj9zK4e/2Jrr3+wr88/uL51ENHndKi5N57XDyTwONeWpyc0eeMxmnfFbrwvcyf/uAbxm36nvvoxDRUO1BZdoyjehfuWi7mzsR+35/zJom4/sHHQz5yc3EI9locOHfrvBLj/vG/+b0tXvoNzF+zwu3cXf193Yh7dUfMgcjJjKcxNofLVW3XIXbFzpSlALyqvoeR5g1i6XBYvv1AuUH/y+rMK9DLZT8x5wvaDp+gnQfzPPzfh+x9+oF07Jau5ubogi/L7lVXX+nbviOFATcYZDcF4SF+G9usidt6OEf07MVKnKwM7N8egZ2t1Zb/Jw3qrpVzHDO6OkVi4cp9cGVof0ac1Y3U6MHFIV6YY9GDykG6quRt0ay6vN8dIoD9CHm9f+u1+ekBCCgO3nmDkIXumW95ijs09xh72ZPiOC0w8fFVg68XSyw9ZZhvOUttIMWcleS1BhfnGaxmsuBTHbKswFl6IYItzCsduF3DubhEn/HLZ45HCdqd4tl2LZadjHDudY9XHG6/FsepKDMsuRwnQw5lrGco0gfnE0yFMMQ9jwcUwCRhi2Hg1kSOu0UQmF/K6uoDPasW3DAG6BHaFD3mff496seyGbG9eJTlSn3KN2thrfBSYvxfIf8i7Q33WLerl9Q/FYuPJ7lQ8NCPm2lYs1xnjcGgeVfGuvCsM4HP5Yz5IkPClNEL24/n6vFBgniz2fo8vVQm8r8ki9bEf9iJC+zZuYMbUOWgPGk4PHWO6axsKrAdieXwfnnYnxczPEeh5Qdplpo4eyjCDwWLVLdHSEnHs0ZYx2q1ZYNSFrTO1/svSDQxG/BvoXb5NY1PLwPZUE+GUOegt2/RR55937jaE/jqjGTNmLju2H1UNPTurkCfStylTwp6UKNXXcsnNSFWzx/Mz0okLj+To9gPcvXoVp1U72DtsOhulHZuzip1TZqDVTgN9CTrOHzvAFRsb7M5bceWiDQ62F3CQrZLZ7nTZWrZnuWB2RIX6BYHrRbNjXLY4xSVp5y1Pq0lpp44cYe/2rbi7ufDly1cx87pvxWIE5HVy/bwSkCtAVx4r+zU1dRQVFhEdFiIWfkMM/TK+rnbcu+lGZMgDUqRfTY2L4u5NF67ZnMZG7NxK+GV5bC9Xrc9x08NVrtXb3Lp5S2zdg7+N7dqNfn92QuPn9vT4tRP9fu/E5M4a2E0dQtKBKdJxrlPXSK++KlB0WEOxxVzyTk+nxGo+1WLkr3x28zHoCJ8fHKLBXwxK9r8kuvI5wU2g7knxlZ0ErJ+My/JJzDMxlC/OkP4DlMQ6fQbqDEdDzLz9H5q0EZC3/a0HrX/pToemffjpu/b8/H1Hmv7YWYINuYh76bG0rx4zOmsxRfaNug9mgeEYrgjg4k0MyJo4kjuGg3HQ6YetliYhpkZUHtxA5a615C+eRen65VTt307Fnq3kr1lC9pLZlG1bTeX+LdSe2s+XAHdIDOPrw1t88nagMchDTD1ISJ1GY04MjSkhYu0h3+CeEQZFAvenKdQVJPC0rIDXr1+xaNlUfG5exNFyK9aL9LGc3oujIzuxY0hrNgxswUadluwRqJ+c0J3ru8Zw+9gcbh+fh9ex+TjtX8CmyfoYD+ymZvtu2riSo8cOqoZuIaZubmnBmg3rGaw3hIEDB9K1Uyd6d+uE3gBlfWENNNq3YO+GBbhdOinR5VFGGQ3ipvM5seQIwuMSiU/LISO3QCz9CeUVFTx5Wk55pWwrvw21q2auJKtVK/Mgi6h+WkBNhVwkCtSVe+pFykWSTGJsGJkC7tzsLDLSkuQkvE5wkL8YeRipiZFyEgbw6L4f8fFREqUWUlRUoCbURYfewefKYSx2zGb/sjGsma7PGH1NOndoxx9/NpOIvCUtWrYWoMs52H/AN6DXhPMhYgVvBeKfkg/w4rbYus8Unt+cqmaVVymFZQSiz27OoPbmNGpvzaHCZQzPnEyodBrGC09jXj2azcugcbzNXE/jW3/poE7RWLFPQH6KT5kLeZexnJzrAvpgCQbuz6EuZTMvYpbwrvwADUV7+PT0GOUh42n8GMKXsrViMOtoyF3Nm4RZlLjpUHa2l9i8KS+cJkrwa0qV81RyzPWpVJZX9ZYg2HYsQfNb4iyW7qb/A3a6P7Cv93fM7Pg9xn/+E73f/s7QP75jdqfvub1tMM+jd/I5bytfs5fxOX0tX1IWUmPTio+BWnzM3sXbtK3U+cwh45gGoTt78OL+IrEtJ8KsRxO0uTXe839hfNv/Q5ef/o5Oi7+j1+z/qMfyuJjDfw6tf/8flv6/j7v17I3zdU98/b0I8HcnMtRXOpQQcsXQC3KSqK59TdXrjzx5+U6AXkdeaQX50oprvgG9qFZA/vIzxbXvKZTnCms+EJdZzL6j5vTRGqRmz//0r5/p2Kkbv//+x1/Lpv7266/07t6JQf16oD+gFwbasu3bkeH9OqplXof3aU+/9r+LrbdjrEB6ynBlHfR+jB0s14pWOwwF9PpdBNiarRitDMkP6aImxk1RkuP6tmV4z5YYS/sG9DaMkiDAzdZCPS4X70Ywy8JHoB3MHPMAZp+9w9LzQay7GsLKK6EC8VAW2NxnjsU95luGseZqEpudxdDtk9T730vtItkg5n3IJ5tT/vkc885gt3sim5xi2XQthm2OCQLzVLY7xrPhSiSrJThYcTlCDD2KJRcjmGv1mOlmj5hhFso8CQ6WSeCwVuC/xT0e67sppGTn0lCdw8fnmbx/kcnHmmSBb7CaDPc8yZNXaR68THDgtVj6y1hH2XflU16gnO9i6bn+vEz0UAvGvM28ycc0F17F2ZPqdZCLG0w4vliXstALAvwHfCyP4MvTeD5VxQnQs6E6k08lD/lQFsHr8gzuejhwYtcu1ixZhfGIKfTSNqKdhjYtOyhD4u0wNhiI44UTuF88ys2rp/G4as7UyePR1jNQk3YHyHc7qFdrJum2ZZn0iZum9KQwM/4voF+/7k1TJdO9eTeaNev2V+nXAUMmye+bxYplO9m44SCnTtpy3sqFy+fdcLL35v69CAryn6iZ7TVVNdJnPaWytISSvFzSYh4T+eAu6YkJ3PcPZN2Mxdy1sMVm5RZOLtmg2rpG0/Z0aduZ5TOnqwsVuTs6qCWtr7s64ePpLtbrgLv9ZdyuXuLaJUuB9xF1fQwF6JfMj6tbpZ03O4HF6VPqQi57tm9i+4YVVEo/29DwXh12V2D+WgD+Qhlur6kVmL9VE+YqKp+Tm1MgYhjGIwmkA264cNfTiXve7sQ+DuVx8D3CHvhz2+0qjhfP4e5wUT5pTG5BAACAAElEQVSPHU5X7CTAsOKG8zWB+Q3u3PLnpqcXfzPsoEHf3zvS67eO6LTpgdYfHZnUrisb+2sSsEYM5Ooa6SDXUuMsZuS2iYoryym7sIAS63k8d9/Il7CzYrUX+PL4NF8eneBL+Fm+ZnrxNfUG7yLsyTyznNiDC3BYMoYl40wYPdxEoG6M9gB9emsOokPLXrQSmLcUE2/xi0RlP3ejndj5bz914ed/dqDVj13p/EtXBrXvj0kbLcZq6NC/TT+0WmsxQXs4e8ZOJnbqRNInmuAvJ9W1gVpY95XPLoZesm0JLw5vIXPGRDJmmJK7YAYFy+dTsHI+OQL59HlTebJlFS8UoN92ArHtxhBfvnjZ81V5HOEPqeHSU6XSmHifxlBviPKDuLsC9wdi72E0Pkni06tK9aT09LqCo7M5F89u4eAUbbGj3hwe0YXt+u1Yp91CoN6azXpt2Tq0E+fn6uC+cxzX95tydZ1cXNO02DSyF8uNe7F+9kg2r54vEehGlq1YxrZdO1i1di16Q5UgaAA9NLqi37+3nISjWbdwohzTQfTo1AbT0UM4tXc1IXc8Wb54DjmpUWQkxxId9ZigYDk5ouJITk0jNy+fgiKBrVLkoCyfJ2LhFRXFYugFVFXkUymGXlaUKVFvNs+ellCclyVRbw5ZqYmkJMeRlBBDXk4mSQLt+OjH6j3zID93Qu7dwvfGVbl4bpAgUWV2diZpacn43nSUk9UbL7tjXDwigcqmGexYMQ59MbLWrdsIzL+ZebPmrSWalwtMo8e3pLjqcD4lbKYhaj11d6bxNnA+r/xn0XB/iQrvNwHLKHdR5qZP56nLWMquDOOZ+2ieORsLWMVqw6fyOX8ZX4uk1bvxscqcr++u8y5vDq8SxOrTFlD7cCRpNgN5tFsX22ktKHIwJHxvd/z26ZHqNJqK0CnURk2mLnoOn/K38DZ7k0D9gAQGJ6hw1SN5dWvCN/cl++AAIpb1pNRqPMknTcTm11NgM4wCs+GkHR6I/8wmOBv8E/th/2R///9hjebfmd/lf5jV8R/M7fQPzs/uQ23oar4USrBRcQSeX+Z10FiyT7TgS/kFaAiFT/E0vvEVEztAisD8zqgfeHp9ISUPthGyuwuJuzqzXgKGwc3+B1PN71g+7Dvm6n6btmZtc0GOc2uaNPlDvU/+gwLx/71//u+t/vCRXL/tw927Xjx84EN4sLdq6NlpUeRL51tRVUF1/ScqpZXXNlBc+ZKswnKySp6pQC+s/ULBi48Uvngn7QP5VfUk5ZTifvMB85esRVNTmyGG4ySYHyiddzM1Ie6nH3+iTcvmdOvUVoW58ZA+DO3bSV2+1bj/t7rtQ7q1QkeAPVyrI+P0uzNZYD5tpA5jdDUYod0RIzFzPY1mDNNs+e/76CIl8r4phj0YN7ATxr1aqUAfIduRfdowRqstYwX86YkxfP3ayKlbcay8HMIau0dsdY5mq2sM669FsORysAD3LlNOeTP9rJ8APkZAnSSWnSiWnsA6h3i2uCax72YGx/zyOeCVwQ6B8darUfIegbJTIlscE9loF83qCyGssHnIyouPBOpKhbpoAXskC20es9A6TF17fc3VGAkOEtl6PYVd0i4FppFdVMarqlzeP8/jbW0eH5U56KWP1CH3ykhHnsVcoTbmKm8SXXgd58yrREfepN3kbZafnOd3eJXqJa95yrl+gzeprjRkeNCQ4kKe7zEeWCzixoEJZN89I+AOVavJfS2Pk+AhCV7k0Si2roD+aX4C1maWLF20iunTF2Iyehpdeg/mz2ZtafKvJvz4y8/07dsTm1MHcDDbr67WZ2NxFNNpU+k/yAAjYyN0+nTCRLsNcww7sGp0F9aM64r5zjl/Af3jx48MHjICw2GTGD9+AevXHWDXjhOcPmWL2Zkr2Fg6ccHaBduLntjb3cThyg2xc1+CAiPE0It5JgHmSwWcz2upeVohUC9VF0V5cNOZ6OAHZCalcP2KI/PHzcJQU59OLbvStlVXOgrr5k2chMtFa+nDfAm4fVv6qxsEBwSKqNzH3+emWLAzXu6OXLO1FqArID/MZfOjYucn1HbJ/JSY+0nMTh5Th91PHz7CppVybN2d+fL5M8+qa6h7Wc9rZfW0V0p99jr1vnrN81fqCmt5uUXSl8YR9ShY+u5b3PVyJkCM/IG/N9GPg+Wz+HDL7QpuVyTgsD8v7QoejvY4213i9nV3/HxufQO6hzd/m91Hk8EtuqLTtBOjJXLuL3Cf0rYrSzW6cWqULjF7p1KrTGPz3Ezdja28/HercdvI61u7aUy9KmBzoTFaOss4KxrTHKAsUKzWl7eP7Si7up2Mk8txWz6BRRPHMHHUKKZPnMgokzH01x4iB7QvrcXMm/+iQcufvwG9lYC9zU+d6S5Q7/SvrrQTQ+8l1t7zj55oNu+Fxq896PF7D4Z102XVsLGEThxFyhg9/IZqY6fdmwvaffEy1iV7xQzeWh6iaOlcUk1HkScAz180g+wF08mcN4302ZMpXL2A6gNbeO9hC7EC6aggGgOv0+jnCo995e8SeEcHqsPtnx/d4ss9Zz6HXhd7F/jH3aExK5TG0m/lJGPiQ9mwaSHH9y9n64je7DTpzgb99qwZ1JaVA9uxWKs1iwd0YKlOe7YadsF6Tj8c1hpwZZUh52YNYPfYnuyfOpADS8Yxb7IJUyeNZuKkCcxdOJ8JkyaiM7A/PTU6o92tM2tmjeH6pWM4mu9mzoyxdOvQFs1u7bjtfpHS7ESKsxPUCDgnNZ7U+EgC7vrhefM2YRHRxCUkE5+SSFJKAhnK6mjZyRLlppGfm6Suslacm6zWvc9IeiwdeQL5WalqvWEF6IkxEUQ8ekBSnIA8JIjQ+75EhN7l7k0HHgV5c8PVlnu+N7h39xbFJYUUlxWRnp5IbPgDdc69g8V2Tmyfx/oFozAa2peuXTvSu3c36ey70aN7N3r16k0Pad8MPZJPcWLEEWvUqnBvAuZT5T5JID6RcqcRYuNi6Ldmq3PBX4mhv/SbIeAfRYn7ANWgv4iJfyxYw9eXl/n4ZC9fq07yoWQLBYE9ibBpSpZTT3Jse5N4oiXRu9qTdEyLgov6eM1tz8VxzfBa0odLUzryaPsAco/1Jfr4AAqujJYgdSBpJ/QJXaLBbaMmxC5tQfj83/Ef9xveY5tzZ3JzErd2pOLaZMqvThCoG5ByuA9J+7qrme9u0//AbsJvXBr1PecG/4Oz2t/jMq6F/O5xNNa6Se+WKPBW1rs+SG34TBrfhsnjTL6+ucsX+fz1IXo89xxM9VUdnj/ajON2Y8ynN2Pv4B+Y1vvvrDL+kQ0jfmDT+O9ZafKdeiytrGz4s2kLOnbsTruWrWj56y/8LHb8zc5/UE1Zz3A4t4MeECTBV4gAPeKhN0mxIWSlRaoLGJWV5FMtHVF1/WeqlIx2xdafN1BSU6/aeYG0XLHy/Jp35D9/T371G9KKqvHwDeb4OTvGjJ9G585yfbdsLVb+G83+bCY21pw2rVrQs2sHdMXihun0ZGjvDqqdGwmsRw6UvqljM/R6tFanqSnLoiqFZaaaaDFOWV2tf3t1QRYF6MN7tBD7biNA74ypngZTh/di/KCumPRuhYnAXJmvPqpfO0aL1Y8d0JEx2u1JE6i/evuB496JHPJOZt/1BDY7RbDS7r7A3JeJx9wxPa4MvUcIbFMF1GLoDnFsd0lgt2cKh25nc9SvgP1e2WxxTmKdgHqjfYyAPIGNAvPVl8NZYhnIUss7AvP7rL0cxloB+hp5fpUY+qpLUfI4ks2OYvMuyey8nsnuG2kSHKRid1+C5txiqisKaXhZxLvaQj68SOedAL0+zYsnD89TEGBOfZKrNA/q4515EWNLbbIzb3MF5lnSB2fdpjrSgY+pPtSnegjwr/E+1YW3ifaU3D1BsuNGAsznUhN3jS+lIbwreijBagyf67L4UpnJx5JoqrLjOHLsOKs2HmTW/NXSb+vTVgLvX376me+/+we//vE7OjramB3Zg9XRbZw7vpNNm1cxaswEBg0xZqCuFiZKQaDBbVg6SoN1ppqsndiT5aO6kJ0S/RfUQ4IjOLj3HMeP2HDm5GWB41WsLRwF4h5ctb0hIL+B8zUf3J19cXO6LUYaSJD/I9JScgTor9XpYXUvXlH7/KWAvY7U2EhC73gREeRPUqTIR2goVvuPMF0CEt3eugwfPIyNy5fjYW8r/ZcXD+7e5d6t2yIkd4iSfjImKlagHoSv93WxdRccL1tw0eyQwPyA2PEJ7M+f5YrVKWwtT6sJcueOHuTA9i1sXLaEtQtns23NEt7Wv+HNK6XgTZ3aXr18o2a7V1W9UCvIPRWglxRXyN+QTlxEBGGBd3joJ/2njxsPfD0JU2YM3fPljpeLfM7zuNha4XjpPD7ubly/5sAtT08C/QIF6HfxdHHnb+O6yAXzp5zkLTsyvm1n+jVpx7jWXVnbqwfbdftgOWEQKcfFaG4qw+lHVYjX+eygVqBef+cgjSkC9PwbAnZbvoqpN6baQanArjSIhkh7yu13kme1moBNU1g8djRWR3azedlCdq5eSf++g2j5e1eaNulK89+60+o3AboK9q60FivvLM91EHC3kcedBPrtmnSj9Y9d6Cjv6SZW36dVb6Zr6XFrmB5JRoMIHqbLFZ1+WPfvi51uXxLmjuO1RIyl6xeTPW0COTMnU7JqPrmLZ5Ijtp4xdwq5S2dTtmExb60P89nZms+BXnzxc6Mx2IfGIAF3pAA9RMw8XmCfH0dj5G0+B7nxNUZMPV2sKfW+GPy3k7KoNB83D2uO7l4kZtSRBQME4jrSBrRlTt82zOwtEapWB2ZJRzWtbzsOT9Pm6ioDLi7UxXKBDubzB2G10oQDC0dgOkIXPQG4vt5ghg8fzviJ4xgx0phuHdsxw7Av59ZPI8DJHI9Lh5k+ZTQanTvQXaMj1mcPkJcWLUBPJD8jnqzkGDISo4kOe4CFtTWBIREkpmWTnp2n1ovPyskiW10k5hvQlY47R6lXH/uQpOiHRIX6k5ESr075Ue6bJ8QppXATiAwPJi4yXKLJawTcciEk0JsA72vy/kC1UE542EP5/zPIzEonSX7/Y+X5205ctzuK3dmd7Ns4m5mmw5k4ZigLZwxj1iRDhg3pjYGBDn37aX67wmsT+Bi3kbfBcmGErqT4qhHVbmOo9jTlhb98b54TeRmwUAx9MlX2hrwJmS0d2GoaX16ksd6Xzy+v8Ln2Mp+fnedj8R7q87ZQlzKTePu2XN3wEzf2tSbiXA9C9rTk9qLv8ZnVhnvL5fGCFniN/Bm/eR3xnNYct0lNeLy6DakHBpB9fBAhS9sRuqgLXiZN8DFpiuOwX/Cd047gee3wmfgLDuP+xG9mO5IP9KPA0oAntiPINh9C9umBZJ/UIvWoFjE7OxGxqR2+pj9yuc8/sNf5ntp4cwF3Co2fs/la58HnSjO+1Mj19KWIL/XhfK7x4X30AirsBvLWfyRvkzaReGUY0zX+zlLt/+HApO+xWv4LFkt/xWzpH5yY9z32W7/Vcre1vcpvfzTl519+5c9ff6V7m5b8+fNPf9n5jz/9xJgpswiOiiHs0V35vvwJD/EhIfIeGckR5GYkUFyYw5OKp5TX1FH5skGdvvbkRT3Fz+oF7l/If/GJ3Kp3YumfxNY/U1TzntTCGu6Hp2B52YUZMxfQr6+2ev+8SRP5HE2b07lLdzp36oSmBHbavbphoN2dkWLextqdVAM36icBbKdmsm3PWGVKmlIRzqQ/psN6qwlyo3SUeu0d1CIySka7SZ9WjNPpiOkQDaYM7cFEvW4q5JVpayrQVTtvz3idDvK+TuxZ880Sn8rfc8w7hR1OUQLlh8y39GHsQQfGH3FjgU0wawXO6+2V++cx7HCN5+DNVE7eyeXU3UKO3MoXU09lmV0My22jxbTjpMWyxOohc838WGDhywqB+Xr7cDZcjWDtRYH6xcesF0PfIqa/yzWFvZ4J7PFMZff1LNmmc+B6MpZ+Egjnl/O0sphXtQV8qCvhQ00O70tDeZXsRkWwFcWB5rxNv0FdkjPVj20E8qd5mejE6+y71Bfc5X2hvwrrlwluvM+4RX2KM8/CrfmU5sTLcBsqxNQzXbdw32Ie2f7ys5l+fHgSzscaufZq0vhQHEVpYjBmZmYsXbcTLV0j2rRoLX12E3798V/8IefTv5r8Rq+ePTi+ZwMn96xix6YljJ8whgH6RugOG46BribzhnZnmXF3Vo7rwZqJvVg2ridzh3dRy8T+7793De+wPHcFa/NrXFRs/II7DgJxR3tvXATknq7+eHkEiC0HiI0K5G4HkJmaRlFePlVPX9Dw9jMf30v78FmCzzIyE+OID7tPxH0/0sSAk2NiSH38iMcBd4h79IhAH0/uXnfGz+MaftddBYoCbg8nbnu4EB8bLy2BcHlfgO9Nbnu54WSrAP0A1qe2cenMTq7ZnMT5ojkOF8zU5Djz40dYv3QR8yaMZLqxHvMnGvHoYSCfPn+ioqxQvX1ZXVkphq4AvYbKihqelFVJqyY/T1n2NZHHD4MIUWqS+HuJmfvKNfiARw8CpY+Vz+bugIudjZqgd8PlmsD9Et4CdH8fXwk6buPh7MLfuv/RkUEC8MntOmPYQi6sXztg0qYz6/t1Z49eH44Z6WI+eiAJB2fwxm+fWOopGgIOiaFvotp5Ay9v7eXDYwu+KmYupk76NRoLfaAymMZsH154HyPjzBIebp/GueWzObN9E3tWLsN05ATaNe/JLz905KfvO6jbnh20ad2ku5oI11ZaawF4q5+70EJsvaWAvPkPnWnxY2dai7l3ltf6t+7LFh0DIpVFWowHEzx8ELbafTDv34ezfTWJmDpCHXJ/tmsDaWNGkDZuFJlTxpE3fxo5C6eTu2Qm2YumU7J2Ia9O7ODjxdM03nHni4cdX2XbeF8Clcd+NIqZE+j27f55YRKkPORrmDdfH3rwNf6O2HskvK7k/Yd3rNm8iE0rTJkoAB/bvRXjpZn2bMWEni2ZoNmOKX07MLZXO0bK/vxhvTi/0ojzC3SxXqSL1YrhOB9YwJl1k1k4fRS9unemf7/eDBo0ECPjYYwcPQId+dtWjh/C+c3T1EQ6j0tHWTR3Kh07dKJL1y6sW7OYrJRwFeZK9JueEElqXARRj+5z9epl7twPJTkjh6z8IvKLyyguf0pZRbmYdDFlT4opKMwWuKeTkRZLenIs8VEhAvoMcnMU4GeSnZVGRnoyCfFRRD1+SOi9W2Lqd4kKC1SH2sMlooyWi0gBf2JivLQ4Nds99KE/fjev8VCg7uduxTXrferFv26pKeYHlqnN7twWdm6YzaZVU79luZeF8ebubOpuK0uozuSJ80ie3ZrO6/tLeBeyirdBi3jhbiyg1xcL7ijgtqPxlYOYvQ1fXjjwpdaeL8/MqBfI1+dsoVQgmOXSD5etP2O35U+uH+5C8LEehO7vjOdisebRv/H/kHXWcVVt68Le95xz79kd7u22E7ADQUERG0RAQcXu7u5ObLALQZSQFJGSlO5ukA5BFDGxtz7fO6fnnO+7v++P8ZuTxYK1YI05nvcZc4z3vaT/I95i2XYCWA+jn0nf0pecQ/r4jP+R29Na4mbxB07DfsBHnhM9ux8xUzsSZfkzKUvakr9vILWu8ym4tZiEI2OpuWLGk6vjqLUbS/b+PuQe0SbXWocsOS88okPqRk3umH7PzQF/J2K5rrxXCSDfJ8O7FD6UHxSLms7j5Fl8aArhXeV1nqcc5GXyASpujOFt9nbq4lbjdnAka0b+nZNzfsB5/R/YzPoBhw3yHre1lmNrUm+OVf+Xly9f4Wex4l9/bfH/3T//Tuz8J4H8vmNnSczOIzExktiYIOJjAkiMvEt2eiyFAvSykjwqq8qpqn+kpgKubXhKVcMz6p695XGzAP3JB4rq36hNmXIvFaBnCdDDEnI5b+eGmdkkBgwYQvt2nWnTpgMdO0tg3qMPWprd6aUlYtG3B2bDdTAeqIXp4O5MGNqbAQJzfa3WjBHATzDsg9UobQG6jlptbYQExUr983EC5pG926pAHy02rky7TxishYUAXckeZ6rbSV0cN6Z/W9XoFeCbS8BtrtRO1+vKntWz1f9RbEGd2Hck8y/cxWz/dWlOzLAJZNHlGFZcExDbx7LVNYV9Av4TgcWcCirnkM8DgXk6y67Hs8g+kQVXlHvj0cw5FcB0a2/mnPBhycVQsfY4+d1J6vT7WrHzjXYJbL+Zzk7XbHWqfrdXjoBcDF0Cg52uuex2zcTWN5PkvArqGurE7ip597yKT8pe9NoYAbobjyLPUupnTXPmLQG6M7WRNtTdPy6WfplXeWLnhQG8KvaT/u9FfcI1NRGNMvX+JP4iz5Iu8TLlIk8ibHgSdopqv/2kOG0myesor8qjed+QyfvGHD4+zuJ1VRphfrcYM3IErVu24Zeff6N1qzb8KED/4bvvpU/9gpWFCbvXzpQ2g3nzrOgqAZruiBGMGDGU2UYDWWrch1XmOqydqDRd5hv1YLxeB8x12/6vxXGx0cnq/XH7Kx44XvNSQe7hGoC3RzB3PULx9wqVsSxJAFmtFjhRMq6VFxVSI5b7+uUnPn6E16/eCSwfU11eRm5qMlEyLmXGRVGubm0rVUGfIXJyX+w93M+D2052+Lk7ESzg9nS8zN1bN2Q8iyIlMUneTwwh/ne47XIdx0s22J09wLVz+7lqs4tz1pu5dHw3V22Pcvb4IfZs3sCSGVbMm2DE9LEGLJlqhM3hLeq0+8vGGqofZNHwsIrGxw08aVCKtsh7rK7nYU0jZaW15Ofkk5IQK1APViF+PySQuMhwOQ8mWN6Dn7c7vp6uEtA44+XqxC2Hq7hct8fH3QMPJydcrtnxzcAOWvRqpcHgdpr0+K0Lmr92RV/gvmW4LsdNh3LYeDAHRuhw0WIwsVstqbm2jDfBB/kQcZTnXtt46LCKKruVNHhs413cOShyE0MXq60PF9DdkceuUXt9C3knl4iNTsLz5CEu7dkmkfgw2v7SjT/ExH/6thMa7bUZN8qMdmLkCsw7/CJmrtxTF5D/8c8uX2H+vSYt5by9PD6obX8WdOlLhNFwckcPJNdoCCHyni8N6M3hXt043r83IWaGPNq0hOcHt5FrPpY8iRrTTUaTPG4UKeYC+LkWlC6fzsM1c3i1fwPvz1vzl78T7y8e48P1sxAkf4tSsS0xiC++EqgEC9RzYv+VUS5ZYO8jz78BCXehserrft8dK1k3xZCpigl0b81IJdNV55YM79KKUZqtMe7RgVHd2zNUqy1DtNpzbLExZxYO58g0Hc6vMsXp0GKOr7NimtlIGeS60LOHllhNbwYP1sVgqD5DhugzSYKXI0vN8bp4AOdzB5g4wYQ27bvQQaMrs2ZPJS0hVGCeRH5GgsA8RiLTGOIigrgskaR/wD2ycgooKC6h4EERZTJA19bXinkpi+Wk09WUUSoDd4m0goIsgXe6tAxy8jLIVqbo87IpKMwhS87TxdqVjHHJYutpibESTYaQEBep3j+Pj4mQ76eSm5srNn9fol836aB+xIYFyIVpLxHnDQI9r2F/YiPOZ7cQ4HwCf+fT+LucxcP++Feg18bTpCSI8Z9FU8AMXoctoTlqFa/VAioLaPQ24ekdIz5VruV1/jY+Ntjy+dERsfNwPlYf5E3BOt5kL+VNxjze5yynztuYwmsG3FzdhnPLf8N1W3v8trbn3sZOOM5swcUxP+Bt3h6vsW3wNW1D4oJOBM38g2sTfuZAr39iO7wtJ0ZpcsKwCwErzYhdoE3hspY8dxjFx8Q1fMyQa8J7Grm2A8i6YETq0bEUXZpL7t7ePLo7m4wDEhwc1SH/4AASVrUjdPbPAvT/wcfoJx5Hboc3oaIpIdCcBB/ExipO8Cx5Bs+yD1Efspro7ZqkWMtrXjUh+6wed47qC7S74rq1JXd3tsZ7Uwt8tv0u1j6csFN6hNnoEHTw644BO7tr6tT6fxbBfatMsys1z39Up9t/afE7Ry84kvGggrSMZAnWgtUdHHFhXqQnhIilJ1CsFGcpf0BVjVJFqlYCwXqq6wXsSgW25+8oePiMgtqXPGj8oK5wL2l4S0phLf4RyVgfv4CZ6SR0dQ3o0aMvnQXmvXrroKXVm959+quLIw10+zN+1GCmjNJllokeI7S7qHY+pEc7TAZqMmlkP6YZ634Fuq4Go8XaTQZ1UaE8WuA+VILnkb3bqNA2l8cthnbDakQvJuhpYKwtQbSSaU77K9DNBnVWt7gp4J+orynXytfCLfYRmVgcccHyuBezzt5TF8TNPRfM8qthbHGJFzNPx+ZeMWeDy8XoC9ngmMRSu1iWiHkvkuO882FMP+qJ1f6bTD/gysozway9FqvuP99or7QEtt1MZp9bFoe8CjnsU8x+70J2uOez9VYmm50y2O6cww4JEi76p5KQ+/W2VdPTat48reKvZyW8r4+nOV+sPPkaOe7beCXHxjg7nsbbURF4jGepDjzPvs0Lae+KA3iZ482zDBeeZ7rwtsBXvn+Th1HneZV1g6fJV3mRas9TGbtrQk4Rc2MHT7NC+FCXLcFDIR8b82l+mM6zqlTcHWwxMxmDoeEw+cz68NNPP9Dy958ZqtePFQsmsWmJOdabl2Ii4tTfYCi9e/RkuvFwVkwcyobpg9kqbc+soeycZshyU20JtNpg1P9Xgj2v/Afoz5+/xOWGr0A8SLVxH88Q7vqEi4GGCkjtCA8JVSuXlRUXipkXqgVOygoUS3/A0yfNNIulK/u6lXSrFWWVAvQUEsMCyRCgF2ZmyHPzyU1JJFEkJDbkDtGBtwnyclKt+N4dd+4420vw4kNUiIhJfCzx0dHcDw7Ay8UOhwtHsT9/mBuXj4kpn+S6jL0Xj23n8sm9HNm1kaWzJjFhuD4WwweIpQ/mtPUcIiN28bSxnPdvXlFTmkNdRRENyq0ruYYq5f1XlItElZTI8SFFBSVkJCeTLO81ITpCYB5KYkwk0eGhRAT64XfbTYILf4G6t9j4DYG5HS6O9twQU79kc1wCjvN8Y9hJgz5i5v3+1KTbb11p/0NHuvymIR1/AJd2ruDsupmcWWrFoYnDuTJ1KGHrTCk/t4iXYuaNbmK/LhsotJlLys4JMljNocnnABR4qNPulPnzMcmRCodNlJxfTaTY57mlU1g9dTLjjU3p0q43rX/Vot0fPdEXwGt06E8HZYr9Zy0V6G1/1hSIa6hQb/2DJm1+0KDTzxpM6T4Q71HDKbQYRYXlCB6YGlBoMoSI0XrYGwzgRH8xdO1+eI8YSOWyWbw6uofyudPJNhpNxtgRxI4wINrYkCh5fqaVEQ3rFvBy9xqa5cP5cO0UzUd3y/kuPntd40uQq1pX/UvgLT7fuvB1+j0zSv7GBAlepGVHfl0glx2mdsjwuzdYb9SdBTodmNq3LWa92mLUoy2ju7VjmGYbBgvYB0rT7twG7S7t2D7LmBMC9d2T9TiyaBwXd8zFZvMsLMcMoUfXTmhqCNS7a6Gr0w/9wQMZIMdBun3ZvWgyZ3csxuPKCUaNGkknjV5qLnXziZYE+rmrMM9KjhaD9sHf24nbrpc4f2oP5y+eIzNLLLuwgEKlQwnQK2sqxdQr5Cj2VVUirVhsPEusPJfS0iLKKx4ImDPIykwjNyeLfIF6Tk46Kcli3mF+REUEkpwcJ+AWmKcli70nE3zPn8SEBFLl3FUi4FsuDgQH+REW4k9Y8F1Sk+Ol494n0vcy91xPEe5zlah7HnIh+Uqk7K7+L99VJ/AiaL66LexN4iae3pvLi5B51HtP5KHneArO6vAiZpKMAjYSljvwpekcf5Us4XP1Hv4qW8+L+2ZUX9Gl8GRfCg72JHZxOyKX9uLmlD+xNvwnDhN/lvOf8V/aDsepf+A5rTURK3rjO7kzLiP/JHRmB+I39eTmpN/Yrfl3XCy7EzDtV8qP9qXh6hieBS/lXZQVf+XtUKu8PU++SOON8YTuGErQRl11H7jb8B8IntSCRDH9rCPDKTjQj4x1HYlb/AsRs77Hy7yl2NE2aLolQbA1n5968L5ZzOhhEA+dhtAYPZ8cAbSr1bdcNvyWmyYduGnald39/5v9lmL3q38jYFcHEmzl7zvdh6RLQ4iXlmDTjdubWhFzZpD6v3R0dORbsSkF4CrExa6++/4HWrRsy7fff0/rDp2xv32PbBkEs/NzSUmKEKgL0CO8SIn2JydDsfRUHhTnC9TLqFQMqfYhDxsUoL+krqmZ6NQcotNLKW54Q8WLL2Lo70kuqsc3IpVtu48yaowpOjqDBeR9xdLb0U2rO4P0BjOg3wD69+rNsMGDmDl+FCummTDL3BBdjVaqnRvpaDBp1ADmWBgyZ4IhE4b1ZUTv9ozq216F9zjdzmLf7dW95iN6t1aN3EIgPkGZdh/eEwuDbhiLtSur2811uzBeYG+ufF9JFTukO5by/cli8krlq7cfPrLu5n3mXIlg/uUwZtr6s+B8EJudYzh8N52zYQ84G1LKQe9c1opxL7pwnwWXoph38T5zJQCYbu3OpN1XmXbwBgtt7oqNx7DOPoUNAvNN1xPZ5ZqOtU8+x/2LOelfjrVvKXs8CwXmuax3zmKzS5YEDgJ2MfRTd9K5n1lKhQz+jQ2VvBbLe/+0nA/1GbwpDeVj0W0e3N3Pi9jzPAq34blA/YHvAR7FXKS5LIo3FXF8fBAk9u5FU7qrGLqPavZv871oSLDjVY6rQN5Zjreoi79AU9o16mLO8zRTAoGqFD41Khnj5PWeFPHyYRaNlRmUFySr95KXL5nLisUz2LFhIbMmjmLpDGMO7ZjN/DlWmE2azuAxoxk1RIcVFmPYNNuIfYuMOLJsHEeXm7Nr7ihWjh+EiU5rxum15NiSof/b0qNSBOKR+PncJ8gvmtvu9wjwCaC6rJQqdVtaISX5OVQ8yKdEhONBdrKavKr+4ROeNb1W76U/qmukqrxWxCaL7CQZC0U4CtLSeJCVSU5qPEkC9OSoEBKjFOMPExkJJiY0mNR4CWbj4qTFqIVkkhOSuB/kL+Z+kRsXrXG6ekJgfkq+Po/HzYtcOrWP88d2sn/LKqaOG6Fa+c0zS/Gyn01m8m55/d3UVHrx+a/PAvFScpJCKc2Ol/edRJoEzHlqrYs4NX97bno6yTFREjzLOCstNSFe5CyO2IhwIoIC8Xa9Tqi/H3e9vMXQXXF3uilgd8TZwU7dWudkd4lvxkmkrNdajLdVNwa0Fhts24Ouv2rQ+dcuTJs2Bc9wd3yib+MR6srNC7tw2ziVyE0WlAjEKy8uos5hpVj6GjL2W5G8cyJR64wotl3Iy+hLUBHAl2w36tz3Ue+ykweXNnBr/TQ2TRjJIgszpo4fj9EIY4nOtVVbb6usdv9RU+AtAP9Ji7bSFIgrpt7+525o/N6dGXrDuGdmTKbxUKpnmFA5ZQwVVqMonTSSGGN9HAXo5wdpc2ZQf26N0iFvphlPtq6mdM5UKqTVLphB6cyJYugjiRtrQKrlSJ5sW07TlhU07l5P86FtvNy5lidr5/P+kjVf/J0h+i6f73ny0e4Yn90F6jF+kH7/a8IZxdSzwgXo0l49pUQ617KhGszWbc+kfu2YrNOZReaD2TTXEiuDfozs2Qk9jfb07dCGfp3bMUG/F7tmjmTL1JHsXjiJDfMnsXOZFeYj9ejRRYKrzh3prqUhZjNAnXofajgEbQlWFliZcWztLC4d2SqQ1/5XWdTW9Bmgg6OdLT63LnH9/D6unNrKhaMbOGe9Fus9q7E9c0pd9Z6Vk0mhDM5lAuuqKrHy0vx/LYzLpCA3mbKSfDUlbHFhNvly8VSJJWSqHS2DjNQkUuSiSEy4T/T9eyQlxKrgVnLQh4eH4X/XBw83JwIC7nL08AG2b9vCXf97xCemk5CUSpxcLJmZqSTFRxIb7kNSlK9cSKFkpMSSqU7Rf12T8NfTAp4FzuNF+DLpT6t45D+bqptm1Nwwp+zSMB67jeZN1Eh4dJQvTy7wqWwrH0vW0RxjwZuAoby4rUvxPk1CZ7UkeE0vfGa15+qoH9k3+HtWaf0PtsNacWtCezwn/YjjxD+4t7gnl4z+5LxZH66ZtCfpwDCS9gziukULnIy/pfzqCF4kLZfgQUz6r3yx6HC+PPbkU/YxmlymkbFRi7jlGriO+xG3ia25bfkD/uO/I/uQDn4rWhKyZwB5Z4ZRcs6YrK3dSNily7OkA/yVM4/PFTv5q8GRz8+T+KtUrCl5M3VBUym4YYD36o6cMv6JPb3/zp7uf+fAkBbYL+iI32bld3Yh+XR/0s73J+HCYIpumZJzQZvYE0NIOz2AoB1fE6k4OTl9XfwmUP/hx1/46Zff+fnXlvzeqqNq6p00e+AeHENueTV5Yj8ZYuQpieEkxdwjOTqArKT7MtAkikVkSx8poKS8lNLKCjWL2cPG5zx8/oaCijqO214kRiCkrHYvrH9DVGYl1z3usWHbIUaONGKQ9E/9gYMwNR6HqZExowwNxPAGMlBHh0mmxqyaM5FVs8Yzor8muhL4ju7fiYli5ousxrBQ2vxJYxhvKPDv1Y5R/doLqDuq98JNdDpiKIY+rEcbddGbat9DNMXQe6vANtFVntMJU7Hz8cr39LUYLzCfMKQbEw26YzW8NzNGf90b/fjVOzY4i22fC2ShwHydQySH72RwMeIB58NKOeSTLTCPZ8lFAfm5CGacDmbqiTtYHRSz33mNqfucWHjmDsuvRLLaIZk1DilsFEPf5ZLGUd8CTgeVcTq0ihPqlH0Ju90L2OKayybXbBXkWwXqm+X8sFc6UdnlVEvgVCuBduPjap43VvHmSSHvHybxriyQuvu2NEXZUnV3Ly+iT1MbeIT6JOf/wPHT0xLe5N/lTZ60Ij8x9Vu8yfXiiYjWy0wnmjKcxebdeZblxLNMR17lulOb6MSH2iSelsTTXJ+n5pBvbirlVV0OjeWpVObEkJ8YRNidq1y0XsUV6+WcPbKNdRuWMXrqTAYajsRArw9zJw1jpaUhuxeYcnSlBTYbp3Fy43R2LTRhiflAxg7syJSh7Tm1eDCRnv83HWzDo0Yx8giC/WIJ8I2gMLeIurpq6usqqRPZeFRTou7AqS3LJT9dxpK4YDHxOGqra9RFZl/LlT7hYU0DDwqV7bZK9rh0FZj52RnkyNijlCtNFRNWDFixYeXedVRIMPEx0RLIxpKWkkZGWpZ6Lz0yJAAXgbjzlWO4OZzF84ayKO0Kvm7XcL1uy4m9a9m6YgrOl9ZQkHKI/KS1ZCVsorzImtL8w5QVH+X1qzpevWgkIy6QvKRg+f8FU5AsAXOQC/HB7qRGBZAc7k+wlyM5Mg6WKUVbHpRQkJNPRlIyMQJ1f69b3Ha5gY+bC14uTv+aenfG/aZA/doVbt28zjdT5EIe3V4i5Vaa6PyhifafWvRu2Y3uf2ih020gbuFe3E4KwDs5AN+UQHKz/El33CkD3RQy902k6NQcKs4v5IHNHPKsp5NrPZOik/NJ2WVJ/V0ZaIvv8irElsqb28XUdxC8fRYX5pmzfsIY5o4dyViDofTvqUsXJaXf793Ve+itv9ek7Y9adPxFi06/daNLix5o/dkLA63+BG9dRfWqGZTPNqVymhFlAvKqWSaUTBlJtIkersN1uKDXj6vDdbllqkf6TGOqV86hcsFMHkweT/msyRRMMiXXaixplqPImzeB2vXzxNIX8XjDYuoXT+epHB+vm8+L3Sv5y9sOlPvq/q68lQ/03cWDfHY9JyruJWYeLUBPFVOPh9R7UFfKp48fWG/Sn8UGnVhl3Bvb9dO5c/MsN6+ewnr3ZtbMnCCW0A3Dbp0Y0q0DI3trsmuOGcvN9Fkqka52325MGDscI0Ndemh2FEPvioaGBgMGaIvdaDN06BC1EMuQQQPZNM+C4xtm0rObFr/83oZff2vLXKXW/PFtnDywhqN7V7Bv22K2bZjPxjULWbxIourVS/HxuCEwDpcINJrsHGWQTqNIWc1eJJDPT6FYvs5IjSA3I5GC/ExKSgrIzcuisChPLZ+aFBctHT1ODDua6MgwsXKBs3S6sNBQPKST2V+7SEjIPXLyCskpKFGnZcsqa8nJfUB6ej7pSvampDTu3w+RgCBQLQKTLb83Nz9PbVk52dTU1vK2Lpt69ynUOpmRd3oQ2da9qRaoljuZ8CZmnsD0Kp9qDvE5fy4fclbwJmE6zRHGNAvIn5zrStW+PiQsboPv1N+xM/mFazM6cXNCG26Oa8nhAd9yxbgD3tN74jPldxzH/4SDeSv29PhvThi0wcWiFYn7zbhm2QL3RS0o97Xg88s7fPlUJEPOK/joIwcJ7p5J30ibz2t7Ax7u70Xeis4UrO1J/NxOeBn9JoDvReqB3uQ4GfA4cRp5l7sSv1OX56FbeZl0kPdZW3kbYc67rDU05+7hQ8U1nkYvp9JzCrH7enBh+k8cMW3DtentuT37ZwmmOxK86g/SjnQn5qAGRTeMxOANST2vR5H9SAqvGBC0VwKHq0Px29CWlDNfdwy4ubn934pqAnDV0BWw//z1nnpnjW7c8A4gu7ScvKJ8+ZwTxdLvS7AWJkAPJF0CLiW3f0FumpooqKi4iJLSUsqqaqh+/EyA/pbyJ6/w9A1i32EbMkrqSSms4254CqfOOzJ/7iIsx41j9tRpLJ23kAWz57JwxkzmTZ3MdEtzZk+xYMfq+WxaOgOLkTqqnStFWaYZ6bJ6zgS2r1rA8tmWTDUzYKyyWK5fB0b174CRdnt1+txELH24QF4BupF8T9mupi6MG96LyWLppvK1yYCvQDfT6yJA11RhbmnYQ7XzmaMHMHuMDtZblqv/r/TyBhZfUvajR7FPwHo+pIgLwfli6RlsdopjpV0kSy9FMvdMEFbHvTDbfY2xm84yaZcDi2wCWX45St3mttI+lfXXU9gpoD7qU8A5gfj5kGps71VwxL+U3Z757HJXptwL2CYQ3+aWyzZl+t01hwuBeSTl11DzsI6Kikq5Jr7miXjRWMGr+iw+1cXwIttFgj876kKP8jTiCE2prur7Lyoq4vKVS18D4+YnvMy9rU69KwlmXmS4CtBv8DLLnVdZAvRUJYe7L9XRZ+V5XjzL86OpOIznYviPiqKoyY+W18vjTUMez2uyxC7j8BNhcLDdh9Pp7ZzYMpGZVkZMnzmXKUs2YDlpIpsWiJgsMWX7fLHzJRME5DOx3TYf2+0L2LfckkVi6GP0lAp5GlgvNOTY/IH/AbqSNjUmPJlAnwiSYpMliGmgqfERTxtqeFRZSE1pHhXFGVQ/yKQiL5HsuFAKZawqLS4WiCtVzRolKGhSW3lpFSWFJZQVlQrYi2RsKyY/N1vEJF0MOFrGuUQS1SnuSILveMvYJmYuY1lOZi45WXkyzqUQdNcDZxm/3a7Z4HXzAn7u9gR4OnDvthN35Nzxwhb8XJaSm7CF8rz94nlrKMnfTcWDg1SVSIBVKZ/L41A+fvpAWZ7YeHwgmZE+JAQ6kSWynH7fSxzRkdQwN0IksIkJcKdaPu+qihoBezlZGZmkJCTI/8MT12uXcLO/xB03Z3XlvbJtTVnt7nnjOlfOneabqd26Y9ZZA4NWXRkoMNdt3YN+Yus95LyfZl9sJBq5nRzI7RQF6v4EpgWSn3FHzGGLmIcVeUdnqK3y6gppy6m4tJyC4/PIPT6f3LMreJ14gw/JN2m8e4KCS5sJ3bOQS4ssWG40hBkjDRjUT5e+PQfSvVN/OvzegzbqYjgtMXJNenboh2bLnnRv1UsuztGcmDGZsmObKF5iIcYtljZD7HzmWDHvcfL1WKLHD8Z91EDshulgN2IQ7hZDiZhqSOlSK8rmTyV93GgyTWTQmyIWM8mYGFND0maMpXbTQpp2r6Na7Lhi6jgals8SoM+laeti3pzaxWdPOz563+D1mcO8OblXnZr/eO0YXyIE6rnxXzPKZYRBafrXFcV7l7Jvhh72e+YR6HqGmEB3QiQg8Ha7zrlTh1k1cRjTRwzAXEfJZNWFhTJIzR+rj+mQPgLxzgJxDfp274Zmp/Z06dSRjh070K9fHwYN0mXYsKEYDPl6L33+VDP2Lp9Ivx6a/NyiFT//1orZ0yyw3ruag7uWsW/7UrauX8DKlfOZt2g+48ZPonvf/qxctZDbbleJj/AVKAeRkxZBZlKoHMXQMmOJ8Hfhfoi3uhiutKRQnXrPzUkXa0sjWyLc2NhoYqLCCbvnT0iQH0EBPrhJ5GjvcBUnZxcZgOp58uwlT1828/jZK7XVPnpKeeVDKqseidnVUVxWq1aSioyKJvJ+ONlZ2RJc5Aj0JSLNzKau/hFv6gvIPzWQqkuGFB8fwFPfWbxN28KnjI28vD9LAD5NnWqnZh0f4sbQ7DeYZo8BvLjQmccnOhI68SeCZrbCa4lY+vYhhGzpz3nL37lg+hvn9b8jdnk34gW+gfPbY6v/D3b3/Blbk96cMmiJ7ajWXF86mquz25MbuID3L3xlpCmRT7dOjg/ldW34/OwAX5pv8UWM/VOpE6985lNnY0DxTm1CTL/F1/gHEtYNIGJBOwptDWiMny8/c4ki54nEru1Avec4ngRNE+vfypuCkzwrOkNjiR1VsZsJ2d2FA8P+waEx3+Jk9S1BS1qRdViLjAMa5Nr0oVggnnHegKfhy6l2NSHbtjdpNkPEznWJ2t6K/Ct65FzpT6m3mdonvby8/r/EMsq9c8XYlfP2nbtyxe0ueRXVFJWVkJOdrBp6nLI4LlL6SbQ/mSlRairgAiW4K8yVAE/6RkkZ5bWPqWl8TeXjFxRXPyEiMoHbd/zwCwjmuqMLB/btl35/ktued3C/5c11hxucOnac7etXs2HJfPZtWsXhbevYvWGJmPhYhvXtwuBubTA36M1iuR53bVzJ4Z1b2Cz9eOLIAYzS7sKIPu0YraxaV0qqCqTVle4926qWPrpve7UmupLX3XKoAuwemOt3led1/Pr4YC313rmlQQ8mGfZk6qh+zDDWZdZoXeaOG8SxXWvU/5lfWqXANR3ru3mcuJsrNp3FrluJbHVSFrjFqSvXp59wZ+yuiwxfY43JZlvmnPBk5eVItUSqstp9jX26utDN2qdIzLxChfmZoEqO+ZVx2LeEffL4Hs8i1dL3eAjcPZUFcvkc8MzCPfoBGcU1lFY9pEw+l5KyCh6KqT5/9oimRw94/0TJVhlBswD4eZoTjbHn+CwmWP+ons5dO/Nff/+GTZs38vnzZxXqr3K8eC1G/jLVkRdpzjRnuvM6+Qbv5HGl2lp91HmepTnyuiiYR3khvKqO53FRGGXJt4m6c4U7TjZih5e4ef0Cm9avYNzwoayaNYkp5kPRH6HPJMvJTDCzwmr6XNbNteTIhunsXWzMrnljsF49haMb53B08zx2LJ3IHPPBDB/QlZF9WmG7zgznPVY8rSn+D9SfNDwVs63ixbMmXjQ18Pyp/M1PammsK6e6JEedZi/PSyMnKZwc6aeJYf4UZaeJmT8WQ2/iccMz9T56dVU9leW1VFc+oqK0RqSlXALSIhGXPNITE8lMSxFgZpAt9p6SGEdGSooAPYH01EwV6ElxErx43sTd3hYPh9Pcdb1MkLcj9+444uV0jlDfKySFH6AgdStl+dbUPthKYfIKaquOUlp0gEfV1jyts+blo8sie000NVSTFSvXU7gn2bF+ZER6EeZ1QThhg/P5vQS6nOH+bXtiQ3zV2QP1/QjMwwICxM4duX7+JM5XzuDr5qSuzPd3d8LH2QFnu4ucOWrNN1YSmY+XZtS+GwPF0rVbadC/dTf6temGfs/+nHY8g6eA3CvZD68kP7yl+SfeIcXXRoxpOlkHrKi5tp6n3vt4fGsbVXarKTy1gJTdU4jeNJ4K+428S3IUqDuRZ7eNsH1L8Ng8h1PzxrNwtCEjB+nRq0tvugi4O/zWXW1dxNT7dNRmYG99+nTWZuYIIy7OtSJp8wISV0wWC7KkZJkF5UvGUyXHiuUWFC8yJXW2CT7KtLtcmDfH6uFopE3gFEPSZ42lcI4lySajiBqiS7rZSFLHjyR2/AhCBKSl62bTuG8dZdNNKDAbSvkMGWjXz+Xx2lk827ea93bHeXf9LE8Pb+fNWWve2ezn7Ymd/HXFmi8ht6AgEbIivxZ2UcqpBt7i6HIT7I6txeOGkt/9CgESzfl5O+Ny054rF05zcOsKVk4eI5GqoRxHqwuBdHt0prtmV9q2a0+nDu3VLWoaXTrRTUsA36cX+noDGWZooLYRI4YxZvQwNiywYEDPbvzw6x+qpXfo1JnJFmOYNc2MmVPHY25uyqTpU5kxby5mFlPopNWLrprdMRlrKOBfg+f1U4T4XJGo0JEoiRLjQ92ICXUXwEdKlKqsdJcOn54oNh9PSnKCen9c2dN+PzxEBbnzjWvcC7xLbm4Or9994tnrd7x480GOb2l6+Zb6xufqauhHT1+oYH8mj71o/kCTshK18SUPBOzJyemkZ2aSlS0RcVqG2hSgf3om0fVZfWquG/Msdj1vM7fzOmYJT+4JGF/c40v9aXjnyZemo3zInMTH9Fn8lb+Z2mO9iJv2T9yNvufWrD8I32uI76puXLL4Hxb3/jsze3zLbp2fSFnTgaIjg4jd3hfveVqcH9uGQwP/iePE77E2+IELMgjd3DCQ2sQdYua58DkLPsWrC9e+PN4Jj7aIoZ/nS4UDr/3XUHdhFvkHhlJ8WJciCUCCp/8hffFPHEb8QtiMTsSv78SzCDPep82j4c4YImd8T+qeluQ7DKI6dB6VUevIDlxJ4CVLNg//HptxvxCy8g9Cl7Uh51BXYrd2IOdEfzJPC7gvj6IxfBmNoXOodTGWa2sE+fZDSD3em0d3LKnwGEvdvak88Jio9klf37vqlPu/F8MpIP9OmnKuHLW698bBXYBeLkAvL5PALYW05PtiLyECdH8J/u6QlqQEXknqIsnCglzy83IoKCyktLpOzRxX1vCcIgnW4hNTcXN2wlMAHhh0H1dnV7zcPUlOLyAqNpWAwHDO2tqye8t6NX+27aE9nDywnU1LpjN+aH8MenVg4ght1i6Yzsbli1ky04rtG9awadViJkrAriyGU+6fG2t3FJB3Vu+hjx2owEFJA9tGrcpmpisWrux9Fvu2GtEHCwG46aBOqrmby+MWAnoLAbrViL5MHa3NDCMd5poOZqFcj4stR6oFiNRFclFlAtwsdt9KY6dLigA9le0uSpGVaHVa3Xj7OfRWHmTY2mNMPezE0vOhLL+iJImJZ6VAf5NTFvs8C1WAnw6qUqF+3LcU6zsPOCztoM8DDngXc8CjgINeBXKuHPM4KcFDcEoJWeVVZBWXkiuGWfSggsrKWp4+fUpDvZh6fS7NVUk05gh8C4P5600jb9++lcB/IH/7+38J0P+Lv/3jvzA1G8czAaO6LuVBiFxHTrzOcRNbd+FdlhNvsp15X3iHpnhHnsadF8t35lluAM21CTwvCeFxujsVsTcJvHkMh/MHOXtiN1tWzmXP8umc3rWK43u3Mm3pcuZt2skk84mYjZ/ArInj2LZ0CpvnGbNh5nC2zDVh17KprJptzgKxeSVvv3aPjmh3bsG17ZPwPzGPVO/j/+te+rOmJzx5VMPj+mqePRaYPyqjuiybJ9WFVBWl0VApQWVGJEUiJMnh3gL3+9RV19D45KV6L12pcKaAva7+KbU1DdSITFRX1ov1VlBUUERWSippAvXC/GLp04UqwDPFhrPSM0hPUbatJRETFspdd0fuuF7B3/MaQQLbQM/L3Jbg5vLJDcQG75fA4ggPy2xoqD5GWcoCQcEieZ9HqC49SuPDk7x+coL3jft53pjI+/fv5D3HkiwymBHlQ6jXFe772BPiLuJ8/bgqgN52R/C5fgx3h1MC8ON437zKLQcJpC6c4uYlGzHyS3g7X8PnlgO+rg5i55exO3uSPZvW8I15x66MadOVUe201Gn3AS01UEqqDhDAr5k+GdcId9XMlaYA3SPRF48EuVDvOVBot1EFev6xOdQ5beWR8yYeOm3gkdsOGm7toN5liwr4l/cviklc4XW0PUlnNnJmrinXV09n1xQTFoo199Xog1ab3nQSkHf4WeDVvi/G+sMx1TfEcpA+F6dbcNJwIB5WY4hdaUXmWnnNFeN5sFwChjUTKVtlQcHCccROGU7IxOF4SfR3w1gHZ4m2vSz0CbcypGD+eDInGhMvkWSq2TDiTQwJGjmQYJMhZMw25cmmReSPMyDPZDAlE0fycJElDSum0LRjGc3n9tN4ZBeP920WoB/h07XTvDm6naZty3h/4RBE+wnMI9SCLrx6Rn1VCdtmD+fYhplYb18upryWa1cuYGd3GddbLjg4OHD29CmOH9zB8QNb2bZiHjPktbW7dRYj78wff7ZRk4B0E5j36KaBhkTbA7T7MNRAj+HDDDA0/NqGDjPEZIwh3TQ1xND//Np++5OevbTUBXQG8vxxcjHPnD+f5WvWMXXWIjpo9OJHeU4L+f1t27Whd/fOTDIdwrKZRqxfYMrWZeNxPLMV10sHuOdlr2aAu+vhgJP9Oe54uQjEffG946lugQsUO1eyzj0XE38pAK9/8ozGF695/f4jbz5+5s2HzzRLeyWgf/ryjQD9pdoU4L9+/xcv336Qn3kh9lFPUnIGuXlFpKSmk5CYTO3DOj6JbTwSeD/xs6IhaCqv4tZQG7RYHhNjTpghQN/Ol/f+fHl2jk8lm/iQNY/me6Zq9rYzvf6JwxQtXBd15Ma8tmzS+x8WdPs72wf9gq35n2zq+x1Xx/5A2JpuhO/Q486aXkTuGcjR0d/iMOtHfDe35+pcOW5pQ33MHp4lyWDz/AbUH4UHS6F2G1TugML9vLl/jEanFdQfG/y10trxvmTs0OD+/E4EW3YhdnZ/EuYp1t6J3I065O/qz6t7Q2gMMKPaYxF+e3VxXNaac/Na4bpzNLYTfuKq+f8Qv+F38k9oU3yxH6WXR5OwV4sSx/HkXhtHjc90OTei/OZwKl2MqHAYSvpxXSpcx9Icv4LH4QuoDV1Cw/2vpWgDAgK/Gvm/mwr07/4DdaW/HTh2mszCEgpKSuSzyCQjPVaFelJcMPH3fUmNC1WL7yjZAnNy5PPKURZHKtPvJZQqGa9qHpNTXE54WBh3biswjyQsIgG/u0ESBIYJ0AuJic/A1+8el86eVa375IHdnDm8l0M71jPXcjTGg3pgot+dpbMsOHPiGCcOH2Tb2uXMkiB14hg9jHRkrFKyyAnMjRQ71+3EOIG5qZi3cr99uFI7vW8HxomxK6VUJw3vo6aKNRegj1PsXE+TCUO7i7n3ZKLY+eQR/cTQBzBn3BDmTxjG4omjWSUB/drZ49XKXUqQeux2NltvJLPDNY3dHqlsdY1m2UV/xu04j86S3eivPITFAUfmnw1g8cX7LBZDX3YtmnU3U8S2Czlyt1yAXqFC/ZjvA47dKebInRJ5vEy9h64Afa9A//DtIhXwh7zzcQzOIz6/hiwJeDMelJOs1GMoKKe07CGPHilbnspprM7khQC9MP4OH5ufq5/zosWLVDP/CvRv/tO6S9CvFAxR76tXRPAmz5PX2a5i6Q68zLDnXbE3r7PceJ5iT12kjNfZd2muSeRddRSvst15kXSN0vDLZAecJ/DKDnxOLsN+9xxsti3g0uENbNm4npGTp9N3yAg0+mjL+GOAlflYJpsYMGWsDtNNdJk5bgQzzUeh31+T/r006djmD/q2+xWPg4sIPTWDcNtZvKwv/X/2pb8SO39E4+NK6quLBZjFNNY+4OnDImpKMqguSudxZRYNpemUilDVFmVRV6VsC3vOcwG6AvXnAvfGpy9VW3/0qIm6h0/E2GsE6MViv8mkipWXSMCkZGvLzc0nP79QgtYcYiLCiI4I5n6gr5iwo8DckVA/N4Lv3uDWtcMyPu7j3OHl2OybRn7aIQH3GRqr9pHmN4Xgm5PldU7QWG/Diye2vHl6kjeNe6mqcOXz54/q3xLqY4f3jZPcunIIlwsHcbDZwc0zu3E4uY1zB9bgaLtTLbZld3I3u9fN58Dm5Vw8tg/700dxuXoGl2vncLpsK4C3lSDrJPs2r1JzvH9j1kWL4a01GNyqC3qtBOqtpXXozryJ5tj5XsNF4O0pIP93c5Ovb8X7cDvcldzA81Q6bCRlpwWBC4cSsc5EbGEbzWEn+Jx0WT1+kIjvbfxl6u8coTn5Fk9CLlLmdow4m02cXzSRhaMMGDtYH+3eumj82ZMBnfsx18iIlWKWOyZPJET+GAfjwdjoa3POUJe7M4xJWGlJ7obJFK61oGTtRIpXySC32JSkmaMJsjDA21xfvX/uJmB3H6/sIdYjdpIhOXNMiRo+kKiRugQO1ebOsAH4jxlE9kxjHorp5hjrkTZahyLL4dTMM6dxw1werZtF095VvLOXD+jgFpoObeP1yQNi7huoWjxVhfonh5N8ibwDaWFibV8vmr2rprBlsQULJw9nvpUxK5fOZeXyhVgfPqwmadghg5mtzXE2rFvK0SPWTJWO371LR1q1asNPv7SQ9gcd2rRR953r6vRlsL6uCnT9QTroSQTet29fMW0NgbkmPbtrCqD/5CexdAXqv7dsQ/cePRg1ZjRLVqxg+55D7Dt8ktmLV9NRs48AvZXYfCt1EV3r1hI4dG1P984d6NGlrVokQ6+fBgbampiN0MHKdDgGev3YtGEF8+dNF+M3Ye7c+Xjdvkt5TR0lYgyVDxvU++T/tnClKQB/9fajCvXX7/7i7Sexg7++CNw/qlBvevVWgP6RpxIA1D1+SaXAIEMGrfSMfOLi0qiorObLxxe8ipjJi5BZPIteLoPPXprzTlEt0HoZMRYa1n6d8q7bz4cHa3ifuYBq227ETBYo6/+DpZ3/zlrdf7Je/we2Dv0du0kdyD9qSPTm7pwz+Z2t/b7HfnYn7m7WI3y7HoEru2I3syV2874jeGcrYmw0uLHk7+Qf7EXV4V40nTPkg7cxb/3NeeM/kfdh06lz2UDeKl0aTw3jo485TVeNyDumS+lV6Ysz2nLHvB3eRh2kdeb2iD/xHy+Qn9yGZ0FGvEudwWO33ngv7MS6wf/gvNW33J7/M9Eb2pC+pysFJ7pSflqbtH09id7WlrgDvanymUulWHfOhSE8ClhErZcpOad1eeo3mQqn0TRFz6PcYzRFnlOo9p9D2W0rtT+GhIR8NXO1favC/Nt/AV1prVq3Z8OOfaQqWxrLytUtjYqlZ6TGkBKnrAQOIDk2hOy0BBnwUuV76eRkZ4jRpJGTm0dhaaUEApXqbZTge8H4+QYQGZMuLY2ge+GER8SpQI+4HycBoT/Xr17hwsmjXDlzSk3KsXXlfCaMGICxXncWSuC9b/sGLp+/oIJ/77ZNzLZQYN+NkQJtBegj+ysZ4jqrkDbV01CbkbYAvWc7xmgrW9KUe+Q9BNh9mTKqv8C7F2b6XaVpMH5IN4F6TyzlMasRYudjBzFv/HAWizkun2YiMJ/AhoVWXLE9/DXpzNNm9rpnscsjg03OkSy65IXRzlP0WbCRAQJ00z12zD7jp1Zlm30mmFnSll6LZatbLof9lWItZVj7CswF7EcF6EfuFImdl6iPKW3/7Qfs8S5ir8B8h1sxB29l4na/mJSSx6Q/qCE+5wFZcszIKyevsILaqjKaqnOpTPPnYUEkeZmx6vs8LGPLvwGumLl6/rdvVFNXzlu3bUXivxacfn76gDe5HrxMu0JT4kWac9xpyhHA58sYnXqThhx/XtUm86Y2nlf5dySgtaMy7DjlQafIct5B4InpOO2dzLElwzi8cDirTPthOrgXOtoyLvXozcDBhujpD2WooSF9emrQq2tH+kobpadNb40OtGzxi5rMqNNv33Pn5Eqizs0n7vIKisOu/T+O/oWnStGoyiKqi7OoKEzlYWm22HkK9WW5PCxJp7IggbqSZPKTQyhOj6aurJRHVZW8ev6GJjUV7As5CthfvFVXvz8WsD98+Jjy0moKpN/mZmZSXFBIWWmVAF36vgA9Sx5LiIokUbm1GH6PIG8ntUUEekvzwOHcDi4fW8+ZA8vZMN8If491vHxylrqinTjt78et04bU1x7j2WNbefw0r1WgH6eq6jJv31by4mkjvk7n1bobN0QIb15QAoQjOJ7eh4PtLuxspJ3cxdXjO7h2ajc2+zewZ8089qxbyJ4NS7licwjHcydxFrB73byMl+NFrtoe4I7rVb4x6aKJUUdNRrftylix8uEdtMSKB3HV7RzX77vjGOPFjdjbAnYfbgnMXeN8cI67jXvMbaIjnakPuUCdx14KbBcRsdYEz1n6pByYxrtIGz5nidGU+YrRePMxy5lyt8O8zfSi6b49Odd2c3fXYm5tmc8qieRG9u0vF6QeV1bNEWNZhde6OYRMHUvEWH28xuhyaZguZw11uGY0kHtzx5K82oL8zVYUb5xM/kpzgfkIYqeN4p6lAf6WQ/GxHIzH+CG4iKXfHNUPX4kSEywMiRmrR5RAPHzsENyG9MHdoDd588x4ON+czOH9yTTWpcBiKJWzxlK3YpKY+xyaT2ymZt1cKpbPoWCGJbUbltC4Zw01q+dQt3Ye784f4C/nC3y8fYPPGdFqVzx1aKsMECOYaqzDKB0tNQOWgU4vzI1Hsnr1UpYJ3Ldt3ci6tUvYs3cXm9YsUxfA/dailQrz735uIectGDZETwCug86A/vTp3Yvu3TTVzFpKysyWLVvTtVNXDAZpq6kz27QSQ5ef/enXP+nYuSvDRo5i+pz5WB8/z4nTF1m+YadcbAP44ZeWal7v3j01sZTBbs2MYWyeM5y1cpxmPoShuloYDenFyMF96NdbbGbCOOwvnxaQz2bD5h2kZORRKUam3NurUpIjCMyVqXWleMeT56/F0pvVozLl/rL5g2o5CtjfirW/+0vaZ4H8+08q3JX77Ar8GySaftT4SkBSRVp6gTq1+PnjG8q8JvE6dZ+0nTxOPcSr5B00eFgJUIfzuWIBnxt2IVEWX55LK11Kc8xcIid9i8/Ibzms/d+cNv+FC9M647FqFIn7J3B7ektC1/XEdWYn7Ix/x35Ca25YdeXGQuk32424Mb8b5yf/D6HrWxK2S6x5xt9wm/E9Gcv+oGJ3d2rEkiuO6VDnvY6KM2NIX9KD3IVdebBbn7yDo0naNpSAVX3Iu2FG+e0VhM/TIH7FQAItNfA1+ROPUb9yx6QFhRf1eOKuzYvoyeRdHoDLlJ8IXPQjMRs1CF3dgax97Yle156gRa2JWN+ZwGUtST/cjRzbvmQe6UfVrYk0+c8g91Rviu3H8NDXSoJmS8qczSj2XECl2wRepOzlUfBitT9GRER8zeGu2vl3/wL69+qg+sP3P8hg35FlG7YTl5pOQXkVhQL13PwssjKSBOrxpCbFkBQTSppSI13sXIG5kosgLTWRrOwscvILyMwtJDUjh7CwCAF4LIlphUTFZxIcFkNsYgbJafmEh0bi6+OLi4ODNHucrjtwbP9uVs6dLGbekwmG/Vk9fzpXLl7gqrSL586xbf1qdaHcWIG9kU4Xhvf5uiBONXN9LYG5JiZ6Wuq0u1LAZXS/jmLnPVVoK3vXJ0tTzhWQjx/cTV3dPl5gb2nYm6mjdZllOoQFYuYLJfBePsOc9XMs2bJ0FjtWL8Lhgs3XtM4C143OUcw57Yrhun1ozllJz4UbMN55hZm2AQLyEKadCsTyyG2mnb7HKsdk9opxH/EXkAeKnQdUcNRPaaUC8RJ1ut367tcsc/vkfJe3snUtj62OmdjczuJuYikpRdVkFFcTl1FEWlEVWUUPySuuE6Dl8TgzmGy/i1Qr63f+tejx31PsKsT/9s1/gP7/wv3b77/lqt3X0qV/vX7My3QBevw5msXWm7JdeJUnlp5/myfFYTQ/zuJtfTIvi4LVTHOPo22pvHuAxKur8D48CX+bGfgcssBlpxnH5g5mydheTDbSxWzsCLQH6KDZvQ+9+w2kT99+aHXtgpZyC7FDW9q3/pMffviJ//7nD/Rs+xsxykzvjTUUeO8j0/Pw/5p2f9HYQHleqrREHuTEU1kowX5BKvkpIdQUJlGVn0BJ5n0ayjIoSr1PZW4CVUplQBmb6mvraZDxqbHhGc2vP6llTJWCKPX1T9UMbRVl1RQJwPOysiguLKW4qIzCghJycnJJT1VWuacTHxVB6F0PQn3diQm9K6Zuj53tVi6d2MSpfcvYtnQ8NnslcM4/QW7cchJ8JxHqPoGU2E00PT4pQLfh+aNjPK05RO0jB169CuOvTx9JiQ4RWO/B7tQuOe4SkO8RgG/D3ma3AH0P18/sx+3yEQH9IS7L446n93P97EF8bl3F88Yl3OzOcPnEXgH7MS6Jubs7XFTh/o15V4lkNbph3lmLUa27YtWzDxeOb+dK0A2uhDpjF+GKfaSHgN0bJwG5AnMnOb8Z5YVflCfp0S6UxtygMeIcD122k7DNgqBlo8g8OovPhV5QHQRVAVATzF/FvrxIcqE5xYMy92MkSqTjv38lB6dZcHbVIuIv7uZThhsfoi7w3GkrpZsmkSZgjjUbhOvogZw10BFL18FVgBswewyJKyeQuWYCaYtNiJk2jPtTDAmwFNOaNAQ/gbrvpGG4mQ7Exag/XiYSCIzVJXbcYGJMhhAov89XjPyuAD5rlrL1bQSFYwdSNN6AoknDqZxvSs2yCbwMcOdTRTHvS4rIm2pOhvkY8qebUyUwrxXIP96+nDen9/DxylFenTrA2xvn1Y4YGuDDGDEK48E9GdSjE907tEZLOrMSqc6ZNQWz8WOxmjyeVasWc/DgPo4fOyKRbHda/C6m/fPvfPtTCzWlYt/evdHRGUDPnj3oIiDX0tJCX18fE9NxLBP73rJ1B+s3rRWgd6Zt69Z8L4HAj/Lzv4it/9biD4F3C1q166SWXV29aQc9+w/mR4F+63btsZL/x6UDc/G/tpdIj+NEuJ/A4+xm9q+1YtmMsYwbri2vr4n1/s34eLlgY2tLRe0j1cgVkCsAr3vy7D92rkD8302B+r/vpyvT681i6c0C8TefPgnU/+K9auufVFNXntP44o2A/a1A/TVFpQ+plSiaL3/xOu+AQHw7r7KtqfaZzvOodWTt1uK19yi+lM/hc/1G3uZO5Hn8ED5mjuehQydipv/MnRH/wMHgW1zmteTU+JYcNNLgzOiubOzyD86at8fsz38wrePfOCuAdVk4lH36Lbg0TYcjY/7Ac+ZvhC1si9Okf3Ji5n9zefKPZApkG3cPJnlKC7L2jsBhnAYJC7oSPbUd0VM6UrhvKteNO3Jn8RCcl2sTYj2G2CPjKHddi79Fe9xG/ETc2sGErzCUoLMdqXuGUnRjAC+TZ8ggupEyv4nkHtchbocGJTYDKTg+gNuTvqPorKFaErby5hiyD3Qk07oHSQe68cjDlCf35pJzaZAEyMuoE7hXeAnk74vlXB1FjedUGvyXkXdl+L9qTkf/L5h/958p96+tdeu2zFq1npikNAoqqiiqqpHPoZS8vCwy05PUzH+JsWEkxYWTkZ6imnlWlmLo6WRkZKhFf9LTM0lOzSQyOon41HxScyslQCggOiGL1OxS0rMfkJiUKZYei//dAG57eOJkb89Zpb72JGP1vvmaOVM4ZX2A06dO8X9Ie8vwqq6o4bYtpbRIW2hpaYHSFqhTtMXd3d3dijskECcBgkSJEXd3d3d3kpBAgrtLGXfuHWrv+93vx715nvnsc05OjuysvcYcS52dXTmhr8OKORMZN0BZDrYHY/t1Z2zfb1V4q1Ae8QtTBNCTBNSKmavN8b2/FtB/L8nBT8wY9iNzBegz5Th5UA+mqkD/UR7/SR77hXlj+rJ4ylAB+ljWL5jE1uWz2LlmAfs2Lefwjo3o7N9JUkykeg5tI1IZunEP385dTPfFqxi864QK8ZWmCSwyjmaGni+zDX3VHdr2ueWjG1DFidA6ToTVYhRWg6FA/bhi7AJyA7F1ff8ajoqdH/IqZYdTIVtscvnDNBZzPzl/RdUUVDeQVyFRKnZeUqNGRdVlLlcUcrMoirqMYPVzFRQUiAS0/VcTu4D9nXd4618wV5rgW7R8R73/zrvvcOjwoWYHfnxdri0n7hY6c6fYk9t5YuhF/gLLOJ7cq+bZnQqeXEoUoDtxOdKAQqddFLvuodh7N7mu20mwXIuXQN1o7SC2Tu7JpL6fM7zPV/zW+zs6ffElXbv14LNOXUQgPuULBeSSUChJpNJS1Oq9tuxeOJZyr2NU+h0j1V2bomBjGsuS/gb6i+fPKM1PE5AL1JUZOPmpVBakUZqVSHlunIA9RoAex8XCZLH0KLJifSnJTqKqKFegXkN1aYFYey0P7z9TF51RrP3am6Z3BeiV5dWUFhZQkFtAuUC9qkrMvbSCgrwCAXq2lPk44sIDiY8IIjbEV2B6FnPDPQLdgxgfXY/O7sUYHFpNWpwGFYUHiQ+az8k9A9DfO0fuGwnM9blee5jblw5Tf8mERoH6o4cN3Gi8jIn+XiyPH8D61GHVxJ0UUzfTx9LoEHbGmlgY7MdUdxd2p7WIC3LFV6w+2k94fEYHwyM7OHdcAxdbc5ytTfF1tlVXsntrTo8ezP7mWyZ2+ZoRX36N7q7VnHQz4YyvFWcC5WILtsMi0hmraFcsxdhtJOxiPbCNEXuPcsMz0pWwKCcqUxx4mmZJo8NOSgxXSkW0jjvBBryq8oPLEc0rxzXF8fKiXBx1cTwr8KPEXotMk0M4bl9CldcJ/iz2gDKJPDueRxnxwGU/dXtmU7JsLBFTfsf49585OagX1gJhZ7HvwMWjiVkxjgiBecQCse9lY0haOZ64paOJXzmBkHnD8Z01BO/pA/GZLs+f3J+UqUPImD6UyImDxNp/x2/Cb+QuG0fDsvGUy3tUzhrGLS/5LuWF/5pG0XwsFZDnThtF0YIJlCyZQu2mhVzV3Mzjc5r86XiWV1bGPD9rwMucVK5fbWJU3+4M7fUtgyV+/razuoFKl04d+aprFzp3/pLvv+/BuHEj2Sp2rqV1hLGjh6t7grf9SIDetr3Ex3zzbXd1u9S+ffuKqfdnxIihzJgxlXUblV3Y9nJEUxNtXV3GTxgrycCn6t+0bqcszfg5Xb78kk8+6UTv3r8yefJk5i9Zy2edu6tN7SOG9pPMbjfB7ibE+JqRGnKB7Dgv8tPC5CKJIjHYBU87fbR2LMTfxYSo0EAxtoq/ga4YudK0rgD9L7j/ZehKKNZ977FcREp/ugLxl6+aQf7na569bo4nYuuPXzaD/r48Vxksd+veUxqvP+COAF75uR+zmmuRm3iYe4TnBbrUmI/g2oXx3LDuw59ZAqvHdry6ZcHzyi3cjx5Ek21P6s+MJHp2G6x6vYNevxYcG/cVOpP7ojv0G06vnMXiL1sx+IvWLPixFQaD38dpVk/OjOgkZasDtuM+Jm51Z4LnfsKJ0e+gseAdfI4MJ1dnpMC8PXkrPsX+93fR7tECv7k9CJ3dlYAZPUjZOQXXiV9gNvYbLOf1x37pYAI2/E76nt6EzfmC4NlfErmoG1kHxhC1qhsRW7rgseUzrsf353mTMVeytpN96jdKzo0kcWsXAf9XpOqNoMRqBhctB5G890tu+yzm4vkx5Gp/R43daLU//Ub4cq4ELaExdC0lthO5H7uFWodpVJ8fRaP/UnKMB6hNqCmpqf8MiJNj679s/c0GLR+378DaLXtIysylqLqGMjGc8rp6yirK1P7yvHxlIaFkqeBiSEmIJC8vRx7LVQdJZknFl5tfQLYAPS0ji8TkTBIzisgsvkRm4UVSxdRzS+sprGwUKNWSlJpNeFgknq6u6jaQ+hr7WDN3IpuUfvPjOjjYiQVZWmJrZcshSVZnjO7PaIH1+P49BN4/Men3H9QR8AslMZ87ph/ThijT0no2N8VLjO3zjSQAAm957lwBtrJ3ujI4btLvCtDFzgf9oBr7rOG9WDR+ICtmjGH9/ElslOv7j5Xz2KksmLJ9I5q7/uDonm0YHj1IfW0NT58/Z8IfW/lq9iz6bjzCNG0flgvMV5gmCtgjmWPkL3APF9POFvuu4mx4g8QldYraybA6ToXXC9TrVFPX9atB27uaQ64l7BSb32CZwjLjSNYZeuAckUl6yUVyqxtJK6whR85ZoYC8sKyOEoFObWURVytTm7sDGq/Q7Zuv3oD67f9CXQX7m+Mbe1fi3fda8G7LFixZupCHDx80m/DFCB4oU9YKvbiY7UWWyNq9Ow08vnuFlw0ZPCvxpjHuDNdiTLmdYMbNJBPqQgzItN9GsNFCLHaM5NCi3iwc1pmhP3xI72/b0/mzj8TE29BW6jJlaeH33n9PPockFfL+rSQ6fdASz+ObxfwtKQ08TmWEMdneumT7n/qPpStdDNVFmVypLlShXpKdwMXidIF2KsWZ0RIxVOTEUZQWQUFyKLmJARQmhVAp8M+I9KG2KItrDY1i50+5cV3qKTF0ZWqbAvSLVXWUFZeQkaqMDSkUoF+isuISpSXNUE9JiFOXYI0O9iHIww57Mx2x831ixwek/tzBSY01OFnsITr9IJZyLZof+ZWNMzpjqr1OPpcJ9WWHaKraw+2LW6nL28SlekuuXouSROU58aEe2J/TEpgfEjvfh6neHs7p7OL0sZ24Wp5U90b3tTfDw/ocIe6OhHra4WVnjqWxNvqHd8pnOUV0qD/u9ta42p1XN4l5a0kvyWAFLLO692T/3CnoW+px0MYIXeezGHqZc9zbgpP+1piIsZuFO0k4YiFHcwmTYAfMAi5g7WdHXrwLj9KseBBhQJ3VVi7b7+Z+qCFPE835s9xbSp7Sv5zA6+oAXmac53WeMy+LvXmR68qzDFtelwvIKyRKlOVVHXmda8vL6JPcl9ep2T2L1IXDOdH/R4wE6KeG98F07ABspw7CcdpAzo/5VSrivrgrA+BWjCVmuRKjiVw6hrAlY4hcOZGIFROIEqvPk9s5C0cRI1APnzWCoCmDiJ87nHuSAT0tyf9X7w28fPmap2KWj5+8UB9rchXoTRlGwfxxFC+ZTOGSidTtWMINnW3q5i7PTPV5fkaXl6nNze4rZo9l8C9fMaz3t/Tu0UVtbvruWzFpAW3Xrl357LPPBOrfMXLkYP7YvoXpM2fwibJGstLkLhdBK4Hz55LlKgvHKCBfuHAue/fuRkdPBy0ldLQ5qq2NppYWO/fsZfmatSxesYqFS5ayfv1qli5bqhr8LvmdtoEhZy2c6Pjlt3wq77F/zwZCfOyIC3EjPdabfLkQijJiKM9PkcwyjWLJctMk2/W/oEewmxlxMVEUFJVxsf4KNfVN/0xHU9bzFqArEG9+7L5q5/eePBFQP+fZyz95IRB/qYRY+fM//xVvwP7o+Qt1gNzDJy+58+CZ2vyuDLJTmwWrTLmfeZS7cZu4Fr6BS5YjKTrUjWuWv/KiYDY8t5V/VJCYuiaPk8fwomofD9PETDV+xvG39zn4/bto/fYRlmO64DKpK2YD26Hx4/vM/KQFa758m3ND22A6/FMspvyCybhvOfbzu9hM+BjbEW3ZN+pt/pjwDvuGvoff8q9ImdOaK0ZT8Zv6Ia7jWmM34WsMfm6P1/jOpG3qSfYfYuhzuuA56Svcx3fFf14fHCd9R8CsbuTs6kOuWHnCjl9xWtQF27kdSDk/iHvlK7hZsoxnt7yJO/wzd5OW8bRAg1zjQVxxkqR0cxfyDHpTca4/9ecHUnZuACVnh1DnNYdCs+GUO86kMWAp6QZ9yD4ziBLzCRSeGU6l3XhqHadwO3obTQU+ZGZm/g3z9//eZe2fUNZ537Rbg+yiEgrLKyiX/3FFfaNY+kWKS4rUhYCU1f2UJX1TU+LVFQEz0lPIysokNy+PvMJisqVCTBXDj0vMICY5h3SBUUZ+NRkFVRRUNlFce4Ps4moBeibBQcFqc/tpsXNljvnO1Qs5pa0hgLfBy8MLZycXDHW12bpyEVOH9mbCb8rGLALmUQMExr2YM7Yfq8XqFagrU9nG9v+WEXKtjfxVLL23QL3vN0wReM8e2Vvd0EUBuAJ0ZcOXaUOV+z8xe/ivLJ00hNVzJrBh8Uy2rJjLH2sWs2vDChXoGvt2oHd4H4Ya+zmucbAZLtevM2qXNhM0nFl4OoqVlgksN09Ut0FdbxnPfrd0DIJKMYm6jEV0E+YRDZwTSz8dXqdC/XhQLTq+FznqUcEBp2J1nvryc3EsMAxgusYFDpl5kZhTQWGFMhjuChmF1aQXVArUL1JS1UBp+UWBTZE6YOzhw4f07tub91q1oKUA8p133noD7nea+83l+NfguP8C/R1J7lrw4YctWbp8Jg8e3GuGek2SQNGBEL8zWJ0REDWU8fLhTf68WsrjMmWPdT9elgXyvCSER0U+XEkwp8hXk9iza3A8OAmzXWPRWj2ULVO+Y+Ho7xjRuwtfff4xbSR5bNWqjby3fMaWymd4j3atPmDP6rmUhkmCkONMse8xLkUbUx1tTq7/GeqKEv+uix89uK9a98XSDHJSwmmqKaI4K1bqq0gxczH2vBRyE0LJjvenMDmAPBGT1FAH8uO8ifU9T060iEpKFFdq6wXmN7nWeFuAfksdHFddWUt+Tj7J8TGkpaSqA3NL5VwXF1WQk51HYlwcMeHBBHi74Gh+kgvndHG2PI67tSHWJ3ZzRmstJ3WWYhK2GRO/7ehvG83G2T+QGKnJ1aaz3LpiwI26w1yu2E5Vzgb8XNdQUSGW/uiGui21pf4eDA6s57TWLhxMDXA9b4yrsjCY/Tk8zhvhYnGCYA+5JhxNCfdxItzLUf0cjsq68qf1iA/3J8TblWh/LwJcrXlree/vWfhjD3ZPHo6FtQFHbU9y4Pxxdp83QNPBGF13Uww8zDEQuBv722AcYMupN0dDH2sMPc9j7GGBn58lZREW3Ikx56rzAYn93A/S536YETd9jvAy05rXxa68yrIRWF+QsBcTd1DB/bpAbpe5CswlipyhWKBe5AjpFrwIl78/u5GM1WM5PeQXTg7rwwm5wM3ErO2mD+KCmLfNhP5Yj+2L5che2AnYncXEveYMJHTJKMJXjiNm3TTiNs4gacMMirbPIW/VBCKmDqTaw547pQV/Fxxlb2TFxl+8gicC88dK3++jFzx89Ezg/iePivMpmD2G7LljyJgzmqwFY8lfMYm6nUu5qbWNp+e0eWGiy52ju9TXszYxYmTfnvzasyvff9OVL8SaO3XqRP/+/Rk0SJl6NoJVq1ey/+ABzpqYsHrtGtp3/Exdxat1m495X0z7IzGnAb/1YdWqpZjKc2xt7XBwdMTNXbI7ByfsLjhga2ev3laOrh6eBIWE4uzqIknCDnbvP8C+wxps2bZDEoHTfN3jJ3765RepTE2IDfcmJU4Z7KTMRY+jTGBeXpihbuxSUZROVmKE2Ls1oV4WxEaGkSMVdlFpBfWN1/5uYr9y/bba5K6Mbr9+V4H5A+4/esIzOYnP5ZwpEP8rRMgF7DTfl6MCeiUU8N99rCQAf6qWrrzug0dPmzdcS97HgyxDXl2Lh2fN+87n7f+aZ4lreOL7Gy/zp/L61hGpaXfyonYbL+o38qrpEHfS1hMy7xOO93kfg4HtuTDycwKnKoPTPhfDboPFry1xEOCnLv5YksX3iVvaDbfRHbggMHef1RHjEe3ZMOQ9tkz8FI2pX+K04GPStncnfk1PElZ9Ts62ToTM78jBbi0xk9eKXPoNOdv74THpE9wmf03k8hHYS6Jg+vsXnJ/QA5/ZnYnb1gfbFT+gM/ML9Kd/QuChztwpWMqza7q8fhLP3RIdnlZpcydlPcVn+5F17CcytXqSebAraXs7ctVpnJj3UJoCFnLJcwGZ5yaSIElAwfGBZBkMIO/kEMosx3LJYz7ltmO4EraWm5FruV3qIUDOU0H+11ru7/8L5spjiqHv0DAUO6+joKy8eZSx/F9u3b2nrlRWUlGhGnlOTrYKcmWZ38zMdHJzBeYFReSIoaelZZKckklUXAqR0UnECdSTM4sFRnUqzAsq68nMKyYuPhlvT0/szpupiy3t37ISEyN9PF1c8PH2w8cnADMp64f37mDe2IHMHtWPZVNHCXgns2LmOBaMG8ySycNYOVtuC5BnjOjDuL7d1b51xdDH9Ouu2vzUwT8wf2x/ef4AgXovFeYTxeQnDfyeyYMF9pIILJs2knULp7Fh6Sw2LpvL1lUL2LtpNYfFzjX37UL3yEFO6RxFX/MALhds1POSXX2VhWdjWX0+jXXWmWxQlnV1ykHTq4gToaWYxlRhGVOPZdQVEaBasfSLnAq7qC4kc8y7isMu5ey2L2aDRabaVD9Jy48x+x2Yc1jsyyuS9NxSCsrryFYsXay8sKKe7MJKcgUy5dX1PH7cnOwuWrzwzQC4d/4Geot333lj6s3x1jtv/W9rl9+3addKhKINs6b+TlCgndR1zaZelJ/ESYNDkkztJCk+SAz9Gi9v1fL8SrYkzWn8Kbb+/FIaj2riuCmJYm3MWbId9gjU1+JruATbgzMwWDEIvRVDObxiJGtnD6P/j9/wQav3eFcMvUULibc/4OvP2pPsZURtxGnuZNqR776Xi5FnyA2yID3IlpxI1/9Y+qWqYi6V54qhZ1NTnCEwF6CLnWdI/VWQFk15VgwZUSImYucpIQ5kRnqQHu5KhohnSUooBcoyqxkJ1JSVcOVSA40N17lUe1mdwpaRpCwq40lEUKC61GtGWpbYeQlZmXnqnuhRytKvDjZYnzUgwtuZEDF1rwun1MFxhgcXc1ZnBSa6K/C1O42b1P/+zvu4ec2S+7eEh9dPcLnyIIXpmwlwXML8kV9z4uh8yorD5f/4iBBfR5zMlcFx+njZnsVWhFCZ835ae688dhyPCybEhHrj62xNiJcTjmYncbc6g6eTLX7uziSEB5EYEUhKVDBhPu68dXjiIAxXzcRGjPyM93n0nOVCEqjvMtdjp5kuGvYCdZdz6LieQ9fNlOOelmLuVuh7WKLjZo620zm0HM6gJ39zztaIVL9z1Lppic0e5EGwPg/C9Ljrs1/iAPf8DnPfX1NsWJtHkYY8iz3Fy/TzYuZeAnP35jXglSb3MjH6EjcQ8L9KNueJvw7Zu+ZwTi5ck9G/cXp0X85P/Q2nOUNxmDEI11lDcJs1CCd57MKEPjhN6ofb9N8IWDySsBXjiRArj1w9mehVUyg/q8nNcK+/C8rTp88oLCgkOSmRmwKpZ8//FKsUM5ejYub3Hzzh9u373L//SH1+hcZOYicPImraEGJmDiVz+Xgqt8zl2uH13NHdxSsLAwH6jubmsIYaXOxNsDhj2Dz3XEsDG1srzltZcfacKRZW5zl95gwO9raYnDvDtGlT1OlDH36sbHPZgdbtlP7w9mLx33Do4C4cnd3w9PIjNCyC4LBwYhOTxIgyKS2roEbZLrCiksqaWorKywW++YSEhuHi5oa7QN7PP4ig4AgmTp7GrFlTCPZzJik6SIwrgtS4EHUkc3ZqNCW5YuhFWWrkp8USITB3tdImLiqc7KwcdVpZ0/WbNN28o4K3ucn9GrcfPOLanTvcEWtQYS7xP2H+Vyj3/4K5Av27YuPK4DhlqpvSn67cV/7+f/68etP1UW21gEqjn7jh8AvPInvzun4N3Jdy9DyFV3cseFIhcL/mJ5Y6XRK6LugP+ZzTQzth0rc91j3fIU6AGjzxI/J2/Ey9bj8qd3xDwZqOpKwTcB4YSPLBQWTu+gHTcW04OLw1jsu+wHN1V1KODuTC4h84P7Id4Ys6k77pO3ynfY5Z7/fwHPUhCSt6E7VQkqXRn+M8ayA2w77GcEh3Nndvy55erTk5tgMHhrdj98i2HBr2ARGaPbmcukjyFE2e37Hh1XUTsaETXI1cRaPbOFK1+5F9qBPuc9uSfugrSsXOay5MIt9sBpVOs8g0Gk6GTm+KzSbK49OpshvDRefZXA5YTJX7fK4nbudR/jEeVvpQWFj4j5H/tdOaEi1bqnD//LMvOKBzmoqGq9Q0NDQvgXr16n/O/6NHyoCiJspKS4gI8yc1NZmMjHSyc3JJz8wiISGJ2LhEKXcRRMelE5OURZrYZpEAsKSmibySSnWOenh4JO5O9hjraaIn5drESA8/AXlQUKj8LgYvL1+M9LTZsW6ZCvB186eze8NadbDcqnmTWTx9FCtnjWepwHjOmAFMHvSzCnDF0BVgTxjwnRx7MGXgd8we0VuALknB6D5qv/oUsfTJg75j6pAfmT/ud5bPGM36BdPZuHwum+X1d2xcxcEdW9CUZEL70F4Mjh7hlK4Wp48bYKSjJYlIc90Rkn+NLRcK2eZQwH73Io4HVGAaWYtlXB1W8bVYxTZgEVWPiTx2KrwavaBKdQrbPqcyttrmscoslfnHQxl32JlBuyyZtNeGHSfdCUkpJKu4SmBeLXZeQUZ+OUUVdZRUCthLq7ku15vyo6Gp8ffo9b8Gw7WQ43sK2N+A+6/f/T1Y7l+W3qZNS0aN6a+uv26mtYSQwNNcv9X8f6+pruDooY1YWRwnKTGcpw8u8/JeHS/v1vDnzVKeXi/mUVM+D2qTuJbpRnWwISV+x0i02kroiZWYbx6F2aYxmO+YhM2RxejtWMSscf35uK1AvUUrNbp+2oowm8M0RJpxL8OBdHtJIFx0KEjwJtjTBm83G7Iz/ulLv3/nNpUiG2W5yZTlJJAoMpIa40duUhgJwW6kRnqRlRBMkbKRUEYEpZlhZMV4kRPjIzAPU1sfS9Jj1CWMK/KzJEG4SO3FS1SWlkudl0V6TDghni6EersT6OUh9V0ckSFhBHl7iR1fwMTwGFEhfsQGe+MvPHS11MLGeB/aOxawa/FoTu5ewjnNPzh5eIuIkRl3bptz7/ZZbjbqUVGwlyDXBWyd+wM7l43E+NgO3GwMeXj/HsUFOVid0sJU9wDnT2hiaXgE+3M6WJ08JomDLYEeDoT5Sh1ua4qtGLmL5Rmcz58lyMeNHElQlIFwEcr+6f4e8t1SeSsu1Z/IzFA8kgM4H+qEsbcVus7nOGhzgt3m+uy21OfIhZMcdTyjxjGnswJ4U7QF/JoOpzlobcQeyUp2GR9jzylNDp46iq6xfFlTDeq9xVhTzHgcrsct9z3UW67j4ukV1J5bQ63pWuotNnPZdju3Qw15XejIn2LslHo1R7EAvtCV15k2vIyVLPDIcs6NVMz8d0zFxi/MGIjT7CFS2Q3De+FwPAXuXnOH4jl7IO4zBfIzfsdn/nCCl40lw0CyvwCXfwZaCCzqr9wgITUHv6BonFy9sTI3oVFM85EA5fGTl9y7LyBXmpDFQJuartHY2GyHDe4XiJw8mKCJA4mdN5r8zXMo+2Me9XuX0bh/Nff1d/FAfw9P48PkfZ7j5WKNn6czwf4+hAQFEBggBuLtia2NFecE4k6OTnh6uGNqeo7Jkyao/eDtO3RUl+Rs2+5jPvyog9ocOmr0cGxsbAmPiFKN6NKVRm7cuavGlRs3uHHvnhrK7YqaGvKLSygoKRWwF5AiWWdyShrRMYmsXrOOP8RAQvxdiQ73IyEqSB29nJ4QQU5aHAVZSVIg5cIpkCw4O4noIBcczI7Jc4OJl8o6IzNbzl0Tjcp5uXlXgH5b7VO//eCx+t5NN29KQvS/gf5XvJBQgP/k5UuJVzyUhEox+kdPnvHn6/8CXPjO/RdwVYSk5iFcbJYIrkt5KDjYjaKj3XieNJY/61YK7dPgT7H4l6G8vmPKqwZ9rvjPIWNnV3Z91xq9377kxPcf4NK7BRFTOhK3qBs1RqO5fHoYFwXedYf7i3V/Tcjm74nZ3Zs4gbvPlA9wX/w5aXqj8N3Qk3Td4RwY9RWav7UX++9Azp5BJG7pg8+MT/AZ04rACZ/gOb4T2j3fZ3PnD9jU8V02fdWOY1N6i+F/j+2E1ugOas1eMXq7VZ3J8ZrOjWp9qSwtuVO5gRdXT/KiQZvbcXNp8p1A3J6vKTP+hVxdOZr+Trb+T5RbjiZVbzD5Z0aQd3o0Scf6UeM0n7vRm8g7NYxroWspd5rGtfBN3AhfxjVJDh5UB1JWVvbPtqktm0MB+vtvtk/94suu6JxzoOraPW7ff6Auv/n7V90Y/eOP7F+7Di8nR+ouVv93BPK9uzQ01FNaXiGgTldX/YuMjCIsLJKYxEwSMgRORTUUVFwmv/Qi2XlFxMYm4OvrjbOdtQD9CEYa+wj09ZW/TZKEM1wiEm9JWo9rabJl8Uw2L53H0b270T58kL1bNrB5xQKx6Tli1qMFyIOZObKfOtVtnAB9rFj6xN9/ZMrgX5gxtDfThvZi5nBllHsfZo38VTX0Cb91V7dmnTbsJ+aMHcAySRjWKEBfMZ9NKxexc8MaDu3aztED+9A/qqHOg1dhrquLjqbA/cRJLl++8mbRmXoOeZSJeVdhFlmHQ8IVHJMbsUts5HxcPabRSr/5RXQE9vs9S9juWMgm22yWnYtn9vEgph5xZuxeS8YesGKxjjM61uFEphVSUHmJ4urLYuaXyMqvEDOvpKjsInWXr7/ZaMe2GeAtxcxbKUbePPhNsfOW8ti7iqW/6Tt/+6/jXzB/c1v5236//Sx1YBAOFjs4e2wuxsfXU1zaPGq+rla+k9Tj9rYmXKzO4+njWzy9L2C/W8vjG9U8uVMnYK/gVkkYTSnWlPrpkWO/i+hTK7DeNhqzLaM4t2U0zlrLuKC1Gq3105k8uBcd2rWm5Qct+ejDltjobaU+xo6mDB8uJrjiaryb1HBH9DX+YNOGJezYte0/y8FWimRki3jkJkdQkZdCcpSfwNUKf193ogONiPY5THKIBTGB1mTHBZAYYi/3HYn1sxFbdycj2kceDyRPJCYvLZHSvBzKiwrUndqqi4rktWMIdrfBzEjZIvUkVudOYHZChyM7NuJgfoac5DgifOzFkHVwMlMGsu3i2Lb5bFk4lnPaW9DdvQCtnQspzNbn/m1jgbkRlyqPkSzXpOGeYRzZPBMnCz1iAuyJD7SjKDeVRw8fqCvROVuc4PypY+ge2MiJY7vF/g3kmrMi3M8Ft/PGuNuZqYvK2JoYYm9xlsykGHWny7jwAMICvNVIjg7hrcTKVKJLEgjKi8I12Q8LOQEnPM+j7dgM9R0mOmw7p8VeSwP2WxlyQCz8kO0JNOxOsc/qOLtN9dhufJStBodZp7OfFZp7WH5kF1t1DnLeTIvqoFNS6ZrwKEKPaxe2Uqozm/zDU8ncO5G03ZNJ3j6R3GPzqbfbxf1QI6mXbSDfCXIu8FriZYoFz2PPEbB0HGZj+nFh+hCJQdjPGIzDzME4zRqMjwDde/4wPAXuPvNH4LdwBInHtono2/+zSYHAo/HqLbILKoiIyyY8Jp2AkDh8A+V7e/pz1tiI4uJSbty4yx0B+dVrt2gSQ7nceEUu4MtScTWoq/yoc3qnDyNYPkfGhpmU7F1K2S4xIonanQu4snsZt7W28zw1prl5Li2e+Mhg4uRkpyTGk5WWSlRkhLrcaWpyAtnZ2cRLRRgYFIiGxiE+7ySG/lF7Pm7/CZ9++ilfde1G/z69+WPrJgFyLLWXGrh15x53Hz3m7mOB6PUbAtKbXLt9T+3PVgatVdZekgqgnGKpaDOzc0jPyFLXT09JzWbzls3s27UFbw8nQoK9iIsQ00oIl4hUdz/LUaYl5aRJpFKcnSIFJ4pANzM8HK3VtdoTktKoudRIw9WbKtAVmDdcuyFAf0jTrVtUX7qkQvrxs+cC8D95IQauWPjj5y949Py5GsqOVgr0X/355/8R4NcE4HUC8CoBePX9f45KPJPnPKzNoFzneyk7nak43Z2nib/x+vYJAbqH/KMlKXwi5efOSV6VLaHJ7jsujG7HH51bcaSH2PbvbXD4tQUBM76gQn84V4wHU3vwB4oF6Fnbvidg9df4rv+OUDn6zemM6+xPqbEcy0XTMeSKocds7s7Z398jfEl3STJHU6g/lbgNvQia+QlhE9viMPA9Nnz+LnrjBwm4O7Pnpw+xG/cFKSu/IG9ne656z8R8QidCD39CXcJMnt1x4PUTV57dteTpjePcKVlDjfPvxO7sQtGp/m8Gyv1OzMHeVDnMo8RiHClavSg9P5Fy65nknv5N7UMvshjGlZAV1Pspo91ncj1sOVeCl9MUsZbHdRFUVVU1T1V7/4Pm9dxbNfelt2v9AZ992Jafun+LvpkTVdcf8lT+P+VSwfWScvhLO/ld23b81LE9fb7owNgff2DPqlV42l+gtqrqfwD+HrVS9jKz84iMSVWhnpRZRGpWPikZ2aSlZxMpdu7h5oytpRiH6WmsTE6qo92z80qJS0wTO/fBycGJ48c02LdxBVr7dnNKT5eT+noYaB3l6L497Fi/Rh35Pn/8YCaJnY/p24OJYuWTBObKYLnJA3+SYy+mD/2V2SP7MmuEgH3UrwKUH9Tm9inKKPeRvdTR7SvmTmbDMoH58gUq0LevX8X+7VvROrQf/WPHOCHve9rwOEZ6egJ0AbzhSU6cOCt1QqOU8VcYh1dhFFaNVcJlHJOacE66jG1iPebxlzgVcRFdgbmyTvsf9nmstUwTmMcJzAOZquPBpCMXmKvpxJITvmyzDMEmNJsYpYuiqIrC8jpyC5Utjhsk6uWabk4ilH0T2n3URgVya7Hstu3eo23bd1WQK4auDHZTj2+ixRtT//eIdyWUgXEftG3JL316EhbrgsXpnexePoyd6ycSKmL38uULGq/U4+5qS3KiQPtyFU/uNkjyWc+TWzW8eHCVp3freVCfxZ1cX4p8tYi1XE2w3lwc94/HYttILLdNwF9/Hc5HV2K6cx57l4xn9MCfad1Oyl6b91g7cwjJdjo0ZUdwozIde8NtRDhqceLISqYM+1Es/kN1C+a/N22Rz1OclSgwT8XaKZBZG/bRa9IWNi7SRKP/ULQmjmPExGX0GLCMdWu24C/CmSRQT5XvE+trLXCXo7/ANMSD5DAfksJ85fXSaKito76mjspCKadSVztYGqO9byt6+7dwaPNSjmxZTqC7ExkiPiHuVjiba3Lh7D4V6Nq75nP66GbcbbRxNNmBnfFWfJz+oLzAgNJsHRICt2N1fDZ6O2dx3mgHjqZHCHA8QbDLGZIiXYQpT4QJ8Zge11BN3UT/ICZGmvjJeY8K9iE2zBtHsxN4OiirwR2Xz3GBxIhgclPiyUtJkMetSIxRNpYJJNzXhbdSL2aQWCGQKU4gICcS50RfzEId1b7xow5n2Gumz9bTR9ks9r3tjBa7zfTYI+a+z8KA3RZi8GLn2+V3CswXHdrOnAPbmLvvD5Yc2ME2rX1y4epQGSBQTz7L02h9brrv4pLZaop15pK2ZyJJO8aRtHMCxUbLqbfZyf2Q4zyKNBKQm/IkxpgnUaeoOrMJ+0n9xdB/wW3uCBylIFhPGoCdAnUxc99FI/FeMIIEgXiJp90/TbQClKZrt8kpqGqGeGy2egwTmIdFpwrQY/HwCVWPhw8dJCYigitivo2NjeoFq2Tif8FcMZHbt281b9xwdBeB08SSdi2keO9yyvavpHz3Eko2zaJm2zxuaW3myTkN9bmNDbVkCiijQv2lMgsiPFQx3XgKC/KpqqggOzOHpKQUkpLTCJPK7tw5E1avXsmaVcvF3i+Qm5NDTLRkY1Ih1tY30CQAv3P3vtq0fUOO6qA0BapXb6gLvSgD1KoF+grMlbnBSihroxcWlUqFmoOmmI6hmFGAnwehgd5ES6FOlGQjPSlGjZT4SMn84qSQJZCVGqcW4iBvOyzPaBPg70OcWHpBUTl1DVfV966saeDqLWWFuPvckigsq1BbCu49UhaWeaoOjnv47BlPX7xQAf9/A7gCbMXCL/4L4NUP3sSb+/eeN/9to9lQbjpOIHRRBy6d+U5e5JjAPBCeC8xva8GVTbwqmsxd796kL3wP/+EtOfNrG2yGdsSsz/v4LOhG8oEx5OmMF9MfRNXx4fzm8TYAAIAASURBVESt+gyv3ZIgHpqI/ZyPOT/2AzwXdqX0xHAqDQfiN7m1JI2dsR//MekHR0l5XUyR5iiy9w4jfsNPpG76hYDZX0gS0AXzcZ+g1/cDrEd3kr/7kpgp7chd8z63vX6kzKI7eXbduVU4RSpIE57dPsqLu0ZSSVry5IquWPZUQjd/QcThn/D+4zuyz42kwnEuqdoDSDnWS8p5X7IM+lItJl54pj9X/eZTcn4cJVZjaAqaxc249VR6LaU2cDk3k3by8la6ukrYX4auHD9QRra3fp9OH7ahc/sP6f1TL8ydA6m83jy7wMXOnh86tOeHtm35oc2H9PjoQ76T5/Zs9yHd27WTYxt+bt+O0T27c3jtWnydHGj4HwZ/+85dSf7q1U16oqKiiZZyHBIcjIuDHY425wXkbgT6+xIcFEZ+SS1pWYX4eHljcsKAk9rN/dbnTp7C2tKKC7YXsLGyxVBXj31/bGbd4lksmDRcTLuXWLnShP6TCvA5YwYyf8JgZgwTQ1dGuY/uw5zRfZkupj5enqc+d+jPYux9WTRlmAr0NQtnsm7JPLH0RezYsJqDu3egJdeJgbYWpwyNOCNWfsrwBHo6ugJ0Y/T0jHBxa256v/HgOSaxl7BJbMJB7NwxUYAeJ2YeWY22f/O2qBttsllqmsS8k+FM1/VhgkB8ssYFFuq7sfFcMLsvpKLjlYlfSgX5YuKlFTWUVNTL+SimoLSGoso69b3q6y/R9asvVRNvIXBu92Er2nf4QI7v8tFH79GmTSsV7O+8AbkKdHWA3Fv/an7/53bLVi14/4N3+bLLJ2xaP5Ut83qxYsovLJ/5O44OJ3n0uLlJLFXqgbiYIK41lPHi3iVe3Knh5aN6nj2+ynOBe1Ou0pd+gly37cSarSfIaAGOh6ZwYs0QjNaM4MLhhXjorcdKYxV7107n555f0uGjjxjW/wdSPUyoiPXkYm4MYc7HcTy+hhMH5rBGZG3877+wdd2Kf0nZSwqV/QTSo5m1zZrPJ5mxevhWTnbuw/6POrO6fU86dBpHmy8n0vm7eazfsB1XMx0CLwhA7U8Q7WlJhIcl0b72xAV5yNGR+CBPSV7zqbtYy8XyKrITE0mJilBXYDuyZTH7185EZ+dqYoJ8SYgMxNvhrMB8P9bGu7Aw3Mrxg0vxtDXE3dpAQG2Et40m/o56pMc4kxbjRnzweVxMd8tjusQHmONnfwwX84NEep7Bw/qIJBLl6nr1jufPYnJcUwxcH9MT2qqRB3spI9vtBeKOah+6u50JYd7uJEeGqbvFJcnniQsVM48KVpfpdrQ8y1sZtdmkVqerUI8QqPvnROCY4MPZADt0nUw5fN6IHWd12HD8MJvEwrecELCfPiaPaQngj/LHSQ1Wae1l3v4/mLJzA5N2bGD6jk0s2LmZNfu3c1DvMCdPHiHMVps70adUqD+N0hdj11H3U2+y28Il8zUU6y0gV3OuuvVqk+Ne7vgcFfgf5JrDbpK2TcZ12gAsx/yK17wRuMwais3k/lyQf3rooU0Ue134D8Tr6q8QEhFPZGwm4dHpRMRmCciziIzLlMiQx9JUiLt7h+LiEaQ2ux84fJQALw8ui2FeEYhf/lc0A71BBb3ax+TlQOzi8RTvX0GBmHnO1nmkr5lCwcaZ1OxdxDXN9dw1kIq0oYb7927h72GPt2R4yh7h4eFhqpFnZWaRkZZOQnyS2q+oLH2aKseUlAx1oFFObq76nOzsXCoqqqita+BSQxMNjTe4duMWjRIKxGsvN1ErIK+7cvVNXFN3wCosLVP70otKyykoLKaouFRes4jjelpoSPbpKZWpuxSUQF83wgXsMeGBKsxTE6JUoGekNgM9KTqYsABX9DQ24nzBkqCgYGJiE9XRtoqlF5VVcfXmHW49eCAJxgOpiKqpk0RIaUJ/8fLV/xngTwXgwo3qh/8AXI2Hb+LBf0O19Ht/UnX7FY2Pm9vla60XkrX9E8o0v+aOcy9eFc7mdcN6eQNdqfk2wKUtvMqbyH2fARRv/JCIMS0JmdwG8xGd0ez6DrYTP8JdLDv24DgB+0DiNnbGY0N33LTn4aM9E5tZbTk76n2c53XGb1EnCjQGiLV/yoVZH+I+7ysS1n9DjfFMKgymUm64gItmW6g6uZSULb8RuuJ7POU53rO/xHF4K1wGtCBmUhuyl7Wh9Nhn5Ol+QnlAf57ePCOGbsDjq0f485EFr+4b8rByGZeDx5BtOpiA3T0osZ1M0fkpBO/5gTK7WaQfH0mKXj/KrIdQYTOSpuBl1HnM5KLrHO5EraLGZYo6kPBO2j5eVJ+jMXIV1/Nd1HLc6o2ZK9Fa7PzjNh/Qvs37dO34KVMmz8ArMoP6O80Z0659Jxk+aASDu3fjRzH1nh8KxNu0oZcc+3/8MYMF9qM//ZQlfX5m1diRbJs/i00jh7Jj6ECxs42keTpxq/a/gL8jgK+qrFRnTHhL+QsLClSX+c3MKRJoNZAk5d/dxQkTQ10xxlMCdkNcnFzx8fbHXQDq4uyJpYUVRw8eFPguZNHUkWqTugJz5Th7zAABudK83k+sXDHzZpjPG/ebGHlvJom9Txr0A1MUoI/ux8LJQ1k6ewIr501n7eK5bFy5hJ0b17F/x3aOHj6EtuZRjPSPc9b4LMYnTnNM8xj6+qfQ1TuJ5jE93D39mqezNj7CNkGAntSIdWw9JhGX0PGvZK9LAeutMlh0JpZpegGMPeLKiL1WTDxoxRIDd3ZZRaHtno5BQCFngwvwjssjJbeEQjHyoqrLalN7bkkVDyQ5Vlo/+vX7RR3RrsD6/Q9aqHbeuo0C85Z06PA+7dsrsxWUhO0dFeYtFfAr08T+tvO3/7OKnDri/Y3pfyBg7/fDJyyf/IMkOIMxNdfA2cNMJKa5mT89PZmivBRuXS7l9f2LvFDiiVj6rUpulgVyNd2GuvCzFLodJc1mCzEWG/AyWM6pLePRXjWc09uncXT1GPatGM+q+RPo2vlzPvvsY1zNdalM8ibR9zz6+xdzePMktq+dxLJ5Y8Tmf6HfT1+L1GT8XYYqinJJFGuduuwoG35ZyOn23dnX8RtWdfyaHu1/pfXnI/jw60V06DaM7/tNRO/QVgGqDv4XThHuZkaQ02m8Bb5BzuZE+jjiYXuWrKQEgXkNNZW1ZEudHB8WQpC7A+eO7UB3+3zsTh1VrTg8QNntzAgrMfPzAnTjY2vR3bsET3tjAiVRCPcyk9e0IcbPjnBvG8LVWUTO+DlJQuFuTKSvBQlh9kT5mhPqfgIn8/0khLurLb/Bfm7qfgbKinTBHrYkhHgR4unIBTNll7dzONuY4Wxrjq+rI/6uzpTkZBLkZk+81Nt5GcnyHWLUDVveyqzLJV2gnlyVRlxZEsEFMXilB2Mb5c5p+VBadmc4YGbItlPabNQ7xCrtfazR2cdG3QOs1d7NtmN7mbluNT9MnsbAFcsYtn4VE7asY/72jSwUsC/btYUNYus7j+zE8vQRsryNeF2ojG634lXqWR6Ha/M4SIN6k+Vk7ZlAvsYcirUXcfHsOi5ZbKHcYAlpu6fht2AgFyb0I3DpGJynDSLfxZqmopy/+1euXrtJRnYRnr6R+AZGS4V0VAW6AnA15HZoZJLAOxYn90A8/aPwD47DJyBaff4FR3fMzhhzua5OrPqymHqznSsQV0IZDHTlymWePm1udo9dNJ6sLXNJ2zCTjHUSa2ZQIYC/eGAF1bsX0aS5jofxIfLZ/iQ4wEfsP5S0lCR1CU7FVJKSkgXiklyEhxMtgExNy1SbxpOSlXm9ysjhYkpKKqmorKGyqk6NColqZWTmpctU1FyiSiBfI5BXppIVie0ro80VwCtQzS0sobisUoV5fkGRWLVi6oVSQTpxZO9mXFyc8fJyw83ZlgBfV0L83dWugYToUKLC/NXpSUoTfEp8GNEh3uge3iznRxcvqYjDI2LILyyTz3FFDKKcm3fv8vjZ/x3glx79b1D/v8Xfdq7EvddU3fmT4oa75FVcofJG8/m/EW9C3r4vqdH9gdv2fXgeNIQXiaPU5WBplKhZzcv8Kdzz7EvF1o+ImNKKk2PaM6j12yz97B1O//YuFuPa4LS0O16b++CxpjMum37Cce9IbNZ+j+m4lpwe3YFTIzpgMKAVsbt6YTW1E8aTuuK9fjReoz8gY8OP5Oz4nbzdQ8g/MJ5SKat5e8eSvGkAQUu+wXtyW7xHv4vPsBakzGlDzorWZO/pQJrG+1yMHMfl4n08uqbBqyc+vHxoz/OmY1yKG0+UTi/yrMZTZD+LrNMTCNz2C4HbvyHr5HAqneZQZjWCiy6TafRbyCWP6dyKWcZF5wk0Bi/ictRGnlZb8SxfixuxG7kaupzbRe5cvXq12dBbvff3TmvtPnifT9q2pvMnHzF25BiCJPG9+eilen5Xr9/LkjlzOLJ2IvMH/ciUbl2Y900XpnXrysyuXVj07Tes/vEHlnb5jFXdv2Ln5HFsnzCa7cN+Z8uP37D9+64c6tONs1N+x09zK3mhnty8fOk/5eO+QOra9Vtqec6V8hQRHoGftycOYu82lpZ4uLgTHBJJeFQ8AUER+PiGcN7CBh0B7Y71q1kxeyILxcYV2144cQjzJw1hrkBd6VefM7r/G9gri8j8zLQRvZisNMcL/JX91BX4L5g8jKWzJrBKDH3NkvlsEKBvXbuavdv/4ODePWgJwA31DDglMFfMXPPIMY5pGXJUy4gjGnoYnjRXR+wrPxnV98TMGzCNrEPHr5JdTkWsNU9lwakoJmr5MHi3NYO3mTJ5rwJzN/bYRHPCV0AeWsW58Gpc4stJKqgiLi2P1PwKMovF1surJTFuLu/z5s3ivfea7VuZctamTQsV5O3atRSIt1SnoClA79ChFR07tqG1AL/lf+amv/0/TP3t/5j6B61bqnb/3TcfoXFsHfYexti6GXPOXJOoqHD1MyjT28rL8nnx4IoAvZ4XD5skIb3EvYuJ3MoL4Va2J6X++qRYbyXH/RDJTofxNd6Crlwv+xcMQkfqyJ1LJrBmwRQG9OslCUkrRo3oTYSPmditNvs2j2Pe1N6MHfEDUycPYvrUYSycPwk7W/O/y8xD+Qy+Dlac3rgTo09/YM83fdgzfxU9egzmfQF6m8+G07bTGNp3G864yXPQ3L4CM729OJvq4nHeEIezx8SWz+Jvf4YgFzMx69PEBgdSW3WFSzVXKMwvJDM5iQB3Z1ytznBCYzPpcVGkJcSJ/LjiaG2MhdFuzp/YIQnIUs5ob8XHUQDtZUuEgDwp0oPYAEeBt5i1i4UYf5jA3VpMXQF58zHa/7x8B0kqBPIRPhY01FVzrbEBPzc7Iv3d8BMb97G3wMXKTN2Uxd7EEA+RKVdbecxGEpFAX3LTkyjOzaK8OI/bt278fX7eKrpaQlZ9LmkXM4gvT1EtPSAnHLeUACzDXDjhfh5Nq1PsOavHFjF0pX98wYHtaBgd5JyJFrv2bKXPkKl83O13ug4YTe95CxgtgJ++eR2zN69n7uYNLNy6kRU7t7Bmzx/sO7yDm3meomghUO4GRRdUsD/w2U+N0TwKDk8n++A0CjTnUKK7mMJj88k7OJNIyfJKPe0kG/xnmtmVxia8vH1x8wrC1MoFU0sXXD1DxbzD0ZALLywyWWw8RbVxN69gsfFAFeLB8nio0uwek0FAaIJAXeAeGsspA13KiorVHXsUoCsAv3q1iWvXrqmhQF3Z6Uj5ydXZQ8bmucQvn0jyyink/7GAKs21VOxbRsWOhVwx3M3La81Gn5WZQUqSsod4KtFRkWK4MWLpSSQnJxMXF6culRmfkEJiUhoJiWkUFilWXSZgLyAvv1i9ny9RqOzlK7ZeqPSPVyr9axepVBZHEKDnlZT8Dfhc+Q7l1TVqP7pi6gUlzaEYeohUkNqau7CytsDB0ZZAfw+BujXuEkHezkSHBRAfE0pSfDRJUpDjY4KJFKCbSkJnoLWLC7aW8rlT5dxc5fGbyuZvgL/+/wbw/4RAvLTpMaX1tyiUi6zk0k0KlL21xeKUc5Nf3chTZVBdQw5ZuzqSseVDLp34mpumX3HT5Ed5gW28btzOq/yZPI4cyl33/uRs+pATg99l0XfvMLzD24z56C00er7NuSHvYjWtPdaLuuCwvCsO63pit74HFgs+x0wM/vjADzkyoCO7erTCcUYHzgz/AKd53xG4oCPJG3riOOIj/CZ9hvPQD/CY2I0kjYXkHx5F7tFpJKzrjcWvrfAY9TkXer9L+tIOZGxrQ77119R6/sq9CjHoh068firXwJ/JYuiW3C9ZS5JOd2yXfUXA4T4EHfyelOMDCdjZi+h9Pck+NYgrPguocJlNgdkQbkQs5mrwTIH6eG7Gb6YpdisPS49zO1ODSvcZ3Mk4TKX3Eh7VR6rlttVfa7i/mYfetvX7dPywNV06tmfs2AmEJeepMw1uXW/C9PgedA8o25tuZPWiDaybvZQFA0axtncfNg78jdV9erH2x+9Z3fUL/vi6M3rLFmB5UpeDS2dxcHhvjvTthm6vbuj0/RbNn7twctQvnJ0/mAzzI9wqzuDV/Ru8vHX5v030t29TWVFJvFwffr5BBAWFq5u7KGvCR8SkERgcg72DK0YGhuySemWFwFjpB18kMF84fkjzQjNjf2P2yD7MFDtXpqrNlJilrBQ3qi+TBv/IBAmlmX62PG/e5BEsnjmJFYtmsVqAvm7ZIjavXcHOzZvYv3sPRw8cQl9XHwN9QwH6aTQPH0PzqD77DhyTeu8QmlonmDRpKpkZ6eqUV8/0RvT8ytlul8lysfKZx0MYediFfgLyAVvPMPmANWuMfDnklMCp4DzMoi5iFl2PZUQF/rFF6sDBwrJqCitqSc0tpL6xeZbBocP7m81cHQj3Nq3btqTthy0E5i34+OOWzcf2LdVmd6U/vX379+jUqa16/79N7v8T5v9qfm/Z/Prvit13/7ErJ0wP4eJnxvxF4/i0Y2tOnmzeCe3J0yc8uHedZw+aBOpXeHWnnqsFcTysiuVBRRgNiZYk2Wwnw+UwsReOEGCyC5sjy8XSJ2OjvVNNwH76+gs6f/YJH7VtRa+fO7N+yTh0Dq5g5ZJRjBz6PWNG/MKc6UNYtngMBw+sYemi0f8pJ+4WFhz4+lcOj5nB+sVrGfLbBD7v1JvWH/fk0y4D+fyrEXz61Wjmz56BgZRhO+Oj2J46gquFjgp2JzMd3C2PC9RP42V7GjcrE2qqGwSsTZSXVpGdkUNKbII64j3cx50yEaKMpBTC/X1wtTPDwvigQH0n2ruXYnNak0BX+c5hXgJxB1IjfQXUVoT4OBAuUE+J8CJZmUIX7ScGb0FUoD1+Lib4OZrgdl5X4H+BtPhQnr94TnyEv0DcRB3VHh/qi6edOUW56WSnJqjdAlca6v/XzB9FMMvLy4mMjMTMzIy3Xj6+yf0HjWQ3ZJNUmUZ0SSKh+XFi6eE4xQdgEejEcScztM+f5LilIRFRHsREukm2YoW5qQET5q3ksx/H8GmP4XzSrT9dfhtJn3nzGC62PmHNSmZuWMecjeuYt2kt8wTwCwTuvk4n4Woi1EvmVxsMVX7Ntu6zlztOW6k7tZRSnXnkH5rJtThPHtYW/5PVP3hIcUk5ludtmTN3Prv3H8Lc2hV33wgV1CERSWq/uJWDO8YmVji7BwiwIwkKi8fdJ4zQ6PQ3MM8iTKw9KCJFtXS/wBisTM1JF3NuunyFG9evc+PGDa7LUQnFcBqvNKiwV1oE6oPdydqxiJjl40leM5VC+edWH11PmWRtl21P8urRg78/c/2lOuLjxHjTUgSUcUSKpUdFxZKo9NekpBAnhUeZ7hMXn6JGdk6B2HSReszOyRcQF5IrYM8tlIu+pJSC4hK5LeatWHh5lWrrhWLKqZnZ1Ajcq8V4yqpqxJ5LBfpVan96fmGpvFYhkVEJmJmekYrRGrsL5/HydMbdyQpPZysCPB2JiwwiLiZEIlzdbUgZCZ+cEEmZZIL1ly7+pzA9VwxchO660oT+6J+R6P9/ovL2K3KLa+U95VyEhZGUkKR2S0SGRqjnJi0zn1sPmufhFmp2o1jzawoOdqLueHcu63bhRehQXpcv4GXcKK4ZdKJkXRuip7fgyIjW7B75CfN+bc/Aj99m0RfvcLx3CyxGtcZiWkfM53Xl/JJvOb+4G8YTP8FocFuOT/mVI6O6c3DgV2zt2Qq7qe2JWq40t39H8KqvOTn8Y3Z3epetHd/DeNi3+G2eRuyqvkSv/AXfKR1xHNaOkz3ew6rXe0St7UyeeXca4sfz/zD3FmBVdd3e97ntblFBQSQUQTpFFFDE7tvubrELCxUFJKS7O6W7u7uRtLADO/7fmGujt95xzvO873O+693XNa659tp7w94r5m/8xxxzzId5OqTGD9ABdMO3LlvyhOLx6fFZtISoIvLgaIReVIPNjrHwOyaBdKOZKLLSRoaRPLJvTUetqw7K7WaiM3knypxUcD98FR5ErcWD1MO4n3kFbwvP4WHcVjSGbUBT6FY8zDiGp1X+XMj2j9XWeNPXBpFCH8UU+qgR2LR1L/JqeAo6hZzgtSv2QUZeD6JyFyCieAWTZ5pBeZETNkuqYbvIJGwVE8FOCTHsnDgepycJwkhVHnbb18L/yglclheFl64UgnRUkb17A+LmqMFvtgwcdQVReXkFPtSn41NLFh6bLMPXO6fwrcQbX0hQ4OvHX0P0L16htf0ht8pYckYRwqNS4B8YBidHd1w6dxZ7Nq/GlpW62LF6ETYtmkVQV8E6gvsKLXksJ1tK4F7ExtaZQmfz0NWmcgp9wQwpLNGUxYq507FqgSZWL9XBxlWk0jesxe6tm3Fo9y7o7T+AY3pHcf6sPq5eI1V+0QBH9U7hzNnLOHbsPPbsIXFy+jKU5JUgJiKMoqIivHr3Ged9C7HmVhR0LvpC8agdJPeZQP6gKXTPO2GH+R1c9s3B7YQaOGU0wTm9BVZJTbCNrUBkWjkysgoJ6ndRRXCpb+E5O46O9qSee/FgS9BlYB86tC9Bu/cPGzmyPwd2BnIG90GDeoJvdD8IjBtIoO//y8prv4Tev2fBd2e/s0Q7ropcnx4YM24Efl+vi/ETWBnpfhgwsCcO7N+DDx8+4Mvnj3j/+hGp8xa6jmtQl+CCp+Vh6GpJwfPKENRHmSCbYJ7heQNut/TgZHgY1pcP4cqJnTh/bCfmz1KDoqQEBPlHQ11tCtYvn4mli1QwT1eeU+wbVs/Drs1LoXdwPY4d34jlK9RI+ET+uC6q8wqxTW0ODmzdhX3rN+HQutWYPUEMgkP5oSKriA2rlmPJfF0c3bsFty7owdPyGtwsLpNdQoCDEdwtDRDkZIJwj9sIdjGHo6kBKkorCOgPuUIzFdTvMoBHBweiKCsTRTm5SE8ihgT6woNUu43JeVjeOIGz+1fC2vAYqWdzhPnYIybAiYAehKz4AHpuw4E+IcwL4X52iKPWy/Y6fJ1NEexpBxera6TUPRDiYYUQbxsu7P708SNUlxXj7x7M2S3OLUZQUBDsL5rg4IH9WLVwDrQVlTF7qjLmqKhAW0kJ/4W3T/Hp7T3kPfFAel0qB/TY0lSEFsTCIzkYdgF28A13RG15NLo6K4C3j/Gmsx6+btbQWbUdY2Tmgm/qbMjPWIhTh/dCbsYcUuozMW3pMihtWIfZdIPobN2CeduZbebC8zsP78GLeoL5vUSyJCJeHPXkwfiWb4sPMRfwvjQaHzpqfvyYzsfPkF9cTdCOgldAAHbv3w+duQuxes0GXL5mjIS0YkQQzH2C2OsR8A+LRURsKm5Z2CEmIYu8+2wCeDaCwhJofxYHdJYgxywyIRshBPPQCAK6nRPiw8O5kDtT5Azk35U5C7/fa2vlQvKsIAB75B9Zjcw9S5GzbxlKj61F2YkNeJwS8ZeT0fXmDRLjYpGVmUEAz+TC7Cz0npqaylXwSklOJSWSyo1NsxBealo2MrN4U814Rgo/u4CbMsYS3LgQOkG9tKKK2mpu/nkFKfHM7FxOmdc3t3CA56at0YVazK0zXs5luaen58HJ2RmOTjbw9HSGr7cb3J2t4GJvSmaG0EB35Genc9NWnncnAf4Z4I+6Ac4AzCD+P9m/ospZWL3h+RfUPOhCYnwSInx9EBHgS54um5JBai0kDNExCcih66DlIa+yVav3JpTrT0ThMT502Kuj/sQwPLOXJMG7EJ/9pfH45ihUrOuBWJ0eBPQ+OLtgCDYrDsYc/p6YQxDePbEXDOV7wli9Ly5r9scV7YE4O70f9k/tg2OT6f2yQ3BEaih2TOqHdeN6Y+P43rg6uTeiVgohYeVEOKsNwVWpQfQ3RsNUYTg8NfjgpzEaMcslEL10AvxmjobvzJGwle0BxyV90Bi1CM0Zi/Gx8yo+PD5PcseezBZfn1/F5/ZjaPaeBpNF/eF6XgYm28fB76Q4vI8IkqrVRqHjHOSTVTrroDFwKVr85qE9agM6U/fjWd5JvCq+iPaY3XRL7UBH0gG8KDfFs8KLqHCbg+fVAdwccgZxHR0dblUuZtevXYPR9Wswv2WCJHKWHr3gXdd6BnGQX+yGmdtjobEnCbMOpUH7aDZmHc3ESgl1HCeAHxERwm6h8TgySQg3pcRhpyiNyCVzETFXA4m6GgibNxNxa5ciUlMJ8RryCF8sixg9ckQcN+Nr0A688dqGD47z6N53wLfOUHytcsK35+V4kBSHd6138eXTe3z98ulPSXavUFVdjzBS75fOnMaRnZuwf8NK7NuwAhsWkyKbq8KF2ld22wpS6rwyr5Kk2KUxn9qF6lIEdBaCl8Zycjh+X6iFtcvnY+PKZdi6ZhW2Ehz2UJ+1b9cu7N21E0cOH8H5cxdJKV7A/n0HcPDQURw4dAI7du7DwSNnICwkBOGJE7CL3svBpv0pZl/whOxhS0zdawT1E5ZYZuCG3XbRMAjMg2NSA7yy2uBO5pTajNuxtbCMrUR6Kat7T1DPL0NtEw/mmdRfDBs2kCDOm47GoM7gPmRIL9rfi0DelzMWZmfPB5NqZ1Bnz4cM7gV+/gEYMbIfbxpbr1+hztnPRWdou9f3hDruf/X4kTTHwvH96Dv06/0btDSmU7/4iHc+OlvQ9agB9zL9kO+hT+ctg6Ceg45MH9RHWuJB/h142Bri8N6NWLlEF1qaqtCapYRZqtKQnSqOkaOHYo6OMpYuVMPm9QtIoM3A7ytnYfsmBvOtOHVsN86e3YNz+vvw/PmTX66Fm3ROjm7ehh0687BuihRmT5qCpVqzsGkpcWj3RpzevRpG5w7A5Nw+OJmcI6gbwM38EkJdzUilX+NqpXtYGcCJ1LuDyQWkxsaguYnEUH0LSgsKufr9GcnxKCsoQEF2JtIS4xBKgsfN7hYsDE/C7OpR6G1ZgBtnd8LH0QyJkf7wdTRBWnQQp9Qz4kKQGO6FqABHpEb54I6fM7KTI0ltJ6GsMAt368v/womvX79ys0QSExNhYeGE4zv1sHrOHKjJyEBamo6ZhAw05MQgS88VZSQxW1kOmoqTqVWGjiodWyVFHtDfv8tC85PtKG+0QmpVBnwI5EeNz8A10AINlRF43JaOrsfl+EYwZ0CvKkzB9EVbMEF1OURmrcTcFVtgceUIXI30cPH4LojIqUNAYSYkFy2Dwu9roLJuA9Q3bMCMjWsxe8t67DlxAI+Kg3kKvSOBCJHBigkD7/8AyMvXb5FdXAPvkCQYmLhC/6oFlq3djM27DiEoPBF6J8/h1m0b7Np/GC5eoXDxDkVIVDLBOoeUdzaiEzJh5+RNQM/kgB6bxMCdjJDINFLpOQTzfA7o0Qm5P4BuT56/L8Guo7UNj5gi7x4/ZwlxPJg3o63lLql33gVdZnoecVvmIWnHIuSd2oI3zfX4p0cuqfPc7Bxu6hmbp8uKb0STsbH09PQMOolpnGpPSEzm5ouzebnJKWkE9wyyTC4cz+DOCrsUFZdyVlBcgoKSUuQXFXP7GfCzcvJQVVOH9Ez6X8kpSEvP4kLVqak5iIun3x6dBv+AUNjYWMDDwwFeHs6IvBPIlfW819H2jwBvffuvwfufrPlP7XdnoOnVN9R2fkBF2wuUNz9BblElogjgYf6BCPbzR3hwKEL9fREaHMyt6V1QXk+/mRexeZh4C7VXJ6P0tAAqL4mixVwJDef58cxGFh/cJNF5Ywhq9PqikEB/e1lf3Nw8AlE3VVBsr4VXJQZI0leE/7xBsFbpiatKBHiJPtgo2hMbhPtg2aieWM3XC6YaI+EyfwRMVPrCSLEfbmuOxNqpw6AnNxIOSv3gM2sMzkkOg7FkP7grD4aj7GCYTRsFK+kB8NUYAWeFQbCV/w3lRgL49tod+ByPr+986D4iZf4xEPhSRgq9iAAfipfV9siNvIWSZAfUZLigMNoStSnWqEu9jdY8F7TnO+NFXTDetkTgf/Ox8HQOZh7OhsaRHGgeyYX28Txo62VB63AyfpfSxRnhCXCRl0a0zizcmT0doXM0ELJ0HuKWzUWYmgwH8FACu990gri6LEpmqyFvqwaaz6rjQ9ZJ4Kk3vrabkke8AnhwBV9rt+Fb2X58bvZAbUEcl0398uk9PHnYhgf3mkmd3KcOvRPv37/95XvebahDXARdy8bXsH3FPKzSVuKAvmq2In6frYxVWnJYQeBepsEUuhQBXYpT6gs0pAnoMliipYTlc2dg5XwtUomLsZ5U+sbfV2AdKbytG9Zj87q12L51G/T0TuLY0dPYQgBZs3od1q/bgo0bt2LXXj1uXQahCRMwZbIE9h88zJsnnlRM6pwEz3lnrDcKxFHXRFwNK4Btch18strhn30PbukdsE5qwa3IKthHlSA5txaVda0E8+7iLnebwC/AxyW/9enLstV5wB067Ps4eX9OnY8iYI8e2QejR/Ul5d6r+7UBBPTenFJnyro3V7u9x0/h9p/G1Xv89kcFuZ5/lI7loM4Ue7f1Ievf5zcMJsCrK0mijZwu9nj78hE+dZQgxe40KqIc8PFJE0G9BK0FEciNskZRRiBWL9OF8KQJGD12JMaQKh8zZggGDuqLvvS3VNUk8fvyGTh6cCMd62XQnSuLXdtX4vCBzTC4fBxJiZHcFLo/P1LCIrBFUh6bp0pjm6Y2ti9bhMObVuHUrnW4Rgy6cXIPrA1O4PZlPdjfOAWb6yfhTirdidS1q/ll2BmdQxCpc29bI7haXEeQpwup9HLU1zahjPWt5EwVZGdwC7eUFOQiNSEWIf4ecLc1g8WN0zC+eBCndi7BjdM7EO7vhQgCdlpMALeISm1pHloaqnDvbi06H3T85bt/ePcBlRW11J9FwsrKCocOHcLy5cshLy9PDpoghMaNw7ghwzBh0CBMGjgQEvScAV1HluAtIw5NBXFMl5OAlqIiKXNlzFWWwDwV3nTN/8LHF9TB2KHrxVo01J9FTKobbtufRljoLdxvSsCT9ky8f1ZNZ+7JD/OhHzZFezUE1Vdi4ca93Ny+aI8rcDY+Ddureti6cQXGictBQFYdk3UXQWb5CizatQV2NtdRkxWI9y0E8AcFRIq8XyD+5u0HZBVWICKlFD7RRTCyD4GVewSumDjjurkb7NxC4OEXBd+QGOid1ocVAXj1pl0E8xDEpeYjKbOEy2ZnY+PRiZmwdfTiEuG+A/1OFMEsOI7LcmfZ7zGJ9L64rO7kuHiEhMbA4NxptDQ24dnjJ6TK29FOIL/X2sLBnM1XbG++S8BvwTfypprCfZG0awlK6EL59ObVf9tJ3m1g2b2JiIqKRlRkLJ1MukDCwjnVGRtLFpNIoGfbiQTeZMRzcE/hthMSmXpP48CekZnNZQazlgGea8lRSKc2IYm9P5Hgn0XOQAZ9hve5+IQUchgy6H8mIigoipwIlniXg4cP7/0V4J/+PYA3/wRpZi3dz/+ubXn9x/NmpsxffEMjKfOKjtfIKWM1vksREx6N4IBA+Hr7IMTXG/5enghl6jwuCQnkqKWTcxJLx+n16zfoai1Am6MWOty0UGsgjgp9UZQcGYmSXSPQfGIw2m/0Q7uTENo9pqLFXwkeB8bgY4MhnmcdwaP4DXhfcQJVBiKIXjIY4Yv4EG58BR7XL8Pf1ACuNw0QZnoF7dG3cS/ODHX+N5DjboJkRyMEOJjBxdIM6Y4GyLO9jJbC7P8VsDKP/dOnz/j48Qvedn3Au7cf8fJlF1e5sLX1Pjm9rB7Bc86evXmKV29fov1eO8orGmBmao1Tx09i967ddD9uxsXTF2F7ywEW163h7xIGP8cweNkGw90yAC7mvjhz8DKyM3PReK8Ls45kYtbhLMzSy+G1RzKgdSQNOgT0NbJLcIFUuR2pcj/q2CPUpOGvKovQBdoIpDaWgJ41Sxk+yjJwp84nZYY86uZrIuzEZrRFmuNzzgZ8y5QjgC/F14Yz+PIkEt/elOHD2zZ8/vgMHQ1FePm4DU862/Gg/S6a71aTU92AirIc5GTFYy3BITHSD48fNKPr1a8RpOryEgR6OOLy8b1YTep7DdkKAvcKzWkcyOeqSpBNha6aBHQJ7vNnymOhpjIWz1HH8vnaWLl4PsFnCZYvmkeqUZdU5RL8voIAv3YD9pCQWLVyFRYvWoKFCxZjAdnq1VshMkkYgoKCmCgkjImTxLgFatjjVmgudlnG4oxXDowiyuCQ2gj37FZ4EtDd0+/BMbkdZjF3YR5RicCMaq7vyswr5fJSWL7D1KmTuapvTJn37deL2x44qBeXADdyZL9uJd4HI4f3A98oZn24MDsf3wAC5sAfWe8DB/Tikun692Ng7/GX8fOfF3X560IuPf6AOz3vR4p91LB+mDxxBFTkRZGWlsBLSv70DvfyohBpfRHthbF419mIqsoMhPuYwur0Flw8uBbCgqM4iAtNGA0BgRFcQlx/ei5NinP9Gi3sJzhu3jgP2zYvxLnTB6B/7gjy8jL/8d748uUL9A/tx7FNpMZ3bsXpHZtwSW8Hbp07BDP9w7h5eg/MLhyEneEJOJE4tSWgs+Q4BnSnW/rwtTeCv6Mp3G5fI6VuyFVfK6B+tbqyBpVlVZwyLynIQw0rOJObg4TIOwjzdYezlTEsb5zBtbO7ERnkjqykSFSWFP7td3xO5zE/Lw9+bm4wvHIFm5duJEWtiKmjJkBkKD8kBQToPE/F5MkiEBcXh6SkEIRYxEdwHISHjONmlUzsM4JrZcaPh7asOBSk5TiVrkLwn0U2T0UFS9XUMJ8U+lw1KQI6vuDbe098faMHv8A5CAy6hKIcZ3S2JePF/Uy8e8zC7J2/AB3vCOrebli+eQeSIwOQHRtAB+YGbhucgZvpJdjfPI/1G9aBX0QRSjrzYWFxBc+r4vHtfj79yloi94MfP/oxgdPR2QUHjp6FfVAarlh4wikwDaEp1bBwj8YtpxDctPbBVTN3mNr7wsnnDk5eNISjewD8COz6V01gaGqDsJg0xKUX8JR3Si4iSZlb2roRwGN4QE8k1R6fCd/AKGqzEJuQR5aLqLhsLvM9MDQO4aTwzQwNUZyby62W1tHeSkBvIW/0O8y/g70Zb9/wwpP3k8P/pc750aOHiImORFhYKFk4WQTBNYTaSNwJi8adO5EIDY3g2jt3orhSrWHUhkfEIDIqjjOuklZUDO1jr4cjiNSrf0AI/IOCydHxh7O7N85dMOAyg5lDEBuXSA5DPHLzCtHQcJeO9V9D6K8/8cbAW7v+GdYtP9kf0P7Gta0/v/76r9b63+xjQK+634X8ymYkp+dya2gnpeQhnI5JcnwCqsrLqSMvRVV1DRqa27hs6JrqajQ2NOINAZ3LvK30x7uaALzId0Rz+FW8zHP8X4Ery5t4+/YtN5bFEiYbGxtRQTc7GzJhS5MmxCchOz0P6al5XOQlJCSUzm8wV840MS4BmemZyCYHLIWcrojwSAT4BZIFwcfHh+4lXzJ/uLp4wMTYFJcuGmDX7n1YtmQ1qRQHxEfXIDKsBAkxpfD1iURwcAJcXaNQ2lCC0qZCFNSSQ1ecisaHtWh62ICsoiLITFPD0AGD0KtHT/Tr1RdaKto4uPkI9m/Qg/lle1hddSHV4kYdnA+pFU843uLVzg5Ku4cZh9KgeYggfjAdsw+nYumpZGy8lI7fzyRj//TluCAkSEAXhZ/CFCSpy8NXSRouCtMQoCCJrBmKKNFSh5OiDAF/Ggpmq6N40WxEkaPfVpCAZw3UpzzJJxizfIyPdFw/sDU8UVdTgi/vn+DlvXp0kkJvaqxDXXUV6uvK0NpSjfLSbHi620BbWQrHd61EfIAd4n1uIzHQEQnhnigvTKd79lc1VFVWhCB3B1w8uoMD+hwVAvn0qZyx7XkzpAnsctCZIYe5M1WxUEcLS3R1qNXG7Jnq0NaYgTmampg/dz6dixXQmjUbKkrKUFRSgrrGTGhr60JcTAyC1AkPGzaCADoSAuMncVG3dx8/wzquDhZxjXBKa4FreitcCOT2qR2wSmDK/C4Mw+phFV6O1NIWlFU24PmLlxyodHRmc3BlEOUtvNKDANibVHg/jCJwjxkzACOH9eaF3Anco0iVjyK4M6UuMG4Q974RI3pj3NgBmCAwGIMH98Kggb24cH2Pn+q7/wi99/q+MtsfUP95itv3ZVd7k0KfKDgSopOGQ4SgLiY6Bk5Otrw54m9f4UFlJirTgvDiXjmCfWxx8/wxGB/bgc0LFOlYToGEGD8WzlOFxoxp9P0GoV9/ArzYBOzZtwY7ty3FujWzsX6dLs6ePkhOXPv/eE+mJyfh+umTMDxzBLevnIDFlZMwOnsQ5pf0YHL+IMxIRd+6cAB2pNDZimY3z+yFGSl2m5tn6No/RcA/BCezi3C5bQgH0xtcIlxZUSkXci/Nz0NpYR6aGxtwj4QdiwZVl5X8bb/Q0dbGLeLiam+P88eOYc38ZZAWlIX4SDpWI0ZgyrBhmEomOXw4Jg8eDEnaJ04wn0zHjy2HPWWKECQkJAjuEhzYxUfxQ5ocRImhQyHSvz/E6TPCo0ZxCn6WvDjk5WQwS0GBFLoUlBTkoUnX41J1deiockBn36oTX7uuoSRzG2qKLfDyfhTedKbjw7Oqv8K82768fohHzeXkhTkh1s8Ffg63ceP8CQL6VXhaXIcFwd3U4BTq0gPw7VE5Sb8/brYXL1+SGo7Ahi07MXLcBAwdNZZOrCRMnENh6hYOa+9EBKfXwDk4Ezfsg3DLORhXTN1w08oTbgFROKF/DeEJGQTxFDh6BGGf3hkEhpPCTc7lLJagEJWYhZCIRFy+ZsplurPQOwM5S4CLiM7gKfSEbG5fZGw6p9DZfHRnW3sum/FeK0+Zs4S2tpaWbqA3cwq9naD++NGjfwsILJnkTjjr5P25xAZmXt7e8Pbx5apjhZAKDQwIhp9/IPzpuRd18mzBFW+fAHj5BsHdyx9u3n5wcvOEs6snblva4gZ1/obGZrB1coNvUChusvmytD+RFH1dfSPB5/nfApzN/Grv4gGZjYX/aLt4oObBmmetXd+h/u1vjAf01u7XWznjAfvvrOXlV9x99u4PyL8C6jo/Iq+qDdHkhESQo1Lf0PQvHc+PHz9yiV4sWZEVTakm0LPEJDZzgI1BRUREICAgAO7u7rCzs4OZmRlu3jQmhzUDJ06cxIEDB7B9+3asW7cOy5Ytg66uLmbOnAllZWVMmzYNoqKipCQEqOMZgQEDBqBnz57cGtO//fbbX6xnz14QmSCBVYt2QVtzAWbO0sIcHV0cPnQYZ8+ehbmZOWytbeDo4AgHO3vcunWLnFxL2NrYwdHeAe7kwfvS+faja8HF2RU2tN/ExBQnT57Crh0HkRBbipqq+/R7ImDvaAtrWxs6XvlITi1EVHwq8ssrkJqfgdLGUlS2lKKgJgcKCuoYNnAwB/S+vXlAP7rjOA5vYR2fHQdzByMvuFsEchbpl8gd10vOlVh3LhWHb6TDziub7qdiFBeXwdQzH7p6mdgutxCXJgrDcooI4tRkUTBTCX6kxp1lJRFOCr1IUxXZs9TgrDgNUTMUkEtAT1s6B8kuRrhfmo7q9HC8fEIOcdcjfPn4Bl8/v8bXT8/pvqrGh5ctqGeLbWSlICM9h9R5LRrqS1FPVl6ahWsXTmK2ojiMz++H441zSPCwhLfFJbhcOwSbqwdhcHwjnPZvRJC3M+prK9DZPcvk+6O8pABeztY4dXArdEjN6E6XolYGWtNloEHfV0VOCqpy0lAhZ0SZWgVpKUhLSkJWmvYpq0JKiq6LSSKYSp2vrKwcZGQVuUqOAuOFuGtkALfOdz9urXmun3v7Gb55rOBMG0G9AzZJ92Aa04obYTW4FFSNywEVcIwqQWJBPbrefuA+c+zYEfRiCXDdxWO4+ux9WRZ7H4wiYPONYmF2suG9MIYU+ejRPJAzhc7C7vzjBtJ+Aj29bywBXVBgED3vg2Gk7NlYfK/ePwP7t1/mpHMw7/FHGdmePwrT8LLr+/TrgfGCwzBReASEJ46CiMg4TBYbh2sG5/GFLZH89jVa75aQw12IO7522LN5JebNmQ5VWSGsXTEL87SlsW7tDMyYLgK+0ex49SWAieLCOT2c0NuJA3vXk1N7G69fv/qX+oD3797B1cqUYHwFlldPEqyPE3dOcXC3unaKHFc92Bmfg6+tEQFdH6YEcKsbJzmIWxocJ8V+ErcuHoWT+TXc8ffi+vX7HR0kFl79bf9dV1fH5T6x+/U6Ke5VOjqQZcMto0djKsFbgqAr3A3vyYMGYTL1HSIE8alkU8hE6H0M7sK0X5K9n54zgDOFLiUlCWlpuramTsAkAVLvdN1NpNeF+gzHpP4DIUrXlgS9l/VN6nJTSOlPI6BLk02DttIUzCcHVUdVoRvoTOk8y8a7p14E6hh8epmEL2+KCNwErbdPf0D8K0H8MwPzD7A/RufdUkT5OSM5xBvZUf5IDHDBHefbqM6KxOdnLb+egK/f4OvvB3mVGRgrNBni0xQwfIwABo/gw7DR47DlyGlY+sTC1i8BXtEFcAnNIqAHw4RU+iVzOojW3jh+yRAWjh4IIUUeGpsGV59Q7D1yhmu/w5xlsPMy2bNw9Lg+N+WFqXRu6kt0GqfIubA7KfTImCxS5/HclLaQ8HjqLB258ZT2u024T55XK8G8lU50R0trt7VwsGdh969/Kl36Pz0SEmJIUftyc8B9COZuBBt7Rweu9fX3J3D7w8XNA+6ePvDw9Ia9gxPMb1vjpokFjE0tcfOWGW5QR3/D5Bas7B3hS+r8Tng0MrJyubHz+obGvwL8MwGc+or2tzxgt/7J2v5h+7/bx6Dd9ufPciDvhvrr7/YrzM3PHyWv+TgH8rvPySF4CTQ++8KF3LPL7xKc0lFSWs6BWltbG2pqatRxytIFP5kLa46mC3wQ3Si9evX6W7D+T9aLwLZ2/VX07PF/9vm/sx4EzEEDBkN+2iwsW7QVs2ZpY9HixTh29DgMr10nMJsQuG1gZ2NLsHaGi5MzbG3t4Ebn2Z/OdyA5HWGk5mOiojlLiIsnWMfiTlgEdW7usLWyhbOdM7zdvWFywwB6h3dg4/rfcenCLRgZucHVPQYJSSWIiklGZmEOIhLpeijKJaBrYRh9r97kbPTu2RvaqtqkbE9xQLe65szB3NHYG65m/gT0IJTl8ZJQdxpkIjO3CI21xWhuqCCFUo2HHU04Y1+OBfpVWKe0CudIodtMFUPOLBUCuAq8laXhTjBM11BGsZYqEgjogWoKSKfX8rTUkLh0LiqifNBWlIIIDwtS4o9J0bXh/ZsXeN/1nADfjuqKUrzsqESltTlqSwtQTg5abX052tqqUVmRj+KCVOxeuwDbF6tyGcQW+icQ48SAfhU+x3bB+tJBXD+2BX77NhOwtyM40AmGV47D7pYBvd+R1FcMHt3/NUekrLgAHk7WOLRnG1RkJSAtQWpJVAiiwhMIhPwYwzea4DmCVPAIbqnjEbQ9jDrk0aP5MI5fAEJCk7h1Fph9L6X7vXjP3LnzeDXRn7yDc0Y7rBKbYRzRQDBvwMXAapzxr4ZBYCmCM9nSsryhLwsLM/RnS5ty9dh/45Q5gy8bA2fzzPlG9ccYgva4MX0hJjQEU0X5SCkPwcQJg8BP8B4xvCdG8/UllU7KfPxA2tcfE2lbTnQk5MVHYcyIvrzFW/5ubvqfis/8vJ56z26VPnrUIEwSGg5RkZGcoyAsOBziIqMxWYQPG9YtxfPnz3j5QvmpuHn1BLZvXogZ6nLYtHYhDu3+HWuXzMCOjTpYskiJPjsCgwcOIAdpAk4d24NL+keRk5P6b0fOcjOSOYVtY3Qe5gRxO+OLMCegO5tfh4vZJfjYGcPGkPhgxqauXUBpbioqCzNRlJX8t3/v5fPnXIQ2iPrnK/r6dM2thRap4SkEYKmJE7F0yRJ4m5rCl9S4xenT0FYQhySBnAM0KWoG70nUT0nQdTKR9k1l+xjEaR9T5mz/VH6C/MhhnIKXEB9PkBYlhT6F4C7GKfbJQkKYNmUKpMkmDRyOiX2HcGF3ifFjoCgjjJnyYpihMBUaygqYo6qK2aTQWVLciunT/wA6byJxHfAunay0G+Z/KPJvXQ/w6Wk9tZ1/2t+Jh42F8HWxRGF6LFrrfs3e+/ANeP7pK54TXF6QxSSnQWPWLIweLwxBsWkYO0GYU+gM6OIyijC47Y2LZi4wtPOHZ0whbrlHwcgxGNdtfXHZwhVHzl0joHvBMzgaYXHp8A2JhaGpLc5evvkjKS46KZ9rWZj9upElXD2DEJ/Mg3pUXCbBOxJ3ItMQEJzAwZwp8/DoFIRFJlEH6Qdjg0tobWzA/fZ2rtxiW1sLp9a/WztT7aQK37x69W9dfEVFeQRyd1KN1LG7OMHR2Qk2drawsLzNgd3dw5MzR1LcLq5kbq5wcHTlpujZO7jAytaeFLoHouMSUF5ZhSdPfw2hv2dTH56ysf8WNLbcRcvTLg7ibd3A/bn9Duu2n4Hc9c/2Z/C3/QR1tt3Q+RwhVlcJ3p9/AjqpfTrxd19+QW1rJw5pTsPFbctR97ALtY/eo5bayvbnyK9uQWJ6HiIT01Hf3MGt8/yfAu6f4bt2zTna/s8BvX/f/hCfOI3U3AzIy6lAS2s2TrD15y9fhuH16zA2MuZUuRMpcXs6fw52dJ5d3eHvF4g7oXcQHxuH5MQkpCQlc+sx51NnksumyaRncCWC42JikBQdgWBXW9hSx7RrlS7WLZuPRfMX4fJlc9g5BMLitg98fCNRWV+G1FxS7lkVUFHVxcjBwziF3ot+r7bKHJzafQ7HdpyF3Q13uJj6UQfnC4/bwfC0CsGD9kdouv8Wy87koayiipzZBrS3d6DjwWO8efEcxkFPscjwHjaqb8MpAQH4kDLIIXWepqGIIFK5UWryKCCA55PFa6qROldEnqYySkihR8/VQlVKOJqLkpEb70f9SA26qn0I6I/xrPMBivPzUZiXg9qkMFTYmdG9V4aaWoJ7ZQHa2utQUpyF7PQorJohirWz5UhRXYbVxdPwM6dja3AFrgf3wuyMHoz3boHtyX24fPYIvNzNYHz1NMwI6qy4yJGtS2Bx9QjSY7wQG2yPsvxkPO38NYekIC8PZqa3sGDB/B9w/t4OoA510ODB6Ne/P/oP6I+B3PMhP00FHNC93jwZKXRm18ihY4+sxmcwiqzBtZAqXAypxvmQGmprYRxehcxqXhQhLi4W/fuRiu7dE30J5KwoTF9S5n368NQ6syGDSHWT+mbFX6bLC2L2jCmYpSoKdcWJmCrGR6/14yAuQHAXESJgTBwKMYE+mKPAj2UakzBbcSwp+75/jJH3+O2XRLk/xtN/TZ5j7x8ypC+p8pGYRDZRcCg5EsM5m0hQZ/v4+YdAbboMmpt5yXJGhuexaf1czNFUxa6tK3HpzB7sWDcPezYsxFxNlrE9HqOGDYLA+FG4SgCu/mkZ63/nwWbi3L5xDtY39XHr0nE4kVoP9rBDETkHZQWZqCTn9u8eTIlnJSfDg8B88uhRbFq4EPIs/M3U9ZAhXGicAXoiwXoKtYLjx2Olri586P0RBPtUX1+kM2fc1gbbVy6AvCA/pjFAE9AZtAUJ3gzuDOhi9DfYtsiYMZxjMJGfnwu/S4yj/VNFOJjLykpBTkaG1LccAX4qpITHQpkgPX7cOPDT92Gh96nUqgkLQ4bep0Dvm0734DIVFcxWlsBigvk8Nak/AR1f8e393b+E2Zkyv1+TTu39vw2/f/3w6qcxBaDrwxe8/PINz+jJI4L5/bef8ej9F3S8+IiKlsdYs24jxpF3O2a8GMYLT8EwPgGMGi+EkfyCOHDeBB7hObAmpR6aWQcr/2QY2gfBiFT6zmOXcMXUHsbW7jB38EYQqe2QqBQ4ewVzKj0wLB4xbGw8MY+r184S4cIik3FG/zoBndQ4KXq/oBj4BpIzEJFO783h5q3zLJ0DelhUAq7qn0NlWQmXFMcr/9rGG08nYyH46spKuDo74ub1a//WxXfvXhuXWe7mSjB3os6dzNrWGibUiVy/eQOWNtZwdnWBk4sLvebIAd2D1HpiUgrKKyrx6FHnrwqcjjEL6z149Aj1teXUARZTZ1yCspIsVJWkoKY8C3cfPUPb668/oN3W9au1/gnobX8H77+zN79aqKsVLujKoLLtyQ+YMyXeTF5cY2cXPA3PYbs0Hw7rKtD+b6h7/AGFpExyy5uQVVKP1LxyLvehpq6BG0f8z0H85zB5D4wXkPiPAZ05CEJjRTBNQgWTBEWgrKSKJYuXYOf2HTh+7BhX+9vSwgq21rawJ7OxsiGgOyLQPwhREdEEclLVBO6CvHwCOYG0pBQlRUUoLSkhiJWgvKwM5Ww7l+B+xxdeZhegt34+tq1eAm316dCduwi79pyAo2sYXHxCUFZbhfTCIniFxUBV7Q+gM4U+S0ETp/achdHZ2wR0D06d29/04tS5l1UYdz2FZT3F0nMVeHDvIbpePcPTF2/w5NlLvCKg63u/wJJr97Fz+kZcmjQJybOmcwo9loAeqiqHDOq4yzSnI28WKXSCeiIBvXS2Gspmz0D2wR1oyotHTUYk7hUF40OVM7rybnBj3AkJWeTMpKGpsRLZ1rdQF+iGtsYS3G0op+OQg6amShQXpsPL2QyapDR3LdPEhaM74WVjigBLM9wilWRz8jiu7tsPo92bqVM/Scf6JsxvkuNCnbuR/iFsWzkbZ3Ysh7+LMUI8jOBopAfrq/tgRWZz/QjCvKzoGCfi8YNfx21ZnQg2vW/OnDl/FOXpz2sHDhqMAdTpDxw0iIM9C7MPGDCQjPd8MHXqg6gzz8jI4FYRdE1rwvngcoJ5FQzu1MA4sg6hebyIQWNDA6nq0RjQvxcH874E8T7dQGcV3wYM6Plj8RX+MQOhKjMei7SmYdEcWegSHHU4sItBWmIMAaA/p57FhQZBYkI/yIsMgqbsWMySFcJcpQlQluDjnIae3fXee/T4FeS88fVfgd5/YB/wCzBwjyAbDmGhEeQwDKH/NYhL0GNj+cOH9cFovgEQnyyA7Gzesqd+vk5YvXIOzhzbQc7VURzauQJXT+3EjbNbsXi2JPj5+kFJWZrLL/q/eZQX56OjO+v+z8NyDbW1iCGn2M7EBIf27cPKmTMhw8fHQZoBm4F7yp9bAicz4W6YCxGENURFuUqZsV5eSPDwQKinO7VOSPFxQ5KPDzYvXwRF0WEcuJkaZ60Y+z/02SksxM5sNAFfVBAiIpMgKUyKfTI/wVyQAC0NKSkxKChIUCsFJVLcctLSmKOiDVkZWYjQ9STYewTEBw+HjPhEaMlJQFNBFupKMpijLMXNP9clsC9SU/sz0BmRv5BCf/aLAn/eko9PLzp+Bfmnt8T/T79MM2tseYTC8lZU3H2Ke2+/4uGHr+h49Rl3O99z1vz4HVqefYSVnQuERCZjND+pdFEp8E+cjLETRTBKQBBqc5fAL74MNr5JCEyugkNoFq47huG6XSAOnjGEoaU7rpqxrHcnuAfGIDQ6HS5ed3DuMjkCvncQHZ/NAZ2F1Bmo2Ypq+leMuDnobGU1ptrjGOy592Rz4+ssE54ZqygXSQ6Ag40tUhPiOYCzaWttbW1oaKhDfn4unAnkq1etxHQVBaxZtfTHCmz/yoNNv3BzsyP1bQMnZ3tS3jawsrGCiZkprpBzYECK7ra1NSKjo1FcXPyjdvz3x9s3L/CYFE0rORUNjY1oaH+MxvsvUF2eh4IUTxSneZFnGoWSwgzqoGJQmhlEnWY2mtra0fL8498C/R9h/TfQ/jtrJ6tpv49zcyRxfbUGWl5++kOdszHzpx/hZm6II4r8WCg2Gke0pqCarpOGJ59Q0fYMBfX3UdL0BDlV7UgjsNc18YZpmCr6T0CXjX3/Enbv1Yfanv8Zdd5vIHRnrSJlJACRCcJQU1HHhnUboHdYD5cuXsSlCxdw47ohTE1MYWVhDU93L/h6+yMyIopgnsIVzSnML0AVOWsVZeWc1VRVkcNYQR1RHZobm9BQXYOqwjxkxYYiytkI1/esgqaiFOZrz8TBw0dwJzYZ7n4hyCsqQ0l1PdIKSuF8JwLTOaAPQR+Cee8evaCppIWTu3hAtzV0J6h7wsHIm4Aegmj/NO6YGwc+w17bTrqt3+HL5y58ePcGH9++wrtXL7DG5AEWGNzDQRF5WE6VRJamOgpJicfOUECkuhIyNJRRqjWdVLoaEgn0qfS8WkcD5QT0IqPzuFuQiMxQZ7yr8MLb+O14VeSCQD8/rsxxaUUNKskJTb6mj0ZS6ZXF2chMS0MpW8a3phAF+Sm4cGwXNIRHIczTEicObEWojxNC3OxhefEcbM+ehjmB/dr29Tixfw/8SKGZXD4NK3Ii9Y9ux/r5anC4ehxhPpZwtzxLQD8KO8NDsL52EJYG+3H78n7cOrcVJue20b5DuONtTfdPMjrvt/IUyk+Av3btGuYvWIBBw4Zi8NBhZEMxlOA9dDhvmeNhI0bSNlstcQSn6BngM7Oy8Pr9JxjH1eBGVC0s4hrglHQXD1984ApYSU8VxcB+PUnd98AgUuED+vFUen8COts/qP9v1JIR3Pn5+mO6LD+Wz5mGlfOVsHy+IhbpTCOwS0FTVRzTxEdyCl5GlEx4EAdwqYmDIU1qXV1qPOaSmucb1p8bG/8lw/0vtd5/+1HrfeSoAZggyBQ5KXQCubDgEAixsXTax2A+ihvLJxvVn4O6gMAwuLjYc8espLgAJ1n2+fVjOHVkI66eJWd3zwJsWCaLc6cPoqvrzf91wurr169RnFcMT09vGJ4xwO/LVkBHVhYSpKoZTNnYNgPqVDKmvpmKZq0InTcGbgbsyd3td5hP6Vbp7DPTCMwrly5FCsE8ws0NQS4OcLW+ARc7E4SRkIkmoAc5ONA9pgDRSWO4vy9Cn2FhePFJozGFlDkXkhclZT6RH1MmT+aS4Bi8mdpmrQIBXEZGEhqkvNkwo4KCOCZNksaKxYshSp8XZolx/YZDim8sJOn+U5ebjOkKDOYKmK00hct211GV/Bugc+T58APcHVVp6HpY+7cQf9P1HoUlVQghZZtT0oj80rsoKG/hSnU2PXyLlicfSCG+J2X+BffefEXDwxeIS8kmaDlCUW0mKfIJGDF2PCZOkcIYwUngGz8Rw8bww/1ONpyCMuAZWQD36CLccA7H3jPGOGfkBGP7EJg7heKysT1uOwXAwfMOvANjYefsh2s3rQjKqYiIyeCUuIdvGDx9w+HmHsw9ZyH376F3BvLv9h3orJpcBAHd1zsQwb5e3Ng5S7Zi4bCLF/WxaJEudOZo4Rap6ZLCAi4U+a6r69+6+Pz8PWFleQsO9lak1ixhY2uFkNBQZGXn4G5Ly58A/hKP2htQR0o7L8kfOfEeyEsJQVFhDqnxMtTV1aK+qRGlBcnITw1AUXoICtICkJPkh8KsSBRlhaOiohjVNVVoJKi3Emx/wPhfBPb/ZAzc3oanoKc6Hle2LMHdZ/Q/usfNm+m8VzR2wHq7LrbIjIaO8Ejor9LgYN788hsaqa15+B6NTz+jvO05MktZ7fkK7rezscr/jbD7f0Lxs7XEx44aBzWF2aSKFDF+rABkp8li8aKl3DSxvXv24uDBg1x75MhR3LxuDGcHd/j7BJMyjyFFmoq8HBZmLiSHqwK1VdUE7lrUEbxbmprQ0dyM1oYmPGht56ZQ1pWTcs9MQbzbLdif2YGVOjOhrqKEw0cOwZOgeCcqCoUVRUgrzEVIfAKMXdyhPmM+RgwcxBtDJwdmhuwMHNt6AtdOmMD8sgOsr7uRQnUlsHsjP50X7rQzLoZBwAs8yspFV1Up3uRk4lVKEqrTi7DCsBmLjubhnLgC3OVlkaM1A8UE8Iw1y1Fhb4nCQztRqa1OqlwdsTNVEaOuiMLZGkiZo46k6ydRmR7GjZ93JV/Fy7BdeFx6BxWlBairb0B+USlyEoOQdeUUapJCYEtOux9LbKsvRnlJJvJzEnFq/zYsmSmPIG87HN61HkFedgjwtIO96XXYGxng+pljOLd1HTasXo24CB/c1D8Fq+tnsGbhDJzbthJuVgbwtr8KB+OjsL9xlJwaptIPwfa6Hh2Do7C4vBfG57cT1LfC/MIumF3cDaMzm+j9xxAX7IRyciqesCz6nwDPQH3TyAiLlywhkI/AMALHCFJnHNTp+h04kBQ8nYMFixZx73/w8j0c0+7CPa0Zj2j748cP0NFWw5D+PTCYYD6QWgb1/tSy6WZs3jcDOt/wPpgiPALSYnxQnTYKWvLjsYQAvmzuNKxYIIdlurK0LYuF2pKYqTQe0gRzlSnDoSQ+HLIipKyZah/VE7KThkCLnIFppLT79unFW7jlp6z3v0xj68ULtQsJDoYoOQnCBPHJoqO5DHem1plSHztmAJd1P5ocjTFjBmHM2EEE9KEYxz8EV69e4GWBt7fA5MYZXDy/l8B+AI63jyMi1O3fBjdLgM3OziZwe9L5PoM9W7ZAR0MDUiIiBN/hEOo/AHwDBkCEbAypWi6bnJ/UstBYSHHb/Fw4nCnoydSKsWQ1Ard4tzqf0j3eLdadjS7IwuK0T0pICBfIOU/29oa/kxMczM1hbXkN5sb6sLU1RDRBPs3fH3bkxKtIjIfE2LHcuPpUsbEQExSEKJkUqXFpYUEO5KrTJkFRUZGDuVw3wFWpZcpcQUGBgD2VnI1xGETXjtgYUYgyh4S+lzhzMqhVlxam/kYCKnKSmE0gZ+H3xaTOWbW4//rnNOI3eHOvFB9ePfoLxFvaO1FW3YaiyhZk5lXj4pWbKKu7RwqhDaU1HdSJPySgv8aDV59w/9Vb5FXUwdHVCyYmFkhILSDgP4T+DQsO4sP5+CE8WRpC4gzqwhgyeiwW/L4N7lH5sA9IhXdCBUw84nBQ3wLu4cVwCMiEpUc8fd4Rtq7BcPGOQEBYMjx8oqB/+RYc3UPg5h2JOzEE6oQchMewBVlS4eEdTDDP+wvQWSU5ZkzNs5D8HXJOPL2CcOPqFZw7dwYLFsyDpKQEN1Vgx7ZN1AkV4zWB/Omjh3jY0f6jyMy/+khOS4KbhzMKCnLx4P6f5oF/AV6SL9Xx+CWBuAyZCQTxOBekR7oiI9IRBQkE9AQ3ammbAF6RHY7KnDDa546s9CgUZMchOzkEGQl+yE10o/3OqCjJIMVXSFaClsddaP8PgLy929h2fnElTmhPwWbpMTi9YSnuPv+CtlffuCS4srvtMNy9HFe1hbBGThALxPlgdmgz6tpfoenJew7+TY/fobrjBcG8DgEh1MlX8IrGjKWb4v9FmLOEPKFxQlCSVseUSRIQ4BsD6SlToSwrj1kaM0kZq0OD2gXzF2Dd2nU4cZzAYm4NDxdP+PsFITg4FHFsKmF2HjmFJagqJ2ertp4DeFvjXYJ5C4G8FfdbWsmZu8dZS10dKvKykORnDzeDw9iyRAdy06SwYvkKTFfX4qYs5lZmIq0oCUEJodA3NoGKMkuK4wG9D5m8hAI2LduK/Zv0cGT7aRzaepq2T2DP+qPkSDTiC13TLjfTcMahFc+zM/AuPwcfGmrw+VUnmu4/x6LrbVh/Igu3ZZUQoqKIfFLfxeRYFOufQ9eLJ2j1sEE1qfNSXU0kbFqHDLp34tetgoeGEi6tXIALBORQV0s89diOTp8NeNRM139HFWpqS9F2txzR9reQq38UmWwBDIcLqCh2RWtrNfJJKWelx+Ls0X04sHUtbE0NYH79FAJJqfu43ubWrja/cR6Hdq/DgW1rcfTgHgSQQre8cREHt/+OxTOlcXnvBvi7Ut9gdpaU+WHYEMhvX9kLs0u7YXONnhPczS/thYn+Lpjq74Tx2e0wJ6BbXtlHrx8k1X6A2v3ctpvZacQG2KE8NwmPH7RxwPoB+MxM3DQxwSIC/BDqeFkIno2zjxk3Fhs3beLeU/vgNTpfdWe06+3H8ME9MGwggXMAWX+myAnqbJoam3M+sCcExw6GqjQ/ddyC1GFPhKb8BMyS5sNshfGYozweizQnY7H2VC6EvXyuNBbOmoIZ0mMxQ3IUlMWGQlaUFKoQqXWRkdCUE4Cu8gTMVRYkJT+OS7z7dcz8v35ZjW3gwN4QGMdLuhMlZ0CEVL6oMAGRqXShYRAcPxTj+Ydytd5H8w0G35hh9FsHg19gCKfSx44diJ07N/zIWne0N4SjrT6edHb8cxTz02c0kVObHB3NzU45deIE1q1YAa0pU8g5EYGCqCiUCJDyYqJQFJlIDrU4FKcIQJJ/ODfOzDLCR/QZhkkEdU5503tZJrkIG3vmG4XJEydy49ei3ePaDPBsm42dM3gzuIsyoLPtQfS76W/MJViGOTpyoXV/aq2sLsDixlnYnD8N6wsnYG9pghhS76mRvrh66BAUCMiSkwUhScd4mjiBnF8IU+g7qMqIcVnqjCVy3QD/DnEFhWmQEROD2LhxEKT/K9yPYE4t+z4sesCy3MXYNhkDu/JUYajJyXLT11hSHKsWt2LGjP8G6D8ntn38jAedL1BOwM4tbiCQN6O8pg2VDe2oqu+Ao5s3UjILUXP3IWqbH1L7AJVNrQiMiMZJ8qQMjUy58dG69ueoaX+J6rYXCI3LxjghMfAJCJFKF4SgmBRG0zZLkBspMAFnbzrB0Ckam4/b48AlbyzbYwYzz1TYBeTA2CEM+oZ20De4DZPbbrBxJO/IORA3bjnC05+UuV80Z+6+rBRsLHwC47jFWWITeMup8grLZHMg5yn0TG4MnYXcfUjVXza4QV6TDEREhLFkySLywqxJDdfg2bMn5CXe50D86MEDPGBrp7e3cVM2/k8en778MY2sg00Pe/QC9XebUFVdgZysVGQRmFPu2CEuxBbxYS5Iiw1EWnIkUiLckBHljazEO8hJi0RyjA+SojyQkRyGnBRS+4neiAkyR2aMK4oywggauaTSa7iMWwZaBnWmnptIIbdS2/aSjJR2++u/AffrPwDe/vO+brtybBf0Zghi2dSxOL/1dzQ//cABvaalk2D+O1bS/iNKY6AlNByrJPhgf+U4nf9HqCTY55ZVIi4+jpurHRYRC0e6gfOzecUkhOkG/H8N6L179QbfsBEQmTAJomSTxgtiuqIStOlGWrdyJRbO1YWGugbkCe7q09WhM0cHegcPwfTGTdiamcPVwQHBfgGICruD1IRk5JISLswtQA1BvYmUalvTXbQ3kXpr7yCgt+BRRweePnyEh21tqCcHLy0iCO4mF3Fi+1qoKcpj2bIVEBOfiqXLVmHbnq2YOWcGJCTFMW7sGIwcMhSD+/bnwu0M6oJjBKAuNwNaSrMxW3UumS60lHUwS3E2L3umvRluF+JgGfoQX96/wOd3L/H82XNk59fD2LcWS67chYOJD0KU5JBICrxiniYH7xo7K7x69ggNBNBMLTVEEbzTw8JRkp6JiGUL4awqg5v7duDMrq1ID7DGU0+CedBBPGwvR/vdYtRU5iEnIwEhxheRevwASmKMUZDhjIbqAjQ1lCEnMwExEX5copunozluXj6J2wT02GBH3PG1hp3ZBRhdPoy9W5Zj+6Y1cLI3g7nheZhcPoEF2irYvngWN/c4xNsSNqTEra8ehNW1Q7AmsFtc3kcAJ4if4ylyZuYX93CtBQGevW7O7WOv76Tnu3GbnABLaq0N9sP6yh5S94cR5WuDkpzEvwCejZ9fv26INatXQ4JAUpJf8OO122ZGGD6QYE4gHzGoB4G9J4bS88GkzpliZ6H1qQzCymKYqyqKherCWKgxEUtmimO5pjgWqYtBR0kQ2nIToKM8CTpqIlisKYH5GpOhrTgRS2exRWhECPjiWKAujsUaklirK48N82WxZbEi1i9Vg+QUIfTv35cbq+/Xjzeu/j0JjhWjGUvfgZf8NpTLphcmpc5McPxggnV/jB03iFsEhq3uNopvCG0PJYXOwvME1EmjOCWvpjoVWzYuw5PHPOHT1fXqR2GYyspKRAZEwszUFMe3bcXSBTqYOVEKUnTvq5AqViCTo21ZYQFIT50IuckCkBITgSwpVHmxcZCSFMV0AQFO0aqOGcNVVRtL4BMmsI8lE2VA5huLqRMmkBqehKWq0tAkoIqRQhfrnl7GMs3FupU4Z7RPZBBBngGdqXp6fZOuLmIJ5pHu7vC2M4alxVXYX74I63PncPv0aVje1IefvT3S/PyQERiAI/v3Y6mOFtZqzoIKAVdeSp4HcnnqF0iZK8rz5o6zVptALE2/c9yooRjZdzhG9O7HORJcyJ+MQZxFHNi24FD6XgMGQ2HcePqcHDTob2nQ5+co82q5r/pLlvufvSW6NjsI5HUtj7pBTcBueoi65gcEngfcmHlj60NUE9itbOzR0NaJpIw8mFva4NZtS0QlpcPJwxPBkfFovP8adR2vUUtWf/89ihs6MWP2IvBNmIhBw0eDb7wIAV4cYyaIgF9UGYu3XMC20/aYt/EM9ug7QM8kHJcsQmHpk4nbHskwsQ3AgWOXYHjLHq5e4QTjdPgExcDBNQDRcbmIjMtBREw2wqLS4ENQ9/aPQjAp+dCItO42hV5P55Q5y3C3d/TEnr0HoUYHRUxcjA6+HAID/DiIP3nK1iDv5FZeY2Gfzu6FWx6y0rBt7f9ytjtbGefJY15J2banBNeHz9D27CNP7bKFSdofobyshKv3W0TKJDXCHXdIlSVEeiMx0odbjacgj9UVDkEsde4pyfHISEtHVpI/0qLskEMgz0kORXq0A+IDLqM41RsFKf4oSHRFFSl0tvRq/b3naOx8izpSCnUP3tD/fEqgf4vW5584EP+A9Z/A/d1aubnkn+n9n+Ht5IStMuNwVF0IcyePw/HFM3H38Rty3J7g0sYlWDd1HJaIj8ZambGYOWEotkiPRoCjCZKSYun7eyMyyAV+Llbwsbfg1h/2sDNHYTpvOgmroPT/h+L+V9/HxuJH0A0lMHoMGR8mC0+CqoIS5s2ZTTBfhTWkljetX4/Z2qz4CN1cK5Zj7do10Nu7E8f374D+4X3QP3oAl04ehbOlBWxuGcPD0Rmp8UnIy8hBWVEJmuvqCXTteHz/AafQH9+7hxePWSb4Y061VxbkI8zTFVdOHIau5kyoKqtBTGwyVFTUICMtSypKlBSVAPhHEdAHD8XAPv26p6314hLkJMiBlhWbBmlynuUmy0B+six2b9rFG4f08oGBfjpMQx4hMasW7iFVuGRTDFPfetwIeoK9t2oRZXAT8dMVkayuhCpS50XztNEaH4n3r56i8MgeRGirIuD35QTgGORFRiFATRHOMxRhelEfBzatRW28PTrdfse9qIsE7ExkpyUi0D8AlretkGhxBTFHdiMuOIAUeSqaaln0Ioeu7xj4ednj0lkCZ7gnZCUmwuLaSUT62SAqwB5+TsawvXUeezctwc4t68lhcsJVgv+ujcuhO1MeR7cuh5P5BYT53IbN9UOc2rYipW134zjsb54kFX6AFPkOAvYeTqVbccA/TAqeN7ZufoGAThA3099O79lF27to/15OrVsS0C0N9hD8mQOwh/vbLEQf6WeL4uwEdP4J8CV5+VwbHx2GscPpnAzpCb4hvTCa1Pgwthwq2TAC+4Sx/aAmOwZzCMTzZkgQjKWxWH0KlmiIY6WOBIFZBiu0pxG0p3A2R2k8NGUEoKXAjwUa9D7NaVhH4N73+3TsXz8LO39Xxd41s3BggxYObpyFQ+s1cGCdFvZu1MKSeUpQlptEzt5YTBw/BCPZmupD+mHk0L4QYaH2/4+5t4CqK9v2Pr/uVxoX4ri7u7u7S/DgrsECBHd3CxAICSRYsJBgCXF316pKVay8XtW19++5Nrm3X7/R77379ejxdWeMOY7tcwKHvddv/pbMxYAutGnFzPmZlW/ABnpt6/a12LFzNdn4Wg7q28nkd+xcsXM+vo3cmLuighB0dBTh5GiMzPQwvHz++P8y7q0oKQEdOTEoyMpCXVwYcrJkz8zEybgVJXkhLytAMBeCnAw/dHbt4NZh6/HyQo5MVpefj85jQSiL80GXjteV5uO6oxn8tn+6ETs+/RQ7v+CBKFm8haYm7HV0OPAx25bZvp0DNwu2PlyCQpB1tbOJcKxLfvUK5HfScbIE9ChfX8wfOoThnkY0s2VwFTloKCSYk6yWZWejPj0dVSUlOErt4eLYAI4d7EFpXh5SY2PhYmrK2TiDOQtNgrA6wZyFoqgoeClx2EY/syglI8zIORtft4EzcfYcP/3/fx9CEKbnFcQlYaIqS4k5icTHKnEuFOb0O7rr/QdDZ1sA/vzb7zizfAZvf/iJW3L2+sMvePr1ey6effMBT6mxfvrqDZ4RyJ+/eo0XX32LS1dvYG9qKlcQY2Riho57jx//9G9cHfBbj1+gqrYBT7/99ePEuL/g+du/4vHbPyMoMhnbyXQ2b9+F9Vt2QM86ABrWsdB3y4VXRBmyqkcQnl6FgOR22ARXIS63GSXNo2TooyhvOYr4tGLklzWhqfMwxqaXMTq9hNqmbm5p2iQBfWL6HFcJbvT4Arp6jxK4Fzg7n6TX2c5No+Mn0djcBStrO8jIyUBaVgaO1DDn5RWiqqIafb3dXFUwVh3s3ft3ePOOIP4dGdN3K1Bmr7HlDz9++PB/V1sMv/z4jizrMV48vYc7ty7j1r0H3M5njx4+wItv3uLx0+d4Tvb16seVpV6P6Du+deceztL3v3xmHnNsQ4Bjgxinhmtx+hDmycIvnT2BC2dOkuUdJLMdxakTY5ifPswdszB1GKcoZse6MNpXxhn68mQbzs6N4sa5E7h/7z7uPHuLGw9e4uatB7hx7ylu3LpPydrXePbtz3hFtv4VM3XWZc7uE9S5+HklWPf4o+9+xeWb93F8dAweapIIlN1Khi4E1V2bkGalRkZFVhLhDV9ZPoL4ZrhJ8CBYjQ+WQusRpS2IvtpsDB6oosa4EccP1+FoZzl6q3PQW5NHDWQKzs2vlJNk3VD/q7rR/zuws9fXryED2cQDoV28kBQhOzIwgp+bO0L9/bE3Nh5hgYGwtbSkRkwJ0pLSMDcx4XZ8igrcjTAfV6Tu8UFmsCcyQj2RHe2HouQY1BcVoL+9A4snZnH65By3q9O9Gzfx1dOnHMxZfKDz7T1LIr/6hp5/hotkfYMHu1GQlQVXOlcN9AxgoG8AVVV1MhYV+r+VICYiDR5Kkld/9jnX3c5muq/9YhUE6TqTFhKnhlCGYC4PFYJ6e+NKZb1v8krhs+8O0tpeoLTvGQr6XiCg7CHssh/DYt8TJFZfw9GwQIyoymNYWwXzZno4ZW2O+1PDeHfzEpZMdDGioYAZsvGF9hacr6/GIS1FpClKwN2Orqm0ZDybyMe7QT+8nNiHsZGjKC1tR2RkKtJiPHCuJAcTWSkYGR7HMp33jx/exIULp3Dm9DTKinOgr61It+lQIdNqqMjAYE8VB/ShA5VoKMuAu40+svbGo6e9EmmxwXC0NIAXgSQ3OYiDeW/zfg7kbBJcXV4UWopZYZF41OyP4gDOrL2+IA61edFcVBO0K/eFEOCjuC559j4G7QoCO+uKZ6ZfS0CvyQ1DU1EMNw5fS8/X5EZxCUBFZjD3+EB1OiUprfjmxco+D08f3oeW1HaI71yFnawGO0GdhwydZ+0n2EQw37HpM2gp8JJtk1UbMDjLwIbtEEema6cnCzczFjLwsFSCq7k83ZcjuEuTtUvBSGknbA2E4GJCQDdTgg8dF2injChPQwK7LqIo4n0NEbdbl0IPsX5miAswhb+TLhx1d8JIcRN9xnboUZKuJbcNiuKbIEkgFxEgQ+dfx8F9x9ZV4OH5Ept4VhO0N0FYiAe7dq77OG6+np7/ErwEdEnxbdDVkaLrQAEREZ6IiHJFRJgzzp+b/0cLaaqvBDmCtA4BW1VkJ2QlRaBJAGfjzDpkrTIEPC1+tk5bAFrSBHeCtjwdK0eg15Uk6xYXgJqIAFenQoEsXFxQEMIExa1k5yx2UsiLb4cbXYuOBgbw1NeHu64uDFk1Njbhjc1G37ACT/FN6yDAs3kF8uwx/2ZI87DhCgEUZmYSzHvQ09GBmpoalBPE2Rr0qpQUVBO066KiUBoXR+dJEbcMjo2nH6EEoK6qCs5WVpT4q8CA4MuKVimQqcvR78UmzgkQpHesWQuBzzZw8GYhyLMVvKs2c8MH2yiYoctSYqEpLQgjZVVKSqQ5Mzenz3IikLtSOFPYUcLiTPE//koQ/+WPv+KHP/0Nr77/V7x4/T3OX7yA+dNn8P6XP+Gb97/ixbc/4Dk9vxIf8Pzr73Djzn0cGjyCxqYWjIyO4+GLr/Dy23d07Pf46u3PePfzn/EdxUuyv7LySly9/4pM8C9kpn/j4um7v2JfSQN2kjVsJ0tn69IN3Qtg5ZsLMSUz6FvtRtTeQoSlN8NhTzHs/LKRUtiCjLJOFNT3o6p1EKn7q5GQXoCS6nZutvv4NNuQ5RA3MW5iZpkLBnb2mK097+gcwAwZ+cjYLCoq67HbLwCq6mRT7u4oLavgSquy2upDQyPo7e3HgZZGPH/2jFvv/f77D3hLUH9NMH9PAGdrpdmyiP9YyOX99z/g8b3ruH5+CudnWnGe7Pn66UHcvn4B186fwvUr5/DgyQs8IIg+ILDfv38HL978zM3+v0vAvXX3Pi5dPIez5y9hbuE0JicGMdxdismjbRg/VIOlk+M4e/II5sdaMDHUTtn+MTJ4tptPDeaOd2FmpAOzk0M4OVSOs9OdmBupJ0M/ghtLk7j3+BVuPniBcwvzOLu0zK19Xjp1CufOXcSNm3fw4OVbAv43ePDVG7LsN7jz5DluPn7JjZPPHB9FbWowivxMURPijEgTNZiJ74CX1BZ4yW+DgeAmVHvrozcvEQEqIrCnrF5l2wa4SG7hxtj9lXiRbSuP/rp9ONyaTw1xFcb6KjBJv1NfbS46SrPIhhJwdXnlgtelC+9/5dj4f/XamlVsi9GtEN7FBy0VdXg5u8DTyRHJ0dEEqjSUZucgmS5qTydXyErJQJCO06ULLsjHA1EB3gjzou/L0wbxXtZID7BFVoAdCsPd0ZwZjQ4C2aGmGmow2ikRowRtYgpnF5Zw9/pNzsrfUML4joydjaWzTYMe0Dly4ew5HBscQlVpGbw8PKFH35UBNVhsO2ELa3uYWFlDhBqNNV98ic8++ZQLVgZWjFcAKpLy0JBTh66iNnSVtOl8vI4/U3J6OLIN1lmPsafqMazSH8I0/TGM0u5TPIFV9nNM07U0G+uNQ2QHg2Tex/XUMemig9EgdxyzMsWCoTrG9FRxMjUG5/p6MJmegg5lMXTHaZKhS6FlvwW+PuiOVy1WeLWQgnxWkrPGAedmzDFQ7Y/ZwlyM15dh6vBBnOo7gIcPrmNx4TglrMegKCMKFwcDTE8cgr+XLbqaitHfWUFQr0MjwbwoMxKWhhpoaSxHTXEm4sJ8YG+uR38fPwx0luHkeCeaS5I5MLOZ7VzXeV4MwTyWA/pKRKKJIF+fT3aeH0M/MxtjX+mSZ2PtzNirc5iRR3AQZ/fZOHw9PWYz4xng2bEVWaGc9ZcT0Mszg+iYUG5G/TcvHuHD22/hQWatIbwJMjvIyrZ/jp2b/gXbN3yCrev/BdsoFMQ2kUVKEMwJ0kZScNCX5LrMzdQZ4GXhaCQNF2NZuFuowJnA7WGpCHcrZTgQ+DmDN5JAsIsmAp00sNtCDj5GYvAwkYGnuQKCnVQR40Vgd1fngB5Dhh5D1h7qpgsHHREYy/MQ0LeSAfLCSksQVup8kBPeQHAjwAmuhQgfQY8MXUBgI3i2fAkJ8V1k7zwQ5OPBtq3rsHbdZ1i7/jOIUrugpiYMY0N5hAY7Iz52N0JCXBEe6oLEWDfMTh/lrvEAPz/OuBnAtQjMshK8UJTYTAAXhA6zc87U+ek7EYCOID8HQgX+lYllemTsMtKiUCbgarGuea47fjuEyWhZdbUtX67CFmbqBEwnuj5cCeZO5ubwNjKCKz1WEVkHse083Bg5694W3MFDtr6Bq87GTF+cgMsm0rHiLhX5+Th18AAOD1ShrTINdQT4hpgYZMZGoyAqAvtCfFBI138FAb6WIH6q/yDmjx5FY0MDAlzMYUNtgaW2NrSEhcGzbhc2fbqJGxrgI4ALsWEC+lmFPk7mYwVk/j5uLr1jB1QlxKAqJ8HNZjdT1oSZmgbM2BI11utAn8m62k016G9PUHdiXe73v/oBD77+EW9//xu++flPePHdT3jy8jVaWuq5yRtvfvwDX7/7hYP5XQLCKDU4VVXVGBg4jDsPHuHV6zd49d07vHzznt77AS+/+5GLbz78hm9/+Atevf8Dpy9cRWtHH56z8VU2EYoVFfnqVwyML4GXbGIHvzA2bduJ9VsFwC+hjF3C4ghLqYSeqRVCkhpg4hCBqKxGZFf1I42yelYxrrJlEPnVnQiMSOUs/eCRSQ7orCb7gYPHOEtfiZUJb4NDk8jaV4Dw8DhoaetBSkYGtnYOGB2bwOLiWTLhcRw5fAz9/Udw6NAQDh7sR2NVGR6xsXOC+b/+/q/483/Y9YfbzISY/uZXstof/o3rhn7y9ldcI8u+cP4Mzsz0Y2myBRfmjuDOtdO4QkC/dZNgf51s/fp53Lp1jVvT/uDebTx8/jWuXbmAK1cu4fL5BVy5uIzzy4s4SXA+THYxcagO02S0y2TbSzPHsDBzFFOD9ZgYO4Ypgv7EkVrMHq3FyZE6nBptxfHeYsz2FGGmIwdnRrtwdnKQwD6Fk21lOEoN0FEyjrG6AkwNdGO6vxlHmwtxICcGXdlxlHG6oMjDAFluhogykkOcsQrZtTjSTOVQ4mmMeAtVynJ5ycA3wUOKBw4SWxGpsQsH/dWxkOOC4Xgr5Nsqw1JsB6K0hBGkshMu4htRHWSMrvIMdFVlYfhANY52V2OUYrijAr31xWgpykBPVR733bJtPv//MAlu1RdfQExAiOxAFgY6uvByckFkUDCCvL0RSg1SdmoKV7/Zn5JCU31DyJGdKxLUrYyNkBwZgqyYPcgIITMPdEKGnx1yA21RG+OG5nhPHEj1Q1sKRVowJUJxGKhicK9Gd2sb+g704vzSaTx/+JCDOpvxzioVPn74CHfonDl7Zhm93T1I35sGBzt7ajwNEBwSjOCoSAREREFJWY0gvhqff/oZF+u/XE12LgY9JS0YaxrBTNsU5jpm3Hd9+8R1uCffhOHeJ9BLfgSHlDNwjh2CRfggjAnutll3MUQJ8VyYEw6prZR4PaGrinEnQ0zEhmI2JhhHtRXQqSqF0bhwDHm5oMtABx3a8pht98LZ2WBcmYjB1/3eeNFsiQfDNjgz5Y7lEzm4utCNg/R3P5q/DzPNVWiKi8FoWyNu3jyPOTrX21qqIUmNfWFeMvx9HDEx0ofRQ+3obS3HwbYqamzTsDc2ACbaKhjsa0FZbioCPO3g7WyBMD8H9LVX4P71BTQWEswpOAsnc64iIJdlhZN1M6OO+Aj0BAI0s/iYj5PkQsnSQ1GWuYdAHULWzhKBcNQx02cAzw5FfWEUfW4UB/nStCAO6FW5EShJp/v72HvC8DXB/A9qPyJcjWAiuR6Gkpugxiq97fgc4hS8G/93bFn7v0Fw26cwUhMgK5eCnb4oHAjQDnpiZF9isFAXJWCLEcSl4WqqQGauDC8rDXhYKcDBVBYOJvKwpETAUV8a3lZK8LNXJVBrwI9eN1bcRca9iyxVHH42SghyUEa4qw7ifPQI7PqI9TaANyUG1loiUBalRJyuVWPVXbCla1deeD2kGNSF1kOYj1WK2wQ+ts5dbCtXy12Ada+TobM909es/Qw7eddBSVEI2tqSlGyaIjrcDdERbgjZQ2CP8URynDuSY7y4864wPxUKzLgJ4JriZN/CfNAkcEuQQTPjZjauRXaqKCYGNeEdnJnLiQpDh5IARTJWZRFeqPPxcmPtamT2SiIikN22jeueZnDcQoYrRLCUpiTAjiydwdyJ2hV2q0pWL7mZoL5tPYRYRbePS83+PklOfOtmyPBvhJW2ElprK3GgvR3dDcWoqytCUWoqqsLDsC8qCIUBnojydUCeqyuKYwPp/MjDYGcNTg4P43B9PRICAuBMybYS/T7C9NmsB4G7JWizLn5unJ+ZOT0nQPf5GeTp92OJBNsmle2sZq4qAXt1WdiQmduqasBNQxpuZONO2qrc+nNm6a702E1PEf/j0eufce/V9wSk3/Hdb2TPBO8XZOFzZG4Xr17D1x9+xumzF9DQ1MyVrGTbexYW5OPFN9/hFQfxd/8u3q+AnYz+1ZufCOq/4+vv/4Sn3/yIsopqsr93lDywMfRf8Pj1H7j/6mcoaxuDlxqanfxCWL2OMioydT6CfHRWO8SoYfTZE4P8+gEUthxHfuMIChqPoqpjBIW1Bwnqh7E7JA65xXWob+vDGCsHO34SDS093CQ3thSNlXpldp6dWwJLSzuoqGrBzd0bRcXlGB2lJOD4DFc+dWhoFH19h7nNTgYOr9RZL8nPwZV/t+PPv/76Cz68ocaVEpdn3/5KCcqf8OzNH3j23a94Qkb7+OF9PHryhOtev3rhJE7PDBCIi3D+5GFcnu/D5cUjBPMruHLuBK4tDeLGGTZ5aAKXFk/gynVKAi5dpYZ6CefPnsHpU1Ocjc9Nj2KwtwUjB5sw3NuI4YF2TI0NYWp8CEcPteDEzBTZ8wAmB5sx3FmIKQL5iYEyDOSFomuvN7oIGi2hdmj100GThwYKLGRRbi2LGicl1FOWXuysijovbey3VUCulRyyLaQRri6A3Qr8cJXih5PENnjL70SIpij8lAURrMwPS8qaxbZvhT5l626UUbvLbkc8Ab3KWhJHw/QxFW+M41EG6PXXQIapBEKVeZGow4eBkhh0lqbiQFUG/ZzVWJ48jLtnJ/GX98/w6vF93Lq8jAeUJLJ/9vb2/98uTfuMQPjZp9ixZRtU5ZVgZmQMN2cngrg/YkJCuUlwHmTpkXTBJoZHwN/DA34e7jA3NYG2mio87K0RE+CFFDLYtABnFIW5oC7GAx3JPuhN90dPqg96krzQHueKxggnNMe5oT3JBx0ZEQSVbLRU1hCwurA8v4DHd+9xtv6aLT189hzPnz7D3Tt36W8/i5rqGqQkJcODTN3Gzg5+YaFISc+FmbE1Nq/bgDWff4lVn32OzWvWQVFchoO5tYEV7E0dkZGQyX3X2b3fQJ9MXH/vY+gnP0DUvj6cPt6LxIxmMvV7MN17EwtTIzhmoYFDylKYJRs/42CGE4lRGA4LJHjroktJEo2q0mhzNOM2aulQlEKvuTZOHKvBibmzuD5Vj+cdDnhaY4IrfaEYHz1ECXQ3RrsKMN1Siu7UCGR7su8pGGNHenDx0iJmKGmNDPMHz/p12JceC101OVSW5eHF43s4erAZVWTjBfsSEOTriJBAD7RQgpoaFUhJlxnCAwgi1NA2V2bg7s2zqCsk695HEM/YQyAnQBOoK7IJxgWJHOiryMhr8qI4Q28oZPYezo2tl2cSoHMiOeBX0PtqKBGuJ+NuLEogqEeiMmfF4OtYNz19BjuGTapjMC9LD6QkbKWrvXpfLCxltsBIfD0MKDQEV0OGAC5Nli694wsIbv4XKEtu5may2xuKc5PgrLXFyM5FYakpTMYswZk662L3MJOHh7ki3EyV4WauCldrJVgR/C3oGHt9WfhaqxC0tRDirA9PSsKlhTZyxWmkBTfQe+XgbUa2bqeCSDdNJAcYIDnIHGFuBtxnyrLqcjtWQ0NqC/To52Vr2MUI5mJshjv/egjsXE2PN3Bd6mzjF96dFLvWYeOmT7Fl+yrIKwrCwFABrs4GiIpg26B6IiTIATFRrkhK9EBqciCiwjy57+TgwYPQZrXQCdharNKajAgUhcnUpYWhIEmJgcROyEqJQ4OOURIVIXjzQZXArUymyz0nIUqmvQvysoJQo2NVBLZBjuDNxqJ5KBHn/3QVtn5GiQiB057At5ug7mliCF+6tVZRhjTves7QGcS5cq2sItzH2usSbOxaUBBGhoZobq6hBJKux6YyNBZkojKWksAIX5SF7UGitwOirK0QQNdeWpAbKpKS0FWRjfGuLi4Kc3MR7OsLZRJI9n8xoPOyiXsM4h8nvDE756GfUZZ+J1bDne3Ixuqzs/FxfRUpOicUCdhsrFweTooadCvHGbunLp0DutrcGLoLAd2VkmoO6MzQHxJ03/0BfE3K+ezbH/Hs1WtUVRbB388bJaVlWDp3EV8RsL9+8yPKKypw7vK1j1a+YucrwQz9+4+W/hM9/oUShN/x/M1vOEDmO31qeQV+3/2GJ69/x6NvfkVeWS00tbUgKy+LXbw7oU+ZvZe3H/xCMyAvJw85JWVUdo2hrGMS+c1jKG4dQ13vNCrajqKu4xgSMooQEpWKkupWHBs/hQmCemt7P1dEpuPAAAKCQ6GuqQ2f3QGorKrD8Qm2A9kpgjZlUGTkw8Ns96pRHBk8it6eg+gh6+ls70Rnawty9yZh6GAnfvrxR/zpj99x8/Iirp+dwv3b1/Hw0Us8efo1njz7Fk+/eo+HD+7j7rUzuHN+BNdOtRCoj+DcbB+OHazA9OgBzI934szsIK5cOoezC2M4S7A/O30Il5amceniFUqe7nFboS6cmsWp2ZM4NTGE6eE+bgLNzNgRHO2qwfEjnTjWkY+xvnqMHD2M3t4DmBwluBPsR9oK0JS0Gx1pARjc64H2MBOU2ctin4k4ckwkkUWNRLKmANIJvIUE2QprGeSaSCBNTwSpusKIVedFgo4gIjRFVmAuywtnypD9NGTgIL4T0bri2KMpBiuRrZDZsQX8PJTF862Ht9Q2+CvsQpSqAOptJHDQQxknk0wxvIdsPcMai/td0Oyri3I/A/RXp+MQRU9dJi6Qfb1/eZ/7bv/4/Tf89NMH/OVvf8Vf/7qyYsCdjPef6Sb/Zye2/T+Jzz//DKJ0UetqaMHWwpIbI/d2c4Mf/Wzhfr5IigwnO4xGDlk6s3U3uqi1VFSgSeesn7MzInzckR0VjIIYP1REe6IuypkA7ob+tN04mh1EQHdHd4I76oKs0R5DwN9jjZpwB6SRWWbFRaKBrruhnl7Mz8zgzrVrnK2zssNsdcXTx0/oXLqMocFBVFZWIicnB7HxcVy3u6enLyyMzbGTkpGNq9dys93Z7HxNeTVYG1rDycIJbtYeGOpf6fq02/8MBmkE8733YZhyD3Xt41gcrkfEvn6YZ9yFY9Z1jHc3o1VBFF1y4jiqLo9jBpro9XDCUJAPhgN80KYgjlolKRzaG8rNbG+TE8NEuDGunTuOEydP4fbwPrJzKzzqNMHMUB4OHjmMkYEmVCU4oi0xHIXB/vA11YO1nhqd/+NYWDjOAZ0VcNLXVEYxmTjreowI8qLr7ybOzk+iqigTmcnhcLbVR3V5NhLjfMnKXeHjYokgsvm9cZRsNOahp6kQNfkxZNxhnDmXpIeglEBdmRPFdbvXFySQSUdzXe/V+1duGayr9rEZ72TvbFydrLw2PwpVbAyeLWUrZFCPQ3NpAgd7Ng7Pqs4xsy/NDOSWwB3pLF8BV2MRmflaWClshrnsVpjJbIOu6BpoC6+GCv+XHNxVhdbCnGBuQ0C21ZUgoIvARIUfJnRdmajtIlgLwclQBm7GMnA1kIQbXc9uZOXOxipwJrA7GbP3idNjWbiayGG3pQICbVURYKMMM5Wd4N3K5lCs4brsvcwV4GUkBX87JYS5ayMx0BIJQVbwtlYlMG6la/szqIlvhpLgOq7LXYyVeGVL1wTWcWPp8pK7IMy/iex8PTdhjhWZ4eNbSyDeBi0NUdhaqyMsxAmR4S4czOPo3E+M80RqkicH9vgoDzympOz8+UUoUhujLL6DbFwIaoK7IEvg1iSwKRO4GbxVue50AryMMDRlVrrhmdErEsR1RVi3uxg0hIUgw8bi+fm42e9cYZeP4+hsxvtOgrs6JQ3ejibYbWMMbzJmBwK1Ltvt7GP9dW79+S4eiLKSr2wGPAFenQw5ws0V1dXVaGmsRX1dIWpLs1CZEob8yAjEeloj2tkGgRa6CHTTQZK3KSpTE1Fbm4OBtjYcHxhAS0sLYsPDoc6WstH/w2aw/z1Y9zpXvIb1OEhIQEtZFuqqytAnoKux3dQI5upKCgR1FRirK9JjebhoK8NaUwVmWkrw0pCHiYYa3PU0yNQVV2a5P/72Fw7od18SjL//A69//huev/0NT19/TxfVPM5fuY7X739d6UZ//ws3pr60fB7l1Igwe3/19sM/gP7q7YqZs2NfUFLwnMXrH/Hkq3e4fvse2ppq8eTJMzy4dw83rl7G5aUpDDQWoI2y4axwJ1Tt9UV3PpllWQqKUoOQ7GcBLwc9pGTmo6hxCHkNQyhtHUVj/ynU906htW8K+8tb4OJF2XB5DfoP9mGwvxd15SWIi41FTGwcKirrMHSUbUt6gix8kgA+g4njc/R4Gt0H+nHo0CCXKXZ3dKC9uRGtdTWU1ZejpaoCTZWlSIzwxw/fr9RMv3nhBM6xetNXLuAO/T737z/E/QdP8ej5a9y/ewO3L5/CncsncWVxEGfGGjE70kaWVYKlkQrMj9RjbpzMZ2YYp2aYfZ8gsM+TkZ/F6QVm5Wcxd2IaE8Mj3J7pSwtzmBwewuTEGKYI2oca8jA+1I+hjhocbcmnxvAANyu8jQDemb4b3WnBaAo0woE9Bqh3VUCNA13QstsQrbILCaoEa4XtiJLfhnRdESRoCMFHZgdshXhgsGs9zIS2wFlyB/zItH3oPe6SW+EitQOeBHUnsW3YTVm3j+xOOEnzQVtwGwR5NoFv80aYUoYbo8aLLBNR+CrsRJTsFpQbCaLGWACdzjI4FqiBkWAtjITpYrY8BPfPzuDlk/t4++ENHt+/gas3ruLmrSu4+eg5t/aUbXbzb1iZFezv7/9Pj3f/s8/9z1r6mtVfQlVZBXbWNjDW04O5oRECPb0Q5OEFVxtbeDsxY/dBiN9u+NGFr82KRUjJQEdVgy44HeyLCUde7B7kR/igIoZsPMkbhzMD0Jfkhr4EFzTusUBrlANqqTFt2mOF2gAL1IXaotDfmuzJFgl7AnG09yCmR8ZxZm4eF06fwaP79/Ds6RO8JGO/deMGNw/i2NBRtLa2Yv/+PCQlJyMsLAIebl6wtLCCooIyNb7CEOIVhJ6qLhzMHOBu44HdDn4ExvuUvP+OjJ7XMCSY66feg1HqLUQVn4Jb4ggcMy7Bat89OGddwpOlHrSoyKJLgZI2svEBYz0c8nJCM93vpGhXEEOjjgwG9vqjWVoUrfLiuFxlj1cPLuHsiWE86onA7TwNXK40pcS0BuO9pVjuiOWGc3zISlIpKSgvyEJJUS6uXl3G5OQgjo8PYMfWTYgIpe840BsSQnyUNJmgt7MJb16/QGdTOTKSQmBnqYnuzkpEhrghyNsRfp62sLcyQCFZcWvtfhSnh3JAZ2PipRkrMC/NYl3uFJmhXI338n0RdJ/akYwQzuIZmJll1+xf6Y6vpmivSOVmwdfkhXPPMaC3ENBbMjdhMgAAgABJREFUSpO5rvx6+pwq1lWfyWBeyZ3HC5NDsFUggAt+CWNJSoKlNsBcjgeGYhugL7IKOsKrYCKzCVpCq2AktQk2lFDbaIsS3IWgL78T6hI8XPlWA8VtBGNxDuhsvNtKeQdc9SWx21oDXpZq8LRQg6OBLOz02Mx3cXiYSMGDjvezkkGQvTIlAVKwUhNCqJMm4nwMEUgW722mSBBXQtRusvQwe4R6mUNDjhfSAmugIb0FKqIEIN41HMRFyO7ZrHdZiW0QJYjz71rLbc4iSK8JEfilpbZDgz7f1EgJocF2iA53xZ4ge0SEOSEpgZLfeE/ERnogKtIZ0dFumJ4e5lYMsW5yFa7wigTUxATp8boVYEvxQlt0K9fNriAhAGkCt/5OAjgdp802L6H3adL7FET5IEswV5JcMXU2U16cnhcgUAoSMHeR/e78/HNuZrsbGz8nkPubmcGLbi0I2NIbVxPAv+R2RhPdsZm7FWcbqdBn+vo6ICd+DzoqitDI5mdUpaIuI4Oz8MrkUOQE22OPuRkSDVXgR9af4Eltb3Q06ovyMNDRzs2M7ySwp8XFwUZXiZINES552P4R6JI7dnBd6zoq0tR2yENPRQ4GFCZqbBc1VW5HNRMCtaGqEozUVLmxc9a9zmbqM3i7aGtyXe3u1DaxCX+edPsPoLNudwb1b9luWazox+ufcJ8MtLe/D9//9lduohuL1x9+wzfvfkJpcQFuEcwY0P8Rb37kuttffvcDnr1+hyfPX+Hxw3u4d+kE7s314eJAIa71peNGTxKudcXiekcUrraF4VJzMM7UBeNCQxCFP4UfPfbHTOVuHMh0RT1bNlKynyy8jcz8GJr6T6JrcBGdvePoaqhCf3Ekxgt9cDTfBwdzdqNmbzDqy+hLJVgPDo5jfHIeUzNLdBItUcbUQ5Y+i+Fjx8nEu9Da2IiW6ko0lBdTFKGhrAj1pYX0/iJ01FciPT4El88vcRfnw9uXcWVpEjcuLOLWtSu4dfM2gf0+7j/5mtst6uqZcVw7O0HQ7sfcWBeOH27C4QN1GGhOwymy9JMjPZg+dghnTp/G0ulFLJycwcmJUcwcO4wT4yOYGj+OsWPDGBs7jrnZE5gYG8bJE5SAjAyit6kSI0f6MTJ4CF01JegrSUGqlRLK3DTRGmSKGg8tsnAR+BN4PaQp6AJL1uRDpNxWxCgRbFX4EEqNQBI1Bj6KwnClTDxYSQBuopvhIrYZzgRwfcHtdLFsg4PkToL5LgQo8iNUkQ8JlPmHaYgjUJUaGtHtBHRWbWkTzClLD5PfgmR9fkQo74IVZephBPVcXUGUmYihw1kBZzMdcXqfA5bLfPFgjn7/oW5UldWiOWE3silZSk+OpQy4FJfmZ3H5wkW8e7NSkzmcstp/dhLb/1tA//vyNHbLw7OZGgcZGBrow8XBEU4EcFsLcwR4eFJ4INDDHbGhIdxtBNm6I9m7sqw82bkqLI2M4WlHYE6OJjsPRDEBvSEpCM2xHgQ8HxzZ60nhjVp/U7RHOaEz1g2NoWTpoTZoj3REa7wX9u52gJe1JWoKCzE3OY3p0XGcOD6Jc4tLuHzpAm7euI7bt27g3PIyt0PbCCWC3V09ZOvVKCwsRnp6JmJj4xEUFAw3Nw/Y2jhw4WTHDNYXXk5+3Pf85OU7VA4+gWHaLbL027DNuQOTxLMwjJmFT+EN2GTdRETpMhl2KSqlhNFN8D5A8O41VscBM2UCuig6FSTRQobebKmMrt0maJQWRru6NK52peCH+6P46mwXHvTH4Wa7FU5XeOFcaySe5Fvh9h5ZBGoqIdjWEvv2JtDPTYk7xfLyLCW1R6gBLQDP+rXYE+AOe2tTKMtLYV9KJCoKM7EwO4njowMozI2HExn64f4mJEb6wsfViqBvBFtzPRTnJiIriQE7nhpZMum8GG5cvIyiJi+Oe1yRE43K3Biu+z0/JYjgT5EWyE2KY+Pn1blRK5PeyMDby5K46nKsqlwd2XodPd/EzW6PpvdHcHZfmReFIweqVmq0371JVr4LNnT9GYpthIkUgVxiA6zkeWCnuAPmUpQUk7kbSawjuK+GpsAqGJPlWqgKwliRl4DOB8mdBM4tn0ORQGerJwZHQzk4U9iqkc3TMT4WSghw1CHz1IKHuRLcTBW5NejWGnxw1hMnkIsR1OXha6kIWy1RSgaEEWynQe9ThiYl8bryu+BpKYsoX2NKIK3hYqEILdnN0KN2Q15kI0T5GcjXQ4hvHaRECHhCm+n+em49uggBXVSYBxKSZLPqwjDUk4KvjwniYlwRRrCLDHUgM/dAfKwvYmNY97sLYiKcyNg9MDW10jukpSrBAZztZKYnsB0ykiLQJjOXJqDqkqnLfiwkw7rYpem+PIGebVmqK80POVYkRkaM67aXJQNnM+PZ+2SECeo8PB8LzawCH0GdfxWrsKcMH4I6A7qPqSkcCIIM9KyoDAMss3Rm93IEdBsbAxQU7OUAzgrHNDSUoaogFzVs/DwlBWXEhaIAD3gbGcJPSwORljqIdHZGTWQknSMJ6G5txilWKrarC2UFBXC2tYU8JSNK27dBS2An9Lm9zZWhS/atpaZGFq4APTWCN+tiV5fhCsWsTHhTIztXgDOZubOWHEFcG57qZOW6ijDXJEOn1xjUuTF0Vljm0esf8OCb73H/1QfcevYWz98TsH/6K5599wuef/MBXT29BO5n3MS4vwP92+9/w9kLl9DW3v4PmHOG/h3FN2/JIB7jwZVZPJw/gAfDBbjTHYnbBO6rDQG4VOuLC5UeOFfq8jGccb7cCWdLHXG2zAnnKlxwudqNjnHGcrkzFsvccKLEDSME7H7KhJsbmlDXRVbd3Y3e7ED0xhmjKUQXZT6qqAwxRXOGP1pYFZ+yXPR2dWJ4ZJLrhp/6GKWldRgZmeAmHTEDry7MRVV+Dqrpj1VVsA/leZSB5WejmkyhrrQAlfnpODl5jDv53pIVXJgbwqXFUVy/chnXrlwjS7qDO/ef4erl87hw6iiWZ3px8ngfJofaMT7QirmRFkz0pOP0eCMH9JMTI5g9MYV5gvn8zAQB7iAmB/swcWwQk2MjGBsZwfQUgX56EnNk8mwDj0OdjWirzMfo0BGMHenDIWpM6r3UsZcy8gP+hihzVoW3NGWgBOkQVQHEagogQ48sXIEXWtvXwFSAbICXB9ZiW6G7aysMybK1BTZDYet6yG8naxDZAl95XoSr8NPnbEOMthjCNSUQQY1Grok0EsnCfahxiWXmQFYvsIUu7G2bYCe0ERHyW5FrJIIcHUE0ulDWT8cVmUqiylYOqSpbyNJ1cLnAE8vFu3GpJRozfa042tOOI4WxZK4eiIvyJvNJx2xPCU5NtePCmX7uu05ISPhvu9r/s2BQ/juY/5llaf+xEhzb13rnju1QV1YlmATCzsoKdhYWdFHawcvRCX4uLogPCUHcnj0I9vZCqO9uOBPw1RVZGU4rhPp4I9bfBzVZqWjO2YvmvVGoivJCB1lKf5I7htJ8cCh1N4HcBWX+5qjwt0BzqCPqyNQrfIzQEO6ERBdzOBnqIsTdGX3NDZg6dgxLJ2Zx9fwF3L5xE9evXsOVS5e4TV3YLm1skhyLxfklrhLd5PEpHDk8iJ6eg6ivb0RVVQ3Bvopua8nkC9FOySz7t3jpGfzzL8Ng7y2YpN+BV9F9+OReJ0MfgEfGIkziFpBeMY358ihUEqh7FSXRrSCKXiMZNBAg6mSEOBtvJKC3uWmh3lqODF0Y/Rqi+LbIBr8ez8Kj43kEcz9c22+Eh3k2eBUshGe+fDiXZI/9cXsQGxaMUPouO6nxi4wKxeLiBAF9EHuCfSBHtl9bmQ1NauyMDTSRm0HQLMokqGfj3u2rqCxMR0pcMFobipAWHwxPJ1P4u1ogxM8D+9OjsT81BI0l1G6UsVKwCQT2eAJ8LAE7kutyL82K4KBeV5SEilwG/HBuPL12P72WGUYmHo0D1XvRXp6Ig3UZK1AnG28ojqc2IwbV9FnVdGwVfVYl656n49m/N6+/ggclwgbCa2FOtmtNYDf7OIZuKLqWg7mN7FZKoj+HvvBq6Iuuhp7QaoIZwV1iE5QEVpPBfQn+TZ9CYPOnkKfn7Q0k4WlF1xiFs54MzGXomjeUhr+jLgIdtOFnq8wZt4uxPGzpGnYzloatuhDsNPlhoiyIXZu/BN/W1TCl5N5WWxy8m1dh07pPoS1Ln2Muh2hfE4R5GnKbuBgpbIO8GA/E2e5qvAQ84a2QFN4CYdbNLrAJwgJsXTpZJsmAgtxO6OqwSXAmiCdYBwfSNRBii4QYZ6SmeCCJEtbIcEqACfQxEe6ICXfG1Mc21Z2uJVYcRkpECOpCvFCQ5F+BM5sYxuAtSc/JEAjJZA1UxLltQrWUxbjlXyoEbzVuHbsQPSa7lxGArgJbt76F2/mMAZ3/s43c8rVdX6yGBO8uzmbZWLoLJeA+dGvECs18nAwnSMasISwMKxMdZGXFoa6uCk2NDXRu1aCDpKOrLgeteZmoy6VzJYoSQG9v+NNnBFKEGBsjxMkQRdEkk9nZGOpo4Qx9jqA+0NGG/ZSIBtLv6mJpDkdTAw6+KirK3Fi5ISU1xgRxbVUFArgKt9kKB3O2NSqBnVWCc9RUhZW2Fhy15TmoW9NrZgR7By1ZbimeB1uSxwz9/qu3BKQHePn0FpYvnMWZyzfxNQGdWTrrMr/3+CVOLiz8A+isy/27H34ngH+PkuIi3Hvy8qOdv8ezl2TkVxbxaLIej/r24g4z8PpgLJe6E5zdMV/oiBPZ1pjbb4vThWRtRY4UtpjOMMSJLCNcKHMgmLvgUiWBvdQO58rssZBvTe+xwPEsCwzutcKRbC8cy/XAoSQzNEcYIdFeAaEmkkjz0EVepCuKshIxeHgA9bW1lHB04UB3P44fP4lJsvSJiTm0tXWjKC8HNWThFfkE8P1ZKKVGtzQ7AyXZadz9kpx0lO1PJ6jvI8hnkGXX44fvv8fvv/2EJbYWfHEK1y+ewcWzy7hx5Spu333C7TC0PDeBMzNDOL80wy0fmx6sw1hvEUY6UjHZX4SZIbL2owTuiXGcJJjPjBzFxFAfRvp7MDs5jpnjYwT7U2Tkx7hu9oXpcUz2NqA7hxqOPbaYLAjB8SRztLhLIstUGm0+mji8RwtpxmIwogvPSZosWUoAdhLbYSbKhzC66MMJwmG6EnAga49V50OVlTRCNIQI4jwQ27yGjHsL9HZtghrfVjL77QimrN9efBuyzBURryOFPapCiNARo9c3I5TuawpsoYaAsnae9VDcuRG7pbZgMsoUrS6qOBGuj253OdgIb0aO1i70uMtjNsECC/uccK3cnxI3b9w4VIbF0UacOFaJ5dlGnF9sJIg348xCLVlXOSUzRdyFnpGR8V9a9L+H9if/8gl3/xOKzz5dWab16cfn/meA/n/WaqdGlI+fmxDjSnZuZWpCdm4BRytLArcNAdsH4b6+CHL3QExgIKIpfJ3dYaypSzBxR4C7J4pTU9BM51d7fiYaUiLQnBhIhu6JA4ne6KAGrob+nrVBlijyMEKesz5yXY1Q6GGM+lB7yvxtEONEFmFjCmtddZSkxKKhqACHCXhnTp7Cw9t3uSVsX9H19uzJUy7YZDk2rv7i2Qu8evGK7j/DvTv3cPPmTVy+fIUrS7pMNj83N4fp6RncurVSM999/20Yp96EEYVtzl345pzG2PgScvJq4Zg0A9OERTR1DqMvzAw1UoI4qCiBXiVxHDCRR7O+JGrpuRZZERww0kabryHaTaVQLymEMc2t+H33Kvw5citeNnniVY4OXu4RxqN0K1zxEkdPoD5Sw3zh4eKK2Og4ZO/bj4OUfBQW5tE5QNfI1GHo0u/u7kLfRaQfgV2CbE4BWemxqKnMxb7UKBQVUKJ86ji6mkqREk9/hz0ecLczxB4vRyRGBCE/M44S+zR01+eivSqDs/RGkoKmkhTOyEsJ3oVpISjJDCczD0M5QZ4Bu68uFR1l8eiqSMaR5hwMt2XjRF8RDjdk4kBVKg41ZaOrOg2t5SncErfqvOiVLvt94dSOPsCvv/wMf2sVmEqtg7EEA/g6WBK8TaR5uAlx2oKroCf68TWRtTAWXQ8TsQ0wolt9oTUwklwPZYEvIMzzCfg3fwKRbZ9DS2YrXEzluHFuXxsVuFCyoCa4AYYKlIRba9Fzqgh1YrPaFeHGlruRiTvQdeugJQYTAraC8CbwrP+c2/BFeOd6uBrJwlhFBJJk2TpyBHRjKXhZyiHEVYcSAmnofzR0bv05GboUyYAg31puTbqo0Er1ODHhDVAiw9elNsbFSRdRlIhyXe3+Nkikcz01wQsJse4IDzVHNJl5fIwbkhO8kRTvTda+MjEuMzqCrJoPSuK7oCrGD3lRIWjzr0BdmwxcU0Mdyf7OyEtPx8GyMhyoqcFgTT5qCtMQSsl0iK0FjAlsugoK0JYTIbBLr9R2p4RA/OO2o4LM0OlWnGcNnHQ0OaBzUCdL9yJbV6VjlSg5cCV7zySR6CwpQUdLC453dGCmq41kowWz3R043N6Kmar9qKthczLy0ZSVhniy8lBbgrqFDuKtdVEYHYCq/bloaqrE/MdtVqc/bt5STKCPCwrikhKuS11Fgru1pjBTo/OFbJs9VmOPGci5rVHVCd6qsKH3mGpIw4oAziBuw+2wxoxdFW4EeHe9j2PooyfmcZyscWz0MNqowejuPUim/g2+/uEvePn2N7x4/R7L5y/izpMXHMwZ2Jmhf/v+F4yNTVCmNYZHD+/hwbUFXB9twN2DybjdEY5rzUE4XeqJuXwXnNzvhMl0C0ynm+PkPmvM7qNGPs8Ws1kmmMsxxflSe1ypcsHValdcJjNnID9Hz50utOOOnc40w1iaMQbi9NAWoobOSG3kOEsgwUkTweby8NQUQpKbAQqj3NFUkISDB7rQ23sEdfUtODZ8nBqoaYyOTXG1tLvbOhAbHITy3EwUZxG89+1FYUYSCjOTUJCRSLeJKNqXTFBPRSWb0ZifQX+gNHz/7u3KnskLkzi/MM/Z+aWzS7h68RJu3XmMa7cf4AJB/dzSSSzOTWP55AhOjHajuyEX/c35GGnPwdTgAUwRwBdmp3F2+RxmJ8hEhgYweqgHowO9mB4fpWRgHouUvc4d68ZERTyGE2wxGG6CkRgLtPtqk8HpIMdUBt0+6jiVao8zBMuZNDuMJNuhNUgfcdTIJumLIVRdGF6qZAgCPAjVlUIk2ZSbrADiVPnQ6aaAYgtp+MjuwG4y6lIrBbQ4K6GckqNsC0Vk0gXdutsYfVG2aAw0h7eGOF0Mm+GrKQuJHTzYuW4N+DesgvK2Dci3lMZ0gjUOBuij2lQME8HqaHORh6vEDjS5KGHQVx03K/1xucwf15vicK5mD66MleD62TZcPNOIpbkK+r4qMH+qfOV2bmXskW1b+V8Cne3zTTb9KRcrAGcg//zTzym+4J775N9B/z/uuvaffe6XX3yBDevWQ1JcAjpa2mSFhhzMzQyN4G7vgEBPT/gShGICgxG+2w+Z8YnYR42APyv9amwKVytrZMTEobkwH/01ZWig86o1OxmlET4oDnQgqJO5R3igKtoXvQSB/oxQNEW7o2KPEzLdTJDpbY1IRws4kI362pjAx9oU0W6OiPRwInjkYHZkBHevXcM3r77Ch3fv8f37D3j/9h0X7P7b797g3RtWxfA1gX0F+o8fPcS1q1dw9cplbsz94sWL+OGHH/Ds2z9gsvcuTPdeh1HcGRhHTMMpdhjnJicRn1IF+5RTMI5bQlPLAAb2WKFFRhy9CmLoIVPqtlZGmbIIaiUFcUBXDUcjAhFGDVSGuAAaZUVxznAz/i1TFn/LVMC7QF68CdiOO3tkMBrniOLEUAT6eMPL3Rdx0UnIzMhEVmYuJeENmJoaxvhYP7Utfdi6ZSN8PR3h5mIJaQkRyEqIYn9OJmqri5CVFouIEF90dzRi4dQw4iP94edhBy8HE/h7OiEhPICrt91cnoG2yiwy9L0czFsrMwjEaagrTKLrOo4gHM2NsdeRWbeVxFIDXIjF/jwsHcrHlYl63DzViSfLB/FwqQtzA2VYOFyBazPUwPeXo68hG52UKLDZ8awr/9XzlRUaqaEe0BJcDQ2+NdAVYkFWLEXAJoDrE7i1yL51hOl5CgORdTAV30h2zu6zoGMlNxD410CZPkN4y2cE9M+gr7QT7maK2E1A322tCFvlXVDeSf8HJeY+FgQpWw3scaawV4OHkQycCPhWqvywUxeBhSI/NCS2Ysv6T+jc/gQKlLB7msnAz5KONVWGP73X15YlCspk+ppwNJbjNnVh68/Z7HZJui8pvDKGzsbSGdBF2Q5ustugpy0Nc2N5hATaIi6S4L3HHgkkVimJXgR1F8RHuBLk7bjudgbxFIJ8cpwP4qNcue+KTRrT27kT0tKS0JQQos8UhrLYdq4bXkNOAF42Buhqq8VEbw+G2NalFGwL08WRQ1g6epibeDbR3o6itDT4e3lRUq0MRUUpKPHzcmPprCY7G0dnYGdhJisLb7JpBnQvCj8nJzjR40RK0g81NGCaGDhCnz9MMGfbpI6x/7O3F3MUpyiOHe7ktk4douMG6Odqy89DWmIsYjxt4E/tRLyjIwqpPairLMUUJQKLBPTFI0cwTp9TkpmJMDZ5lhIHZuCGKiqcnbNKcsZq0jBWlefs3JyCAdyE63LXIHuX48BurKbKPbbmzF2KA/jfu9qZoXswQ49NyUJ00l54+wciOCwS5ZVkSmevcmPpX334Eze57RFZet/AYbz+8DO+fv8jvvruezx+cB9XJjux2JmOS13JuN4ejhste3CzOZAM2wOLBY4YTjTGTKYtJvZa4HCkBo6nGmMwRovua2Iq3ZQAb4S5XHPO0k8X2mC52A7z+y0I4mY4U2SPkzlWmMo0JZgbYSydoLbXBH2x+mjao47i3aqoCNJGXbgein0V0BhjhtYUR3Tl7UFvSz2OHR1BbU0jt6Z8oP8IWmrr0VJdg6aKSuyNiSSIJ6AwPQFFFAUZK5GfHs/dclDPSkJFXhoaynLpj26G21cvfRxHv85t7Xj75jVcW57A5eVZgtBJXL5+Gzdu3MaVSxdxYXkR184cw/JUKw63FRDQ8zDUXoiRQ10YO9KNY4NHcenSNcydOkmmOoCpthKcrE/DuY5sXKMG42pvAXoT7JBto4BYLQEyN1UkEmT3UhYeqCMDbzlhpOiJoNpaBsdjDDFDcTTEEMU2kiizk0WSNi9qbBXQHUwXQ4ABOv3IhnTF4Cm1C5b8m5GuI4T+3Tpo96LkyEcbyeqCaLRXwpFQIxykbDqOjH4gwor+bi44GGEOye2bIUKNq7LAdohv2whZMnMP6W2otRDDEL2+kO2K0/u9qNE35Ga3zyXoo85NDan0M09EmmEizhj3W6PxpD0Z9w/sxVKVHy6cKMO50/U4s1SL0/PVWFqoxsJiDRYX6rjvuaKi4j8HLwUD+Ccfy5r+fa01A/oXDOiffIYvPvuce45B/78zdXYM266V3TKgr1uzlgO6tJQUBHl3QVNZFZbGJnAiWEcFBCIiIADJ4eFIjYpGbkoq0qKjkRoZgbDdu5EQFIzStHQ05ueis7QILblZaMpMQXawD1K9HZDl64Da5HAcKSYwJe7BkZK9aEmLRoaPCwKtjGGuoQwzLVVY6WlTQ2sOO4Klk74WQuzMUZwUTRCh63N6Co/v3cObb7/jgsH8hw/f47vX33Iz4F8+f8FZ+yM65vG9+7hJML9y8TwlT6dwavYEFuZXiveMLn8H/ah5aIVMQy9iFpbxs/DZewhlZMAOQXlwTTsB7/QxnBmuwICfBTrlxQjoBHN1STQRXHIk+FBFht5KP1+BpTEs+LchVFoMRXLiuOMvjb8liuPPqQp46s2LOR85dCb7EmhD4OroitTkNGTs3YfSghLsS8/hgJ6Xk4fx8cMkF/2oqMznZjBXlWdBX1sNwgK8sLEwQW5WBspL8pGRmgB7KzPEhAfi5vUlAoornO3M4O1qDR+y+v1pMWgkmNdSgs/gXZ0XRxGD2sIENJWmoqYgERU5rLAMq/CViLq8WIy1puPmZBWeLDTim4s9eH9nHO/vjuF7ih/ujeLluYN4dqYbX13oxcPFLlw9SUl3bzk6qtJwcWmK+04bi/dBkwCuLrCKgoDLvwbadGtARs661tnkOF0CNZsEpyn4BQzE1sNcZguMxTfQ6+tgQnA3J5M3k97IGb30jlWQFVwDS00B+FrJI4CA7k/tgKWqACS3road1DZ464jD20yFzhdFBNoqcZPd7DRFKEQJ6MIUgjBX4oWmFA+kBNdBmxJ5LzM5+JjKEtSVuO763QR0bytleFkowdFEGQpk5KIM6MJrIS5CVi6wlluLLkFgV5bnh4eHObw8zWFlqYFgf2ozIh0REWxPfw+CeZwnkgnmiWwsPdCO4O2FGAJ7DIE+LsoesZFOdLzLymZVcxPcenN5Arg6g7go2bKYKJRFRaFEEUTw66Jzvqe1Do2NZWiqL0MrgZfVTh8l852nYDXUFw9TOzrcg15qr9PCQxHqbAF1NXn6XCFugxaxjxPRpHbtgj2B15XAGxEWhprqarTV12OWoDtH8F2izxoncJ+gmKXHJylOHz7MPb9A/9cC3T9JMf/xMQP2kbo6FCcnw9/enksWsoKDKclLJ8unBJUdMz2I+aEhrlR2cUYGvO3sYEkgXpn4pkq3ElxNdx1VOa6cK9s9jdV6V+NmtzNTV6VbeThrqXNgd1fXg6OmPLdkzZlNjqPPYt3wnKH3DY3DOzACZjZOCItLRP/gBM5dfYBnb37Fa7Zpx1s2lv6ebLcGDx6/wFeU+d+9ehpXRutwqSUCF+sCcLneF1fqd5NZu3Jd6bP7LDGSYIDxZDMcTzFHf5gmDoWr4UCQEkFGBQNk2IejtHEi2xInKWbIwE8X2mOpwIbuG2OWQD6Soo8Jgvkxuj2WYoDhvUYYIUs/lmqGPFcZJFiKI8xEAp5afPA3FECinTgKgoxQm+SJZrpYezta0drchobaGtSWlKKOora4GFUFBSihRiEnIQKFe2ORnxqDPIrc1GguCjLiUURQLyGol5JZsS73+BBPTA8fWhlH//oBLs4exI0Lp3F+8QTOLs1w+ySfu3Qdl67cxJ27j3DhzDxBahLzU/3cOHpPfRaO91Zi+lArLo134+6JQ7gxXIvzjdE4leOE3lB9TKbY43SRO0az3MjCTZDmpIsYfQmUOqigxEUDGTbqqAs0hZrgDuxYuxp8ZMi7FfhQbiaJbENRxCnzIlNPCPVOSmj11CBQa2AoxADHEyxxLMYW7a4ayDcQQTBl6w6i21FiKol6NzpmjxHKrGRQZCqFPj/6m2S40d/Ojv5G1hiJt0WJpx43AU6IZyMENm+A7K7NSDCSRo+7AoYpoZqIpeQr3xeXyvZgKc8XJ5JscD7XFeOR+siwVERPgCEu0u94rz2OYJ6Ar44WYSnHGWeOpGN5sQFLi3WYn6/CKWbn7HZ+ZUJRY2Pjfz7OTXb+6ceSpixWzJygTrerCOarPl2B+dovvvyHpf9XZs4sfyNl8pvWr8Uqes/6teuwedNmrGVbKO7cBT11TQ7qDpaWiAoMRGxICBJCQ5AcFoHMuDguMmKiUZFBJlhYiNaSYrQVFaM5bz/aCgtQk5KE7NAA7I8IQmsOwSQ5FJWxAWhKDUdeiDcKooPgQADXZeOCEhJQlpQmI1OEs4EurNUVYaIogxAbY+wL9UNPTTnOnpzBswcP8PWrF3j18gUB/Bln42x9OotH9BpbRvnwwT08uH+XzPwSFudP4f8g7D2gqkrSht25/zcznbvNYpakJCXnIEFyjpJByTmDCopkEQkq5pwzgqCigghmW21jtx3saOfWjvb09Mz0c9+9ceZ+/133+69r1dr7JM7xnF31vE/VW1Udhw9xcM8eBs8Nr5dfsemegLwPh4x+nLIHCCnpYdPWNFavq8d1/mqqWzdy+2g4nwxW0epgzBYjsXMB+gZTXVbYzmKxNL6rZ+uw1cWOCl83vDWnEDhVg2SxpCv7mnl6Zj2XigPYlj+P6vxkMedQ8nIKqF5ay7r2dRL4Xmb/nr1ULF7K0ooqVrW00qNkt3cfJEXs21T+30sW52I+y4DJE8eTEDOPRSUl1EuwlJWWSpCvtwQGOezauYnKimJCFaALzJPD/Niwcilr6kuGS0Op2HmJwD1fTZBrqZZSlS+Az+fg2gqudbfx9nmx8P4NfP3WIQF4Bz8/7ObZJ+f4+VEvv354hr99coaf3j7G0zuH+PbWPnneYb5/2Mut01u4enb/cIC0b6uYuYB8qsB6moBcrNt66gs4iHnbCsjtxb6V7Pa5Am87ZbralL+Kpb+M84w38DQSgCtz1JXpa/qj8Zj5GoHGY5lroIGJ/K1AJx3m+5qSIHVqvpLZ7jYLz9mTiNDXINZMk1BrA+aJKccrY+xuhoQ6ziDIbgZ+AnRPsyl4idF7mExgrrEGzmLWATaaBFpPEyBoEe6sR5i8NtJToOFihL3pVHVjGEOdsRjNGCs2/oa67KuB9lispf2ICnOi8+gmLl89Ib/XHlZIgLSwKI6ctACBeRRlhRLYZoaQL0UZP8/LDCRX7XKfJ1APITMtlGyB+4nu/ersFvPp07HVkaJCXdl4ZSLGhnJbWxNfJ1OaGyvZsbaRlpaVEpwtZHXTUgFxDSubmti3aa3aJd4v4FQA/G/Q7tnazlIJ+qLcXEmSOpsSFka22HGewHaNvK7r6FEuHDvGkJTzct4nQD8nRQH0mY4OzguA+88c5VxXF+fl9lDPEXX1twt9x0TgOqV9l0D3qDxHeb28ZpsEBdX5+eQnRVCTkUFbebFce3Uc2bGDQSVQkKJ8rp1r17AwIR5/Z2cV6C7qnHNLdW12O3MT5lia/mfc/N+JcS6W0gZYKxu5DI+th5kPr9+uwFwFvJh5nByD7K3505XbDzl5/jaHT17lxMBNLr31vrqf+YOPvuXz7//BZ8rqbmLpN27epufIAW5f6Oba3kqurUsSmMdxpTWKC8tDGBQgn6/x52yFp0DBk64iAXCBK/uy7AXeDmxOMGVDvDl75fahIjdOVQVxtS2eN+VvXGuLYrAhSDXyczV+dC+ey4klHnRXeAjAXdifZ8/ubFuOlLjSudCT1gRzSvwNKQ02Y4HALMxqIpliszWpPjSKBayVaHx7+0o2NNUIyGtZVS8/flWllKUsX7qIFUtKWZKXSnVxllqqijJZJqWqWMl0zaZ+YR6NYuiNS8TSBeorK6VUFfDjD8r+5z9wsWcDb/YdYvB0p9j6Gd66/TZ33/2Um3fe4e5bV3nz3FEuD3QxdGo3A8c2cH5bJZ+e3siNVcl8smchdzdmcHJRCNtzfShxn83SAGvWJHmwLiuQqnAH2hLc2KfYdZw1y8XClbHyY/m+nCz2J1oqqeao15nyxqsC11FEGUxkiZ81icaT1aS4UN3xRMh9CwT29V5G7E2y51iOG91ZHhyJteJAjCVF9hL5zppKQ6AFJwv92BRuSlugCc2+huxXIC1BQO/CEM6Wh1Mw15CZ40dLA6WB5riRYhXjSZQGYkO4CYdSnOgt8eOt1lTeXJHItcYF7E125XS+F9crw9gRacrqGAdOFbhxrz2dxxcO8vmZbdzfvpBTtREMdCyhv28lZ043cvJUA2f6mjjdNzx3d+vWrf+fAFbg/G+Y/z/d7M/t/L+Gga7Mu1Y2JlGOymP/NvT/CegvvvAiY0YrezuPE3BMRFtLW4X52DHjMDGchYmBIdpTp+Fgac28wACSY6JIjZFGKyWdsoxsKvLyWZSdw+pl1aypqqV5SSVVBcWsq6ljc8NyFex1eXKt5QgsJYgsjAliUXwIG6XSx0qQYGVgzGwdfYx19DCYrs3kUWPUuam+YhjOs2eqXZGxc+2oTIrm+NYN3Lp4nscfPuKLTz8RoH+kFmX8XLFy1c4fPeLRB++pyan3793h6uULnDnZw6F9e9kmZqOst6/8C1p0EfvMfuyzBlSge2Z3sLDhCLGlB3FI2seyujVcWT2HB8fzWKo5kU1GM9hqpMWqWboUG2pTpjOJ9bO0aTMzojTIR647XUJ0NGlfXAz/+IXHN/s5vn45CwW6C+IloFm6jPraBpoamyXweKTmpZzsOcWS8koWKRtdNC6js2uvmuFuI0GBtfz/y4ozmOtizzgJJqPCQ6iqqJAGvk4MvZjoiDAxtpVi57HEzAsk0NOJ2BAflqYnsK65glax89baAgnki1ndoDSwRQL0AlqfQ11Z6nXwcBOfXNrMs0en+ftnA/zzq2v8KiD/7ZM+fvu0n18+Os1vH5/hH5/189ujkzx72MnP9w/xkwL9907w5P3z6nd5/9Y15uiNxFqs207nNVzEht0FnLZi3dYCc1vNV9RiJ7atWPkceY6jCvjXpLyKn9lEXPVex0XO3Wa8irfhaIJMx+GtPwr32RoS3OkQ6aZHnEA33stYNfUIZ3089ccRZTSRQMNJeEkboIA+zkMB+yx5voFcQ1q4zZqAt9l0fC2m42+t7Do2U2CvI5Y/FZfZU/AQ2/e21sbHTg9zvbHoipnraY3ESCx9xvO557pi9jYC+qXFURLQ+rNjU7UE48c4engt9965zIP3brFlcyOLS6LFzKXdyJxHYfY8MfUIgXyEwD1YoB4qUI9Q13TPyQqX3/4g//j9d5y0tTHQ18NGgsU5EhAq50qXu7LIipOpDikSCO6R60jpLV3bWC6wLKelfrEE0Itpr69k07pG9m1sZrMYsLIjmjJu3ScWfVoAunvLFtXmT0kgq8B76EQ3AwMDarl44SQDR5WNro6rFt6nQlwA3tPNxYsCb3lcKUOnTzA01K/mnwwOnuT8+QE5nlAfu36qi/7uTi4J7I9Km7VTgoWVlZU01hTRLsH8Hrnv7O7dw+PpyufZsJqS7FRi3RzxtDFXs9RVcNtYi5UbC7TNh4FupQDcSIW9Yumhdpa42yhj6gb4KFAXK1fuV9ZxV54fZieWbqnPny7e+oALNz7g4s33ufnOZ+rmHQrM7z76mo+++VWF+oePv1G7mAf3r+CCWPllgfDl1kguN0eIVQapln1yoUCjxJnOYhe6it04mufMfgH5lgXm7E63oylMn12ZczhVHU7fykQuibFd31HMxfWZ9NSGc7U9iROVYoWL3DlY4MwOsfg9eXPYm+ckxZFNyZZsTrXioAQDPZWBLI+xIGOuNqlu2uQI9CrjnFiRG8TOxiwxGR/WVi5gc1WKNKh5rG1YTNMyZc3tMhrEvBsW5at2vqwwg6X5aeqxsiBdPVfgXr8wh+ViBssX57BCyXasr6CmLJXHH3+gVt6Lp3Yy1L2F/q4tnJQf85xycVx/oAL9zTff5NKZ/Vzo3kHf3ibeXJ/F9bZkCUbke6qNoa8xmQ4B5e6iUDZleLAr24sDhb70VkbQXxUp308CLZGutItld+W5C4znsiLclr0LbBlqSORotgu5c2aSYGdAoq2BmlVuO2m0Okc8etYk0gX4eQ6zSLKaSbJU4iLr6SxzmMyueAd2xNiyJcSUCkctXKaMoTnYkd1J7rR5GbApzIw6Oe5a4My+RAnCFjhwKNmeVBsdaZA0xCjGM1dLg0xrTQkWJlHtrEWRRPe7Eh24Uj2PBytjuVIVLsGHPR0pzlyqCOFkmgOHJaC4tDyOT04383n/Jmkkb/LDjTPc3VbB6fWpnDlRS/fJKnpOVdPdW8WxniXqd7xPKuX/ydD/u6X/dzt/Rez8VYH5q8+Broyl//cxdGUFuP8k0yld7C+9xChlDeepUzHUNxCIWKGrrcPoESOZqauLhbEJhrozMBWo25mZkxwdTWSAvwA9jqzEBZRkZpOZMF/ArqzfvZQVi5ewOLeQ2pKFAvcaWhZL47NoIU3FeSwTS19dls06CRjrcpIIcXXB1syOZUsaWVnTjIejB1PHjBXAz8LGUJ8gWxNpkI2xnalNjIsttWmxdGxo5a2LA3zx8Yd8p+wr8O3XfP74Mx5/9pna5a6MnStQV4B+760bXOjv5eCOjWxb28yhnZvZuKZVncf+4Re/CMTPYZcphi4wd8g8h3PyIWraO/GMqSMkdzed67K5vS2QN3fn0CwmvtFIh/UC8gYTPYrnOpKoPYkiua9kjg0pcrs80Jv6lHge3r6hLhB0oucYORkpAvRS6iS4WV6/nBUNTbSuXMXd23d5cP8+x7t6iImKJSLUn1072jl+dA9Hj+5kyiQNduxolYZdh9mGukwcN5qUxHhql1XS2lBPhQA9PiqcrZvWiKm7ER7oQbi3M/Mj/GmuLWXjqmWsqMyVOp/FimW5tNQWCtwLWVVXpI6rb1hRxo0zm/nlgxP8TaD9x5Nr8P1balGA/vvjcwL4fjH0k/zt49P84/FZ/vHpaf72/nF+efsAv77fxS/vHBve2ObTj9RubXstsW7NF7EXWEc4apOk2LTAN8hWExeDkdir4+qviZULzLUE5tpKV/wruArAPZT56QZvqEvDus4cgYOYvpoJP3uM2PsYwsXQo1wNiXIxIGbuMNgTfc1VA/eYOVaCqUm4a2uo4+WRc/QFGEZEuugTbK+L33OQK8/1tdAiwHYGXlba2Ir9z5o+AiNNpYxEb5rUg/EvMm2CsnXrKGZOHy1wH4mO3D9TaxRG8j6VCxMFWCkiSTmc7tnG+paFDJ47xGdfS4D55Av2Hdos4A4iPyOEktxQtfu9IDOU3HQx9qwINTEuOytEnhOhGrq6sJGnJ05i6aa6msyZOR0bo+nMnq0pv72mCvZQb1t2rZXrprGe1YsW0SSW3qTsobCojBY5ttRVs3p1nQR39Wxcv57DAlElgfSktCEnxNiVbHN1LFuAfOfKaQGxgLn3lGrfg6cOM3DoEGePdXCh4xAD57q5erZXgH6Wy5d7uXTplDqNcmioT153Ws5PyfGcPCZt/sXTXLnSx+DACQkQjqubYA11HqBXAoNT27ern+GQsmKc0oWvGLpA/axAfcPqNpIXJBDh44PnHEcBuQEW5qZqt/occyOxc8PnULdUE+EUK/e0Gwa9p5rdbo2XrZLxbqt2tSu2Hq1txILpevzp6t2PuX7/U97/TFkE5mceffED7372lHc+ecKDj5UFY57x4O13efPkdi4KdC+1zONSc7gK8wsNwaqVHy104FixE91lHhwSCB8UmCtla5IVW5QkqQU2rImzoLc2mrt7y7nb0cC7p1bxsKeJG/vKubazjLOrUumpm8fhMi+OLvanNd6aqjATqoKNWD3fSuAukM92YGuGLfsF6lvEOjN9jEjxMWGe80yiXfVZIBf4wgXe5EfOYVm6D8vTPeloSuVIq7KkYz4rxbjry8TCJepfnLVABXhFbopq68qxIjdZ4K6Yexq1pRlqqV8oDcLSIqpKUsS6h8fJ7l/v5Xz3Ono7JCI8fowuZRz8xAkuDV3krJwPdh7i+NpKFdx7s+QzFHhzpiKYC00JYtpubE5yoCXCkkIPQ/LczdkUb8sBxXZL/Tlb6i1Wa8sGsen2eZYcLgjk8MJI9uYGcqxEGrAkV1IdDTCeMEZMfQSJjsasjndjru4kzMa/Qa6HFUnWuuwqiibbzQy3aaPE3CdS5qBFrdsMVrjrstBBGpjpY0mTSH2zBA7VHvqsCzGjOXA2baGWYtbmbI0wFqA7sSraGT+9iVhMGkPAjHHkWE4hQQIHJbmu0lVeH2NNb7Ef95tiuaNYugRsh9PceNC8gPNl/lwQsN/bmM7tzRX8+ugyzz65zj+efsy3l7u5fbCWHoFFZ085R7vLBeYVdHQPA/2YRNP/I9D/67/+k8mulBf/8r+D/L8D/c//LztXs+Gfj6sr09PGCUAnKVauqYW5qRlmJqZoTdMUQ9HBVuBuaWyqLv1qZ2HFHCtbQqQSJobPIy85VUC+gOL0bJKiY1mcky/XTRntNY3UlpWztn4FbUsrWbuslhWlJTQV5bKyIIONi/NYmZeEj70tziY2OJk5sbJlO72dZ/F19RFLn0GQs6tUVktS/eYy18SQOWLGCW421KVE0dG+ghsC6a8+fsTTb7/i6ZNv1fLD90/4+acf+P7JEwk8P+b2tcv07NvKxtqF1OUmsDgtitZlJeqsDvX7Hfoch6x+7DLOqjB3yBzAL383+bVi1FIfdq4p5d2ueD7qW8KDrjrWGGipY+jrjbSpdbAk29OFSN3ppJjPpqUwh8/ef8ijB3f527OfePedeyyvrSEvU4LmimqW1zWKla9kxfIm6utWqIZ+5dI1Lg5dJjkpiVlGBmRnzufAwS10HdvLihWVjB87iqbllejPnCaB1XSmTBhHVmoyzfW1rKyrIzkmWm7PZ1XTcoJ8XIjzcyMl2Fs+u8CmaSkbmyvl/yrfeXWeCvOVipULzNsbSsX2asSsNvHsozP865uL/PH0KjyRIOQbgfrTm/z84Wl+/0wA/nk/P73fI3DvlyLP/UyA/mE3f3/Uxa/vdfGvX7/lpx+eEuNqIpb9Og4CZ1vtl1Sge80eKzCeSKS9Fqle+mQHWhEkdcdJgbnA00lbsfQRuOuNEnCPUq3cU19eZzDieXLcawK5l/ExGivPGUGw5VQi7GcS5WwodqaLv+U0gfR0/Cw1cRKrnitGHao3TYW6nc5o3GdNFpBrE+6gp3arB0lgHiLnvsre6ebTcTSegu7ElzGcPkpA/gaaAvHpyjQ5jZeZJkVr0kvoSPChNfFV1dL15DObGExgSXkSW1YvpK02na3tZXQfXUvvqa3cvj/E979+w4171yjOD6M0d54AXQAucC/KkvqSPo9csfKCnDAy0wLUNd5z0obH0QsLktVFYSzk2rIXMZmlo61muOvr6eFsOBUHgdielStpXyVAX55HY1mZup76ioJUKouKWCJQb5bbq6pLaWlpoXtzK+vXr2b31s2qrSt2rHSnDx0+wbmz3fSf6ufMqRMM9vQwqHSZnzrFwOkuzgz2cOVMh8D7jEC7S2DeK8A+I+A+J9frIHeuD3L98gVuXTrLzWuXuHNV7pfHLgnYb104pRr7lSEx/TPH5L0OMijWf0HpypegQukx6Femnirj8UcOsHvjRtqqqylMSFAXu/GyNhy2cQsxdku94SQ4K318BdZKgpy/HMOVrWjtjPC3sZNryU6di66Mm4ebGxA10YjU17T507nL9xm89jYfffWMD7/8WSL3H/ngc6mUn33PvUdf8fajz6QB6eTShmzebI/j6qoorq+K5lJTGAO1/lxqDOXSijB6Krzoqwnh+GJvjpZ4sCPdgY0C4tUx5jSEm7Ah3ZUL63OlcWjk4Zm13Dm1lssHGundUcelfU086l3Nl4NSTtVwZ2cufS3zWS1AKfU1oMhTj5rQ2axPtqM90ZI9Be5syHCiJtaOqgQnWvP8aMjyoioriIrUAAG6M3lh9iyKc6M6xZ0zGwvEkhJpKE1lxcJ06oqSyYkPoTA5moWZCSwSuJcrm2hkJ6mQX5qfIsauwD2FmpJ06stzxcbC6D2yQ70Av/zobS4f38aFkxJ1nT5B/8kuzncd4NDq5WyXBqSztZxDi6LYkOjEltQ57M50Z1+hnwQlfqyLs6HJX1/MVqA934kFdrqsibRioCKAN1fEc21tIclupsRJRN0ksN2eGyyvC2KXfH+HM13oEuvdGGpKiaMuC6RipkmFrvY0UjPSi31tyXKzpCLYlb2FsSwPtqLC3YjKOdqU209jyRwdFtpNpcBmOgH6U/DSncjWBZ6si3JisRj3cn8Tlgn0m7312RJhzt4kZ5rD5GISoBtpjMJh6hiiDDWIkgYk0WAsyyUQ2ChBR0eGGzcaYrmxXCx9sS+XSlw5lTOHG40Jcr/8nxoieLirhM8G9/DH37/jtx8e8/uPX/HF0GEu71xC55EyDnUt4kj3Yrp6KtXvuLe39/+Yjf7v7nalvCxA/zfEX3l+rsBcOSqPKwD/7/PXFUtXzHz8uHFMnTJV7WJXEuDMTMykYZmFltw3a6aeuu2hsZi5s50jfu6e2Avgfd2Uec7hzJ8XRYnAPCsxhYTwaPJTlF6eUlYL0NfVr+TA+k3sbGmlvaqa2vwC6gtyaF9YyOqiTHIjgpg+biKupo7MtfOlqno9CZGpGGrOwMfRiVCPuWJfrizwdCTaWSJxewtyfB1oz5tP79Z2bg+e5UsB+g8C9J+/f6oOBf3y849qefrNlzy88yZD3Yfp2bqKPcvL2FSRxobKHPata+Lo3l3D67dvvicQ78deGUMXmDtl9OOTsY+2tdIIHanl/XPL+XhoOZ9eaKBrZQpthjPUBWXWmxpS7OJAlpMdueazWOQzl3tXLz3f4/p7DuzbJSaWxdJFlTTWNoqVr1BB3rRipZwP31aA3tq8Ch9vT9yc7fAQu6+uWsihw9vo6txD0oJoxo16lW1b2nB0sEBPrG3aZA0KstJpqq1mRU0VkUF+8vcrKc5JwXeuPXEC9fkh3kSFeNBYVciWFmV9iQKx9QIal+WJreewpW0Zx3Y08cmtDp590MOvH/aIhZ/m53eO8rOA+xcpf//iIk/fFYh/KkAXqH//9nH+/rli62f44/M+/v7hKX6T8sffnqh7nRfPD8R26gsCoNdVQ7ea+md1KVdvUyWx7Q1CrSYTbjOVFI/ZZPhbSmBmQKD5NDwF9m568hy98XgZaeBjPFHAPkaAPl6OY/E0GM3cGQrgR+Ep0PcS6AeLaYdY6RBooYmX8QS1W99hxiicDcbhPFNepzOGoJmTcJwyAnsBtY2mBAsm0yQ41CLMUY9QB30V6h4WOhiIdU8c/WeB96sC8leZMu4FMfOX1SVip2m8KDB/BV1l29RJrzNz2kjV2K0lCHC3n8GapmL5brPZ0FLA0QMt9J87yE/Pvuazbx5xXqBWmhtOaX4URTkx5Iud56QGqYaeLdaemxlGTpayklwEmakR6nWjQNhWAD57xgxs9SarZq6vr4f9lCkC+Kk4zZxBVWkBa1cr6yjU0lKxkIaCAloz0lkhwaRi6a01ZawrL6d52TK21pSzUYx+x6bhxV2Urm5ljHyg55Tavd7fLVA/0c3g+R6x8Q4u9fWqML7Ue0TtSle61S+Izd89q4BdsfUL3LiizGjqF8hfUiH/4GqfCvzbV/q5IdZ++dJFtRtfed2ZoZMMnjjMeQkWLgrEzz8fcz/X2Sn394gMHpbPcJgzAvqdW7dSW1JCgp8fYU72KqB9ra1UM3eXooB8rrUF/sqOcXY2BAjcvQToPpbDdh5mZkHYmBlET5pJ6usz+dO+I6e5ducRj77+hY+Utde/fMajL3/i4cffcPPWLS50bxeY53KhOZLLrfO42hrJQH0gF1aEcqUtkoe7c3l3bxF3NqUxtCKKU5UBHCxwY2uqE+0JNjRHmasw3pQbwFtHm7l7Yh19+1bQuaWW41ubOb69iYGtlbx/spmHx+sY3LeUq7sWcXPvQq5KEHFsWSR1kWKzYpYroi3E1m1ZlWDFxnRHFgXMZmWSI8fECjtq53GqPZ0l6QFUSVRYImZZHO3C4kQvDq3MorYgjkWZMZRlxMoxXiAeT8hcO0rSYqXEUZo+DPaK3CQBe4Ic54u5KxYvYC/NIjUmkNX1Jfz26zN+++UnaTC3M3hqv0Rfqzmzq4XDLWV01aUJyMPYketNS9gs1kabsTXWgr0pDnQVerMx2k7OHVkVaq6abV95MNWRbjTHOdM2z5rbG4p5e0sFA6vzyPCxY6GvDe0S3eZ4mJDrYkyJsx4VLjPYEG5BlYsurX6zWeNvxFb5HnaFmrBNQK+MnTf4W7M5wYt8G035DM5UOmmyUIBeLA1LjqkGmWYaeOuMw1VvKlUB1lTNncFi1xnU+puyzEWH5V4GtASZsj7Kljw7aUD0J2Ew7g0sJ43CV2ssuRJslNhpUyOfoc59JjuirTlV5Mu5sgCulAvQF3pwpsCF8+UhnF0UxOX6KPqrwulvyeLHj67zx29P+f3ZU76/P8BH3eu4Iv/fjk2ZAvOlanLcjwJ8JdHwf0pk+9/Gz/+dCPfnYZC/LPB+Vdld7K8v8cYLw9uHDk9z+1+8IkY+beo0pk2bhqY0IDo6OtJ4zGK6nE8US58t58OZ7VMwlqPlbGPsrG1wm+OMi60DduYWavdgUmQ0C6KksUrNICVuAfOj4pkfGUtuUppYQgObmlrY2tzGxoYmGsTWy9KzWF5UQF1WGktSErEwmIW9zVyMjeyxMnHFxswRS0MLzPWNCfPyJNrHg1hvN/Ij/Am0NSXa0ZLKcHd2Lcrg8pFdfHDrKt8+/oQfv/uan558xw9y/P7J1/zwVGz96y/UjW4+vH+LD25fYejYdk7vbmXgyDZOHN7LnZtvDs8/X3RaBbljxjkp/bhmdNO5fwf3+9r5YLCJDwfq+WhgGR+fK6cywQ2/yRPI1ZlCpsVs8iICachIYmv5Qi6d7OaZ1IfLFwZZsqiE4rxc6qvrWbWyjX0796rgVuz834a+YvlKQoJCGTdWzNNN/t9mRkSF+6tLax7r2EV3936cHG1oaaomJjJQHUe3tpyFkb4WiwqyaahaSk1lhQQNaaxuWc68QA9c7c3xkboc7u/MgmgBfWUuW1dVs31dHetXVtBWU8TaxoX07FvFuxf38uWbO/nu5i7eP9PIW0cqeXiinnuddXx8fgNPlIz2hz38JjBXuuO/f0eM/NM+/vVFP39I+fWDXv7x/fBqhmtqy1Qzd9R+SR3/dtN7VY5i1jrKuu0a+JqMkzKKWBdtsSlNIh1nEu9sQG6gOTkhNqT4mpHkYareF+2kRYDphOdA1xBbHyNlBN5GI/EQQw+cpUGQ2RT8zSYzV869zabiI+fKHHNnw9ECdQ0cdMYKBF/DdYrYvvZIHATKVlNfE6hPwVeMPshGG28TZZ30EUwe+Rd17/Uxb/yZsXKcPO4ltCa/JnB/WbVy5XyqHDXGvMjMqW9gqqeBrbQt0f42VBXFsLm1jI59LZzr3ca1q738/q/fePLLd+zetZ6FOREUZwdTmB0qUA8TmAeSI+1yfnY4WYqdpwQPG3vGMNCVJEgDg5nYTZ0k9UATR90JmCs7sOlPxlZ3GuYGBmQmJbJt/So2blxGW91SmhbnUFGcx+K0eazMSqY2K4nWYgk0lixhc/USWprr2LVZWKMkgSqJckeOqDugDQjQLxw6xJACVgH6lbNnudbXzaXTp7ne1ymidlgdW78usnHpkjJ2PiTH0+rqoLcE4JcvX+aeAF0B+73Lp7lyYYA35X4F5grgLwnMLwzI3zt+jD7F/s91D3fty33nTx/l3NmjXO45xoAEEhfOHOWkfBZl6t2a+nrSk2MIdHXFQ0CtLO+qJMZ5qAly+oTZWwrAFbgbqVPWAmyt1a72oMkzCHxRg8iXNQh7ZRp/+vDzp8Nrrn/7jI+/Eah/+ePwVqnvPWKwexfn1qTR3xjOoAD8fGMwfXX+XBNDf3tnNu8dXcjjvka+Pt/Kh8eWcW9rNhea4jhY6MWGBfZimOYs9NajKtSMzfmhvNW9nrv9u7jStZGuTfVsU6aPLM2iKjuM/PnKlKBQKeHkLIhgZ3sVu2qT2VEWzM6SAHIE6DleegJ3C2ojzVi9wI4V851ZI8Z6qiaE8y0xDKxLYndtAmUJ7lTLBVQc46Ya++a6DJblxlGWFk1BUhR58yPFziPxtJ1NUYrYVdI89bZyXpoeL9Yep0JdLTnzWVqURvWibOKCXfj2y8fqRTioRKa7GulsTGd/SQgtAr+NmUFsKk1kVbQDO8Ru26NsWBlsSmOgCaeyxNYXzOV4nhcXxFz35XgxWBPNlbVFNCX4EGczQ2xdjyNlUdxsied0mRebQ/VYH25GgdMMgmZNE6MeT6jeBCrmGlPoYsCGGEfWx8yhXb7j3aHG7BarrpyjK7DVYWOCJ82hNsRItJ9nOZV0s4mkm2ioJU3OA2eMYc7UUUQYTmChNCbF9lrUeBqwVAKGChc9lsw1JE2MIM5Ek0CDKehrjGTWhJHq7mvLJGBIN53CIpvJ5FtOZqX3TLZFmLI/0YbByiguV8UwWObH+UUBDC0NZmBpKP2VERLszeNh50q+vCOm8/M3/PTollw3q7izsZTry5MZOFwuZl7FB+8PcP369f8R6P/1fNxcSYJ76XkZNvPhMkJArpTX//ICf1Wmtf31z2rSm+a06WrXujIlbfrU6YwfP55xYulTxAQmTpyMlpi6ljw+ecJE9LS0sBCgO9nZ42zvIBbojpPA3WOOC+F+AcSHz2NhboE0NGkE+QYQ5BNAhH8w9aWL2dW2jj2r19O4sJzGssUUJiZRkZ7OsoxUQlznqslv5oZmmM40Vrcz9bR3lkrshIeNLZmRoaTNCyHO31u19ChnSwlcHdmQFcHRmkKudx/i8XsP+P6rL/jx228E4F/x7eePefLN1+qeA0p5+t03PPnqMZ++d4/bYhh3LpzgzpXz3Lh8iSfffacOrfnmniR+USdpSzqJLemkvv047wyu59LBSvq3lwrsyvnwbBnv9ZYQ62CMi8Z4PCePpzg8kFtXL/K3X36GP/6lJuQ1NdSROj+JmqVVNC9vZsOaDdx68yYfvv+Ide3rVZi3rWymdlk1piYmvPbKq0yaIPDynMMsA13mJ4Rz8MAWujt309Gxk/HjRlNeloO3u4P8ZhPx8XHDxkqu+ew0li+rVLvdG6vLWbowF19nazycrHG1M5HfZQ6Lpa6ulO9pY2slOzc0sGfTCvZvbpTv4BC/P73Ds8f9fHl1A3cOL2ZgYxYHqyI4XD2P7uYF9G0q4MHpdr566zA/vdfDk/uH+fFht9rl/q8vB/jHJ2f47fPh6aunDm0h0EQ+26xxBFlMJthqggB7GlFSl3xNx+FvMgbf2WMJspwoMJd65G5AhNSxSHsdkt1mk+1tSqbPLNI89MgXwGf6GMr9mkRYTCDYVP6ewDvEfBJhFpMIkL8TYDwOH8PxuOuPxkrzVWZPfhnz6a9hNuUlzCa9iKPOCBy0xMqnvI61xgs4yeOeWiOZK5btrDkS26kjcZkxXjX3GWLhE0f8BQ0B+WgB+rhRL4ihv4jWpFfQnvyK2PnraInlj3xdnjPmBTHn8djOno6PszFFaX5sXV1KpwLz03u5J3X5wYPL/POPv/Ps7z+xvr2Bsux5lAnIC7ME6pnBFEi7mJcZQlaqmLm8PictmPyMcIF6GO89vMu7925K8KyJhbG2vI+2erSR2+bGWlirY+k6eM91ZsPataxfv5Z1zVU0LSthdXY2BVJXiuf5kBzuSGZQICsLC2mqqKB9eQMHNq+hY+dOdQxdAfo5xZZPHRJDFnM+sZ/LQ11cEnO+1HeMty92yvkhBnuO0n9cAXEXFwT4g2LcF/vOqgszXReQ37t8hqtXz6qLNF271if1akBNmFOT7E6dem74PfQr3e4HD0oQcYTLZ+Vc3uOKXIOK/Q/29XD83FnOSDDR1yfm3t0lwWwHG9raSElMJNxZ2gNrY4G6kuluhLO5Hi5Ws+S2zfOFZmyGx851bZg/ToeokRokjJpIyp+m8CcF3o8+f8In3/wqQJfy1U+8/+nXw/OrN+bTvyKSc40RqqEPLI/g4sp53N2WxUc9dTweWM2XlzdLBdnON5e38+GpJq6vz+BoqR/rFziwMsZGgG7IIj8DNmd6c3FnNV/cOs5bvZs50FpKfpw34e7WeM2xQldHi9dfe5UxY8cxetQoJo0bi5mhLgH2hpRH2VO/wIVEgVicsrmIrxFV4SZUhFnQlDyHrqpAji7x42RTLCdaUsXOnViW7MHCOCdK5ntSX5JAcVKoBA0h5CZGkB0fLiWMSF8XIv3nkpEYpgYTBUmRUuapQP9PyRJzF0uvkYgwLcaH6xf71Ar9Vt9h1uUEsL8yiZ0LYzlUIe9dk0iClY4A2IDjuR5cqQ3lwdp0MWZLzi2Zx83V2ezMC+f+1gourClgc4pYV6aSEBdEc7glea6z8NEdTZjRFNJtJYAxn8wKHwO2xNqSbDuDUFNtwsz0yLE1kNf5caGtjAurF7Iz3olmVx1WCVjX+c8iz1aTVTFz2ZbiT5GLEfEG48iWv5VjLpYlDUaKQD1S7vPWGUOwRN7Z1pqkWk6nUBqcLKtppFtrkybPD5AAIs5UC++ZEzGYMIqZYul+Urn9DafjJ6/Nt5pMouFYef1kqr10aZH3P5Y9l8GqWAbFzE/nOnNxaQD9Rd6qqZ8oDeLk0gg+6VnFD2+f57fvPuLDnk3cXF/E3bZM+tYkc7Z3ER89Ose9e/f+fw39BSnK2Lli5yrUxcZfU6ar/WUY6iNffIkXFYsXoGuMH4uRRPrmZmbYCpiVsXITYxN1Rz8DPX1mGRphYWbBTN0Z6vi5ktnubG+PrVi5vaU1zgJ2M8NZapnr6Ex0iBJ8JgvYown09MPZdo5A3Z8VFVXsXL2Blqp6GuV8hUB9qRh6fX4hBXGJUjmtsTEywX+OG6EC94ywCBpys0kNDiAt1J+y+XESAMQQLYY+39uZRDc7CV79Obw0g4Htrbx37SLffvox33/9tVq+efyY7774gu+/Gx5HV4qSKPft44/4+N6bPLx+nk/euc3bt2+ISVwcTuL67EMunNjFw8G1fDC0hvcvrOdm7xqOrlvC6S1FvNW1iHdOlnJiSwmZqQ3EzwmRAM6YVHsz+g/uFZD/wS9i5Xt3bCU5PpbCvLxhaDe3sW3Tdt65+zbPnv2iJudt2bSZ1pWtlJWUoS/f8+uvv8Zrr76E/gxtPNxs0dfVpLQkg16loZVGdNWqBiZPHEt7WxWOtmboak5hyqRx0qjPZOmiMgF6HU01taxeWUtucrQA3QZLY12xdBMxvyiqy3PF0HNYvbxMNfTj+9r5+HYv//z+Hv/620P+9cNNnr3XyQdnV9HRGM+GQl+aMzxZke7DpvJIBvdV8umb+/ji5j4B+35+evc4//j0LP/8ok9gPjy08Paty6R6GzNfyTpXElRdZwjItUnx0ifN15BEd2lk52ipO6v5i3VHOmkSN3cmMRIsxznPJMvbgnQJmJNddEl0lMfE3tPc9cj11iVzrgQ49tOIs59KgtTHRHttYm0kULCeQoyNJl5i7srysPrj/yL18QV0Rv8Z/XF/wXLyq1iLVVtOeEmOrwq4R+Aq9ddzpobU2XG462rgpDUOUyXxTV6jAH3CiL8y9vU/q2CfrvEyxvK8OTYzCfaywsvFlFA/Z/LSIli9opjaRQvY0FLMyY7VDIiVXxk6yhdfPuTJD4/5/qfv+Bf/5Nfff2ZNWyVFAu/CDGW1vkAKlN3VBNx56QrU/cXUg8lIUZaADVGXgO05vo9f5VqyN9HGdLYWtrM01fnoSna7vcDc7vl5qP0sWusq2LNhg5QV7Fy1iPbiQjH0BPKjPUiPdiHTy43qjFhaV6xg75Y2dYU2ZR75+Z4DDAnQlelpQ2c6JBDpFCALwAcOCcSPM6TYslx7l6VNv9C7n4u9e9Vu8ov9XWqi2+CgkvXeP2zgYub3r/ZxRUz936svKo9dvKh02+9XwX2m96T6XoMCdKVcFAu/cKpDAolOTp8Rrvae4Fz/aU4PDnJObg/1y/NPC+TlM7bVryEpOZlIgbrS3a5soRpia6Fu0qLstBZsM1vtll+gp0fshJkkvyJyNmY8yf/XJHxfFkNXNlN59FjZBvVHKT/z7oefc2vgJL0tSXQu9ePs8nmcbZhH15JAOsv9uLIuhdsHlnD3+Are6VvLx5d38uWtg3x1Yz+fX9zGzd3lHC8Xq85yYWvGXNamuNISZ8POTBe6a+K4c3QF90+2016xAC97I2yM9cSSxjNhotiToSmjx05g8ngNbKVBnTRpPC42RoQ4GJEXZCkNi4H8Z7QF7LosDDKmNGAWGe4z2ZLjyuHFPnTWhHOgKoq2vEDqBJbL09ypS/OkMN6DwvkSHcb5khMfKD++NJ5RcoHNn4ebrTHJ0f5kxISokM9fECGWHiMwj6U0I5qF2XLMiWdJcQqL8+LZu3l4JbPP7l7mUFk4fbUxdOR5crklg486GtkigC4PsmfDfHce7SzjEyXxa9E8miPsuL02ja3Z/rQmenFzTTbb073UKWor5znSLCbfFOnE5jhLKrwM8DGYiuXEYbgfyvaRIClcIuxplIe5UDTXgl25wVxpyaK3JoO++gyqHKbROEeTOiX73Ha6vG4SK+a5UCpBUJay25rZeAoEvDkWE8mxnkqS+RRijScSLyVRbFtZqz129kRiTaaqS8hGGE8jWmAeIpXKespoDDRGSRmN9yypdNOlYZg0Cvspo7CaOhp3nfEU2WvSIJ97Q6gpZxaH0b8ohL4SH84t9KY7zZmjSfZcqE9gsCaSS8vn8+6epXxxpYPPLx3jHQkcrzbEc7E9lf6+Gh49GuL999//Pxq6Ok3tz/+28xf+Y+gjXniRN/76gnpUgD7qlVcYN3IkkydNVGFtpGSriwmbiH3bKisxzXHGQdnByG0unu4eWArArczMcbF3FGswwVRAP0cetzY1x1iApD15KuZGs4kJloAwIISkqEQCvQJwtHIiyMNPrpd8tratpa5sKWWpuZRn5lNTUERu3ALSIqJYkjyfZekpbKwsZ/fyWvY21rCtahFF8ZGkhgWyOCmORD9P0oP9BQ7uLI3w5GBZAr2t5Vw9tofPHtzn6ReKnX+nAv1bOX8q1v3D0++lPOH7J9/yo0D9288+4l1pgO4NneT9eze4o+wQePuWeu1+dV+A1l8tpYYPB1dKHV7HlSPl9GxdTNXCak7tXEpuRi3Gc9Zh7rKZtOAY2ksKOXNgLz8++U6dBleQk8WCuDhqK6sF5K20tbSxqnU12zdv57dff+Wbb77h4uBF9uzcg4+nr0B5EmPHjubVV18RQxfomMv36mCBvs40sfgGBvqP0X/6CFmZiaqdDw50ET3PF13tybzx2iuMeOM1vNxcKS8tp7xkodhaE35z7Zg1Yyq2FoaESGBekJWojp831xTRXFukbo70+J3z/O2r6wL02/zx6wP+eHafP765wBfXd9G3Pp+mdE8xotk4muiRFOzKqe1V3O/bxAcXtki7tp+fHwrQP5aA4Kurw2u0S6CUFTSL+QLkJLcZpHroC9h1iHeeRryLttwvwbGPNtEC8XB7XYH5TGJddQXo8jwvI2KdtUkSeCuvjbVVID2ZMNPxzHfUIcdTjyIJCLI9tCn0M6LQR1lvQ1+KIalzdEmV58RbSd0Uc3fWeh0nnVGYi1EbipHbaI3ARW8cbvoaOGiPUsfXlex2b3NNfJUxe5NpWGmNRUdMfNqYvzBNjhPEzmdOGUlKjAeNS9LY2b6Yrn3NnDnWTu/hNk4cXMXlc3t5U0DVc6iRk0dW0N+7iYcPh/j+x4/48dlXPPv9J4H5P1D2Sfz2+6+oq8ymSKBdLCAvyAwXmPurpq4c89P9yErykWsrhLysYNXae59v0hLibqNC3dZomvwW2uo4urEYuoPYuoO0QXMtReAyYzi4eTOHtmyhvV0YsryKlsoSqrITKUwJpWi+H/WZGexoK+f8tm3DC8E8X3hGWdhlQMrZ08r8c7nd06lu4TzQKeZ8ZheXBOr9ZzrV7vgLR/arx3O9R7kmgL7Ye1jdzvdNMfihoXNqBvwdsfTrasLcEJduKPd1c+nyCXnucS6KbV9Q568f5uSxQyrU++TvDR49wFmxdcXilcS7q1evql36V65cUYcYz5w+zR55bn1tLakpKRIAOgvvZuNpN7wkrDIX3c/MFH8TE/zGjMFTSsjr40h4ZSTzxk0n6o1RiqE/4UMB+jsPHvKmRCSDW0o5XhfL0fJAupcF0dcYxem6SDrkdldlMGdWpQiQV0tUv5v3rx3j/qUj3Onbwa3uNdztauXG3hq6loaJycdzsMCLLWkuHCn1Z0CCgv76CM6vSuPK7koWLfDEQ2CtPWkCY0aPYZREGeM1JjJezHzciBFM1RiHp4MpDdlBlITbsiTGgVVZHqzK9SXd04CqSGt16tp8AUm2+wzaFtizq8STvUtC2VQSRnOmD3VJblQlzaU40ZPMee4CcW9SlO6ZCG8WhHkJxAMlwrdkQaSfNMzSgMYGkSmlICmCkvRIAXoUpXIRFWfFUJYbL6aewJqGEn599jPPnnxJV7EPZyvDGVgSwHt7FvGtfA83t5ZJhbZmW6FY+6J4HneuZHt2JM2xDhS7GtJZ4M1CL2MqAy24sjKZExXzON2QzC75nvIdZxBvMp1aqfjrY8zw0pJoXMDZFuXEqSWxxNnqE2ohxp4XR7m8x678UI4vSeLG+nK2JsyhXCp7qc0UFhhPwF7pTp85mmW+FpSIsZdZTaFIHk8TY0iUx5NMJ5JkNoVI/bGEGmrgqqlkysp3PkMDFzl3njaSOZrjVWCbTBzFbAku5upPxXjKWPQnjkFrzGtMV8vrGE0YQYqdDpm22lRK47UmyEjN2u9bFMq2KBOOpThyLMGciw0J3FybwTWx8Wst6TzYWsgnJ7fKd1fDldpITi4L48SpKh6+d47HYp7/E9DV5V6V7PY//+V5dvtfef2FYYiPEJiPVGCuzC1/5VXGvPo60yZOQnPSZAz1ZuJo74CNlbWa0W5vrWSxG2MtlcR7rjtzXVxwdnRSi7IynL2FlQBjJuazZqlA152upU5nM9EzIDoohHDfQIIE5v7uftia2eLn7kNmYgrVpRVij5nEh8g1lJZNSWYuyfOiKRObXV9eKBBfRue6Njram+lcu5KtNUtZEBRAYmAAJTGhFM4LYoHAvCzci61ZERyvyeH81iYeDPbx5Qcf8MPXAu1vn6hFAflPP/z4n/Ls51/4+cef+EGA//n7b/Peras8eOs6t65e4YN331Ubz48vrhaQN/Lowio+vrKRRwO17GiuIiCkBTvftZg4tGDotBEL770kZHWp+9X/8x+/8/WXX9BQs4zo8DAWFS+kramZ1W2rpawRmK+iVQx9y6atvPP2OyrQe7tPERIUzJiRIxg/ZpRA+XVeefkltcvdwcYYMxN95ophHz60mb4zR6SxPYiLkxWdR7fz3TefcP3aACWFaUybPI4REgiMHfE6ZkaziImYx9rWBmbra2FiqIuftyuZybEU5yZRX6FsmlLKmuUL2bO+jksntvC5CMdPSlb6d1fgb/fleJkf7h/h5pEGMkPmMEeuCevZs/Cwns3B9kVc71nF2wPreXx9Nz++fYTfHslr//YtP//wlMWx7mLPk8WeJxFpPZ4wy4lqt/g8q4mEW08i2nG62vUeO0dbjtqk+tuSHW5HdoQzCzwlEHTUJUqsfJ5YeJSdJhFWEkCbTCLURIMEu2kq0JfNM6U6yoryYGNq5pnTlGAjt+0o8jEj11WPZGtNYuV14aYCdwnWlUx4LwnGPWdJkUDeSUzba7YYm/lUvKR4mk3DbuY4jCa9iubov6qbvUwa+V/4OhnQvHgBe9eU07GjljMdbVw6vYmB45vo61jL0ImN3Lh4gCvn93DuxDr6j6/mfN9OPv30Lb76+l2x80/46bcn/POP3wXo/+LRR+9SkhtNUWogJcqc87RgcuU8Ly1wuNtdLD0nNZislAApvuSme7OqeXjWRUpKJEbPYa4sMKOY+WwxdjvF0jU15bGZODsY015TSu/u3XRuW8WBzS2sb19OW3UFy/NyKZifxLL5MawoyGdbayt9z7vbB7v20X/sKJdOHmbw0AEude9i6NBBKQLvAwfUOehKBrrSRa5MOes7ulv+/x1cPbFT4H+Qyz3KazvUqWkKjC8NnlYBrJQrly9y48YAty6fpX/wHAMXT3FxSMDec1i+r041o73z2C56j2xX9/LoPXJYDRyuXetX7V6Z5qwsxXzr4i0uDd2hp6eHzRKwKHtZJCckEOXqire6prsZATYmBCtT2GZOwe11DeaM0sD3xYkEC9AT/jqO0NfG86eLEhUP7WuhqymDI1Ux7C4NFjD6s7/Mj946gU19JEcXBwk83Fmf7szQtkU8frODa2f3MXTqkFwEO+ndv4pTmyu509HKxc2lXFubytvbpBFqiGVnjjuna2N5b1ch7+8r5d6uIt7aUcygPG9pvBv+DrNxkyhkpvY0dUUoA+0p2Jjp4W6hRa1EdBtKwmnO8GZTcRB7xPy7GuI4Wh1Ne7oLawQaxf6zCTefQGmgqRi7PiuTHGgVmDemeqhBQE6QuZiRE3EBjsQFOhPt50x8kJsUdxJDfZgf4UeotxMJYkLJ0cP2ni7Gnr8gjMLUCAozIqVEUSKmXl44X7X0J19/pl6EV1dl01Xkw5BY5xfdTdzZtZyHuyoIMdMmXEw3yXkWHaUR3FqVQX91HMVSIZeFOnFsSRSBRhNxmzaCxWLVrSEmbIo1pzbAiFRrHZJNpwogZ7IywESiciMqXHRoj3FkdWqIWPIbDK2rkQZAm3aJdpdIg3G2LoPDhaGU2k0n2UiDOIG04+SRRCvj52YalFlPpNxuCrnm40kWmMfO0mD+bMXOJxMwU2Aukbu1gNtq+lisJo/GbvIYZo2XoGrkq+iNfwOziSNxnTEZW50J6I4T2x35OlPkMf2JI6RxEGCOUabsTMRPfxI5dto0BZqwLsGBDvluDua4cijFhqPzLbhUFcxb6/N4uG8pt9bm8+bKJG5vzONR1zpurlxAz9IgOo4W8+DdMzx58uT/aOh/kfLS84Q4BehvPAf6KLHyMS+/oh7HvfoaU8cqa1i/weRx43CQymBrZYXhzBkY6GqLVVvg5eyIq50Vcx1scbGzU4ungN1bKpKTlSVWyupthoZYG5ugO3Uq4yT41Jo8DWdrO3xc3HF1cJHne4k9euEz14tgn0AJEOOJCAoj1FcasPmpRPoHEe3lSb4YeF1GApsrS9lVV8n22kqaS3LJj4sh2sebOG8PcoM9yQn0pCDQnQ1poRJYpzK0qZa7pzv45N5tvv/iS3767qlafv3hJxXev/7yTC2//PSzCnT1XOD+/Vdf88VHH/LZB+/z/oO31eVh//7Lt3xwbgWPhlr48JIC83runqwmeF4Txk7r8IzeT2BiD/NSTlHV2M877z2WAPYXjottpCcmkp2SRmNtA2taVtHe1sbaNe2sWbWGlpUtqqUr67F//vnn7N61C20tLUaOeI2Rr7/Ka6+9yisvvcgrLyqL+IyQYGoWM7QmEx8VQG/vQXq6dnGye7fYtgEP7l7gq88/ICMlnt27N9PZsYes9ASmTxqHxpiR8l07ER3mxwzNybi72JIcH0HG/CjK8pOpq8hW7XzbqmXcPLNNTHsrX13fwo939/D3T0/zx9Nr/OPLIZ7ePcKpndWYyu87x2kujcuWEOBoyeH1FVzuWMnbfe18emWbgP8w/3r2rTqvvjE3gkSn6cSKRERZjiZIGdc2GoGXMt1MX9lg5RV8jcfibzaW+R6GZErQnh9tT16EI0USlCttUZwYeoTdZCJsphJpq0WwmQDdbDLBEmCHSTuW6jqDpeFW1ESZszzejppIU+pjLKmJFamZZ8eSMAG9tHnFXgYUec+mJMCSYj8T0t2N1CHJMEuxckOBuckU/ATmLgJ7G+3Xpd14CZ0xf5UA/K9MeuN/YamnQXNZHNsbczmwdhHHttcIcJoY6G6XsolznWu5cnYb964f5c2hvQyJmQ+e2sSDO718+NF1Pvn0Dt9+9wFPf5Lr4/cf+Ce/89Ozp9QtyaREQF6QHER+UiA5SYqZC9jTpC6khZCtjqMHSvEhO92X/MzhNd3X1C/GRNo0BeQWz48mYuhKt7uTiTI0poutwQy83N2pq65WF5BR13XftoWNq5toqa2mqaCA8lQlVyqJzQLEg5s2/GdpWGX62NBzeCtTx3qPHFGPQ/LY4L/nqivJc+pqc8OJdEPPH79w8ICaFX+xq5PzYuqX5Tgk0L6sJMVdOcu9GxfF1i/+x7iVMfRTJ09woXM/Z48c4uSBbZw7uJd+ZXlZ+ZsDnZ30i8kr3fdKrtDNmze5/dZt9bxLggSl610ZWlhWVEScr686Xu4vAbCXlSmB1vIbG5gSMXoq3v+lgfeoN4h7eTQRL44l/GUN/rR7aQxrs32oCDenPMKCpgWutGd7cbQylP4VcfRUhbM915t1AtDjjal8c30/Pz44yVBHOz27VlNXmsaBtsV0rCrh7rFWrm0q5O7mdO5uSuf9PQUMNcVwY10anxypEOjV8mRgFZ921vDOgcVc2ZLHomhHIn0cSQz3pjTBlyK5aDN8TWjJCqAh2Z11RaE0pbmzvSyAozVRdDcm0FkfS5ccNxT40iZRXoYYb4ydFsVBZgJ2E6rjnWjN9qM5x59lyW5UpvqSETZH3seacE9bYvxdBOxziA1wZb5YkJ+rJXFh7iSEe5Ia5asCPTshmLzkMPJSwylIj1LLkuJkwrxtuX9reCzyrYOtnFP2YBe7fmdnCZ3l0bx/fA17C4OJdzOTCqqDrfZEoi2m0x5pwvZEG4rd5bNaz6TWx5BFHjOYM3kU0YYTWB5iSUe2C5uSnEmw0ifCZDJt0W4czAulJcyC5d6mlHuZM2PUKxQFOLG3Ip04C32ynU1Z4mrAvgwfajwMSDVSkuAmq8lwWWYTqBFbqHaaRtWcaRSIoccpyz7qyoWgPQYvnbF46IxXu87tBObm08czQ6xbS95j8hsvM3WUGNHU8ZiKlVtM10Bz7BtMEYBPGiWglOfYTh+JzviR6v3acjScMg53/ckUBjtRGuWNt9UsAsw1WZdox/klQQwu9ef2hlzu767ggQQ+d9bnc3tdLp8ea+bRgXqGGuPo6FzE2+/18+uvv/7/J8X9rz8L0P8yDHQx81EvvaxCfbQcRwvUFbCPf/0NpmlMQHvKNLSnTUVfW5tpEzTQmTwBGxMD+e3tCf+/CTvvsKqSrF/P8810mwBBFEHJOeecc85Zcs45SRAUESQjOUkSEMWAiqJgRsw559Sttqlb7W617TC/u2pjz73/zHf1qWefs88h7bOr3vVWrapytoa/qx2sDPVgY2IEe3MzGGmpQY8aEHV5WShLSkCF4CRDpr9MSBhCAoLQUlKHl4MLBQDm8HRwgxs9tjAygwOB3Y4AYW5oRsC3h7uNPfydnJDm64mcQF/khrClIWNRkZaKleFBiPb2RFqgH5xNDOBvZozCFW5Id7ZEa7w/thfG4ljLatw8MIoXd27ip+fPyMrf4Nef3uPjuw8c0D8SxD9//DRr5u/ZtLU3+PjhF/xKr//08jWVV/juwSM8uHVndmrZ88t4cLQa949vwJXJSnRVl8PTpxlekWMIiBpB/rrjWFl6EPv2X8WX337DzetXsWplDmLDI7C6sAT11TUE8WYyo1Y6tqKlqYkgziydYE62Xl/TgMS4eAgLLYUAGfnChbzg5+MFH898bp38+XPnUPkWspIi0FaXR3lpDsbHh7F5UzMFCGVIJNO+feMkblw5BX8Kboz1NREa6IXJCba18CDiIwLo90mFqhI19CZa3OYt0SG+yE6JREluAtYVJaOvdR1undqBR+eG8d3ZPry8tAkfrg/hz1eHqUzjj2dTeHqqn9oAE8jIycHeUBf7tgwhJdgFI00rqXEvx/UDjXgy04E/fnnJXbfuypVk4SII0BOGq9oiuKvxw16BB9Yy82EpNRemEnNgIcdDja8EEj01keqti6wAQwK5KZI9dZHCnhOo073o77GUQpiFOCLo6GcgBi8dUXhQffdQF0CivSJJihry3ZVR4qOB1T4sKVINuW6sC14JOU7KyHFQQ5YDPXZQRKGHGoqozSv01kdJkDFyPDQQxdblMJKDp54EDCR5obF8LjfeLsV2bqOj5KJvkeBtgdbiaPRVpGGwLgvbO4qxo7cM+4ar6VrUYHpvBy4dG8TVU6M4e2wzLp8YxtnDPbh2bow+n8P4/vsrePL0Mp5+fxU/fniCXz69wsvXT1CUG4mcBG9kErwz6JidSCCPdUVGohcd/bjpa8nxdI8nzma+pye4cdd3YlsftLmkOGkYqEnBlOtuJ0Onxyby0tBSVoC2qixMdTUQ52qPnspVGB/qxba+TvS0U3C5dg2XEJcVG4u8+EguQNjc2fifLHdWuMVlCPAM7ge3bsJheu3Y13nqu8jm2WYsYyMDODi4ieuqZ8HA0fHNOL1zExk3wZis/TibX86moY2Pc1PdTpGhs503GYyZcbMpbceOHePG5acntpLhk/ju3MKtAX+AjenT73FgdBRH9+2g1ye4IODSpUu4cuUKHe/hGAUEe44cwQT9jp2dnagqKkJ6dBR8LV1hqiYLexITC4FlsOfhgesSERjMWwy9eUKwn78UQf8QwT8aMrxQFGiGJEc1pLuqodBHFw0E0G1kwxOl/ujLcKHGxR79hUF4c3Ebbk514yB94BFkmn72hvB3NkVpegTWZQTh8MbVuLdtNZl4Fh4Mp+PpaDYeDKXh+a5C/HioFq8O1ePDyTa8n2nHxyuDeHOqE7cJ7vuaUlBBVt2S7YtddenoLQpGH5WqOEeUR1rRz/an4oOhYn9MNiVgd0009tYmoDnbD6vDbdGU7o1YilCTXXW4LqwkJxWsj7VBc6Y7eooC0VsciqJoB/g7aMNIkyqwiTZcLei9jiYIILDbGBNkPWwQ4mWNcB87grorEsPphoukyDLG5z9QZ2PpAe6WGOycXZ70+flJHFobjLMbYnCuIQETq72wPccDT3aswVRpIAI1JbA61BVSBD9NYUHkmCmhL8YUPeHmZMEC6Iy0Rb6jKswJqDlWquiJMMB4vjciDeRQFWgKJ7LikTQfbEz2wWpTGaTqSkFxMQ+sZETQluiLKG0JsmJJxJFtl1jIYKXhcm4aWaW1DNZbyaDMWg4tTgqotpFCpa0MQV0KiZrCcJASJIgLwJSs3IB+D+1li6AtxhaqmQ8RArkw31yI8M0n++aFqqgQdCWEIbd0EcQFZ4EuJsgDScEFUBZhIF8E6aWCkKK/T2yJADRlRJFkp4WyAFOsMFaA6BJ+uOvLozfOCifLg3GmNgY3BkrI0lfjWk8BbvTk4XZvAd0j9XjQl499g0m4cecAN8f3vy3XyqagcVPWuKVeWbf7N7N2TiBn4+asu/3vMXRm7gIL6PorK8OMDN1QW4seK8BIW43L33Ay00WYiyW8Cexu1uawJGs30lSHsYYyNOUkIcF6JAQF6G8WJOPnweKF/FgiIABFSRm42jjAjgw9yNOPgO4OIx1jGOqZQFtZEyZaunAn0/eysUKAnS1i3ByR6uOJFD+yFAJ7eWoCVkaGIZHOxbg5wdPMEFk+9B76XZqjPLG7JBEz3eW4OT6E59cv4tfXr/Eb2fhnZuQE8t9+/hWfycR/+/QZnwnmDOA///gOb1+8xC90ZNB/9f1zOv6Ed69e49XzF/8ZP79J9XBLVw2CQuph7NSB1KKjyCw5hNSVU9iy/QLe/vgzXr/6Af3dHUiKjkZWahpZeQVaCdxtBPOOtja0EdCbm5o5mLc3E9QJ6CWr1kBRXp6sfCEH8YVk5ny8C8DLswA8BPT58+ZRmcMV3gVzybCXUwBQhLEdvfT985CflYiM5FhUlRdieKAVly+cQFPjerg5WcNYTxMxZOGHpnZj985BaKspIMDHBVEhfkiIDERhVjzZYRpq1mVi5sAgvru6Fw/PDOP7C1vwC1sJ7qcz+PP18dnji6MY7yyBtYE6rHTVEO5igdUpEciJ9MRIYw418utwdS+bjbF7dhGegTa4KPPDhYBrr7AAtvJUB6Xnc0ZuLPoNTMTnwlxmLuxUFyPERhHRjopIdNZADNXDOFtFRFrJIsZOCcnuGhTsEpDs2TkFbhw9yEgUvtrCXEZ7qKk40qm+5jKAu6oj25kg7qiEVGtJpFH9TbOXQ6q9DDKd1JBI35NBPcNWDtn083JdlVHkp4dcAnqBtzay3TSRZK+EYBMpCqpFYSYvCMWl87gxdKVlC7Aq0gnNBVHYWJZEQM/F1pZCMvVCbOtag4nNNTi2uxGn93dwQL9NVn7n6kHcvXYQNy9P4fqlSTx6eAb3752icpLgfhFv393H98+uorGmkIDuSSAnS48jKYommJNQpZGVp9H5pGiW5e6JzGQPCsK8kRjthPt3r+Pq2WkYE8wNuW52aeiTmbPV4nSomGnJUl2V4R7raSsi0MwMxXHR2Ni5gdtvfKirEx0N61GZno6SpCRU5SdhqL0a23pbcXDTLJw582bZ7qwLngA+NdTHnZ+ix+ME8n1U2HHrwEZs7+/DBAM8+9qv5n786wYtLBg4TkBm67sfJ2iz5Lmzh/bhyN69mJycxAzZOUvunN6+DQf27cLMvu04fmQMM5ObuHnnB9jX03H/2CgOHzzIZcezYIABnZUjLDAgcz9CUN9PJj9If9/6wiJEhoUgQIXaJmE5aPCRaC1cCP1//QvKVKfU58+HLZ1z4luMf3RUFSI32BYhForwN5JGpLUS2tLdsa3EF8M5zqgNN0NjnB3O7tiAO6e3IDcpFNZmBtxYtxldWB0NdWgryZAB2+LcyHq8OVSHnw5X4dVEMd4dWIMXu/LxbLwQv57txC/nN+LLnW34/ekE/vr+AP56tBufbm7Bk/1VOE4WP92cgMPNSejN9kJzvC0aEu3RmOKI1nQnbK+IwnhDIk4PleDKWBWObFyJ1sIQpK6wQmvuCkTaqcNSZSksVUVhrijMJaiURZhiY6EfelYFYEO2JyrIdpOD7WFvpg41GTHISy6DgZY8DDQV4GlnQsZuhVAPa8QEOCGGDDM+1A1JVMlTon2QFutPUWcQclPCkBDmhs+fPuLTm+fYmWSBy41huNGdjmudaehItMGObCecqQtDgxtVbiNZJDnoQpYsVldcBBPFK9Afa4sC+v0i9GRwcI03ip20EUNw7k+2w5HKePSlOKMjzo1AL4DWcAckmigiT08c8VpiUBXih9ZSfgSoiyPNUoPgvJisXAgFuiIoNRFHo4MCOjxU0E2l0loatVThq+1lUU3nKwn2ZWQFcZrL4CgjCAsJ+gyll0JJiBdyZOai/POxlHcuhHnnYRnfAixbyKbGUBRI75MkmC8XIKCTnUss4uHG0KWW8EGKfh9psnPZZYshJrIEywnuEvRcSWwpxAiGGjKSUJCVRIS5Eo5XR+NUfTzOtWWSpa/B7c1rcY1g/oDg/oI+09cHOnCuNw237h7kGlK2ktt/AzobQ5+dsvYvLrudA/nXwv8V6KzbXZDthUy2qCApRcDVgbqSPFTlJKCvIgtdeXG4UnDnbaELP1sT2BvpwEBVgYIScVjrqMBcUwlqctJQEBODprwcgX0RhKjiLOblg7qCMswNjOHr4gk/V2+Y6LEkOn0oy6lCne0S5WyLvGAfVKTEoCh8BdJ83LA6OgLlSXGoyUxFZ/FKFMdEoDA8GJm+bkj1dEAFBX9tse4YXxuPmZ5qXN8zhGfXzuPDDy/xO5n4nwRvDuRk4F9+/YTff/uCLwzodO7dqzeckb9//ZYD+izU3+Hnt+z5j/j0yy/cNZ0cqUJoyHroWbUgq2A/0vKmsGr9ObRuPIubd77Hb799wqmZY8hJS0F8eBTWrS5FYy0bq2xDd1s7OlrbycrbuK511tXe3tqC7s4OpKWkcevgs+Q1NluFwZyBnI/KggXzubHz+WTo7MjPOx+LBPggyM8LeysDtDaVI5OuU2pSFLLT4rCqIBPp9DyCrh9Lfrt4/ihKS7JgZkSBEkG4uaECDtZmiAr1Rxxd2/ysBKxiKzsWp6K7cTVn599d24tXN8fx+vY+fHh0CH/8dBn4+Sr+/f4qfnt+Ckd2dqGzMgfrU0OQ7OuEBB971OWGo78yCQf7inHn+OwCPGePTMBNdRGc2LKsCnywVRSggJoALj0XJpLfwlRqDvRF58Bclge2KosRYCyNaJblTsF1sL4oArWXINhABOEmkmTO0kh2ZMtVyyHWVgFhZnLw0xNBEL030kwSSXQu3U4OBZ7qSHeQp8Ky3qWRYCGKZEsJpNrQ19tQe0IlwVISsaZiSKPHGXb0XqrjWRQM5FHQkOGgTDavTqavQgGAAhLp+0ZZyMJdSxRKS+dAXZQHJWHWqM/wQ0dhJHrXpWCwJhubN+RiW3sxga0cB0ercXxPI+5c3IN716fw8N4M7tw8jrs3j+Lu7WmC8Ancu3UcT+4dw/07x/D2p3t4+/Ymblyfxspkf4I663Z3p+KGbAJ6Jut2j/EksLuSlXsgK4kB3QtJUfbccMvr1y+4ZV41mJFrzHa5G3Hd7rOZ7qYEdTaerq0tB3dDFcR4e6Nx3TpuidWx/n4MtBDQycpLUsKxLi0SG9eW0msknwTmv4E+SfAeo+d7CNgHhgYwQc+3f/161oW/q7cJ47292LmxmTvupvey9eBZ1/5eZuwE4omvO7CN0/PG+nq0lWRidVwct4zr6sxM7P+6scshNlVteh+XTHeCrSJHZs+63A/smF1rfnrHVkyNj+HI1B6y/Gmu2/3GjRu4evUqphnUz57FoePTmKRAYbi3DxU5OSgICoSngRa3ip7WfAEo8/NDhWRGm4rhQgk4zl+Cfxye3Id9w22oSA1GgpsRkjyNsD7aBlNVYRhIc0BnkiPZcQiODFfD3EgLPAsXQ2iZBPSMzCG0VBQaGtqwNNbFtsaVeHOsGe9PtuDX0y34cHQ9Pk5X4Rcqv55rwZcrffhydxRfCOb/fjuNf786hr9eTOH3h2P45eom3N1divvbi3BzMBMPR3PwaKwA3x2uxeNDFEhM1OHhwVZc2VWD8zsqsbudYL46GqVp/vB1NESUpxk1yqpQEiZrXM4PQ/mlsFaniNdSDvWpTugvDUZXkT9S/Q0Q5KpP5qQFZ1N1OJrrUCMsC0myUCkCkIK0CEwoAvS0NUKkryNig1yRQKaeGOGF5Eh/biedVdkxiApwwKN7N7gKP5Xvh7GV7rjQloiTBPa9Ra6oCNRHpa8eBgnQDb46yLRXQxYVRYJfsa8VLranYSDBEavtlbFjlQ8KXAwQoCiCzZluuNS9Ck1BJsi2VEOIjhzSzNUQQwaeq7MMK/WWQ42+h6oQH9ykFnFAdpNdghJzedRTZe/x1UWPjwYGgnSx0UsdnZ4qqGEgp0pd56aBGhcqTkoos5VHsh7dADIEdInF0FrGD8lFCwjkc8jO50GEn2BORVNUEPriSyBLFi5GMF9GjbWYAC/BnZeAzgMpBnWCtyQFGHIigpBdLgyZ5UshLCSIxWS1kmLLuA0X9JUk4awhgVWuqthT5IsrPfm42r8Kl/oKcbF7JW73F+F+Xy5ejtfjyVa6D25OctdWkKz4v60W9+1/Mty/drl/zW7/2875vybGsXOCZOhSBBsjTQ2Y62txAagq2aGhqixMlKWwwoYs3dmcIK4KZdElMJATRyDdA55WJjDQUIOuijKMNTUhJ7qMAkEZAvsS6KtpcdPX3B1c4enoCV1NA6jIKENNShZpbjYYXJWC/pJstOdnoDEnHTVpCdiQlYY2et5ZlIcmOteQkYy65GjUJYaiIdYPm7NDMVWdgVMbK3B+pAV3D+3Eq9vXyc7fcHb+5ZePszCn4x+ff/sP0Jmx//jDKy5Jjpn5u7+T5ujrfiQzf08BwR9fvuDR4zcwsKyFf/QWFK47jPzSaVTUnsOlS0/x559/4snjB6hYV4r4yEjkZ2ejZn012sjCt41sRVd7F7rbOwm+LRzMWXd7R3sbOumcKzVmgosEOIhzhfdvM2cgn4t5c7/FvDlzCOwUcNE9JE6Bn6GuBtel7kTXuWx1LlZmpZKBByErPQGFKzOQFBuBxJgwpCZEIT05Ert3DOHEsX2ory5EHpl8eJAPEqNCkJEYicKcJBTnJqG+PBdHdvfi5sx2PLm0B89v7Mfb+4fw5v4RfHh6Gh++P41fX5zH5ze38OeXV3j39AJd32msYQtOsWBqVSS1Y5k4N97J3X/PHt9DmLksXNUWw0Z2ARn5fFjKzCNDXwALGYI4FTPpb2EoMQdGUmTtBHsv3aXw4brl+eGmtBBe6rzw1VoEf21BBGgtobIYgbpCCNShoitG54UQQI+jzcWRQhaeYCWBREtxxBiLEMjFEWsmikQy/WQrecQa0XkjCcSbySLOeBkH+nT6mhSCfQoFCzlOish2UEOOoypyqK5nO6kg20UZCdZyiKOvjzSTgafOcgrQFyI/yBJVSW5oSPNGR0EoetcmYKAqBcMbcrCtdRXG+9aSXXaRoW/DtXM7cOfGITLzKTL0Cdy7cRh3bxzBXQL9rQvbqb4exqtXt/Dp43f46c09bKjKRR6bf05S8vf0tXSycjadLSfJh4JFb2QmMkt3RXKsI/ZS4Mr+ORipcuPoJgR1LXZUZ5nu7ChNoJ+dvmZIR21tbbibm6OYBGugvhQjXa0Y7qhBQ/Eq1BD4avLy0EqAH+3ZgB39s3uXj1HZS4Bm5r1zUx8Ob9nEdbVPMliTibP11tm662ze+oH+jfQ9uzBEr+1je6CzdeF7ujCyaYA7N0SvtVVVwcrCArLSyyDPxwtZHh4uiW0fm+s+sROHTkzg0PQE2fsWbgGbk2y63K5RztDZMMDR7aNcot52MnRm4ywxjsH82rVr3PHChcs4c+YyDrIx9T17KFipQF5oCPzsbRFqZATzpWIwpPZRnpcXqvSz9cnYnZZK4x9XLl/CfqosVavSUZoeiiA7DbSt9MVYqR82ZbuiPdkRA8UR2FiRCRHhpRBZLoGFixZh0ZLlEBISpQuvg4RgL1waXYvXx5vw27VB/H5rC/66OUgQ78SnS234Qo//erATf7w6jH+/O42/fjmPvz5epmj5HNcN9tvjfXh/fQSvZtq5hWren+vAe7L5txcH8exUH56e2cRlqt49zjY8WY/2ilSkh7uiMMkfET42MNcjk5JZCnnhhdCUFoaW1BIYKwjDXpus1kkVlUlOqE13Qw2ZfHygFVzM1OBkogZnSy242ujAxVoXAWTnId620NdSJKMUhdjyJdBRl4OrrSEiyNgTwr3I1H2RkxyC+GAXzBwe527C65up8a2Pwp7CANzZmIwdK92whX7ealcNTBSswP6ycGzJ8cRgji+C9ORgKyOMo1Ux3KppvYnOGMnyw9ogD4TqSGGsLBW3hspQ5q6HKApIrCWF4KMsiiwdERTpL8MaC2nYSAjBUXYpApSECebC8JMTQrGJFHoI4CMhRtgcYohOgnq7uxoaKMpfa0YgNZVEgbEECilKX2OjSEd5ZJnIIFBFhKC+GPpiiyAlOB8ifHMhKsDsm9kIGYamOEX0/GTlfFjOT4WD+WyinBJda1mhhZBcspCgLsh1u8tQQy27XAjyoovhSMHI2nA7lPrroybUFMPZ7thb6ImDa1fgUkcGLnZm4+pAMW4Ml+FK7yrcHSzBXYL6D3tq8eba7Fx/UVHR/+9c9Ln//CcHdDb3nO/rWDqDOd83Xx+TFQrTzS4tIgxlaUkYaqtBXZ4aChlRaEouhTNF/Om+NpylW2srQ2W5IBz11Om5PlmBGvRUlGCmowV1aWkC+nIydQVILBGixxIc1F1sHGFhaAFNZS36GcsRYKaHoZVRmGpZi4mmtRgpK8SmNQXYUlGMzWX5GFqTg+E12QT8NIysycJOgtCe8kxMVmZjurkYF4fqcGW0FTd29+MONQLPL53GuxcvOGgzkP9OZv7npy/48/MX/E5QZ4BnZs662j+8+YkDOUuYmx1nf4/3L19RmR0HPjx9GzklB5Gx6hDWVJ/BmQuv8euvX/DhwzuypB1IiY9BbFQEyteUoqmuAWPbd+DW9Ru4fvUamXgbOsjSW8jKWSJca1MTigpXcRvY8P8N8q8wX8jLxsxZ9zqBfO4czJs3BzwEc/6FPBASXAg1Cqg8nG2xwtsF0aG+yEyL5cAdHxWKnIxEsvVYRIUFIDpiBcE8Flmp8UhPjEA+QbusJBfB/h4IC/JFXEQA102fnxWPdasysLm7GhePbMGFyT6cHm/D2f1duDjZg6vTW3DvAgH+zhH8cPcYfnl5DZ/fP8avBKFfXl7BzK4u1OeGYKgmFUPrE/DyyR28e/t9saoUAACAAElEQVQKSe668DVYCi89IdiTnVuRldvIzeWA7qBMRq44D3ZKPLBW4IGlPA+cNYXhoSUMF7VFsJanOiQ7n+r7XLiqLICL4ny4UvFSJdDLE+Tp6KMiCF8NAjpZfLixGCJNRQnoUog0Fka0CSvLEW0mjRgzKUQbk9mbyiHKUAoxhhKI1BOlx2JIMBNHFgXtWVTXsx0I4I7KyHdVR5GnDtb6m6DQQ4vruk+2VUSWmxYSHNThpi6MWHstrAm1QXk0tY3JPmjJC0ZfWRwGKpOwqSaDy/afGq3DMbaz5NFBnKdreHFmFJdmhgny9PjkDg7oj2/uwcNre/H0wQn88PgM3r25TffLCbJ0+lxjPZAR5zFr5fHuSIvz5rLfU2NckBrHut5dkBzvhP17t3L3Z3KYF7S/zj1nds5NWePG0dna8zLQUZOANkuUo2JvoAQ/LzsUFtBn1t6AzZ2taGxch9qiIjTVr8FIdzfGNrEu9wGy8BZM9DVxWfFjvT3cWDlbEpYB/OBXyDN7Z13sbFz9wEgf9549X5+z923Z2Ibezma0tTVyWzuzbViViIMKfHxQoPZFZckSqjdruKXAjx0cx/QUs/O9OH58F2YObMeJI3Ruzy6c2DuKY6NbuaVoj7Ed3g6NUTnETV17fP06Af0R1/XObJ2NrZ88f54Dfi/Vt7yQePjrWsFKSgZGQkJQoZ/P9nhXpd9Bg+qczdzF+MftR89x78n3OE8RwYHxMTQUJWG8LhkDeW5oT7JFVbgFSiOdURTrBQNNdShIyUFFVhYiS5dR1KSBYD8PbG5YyU0D+fPFEfzx7AB+v78dv98YxOebm/DxWj/+fLwbHx9P4PPzY/j8ioD+81X8+f4S/nhzEn+Rrf/5+ii+PJvCx+cH8fnpAXx6OI4fr22nxmwUP93Zi7d39+PxxTFcO7ENm9rLsL6YbVkZgfUrY5AZ4w0PeyOoyy2HMtmkKlmrqvhiaEsvhoPmckTYKiDamY2TqSPRzxChHqaIW+EABxMVOJtrwJnZupU2XKx04e9khHBvK6RF+iDYwxLeLtYQp+8pQsappiADKzNthPg5IMzfCSMbN3A34ZtLkzhfEYDeOBOMpjnjVk8ytud6YX9JAI7WJuEuAetSbyGO1BaiPMgWBmTXtYHm2FmyAofXx6Ap0AgNib4IoIh0pZshJioSUe1jiEA5QZgvF0CIohDWW0igzFgctfaK8FMXhTcBPUefKrOOKFIoaKlyYgBXRS9b/jVQD51eGqhj699T1L6Kvo6t315gKoMMPTGkkhVkGEkijRqIFaoicJcRhK30EjJ/HsgLLoCGiADMKCBy51aVWkKgX0iQ5yWYzwJdajEftMnotel3k6O/hQO6kAAVCgrYeLqIELQIlJ5akki1U0OFvx7ao82xnQKdmfpoXOnOxdnWNJxvScPtoSJc3rgSV3tW4mJHDh4O5uPZSD4+3TvLXVu2NOt/nbr2905rXxPjeP8fmHNj6V8NnY9eW0yGLjB/PpYvZrtHLYOOgiT05ZbBhC2cY6mJZHczJPk6wEhBAkby4nAx1IKdjjp06TPXU5KDGYFdU04WqgR1NVk5CljEoCQpDQt9Yzha0meqoU/nFWCmqozaSE9M1ObjZH8dzgw34Wh3LfbUrcbO9fkYq8jFgbpCHN6wCjN0H5/prcSFgXpc3FSPy8MbcHlzE67v6MCdvf24d2AzHh0lCF08ifcvfiA4/0ww/4w/PhLIf/2Ne/yRIM+62Jmds/Lu1VuC+1u8ef4DZ+kM7O/J0n/+6Sfuem4cvICc4uPYve8xPn3+k5uKdvvGVW7nslB/f+Rl53A7onW1tuPOrZv4Qlb/45u33Las7ay7vaUVbQTzNrL0xJhEagOEuQx2Nk+cGTk/N1bOQyCfj7kUSM2dM4dLguNZQJ8H3wIspntIRVEG3u5OCPB2RegKbyTEhCCOTDs+NpwzcjaGnpoYjYjQAM7YYwjqaUlUz9MSUETmzmAfEeyH+MgVKCIzz8uMRW56NGrXrcShMWqgtzWTiVVhaksDdveV4/BoI84d7Mfl6RE8vLIfrx+ewqOrBzA+2oOG9UU4d3QH3jyYwcm93ZgcKMer7+7j9y+/YWWwNXzIrL10FsFdgw9uGmyhltnxc7aJih3LbFcTgJ3iQtgR7BnU2dFZkV6TW8BtrmIsPhfGYmTyUvNgLcsLawoInBTmwZXe56XMDw+F+VSfBSnQF0WI0XIO6kF6IgR0eq4riAgDEURR3Y0gK48giIfrSyCG6nEiW8TGUJKALoFYUwlksO55e4K6oxry3XRQ4K6BIm8dlPjoUJtjhDX+Bljja4iV7vrIoHYwyEgaTspLkepC7w0wRUW8G5qyg9FeEIaukkj0sSWsm/MwtrEEE5vrMDHSgIPbm3Bsdyum97bgxL4WnD28CU/vHcPzR9N4dGMv7l/ZjQsHO/HTD5fw8eMLbOxYR5bui9RoD6TEuHOGzhaYyYwjY6eflxLtieQYz9l13uO9ufuzkoIyw68Z7rNz0SXJ0KW4x8YEcx1Vya/n1GGpo8CtnMastaexFvt7W9FcsQ6tlZkYJFsf7WnA1p4WKu3obmtCS1M1elorubH14c4WDtDb+9sJ+HTs68AugvYU2fzYIJn6YC+3v/q+bX1cpjs39Y2OO4c2YXNPNwZaWhDs7ABl1rO5eAlk5gvB18aGG4/fR/A9evQIN73t0KFJnGSzyNhUN261uF2ze6yPj2CSrS2/ezbjnXXNM0NnEGeGfvPmTdy+fZs7sq549tpBel93ZSXSwsLgoa8PLWlZmAoIQZHqmzK1bRokNpbUzv3j5oOnuPPgCU6dOY+9o0P0y1fhaNdKbCJL78nyQjrdIKlepoh2NYOjuQnsrCygraUFDRUFOOorYBVFYU9mBvFvBufXBOdn+/EH2fjHGyNk2AN4ON2NW8eH0b4uBcON+Rioz6KouRNX9m0gaI/ij++m8PsPx/D76xn8/P0xfPrhJH5/eRqvb+/H3dNbcW16M0U4fdi8sQq7NrfRh1KBNStTUJobj8Z1OdwuaCFeDvB1psjFkCUjsbFPOVhpiiHAQgHB1lTsNOCgJwUXEzn42GlhhaspPG10YaWnwI2nO1powd5UG952BljhZoYgTwsCvxWB3xkJYe6cnbO1orXI2MWXLYWU+FKoqchTVHUK7394ir1ZtnjQk4rJ1X44TsHQhcZoXGtPx96SYJxuTMexikhsZSstZQbChG6CBBNlDGQGY1MGNUr0+yWSQfsqkG0riaDaUx85xnJI0hJForYEiozEUW8jgyqCc5uLMjKoUucZyWCthRTW28qjlKy9xUMbXQTxVjc1NDsro5wCgFIrWRRTZJ+jvxz51CBkGUggnYCeaSJLQJdGrKYIQjVFEaouggj6WQ6yS2AuIUiN0VLYy4lAa9kiaIkKQlyQjyDOz8Fcmh4rCPFDk/4GU4lF0KCj9JLZaWsS9B72Xh0pYTIJWWTaKGK1uxpKPdVRF26GXSyhkdl5VzbOdmThUnceWXomTrXS9amOwaW2NNzrz8e9jSn49fZxroKzddb/N0P/e9nXv9dvZ/D+ex46Gz9njxcye6fzLDmOdZkbqivCREUapkqi8KeALpsCuMoEPwK6PYwVJeFsoIYAaxNYaihDR04K+spyMNdSJahr0NdqQk1GDloKStBTVeMMXVlKHpoKKjBQUkWikyV6M8JwqLEIpwnSl0bbcW5zM2Z6q3G0ZTVOtK3ByY5SnOosxdXNDbixrR23dvXg+s5uAnkXbo5txN1xMvO9A3gwtRVPpvfi1a2r+PCKjYO/x28/fyIj/0hw/4Wesyz2/ztuPlsYwH/kgP762QsO8lxi3Iefues5OHoL3z//Ff+m/y++f0oNXQsiVqxAcmwCylaXoXp9FQZ6+vHLhw/49PEj/iDgs9kG3z19gk4COhsvrypfDwNdAywkK1nIxwt+3lkr5+edHS9neQ9z6FrP/XYW5gJsvJygL8jPB3VFWdjZmMPNxZ6DeXx0MGIJzJEhAQgO9CbrDqDnwQT3MISF+CE6PBhJZO7FBdkozE1HBZtvvK4IaWTrmUmRKMhKQEF2PIpzEynIz8RA81oMt5Rga8ca9NfnoWVtEj0vwNEdbC37ety9sJcs6Ajq12bBWFcLPu6uqFidgxd3p/HD/eP48ONs4mDbmnS4qvLAW5sfnjqC8NARgIe2ABxV+GCvyEOWzktQ5yNL54eV7Fw4kLGzbHcLAreV1HyC+L9gRCDXFfkW2kvnQH/5bDGVYK/PhbXkHDjI8cCNvoeXqgACdYQRQGWFnhBCDYUJ3CIIpufhBmTthqIc1KOMJRFJbUGkiThBXJrqmDRSbVSQQcF8eagFyiPM0ZLqTsUDbVk+qE1wwoYEVzQmOKM93RMdbLYMWfG6cAfkeRsj0EgOLpriSHTRRY6vCSpiXdCQ4UdQD0FncTgGKhJI1LKxpaUI2zrXYltXKdntWoJ7JcG9DqfZfPR7R/Dg2h48ur4XV09swbXjm/Hhpzv48udbAtIZFGUFIY3AnUkwTydw5yUHENA9kE6Gnh7pRrD3IqB7IzHKlbvuvb2NHLBN/p+56Fpk7GzZWbaCnC4VPcXlFEBToK0lAxPWuxblj3a2bntXI7pb69HVUodtve0E8h7O0rf2dKC/oxYddWs4g29uLkdXWzUGOhqwiY7Dm2spAKhHd2cbtm5swGR/G2fvzJ6379uK02MDOEYAPr1jB2aIj5P7tmHbxo3Ij4uDjaEhTGWkEe7jg6HGRjLwPTh29Bg3dW12m9UJbgrbiYMEcQL7UTL1I/u3cWPp3GYxk/R49+yubixDnnW1X736kCvXrj3G9eu3uRUzGdSPHz2KPQMDKMzIQKCzK5w0ZaEmLAp9fn4oU/CsSHVOl0z9H3cePsXNuw+4rUGndzTjyMAa7G9KwcZsd1TH2iOCYBhoqY7SxCDU5MVhVVIIVjiaIXOFE/rWZ+Bwfyl+fTjJLdbw16tj+PJ4L16e68PpbZVoLU+niMIFmRGe8LXUw7qUAAzV5mB3eyE2rAzDs5v78fv7a/j0+hx++/ECXt0/jM9vL+HD83O4dXonjlDUfHxyEAf2DKGxZi0q1hRg3apsrhLWlxegbl0+8ik6D/Vx4kqYrxMB2QoBjibws9GmhlkFPmayZFwyMFMXgzFFe3bGyjAnkFsZKMHGWIUrDtSwM6hbGSrC14UlOpnAn6Af4mWFcH87RK1wJKi7c3PS89IiEBfpD0VZMRw9PDvWe7IhCtdb4jBT5oeuGFtMlvjgbFMMJtaFYaYmFhNFweiNsaboWReWoosQqCWL8gArrPcxxlCMHUpcjeEtsxi+8kLIJxius1ZCjoE4Kq0UUG0lhQYbWbQ4K6HNTR3VNvIEcgWydQV0EDCr7eRRZ6fAda9X07lKgv8aEzGUmkvT+2S5zPYiChhWmUqhgBqFdAJ7tpkc4rVFEWcghVCN5YjVl0SQ6jJYiZNxyJLBLifbXsQLOWbfBGmZJfxU+KAhvAiqwvxQJDM3FhPgitwSXgI5L8QW8XBHRRF+MgtxrPfWQnesGbrjLdEYaY5N6c7cvu9TFPTM1MXgYlcurhPUz7WlYmZDMk43JOF2bw5ud6Xh7fk93HXVp0j0fzP0edw4+j8x93/+5+uGLHNmM9u/mQU7P1s5jsoiuuGFeOZzGfommsqw0laBk7EmYl3NURrugrI4H6ywN4K9thLiPWwR5mgOTQra1MWFYaqhAjMqFrra3BruJjp60JRXhjYBXEdZHRJCItTwaFIdMUMr1Y3RNak41rYWp/trcWVbB84M1OHsUA3OD1bjXG85LvRXkpHX4AYB/PaePtzbN4jbezfhJoH8xu5ertzdP4z71Ag8u3ASb79/xoGbwfrDm3fc8d2rH/H2xWsC9yvOyH9++47ramdWzmD+/PFTvHjyHQd19vh3Mm3278+/wCXHHZuaREJkBME8FMWFRShfux711XVobmjE7h078enXXwnmX/DXX3/i9atXuEkWP7RpEIX5BdxqewLUcLDuc5YAx4DOx8PLQZ3BfB4FUwzobOx8Ic88CNL7WFFTkoerkx1cHe0QEuBDBu5P9SgYyXHhnKUH+Lojlmw8MiyQA3pkaCCS4qKQk52CNcV5HNTXrS4ggCcjOzUOKzPjCeiJWJWTiEpqD6rWZJN5VWBHDzXuG/JRlRuK8iyyt9pMbO9axWVuXz01huMTwwj2dsaypUvh4eZMdp+I01MkH0+vcNdotLsKHqq8cFfnh6s6H1w1FsGNgV1bCI6qC2FLQLeUJUsnM3clwDsp88KJbN1enl4jSJuKfwuD5d8QzP8FDaFvoLL4X9BePo+ez4X+srkwEZstNmTsbiqL4aO5FL6a/FihvZjAvhhBOksQSjAP1RXhrDzJSh5J1lRfLSjIt5JDorUsYkykkG6tjCwndeT7GGJtsDmB2xGtya7YmOeFzaXh2FmVjLG6LAysicG2ymRMdlCgU5mBkaos9KyK5brZfQxl4aBOQb2VEvL9TVEZ74rm3ACCeig2rolFfwXrfs9GX10u+hvysLU5Czs68zGxpQI3zm7Dvat7cOvcFtw5vw1TW6sJ6pvx+eN3dJ9R8Pn7O/R3VSKbmXmcO3KSPQjuXmTnDO7EhFhXArsXEqKcEBNmN7uuBzFIW10aegRsfQKWLstq15CGvoY0B3gDtjQsO68qA3VlZYQ62GBdUhRaa2sI0BvIvmu4bvXNnfXc2Plkfy82d7Wgv6USDQ21VNaiurqKwF6OlpYN3HsH20rQ1LQOA2Tvm9qqsKWnGZObNmEfm7++bStmdm/D8T3DmNm1HRfHt+IKBdknDo1xWfG7KGBorC7BJrL78Z07MT21FyePnfy6IxvbT/0Qzs8c4cbQj9LrDOIsoW7P4AA3Xe7olmHsGR/H8SO7OaA/JKD/3d0+myB3nwM663pnXfK7JybQVLYBycm5CPLyhoexMTQkJaEmIDCb7U7lH3fuP8LFk1PY0VGM41uqcGqoBDvLI9CW5oo1YdZIcDFAWbwvxihSG6dIrWddOnorV6KjJBnjrcW4O9WFP1+ewL9/vog/3p7Bj3cmMFiXhmhfS9iYqCHEw54aUXUCrT1VsFCKlLtwfEc3Hl06gA/fn8XrhzN4/WgG756fxcsH03j/4iKe3DiKyzNjFNlsxdZNrVhJldjD1Y7reitfm09Rej7Wr8lFdjLBNYwahwAXxAa5cCvBRflZIsTNGP5k4oG2Kgi0o8ZYfRmUJZdAnoqGkjjM9JRhqqMIc11FOJprE8w1uW53Yy1peDkacFD3dzNFgDvZupclVxjUY0JckRzji9y0SHiQjfV3NXM34qUdddiR7YYbnYkYL/BEja82rg/kYjTHHcNpTmTooahypsrnpEPRvAg3Lh6uIY50fRl0+Rmi2kUTYawLTF8aJeYyaHRWxWqCcj2Bu9paBg0E7FZXFbS7qaLNVR1NTkrY4KiIZndVNNPjGqrk9fZyKLeSITuXJLgT8O3kUEOwb6SvqXdSxXpqFAop0ufG0R3VkE0RfrSuGKJ0liOEoM7WZrcm6zahgENdZCEkFvFxCXAso11u6UKoLV8MNZFF3Jx0BYK74hIe6InyE/h5CObzIbmIh0uWE6OiKb4YBQ4q2JbthL2rfdCbaI3uOEuMpNtjJNkC+wpdcbY6HFe7cnB3oBBXurMI7BmYqY3G5dZEPN/byF1XCwuL/27oX4HO7JxBnWW6s3Fzzsq/+desrdOR/9tvIDhvLpaRIUoICcJQQxX6qkowJbCneFmjKsGXGoUghDqbwcNEAyne9nDTV4HKMgGYqcnD0dQQuorycLKwgo+rBxwsrDmQ6yipQ0NBGTIiy+Cgq4MCP2cMr4zHrso8HCWgn9lUi/PDG3BxpBnnBqpxYROVgUpcJrhfGq7nbJzB/MHkFtzbvwV3D4zg5t5Bgvlm3Du4Hd+dm8arBw/x9hmz7Zd4+ZSO37/Gq+9eEqyf4Yenzzmo//jDG668fvYD1+X+5vlLDuLfP3zMlcd373PX8t9//YWH925TQFyIUF8/5GZko7KsAnVVNdhQ28BlrLOEt6H+Qc7O2bj6x68Lytz7YQqefo7c3vEsg52NmXMwX8j7NZudh9uOloGcJcBxMCcz5+ycirK8NOxtreDt4QY/T1es8PdCUIAX4qJCEUF2HuTvgdBgP7LzICTGRSAxIQIpCbFcglxWRiLy8zKRm5WKvCyCOT3Po7JqZQrWrspALbUF9RUFaK0qwu5NdRhsLERZagDyIp2wmgSiszIN48PVmN7fj7PHdmBtQRosTfShoigHe2sLCmyCMUkGxgXmk2Pw0hIgmC+Ck9oiuGgIwEGVda/Pg4v6QjLy+bBXWQA75UWwUxSAs9JCOCvTeUVeWEnPg7kUD8wkFxDQmZ1/A51lc6C+9Bsq30JTmGxd+BsYiM6BEcuKl5xLAcACuJLlu1HxVhPACl0K9jUF4ae+GCt0liJYT4QsfRniKSBPsVZArJkEEqmOM7BnUP1KJkMPI2HxNZBGsIkCUtwMsDbUFPUJdmhKcUVXTgBGq9Kwv2MVDvbV4Oyublw/vBlXDw7g6FAV6jMDEO9mCE8DWYSTRBQEmqEuxQsbsgPQvToaHcVR6ClLRHd5CrorMjBYTaUuCWM9xTh3ZAA3Ceo3Tw9zi89cPjOG0we78PLFZfzx1wf8hS948OA6t7omm7qWGkNGHkswj/VGKhl5eqwz0sjUE6McERtug327h/H8yX1qg+WgRybOjJxltf89H509NyOYa6uxVeNU4GpkhGBrK243zIa1a9Hb0cRlug+TjTNQbySLHu0laHfVY6ijhsA+a+f9zRVc6aAAoLOlAbU1q5EdHY36ggK01JdisKsdU9v7cGLrEE4eoTLBlnvdijNnduLW2b24fOEs7pExsxXeLjPQnjqFC8eO4fyJE9xObLfOnSMwX8GD+5dxi2B86/JlnJyZ5rZRZWvLb6ZAYFt/Kzc1js1zZ/PN2a5sk0eO4OTZs9z3Zd3uDOx/w/zy5Rv08y9hnMx/hL5PdXU1BUPJWOETAEt1dWhTcKpCdU+JdblfOncCe/sqML6xBJfGarC9LBg1ZFTFwWbI8jFBNoF5T/NKHNq4Gme3NmB6qBr95WnYkBeBY32leHN1DH/9fA3//nADn384ixO7W+FsLA9dApeWvDhUJcShuFQIWRHeOLGnF4d39eHBpUM4Pt6HJ9eP4PkdAvqTc3j73Xm8fHQWj29N49aVI5ga34yxkR4y4jgoyUlDSloSwUGBWF2Ug3Ul2cjPjEMimXJ0kAei/e2REeaA1GBbBDnpwdNMFQF2BElHDYQ7aMDFQBKq0ksgI74I8lJCMNJSgKGm3CzU9RTJzJVhZ6LJmbuzlSZB3RA+zsYc0Fd4WiDEx5oaQVtEBrohPsIH6fEhBHhP5KREcQ3Bh4cXUEkGfaM9BZcpgq3zVscJstCBFHescdbFJEF+aqUnWgNM4KsggkwjGaTTNVrvpI0tkRYYDDFBqZ0yagj6TS7KaHfXQLenJjcuXk92XkvAbnVWIUtXwQaCdR2ZdxUBm42TV1pKksVLo8KKQG0uiQo7JXqvKgZXGKAvUA8bVxihwVUDG5yUufH0HCMJ5FgqIJcaglCt5RRYLIMz2ztZeAFcFJZDk0AmS1Bexjcfovw8kOCS5PggL7SQs3EFsnM2xU2cXlNcwrLe6X0CCyCzmC1gQV8rxA9hCgQsFYRRE6iPg6X+mCj2Rk+sKYYSTNEToYstCcaYzHfB6eowXNtYgGsE9KtdBPWmZBxfH4brrSncdXV0dPyvWe6zhv4vLsudAZ2XbuhZoFOhcwJ/H7+uIMeNsZOpy4mKQUtREVpy4ohxtcCqMDesivFDiKMJnA1UEGRrCGO2Kp6CJFzNDeBjRwCn9zOgJ4RH0X3hRveHKwzVWLY8gV9cDH5mBqiL9sXo6jQcbFmLExurcJbgcm5TPS5uZuPjtbhEIL88VEuP63FlazNujHXj4cGdeHh0D+4f3kWPd+AOQf3+oR14MD2JR9QQ3L98k0zoKs4cOYVLJy5SuYArpy7j5vmruHPpBr67+5DKAzy5cx+Pbt/DD4+/4xaReXr/IR7Tue8ePMaLp7OrGo7v2oFQf7Y3dRzWl65F7fpqbGCrvTW2oL25DS0E85bmFnQ0t+Pt6zf4/OkTfv3yEue+68TBl1mw8lAhePOBl5d3tquds3Rebux8AcGcjZezcXN+snJm64spgBJZQgGioR5cyaQ8XJ0R7O9LAF+BuOgwDuZJZOJsPDwsyAehgT5k6EFcclxuVhIF77GIiQghg2dwj0ZGajzyc9OQR8aeydZ7z0lG1do8AnoBqkoINM2r0b+hEOtzwrA2LRA5EU5ICXJCXXEceun89CTZ0GgnQv3cuKmL2mrKMNHTwtrifO76PL1/A2Hm4vDRXkJmzk9A54ONwgI4qiyEtTzBV2EeHJQW0HEunFX4CeSCcFMVgIsSHxwV+WApPR/mMrwwEJsHTZFvyc7/CR0ydQOJuTAQJ4hLsmluPDAiOzeXmAdLqXkE9Pn09bz/SZbzUmdlIbxUKKhQ4ueKt+oixFlII55+t3gLgjmBN8lGic4pwkV1KSSXLMDihXOxlH8uxIR5oCK9GN7mKigKskDpCjOsj7RG58oIDFfn4eSuHtw6uZvbrObuqe04vbMJLXlBiHXUgq+RLPwpKMgnqFfGO6EpxxeNuYFoKQxHS1EoOsj0O1bHoHd9KrZ1FmBqWx2ZazNO7GvGpVMj+O4RteGvbuLFs0v4/a+f2FYt+P2PX9FO9pvBbJxBPdIFGfEE9igXpMWSsRPkEyLsKaiyxfjYJvz15x8w05aDARszV/2/4+hsPjp7bM664rXoNYKYiZ4evE1MkOrnhw2lxWhrayBo16K9vYxKOQbbq7GJrLuPgZvMu6mJ/lYCPjvHXmtt3UCBYAVS4oNgb6IOV0NDFGfFop9eHx8aor9rK07s34Yru7aRHe/GuXN7cHZ6goKX43h45TIeUP1kwH1A4H1EAGbgfkjPn7Ly9Aae3b6N93fv4gEdrxGUp6emyM57MdTXhe6uLmxlU+W+rkw3yVaPO7gPJ2YOcwvNMKizuemnvz6+cOEilUs4e+g6Dh48iN6eHlSuYVDPRICrK1QUFKAnLAwjZuh7hhtxcMsGHBqsxmRLGtrTnOlGMOUSJpJc9FCd7I3zo9WYGSjFQfogTw2WY7KtEPtbyK4ONOPnJ9P486cr+OvdNVyf2YxuioircoOQHWILWw15iFL0Xkj2PNpVjuH2CrqYFRhjP3OsA1t7KimyLsCukXbcvXqcymGcPrYfW4e76UOo48bLXC1MIEZmoKGpidj4WKwpKUBpcQ4H9PTYFUiL8EByoCVW0+8Z72cBXxsCsoUqNdCaiKASaqcGP3MFaEgLQlKYDzISQlCVXQ4tJQnoq8vAhIO6MqyNNOBsqQczXXl4OsxaegBZeqCbGcL8bBHsbUVgd0BMMFv5aAW3s5Ofmzl+fv8Wn378AQeKPTGc7IStWe4YzXLGheoozJSFosZLn47hmMr3xmEqNd76qHPVQrOPNqoJvKNRFthCpdJZA71BxlyWei8Z/iaCYY8Pvc9RATVWUqi1lUcVHavItKtsmI1Lo5werycjLzOTRImpFFaZyXDj5hsouBimQKEnQAfd/npYRwFBrb08io1FkWsqg5UWckg2kODGzr3kBWEvJQgXgvoKfWWoLVuE5QsXYCk3F51BfQG3Zrs8WTrLbmd2LvO1i53Zu8xiMnT++QR5aqzI8OUI/MvYeDsFAY7Ky9AdbYzT9ZF0fTwwnGiGJm7FPF2Mxhthb7YdzjWn4uFoGR5sLsZ1gvpMTQxZ+izQvby8/ivQ/8W62v/5Tw7mnKETvHm5MfRZkC+a8+1/utwXEPhZ8tyCOfOwfMkSSAgLQUlsCQfxTH8HZAa5IpwM3VBBjCJeeZgqy8DJUBveNmbwIxgZa2nB28mF2//cm2AeFRACGyNT6KuoUhCgiRwPa7SnhGBHRR4Od5TjOJUzZEQXhgjeww24OFiDi2Tol6mOXR1pwLXt7bg3MYRHx/bi8fR+3D+yB7cnt3NHBvNz+6ewo2sQQ829aCkjey5rRGNJLXpq2tFT34nhzk0Y6WLTb7bgyC5qbKYmcHLqEC5MnyJTOEV1aBrHDhzCUSpsC1P2j80rL1u1CnUE8saaem6RmPa2DrSx7HUqrU3NXCZ7y4ZGPHv2FK8+X8TBZ7nYcS8Wt38egzQFOXxfs9g5M+fl4zZaYWY+jzNzNl7Oy42XLxFcCAnRpXCxt0HYCn8EB/jA38sNwYG+WOHrxXWlJ8ZGICY8GGmJ0dwSr8zOw4N8ERUagMT4cIJ41Cz04yO411LiI7mx83R6f15GHP0t2Vwv3YbKVRhsXYudveVoWZtCbU848skEw9yMEED1eG1mCHobSqjdqUFOcjiMddW4PBgFaXEs4V+IixfO48dXzxFBBszs3IWgaqdAVk5mbk/FVOob2BLIreTnE+Dnc2B3VmRZ63R/yxPw6b3OBHU7eV4O6gZk5ZoM5kv/RQCfS3ViLizlyODZOLscD72PDy4UDLjQ17kr88BTlQrZuRuBnY2pz35fHjiSvdsR9B3lF8JPW4SMXQSh+mKINpdDkJ4YrBWWUvC8ALxz/wcLFvwLPLxsNgHViXn/AyGqi4Zq0vAnaUh31kJZuC06CxOwq6MMFw5uxvO7M3h5bwZPLuwlcy9FS7Y/ouzUoSkhAEctcW6/9tIIS9SkuGFDli9n7C35wSRxBPhV4djSkof9Q6txYPMa7B9ZjxNTPbh76whevbyFJ48u4ZePL/D7n+/J0j/i1Mx+Ao8HUsMdkBPtjIxoe6RFOyIxwpHkyAUJofaIC7PH7h0Ds5u0eNqQgbOs9tnsdmMuCW728d8JczoEfSsSMRey9LxIX7oPsgnOq7mpahs2bOB2Y2tubiZbr+bMvbOzjc5VEdCLOKi3EeDrKtcgLykJymKi3NQvOQEB+qylUE5B4pFtBHQy8zOHBimA3o3zZ0bJvtmYOPHp5HGCLFuu9STuXDmPm1ev4i5B/DHB+x3Bm4H8u/v38eC7W/j+yRM8evwYD65fxfHjB7BjdBTD3e3Y2NFAdbcf2/r6sGtwEEfYojU7t2Oa2oITMzM4RKY+Q7Z//MIFrqv9MgULzNQZ5PeRpR/avZvrgchIzUBkQABSfXxgpawFdWrb/jG1Zyf2bN6I8bYCbF8XiYZ4W5QFmSHBWpEs3QJHCORXdzfi5GAZd7y5txkPpxrxcqYLb25N4M/Pd4Hf7+OPn2/hy/vr+OnJDO6f246ZPY3oKouCjb48IlZ4oDgvHaObOujCFyEp2h9ZSaGz4w8d67F3pAUXp/fg0PgI2lvq0VBbgdWrVhJsNaEtqwARIREYGplhZX4B1q8vRXF+GnJTo5BKVpQXT9872Qvl2UFICiKL9jDFCgcdBNoQ1G1VsMJKER6GkjBXEyE7WwxxYUGC+hKoypONUgPOTN1ISx4WBqqwN9OBFR3dbPWpATfioO7jbMSZeogPNU5+9vS3ONMNyDYdCIa9uRaePLg1uz86XbuBGHOMRFtgqsAPMyUBuEC2uS/XF5frE3GtKQUnS4MxVeSPnUmO2J1kh6FQY4xEmGNLuBl6/fWxKcgAW8NN0eunTYauzpVONyU0EowbHZVQbSOD1SZk4RYSqLSRR7m5FNc1X0pAX2sqjgr2nB2Z0XtTUBBqioFQE27uebGpBNazVaXoWsRoiyJBTxzeBPMQDVE4SS9Cjrki4k1VYSEnypk5W2BmGd88Du7iZOBsZTgGdLY0LDN0GUEeLCfYM5hLkqXLk60biglwiXJSixdCXJCHs/ZgChxY1/tMdQgmCl3RHa7DrVvfF6aHkRgDHCkNxI0Bgnl/Ia52pOFycwJutqVy1zQoKOh/NXS29Ovfhj67WtwcrotdgIP5LNwZ5Of+c3YzFzZ3XURQEMsXC3DZ+taa8oj3tqOA0A1RZOtcnoDYUlhrqSDQ0RYBVNytzWCirQ0POzsUpqQjJjAEUYGhcLayhYm6BmLsTVEZ5o6erCjsrlyJqcY1ONKyGqe6K3Cuf7arndn5FSpXN9fh+mgLru/swr39w1wWO2fnx/fhEUX/D6lCPzh5lOrOHkxt3o7xvmGMNHais7QKgw1t2NE5QHY0gC3tfRhp7yYrbcfkyFac2z2AU9s7cZgahYnNW1Gzai0qS8qQk5iBp4+e4O2bN6gsK8OGmlouQ72jtQNdXJJbK5fsxvaZ7qTS1cay2JswfrYBW65H4OTrGrz9jUzj3RuYmRsT0Fk3OgGd5/8Q9hZQVW7r/v85Z+9tkQLS3d3d3d1di26kFUEMDBAQgxYVGwPFQBALEbvFbvd2u/vEvufcX4zv75lz4bn/e8c9988Yc8x3ve9iwVrrnfPzfOd8QgyiIv+xzL6APm9xvl8uBllpSRpfyqTKyQiOjURCTDiSE6KRSko8PTmeVHgysjKSIUiP5w5xTIFnkTJnIWppbNk9PQmCtATkCpKRJ0jhXu/lpM4L89LpOIu35VWFWLmsDK3N9QTrRtw5sxUTh+i9rS7EMkEIEnws4O+gjygfG1TnxaKzuQqrac4Q0DxkoqMGZTkZWJka8vKXf//9b6hOdEWMHaliMzEEGBOszRfD15DVD19IEBeDqzaLN/8GXrqLhBnhDBbBj9S7p+Y8+GgvgC8LWSM4szA1N/VFPHOcg/JCuKjOg6+BBPwNCJT6kqToJRBqIoUIc3mCtySCCPJhpPYjzeQI7NLUliBYT5QUuzhCjWThpSEKb20RMhgWI4yUeqCeBDVJMhLEyXBeCA3ZRZCTng8p6QWQklkESRqHDOwLFn6NRdRU5AlShsrI9TVCTYwD1pPoOdbbhMdXRwg8U/j53U28uXMSl/Y2o704Ask0B9hqycCdlH+ckyaqYmyxKsMD63KCCO4RaCuPJsWegr2bSjHSt4xeqwoHu2twdrgFN68cxLuX1/Dq2VX8+str/P3fWUnVv+KXn9+jsiAepRnBKM8IRBEp8sIMHwK5N3IJ5rnJBPY0f2SnCPfRG5dmCWPRSZVbWOjMxaJr8lh0a+pd5q4ZGxvD09oafjQuq1IjsWkT2xdfz2Hd3b2dO7ztY8vt/a3EmHZs3dyG3o5m6tfyvfRVddXwNjeCmpw0dOl+1qJ72c/ODr1t63D58D7MnDpK72kMt6+e505uU1OXqb+Aa9PncefqOEH9Eu7fvo0XBNoXBPRnpNJfE8gZ0D++uYfnT2/jNzp+8e0bzNK1l6TqmWPcAVYtbqCDe9vvJKXOEtuw/XpWjY2p78nJc3w/nSl1thd/i6B+mVQ6AzpT6+zc8clJMgh2o6+rC2sbG1GenIkwUye46ujgDxNjZ3BksB2H2pZib0MS1hIE6kkhNsU74ei6bFze00yTRRvG+1di9mwv7p3uwt1TrMbwCfyf//UK//d/v8Xff53Ft6+v4Id3N3Bv+hguj+3FuvoCZBL8bK2MEeDrwb1X1zRWoquNLMLWFdi4qgID9AV0dazBhjXLsLy6nAZxBmoqylBbVYrIsGDIyclBXkYOEoulEBkdh6bVK/keek1ZNmpKMlFdmIxl+TFYWRqDeoJ6Q3E0arLDCOiWiHHXQ7yHLuLcdRHlrA0fK2VokvpUZolQlKWhSQrNUFsFVkbqsDPT5kqdQd3P1Yp7vId42XKlHhlgz1t8GFt69+b79VnJ4Xz/PtTXEVcvnuE34rM9a3GqyAcTFSG4vCIe1zdk4B6pz2cD1Xi4tQT3txThckMsphoScKrED2fK/HE0xwOjxYE4QkbA3iSCe6oDhjOc6NgWe+IJetEW6A4xQpu3FjaSQm8hINfZq6LaVhk1dsp8CX0lQXy9uwY6/XXRFayPDuo30vO3soIvsdZoDTblCWVWuKrzSmz55grIYoUg9GQQoiODcLL0g6kvctJHgpkanNWkocgyxrGYdNYkFvIMcgzq2gRpptANCeyGrHgLnVcUnw8dFpsuKwYjOu9Oat9McTFX78xJTk9egifCOLcyGtfaUjFa4Y32aBM0hxiig/oDuS6YXp+KB330OfVVYLa7APdak/hnKhAI/n+83L/me+hCL3em0L+G2Fd/4jBn++j8Mdtnp2tf/ZFUPRkCi+ialBhLnEPqy0iDVLgzQt2cEO/jyBPoGDFlSfASRIYghu5bP2d7OFlYIsovABXZeaTOE5EYEYMgdy94WllieWwANmdHoKeYFPqqcoy1LseFLSsx3duM6zvWU1tHUN+A27vWkUJvwcPh7dwZ7uXYPrw8exDPxg7hFVPqV87iPU0Sb25O487Zk3hME8iz67fw/NYdPLl2g4xkmjxu3sbDqSt4cOkyXb+EZzeu4uXt67h//jTuHu/B3dFBXB09jgMd27CxrhHpoVH8c3xEEworpNLf3YMdPf3o7+rloWl9rHUJWy8BvZ8Ue8PyBlS2xuLxT0fw/rtn+P3338gg+A6ammp8eV1CVBQiixYRxBfM7ZkvgLjIIlK7YlAgQ0lbQxnR4UHIz0onIKcjNTEGaaS60xJjkZuRghRS6Ux9ZxG4Wax5FsGbNQbzzNR4Hq7GQJ6TmUSqPB1Li/NQUpCB3MxkUuiZPGxtRU0x1jSUo7+9HjPH2vD8QhfO7NuIvo3l6KjPgiDMCf6O+nziTwnzQkyQGzLiw5BPr2lnZgRjPS08mRUa4i2k6MPMJXhYWritDHeA8yFF7mcszuHtojmflNs8uBHU3bVE4KsvRSp9EfUiBHimuufT7y5BuJkUggnYfqTUfQnCzGnOh5R5AME5ylIGcawqm6Usb5HmskggtR1jKYd4G3kyepWRQuM6lSWOcVVFprM64q3pcyTwJ9trINVJAwI3DeR46SHZURMOBF1tArq0yJ+wWPwrAvk8LJZaSP18GJpoQ1NbFRKSC8kAI6NcVhTuJipIctLG2twA7Fidg6mjW/Dm3ji+e34V3z6dxusbxzDRW4/W/BB677JktC+CqZIo/OnvZ/oYoDLSHg3JnlhfEIjuhkT0M6e7rUU4sLkS+zaXklpnSWi6cH/6MGbvTuDnn1+RSv9EKv1X/O33H1BfkY0KljWOjK1CUuYFGQHITwtENhlSWUmeyEjyQnqilzASg0Bsbfof6tzZTOM/7aEzqDPg29F3606CLzHEC00NlehoW4/eLS10D2/Avh092Eng3NO/FXt3b+IOb7s4a2o4zDs6qrG5sQ5FOVlw0taHjrgMLJWUEBoaiD2D23HxwH5cnjyFp6Mn8GDqDO5PnOWhZczRbYoM72sz05i9fo4U+j28Ycvtjx7hNd1PP1F79fIlfiK1/urVK3z//DlekOC7c/cOrhOgz46Oore7mxsduwjoA9vbeAKbkzt3YpKllz16FBcujnKgs/34CwRwBvZr1AuX3m9x9X7k1CleDGk1Ge4ty5djRVEJSmMzEOrqhj+MHNmHU8O7sGt9KXbUxqEj1wcdOZ44sT4D57YU4vL+dbgxuh1TxzbTxLEbDy7ux+zMCP7376/x7397id9/eYLZO2fw4NZp3Jw6hh5SKAd3tWJkTzuO7ekkS7oUzg5WCA8JRJCvNxqq2d5XFVlIS7nXegwN/myy2NkAT0sWerZGhwbAycYEixYshKK8AlRVVVFZWYW2ljX896uLCfzFaWR9s/KUUajNDUVTWSw21KaiOisYKUE2iHInC92NgO5liCQ/U3hZqkJHSQqyrPAIg7rSEuioy5NSV4HlHNRdbY3gxxKMOJrB390KwT7W3Enui6NcYoQnV+lZSWEozqaJPSoA21qE5f9+vjuJmVUJmF6dglsdBPDtlXjQVY6bzSl0Pg4Xl0fifHUwxsr9MVbii/GlgTiW446RPE/sSbLH3mRH9EeZYzDGioBug6F4G+xJsOYpXFk+9lZS58002JfZKaDSWhE1BPVGUuYsb/tmPx3sjDHjbUugPtoC9bDORx/rSdU3+xmgyVsbVQ5qKKQJJJcGaYqhNII1F/N66CU0QYTry8NLS54mIUUYyInzBDNMoSuQta/IoM6ALiXG09fqENBZshl9WQmoEOwVSMWzYi7G8uJ8T91MnhSN2mLoys6FsxHsLVRl0BJvjyutGTi7PJRAboSV9H/W+upiE73fE2WeuNQUgzvbSnC7IwcP2tOEiSYKC/9np7g5oLOkMiKk0plC/xJ7zpoIQX/RV0LwM6B/NbdUL0ZAWiIuClM1edgb68HF0gzBzlYwVJWDjqI8ony9UEkGaLy/F/ycHOBqY4tIAnpBShpX5+mxifBxcoGnqTHqInzQmhqCbXQf7qvJxEhTISZaqnGlpxnXBhjIW3Bn1wbc2rmOL7k/PtpNE8VO7hD3aGSAwL4fL+dU+oc703h/Zwavrl7Em1s38PnNW/z47j0+PX+Jzy9f4+PT5/gw+xQfHz3Gqzs38eHJQ3x6+QzvH93H3QtncG+0H3eObiPoX8LMmTOYOHKMf47nxs5igGC+q3+AgN5D8N6O7s5tHOKD3ay4RRc/FxMeDSUFJaxvbcTnzx/x8N4tmqzu4/Kl85CQEOX52IUpXOdh3rx5pAIX8FA1FmMuKyUBPQJJTFQo3yPPz87gajw9JZ4/ZkljCtj5rFQsLcnlj9mYZyFr7DxT6jkZiUhNiOLe7/nZaXQugz+/ICeVw744Nw1Vpdl837y7pQa3T3fg/dVuPBnvxMSBNhwdaMaOTVXIi3aDu6UmLHSVYUhj3MPODHGhPgj18UAe/Y2+bqEz6/7taxBqugBhFlIIYcrZShwBpiI8YYyLGsvPvhBuBGhb5W/grL6QA51liws0XETPl0C4lRxCLJYgyloO0daLkWgvjxjbJYgwI0XNAG8kQccsjp0em8rxSm2pLmrIcNNENsv85qlPkNaEgM7nkFFe4KPHU7uyjHHlwWYo8TfmVSRXJDpiWbwDlkXboIDmMntS6KpMmYt/DUkCuoTkPFLoogR1UulSCyArR8aVgjRUVBQgR+NUTUEM7qYqyAu2QmdlAo5tXYY742RU0pz9w8sZ/Pr2Oh5P7MKB5iLUxTkhnAx+PVnmGzMPNlriCLVWQYa3AWoSnMgo8ENLcSiGVgtwdEsZjvbU4HhfHUb6a3ByaCVePJrEDz8+wy+/vcfvpNKZt/u2ttUoI6CXZQeiMJUpcx+uznMI5tnJXkiNd0M2HbOf86eGCdZa3KOdJZBh+dtZbXS7Lzne6djKhMWj68Le0pIMNn+0VhZhKwF9cJvQy/3wYCfO7OzCwf4e7OnpIMO1Hf2kzDs6VqOlpQHtrU1oW7sanZtbsHHdClSQwbGyrhjtTU30++3CnO/nj2Nm4igeXDmD6wTza9NneQjaVVLn968Ka5nfI4X+kmD+LbXn1J4+fkdG0nOu1F8T1JlaZ9fZsjlT1mePHOFL5Ww7oLu7HX3bO7CXAH9kYICnlb1IwD/LSq8S0CeYQqff+1K8hYWusbA2Bvbxc9dx6ugYWtdtwsrqapTm5KCB5sqs0FAC+vHDuDR+FHvWFWFLYRAGKmNImQtwsDkdZfGu2LaqCEf71+Pkng6c3L8NEyODePXgEv7x2wv89vkBfvl0D8/uTeD8yT04PLQNR/ZuwYs7p3Hj/CEM9azH2ZGdpGbT4OFiBz0tDcRFhmPbptUopkEaFxUCL3cnBPt5Iic9AaFBAXC0sYe/izNcrA2hKCUDJWlZno2qo20jNq1rQEVBCpaXpWF1VSZWLk1BQ2kC1ixNpJZEQM9EWao/0kJsEOGmjxBHLcQS0BMDTOFrqwY9FSkoEszlCUpKc1A30FKGqZ4Q6kylM5h7OZnD18USAZ7WCPGxIYXu+E8nudQYFsYWxL3d68pzUCiIwt/++mf8/advcactD496CeS9Nfz42roMTK+IwrmqIExSGyvxxok8N4zmuuN4nheOZLlxRT6UbIfecBNsDzbBlmBj9JG63hygj3Yfet9+THkboYeU+iZPDQK7Jil1srbJYmf74m1+2hiMIzUfa44BguNGur6W7bUTyFn+9tUemqin5xZZEbwtZJFiIIUobUkkGS5BnZsWVnpqI8lCldc8ZzBm4FbkBVqEed2VJRZAiSZstryuupg5wVHP1DdBnAGfAV2VwM6W3Q2ZSiewmylIkIUvDnWaZFiBFwZ2bwMF7C/2wviyIGyLN8fGSDPUBRgilwyNtnBDHMh2wPS6VFxtFRDUBcJ938rK/7ni2tz+uejXQnXOHOBY6Jo4NZE54C/kddOFSWgY0P8019jyuyIrNrNEGsbaWrA20IYpTf66qsoIcHNBSXIswjycEezGltzpPvD2RWZMPKJCIuh+CIablS3iXO1oErZHfbgHOgVhOED33wkaL2MbCejdazDTR1DvW4Obg+sI7EIP99nDXXhBMJ89Poj7wwSj0V14OXEYLyaP493MOXx7ewYf717Hx/t38eu33/H284eP+On9B3z/+g1+ePuOQP8G3z5/hh/fv8cPBPyPNHk8vX0LT67PYPbUdjyYPIIHM1fwia6zn327hgjo3dhFamBHD1tu385V+Y6eLuwiwHe0tNDYC+W13qVozFVWVuDZ00e4eO4s3r9+gY0b10GMOb8RzBcsYM5vBHM6liCYS0mK8exvTPUy7/WSwhxkEKjjo8IJztGIJcCnkEpnAGfL6SyJDFPdDOBMcRezPXK2zE7AzqDPPDE2nKvz4nzmHFeIqrICvofOHOdYtriVdSXY3bmCANSJj9Pb8N3MVtwfXYud6/KxpTEbnU35WJYbhkBXExhrEtDIGNXXUkF0iC+igwNI2dcIwXF8CJGW4gRgCcTYSZHClkY4KfVQUwK2KUsUswjOWovgpCECJ00RuGqL83A1tgQewPbQDRYhwV4F8aSu45wUeKx6gqMCYm2lEU9gj7dTQhqNu3gywFNclJHooAIBjcUclps90AAZ7moo8NVGCY3vQh8t5HnroDzQGKX++ij21UFlqBlqo2yxLMoKDXE2WJXmjqpIW+T6GMHfRAkqpKJFSaFLiH7DezFxuu9pHLJ+CRncPr7O0NCQg621MWQk50NXSQzpgdZYnRWEwVVZuLBvHZ7PDOP9gzF8fnYBb68fwcNTvRheV4LKMGuEWarTeF/A/46B/CJetS3OSQulYVZoLwvDwPIUYkYmhjeX4GBHGUb7lmNsqAkXT27Dq2eX8OHjA/z6l4/4/e8/YvzUQZRkhpNB7Id8Ankh9bk0T+dRn53sh/QEN2QleuDJ47t4OXsPtmZaPHyNL6+TQrdl++ZMpTOg0zVWwMXSQhse1gZI9HTDstIstG9chZ5tnUKnN5aHnVQvcz5jCnjr1k3YTgp9y5Z1GOxkS+612LKRZZRbNReb3kzn2nk/0teLywf2kkI/zMPTpi+cwMOLLDnMUZ6T/dKlCVyfucrBytpb5slO0Gb9ewZ3UujfEsjfMKg/eMNV9enxcYySkTA8PIwBgncv/U9sm2uAxuEwGR8jLCMdK+9KRjgzGNjyPgP5BQbzu3c5zJnn+wM6vjeXaGZyagrHyUDYvq4Vq8pqUJxKQA9JxB/OnT2FsQNbsXttPjblB2GNwBvN+aFYnhOGDTUCNBM4d3auwtYNbL+7Fbt723iY29tnNIHcvYCHt87h7vWLuH5lEqtXNmD96kb0d3XQ5NFKhsIw+rZsRNuGFdjcugq6WupQU1FGZGggIkmxuzvaknUWjtAAL9SUpCPQ1wdO1g5wtrSBrrIS3UiKUJdaQsaAM01AHTQYS1BblIKavFhS5pGozInAitIkAnsynYtCUbI/EvytEOdjAV9rdfjbkvp00UEkqfVQZ10YqctCUXYxQV0SymTBLiE46aiTKtVRhLmBKt9LZyFtHg5kALhZkEq3RKCHFV96Z3vpMcFO3DkuMzGQLP0IVNL/UpgZifevhKUpn+1qwKOeStzZUorb7Xm4sDwME0v9cK6SVHmpL04VemC0wAOHUu1wSOCK/Rku2EdqfEeMNbrDTNAZaIgtIaY8xnyTvx7fC9/go4sWAh87x5LG9IQa4mCSJXZFm2J3vBV2k4ofojYYbYZNNFl0+GtjhaMSVpHFv4bAXmWniHJqWaZLkKQniWANcYRpS6PClYwF+ptbo6yxxs8QpU66sFZaDAUJVpRFhINage+hz+eAZ9XXFOeuCeEuArXFIhz4TMWrSTIHugW8YhtT8XpyLH6dhb3R8wjsLE1sIhkVa8ONsDnGHK1RplhNxks+fT+1vvS+Y8ywO9UW4/URON8Yyz/PFStW/Eug/4kU9xegM4UuSuDm3uysnOo3X+LThfvs8+eyyn2B+ReDYCHbbxdZBHV5OWgqyUNfmRS6igq87G2QEuyHQGc7hHm6w83WHo4WNvT9hyE2PBIRAUHwtbdDpq8LqSxb1Ed4oTs/BsP1eTixugxnW+swta0RV7ubMNPThFs7mnm7v7eDgE4K/Vg/Hh/pxSz1L0ihf5w6SXAaw8drE/h8fwafH9/GD89m8evHb/FvP//C25+//4xfCO4/Etg/v3mN7wnqHObPX+DVw0d4QkB/ykJcpi7ixug2XDtzHH/57Tf8+uuvpAR60E9AZ1DfSQphV18fBgjkOwf6UVVeDk0NTUhKSvImI7WYXzs6fBA3ZqbxfPYBIiJCISIiwhPFLFywEKKLhJ7sUmzPXEoSZoZ6iCeYs73yhOhwBAX6IYLgGRUeiJiIYCTFRSCdYB0XE8qfk52WyJ3fWEpXBu6SAgHSk2I57JPjI/jyenlxDvdqLyzI5LHq+ZmJWL88H7tIgT+b3IIfbnbj3cUWvBhfi5n9NeisisXy7ABUZQWTcZ+CJBqr1oZqkBVfyOPhzfR0sI7mJ/bzisARYyONaMvFiLSRRJi5CGKspQnmYqROpeFnQkrcUARuOiJw1lzEc7W7aLGQtAU8BWyAoQzP1R5B4I+zlSVYyyDJUQbxDtKIYUVZnBV4aVSBhxoErOIaK6bip4EcH00UkmFek2iHkjBjlIUYkArXQ1mgPiqCWSEWDVLklrx8al2UOeqZKo+yQAPrY+xQQWpdQMo+yFwR+gRoMZE/kpH1FSTFviIDi+53ETJgRb4hxU7jVUEK6mpSyEgJgwqNa0VS26H22mjI9EP/SgEmd6/BvfF+vLx2BN8/GsMPD07i2+uHcfdYJ/Y1ClAX4wI3LebkugCaSxbAmP6erboE4p11sErghZ5l8Rham4G96wXYtyEXI9urSanX4+TuVbh79TBeP7+KH396jb//r58wfek4ygRByE/2Rl6SFwRx3shI8CGF7oHsRE9kxnvQYzdeRe8f//Y3ArcGHC1NuEI3I3g7m2vO5XTX4NniXOcKtbDEU5EurApfOjbU1xO4W0j5tpAAbccwgZPtVx/o68Jg10YO682bN/PrrG0nuG/Z1IAtNFYHO5vQSUYiA/6+nhZ6DzsxdfwQJkdGcP7wYZwj0I6zWHGWn32SJYu5xIHLlsVfTN/h447FkD8hoL9nTnGPH+PH2Vk8Isg/JAgPMoDT2DtGUD9G8D5DxgbbAx9jBWFYCVdS5+dGDvJKbWxZf2bm0j893b/keGcqnb3Wo3sse9wshzyr1MaMgfWNjWjMKEZBdjb+MH15Avu2N2F7TRIaU71Qn+mP0gQPFMb7IC/WG5saCunDKiIrSIAVS/OwalkZTh/fj/t3Z/Dy0TWyZEZx9OhhrGhowpo165Ecl0QW0jbcvXEJ2ze3YMPqeiRGhyHM35NgbQ5NZVXYmlvAVEsLbuZmKEqPhp0NwTLEH3ER4fBw9ECIJ91MFqY0mPRhqaSCZJoImsgyL82LR6kgkmAejaaKVAJ6FGoLE1BfkozCZJpAvC3oNVU4yL3MVeFtqYpgRx0Oc28rdRhryECeK3QGdBmokkJncNcmZWZEKt2CbhZWfY2BnUHdz80KAe4WCPP9j2V3tpeeFueP7NRwlOUmIdTbFneuTwrLqU7uxf3uajzoqcBMcwou14djosIXo/nuOJrtgsM5btifZof9BK7dCaSq46z5snpPhCmB3BjtfvoEcWHimJYAI6xl3uxeuljlocVzsvdHW2I4zRZHMhxwMMUaB5KtcZBeb5Bg2BNuQAYBGQI+2gRyTdSSIqi0JZAbSSJebzGS9KUQobUYYeqiSDKQQSO9dl+8PfZmumE7vW4FKQ22VP4F5IoSrLHlduEeOlPsrAobawz68qTe9WTEhKFrc/vsLIRNTYrtty/iTnTq7JiahrTQqU5TehEpHVmkOqgjzVYZDcGGaI6xweoIC7TSBNeTYImjZT6YXBnDP8/m5ub/Ycn9Kw5qYQz61zxkjTWRuT11rsyZM9yfWBOq8/922Z7UPCuHqqGoBCXpxdBUUICThTnSCEYBrk7wc3GBjbEZbEwskBgawWuch/sFIcnPC5l+bsgPdEd9rD+6C+JxpKEIp9dXY5wmiQubl+Py1npMb2/Etd5VuDnQjLtDbbi7eyPu79mE5yO9eHVyF16d2YOPl4/ju6un8f3NSXy+M4XPj27gpxez+Ovnz/idVUv78Qf89YcfCOqf8PPHD/iF2o/vhUr989s3+OnDe3x6Rcrg5QvuUXtn+jIunTjAP8PZR48J6KTKSZEP0gS3b+cOHNi9i8A+gLjYOF5URVxMnKAnBnFxcSjIy2Pi7GmcOXUCr148wezDO4iJiRJ6s7Pse/RcFpLGnN9kZSRhbkIqKSYSKUlxSIyLQnRkCIIDfRAa6I0YOmZOcQzoLFFMHoGZebYzNZ5M55iCZ/vnPHc7XWeQZxnkcgQE9JJcVJblcM/0LauKcKCzFveOb8Cnme346XYvGUHteDm+CvdGSBn2LsWBjkq0ViVjWU44anLJKIj3o7klFIvZqsL8r2EkJydM1fzpPTK9tBBhtpBUuSSpbDVS6rIEaJbeldS5Eds/l4KbnhgBXYxXUXPXERV6qOszT/Z53Dku1GQxUl2U6PdlSYWzYxlS3wRxHx2ke+sj2U2ZjkmV++gjlxR3UbAuSiOMsZSM99JwExQFmaAk2ABlwWZYGmpBitwKS0MMURNphpoIQ9QT0JfFWmBFvA2/VhFqihIa3wV+BoiyUYGzniyUZOieF/8aIqJknC4SQl2UFLu42Dwo0LhkK46NS9Ohr60ABZmFcDCQ53HnnbVJGO2px7VjmzF7cTdeXz+El9N78B0B/f7xbZja2YTdK9KQbK9Kxo4CnLWl4KgnAzsSApbKomTsSKGA/ue2pZEkBDN5299WhOGuKpwmlX7u6Ga8eHwR33//BP8goD96cAUFaQEoSvVEfpIbMqOdkRHnibxkTwjiXSBIdKc53hEjh3fy7ygu0AWOJkKHOKe5WHSe/tVYjed0N6N5mjnMOTMFb2OA9PhgrCotxZaW9ejqauFx5/t7N9FxF/b2d2L/IDveiCG2v96ziQN9qIclmmlCy8Y6bG5eRmq9CW1tbTw5DUtKM3XoEI8R56VSxw7jAiuTOnEM58eO4+LkJMF8EtM0zm7M3OBwf01K/Da193fucrX+LbUfHzzBo5sPsIsMiT4ae4dZ+dShIZygNjY4iCO7dvFc8RMsC93oMdyYHKfnn8d1em0G8y/L7SwFrDA2/SWHO0sLyzzf79+fxfWZGZwm5b917VoykJLwh4tnR3FoYBNaqtPQQAOhIN4Ly/KiUZMViZXlaeimN1xblIzEYDdEeNlhVXUhamig9XVvxtEjh7GbJof9Bw+ht7cPefnFyM8rRntLC0ZHhulD2gBvVxeE0OTn7+IEKz19mGnowM7AkKy0MDg5eMDOzhNuLn6wNHWAk60Lgj0D4GplDhNSDVpyCjBRVERuWjQKMuOQHO2HuFA3xIc4oZKgXkGtlBRyQUowUsNdEORiSODWgJ+1JgLstHhjcA921OV76KZa0nzJXUlehjcVRRlS6EpQlpeClpocTEilW5tocs93S7Lu+dK7qyWCfWw40CMDmee7C5IjfSFIYmVVE7hj3P4dbfxG/OXJdTzqW45bW8sw1RSDS8tCcak2BMfzXDnQj2Q7E8xtsDfRCvtSbNBD1vdQkj36o8ywmSWLCdDHWg9tLOdZ3dTQ6KpFCp3OkzIfjKHnxlnhaKYDRgs9cSLPGYfSHXA4g6CcaIntwXpo82GJZVSxzEERpVZyyDYikOtKIEqHlIgWTVhqIojTEUeRhSyvm74l0hIdEWZY5aMLga0GBy6H+OIFBOKF0JUTIaXNQtCEil1ebG4pno5lCegM3Kz0qhaDNalwrsrpuazQixr9vsrihRzwDOhq0iIc7ky1GyiQqlOWRJCREnLddJForUZKXRutyQ7Yke2K45UB/PNky2D/WqH/kYP6S9jaF8e4hf8MZfsa8/40t9T+xz/9J3X+z2V79nsLF/EQLAVpGYgtoPcuK8Pj1LPICPVxtIe3owOsjU1hYWAMJ3MrWBpbkBHnjZywAOSGkfEbEYDmjCjsqMjAkcZiXmhlbEMlJtuqMdlShXMbK3CprQYXSFleaq+h41rc7FmJB0MteHqkh0P9w/lhfLpyAj/evoifyUj+9fl9/OXDG/z+4/f4xy8/4R+//oR//+0X3v7tlx/x73/+FX//9Wf8/vOP+Dud+52u//b5e/xEiv79s2eYvXMLj2nA86Xl8XGuzAf6ezFEk8josUPYt2sQVubmHOAs9EycV0cT5XHmqsrKpEQu4N27l3hC6vz1q2cIDwvmBVbEWT14SQnILBaDoqw0zIxILQZ4E7AjkcQ82ZPjEEefW2xUMPXBiAoT5mzPnfNWr6ssQVV5IfdaZ8vr7PdyMpJJoWdyBzkGdJY1TkD9srIsDKwrwGR/Be4NL8ersxvww8wW/OVeHz7PbMWbiXV4crIBEz0FONK5FGf2bcJegv6GmjTU5ESitiAOq5YmYonIIsiIi+IOTY6///XPKIuyQYjpIlLiEtxZLdpalgBJQDen8WGxmIereRmIw1NfHB66BHQaNyylK/dY110oBD8p+WBqETYyiLFl++bSSHaSQYarCvJpHJeHGyPHXwt5AdrI9ddBXqAJCuh8KY33pTGWKKExVxFtTUA3RjFL50zGfEmQAarCDbE02ATVkaTiw81RScfLo6xIsRvy0qrl9DifDIZkJ2XE2qvDUVcGitILICkxj4euMaAvXPAn+p6+IeN0AcI8LGhe9IIKjUs5emysKoZEbyOszGHOcdk4P9SM6eFWPDjbi5dTg3h2dgtu7luFZ6e2YXxLOTZmuvPl9wwXGqNOOgiyUIa3iTzsNcThpCGKZFdNrM3yQldNDA5uysPx3iqM7V2FE3uace/mOD59eorf//4DLl8Y4eo8P9kLucnuyCY1LiBVnhnvjqwEd5pLSbEnepD4KxFuteUmwtZCqMiZI5yJiTCHuwPNyyw+3d5YGJvOPN9dCewBzs7EqCJs3NjEvccZuFn1td3bNmBoZz/6+juwbdtGvry+bdt66jtIzW8QesVvrMS6hmXYtn4pV/HMUXtfXzcH7emDAzhDEJ4kqF9mxVTOnsT0iWNk8J7C1IUzmJqYwJXxK5ihMXb19BRX7lfPTmP68mW8vX4b92fu4SYpbFahbX9/Py+9epGVYyVVfZJel9VqZ+qctanjxzEzdZYnqrlPKv0ugZpBnSlxIdBf8aV9lkHuNbVnNM7fPnzLHzO4Xzl1ChvXrMEfrk5fwuTZE9jSXI2S1EBkR7ogN9odS9OC0ViSiPU1OajKi0VyuAeSQpwhIDVSnp/CEzusWbMSrWTVVFbVIiMzB8kpGQgMDIMgMxtJ8XHwdneHib4BjLV1oa2gBAcTE6RFhZDKoS81PQVmpqR+rLxgbeEGe2s3gr8PovyC4W5tCVkRUchJSJA6MiR1XkR/MxUZCSEEVSeCuivy08NQkBGCrDhfRHhbIszTDN42ZMkZK8LdTAkhTnoIc9FBuKs+9QZwJ+VurCoJTWUZqCnJE8yXzEF9CTRUFaCrqUxKXY7vpTta6tH/rMBVOoM620sP9XOgv+2K6GAPJEb4kVUYwo2M/Iw4XoHt7//2N5p8P2N2xwo8HGjApRUxGCvzw9kSDxwRMFVti2GC8UFS2EPxltQ7cEjvJIW+K94a/SxVaoQ5toeb8jjyDb56WEuW/mZ/ffSRgj6Q5cqV+akiT3pdH5wscseBNHt6DXMMRJlgS5A+qXNNrPNQx3InFRSby6DQVBo5xtKI1yVlToMwWlMc2cayaPXTx95UZ3SEmaIl2AilpOYDaHJgIGZAdjFVJmvaBdtaMnBgJ4v3TeJwZiCXZ/vrEkKoMxWvtUR0rrFYdTFoE+CZx7uhvDi06bwyQV+YSU4Yz+6hK48cO1VkkfXvoiMHG3VZhFmoI8ZUCcFGyihw08MKMmDYT29PD18a/9dL7t/wtK8M4PPpnPB4bpn9j1/9s4DLV3PL7f9d+JsY3WesTrfcYinMI4NATnIx7E3pPg0LhIetNcJ8fGFhZAxTHV3YUG+ub4JwL0+kBvkiKzQAWUHeWJ4QjDXJIVgbH4ANiQHYTGOnJz0YA1mh2JMfhT15EdhXEImj5Yk4WSfA5JoiXNu6HPd2teDFiQEO9M/XzuCXh1cJ5vfwy4uH+OnVLH5+8xy/vX+J3z68xp+/e4e/fP8ef/n0gZT7J1Lu35Ny/4y//UTK/Yfv8ev33+GX77/Ht69f4eWjB/j87Ueh4xdNGswRbld/H44e3IvaqjIoKyvy0qbMoY31vDEPdnEy3lRV8fTRfTx+eBfv377E+/evoK2pCUm6JkXjcYmUFOSXLCaY68PPyw1R4cE8AUw8KXHm4BodFoQEgnpCTJgwZC02AvlZaSjJE3qof1lmzyT4C1JZIpkMagLuEMdC1ZYWZaEmPwnjAzV4cKgODw4sxbuzq/Hd1Cb8eLUD30+14e3kejwdXYEbe8sxvC4FR7Ytx8TwVhzrb0JzeRwaiuKQFeVO85knJBYuxOVLF/lnsaEsFiGGXyOUlLif4TcIMFiECHNRhFILt5FGgAnLBsdqnovxYivehmJwUP0Grmrz4K29EL4s0YyhKKKtFiOeLbM7KyGexlqSiyLiSaknO8sh01sNWaTM8wM1URyqSyDXQhbBOI+AXkZjvCLWDGURJigLM0a+ny53iiukvoiM+UpS5lV0viLMDMvi7AjqVqihMbqUfrcqxIKeZ4w8H0OkOKkhwV4ZkdY0hvTkoKUoClmp+fQdfUPf5TeQlJwPPQ1Z+Njpw9vOAMpLRLBk8TzoKInB11wJpdG22F6XiIOthbi8Zw0enu7Go9M9eDTSjmcnN+HN+QFM9ddiZ200tpaEYUO6JzqLwtCQ6kfvywqpNEYTnLQQZ6eCXD8dLIu3wc5G+h62lOJYXy1O7GrC5bO78f7dXfz40ysc3N2OQrbcTtDOSnAlmLuTQndGdipL1uVJ5zyQEeuOtDhX/j11tzQIE8oQL1jFNce50DVTIwPYmQtLqFrMVV1je+medrak9uPRvrISWzqbCdqdGNzeim2d7Rjc1oqd3e3YTufbm5uwuaUGO1obsbV9DdpbV5Mqb+DOcgzmW7a0EuTbsbNnM87t2IFDw/04t7cPkyxOnEGXwM5iwC8OH8Lk0aM4T8r4yqEjHPZTdHxrZIQ+w+O4dmqM1PYVUs/X8ZxgOzY2xou9sCQy5+d6Bnb2mvx1Tx/CzPlDuHbpJGbHWHKZC7h5fho3rtzAU1L9d3kSm7f48PQpnj9/jpfUZmefYvb5K7x6SgY8AZ8pd7YF8IcrVy6TxTGKPX2k0uty0EDqfEN1OtqWZ2OIFMWhLbXoqEtFZYY/cmJckRXjibykYMQGuMLd3gS5mQmoLC9GeVk5MgW5qKpehoqKpYgOD0dooB8So8NJ4QYhLiQCbo4+iAiNIHXgTJOEGRztA+HsEAhzU0cYaJuQGvJEtF8Q38eUpclDm9Q5Mx7qK/OQGhtECj2AYOpNMA2AIDEQ8WGuCHY3JytNHZ7WGnxZne2dM2Xuaa6MCFc9vn8e5qIPLys1mGtKQU9tCQFdFuoq8nzZnTWWBIMpdTMDdRhqKJEi0+RAZ0tWwqV3awR7OyAqyB1xYd5IjPQj4yKUrxxUFGYgPtwb71/P7aMfbMGDwUZcWpWMYYEzKWg7HM605cvje5OssJ+U+e4ka+xMtMUOAnp3lHDp/ZDAnUP+SLYbhkl5DyXSc+Js+LmD6SzhjC29jiNG891wusgDpwvdcTTLEXtInXeF6KE7whirSSGsdVdFtbUcSiyWIIcUuoCAnqwvhRRDKeSayfLEMz00sQwmOWCFhybSTeURbrAENmTsWOnKoqrQH8ePN+LCxXWYutSCiYm1OHV6NbwcNHmtdBbO9kWhKzFnOGlhlji25C4rRudF5kFXdjFPBasrK8kd6JgjHYtXZ9APNZbHqmBDlLtqoMrHAFG2uvA0IAPMRAkZdsqIt1FHdYilEEZ7hiCxaAHmk/r+r0Bmj+fP5XLn8CZoz5uD+YK5ZfYv6vyr/0adf3mNRfMXcgc5EVLq876ZB1U5OXjY2SAh2B+e9naIDiQD08GZVLshTHR0YKZrgEBnR4S4OiDCwwlRrnbID/VEQRBNVp62yHK1RBHdk/WBjmiN8kJnrCe2xnqgL8Ufe3PDMVKRjPFVBbixYyOenD6A1+dH8G7qNN5dGcP7q+N4P3MOH25ewoe7M/j24S18/+QePj29j88vHuNHusc+vZjFj29f4CdS0D9Q+/HdG3z/5iU+vXmBT68JwM+e4um926RG/4rffv2Vw3ywtwe7SSHEhIfRpC8JUVarfK4xhS4qxuC+iKd09ff24ED/7v0bfCRD4uKFcZ7eVYqU+ZLFEqTMpeBoa4mQAB+Eh/gjNSUeCSxhDAGceaKz8LScDOaVzkLR6JjUeV52Gs/8VlGSi+qlRSgiiDMVzpziygjgzJM9NyOJ53KvKUzDeO9SPDtciZejy/D69Ep8Jph/OL8BHy9uwHfT7Xg1vgZ3DpTh3HYBhppSMTLYjANdjTi8fQW6m/LR3lBA35ElTLWUIbZgPu6T0mE/1ydHEWu7BGHmdB9aiSPUcjEBXZIUtyjBfBFX6f5Gogg0lSSoi8OdJYvRFYWb5jyeES7ERBJepNIjraSRxIqkeOtA4K2LFDdVAvxipHqoUZNHmpcWcgN0UByhjxzqszzVUOBvgDzmqxJmRMrcBKVkSOd4qSLfV5vATs8loBcFkjFL47422gI1USxPuxmqgvVQGUQt1JKeQ0rfzwgZbtpId9FCirMWwmhe8zNT5GPXSF0KmooSHN5SpNplpckAX7KQe8PL0jltAr+/tSayfUyxtTwSJzoKMTlQhzuHW3BreANmT3Ti8fFNeHp6O6Z31KKvIhQ95eFoz/REV2EAdtbEor82CttKQ7AhJwgr4t2wNNgKVeGWaCsMwq6mZIJ6MY73V+Pc8CY8vHkST+5OoJ6MrOw4F2RGOSGblHlWrBMy46gluECQwCDvSXM6XU9y59/TqUM7YUXK257g7WrBoK5Lok8LDqwoC0sJy8qqmmvOLcez8DVTpPt7orIkExtrCtHbuQa7ezvRs2UT9va2k+Lu5P5f2zauwKZNjehYWYPOujqsq1+GzgaWNngdBreuwzaCOnOqY8p+kH73WFcrdhzcgQmahziE50DM+smhPRgf3ImDXV04OTCAq3TuGoH94eFTuLqHoD52Adcmp3D7wlXMnJrAhdPDvODLpbnGXoPB/CYdTx8+jGlS+1dHTuDJiVFcJgPg1tQEB/T1a9dx/cp1zN6+y5PYMEe7N7wq20vuRf/0yXO8ffSWVPws3hDwCeiXMH5mFGdGDmJdVTbySfGmh7kjP94fqyvSsKkuje9NbVwah7bqJBTGuiGboB7qYYNYUqzZSREozIxHYW4GqqsrsLJpJVY21hO0LcnaV0egrx9CgtMRGJQKd7coeHtEkaVlB0M9KwJ6EJwdg+Hi4AcnW7L2fYKRHBwGNZpU2dKeu5M1BrvXk0Iv5ko4k/5WahwZE6EeCPK0JAPAAL6OhnAzU4WHhRrBXOOfS+0M4gF26tzbne2j+9A1K205GKrKEtBlONAZyJlCVyGoqyvLQlddgRS6Bsz1yDrUVaEJXJEbLUylB3nZc6DHh/sgKcqfK/QcAnpJdhI/f3NauI/+YXIPbm8tx/VNeThZ6IGRXBcCsj0B2VqopqPN0BtjxRsDazep8p4oc+zPcMWxXA8CuwvOlPhhtMAbR7JcSNU74nC2K0ZYiFsOW2a3wyi97qliTxzOccLeZHqdMEO0kDrf6KNFCl0NdbbyKLeURbaRNNKNZJBqKI08czlS7qpoDzRGLV1faqOAbEsFeGlKwlqJJi0TOezoLcCZs404cLwKBw5X4MzYClyiSXTqYhsO7K+EnqwEFObUOQO7ouRCqBHMWelUpUUsbl0ctsrKCLcwQ7CNOfSXSMBSRQF6CtK8zCpzjjOiCSedlMX6UCOUetEE522IYFNVBJipIZzUQ6qdGikQXf5ZHjs8DBkCjQyr4jXvm/+0D/4nHlf+FVfpX8/B+0uNdLa3zp7LYf4vltu/JKeZTxDnaWTnL+BhkpaGRvBzcURqRDD1zkiPjYWnswucrWz4Pru+mgZNMhbwc3TkPiDRBPTiyECkeDoixtEM8XbGEDiTCvO0wnI/e6wLc8bmOC8MZgXjVEMOrmxvwp3hXjydPI7nF0/ixYVRnlDm7dUJvJkep0b9zCTe3ryMd3dm8Pb2VXx4eBPfzt4lsD/Ah0d3qH+IT88e4cNjUtGP7uLdY5Z28g5ePriNl9TfmxFWq3s2+wQ7+3rRQJOXjqYWV+SiIkyVL+QhaGL0mDm7iXKlLkqAF0VdVSW+ff8anz6+w+NH95BJ6nuJlCTkqCkskYa3mwt3dGMlUBnQ42IjEU+NPY4KC+SFVwRpwpKogrRElBYIeJhaaUEWAT2ft9JCAVfmVeX5qCzN59crSLmvri3E+cE6PD9WhYe7c/DdxU34/fEQ3p0nyIw2Ur8Bn6bb8PBINaZ6szCyIQkD9cm8utqBbfUYaqvEUEcdlpdk0PdlChtzYywWWYimsHBsKy/jnwlzYE33NCCVvhBRNosRbSvDK6l56y7itc1Zelcvam7aC2Cv9o0Q6joL4aO3iBS9CIJNZMgAkODFW6IsxUh9a0PgpUMQV0E8KfQ0TyUIfLWQ7W+I/CBd5AXqE9z1URKij2ICeUGQGQrpXLaHOjJclAn2GigO1EU5KfPCAOppXFSGW5BSt0B1hCVqI01InRuiItSEFLwlKkm9F/vpI9NVB8kO2nS/aSDCShFuhvKwJsFiocGyIC4msIvT9zafh7VJS5KhKruI5j5xeBjKId3dCGtSSUCsTse5nkpc2dWIW/tW4db+Vbh9aCNu7luHkbUCdBeFYKgmHl35wThUn4Sh6igMr07GiVYBjm3Mw+H1eTi4JhdrWPKqbG/sqIvG/uZMHO7MxNjQClwf34kNy3KRRxDPiXVBdjQBPJqt8jojI9qGxhb1CV7ISHSleZ01F+7pfv/WDGzM9Ajgwr1zGxMdWJno8eV3FrrGwM6W3FklNhaPbmmmg0hXJyT7eyEzNhptdA93dq7jdct7u7twaKAf+/u6Oaz7O2qwua4W7VVV2Lx0KdqoMbh3bt6Eoa71ONDSgGPr6zGwfhVfvj9ASn+0bwBnCNoTgztwipT77vZ2rFxai/LoeORHxKA+MQaDhWU43jWIOwTpR4eO4snIKB1P4sLJk7hCberoYZwnVX9xLt0ra5eGhjBFBsJNOmZlWq9N7MZ1Uvkzh07j4YkRXD0tdMC7eXYaM1eu4POV+3g1O4sXBPJZGtsvX77C87dv8fTVK3r8Gk9nP+APU5cncXHyNI4fHkLv5rVYX1+EWF9bZIa7ojjRh5R5IEE9HVsb80ihuyGP1EZikD19Kd4oSAxAUUogD0mozE8mNZ2O+roytLSuh4ebO8QWssIMBFS/KISHZiEkKAPurpGwtXSDmZEN7Gy84UWAd3emCcI7HPF+ocgKj4azpRWUFQk6ZK13dzShokhAkwOz/qOQEOmLQDczBHmY8yx0LIFEoL0ugux14G+rwffMmTNcgJ0mfKzY0rsOvAnm7haqsNdXgBnd9FoqUtAgoKuryEKV1Dp3kFNgGeTkYaitCBtTbZgbakBLUQrO1oYc6IGedgjzcyZjwgvJsUH0vzBFEoUiAnqQlwOO7esX7qM/vITZ/lqCeiku1oXgRIEbDmY44ACp7r0E9YFYa/TEWKOPgN5PlngPWeG9sVYYSLDludeP5DJYE9DzvXAsh0HeFUfyPHE0143vvQ9EGWNnrDmOEtyHMxzJSDBFV7gR93BvclNDFcG6zEoe2aZLkKAvSU0KeXRca6fEw91WsOV4ltBCbzHcVcRgpUQTFn1eA/2F2LErDweGi6lV4Njx5Zg8t4YUGlmqp+tx7GQtmldFwphUAAO5PHOEY57uUiIw0VCDprgYTKSlEKJvgEx3D9TEhqMxOxlFpHRdlRVhJC8DPTKg9JVlYKOxBLH0N9dGWmItDewUR1046pAyNlaBlzFbRlTmn+WZUychTRMyg7o0i3cm+HxDav0LkNlS+jdz7Qu8v0Cde7X/F5j/6f8Ttsb2z5ky//JcVu5TVVEZ3q5uSAgNRFV+LsJ9fJGbmAw/ej82JmZQlVeEmY4uzLS0eT5pV1Mj5IYFoSA6HBHOdmTEmELgaY9saiV+TlgVF4i1cX5oTQ7E8VXFmCJVfufoIMH8BF5eGceLqbN4fvk03l6bxLvrF6g/TyBnyWUu4fXNK3h1Ywovqb2+PY2392/gI0127x7cpHYb7wnc7NxLAv7TG1fwaOYiHl67iMc3p/HikXD/fPLsOHKz8khVy/GEMAzmIosYxEV5zx4zj3W2OsESxLC65fW1tfiOYD77+D7dE93obG+BvIwUvXdZGqf2yEiKQ2x0GAQE+kRS5tGRobxSWixBPiGGDO74WOQK0ni2N+YIV16QzcPUviy3s2pp1eUFqK0sQl1lMZZVl3DV3lhdjPO7G/BgbzEeDeXg9Yk6/HKrC397tBsPjzbi9fhafMuW3a9tJnVegjPt8djTEIZtVZHYv3U5tTqc2LUGo3vbsGl1DY85DyDDzEVXD4PZOajz80V5fIJwjP7wCVWJzoiwEEekhRwBUYbvh7MCLF5680mdi8BJbT4c1efDVWc+POixrwFL2yrKU8PGsrA0R2VEktqPsZVCqpsKGQmqSHZToF4DGd5ayPTVRSFBWEBGdk6AHnL8tFAcpo8sX30IPEiV++og28sImR76BHIj5Pky5zk9DvtCfx2U0DmWtrUsyAjLoy34UjwPZYsgsIcYodBHH6lO2qTWdZFor4FkJz3EOmgg1FodHqRinY2UoEOGuuISEVLnC6AiPR922ksQSOKnwM8CKxNdMFAZieGVSRjdIMCZtjzc2ENgP7iB+mac21xFME9Ed2EoBkqCsLsiHMMr4nByYw4mtpfiPM1xF3c24d5IJ64eWINz/TXYuyEX64pDsb4kENtWZmLT8mxkR7khM9IJGRF2JARdkRFJEI90RHqEFdKjrJEa48BBnkpCMZmuHzm0g2c2tDHThxWBmzvDEcRNTNRgyiuu6fLKaw7Gav/cR2fL8lbmJogiAZjg6ooVOYlooft4DyvW0ktipLeXoD7AAd26YQM2L1uGjupqbC4pQkdZLjaWl6NvJbuH1uBAVRN2b1qN/WvXYqixAXs3bcbxzRuwd8sWDK1dhrXFRcgL9UOiB3HQ2ROl7oHIC49AbUAsVudX4cqhQ5jZdwz3qL9+9ATOHzvGl+qvDA/jNkH7MgH8Rl8fZuj/uTY4iOlduzBN/X0yFB7Tcx7T41tHDuHekX24S8r95sQ53D41jVtnz+PpxDW8IaAzhf7i4VO8fvYa3755g9evX+Mt9e/fvcMfzpw4gLGTB3D2xH5Mnj6M4aFu5JICzw53QlmiF8qTvFCTEYDytEBU50ShmACeFu6CtFAnFCf5oo6lXi2JQ21BPOpK0lBTlIKGmgKsqF1KE6Qin0iUZBUR5JsEP+9E+PskwsHGgywue5gZ2sDfMxpxwcnIj01FTmg0lmXmoTQ5Bab6Wli2NAfrmypQmJ3CM0klxwQh0t8RwQR01jxtSHnbaiPYSZ/grY4wZx0ee86A7sUUu406/Nnyu6UabHSXwMlIEda60jDSXMJj0NWVFagJ99NVFWV4nXN9bSXuHGfLUsJaGvDEM642woQzob5OfA89PsoPgqQo5KYmoFCQjKhgb6xeVs7TSP7jp4941JGF2YE6XFkZg9EiDxwklb0ryQb70uywk2WAS2DH9hjOdsduOt8XZ41diXbYQWA/mOmCYwTzkTwPgrkn9tPz9mU4Yyep+8FYM+wggPeEm2Io2YZeiwyCcGN0BLDscJpY4aKCSntlFBGw04ykkEQKXWAmizIbeV64pd5ZDQUm0oglmLupiMJKTRy5SY44d66F2nqcPrmCINqI8bOruTo/fLwWh45V4/DRGgJ6HU6dqsX2znQ4mSnwfXFl7tXOoC5GhpUzrBRZghpthJiZo8TNlZRSFqqTouGlpAA/TRqUsjIwVpXnjYHdQ08edaRYyr0MSBUpwUxtCWy0SWloyQvT6V44D1kxtiIgypsCW/YVE8ciUtNfgD5/Lq3rl6X1b748/i9hav8q29wCgjoDO4vBdraxQ0p0NE004VheWIDYoECy+GPh7eICTSUlaCgowFBDAzYGhjSpGCPE1R7FBLAkfx94WZkhxs0BZRH+ZLkHobU0F63FAqzJiEJHfjzObFmNG0d248mF03h+ZZKgPYU3Ny7iFalxliHu/e0prso/3r/Ok8u8IEA/p/aM9dcv4+Wtaby5d4PaTTy/eRUvSMU8J+g/vnoB9y9P4M6FMdwkw/z25bP48Pq5sFqdixskxCVIfYtxNS42V6+cNZF/NmG2N5b5jcWWr1nZiE/fvce7ty/R2dECM2NdaKkqwsfdmQzZKGSkJiE5MZYnjinKz0I6W2ZPikVKYjSPQ2eZ4DL40nsMHUfyHOwVJXmoKivkpUo5xKuKyXAoR11VCbUi1NeUYqh9Ge7uq6LJLglPDhbh28ut+Pl2Pz5e3oqnp1bh1dhqfHd5Pd6fX4OpPlKIzeHYVROALUvDcHLPRg7zE7vXYmRPB4ozEyFIiEVLjQBLvf1woqIS7XFx8NHQRE5cNO7fvoF//8e/oWftUoSbSSDMTJJUugQCTUXgb8y82RfBQ2shD1Nz0V7I87j76rMyqeKk0Bcj0IgllREjqMsjykEe0Q5K1Msh1V0ZGR4ayPTTRJK7AgT+BO5QY+T4qiPHXxdZftrIpmtpLvLIcFVDqrMqBG7apLY1SakzwOsi398YRQT1YhrTVaGmWE7Gf32sLVYnu2F9hhtW0bhvoLmChbIVkBGQ721ACt8MuX5myPMxQwJBPcJRD67GSjCUXwgtWTZ25kNfif53cxUyQNSRYqeG2hATbM72Q09hEPbVhmKsvQhTA01coU/vXIlTa7PQTcq8uygInZluGCj2x2hzIs6RUDnXRWJl5zJcPbgOj8/txMPxHbh+uA2jW5Zi49JYVKX70hzugUICdXYUy7roRDB3QiYdZ0Q4ICuWgB5pT+OMGj0nOdoOSXScSNA/crBPWJjJyRTm5poEbVMObZY1jsHdSpcgbsgKLCkJ99FNNTnYHc114WZJ87+DA0pTItBUWorOlhb0dG3jQB9jXuZd27GzYyU2N1RhoKYCe8ry0VNSgLa8JOyk5+9raMBw3TKMNCzHeTo+u6ICR+vrsb+5Di3peSiO8iWDzRMZTrbIcHREvos3UvyDUesfgCx3d/oeg3CkqwtTBw+SYXSQPp+DwqV1tsxOx1dY+VQC9jlqM229uLWpC7fbtuNpTw+edfXi2VAfntH/+uTYXjzZ3Yf7gyO4vucwX8a/OHmRpypmTnasGMyL58+5s9xrUufvZ9/xzHSvPn7EH25MjeHqpVO4duUsrk2NY/zUETTX5qEoygWVBPTiWFfU54SiLMkH6SGOKEkOIJg7ID2UVEiiB5oKwtBUFIbmEpq46lOxqTYNzZXJWFWZjty0GFLBqpASF4eLrS+BT4DkhBL4OAfAy94HLpauiA5IQHlqEaoTBahLEmBlRh62VNUgNzoSG5uqaSLIRlpyNFLiQunLD0S0nw2ifKzh62hEXzBZZ6YqiPQwI4CrkEpXR5SHHgLIYvW11oSbmTKcTRTha6fNQzbs9GRhp78EVtRrkjrXUlPiDnFs6Z2FsGmosKINijDWV4GliRY8HMzg4WgGA00FOFrpc6Cz5fXESH+kJ0Xw6lBs/4/tBUYGuuGH74SJPO5vysD9jlxMrYrHRE0IjhS4o49AvifTFQcETtzBbTjHA4eyXUmhm3CQd0WY8rC0/emOwsac5qLNsJtUe1coK52qi/4oUwzGmaM73BBtNOA3BxugPUAb24N1scZdjYCuzBV6nvkSpJks4Sq9wl4J1Q7KqCSFns1qL+tJwU1VDHaakli3IgLnx5tw/sIGjIw14BCpouHRGoyRMj9xegVG6dzhkzU4SudOjtXhyPH/R9hbANeVZWm69aa7MtPONIOYmZmZLGbmK7pi6V4xsyyLZcmWbZlkWbaYyZYtW2aSKc0MSdVZXT1T1TM9L+bNxP/W3nJm98yL7ueIHeeCJEvnnrO/9W1YKxvn2XvTtQj1MeCr1mW3f8tXu6uSwRkpq0FHhoIpYwtEGRlD7OVKhuGMParKcJTYDU+Cur2cLPSkdkKHzr+u3E44qksg1EQBQaYKMFCUgLbcLhgqSeJwVxtdvLcgv2MzBQ+bIUMwl9uxnTeZ7dvXbf3v/u5/G27/bc78t8f/EcxZ+47VTqe2a/sOmBqZ8gIs0YFBECcJkJsgQISvDwShQTBQV4fCbkloKShCXU4OhmTpzmZkGGTyaSGBCHG0R4C9NfIIZj0lIhwsL8LU4QM4Wl2CrlwhjpZk48rgYXx/cQFv71zDm9tX8fkhRdtrLO3mVQ7w34bXPz1Yf/0tQfwFgf/FDYrMybxf0vN37D0C+qu7N/CCfsZzgj2D+f3LS7izPIubS1N0nMPf/ukf+eKZ9dXr364vfmNWTgbOtp+xqmgbNnyDrznIv+aNpXFlq9jnpycJ5m9wrK8XOhrKUFeSg5/XHiTERJBJBfN95gnxURCJMpBN1p0uTOQr1ZOosaA7IS6cF1XJzUzh90dSbBjyMoUooq8Xka1XFIrIznP4iveS/GyUkqF3NRTg/lgl1k6k4MlQJn65vBd/vncIf1k7hrcX2vDhcgsZegM+LFXgxQwFlq1hGKogmGfYY6SDADNxAGN9tTjRXoDTvbXISoxEmM8edJdGYTpPjEvl5TiWmIgAHW04qCsiOcgVb18+XU+6c7gJfoYUkLLyqHrfwlVnI1y1NsFemaV9/QY2ShtgLf/3cFHbAGdWaU2PAgDDnfAzIqs3JkO3kkKELRm7vQQErmTpFDQnEbQTCeLxzopIcpFDhrcy0r00yNaVCfhy9DVSZNcyiDCj77FTQKKDPAFenm9vS6OWTEFBGll+PgUD1dHGqIszR6PABp2ZnmhJskN1lClKg4zp3tKlrzFGvr8hQV0b+WS96Z4GCDCXh5s+BdHUN9qqUxAquQnWSjsRQGITZa2M6kgbNISboTXOFkezAzBSHktAz8R1Avm9yW4y8ELM1MZhrCIKJ8nMm9iiN5EPltrTcakvH9dOlxOsGnF3ug0Pz/XiwfkjuD/fiyunazHYlIKa1CCkBdtASJBODbWFMMwWiYE2SCamJIc6IIGOiWE2iONHOySE2yAm2IJs3RITw4fWs0TGBsDISJVvWTM0VOVb1Ay+gN2WgG6gqQFrRcXfQa+vowkbY1UKrKyQ6uqGmvRsgncDX/E+cuwgpvp7MXf2CGbI2o911uFIfj6OFuXjTGoqjhWkY0QYi0tpQkyR2a9UFWCqohwna6sxWVqK3nQBBWN7EE/2n0I/P83MDKkE9Dh6nmThAJGWGZJ1bRCla4eO4gZcJgu/QcbNjjdPr8+/3xgfwD16fvvwcVzsPoxrHZ1Ya2vH2t5aLHX34M7ebrr+23Gfwf23RnB/Spb+5Mwobs5dwo1zV/H05h2eO/4DtTdvPuAf3rKFqz/i5U8/8aIwf7hBML98cRqXL8zxoffVi7NYJJPIi3JDNn0IKd6mqBJ40EVqhOYMH+TRh5MT4UgfmBUqkjxQFOeIujRPdOSHoJCiyNp0b3SVRaMyzQd14mjUlOVDT1sb8pLKiAvLoMg5G9F+cfB39IaHlSsSAmJQmZSLuqQstGWI0RAjoIstGocys9FDHWJKQgQiQ32QmhiOjHh/ZFKQkRziCHd7A5hqKcCKDdMaynOg+9mo8HSvQfYafD7diQ2za+zihm6jIwNDgpiJ2naYa0nBWEsWGkoyPPe0oqz0l9XuElAneOupy8JIV4lD3NpMG252xrAy0YKemgx89lgjMtgDCbFBSE6I5At8WBKMqBAv3L6yzC/G9+Ot+L4xGHcbI3Gp1BejSdY4k2SLs0IXHGM525MdMZnhhmEC9xSZ+LSQQB9nSQZugv5wE5ylxyxhzMlQY5wI0sVhPy30+mmi118bnR5q1FR5Nrg6gnidnTwaqDMot5bi+85FxrshNNiFZGrZJrvJzBWQSx0PWxAXqb0T9vKbYaqwBW0NYWTAjVi+UEOQrsHSxWoCehEBnaC+UI6h6RycWy7DBXr/4kodVlfbcef6fly92o5pMvmzk4VIireFtsIObutsD7rSlm+hRwFckI0TwuwokjU2RZ6POwWGQfCUkIIrwTBG3wB+ZPEWMhQ40TnXlN0FYyUJOJKhGyvthgEFVAbKMjjS3Y6njx/x/Oqqu7dBadc2KOzcSkDfRm0HZHfsJFvfwg37t2Hzfwv1/3OY/f+bae4/8aBgG1mq9E4K8nT14efuSUAPQB1BICUyAjGBgdRJGHErZ0cvBwdoysvz+fNgF0fqsALoXgilQNcD+bGR6G9pwMjB/ZjrP47Lk+MYJsMdaCjDWAfZ+eIkXt68ivcP7uDjw7vU2N7VG/hERwbxH8i+P96/RTC/iXd3r+MVQZwDnQz8BYH7xe1rHORv79/GW/oZL+5cx9MbzM4v4hFdd3cvzOPq3DiuLUzya7C//+T6vDhL1/rtxi9mvoGDnBv5F5h//dVXX3Kyfw1piV149fx7JAti6X7dBTUFWXjtceJ7zNnceAzZLdtzzrK/pabEISkphiw9he7NOERHBCONLW5LjEF2ehIvg5qbmYz0pHjkCNk9ksKBzufRczNQkJuGcjL12lIRLpyuxsvpUjwcSMfHc3X4zw+O4h8J5j9e78Xb8834SNfep0t78QPZ+YOzYjLFEJwqdMOB3D2YPFyB5dEuDHaX4FRXEU7uL0VSlC/sTPQRaquN7/ftw72GBgwkJyPNxhphpnqIcDVHeoQb3r96+iXd6AhCbOUI6N/BSetrCjI3wF7tG4L/dwREgiGrda78Nd9/zobeWbY4P6PtCDLfQW0nQiwlEWazG/F75BHpoMiTysQ5KnJ4JzlTc5FFogtZursGn1+PspVAuMVuhJntQDQFBNEUBMQ6KNH3sbSwikh0UuWL5krCCLpZztif44G2dAfszyZbzvVFZ7obmpMceO3z0hBzlASZ8LSw5RHmyPExpmbEV6KHk8h46slTkCKHCCsNMnpD5PmaozbUHF0J9jie44Px6jhMNwgw15KChc4MfL9wECsHc7HUJMB8UwLOlIaiR+iIfvEejNYJsNRbhBsje3FrvA13p9rwYKkXt2e7sLbYi7sznVg5WYpmcTgJoCsyyL4Z0FNC7dYXU4c7QeBvjfhgtvWXgEjQFwQ70NEa0QFmdL+RCARa8s+kqaYUlmTeVrqK/7of/ctedDM1KV6RTVtb68vWNVU4GGkgSlMbyZomSKb7dF9yFvY1NfFV7gOH2rBwohvL3fuxcLQDk/tJUqrLMViSgRM5ORjNTMexGCFG00VYJcDPpggxWViIc3l5mCsrQ78gEWJLCj7s7LiZxxK8hYpk6UYW8NmlDx9JA0RIyyN6uwqZPl2PXyC+REa+PDGxDvSBk7jYfwornUdxr70d92rq8bC5BrfaqnG/rg5rHa141X0Qr6qbOcyfstbfj5fUnkzM4tbUPO6uXMPDK7d5DvlXL1/ix5ef8PHjR/z4ww/c0N8T1P9wYWkcF89NYOX8DEGdtWlcWBhFV2UG0vwtURbvARGd8MYkF5RE2kIcTi2C7J3gXSJwQ2GsM8qT3VGW6IrSeCd0FoWjIdsPOeH0PXnBaCoRormhGib6+kgTiJAZl4uEwDjEu/kjwd0f6QHROFBYhT5xKU6ICtBHkdVZcSFGCoowSRFSrTiNjNiT70EvSgtGXoIHcmLcEOltA0s9JViSebsaycKHDTXZq9HNqoMYD12+wp0thvOyVIWbKUV1erLQV9rG59AttKVgY6gAYx1lqCnLQYHgIi+9m1u6qqIUdNRZ0RaWZlANFsYafKW7p5M5PJ0teQKaAC9HxEUS0AWRZCgC3oGlJ0XzanI8wcztOdws9cBajT9WK4MwRzflRIYThsjID4Ua4lSsJcbTHDBJbTbdGct5njyD3EC0OR9aZznZjxPIGdzZEDvbltbpQUburYUmitzrnZVQRRCvdZAjsCugxJItcttFZr4TqUYSyDSVQLG1LEQmEnzxW7IOdTzq2+BIZm5FAc2++gBMzoowMp2NqYVCXFltIyMvw+RiBYZmcnF6KpveE+PixTpcu7YfN2/sxwUypEUC/fRcEWbnyjCzWEXWXoOu7njYmsgSZDdChlVdk5KAoYwsvOkG8LJxQLCGBtJtLBGgqAwfNhyvrIIUA0PE0c3nq6IGIxkpmKjIwlhFBvoKEjBnwZS6PA4T0N+9fgU9CrK0pHZAm+Xel9gGNcmdUJeWhLKkBFR5Mphd+O6rb/53oP+b4fZ/D+gMZFsJdJvJWLds/A5m+kbwJ0OPCwpCaVYGwrw84Uo3r4+LM/YQCHLJ8II8PaCrrITEUDLRQH/qrIJQkZaMQjLS461NOD88iHNDg7g6O421lQtYOn0Cy4PHcWPyLJ6sXiCY38XPL57g8/f36fFtDnXWPj+6g8+P7+ITHd8T0NkQ+6vbV/CMgP6coP3sxpV1oN+j9wjoL6m9WLuNpwzq9Prjm6tYW13GTbL0h18WxCUkxOO7777jC/3WQb6Bg3zDl6Iq7O9n6wa++eqPPDc7S+PKqqR5uDpCklWjk5eGh5sjwtkceZA/h3mIvw8HOsvqxhLBJCdEITdHiIwUAXKy0riVs8WxLCkMS9nKFrxlpSYiM5lVTovh9c/Z8Hsugb1IlI6KolwcbS3Fg7FyPDiTjbcLtfj15gEO83+404f3lzrx+UoX3i7X4925WrxZrMaNY+mYqA3AyQI3dGd5ENArcXG0AyME9rG+anRWZ0CUHAZTHQ0yb328ok79Tk0dAT0JpXtcEW9qSMGmMXytdVAhDMDMqfUcEh9eP0Wkozqc1TbCWX09mYyN0jewoGattgk2ZOsOKt/AQ3MT3NVYtbUNCLaUoJ8ljSBLKYTY7ESUvTRiXFhdcRlE2skgxk4CsWTuDOiZXmTidN/GkY1HWksgmt6PtqKvs1JAqLksIukeDrfYhRhrOaS4qZFts5rmxmjJ2oP2TGd0ZdPfK/ai5o0Def4EeDcCvBfaSBJaUlxRG2XJ877nkqnnerK97cYEcTUkOOrQz7JALcG/hvrvcjLhSjL5hjBjgrotDmd4YKQiDGcqwnH5WBluj3VicX8WhisjcLo4EMsdaejL8sbpAl9M7xVgtjsHl87U4958N1lnE+4SzFeH9uLmZDtuz+zHlbN1GOsppPvCj8zcBklBlkgKZHPo9iRvDgR0S7Jye7JxG8STHMaTGMb4k6HT10QHUAu05p/HyZN9MDZQ4TUeRsgAAFw9SURBVAvjbAnaBl/2oltQn89WurNiLWyFu42WLjwUdZAoYwChrBKiNXWQaWSCrugktDfVYP9+VrCli1deWzx+EHO9vRggoI4VFWGiPAcnsrMxKxRiRpiMeUEM5uj7zpCtz2bn4rJQjMsE9q6wcOQ7knzqWyPGzByRKoYI0rSAt4QaPGSV4bBRGva76XeR0URzXQNfjMdSzy6y/eYE96v0mM2dnzt0Ekv7j+J2RwfW6Hd4Xt+O1/l78aB1L17VtuFV+wGsVdfiddcBPDkygNcE9RcUDHxPlv70zBSeTM/iwaU7vMrbJzbc/v493vz4Ixn6Z7yg42tm6Etzw1iaH8G/gn2SHo+h/0A9BnqqcbwxG3XJHqhN9UEWnfyMAHOUJ7ghnS6MEsEeNGaHUEQWitQginqDLSGmiybF1whZITbIi3VFVVYIetoa4OO+B4WpRcgnqJcLxKgIT0CzQEgXYjLOltdhtrIBCxW1WKqsxrnKKlygm/BcVRVOlOZBlBKGTIE/SrIjUZkbhax4H2THeyPI1QhuZsp0c6rxnO0M6MzQWTGWKGo+Vusr3t3NlPg+dAZ0tr3DQkuCLghZWLCUgjrqfB6dLY5jTUVBGtpq8jDSVqQgRBUG2gq/r3T3daMPNNQdBprKcLI15wt/0lISkZ2Rwg2lt6MO//2//TP++6+fcLfKG3crPPF9SzQulxNAU+3IzG3RH2OJqQxXjLCV6+lOmCWQL2S5Yj7Lhb7GCYO8MIsxN/RDAXo4RjA/EqiLLh8tNDgrooai/2JLZuOSqLSRRjm1fHqcqr8DCTrbEUctmyBebiuLHLJ19jxMczucyMzNFDejeW8AZhcKMDqfhyGC+plpIc7OZJJ1l2H+fDVWLu3D1WsdWL5Yj8uXmnB1tRXXr7YQ9NtxbqUJkwuV9DWtWL3SSWZPhk/mNEl2FUM2oSa9GbLbWLrYjTCUkoGJkir0ZeXhosyKTXgj1c0ZXrJySNQ1hNjMCin6xghUVYONvAwsVORgocrALg1jCqh697fjpx8+k7XTcyUpfjSkYEtbZic0KfjSkJWCmpQU1Onnq0jKEpg3/pt95+uL3v6jIXf2NQzoOzZtwq4t22BtbIoQX1+Ui3L5Slk2f54aFYnC9DQO8PqiErhYWsDX2RmV2VkoSiZwxUahq6oSraWFWBo6w5M7XJubw72LK7wq2u2leawtL+LpdWbY1/H52RP8/IYia5aw5eH6fPinx6wxYyeo0/P3a7fI5FfxksD85PolbuUv793C87u38Or+HbyioOD1ozXeXj1k7T6e0fc8o695ePMKfvnhI+8QVVVVsXHDBp6ulQGbzZFv+G2InSDOzfyr9eH2bzd+w/eZ79y6iSeNUZSTgj0FYcF8T3kgosOCEejjwY+JsZGIjQzme8wTYsOQk5EMcZYQWRTYsPzsrOXnpnNwMxNni+Gy6bW0xGi+KI6BvkSchYrCXDTVFmFloBKPx0rw/Ug+Pq7sJYC349XiPrxb6cGLc9TJLe3F89kKPJ8pw6PhPFzcH0/9hRf6RE5oTbLDmXYRJgnkJ9vzCepVOFCfi7zkUFgb6CLH1hoPKsqwUpCPY3ExaA8JRrGjPbzUFeBEcEgJsMaR+kw8vDzGz9mvv/wIIRmuKxm6k8Z3sFT8mtu5peoGmCl8RUAnkGtthbvmBnjrbiZoyyOWzDvaRRoRjjIIt5NFPBMKF3VEOaoi2oGMm+5ZoZcqkl2VkLJHGclu8khwUYDAWZUMXpGgy7a8KSLUdCciydrj7eWQ7cPKnRqiLsEO1QIn7BW6Yh/1Dd0iH/QTfPuKgnGsJARdGe4EdBKpIEPke2uiJMAEYm9dZNL/lbWHFX7R4tvKqiPtsS/JDW0J7thLAlYXZY3meFu0xNtgfyrZd1EgJppSMNedh9X+Kix2ZuJ8RwYWWlKx1JaCiZp4DJdFYrEtDdNdabg+tg9r8z3UOjjQl/urcaGf+ouhffReGy4MNPLdUQVJnkgOsUZikAWE4WTjARaI87NAfIAl4gJtyc5tEUdmHk2QjyfARwZaITZoHejXV8/z/O3WGtJ8HzobWjelozlb5c7qpRupwZf67nhZA8TuUIdQRgNCCS2k7NBFvroF6gNicbC8BJ2djTjY1YqR410YPtaFySOtONXdRDAvR3+pCGfJyPuzsjBHx8sE9jmy83nheluk1y+XllJfnYIyF2/k6RPM1fQQoayNWEmSRRllmEiqQmfLdphQP2Klro6KnEJ0VtShraUFB+sa0dnei9lTp/hc+jz9/9cbW8nG26i141FzC76noOMlietaSwMB/TBeUcDxmmDPYH6HAoG1I314TkHBlek5XL1yBQ+vX8djMvTnz5/jx9ev8ZFg/unDB3ygI4P7H+ZmzmBhbohD/TyBfHlxDOfJ0M8T6EcH9qOlNAkn2kvRU5eD/DgPlCZ6oiDKAXsz/dGY5oOqFC+kBVkh1d+CXrdHqp8xkr0NkBZoiUA7DQh8zJCdEIqWhnLU5xajLDodPRmFOFtENijOR392PuarG3GtuQMXqmqpVWGptAyzhUVYrqYLpaEOPcWZKM2OQVmeAAVZUYgLcUFsoBN1vG4IcjGCKM4L8b7mBHH6cH0MEeKkgVhPQ/jbqvKkMhzq5qrQVdgCQ5UdsNKWpAtEmixcDoZ6GtDRVIHCF6gryUtCQ1mWTJygrsuAr0imrgpXWyO+0j3Q0x6JUQEEeUNeRS4pPpY6MyEv+xgb5ov/8o+/8AvyXkMo7pS542GVF552JGKlyAtTqTY8W9wsRdyshOosQZwZ+ny6I+YzXDCSYI2jwYY45KeNkyH6OElRdF+ADgc7W/hW56jI58NFZOBl1jIEdQmIjHcg05BtT1tfBJdlJolcU0mUWEkj1WAHwtS2wlmeDSXuQv/RDMydK8HARBo38bH5AkzM52NuvhjnyYKuErQZzC8QqFcuN2JppZYgX0v2XkKPmzBKdj5DljQ2W0KtlOy+ArNLlZik75+ZL0dHexwcLZQgs3UDpKjpSu6C+c6d8LGwhb+pFXKs7ZDm4IRQXT2ITS1RYGSGTAuK4o3MEaihCVtFWTjqqcFYU4kMvQP/+OdfYaFOUTl1wKyZqcpxsOvJSZK5S0OXAgENaWloyimQrctj56ZtfIHb3/3/2Plvudylt7N9u/QzlFTgYGmD/PR01NF1JySQV+bloTw3F5UiMdJjopERF0edTghaq2rQWVOL1vIK1BDYz7L0kt1duLa0hAd0w91dWcHTW7d4QoinN64TkG/h05NHePfgAX58yfaRvyGwf08wX8PHx2u/r1j/RM/fk3W/J2i/ZDZ+5wae32Lz5Nfw5iGB/gkFAU8e8/b5xXO8f/oEH58/w+fXL/HTuzf44c1rvH/xDP/tn//GF8ywNK0bfx9e//oLvL/5AvI/8mppzNq/+3YDNm/aQED/lqd0VSCYW1uawsPFkedj9/N04wljYsKD+Cp2VkhFEBfOF8OxveNsOxozblYSlT0Wk6WzrHBsuD0rLYmsfL1qWm56Et9zzs2dYF9Tlof+/aW4O1KG+0N5eDVfhV9vdeHFXAOezrfg7eoRPJ5txEsC+rOZcr5V7eGQmAATiVPFrjgiciQZMESbOBjHm3PR316Akx0FaCmhQCvOB76WxjgZEYpLudmYyc5Eb0QYjkUT1P18EKWvBUOZHQh10EdLQQxWhpvx14+3+X37L//1b2gQR8Ne7StYq3wNCwZ0ZunKX8OeVVsje2fJZdwI6j66mxBOQI5lw+xk1QzqETZsQZwSwV2FHxPd1CEgwEY5SiPBVR5Cd3U+/B5L77Gh9jAzNvwuiwC6hyMI6ElOSgR0TZRGmaE00hJVcU6oT3TB3iQXdOZ4o0fkxY2czae3pbqjPtoKRdQ/5PvoQeShgZw9Osh210K+nxFv5SGWqImwxN54B7Qn70Fbois9dqRmhSZqrcn2OMF2CrBh9548nD9SjFNl/jhTGoj55hTME8RXjxRhrCqCjmL+/vyRUiwcK8ft6XaCejcBvQKLR8sxd6gEt8Zbebnt0+1iFCZREB9uidQIeySTjQuICXHEiTh/K2rWiPAyp9fIzgMY0G0RSbIYQ4Y+MXQUP316BwtdJdgbG6xbuqYM/M21EEz9QZi6ASK3ayCOoCrcRMHTZlkkSdP5l5CEUMoAqbIaqAwMQ6dYjANlZTjRve/37HHj++vRRcAcbq3GQBFdM6JsLBC8Zwney3RczRHifKaQvzaXloZJ6gPm2QI73xDkaJogTNoI0RJGiJJVhTf1PcbUv5lu3QrlXdvhbWODtIAAlOaKkJpIvEzNRYqTL0a7jvPtaoMHW7DSeZjb+auaNjxvaMf9pnY8qK3FWhGBvorOJ9n7c4I5Wyj3nM+lD+DJ8DjuDs3h2sQcHl26S33G93hNhv6J7nOW/pkZ+keC+XsG9NnpQczPMEufoDaOc/Nj1AjoBPj5iX5MDfdhZuQwxk51oL+7Ak35UagikFemeKIo3g2iMCs0CD1REu0AcYQtmbklBB66dHGrI87DAFF79JAS5oyGijwcIGAfSC/ASH4lZkuqsVBcijHqMBfKa3GtsQUXKiqxQB3qSiWDegWu72uh1oTllnq0FaUjOyUEmUlhEER4Iy7MncDqiaRwN4r6rCBO9EVqmBMS/M0goJZIF0e4iw68COZeFqowVt1FANjGk8tYkqHbGcjCzlgRxoaa0NXVJqNRgrws28omAQ2yRS01OQ5zU0M1aKpKwtGajJ8MPdDHiS48TwiiQniqSh0NVUSQxTBLd3O05AkE2L+Xp2twu8QNa2TpTxuC8KQrGVdKvcjECeAZDljIdcOS2J2snEw91RaTZOxjibY4RXbO5s4P0E19nEE9SA+tbqqoJxuotpdHDUX9ZdZsJfsuDux06ghSDXYiTm8nkvR3IodgX2ItBZHJboL5ZrjKbYK16hbsa43E9EwJX60+PJNHMGaL3mqxuFSNpaUqnL+wl0C+D8vLdL4J3iure+nYgPkLVRhnX79YjpFpEZ9jn6HHCwtVmKPvm15kc+8ijE9mYHQqB8dOplHQo03mvJUPwctu3ggDKUl4EbCDNXSQYOMAV7LHcF195Bqbo8raAbUunqik4z7/EIQb6MFWWxV9PZ34r//8z7DTU4ctNWstZVhqKFLETlG6ijxMFNmcuywMleQpSFOBrqIygV2JV+f7I4P63/372eH+nlVfo/cVJSSgQJ2AJdm5s40dysjOxcIUVNBN3lJVjY66etQUFKCuqIgXfzi4rxnjp06j/8ABnDl0BAcbGjHPhtKGh/Ho+k08u3MH39+8TQB+iA8E3M8URX8m6H7i1Zie8qpoPxN4Pz1/iveP7hPUGcwfUnuEn54/xkcy9HcPCOh3rlO7QY/v4i21jwTxj3QDf375Aj/R97P249v1xoDO0r3+/Okj/vTp45fhypNfYP4Vnxv/bZ6c7bnnj/+4/jrbg751E0s8QjDfthlychTkUgdqYWaMPS4OCPD24ED399qDcFY1jedejyIzj+R1zoWCdetmVp4ljCdgp/BV7Wyxm4heZ4vl+MLRpBgCegK3dfYeG4rfW12A8/2VuHemAPcGsvGagsNPK824M1yFd1dP4vWlg/S4jDqyYtw9m4fvR/Nx+4QQ59rCMVjmgSNiF9RFm2Ffui8O1abhQLUQB+vT0FEuQHa4A5pjQnA5M52C5XRM0HF/cBAG4mLRFxqMGAK67s5vEWJngL25EbhCAPrl0TT+5f0K/ue//GX9HO6vgwOZupXKV7AkMzdT/AaWyt/ASf1b+OpvhicZuj8F04Fk1mEWBGW6J0PtJBHpQJZOwA63VyCIKyPOmQBP963ATRnxbMidwM4sPMaWAgFbZuYSBPPtBPZdiLSWRKqbCkQE6LwgXRSEmKI02gZVAmfsTXZGC9l0R7Y7GhPtCOoeqI93ImgbojTUBCXBZsj31eZD7mJfQw7zXC8DlIWZoZxaAxl5e5onOtN80Z7qhn3U1zQl2KNX7EvGH4jTNVEY3ifETE8hZgjiI1UhmGqIw2pvAS4czMdkbSwuH8rFaGsWZgnc4/vzMH24EBfPNmL6UDEO1yRitD0Ti73ZuDvZjLH9RShJ8IaQbVMjiAsCCeQE7qRQO8SQfCUE2SHa1xSxZOdxQQzmrE6GFV/pPknM+V//63/C2tSA+mlVWGgZwodsOFqJTF/WBEJNOfjukkXCJmqbVREtpQH/DbJIliBTlyLJon5G5ExGTXCtyc7GwdYmAvo+nD3SiEMH6zDYVY+BjhqMlRdjMKcIA3kiLIiEuMiG3jMzcf4L3CcysjEXk4rpjAwM0uuVbsGI3KwNLzl5WMnKwnrXLmiQFOhs2wZbQ3UEulHwa2pK14QZX5yXG5qIRGt3kgIRL516uOkAMbQFd9va8Kyhjey8A9/X1+J5LRl5dS2eEOSfdHbiCZk5m0N/fOwY1gZHcHdwHA/HZnD9/DLeXL7HV7ezwi/v377Fn6l9/PQJn3/6ic+n/2F6cgDTk4OYmyaAz46SrY9ikY5Ls2exMDGAyaEjBPajmB8/hIHeGurY0pEhDEeQvy1y4tzRWhCBBPqAItz0kORjgmRfE8S56SLOXR+JvmZIDrJGXrI/SjIF6Ckpw6CoHPOldVipbsJ8QREmcnIxKS7CRTbcXlSKc/Q1SyXluFzXiNWGvbhGnebt1hZcoiimMTuFJ3RJjPLnmeNYUn5hDD0OsEVeUgCyBX5IZYv54vYgJcQGsV5GCLBXh6upMvSUJaCrtAtGKtthpyPJ08Oy7HJ2ZmowNdGDvr4OVJQVIS8tCXUCujYZ4W9A11KTgj0B3dPVEkHergj390RseCCv28zmz53sreDvS50fvXeirWS9CMTdOdwqcsTNAhc8qHTH85ZIPDuQgRu14bhU7I3lAk+sFPtiNs2Rt3k2xx5rjqE4KxwP0ke3pyYO+Oqgl8De7KSARuoYSm1kUWnLVrJLEMh3IVl3B4R0TDTYjQw2X24phXIbKZRaSiNFbzt8lKnjMZbG2bPZmFgoIyDnY2iarJxgvHi+AaurrQTxWswsVWDlUhvu3jyA2YUSnB3PxOiMmOy7BBdWarCyUoelZYL3fB5OnE3C2dEUnJ3MxfhsPoG/mcBPYFsoxfQsddJLhZiYyEVndwws9SX5gjlWapXVUrdWUIKttBx8VDThpEiBlqoGYkxMkUv23mDniAPu1Nl4ByJAQwX9vT34f/7H/4CjkTZv9vrqcNBfB7sVRemWavJk7PIwV1OCEX1uhsoq9Bmzpg4lKVlupP+RobOhZlV5eeioacDShDqb8HBkJgiQKYglM89Gd1MTOhvqCfLZONLZRb8PmfjRY7g0v4izR49iavAMJk6cwPmxMazOznKQv1x7gBf37uPTi3XI/unDe/xEUfQPrAITtZ/fviEYv+EpHN8+eoiPTx9RtP2Qg/2Hp4853BnEX929iVdk628ePcDztTvrX0uBwY+vX+EfPn7Cz+/f4+d37/DTx3f44R2B/T39TGq//rye7lUgEBDQ1xe6/WblX3311Zd586/4e99t3LheMY3VMieYKyvIwtzMCFYWJrAwMYSLox0HehBLHhPkh5iIIF5QhRk3q2PO6pazOuYsLzszc14h7ctec5Y4hhVdSWdZ4pLXa53nkbGX5GdyoJcXinCwpRwXjopw6VASbg/k4vuJEjwcr8LzC714S0B/NNuEKyfzsXo0Bzf7czjM7xxPwqXuWJwucceRPOoow43QXRSNk2ToJ5rpc2pIxT5xCLKDrXAmLgKLSQkYoc/0WHQEDoSG0v0VixNhIYjQUYedgjSC7PSpTwnDzeluvL46gL++W8Zfnk3j//7bP/DzOD96Eg6aW2CluhHGcn+ECZm6rfo38NJl6WK3IsB8OyJspRBpt5uMfCdCrXfQUQIR/DnZOoE8lu1Ld1dDspcaBC5q3MwFzmpIdNZAopMazzIXbUdgcmbD83TfuioiL9AQuf5k3dQPFIQYoSTCAmVk6+URJqgVWKMq1hqNQg+UEeyLwyxQEmbKK7MVBZoix4vlhTfgRV/EDO4+RigLtcI+Cgh6xUFk+EFoTfXA/iwvni3uYH4IDpeG4XSjAJMHxBhqTsfY3iQM14Risi4U57sycG+oHhMNSVhsTUV/ZQyGmzPQU5aIUy05ONWah7bCKByoFODk3jTM9+biwRQJwel9KE3x4/1/vJ854gOMuZ3H+Fki2seMnlsglloUvRfhbYwIX0teoyOKoP/b1rVC/3DEqhki6DslPtQdSQF4mATJopIqgr9VQcy3dO52KiF5mwaE37Cmz4EupM8318IGqXYuKIiJwenWKgwe6qZAvAcDnfUYrq/HWFUVRouLcbw4D2fEaXzIfTU/FZfJyueEYkynZWAiSsiH4S8RzAcJymwBXSNdV3m+/sjxdObVGO2MjemaoOuJJMVcUQ+WBgZw0jBFmBV9NpGJEPr4Io9+5jzBmRVQObGvAQtk6Dfa2JB7B542duAhM/TaDqy1neT2vkZQXzvSi0fUvzztH8CzM5N0f0zg2pUreL66iqcPHuDp00/r+dwJ4q9++AEfyNRf/fwz/jA6fAwTYycxRfCenT7N2zxZ+8LMGcwR7OcnjmNu7DBO9+1FTUY0Qc0ZuuZm8HZxhigiGCnebohyN4W/rRY8zFSwx0QJbmaKcDVWIHBKYY+FBsI82L5DTxwiWE+VELgr6nGuvAbzeYWYyy/EWJYYc3kE8iIyxZIaOlbiAln75co63GqiqL21Gdfq65CXGIHQQDfEEsiTYwioccEc8KmxPsghoJflxiODoJ4p8OWlVKM9TRHpbkyd/S5oKuyEqvRWmKjshIOeNF8V70y/qwMB3dxUH0ZGBtDS0oCCghx1btLQJRM00FYmoKvD3FgDVtQ8Xa0Q6OuGsEA2t+jHq0alJcejQJyFaOrwNNUU0FRfhr+yghm/vMf1PFvcoLZW7oFH1Z542RqDl315uNeaQFD3xfl8Tz5/PpViQxeRPUbizDEYabZegc2PVU/TQpvresGVcjIANozOhtmLrOT4lrRo7e0I19yGZCNJDnS2EE5sLolk/d3wVvoOgRZyOHkqA7PnKzFPNj0yKyYTb+Tz4JPzZZgl0146T89nizE3V4wlgvnUTC6ODMRgYCQZE9P0vfPZBOs8jE1l4Mx4Fk8wMzotxvFhIU4OCTE/V0aWXoyJeRG9n4njg0noORaLU0MZ6DoYTVG3EZR2boTq7u+gIbMbWjt3wHk3/X6Kqih024OqlDiE6WiizsYRp9x8cNIrEA2Ozpigm4/9czHV482VmpupLpwMtTjY7XXVuMlbadKNRAGACYHdRF0VRmrqMFLXhpqsArZ8u+nfNXVJiq4V5GQgKyUNY31D+Ll7ID0+FqWiLOSnCdFEN3wHBZP1ZWU4TEAf6T+Fs3RTnp+ewSgZ8OL4BK4sLOLCxDjuXaYbjUD+7N49vHrwED+9fUdAf41fKXJmVdAYyFljZU9/IRCz19he0vdk5h8I6B+/f8SN/f3DNQL6PT5Mz+bL3zx8gA/PnuL1A5YF7jEHOiub+ucff8SvdBP/+OEtPr19hc8EdQb0v/7nv/w+f74O8i92/hvQv/kjN/fvNn5NMP9XM1dXVoAZmbmNhSmcHWz5wjhBdDjfohYW5MsLrMSGByEpNopXS2Pz5yzFaxbBXUQwZy2HDLxYnMntm+0vZ0PrrLEtnWwXSD7BvpRgzvJT1FcXYrKvBhcPZ2C1Lx03Tufh0UQF1sYb8cPaOF6vHsPdkSosH8rA+d403OrPxcPBDDw4lYLltjAMlhCMctzIPE1QR2Dra8xAb20yjjamoD7TF8XB9jiXkoSJ+Dj0RYajydcHR8LDcDYmGkeC/GEksQNKO7Ygwt0CXWUpuDm1H89WjuHXZzP4p+cz+OneGfzTx/v8XD55eBfuJvIwkf8G5srfUiC5Aa7aG+BnspUsjIBuJ00GLgWhnyrZuTQCzbYj2Jys3VoKMQTzeFdlxLI58z1qZOsaiHZUReIeLQhZwRay6OwAQ75XPS/cBHlhOsjy10AOwTzbRx8ilhXOTw/iQCOIg8xQEGqKwjBjNKQ4oUXki305dK9k+NM58CXAe6EueQ9qkkmycgJQneiJlmw/dBVGoKcgFD35QThA7WBhJLrEgegQBaAzLwQHS2NwvD4ZIwdLMNdfj/ODezF/iPqGzlw+h77QksDTwF49WYmJWgqMKBDozPZBmygMuRHOyI1mo6Lri96qM4Iwf7gEN4arsEpBQG1mEF8Qx4AeR/1ArJ8ZYkj6mJlH+xojiuQv0tsCYV7miCaQR/jQ1wVZItLflJ/7Exm5EEobIFpFB3FSBHFJPXjs3I3IDSoEbnUkb1ZD9G4lCCUV+NB7rKQshJsJ6Op0LjVMkKBjCXG4F4501GLgYAfOHGnHqSaSygZ6XlKCEWpsYdxwUR6G8klOyMSnqJ0nqx8SizEvTsckAX08WYjT6enoIbB3l2SjhY7psZGI9HLCHiMjaFBfokumbkv9mg3BPdLODgJza2R7xyHd0h9V1Icc6e7GfgogOmuqsdDVjIWjnbhyrAv3Orpxi+B+r6MLr2r3Ym1fC9a6juDm8UN4SeLweGgIt2ZmcHv5Mu5eucHLqrJscb+SIPzKRuaovSOof/r8mfqA9/jDyNBRsDY6fJTD/PzSKC6eZ0Pvgxgb6kHz3jyy0AgkxQciwc+HolJnhBjaosTRB3vtvZBvao1ifxdkBTogwoUs1lIVzsbyfP+3paYkX4TmaKwKa22CS2EpZotrMCEqJhOvxGJ+ERby16E+Ta/Nikt/B/u54mqy2X2419iMB/taMV/OFl75QBBHF4kgBAlk6VnJZAEJYUil3y03NRz5GZHIp981S0ARFEE9hi4Wb2tNWOmwwiw7oCq5GYaKBBQjeZ5RztlQAfZmGtzQTc2MYWCoDw2CgpqyPC/Woq9NoGDwsDYga9Gkjo5M3NsJIWToPHd1fBQBXYCM1EQU5efw7TwsGDh8+CC/IG9X+uBOvh1uFTjhXqkLHlV54FVnAp4eLcCtvfE4L3bHEnVMF8V7KEK0w1SiOU4G62Eg3BjHgvTQQdE6K7jC8rM3UedQYyfHV7RnG+3iCWMEBO4YPQmkGEtCZC6FQktZPvTur74dQfaKOHNWhEUy64Wlaly6sBfTZOfTM2TS86Vk4Tk4M5aD8akSDI5n4PR4OkYm8jAwTFA+k4reE2TiY1kYHM2i13PIyrNxlt6fnqvE0JSYZ5Njr00vFmF6KR9TC1mYmMmhYCGffm42+oZS0DcYjxNnUhBFf4uW9Bao0PmXl9wOye1boLaV7ec1oc7NGcGGhkjQ1UOPwx5ciEzAUHAEHg6tl//0c7CGu6URXVdG2GOmT43gbqJDn6EWHA00ubnbEdwtNVVgQXA3UVPh1fyM1bSgp6QJ6R0SfF7930KdPZbZLQEZSZbPXwbW5hYI8PSkmzQahZlClGZnorWullodOhr34iTZ+TgZ+anDh3FuagpTZ85imcB+59JlXD9/Dt/fuo1nd+/h6Z07ePXwIdnzew70P334iF8+vMOf3n/gZs7mu34DOttHyqDOVquyx+8eP8Jb+t439++T6d/Dy/t38fbxfb7ojQ21r7fnvETqLxQY/PD2NT68fIqXj9fw/NFdOt7Dv/zXf8Yb+n/+7Za0r34fYmeJY77hOdu3bfmOL4DbTZ+Dgrw0jAx1YWxEQa2BLjzdXJGaEMeTxAhYARUCeEJMJH2G6yvd0+l6Z2ld4yNDkBgTijReu5ysnIGbW3g2iijALS8SoSgvnZ5nfZlnT+b1zRnQGwjo505U4+KhNFw4lIqHkxV4OteE99dP4cf7Y3izepwsrwE3T5fgyok8PDibh7vHE3CrNwrjVZ44WeCB3nwfVEZboDLeHt0VAgJ6Eg7VCMi4/dAT64+FhAScighDW4AfylyccCIyDCNka730d0h8y/InbKEO2YICgDDcmN6Ph+cO4/PaKP7h6SR+vn8GL1Z68fTKWX4N/vzDRwQ66sJQ4WsYyP4neBtvRZitBKIcpXhCGQb1CJsdCLOXpNfpNQq6A813I8xGETF078YR1BPclSGgY5q3PtJ8tJAdZILsEBMUxlggL8oS+dQKI4yQxSquhRgjL9gYuYEG9NgQogB9pHvqIYsNr8fZoyGdgFoUhi76u0+2FOFEC9ljcw5OtObg9P589Hfk4VS7CMfbROjvLMLQoRoskDGfG2rG6KFC9NUJ0VdP56s2kQdDwwdKMH2qHnODzVg804JzJ2txqb8B53rysdyVhVsnSnH1GAX87Sk4KvJCWYQdcsOoH3TUh7eVGuxNNeBgrg0vB/p7knww2pmBW+MNaBSFEjPMEetjiXiy81g/U8T6miGOgZ0eR3oR1L3NyNJZ5jgrAroFNVN6bsbP+0xVK2JktSHcpoYoeSNEsFXl3yrDc6MKIjdrIOr/Ukf0Dg0kf6VMQJdBwt+pI17KCMkaushWpPNsZIGMGH/0VpXg+IFWnCKQnmjbi2OdtThWV46xAuoPS9IxXkb8IWCfLSrCJMF8lB0J8MNFYgxkUb8Wl4oDZNn1KSnooOcNmakEay8SDA3Yq8rBYLcizLZowk3ZEEG6Vog1d0W87R6IXP0QbuuA0SOHeC32rtJSHKisxMGeJkwd7cD14/uxeuoU7pAo3DzUjefdfVg7dAS3DhzAPYL5wxOjuEZAv35xBi/nV/Dg2hoeUv/wloD+ju7zP1Fj9/tfCOqvGdiff2aGfhTTk6fWzXxmEJNjx9HTWY98URLi6WQI4gJRHBuCkah4nPYIRae9H+bdQzBr5owZAvulPQG46B+C/ugAVNGHmRxggXA3Q/qgVbmlOxnKkRHLItjeAPMNdLFUNGCpmJl4BWZFeRhJScVsrhjT2QWYzCrERFYBFgoqsFJWjzuNbXja1oXHza3YnyVEQnwoUlMikZocgRSCekZSBAE9lEwhHIU5cbxeekZCEHKFoRCEu8HDRotgQHatIw89BZbMZCv05LfyYMOTfj8Xgrq1EZm4niZMTE1gZGwEHR0tgroKtMnQdTXJ+ggaNhZ6cLY3hbuLFfw8XRAS4MWBnhDHVrkLeHINth+3vKQQcnISfAEg+/fiZDmui6xwOdMMt8jUH7Kh9wY/fOgvxtO+IlytCMKFfA+Cugvm0+wxw4qtRBriRLAODvvrosNFCU0OsqixlUGzkzzKCOZF5ruQbbwT6SZSyLCQQZKRFNJNJSG2kEKupRQCtHYg1kMXQyPZZN81WF4hkC+WYmQylyAuXgf5lAhj00U8X3v/SCZOj6VhdCafgCzGycFkHDudiBGC9thMHmbmCjGzUIQL56oxM1OJOQoOFs/VYJFZ/2Ih/R/lZObp3OCn5rKxfLGMvp4ttqOOZjiRz6tPTBciO9kO6lLfQmn3Jsjv3gqJnVuhKCUJR00d3oLJkhuDAnA4OQkFpqZ4PDrOz2EYnW8fWzP42ZnDx8YEXlbGdG0Zw9PCEO4EeFfjdbjb6hDUtVRgTbZvq6dLcNcmuOvAhG5uHSUNSO7YxbdpsflzZu1y0tKQkWBJhRTJSh3IQMOQEh0GkTAB9aUlaG+oQ2dTEx0bOdDHTg/i1JE+XJybx+zICB96v0Nmvnb1Gp6vsVKJN/HoxnW8JENnMP/44iV+eE1m/v4dHyb/6Q0z9XfU3vI5cGbeDOZsOJ4PyfOUjk94acS3jx/jNdn564dsNfs9vH78kAP93RN6nQD+7uljvH36AC8e3sGz+7fw+O5VPLx95ff582++zJf/NszOFsExM2cw3751M4f5LjJzNSV56OtoQE9XAzoaKrCioJYt8sxOE9I9JqDAORpxdE4igv2RTNd6ErW8rFS+PS2d7JwVWMkWJqwXXRGlQ0z3QEleJsoY1POyUFkqRjlP8ZrD952zdK8lBdlors7DygkK4NsTcHOgEC8XG/HqwkEy5EX8+cUSPt0awOO5ZtwbqaT383DtSBKu9Ubiyv4ITNYG4kSBOw6IPVERZUb2aozmvDD0NQips4xDU3YQRpKiqBOORl94MEpcndHg4Y6joYEYp7+nwdcValLbKbjcBj97fZQI/XF9upcPu7+4egI/PhjGTw+GsDbbgbdXB/Dmzgw/r3/763+BKCkYliobsEdvG3yNtiOSVVpzJmN0kEGo+WaEWe5GqI0EQqx2IpSC6xArFYRYyiGKFW1xU0eKtzaSPDSQSbaaxcqixlqiSGCLonhrFNLj0jh6HmFBFm6Gokhz5FNgn0/mXhRhhkwfXeQEEOijbciEvQjoUThQKyCI52H0aDXmCNjsOHW6EbOD9LivAmPHqjE92I7Zs52YHmrHygKZ36VBzI/24gwZ+dGWHPR3FWL2dAsuzx3D5cWTWD13EsvDHZg8WITLp+ow15qK5QMi3D5djnNdGTiQ7oq8ICv4WGnBQlsGxhpyUFPcje1bvsaObRugJLsNe2yUcawpGQMdIr5NLZoCpxgCdTTZeQxBO55eC/c0JKhbIIqeRxMzov2sqFnzofdICgLYv6uLi4jabYKkXerw36qMiA3SCJVQhf9mFcRv1oTXNhVES2ggdqs84snQw75WQ/wOXQTuUoFA0QQp+uYoEQjQToA+tL8Ffb0tmO2sw8muRozWF2BqbwWONFZisKoUk2U5GCCDniCQDzHQ5+ViuIAei1PRkS9GU1oMagQxKEoUIiPCG9n+eyAwNoaNljF8VLUpuHNEGJl5uJUVkizo73JxgcDbD201rTjT04Wenh507N2LrpYWdHd2Y7ivHcNMEOh+XRkY4OlfL1C7yZ6zAjDUrg0P4yG15zOzuLK8iru37+Ldo0f4R4L3TyyhDJs7Z4ts369P7X0mWfjD2dO9OHWiGwf316OyLB2JglDExgQinllwfDDyIwNx1MIRy46euO7ph3s+IVhzC8B9Dz+8CA7BE4qA73s4Y83PGWfiPVCc4IG0YGtE7tGHn606/Gw0EeSki9xQT6wQoJfJ0C8UVeB8QQmm0rMwmpSKmYwcTGeIMJtTTMZejsXCSlypbsKjpja86T6Ie/v2oSg1BhnCaGSksaIPwWQRZAuJoRClxyAlzg95mVEoyklAYrQXxAT22CBnOBixferSMNWQpM5dCgY8cckOuhDXs8c5W6rCWFcJigqy0NXXgzFBnaUa1NTSgK62GnQI6AY6qmTnOvBwscUeZ+svQPfktZzjo8ORnBBLnVsSstJSUSgWwc7KHHucLPgF+aebM7iaY4UraetAv1PggPtlrnjRHIEXR4vxfU8mrpYG4LzIA4tZLphLscCEwAxDkXro9VZDvY006gnmeynKr2dZ4Mx2I4vsPMVgF2L1JSC0kEOisTSyCfRpBPVgnV2I89bDsf4UjE7m8zY5W8LhfGZCxI36DMF7eqGMWjlGmFETsMfp/Zn5PIxNkqlPZBDIc7HAMsWdLyNgl/BV8BcpMLi02oTLqy1YOFdBtp5MAM/BucVcCg5SMTqejIUlsvX5AixfIOifZ5nl8jA+Sz+bwD8+KcKhnmQKslSoM90Eud1bIL1zC88a56akgmC6xsrsHegmyoFYVx93BgbX54OD/ajjtYS/PVm0gyVdU+bwtTblzZus3YuDfd3aHQwJ7KyIgz4ddbUJ6prc1s21CPA6BtBRZmCXgOR2lrtfGqqKSjA1MkGIvx9f2FiUnY4KcTaZeQ16WpvR192N3o4OOvZg9NQABo8eo85wDAtj47i2fIHD/NHNW/j+9h0C+i08uL4Odwbzt09Y3eJnfPidGTubV/+RAP+Zjh9/t/LH/PiR4P4L3aBsGwqDPjsy4DOAv3xwD09uX6P/4zqe3r2JJ3fY46sUPFzGo1urvD28eZmi9kf8fMXFxf2+8I0BfSPBnc2Zf7uBrWTfiB1bNlEwtQ1aasowIys3MzEgqKtBX0udwB2I5EQBUhLYvHcSr5jGzgurnsbmxNk+crZ6XUxQz2HJY1IS6B6M5Qvh2Dx5Dh3zslJQlJtKhp6HqtI8NJId1VUWo6ZUhOa6MpSRufc10XXRGo9zBzNxZ6iUr2r/09MF/NPbS/jr2xUy9eN4utCOW2dLsXosG1cPJ+HRYAauHYzFTGMYDovc0JHuhPJwAiOBriGTAkGyzR6WqTI9GJOxkRiIDEeLjw9E1jZoIqAfCfTD2RgK/H2dYKgsCR0K8AMdDVGVHobFU824NNyK+4sH8OH2aXyggGJ1sJZnQnuw0Itn54/gb3/+gZ/fzrpSOGpshL/ZDurEZTmso51kEUu2Hm7LrJygY7sTEQ7SBHR5RNgrItKRbW1TQYyzKuLdNJHkrYGsMGOIoy2QQwAviLVBXoQlCiItCOo2qExyRWmCGwrjrFASZ4u8UIJ/hDXE4TYoTfZEZaoHWooi0E5/b19zGk51F2LkaA3O9NK93leDocOlON2dT4aei6n+epwb78TMcDumCNSXz5/C2p1F3L0xg6WJAxjqq8PU2f1YmjpO753FndtzuHdrBtcXjmH1bBNmurJx+VgBrh0vxKXeDPTl+CBtjy7s9eRgpqMAVYUdkKdzKSGxCdIy27BrNwWMOzbAx0UffXvTCYCe3Mxj2L54T33EeJvyefQwTxNE+ZtzK2dD7tzM6XkkvRfuY4YXTx7woeVoeR0E7pQkoMvAb9sOuH+zG+5k6d7bVRC1TRbxuzQRvVkKKZvovP+9OoRbZCDU0EKKtDry9U3R4huBNrEYJwjcPZWlOFlfj762apyqYYviyjnEh+m6HKSvGS0rw3B5HoZay3GkkmSntBgn6P2e3FzsIzOvS49FYWIChJEkrlGeSPe3RqiVLSLtHJFj40HXgRMiCOpRJAhxHp6oyxZh/9796KZ+5ABZN9ufvp9k+WDHQXrehKNk4QPUFgniA9TOf9nexjLM8VSxM2O4srqAF1cW8fzuCt5QX/Bn6i9+IHB/+vFH/PjxI374/JmP/H2gxx+o3/hDvigB0fQLRkT4IDo2APEEyjgy4ThBMMopAh+wdcCsjT1u+XrjlqcH7ri7YY1ukFV7a6y6mOOqoz7WnPXxzE0Pa8H2OJgWgNJEN7pgbRDraUTNGCEE9KPF+bjZ0oWrVXW4THZ+oaAYM+nZmM3IxqQwDfNZYizlluBcYRUulpOdN3TgdUcPXnVSdJMtRFYGdTIE7xw6siYmI2dWXiKOJ0sIgTgjAuX5yQT4SAhj/BDsZgFfRwPq4GVgry8LMw0JGKvt5s1GXx52hopwNFeFuZEaNNQUoMBWS5Ohs6anrwstLTUY6GvAQFeNOj5tuDpakaHbwtfLBUH+XnwePTYqlGfVSk1KJKjT/52VidBAf+oclfHpw1v8y58+4JrIFrfy7XGbTP22yBq3CerPG7zx+mAGnh8txLXKICyL3fjWtYUUK0zEm2Akyggn/dXR6iSHWhsZlFlIoITMPN9MgieOidGTRKyRNMFcColGkogxZCtlpciCbTBM4J4gAM8RtMdmWBKYagJ1MQaHmSkX8YVuUzPFGJrKwgTBdpbse2iCQbmYLLuYTL0Ig+Pr+9KnFsswNE6fz0wBZufFBPhCTCyIMTydTs/z6euzKRAQYW6xhCBPkf6MiKBeSVZP/994Eh+Cn10qx9RCCf3/FLxN5JNBxtONqwtVie8gv/M7yO34DirbvoWDrDzCja3QaOuEQ8kpWD19mnegGbERCKLzHsIaK1dKLZDA7kvW7k/Nx8b0i7kbwYPg7kbWzubcHQy16bPXgh3Zuo2uLqx0DWCmbUBGoQ91eRXoa+rA2tIars4uCA0IQFpCPJopUi/JyUBbfR1629twjKLqEwd7cfzAQQyQnZ86fIQ6vyHMj43hMtumduMmQfzGF6Df5kB/do+s+vH3ZNaP8YaAzWydNWben1++Iog/4VvaWHtOQcDrNbaSfY0vmvvMsj+9fsWH1t8/e4I3j+7j5f0760Bn+9IJ5E/vsKDhBp7cvYbHZOX3r1/EvavL+NMPH/j5UlFWIpj/kQN9fb78G2z69hts2UR2vpkV69gOQ11NmBkTzI31+NHG2ozvM48nCLKV7GlJdI+lpfA58xyydVEmNQI4255WnMeG1DMpeM3gi+IyCOhpCdFIFZC9ZyTxqmmsVZcWoKa8EA3VDOiFqCWoV5GxN1QW4HhjJk7XRmCoIQoznUI8XujAL0+X8JfXy/jzszky42N4MN2E66dLcaE3HVcOCXDzsACXe+IwXhuCvnxv7Eu0RnGwHp9vzg00w6HqJHSV/b9NnWd4lFeapj093Y5gGxuMSSYjEEIoEhRRzjmUcs45lHLOOQckgYQkFJFQAgSIJCEkgkgmYxu32+4wMz07fe3O7M7+mL2efc5Rd+/+ONf5VFWqKn36vnO/90lvEFojPDDq54VWV2ekGxkgh+ZUZmmGFgdrnHJ3RJK7Oa8PFejs28TrSQPFsR7oKIzEeLMSd8aq8Wa+B48uNmGiOQnPr7bh6eUO3B+vwe8W+/Af/7q6tfPMUAe89L9mQ75ZzmQPsTogx8rd9LZAYbSVjfoW+Jt9A0+DnbT3nfAz2Umg75AlwHwPIuxVEe+ujkSFjty3I15hgCQFwe59HFlBNPBIE2SFmyMtyIiGaYxUHx2k++ohPUCPAYg5SpNcUJHqhvr8MJyuI6yalOhry8bZFtZNaQR5PBry/NBUGIjuulgMtCkxTYOfnWzB/FwvLl/qw8qDOXz/3QMs3Z7Btdk+XJ7qxOULfbgxN4TF2xNYFuVyF+bP1eDq6SwGX8mY70jEdLk/6iNt4cpgSFd9N75a/xE28F7+atOn2PLNBugc1cL6DZ9g6+a1iA2wRXGcGwLstWjmmvC2OQwfW03Zze5prQ2FrTZcrA5DISbF2WkS7NoS7Aoejw914n//53/CZv1uKH61CTYEut+aTfD86CvYfLgBwZ98DtuPtiNo7Vew+/grKL76GvZ8zpOviVi3Bz5f7EKmhqZMFFUS5Y9GkVktMxNN1Rloqs9BT0kuTjbmo5NgP02gd1Slo62gAGdyc9HLdqCxOovPZaGZdl/PUpMagRxCPTXSG8oIb/i5OCAh0BWhDg78nxtJmAfrWyHWwlUmASqMSEZ9GX+/LId23kior4JddL3X15eyrkd7ezt6u7sw0tOFq729coe5mwMDMvPa/Llz/F9cxP3rC3i48BDPRFe7WD0jxs7ZTggb/4uYcEtLFwlavqcQvGP9npOLORTezvD0coKPNHMFgkI8WTwQ6+OEBkNd1OodxrSvGcZcj+Ck5X7U627HhMdh3A06hhsmB/HETBW/uOrhBw9znIt0QGWiM3LDrREj0uM56MhZ8DNFxXhY04SlwhIsZOXgZjqtLzUNV5KScSU+HlcTEgk2Je09Hwu55fi2ogEvq2owrUxFZmI4UhPDkJbC6D81EpkpbDQSQpCRLNa1BiI7NZSG7kuo+8Lb1Ryhvo5wEulVj6rIvd6Pq22BHiNKPdUtbNy3wUhzpyz6hLoOo8wD+wj0Hduwa89OaOtqQf3wIRw8uB/aGgdZDtDiCIfjWrC1MIaDtSlcHK3h5mwnxxnDggIkzGMixNrbGHi6utB+dmDq/LC8+R8UutHS9bBMU7+bbIhHGaZ4lmOGd83BMivbw+oQXEsyw5UofdxItsREkBaGvQ7hlN0utFrtQpWpyG++Acla6xEl7Fzra0Qe2YYw3a2IOroVfpqbYHtoI/LTndA7GkXIKglS2vmkGOOOxOg47Xw4AX298RgaS0X/UDTODsezjpFj5uOTKasJWKazCNzV5WlD42KNeiY6hsJxdiQMbV0KtJx2xZkBb3T1++Is37d/JAKDozGYvrS6hv3c+WgGCErCm+8zlkiDp/0T+JfnsjFFwM/S6q/drOfr4jAzkwFlgjmDrK+wi1AXOdX309hNvtmGaF09JOqfwJ2h1fHLpNBAuJrqE+iG8GRRmBvJ2oOAd2WQ5WR4lOUInGnw9nqr3fFirF1MojPVVMMJFkP1gyxqvBbUoaeuAfU9+6GuchBHtY7AwtQcPh4eSI2ORDVv5JTIUFTmZRPirRLmQ9096OJNeEbcfCc7MMooemp4GDcuXsL9+QXcu3kLKwu38YRwF0UY+/P7D2jWjyXQ39HUhbGLJW1veVO+JvCfLRLK95bx5v5dQv0Ovn94H6/vLeHtyj2Cn9ZOmMvNY56s4NXKXbkTnDByAXMBdQFzYearML/Cz72O//gff5HjaatL034tN5UR2dM+JchFHnOR/nTH5o1y0puJwTEY6R2FhYkhAxojeLg7ISJQ7OQWjOTEGN5rcTTuELlNq9jpTSw/E0vUlOK5hFj5uEi0Ehnkw+KL8ACFnMWezsczU+KQm55MmGdIMxeWLn4vJyMZmWmJBHoqTToYZ/K9MVjqh9n2JDy+2IKfVs7jX15dxO8fncOruRY8GGPg35OK2z3xmG8PwHyrH8EejpF8Z3Sm2qI6VKy/PoB4BzUUhtqgNTcEjVlBaKeQiPXnlbZWyCDQS60tUGtngVY7SzS62yDYXp/BoCpOHN4OLwstlBI4FYnuGCPQrw+U4dlcByYJwD7a5ctrnXg004SnM434eWkAPy704t//+Fpely8ZVIXbqcPXdBuCLfYixHovAkQGNCvWlt8gwJTmbqbCshOeRt/Aw3ATfERGNv7sw98Jsz+IaBexAddRJPnosRylsdPG/YwQ73uMMDfmz0bS3tP8DZEdaoS8KGMURFuiJNkZlWlOyIl1QnkGoV2fjr6WHNZp6G9kwFQTj66KCDTlEWT5AWgqCsVAK+/L3jLMjDZi8EwNbl4fx6NH83j27R1CfQoXJzox2l+D88OtuDB1GkuL0/j2Ca/vG8NYHKfZ9+bjdnc6rjAA60hygIP+Aajt3YQvvvgQn6/7kHZOU9/xFfROGOAgJWgDoW5upIHEAAv4S6Br/XXMXJOmLo61VyfGOVL4bDUY5OvA1/EIH6Ot2+oQ6Ksz3YNVVWHy/hcw/uRLmK+hnX+5hSDfDIePt8L1N1vh9OHXcP6EQvP+1xL0zh9vhu/mnQj7dCeUh3WRpW+BjqAY1NPARakRWdaKitDQUI+Bk4VobaxCW2MaA6MCBvFFaGQw39acjTqafHMBwU5DL+PvFJNRdcLWy3ORGiGGorwQ7u2EBF5vSpYwCnCwlxvK4qLlMte63DTU1fH9m0rRWVuPro5mnGpvopk3oIGPNdcXobOzGd0dbRjv7cZ5An2yv1/aubD06zMzuDMzhbt3r+M+246HKytyKO71y5dyPwvR1f7un/8Z/yJSp/7pe5lt7beE+nsKb0f4B3gQ5q4ICSPMg73hz8gjKNgTKXxuJtkWDzpc8LzfFi+7zfBzmyO+yzTDD5kn8CTWEBdP7Mc7H338FGKEt+EGmE0wRWeKK4oTnJEaZI5YhRHyg5xxt6oeT6vqsFJSgeVcXhyZGSyZuJWmxG2egOXsbCxl52Axpwj3C6vwXUMLbufmoSg5EhnKKORmxyM/JxGFuUnIyxIZm6KRnhJBiPogIzEYuRlRyCbww/0d4eNqCis9NTgYa+KY6lYc2b9ZdrMLoIsbWSxjM9PdI6F+XGO73Epw//4d2L59K/bsEckA1KFOAOhoCoNRwzHdw3ITGUM9bdjbmMLJ3gLuNHQPVwcajeLvQE+IiUZ8dBS2bN6A7s4meUF+P1iKe5nmuJNoQKgfw6M0I7zKs8S7pmD8MlyBJ9WBWMp1xGUCfS7+BKbZUPW57Mdp+91oMt2CcsOvUWCwBenHNiFVbzNS9LciXHczYvV3IZRgN1fdiKaGYAI4A/2DkegbCMOZ4UhCOgV956IxPKHEyEQ6zp/PxfhEpgR973A0RlmfGYpAz1AYxmnn58fSMDyWwKAgGkMTAvJpBLFSdqOP0/oFsAfHwhksRGF0Iomgj5GT6iZp9EPjSegdCEHXQChO9QfT6vkZY/E4dyFNAn56NovQL5ImP0LID4ynYHQ6BZU1bvwffI2dhPqeDWuguXMb9LfvRsjhI7h0qkeevwxaoYeFEXysT8DX2mS1WJ2At6WxLO4mev+vEPDOhLsd/0+2LMLYzbXFDHlh7eq09kM4dvAgNPbshbaqulyuZm1uCR+FO+IYOJTTKgvSklBVmEuIN0uACyvvaBTd7o0EfJtcujbWfxaXxiewcGUO87OXsXTtuoT5o8U7sgjAv6KBf//tUzlJ7t3z5zTsu3i2vIzXDx7i6cItPL+zQKAv085X5Ox2sbXr8zs38ELsEieSr6zcwSvRvU6QCzt/SYi/fHCHQF8g3G/iwcIVPJi/gsd3rjGIuP7/jZ+/j09EStS/T4BbK/OZi33ZLU2M4afwlHnLHWwspZUr3JwQHOgrJ7uJTWMSY6IQ4uuNhAixD3uAXMUhzDw+SvRARfL6DmMwFiNnrSdEBSE2TMxdCZEz3TPELnDKeAI9ScK8lA1iAS29KDddJmTJJtALM+LQlOaH3iI/TDbHyL2/f3kyg9+ujOKnh0P47XIfnl2owcp4CRb7M3CtNQLXW/yx2BmCW+3hGC32oKHboDrkGDJouek022x/E9Sk0Mpzw9Ae6IaTro4oMjNFsTlt1sIMtTZm6HCwRCUb3iiFBTzNtWCluxeBNkdQmeyJ5uwATHbm42J3EW6P16K3NBxNSh8ZaKyM19HQq/HTnX784eF5/OnpBTy7Mbi6s9wff0JWmCminfYj0mEvwu33IsJRlda2dxXshLyHyTZ4m+2Ct+kehNiqMgAQ2dj4ejGTXSHG0Y2QQpAn++gi0esYoj10Ee9lJBObJPnSzv0MWfSRE2qB0gT+XYlOqMryQXNJEJpKAlGbH4S6/HAaJu9nwry3NgHdVZFoyvVHR3EY6rP9UJ/jj7ZStgUnc9Dblkmot2BudhAzk724cmkQt2+MYmqkGQOnK9DbVYrB3jrMXuzHvXtX8ZRQv3/rHObHarFwNg83u5LQqXSSK5p01HZi4wZeY1+uwWfrPsH6jZ/R0r/Azu1fYNvmz6F7eDcS/C3kRDgBdIWN6Hanoduqs9aAPyHuZXsI3oS4p522tHQ/RwMonI6jMCtGnuMcdx9Yv78J5r/5DUzf+wjOa9fD+osvoKCNW7K2+JRlzXoYfriRZQdsP1wPp082wG/tAYRr8hxaGVEwE5EcFoaSGG/UpiShvSIRbfWF6G+vRD8h3t6Qh7rqCjTUlaC2pBANtcWora1AdVkhGrPT0SCAnpTEc1gqN4+qysuEkvdJSkQw4v08EOHtJnuowvy9+FmxaMrJRGV5Fi28knbegLa2OrSw/TjZ2oiG+npUlZeijkBvbCwjJ9oxevq0TO862d8mx8/nxsZwe3QUV29cwe3bN/l/uCfL479uTvV7wvyPNPNfCPFXv3yPX757hx/EUlYBdC9vF/j5e8DXT3S1KxAQJLrbeRzghtpoV7wdCsSPk174acwBvx+3x7s2KyxFqeFNmjFexBngcZA2fp9mgqchmljyVcNStDGm4hxQk+aJ3Gh7pAQxogxX4H5VE57VNOJldR0eFubhXm4mAZ6BJYL9Lk/ASmE+njAqup9fiKflNbiVkY3auAjkEeQFeYQ4YV5emoniQiWK8pMZ8cciLzOOjYqfnO2eEhMIZVwwHCyOwtVGD8Y6+2B+ZD+MNHbj+MEtMDz0DQxUeWFo7qDJ7YeDoSqs9VVgdmwfDLT3yOxqaqp7CPQdck26WMYmxheP0vSOH9GAsYEu9AQgCA4HW3Naug2hbg8fTw+EhwQjklAXMM9ITcEh2n2At7O8IP91ZRYP823wINMUdxP18DTXEi/zLfFdjTf+abQUb7tSsZzngvl0G1yKMMSYv7YEervFVgJdjKFvQr7hZhQz4i8QGZiMdyJUexNcDqyHN42guycS3YNRhGQiBkdiMTCUQEDnYuJCFi06EWcGE9A/LLrXRZd6LC07iDCOR0dfGOEfgN4ef/SdjcZATzTGx2MxORlH8NK0pxgQDLBR6PPC2bFYjE4p0X8uQYK6j8YvuuHPTfPzzsUykIjAKB8fOBdKgNP6GRC09AQQ7gEMEmIxOJkou+5FLd5n7EIuRs4nYvpyDlpP+sHdeh8OfL0GB7d9if1bv4bFpo1o8Q9cvaGT4uBJoPsykAqwM4c/6yAGVIE8lmDnc17mhrL2pMm7Gh+Ds/HqeLsdjV1MohMz5C0YlJlpq8NUWwPHGawd3rsXe3bswhEdXbi60FADvJGbHIf64lw0lJdIKxelva5OAl2UM+1t6BV7QXd0YHp4BFenZjA3PSOhLiAuut/v37qFuzdu0tLv4+XKAwnyVw8e4PFtgnhRZEuiwd+5jZfLixLoPz5ZzZ72cnkBLwhqkUFNpEQVx88Wr+MZLfzF8k2Zbe3V/QUC/oZMkbpCmD+knX97l0HAg/nV+QaBATIdqtj9TSRlEbu/fbluLVT27ISrg73sUbKlscoc5gS5h7O97GIP9lfILV1FkpX4yDCkxDNYpqWnJycgOTaS9h0pjT05NopmHouYUH/EBNPOWUR3uwQ6DT0rNQ7KpCi5zry8KAflhRkozEtnEJ4mu+lFxrWClDC0ZHijLd0NXTleWD5fgz+9mMXb+dO4P1GOuyNFuDdSyLoQt/vScKU5jCAPxtKpKNw6GYWxUi/0Z9ujnraa63MMWT40dW8D5Efaoyk7GG1+zmh3cUC9rR1BboUiUwNUWBii2dUGJUnBBLolYXIUdkd3yyRTrXlhDASCME7YTXTlYfpULtrzAuVW1zfOFmKyIR53BsvxA+38+zvD+PnBBBb7ivFgqlme83//7/+G2kwfBNvsoKULaO9FpIs6zVubAYMKghwOItie7YGdCvwsdsGfNh9kuRuhtgcQ6azGQOAgEtyOIkFxXM52j/XQQbiLFkKdtClDx5DsdxRpAaIY0M6tkR9jj9I0D0LcDy2VQagt9Ed5ug/qC4LR06DEqZpENOWHoCU/kGDxRXUaIZPqgYpUbzQWhqOrPh4jvRXo6SxHY10ehgdaMT3RRWuvJOQy0VKfwedKMTF+CrcXZ/D4KYPJ18t48ugiVq710NTTMVkdBlcD0eO1Gwd2beQ1xmvu0w+wfsOn2LD+Q+zdsY4B8xZEeRsjwv04glyOwM9BzGrXZNGAwkoTHtZa8LQ5RKCrw8PmMDxo7540c08GWR40dw+71YlxnUl5OPb5Ohz58EOY/+oTWH+wHna/+hzGv/4C1jRyx39Yy3o9nFmsPv8Slh9vIOjXw2XNBoQc1EQ0gzqllwKJHu6Ipagqea2K3eOEgZ+uLMTJlgp0VefjZFM5ztCoG6qKUV9eRLsuQktpNoGegXKKZ31WFqY6O/FvP/+MV48e4mx3GyoSQpEUqkByoAWDBX9UJkWgTqlERVkuavleNTU1sptd1GIMvbW1Fu3V1WiqykNDRQ7PfyFON1cyiGpBD6E+ffYs5oaHcV3kTZ+axJ07l7HMYH1paQkPKQhi+epzysGbN3+Q+1C8+sPP+OmH53j58juZoOUNYf+et4+rhHlgsIK1GwKDvBAUokBptDce9wThp3F/vO22wy/j1vjTjAt+N+2CF6cs8aLaAM/jdfFzijGehRjiuoMhxm31cTvACbeSvNDDi7xcqUB2jDPyYz1xqbgEbxrb5Zj4q+oyvK0sxdOCHDwvzsfDvCzcJ+CflhbjUWEp5lIz0SSSN2QnoKQoA2Ul2YR4Kk9UFqp5IspL0mnkBHpaDK0gHAEKe7kmXWw4E8RjOxMtuFkewQmtXTLLmpH6Nhgd3kY7X83MJpZauJ5Qg6ORKiyP74OFvioMdQ/QxlVw8OBe7Ni5FaqqKjR11b8C/TCM9HVgwcbhhCFBYW1GS7eGu7MTG0ZXBPr7SqDHREYgNTFBPqatroI//eEXua/74xJX/o22WE42xOMMU7wsssebMjf80puLd/38+8t9MJdghqsxBhj110SP404CfTPqjL5Gkf4mlJttRyUbi2yT7cg4sR2xBtvlXvodnZEYHWW02RGMoSElj2nOhG73YBLOT9GML+bK7vS+0UicPBuKkak4DI1GEcghGBoOJch9cGFmFeJn+0MwOByM0/2+DAxCcf4cLZ+2PjCYjOmZPJo5TX1KrEGn8Y/FYIYBw+SFfFyaLeZ7JWKSj42N0+5p7qd6gjE1nYOLfI0A+YVLaTgvxuenUjF1MYPfhwHIaASfS0Qvv0vfcDSSog2hu28jdm/biO1ffwnnXbvkDV2WnQYvS2HnBDoDqWCaVqiTNcIcrNgoWiCI/4sAKxNZvGV3vIEsbrR1CXcau4OBDm39sDR3q6OaMDh8EHu2b8c+YeqaWvDz8kSIn7dcslZfko/WqlJ0NtSihwA/1dJMOxdwb0A3j081NaKPpn6utw8zI6OYHR/HtelpLF+/Lu387o3ruDM3R2tekjPfnyzSvAl1Ub+4ew/Pbt+mod+UQP/h0equcGKL179lTRMwf00LF2AXUBcgF0AX5dniNb5uDk8I80cLVwn01fKnX36U52rf3t1yjfnaT1YnwH3+2Sf8O7fCydaKf58vnB1t4enuAg8Goo40dFF8PV3597sjyN9LLsEUEE+NiyGgI5GZmkRY085FghWWtGQRQIcgOsSPIPdGeKA3YkP9kBwTKrvVs2nnYrlaCSEu7LwkP0OWIgJd2HlOegLK0oT9uqA8zBztmd54Pt+L//bddQn0l1db8XC8CvdHS7A8WIhbPUpcbQnH1eZA3GwLZR2OqeoADBS4oSrMCGUR5sj3N6Sl68kNZarTCDZ3GzQ62KCdAUy7gx2KzQxRYqaH+jhflKWHICvKA8FOhjRndZQkeqGjJJYmG02zTcFIcybG2rPRXhCGggg79JXx/qqMwmRTKp5fPokfl4fx5EIrurO80ZurwEiBD/7nn3+H//Nf/4WhjjKauSpiPHUQ6aaLaHcNwloNwXbqCHJUQ5jTAQn3INt9hL8weNE9vw/+5rsQ4aCOKGctQv0YIlh7WR6Au/nqe8V76iLZWxv5EcYojrNGdoQF8hOcCBkvNBQHoLkiAkUpHqiktXdWxxPoyWgrjkAjrbw5j5BJo5VmBfNv9UZJqg/qCoPRUBqG/tNVqK5MQ30tTbIhGx3N+agpT0ZZUSzqa9LZnrRj9soo5hcv4e27x/j5Dy/x2x8f4+GtQVxoTkRZFIND/UM4wXbz4J6vsXHd+9iy4QPs2/wxtFQ2IC3QGFkhJrxfNeBpuQ/uZvskyL0IcV9b0T5rwJtG7muvIcfMvR1o6LYC9Ktj694Oq2vRL/b1Qe/jL6Hzm/ex/6M1OE6wm61bh6Nr18rags9ZvbcGTu+thd4Hn0L/o49wbO2X0GNx3nQA/gZmiHK0RoCrPcLsrJAWHYiWvGzU05CbmjJo0BWyNDaWEr5laGgoRl1NIWqLCtBSTvBXEeyUyY6WMty9fBnfP13EHQbmqXGBiGOAkBzmhewoX+TFx6MqlYzKyEAj7byxJh+N/Iz6qiqe21K+b4O09Ub+XE3TF6UxPx/N1eXobqvECIE+K+ycML9FQ79+fRqLi7NYYFuxfG8ZD14+wKNHj6Sli53iXtLIf0dL/4FW/uztW7wizMX+7tLQBdT9A9zhF+AhJ8QFBbsjj41o9XENLPHmeXHKH6/PheDhGS+8nQzFP12Lxrtz3ljOOYZ5Rx1csTuOUUt9jHtaYtjNFP1Btqhg1JIT5YSMCCfkxHsjmwHCQFoK7hQV42lVGW28AD/W1+BFaREeZClxPycdy7lZGIgIRVlSLEoKs1BalEV456KGkVRtdQEqCfS6qnyU0tLzae4lOUnSzsP9XeV6dF83a5mz3M/NHM5mOrDVOwALHZEbfQfMNL8hzLfDUnsXHA32Q2GhyZtGAzb6+2FyZC/0afRaGvuwb98OqOzfhX0qu6ClfYhAV5dmLsbQzU7oyQxUZif04chG0sXJng0kG0QfL4SG0tIjw5EQGyNnu2/f8hUuTa0uvXpeF4wHOba0dAs8EJPiShzxpsoNP53Nw9vTKXhYFYDZGD2c99fAVNgRdNl8gw7rbagy3oTKE1tQZvoNCk13IN14G6J0NyLc7gBaunwkvAdGCdIJJQYJxzOE5BDh3DcSjcmZTAyJLvSxOJp0Fo+VcsnZhQury8qGxoIJ6BhMTMagdygcff2ROD0QwvdLwMioEgPDybT0HFy9WoyZSxmYu1qIy7N5uHqtlIFCJoGeSWhn48blElzm+16cyMTcbClmZ3g8JT47nt8vBkPn49E7wu8lxs4v5+LSVVoQYX9mKAFtp0L52XEY4/cbYRDiZHoA+7aux/bNX2LX5g3y3ImJasLQva1NaOUWEubhTjaI5E0a7mDBYolgQj3IyhSBhL6PpTF8LFbBrqC5u5nqweWEmCV/BI6GurR1LWio7KFJfIX16zdAdf9+CbmgAF8kRAQhMzkelXmZ6G5uwNnOdgnyUwR6T2sLIV+P5soKCfWBrk5M8ga8eG4Uc4ymb18RxizG1G8Q7tfwZOmOhPqjhQXZ1S6gLvZ4f3p7Hg9vzNHS5+U+7S+W5gnqm38Huih/M3XRBf/41hWsXL+EJwtX+LtX8e3inCwP+fO9mxcxP3ueUfprvHv3A9bKbnaRaGWNXGuusms7nO1t4OXmjABvT/gzcBFm7sSGzdXBVm4eI2asC/MO8FEgWmRKo50nRkcQwMlI432YQVMXyVbSU2Jp7lG0cn/ea76Euo8EuwC8WH8unhfd7fkZq93t5cV5si4rzJaT4wqyU2W61MbccDQmOiKPID5bFY/v74/hp5Ux/OHZNO13FK9viElopbhxKg1XO5JwuSkMN09GYLE7FnNtkRimoXemOzAgMEJ5lBmKgoxREHgCOYFmhJ4DChQWyHMwQQsD7pPO9kjR10aavTGai2ORFUPBiFYQ6HoIdTZAY14EgR6P7qpknKlORn+dEn203JbcEOTxvepSvHC2LAwtlJNHF8QM+FFMNqbIXdpmmpV4NlaGH2904X/9ZTV/w7XpM4S5FqLcNVkfQrTiKMJdadsuf7V06wO8Rg8gxG4/r9f98DNVIdD30tp3SfgneBrQ0I/ydepsu3bwe2oixfcIlHJCnDEKY6yQE22DnDgHwlmB6mxCuyQCTSWRqM4NQnMpA/fKaJplGGpzA+RrKtIDZMmP90RWrCsy4t1QytcW58aioS4HmZlRqKvNRkUpzb42kxDKQkNtDqqrcjB8rgu3ly/j8Ys7ePPjE7z75QV++eNrrMydQV2SK+z1VWCotRuH9m3Gjs2f4eCONdDZvY6gV0FNnC0y/fQQQttWWByEhyWLhTrhrkGoH4aXnYbsbvdl7cG/192GsCfovey15eQ4DxttvPh2Bc8X7uE44Wz0/vsw+vWvYfyP/wjtNQT6B5/h2Kdf4sQ/fAK9jz7DkbUsv/oVdD/+GIZ8ndpn62C/8RtEHDFGhqUlfAwMEEBbr2Ub3ULbbiS4W1vzCPES1uVy1rnY771VPF6ditbyDNRX56GGwlnDuio9HWUEdlNhJibGB+XKDmWUDzJjY1FJg+89dQpthYWozuc5rOT5KyuT4+TNTaXyvZuaavlZVWgjvOurc1FXmYtqvm9jYwW6O1ow1tODWcL82ugobt+cwbVr13DrDtuUW7O4f3+Zpr4sN5URpv6tWNb64gVePaOlv3qD569fS6h/K4AuYO7j6ya724NDxfi5O4JDPOHpYS0nmMV6WaEs0Bo1ihMopxV+fz4cvx/0wd0kYywFGWHaVgcdJjooMdZCuPYOJBmoIEpkPzNkNOqsj1APE4T6sPH1E7u72SM6wAVpwR4oDvdFfUwITsbH4DSB3pzKhjQlHqWM6PNzlLKrrrKM8C7KRnlpNmqq8hg55UuoF+WJxiYMucpoxIS4EehOcLY+Tijvh/HxwzBg1OjjYARnWriT4T5p5MLMjdU2w0pnNzzMGDUS6AprHbjw2Py4Co5o7MChgwQ5Yb5XZSd27toqi7bWQegf05Tj5wLotgSHKJZmRnB1tuN5coGfn48EelRUBGLF2EpSIjTVVXnTpMsb/eeLJ7FS5Cah/ijLAs8L7PBdXQh+P1SIt10peFzhh5vJJhj3V0OP/W60W+1ALWFeZbwZDebbkW/8DdIMvkHU0S3w0N2C9gY2NH0hODeWhNGxRFy8lE+DpvkOxxHI0ejujcCA2AhmPA7DE0mY4HOTYtb6hVTCPQFjU8lym1bxO2Mz4rkcnB2NRd9gOO2bQKdVT14Q491JmGJ98VI2Ll+hcV9JZzCQxYCBnz2VgKkrvLgnUzA/U8I6QW4ne/Z8Ck4PhaK5x0d+bt9AJOYvl2HkXCKGpzIwzO88zIDh7Ll0tHaHEeohaO+KQm9/FCP3Q1Dd+RV2iQk2m9bLc1dXWgA3M/1VoNtbSEOPIMwjCfUoZ3FMqNtbySLALqAuyt/G2QXUxQQ6NxMaO+FueUwbm7/aiHXrvsQX677AYTU1eHm6ycAsyNcLWSkJKMhQ4mRtJQZOtqK/rQV97c2EeQ066qrRUlXJuha9tPSxvl5cGB3B1ckJgvUS7t+6iaVrczT0q3LGu4D6Y5r534AuJsV9u7SIR7eu/xXot1mvdq+L8ujmZdyfuyABLkAuju/PzWDlxkU8vHkJ9+am8Xier7k2g8XLEyzn+dmry/vO9vfhc9HNvuYjuc5c7cBe2JibwNNlNf1pMP82H16r4mdRwoODEKCgmXuLzWECEBMWjNgoMREuRmZJy1YmIjUpmiWWJWYV6iKPuchnHheBlNhwpLKIyXBiH/e8jGTkZafQzgXERXe7ADkD76xU5MoJcfHIS4uTa8Xr2NiXhFvRRFrw4GIrXi/04d/e3cAfn4zjzfU2LDLQvcb74uapZNzqisdyXwqWelPkuvWBYgWaEsxRF2OOKgKuLEwkLzFBiqsmMvyMkRvmgOwQOxQS4sW2xoiy1EVVWhA6KpJptj6EXCDbNFNEuRqgJiMQHaXx6KtLxxma7ekKBsXVKahK8UFRjCvywmzRye/bQAOePZ2Pp5e70FMYig4CcaSC5l4Txe/bjTfzvX9PyvTyyRLbN1PEeOki0vMworxEtjENhLkcYqC5G4FWKjT0A4S2KoJ5LMAeyOM4Gn2iB23c6zgiXWiwJrthp7cT8V7HkBFiCGWQIXIjbWiDdkjl98qNc0VBkoLGHYL64nAUpfkjP0VBEEWiriCUj4fR3L0Jci8UJftQrFwR5W1Co7RHYpgjUuN9kRTvw/bKmwLnhqSkQKQk+CJdGYpUZTiUaRGobijC6EQPbi1dwOK9WTx4uoDvfvccv/3tCobqkxlomDBgPgw9itJBlU3QOLQdFmZH4Gqnj4owC6S668DPSo1AVyPQ1eS4uaeVBtzY9npYEeKEvKelOo814Gquxp8Pw91KzHbXkpY+NtiFv/z5zzhKE9enmWsKmL/3Hg4T2KoEty4BrrKGgesHH0CV5Qihv//TT6EuMp/xecede+G8VxVux/XgR6B7GxmhNCYGLZWpDFzypJGfbCxBO4s4rqurQ6s4JtQbS0vQxrqmgBzKSEc1zbtSqUQZS3luKq97BrvRUcimqVdnZeIKA+uu6mr0VtDoBcTJq0YCvqG+GG2Ed0M1A4eWStTWVqOBsK8uKeFxLVqbGzHY042ZoSEsDA9jYXwct3h/z9+6hpnbc1hYnsM9nvvl5Vss83jy5Amei8lxLK9o6t99953san9OwIvu+P8LFEmY2VUy510AAAAASUVORK5CYII= to /home/student/Desktop/imageLogs.txt
Bytes in image file byte array after reading: 548150
Supposed to write: 548150 to /home/student/Desktop/byte.txt
Tests run: 1, Failures: 0, Errors: 0, Skipped: 0, Time elapsed: 14.169 sec - in csci310group11.Implementation.TestingCollageGeneratorServletNominal
Running csci310group11.Implementation.TestingConstants
Tests run: 1, Failures: 0, Errors: 0, Skipped: 0, Time elapsed: 0.003 sec - in csci310group11.Implementation.TestingConstants
Running csci310group11.Implementation.TestingDownloadCollage
Supposed to write: 1000
750 to /home/student/Desktop/size.txt
Supposed to write: 200
187 to /home/student/Desktop/size.txt
Supposed to write: 20 to /home/student/Desktop/rotation.txt
Supposed to write: 200
187 to /home/student/Desktop/size.txt
Supposed to write: 14 to /home/student/Desktop/rotation.txt
Supposed to write: 200
187 to /home/student/Desktop/size.txt
Supposed to write: -19 to /home/student/Desktop/rotation.txt
Supposed to write: 200
187 to /home/student/Desktop/size.txt
Supposed to write: 42 to /home/student/Desktop/rotation.txt
Supposed to write: 200
187 to /home/student/Desktop/size.txt
Supposed to write: -37 to /home/student/Desktop/rotation.txt
Supposed to write: 200
187 to /home/student/Desktop/size.txt
Supposed to write: -32 to /home/student/Desktop/rotation.txt
Supposed to write: 200
187 to /home/student/Desktop/size.txt
Supposed to write: 33 to /home/student/Desktop/rotation.txt
Supposed to write: 200
187 to /home/student/Desktop/size.txt
Supposed to write: -34 to /home/student/Desktop/rotation.txt
Supposed to write: 200
187 to /home/student/Desktop/size.txt
Supposed to write: -30 to /home/student/Desktop/rotation.txt
Supposed to write: 200
187 to /home/student/Desktop/size.txt
Supposed to write: 26 to /home/student/Desktop/rotation.txt
Supposed to write: 200
187 to /home/student/Desktop/size.txt
Supposed to write: 24 to /home/student/Desktop/rotation.txt
Supposed to write: 200
187 to /home/student/Desktop/size.txt
Supposed to write: -1 to /home/student/Desktop/rotation.txt
Supposed to write: 200
187 to /home/student/Desktop/size.txt
Supposed to write: 1 to /home/student/Desktop/rotation.txt
Supposed to write: 200
187 to /home/student/Desktop/size.txt
Supposed to write: 2 to /home/student/Desktop/rotation.txt
Supposed to write: 200
187 to /home/student/Desktop/size.txt
Supposed to write: 5 to /home/student/Desktop/rotation.txt
Supposed to write: 200
187 to /home/student/Desktop/size.txt
Supposed to write: 5 to /home/student/Desktop/rotation.txt
Supposed to write: 200
187 to /home/student/Desktop/size.txt
Supposed to write: 23 to /home/student/Desktop/rotation.txt
Supposed to write: 200
187 to /home/student/Desktop/size.txt
Supposed to write: -20 to /home/student/Desktop/rotation.txt
Supposed to write: 200
187 to /home/student/Desktop/size.txt
Supposed to write: -18 to /home/student/Desktop/rotation.txt
Supposed to write: 200
187 to /home/student/Desktop/size.txt
Supposed to write: -18 to /home/student/Desktop/rotation.txt
Supposed to write: 200
187 to /home/student/Desktop/size.txt
Supposed to write: -21 to /home/student/Desktop/rotation.txt
Supposed to write: 200
187 to /home/student/Desktop/size.txt
Supposed to write: 23 to /home/student/Desktop/rotation.txt
Supposed to write: 200
187 to /home/student/Desktop/size.txt
Supposed to write: 45 to /home/student/Desktop/rotation.txt
Supposed to write: 200
187 to /home/student/Desktop/size.txt
Supposed to write: -2 to /home/student/Desktop/rotation.txt
Supposed to write: 200
187 to /home/student/Desktop/size.txt
Supposed to write: 16 to /home/student/Desktop/rotation.txt
Supposed to write: 200
187 to /home/student/Desktop/size.txt
Supposed to write: 34 to /home/student/Desktop/rotation.txt
Supposed to write: 200
187 to /home/student/Desktop/size.txt
Supposed to write: 21 to /home/student/Desktop/rotation.txt
Supposed to write: 200
187 to /home/student/Desktop/size.txt
Supposed to write: 12 to /home/student/Desktop/rotation.txt
Supposed to write: 200
187 to /home/student/Desktop/size.txt
Supposed to write: 22 to /home/student/Desktop/rotation.txt
Supposed to write: 200
187 to /home/student/Desktop/size.txt
Supposed to write: 26 to /home/student/Desktop/rotation.txt
returnURL: iVBORw0KGg
Supposed to write: data:image/png;base64, iVBORw0KGgoAAAANSUhEUgAAAfQAAAF3CAYAAABT8rn8AACAAElEQVR42qy8d1hUWbev+/1z79lnn91fq+RUQBUUFEUqcs45CoIIKiISzDnHNovZNgfMgIGcc86CINHcarfZNoJ29HfHnAV07333c+6552yeZzxzpQqsqlrveMecc/3jj69AZs9nZHQNI717GGk3P+Ny5xekd1DbMYwLFOfbh3D+xkhLcY7ibPsnnG37hNTWIZxp+YTTzR9xqvkTTjUN4VDxY8zdfhW7swZxsvEDjtX/FUfr3lP7ntp3fPlw7Xt8X/uB4j0O1bzHweq/4kDVO+yreot9lT9jb+Ubip+xm2JPxRvsLn/NI4ViZ9kreZS+xC6KnSXUlryioP2lb2j9BXYUPceOQhZs+QW2F1Bb8BLb8p5jez5raVv+K2zNHV1/hS05L2j9BbXP+f4ttG9z1jNszqHIe4nvsp4jtfYt2h4MY/hXOpH/H39VVeXQ1lGBSF8LOiINyMy14Gqni2lhVsg7vRIzQs0Q5C1FTfEhLEv2g7lEE2KhErWqsDFRhaWRIvSF46AlUIKmlgo0NJWhqakEfX11CLSVIDbUon2qUNdQgrLKeOiLBTCQaNM+Fb6dPU5PdwLE2uOhpTUBGlrfQkVtHFRUx0FHXwXXrh5DffUlpKbuQlnJJbx+1Y8PH36ArYMEqqrjoag8DgpK38LV2QwJcf6wlAlRWnASDTUXMSPGB+4uJjh0aBVWr56NWx1NGOzvRktzPbJyMnHhWjYyckpx9MRRbN6yDutWL8TmTcswY2YMVq5agoSkWMTOmAxDiRDauhrQEWpBRV0Rmtqq1Crw2Lt3N250tI6dzwf3BpGRdg5zZ8fB1NQEpmaGMJeZwNrcCH4OJpga5I6C3OtobW9GS2sDRT1a2xr48o2OFnR1t2Pwdg+ePLqPRw/vYqCvEy9ePMOLV8/x6s1LvHjzCi9fv6SQt89fPsNPT3/E4yeP8OCHh7j34D4e/vAYd+7ep7iHwXsP0X/3AXpv38OtwUF09fehZ/AuX2fBlm8N3MHN3gF09vSj41Yf2m7eQktHFxrbOtDU3smX2T52TE//bbR39eBmTw96+nrRP9CP7p5uDNzux737d3DnTj/uDPbih/uDuH+nB/cGunGn7yZu0/8xcKsNA531qLm6G6kr6LOxk0JXVwAdHQGMpIawsDCFo5MN7B2sYGNridLSsv/0O1tT3wJDCw+Izdyga+gATZE1tESW0NKzGgkb6BjaQ0fiCIldKAxsgqGsbwtrnyQ4ha6D05Q9cI8/Btspe+E0/QA8Zh2FT/JphCy+gulbyjB5YwFFHpafasU+um58lzmI9Rn9WH6uA7E7C7HgRCMOVjzD2oudmLw+HctTW5FS9IR+jz/gSO0bHK1/jZjtOXRsLpL2FMDYMQqqWuZQVNGHsqoeVFREUFYWQklRACUFeShO0ILCBDUoKKpj/LfqfF1RQRMK4+XB1idM0ICCgjaUlIRQVtKH1NQVffR5/Ff/FZVmI37pDNi7m0JV41voiFVgbK0DS2ch7Fz14extDDtvQ/hMMYddqAbC51ojMNkCYfNt4Z9gAKdIDQTPkmLyPEsEz7ei8yuBQ7QSXON04JtsANcZeoheaUnfh33ozF2FG5cXofviEnSnLkLv+aW4nb4Cg3mr0Zm1GIPVa+j3GY6gRaYIXmKOaRtd4BqrCa+ZAgQukCJ6nTPCV1sgcr0dtZYIW24Bz3gpnGdowz1ZD94LDOAcrwvH6SIEL7aAR5IprMP0YDtZBMdofTjG6sKJnss1UQSveSLEbHFF5Dp7RG6wgv8cKRZti/4vPbdVN8oQMNcd0hA9WEZL4ZRsCafZMh4O9N7sE8zgkGgOxyTaRufUlc6t82xLuMxhYQG3eWzdgvbJxoLtc0wy58tsn32CKT2HGQ/bWcawTTCBXaIp3z4adrNo2yxT2Mw0hk28MSynSyCdpAc9Py2YTKbvVoQupGEUIRShejAPE0MWpg/ZJDHMJxnAgsKKlq1DDWDrqY8l80JxPfU7lF7dg+Ire1F45RBWHqlE+O5u/OPH93/gOsE8+9YQMruHcLVrCOkEdRZyuMvBfpEAf+nGZ1wYAfs5HsNyuHOwfySwDxHYP2FbegcW7LyOYzWvcKLpI040sviE4w2jMGftuxHAf8Rh2vZ93dsRsH8ksH/gMQr1A9XvsJeW97GWAL97FOysJbinUOwisO8agTuDegrBfEfpKw78FAJ8SjEDOcG++CW2Fz0jsMuXdxZRIlD4mkOcAX1HwWvebst9TSB/SUAfBftzap/R9ue0/Axb8yjY9uyXcuAT+K+0vEX/T1/w+x//Odx37PwOuiI1aOlQCDUIxJowNxPAw8kQ7g4irJgfgFlRDsi9tBnz4/1gIFKkC7ACtAnAenqqkIiVIRIqc2CrEexU1RT4sjpBXUugDCXlbynG0b4JdDEbx4/RY8mDUJUDXVdXGUZieh49JQgEE6CrM44Sg/G0/C00BP/E5Qu7kJd9ErXlZ/H7r2/x268EtRf34O5uTq/xLQGdBb0XfVXY2uhTq4bwECu4ukhgYS7AsSPfYcPaxejsbEJvD8GpuQ5XLp/GmdOHcT7jOi5llaOgogEVdY2orKrADYJrQUEOiovzsW/fHqxZuxKOLg6wsLeFtpASER0tHDi4D83NTWPn8DHBK+f8PuxYHIw5MW6InhyEyIhgmJiZQGJkSLBi78UY/k4WWLc4iV6nBLV1FaipLUctRX19JRooGNybW+rQ03sT9+7dwfPnT/Hy1QsC94sRiL8cWX7BAc9A/sNjOcjv3r+HO/fuon9wAH0EWday6Bm8Q3GbQ5tBuatvkIP5Zt8AukdAfqO7lwfbx4De2tnNYd7KwE7LDOhsP3t89wjQ2zpvEvg70d7RgZa2VnTcvIFbvbdw++4gHjy4iwcE94cP7+D+3V48ejCAxw8GCew3MHCzEU15pzBnkhMlSZpQV1eFWEwXWAK4g6M1wdwaMktTSjD1kJCY/P/6vg4M3oPMIRBCExfoE9AFBGotkQUEQnNo6cqgIbQgwFtBW2wLkbEzjOyDoUutmjZdvBxD4OU/C57B8+AXtwde8YdhHb4JssCVsApZC5fJO2BH625TU+AweRvtP0SQP4NZu0sw73gTZqSUIGj5eSw51YRT9ZTQFz3CmrNtiN9WQBDIRPzuSiw9dQM7cn9A/J5SuMzcDbFTHDT16PW1zKCkoke/ARElonrQUNeHqrKuHOgEdmUKRUWC9wR1Co2xlsGdQ52W2XEK4xn4BVBRoudREdNv0BrVVQ3/JbAZHh7G+g0r4OkvQ8zsSfD2saRE5FvoSVWgZ6YKazc9OHlK4OovhY2PGLYTRXRB14HHDDHcZ+giKNEYLlECOo8ShM2zRzTBN2qNC/zmyOCZaABPBvOZenCnWLbbF0/uHsFg4Xr0XCN4n12ErjOL0XdhFQd7+6lktJ5LRkdOEtryErBkpxfB2gaB88wRudYCdhGq9PkYENAd4LtAArdEMQIWGsBvHgFrij7sY3RhEa4MzwR6n5M0EbXeEm4zDGFN78+JEguLSBV4xNN6uAZ854gJ+JSYLLaFL73Pmbv94ZdkiNiNTphMiUdO7dn/43P74udnWHFoPlySCMazzOh9GMEwQAcOcWZwJnAzoDsmm3OY282SQ52BnIFd3poTuOUAZ8tyqJtzmI8Cnm1nEB8FNgP5KMztaBvbz2JsP4HcNt6EgC6F9QwJLGMk0PfXhiRYSEAXwjRcDyaUeEgDhTAPIZhPZFAXc7hbTSSg03cgZKINDmxLRGHaTlRkHULptUMou7oPh05lYsW527jz+Dn+0UJ2WdjzCZUDQ6ga+ETLQ8gmU79KkX5rmMyd7P0mGTuBfdTaL9LyBVpm1n6W1s/eYMYuj9PNP2PpgTxsPNtItv6BA54Fs/eTze9xskkOdxbHCPTHGj7hKIH+SAOD+icydgJ8HQP6O7mxj7T7CfD7qGWxt+qdPJi5E+D3UKSMgJ0DvIzFz9hWyuD+igN9F4vS19zed9P+XcUEb4I8gzoz9l1Fr7ix7yx8he3M4gnsOwreELgZ1Jmxj1r8Sw52efsCmwnomwnom7PZ8lO+L4Uen3/zPR6/+fXffdGCgn0JUqrcOhnUBbrqBC4NGBpowNxEGxamWpgUKIOHHX2YRtow1leATKoBC2NNSI00YSpRg0iHAE6gViOIqzGYU6iqTSB4K5Bx/JNsewJBmrYR1JnBc5DTa5nTc8+KC4C+riK0tQjkAgKzUBEiMnZ9XbqQiFQwNzEAq5dFY/PKCPx4vwE5V3ZhQXIwdHTJkNW+5dbPnl9frAVrGwP+/oUiCvofYqIDKRk4ja6ORgz0dqLjRhOupB3DmsUzsHFFEo4fP4wzl67jQlYZrpU0oqTmBpraetFyoxvNrR2oqKpFTkEhjp9KRWlFJdno4Nh5e/LoAS6e/h7zY3wQ4y5CvLcI80IlWDKVLgIRPvD184ZIT48M3RQyCwt4ebghNiocGRdPoKq6lKBehoqKIlSVF6G+phx11eWUJNRT4tFOQO7D48c/4AXZ90sC94uXz3nLQP6MIP/jT0/IwuUQZ3H77p0xkN/qlZtzVw+zaLlxt48Amy0zgDNwd1LbdOMmGm508qhtbkNVQzOqm1pQQ8sNBPRGto/autZ21NG2ZjqeGTuLGjquqr4J5VV1KKNzU1ZRTuerAg1NDWi70YquboI32fltFv03cbe/iyy9HT0ddeiqy0FKkiclhfSd01KHAxm5p4cjAd0GMpkZJUESqGsJIBRL8PHTp7Fz/ujxj7BxCiL7doCOgT20ycIFYhsCujl97ubQ1DGGho4pJaYyAro1hEYOMLLxg7quGSWdZnC09UCQTyiiw6YhOiIZAVPWwXHiakjdkyHzWwS7oOWw8ZsPmXsiTN2SYBO0DLbBq+AQ+R0ZYiqS95RhdWobVp5uwfasQezKuYOFB8phQcdYhq6Fqf9ySgS2YiIdG7vpOoKSD8HQLhrKmhb0mzCCmpoIKgRxdVWyHiMLArIOdARiMnYtMm5m5BqYMF4dExTUoKikwQE/YZwc7BNoH7f0cQz2dKyiDkFdj5ICffpNGSM9Lev/CDgPHt6HvZMl1HUU4eRjgcnxodCXqEOgpwxTWy06lypwDzJH4CRzBETYw9JXB7ZB2nAik/OKE8JtujqdLzXYh2uTpZNNL5DBb7YJ3GaK4B6rDy8Cq/NMHYKuMVmxFjYfD8NPt49yoHdeXIymw7PQdnQexQI0f5+M6j3TUfd9HJrOTkfODg+cOOKMqLWOiN5kh4D5EnhN10P8dk9MXGaGKd9Zw3e+Mabv9EbYSjeYBqjDciIlGklGiNnhAocYHbJwHUxabY6ITU4IW2WFkIV2cJgihMt0XYQuNYVrgi58kyXwjhciarUVptCxYcslBHkTzKXX7x5s+986r3/8+QfSS8/Db6ETXEfA7MAMOs4UpgRGZr8uiZZwJag7J8utnJkzAy2z9dGWAV5u3eb8mFHAj0J8FNZyUI+G8RjUR0E/2nIznykHujUB3SqOpGOqBObhEhh6CyCLEMOEjN0sSATLIH2YB5Clh4phMdEQVgEGcPMzxspFk5B1fjPy03Yh/9IuFKfvJTvfjazL3+NiVgVePruD4Zed+MeZ/A7kd79Ddf9HNN/9hObbQ6i7PYyS/mFk3vpEYP+MK10sCO43h3GZ2ktdX3Dx5i8E9i84z8DOyvIE9XMUhyseYv7ODBwqvo/UtiFekh8ry7d85JBnUD/ZRMbePAp2MnWC+9H6T2Nl+SP1H0aM/cNf5k5xkMB+gAGebH1/tbxlZflRsI9a+67yN2TrrOT+CnsYwEfL8hS7OeRf03Y6tvRnWqbjixnA5TDfXvyc2ucE95fc6hm8dxb+PGLxBPb8ZyOAf80Nntk7K93LW3mJfgvBfWv2M3xPCcbtZ7/g48cPBG+Cq1CTjEjAYcigrKGlTICnrFyszsFuZKBOF0QlAqUSDPUVYaCnAFNjAT1GlUxbieCqzI1cnR6nRRdpbR11OWjJ1hWVvh2zdtayYKV5fV1VmBpqwoySAn0yfC2ycg1NCvVx9FoTOOCtJBOwemEoQoKsYSLRgr2lLlwdxJQQjKPkYBw3f/Y6zPrVaF1HVwPaepr0HpQQFT0R5ZW5uNVdhzsEk56b7SgtzcHaRbHwtZdiso8NNq2bhyMnTuPslXxcyqlCRl4tMsuaUVTXicrGLoLfXbz78BdQXr54imsZqZgTHwkXa304WwrhaytCmJMuQV0X8X56WDDJAtMi3ODu5UbnQRvm5pRNuzhjSmQodmzZgMrKUgJ6BapqKlBNEK+rqUR9XQ2aCIQdHcxyewnQdznQf/zxMZ48eTTSPuZl9Xsc4vfHIM6it59A3d1FlsyM+SYZNllzhxy+zLSbybAZjFkpvaO3HzcI7AziNU2tBO9WVDQ0oZLgzFoWVbS9oKIKeSWlyM4rQFZBPnKKilFUXoUSSnJqGlt4lNfUo6i0Avm0v7CwAIVFhSguLUFtfQ3a2pvRxyDe343Bvk76DDoo5EDvaSnB5rmRkBiKYG9nCQ9XO9hZmxHMTWBlTYatIyQz1CE4i5CZlSM3nJevyQ7DuXkL9G14MBvX0rOk77ApGboJPc6IklJjaqW0bgpdQzvok8kra0igLTCEWMcAFoYm8LN3wRTfIMyJjoen51R4B8QijAAfH5WAVbMXYlLwDDi6RcHGPRbuIUsRFL0J0XMPY8rcA5g2bx9i5+zC5IRdiF58CtNWnoVNyEqYes2FgXMsDOymwcBxBjwnb8akpIMIidkIX68oRAVNwsL4ZPg6uUOiLYKrlT1khsaYPX0mpk+KgqHQAOrKmgR2TV52V1AkqFMoKMhj/Ldq3NQZ0HmMl0NdSUlXXsIn+z985Mz/FnSuX8+g37YaNHXptyzRgJWrBIGT3aFnqAYrB324+tKF3kYboVH28PDVhqOfEcw9NGHvqwvnKCElMep0oR8Pq2AtOE0hQE3T49YbsdwermTuvnOM4JVM0J+lQ8sSeMw0QNI6e/zQexg9JevQnbkSbcfmon5/Eqp3z0JlShzKd05F89Ek1B2aiuoT09BcHE22b4agZTJM3+ZFti2Fzxxz+MyTImabPYKWGyFkmSk8ksVwmqYLl1gJrVvCf4ExojbY82TCjWDtOE0LnnMFiFhvjMAFevCaqwO/xfr03tThOJn2xRoicqUVwlcQJKcI4EbrzjF6mJfij7cfXv//Oq99D25hxneRcisnKDsmmo8AmIIs3Ha6MQGdYBlhwKHuwkEt48Fgy8DOYM5CDmzZCNjlz2NLILZnBk4QZ4bO1tnyKKxZWM+Uwpa2WZGBM5BbxxnRdum/O8ZmFjvOCBbTydKnGFNCJIJPjCUlHEKYkaHLCOjG3jqQ+evBytsA0VNdcfHYGhQQvAuv70fB1b3IubiDLH03yq4fw92+Fvzx4SG+Dt3B78NP8I/te88h+8YbFDNL7/uI+v4PBHVqB5mtfySoD+M62fr1riFcvzlEYB9COgE+jaB+icydQf3iTWbsrH/9E7antWDJvmycbfmZAD9Skm8fxpm2j/IgqJ9u+YBTrWTsLUME9iEC+0cO92NNLBjcWX872TsB/kjdRx6HR8B+iAU39w9jcGexl4GdleQrfuaAZ/3se6pG+tsJ8tzcRwx+L8F+D4c9Qb2CQZ0Z+0vev76TmTsvzb/g27dzc6dEgGLHCNC3F4y0+a95yE396Zi5b+NgJ4PPfs73sb+KilJoE1gFZMu6Ii0OdG7pBGQhAV6NrFqDQK0pYLBWomOVyaoF0CU7ZoaszVtVSgCUeH+yOk8EVAnuylAma1ZUIegScJVVJvCSu4raBP58zMyEImVq6fm1FSihUOXbmdVraCgS8BXpIjUe+gRuJzMVzEucSO9NFfoGAtrPkoNxtH8cTxZYd4GeWI2ei55PqAKJiQ594UIIBFfQ0FhFkGxAT1cTOtvqkH7pBCa6WsKc/j9fZ3OsX7UYZ85ewPmMbJxJL8DJK4UorG9H//0nYz/Kjx/eoqzwCrf6QHcT+LpK4eUkhZO1ASUYdGEmsPva6mKSixDTvPSQFCJFcpQT7Gwt6H+ki52DHeLjYjA7MQ7HjhxABQG9oqqcYF6N2toaHvX1dahvbEBrezuZdT96BwZx995d3CFoM3APUgzcYS3r976Dbt5vfYtDnMWNTnnZu7m1haINTW3tHOb1Le082DIDOiufM6gzyFc3MZA3o6K+EcUV1SggMGcXFOJqZhbSMq7g/IVUnD97CpfSM5BJUM8uKEJBWSWKKqu5mbOorGtEEW3Lzc9Dbm42cihy83JQUlqEOoI6GxvQ3dWK3q423n/OgF5TkYPEmZGwsjSFm6s9XJztYGVlBksrukAR3CVGUqhq0HdPoAtFNU00Njbh/YeP8A6MgbaBHYQSe+hwK7eEJoUG2beA7FtdIIFAW0rfPyMeDOzaYit+rJK6PjQ1xNAT6EGipQ17fQn8ZdaUhHlhbtgkLJk8GQtCg7EwJADLI4KwPSEWO2YnYMfi5di4cD2WJ6/AgoRFiIqIgZ93ICWYkzBt6lyERS6BW/BiuIYth0fEavhErYXnpBXwCF8B38g1iIhZhz3bjqMxKxd36urwsLkZL271oik3H9cPH0f+qTO4S8lcH/0OLx44iOVJc2FnYgk1ArqqMiWnmkKoq+vQ91ydm/tof7rCeA15v7qCNu9TV1YiW1cRQo0Sl23b9/8vA+fz58/Ysn0jTGX6UNH4FhOU/hUGFkKY2InhT0mpyEANbt5SuAdIYGYtwMRpTjBz0oDYThHm3hqw8dMlS9chkKsRBFTgPEUfTlO1KMFRI6AKEb7cikzdDKFLrAikunCK00LgUilClhhiwQ5XvHp8Ck969tF52YquK8tRRiAv3hqHos1TUbkvHhUHElF3LAl95YvQVDED0zfYIJCMPGytA1ziDeA43Qhm/lowDVbnJX3f+QZk74awCCUwJ0rht1REMLfhZX6nWAN4JRjCK94Q3klmcKb3YxOpCrNgVcjCNOj9K2HG5hC4TqWEZIYA/vNNEbTUBO6zxAikZf/5+thwbNb/0nn9OEw8yNgN5wQZh7lLIguy7wRm52TYDMrcpk15P7o4UAeWUVI4JsjG+s9HLZ0FW2Z96X8HPAsG5r9K58b/DubcvONG95vyZasZRnzfX4+XH2tHwfZZs5hqBFm4IWSB8hK7KSu1B4th5iOCg48Ec5MDkHp0JXLTU5BL/2M22XleRgqOpSxGZ0MuPr25hz8/3MYfHx/it6Fn+DL0Av9YtmgNrlcPoODWWxT1fkApj48oIbgXUptPoC+49RF5tz4gm4w9i4B+jeJKN4GdIq1rxNoJ6gziy/ZlYWdGG7d2NqDuYvtISZ4ilQ2kY8tk7mcI6GfI3E8zqJO9n2j5xMF+goAu73MfxvGGTxzsrJ+dwf3oGNjfy8vyI/3tB2nbfhYEdN7vzvrbq95xY98/Avd9lWTxDPIE830VbznUWel9NwGd2Tzrf2eAZwPpGNRTWF88tbuK3sj71cngtxW+wjaCOQP81rwXvBQvj1fyfveRkjxrWf/6tpwXY0Dfvm09wZkNWFPkMNcRaXKgq2nIy+eq1KqOLGsx2AuU5f3bOgz0E2h9PMF7Ai+lM4Arq47n5XoGdvY4ZTX5dv78OvLBZKy/XUihSyEQqIwkDKxV4eV2fZEqvT49Lz2njq4KhFr/hEhfnR6ryBMFOfjl+5VVvqX3oEhmp4OJE50REOCC4FBfZKSfR1trA27ebMPNzhbcbK9GS0MxThz4Dt72ZnCyMackIQ6nT55E6vnLKCSYtXf1jf0gf/llGAM9DchKS8HG5ZMQF2GPSH8LBBPQ/dyM4eEohYONERysxLCzoAuAlYisT4gp7nqI8zPErFAzSPS1IZEaITDQH/Gx0Ti4ZwfKSvJRVlaCsooylLC2vBSl5WWorK4iADYQlNvR0X0Lt8i4B+/cxm2COoP7LR63eXT19aGzp5fgTIDuIANvvUEQbyVItxK45QBvoGDQriVos6gfWeflcgJ7XXM7mXYdcovLcCEtA9n5hbh44QLWrlqG3bt24+TpVFzJysK1rGxkZOYQ0At5ZOUX8cgtInMvKEYhwZy11+jY65nXkJV1HXkE9OKSQj4eoaWlHl2drbh1k0G9lT6HWqxaNh9enk4ULrCzt+R95zY2VrC0lMHEzJQ+ZxHBmaxTUxuNTc349dffMCV2Hoe5tpiZuTUErI+c2bmOTF5qF0jpu2FA3wUj3qqTjbPyu5YuQV9gQokkAUtZCF0CuqGmDszJ/h2F+gik15tkbYFpjraIc3dEvKcj5vq7IsHDHstCvLFmcii2Js3C6vhZiPTxg7WxGcyNzGFtYYcAv1BMnzILU6LnwtEzFvZes2DjMROOPgmwdp2GKZPnI/PYafSWF+NhXRVetLfgOcXrzht4eaMNPzXU4kFZDu4XZuBOfgba01LRef0aKi9cxqYFSzHZJwAhHr4w1DWAjo4+lBW1xwx9DOwTRqDO+tSVdXnfPIP6wiVr8etvv/1PofPDo4ewc6TkgX7Djt7W+HbCf6ME6hsYOxhBZKIJS2stqGtPgJG5JjwDpdCTKMI71BrGduoQ2yrBKkAbHlMN4RKhB+doMVynGZAZi8jO6dxO1YVXkiH85xrDPc4Q9lNpe6yIoC4kGEsQvtoE6w574ePTefj883q8+2kTXt7djvttW1B3KhFd6UtQcjABdWcWoPrSXAzWzsG+wx48GQhdY0OmLYF7ElllmIBALUDQQlP4zqUkbZ4JQhbZwocNJKPX8pqjD3eClVciAS2C/o+ZInjNFENGCYd1uBakPsqwjRTS84hgN0kP5hNV6bFSBCyk9z7bDD6zCeTzKCFZZoxJq2WUHMiQXnbkf3peq9vLyPD94JZkCVcCOWtZuBCsHcnKGdTtCdr2lFSwvm3rOGOYTzaCQQC9j6kmYwbO4D0KYFtadiAAO41s58FgTI9loGbBgR4/AuYReDMbt51JYJ/x13HyY03+WqbnsIk14mE7QwrLGANYTjaE1E8HxpSwWYQYwpISOt9wC+zfORt5BPLi6wfJyvcR0FOQdWknrR/Bjw9v4MPLfry634jf3j/CLwRyBvNfhl7iH3HhETh89BzyGwZRePMFwfw9SgjkBb2fUNz3CVX9H1HR/x5FPR+QS0DPIVvPouAD6Lo/IYPgnsZGx5O1Hyu7h4U7LuFk1SO5vXd8xsUbn3GOwD4a8j73YW7tqe1DPE63sXI8QZ0Af5xAf3wE7sebKDjcaXvDEIf693wQ3UfeHqL1w3XybQfr5OX4vw+qY6Z+qJqAX/lubMT8AVrez4KZPLPzSnmZfleZHOZ7+CC6VwR8snqCeEoxtYW0r4j1v7/h/ewM8juL5CX6nYVvsI0snQUbOc+Azkx+R95z7CDYs0oH+4uM8IVQl2CtLYetJlkuM25m07w/XFNu3gz0LDQE7Fg1DlVm0mpqrP9agZs1K32zcjore7PnYo9lps/6t1k5b2KgPbQpETDWp9BT5CV8mYU27VOh7axPXQWG+gRwVsLXHgcjQzXY2BpwGxfT8pzZ4dDQkvfBM5CrqLD+83HQYQP5yCR2fJeINStmIicnA81NtRwkHR1NuNHegPb6MpTmncPaeTEI9XbGuvWrkZ2ViZ5bPWM/xF9//YJ7t9tRVnAcqUcW4vT383ByXzJ2rIvC3BnumBxgjmAPY/h7mMPLxQQB3lbw97SCraUBbExFvPwe7mGA6V6GSAg2g7cTZcu21vB0d8X06Ek4emg3CvMyCehFKC4uQH5+DgoKc1FYlM/L1JXVNRy4N3v60ENAZ33gnRR/7/seHcDGBq2xGLXwupZm1JDJ1jeRnROs6xtaUN/chtrGFtRRMKg3tHegkY6vpePLahuReiEN23fuwc7tKQgKCISlhTVMTMyhp28IU3MzHD1+DJk5eRzeeWUV3OAZzK/l5OPSleu4nJ5Oz3EZp86exYVLF3D1Gpk8QT0nJ4v+pwJUVJbxz6G3ux19t9rR09mMY4f2ICoyBD6ezvD0cqHzIyOQEyCtLXnfua5QTN8hLQKwFpoI5uxv2dptEEqdoGvkODaKXVOPQC4ioJOda+ma0PdCQt9NA2gyqGtRq8X64I142V2NzFxJRQQlAp6utgQG2nTh1iKzpKTBQUcIb0MDBBpLECIzQYSdDJPtZZjqZIUZrnYUTkgO8MNkN3e4WVjRY0XQFxrC0MAYEgldYO1cERMZh/CIRFjaTYSt0yT4ek/F6vmrUZuegYf11fiRzsHDqnI8baynqMFPNSX4sSIX93PPY+DSQXSf3oVbZ/agbv9G1B7aippjB9Cdk4Nn9Hl1F1Vgz4q1cLNzgJkZJTJaYjJ1jf8AdYEc9OM1RkrwQvrNShAVnYwPf+su+ncl9swrlAwpY5zif4e6jgI8ghyhoPw/oKqrCKm9IURSdUyLsoUBtcaULLt70XmzUIRLgAxSG3WY2WvBP9EYvhTuMwzgkaAPvzkmBHEpQdCIoGgEj0QJ7KPoHEczuBOAkymBWmSGwIUGcI/XwpTlEjy9PREYigY+U3yZjq/DSWR28/D7WwL984X48mIp3r/Yilc/LMd3RwLI8EUEbBlsIlRhG6EFt+nGCF1JkF9titBVlghd6gLveILlZH1ELHOG20wjBMwhGK+wIXBrwmk6PSaWEg56Ty5TyPCjtOFGiYhFmCbsp6jDI1ZMyYEdhSXCV1ph3t4Q2q4Fb/r/Fh6IQMIuT/jNk+LmYON/Ouht1aEFcGM2zsycjHwU6qMwdyBT5pY+Sz7wzS7RjLdW9H+YhBnAgFU84sw4wFmZ3CbOBJaxUsimSbg929Pj7QjG7HnsaR8LBmQrDmQJbOgYy1gj/hgGcatYeVjPYOZuwo8bBbkNBXseOzrOjo63Zy17zDRDWEXq835ziYsAtv4SzJrtiwun1iP/6l5kX95FsROZF7cj+9Iu9LQX4+PrB7jbWYQ7HSX48v4pfv30Er9yoL/El2EC+lRvNxxYtwznDx3F2fO5yGv6gYD+nmD+kQ+Sa7rzCTXUFvUySx8iqA8hhyKLleKpvUZQv8b72t8h5VIVNhzJQXrHW27tFzspblJ0fcEFVpanON8pjzHAE9zPtI9Mf2sbxmlqT7bJ48SIucsH0smhfoRBnIGdleNp/Wj9EIc6C2bqDO7y/na5uR8aLcuPmPuh2pFyfZV8PaWKwE4w30/WvocMfW/Za3k5vuQlt/i9ZT/z7ayffQcBfifBPKWIlefJygtGDL6IAf2FvA9+rCz/jOI5Gu4M8f5zgUBhpBQ+HqbGWrAm0zQ00uZleAZlBnFm23wqmpYKwVOd95XL15U4rNnANzbFjPVny9cVuaXrigQEd3q8hjKkRvS8YjWEBljCx0MCY0MlPrBufqwz7GUCem11GBloQCTWgFhPnQ+SMzFSR+REe0ilzHTVYGwioIvzt/Taivx1eAKhqghzc214e1iQdYtx5MhWMt0KsvJWdBNAbrTVor2lGo3VBbh0IgVLZ8dgw7oVOHM2Fb19/fKBVg9uEcRP4MwIxM8cno9Th+by5dMHZ2PvlmisnBeI6WG2mOhrhmBvS0wKskP8NC9EBDsQCPVhay0hsOvBwVwHIU76SAiSITHSDf6+Hpg8aSK2b16HgtxrqK0qRWVFMYryM5F59RKuX72Iq+kXeJm6pqFRXhZnI8q7ejiweZ/332A+OsCtqbMLDWTmvHTe0MyBXceg3Uimzoyc4F5X30itHOZ1rPROgKhjxxPoi6sasHbTNkyJmQ4zC1tITG0hs3KB1NgCIn0JZJY2iAwPw8ED+5F+PRs5ZPIF5VXIKSzBtew8nLlwEafpHKaePYOTJ4/zOHP2NC6lXcQVAnt+YR4qK0vQ1lxPVl6H5rpCXDhzCJMmBiLQzxOObFqajQWHOTNzCwtz+oylvMzOoqm5RT4DY+9R6BDIhcbOEFHL+s219CygQaEpNIcGK7GTlWsIJJRA6kNLU0xhwCGuoq5P2yghVDek76YQiipCMk4jGBtZw1RHBBsKewK6ky5d3IU6cBML4WEggo+RPgJMjTDJ1hKTHWwQ5ewAX0srWIgNoKdO32mBiJJgQ7JmQxiIzWBv64qpkTMI7PGICZ+GQxs2oo3OwWBRLn6orsDrNjLzlnq8aq7Fm8Zy3M0+h3uZJ3E/4whuHduM/tM70XNqBxr3rkHRpnko3bkWBSlbcIfO4cu2drRdz0Hage/puxcELRUtKCmo85L7aF86Xx6vLp/6RhbPgo2mV9MwhodXBF68fPW3ytMvWL1uOb4hGx+v/K9Q1RyHb8b/3zC3FtO5JBu3EsPM2ZjO03j8kx2j8q/QN1SB1EwV+lbjYekigme4OQISrRCyhBLbZDGBW0yQM0MYAXD6Vmd4J0vgt8CIoE3GPl2XTFkA7zkSBC83hddsMQIIiD6Jeth7yhGffwrH13cBwKcwYDgSXz/PJLAny2MoCV+HEvH7+3i8+zEa0xabwiVGH8Hz6Boy15yPnPdKlCJirRVBVJdeV0zgFMOHtk9Z4YiIpVaI3xmIiUvNMGsr/RbnkeVO1eVJhhuZq/MUSjYiNOg5teBJCYbfbAJZmAbC2RSyaZQwjEyzs42mffS8EQvsEb7UFpPWWCNyqTnevHvx16C3knPwn+/Ewe1MwGaldieCNl+n1ineDI4ET0dW6p4lL3ez0jtr7djAt5kE9WgpDINEHOzWM0b6uGPlpXOLWDZoTcph7sgSAoIzSxTs6DhbgrDXPBu40vOw13Wg12KgtyGIWzLjjiXTp8dbTpND3pKBn56LJwS0zsJppimc6XE2lDhYUaJjFSaGvZ8hpky2x/ZNM5B7ZQ9yLqcgk0CeRXHl3GbUlKTi7au7eHqvFS0lZ3G3pwFD7wnin15xK2cgZ/ELA/qsQC+cXjcf22ZEYcm0mWQEZajqfYsSsvOy/k9k5x+oJWPvH0Je3zBye+SR00uW3vOJwM4AT3Bve46Ne+nik9OO67Q9/dZnXCJzv9TN2i/yIIvngKe4QAb/d7iPjpI/ywfSkbG3fsRpWj/RxsydjZAfxommYQ72Ew1yuPNBdGy5Xg52DnOy94NsbvuoxTO4140C/i3BnPW5f8Khyjdk7QTqKlaOf8MH1e2vfC0fOc9K8szWS18Q3N/xUfO7y95gF5vTTrGLIM/62dlAOjZwTt6+4WV3NgVO3uf+guLlWP+5BuurJqtW01CAnaUWvJwlcHMUw9eVftSCkf5wDaUxUDOo65LNa2uzMvqEMbBrc6uXT1ljoNUQkHULNTnQ2YA7PX1tXlafFGxFZktfUhMNGBlpINDZEHYyESwI6GwqnJBgrsdHzI+HnkgZVhZCeqwy3F1NsGpJNFQ0FPh7YckDK7vrCtUQHMAGt8Vjy3d0QSzMRjNdOG9138CtrhvouNGM1pY6VJYXIO3iSRw9dhDnLl3C1aw8VNfJs+zywpM4cWA2BzmL1CPzce7YIpw9SoAnsB/ZFYctK8ORGO2MyUEWdPF2wOx4H8xLCkB0uDMc7SlLtqFs145+dDI9OMl0EeVlQslKGJl5FNasXIqraedRShf4uuoyVJSS9WaRzRLMM6+nkaXnE8yb5dPECOJsShizcAbz0ali3MzZdDLax2DOyubN1DJI1xPY2QA1BvYGMvQGMtv6pkbUNTTw0jsHPx/JfhONlCxUkr1fupKFxQuWwNrWHjI7d9h5hsHGJQDGZjYQ6VHCZWKB8LBwHDh0AOcuXkJaxjVkXM3CVbLzq5nZOJd2CUdOnsCx40dx6tQJHmfPp1KcQfqVi8jOuYoS+j/rakpRV1WAmqJ0zEmIgae7E5ycbHip3dpaxmFuakp2YmoCHT2Cr5YO9u47wD+XIycvwMDSE0ITV+iZukJXYg9tA2toipiVm5NhmvB+cy2CtLoWQVtdRN9jPWgwmKswS2XTwwjiavJpYrwcrWUMsQEliXr0mhqUwGoJCOYEcj19eBsYUujDV0KAMiJTMzNGOL3HcBtL+MvIsAylMNcRQ6SuDXUVNm1Mm087M9Q3hYe9O+ZPm4Vja9ei9dIpdF46jhsXjuNeYSbetTfhS18n/ujvwOfWMrwsPIeH6QfxiOLmkXUYPLsT9y7sR2PKcuSuSsDV5Um4tHwhqo/sQ39BDlozM9FTUoGaa1nYvHwVpPpGUFQY6VNno98nqMpHxo8MkpswXsCBrqoqgbKahGw8d2SGwA9wcbfDvxHAxyn9K5TV/4lvxv1fPIRCBXi7G8HC3QwmZOjjFP8bVAX/Bi3abmYlgNRaBZaeZLH+evCfaUFANiVrlfK+Zq8kMdm3AZk5GTuZefAyc7gl6/L1oPnm8JipR2AUIGA+mTtBN2KFBVJOO+H5/XD88TYYXz8EAh+pHSKoD8WQrcfiz88z8PXLLOC3ecCvi/DLy2gs2+EID4Ji0CIrShgMMHmtNaI32iNshQwec7ThN18C+2maBGcJguaY8NebuMwWoUvMEDBbisjlFgiipMAr0YgM3BzhZPRWEUpwSxDALV4DPgl68E0yQuAMQ3jOEsFuiiq9X304RQngPk2EoHkSnrysOhSP3vvyEe8DD3swc1MkXAjabgkWdB6sOMAZuBnAR2HOwuFv/d+spG47Ujq3YdPGmDHHmsBkElm6rzYsww1hH20Kt1kWZMxSDvapK7wxZYELpi73xKQFTghOssHEufaYvtAVq7aEYf6mEMxa5Yu12yKxemcUFm0MxsLNIZSEuMBngQ3ZvRGs2KA3lixQ2E0n46fXdIqjRIegbjuVQB9DYhJpjJAoW2xaHY20E2u4iedl7MG1C9twnZZzMnbjwUAtPr39AQNtORhsL8LbF/cJ3D8TyF9zoH8ZejUGcw70jTMnI33DAizy9USstw8O7jqEmrZ7qOl/jwoy87KBjyjqH0Y+AzqHOll6LwXBPbvvM7J7P5O1f8aZsj6s2J6KK01PkEXbrvTIp72l9XzGZYq0W19wuVseHOw8COoj5n5udPrbDXkpnt+4pp31sxPYCfKn2j/jJLP31mEcb5IPoDvO4M772kcA3zBSjucGz4A+0tdeN1KKp/YwAf0IAztB/3jNG5ypeYu0yp9QVHsHNbU9yK/sx9Wq+8ivGkBNfR9Ky3pwtXwQJ8p+wr6Sn7GfgL6PjH13ySuKN7w8z8ryu4recnvfWfyGw31n0c+87539bd6ynts16+eWmqiTGatg/7Z4rEh2xUQfU7JzRV6KV9cgQGsp0LIKXTAnQKKvBLHon9BSn8ABzwawaWopjyyryEe7a8r70EenwLF+ebbN0kIELw8jyEy0IDIQIMTfFrHR3jAxIKDrKcPQQBU69JpsWpuLI2WLliIyOhmZvQz6IhUoqo7nCQO3c3p9b08Z5s8JwYXUFJSU5KCFbPwGXUC7utooOtHeTrbaUIuiUmaW2bh85TrS6QKXTtbDzJP9Pbx3k4OcGfnZows4yFmkHlmA88cX4+SBZBzYOp0sPRgJse5YMDsAS2h54WxfJMX5wNvLjqAkhqXMAI52xnCwFCOEEpCNS+dgxeLl2LNzF86nniCIp6OKEouy4lwUFWTzvubyCjYXvVEOYwIvs3MG8tFg88DbRmydAZ+ZNjNu3h/ObP5mt3zqGT12rO+8laKd9ae30X56vlu9aGdJAZtz3n8b5TWN2L17LxYnz4a7ixvsXb1hae8LC3tPGEplkBC4TM0sER0ZiXMXLqCouga19PzM7uvabvCSPRtId72gCCdOn8bxk8dw4sQxpKaeQuq5k8ggoOflZ6KshCUwxWggqFeU5lICMRu+fh58rrm1DZmLiyM3czMzU0ok2Ch1fUTFTOefSUZmPkQEcaGxC0HdGyJjBnQHMnQraOqyfnZT3nfODFxVk5XpRQR0IX2fGchomQ0SI9iqUKumRiBXI1tnQFeXQCi2g4nUCQZq2jBT04SdpiZcdLThKRLCz0APgQTzEFMpJppJEW5hhiATAgAlHd5SKTyNTWAtkkBHWYDx36pi/Dg1KCtqQEzWPs3XB1lbV6H12E50p+7Ho9xLqDl5BEdXrsT+xQuRvT8FA2kE+bO78OOlA3iScRB3z23Hq7xTeJF1Ak0pS5C7ciYuLozH+WULULh7C0oO7EPduXPoLSrGYGUNeqprMT08ghIKTfkI+PFysCtO0KT3oyEvv/MgU1cWUXIrB09uXia/wdM/Ff+Fw1xF45+873ycwn/HODJxVY1vYCoTwM7HipIm+p2zcSvGCnAOlZCxa8DKQx1hSRYIW2CLYAKk92wjBCw0I1Br8zJ7INl68GoLBCwyhutMEZmwkMzYGgFzpbx/23+eISatlSGODP5ycQQ+vyZofwglmAfg61sffH0fhD8/RQO/JAB/LsDX35fgz9+34tO7Lfj0ejk+v5iGzEwnsmQhwpYQwONECFtsyQetTd5qBY+5uvIBbIkG8GKJBL03Nv/cc5YYwXPpfZKV+1LiMWmZJb1HAv4S+YA48xA1hCwyge9sEdzJxifSc7rE6sI5VkjrInodKf8f3Oj/cZ9uiAu5R8YGvR1M30VWbM5L7K5kxm4Urn8zctb+3c4dRsrltmwQGhvoxkDOR5tLed+1LQHWOsYU1nTOXYJNEBZng4VbJmLhhhAcPzwbzcUHMVB7En3VR9BQuBv1eSnoLD+Ke00XcLv2NAbrzqC35gxu15/H7YYL6K45jc6Sw6jO3oETx5KxYmMgohfaI3Qum2tvAW9KFpxjKdmYQe9tuhSOU43hPNEICxeG4ErqJuSk7UT2pZ3ISSczv7SDt9zKX9zBDwP1eNxbis8/P+AQZzD/dfjNX0CnYGV3Zuq/fH6Ff5zbRBfVFUmY5eKMSFsHJIZG4MzJDNR0v0AdG+1OUXXnE4oHhlAwOIxCavMJ6hzwA8ME+S9k65+w7Uwxth7PR1b3O2QS8K8zqLMgkGdQMGNPY4C/NQJ3Cg51MvgLBPkLXczah/9DOX5obI57Kh8pz0rywyNgZyV5iqZPI/PaR0ry1B5pGKb4QMsUzN7Jzs9VvUBm1W2C94+oaLiP1tbbuNdxCy9v1eDtzUL82nEef948jy/d1zHUV4A/Bq/j9zuZ+O1OId515GOgpoYM6CbSyx7iSMkL7GXT4Urlo+X3lL6VQ72ETYH7GbsZ3AnsDfeG+JfSP8AdPvQD1tJixq0IJ1sRXj8uxY7l4Qi0Y6VvdgMZZRgba3N71tFVgiZZsVioCAPROAKvEgcvHwFP8Ga2zmxePmWNDZhT4/3orGTPp8KRoRub6iI+jpmtA5JmTcLyRXGYNy8OtrZSGBoJ+Mh3TS15SV9NUwFOjmIsSvLlg88E2qoEccWRPvvxsDTXxvRYP2Rf+R4FdPFkc8xZnzmDORsMd+MG2WpDHaprapFXVIoMBvHMHFzNzkMa2c7lq9dxq6cXv//+Ky6eWsGhzsycQfziyaW0vIRiMc4enocT+xPx3cpISh4CsXRBGFK2zsbqJROxdH4oJk9yh7WFEcxN9OBoawR/V3MkTPHD3pTN+P7AYezaugtpF1NRUphFlk4QLy/i87VrautQW9fI+7hZqX00Wkdu5MKCwbqRLLyh7QaHaTmBlN0Ap5qV0uliXdMyMl+8rYO3o3d16yCI32J3g7v3AD1376P/AWXTDx9h4P4P/O5wzXTc5UsZOHb0KDZs3II5C5bB3TMAU6fEYEpEBOKip+H7g4eQV1yKqqYWDvMaAjl7/cKKauSXVyG3tAKZBPXzly/j+ImjOE62nnr2BNIzLiAn9xqqK4vQXE2WXp6NzRtWYsvmdVi7bgWmTY+iz20K3NxcONBllhaQmlti+sxZY3eB0zdz5f3megRyQ3NvGMq8oCd15oPiNNk8c4K6hkBKlqlPNqrLR3kzW1ZjfeWKuvK7sLHpXNSyZQZ2FqoEdoGOBfQMKAkzsIBMSwgbdQ04awvgQabuLxYhxNgQYSYSTDIzwmQLGaIoYug9hlPSEWpuhmBzMjEjC+iSpSv8UwlK48leyfCPLUpC7Z41qE9ZRea9Aykzp8NObAZbmSMlgnMwOSAc07z9cDQ2AqUrk9B3dDMH+qeqy3hTeAYdB9agcM1spC1JxqkFSbi6cRWubVxLYN+BpnOnca+6Ak/pu1CZcQU2ZhZQUGQJherIvHRNKIyTD5hjc9VDQyaPjAv5FRs2rYGCyv/ANxP+Bd8QwBXV/o3W/5Vg/i8Yr/QvBPdvoGugBGNbA9j5WUBTbwJMbAQEcYLgFBnsAjUQtcKGTNcck1bZwHO2BM5xurCL1obTdD0Cmj58CeTh620I7Cbc0j1Zf/kCOoerTRCx0RQRaywRs8EKNzqj8Odbijf+wCs3fH3tRsve+JOA/nU4Bl9/mY3fPy3F+5/p/x04g+/WhGLRvAD6Dm3Ab6+m4+mDZCzYJMOUVdYEJANKLCTwmS+Cc4I2nKcL6X1p0ftSg1scJSdR6jAP/RaOUWTZMdoEZU14x+rAfYYQ0ze5kJVTMjJLgphkGWavd0Q4G8mepE8QN0QgGXzUWgfM3uZDSY4uEpeF4c5j+XibyvZSMn8vuBDMGcD5wDcKdzbtjNn5TNMxKx8rtTNDp+12ccYj/d9sZLkJHxDnECuFX6I15q4NxsHvk5GbRt+Lpsu413YVr++U4s3tEry9XYa3vbn4se447pftw8u2i3jZcRVP29LxrOUinhDQnzScwpOmM/QduUzb0/Bjw3n8UHUKd8uPoL/kIDpyU9CavQ1VV9m88Y04eigBS9YFwjvBksN84gx7bNkwHVlk4QXX9hPQUzjEeaTtQl1FOt48v4Nnd+sx/GYAvw2zfnKC+ZAc5H+HOQc6rfP9wwT067tWYi9d6Ke5uSLCzgFTvQKx98A5VHQR0O+8R+u9j2i89wkVg0MoIaAXUxQRyAsYzGk5f4Cg3foTVuw8i1P5N5FLoGfmnkkwz+z7gus9X3CVlq9ya/+MDDL3DGrTmbl3D1N85nBnJXkGeN7P3vVXXzsrzZ+lNpUAn8rsnZXkCexnCOynGNxbPuEUA3szQZ7iVPMw2fuQ3N4J9qfJxq9U3sfNinK8bk7H69Zs/Nafha+DGfjafw5/th/B7w178HvdLvzZvBdf2w8CXUfwtecY0J9Kx6Xiz36C/eAVfOrOxP26clSWduFc6SPsL3+Ng2xwXenP2Fv2dsTa32IHre8qfIHaW8/w8eNH2Njo4EhKAtRH+70F32DfCk/E+1O2aysgU1OFgYEa9MmeTYzUoKvDbss6DlKJMpwJ/hLaxwDOrFwgUOJzyNnzsD5zBnQ2ap0NqGPT30zNJLC2NceKFfNxYO8aTI70pYv8Ipw6sR9Hj+xBxORQWFmbQENnPE8QONQp0RAIlGEjEyJpZgB0hSr8lrB8vjklGrFRzlg6NxglOadws7MRfX1d6OnpIpjfQEdnK9rI1Nnd2AqKspCVm4srWbkE8mw+kOtCWjoupWWgorKK/0jrKi5yKx8F+n+M0wfnYs93M7ByWSS+2zAbV9KP0w9iNb5bOxWz4gLhZG8GGVm6o5UhglxNERvmhm2bV+HY4UNI2bYdOdcvk5nnoKI8H1VVZahm09XqmijZaEBdQwsaW26M9Z+P3riFQZqV0utGbvhSVtvA+7HzistwPScfadczkV9aSZBt4sBtIZPvYCbeN8DBfe/xT7hPcefRE9wmmN95+JivP3j8I8UT3KFjunoG0NzWibr6ZmRn56K4qARVZIHF5dW8GsBK/Ox5maGzKW4FBPPiqjoUki2W1bEb8dTLwZ6bj8vpl3HlahqfLlhSUkD/XznaGstRmJOOZYvmwNvLGeGTghEY5IPQ0GB4+3iSsfvC1d0TSXPmj90FztI+CCIjZwglTrw1NPeAxNwTYhNXWidL15NBR2TGR65PYHdOYzdZIaCxUeCsH5mtK/D+ZB3en8xgz/axUKfHaLLBctoyiCgpEBPQTVRUYaWuBieCupdIF55CbQToiTDRyACR5qaIlsmQYGePRHt7zLCyQYyVPcIt7WGlI4bmeCXIhLrYOjkEV5cnIm/1bJRtWIijcxIQ7uwJcyNLuLqEYFvKGdQ39tJ32QVhDk7YT8f3HdmCO2e24Xn2cbzKT8XDi/tRsn4hzi9Mwtkl83B26VxcXj4fJTs3oOHobjypKMTT5np05OUiJjiYkhdNbufjvlXFuPFqHObsrnIhwZH8XD59+hP8gjyhpP5vUFT9Bt+SmU8gsKsLxuFb5f+OCWr/QknRN1DRHgdV3fFw8LOCqYMeZJ4SyJw14RUjgXuUEJPX2CCSAOq/SArvBVIyOhFsIgRwmyFByFIreLF55XPImAna/gT2oKVSRKyTIXydKUHekgM3YYMhnj6OJbWl90Yw//rUicIRX1+44OtLN/zxdiJ+fRODYbLxFz8dRW3pTiTOCqTvijPcnYxx5vsIfHwQiOEnQfj5SSwWbbaFyzR2IxgTfjtY9wRKpmNFsIvRhQ+9H8coPdhM1Ib/XEOCthAxm2zhl2SAkDnGBE9dTFxgD/8EIWZssMW0RdYIm0vvlUw8MNkYjjE6fER+4mYPbDo1hX47t+SD3t48w3K6DriwaWVk19zCKRjUGcjZMoP5KNAdR/qlHeJM+DK7I5w92bA96y+PlY8s95tliT2HZuN26yW87L6Gn7uu4HVHGt7euoI3XWl415eF9wP5eNuXQwBPw0/1Z/Co/BAeVR7GK1p/fTMDz1vO43HdSTysPIQH5fvxkPbfLdqHvuxd6CJ4d6atQ+OpuWg6PQ89GWvRl7sDN7N2oOrCapzcOwMJc12wcBl9fy9s5YPd2HQ0NvCN9ZXnXtmN/Cv70dtZhV8+PMLnl134/fNT/Pr5tdzIR+Ldq0fyQXDcyl+Pxa+f5Mf94yxd7NfPSUbcxHBEOLshcXIsUq9WonLgI6rvDhPUh1B95yMqbg+hjKBexm46c/sziqktus2MnYBaeAMrtp5AZvszubVTZPV/JrB/ofgF13rlgL/e+4XH1RF7T+eleHlwsLP+9lFz75LPb2ftObL31E4ydTL4MbiPjJBP5VPgCOTc2r9wyJ9qGcbFxudkOJ2oKm/BAJna586LQN85gjhBeuAk/iBg/9myF79VbceftdvxtWk30LgTX+vYcgrQugfoILh3HgLa9wPdh/DnwCn80XsBr5uuoKGsGaeKf8T3FWToZOwHCOx7ydj3Fr/C1ox+2PvPkWeZlWUwNVaCk5Um1NQUCL4KMKLMfPtSf3y/2AmxPmTGM+3hYK2D7VuTYSFVgY4mg+k3sLPQhomBIvT1VfgUNk1NRYoJvDzPzVpdiQOdgV1HqImJ4cFYSBf0ZcsX4eSJQ7h8NgWb1s/EqcPbkZ11FVevZiJqyiQYSkT0HMzQ2V3f2G1hFSA11oeeSBUzIp15Pz/rO2dJBJ/ipq9OduyD0sLrBPIO9PR2kp3f5DdnYfdFb26pJQuuQFFRPh+klUXQSc/Mw4kz53HuchrOX8wgqF8duetbHwf33w097cwKXD69HBdOLOGwP7I7ETs2zMSl89+jpOAKsq+dxpH9y7F4bhgc7NgtXvVgaKADK5kYwT52WL9yHi5fOIojB7fhesZ5VJcXooZgXlNTRe+rhmBeTzbaJL/xy4idj041YyV4Nse7hMCaX1RGxluIvEI2VawE585fwqbvtmDX7v04S5adSdvK6prR0TvIQX77wSMObhb3Hv3I4y7B/IcnT/Hj0+f46dlTeTx9hsc/PsWjJz9RPMVdOo49nhk9K8+38ZvP3OTz1dlAunJ6P3lllSikpKKwoobDnJl6YTmbw15JiVMxiktLUVZehvKKUn7uG+sqcYGsPWXXFixYkIyExBnYtnUj1q9bjdjYqQidGIJlK1bKP4OfnsHWLQwCsmddfic4O/n92KkVm7jw+ecM6CJDGz49TZGgPe6fahxi48epj03p4uv8XugaZOda0FDThUBdCHUV1ucth7q2tgnEYiuIhVKIlTVgrq4JSzVN2Kqrw11XB/56QgSJ9RFqYIAoU1NMM5MhnmCeYGuPmbYOmOboBkc9skOpBPunhmHvJD/soyT12NRQnJ2fhDVzF8HLwR1ODt74f6h667iq8i3u//77PHNn5s6dGTvpFBTpUhoRAxUVxO7uLuzEVgQFlO7uDkEERSwQ7LEdu/P9W3uj89zfH+v1PYHHc/bZZ7/XZ31XOLn6Mm7aOmYt3IG393jsjPuwwWcQFw5v5l7cQe7E7OdJRhg3IvdRELiE1NWLyZRjlLVxJSmr55ETuJDGY0HcyUngvtIeOCGS9XNmoNG1Z1vDmd86tNl/OlJV2VYZkJ2bgWFvLdqJ+lbC67/++ZOaBKeo8z+6/sSfGv+mk678nrv/Rg+l02PvzniMtMM9wIxBE4wYPsuEITNNGDTHlNGrHfGeZ4rHbD36CTj7jdfFZnRXUbLaoop7MGCWMUMX92XQEoHlbAOGi1IftExAu0TU+hw9DkR78f7VdPg4Dt4MgWfu8EDU+f3+fLzTj3c3bPjwcCRP/1rJxYYgCrLXs3yWF2YWvTA302XtwtHUV6zg6Y0A3twYyMtWH44HWbQl103TxWuhkhyni/sMQ2ZuccFngRkeAmb3SdoMFSdkfKA9Q2boMVjUvNdMA0Ys7yVQ12OqPD58uh7DlC2BKdr09zfAU/5miKjzwfO02BQ+95+kt+jccPkstmo3t35K8xclZC7K+ge0Faj/ALzdd6irt8ebqB3hFLMca4xlgDEWY4yxHmPAzKWeNJSH8aoph2fnE3l8Ooz75fv5q3An17M2cCV5FXeKg3hYfZyn5+N4fiVV1kQenj7B9cKDtOTupjUviL/KDnH/VBhXs3bQGLOCC3GrOJ+wmqqwhWRt8SdlzRDydgZQHTKDmtCZNMYu43zieqpOriAjdBHRR+aRHLGepBObBeZtdeUJcjvp5FYqC6N5/ewWz+418OpBI5/eP1Zh/gPkCqzv377C7Wvnefzgujz39z+h9zcvH4gTd0UcAAH6Qr/hLJk1j4ljJjA1YCprVsp/Vn6ZklYBecsbSgXohVdfq1bQrJgC9tfkyuO5cjvz0lPW7Yth27EMMi++JFOgnyGWdkXZd/9AuliaQD1F1uQr70m6LCb3FYsTuMeKxVxQ1g/q+gPwP/bcFeUeIUAPb3jz3RS4C9jPKWBv23NXesqfrHlOVMVDEirvkFVymdN5GdzLO8Kr8iN8rg5WQc61cLgVx7fWCL5dCuHTqSC+VO/jW90Bvtbt4Vvtbr5VbOJL8QY+5q/nY/EaAXwgX0sC5TlR7+cE8BcO8e3iUZ6dTqAsp4IT+bdZFVrBrB0JrDiYyuhZu1XF859f/lBP0k2b139PbvtDLRlTysl8h5gwY4QR8wZpM8JJg1nD5QSUH/okf3vMDTvRvcsvooz/i652O4xFvWtrKg1ilJ7u7dWe7gqMFYgrwO2p0VVgrCsgn8W+fXs4evQwIaGHyM9NITk2mLlTRxC0ewPpmemiCgsYP24s1rbmmPQ2xFkUroO1vjgJSrhfi27iLCimNKj5Q02G+11tTKOE75csmUNtbQWXL1/kvNIprb6e06drBJYFor6zBSxZYtlkZWWTkVNArAA9QpT58ehojkXEsmXnDrn4ZfP1y2diw1aq8I4MWaTC/AfQo2SNOb5UoD6PsCOr1X3wrNQoYiL2EnlsG6uX+OHkZIa+vo44ORoCCoGBhwOBqxcRfvwAc2dMYfvmQFWhK5ArKxP1W1EmKr2MsspTqjr/sQeuKPJCUeJKo5cMBeCp6SQmJZMsa3x8Iru3bWfRgiWM8R+Pm4c3I3yVITIriU/N4dLVGyrMFSWuQvzmHXUwyxmBclFhMTk5uXJMiuT4nOFq6zWB+R0B/F3u33/QBncBarP823NXmlWQ58n7SM3Oa8tsT81Q69BPKslxiSlExst7kueS5blEpT5dHI5Meb85uYVtLWDFFMelvFwcl5JC+Qwx7D+wm23bN7Jw4VxGjx6pqnQXV5d/usD1H+CPkY03Gob2dNboqzaNUWrOlU5wPXQt0TK0FbDbo6nTh44dNESZdpTzWdTp97CzYr/+3E7ALoDqpi3Oqi1eTh4Mc/dmmOtA3Gz7Y25sgWZ3fTR6GqGj3Rs97T5oduiGQfvOGP7ZAYvOAipNRZ3r4dvLmJFGxvgJ0H31DRjbpy/jBeZ+Vra4GBrjYWzEzlFerHO3Zbxhd6b11mXHMHd2TRjLNP9JWPW2wtVlKAMHj2fAoImMGD0XN5eROJpas2KQB2f2rKU5dCt3Yw6IOt/DhaPbqAnaQPX+ndQG76f+aBB5GxdRsmUx5w5v4G6G4rTnczYhgihxkJxE6f/5Z2cV5t6DhlJZdYrPnz+zdfcm2nX5lY49fqNd1/8IyH9S9807yO0/u/9CR91f6KD9K121/6CnUXt0zTtj1l8LV18TvARAo+aZMFBgaeXbhWFLzRm2zBp7Uaz2AT3V8q0Ri0zwW2rC+OUC+7lyjBYa4b+0t6h1fZynaTBkmYmaze6/0Y6QeC9eP/GHdwFtmewvPUWhO/PtsSfvb3vw7qY7b2V9/Zc/TfXLiI6Yyb6tAUwaYYt7f1PWL/AV2MyloWomT66P5WmLN88aBlN1wFHALeBdoCS/9cJpko7AWJcBM3qoWe3DxbEYtqAXbuO74zW9O4PnKln3oujlfQ0SyHvM0GTgbH1Gzu/NhA32eMu/HT2rN/P39icoai4XW9tyDy62nJfX8sI2QGA9xUzt7uYwRckmN2kr8xKoKwr8B8gdFGWuKnLjtlXJJB+rwFzpCmeKw5heTF4+UK4dq3nYkMzzxiSe1kXzsDyEeyX7uZW3mdYMOS9S11J7bCYFu8fIOoezUQu5lLGZG8UHuCNqvCl7D+XHFpO/fxpVR2dwOXU9TRlb5e+WUC3QrhFnpDxkFtHiNMQt8yR7uz+FQeMo3BNA+aGJ1ITNpzp8EflhS0gLXy7HeK26X66o8kRZM0WV35Zj8ObZDVrO5vDycSsfPzwXe/YPzJV987evH1JfW8TLp7e5cqGGpw+uCtCf8Pr5PVovnxbV/oC/7zfzL19XdyYHTGTi2CksX7WZwB27iJYLctbZaxQ1P6G45QXFra8pamkDe4EK9lei1F+TJxZfc4P56w8SnteohuOzmtr22jOa3gvMP5J55QMZAvI0sVR5LEXuJ8vjyVc+qCF5xdoUexvcFZgrYP9hUY1tIfmTSkhe3W//QMT5tmS68PrXqqXWPOBU+WkuF6dxuyhaQH6INyVBfCrZwbfToq4bDsHNKDm50+BxjkiUFL41neTTOVHcZ0P4XH9Q1gN8q9/Hh5KNfC7ZzPucNXzIX823wjV8LVjO18IVoui3QqNAvekwH0W53847TkpKCcfSr7B85TbGjRpBpz868cvPv7J58zb1RHX3dEJfrwtdu/6pwtjWXJNd60ayfbYDKyeaM2mAHv2N2mHfuysWxl3Q1/odTY3f1IEsfc16sGHxCAx0Oooa/01V1N3Upi9t4XZFpSv94YcM9SL0WDChoUcFRvFqGDY/N5W6M8WcEMURFn5IFKhc/EXhTZo0GSdnZwLGTsLRzlRUrib9HK1E8XZVE+7UzHallWyn39Qyu0kTBzBlio+8boRaonbx4kXOnTvH6dpqgWWxagrU8/IzKSjOJSe/kNTcAk4mpHL4eBhHwk8SdCgUS1s7fIYNVY9JTXn8P0BXAB4btowYsWixKLkfFbaK/OwESsVJiD9xmOjjezm6fxVbVgUw0NMaA0MddHS1MDbWV+vON65fSXpqvMB8LUlxkVSWFlJZWaIm6VVWVaqd4U7VVAvQ2xLdFJgrqlwBem5RKdmidpNSUwTsmcTFxjJ98mT0tPTQNTDFwNgSB0cPrK3sBZBLqWu4SJOoazWsfusOLQLsmuoaToaHs19+O6sXL2XG5GmM9Qtg5rSZHD8ZxZmGRi41X6VVnIDbd+5z67b8CG/+xWV5HSUZL0VgrdSbHwmV4xV6nAOHDnHk6FEOHj6sPh6X3JaLoDSeSUhJE4WeR1l5ufqZak5Xq99F9elTFBSIU5CaRPDRQyxeMo9lSxcyTI75iJEjuHDhgtoFznNQAJoCckNLT4ytvQTqjnTRMhcomcpqpu6dKy1ftfVt0NAx47+ixn/++U85p/8UiLdXa7B/+becJ7KaGYjKFJD7eQ0RG8woN09Gubjj088FdysHHM3tsRaompvaYKzfm57tu6Lx3/YYtOuISftOWHbpjJNGdwbp6eJnYiogN2OcWV8mCMiHikp3k/uufc2Y6eXKtuHuzOqjzQyB+fJ+FpRuXsFqb08mjwyQ99GH/o4DBOojcHQYgouzD/7DJ+Hr7MU8135Ezw2g5dh2WkO30RSyhcvHdnMtLoLL0WFcjDzOuZAgqnev4fQuUV1HAnmQGcb7hhLuleWQvncbThYWtPuzk6h+H/X8VabujZowjJ6GnWnf9Vc69fydTuKA/6zulf8f/tv+/9BO8yc66gjsNX9F37w9xvYd6OvWFXOPrvQbIerbv7uoWx1cZ2ir081cpxrgNtVEFGxv1u325mTUdJLiZ3H1UhCXz+3m/o2j3L+5nesNk8VxHsyuECtW7+nNlE19KS0fyIsHI0WVj+Lb6wC+PBrMt3vufP7LgQ+3XXjV6s5zxW4O59G1GVysXUZSzELC9k0jJmQh8WGLSI6cT0HKVG40TBCgT+TB9Vk8aBxLZYgb/cf1UJvJ+Cw2Z+ACIzynGTNquSVec7UYsURp+aohUDdh2HxjfBb1wWeeOGcrLVm4w5nBc3QYvrSXmCVjAq0YvcGUIYt1yKkOb0t6e/NSwL4FK6WMy0eX3t5KNMJUHaqilKWpwFb2xL/Xb/8Iqyv2oxTMeqySRS7PjRP4C9AHzbQlNGQpt8+m8OJiOn/XneSxqO9H5cHcE1DfytlBU9IqTh2bwaH5Lkx202OghTYOBh2YPrAv2yfbE7d2KLn7JlMZvpjqCFHYQZNJ3+IrEJ/GhcSVnAqdS+HeCWRsG03K5tHErRlG/MpBqsUs8iBx1SByBe4lByaRvWciCXtnEHd0CfHHVhF3fC0J4YGcP53K25d3uH21kmuNhbx99YAvH16K+n6qgvzz+2dy+5modbn9QRT63VZutNTx4eVtXj27w/WrZ6ksSefF42s8F0fgzYv7CtA9CBg+mnGi0OcuXMTspZNZtG4iWw9v5Ih4qOE52aTXXqa4+QWlLa8F8G8panpFes11shvuczi5ksWBh8loeKSq9hwBelbzdxOAZzYL0JveqVBPb1LA/pG0po8C948CdwG7KPeky22KPUGBu6yKxcltNVP+4huBvawXvmfMN34Q1f5BzZSPrHtF9mm5qNZW8uZsHJ/rjvDlzF6+ntrBl/ItYhv4dl6A3nxMpEm2nPCV4r2K3c/kW0scX5sieX/2KJ/qgwXqwbyv2cuHih18LtvKm6xVfCpcy1eB+vv0RXzKWiKPy+udFRV/eT9fG/byujSI+thdRO5YR8TayXiaavPff//KTz/9whYB+uvXr1QVrdGzvVqWZiwXACfL7ox07cHuhQ5kBY9Vh4xY6bdTYe5iqYGu5m/0MmgnoO2Cts5vrF8+gm5Kdns3JRP+N3XPu23/vE2dj5/gT9Ce7eJYJMrFPIW0tDRRa+UUq8lgRXI/mcSEKFFxymMVrFy1jvkLFokjMJD+/fti72jOYB8XtemMkninvHa7Dn+o2fZKm9ekhL2cqkxUR41eunThH6DXnD6lwlxRwvmipPMKssnNzxelmU9KTiHhsYkcOHqc4PBoMYHkvGVY2vdvU4n3Wv9R53HitUZ/V+bK7ZiIlaQlHaSyvICM5CjiIg4TfngnB3ctZeeGKYwZ6YJxL10MjXTUZilj/UYQtHMLGZlJnAg7QF52ChXyvioqSgXo5VSeqlKBrq7VbSH2gvJKtVe60sBFsbTMHNKyc9SGLQEB/qL+DQXk5pjbejBy4jzMrJxwcRlAZFS8OklNAXrL9Ztqk5pVK1YwafxExgZMYIT8jnoZ91Ebopj1NsfJwZEAeS4+LUfdDz+nhOpblUEvt7h89ZpaKqe0dQ0T6IeEHmPbtm1s3bqFLaptZe++Q4SKQ3QiKo6Q4+GciI4iMjqamLhYsnKyqKqu4mxDPRcvNdLQeI7aM6cF9CXERJ9k1/bNbN0SyOzZM2m+2qwmbfmNn90WYtexEqjboWHkqE5I0+/rQWeBemfNvup41G5afUWdWwjQ+4g676QC/Jd/t+eXX/7kD1Hl2t2UkkELhvR3x8/DmzGe3vh7DJTVCz83D0Y4uuBlbY+9iSgtOY5WveQ8M7PCXN8I407d0ROFrvu7AvZ2mHfuhGOPbgwXda7sn0+ysmKcgx3jvQYwzdeXqb4+HFwwg2XOlsyzMGCjmy17hriSMnsCm71d8ejdR5zhvjiZ2+Bo2V9+R5a4mDmwdMwU9s5bRMHW9TQe3krz0a007F1LU+huWqKP87Aol9sZydxKS6BJnMbGQ5u5cHANt6N38rQggg8NRTw/W059YiR+7p5UV7WF2KvkWmPj0gcjSy2663dU1fh/O/yb3zr+H/7T7v/ye6ef6KwvCl37J3qa/o6ZSzesvTTo694F51HaOPlrM0TUqttUfVynaat70s6TRdUKsAaNMWekvwvmlgaMH+1MecxSTp2cRc3JmdRFiXqMm8XFzAlcKhjAo0s+fP7bl5d3B8IzbyHjML69GMbX5348u+rOq6uuvG5x4ulFB+6fseVxnQ0PGly5e2Uu91pWcb15Gw/uRnH3bjZ/3S/l8ZNy7t0O4e9bC/j7xlget/jxoCmAtNgBjFvniN96G8ascWHAJANGrbBhyJLeaqOZEcuNGDBTmwHTNXEc1Y2xa2wIWGvKpJVmDBSl7jaxOytChjA50IWRy0xYuX8iV241tI03rc0VB8BFVHcvbJSMdD8DFeim3lo4TOiNo9Jr/X/2yX9A3fp/GrQoGetW3812rDGDZ9iSn7Gbl835PL+QwpPTJ7hfeoh7hQe4W3SQe0X7uJa2kbrw2WTtCmCqV2+6yjVPQ7MremJe1oZEbBhL1fEFlATPpujwLM6nbKXg6HxCl3mQu3MkZyJmciZqGdm7JxAy350dAeYcn+9G5BIvwhd6EjrTmcNT7Ila6kXsmqHECPAjd08j+sgyIoNXkJ0QxN8PLouivkxtSSx/tZ7lk0D80YObhMo1rPpsJQ/ut/LsyU35uxa+fHrKawH/ozvn+fxaRMG1C7wUoP/98Br3/7rM+9cP5LtsIS8ngX8NFO/T192D8f5jGR3gIxewfoyf3Y+Jc10YP8+T6ct8WbdnJTGi7kqangrQX1Fy6SEpRedIrWpm1a7j7A7LJPfCY4H58zaoC/SzRNFnN7dZlrLXLmDPbP5IxtVPpMv6w1Ll8WSBe6Io9kSBfuL3kHzCd+UeLyBPFKAnXHgjCv7HXvtHNRyfXn2D5spCPl1Jh2sxfLsoSvy8KOia7XyrEqBXbeVr7W6+XjoOj4rg+Wm+PSqF22l8bY7h44Vw3p0N5f2ZY7wsC+J56Q5elW7hhcD8ZdZK3uev4n32Mt6lLeBj9mI+5S/ja9Um+T/2CNgP8rlmDw+yNnEtaSM7xrqg+fuv/PyT2P/9pa01YUmh2q5VUdeWFj2ID57OJB8zvCw74GPbkUF2PRjh0I2+uu0x0e9ML70OaGn8jqHcNzbsgJFhFzQ0FHgrQ1Z+V8vWlOS1bt2U/uzd6O9kz85dW8jOSRNVniXALqWoSIFZpRqGVVRcbl4+mRlpcruS/KIqYuLTmT1nLqMFhIOGujNv4Uz6WpiiqdVNHIgeAks9tA005GLeHdNemmSnBPHXzXq13vzixQs0NjaqQK+urqasrJjCohy1Djo9Q+ktLio3O/efDmdHwk8QciKG0Mh49gaHsfNgMPWNF/j27RtJUWsF5ItVkMeLB6yY8lhSzHaBeQ4VJXlkpkaSGBlCZOg+ju5bw74dM1k8ZwQ2dn3oZWKIo70t82ZNITz0IDmZyeJ8nKBULtRlpW1h6NLS0n9gXl5ZQUl5Bfkl5WQVFKmd2JTQdlxyCvGJieIQJRO0YzO9eokqNzARdW6OqZUrFo7eWIlC37o9SG02c0lArAA9KjaGwYN96GNmSV+Bia1df0xMBYhde9K9u5Z8d0rb0t7Mmb+QtJxi0vNK1dC6klhX8r1NrBIlUGqXt2zbysZNgaxfu4bVK5ezfMl8tm/fToSAPD4183u1QCInYqI4GXlS7ARxCXEUFBVyWiB+6fJFLjdd4uLlC5w7f5ZT1ZVqa1hlC6ap6Yp6Li5dvUWdaa4kvPXUs0ZDFHhXgXYPY3u0TJ0xsh5ITwM7Ovc0o3N3E3po9qZzNwNR5h3knG7Hr7+0o+OfXTEUZ8Xe1IwhosJHuogYGDCIcQOHMnbgIMZ4DGB4v/6idqzob2yChY4BvTR1MNXRw9LYGCdxcuwNTdARmGuJUlfAriTKmXfujJu2JiN7mzLR3o4lfiNZNW0Kk4cPZ/pwHzb4DWOhtTFLxfb7OHF0hCe5i6aQNGMsBwJGsHigl6gsT0Y7eTDOfTA7Zy3mdHgMF44d5m5MMI+Tw7gTfYjWiIPcz0jkaUUJb8+f54E4vXcykriddIKmsO3cOL6RB8l7eF4cKdeGUt5dPsO1ikL+unaNL1++iNN3EpfBdvQy1xSga4vzIw5Op5/VNq4apu34o9tP6Jh3wsiuKyYOXejj0kXUuC5Wg7rh6qeL60Q9PCYbqzPK+03QUEu9XKYZMnCOBX37a2AmKtG0jxYeLhZkiDqsCZnEqSPjOXVwEjVHp1N5aCylISOpSRxGa40bn1/48e25AP3VIIH6YL4+HMTn+8NElXuKDeLvRnse1ptzvbQvd0p786hxGLcuLKS5bjL1pzaTn7uHC+cSaWnOoOlKEnf+yubh/eO8erqFN4+n8/y2P0ePWTFzuxvjAvsxcrk5vrONGTrTjGELzRgwRUdWIxwCuuIxRQO/FWai4g2x8+vA0Nm6uE3RZMJaG7YK0KcstKK5tf7/jTfdO1MNnyswt5ughNLbwufWo40wEaj3FrWuJMApiXH23zParb93VzMP0G9rn6qYgFyp7bYZZ8zAGeaU5gTxujWXFxeSeFofxYOKYG7n7+VW3l7ulh3lQWUIfxXupTl9A1XH5rBjtjeDHQzxH2jD6skDaUjby/WSozQmb+Ry5i4uZe6kJm492cFz2DPXmeSNPnJuzaQmYiExgSPZM92Jdb695fpvwZ5J1uydbMc2f3OCxtpwVMAePN+FwyuHEbJthgB9pby/cFVNN58v4lRRLI/vtYgCfy4K/LmsT6k6XczgiWNYvmU1+flybl6/wLtX97jZdIpXT67SWF/G8ye3ePr4Bg/vNqvJcY8eXGP/wW3s2LaSf/XX0sJNfmy+bm74DvdkqJ8No8W7mDzXVYX6hDkuTFrgzbJNi4gtKiOurIbY/HKSi+uILznP/NW7iMk7Q3ReLWm1NygQFZ9/9TW5AvU8AXne1Xdy+wM5Vz+qUM+WVVHtmf+A/YNA/b0K9lQBeoqi4i+/I+vSO3IuK6/xhtTLr79nyr9VVXvchfckn39FXZn8MC/Ew185AulEFejf6ncJbJX9blHS54NFsR/kY12o/DgT+XK3go9Xs/jWFM+XS5G8qDjE47L9PCrey8vS3TzI3cTfBRt4Xrie96Ub+FwayEdR6Z8KlvOlaKWo9SV8K12nKvUvp3fzpmqbCP9AEsQL89Dvxm8//yYq5r/8/O82oO/auRkTk85qItyWNSMZ7tSN3gZ/4GrZBY++HfEy/Q8Oxv/FzKgTejoKxOVioCvqRVMJzyvd4jrKhbUDndXGMr/TXWCuqdmRPqaGTJ4YwNHggwLxXOrqT6kJalWiImpqamWtUW8rpVoFRW0jNwsF8nkC9LjETDZu3szUaRMF5rNYsGiBAEwuur2N1NplewdrrGxFUfUzZ/aUwXLShXLj6jmB+Xk1bHteLoRn6uqorKoSmBeSl5+jhviTUxLIzMklXek3npLBidh49oceJSwmngiB+7GoWDXzvaT6jHpsztVmqBBXVLkSck88uYbk6I0U5MdRVVlCXlYK6UnRZKREC+SPEXFkK/u3TmX9stF4etpiaio/4IGerF61hNioCDLTEomLCqOoIIfiogJ1T7m8vIzyigoV6sUC9wI5fzNyC9QWqwrME1LTSUhLUcPtyoCUJfNnyLHQl+/MBG1dYwz72OLY31OU8mG1xE0ZhaqUohXKa/oM8xFo9xJnq7vaRvWHaQvE9I16o6fXi35ObsxesIKY1Byi5LifjE8mXI5DXGIK4eGRbN62gzmz5jBx/DjmiZKeP2cGq5cvUdV5SMRJOXZxRMYnERmbIP9GVlHo0QL12Lho4uNjyc7NEZV+StR5A+cvNIgDWaQOaykszCc7O5PHj9saG+3YE4xub6c2M+2vwlzLyBZNI2u1zaumiSM6Zq707TcMbQF+J6Vne/dedO6kw7//75+izv+ga/tumOgYYmEgYDYzV4Hu6+yOv/tAxnoNJsBLUeie+Dr1k3NbVLOeXGx19THqqYl+9x700tDESo6Ne18r+vbURu93BejtMBaVbtq+nRp6H2dnw4apk9gyZzZeotZtDEQNOjqwwM2eFbYmrLIxIMLPi6AB9uzxcOCYrxfpc6dSunk9VxJiac3K4kFJmajvUlqjT3Lh0HbOH9jCjchgnuTE87Qwjafl+byuO8MjOSdey2/mSVkRT4vSuRYZREvIOgG/KNe0g7w8lcrHmxfV46eM0R05bjAjAhxw83HEsp8hOqbd+bPzz2oWu9LlTcvsD3Ss2gvQO2LloYWlZ0+sh/TEZZwh9iM0sVRGnU41xW60Jk4TdXGerqf2Yfea1Rs7fw2c3LTQN2yPs5sFq6Z7CcCnUX9MwBsyhTNHplG6eyzZm0aSsWk4pSf9uFozhi8v/Pn6dCBfn3jy9ZEHnx8N5amo8vd3PHl3azDPrnhwu7ovd09b8uisNTdqh5EUMZq928eyLXAiu7fMoThvH7duJAlk87l9P5cHf4s9iufJgyDeP5sj56uSed8bjxka4njo4L9Ej2V7PBg0X5+AdRaMWScCZao+nlO0GD7fmGHz9Rg0TZMBE7QYs8SC6ats2bB/yv8kvYXhOdcW+8m9VJj/gLpiCtCtlC5rIw0xGayNyTAtgXnvttry76rcfKwyqawN6grcLQIM5d+IQzC2F9uDJvKyJZtnjfE8qjkuMD/C3ZJD3BFlfrvwEH/XRgvok3nRmCJ/k8SD+lhuVZ3kRnkkd07H8fBcEvfq4mktlWteSQg3ykJoyj/AmeTN5IUsJGiOO6GLBqj77dm7/DmxchA7BeBbx9mybbwNu6fYskXAvnOCHXsm2nNwujM7xPau8Sdk93wqi5N4dr+Zh9dP8/xBk6rKP394+R3mz2R9xvOnd4hPT6Cfny9bDuzg5rUGrl0Rp/18FTdbz/NCnn8mMH8nqlxpKvPu3WM+vH3Cq+d323q5OxsZ0k9Lh5F2duxfvVi+7GUsWe7PlNmeTJrpwljxMiYvHMGkRZPZcTyU9fu3sfnIHoH6KdbuOsbsJZtJP9VEauk58hruU3j1OVmND9S99sKWd6rlt74nr+V9G9hbPqpQ/1+4ZzQrofn36r57mrJeeUde02tqb7yj9cFHWd+TpYxzFYtX9uJFrRefuUyLeDifmrPkZK5oC6k37OfrqS18rdvB14YDfDobzOeGo+KNn+D9pRTeNhfwqD6RD+cieFl1iFuZW2kWT+xm6kbupQeK2g7kUc4GXpVt4+OpnXw+tZVP5Zv4Vr2VbzWi9is3iOxey9eidXwp3yp/t4trySsp2jWBLb4OOAiE9Tv9l13bt6on8JSJg5nrZ8dIP2dK07aRFrGUsT7m6Pb4j1zs/sBS5z9o9vgFba0/1dGoOrod0dXrJND+k65dlaS3X+nS7Xe19lzJcu/R8w+BjSYrl8yjMCuNfFHFRbnpal14g9Ktrb6eWmX6V1WtwExJWKsSVV4uIBelLjDLKSwXkOWzLWg/23bsYt/+PWzfuo4J/t4MHealDluxtbPE2saM4b5DOBG+h9qqEi40KmVq5/9R58rerVIOVlhcpIadMzLTiIuPUkGZoGS4J6Rx+Ngxjilla0pylwA+TlS7slecmlvIoydPefLoFnHfga6sCZFrRZEHq6H2/Jx0FeYJkaGkx58gPTmGxOgj7Ns0le1r/fEf6SZq2IDxEyeTmlNCalqqKNJ4EuNOqgo9Ny9DPnsRpWVlAvISSgXsRSUlZCu5IUome0aOOuhEHXYiUFemm0WcCGHH5nWMHjmEvsoYVksrAkaNZPfOHf/AXOkiV9vQSHRiMo6OjmhrK1PHNFWQK8pcsa49NOku9/WMzHBw8sJ//AyCDh5j1dpNBO05yNatO1i2ZBkjfUdgZmYhKt4MT1cXRouDMHPKBFatXMqBw8GERkRy+OgxQo6FEhp+Qm3OkybHTxnukp6ZoU5cy8jKoKyiXFT5OVWlN1+9QqM4XpevXOT2ndvqOXj0WBQGfZxV0xOgK6VpWkb2aBvZiVK3VNu8KnXnSghez6Q/5vaD5W/6y+cwVRvE/PzTH3T+owsG3bUw19HH3sQUTxs7fPq7McrVk/FeQ5k8yIcpQ32YOMib0a5ODLQyp5/aGEaHXgJ0vW7dMeqmQR8NbZxN+4p670PvDl2w69kVZ52euOtoMsTUiFleHgROm4ZbbzMMO4m6NTRmlJ0VW72d2djPlJ2u5kTJuRozdig58yeRPnMcZ7ev51FqHB9qKnkh3/FL+a4fZ2dzW86Zu6mxPC/J5kVlIR8banhekc+r0+W8qq/lzcVGPjZd4Z0cu6dleVyPPUjr8U2c3b2AkvWTeXP/VluI/XQlxpb6aJmKyh5iSf9BtuiYdKOHQQdVnf/e+Sfaa/+KRt9f6WXfmd52XTB17oz5wO7Y+PbEaZyAe5QW1qLQ7f216TdOT90vdwjQZvhiS4GiNd4L5O8d/sDIpJOodE0S90ym+sgEzofNoDZ4HJX7/SjcMZz09SOIWOBB/MZBtJwex9dnfvB8AN8eD+Dzg8F8euzL46tu/H3ZhhdX7HnWMppH5724d3kGZwrHsH75AGZO9GS4Tz8CV/mzaO4oToStkN/ONipqTohFcONhDfeenuLh40SePD3A/bvLSc4fztQ1Auu5xnjN6InvYmMmrDTHY3JXhi81xXdRL3wX9GL4HCO852gxWNT5uGX2zN88gnOX2rYqLovSHLfGB4fJbYlu9pN6qQpcSXBry1Y3VjParZXQ+xhR4r4GGA7WxGS4nihzYwG6IdYCdAXg5krPdX8dzPz11e5uSpvV0fNsuHEmkueizB8LzO+XH+Z+WbCsITw6dZwnZ6J501LImxslvFbsZgWvb1Xw8mY5z4ULD+oSuVMdyZNGcfoupfOkIZVbFSe4mn+I2qTNFBxfRMiq4awcbkpyoA8JgYNJ2OJH0Iz+bBF4bwywYNNYa9b7WbJhtDnbBOpbJ/Vj+4KhRAav5UZzPV/f3ObL+/t8/vSCLx9fi71Sgf7l4wtZX6hQV/bOy07lM2zGRPYc3iXX9hLO1BRwWh5rFWH15EGrmgh3sfE0sbHH5BqXo9afKwNaHt9v4V9eDvY46Osz1tmFpF2buVSYxMWqNArTjhG0fSFTZg5n/trlzA8MJPDAHmavnMqijfNIKKxiztKNBO4KI62qiczqq+TUXuSoqIrD8aISml9QogC9VezaexXq+dc+kNfaZm2q/YMKdtWU/famd6RfbVuVxDolo77q2htqxCrkdbKblM50byk+fZWr5Yk8ky/p8/V8eFkvJ3YJX2t38rVsPd/qRJ3XH+J99WFeVIfw+VYGb2/kcLMilnPpB3heE8ZtAfiZ4JlUHJhL1YHpXDi+gFuJK3mWt5G3lTv4XLtHHIO9fKnZru7Lf2sQq94mCl3UefEqPhSu42leIDeSVnNJvuyavVOIWzGEdf6OJEcEq/vnfkNMMNP5jaMHF5EWPJpndws5vGk8Rlq/Yqr9O/pK05hu/xEF3pbwZqzfQS1LU1q9Ko1dOndt69KmlKcpU9OU8jX/EQNIiQ6jvrqMmopiaitLuXC2lvMNtfLl13JKCS+XnxKQVVNQWEl2fgkZOYVk5ReLOi0UKBRz9HgMB4PDBbyJBO3aSMjBDcyYEYCnlxPegzyZN3+W2l5USbZSytMazteLMj+ndoSrE3WjjNlUQJlfpAAyh9TUVBKSBdzJycSlJHNCVPmB4COER7ap8ngBulIGllNYKtDPF+g0qT/yzOTtJEauJCZsCSeOr6IwL0kdqpIhF+jk2HBR8EdEuR8l7mQo8WInQ7axb/MU5kwZJE5HX8ZPmMLuAyFk5uaSpfQ0z8+S18gkLy9LVavKeywsLlazwbNz8+S95pGYkqZuCSg15kpWuTJ7PDYhnhMnw0X5xnLs6G5WLprL5jUrSZHPpSS0qSD/Pgq1UBm2EhmDq6srevqGaClQF4h3UXqji1o36NUX634eWDm64+I1jFFjpzNp2lyGDPXF23sIAwYMUBPsTEz6oKWpi62lJcMHDWLaxPGsWbVcnKwDBIeEcPhICEeCQ9U986i4BKJEqSsOiBJhUOai5+QVqApd+YzKbPYrzZe52tpMk0D9+s3r6vFNSM7CqK8Lxn3dMDJ3awO6QFtbgK5ksWsZ2ajhd21jO7lvjYaeFZr6dvS2GoCBKPUO7TT5zy9y7nXqiqmGFjZynXC1tMDTzl6dUDbWaxABnoMYP8CbAA8PJgxww7efPYOsLHHQExUlqty0e08M5bgYdekuQNfBVr8Xbn0t6C+v5aLRjVF9jZjsaMNwcxO8exnirK9Hn65dMOvZA0VsLBvkwsGh/dnu3JvjI1zImOHHqZWz+StkF4/CD4gd4sqebZSuXsbZXdu4IseuJeoET0vy+HD+DO8v1PHt6kVZz/BCYP7yTCUfrlzgw9UWvty4LlC/yMPiLG7Eh9BweB3nIoJ43HpZ3RY6GnYEPTNx2Iw6YO4in32YLQ5elnTS+kPNXO+k+Rud9H9Bo3d7ejtr0te1C+auPbEboovdCF3MhnbFYlg3nMYbYTdGS2DYC/dpJmqoXem+NmOnM6NW9WHAnK6MmamLp4s2q2a5Uhm3mNqo+QLzGdQI2CsP+pC9xY3E1Z6ELfQmbKknV6uG8PnJCL49G8Tne258eTyY9w+G8Pz2KO5eCaD1rB9Xasbz5PZqrtRNZ882X5YtGMzS2WPwcrfFd5g7E8cNZ/r4YezZuUzOt/VyToVz9nIZl2+e4vHLWp69q+bR37F8+RLKh3fLyS0ezKCpXbEe8gde43RFmWvL52yPrU9XfOf3wWZ4ezynauI9rgcxufv+SXrbE7Xln9C6rRwLBd4/epqrNsHke/Jb2/MKuJUkt76j9AXqWpj46GOjDDgZ19YX3UJR6qLQzcfoYx1gzMBJFiRELOJu1XFuFu6jJWMjTSmbuFNymL/ro3hxKY23LcW8u3NKQF7O69uneCX24noRL66V8OyqiAwB+I2KCK4Vh3C9+DC3K8O5eyZOlHsMZzN2UhC+mJA1I5g/tBdH5rsSMq8fRxZ5sm+eG9umOLLWv6/A3IqVvuasHGnB6jG2rJ7iTkVhvMD2AXz8Cz494pMK8jf/P6D/sE/vv4NdAH/33jWutTZwsaFK4F3N3TtXBOR3RZk/FjF0kwMirKurCnjz/L5al950oYr7d5r5l4+LeOVaPegnSmH6iBGErFtJU2kar66d4W5jKVEhe1iydD7TFkxj1oopjJs1hIWBczhwIpZZS9aSUn6RsqZHxOaVsHTFdJYvGU9wdCzFTU8pvPKcIoFx8bV3FF1/T4GAPaf5NZmXn5N9+YVa9pZzVUAtEM9WFLsKd1HjKtQ/kClKPUttZvOG3Cuv1C51uWcf0liczfNTSunYSb7cKebbixq+PS3hc/UuPhUF8rl8B4/TVrFvljcupnpMGeJOQ34YF+WEvV0dy+vaMBqPTCZvo/xQNo2hYIdcJPaOo+XkPJ5lr+NN2VbeV27nbcVWPtfvh6ZwvjWF8q32e616hSj10k18KNrEzdjFXAiZQ/mu8aRuGE3y1rYuXKdOlTBxqD7amr9zJGgaC8SDS9w5DBOdn9Ho/B+6df1F1N2vbfDuoNiv6Oko881/V1u4tlPGlnb+U4W5UguuNJTR1GjP4gVTqasu4JIA/LKyr31OmbBVT+O5Ws6cUWZ9K1nnpQLyMrLySklW1WguSWl5cjtfVehRcelExoqqzcjlZEwkZaJQFiycj98Yf4HkOEKPH1UTyhoaGjh7tl5tHnNW/p+6+tOcqq5QQ9mFJcVkF+SrtdsJSme4hFjCY8KJSkhQlfm23dsJjzip7v0q+8CKQ5EtQI9PzcJ76HD1GF04m0vCiWWcPLqAjJSjarlZYtwJkmIjBOBHiZGL9bFDOziwYz0Hd24SoO8nOkzJJA9g4AAnAjdtISI+jWRR6JnpKerIVMUhKCxQmraUqKNSCwqL25yOdHE6kpQ+6XHEJ8v7jZf3lZxGem4+JdWnKT99hvwScTgyMsjMyqS8upq68xdUkCvNZ5Quc/klFaopx3Tjlh2MDpiATT83zGydcfYaTh8bJxw9huI9ciLOA4bh7eOHY38PTE0t0NMzwtDAEAOx7qLqNQTmvYxNmeg/iqUL57Ju7RpR5kcIPhZOeFSMOEPRhInjoDTpScrIVuvQ08Uhy5bPo2Tm5xcrUYdydUvh9JlaLioKvaWJv+791dYFrrya3tZeAvQ2mOsrKt3MFYPezgJ0B/RFqSuhdwXs2obWaOmZoa1vgaauFfrG/eht7iHnpC7/FaBrd1byPHRxNDbC08qKoc7OjFFD7AMZ5eTKGFc3xnu4McnDHb9+DgyztsTVWC7AWlpY9tBSu8QpU9d6Cdgt5HM7GArUTU1w09VksoMlE/vb4KmvwwADXZx0NLDV0sBenhsvjyfOCyBkqFw8vW2JC/AibZIvZ9ct5EZQIJWLplK+QBxp/2GkTRtP/uL5nNu3h3sZaXy8cI5v15r5eEVgLvbybB1v5XfyRh5/f/kS75qb+dBylS/yN6/qKvgrK5Yr6VHqsXv892PmrZiNTm8NdPv0wMC8CzYeRjgOtMHO0xwN465o9+5Cd+N26Ft1xnKgBib9O2M3TD7bCB21ztpOVeNyDEZq0E/Z6x2hLQpdE4/ponQXWOAyWocR85RQdU8GKgll/t05FNSf7FA/ik7M4kzGKuri53P6+CTKD48gbWN/opbaCUjcCF/mxr0LAvInPnwRmH9+7MXn5wG8vD2cO+dHUp07iaKcJRTnLaHl7CxC9g1m4Tx3BgnIB3ja4+RsTX8nG9xkHSkO05yJPswIGMiuTfMJO7ZJftdh3HhUz81HZ7hzP54v35LEwYkQ2y1wGcriQGMGz9fGaVI3LEe2w0Ug3M+/B66i2LeETKOusbKtB0dtrvydsxouVwCurAqwf9z/YfYT2mDf9vj/U+OWAuw+vrroeWnSy0dXDcdbKPvnY/TUvXOLUToMm2JFbvxGblccpzV7NzUizEqPTOVC4noeVoWJKs/nzc1SnrWWUJ0TRlb0fpLCgkiP2MOtMymi1it5eb2c++dEkZ+K4mphMJcyd9OYvovm0lCuVZ/gSlEwFTHrObrKh4VDTdgqivzYIjd2Te/HzhnOrB9nSeCYvmwKsGKNqPPAic4ErRjLHQHy++eiyl9f49unp3z59IavYt8+vearwPz/Af3Vd6C37aMrptSWn6sr455A+t5fTQLz+9TWFLN21UJam87y+sV9Xv59h4YzpTy826Sq9g8C+3/tnj8K//6m9BGP2rqvJV6uzuxYtYTzhcm8bD3DoytVVKZHcPLAUlYrLTmXTCU8KYPNuw6xYsMukotrCU9NYfGqiYz07c3MaYPYe3gfkZklFFx6QFnra0pa31JyXdR34xOiq1pJb3hA+rkHJNfd5UTxZTLOPxHF/o6clveqas9WVrmf1fxOVe5Z38vg8i8943TNGf6qOsGLsxE8PxfH55uFAnVR6fdy+HjmCE9SltESOp2w6a6Yd9WkU0cT/EaOZ97k8aTv28zf4sU9SFlO7U4fMtcMJEa83eSlrpRvGULT8Rn8nRvIm6rdvD21hzeVe/lQf1TtFEej0ohmsxp6/1azBaq38KlkA89z1nE9egm1h2ZwNmI5N3L3qyfzoX0bWTzZkXmzfakt3Mt0H0OmDTEQZf6LGnJX55Ar1qUtg71Hz3ZqjbpaLvZ9PrrSNKZDxz/Ujm1amp2xtlYGeXhQkp/MOVEaijK/1FDXNr609hSVlcVqopoC9LQsAbiAPDYxjTix6PgMgWumupcblZhNVFI2canZAuJkNVQeK8A/EZshQDlBcVmpqPIGNbxeW1tDTW0Z1TWl6sztarGS0kJRvopCLxPY5Koh9UgB+QllzGdkJIdCQ1m5egWHDx8iMipSIJlDTn6RqoijEjKwsLEXlV/F86f3iBV1HhW2hoLsZHWISqwo8bQkZT3CkX1b2L1xBVvWLGLjyoVsWrWYoC2rWCUX8sljh7N58yY2bt1KdFSEGm4vUWrhC0SdKwmBZQK8oiIyMtIF5PFqIll4RJg6tUyJPsQmxIniKFPbuKqDWOrPqWNP1f7tAnClXl0xpXucUuaWV1yuNnVRnKPjJ2PYHrSfidNn4T5oFB6DRzNweIAKdTsnL8xt+ol6N6FHdy00emiL86Yht3uiJYDr0rWbOGg90NbRx2eIN+tWLWPbls3s3buXk9Fxav15XEq6Oj9dsVR1GyOT7KK2BjN5peUUVp6S91NGgdwvq6yS7+c0deJ43bzdFia+0tyKheNgDPq6CpCc1VUBuhJK1//H+qlNZLSNbdHSFZBr91brzjW0zdHSsUBbzwY9A2s6quF2DSz0BD4WVgxxcGC4c3+GOjgyrF9//FxcmDjAnQDnfvjZWzPazopBZgJrQ3EAdJRJaz0xE5j/AHqfbvJaovbttPVw0dXB30YUv5EOHvqaDDU1wMtYHzcDHWZ5uZK9YT7xU4dyyNuOIwPtCfNxIdZvIIn+Qwj2dCRCHPXI4d6EDh1I3MRx1GzfzIvSIt41nBPlfZkvrVd5ef6cOkntyYUrosIu8epyE2+bmnktUH994Tyfr17hfWMdn188U49d3bkqhvo5Ye1khl7vnmibdcbEsQtGNj2xH2BNP28rTB310bfsiqFNV4wcO2HlrYnZwJ6YD1amimnTf4wB5j5KWZq5CnMHua+E2x385XML+Dxmmgro+uI+XXm8Ey4TNDAf0gH/OdoUx4wi7dBYalLmUZ81narY8RQeGknqNhdOrnTixApnMve78vLWEN7dU1S5D19fTOD13Sk0FHmSF+3BgUAbti7py+VzqzlTuYw1y4cwZqQ9Fn306GtmiLtHP7y9XRksx3CIhyOD3WwZ7mUrcLdh7HBHcTBHkxC/U34vq2lt3cunryf4/OUo3z4G8uXNdB7fHsiwqT0w8+iE5bDumA1ph/Xo7jQ217WV9f19j0W7p6twVsPp43+sbUD/X5i3qXXjf4D+o6ZcMSu157oevYfroj9AC+Mh2vT1k8dG66vDVHzn96MyZy/3TkfRkn+As3FriV03gl3TnDgds5Kn54Vh10u5UBnP3o3LmDrRD2/3fng4O+LhaMGulbP462Iuj5rzuXsunTu1ifx1JpGWkjAu5wXTVBRKg1zPTyVtoTJhI6FrR7B0hDlrR1tweJ4r26c7sHGSNfvmu7N/vgf75rhzbPlw6goief/qLneuVPDswUW+fH4hMH+tgrwN5m3qvA3oP0yU+YdnathdtXdPefXsLx7fu8q7N0+4eLGa4qJ01qxZwtUrZ3n2+DanK/N4cFec1vdP2jrHvX7Cv1K3TOTYstF4K3unffvSV+mr7O3M9lUzKU05yb1LNUkaSdQAAIAASURBVAL2Op5cLOBM+kGyEyNUtbJ27QYOhEVzIi2d1RvnMlU+2GhfEwL8LFkuJ0TwiRMUNt6m8OJ9Ueui1JufEV12WdbnlF5/K6r9LUUtb8lsuE9W4yNR7+/Ib2kLxed+32/PFvWeefWt2tCmuukBrY21PK5L4d35KD40J/LuSgpfbhbwWQH6o2K+tqbwrGgbfyWsZfHg/nT/U5lbrIllHyeGWptTsGUKL1JXcufoBM5uH0rSygGEzbYjbZEjZ3eP4kneTh6X7OXF6XDulx/iSdkh3taH8qn+MJ+rtvGlcr2o9C0C9G2yboXTcrtyGx9Kt8m/3ciT4p28u9XWKGHqhIFY9OpE2snlVMfNJzpIqZdtTy+t/6LVU0Ddua1PujLvXFOri9p0Rqkrb9/hNxXmnbu2l+f//F6e9ifGRj1ZsWgm65bN5UxVPo31VQLzMzQK1BWgV58qV0GmhJgLCotITE4hQZRxVGwSEZHxhJ1M5HhUslgKoZHJhAncI5NzBMZiiVnkFFWLiq6moKSK2rpzavKbuid/pkYgXq5a1Skl0ayEMlHoSh/w3IJyEtOziRbFGyEwUkAXJspy76GDrFkrIN4SyPbtW0gRQGUrcErP4sixSAYM9mHHrl1twyzit5OZcpy8rGRSE6KIjggm9OA2Du4KZIf8CDeums+axTNZOmcKsycFMNnfl6kBo5g7dSzL5s9i0+r5HD+wicO715AUd4z8ghw5BgXqjPCcnCySkpV54pGEh4cSFS3gT04iLTNLzTAvVxrNKN3j6ttGpCowV8rIFMtROrPl5MlrCUALS0hOTSNB+ZyimoMOHGbj5u2MnzyVQcPG4Ow+BId+7mq5m5Lh3qmjQFuse+eeaHbTQk9TKWMzo1s3BeRyUTW3Zuhgb1YtW8SWTevZsXM7B48cVkPrsXKsUuRYKfBWAV5WSXZxqdoKNlOcIuV2TkkZxQJ1dfZ6Ta18X3VcbWlpm/R15y4O7r4YCsQNzFwESv3RFXjr9hIzaYO5lmGbMlcayGjqW4sytxSIm9NDqw/dNdvA3lNLGe9qSteO3THoIb8hQ2O8bBwYYt+PwXb2DLSxZaC1NYMsLRhhZ4O/o60K8xHWZnjJNcTNUEeA3hPrnhr0FWfGuFMXsa6YdOmmJsX10zVkmIUFwy3MVYC7G2jjKg6Aq54WU5zsSF43j+LAOUSN9yZ4iCNHBzuzz92eIGdbAi1NWdxLh0B7c3a6OXNybABn9wfx7nQVX5sv8e16C28vNvL3mdPcke/yYslpntx8yuNrj7l+5gJPzl/khZzfL87V8q7lErxtm7mwbc8GTC3b4+xtjp5ZN3pZyXt17Ypp/26YORpi62HJAL9+WHsaYeYin8m5E73cO2Pho4ndaKUNqo5qrhPMsPFVepWL+hylh/1oDQYv7MOolXZ4z9UR5d5NTY6zFcDbjNfGbY5Ado4xrlN1mbLQhLyoYRScHE2pwL0ydjQZe7xI3ulC8lZxYNa5yuMePLnqxkulWcw9H948mkl9+VxWL3RivE8fhrr2JHj7EFqb9xJzYilTxnkwbrSAzNUaBwGZm4sNVubyGUy0MTEQMBtpyNoFS3FgnOyV3g42rF4+kKLcKTx9doC3H8L49HEfn56N5cPjoXx67EZloSV2I+Qz+Giok9QWb29rg1t3uQbX6RbfwW38HebG30Pu/2v/C/u2JjFt2epG/4C9LfRuKFDXFYWujbannIveGvQRwCv75+MWONFcfkxNXrucsYOCg9MZZtsDW4OuJO+ezaPLuUQHb8V/2EAcxXHs2b0Lf/7xGxrdO9OjWzvmTvHlYmUiTafiuSAQbyqPpKUimps1cbRWnKS1MpLGvEPUZQRRnbSV1P2zWD3eljXCuF1TbNk2Rdknt2XzJBuCZvYjO3g5rx42cbe1mvqKeLXRy+ePL1RwK4r8qwLzT20w/7G2Qf3FP4lxSg36D1P31N/8zaNHtyktyeLp45tqudqdmxeprsgV4N/j3euH//R0//DqEf9aMNiapaNc5EdqwUA3NyaNGUFO8h6KMg5yXBRS+MHdFCSFc6kijXv1uVyvSCI38iALZ0zmcMh+NmxfwOxZ7kwY34cAf1MmjbVi1UL5EYYeYvfRvUSkZJJ39iaJ5ZdIrLxCxY03lF1/ryr2EiUUf+09hbKqYflrH9r22a/9SKR7J/aW+qv3eNh6htctBbw6H8P7S3F8aknnmSj0v+tj+Xq/DF7X8+1hCVxP4nb6BmY7GeGmp8FYx77E7lrB3/lbBcpb+FIayOv0ldTuHk30QhfCJ5pQvc6ZO/ELeVAWTOGxtdSnHeJ2eRitadu4mbaRB+nreJ29hk9lgXwtXc/n/JV8k9vfKjZCRVur2E+VO3iZv5YP18t48+Y1Q5xN5cL+My2nxNMN9GbeCCM0BeTKOFSlyUynjr+rCr1Dx/+qHdkUU4ah/Nn+P2pf9nZyu72izgX8mlrt6WOiQ9DW1TRUF9N8sUasjgsNcjFXmopUV1FRIeApKm/bM88tEkjHiyUKaOMJDY/hSGgUweHxhMekkZxVRlpBNWn5p0V1VpKeLaCuOCMK/BznzjZyXhSros7r6mvV1q4qyCuKqawqU4ewKG0v8wUwWbm5ahg4OjFFYB7NoZDjanb2JoH4usC1rA9cyazZ0wgLO052dq7ANJPN2/dj39+Djl27tHWIOl9JYW4aBWLZ6YmEHw3i4M5A9m5fx/ZNq9i8bjkHd29lx6a1KsgnjhrOomlj2bRsKsHblhC+dx1h+9YRfngzackn1Ax3NctbYJ6RkaaWbykKPTk9TR0ck1tSrvZG/2fwyukzqhXI4+lZSmOcAtJE1Su13EomeUJSIonxMWomffDh/ezfv4/Va1fiN8qXYUMH4yhwM9bVo7soUAXinb5bD4G5rsC9t5Y+XvZO+I0Yho6uLsa9euMlinbR3BlsWreCrZvWEbRrJxFRMSRmZJOeV/xP/3alxE2xInmfxYqzIcc9t1R5/5XqWvx9ctzpurNtoeInT3EfPBZDAbkCdCXUbtjXRdS5AnQHVZHrmTjKbQXm1mpinNIZTlNMW9dK1HlftVytu0YvcSJ7iQOiR7dO3dDvrol1L1PcLKwF4vYCdQcG2dribWXOEAGytyjyweamDBUbYKynmqK6lZnndho9sejWFeMOnTBo1wHjjp0wkeNjKarfSV/Ar6/P/0fXe4dVeW392vuv7/rO+d6z936TGCsiRXrvvffepINi713siKhgV+wNRUBUmg0QURAELFhQo8bYE42JsSTGqMlO9P7GfNC8efc5h+sa13zWYrHKw7PmPX5zjuKm0wcvA115bH8irMyYlxBObe546qYPZmdiANtj/NkzJImqkYMpTU1kR0IMS/19yPX1YkV0FE0FS3h9poPfRJm/vNTJ62tXZV44z8OzF7h97jrnT3Zx9sRF7nY9oKu5ky9OnOLbjjZ+vHzhwxL7E1JHRqNr+Z84uA3Ayl0Us78pZi59sPH7FBtPgbubMS5B8nmH+OISYYRdWF/sInSxFfMfbIx7sgGOsQYCd0PMA/vgFG9K2AQXoiY6aWlq/sMHEj3dmaQZzkRPdCAoS+CfqUN6QYAA3QqfUYaEjrPGKUGHoPR+LFnqTfHmQI7tTWLPcvn8S3w4uiGNY1sTRYnHcee8F48ue/PifjTNdYNFeZpgbjEAQ4OeJEW4yuedxqXz+RysmMOa5cPZvnEqqXH+hAe4yGM9sLcxxsPVFhcbA61rYYjMV+mpos6nxXKkOomLp+J4cn84P303gTc/Tuf315N49yKZP34I5c3XXjy/5UFYmg4BGUY4RPYkImsgV2+c1bqjRU3y1ZbNuxW55Z+q/GMQ3F+V+Eeo/9W0uuyDLf5cdldmn2yMdbwRVlFG2EQbET7KmYPlOTw4tYOb9au4Up1H7mBP+vX8B77OFpyTOTx3xiiCfF2wsTDGZKAevXp+ymef/ENg3gdne1N2b8yj9cAmLhzdLk6fAL1lNzcF5F+c3Mmt9jKtMM3Diwf4+nwFV45t5HTlclZnJ7BgiDcrR3qTl+ko5sLaiWHcOV3DTwLzqx2VXO08qi2R/wnyD+D+P9t/Rbl3L7m/+AD2H/nh+/ucOHFQRMluXv/8PU+/u8ONL9r55t4VrYjMr6+/11S5st9+EaC/+o6/DQ12JMLFAj9nRzKSEpifnUrr8Vlcu7KDmv1bKdq8lj078tm/bS4Hiwo4VLyavGmjWDh+CItmJArErRmeZcsg8ZoGDTJhRJYrk8ZFULgmh8WLJrF79w6ZoNo5fOIcTZce0Hb3F7G3tAm4W28L3MWaxDpEsV/++leuPnrLxYe/0nLvV46LUj998wfuf3WVN3ebxZs+xs9XKvmxs4QfL+zhWdc+rdvNiy8O8e7H85q9/+6EQL+YExvG075liij2Nfx2dgu/X9zEH1+WiQdfyu9d23lQOZf2ZSncW5fOj+XDeFI1jys1azm0ZSGHCmdw7+AyLcf8yeGFfF8zh8dlE3lSPpZXB6cJ0OcJ0PN4r0rCNi3gX8fm8uLAVJ7VTO3ev2w+jpONHrr9PyMpzIxwPxOsjD8XD/ETmfT/U8bPGaDlp/9Dq8z2sfGKKuqi7DOBuiq9+lmPf2gR7o6O5qwVxXr6xGG+PN/GV5dPc/1K91J7R8cpbXm5qamZ+gbVUKRRWxYu3V8hMC9n684SCjfuYNMHoFceEpXXKCAXoNc2dXCsSaDWfoHOzitcvKTsklbaVQFdpcKdPt2mNV450dSgVYRrU9XX2k5Rf7RWKydbU9ugVTJT6WlFpXvZvruU/FUrWbRoiQB9HsuWL2bW7GkUFxezcs0G4pIysLBxwNrOkWs3bvLLq585Xi+wrdnLoeo9lO5cz8a1BWwqXMHKgoWa7dq2nsKlc1kwKYuVc4ezLne0Zlvzp7Br9VwBeg57ti3nyOEKrWLdEXlfyg4cqpH3qPbvG8VOaMVk6gWWqvGKKi7zZ5GZ46o+ep0WNV6+r5Stcs1vKFzJrqJtlJUUUbR1PVvWr2Ll0jwWzJtBesogQgL8cHGwwdHGEnMDQwz766InClxXRx99HQPM9IxxNLFkWHQ6WVEpeIiitZXPbClgnDZ5PHk5s8ibP1MrAFOyZ6+2pH687RzHT52j48IVrZ+6KgurmsGo+u6qYYuCfO2JZnlsMw3igDS0nOJkxxle/vxKs6TBE7B1C8fGVcw5XIAeLCrdT8xHC4zTN3XXYK6ZtadWr11FuuubOGv75/pGDppC19W3Fpib0bv3AJkg+2IuCt3D2oZAVb3NXuYLVxcinO0F4qIGHcRBsbEgQBR2qJWAXGAebG4oqlsgJkD3NdTDU1/Ap9MX4x6fY9azF8af9RCoC/TknHnLuXPX08VNHuM0QIcUNwdmRQWwZ1wqVSNi2Ral1LkfO5Ji2Z2WSllGOrXjJlA1ZizlYydxYukKHtY38J04OF0H6rjReJIucWhviIN6v+sW187eoKPhHEcrGjlR1cCxshpayit5++NP2nf1yrXzBCW6YOTYEwOHzzCw64lTgKmocGPMvT/F0qcX9n4G2AWImg61xzfWFucoQyyDBQqiGt0TzfAQFe4UMxBHAY1znImocyOCR9sQOc0Rv1GmBI4xxzPDgJBRojoTdXBL7Y9tzGcEjbQgdKI4QZMtCRpjhmNSPwJHCAiT5byk6GhNTobNcmLn+kDKlgVRvzuJIzv8udwcxpX2AC6fdOXRtTB2bExhoP6n2FvpkhLtwsaCIdy8lEP7yRzOnV0t34v5LF2cxfjhcSRGeuHnJo6DzUCcBebuzqYkRLoyYVw8K1YOp7IsRsRbAA8uBfLt9Xie303k5cN4Xj+O4fdnqbxTwXeP/Pn5rg/jcoy13ubhw82JG2PBjJyUDwVjGjQYf4TyR3BrqWd/5o1b/B9V+Uf7eJ96vPpbpzQTUeqmWMs59k93ZNy0QM7XFXKtdimXqhbQsm0S46OcsBjQh/EpflRuK8DVxVbmWrnuDPRkvu2tgdx0oD4WpgPxcLKgcOF4akuW0VyxhpP7ltNWvYpT1Ss5vieflopl3D1XwVdte7jeuovrLUU0leeSne7B6FAzFmW6smSoOzXrp/L8/hlevbjH/estfH3lGL+8/PZPFf7v9u9A/xjd3r133g31X9+84HTHcX4QgL/88dGfdduVCn/6XXcb1ZcvHnHv1jU57gb5m58fc/tmJ38bEe1DsKcVaclBTByVIF5NCFsLwygpSmLfntminNbT0bqGy6dXcbZ5E8MyYsTL82L8kCiGZ3oRF2lOYpyFAN2ShEGmZMrJHjkyluzs0YwbEcP0MTHkZg+lbNd2rWdw+7WHnLr1owD9Na13XtFy5xdOynhKrOubX7j35A0Pn/1K16M3cv9rLn5xi+9vnOLXW0d5d/cIv904wMuLpVqR/Dut27nVWsJXx3fy6no9vz9u51+Pmnj/QxO/3a7izZX9/HGnnre3m3hyvo4fvzzO79+eFnV/UIuAf9O0jN+bF/Ov2mnc3DKewjnDKMyZRtX6XO40bebdrV380raMb8on87RqJi8PzeRF1WReHZ7J67ps/tUwi3dN87uX3i8u5X1nd7nXxYtyGaDfCzOjvrhZ9UJPTwW0fYqVaQ/xFHtgavCJqPVPRX3/UwO2vmF/rVOa6mWuo9tLa3/ardi71bu/vytnTtbyxflTfHXlNDevnOVKVyed57qVeXNzM8cajwu8GrQlcBVVvmvPPrZ9UObL12yS433s3ndYfn+c+uNt1De20dDULjAXZX5eAVzB/LIWBKei2dXY2aki2gV8zcc0UNbVVwvUj8pr1cntWq1ByMHaeu319lQfpGx/tZZutXLjBgpWLGOeAGv9htUsKcghPSMN36AQ9I0FFGrp2dRCFHFjdwEeeb6qvTspK97Int1bKS8vZteOzazIm8niGSNYPnskK+eMZG3OGLFRFC4YxfqFY8XGs2N5NrsK51G+QyauI1UcPlLNkVq1xK/e43GOfqgIp2q2K6irY7V3fuzkKe0+FT9w4Egt1QeqKSndyYa1y1i2eB5rVyxhVUEuefOmMnvKGMYPyyQxKpSEqHBMRWkbGAwUgPfHaMAALAz18Xd2xtfWBU87Z0JdA0kKjCdn1CzGJo7EwdYJM3NrXNy8SExMJn9JHksWziU/L4cdxTupPFJPw8kOUeHntG5rp1QHOAG6OlYwV6Z6o5+U8cSp01prVbWHrgLkXgiYfvvtX4ycOAcbjwisXMKwdArBzjUKK+dQrATq1s4hmNr6YSrK3UiUuoGZK/pmrlrKmrGFp/xPHDEyE6WugK6vctDN6dPHkE8/6YXu532xNTTG29qWYAcHAm3t8BeAh4gFW5kSIgAPtzYi2taYcLkdIaYUeqS1hQb0IJk8fQx1cdTth3mvXpj37o1Fr95Yilq3690PNz093A0Nse2nI9DvT7qPG8uHJLBn9CDWR7izys+WpZ42zLKzZLyFOVNs7ckPDObg9Nl8c/go/7pxm5+vfkl54Xb27TrI4f1NtDcKzK99ze0rd7l06irt9Wdo2NdA496DdB5tFCXVnZ+/afsqAmItcQoeiK2fLkaun2Hl3Q/3CDPcYwToXp8z0EEAHzYQh1CBur8o8Eh9rIJ0BOg6Am9jvFIFOqIcAzMdcIs3wSfdnNDR9rhn6OE33AiXlP6EqeYrY+0JETDFiWL3FTXrO1QU+yQXQsY54pYhKn+ECUGjLQkbZY23qP3YaTb4DDUgarIDAaLud5UPZdVGfxaulrk325x5S60o3eVIW707+4pDmDUlktkTRDkuSuBw5QTOn5xIR8tMbn4lju6RHNavmy7XcCwpUT44WcvnsNYnxNeazHgPxgwPYfmKdDZuiqaqIo3246nc7EyRc5jB97dTeXYnkudirx+E8/MdBfNgnt32ZeZSJ8KHmRAywpRwcT58knTYXNI9B05ZMUpT1h/BrsD8cQn9r8vpH3//V/h/PFam/k5T6SoITil1caIGDXGiaM1ILtQU0LZzKh27s6ldOZicZDemp3jQWLKIjJgg9ATun/zjP+R72pd+vUQs9eqBbt/emBjokhzuQ97EZLYsmcD+TTkcKMqlZvss6ktzOVa6iOb9+Zw7spaWfYtE5E2mftcM9hWOZnKyC2k++hSMDab9YCFfnT/E1bZSntw7z9uX33Dn/AFRz98IvD8A/fdfePfHL93jvwH9v6Lbu8u7qn3zB/euU7RzI2fONvH722davXYN2qrfuYwq9/zhvdu0iYBrlWv5xQ/3Rcnf0XLUf3z2gL8lh7vh521JcqYHI8f5i3oIZ0lOMoXL0li3KonS3UPZXhTD/r1pYpMZNy6DYVnJDB0SSmy0HdNGhDM6zYewQFOSkqxISpBxkAtTJ2aQJt51fIAD0X7WxPo6M35wKsWi4mrbumg4+wUnOr+kulbUX9fXAncF+F84ffcV5++9ovPeG9pu/8TNG1/y/WUF5Vp+v3+E9w8F3A/qedpZys0T22irKqRpzwo58Su411LMoyZVCWgDP3cd4I+nV3j9430yooJJD49hzuixbBGV1bxnPQ8bN/FtzUL+OLdBKx7TsCiLRB8PnGVSTo1PxnZAf45tFjXetYXHVdl8Xz2LH4/M4W3jQt4el79rzhXL4d2pXLhQwLsLi3n3qEW7mCMiQzTV3V+vj5aSpvbMDfT/ia25TGSqH7JJL61Fad9+3V3TDI0GMMCgn/Z4tdyuTO2jfyzx6u/jxJnj1Vy70KrBXC21X7xwVgtSU+pcAb3+6DFqDh1mb81BSvZVs0Ngvn7jTtZvLhYrZZcok6rDArSjLVpOugryOtl+lrOdXVy4dFXbL+/sPKeVD1UwV3b+/Hk6Otq0IDhVja6qRhU12UF1TblMEjUcbWjkSL0CYr2WCqZSq7YXl7Bx63bWrt/A1GkTWZg3VyaKtaxZs4bcvKWERMZh6+BGYtpQsnPzu4O4rl1m/x6ZkEu3UVOxRytXu6lQHIKJKSycksGSaYNZPms4q+cpqHfbhrxuoG9aPFn+p9NkMl9L7cH91B2u5mh9LceOHZNz0ijvsVuZK6tVYP+g0tX+dJ0AvU5rk9pA+d4yirZtZP0aAfqSeSxdOIvsCcMZMySVEenxxIf54+9mT4CHC7q6uhgOlAnf0gITIyP8PJzlWg8nK3IQ2SmjmZ0xRd5vAfHB8lktnTA2scDKxpGMIVlaXMHygjxR+4u0oEGV064i2E+0ndeW1ZUq71B92j+0U1XHf8L9w7L7KdUpTm6/+Omldv7m5K3CWmBu4RqKrXuEqPRIrJxCsRO1rlLQ1NK7mbanHoixrQ+G1m5/KnSVuqb20vVMnNAbaEd/fdX/3JS+fYz55J+fo9ujFw5G5vgLyAPt7PCzMCPQ2pwIG0uCBdwRNibE25uKiWPvaEmMrQmxtuZaXrlKQwuzMCXYTCZ7I0NcRClZ9+mHlahzqz59NYi7GqiodiNs+ulqy/Lj5TxuGJHMzsxwCnytNJgv93Ag196RHGtRZoZmzHLx4NzaDbz94ga/P/yeIzurKSuqpaH+IvW1nTQfv8Tl81/R2XaFGxfvcPJwC8fFme2Ua6F7a+J7Bo+OwSfAHBvPAZi49sDar7cob118E03xEWHiGKGDmW8vgXc/bEJ1sJbRKqg/DhEDNHDbhA/ATuDuKvOdZ4qpqHRjfDPNiJzgTMgYK8LH24nCttXyzsPHOhIxzgGfTEOCx5jilamnAT1knBMBwwSqCwPxGqqP30hRr8k6BMrfBIyzJHCiGT5yn/dgM/wyBso4QB5niOsgHfyyBKTD+rN9synn6205U+/FkVJ79m93pXKXL01HUmisG8tXNws4eHSNzAd55M0fLdexK3bm/fF1F+doVDiFqrNhfjwbNkSzb/9gTpyYTEfbOLouTOPLruE8uhYjgiqS76+H8/JWGI+v+PPgcii3L/iRMl6AG62DY0xfvNIGEJo5kKBYPS590c53zx7jO9xBU9Yfl83/HeB/hfz/zVTtdgVyJ1XaVY4Dh9kzcaq/KOgcOvflcHRtFg3rhrN3SQK7ZobSuG0yXXUbSA7zoJ+o8n4iiMxN9OnX53P664hCNxxAuI8zIxKCyB4eS/7MIayVuWR1znAKZiSzenY6m/NGU7J8HKumxDItyZHCGRHsWz2UpeOCyU7zZdnMLK6dPcLjmyflmtrMlWOF3Gjewo+Pr3Onq1ZrrPJeRbT/8Zo/xN798ZY//g3o3TD/6c8l9q/vXufwoXLmzZvEj0+/0YLc/vWnMn+iAf3tq6fcun5FxN0pUec3aDl2lHOi5L+6fo5HX1+nsaGSv/kHWuLlY0F0sjPhCU5EJrkQKzZ6dLi2n6LyF1cWBFBQ4EXO/AjWqj3LbYX4BjgKuP3IF/U0PNEXD0e5IL11GSSKfUiKN8mxjgS4W+LnbEaIPH96rB3hXkaECdgL5Dmyl0xm1pwRlIi6OnTiDKfuvtbUerNYy62fab39ks7bP3Dr6iUenlXdciq0aPb33x+HF6f47UEjV2s3c2BLHqWr57JV/ill+RM5WbyU263l/PLwEvzxjH17ivn7//M/+PyfnwlMjUhPSiIrIY7jewp53VXFs2PLeNexmq92TWNG+iAG9DMiPDSeT//egxA7I76tXcLPxxbyUBT6DwcF6C35WoDcu1OLeH8yl/dtotDPLeH9peXw/WlevXqlLZ/3Uv3JBdJ6KthNoK6aqhjqfyLe4eda45W+Ot3qW1e8SCO54AyMdDVlrmq+f977Ew3qvQXmZmaGohjn09laL+r8HF9cOsf5cx2cPdMm6lmp8yat49bhI0eorK5gf2UFxSWlbNuxSyC6nu2797N1VwU1R5Q6VZHRp2kSldfacVGUuQp8uyImx2fbBean5bhTW25X9lGhn2xp0hR5RVUxxcUb2LlzPQcOVNDYeIyD8roH645qjUNK91fKaxVrUF+2ag2Tpk9g9JihTJoynBUrl7Jx8w4WLV9LTv5qFi5bx4zcxdz/5pG27H5UlPWJhnqOHa2jsmIfM6eMZfrwQcwbm0jO+GRyJ6aSP30wS7MzNaCvmT9CgD5GbBxbl86gsnQjFXu2iaOxX0B+hNr6I1rRm2MCb6XMVUvUOhm1lK8Wgbko3HqtctxxzRHZuauINSvzWS4wXzBzArMnj2L6uCwmDEtl7OBEhqfEMCotjlEZ8QwS7z840At3NydcXVQhHldsRMGaGVtgbW6DsYEpxnJsbCpKw82b4NBIUlNTWDBnBvmL5rMsP5cNa1exa3exlgKnnIuTpzs1cJ+9/IVmpy9d0YCuRgX1NlHtJ9QWwakODeY/vvxZg9OqDTtx9EvAxisKawG4lUuIKPMQbATkVqLUVR66Sl2zlmOVsmZq5ytQd5fRQ2DuLIrdnYEqOE4Uu66BjZiVqHRL+vUdSM/P+mDQR5SoqQDF2gY/AXSgKPBQMaXGk1ztSHazJdPLnnR3e1Ll9mAvcW7c7UhzsyPVxZ4EOxti7ayJUIrdVMA30Ah73QE46hngZmyCh5kF7kZm2OsZ4m9hTf6IIazMiGZllDvLfW0pjQnl9JhJ3MleREPUYLa6BbPE3Y/OlWv47cub7Fi2mnmT8ihcVUrFPvlfH+7kYE079+8+l0nyKV9/9R1NlXU8/fa7D1HsZ3ALtsLSqTdOPoZY+/TH2rcPdsH9cAjri2OYDjaBfQRUhtqSukOkASa+PQWiJthHGeAsatwzxQLL0P64JJjhEGOIX6YN/kNNCB5rScgEc8In2BEzzYnoKSrK3QjfwcYEivIOGCUO0HgbTbl7qBS2EVb4Z5kRN9NV/s4aj0xxblIMSJrrRfwcHwGiLbYxOrgnGhM+0RG/0Tb4jhyIY1R/Eme54zO8H1PmmPGoK4THl7y52+bC5QZXvmjxo73OT8CczaWuVVy9VcvmbQuYPSuLuEg3PJwMyUj1Yd3a8TJHxLFqVTD7KzKoqxtPR+tE2lqGc7FjCF+dCeX+hVAeXAzn0ZUgntyI4KuLcdw4H8+RA574plsQlGqOX4oJgUMHECYq3TG6J5PyUrVzvfvwNi2gTYP6B7D/79A2+1OJ/zdT++cZZn8qcw3ocl/gYEu2rh/GueqFnCvLpm5VJvtzYqksSOWQqPQTRVME6IWsFx4kRPvj5mCOlZk4khb6wihzvMX5TI30ZlhiCOMGRzMsOZi0GC/SwtxICrAlI9iJrCgHZmR6MSLMhonxjuxYkMS2nEFMS3BgTJQtXS3VIhS/5tH14+Ls1HHvbAnfXG/k/hfHBcKPef/HGw3i3SBXx2/+VOjdhWR+/rNCnFo+31u+XeasCg4dKBNQX+nub/76Qx/0V93KXKsG9/QpD+Saf3j/S76+f5Vzp47KY34Q0XuOrivtPHn2A38LT3TAL8KM6FQ7+dLrySQg3rKzMbb2Rnj7WjBxVABLZ0exKDuY5AQXRoxIYuWSaTi7GOPmYc28maNIjPEmKdaXxDAnUmOdiZXRzdFITqIRxgP74+lmSHyUCWFeJrhb6pKU6ERKhg9DhoQxZ+Zomq9/Q+u915y6rwLm1PL7S87cesHduw94duMUb2418NP1Kl6LSn/33QneP2/l/dM2Hp6poHJDLpuXTGfVjGGMjPBlQ84krp6s5OeHN3j17GsWzc3GydKavp/1ptenn/E//9//wWf/8U9mjEznX9+f4fcva3jVtpEXh3PZOCZe2yPs9c9e6HzSA4e+n1A61oeX9Tm8blrMm+YlWje2N3WzeVU1mbe1M/iXUukqjU01gVHLxyebtF7iWvvRvqozWg8N7qp0a99+Kqr9E/r1/0+taIzqbqYArm+og56YWnJXSl1zCAT2qlnKyhX5XOo8xY3LAvOuTs53dnD6dIso8+O0tp7Q9rZraw9Sc6BSVGYxZeXFWh554bpCrY/3vpo6saMCtRaONbXTfEqlYl3idOcXXLj4hSjxK5w9q/LLW7WUtAsXOz+o807OnVP3d2irAA0NdVRUFlNUVMi6DflUVpVqvaCravZTtnc3u/eUUF5VITDfRcm+yu5I8IICUeWLSMuIIT0zltEThjJhynhGjR3DuCmTmJdfQHtnd2DSmY4WrUKcyiNfuiSXQD9fEkK9yR4Rw/xxSZopqOdNThOoZ2lWuGA0GxdNpGhtDmXbVlBZton6IxXU1x3QVHpDQyONx0/K+zyupc2p/uL1za0azDWF3tis1UnfW1VNSXk5u4qLWLduBSuXL2RJ7kyW5MyQ62cK86eNEcCPZN7U4SzMHi3fhVHkTh/BfLk9flg6kdFRRMckiJMbgpOLJ05O7ji6ehAcFqEVkhk/dgR5C2awcN50ed45rFu9lOJd26moOcDhY02ivLthrgDeefW61h9dmQK5Wn5Xql0DevsZDeiqy5v6KSqp1Mq1OnjFYisK3c4zChv3cCycgzFXAXFOyvwFXsFaoJwKiDO188RMzNjGrdusPLX7DUxcGGBoI9efNQP0FNAN6CEK3VhnAL42apndigBR2yFiUaK+k9wcSHR1EKDbM9hHJkFx1Ad7fxh9HBjiaU+mQD7N2ZE0VxcGOTsR7+xKgHwXHfQNcRBVbq0/ECsx8779cZb7xoSFsmnSKNYMjiMnwIUNoYH8IA7Lo3mr6Bo+k0OhaRT5RLI1Mp5Lq1bztLGBRC9fmVfCGJk5hVnZy1i9spQD1R00HL1Ae+tVWurbaaw41F334HoXulaf4uRriI23qO1gPZwj9HCNNcQj3hCrgJ7Yh/XHyr8P1sH9BU6GosZNRZn3xTVewUrer/xeKXMzVUQmVkWsWxA71ZOIiXaEjrUica4LERNs8M5SQW4Cu2Gqm5o1gWONBcAGeA3WI2C4qUDdjOCRlvJYa3xHyOukynMJsPxHWhAo0HcTVR403paQic7yPE6amjfx/wzHxD74jTIkQuWyq+XuLCNKdplxsyGWW3tCuV7hzVfN7lw45sqls9mcPbdKrq+tFJfns37jfBE0fiTEOZIzL5y1q4LYuiWEPeWJ1B0eKiAfR+fp0ZxvSeB6SwA3TzrzdacfdzvDRZXH8OWlNFGEWVzqiOXyuRgisowJybAkKNGQsCG9CUhXUe+9cYjvK07Eea3Ua+qsqG6gp5po40dgf8w1/6tq/xgEpwDuqB6rKsN9ONYeN9iUSbODOFWZy4WKeZwumcrxdSPZOjGQXXNiqFs3jLbSWZw7sILWyqUcKsphx6pp8t1NE0c8hCExPiSGuBMk16eDhThG5sZ42ZsR4WXLuJQgVsxUgiFF5powZg3zZlKiI2tnxbMlJ565KjYswY6CkQEsGBrEseodPHt4lddPb/Pi2xt80b6Hb+5cEGi/FiH5lvfvftWA/v731/9bdLt2/OvPPBclfvF8K1cutXO5q4O3vyiAPxdId3dbu3n1ijgIL7UAuDvXboqoa+9W7wL4F0/uaaq9uyf6c5lHu1hX2sTfUid6EJZhTmSGlUwIuuiZ9BDIfC4K8TP0TXrJZOzG/BnRLJgaT0SoG/EJEcyekiEKxQZ3V/nSpiWKUo9l67qVbMybzpxxg4kKkUnDSEccgBjxjswwE6i7WBnhLyfP19KQAAfxUG0NCAiyYdK8UdSfv0r73V9EpSv7mbY7P3P+qyc8fXCDd9808fudw/z+oFZAfor3P5+Gt+fgzUWeXa2jeuNCdizNJn/KUOI8ZZIR5VS+eSWdTYe5eeUM61csptc//kkPMZ0ePfGRyUXns54snD0Z/vUtfzxs5fmp7bxsXMrPJ1awZWwsISa6oiZ0KZubRvvyVM7lx/BLXQ7Pqqfz3d7xPCufwMuaafyqIt2vb+X9/TK4X969f754YXegm4Bc5ZNrEeuiuD/vpSD+Gf0HdDda0TPsoxWQ6S8Q19PvJ2MfDI0HaMvu/XV7aznoajl+WFY61ft30dXZRtfFc5xTUeftzVoDkqbjdRxrVNHc1ZTvKRblvElgvoEduwToG8VL3bSVmsPHBVyq9GurKPMzAvMLdMj5Pn/pKl1dqi77uT+j2DtOnxSV3i5QP8P5C6ot5xmtVrgqL9p4okHbn967r5gNG1eIutwkt2uoOVhNdU0le/eXsm3nFnaVl2oBeeu3bGfV+vVskDE7exozZ09i4tSxzFk4l1nz5ot6n8qSFatYvaW7jeKDe3epE5iX7NxKWnIS9vb2+Lo7M3FwOHNGJ2hK/SPUF8n1VzAji1VzR7EubxJFa3LYvSmfA/u3cKSmhNqDFaL0FdA/9g3vVum1aoldtUsVkKuCOKqwjNoqUBXYKg8e0Yq4lO7fz46dRRSJYt8m445d21izahHL8mayaPYEFs0cQ/6sceTPGU/BvMmsWZrDksU5zJ6dTfb0yUycMIZJ48YwdfwoZk0fR86ciSyYO5mFcyazcvE81qxYwsb1qykrK+Fww3FR3Z2cOtcdAKegriD+UZ0rmCs7eaZTC4hTQL9846Z2vioPN2DvE4uDt5hXtAZza/cwbDwjsXQLw1yUuplzoMBdRbsHCsSVMvfAzN5bAO7BQCvV89wDfbXsbu6BsSoBa+yAgQBdT0/toevJd+ZT7AyMCLC1JdjWUsstj7AxFzDbkuLhQJyTNYlujkTZWxErx4NEoWd4OQrYHRkiMB8ugB/q6cIQb09SvbzxNbfBRpS5tYGhOAr90evZF4PefXAU1Z7q5UV2dATrh6ezMjmK/SOG8cOKzdybuoQrWTM4GTeC6sAkinwj2R4aQ8vs2Xy5cxvepubYG1vh5eCFr2ugiIshzJy+lB3balizcpec80IKps6h9XCddt4KxPkLirfHLlAHu7ABAnMDHCP64xSui71A3CXSUNsnt1N55aLIrUJ0RJnrCcT1cIg2kGN9bMJ1cE1UytuSyElOAmZbAXN3P/ORKwMIFRCnz/PAPd2I4HEy5w3Tx3eoAUGjjQX6psRmuxEwxlqLbg8eJ+BK7q1BOmSqKe5ZJsRMdSNkisyv6fqi+q1JmBkgjoAFNpH98BrajwBViGbYAFHFNgya5kraaFNqZ9vRNcuV9oXeHCi052iFA2dPxnHpwjq+vFNN69nd4kCuYdLEWObN8WPbOjf2FPlRU5EgTnAqx4+mc6YtnQsnQzh30IQvT9hwr82Z2+2e3D4fx5cXMwX24zndMYWr54fw8KtU0qbZ45Oki1eiLn6ZOqLUdXGJ6icOijkZ8326s1juXMEhxUhT6v++9P4xQE47VvBWgW8fzOkvYFejCoyLGelI+fZJXDq0lM59c+gonsqxwmGUzAwjP9ORkvmDaNg2kdZ9C2jem8epqqUc27uEzUvHsHBqIuMHRxDh74bFQH3cbSwJdLYm1MWaoVFeMp+ksWvNZIpXT2TN/CSWiyOyeEIAG+fFsXxaMPNHerJExN3m2bFsmSOAHxbIUwH676Kc37z8lrtdR0RBX4V3/x3m7z8GxP32MTDuZ205XsG7o0M1tzrC8x++7k5RU0vsb54LwJ/K73/k4J7DtJ1o5ptb97h24RKvnqv67U81U49VSl7B/PrtR4zK38+eQycF6MM8CUpWUYr2xI92ICjBGO8gE+zcdXEPMiA4xpjIOCtGjQklLT2ShXl5bF27kjA/Dzw93QgTb3nYiPEsmJ9HzqxpLJk3Q75UUbiYDiTQ050B/ftjrD8Agz69GNi3D5YD+mOrp4ObuXiwkbZkToyg/Gg9LV+9EKi/pvWrl9Rf+paz17/j/hcd/HrvKO8fN8IPJ/j922O8+6FZ1PlJ3v94hpd3mjm0Rd7P0lky0Q8m1NkSZ0NdhseEsndrIXX7i9kljsbYIRn0/VQg2qsnQR6uLJ0/hzvXz8jJfwI/fclvt4/zvKmQP85t5s3lnXTtms4XO6fwqnkZ39Ut4EbRaK2C3MsTBXzbkMvr69vEEajk/ZPD8r6O8f7hYd696O5qFRIaoKlrBfQ+osA/FonpLhDTQ1t6VznnSpGrJXYdgbdq3adGpdb7iSpXyrw78r0XCYMiOHywTNT5Oa0f+WlRsgrmx1VQmijRuvoDotAFrNX72atgWlbM7rLdAqZDoporBF5qmb1dW2Zv6ThH29kLnL1whUuqpOml8wLtDtraFcxbtJzzCxfkdbSqcKc5I0A/1d6ulRdtaDyqBZvt21/C5q2rWVO4SOC+W4sKr6guZ3/lXm11oLyiXNRAOWs2bGJFYSGbt+8ib/Fi8pctYfW6dWzYupPCLbtZvHwtK9ZuZn1ROY+fyEX69g17i7ewcP40wkJCcHZ2w1cgMC5NHMiRccwbM0gsiYUTMzSoL5k+hOVzRrKpIJuiwjz27FhJ8ealMq4RqJdzrOEwR48qh6dZ3veH5Xa1l66asxyq01qmqqV3VexGgVxlB6hCLnurq+Tc7eOQPK72eBM1KuivsoItGwpZka/21qfJ9TORxQL0pblTWZYrt3NnsTgnm7z5U1ks7z9PnBel6udNH0NO9njy509n5aI5rF+Zx2a5HouLd2jbFMda5X9ypkuAfUHsvAZuBXC1pP7RNHUupo7Pi2pXP22i6J394gTeAnGPKOy8lEVj5Raq7aVbCdAV1NUSvLVLKKZaLroXJnY+GshVYxZDcxdx2B3FnMSJd2GgqQvGpnJb3wrd/ib0+ryv5gB7iaIOtLUiyNKMMCszElwE3i7mRDuaE+NgIaMVcaLWE1wcSPd2I9XDhQwPgbq7HaNl8hwb4s8QPwGShTU2osatBd5mA/TQ+7wXRr37EuDoSHpgICODA5ifEE3R+CyaZ83g1Zod3B83nzPxwzkRlsbBgHgOhCRRHhjP9sAoakeNonrqJByV2h9ohpOZDQ6mNng5+pAUO5hxI2eIUzWXoWkjGJKQysioWO7duM7rN78QmuKCQ7ge9gJypcodgnUwdv9M7tPHK8EU3zQrHOMFwiJyVIU3pzh536G6OMTo4ZlmLKA1JniUOYHDTEWZ2wrIHRg005Hw8ZaEye3IKY4EjhgosDYmYISo2NGq9Kse3pmGotwF4Kk6eGUNxH+MCXGzZN4Vi5quctF1CBIHwDnVANcUA0InGxE60QJnAWb4RJvuCHmBvE1wT/yTzUicakeMOAWhQ4w5dcCVB7XRdGwIoXq1J611QVxtD+HmjQJu3q8Tp1H1Vchj5ZIw9m+3o7bElvoKL47XJdDeOozO9sHcPB/PlydtuXbMnG/OOHO3zZG758IE5qLKz46l8+xMUZTTuXBuLF/fSCJznCXuyT1xT/xEgN5HwK5D6CgLOSdO+KWaMXRaTHdzoOI8Dep/3U9X9jHg7a9KXJmDwN/xL3B3EHXvI87T4vxBNCt1XpNP+25x8raO5egqETy50awepsqu2rJFgNuwcyYn9y+mvWY5zRWLKN84lZVzs4gPccPJRBwnZzlvXk6ECy8Gh7oKzNMp2zCD8k3TKVqpAnBjyJ8WSu7YAHKGe7BQQL56ZiQ7FqWyZ9lQSvMyWDo2iOnDQjl/ppHff3spoP6JO1fqePLNRVHXP2lL7X9oAH/ZnbYmIP9dbj/57h5ffnmJp88F4r/+yFtR2Fqa2tvnWoEYFRx3Vs0LR5u48+VNfnnxHW9+eqLVa1dOwEegv5Xbv8l49sptMhbXkLKwivEFlfxt+MhAItLt8Zd/QPp0N2blh5K/PIG5uZFMnxfG2Mk+DB7qzKBUZ4JDPZk8YTTTx49lUHgE8cmi1JOG4RSUiL3vIAJih5I5ejoTJ2YzacRofJwc6d3jUwb26SswFZj1+hyjvr2x6C/esZE+rt5G4i3bMHXheOouXBNl/oq2Wy84eeM57V884lzzIR60FfPr7UMC9WPwrEkUejv8eoE/fjnHm29OcLxkKZsWT2PB2FRCnCywl+c2EXiHC7gXTRnHwsljmDZ6KAGiJHKyJ7FswSyOHdzLN7fP88P9S/xwvYlv2vdzv34TjxtX88edKvj+KL99XcPvX1fy7lmDmHIk6uX+Wt6/EOfiZSvvfzkFv5wWqJ/i9e063n5/Tcs/VzBX6WZKkStlrqDdu293D/OPUev9FMhFmSuFrqvXV1Pkffr11B6rrL+AXUfnE8zMjUR1r+NKZ6tW5vXCBbXc3iyKupmTLY2cOFHHkSOVVFWVUVGpAtbKKC3dLcpyO5WHarW66Y0n22hSF0jbWTrOXuRMZxfnLqho9i55vu6ldpWW1nrqhLaXrlS7loN+8Twd5zrldx0cbzrJURXRfugAewTaGzcvZ+GiGaxYtZDtRRs5VKvKqu4VtV7F3qp9lO1Xtdy3smnbDrbt2sMqgfvKQoH55u0UlVawvaSKdZuKKdy0i027K7jwobZ7bfVeFsv/Jy4qGmcXDyzMLIgNdGPG8GjmjExgzqhEcieks3jaYPKmZZI7NZPs0amMSApnxKBQ5ozNYPOKXA5Vl2jOTkPDUW0fve7oMa0xiwqQU3DXot6buvfPVdc1pdBVbXcVIFdx6IhWvEXBVS3NVwnwD9Y3cFhsd2kxWzavZtOaJaxdOocVeTM0oC+eO5GFsxS8x5A7a4KMct3NmqgVxVmeN4vCZbkULs/TUvG2b1lHyZ7d2us1NHVoBWMOq9oBx5q0bQAV0a6C4z6OH6Per3z5lXaObt66i194Gm4BCTj4xmPnF4uNV6SmzDX7cGzhHKKlsKkodwsHf23/3Nha1LmNj1YdTt/EQaDuhIFAXMFcVYozHGiDgZ4FfXoZaPvner37EehgT4itBaHWZqLMbURJOxDjYkmUkyWxrrbEisqJk/uVUk9ydxKouzMs0JfhAd6MCPIi3VeUuZUNtvoyoZtbiDofiIWOrtZJLcDWjlHRsYyPiWZCZBg58RHsHZPFrXHTuBSfRVNgArW+0RzwjuR4dAYNkRkcFriXBcZSk57BlrRkHEXpuxoJFMzNZU4RsFvYEOjuR0xILIkRiUQGRBATFEa0OIdTo0K1c/j1t/cJzBCVHiJA9+uJjX8fUekD8Em1wE0A7p4k4EnqHl0GGeGdaq2lprkmDiRmihP+Q60JHyvnYJJ85pne+A83InaqBXGTxfkZboLfcFHiE0xEqerjJ0D3HmIgCl3GrAEEjDLFJ9NAXkfOQXJ/AoaY4jlEXj+hN/6j+hE0Ue4fooeTQF8t24dNEPCPNhLou+CaKg5HmhmeAjjP8AG4hehqVeZSxg7g+8v2/PQwg+ffzeXZ16O4fSmaa+3+XL+QJQ77Ysr2TJZr04Uje9w4dcSX9gZ/OhrDuHA6nasXR/PVhURut9pzq9mch+3mPD5rzf3OQAH3KG50TeFa12wBzTAO7I/l4IEsbl7NInaEOCjiYPikiCrPGIhrUl/CxljjLefM0acvHlE64oSe1uq5h4xx11T6xz31bpib/anAP4L8rzD/eNtePm/UWEd2bBxJx/5cOvfm0rJ9Mg3r5P3kJ1C/IoXiWSEsUS1MJ4RTOCOO1soCWqqW07K/gKotM1kwIYUQcUYj3ayJ9bBlkL89Y5P8WJc7ktL12WxfMZZNSwazfmEqYwbZi2o3Y3ySPTMHu7BqWiRbcpMpWzmc0sUZ7JgziNwR/oT52BHo68GLZ49Fkb8S8D7k+rkKnn57Vdsz/+OvQXBiNQdK+fJGJ999f4eff/5Oq93+Z2U4Depivz7Xltcf3Lqp7ZOrdDS1f/7ra4G66qz2phvmb+W+i9duMzq/ikFz9pGeU8G28uP8LSXNibTJXiRN9SRqhANT50ZwoHo+DUcLqDu8mJrKOWzcMJLMwcEkxoeSEefP0BT5gGuWcfBgHcvWbmJ+wVpSxCN2DknDUiYZn5gscpevY8aMqVpS/8D+/TDoLwq07+eYDNDB0mAApkZ9cQ2yJDQpkOyCRZy4fJvCveWsK9/A8cs36Oi6xunaYi4fXMuDE+t5e6OCdw8O8fu9at4/qhewtvLbw2M0717IhtyJzBs5iGBRDJY6Opj1G8Cn//N/4WZkQpCVfPF83PF3dyR/9lSWz51Gmaj31qMVdNSWcbGxjHuna7h6cCOdu3N41LyBN7cO8O7pSfj5LO/fnod/dcl4Vm6LM/GkkX/dqeC3G7vFyWjg/fMOsbP/ff9cgN6j539qilstoQ/Q/VzG3gzQ76epbw3iKgJeg/1n9BD4K2WuwVw93qCvVnzG3GIgqwRQXQL0G1cucrlLVNqFMwL0Fi0nvPF4HYcOVVJZuUdAXsTOXVu0amjFJSUcahAV39xGs8Bc2SlRdWfOXRIVruqzX/xQm737uT4C/aJAvDv//KI8TtR8hyj0ttM0NbdoUfRHBYQHDh1kpyjpJQVzmLdgMouXzKFEXlsp9X0VeykuK9aW3XeUlLJu8waKyvawblsRhVu3s2lnsdzer1Ws21q0lw3bStm4S27vOaidv1s3r7M8dyZhno6Y6fdnoN4AHCyNGZcRxryxScwWmzIijpRoX/xd7XEWxehhb0mEnweJUSHMnDCUIgGuqjh3rKFegK5au9aL03OYhkbV0OS4ptSVMlc53IfUcfN/pa8puH6EqlreVsvcCuwqF1yludXJOa05UE1pyQ62b15L4crFAuscVizKpkDU+pKcSWITyV8wVZR8Nivk3KwsmMfq5bmsX72UjQJ0FUm/d98+rR/7gSMN3SsDdY3UNjZrToZ63Y+FZBqVM3XqLF3Xux2ebx49Jix+KK5+8Tj7xmLnE4Otr5hA3VaOrTzDtdQ1LX1N1LqlSwg2rmHYCNxVUJyCu9ovN7J0w8DMAX0xYwV1Y3u5Ji3RE9PVMaF3Lz16fNpbC4gLsrMlyt5WKxoT72KnWZQAPMrZVhsTRIknezowXJT4qLAgMv28SPNy12yQhweBNrZ4WFoS6OKCv4MjAeIgRImzHSJjso8PIyIjmJ6UyMxBseQnR1MdG8OZ0ARO+IRzyDOQ/a7+1MntlrghtEQPoTE6k6rQQWyNiGTvyCHEWpnjZTIQH/me+9ja4GJmjoetPV4OrkT4BBEdEEKQhxcBjnaM8HWgWv4/6udQQznOkfq4xOrhlSKKWyDtlWqKW6LAJM4I5wQTba/cSxS5KhjjP9QC3ywLreVp0GhzUaGWxGQ7ED3ZidCxdiRMF1U6zBD7+F6EjDIjIdtJIC6PHSUqfYw5bmn9cUkcgGuyPGeSqPEMC6JGWoqyFcDF9sc8+O+4pvXEZ4ghFqH/KSpeVHqykfxNf3ldET4jTeXv+uGXaETafE9SsuXzjTTGa3B/+Z5Z8/SKDS/vhfHq+Vx+ejaPF4/H8/B6NA+uRoryjuTG2VgudwziUnsy187GiKll9CS+upwh8I/j7mk3HnVY8/yiPY87TPj2nD0Pr8Zw99o4blwcw8kjkbTUhbJ2ZRgHa9JFqQ8meqwVtoH98Bg0AJcIAbg4QaFD5PyH6YtANME+tD9TV2Rp5/v4mXrskgy7ga5+l2IqsDbV1Pdf1bjjvy27d48mJE52o0gA3lI8lYbC4dQsTebAsjTKF8ZTtSiW3TND2DUrkuUjvMkfE8jupSO0nPLG0lw2Lx5GRpgzGeHOTBeOLZmSwrKZ6exaPZk9mwTmy8dSuCCDZXNiyR7uR6KfIeMSHMgbFcDqaeHyXEOpXDeOvQL0nfMHyfMHkxTqLt8XY/r01yc2KoLHj+7xXiD+r9ePuXXlsED9C61ozMdAOAXv2roqbly/wI+izn99rcq7dpd4/VgVrhvqz3j6+AEn6g7zy0/fakFvKihOjb+9USDvVuu3b39F7pp9jF1aQcLMPSxaU8LzHx7yt8x0B8ZMCyRBPKjwLBvm5cZSvXcWtTWzRTHNpPFwLls2TiEjNZKhafHsWDeTdcuzqaspo1EmyCkTp7BxzTr2lpZTUlbJis3FjJiWQ1zyEPmbFPy9PLVSexZWBtrScj+l0mWyNjLR0aoxRQ8OZMnmlRSWlTFoeCJpo7wZNT2BTRvnc7FhKzePFnLn6AoendzIz5dL+eNeJe+/P8L7V628E6i37VnE+vmjmZEZJZOFuUxCvfnn3/+TT//jHwSaWGH6vz6l99//To9//l28eFNRc7HMHD2EtQunU7xiHjvzZ7Bl/jg2zRpOce5oagsn8UXNMp52lvHLrVr++K6F379r5o8nzbz7VtT5w6O8uy/Av13F72LvHgrUv+tOVysoWKypcBXUpvbOlQrXM+ynAVrlmas9chX0ppT5QBM97T61JP/p5//Q1Lxaotdy0AXySrWHRwTScqKeL650cu3aFa3jmUot03LDT57oBvrhKvbtLxXIFLF9xwZR0LtEkZ7QWqe2qj3zD3Za1HmnwLyz85IW9HZJnIPO8x3aUvvJluPixTdrTVguXDynFZRRNdw7BOitLS0cO3aUhmOiKAU6h2rrBOAlbNqylkVLZpO3eCYbNi1jt0BuvwBdBceV7N9L6b4qUeMlbNkh8Cvdw7aSMhnL2bp7DztKVQnaA3JcpRW7KSqt4cLl67x5/QvZgwIYFmyPv7U+un16oSP/z7AAV63etJejNbaW5thYW2ktTm0szAkVJTg6K43VBfPZsHYJWzet4ciBShoF5Mfq67Rld1U1rkEFxMn1eqy5lROn2rVqa6qs6vFTHdqyu1LMKuBMQfyjKv6YMvZnYRd5/GHVsa2ygr17d1O0fSNbN67SXnfDqjzWLJ/PysWzWCPvZc3SBawSZb562UItp33D2uVsXLeSnds3UbqnVFvFqDhQS5Va/heoH/mg0D8CXTkSalSv+7EKXELGeJz84nARoDt5x2IvELfxicbWOxo7MXu/D/dp+eih2HvFYO8Rib17BK4+cTjIcXcbVU8twt3A1EHUuYMGdD1R56o6nI4Cek89Pv+sN+YD9Am2syHG0ZY4F3viXQVgzgrodoSr7mgK6Cplz9eddAF5opsTcQL+JHcXBnl6aBXlEvz8SQkJJismiuHRkWSGBxItzxXlZM/IiFCmJyeRP24Mc5ISWJmZyP6QUI56BHHAxZcSBw8qvIJoDk+kTUDeFpXBifB0ljuL+rc0Y1uGgH1kBlE2ZvhYGBEojoetgQHmevq4WdsQ4Owi5oyfwDzVy4ZV0S5sS3Dn6oES7ZyuLVkkADcQ9T2Q4GHyecY54DdEYBNtgEPMQDxTzERx2uI72FBrqhI+1gGvDIHVSFGMU6wIHW9K5EQLoqc4kJTtjZsALXKcLSlznbV98/Ap1iTPd8VNLbeLY+AjKj1sgrzOeIG/wDhw9ECBtaEo7v54pvXFb6hAP7kXwYPt8UjUFaj3F1VuSMQ4K4JH6xM2VuW565Eyz5XU2U54y+/CBapNR2x5edOBl3cDef1dGq9+WsjLH+bw/OEInt7P4rubg3j4RQQPriXz4OZ4TXV/c2u0jOk8vBbJo/Ne3G8XgLdZ8+y8LV+3mHCnxZarrX6cPOjM4R1mHNlhRNk2e/IW+lFXl07RLm9c4ntgHdILlxhDgbkRTtGm2AT1Ilyco7B0cX4SVSreQGrairTzPaFgGDZyvu1TjLBLVlD/r+V1dd9fl90/KnR7raCMMdEjHClZO5T6VZnsmRtG0YwQimZGUCQQ3zLJn9K5MVTlp7F5SgiFk8NYONyH3StGU71tFstnDiYzzJFNecM5WppPXckS9grIi9aMZ0vBKJbOGMTUIb5My/JmXJIzI2OsyB3mzYaZ0ZQuH8qBLVOoXjeesiVpFM6MJTPKG2MjWz7va8lnPY0YaKDP4lljBOA/al3UfvzuBre7DvPT069499uHsq6adXdT++1tN8z/LPEqpu2fq1x0sdcvHwvAn3zIPX/yIfjth/9m/3orql2chLOX79Bw6oqA/jk/PL7P34rWpJE/NQJ/D318w42ZuzCaXdvH0Hy4gNYjSziydyqb12UxUz7cgtnJNB1ewfK8iYweNoRVy5exvCCfdatWkTdnDvtloupsb2Hr+tWMzMwiKSgQBzNj0uKj8fPxoq9M0D0/F8AqqJtbYOtug0+4I+4htnhHOhOW5I5HsDm+YdbMzE4WD2stD9u38bR9HU9OruVJy1pedm7m3c09vH8mkH3VQVf9OjbMHkz2kAiCnczky6zL/xR1btazLyEDzHD8vD99/+Pv9BLr+//9A4NePbHW7UegrTlp/q7EechE5W5Lqr8DofZGxLmaM3WQJ8XzMqlfP4XbjZv57nQJ37Ru5VHrJl5eKOaXq2W8OLeDJ6e38+OF3fzxrFtBxcZHacvrqg77RwXerdL/S5ErmH+EugJ6d2e1T/5cblcwV+peBcrNnTeD82dPad3ULndd0hT0mTOimk+d0tLVFKyqq/exe/dWSgSoqie56ip2suW0BvG2dlHZ7We18cyZi5xXOecXLnHlSpfWP10FwCl13tR8TAO7KvOqIt1VCpvKP29pbaJRFZFRalegfriujtqGY1TW1FBcspP1ArM1hQXMy5nMsuULtSX/iupq9lZUUbavsrskrAB8087dbCzapQF9ww4Zd5ezrVjUfPkBbfld2aGjzdo5LJw5hgRHPfzM+qAv57JHjx7o9u+Pk+rOJdeQu4szTqLu/EXlebg44unqyPQJo9m4aolW1bBo6wYOVO3VYN74QaU3NjZwVDkljeKUHFcV9U5oWxGqucmRow1aS1JV210FzSmQfty3/litTZm6v/lDYRdV6/2IKP6DR1RufgVlZbsoLtrMtk0r2bB6sSjxAjatW86WDStkXCHQXyPKfBM7d25lZ/FOisV53Vd9QFvuV81XlDJXgXpaNzU5Vo6GcizU66n0NFUFLm3ENLxDUnAPTsLJP04zB4G5gzbG4CiK3UnUujpWpvbV7cVcfOM0Re/qH4uNZ4QWDW+vctYdVNc1dwG6K4amqvyrXTfQ+xrRu7euBnRbY2NCBebR9tYkuNqLGnfUlHmcjJFONtqY7OMhQPcmXmCuHpfk7kCylwuJvl5MHZzJlIw0pg9JZ/bQTGZkJDMkxI9hoQFkpyYyUeaF2Rkp5A4dynxx/ldlpVAeGkqFkwdljm7sFJV9JDCcpqAYWkPiaVXK3N6XaH2Bqk5f0uU7vDwlmhkhPoRZm+IhUHcyMca4Xz/s5L172ohqt7ci08uOddHObE9wozwzkANjonl66xpv3r4mcWIQ/oOtcUkwJHCoLXZROgSPsMcp3gDvTAs8REFGT7YndZ47mYv8tOX0yIl2JGZ7kDTLg6gJ9pqCdhUAe4h6T57rK6C3JFhUua8odbWfHjvNjZBxFngPtyZ4nCUJsxyIU/vsY40Ezo7iLBjjN0oUbno/TcVbRvXENbMfkVMtSV3gx6g1kUSPN8E7sR8p01zxyzAgdIzAMmMA7sn96Gp14uV1W3687cfv3yfx6oex/PJsBi+fTOXF10N5fi+TH26l8f2dLL69O1lsFA+/yuTxlSC+PmvHvRZLHl/05slFN75pt+XKIUuqVn7Gke0GVG3oT/mKnuxYrseEsaasWRXG8ePpNJ8YhLVfLyyDP8fCX0bfvtj7q+DCvkRmWmEf0weHJHEKw3qg7/9PLlw/zeOn3+IholFB3VacH7tko25oq6C5f1tmV2aXaqQtt6sGLZFZtiLAUikTmG+f7MPKLBfyRYyuUHXUR/uxZWYUexclsSM7kvyhbmycEUv+qEA2i/KekOzC2FgHipeOpK44h3IRqKsXpLJEHjNpsDfhrrr/P1lvHR5FmvXv73/vuzKCW5QEi7s7MeLuJAECwd3dHYIlgQQJEHf3BJLgDjPDKIwzw9iO687ev/NUA7vv7zvXda7qrq5ueirVdZ/PeY6QHGjO/ARHVmd6sjnLk5xlQZzZnkzl4Tk05S+gan8GBZuTWDM7mkA/fwxNXRmi54KegRUR3nZMC3Xi4JYF/CgwVuNPf/zmMR88bOPpR/cE4t/wx7Pwum6t/Ov/A/PftHX0L+UY3Rq6DtpPdWH2n/4D8/8G/POEuF++/4Z3H7zJ0w8/p6Kwhr+cPZrF2W1p8qMKYHq0C6sWhHJsbwZV+Su4WpfDg55C+gTi9SXLqDq7iFPHFhIX5oOpsQk2VhYsX7SQ9StXsmLRYgrz86iUm9u21YtZmTGVdVkZchN2ws1zMmFRU/H2CcbOxg5TMzucwzIJSFlKROZCEmfMISY5GUtnC7kJibfmLhdskCNn9q/hQfMBvr9VwB9vFvPLg9P8cOs4v94/zS9vlfLrRw28f+E4heunsjojmEg3W/ydbBn015cIM3Mk1sSGKWPNsR4yAothozH86yAMXx7MuKEjMBk8BNNhQxj2j79hMGIEg//xD4a//CqjX3kVoyGv4j1Oj+xge44siaP64Fy6Tq7gTuVWPuw+xtc3zvDN7SKxYvFoS56tn/+oAVolw+k9A/PzJjGqYkA91zeQi1vUuoL4f8LrepqSV48V2FX4fdjwQVr3uLnzsmhtqOLW9T5u37zCrZtXn7V67aVLyzqvE6VYxKnTx8TytTXjCwKqvr4rmj0H+pWrKvlN9Wa/I8r8rgZ0pcaVKu/pbdfW45+rdZUgp9bo+wd0JXGdXa10d3eKV16ntUZtau+kurmJs8Xq3z1BgajUHTvXsXHTco4cO0CJSswrKxdolXGyuFTUuChyUecF54s5XnReC7/nnSzi6HFR7kUl2tCY/FOlHCk8r1u2aKwk3Go0kyeNwsJwBGONDBg3zoSJE8djZGyEoaEBES4OrIqYQmJkGIkChaULZ7Fzwyr2bd2gJZ3VVJbQJQq9VwDe09lGW2ujZi0tzVoIXvWV7xJw1jU1af3dO1UIvlfXG10Nanmeba5U+n83d1HPda1Yr4l61nVsU+H6ukZR2vX14siUUKpGyJ4/RUWFWgYpEmerkCKx0vJSAXjDs/X6Tg3gqsHPiylqSv136vq4Py+rUzBXXeDmLN2Ia2A87oGJeIi5TI7F2T/2GchjsfUUFe4RioMA2849VFPx9n6ROMtxHgEJAvM4bfqaBnvZusp7lcpXTWfM7fy1Pu9a61cTa1HoExg12kCALjdpE1OCVJ92B2vi3RyIlt9WqIMVIWIK6MmizJO83EkU5yreVa2hO5Pk4UJ60GRmRgtop2WwfnYWuxbO5+CqpeStW8XehXPZMnMaSxJimB8Twbr0VFYmJbMhOYljc6ZTnBTPKXtn8qzsqPD0pdl3ChcDI+nzj6TZM5SpRqa4jBqFvzjuoRPGEWc1kWxxNtaFB5HobIen2URcJo7D1UxUt+1EFgW5cDY9iPJpgdTMCqVjSTK9a2dQvyhRt54uqiZohqPWHMYlbhxuSRMErOIcCEz8BfDe6aLS54njssGT2TlBJIk69skyImq5PX7TLMQZMMczSRyM6ZZaHfqUOdai8ieRuN4D35nj8VXr66vcCc1WSt4Ot5TRctwkvDNM8Es3wmOqPp4ZhkxZOBGvaSa6UrdZo4hcOg4/UehRS12ZvzeUmIUWpC1zJjRLzr/ALm2Zg1bHnrjEmbeu2PH92858+0iA/lU6vzydyk+fZ/HPjzP44u1wvn4Uw5fvxfHFe2l8/kjBPU5A7sLHNx358Iotn95w4snDJD685cfrbZZcPD+Osj2v0Hp8JG0Fo2k+Ycy6pcYsWWhLyZlYrg5k8PjReiKSzTBxFJHk8gpjnQYxznUonhHGAvMxotzHMClkKPYxJkwIGMncbbrzfbapANskU2wSFdRNBerjNKA/B7sG8+fP1ePUCbioQSzZjtQfns65VcHkZXuwO8WBTbGWbEqwY98sX/bN8eHMumjOrY/nyKIA9s/zY22SPUtj7Nia5U/umni2z/YRwRDFgTWRbFscyIJke7lObZkaPEn44c7eRYEcWhlK7rpIinaliTMzj5bCZbQULKJ47zR2LEtmekoiXj6JGE4Ixdo2hOXTk1kuTuKCZE9mxdhTfnK3gFnUuKj19x70cv9yGb9+/xF//KQA/o2uJE1lqP/0zATMf2gNZJ4+Wxv/4gXIf3m+1QawfC7H6kyD+0/Pa9W/4UrXFd59/TU+e/9D/lKav1o8sfV0nd5G99n9NJzYQlXeWuqOb6KtaBf9tbnc7jjP630l3Os9Q3dVrgB7ISlyI3V3sicyNITJ3l5MMB2PpbkVbq7iQXq4MS8zmapTu9m/eS6BAZOJSpxFXOJM/PwjiEqbyyTfFIy9khkfkIxN0FRcwrKYkrKE+BkziYzzJy7Ik91r5tJ+ciM3zq3n7YbtfHujgN9eKxKwn+e3hyX8+UE939wtpfnoInbMjiI10J1oXw8sxowh09qdlPF2JJrbEWAkHvQYY6wHDcf01SG8/L9/5ZW//pUhL7/EX//3b7wk6n3IK4N56W8v89LfRc0PHoSl3nAincezLF7+0AsiqTm4iPv1OaLUT/Pjw3p+fbuRPx53wBOdsrwgkDUyEUALmNU6uYKzUudquIqaZa4S3YzGDmf8RNVAZrgWXleheZNnLV/VsSOfraerEjYVkp+anqS1QL0kwFVzz29fFwU90ENvT4sAq5a62nLKVaZ52RkqKkvp6enWxpL29wvUBTYDl9QauQD92nUB9m2B+T2B+X1R53c0da4l1vW0aWVr1+SzFdBVFv3VK33aa6rFa1d3Gx0d7Vrv9vrGGoF6C7UCsPOlKpu+RJR6EfknjrJ12zqWr8wWwB/nQM5BcvNzKTh3TmsFe0qBvUQBvkygXkzeqRLZX0Ze4VnyT57jYG4BB/JOcuXmXX78/luiHMYSYK6Hg8o7GDOKsQJyM1FeDvb2ODs54u/qTLCrE06O9thbWxMWHMTaFQvZK98hZ9cmGmsraG+uF5VerzWsaW2qFqulqbGe5pYmLcFPQV1NgFMqvUfgrEakaqNSr17XoH1JVPnz8rHnQH/esU2FwZ8nramQvRqUonqsq4EvLWqdvqtbA71yflStuYpaqHp3lYSnIN4hTleHpsLV8BVds5iWnj7aei8L1Hu1tf2vvvmndl1t3ZeHV3ASbgFxePjH4S5wdhFgu/vH4xmQpIHZWVS4o0DdwUN1iZsi4I7ANSBe3hODZ3CC5gS4ynudfKJxfmZKtdu5hWkNaNRYVZUYp9bQ1UAWpdBHDhuBzThRjjYCImcVdhcTYIbYWxLpYke8qPB0f28BvRMxTnYa0JM8XUmRfZnhocxNSpKbXSb7li/m5NZNHN+yTm6UKzmycqmAPJys0EC2ZU9nvQB9XVoKW6amkTsvmzNZ6RywseWIWKWbL60iAvpEofdMFvhb2uEgTriXqPMMaysSzCfhb6RPqDi/i3ycyZkay+pwX9ZG+nAgOYCy2eIEzIumdVEcLUvj6FqVRt+mLAa2zqV2cTLnVs/SJWP2VGtA90qzwDPVnJBsV5yiTXGKG4tPxniBuzFRy1SzGIH1TIFw0hhminKOmmePV6o4DrNFec+xJGCmAH7GBJzj9IhfKedig482mMVDoOQ/w5JgUe2h80x1neLSjIhc4UrI4gkEzpuI/2wjQhaakbrWmcwNKunOWL7DYGKzJzB9uyeRAvToFZbEL7AhMssC35ixOIXrM3eDAP2yqPO3nPnyTQ9+fhLNjx9G8N0HMXzzUQpP3grn83djefJOMk/ejOSTO558cNWeL2658v4lcz687ceH92L48H4a7/Q7c7/Nmvai8fScGytgN6TmmB47Npvh4jmYNSsdqK9M4t7NBXz+tIC7bx7COdQQy8lyrYToYRWsh2PACOzCDbCX72YbYYKezasYO7yCQ4wxN+5d0WrTE1eHaVC3jh+rQV2BXAvDp4x/AXXHZ2BXWzVX/vCuBLnPT6NoRQDHZrqSM82VLfF2bEq0Z3Oqs1w/rgJ1Pw4tDKBwbRQ5CyezZ5YHm1OcWDDFnLnhdnLdOXBsXRyndiRzYlM8uWtjObg8gi2zfcXZjOK0KPKi3ekUH5hB7fHFNJ5cTX3hasqOLiF/x2w2r1lAVNx07D2nYyUw37wgkxNbs9i/NJ4t2YGsTHNnXrwjDWWHdQluor7fe9DMFx9e4qtPH+rC7BrYdWvhP/3wGV8/fcxvqgucgPqX/1Ll6rG2T4755fvP/gvq8r7vPhN7yu8C8+sXb3CxtVuchq+0z/9LTcF+Gk/vp/X8EXorT3Cx6gQ9ZUcF5geoKdhJae5Wyo5to7FoHy3n9nCns5g3Ljdwu6eSjurTnMndz4oF2UROCcDOwoKRQwVeYwyIjwjlVkc5DwdE2ZXJDXv3NtJS0kietpTwaWuxD5jGeLd4TDxiGe+fgGVwIvquEYz3TcUzbKo4Cw4c2jhfLqrd3Czfyr3SNTwsW81nnbv55e4p/vXGOf54p5jf3y/nvbbdHFkQIX80b2bEhbF6RibpFk5MneRM4iR7QkzM8dUfi8cIPca89Ar/+Mcggfir/O///J2//s8/+MffXuHv//uS7Ps7Iwa9iv34scR4O7A4wZdDS1NpOLqGOw15vNN7jk+uVfD74x7+9VGv/Nsd/P5eo279fPd2UehjBNojRKUPYuTowVpmu2ogY2j4itwoB2FsMhwT09EawHWKXSBvqi9wH6EBXql51ZBG1Z+r1yb7e3E0R857fTXXL13kjkD3mijo/t5WLnQ00NRQqWW314uKVzBXQ1PUNDTV372vv5++AYH01cvcuHVTa+2qrZ3fUX3a1RS1fg3myhTIr12/pCXI6VR6r6bOFdTVfPXubtX6tZGaugrZtsm/1yxKvIzyqjqKyyu0piw7dm1h1Zr5nCjIZ/PWdaxdt4ScYzla17j800Xknj7LCVHkyo6cKNJ6zOcVnOfg0UL2HM5lz5F8yuvbtHO5acF0vCaMxEHOpaneaExElY810Md8vClWZhOYIMpswoQJ2NjY4O/nS1RYCOlJcWxetUgLu1eKs9FYU6YNfGkXkHe0NdAq319FMJRCb21tobm5VYO5ArJqgdsvoFah9A6Bs5rCphq5qBarKtz+vJRMC70LyJWaViH4Hnnfxas3NbXeM3BV+5xe2ape8a0v2sp2atUGL2Au0Ffv1802V49F5feo5LerNHfp9imV/vWz4SFqOl5QZKYGcw+luGXr6qcLo3sGJolqT8Btsgqpi2L3jsDRK0K24Tj5RwnU5bhAec8UAboc5xKUKPCPlWOisHXVlbSp7PeJFt6Mn+SqAV1fbyKjxfkdNWKUAH0cgaLOlRpXyjzM0ZpYTycSfdxI9vMg3l0H8xRvN5aK4laqe2ZMKFkxkaSHh4hCT6dox2a5ca6kYONazmzbxKktG9gyazozw6fI8XGizhPYnDmVnVnTyF0wm8o1i9nv68kBK2tKXbxo9A6kwzeIg/YOeA8fjOfIEYQYjGGpqwOLRJlHjBcQmowhzcqUzWGenJ+bSMPyVDpXp9GxWCAwN4rOpYl0r55Kz/pp9G/JpnVVJiczQ9gV40l7yUntPOeW78Nz6gScEoy0EagOUQLuFFHJ00y10rOkde7M2DVZ1PpE4hbZET3fCd+pqt3rJAG9PVMWmOCdaSwK3Vzga8P09aLK59sKsJ1wT1f7RVnPtsA9Ro8wgbtTjMpy1yN2pSOBC00ImC3gTzcQdW5A6kpbrTbdPXw0cQusCZhjTMomF8LmW+Il38k/1UzuoQL1pAnsz3Hk2zfs+Pp1J75825sfHvvw3bu+fPdOEE/emMJn7yTy6VtJfPx6Iu/fCeWjW76aOn88YM0HNz1kXzCP70SKU+DL6z0uXKqzp7PMlq6SScKFCezbMo5QUdP2foYsXCKwqstkoH8Ob71ziCdfV3Ph7la25c3HL8kOqyB9xrkPZrLAeqLnMMx8DDCxG4ZzoKj2SFHjck51ten3sE021aD+XKVrj5NFrT+DusqEf17mFj3LjqLDGTSJQj+zfDKHZzixK82eNTHmrI2zZk28tVw/XmzP8mZrpisH5vlyYI43++fIdZTtybpE5Yjq4TVpKPuXRNB8ciktp1ZQn7eAskMzyd8QQ4VsK4/MpurwAmryllEnIremYBNnDq1lq1y/ySJCvcMXYOE5m9j4LI7vWEzJgUWc3TmLvDUJ7J0/hQ0ZnqxMcWFRojOXOkp0pWU/P+XNGzW8drVCVPonGtB/1zq/fa6NQlVT1J7DWgO4Zk/5WW2/18H85+dAV2vpouYfXL/Nk8cfUJxfzifvvMuP3zzhX+I8/KGA3nD6kMA6h7bSo3RXHqevtpCrjae50nSGS7K9KM87y4/SUXaEjpJD9Nec4FrLOW60neXBhTLevFTLu9dbuHtRFFBpAbs3LmXOtCRyti7nrUs1PLreyKObLTy6283yudNZumQlazfsJTN7HQkz1hOUtAy3kGzMXBMxtA9hpE0wASmz8fLyYI8ovjt1h/nqcj4/3y3k9/un+OVmLj9czRGgn+HP90r583EF3905zfmNyaxK9WN6mB9LoqOYZeNFzFhHggytCDWyZvLwsXiPNuZVpc5fGsTfRY0re/kfr/DKq8MY9PKrjBzyCs5mxiT4uzIvMZA9S5M5v2cJN+rzeffiOT67V8/3b3fyy7ud/PSwmW/uV/Hz569pF2loWJAAfbQoct1I1KHDX9EU+Bj9V0XxvCw2CH3DEdo+tVUNZRS4DcfqaTXnulnoygkY/OzxECwsJ7Jgfja7d2ziuqjou6rpy7UBrvaLSu9qprGhmlpR6WotvV8Uef/AZQH5gEB9QFtnv3xZlbldFlhf19q4qi5wd+/d5Padaxq4Vbi9q7tVU+hq7Xzg0gXtsbL+AVUa162F29U6dIOo3GqBZIeoz9qGFq0hi1oDVsNgVP/4w7lH2LNvO6fOnNSAvnHLSrbK9961ZzsHDx9k1/592njVI8cL2Xc0j5yjJzWY5+Se5sCxU+w9VkDOcV3Yvbu1AZdxI3EaN4oJqhJgxDAtQc5ElJmpsT56enqYmZnh7e2Fm5sLAb5ezJuWyuHdmygqOEzp2QIN6Kqve1enWkNXA2XadYl9HV1iajmhT5u21nf9pjYXXcFctYVt770oSls3iU3ZRS3jXXfcpVt3tMcKyM9Ly5Sa1zLh1Wc86+SmRrSqXvlN7d0azOtUHXynGg6j61T3PINeQV0rW+sUB6BnQEuMqxeFr+y/oV7b1I5PSLIo7XhcBchuotJdJ4tKF9WuzDUwDge/KByV+UbhIiD3Ck3Ec0os7sEx8t4kbe3dNSgJp8nx2HtF6rLfXZ8D3VNLijM0MmfMKFNtytqIoSO0lq9RoryjBJ5BAvRAOwtCnG1J8HbVgJ7h70OajwfLE2M5tmY562ZmkB0XTnKgNykB/qybJgpm/WrO7dxK+b5dmjrPXbOCTTMzmRMZzsLYGNaKOt81awYH5s7i1IqFnF+eTc3CLA6KQ1/s6kmTbyCnXV1I1R9GtDi5MQajSRunz3JnS/aFebPc3YY5TuYsdLdkvtMkVnvbkJ8cyPkZYZzLCKQ4LYCmBQk0LEuhZnES52ZFkp8qnzk9nHkBTnjIZ92S38gvv/5M8uIg/DLMcIo1Fig7akly8Uvt8Z9lSvwqd13b1mkTiZ4jjqRsA6dPJGCWmahvVZqm2rYay77xpK5wJ1rgFzjLmoilbsSudhR1PhGPDBOcRJUGZlmL02CIS5whAZnjBfbjcUsbjWuSEZNnGpO63BHn6BH4JIzFS63lJ48RuI9k1uYpBMvnh82yImqOCJV0c+72+/Cvp0F8eN2Ozx648tVDV75+6M4XD9wE3M58eNOdp28G8/StGD65HyaK3J+P7ogqF7C/dz1E7tth3LsYxVvXYmktcaTquC2NZyw4fXg8OXutmJphiIH53zG1HyrXlRG5ebE0ty3g0vXdXH1QyJmWhRypXcWy/WmkLPbHS+A8bbUXPskT8Z5qgWWQHhPdh4uCN8AmQo/sjXHaNb2naCs2SSYazNWaupYs918K3eFFidsE0he4cupgOo2Hszi7OpScLGe2plqxLMKU1TFmrIqxYqOAdHWcAxtke3D+ZA7N9+WIfJ/D8/3YOcOdGFcDwpz0Kdw8lY6idfSWbafz3HqaTi6j5sg86vIWC9AXUH5sOcVHN5C3bwN7N28gfuoqzCavYbjTCqz8lrNr204aCneJU7CRhhNrKT84n5Obk8lbHcl+uX62zvJhRYoDuxaG8O7dTm19/Kd/fsTrV0r59tMbfPnkrWfhdl3Y/GetR/szcKupaT8+236vm6D2HOaqBez3Xz7hq08+4sn7j/ns8SM+eu8t7XNUyF6F+b//5hP+0lNVyIXak1wWgCu71lLE7fZisRLNbrSe5XprEbdEmd9sO88Nef1my1lutp+T189xt7OU1y6qIfF1fHCrlQ/udvHhvV4+FoB/fLud92408d7NDm5frCc1agoZKYlkiFe+aO4C5i1YyrIVG1i5fi/RU1cwOXaxXLiLiZ+7gZiEJE4f2MzrXQX8846Cdzl/vlsmVsIfr53h9zuFfH81j9/eUJPXjnN2cyabsyNYMi2BRBtnVrlFEWroSOgkH2LGOZBi7YCtqI6X//Z3hr4yRAA+mMGDxAYPZpiY4bBBeFqOJz3ESxR+DPtWZIgXt12clRqePGznj6/u8O/vXuPPb+/y73/egi8uw6cX+Pf3j7X1cyNjPVHnowTog7UJamOU6Yna1n9Fa/f6fHqaMmNjBfNh8p4xGuAV0J+/rga2PD9ONZaxlxvp6ZO5dInKvHG5T1T6JQF6pxZ27+4S6+6gr69fwK0grdbFr2jKvF/Uuuryptq6qiErz4F+5+41rVzt+fq5MpUMp0LwCuRqvyphU5nvFy50aUBvaq6nWJSMai/b0NRCbX09NY3N2phW1Yu8sq6JovPFnCjM58zZM+w/sI9DR/YJ0DeyZft69u7fKYp9tTzfys59B9i2ay/7j+ZzMPcUR48XcfREsdYx7nBBGVfvvMZPP/2Iq5n8yMeOZpLcxEcNH6bZeFMT3JydiAwPJzY2Gn//ySTGR5I9LZnFs9LYJuqutCifloZK2prr6Gpvpk9FGHq66OxWI2AF1gJK1Q62W2CqZomrRjsXRFU3iZLuEgirNrG69fTLmlJXWfFqrVwBXYXmFbR7n8Fc2cCNOy8eK7grSGtJbqLGm7ShML3Psuh16+ZN7T1a575WbfzpAJ1aMt4FgflFrTWtgrmavqZM1aY/D713913BP3IabgJmN39R5H7RWijdQ2Cu1sQ9QwXawaLWg+NFkce9ALq3PPYMihaoJ+qcginJ2tq6WmtXPd/N7PwZb+4qzqgNRkZmjB5lwrDhcl3Kb8VPZbh7OBHmooCu2r9aipkTZGdJgo8r0wJ9BObRHF2hwuob2LdyEfOTokn0dWe+qPQNmensmjOT4l3bKNu7k5Jd2zm2ahmHli1iSXI86YH+ZIeFsColgW2i0o/Om0HBnFRR2VPJjwjkuJM9RV6u7HG1YJW9KQutjJhrbshsC0OW2I9jZ6AjR6K9We9tzUp3KxY6TmSu7ThmWBuRbm3AVCs95rtMZIW/HYt8rFnibcmOKFdykv3ZmhyMj6h7N1MD7OS3qJUFfvo+U7LstczxyIVWAk5zXfmZADt6sRehM63xSBMox+lp9ej+WSb4zjQiUGDtEDNalLqNAN6UsGxz0jd7M3m6uVb2FrrQgvgVbgJ4c1GpI/FMNSFqsYUAz4hJwS9hGfmKNpXNOXY0vhnGeKSKUk83IVCOc44czWSB4+QkE+3zHBON8EjUwzVBD98UfZ4+nsK/v43l/etOvNNnzSd3Vejdk6cC9M/vufCRgP6p7Pvqvief3/binYsOvHfZnYcDXrx5LYI3b6XQ3xxHRaEnJ3O85J47juP7jNiybhyRcWMYOe4fDDf6OxMchmNiO4i0ma7ixC+joXcvaw5Np/naCfpeKye/civZa0PFETEgPM0WrwRTXGJVjoAJ7uKo+M0yxilhlJwnI248uMJ3P35L0Bz3FyH3/15LV+vmDlp52wRcRKHHZjvId0oVxzCJglWhHFvgy9apdiwLHcvy0AksDDFnRbwdS2NsWBJnKw6iL/nLQygQOzjbi10zvJgZLE5fnLNAeyFdxVu4ULmLztIttJ1ZTVPBCiqOLuTs4WXs27yC2dkrCUpcg33IDkZ47WOEzwHmrTxOW3kh3aUHaD+7jbbTm2k5uYHaY4s5vyudwg1xFKyLErUezZ4FgeyeO5m1Wb6881q/NmRF9Xi/23eaN242iMr+TDds5cf/hNV//v4/9ssPz2H+5Bncn2j7vvn8A2qL6rQGSbqkOF3C3A8C8rfuXebzjx7yl4GGs1xqOsuV5nOaXW9Ttdnl3Oms4JYA/X53GQ96K3hwsZKH/TW8NVDNW/3VvNlXJc8ree1COfd6SrnbUyHbStnWyrF1vH2lRUDeLoDv5oN7FzmXuw9X8fCjpwQxMzWFrNRU4qJjycyYLuo2Qm7OIcTEpxEeN5/46RsJiZjJ0qxM+itzBOgl/OvdGv71qIJ/PyrnX++U8tubpfwgyvwLgfll8bSOLIln+9xYcjYux2bUGKY7+bFmcjLzbUOZYePBvPAQjIcOwmSMQMJQlUSNYcSgQegNH4qj/LCnuMgfPCmYA6umc27/ci5W7OfJ/WYB+AP44x3+/ecj/v37O/z53W3++PI6vz+5xG9qDV3+U0lqqvubvqFqIPOyAPplgbWoSiPV7lU9HqWDtWowM0qtqf+nV7uy5+pc7VOgV1uVGKfMycWWrVvX0t5UxZ0bfdy92suNvnau9Hcw0H+Bq1evCLTV3HKVBHdZM124XYB1+ZIo7ys6mN/SlaopdX7j5hVNjatadt36+SUtBN8/0KNlvfde6NBeu3ChR1PnNbUVnBFQqk5xNXV1AnRljdSI+qxsbKGqvpnSqgaKSiooKi4n78Rxgfoe9h7cza6929l9YBc79u9h6271+BC7Dx7iwNETz4B+lmMnyzh6qpzDhWUCsh7tnM6fOYOxI4djOmqUNvLQwsIcHx8fwsLCiI6KIjY6jPQEUXlpYaycEcHe1TM4vn81dVVnaGuq1pLh1Pfv7e2mo6tTA3pPbw8daqSqKOeLarKZwLz/8nWaVdmYqGg1wEWNJVXg1sLoYip03iqqXSXCdQnk1fq5WlO/eOX5ONPLmipX+1UGfLsAvU7Oi1ojbxUHoVmDeJfm9CgHSIG+8ZkKV+pcHaey61WynNqq86mstrVLG0nb3KWiBbo+B/def5uQpGy8gnRhdo/gJE2dOweKWg9JwCcihcnR6fhGp+EXPRWfcNlGpOEtcPcIjsVLjnGT9yolrzWdUWNV7XyYYOGCqSpd05rKjGXIkJEYjBCQONoT5uZAgL0lXhaT8LKciL88niIqPc7LUW6SXuyYOZUjy+ZxducmCrdvZPfSeexfuoDlSXEsiY5g27R09i+cx5mtm2g9kUvFvt2iZlayKi2VxYnxZIWGsECOW5kQzc6MRPalRnBqVhIlsxI4HuFNQag7+aHO5Ic7cXSKA4eCHdnmY8VKFxM2eU9kq485a9wmsNp5Ehu8rFnnY8NsRxPSbcaw2FdUu5c5szzMyBZbHmjPnlR/Vsb6E+xoh91YI5xMjbAV1T8zPlY7x4295fhmjcMzzUggLg7NYnFm5phppWOqFj1gliX+cyYRNNecsEVWxK1xF2DrwB+3wpmYFaLip5sSmC3Hz7TEViDtEDcC9/QxxK5wwT3VlMhl5rhGDcEzdgy+6cZadnzkAlvcFNSj9QT04zXou8Qb4BSj4G6B//SxxCx0EKfACsdI2S/HxS4w5rtPYwXoifz6RQwPr3rwzjUvHt105ZM7rnwu9uS2M4/7LfhowJp3e2x41OfCvTYbXdOZ6wncGkim+HggeQe8ydtjxtE9FmxcaybXymiMrQYzzl7uUeavYmA2GCPLVzBzHk7UNEdW7EyT8+NIWeduVu9NZ/2xGSQs8sB6ij5u8ZOwcBohxw7Byms0bglmmHmNwSJsCPaxBqzYP0c7151XW59lvP8n9P4i6/1ZvbpHqhmpc93Yuj6UPetD2LMymG3zfdi3SJyyaS7snh3AjvkC7pUx5G5O59jGTI5uSiZ/bRQnVoRweI4nO6e5My/Klr3Lo6jLX07Huc30iEJvOb2WxlMrqTqxksIDck0uXY5fzArG+u3iJffdvOqbi2dKHmVnztNXlU9n8V4N5srUiNaOok00F6ykbN8MTm+K4/y2ZM5sShSnNYJdc/1Erfuyd1Uin71/X9d//YuH3Ll4hm8/u8N3Xz7iN1HeGrB/EGALtH/67tMXIH/x+AedKaB/++WHvP3glij+J/z2o249/Yd/fszH77/Gj7L98Yu3+cvN9jJR2+Vcby/lpoD8WlsJ11qLRZWXCODPC9RLBdQCa4H6632VvHu1nvdvNvPoRqM8buDtS3W8MVDDffkh3BDFfqP9PHfk+AcXqnmjv4E3r4oC7KhhWnICzvb2WsKcm60lQZ4urJg3h7Ny80+IEYXh7on/ZF+C/fzYuGYtGYnJrJg9g5biAgbO7eKdlr18f7uQX1SG+/0ifrh3ji+uF/L06hnu1eVwbHkya9Plj7sgnWUzUhg3eqT8UE0IH2+N9fARjBdwW4/VZ7KDLfamY+X14Vga6eFnb05GuCdrpodzfGMWNxqP8c+3u/jlqxv86+ub/PnNTa1xzJ/fiir/5b5m//7pdfhOlPo3N7QLc8eObQLp4bqhK3ova/3a9Q0Ha+vnBgbyQzAeLpB/RRTQME2960A+XI4bqcF7+IhBuv7vY4Zppvq4Dx06WICuW4fPnJZCdcUp+rvruN7bxG2B+c1LPVwRxX71mgqrX9XWzbVQ+yVll7Xw+5Vn6lw1klFb1dZVZbMrgKuQulof15Wr9f8fZa7K2NQaukqIU5PL6htqqKwsFRUroGluEcXZQrVAvF7UbJXAR1PptW0UV9RxtrSSU+dL2bZ3Dwfzj3Io/xg5ucc4kl+ohdv3Hj7G4eMFHCs4qyXHHSss4cjJUnLPVArUK9iTq6sRbm9tFZU4ggnGY3F3dyc2bSpWNvZYWlri4WxHapAzCxJ85W/nzeyEKexZlUnN2YM0VZ+hU5R5b0+3BnSVW6Cp8141MU6A3d5BZ2+fttatWuGqMra2jk5dJzlRymr9W0010xq7iDJXXeN0IL/8oi5cy3hXyv7SNa0xjdqnVL1S4GqCW73WNlYXYlemQu8K5moincpkb2jrFhOl3q0LzatyNVW+VinntKKhWRylTmpbeiivV4+7qG6Sv4WAX8vK/vhTkjLm4ytK2yUgXlsbd5sSLxaDT1Qy/rHpclOayuTYTLwF6JOjM/GPmoZvxFS8w1Jw9I/GwVN1kAuQm24AE8TZHW/uzHgB+lhjS0aNNGT4kFEYjRyDn4O9BnA/O3OtJMxHqXNHG0JdbbVSz7Up4RSunU/+6gWiUjbQcaaAtqICmgTc53duE8Wymn1zZ5OzZBGnNm2gt+gU1Tn7OLBonij7OOZERpEROIWs4AAWR4WyNDyItdEB7E8J4dSMSM5NC+NUsg/HopzIi3YmV7a5MW5sC7Bhi9gGr4kC9Qls8ZzEVncztojt8bfiYKQDBem+nJgRxImZ4eSkBZObHcnJxYksifTF3cICJ3MrbCea4TDJDJuxxljojyF3/z7tHB88vxH/WROIX+VC6CJrEtY4ErPIWbcOLuaRpq81kfHKmETcal02e7gobk9R3HFLHLQMeZuIkXgnT5DPmUjIoglELbfCJdGQmOVeRCy2ImGtLf5zx+Izw1hU63A84scROGMcQenmeGeOF7iPFbCr7nRj8c+0JHS+FQGZplro3lf2RWbYMGvJBH56Escf32Ty+9eZfPvpDO72B/Pgkrfcl514fNWeD6858MEVW15vt+Bmky33Oj243uXLrUuizC+IeDkdRUGeOMTb7dm9xZIF88czyXEwBtYvMdrs74w0eRkLD0NsPPUxsHoZ3yTdrHj7ED3C5tiStsKXlTvTxTkxwSHUAJsQQ0IEwIEZ5lgGyD04YAz2oaZ4p1jgM30i4fIepzgDimoPaed67o5pAnVTrBNNsEse938y3xXQvdLMiZ3jSkq2E7PnejJfYD5nhhv71seRuzWRc4fm0lK6nfbqPfS15NJVd4TW6gMc2TqN46ujtJD7xkw3Ngr487amUZG7lPqCtZpV56+m9Nh6dq9bQUraIiz9V2AccJARgXmYhB1i3eY82ktyuVB6lB5R5p0le+gS6y7eTdf57aLuNwjQV1CVk83pLfGU7U6nbNdUCtfHikoXh2OWN6umurJmViiff/yQX37+gh+/epfXBs7wzp1Ofldhd7WGrsAtAP/p/2cvVPp3H/HlJ2/w0aN7/Cr7fxW4/yrOwCcfvM69G728/9ZNbnSV8PEbHfzldle5qOpKAXY1d8Vud1dwo6NMs+sdCvCybdM9v91dLuCu1BLd3rjUwMNLjQL5el5Xz0W9v9FXwX1R7Le7yrTPu99XK59RyaW2arLSEjDS02fiOHNRXIaMH2uCn7d4MLt2sWrxQoJ8vQiZ7EGItztezvYkhwcS5uclr2+n8sQBWo+v4/LZFdyrXMu7rbv4bOAEnwwU8v6FAvqKtnJ0ZTJbs8PYmDGFwyunsWdpJllh3kT72pMa5s6qGbECAVecTfWxFJj62JoS7y9QSAlm95JUcjdM59EVUf5fXBFgq85wCt6v8eunF/nprWZ+e9TBT2828v3DWn6Rx//6sEs84/e0izIiKgRDg6Ho6b+KvpiR8UhG6w0RWAvgBeTGAnIjA6XMh2pANzIegaHhEO2xDuaD5H3DGSPwVqp86DDVbW6QZgrwKuw+f14G5woOcqevWayVe9dEqV8beJHMpoXYVYb7gKofl8eXr3L9xs1nc87V5LTrWqhdAV0p9MtXdOVvCuAK7jrrebZ23vUM5o20ChxbWgXq9bU0CmQb2toF6K1a7XaNQKhaVG1lXRsVNa2UKKCXVWoZ7flFAuwzZ8kXU+VquYVFnCgq1srWck+px2WcKq6m4Hw1uUUVAvQqDp+sYOvBQtoFir/++gtmZpPw9PYhMS0DS1s79PQMMJIbb5jLBLKjXEgMdpFrxY4UgcGhnauoLs6lo7mcnq5WAXqXNideAV2Nl1V5Bq1NDRrUe0VRq/XxboFxk6qtb+nQVHt79wUNnKrvvVoXV+FwXbOZAa2znEqOex5aV2H3zouXxAHo09bM1Wx15eAoYNe1dvwfoKtwu4L6OTk3FaLUKxvb5BjZL69Vq2UL1axGFLpyjMrrm6hp7taAXtHQpj0vq2vkfFWt1q1O/ff50y/JnLFMVFQSLsFxuEyJxTUkToCeKqbUuYA8dip+sRkExGcRHD+TgJjpeIUlayF5Z9Vdzi1EN7TF3leA7oSJqSWjR49l+DA9hg4ZgcGoMXjb2eFtY4mnqvEW83ewIcTFQcyWmSFe5C+fTsmWxVTsWU974SFu1JZyq6GKmw3VXK0qo+tUIfVHj1C6bx95a9bQnHeUvFXLWJ2SxM7ZAnpRREsSE0n29mJ6oB+zg/2ZK6p/oyjo/ckBFAmMz84I5niSF3lJnuwNc2CLvzXrxbaFOLPWx5KdgdYcnmLL4SBrTsa4cCrJnfpF0bSsT6NmpTjCq6bStCWbtj0LOZAdr7WctZtgiY2ZmEDdwdoOZys7bCZOxMLYiNvyO/nt919ZvCeVyVkTmZwp0F7hQLyo72RR476Z4wifa8OU2RbyugmTs02ZssBcwCOQF4j5pk7EKmwUk/yG4SdgjlgkajxpFB5JxngmTcI3w1pT31PmOgi0x2kZ9M5xowTmtsTPccEnURzYpDFaQp7llOGiEMcSNstas/i5LgTPnoRLhAFe8abEiQPw9A0/fvg8m68+W8k3n60ScKzjxpVULnX6c7nZntcu2vNATV/rDqarMYq2pnRxYOeJwzyD48eCOHk8jBO5fkxNMyE4RB9TS4G5+SuMmPgPzNzlPjXxVUZPeoXxTkOY5DEKc7+RuMaZCPyG4p6oj03UGJyiTbARcLtET8Am3Bg3gbNVqNxng0ZhGzkK+3ATJgUNwSXeBKdYI8wnDxVnYBJ3Xruh1aa7pFlimzBOA/nzNXUtFC+PvdMt8U+3JmK6M+EptmTPFEft8EKayrbSULKFxuKtXGw6wkBrPpc7C+lpPsHyNTOIT/Vn7bxwNs8LZsuiMPauiefUnllaX/fqwvWU5q1nj4A8IXEudj5zMfFczUi37YwN2kX6vP3UFeXRU3KM7tLD9JYfFkV/gK7SffSUHxC4C9RLdtF6Zj01uYupPjSbiv0zxFnNpvHYfEr3pJO3LkaD+rppbixOdCRv53x+/Pp9fhaIP33/Og/6i/j6k9v88NX7/w/If/z2E237y/ef8vVnb/HZB6Lwv/+EX55B/qfvPuHD9+7yqQD9568f8fBKLd99epcPHt3nLw9FXb/xzF7rq+FudxV3uisF0k28fqmJ+xfruNVVqbOeKoF6pWZ3nj2+I0r8tf56eX+jWB2v9yvA18v7GrmrWTO3LjSLB1FH1ckjLJ8zA0drFdobzquvqDXsYYwaMRrDkSOwHWeC/SQTrCcYczJnJ3cGOig9dYKzeUc4d3ADxbvmULJtKmUb46jalkz9/pk0Hl5E0dbpHFgay7aZIaxPC2CjeOfbZgaRsyieHVkRrEn2Y2aQDZF2xgTbjyXJz4758f6syghj39JUKg+t5G5rHp/fKedfT/pAgM6Pt+Hnu/z5w11+e3KRb+5X8uXtEr59UMUXN4r5uO8E331wS1vvNR1vgIH+EIH3EIHOEIxFkY81Ug1RBmuq3EiF1QXWqvWtCs0bGg2X/SM09a2gbyLHGCtFL8+HDH1F7GXNFNxHaGVsI5g40YBdm5fRUXOGC82l3L7aLZDufwF0pc6fmwK72l67dlWU+XWtu5xmAnId1FXI/aIAr0vg3/0su71PA7qqc1dhapVI1tbWTFNzowZzZXUNtdTU1WowV2HjWgFXdVMHVfXtmkIvq22hpKaZ06XVnCmt0dq8qmYyBefKKDxXyfEzpeSdPi+q/DSnSsopKq/nTEUjeQL1owL0Q6fKWb5lH2s3b9M1mTl8hNRp0wXsluiNHiXnZzT6Y0biL87YnEhnZicGMDcjjiO7N1BTfIK2ulI6W+ro6GgR0zWUUV3uWsUhaRGYtzQ30SmgVQpdzUlvanne472Hts4LWta7UuXKep51bFMAzOkj7AAAgABJREFUb9P2X/5PcxnZr41flc/QAK4U+bP6cfVcm7MuAFeQb+/p115TkC8VhV6hVLecs/qWXhrE6lt7BdytGrTLlQnAq5pUrX/Xi/0q9H6uskbOV5VWM6/++/af35G9eC0eYfG4h8bjGZ6Id+QzoGsqXUE9g8kxGfjHZIpSz8AjPEkLzasadifvKOzcwzBz8GG8pRN6BiZyLRowdOgoAfpI9Efp4SlA93Gww9XaDBcLgbqVJb52lgQ725AZ4EresgzKdyyhcvca2k8c5HL5KS6Vn+Zq9TkGys5z8XwRzfl5lO/bT/XBg5zdvkkAn0Pp7h0C82UC+XVsyZpBdlgoyb6epE/2Zk7wZOYFebI02J0VosL3RHlyLNmf3NTJ5Kf5sSvckV2RrmwRoK/wtGJrgC2nU7wpzfCjYUE4vZsyuJKzmNuntnAlbwOX8jdx6fhmzqzNJtLNGetxZlhOtMDWyhZbgbmNwNze1glnBxdcHVxxsXfWzu/Trz8lbpErIfNEGc9SHeGstVaunmkTiZzv/GI0qkPCCFHglsQscxZFbYpbqmr2MoHEFZ4kr/PBM2OClixnG6GPdfAogdpYXGIM8U2Xe13UCJwjRuMoZjtFwBg0HOdwAWCUIT5Z43GMGoaXAN9/mileAn/XKBO8k8YLSPVwjzYWx8JcnHtv/vluGB+/nc2jRxt46+113Lu/lp7eeVRVhlFe7EFNeTA1lZFUVUTRWJ8qv4lZ1FZlsmm1J8ePBlJ2bgqpUydhNHEQo8b9HSObIehbDMbETu5JE19iqMn/YGjzDwHxaG1QzaTJI7AM1tdK8hwjjZk81ZyELAucw8QJ8RyEQ/h47MIMcU0QZyV1rHzvcZg6DpLvbCLnz0DLHXARx2XmymjdGOCafDmP43BMUQ1mnjWVUXBPUO1vJ4r6NyMqwYHtq5OpLJRrrXI3nXU5dNbn0FV7QARjnsD8BEVnd+AT78NYL3Ocg52ITfFhWqY/87MC2bw4lgNybZw6tIK8fatYt2Y9/lOyMXXKxsRltTjEa1mych/FJ45qieEXykWZVx7lQpWq/jpMtwJ5+X6B+l4xUejFOwToG6nNX0pFziwN6rWqCU3eQrnWZ1K0LZUjKyPYJip9XYYrS5Nd2bYshR/++SG//fgZ3z65L9w8w+PXekSBf/z/QP17Af3Xn73JD+IEKJD/+mz/F5++zb2bPaLuP+eP7z7kw/ttfPvpAz578h7T52Xyl09uN/Px3RY+utPK+7daeOtKg0C5RpR2jahvUeADzfIPN3DvQh13emsF5DUC8iotPH+js4xr7aVcbS0RExXfKZCXY+4JyO/3N3Ovv5W7A23c6mvnancDAy0VXKw9S0/VSQr2bWZWSpz8uMYzfOhwXnl5MCOHjcJs3Fg87G241lnPpw+v0lFfxancw+Tv38aJncs4vS2LM+vjKFwVqiVIFKyK5ujSaLZnBwnIA1k/1Y/N6R7smO7BxlQPlkc4kB1gxrI4V5YleIo68GVNmo8cH8aR1VNpzFvLp9cq+O0TUeLvtfDljfN8+1ot//7mKnx/nX99dRnE/vVRF/+8V8H7vcd51HmMxz15L9bPtXC5aiAj8DU0GiWPX8ZwzEsC8JcE8oNFoY/R1s9V61ulykeOGMyIEYO0cLuxqPkJJiMF+mp9faimzgcPEaAPeQZ0OVYl2qla9kWz08WSudIljteVboG1Sma7rGWoq85uly71v8hwV6ZbX7/ClSuX5LFOmavRqOo9Wg/3iz3a99feq/V075b3XdRC1QqGav28pa2VWvkb1NRVaaNSS8pKqKlvoFrAo5K9KutatBamFcoa2wVI7ZyvbqK4spFzpXWcFhV+VsB9uqSGk+ertNavhedKOCXQLyyro6i6ndOVreSdq+VAwXmyFq3C0s5et2Z8756WzT5anD0TNdDH0oxJcn14Wo9nZrgHu1dmcCZnPZXncmiqPEWzgKS1oYKONgF3x7OGMs31NNRW0NJQR1tLs/x/CdBVQxcBuVLmqmucamnb1tmrrZ+rMrYuUd6qDE2F3Z+PLtU1lNHVnusy1HWJbapmXDk2KsFNmYK3WjtXiXGtPaoM7aocN6Cp8NoW5fy0UNfSLWpegC4qXfVxV+9Xa+wK6ArglaLa6zovUtXYKWq+9QXQTxbravlVJv5nT7/g519+YfW23QLqODwE6l5hSfhGC9RjpuIrMPcRmAckTCc4OQufsBTcpyTiHKS6zMViKzC3dg1ikq07JuMtxVkykuvPgBHD9TSgGxsa4uXkgKsodAfVrMXKQsBuKVA302YmLI/x5eSKDEq3LuD8xoWUbV9Na/5eWo8foCl3Dw3H9gnMj8j2MKc3b6TuSA41h/ZTdXAPR5Yv1dR5/rrVbMvOYnZkKNNDA0nx8yDRw5kkV0dSPR3JnuzEqlA3NkW4syvajQPxXuyP9eJAgg9rg+xY5GbGKrl5n0jy5kymL9WLIrmwezZ3i3bwsPIYN84e5HrxYbpO7BKVFIObhRVWE8wxF6BbmFtjLUC3E5jb2znhYO+Km5sPri6ezJkzX/fbvtEqStpMgDqBuMVuBGaZ4ZM2lojZVviLYlZT1JQK9xE1HbLACpfkEYTLNnCGuTgBah3cFMuQIVhHjMAh2hC7CD1t3GrYEltR9RNE1RsJGF8hUBwBP1GkU1e6ijMgajfMSJT/eIKzJ+CXZSKOw3hcwvTk2BG4JehC/Z6pBgLIMezeb8W3j6bw1XuxPH5zEc1Ni6ivW87JEzNYuTyI1GQrNq6aQOkJc1oqXbhxIZKb17IZ6N9AY+08Ks7GUHkmkpP5kRhO+Cv6E1/GwELAPn6QQHgoxvaD0bd6CTvf0Yyc+Fc85Ps5yv+LT9p4bPxGMclnlFxbJqRPdcDSbSgekRNwmWLGRPcx8j3lukkei0PiaLwyDTETZe6cpK/1sjfzH419qCG37+hq0xMWhhIyw0kbS6uS4ZxV2VqinNsES2Zn+3Py4Hzqz26gq3qfKHIBbaOAtuEQlzvyudB+ggWrp2HsJdexpzl6nhaYesvfI9wFjxAnQuI8iY5xZ1r6FLIzIpmeEk52ZgpZaUm42bsxJz6KKnH8Ljed5GrLaa41n6FfnIyBunz6ao5pUO+pOCjbQwJ52VYe4GLFPjrObaNJHIzKQ3OoOzpfrvX5NOYuoE6el+6dTsGGeHKWBLMj25v1Ge4sSXan4fw+gfpHGqQfv97Jw4GzfPPpHX769uMXylwp8O+//kDUuKjybwXmKuwur3/8+B7vvnmD37//kK8/uMoHAvMfvvmQ8sozeIX7Y+HlxF8+vF7LRzcEnncU2Fv56G4b7wnYlWK/3SVKsKtc1HkFN5V1V3BLg3mlwLtc9pUL0AXk7fK8o4rrAvTr3dVc7aoVgNdzTSB+u7+dGxdbBUINXG2vpb+pggsNxVwQsHdXnZY/Uj4HN69m/ox0vF2dGTF4kHjJtrx146K8v57q0nOckpvCkV2byNm8nNzNc+VGkMLxVVGiEMI4tiSMAwtD2Dk3hF0z5eSJ7Z4t6nx+MHtmT2GjeGkrYpwF9n7sWxjBrnkh7J03hYOLoinbv5Bv32jij496+PNpD3982s13Dyp51HGY97uO8us7jfwi9uXtYv55v4LvBOhf3yzhQd0eBs6u0a2f79yqDWNRvdfV2vjYsfpahruxoShyAbuB/nAxUeVqoppAXctgF1APV7AW05S7nkBenIGRI4doCl1BfcjQV7VjdI7CYC2L3llNu0oM51pvI6/d7BPV3fcM5n0vgN7X1yd2UatHVxBXQFd92ZXdvKXLcFdNZFRSnAL4xYtKofe9ALqW2d6jU7aqCUuTWEVVCeVVxZwvKRKgn6fwVAG1DfVU1OpMwUit/VYK4KsaOjhf08T5snqKyxt0YK9o0ICuQuyF56pEvQvIyxs5Ka8fL6mXbTPHi+vZc6SI5MzZTDAbR07Ofv744w+szeXmYGKEl/y/xwZ7MTdN/tbLkjm5ey4lR1dTfWo3tWdzqDuXS33ZSdqaKulsq9dMla01iTNSr0rYGmppkf8XBfHmZ8q8SYXG27toe1Yz3qrK1p71d2/r/c/kM7VPAV0pc/VYgbz52bHamrhAXTWI6Rq4+qIUra27X6sv7+xTdeuXNWhXKVCLIlfW0H5BA3utpsbbtPNXWivnS1S82lbKa5VNXZRUN2r7TpdVUlBcqtnxs+fFMTrPk8+f8ueff7I/twDviDj8RKX7RYoKD0/AOyoV//hpTBag+yeISo/NlB99qkA9GSfVVMYzhEl2HtqQFn2DcejrjxVndDxGYqNHGzJW9UMXhe5oPglnK3PcbKzwtLUWZ8qMDH9XcmZF07hzES37VgvQF3Bu/SJOrp7LqfWLKdm5juoDW2nOy6Fk93ZObtzAkRVLRZ0f4rz8XvLXrObQ8uXsnDOH1WnJLIiJYEF0OFnB/lo/+DB7K8IdrYl0siTNw4rFUxxZJkp8c5gb26K82BjqzJpAG1ZOtmSN2KF4V05N96d0STQXc5byuiir1xtPcb0sl0sleZTt3sSc2Aic1bS3SeZYTbLE0sJWg7mjKHNnJ3dcnD01mLu6eOHk6EZhoa7/eM65DaISDXGLM8ZdFGOQqPLAmeY4xIi6jjdgcqa5KGp9JqdbippXjWdMcY7Vx1UA7RQ9FveYidpAFqXy7USJu8WY4p4ymtgldngmm+AhFjDDTEtyc44dq4XhXVNMCJ1nJ4+NsRCI24brYeoxRI4V1RpigI+oV7dwfVxCxhAoxzx6EMsPnyTx3ZNZPH58nIFrufIbXca6dQmiUD2YmuJIYqQh5w+ZMtBoz9VmR660TebKhUwu9c7mkmrl2pJIpKhvE3u535j+Hb1JrzDJdSSmAnQj+6GYOAzDLlAfz6kC9Cn6+EydiG+mOEjy2CbQQJT5aMxchuE9ZZxAVK4XUdYTPUdoEQknOR+hcp4mug7Xxsjqido3cRuCb5o5/jGTdLXpb93FIdSEKQJ1p+QJOCZPwjfJklXLIuT3vYHuuv301u+nr/ko/S3HZHtEU+XHCzbhEOKCnpsCuQDdwxJ92RqIGXtZM87XBjMfG2xczfFyd5D7iAWZcb5sWxQl118IKxOcOLUxTuC8iZvtp7ndcZZ73SUC9ZNcapBzWZfHxernSv0QF6sOaS3J+6pz6C3bTfPJ9ZQdnKsp9Ka8BdQfm0eNKPWaw3M5tyOdExviOLQshN1z/Vmb6cmKDC+qi3YLrD8VZf4JT9/t5c0rxXz09hXtuQqz/6K99qGo88f89M1jUeef8OsPT/jyk4c8en2Ad2808MX7t3jvrdukTU/GzNuRCW62mHsL0B9druI9sUdX63n3Sh1vXarmodjr/VUa1B9equP+xSpudZRqGfBXxS63FDPQJNYqzwXm1zpqRFHXCsxruNJZLSe6lksddQLkRq71NHNFtpcF6GpfX3OVeFjlYmX0NZTSU11ES/FxWksKaC0/KTfmfE4f2kln9XlaasspPnuKU3IjyNuzlb3rl7Ft7SLxoFPZuSKFwyuiOLI4gv0LdZBWpvr37p4bzC7ZHhCPfe/8cLYJ5LfPCuHw8hhylkVTvmsWXYUbeNB2gic3yvjxrUa+ul/GH5918+vjJn58UM77nYe5X7tT6+P+4YUC3mzJ4a12AX1vHu92HOXpm5e0CzEkNEhbB9dqyo1Ul7hR2vPRo1/FUpS3mak+piYG2r7nI1SHqWlsw1/VgK4pdYG27rUhz9bPX9XUuZG+qHx9lSg3XPtcH193jhzax43+Du4L0G/dvKTB+TnUVWOZSwNqHV0HdAX556b6s6sZ50qhq/c8B7jKZu8fuKApdS0ZrrtTa/eqwtStrWr9vEFrXnOqKJ/i0tOcFys8nSsgqtNK11QtenVDKxVNrZqarGnuoqymhTPnqymtbBIgtVJcIVAXeBeJIj9dUieAF+DL/qLKFgpL6zWYHz5ZzsbducQkTcXaZhJJybqs4wO7t5AW6cnqrDAOr51K0d6FVOSto+bkdurF260VdV577gj1cuNukWupo7lGVLmuO1xjbZkG88a6Sk2hNzc1CsybaWxqobWtS6fUBcatHT0a0FWJmrL2Xl2Y/Hm9uK7u/PoLWGvQH9ABvKVLKfJL9F6+LfC+qjWKaey4oGWnt/Ve0aBe39ZNnRrVKoBW6+MN7Re11+ta1LjW1hcwV+vkZyuq5fyIM1Qj51OOLalroaiqhjMC9Lyic5w4X8bhQjW97qSWn/DpZ59p5+n2g/vsPLCLtKwZBMcl4x+VSGCsCrunMjlOgJ6QiWekAD00FSf/GCycfTE2d8DAVG58JlaYmTtiYenKhEn2mJiYYTLWFEcrnTrXlLnA3EvUerCjKL7EAI7OCqdkTSbVWxZSIla8YREH56ZzdPEsClSS3LY1nN26ntrDBzi/Y5umyk9uWiuq/aio9P+PsPcOiyrb9rX3v/c+9+zeu9ssOeecc845R8k5CAgiIqIoiAKSc845Z1FBBLPY2oa2k3a3qQ3d2rnb8PvGnIWe89177vfxPONZq6oWBbWqar3zHXPOMUtQuXsPChPikOLlxmEeZW+NYAsTeOhrwoFgbqqkAFMFGfgZkanbGGK3iyXyfBxQGu6BQn9qrPtb4aCbPvJcdFG9wxq9qb6YPBiNk2W7cb61CFcG6rDcWUPGdAwNuZlIoM+TkqQk5KVkoaSgAkUFVaipaq1DXR86OkYw0DclsBvByNAMRkbm9F1Zw9+v/0ZKUQjCDtvChszcjUBsF68IZadN0A8mm/SSgr6XDAHaiKxdGWru22AapgRNLzEYkGEaE7T0fMQJxmyddUXYhivDklWf85GAvMXH1BAQg02gGqwClaFN0FW0JogafgQt520EfiUYk/3rugpB2vjfMPSShrabCLQdRaDltBW6DKaWW+AXIYLpYVMSMRt8cTsVq+epMTWzH03NCcg76IudicbwdleCuYkQ9kZtwqVxJVybVce1eR3cWLImQDjji0tOJE820DHaBjHlfxHIN0LBcAuBfAPkTNjANnHoOYnBOpxeu90myJjS/x6mCjnLbdCwFoKenRDc/XRg6SADbWcxqDlvgrjev6HuRM+h+09I638EWY2PYJ0gAUVLulaq/ROKBkJ0LtURlekqmJtedxBKtqIw8lSCtbsc9u1xJ6M9QKwoJyMvI95U8liersTUyHEExXlBxkKDw1zYUAlCBHMhI1UCuwqHuwgBXcxEDdKaClCQl4YWNUxdLPWwh1hQl+OLBpLCylRbDJXH4kTnQVycrMOV2VZcmmnCxekGavg0ENgbcXaslqBexcHOoH5mqJzAXoL5zkOYaNiD7uIY9BwN56n2ofIYDByPxnBFPG1j0X44iE9lK0qyw8EYC2RHmWN3mAnOn+oVDHhjS66uDuHLy8P48dENvP75Hr5cm8Hjuydwc7UPt87349m9FTy9f5Ukd5yn2P/46R4ef30V0dGekDfRhryxNlQsDQjsBPS7ywO4faYftxb78dmpHopu2u/FnbMDFIME9GFePObzs6O4vTzCR7xfnu/GuekOrEwxwPcT1IdwjqC+QnBfXSAzPzVJ//AkLi5O0+0JnCWQr54YI2ufxJm5YSyMdVOLiyx9rAsnydTnBpsx1V1PEG/HyuwAliYG0VBZhU66YHW0taKRDL22KA8luenI25sOSVtHuPg4ozTTByUpzijaSUAnIy+kYEvnHUkgoCdYIz/emq+NW5sdhLp9oajdF4KG7DAsdxzGj9fH8cvdBTy6MoonV4bw6xczeHqli1d+++nTbl6n/dnFTtydraSowq3JMopSfLVQg++WG/HqHus//01Q5nUd6ILR61uxZesGbtviYpuhICv2AeTvp6YxmG9bXyOdTVNjv8cMf+v6oDgWWzb/CwYKGyEjyZZeFYKisiwio0IwPTmMtSsrWCOYX768ykeoM6Azyz5zZhGnT5/gFd5YX/h7mLOUO+trZ0Bng+LYnPP3feaCQXGL6wPkThPgFzA+MYDJqQG0dTSgu6cDExNk4UN9ZOr96O3vQ+9AF6+DzkZms9HuA6MzvG+YrRw2MC4YINfePcJB3j04xU29h+DdRSBvJzPvHJgieE0R0CfR3DuBytZhHKloQUhcKoxMzSHLyuMKfcL/7wf3vkBH9REMddVjZLAbEwTmaYL17EQfJkd6ME4QH+muxngfNQrHesjQB3lRGRZjQz0YpWAp9wk2qI9icnIcEwT16bmTgvXR1w2dxQKDOesXZ/Z+QrD6GRv4xgB+8uwlbtqsn5yXbD3Dyr5e4tXdGLRPnr3MAT+5sESxSL+/yIHOYmL+DEF9kSz9NFn6At/nQKfbfaOCaWosrc6Azky8rW8UXYOTdE7n0Dc5j9YBAnrfIOraelDR0E6Nn1aUVNd9iO8fPuIXxF9+e4Z739/AxbVlVNSWIyQmGjYEdgsKMzc/mLoGQM/eG5rmLlDRs4SMqj6FHtR0raBj7AQtI3uoaJlCTlETsrJk5hrq0Caw6hHYDdXUYKAsj3Cy87Y0f0wfIhPZH43JgjQs1ubjZE0+2snSuw5moJka3e370zFefhRn2lowerwYFWk7cTQhlqzlIAG9CIeiI5Dq6YY4Z3vEONog2s4CkTZm8DfRh4OWKszp71qq0gVYSw3BZoaItjVFsrM18nZ4IzfABdneNsj2ZGVeTdAU743ujGD050Rh5HAyxouzMF9XiPGqQnQW5KA6JwNu1BiWFhKBtKQ0ZGTkIE+WriivCiVFNQ51Fgb6zM4NYUgwNyCo6+iY8vP66OkD+O23gRnBzGWnPm2lYBOnRiYtzaFmGSLHC9H47jOFfRwbMKcNPV8xbtra/tug60VbMnwDLwWCshRfZtSEDFbbhdntRqiZbYOq2Vay3Y18BTVTMnFZw08gZfARDAJEoW4nDGXzT2DmLAU9VwmYkElr2QtBlfVlm2yEqik1LmwI1hmydC21wvKAB1bavTF73BWz+fboOGCDqlwnRIdqwsZCFOWFGljsV8KFcWVcmdPG56sW+PaaHR7e9sZgnx9ElD7CFsmPIKVBRu0uD3m7zZDU+wSaBG3rHWw1um0c1BYO4rCi/9c+TgkmPvIw8VeEvi81NlxFsF3lf0De9mNouW+Fjb86vZZPoGi2GdaJkjCPpEaipwwsWP84WxM+Uh7XPr+AV7+8hIePMUKoYdBanYLTBPEzU9VYmanBGQZ1uv6eJjPfdzAG8mbqENYniJN5C32AuQrZuQrfZ1sRUzWIU0jp03utIgctNQV42+ngeJY3Og768eVWewr8MVGXglPdh7A6WoJzE5U4M1zKt+cma3B+phGrk41YmWjA4nAVlkdYCv44Qb2MGgGHecq9rzQezQf80JxLz1sQhJ6iMHQWhqK/JBo9hSz1zizdifPoYJwVcmLMcYTk8qdHd3jRmF9/vIf7Vyfx3Y0JapQN4/6ns/jxe+LL09t49u0l3L3QTwJ5Cq++u4K/f/4e31ybQWtBCBKjHemzowMVC30omelCw94U/7i+0IWrs23UWuvEjZPdHOoM6LfPUOtguZ9MvZ+PXr+11I/rp9l8czaNrRefLg7wwXMrE51YGu+kk91N0YMzM3QfwfvC6SkO9ZWTzMwJ5rO0nR3B0swQTo334jSL0R4eM30tGG+vJag3o7elFsmJOxEalYLq6mZ0tLaguaYUdSX5KD+8F3sJ6MLOnjAPoFbPHh8cS7dF2W7aTyWgJ9ugKJlgnkwnLUoXh+KtcCzNDaV7A9ByOB4dR1PQW5LOy8k+XRvhQP/r+xU8vjpCMYQ/vzqBX2+N4cVaFx6fb8b3Zxvx5Hwrvl2qx9cE8s+nynB3phx3Zkr5F/3syjJE2SpqBHO2OhorFMOgzJdP3fwxhISotS0tylPnDNJsOhqzcAZ8diz7HV5Njn5fMECOTWH7hB+3ffu/ISv+CURFt2MbAV9FXQF5uXtw7fJ5XFu7yE1bMAVNMNL93DlWv11g2acI6gzuzNJZGp4Bnx3z/ndYIRkGdMGcc8F888XF0xzqs3Pj6BtoIZjXoL2zDl1dLWTqMxibnMIwWeQYAbW7px0DY8MYmZrhfen9o+N8hbVBbutzGByd+5BuZ8HT78zWB8k2e8e5obNo651EQ/cYShu6kXX4OGzdqMWpJM/HGmyiBk1RcaGgqMqp07xc6wwbjDcxRYAexmBvJ3o7WzHQ3YZJNvd8pAMzEwzkHRhj5XCHuqkB0MVXXhsZHlgf2DfKDX1mjp6HlWOdnOXLoXJDJ1OfY6PS+Yj0BYLwST6ljI1if1+i9X26/cTyeZ5KZ8GAztLuLOU+u7jKq76xaWfjc6c/WDrrR584sYwRuo8Z+tA61NkxbBAcg3r38Dja6Ry2E7w7hibR2jOCTpZuH5lGa/8oGjv7Ud/Wh4qmdpSRoR+tqEZhWSWOlFbw7f3vvufn6vc/XhKAPsfjZ3fw4MktnF6eRm5BHryCg2Hl4gkTey+YOvvD2N4XJg6+vCyssZ0/DKy9oWfhAnUDS6hq6kFFRQ06WhrQU1eBoZY69MjSDZRkkexohOZET8zlxWLmcBxmC3Zi9mgGFspzMV9xEPNVBeg/koXmfalYaCjHWXqPpqvKULVrJw5HhlEDPAEDJUepEZ6AeCcHRDsQzG0sycLNCdi2iLa3JKgbwEFTBbasboWOBnwNtXkq3pcixNIE4bbm2EGA3kFGEmuth5JIdzSlBqEtMwLNWTGo2RWNxn0paD+Yifb8vchPjoaOoiwkCeiS4tKQkpQlqCtwmCspqX+AOjN1LW0DDnQTU1voGVghMTGDn9eV6ydhFqkAz0xzOOzUgGWcKgz9ZGDCVgnzEoKK4ya+Opuurzi3cg1XYeh5iMA0QoJPgbOIkYBNhAJUbAiGVtth5E2WTtB3IuvXcCQ4227ki7xYBEtB1WEjh6J9tDqswkTgE60DY3dRiBMkzX1koOcsSyEJQ1dqKFiIIDxAFW3xGjgdII+XaYb4I8IYf/qb4k9PQ/zsro1X3rp4FqSNL2M1MByvirK9uuhotMXJIUOydQU+L/3LKy64fycZ51aSoGMmBmHpDWS2W6FqLAoFk60QUv5ffN12bWdRSOtu4BkCM28FGLlJwCxYArquolCzE+Hz0NlUPXkbamzYbIK8NYmJtxwZ/RYo0eu2S1RAwEEdOi9i0Pb+GDpOIlCx2oL4A4IKct98vkY8KOBT0Fbm67FMMF8miJ8cL0Z7Sw4sPUywXVeRQh7bycx5fAD6OsjJzEVMGdBVBZZOWznaWlhpY3e8I7oIuF2HfdGe44bh4lBM16ZgoSOHGkL0dymW+o+QgR/D8mgZzo5W4ux4LVYJ6OcozgxXYmWsio4rwZn+Y5hvz8V0014MV+5E6yE/1Gd7EMA9UbfXFS0HvNF7JJS2Pqjc7YQjxCNm6QdiiU+x1qjLj8O9Oxd4bfbfX93DnctT+P7zVVyfLcPlkUP47uYcAf8h/iKT/+HeGp4/uInh+r0oTnPAoUQHxIXSd9VUE8oWelC1NoKilR7+wUDNDP0Oxe2lfg7zW4t9uLnUh+u0f42MfY1Af+1kD+9Tv3yiE9dO9/LpbatTzNI7sTrfRzFIb0IflqYHBNCe7CcbH8IKGfvKPIO5AOxnZofJwPuxQCA/NdyNE/3tmO1pwVRnE1orirHDh0zCxJKgnk4w70RXK91PtlFLQK88sh8HDmRCyt0HJjuCkZ9ujsIMSxRnuGFvtCoOJxjRl9eK9nWRGamJArL3wylu2BfvirLsUJTtC0MHAX28/gCuUsvv1Z0Z/HhrCr9+vYBXd2fx+PIAfqbbP98cww8X2vB4tRnfLFTh3skq3F+oxM3RAtwaP4rPpwVALzyaz2uys1Q7Wy2NlXNly6e+hzQzb7bPAM0hLbSZGzy7T1BEZtN/Kfv6HvoCoAuxBV349LfN2ErPo6OrgobKY7i5dg43COhrVwUFYhicmaUzcLO56AzKLDjIz7HCMisfjvlPQ1/lfejMzhnQ2ah2tlSqYLlUgjcZ+uh4P8GNLJzAPUFWO0oxMjqCvr4udHQ28770IQJrZ3cPhiYm0NbZTSCf5JbeT4BaWDrHU+ydBPYOAnonA/uAIO3e3DXM+9GbOkdR0z6Ig0XViE5Kh4a+PoToPLIuCJb1YOeP/dy6eR3jowMY7u9GV3sTWhqooUHmN9BD0B4gUx/uwtRQO0Z7mzHU24ShvlYMD3RyoA8P9BDQhzA6OoxxaoxMTk0J+s9ZIZmJGd6f/r4vfYLuY2Vt2RSzCb7IyiKffsYgzke1swpwbMDb6VUOb2bqY3OCPvTpU8sE7xUy8+UP/eRsf/rkCgc6Azi7b2B8npv34NQCH/TWN8pmB8yQnY9zO2/tHySoj3GgszEHLNg+g3llSwdFG0rrm5B/vBwHjxZjf8FRHCo6juxDBXx+P/v5869f8N2j6/ju4TU8eHwdj364gy/vXadGyyjS9+2BR2AorMjWzV2D+FQ2fUs3qBK85DUMoEBgk1cic1VRhaamBrTUlaGtrkSWrghnfVUUhTqiOdYNDZFOaI11R3eKH3p2BaJ3Tyh6sqMxWrgbnbm7MFNThPP0Xqx0NWG+oRKTlUWoy9qJZHcHlGUk42hiLOKdHRBoYohQM2NEW5ghjWw9noDurasJd7L0QFO2kpueYAEYPU34mxog0MKYp+fZ4LkgUz1EWhtgD9l6YYQHShMCUJK4A2UpUWjITkHbwd3oOrIPOwM8oKVAANiyHULbxSAqIglxMTJ1aQXIyijy9DuHuiZZjqYBNDUMoalnCi0DC2jrWyAmIZWf15r+IpgEK8IwRAomYdJQI0tWcxLlg8QULDfC0EcKxsEKMPCXha6PGCzIPG3iZKBuuwU20bQli9a2F4cWGbe1jzLMg+QI2qrwSDaGTZg6nCNUYOopBlWCvgnZvB01EMzJ7u19pGFuLwljgqiGJTUcXKjBYLQVrvobMOogjxc+qvjbXgVvLFUBD1O82xUKlGbh3b44vI3xwGsvc/xup4WfLVXwzEoRX3moYC7XAr2t/lga1sTVeW1cO+eH658ewmc3y1DTHAUzR2VomkpCznALNGxFeAlXPTdxSKj9E9pWwtBxZuMH5KBstRmG3mJwJkvXc5aCebgsxMz+BSWn7dD3kaRGAEE8SR4O6TqwT9ZB2FFrmEWLIvigCVwz5GAWJgmXFA3EHDBH92ytoD/9yjTOztUTLxqJJxWYHj6G+FRfSBjQe6irIIj/BuSiJmoQJSMXMVMVhKlgK2quCmkrDVg4GyEr0Ql9x8MxUByM7kNeGDgSwKE+VZuEmcY0zDalY6Ypg0C9nxefWegpwOJAMYG9AucI7CujVVgdq8Ty0HGcHT6OZWbr9PiZgWOYqE9HV34QGrPdUb3bgT7vzrzgTAuZe2WmC4p3OSI/yQ55iRTx9mTr9ijLjcEfrx7w1DvrO39+bxlXpo7h86Ua3F5pxE8Pr/OiMidGG3EwwQn7Y2yQFWOJvVFWyIx3gKOrEdQtydKtdaHmQIb+1YUxfHVhlMfdlUEy8V5cX+jkgwNYuVdBsZgOXJ7vwpWFXqydGuDz0S/Msf7zblyY78V5Ntd8bpAMvZ8Dm/WZn54awPxot2CKzY/PsTw7So+NYpEBf7wPp8Z6cWJEAPT5XroYt9QgIz4cdqbGMDfSx75Mal03NxPQ69HRVIX6skJU5u/Dkdzd0PT1g1aALzLTVVCa64n8NHNkx8ujJtcPOTHUgvfZhqgQXcSEuyA0iKWaXLGPPuSH0wLQW5aF+bYCXJmoxtWxCjy81E92PoAXnw3jxxuDuDFRjO/ONuHZ5S58v1yP25NF+HToCFbbsrHWdwDn2/bw2vXsx8nF/sOqaYJ1z7fxBVbYeuiSUiLczpmFi0sIc+gzMxcR3cYhzpZSfZ9qZ8dxq9+ygcx+I4c6KzzDgi3HqqQqi11JEZgb7cKXNy7i5qeXsLYmmIZ27vyZ9QVVlvhguMXFk9zQ2Qj2s2eXCOyCAW/M5BnQWTDAv59v/h7qbCAcKyO7sDDP55/PE9jnaZ9NVRskwx0eHUI/wXNgsBc99H61dRA4R0ZQSxbWR8DsGx7D4MgkFlfP4/3PCYIeG+HOIM4GxrX3EaS6B9DQ0censdW39vO+851Zh2BqackHw21jNe5F2Hli0/o+4V0Gz589JYjXor66Ek31NWhtrCNDpwZEbxe12htRW1qAxsoCdDaWoLulFD0dtQT1DgI6wXyoD8PDgxRD1FAZI5DPCsx8PcYn2GIzM3x/dGyKXus4H73PCsGwqWesSAzrN/8wLW1eYN7Tp1Y46MdmGdDZIDfBsRMnFvkc8u6hKQ7s9+l11m/OYN5D56hnZIIvRMNgzqJ7eBrtBPRWMvTmnkE6R0NoIYg3tPejpqUHdQRzBvRqauCydPux6noUlNdiX34hMnPzsOfAIezck43o1HTkFwsam3+//gPfP/gU335/BY8efYrvH36Kh48/w+MfbuPsuRkUlR2FjasnVPTMoaBlDEklLYjJKUFCWg6iEpIQk5CCnBzZJ1myIUWEkxUKwxxRGe6Aw+4GKPYxR7GfBcqDbNEQ5Ywaur8t0Rfde6IxcmQPTtQWYbm9moIugp2NuECNrfGyfGT4OWNvsA9qstKRFeiHUDJuf0P6rlqYItXJFrFk3yFmBHm6HUygdyeQe5Ohh1mZUpgh1NoUkbYWSHZzRLyjJVLcbJDmYYssP0ccCPVAYWIIanYnoH5vCjryMtFxOAspAd6QE5fANj6Kfzu2bhbG9m2iEBWVhIS4DA9paXkoK5PtKOlATdUA8so6UNcxhZqmETR0zHF17Tpev3mN2P0esIiQg36gGAyCxKHuLAx9VwkYeEnDOUoHUYVesEnQgnUEWTxbuGWnOgx9JWEeIQotN1HoErDVbLZCx2E7/FIMYRmpBtMgWciY/Rv69Li67XZYh6vBwF0chh7b4RquCjc/ZRg7ykCHTF7N7BP4OsnghJ08nloo4U99RbwxUMZbAtlbNwu8258EHE4HDu7C29wUICcJ76Ld8ZpA/7ulBl5ZKOOpqTzuWcljNtIQsWFK+OySH768m4svvm7D3fuDuHSzESk53pDR2AhNanzouUtC3VEUKqZC0CWYGztIwNBdAg47ZKDvuZVgsg06rtthEiAMVcdNkDXeDCl9wSA69nvOqYZwTNCFouV2+GSawD5GA8p29LjLFliFqELHW5r+zibYhCvj0o0V/PnHL8SQFizP1aC6Ih3aNhoQ1ZWDsB4BXU8B2/QV/i8wV/8AcNF1qAtbqkHYXAWyVtRg8jFDfoYz+o8GYbQkDENHAzGQ74dBgvog3TdYIgD7cHkMhqsSMdO8FzMtWZiha//JnnwCeAlWydrfx4XxClycqiXQV2GprwiTDZnoK45Ga54/WboH6nPcUb/fHQ0E9cq97ihJd8LRFCcUkmgeSXZCARvflejCB8k9f3IXL769ilunm/Ho1gy+W+vDF8SmR9QQbyrJRFqwKdLDLJAeQSCPNMWhGHP0FoRgsiaVW3tWRhA8A53wjy9Xhj4A/YtzrDhMH64R0K/MCyB+abYHl2Y6CerdBPQ+XJrvwbnpTj5d7RKZ+cX5fg705dkBLBLEl+dGONRZvHzxDH/88Qcfrcx+1lYXcZIgfors/CSbM0xmNU9An+luw1BzBaoK98PBzBQ7ArzQUFeJ9sZadNZXooMMvaWqCGX5e3EoOxEmgf4Qc7JBcroGmgtjUbBHD8dyDNF2JBk7qaVr6ylPHzI9aFgZIzjEA+Fh7shMCUTN4XiM1OTg8kQdPp1twBUC+mczNbh7sgm352vx3WobnlzqxLnOHFzqOYTvlhpxa/IYzrTswVzNLtTu8kDLnkBcOTmM337/DeJSwnTh2y4o48rtfBNf/pSl4RnAGahZal1UTFCzncGbpZPFxLZAQmorXVDY6PfNfOAbg5eQMIM93RZh1r+BV5hTVRSHp4sl+lvK8NW1VXz52WXcus6qv13iI9jPLJ/iwdLnbJDb+ypvbMtus8cY0Fm/ObNzBnS2L6jlPs8LyLDjGdRZmp4VYmFgn1+YxdwJgtrUOAc6G+k+QNE/0MVT7u2dBHQy3g52e3CQT8n64dlzgSH++D3e/vU7njx9Ro+PcKgLDH2Cg5xViKtp7kJ1UydKajsRHJNEF1DZ9b5zQdZi63ZBkZ6S44K0e09nB+qqKtBQW0UQr0dDTRXyDuTA39cLMWEBOLgnAS3V+WhvKEZ3KwG/r5On20cJ5kNDA3z+/Oj4GL2eSYxNT2J4fJJsfAojrO+fADtGtt7TO4jBoTEM0G2WbRgmqI9Mz/Ga6mOsv/3E0nqqfEkQ64VhWHGdPr5YzTSG2Uj/yTkO9B4CNav0Jqj8dpLDm00/a+8f5n3kLPh5GZwgmFPDZ0Bg5XVtvajvogYPAb26pRtVdK4qmztR2tCG1ctrgilV5y4ip+AYMvYfRNLuLMTt2oOI5HQERMYjJy+fH/P69Z/4nkz9228v4/79S3j44BoeEdgfk7U/ffE5vr5/HbVN1QjYEQZDc2to6xlBVV0LMkpKEJWSgaysDKyMNAmUrmjfFYSR7DDUx7gg39sEJQGWaEnwRndqINrivFAVaIuKIBs0xPpg6MBOjB7JRH/eLsxV5GO6rABTpYfRf2gPatNicSDYC2U741GWmowkNweEWxojnEHc2IADPYYikuAdQRFiboyd7o4EbnuE25iSnVvytHyapwMS2EJMtE2nRsJufxcciQ1CdUY82nIz0E3XipqMBJQkR2NvZDg0VOmCLyLFoc6m5W34eDM2bdwGYSFxnoJnferyCmoc6CpqBlDRoHOhbQJVLRPaNyZTt8TVazfw6IfvYRwoDwM/CchbfwJ9P1nouIjzAWvmAfJ0WxoWIeqwZoPhPAl6MVqwDWelXiVgsUMFhv7C0HTdiqTD9jDxZ/3pMny5VVX7T8hmt8HYUxpO4eqw9JWFnoMQEvfawjdEG2YukhTiOOIqhXuGsvhdVx5vCOZvDVTwzlwLCPbAu8wEID0OoNeMxEggIRLv2HZ3BFAUiT99LfHKRBk/mSjgBxN5fG0hh2IrSeTn2+OLr5rxxf0+fPVgDGt3qdE+dRDGLjLQdhCHgtkmKNtsgYrlFhjR/2EVqAoTsvHgNG16DWLQdZOGvocsTLzloWi3GdulP8Immf8JOaPtMPAQg2mkAmxilaHhKkINl/8g6/8Iohr/E+p2W+Ecqwd9f2kYeMpCwfwT+CXa88/u3dvnERRmDzE9GYjqUSOTYC7EgK4vMPMPwYBusp5mN1MTBAFd2EIVQhZq2GrBoK5K/78GPPzMcWyPB/qLgjB5PAwTBPCxoh0YYTA/Esj70ydrEvlo9cHSaAyWJ2CiLh1Tjbt5vfeFjoNYHSrG6shxgnk5Lk1W4cpMLS5N1eBU31FiSwb6jyei82gEWg4Ho/1IODqPRaC7JBrNBeEozfJAfoItX2o1j+w6N8EB+2JssYeiuSKLr5v+kr6f316fxk/fXcGrxzeJi3ko2RuExCALJIXQ5z7cGkm+ekhwlEd1ij0udWfjq5P1uHe2AzdPNOMfrK/88xW2uMoQbp0dwA1m6KcI3idYXff3td17eH13Vhb25GA9Vqe6cXGuD+dnKeYEQD87PSRIp88M8Vg7v8jfmJycHFiamfB1uNnPi6dPMD/QgbkBAnlfK+b6WzHd04z9qfGIDQ6Au4M9kmJCUV95HK01ZWisKEJj2RG0lB5B3dFsFO6Lg/cOX2ywsSFwS6O9KAH52VoYbolFQ1Eq7Hz0IWRlgc0WtjD18URibCByMyJRnZ/C13ofr9uPE2Tot0934LtLg3h4dRgPLw/imzNtuDFZgVvT1Xiw3IbzHYdwsm43rg0VYqVtH10kglCa5IokV0NB//nZM9zKGbg3bfmYr3++kaXWaV+UIM7gLU7wVlZVpAsFGYCMmCAVv30jryq3lS+vunG9cpygD53BnI1oZ5XmpKU2Q05mGzW0Q/kytPfXlvDw9lV89dkV3CSgr11jQF/hwBaY9ike/wn0OcG8cjJx1n/OIM4sXTAPfeVDiVcWPO2+uMBT74tLi3wxk5m5aUzPTnGgs/nnY5ODBD224hrBe2QYHV2t6B3oQe/gEBZXVtYB8hcun63DjZ4EPDg/sF5//PYHeDGwM6DXknWW17Wioq4NR4pq4ermBFl5YZ612L5dcE6EhD+CitwmCIt/zJ/nwrlV1NeU49jRw0jZmQgLC2uoa2jCnBqAHi4OiA/3RfmR3WitLkB3Wx2G+jsxONhH0S8AOv3PDOhjE+ME7GGC+CgFG+w3Ro2UET4+oLW9HV09fejsGUBX/xAGxyYJ2DMYYvXVx1nZ2zmybjaffIEDmll5/4igGExbTz96BkfQRcDupOdjr7e5u19Q635yhpdx7Rwc46PVWYGYjgGWtRjhBXhYBqO9f5wPhmPp9bp2svG2Hg71qtZulDW2U6NhnixbMKL93XoGpJaMPTkrFzFpmQhLTOMw9w2JhrNXENL37uPHvH37Gg+f3MaDhwTzxzc41L//7iqe/nCT4E5gf/45QeoLauydxZ6sTBgZG0FdUx1KKnQB1lBDTpQP+rLC0LvLHzOHYzB2IApVEWQXBPXDnoYoDbJGZ6IfhjJCcGOWvvtF6ZjIi8diaRbZejjqkwJRHOGN6rgQ9O/bhZFDe9GSmYw8+g7nhQch1csVEQTwCDLwaGsLpLm5IMGeLlpk6yEmBtjF6rx7u5GFOyGKjguzNkMcNeZjHMyR6GaNdF9H7AlyRxZFIf2N8tRotB3IQMdBajxk7sSByBDE+XpDhxoq0lLyHOAbN27l1fDeA52l3pWV1flIdxMTK5iZ2sPMzBHGpo7QMbCGhp4l1AnoMcmC/vTTF2ah5ryRF4zR85KDCoFJ3vBj6BHY1B0JWoafQMNJmKx1G/RcxWEbosj7niXV/wkFy/9FRrqVT9my2CEHy3B56HkLw9BFFJ5JJtB13wJjd1mY0bXNxEMSlt4yUNL+CC70+KC1DF6Rqf6pq4DXugRzfTJzYw0gwBVIjcW7hAi8pdf7LjwYCA3Cu9BAvKV4ExWAd9lBeJvlj1emGgR0FTwxkse3RgoYMZXG/hwXfHmvC3e/68fNr9tx65s2XLhZg9Q8ZygRxFXotag7bYO2owS07ej1BGvC2FEcFo4K0PESh5LDZujYi8HMeTu9bhGoWohB2ngDSZUY1CxF6Dm2Qsl+M8S1/wVFa7oGqv4Pei5hOifi0HEThlW8OkyoASNtRI+bb8HFa2fx5s0b2AQ6Q0RfnkKR7JysXF+QamdW/t7QmZ3/H0Bft3MhAruQJVm7lQY1vtThH2KFwr2+6COQj1NMHA/BbEUUpsojMVedgGGC/FBZOKYbdpKp78TA8Rgy7ghM0P5oVQLGyYbP9B7CyuAxXJqowBVixdpsHZYHS8jkD2CgIhUdxwje+RFoPBSKtoJo9JenYbBqN3rLUtCQH4qyLG/k73TG/jg77Ao1RVqYOQHdBtnxjji/0M3T639RXD4zgvxd3shNdEJxdgiC3fQQ6KoPP3s1+JnLYKebCkrizbDYmIovTlTi8cUuPLzYh3/cON1NAO/C2skOCoI3Penl+U4CeTuvy35xlmKui/eXLwzUYWm0Feene3ghmbMUS1N9WJ4hoK8PeFucHuTBp9JcuSxYy1pIiMxUhhca+fOvv/ljFxfnMNXbwmE+UF8KF/qydre3IoI+jIezM1Bfko/qowdRd/wQmsoOo+5IDsryMpCXGUEXb2dIOthB21YOJfv8UZirTw2EAqSkRULOzhEaXoGQsbZFbDy1ig6moq08B0PV+zDVkIe5lnycH6nCV6s9ePnFAn7/dgV/freCH2/P4sGFAdxiJQS78/l2mt6IgYJYDB6LRUtuMHLCLBFsr8P//6KSo4IUOwGcwZunzMnUhUTY0qhk2kKsVvt26OrrENDloaAoS8ds4gYqLSO6noYXgJ/dx9LxW7cSzLZthqTkZrKGTVCS3YbDKf64ONWEx7dW8PDOVXx5aw3XP73E55Mz834P9Pd94Dx1fmqWQ5pZOzNx1n/OYM4MnQGd3WYgZ9PT5uan+O/MzU9jliB+avE0FgjoUzMTfHT75OQE70cfHiPojY9jjKA2OXsCgyMjZLNDePbshWAk8MO7qDjuibQkUdQWmGG+NgzP730qqMt+6iw3UQYrBvPqpi5U1LejrLYdmTmH4OpsBkXZLZAgeIuK/BObN39E54Ja8aIbISy2mf7fc3jy5Al2hATxwVoSEtKQlJKlfXVosXrjpsaICnRFcU4ifW4OoKejHr097ejv70VfXw+H+gDF8OgY7yYYZiAfHEUfwbdvcBi9fUME8l40t7bwVePaurrRTmDvpsf7CfSsBns3wZoVfWHTy/pGp3gwUHfS7zOIN7V3obW7l4Od1bJnoO4enuBGzn6Hgfx9cZh6OpZFCx3LorlrkEOdFd5hUdvB+su7OMwryM4fPH6y3mB6i19+fY3fBF8hfPn1PYQn7UJwbDICohLgHRoNF+8g2Dh7wMrJFamZe/HpjZt49+4tnr34Bt89uoYH60BnwWydgf3p01t48fwL/PjTN7h58wLqGypgSsZsaayF0nhPdKQRsDMDMJ0Xg8nDiejPCkdNlAuO+VuhNMQOc4cScX+280NXy4+3LuDR4gju9pTiXHUOOtN2oDzMHVXR/ujL3oWurFSUJ4Rjj58Hdnl7IsbeFgku9kh2JRN3dkQ8A7qDNaJtzJDl543sAB8O9XhHW+ywMCHY2yPR2RZpXo7IDfGmhoEfCqLpb6TEoCErGV2Hsmi7E7VZu5CfGIdgV3fIEbTFRKXpOyhB3zdxajxKQUxMmkKK96ezkJZRhKqKDnS0jWFq6gAra3cYEdh1Teyha2YPHQJ93E5B/YnW4XJYBqvCKlQHqrZkrgGSMHSXhpG7BKz9FRCQSmYepgBjN0k4R6pAh4CubrMJBj4SZPcyfG67e6I23JONYB+jCEMCW15VKpoGy6DnKAYdx+3UQBCFvZ8qbPU+xmVjWfyio4C/CORv9JTIzpXxWl8V75zMQBdEIDoE2BEA+PvhnZ8P3vj64K2/L14H++HvcIJ6rC/+DrbDL66meGaqjofGSvjcQBaxaqLYkx2B63fb8eX3PXj4uAjffnsIk6f3IDPfjhonBGYbYYhp/IsMfRvM/CXh6aUIZxcFmDrLwcRTEX7pxlA2+TdM6f/Wt5eClb88pPU3QI3gr2IjCg2zDZC12EyQZ9PdNkLe4hMOfEX9zQjfbcpT7Q5JBpAz3goVet1KFpsEGd2b18nKCeZsJLvB/2bm/81AOFFu5/+lD53tW2pAlELaQh0OPgYoORhAxhyK4ZIQTJSGYKYqGtMVkVioTyKIJ6C/hIy9IgbT9amYqEmmfVYkJgSj5XEYKY/BieY9WOo+SBAvwvmxMlyeqiRjZyuwHSBoJ6G1MAotR6JoG4vmw1FoPxqPvvJUdB9PRt3BEBzPpM8rmXnqDmPE+uogJcQEOQT3gwnOZOzOGGw7hvJDCdgdZoG90dbYS7Avyg5GkKsB9FVFYakpjBBrefquKKM4xggLtXH4aqECD8934/GVQfzjKpk46y+/PNdK8G7jRn5hppOg/Z9AXxppwunhBoJ5C4G8hwDfz818eZZiZhhnZgR2zvrN2WC4n54/5al2BztLyEuLQ05KEvKyMrC0d0dsah5u3f6Cv2HPf3iE8fZqlOamY39mBsb6e5C7ZydK8/ehMi8LFQTxEmppF+3fheN0zLF9ichLD0ZqlDvMnUyhTK3LA6nOyEjVRXpeJixDwxGVkY2sfVnI2p2CI/voBJfsQ09lDrqL6UJybBfOD9fgq+VePLg8jJefzxPMV/H6yWX8+u1Z/HBjEndONOJsax614OjNLE5GXz6DeSjq9wfSxcERk72N/H9383Th4GYgfz/CnQ+OExVMW2OwZgPatmzfws2b9Z2zY+XlZaCppQUnJzcoKirAysqKGzyz9S1bNnGoS0hs4X3nMX5mGC5NxoOr43j51SV8f+cK7ty4xEe5v18xja9Zvp5iZ1sG6RML07xgjMDQ/3MBFtbfzlZbO39+eX0t9Nl1qE/y+eYs5k9MY+7EDEZGB/ggMjaYjO0PsyVTxyfQz1ZZm5ohKxf0lb998xrnTrRhf5oR4iJlsSN4K6IihJGRSC3IbGf8+vNPePzDM94HzPqE61p7Ocwr6ztRWtuFHWFRMCDjUJDdDD1lOj+yZOcin0Bc9N/rWYwNOF4qWDTD0sqOLsQSdC4l6eKrQECnC4GlIdKivFG0Nwr1RbvRXHuMGoaN6O5oJqh3ore3m/f99w8wqBNce3sJ4H3oIGh39vagvbMDnV207ejkQG8h620j2DZTdJJJM1NnNdhZtK1DWZA2H1qfN876vFlp2y7UtbC69R1oYdBu7SJLn+DHscIwDR3dvKY9mzte3dzK69mz26xyHqtrz0DOxxWs2zmD+cU1QVbr7bt3+PWXN3j86Hcy7V/wyx/A328E8Dx4tASuAaHwCI6Aq18IbAnmFnZOMKOGramtI/Qs7XH56jVBduzlt7xP/cmTz7ipP350XZCCp3hC+z/Q/S+e3caPL+7iy7sX0VC2H8eiPVDgb4niHdaojXNDc4ovunbvIFtPwuniDCwW78ZZ2v725FtB9uDduw9g//P5Izy/MEdgL8OZwgx07dyBhvhQtOyKR1lsCA6E+JFd+yGJrHynpyuS3Z3Jvm0RbWvGYR7naIUUMvPdPm7I8vfCbi8PRNlYIN2NLn6BvsgJ9MJhglVemD+KqYFQvTsRbTm70H0wE3W7k1CWloSM4B0w1dInA9eAsoomVNW06funDzU1HSixPnNlbWoU6kOd36ZjlLXI1I2hp2cOE3NH6Js5QM/cAboEc20TO+gY29H5/JQbpGu4Odm1FK9tbhUoA7cgTQKzFAe4T7I2PGPIZF0lYOwlTZZK1k4Wq2TD0tDSMPSUhEWYPMx2yMIhRoEe24jGvtIP5+7ypyuITvVEoqsU7hJ4fyWYMzN/o6eMNwbqeG2kgTdmukCQF8CMPJgs3Ncbbz298NrdHX/7eOIvagz9GeCLP0PpsYxgvCPYvAq0xmOy9M+NVZGuLAQNJRmMzM9j7U4n7t49hjs392D6dDQS8qxht0MZMkZboGUnCttwdZh7SPKVz2w9ZKHjQIbuI0sNFHnYRClB002IjJxkROUjqFkLQdJoI0z8lXkGw5DN00/UgZTxJ9DxkYIuvX6LHWqw8VeFb6oRVM23wWuvJazjNHmWQ9dLFoGxgrnpOccLBEVj/i8wf78v+j7V/v8CuirELDQgTiFnrQmfMFsU7vNG59Fguq6GYbwslKSNlQ8PJ7BHYa4+GYPFoRg8zuqyxxLM48nMWdGYGPQXh2GwNByjlTGYaUzHbEs2ZtpysEQiOdOajcmmPegpi0dXSSxBPJpMPR5tBPWekp3oLU3hMC9K90BOlDV27TBBlJs6Yry0ONj3RtvgQIITcuMckRVpjYwQU+yJsMS+OFseOUnOsNCVgorURrgYSSPSXhm7PNRQmWKL5ZZ0Anodvj3bTkLai39cnGUgb8UlgvkFvvY5QXyaLaXajuWxFiwNN2Ghvx5nJzqwTHFmvJvPHz8z0YNl1mc+PcRHtp+e6ucwv3ruNH8jqirKoKFKF11FGSgrSNNWjkIRunom0DM0R052Nl69eiXoD5ybQlnBYTLxQr4QS1dNEdorjqGhvBAVhbnIz9yJ7MRwZMb4ITPKC0kBDnB0NIGWiRIO7HZE9P4ISO1IgJRXMMzog5yeFoXSw+loLt2PtpI9aD6yEy0FO9FekIqlnhLe13CPDP3FzRn8RXb+9tlVvHu+htcPV/H08gA+Gz2OgcOhqElxRmWyC+qzA9BEhl6xxw9nZwbw+++/8bQ66z9nds37xem2rJwEH8XO7JulzrcJbYGBsalgrXRxlqUQ5VWopGTECUgSZJnCsLWxpOfYSiAn+G/ZyCvKiYqw6W70IbdRxVJHHl59tYxX96/huztr+OzaeVy6eFYwsG2ZzR9f4ka+sCCAs2BAm8C62Xx0ZugsGNSZoQuAfvZDQ4AZOmsAvF+MZXxiiLbjfMtWWRufHOWparbCGjP0PrLyp+t95T88/Ap1BcHYm6iLOGplR4QqISRYClF0kYrdIY+EEEW01AjSlJfWbqyvrsYWaulCZV0nDhXXwsrGGvKSmyEjsRHqClvImNhqdB9DXUmI74uIbqDztkGwCtbxMjqvonS/BIz0NBFJn4N8ulBV5sWjuSQTnQ2F6GyuQmdLHdrb6tHR2cqBzmJgaAC91GDs7GonmHdykLO12xubmzjI2bahqZG2zXzb3NaKVgJzW3cfh3kTAZkH3ccg3drL7LqPR20LWzmuFTWNLahpaeNQr25qQ1vfCO138br1LMrrG1HZ2Iyqpha+SA0rDsOO4+ekqYs3dlgGY3R64cOF/fc/3uLx07/wzf2XePzkLzx68gd++uUtfv3zHYEe+OzWHdi5eMDBzQe2Ll4ws3WCkZUtTKydCEK2UKPvmoK2ES5cviIYoPrqIVnYdTx+fIPDnIH9fd/6UwI6M/YXZOwvX3yBXyiefXMJjYeS0Lw7DGNkDkvlWVgsycD5qn240VKA5aJ0zB/PXU/vv8V/9/PLw/u40V2DpfxdGNgTi9IwX1TEhaAiORK7maXTdzbO2QHxLg6IcbBBogNB3docQaYG8DXSQpi1MYGNrMbdle63RKqTIw4SqMqTognmASiMDUVFWgxf9a1pbwpac9LQksNKy2Yi2S8YanIqUJBX5yA3MbUi+7aBmZktzMjCjQxtYKBvBROycH09M2jTudKi0DOygIGJDYwt6Tya2UHX3B5axjbQNLKGiq4ZfZfW8PTHJwjb4wC7cBWY+0pC00qI9yPbBivBPFIcMvofkW1ugaadCNQI2GwkvLazBOxCteGVYgSbCCWYBkrALVmdoClYk/2n3x/j5cufgDd/CRpFa5fwBxn4n2TmfzOYm2jhtb053oWTiVND5t0OfzJxsnEfBnIP/OXqgT8p/vD2wq8Uv/j44Bcy9zf7QvGuNA6vgm3xjbk28jTloKsijfLaetx79gynzjajrskH6QVu2F/pgKA0fVgEq8PCny0Tqwz/LH3YR6rD1lcOak5CULUSg1ucDizCFWEdrgR9HzFeBU/ZahuUbFlxnE9gRaB3itWFZ4IJdFnpWuvtUCcDV7DZBEWCuGeiEe96YEVrtMjmpfQ28Ol+MvSYopUwzq+dxcufX9F95h8A/h7i/xXs7+38fQivp9uFWbqd7FzMnIBuqQkrd33sTXFBU54vRo6HYJxAPlkRgelqsnQy9Rmy3fHKaAyWRJGRxxPYybAL/DFwfL1oDNuWsxQ8yV7VTozWpmKyMQPTZO1TTZkYqkpGV3EMsSYcrUdiCOgx6CBDbymIwtE0Z4K0MXYFGyPZ3wDhrqqI8yFDDzJERoQ59sXaITfWHjkE9z2hZsiOsiKY262HI2z05CAnvhEGZOl+FvI4FGmBpoP+WGhIx+3pcnyz1IwvF5sZ0Nla6C3cxi/NsWVT2wnsBO/xFpwcqMepoWYsEcjPTvbg1Eg75gfbMD/UjlOjnViZHcQqmTlLuS9OENDH+wQDGj6/A10NVehr0QdVTYmDXV1ZHhoqClBVlIeCnBRkCW4Gero4s7T4oW/9yukJXJ5owfJoE8bbKtBRV4T6sgIcpi/pbmrZR/s4wM/aBG7UMjXXUqRWtQx2p7vDdlcqNgTGYru5NSzMzBEd6IajWUloOLYH5fvisDfEERUZETjTV40r0824udCOb85248nlEfxycxp/fXkSf319Aq+/maP9Kfz99QyeXe6m1k8WOveHobcwHsPlaeg+Lpi+wqaEMYgzI2cpdgZ3NgBORlZ8fX65IJ0uJy9HFwctbt8M/ApKirB38IKCohI9LkwWoAkZaREIC2/jo7rfT3MTEmKD4URQmOKBB2vj+P3Rp3jx7RXcv3MJn15ZxXky8/MX2BxzVo99kQOZjUpncGYwZsHWNGdAZ1uWemdAZ+n2tWsX+UprrL98dm5yHeizfMsMfXJqhH5/jMfUNLN2Vst9HAPjkzi9JGisvaML9+xkPdLjtZEYqojYCGUE+1PLkQCeEKKGtB3ayAzXw076QocFiOHiuSnBWtOzpwjmBK+GbpRWtiEwLBqyCpIQI4BLS2yAFAVbkU5C5N9QlyfIi28gY98KRbL3SxdX8dVXX9HnSRHBnuY4mBaA6sMJaDuegd6aHPTWH0J7/TF0NJahlaKtuQYdrQ1oa2si+25BZ2c77TMDb0JLWzNaab++vha1dXWob2xAfUMjGhqbUFtfh7r6Brq4tfA0ekNrB+qZeZNR1za1fgA2i8ZOBnjWhdDCp4yV19TT62vh5s2gzdLqNS2C1eZYlNY24DgdU9koADq7XVbXyIONKRibOYmHj9bT62TgT1/8jYcE8SfP/qb9N7j3HZuO9jte/Az8/Ps7/LGeemdTBi3Jylm8t3MGdH0LghBBSVpVD1vE5PgKfOzn19+e0d+5/iHlzoD+5PENbuxsy+LF09t49fxzQdD+o8+XMFm5HzNH0zB9KBGTuXGYPUgNqWg3PLxz4/8T6O9/XnzzBa501GIgMxH1BHOWdt/paovdZN+7fMlG3Vg/uRUSCe5slHuAiT7cddXhZ6qPCDu639URsQT7FBcnHAj0R1FMBEqTYlGWGovqjAS07E9Hd342OvP2YODoQTTtz8ae6ARYELTl5VhVOAOCuB2srNxgY+MOB0df2Np7wcbWE+bmzrCydIWRsS30Cdw6BpbQN7GFIdm5AYGfmbm+uROMbVzJ2B0RGSe4Fly5scoHt5n6SsF7pwbMAuRgRUZuGykDIzdRWPmq8cpuep5iEFf/J2zZdDT6jtiHycCFjFTDcSvMAqXQtG7nz745g6c3z+Lp98t4+ewR3v75y4fz97atAe/2xZNp7wbo+oaoEJ5Wf+Plib/XYf67sxteurjhBe0/pfue+vriBTV+nnnZ4LfdfniS7otsI3WoKckjI/sowfwl7j97gsa+4win/yc+3ZxMXJYaKVowsibIyv9PaFltgj012MV1/gUdMnFN2+1Qtt0GN3q97vGa8Ew24uC2jlSFBjVelCw282VT2cpxZmTbWo6iMPKWo/vEIKm7Ecr2wrAMVoZnig7UnLdBxoS+88r/goa1CFQchKDvSoD3FEfqsRDBdYOE5T28/3eYvy8gI5iiJuhD305A374OdCErdYhaqEPCXB0atlrYscMCFfs8MXAsCJME56mKSMzWxGKmJg7TtGUxRlAfq0zAKBl6P5uzzqBeFEL2vgNjVXGYqNuF0ZoUjNWlYap5N2Zb99L+LgxXJxEjYlB/MIAiCA15oSjJ8EJegj32x9oincx8N+szj7JBcpAR4v31kBRshLRwM2TRfbl0zL5IS+RGW+MAA3w8AZ5ib7wj7On1cUnc8k+CuywOxjmhtSASI7XpONtXgCtjZbhI8Y/z021YnWzmfeYCuLdhhaC6ONJEht5GRt5OsO4gqPfixFAHTo50YYFgvjjRxW11hY1onxrkpv7y+VOeigry8yGYa/BgYNfVVKNQh7a6KoFdAcry0nSRZml4SchJSSBrdwZevBBY34/3P8MPVydwbqgKfbWHUFe8H0dy07A7ORzetuaw0taEhY4aDNUVIEVADfAzhU5kDDY4+UNRRw8+jnZIDPZEQWYSGksOoHBnGGJs9dF0KA1fX5jCkxuneO3659cnKUbwx+eTeHd/Ae8enMK7xyxo/xEZ0qPTePfkLP5+chEv7y3jx7sncON0m6D/vLhQAHOCL+srF5MQ4tPUWIiL01ZSivefS8vIYMt6wRg2B93OyR32ToFkCWaQIGPX0tTkZWHFxbbSdguvGreNL+KyDcFOevhyuRt/PVnDb2zw0jdr+Oqzy1hjc89XltaBfoYPhGN2zVPlHMoMxKME6wm6f4bbO68ctw501vfOjJ0dL0jPz/JFWBYW2LzsEQ706ZlRTE2NYmZuFlMzdP8UNXBe/Mhf+9Mn93G8IBCJ0SqIj1RGfDTBPEACvi5iiPCSx85ADWSE6iAtQp2sXQYxYVL03uni1atnePT4B9Q0dJKddyErtxhaujqQkBLi53DzNlbu9p/0edgAJcmPaEvnQfzfUJLdBAmJj1FTdYz//cbSHDQeS0FnZRYfAdpTsxfdVXvRWb0fXY1FaKktQlNdCVoaKtBYV4bmxmq0NNehlUDe2FSPxsZ6AjdFQx1qaqpQU1fDgV5HtsyiuqYBVdUEZlZatUlg3QzmlQTdKrqPreleUlHN4c3T5wRubui0La2qpcZKM4d3RUMTB3cVPQfbP15TxwFeVFnDoc6imI4vqarHsYoafPv9A/763pB2v/z5b7Lwd3j+0zsO8h9fvcOr3+gj+exPPCBbf0z3vfqdwPyHAPzsx8reCdYOLrB2dIGFvRtMbJyhY24HRW0TiCmqY7OYLDZsl8Tq+Yvr5v8TnhCoWfr9/r1LH9LuzNKfk6GzYOn3n57fwY8c7Lfx7PureHB9Hicq9mEwKxINUW4YPLzr/wfm7/6Pe57d+wojJfkojgrkI96zg32RSdBJdndHtKM9ou3tEElgD2WWbmmKEBtLut8OMU4U9tbI9PXCvkA/HCOglyRGoyo9Ac1k5C0H9mCo7AgGSvLIvI6i+0gudtG1wcM9GLoGdtDTt4GllSus7b3pu+gLJ7dA2BPU7ei2GQM6gd6CQG9k6QIza3eCtwtMbdxgYOEMfTM6n2b20LOifQsnaBvZIDwiVpCN7DwKAzJXxzhdOMRo8tHgjlEKsPaXRWimOYx8JKHtIgJ9720w8ROFHlmoPX0/rMOlYegrDjM/SUEj7tVjPL9zBs+/nMOv96bw8u4pfPvtMl49uIE//375nyfw7Am8S4rCGzLvv8nC/3JzJ5C741eKh/QZOGdljSZDIxRo66JITw+z1sa4Y2+AS85GCDNUho6qHAqKi/Hgp18pfsa9p49R3VMKmzAVaNmLQNNBBO5RmrAm49axF0VQtjFf+lXPQ5JekxxCI41hGarKV48zYCn1YAnoOIrBPk4Z2k4icGDdD3F6vKqdjrkYAtINYBzIzH47TH1YiVsxqNhshQ1dOwzYYjRk9Jo2dE5CtKHutIGelwydHle02oKarmL+koN2xX4A+fs+8w9956bMzAncBG0hgvk2FmxAHMFc2EYDItbM0tUhTWHlRkacZI/2I36YKAvnfeizBPPZ2njM1Sdgti6BTD0BkzUJBPU4DJfFYKA4HH1Hg9FPDQxWq32qcQ9Z+V5Mt2ZhviMH8+05mGjYhf6KOHSVRKIm1wcV2e4oznBHTqwNsmOtkRNnjwNJzshJcCJAOyE72RlJBPjkYDPsokbGvmhb5MXZ4HCiHQ7F2yKfGgH5SY7ITbBDVrwDvJ10sVl4I/5F10gRkkgrI0WEeRhh/05/FGbtwKE0X+RmBOMf56bYILdWsnIB2FcnW7E43MDtnA2AWxrv4PBm083YyPR5ihPDHbwq3PJ0P5YnB3ihmE9XBabd3NQAPU1VGGirw0BLk5eP1CGoG+hoQp9grEOPaZJlqSkLUvGKcpKQlRInW9fC1OS44IP9y1Pcv0im2JKP6oJM5O9NQmp0ILzsrGFvYgQHKxNYmmhRg0GJjE0aau4++MTWHcrGFnBhZSQDvXEsJwPtVYfpRPkizsUCs+1luDLXiSc3T2F1oAwPLwzgz2+X8PrRKt7+sAT8RPHyFGnESeDhNEF9nm5f4Gui4487ePcTfameCPo03T2ceb85s27BvHLBXHQOdLpfRFQMW7dv4cHLwG4V1Gk3NreBiYUNr1WuSC1kEzMjSEltgozEVp5qF5SO3UznRRhT9Vn4++E5/P3DDfx0/zruf76GOzeu4jKrCre6hHPnl3jJVjb4jcGZxfuU+dBwL0bHBnjfODN0BvUVen8urZeKPbN8kkC+nmpfmOdrhS+cnCeYD2GCGmeT04OCPvXZGfo7Fz9cR86caMOBVCNkxGlwoMdRJDKg+4nDj4Ae7SFPLU5FJIXLIS5MAjtj5JAULUkmL4v+dsGF/9LVTwlm7fAPi4KckhQfK8D7yrd/RI2f/6Dtf/AR7tuE/gUh0Y+oofMJhEUphP8tKDKzdoZAfgij7UfQ35BLdk4wr9yLrppctNcWoKWmAPVVhaitLERddRHqq0tpexy1teWooairq+Ygr6goQ3l5KcG7kiBeg4qqKlTVVKOCgFtOgC2rrOUAZ4Aur65DcXk1B/Zxevxw4VEUllYQzFs52FmwY9ljHOrNrRzWDN48tU6NgP9a1e1o+f9D3VuGV5Vs67/78z27u6GBhsZCiLuHuDtxd6KQIHEnCsHdHYJ7kIQI8YQE14S4ISEuBA0Nee+oWoHuc862/733y13PM56as9acS+es33irRo3ajY2792ITOQ/V9x5MjD0DA4Pv0dYxiFdd79HdT0r8Letu/4xX3e9o/xMGR/4gqJNqH/iM0c8Cld4/8JGf+/RZLSxJlVk6kOK0dYauiTXkNAjm0sqYKSqD6ULimD5bBFN/F4K1nSBP/tgXNrWwCT29z8nq0EvWTxBnNkQgZ1BnQGeQZ4p9dLAJQ7Td3V6NJ9RerPW2REfto38K9C9f/iAH/5+r9peN9Ti5fhUyA/2Q4rcIsZ6eCLaxQdBCKwRbWyPQ0grL7G24eg+zt8VSG0sss7XCSgJZmp8PdkYuxcGEcOyNDcOe+AgcSI7DpW3rkLd/Ky5tyUBWRjz83dyhqW0OHSMHqGmaw9LGG3bOAbBzCaTfwQtWNh4ws3KBoZEtzJhaX+gKQ1LsJgR6IwK9qY0n9Pka8gsJ6FZQ0jODqp4FVDQN6R5Wwp07d/l3dwk1h4GfNPTtxKHhLAyrEBUYkgo1cpOGOaldXQ9xqFrPJvCL0rYENEmxq5A6VyeFeubCHv57jL6sxkhjEdpfV2OwqxKfOq+gr/EmujsK8bapAq/bn+Pj8PCfrtLz5xhLTsF7cuIGCOQVhkYIkRCH3jwhKM2fD3lhYcgKCUFZaC4Wy0vBSVkKRrqaOHHlBl6NkHM4/BEvB4fR0vUCGw6shrEXQTxYEYZesqS25WDuL8mT4NgtV4acye/kjEiTAzIPVqGK0KNjWApaA28JaLvPg76zKH1nBYSGmfDYAR2v+VA1nwN57RlUr0xOwgxImkyBFjkFhm4S8InX4xnmzBZLQtd7niDfvZcIFGymQ0pvFuSM5kLJcDYsfWXR2d2M191vIG664M/I9u8Z4b6bvkCdz2FKVl+eFDpB3oRgzhQ6lQz2wgR9BbMFsHXWxsFMd3L6gjnMiw6uIAtDIZU3D4WTSl9OYA/D9X3LCeiL6ZoKJicxAGdJrWfvDEHuQVLlWSm4eTIdhSfT+LroV0itX9i1lAN9Pyn09VHWyCAgr46wxYYEV2xJ9sJmsuRwe0SHWCI2xArh/ibUZi5AuKsu0kmhb6ZztsXYktlx2xCxEJkrzJG6zBTuDtqYKTQNU2b9iknUZv4yazLdz5MxT2IupFQkIKkkCikNefyNgZx1uVddO8LXgS25tB9lV4+gnNR5+dXjqCCYl18jmF88joJzWXyaWen106ggmFflkTK/dp4Dnd+gL19AX1cDmupK0NVSg7a6MjRUlWhfmUAuz+uZqSqx9YiloCArQWCX5FCXlaIPJC6M5UuXoLdH0O348mkV9q2OJogsxjI/VwS4O8PBwhi2lvpwtaWb01gPUpLzIKKgBEVLSyyNWoJzWWtRemMPHpfS5zydiQxfU1zeEoeW8gu4l3MIdYXHUF98GP0PL2G0IRcYuofx0VtkpfjWTyDvyiaVnkNSlMA+UgW8rQY+EMg/1GP8Uy8+fvzI55+L8DnmsznQBalbmbKeOzHnnGA/ZyaBaDYPcuNBcqTclVhqSXVNiErMg4ObB4FdFqJiv5Gin8UVPRtbZ68R6W+B0aZcfOt7hE89dehueYbmukd4+vg2wbwM5XxBlRJUVJRyKDNw5+Xn4MaNq7h6jc2lPoPL2ed417sg+C2PQ5wHxpFSLylhK6llczXPYM7OZXb+4gmcPX+UG4tyb2oWBC8O9r/Crk1+5FUuQEr4AkQtUUBkiCIiQxUQ4iOOAGqkvBzmYvkiGcSskEdSpDSpcknalsDKKFnyHpWwJk4JD+5eFUQIn75MDawxqfM5BG6WiGcy/Va/UjmJfsfJmD13Mv2uLD/+z/T7/Z13x8+gC7m65hY+vBvBhcOrcPZAGk7tScLxnQk4Tmr9yI6VOLYrDYd3pmPf9gzs2pKGHaTUdmxei51b12MHs+0bCOKbsG3bJmzatJav6LZ9+1ZsI7Bv27EdW7dv47ZlGyt3UR0Bfvd+bNy0DWs3bMZGAvKqNeuQvioDaZlrOcBZ3brN23i5ic7ZyqBPanzDDgbwHRzqW8g5WL9lBzI3bcWqjVuQScefOH8RL16/nkgCA67EW9qH0NjcS2p9FM1t/XjZNYqXb96h9nkHGho70D84hl5uf/DAuIGhP/Dq9TuMUOPMHqmr18DewweWTp48GE5UXhXTCOKTp88mz34mfpk6Az/9+hs3Kxv7ia59er2+FnQzoDNlPthITkIDBgnerOynOm4Efdb9PtJHzxHUh3ueof1p2T+FOQuOq6q6RddoJd9mx/w1YO6vj87GBpwgxZgaEIRwFxdEuLtjuaMzIl3dkejtSQreE7GuTohzd0GClxsyAv2xJWwZtoeHYEdECPbFhWFn7AoczUjElV2CHO4XNqZgX1IEPJ1coaRuCFVdC+iZMKibwsTSFc5ewbBz9IG1tTtMTO1517upmSPMCegmZAYWTjCm54yt3KBPYkGdjaOzSHcyNp4uq6oNcQlZiMyXwN279+j/64GN/wJSqMJQspoOUzdZOEeqkmJXJ4CLwSRYHqa+0lB3FIahryL0PQnwpHBTo0zxZfAlvn4axVB9FT60FeIDgXz4WRkGG2sw1F6Jd03l6G+9hp72Cgw1l2C4+TY+9vVh/Ksgv8eXZ89wI3QpdAjcSiJiMNU1JrAmIiQyBeqK6pAggSEmTPA0tcClgrvoHPyEV4MM5qTOe3tR39mEpG1h0HShz2QjDH0fBQKtGoFbDZaBalAkx0NGfyYWesrChuoMFrHEN6LQJ0feyEMWyqbkJPpIQ9NxNndoDMh5sSVn3nn5AihZzoYDKXTjQCnIms7AdLn/gqT2FJgtEoV1qCQ8kvR4pjkjf3HuNAip/B1GnvIw8ZSDbbAMojdbIadmO/+ee04d+W8w51nhmFLXozqC+BwDecxmMGcBcUaKmE8wFzZWhrCJCi/nGylDyoScK0s1HFjthRxS4DcPLEfJ4UiUHInkML95KBL5ByOQS1DnQOeLrRDQCernCNbZu5cj51AMQTwJBaTM846l4NqhOFzcE867209sDsb+1X7YGO+C9XEuBHFP7M4MwK7Vgdic5oekcEfEhNogItgSYX6mCHJUxzInVaT7G2F3nD0OpTrjULor9q10FqQ0J8ivCzNHhJ8Z5OTmYersqfh1zm+YJkTMESfeKEhASlMOqpa60HIyF4yh37p+BKWXDqA0+zDKrrAx8+ME9eMovcq62s+giOXJvsAWUTnBF1UpvnaKT1erICVXRMq9vbGW/+AhwUGkxFWhTWpbT4suZCq1SZlrMcDTtoaqIhaoKvBUkkoEcgHUxQnqYrxUkJUksItx6LMIZfZ41dGCkwd3ICFiCZaHBCI0wBuL3OxhqK0KkbmkiOfMgTIp/LvFhzA2eBPjI0UE4ZtEoetA7yW8bz+J9y3H8PXVeXx6eRmjnQTswUKM9+YSvC+SEr9ArSlZ/0VqIa/Sc1cI5AT2d6UY/1ADvL+N8ff3CebPqeX6QIq1GiJs2hkPhJs9oc5n8DF1Hsk+93dIy0kTjAjmM2dg9myBgheaLwwtPRPIyslBUl4BuqTUhebNoNf5nUfLC5O6l5GVhYWFKXKPppA6r8DX/icYeVmLjuePUP/4Dh7eLkEVgbmCzyFnmd3yuNLOL7zKu8lzci9zkLNMbqdOH+Pd7kyd86j3iXH0ygpS5+QAXL9+DseO7aXjz5K6z+HK/npONu++Z1nnBgb6BfECpaeRHq2DOPLSUyK1kbBCjS5IRUSTMo8KkcFSP3GEEtRDfMQQu0QKaVGK5IUS0MMlkBYjS+fKUSmP5EhZJMdr4e3bPtQ9b4CMggzmzZ/B4c1g/t0Y3GfNoe25k7jNIi+UJZlhGfjYVEH2yLu4F8e2xyFrWyyydsThyPZ4HCag79+agB3rYrA+PQKrk1eQRWLdqnisX5OM7VvWEuAJ4pvXYMvGNdi8MRMb12di8+b1BGxmG7FhwtZv2IB1G9ZjA8F367ZdWL1mLdkarF23kWC+CokrkxCXuBKr12/ilrF2A9LXrMdaAjYD+MadewjcBCiqW03luq07uDpPp2OzzpxD58uXE9HrdMm9/QN9w18xMPwNb3qokSVAt3cOc5XeO/AHuqmuob4TZeU1aOvsR8/AF/QNjeHdexCEP6O9dRAvOwbw9Y+vqG9sgnvgYlgQ0JV1TSAkpYSps+bh5ynT8fMvU/HTpKn4++Rp3P6Lti2s7X7kD2hpvYcnj2/+CJBjap3BnUW880C5ftommA+TUh/pp5Lqvnwe/V+R7d8f79+/x/Pn9Rgb+0Lb70j196Orq+tfjrF3NDbi0Np1iPfyRqIPmybqj/TAQGQELEKarzdS/X2Q6ueL9cuWUOMXha0RoTy6/TD9zwdYqtdVcQTyNJxbl4Rz65OQuWwxzC3soG1iC2UdM+gY2sHeyQ8qGkYwtHCAk3sgHJ0XwcLGhSDvCBNzMgK5kZUzAd0B+qyOLUVr5chBzgLiWGCcqr455JQW8HntoiKS8PT04Z//9r1yPv7LAuHMPKVg7CINPReWcEUUht4Ec1Lo+t5SMA1Q5rncfQNU8Kr8GD/37ZunBOureFt/GyP1NeirK8NYywWMtj0g1V6OYbIusqEXFfjYVIKhplsY7CzFyOgrjI/9Oc5eXHkXT3reonH0C56To3ex5hm0tIwgQkBPz9iMrpEvBPKPeNH/Dp29Q2jteo3HDY8Qs8kXCqTG5c3mkgoXh9ViRWi6siC3GXCIVoJfgi0MXBX5OLmk2XTo0TFGzsKwWKxAilsM5j4yBG1pmPpLI3yrCRxCleEYKgUDT1F6HWFYr1DlK8mZ+ClDTGcqzIKk4ByjAesAOdgtU4E2qX0pg5mQMvodcuazeOa9FWutYOYvjPjN1ujoes6Hc00XOQoywxHMv89Bn/0/YD6Lttm4OYO4qKkqN2HaFyGwS5ioQdNKHXsy/VBwMArFBPKiIxEoPhqFoqPRKDoWg4IjUbhxIJyAvgKXSHWf2xKM89sI7GRX9kXwQDgWBJd7NAHXDjKYR+H0lmU4vikExzYvxdFNy7B3bTB2rvLHrlUB2L06CFvSArA6wRtxyxwQu9QecWShvsYIdNZCgr8u1oYaY2+8DY5kuCAr0x1H0l1wON0d2wjqq0NMsSbUHPFhzhAS/R0zWTC2hBDmKohCVEMGCqYa0HdbCD33hfgbgzlT5qWXDqE4+wiBPIt3s5cQ0AsuZSH33FFcP3sYuRdInV8+iRK2AEs+i2o/h5tXz+BepSAi99KFCzAx0IeRni70tbWgr7UAOgtUqFTnSp1ts3KBMil1BnYqGdhVFKSgLCdBJk6Al+RR8QqyYpAm72ORlytevxI0fqWFuYgMJm99WSCiA93haqENG30lxAU5obbqMMb78oHXZ/Gt+TC+Neyn8hDGX5FT0HMR37pO4FsH1b88CLzJorqTGO8/g/HhC9zw8hDwfBPGazdivH4rxtvpuF4C+/tb5P4+IHsCjDXwz5F95To8vXxhYmYBGUkpyMlKYQ4BXUJiPl8LnXWt/y7E8rrPJmDP5UCfJywEGRk5LNDUgRCB39bZD5Y2HgSu30l5CiLcZZUUoKGlDS9XBzwrpM/fewdj3U8w0PIEbU9u40n1TVSXXSfFU8SnqzH1ff3aJT7mzcDN1DaDMsvmduTofg50NpbO1DszBnQGcwHQr+Pi2UM4ffIAqforHPqsi55ZW1uLIJZhoAsHdy6hC1AJKyNUsTJaHYl0U8aESiNqqRTCg6W5LQ8Upzo5Ar0CKXgppETLImKJBOJWSCI9Rg5JUZKIjxFHXKQEoiMkcejwYsE606SU5whNxSyWAldoGgf53HksWx6D+VRS7r/w/PYsrmDqbz9jxkwG9in83LpHlTiyLQYHt0Zhz4Zw8nxDkRjhjfAQN4T4OWEZXR9RSxchZkUA4qOWICM5CpnpiVibsZIAn4y1ZOtWpWB9ZhrWrsnAunWZWL9+LZVrkJmZyYGeuSYTqampHOyrMlcjOTWFLI2r8/jEBIRFRCA+OQ0ZBO2k1Awkpa3iGdrWErxZ+tU0qk+kuuSMNaTm1yN93SaUVVVPKNpx9PQMEzQ/YmDkK7oJ0gOkutva+tDa2ouu7k/oJJU+QKB/94H+C2qEGxpe4MGTZnS8HkVj+wB6SNH3dY2g80kD7pdVoaW2jr92+satMHXwgKK2KYSklTF9johAmRPAfyKQs/K//mKW1vY/oP7ofj6KC4/i3u1sNNWXoa25Ei86bhPkH2GAQM7G2UcY5Anu70Ze/Et1zmBeXFyKK1euobKyElu3bsPo6Og/Vel/fbQ11OMwgT3Vzw/rl4QgMzgASd5eVC7GutAl1PgFY90Sf6z0dka6nwt2RQdjb2wI9sSQRfvjWNJSHEsOR/LiANg5eMLUzpNUtjP0jW1p35uPnSuo6sLYwpFD3clrMRY6+8DU2hVGpNQNLZ2ga06iwcoJZnak0gnqWiZ2UNM1h7qeBZS1DCElo8gT0oiIikOEQd1DAPVdWeth6C4JCd1pXGXqkVpVtpxJsBSCOsGejTGbe5H6dJVB47lEfB16xTNpDtbdxEB7LoH8Ft43FWC0vgD9tD3SUIoPry5joOc+XjeV4t3zArxtLsXn/ht0TCGBvgbDXSX4SP/RH+8Gf/yGw3+Mo/ndGBpGPmFpXAZE583HhowNXJl39jGYD6O9qxfNne0ov10I13BjaLMkOcZzoG4vBX1ySEz9lCClR+rcYDZ07CUgojoF5u7z4bZYBSaBklAwFoaevwTswtXgQSo8aI0OPCLU4RClAjsPNRjZCcEjzhCW/qpYuEKJzpGHKTkKBn7k5PiIwMBLDJ4rdaBsPwfmi1UhpDYZC+znwyFCC3JGU7Es1RB6dqJYnGqA5Ukmgrnpz5/9UOk/YG44EQj3ffycLczCFboKRM3UIEJA59tUipuqQc1qAdISSaEfikbZqZUoO5GAUmYnE1CUFYcCAvuNg5GkxpcR0JfhLFsOlZT59f2RuEpAv7YvkoP98r5wPvc8a10IjqwJQtaGUJzcFoHTu2Nxcmckjm2JwL61oVif7IO0OHcSpS6IXeFAKt0Z4YGWcF2oDgsdOSzz0MGm8IXYGWPNF3g5vWERzpAdX+OFHbHWBHMTZC7RxfZkd5gY0XeWnIu5SnTdacmR86gGDTsj6LpYwtjHHn9j88tLLh4QKHOCOVvOtCQ7C0WXjyPn7BFcPUMwP3+MK/FiAjgDejGp9ptXT/Nc7YP9PTzpx0JzMw5yQ10dbvpamtBWU4W+5oIfMGfj6mqKsnyM/a+2QFkOqgR2RQ5zCR4VLyctAnkpETpeGscOH/xxodbV5OBh+UnUP7qETx8eYfwLKeghUtQvjuNr636gfi/wjMD8eC2+Pqaybge+tR4AOo8QqKls3U1SYB9J/8ME9hOk5M/Rc7TdvBNo3Aw0bSTbQcdQXX8O8K6c3oOgPt7J3//Z8w5U1TxH+a1nqLlTh/y8Mtwqr0LB9Ws4fewIjuzfgzUZyfB2d4GmugpUlGWgSt/P0sQAbnZW8PN0gbMzKShVdYiKsfzSLPiLPFhqOPSMzAmeKzD8/Bq+9jzA6KsH6Gu6j9bHVXhUc5Ma2mLU8FXSijnEsy+fw7WrF5GTc5nDnM0XP3f+JEFzL06fyfrR7f696/070EsJ4Pn5l1FQcI2rd2Z37lYTVASqvKbiDFKitOjiU0J0GDlNEUpIilZD5DIZJCwTQ+RyMYQGiyJiqQQSwyWxkiwpUgYRy0QRQ8o8JVYeK2MlERMlgrgYMaQkSiOBoB6TQKBPEsftO4LZEM4udpgtJEiJO1doBkGdrUTHxtMn82xxguVmWQa+v2PWzJ8xh9Q6y+3+8f0oMhMCERvqjmV+jgjwsIYPXdCL3FhJv7G7DYK8HbgtIbhHrPCnzxWKpNhwJMaEISUhCqtS4pGRmkCWiEyC+xoCdUZaCtLT07GKVHhySgriE+KQmpaGtIx0JCQlIiIqErHxcRzo4ZERiIqJQyJBPTYxiepJtSckY2XqKg7zlRmZiElMJktBUWn5n3Ozv4wTsN+htaUHTY1d6BsYmwD6V7Q09+D+vXq8eDGMFoL7yzdv+Tj5h8/jGH3/jZR7Px7XduLZs3bUPWtBFQGz/NJFlJ49jZunz5CC7uPvYeMTDH17T8hpm2C2mBwm/TZboMwJ4N+VOrOfuU3DwoV2qCJn448/vqCs+DTOnV6D82fW48b13Si8sR8Pbl9E3dM8tJFC7CZw9BHYv4y9/6dAHx19R5+xDhcuXMLw8Fs0N7di586duHr1Ku7fv48vX77gP3m8aG7CiY0bkeDpQUD3xtawFQT4YCy1NMJSUy3E2+hjvZcVtgTaY1OgI3Yud8eWJU44GO2HVUG+cLZ1gBlB2dYtABb2PjC3duNd6g4uftDQs4SEnDrMrF2w0MkHDp5BdJwfwd8dprZu3HRJpRsQ9E1s3aFhZA8VPXOuzpVJ8UpKk1KVluOrtklIENhFJPh4OgsCjNkQhAWOwlC3nAVTT1mIqE+GqilLLDOXACUBA2thXNngjcFbZwS9Gd0tBOcS9Lc+xNuGEow0l6On6Q762irxvr4C/VS+rS3Ax/Z8jHZdw8ArKutKMdDwGC/a8vC54yKp9SIMNZThY1s1Pg7/CfaPX8eRsX4bB/rerYfR0TuK9u4Rcgz70NH5CvWNtTh8ZiusfAkuQcow8WFj6HKktFWhR1C3ItDqOisQlNVg4DgPGvazsXCpMtwSqJ0PFoPVClmee35Jhi18yJkPT9aF0xJFmPspQEL5Jxi6SsAzTg263vOhYjsTKvYsc9w0GLgIwy1+AbQ9xaFoOQcLw0nsOZAjpDIdNkGKsApi5ylD104Ey1b6Ymh44Md3Stm+DrMZzMlmEbwZwGf/Feq0z5LJMIhzmDOjfZGJfSmzBfAIWIgTuyJQfm4VKs+lk6XSdhpKTyXjZlYC8o7EErzDuUI/vTkQl3cuw41DcTzC/eKOFXRdBmFPiht2E2S3xTpR6YVTBPNze+Jxfl8Czu9PwvHdcdi5LhSrkrwRG+6Axf5mcLXTgJ2JMuzNlGCmIwsl6XlQlJqLBD8j7Ii2RdYqD1zYFoSL25bg9Hpf7EuyxZYIS6yPMMOBDA+EBFhinpwIhFQkCebq5CzqQMvZHEbe9uSImeBvLPsbh/m1YwT0Eyi9coJPT8sjiF8jmOdQmXeRdb+fITvLlz5lyrzo2hm6wQVd7bHU0H2HuamhAS8NdLRhoK0NQzJdDYFKZ8qcAZxt8y74CaCzejVFGa7UlVgXPJms1HweOKcgIwZx4TlwdbSjRrBlYv7GKL5+IPU8dpuu2HJ8G84l5U1qu/04qXNS5s/3YpxUOsjGa3cS1HeR8t6N8ZZ9GG/bg/FmsjYCe9suDvfxNgZ6gnzjdlLq68lrIGvcSnVHSL1nY3yE3uvrG66squ80oaKmgVv13WZU1jSi8nY97j9swuPH9WiqbUBXYyO6m5vxurGelHUlulvraP8JPvU24WNPIz73dqDu/m3kXrmCK6cO4tiBLVi1Mo6gGYGCM9sx9oI88Y5qjHQ8wOv626i/X46Hd0p5tjeWGY4lkblKIL+SfR6XLp7hqpwFwrGx85On2NSsfTh4cBcuXTrLVTozNo5eXU3OB1uUhS/GIoiAZ/VtbYKx8rfD3fRZgrAqXpkUtRyio+UQESGD6HAZrIxXRViYMAIDp2DJcmGEhM1DQpQoMlbKICOBbuRlInScOBKjSaUnyiAxUYoAPh/xcQT7WBkkxUvyutRkeaxepY6RkW4+Js4Sx7CpfiyokG0L1oj/9cd68WxMfcbMSZg1i42v/wIXVwf+WTNTY+BuZwJPezN42JvCncyN9j0czLh5OVnAzdEcnq628HRzgJeHK/z9fBHo50OfM5SDPSkuAilJMUhLjkdyYhy3tBSC8sok+u6RCA9fQfCm/2VlIqKioxASshghS0MJ5NFYunwFloeF8W0G+vDIGETHJXKIJ5JiZ7Zr7wE0Nbf86F5/9/Eb+ob+IPtCTvAnAvobtHf08+lpg8Pj6GgdRO3jNjwnYD991oqHj5vQ0/8Zbz98w7vP3/D+0zhed42iqvQe7hHMD+7ahv3bNqD4whlU5eTixuVL/L2uFBTDOTgcWuZOpNLVMHn6HA50BvO/2i+Tpv3ZFU9WeauaZ5W7dycfx46sIkc6nco0nD6+GmdPrkXu1Z0oLzpKELn7LyPbGxubyMnMJajX4tq161i9OhOHDxNMOjpw7949Prbe1NSE3t7efzvVjT1anz9HafZlZC72xyIDLQTqKiPFTh8Zdlo89eyhxQ44FemDfcudcSjcE9tW+MDfcxH0Ta2hbWAFS4K5s3coHDyCCOrusCTF7ugVxOeXi0gpQttoIWycfUmpB8PKyRvm5AwZ25Jat3aGATkERqTQNUwJ6IaWUKFz5NS1IS4lBwlJWYK6PEFdBvPnS/BFXu7cuYf+oV7YBenA3EcJxl7S0HWjds1qJkFMBipGQtiSbI+XlzIxXFvFf+/B+koMEaD7morR21/MA+B6Oy7jZT1tvyrAYPs1DDVWYbSB6puqaT8PAx1l6O4sQF/7bbxrqMGHlhv4+OIahl+XYpSe+/CyAsNDAz9+3wf37qOp9TXa3gyjo2sAL191o6OtCQ8flSM6NQAqFkIwXCQDpyg9mPnLQs9XCuZLSGg5zYDlYhnouIrBdJEE7x438pGH5QoVBG0xh9VSRcjqz4VlgBLMl8+Djo0w3CPVoesuwqfq6bmK8Mh/Iz9ZvnCLhvMc6DjPhaHPfNqfCWsSDPJmv0HdbTo07cXhGqEJb/oMbtROuNB7nL60939dD2xuuoqDMQFdjit0lhFuzl9gzrbnsalqBPD5Zkydq3KQf+9+FzVRg5a9LrasD0HZ+XWouLAGVRdWo+riGg74opMpyD+WiFyCevae5by7PXtPGF9N7ereKOxP98CWWFusDbPCphgHbIt3xd40P1Ln4TizOwbHt7Oew6XYsTYE6QmeiFxqR22RNgk7YWrXqD2b8TNE50+HjMQczJn1G6ZM+xUmGpLYm+CM4+luuMDmwW8Pwam1vjic7oIdMRbYHGGCY6tccXh9MDS1ZTFPTQoyRqrQojaPjZ3re9hCk9q8vxVfOkQQP0p2DDcvk106hvzzWcg5fYTDPP/ySRSwqWoTEC8ioLO6e1WCrva83FwY6+v9ADrbZl3v5sZGMDMy5NuGHO5aE2Pqgu53PU21H13wTKEvUJaFupIA6kytK8lJcKCrKEpBXloMkiJCBHcJ7Nuz608P/8NDYCCXK3Qw67pKyjubXPuLpLovE4yv0P4lfOtkXfHHMN54AF8b9pJiZ2r9KAGe4N+8VwBzZnUE9EdrMP5wFZVrqWU6QMeewziLgB9/j+GRD9ToNeJmeR0Ky6mRqW5E6a0G5JU+RR7V5VBZWPYM1bfr6AaqJwVfS2UjHj94jobaRtTX1qOhvgGtjc24e5ecgEct5AQ00HO1eNHSiKEXzfjMFrHveoD3L+5hoOUO2p9W4fmDajx+eIeAXP5DUbOu9uwr50iRHyc1fpTD/Oy5Ezh+gk292optW9fjHO0L5pVfIScgH7dulfII+SqCOguqe/zkAYaGBN78k7uXsT3FkLxJFaxMUCC4KRCgpEilkgpPFEccAXnpipnw9vsZKyLnE8hECYZSSEwg9R0vy6GdnqyI5CRpxMaK0rnzkbiSnkuUQ0IcvVakJFYsn4/kVBlS6WI4ciKIv++WLRsmUt9OwbTfJk0sziKY6ieom0xK/Reu1AXrxQui3Utu5sHRUh/O1obcnBYawMnKAC7WJnAgBWdtbggzMzPoGJhDU98CukaWMDFdCCdHZwQHeiOEFFz48sWIj1mBhNgIbomxkeR4xCIyMhyhS5dg2bIQAnsUgT0MQUEB8Pf3RVBwEIF8BRaHhHC4LyOwL14SiuAltE+AD4uOw659B9Da3v5j0tYXalM/kVJ6+/EruvvH0EYK/NXrD3jT9ZHUaw9evBrGACn1zvYBPLxXi1sVt3G35jFdG81oa+1FW2cfXncPYrh3CG+7evGm5TXu5Ofi+P49OLhnGx5X0P9aWIiD27ahqb6ev29gbCoMCFxiSjqYNlsUP0+ZMaHI/zvQ/zqu/tOv01B1q3piDLwPb7rpuqTr8NHDfFLqR3Dx7GYcJ8D397/6l0D/3q3+vWRj5xcuXKBr/i42bNiINWvWoqGhAQ8ePCAFP8zH2799+/ofqfbz+3cT0JUQZ6mBOFMVrLXVxnY3I5xc7oYrqUuQFeONSD9v+AZHwM41AHqGNlhoT2rdeylBfDHM6DfRM7cn1e2GhS6+UNczgZgcAYfAbe/mD2c6xsrZB9pmNgRzB5jYucDAxgUa5rZQNbaCmqE5pJUXQIJALiUjz0txAjvLXMjG0z08fQVOSEctrL2ksMBSGGYBKgT02ZA3mY4lgRpoP5eCrmzBdKx3n15ioDUb/fQ7DzeVY7ilACMNN/GJYP2u/hr6O0vR//wxH1v/0EnKvPsqRlpK8am1EH0vSvDx5VUMvC6nukqu7t91XcHHzqt415eLoc4asiq872nGty8f/9KD8gG9La148aQGDRWncXVnGBZ5qsKKQG6xTA3GBF/HaE1ouonAf5UZQtfYEjh+h4GzMBYGkviynwfTUEXYxSghdIcNFMxmwchLHraRslDUmUQqfg6sAuRhFCALS3IMHJeTY7OI2nhS+Cza35jeR81uLjRcRHgSGja2ru44EzZhKqQ2Reh5afjGGKC+5fE/vQ6uU3vGFLrQBLiFJqDO6li0+3egi9A1ImoiALkYlWKmamSqkKTtoFAHZB9LRcm5TJSfJ6VOYC8/n4niU2l8ffT8Ywm4diAS2XvDcGV/BC7sXI7Dmd5YtdQMGaHmPPPbrhQf7E33x54Mf+zLDOTj5dvTA7A20QvJkU6IWWoLLxcDaKhL4HcSKj9Nm4T/69dJdL/9hJ/JWPn3SX8nyP+C9BBLnF63iM99v7A5CCcyPXEw1ZkDfVecFc5u8EXhoSic2BoOcztNKOorQM3aCBoOJtAg8WJMKv1vN88fQvHFYwT04xzmLLXp1VOHkE12nal0tuwhWSFBPf/CUdzMPkFAP4Gh/l4MDQ7C2c4WRrq63BjM2Rg6MxMD8vRIretpaRLotXm+bX1NTQL5Ag7y72D/McVNjal3uR9QZ13tSrISfIob64JnxrrjWTS8tZUZ6moFySww1kfQJoD35mP81Q18a7uCT3VnMPb8LEH7GsZf3MD4a7K+PIAbgz8d23MN315foHPPkkpnyv4AxqrXYaw4GV+rUoG76wn2BP1XV/CNRbuzoJ2XAyivaUIxg3pFPW7daSeV3kKAr8X1oqc4d/0esvPu43r+A+SVPEFu0WPkFj5BfvEzFBTXoaCsHiVV9SiqqEXZrSZyCOi1KhtQSs5BRVUdqft6vO18ig+vH+L9y8fob7mHtifVaHjC0r3e4+o6P+8SAT2Hj5mfO3+CIM4C4I5woLNguIOHdmM3IeJrAACAAElEQVTN2lRs3JjJ1y1nQW/Xrl8gJX7jR/pXBvPOFwLgvHvbh3NZYciMU8OaOE1S26pISpAnlUqWIoWElfMREy+EWAJ7VLQIosLnIymG6gn2sWRx8dIEfUmCuyySSa3HxIkiMkYEYRHCiCcnIIEp9Sg6no2tkwcfETsPkYkSiEtVwN372RNd7/YT3etTfqj07wpdAPZJf9megs2bN1Cj9JbArQ87c13YmunA2lgb1ib6MKVrUEfHCLLqxhBRMICwrB5E5XUgpagFNQ0DWFvbwsXFAR6uTghY5IGwZcGIWLEYkWFL6LuFknpfhiXBflhCanApPRfG9kMC4eXpDC83Zyzy9UbosqUIWhyMgKBA+C4KgJOzG1zdPODjH4TruXk/Gh02Y+vzH+Nk4Elg3n0ex+DIOF51f0bHq1F0dI6gtXUAzW0E7K73eNE5iOLCMpw5eRx3bj3gXeu37zzFo/vkJN7Ix7O8HNRcPou6kkLcuX4epTnnsXnLJoJsFrL2H8WOjVtxaN9RPl2ssbWdVPoK6Fg6Y5a4AiZNm/0D3D//tcv9F8FY+t8n0/aU33gA3Xeof/w8gt6BZgwOt2BkpBXDg814/eLJf5RE5h9BnkH8zZs32LZtO33GMezatRctBJaamttUtvwfvV42Xef+SvORabkAB3wssMpKDfsDrHE0yheLvHzhHRgBz4AwmC70wEIHf1LnIbB1D4aZgxcHtrmDJ217woqgLiavDhlVTR4IZ+fhx8fTDRe6QJMArmthDU2zhdAkoKsbmUNZxxDi8iqQlFOEhJwCRAnqYgR1SVkFiBDU3em9x8YEWd6yLu6DvpcCDDwlIK09DSYW83HnQBi6r28kVS34jT8QiPsI1i+flJG6zsVAfRF6G0sw+rwU3e2PMdaah862qwTrInruNt4T1N+/KsJwVy4+tD8kVZ6D1z1FGGvPJlV/F339pMybCfhNN9DdV4R3bSwqvhIj3cV496oOX9//2XX9jfa/3D2PsTtZGC7dQr9pIOxDNQkMslixxgqL15gjMMkMmtYiWBSmAT1PYdgHKvOUsEr2M2AcNB/2kYpYss0QViHisFkijbBVpvCP04VTkDgMSJ1ru0pAn8w8SBXyVsI8V7uBjxif8262VAZ2K9RhHaMAU7am+mJV2ITLIHVnBIZGBv7tNeATEwphQ2Xenc6BToCboy/HI96Ff3S5C4AuwqDOgE7qnNUzVa9qrUVtmwcObg9HzvFUFJ9NQ/HpDFLoVJ5Kx82TqbhBUL9+OA4Xd4fj6IYAbIx1ROpiU6wNtyOgO2N3ii/2r1mMjaTEU5bbIn6xJVLCHJG4wgHJYU5YHkDXkKY0wXwKfiEx8tNvUwjqv+LnqZPpXvsFP//6M36Z/DMmU6kuOwPboxbiSIozDq8kZyGaQB5ljkPJjri8NRj55FTcps9Yl7sZNVc2Yesqanu8TKHnbIoFNqYwJpX+t1KCeMnlLJRcOUEK/TiunNjPu4GvnTvCwV145STB/ATyLmZxoF89fQBNdQLPaXVGKsxNDGDGFLmhISxMjH8A3UCHFLuOBjWwDPbaZFowojoDbY0fMP8+ts5Kpt41VRU40LlClxXnKv07yBUnouK/T3djc9g3bViLDx8+CC7O19UYeXgaDXSz3M5KRWvOFryl/S9tDOq5pORLSGTTTfTHQ4x/IWU/do9a2zvUat3C+LsyjL8txR8vLuNt+Tr0nl+Bj8UZdB6p/E936fgm/h6Vd1uRXfgUVwprca2olpR5HSrukNp+9AKFpc84vLMJ5tm5D3At9x5uFD4kuN+n+sfIL6onqDegoKQexQTw4gpS+XR+KTkHZZWk9sufoP7xM/S312KIvPshupkHCOiddbdR9/QBbteUoZilds3L5qld2fS0rOOHOMSZKj93/hQH+Jata0khr8Bagvq+/dvpecFYekVlEe+yr3v+BCNvBXNZax/kYme6OTJjVLE6Rg0ZMSpIjpVHXKw4qWtJpGXIYmWqBKJjhenCZ6pbkiAtg9gIUcREi1O9CJKSSYWvFENSijhS0uQQlyKNuAQprIyVRmKUKEF/PiLICYiJFUNstAQiqC4qWQahpOLDYhQxOPga1dW3uPJmUGcL3LCIdgb036ZP4svKsm0GcjZbgE0BZHkA2CMtIRLmumow0laHJjmLKpqktpQMMU/BCLNl9DFTShszxRZglqgq5oirQFaZrkUTS5hZWMDc3BwuTnbw9nBBcIAPqfVgrFgaRArKB8H+Xrwu0M+Tl35Uurnaw5WOd3NzgS9B3dPTA27ubrBzcISFpQ0Sk1L+bCjHBQlf2HQ0BvRPVH4cG8fI+68ESGbfeFBbx8u35NQ003/yEi9ej5Ja78fN/DIcP0aOcyGp7or7uHH1Oh5XVePOySzcO7QXuXt34OLhgyi7cgq551iGu324dCkPWUcvY9/uLGzZtA23qwVd4qu374G+tSuEZVTx6/RZfLoaA/cPm/QXpc5Az6LhJ+w71D+PjeLtyAuCeTtGqfz6x6d/CvScnBwcP34CT58++7Fk8l8f7Jz29nZS6xexfv1GXKXvxo49ceIE74pn/RlMrQ8NCZIYsS56Ftn8rx6Pr5/FuRXuSLVQxQZHPRxe5oKooADYOPnCyomB2wvGNh7QJ7Nw84OFqy/MnLxg4ehJKt2Vq3Q9ArmQhBxBXQMGCx2w0H0RbLwCoEHXipqREdQMjKHClpc1NILcAg1yDgno8koc6GIM7LKKEJeRg5WN7Y901t8f4cneMPGShrGTOE6uckVPzgb039gp+G1HetDBxsKfVWGkNZ9PS+uj/eFmNnWtAB8a8qguB33t1fjQmotPHefR+4bAXF+GodYygrtgXL2rNwdDTTXkJJTSeZdJ1d/C25YKgvw1jHSUkgOQR/Cvxmh9MQYaHuF9+x18edv7I+nPN/oc7x9dQfu1ZASF68JlqQasfGQRmKgJz+VqcFxEit1bBI4BivAI0+LpW42DJQnMotC2EYOxuziSji6E9kIJeCzTh3uULmxC5Aj4snCO10LcdguEb7WC+VJVBK4xg7rdPEhqTIeSw68w9BOFx0odmIeKw265Ki4WHfmPnbrXPW8gZa4pyOPO1PlEdzuD9Xegc6ibCLrZRUids22W351Bf56xCuQsNWHlYUxCxBeHt4Xj8qGVKDiRTnBfg8LT6biRlYLsgwk4uyMMh9cvxuY4J2yItMWOJHduW+LcsDneC2kr7LDEVQt+tipYZMdMHUGOOvC118ACBRHerf73qQTwaZMx6Te65wjsv9D2L1MnYTLB/ReC+5TffoKLiTS2rrDAvlgbHE1xxNm1XsjdvRQ3D0Sg7Ggc7p3PQFPhFnTdOoyuO6dRW3oMh/clwy2IrnFHCxYUd5yPmReQSmdd7DlnjhC0D6Lg0nEUXT3Jp6wVXz0lUOgE/9tlAgVSVVkBM2M9bqZGurAwNYSlqfGEStchI4jrE8B1FsBYTwB3FvnOguUY1A20F3CIs0QH7Lk/Aa/4YyxdAHVJKLJAOTkpQRpZAjpT7QzsbP66Ib0HWxecjwH3dODkplgs0hFBmqMayvZEoKVgB/6gm2G8h4DOlPYfT+k6rmdZGUhCkcr/VktGqoNB/gs5Ku9rSNHn4GvzeVL9hQT7Kj5+zjJ4XS18hktk2cXPcbWYAF3VgPL77aTam5F/8wnyCp4gh8qiclLwJXXI+w50qr9xs46sltT6UxSUPiGYP0Vh+TOUVNYR4Gtxq6YWr1ob0dbYgM6Gegy2PcZo5z101Nbg8Z1yVJTloqTkBgoL83CFjZ9fvcABzoxFtJ85ewL7D+xEDHmtIcHuSIpfho0b0nHk6F5+LMsO9/q1IDL5/btBXD2VTABX4nPGE8mSYqSRGi9LypssSRop6eQpZxC8E0iRJ4kTjIURFkVwjhFGZLQQ3QBidIw40lZL0nEE98SZSEyWIEdABolxElhDCjxlpQgfRw+Pmofw2PmIipNBNDkEUStlsWjZPPjTTbznQMBE9r0NXIUzoP8+kTGPwXsWy8Y35zfe5f7Xrnj2KMzPhxopK3k1AwK5MebK6RPI9TBTUhszxDUxQ0wdM+YrY7qwAn6fTwpKWg3K6gZQW6ALTS1daGnrQt/AEO6k2P283chcSd05wZ/KAB83+Pu4wtfLBV7ujqToHbi5OjvC1cUJjo4OsLW1JucplkPpe/c6U+UM5N9tjKnzCZX+7uM4n0P+6s1HdL5+j+b2QdQ39aC+vgsPn7TS//MO9c9eIPd6MWrK7qCuvBrXjx7GoZ1bcfPIbjzMOoJbJ7Jw4tgBZJ84jqx921BScJ2ul2a01rcjj87buW0H9u/Yjnejb9HQ3AIzRw+Cjhp+nTGHg1owD/3PqWs/xtQJ6gzs37veGeCtbAUR8F+/fsbb4Zf48L7vX0a27927lyvwM2fOoqvrzT9tiJuamnHsWBZfwOny5WwehPj27QgqKipw5MhRPHnyBLW1tUhMTPyPouJ5e0Rt1xYPI2TH++FQmA883VxhaLEQOmbWPGOempEZtMwXQs/KHiZcmfvB3JFFwLvBmiCvrKsPIWlpyGlo8d/MbtFimDh5QFnfADIEcXE1avw1NSCprAxJRSUyFciQSSsoQ4LgbmxpyWMC/le62+F+hKQ6IznSGB0XV2L45h58ap3Iq99RhaHnN8lpL8dgSx7G2vLx9hVBmID+9vktvGmr4vPQ3zawOem1GGmowfumfHym896/vI+3ndX42FGAwYYHGHhB9a/v4xOD+fNHGHpdgKEXpRh5UUXnV2OgkxyH7mp8Ibj3dZRj5A09/6oE7/s68Q0C5+tdTxu27VhGSpsUs4cMvCJUcTUvBEsTVXmuei0Lam/9JWFIzomW21yY+8hD0UQIWg7zEHXADN7petDzFoeawxx4x+vBNlxRsA48KXvzxbKk0uWg6SIMCyo94lSwdLMBVB2nQtH4d9gvVUFzZy3+Tx97Tx35kVhmFs/hroQ5bMoag7mpIAhO1Ez9L6bGYc+65AUBc/T/GVO7YKUFcw8T+C1eiD2blpNiX4UcAnsOicPsQwk4tycSxzcvxaFMur7WBuLAmgAB3KOdsCbcHhlLFyLB3wgr3DUR7KCKAGsFBNkoIchBGV6WSpCXmcuzvP3C1Dm1X3+fzsD+KyYxwJP9RED/+68/8Tih9CVmOJbmhstbAnBtexAK94ej7Egcak6n4OHFdHSW7EDfvRPkoF3HyPN8vLhzFrs2x8LOy5Z1uR9G7pkD1MDv5xHtN84fRT7BvZiUeSmBvIygXkxQLyTwszq2QhrzQlkjyGBuYqjDwc22zU30CepGMDHQ5WZsoDUBdYI5qSiBEleDib7OD8gzsDOofwc6637XVlfiSl1FXhIK0qJQlBETAF1BhpdMtaspy3HVzuavS4kLYfWqFIxOeMfXTxxEgqMWNgWaYmeIOa5tWUrezHF86cgnb7SaFHctxr8yoD8XAP0rQf7bUwHgOeTZc43kQj/AOMsc92UQfYPvkX3zGc7nP8HlYoJ1RRMKSV2XkEIvrqglgD8loD8miBOsCdolZU8I1lRX/AAXr9XgwvXbuJJHcC96yOvyix9zkBeTsi+uqkNDXSOePK7Hs6eN6Gxsohv2KT7STdv2pBIPKwtQVnqDzzvPz88lxX2ed7EzZc6C4E6SejuWdRiZmclYEuSKxb42CPG2QWZGLFfpbP45X/CBLblZV4KDm+yxPlkbqYmKiI6RxfIwKcTHymH9alWkpspjz0Z9bF6vhuQkMaSuJOWdLIXw6LmkqOcQkIX5GHhyOjkBKaKITxYm4M9DZNwMOmYOomJEkLxSAqlpEshco4iUVUoEdWmEkaJPTFNHcpoGIuPlEbhsPt08DPaSuFVxXJCBz8FmYgx9GlfrLF3u77OmCcqZkzBz9q8/It+3bt2Id6TmpNRMMVtOD79LM4hr4DcRdTJVTJunhClz5TBltjTBTBxTZopihpAU5onKYb64PObOl8LseaKQIXVlRMrLgpxRNu7u5mQFHw87Ars9PF2t4ePuAG8WVEdQ9/F0hrurE9xcnAno9nj27Nl/617/K8j/J9SZUmepWvuHv6Bn4BMBfRQtncOob+7FMwJ6c+sgnj5/Q3B/g0f3GtB0+wFaCkuQs3sndmxYg63rUlFfmYtHxTdQkZOLO2cuI3c/3bvn6J5seoCvQ534PNRPgM/Htg3rcH0iQC4+PRMK6np8+tqfQP9NAO5/ECj3J+AFKt7RxW0C6mP4MjEO+4+A/vDhYwwODuHmzRJednR0Ut3Df6jU/6cj8H0626lTZ6htGSXQj2Hz5q3Iy8vjyl2QlOY/6+JvKL6C4vUROBIbjMBFvnDz8YOVsweMbZ1h77kILn4hcPANwUIPf1i6+BC8PWHjzuDuBik280RRkcPfxMULNt6BMLZzgKyGBsSoXkpFGdLKSpBWUoaU0gTMFRShZWyCFxO5Bf7hNLyWp3h4ZAX6cjehO3srPve9xLePw+huuoG+5tMYaihAX+M59DYXY6SugBz7bAx2FKLrzV2MNpSjp6UMY603SVkX42N3IT4RqD+9vIr3r3PxsYUa9cYKDHXewWB3DTkFBXRcGd42FWG4o5qcB1LnQzcI/jkY7anB2+4bGG7Lo+dZetmHpOoJ7KTiP/Z249uXzz8+84WcQ/DxU0FkkhHsvWRg7S0Fu2VKsA9XgbqNKGyXyEPfUwKOUfpYYDsXCwjqAavVIK02hSD/Gyw8ZCGtPRXSujNh5C0NHV9R2EXJw8hXnM9b17WWgjHBf9kmK4Qk+KB/sBf/Tx58brq/M+9uF0S5K5LyVuYwn2+izKHNlLmY+QJuHOgmAqALGwugLmG2AOIEdVEjVUgZqWChmxlWRHri8M5oXDm6ElcPr8T5XaTe90bi6oEYXKLy5NZQ7FvlQ0C3wfowa2wOt8aGMEukh5giOdgA8d4LEOGqijDXBVjupg5vG2UYqLNg71n4ZSaD+q8CoE/Y5OlT+Pj6z79NhobKPOyKs8flzYHI37scFUfjcffsKoL5WjzNXoOuyoMYengWA4/Oovf+Oby6fRKPCvaT6ArC3woJ6DmnDxDIjyD3wjGer7306gTMr53hiWVK2P71s3hSXcJ/xO1bNxPIdWGop8mBzRT6dxNA3ZAArw8LE0MOenaMiYE2V+TMGMQZzBnImX2HOwuUExzDIuLl+Ti6CutmZ2PpBHdWKkoz5S7JF+lg3e6C7ngJyEiQF2isS+Ar5p+xvf4pstbFIsFZH7EuBji/JRK1N3Zi9PlVfBu6Qy1tHcb/qKOSQD72kHetY+w+KXhS6d9YYFEbtTYE9bFHPxqegeEPeN7ag6pHHSisbsbN6iYUVNThZvlTFBHAC4sI6EypM5VOKryknNlTPsZeUP4c1fdbUX23HjW367hKLyh5Qsr+IUoqnuHR4wbcfdiEJ7VNPHPWp66n+PzqDl7VVuLZvTJUV5ZQY5lDjdwNnL9wmsP8KCm1Y1mHSO0cwY6dW5CcEo2QIDcscdJHqJM2qe0luHt3Yqzu/RDyLqdga7o2MuPVsCpZk5Q4AZ1UcwRBPSFFmQAuieRUCazLUMTmtarYmKmE1WksiE0UK2KFEJsoTECWxso0WVLlCkii52KTxbAySQIxkUKkwIUQn0SKPk0Y0UmzkJAsigQCewgp+pBwYUQlyNMx8liyXBzBS8UQsUICkWF0TJQyBvpfoaam+keA3J9R7t+Ndcf/zOemM6A7TnS7ByyPx2+iahMQV+Y2Za48fp0tg19nSWHSTHFMmk4wmzaPSiGCuzB+nT4Pk6fNxZSpM/lSrDJyipCVJbWhIA89ujbtrI3g7mxJYLcl1e5AIHeCLyl4Xx93+Pp64tKli/+we/0HwL+Mc/tR9+Ub3/84xvKvs5XSwDO99Q2P4/XAV4L7R7R0vMWz569Rll+Joms3UHb9Ml7cqkbxnoM4uX0ntm/fjerifFRczUHZpXw8vXADlWyZ1+27cLvwDL720nU72obXjQ+wd9s2rEnLwMsXgqmW6vrmmC0mj1+m/o6fJk1MX+PqnAH9t4nyu02l3+V3Hhdw7vyF/9WF/I8UM6tj09FYRHt1dTUOHz6K7Owr5GiexJ07d/jz/05ps+dZF/uNG3lctUdHx/LGOiEhgU+DY9nYmALu7u7mSXT+LdjLyPHdnkHX1zJ4BSyGjZsPnH2D4BoQAkfvINh4+JJK94SRvTPMXb2wkKCua2FPUF/AAa5hZkV13tCxsISkigokSJnLqalDUV0NClTKKatClupVdHVQ39T0bz/Pu6Zb6Mnegt6bpwWBaW8ekXLOQdubbHQ13SY1XobRukL01xXhJZW9TZfo78zHx/Y8PnVtsLUGg535GG6pwkBPFXoHLmKouQr97VXofn0Dn/oJ4K2031GCoZdX6PkiOvcK+kdrMEBg//DiOj63XkBvT57gdUihf+y4iY+k7D815xDUyVlozsdQ/zN8/fjntLecohNwX6YGRaPZ8Eo0RdhaY9i7ikDHcTZ81htxxc6Wi7X2V4DdYnlYBEtAQm0SdK0IXnrTIaE3Faoms+GxXIdUuBzsQ9Wg7SwMUw9xWAYp4vT1/fh/+2Bz0+dOrLImZKw0MedcDSLG3yPc1X6ocwbweRMKfb6xCu+KF2f17ByqE+PZ5Og/Jvi7Btph+7pQXNgXi+v745BziOxgLF9p7cTmxTi8dhH2prpgR4I9diU5YmeiHTZHW2FzFFmEJdaEmCA5wBBxvjqI89YkwOvA30aFxOh8EhrTCOKTOchZ1/uU36dR+zSFm7W9FW7dvIC6W9lov08O3tNSvKmrRHd9FTl+tzDa8QAfXj/G+1dP8L7rGUZfP0NX4x3cri7C32rvVfLc7AUXsnj3OltFjY2ns3noRdknUX7tLEounybQCzK3PX38GI62NgRPAbS/Q/yv3e/GBG8LUwO+b2VuxPcZ0FmSme8wZ+Vf9xnUv9dpqSlwoLNSQ0WeYM663kWhIivGTUlGnNQ6S0LDUsaKCJZnpZJBX5bAHh8T8SPTGcs972euifXRgTi/Iwk3diehvewovnSXUev6EF8/EMQ/EMxHKzE+WiFIJsMgzlT6eD3GmYL/XI+xvmf44+2bvzRAwPDoR7S96MP9R62kuJ8gp4AFwj1HXkkDlQTy0qe4dbsZZWxq270W3HvYSg1THaqqnqCiitQ5gbyo7DGqbtVRfSOfpvSUgP6yvo4a6CcY6yKg15XhQWU+ym5ewZVLx/nc8xMnjvDkMQcO7iYFvosa0IPYum09VibHYPlyPwQ46mJdXDDaWxsFqrypDId22GJzhjrSEpSRFq+K5HglRMQqIjFZgY+Dp6QoIG2lLDJZmSKDdIL2ukxlrFoli/g0ScQS6BNS2Vi5JL2PNDkPUgR2acQmiCI2XozOlcHqdHmCuySBnI5ZRao/WRwJpNaXr5iPsDApLI+UISUvC9+guQhcIoqwUAksYyp9uSy2rXefiHrfKAD67KmYwSA+cwqpdAHUv6vzWXOm8pI3OPklmCqkxEHOyilzFQnmcgRzaYK5BN0wYnTDiOCX35jNJ7ALkVKdjZ8nzyKbwXObzxKSoPcSwu+z50NKSga62uqwsTCEJ0Hd38tRMKYe5IstWzf8NwA1NrUSzMf/IdD5+PnYN3z+At7d/j0wTrA/jrefx/Fm8A/0D33F4Mg39PS8Q9PdJ7h75iIu7tiOizt3o/LkOdw/fhmXd5/G7i3HcGjLbpSRis07fgmV57LRUFqCmpuFyL94lNRWJT6+vscb/Jr8C8jauxsnJ/I3HDx2io+jT5ouTKp7JkGdRbzPILD/zu2/fhHsW1s7Iuv4Sa6w/9njX0W2P336lIBew5PJsOj1/Px8lJSUcAhfvnyZXneQK/Z/BXhWPzIygra2djQ2NmLdunXcUWBd+Dt37kJkZCR/HZa4huWJ/x5D888etU/uIT0jBf6Ll8DZaxE8AkLhRMrbwdMXFs6uMHV0gqU7Ad3Tn4+vq5I6l9VYAHk2NGi9EEq62pBWVYE8gVxRnerVFkBhgTqValDS1EDlrVv/MXj6Ss7h05tOfPtjDK+eF2K0icDbXoH+F0XoaajBSMMdjDYXoKe2CINt5SQ+ivG2sQTvW/OpAS/Gm+Yr6CHlzjLJfSDl/aazGkOvbuJdfSUG2u/hzYsqjLVU4l3HbYx238L7hiK8bStBz2um7MvwoYuUeRcp/K5SjBHUh7pK8LkjjxR+AUZ7CfA9uRhqqiQFX413fY8xNtL9l/XZq5G2eyncvaRgZi4Cc19JaHrPhd4iEYjrTYNLuD7P+mYRLAV9BwmYuMrAjhS+ht1scgjUkbHZDHoWM2HgKEIKfxbMHOTx+Old/H/1uFSYg21Z+7HjxAFuO08cxI7jZCcEtvPkoR9127MOcNtxXHDczpMH+fZ320XH7j5BRuX5y6fw/6fH3wQ36Vf60ztRe7eCzzVnS6QWEeTZ9DW2IMvN8ycw2NvN85gvXULerqUFTyRjbWFOwDb5Ae/vQP8OeVZamhlyY13zJgY6PDiOjaUzJf49kxwD+V8BL5jepsSBzqazKRPQ1RXFoSg1G8oy/zdv7wEV1Zat/97x3n+MN8Z7t7vv7e7bfYIZAyCimD055+Mxh2POIpJj5UBR5JyDSAZFyUjOIIo5K5JFQYKSzMr35lpFIWZPn3ObMeZYu/betQuKqv2b35xzzTUes6ZNoP2TMGc6wVxvPFfnUyeP4zl3FqJncP9o3kxkpqdqvPUzp+Ahs0W4mwjp4U7IClfiZLo/+hryMXib1HpHOdBZisGbeUB7jmahFjYl7i6pnjunMEjbj+l497Eo3CgPQdvJDB4Kb22ofeZGdLvnLuqaulBzugU5JedRUH4RFTV1KKu+hPIjl1F95AIplrOorDqDssrTvEHNsZNXcPTISZw+dhpnj5/ChbOn0VF/EQ87LuJe+xl0N5zAuZoyVJYWIj0tBfv3J2FvZBhvHhPg70EAVCMgwIdXfsvkQpiZb0d6iqZhxb27vSjM8IC740dwVs4mmwk71vDFZgZksnkEZDYawNV1JpydpkMuNSAoG0HtSMCX6UGmmAKZahIEigmwk4yFpT2pbhGB2obALmAQJ6jbk8IWToJarg8nMQHdXp8cgtkE/WmQiEjhS+ZC6jCd1LgOORLkUIjm0PZUmGydCuvd02C1SxdWxvow3amLvPwI/nsvWfoLL4BjuXStjRrzzlDPfNZN7h8c8u7uLvSZvIdx+h8SyKfjv0cb4L9HMZDr4i/vTCGbRACfgD/9fSzZGG7/+bfR+NNfCeZkfyK4MaX+93fG4r//8T7+++/vYBQpdgODqfQ5XIAfv/4Ua1cthruLI65cuTz8v35EQL577wGO0f/rAanvZ0LsHO6afbwhzJ1BTd/1vkfo7ntA+2g/y6fT2D0wiFsDT8j57Efrucu4Xl6Bk7EJOODlg1h3L3JAw5ERmYaYiIPw9QhCcuReVKamICM6BjWl5Wg8fw436i6iJPMAjuZG43RRMipS9uIMgeN4YTa81SocO6JZMnXZms3k0IzHn/jfP0rz95N9+c3PCAgOQ9vQ+gmv+3lTZTv7DjBV3dXVhcDAQA5xXrzU2srhvGvXLg76CxcucOX+puuxhlXNzc3IyMiCr68/fc4DeUEdmwZnZ+fAj19vvf5Wefa29msoLc+DD31XRHIpVqxZSwp9OT7/+Rd8sXAJvlu5Ht+u2oCvlq7Ch99/j9mffYq5JFim0T3KcPZMGM2ZBaO5s0mdz8aMeaTg6P5yIOXgbwsP39W0aL3TXkequZBAnovOuir01RWTGk8lSOfjWiPB/Golegnqt2srcb+2hJR8Ma410OPWEjxoTUdf0yG0NR3mXeTuXs7Gne4y9JNyu335HO7WV6C7nUB9LQ3tN89w2A+05OJOUx69VxXob81H941i9F8rwJ36g+jsIofrehbu17OQfg5ukmpnFfX99Fo9tVV0vRO4w/rGD2qiIlfrT0Hta8KnuH2y3gArrL+A0by/Y97CCfhkmQG+20nA36GLzxZPwhdLJmPZzhnYIVxAgB+Pb9eNxterxsMjXMJrC/7dP9o1BdhnlDmWbPozm5Fw//59ulfeI+fwLgYG7qC/f4BHhVj6p+d2L27f6iEnkk0tvYXOzm50dHTh5s1O+vyxiNFN3LjeRu9tG65du46WllY0N11DU2MLGhuayTFtQl1dI65ebUBtbT2uXK7DpUu1uHjhCs6fv4zz5y7h3NmLOHP6PE6fOoeTJ8/ixPEzOE73lmM1p1Bz9CSOVLOi6GOoqjyKyoqjKC+rRllpFUpLKlFcVIGiwnIUFpTyQtr/eGGFpAf30ULK7lhZLod7DgG9pjSPH4uNjsLKpUuw+OefONR/+fEHbj9++zVB/QsOcabGGcgZwLkyp5GBnkFfe/xLrtZZaN1ouNGMdm66Niyv7SzHlDrLp881HIdPF/wPZun/DxbM0qFzdfHhHBrnTcU03Qkc5KyYTptzZ/v0Jo6B8bZNaG/TeJql5MUl+ElxKMIRuZEqlCa6ovt8KgZbizF4na2ylofBBnrclEl3gCICPAN9JQZvHebWez4FzWXRuFwYicpkf3jb7cD3c2bgWHX1Sz48QC8p+Gs3buH85VbUkIo/dvwSTp2uw8kTl1BTcwGnWcev87WoJaXXXNeAloY6NNVdwfWmy+R5X0VHSz155LW4XncVdecv4jT9s6urjqGkuAq5uUXIzC6gG1wqYmJjERIagqSkRDQ2aqaj1ZOXHey/CK4EVIXAiACsz5W4GQHYwsGA1LYhpHJdqJX6cHedAZXjVCiUU0mx63No20nGQew4HjLncbBTjoKtbBTsROMhpefbWhPM7XWhZMpeSOfbToaKnAE1QVwkpOuKZkLkMBO2FtNhZ25AEDeC1M6Qjs+F2uEDOJgawmqnPqwJ5ubWU2FsSireWJfOmY+uTk0ukjWa+ce7QwqdgM763WvXi2dL174/5p9YvHQhP3e7qR3+OsYA/0Uw/8t7elyZ//mdiQT0ifjz38cPg1xjo/CfQzBnUPsLPWb257++x4vC/vbP9zGaoD5x4mQYTZ+Gs2dPv5AnZ4q8ueUafXlv4BEpbmZ8P4H+IZ10j4DOYN7T/wTXO+6hpX2A/6+PHD2PW32PcevuE9y68wQ9A/fReaMTJypPoiB+H4rj4lEddwB7PQIQFxYHP1d/+Kt9EesdjAifQJTl5uLyyRpkJMUjMzUVWSlpyEs9iGNFh3AoJgTRPi4IJufDXy1DWmQwgr084UdODys+q6w6MuzUfPjZd/Ck6zU2tfymG+LLAMyaLb3q5qm1lJQU+Pj4Ijk5mYOcbbOOfPn5+UPXHHztazLFHhUVRQ6cJ1fnrKCuhd5/1qY3OzsbTU1Nb9197sGDPty63YSjNcUICQvArxvX4+uFC/HNkuX4culyfPrLInz80w9YQPezmR/Nw6z5dB/6eD6+/+krWNjshFBmjsh4b9Q3XvgXofIEt6+QEr9ShN7afPQ0ZHOF3NZYglukxu/XZfKmMLeusEYy+QQMUurt2XRuCV9OtfNiJXqaCtFWn4fuS0yZFxDY89Daloc7tzPQd60Idxtr0Hu1FHdvFGDgegnukQNwq5mcg3q6Dt3nHlzLQ9/1HHoewbz2MLquHkJ3Vxl6WkjJN59CJ12772o+HtUl0/OKMHCxBv038vDw7lWC4dOaiIzCKHy8jO61C/6GRRZG+HKzHr41ZivJsTn378Lwi3fx0fJx+GnXVHyzZTJWWs1GTKrv61MTBNOLF6/gwsXLfM2Hc3TfOzsCeKdOnhsC3ulh4B09eoI+V8dx+HANqqpq+Ge9oqIa5eXVw/ArKa4cNgZBzXbFM/tLSkbY8/uLf5ux13iZMfgObxeV88cjrbCg7KkVlg6NJSgoIMtnVsotP6/kGcvLLUZeXtGLQB/5c6e/D5fPntB4ZrVXsHr5Ug70ZYt+waKffuQqfeEP33OlzgC/8IfvhpW5Fugsf85y7Uyla8PvvJiOxk8I6p8smMXVNAP6Zx/OocdPlTsDO4M66/c+a7ouxrz3F0wa92fMn/M+vvl8Kj6eo4uZeuMwQ3fcUOvYSRzozBjQp04eD12d0fhwnhES4jSFV20tDahKj+Iq/dAeNYpjXVBHkL57OQMPr6Tg0ZUDeEz2pCETT5pz6EOdzatPHzTQF+hMOq4WR+FSUSwuFieiMN4fEe6Kt/4y3717Hx2dvahtvI7qY1dQTYC/dLmB3ttG8toayZNrJmvBpSuNuECe3ImztTh6qhbVpOKPnyIn68R5VB89i/Kqs6g6fA65+dXIL6hBXmE1ak5oCrTu3etF9iEXUtez+FxysYBAK50BASlqC9E4mAjH0khQlo6FlxsB3XEiHJ30IJFPgYNEB5YO42FqPwpW0vfgINeBg0IH9vJxsBSPgo14LBwcCPAOEwnaU+nmRgpdQo6AcDrUBHGprQHsrXShcDCCg40RbM2MYLXbEDLhXLgo5sFROAf2u6bDxmwaBGzBFnsjiGyNIDE3hKfwY7gJPkRs4DbuDVVXH8Y7pMJHj3uX1Pk/STm/w1vEjuc98kdj/MRxvBc++8kl7/Qv7xLE351MIJ+sUeb/YHnz8S+oc25DQNcaV6v/9Z4mhzzUPc3VzeOVefI7dx+i5thJGu9rgP5Ia4N48Bhchd/qe4LO3kE0X7+D48dqUVl+CvsT03H69EVcqmtCe8ctdNQ343ROLkrTU0mBe8LdSY29wfEI8o9BdGAk4n2CEKF0RqzaFcnhEagmVZ6dloKkuL2IDAxCoLs39pCaP7AnHFkxYQh1VcFdKiZnSwBvpRJBdNyDVHppkaYJlG9AKC5fufovgejlMH/C4Xz06DE+9/1VSpmp8g5SeaypTEZGBg/Ds6lpbJtVxR85Us1B96pQvHZ/f38/n9ZmT39fDr1vnp6epNx9OdDZNVn4namt1+X7tT/37naTCmtDy/ULqKgugqObCj+vXI4Pv/sCn3z/JZau+QVOrnbIOBSJ46dzUNd8GFcbK9DQUoXbvU3/skq8Qw4ry13fbq5Cd/1xAncx/f6VpPDKSOkV0GciB7fP0fGLVbh5LYPUNCnmtgy0Xj/Kp5/drSe1fTUHbc2n0cVaxLYRjNuL+XV6r5RgoLmEQJ6OltZqdJEouUOKvK8hDd3XstHfkUugz0T/VQJ2bQXuN2Sgo7mYfo+jeFBHcG9lBXXJuHslC32k0PsaqzBwtRh3aXuwuwIPG8vQXhGO1oKDeNTR8LTZT0EIdqu/wKdrx5NNwFqbrzD9u/exeNcMLKX7wFebJ2KVwxwcPVn+xveHpXuKSyq4vQywT2E8Yh8zOr+ouPzpc18F4pLXAPr51/udgH8l1Pk4AuRFbwA6GQd6wQigE9y55WnGvPy3APrTdY0fwNLMGKtXLCKY/0y2EMsXL+K59EXkzS766XsOdwb5hT98Oxx+Z6pcm09nQNfuGy6eY6H4zz7gUGemzZuzJjMfzx9S7AR3/cnjsID1ezfUw/j3/oFxo/8Lc2aOxaypYzF1/DswmDiKA11TRKerqYo3nAxD/QnQJZXO8uoM8Ot/XY5rQ4u9dN1oQmaII7LClMjZo8TFwnD0nT+I3jPxuH0yGv3n92Pg/AHcOpmEjpo43KxJxvUjB3EyMwQnsvfgQsl+1ByKQ/35E/+ipw4M0J2/u+s2mhpbcepME06crsfp8wzk9ThzvhFHTl1F+dErKKu5hIoTl1F1grarL6Ck4jzvJV9adQY5hTV0c9SsetXcfALBgUugdJpFKlsXNg4sh60PpUwfzs4EWOUk2MjGQ+KsC6HjaCicdCCTTYKYgC5STIatZAzs5KNhLR0NgdP7sJKMhb1kMpycp9NxPVhLJsBG9D4EQgI9KXUBqXI7VkgnmUE32WmwstSFvR0pcokRbFjbWIK5jcUsyEXz4Sr/GCK7ubAyJ9VuPx27TOhaloZwl38Ef/kn8JZ+CqXoA8ht5tAHW7MC1br1v8Jg+lToG+hh5qwZ2L5jB/ZGxSMlrQS+QUlw8gghL/4yHpA6GzNlFv7Ew+ssrPwU4s+q89H4//7KFDqB/K8amLP88X+S/WnIfvxxMW9Nqp2G9nx+XGvsdVn+/Pn9LEfe1fMQTdf70d79AN23H5NqOIvkpCxERyQgPHgP/PwDEJ8YTyBPR25EBPKTE+Hh6QWp2AnensFICIjCQe8ApHoFIpmU9IGwMKQmxOJYdSXCwkMJYh6I8PNFkMoZfgolQgiUkd6eiPD2gEoggEokhotcAW+VGp5OTtjjz6ax9f2ucOXLgM7gee7ceYSEhJFqjhyuOn4V/FmYs7enlxfQsS+AVCpDVtYhJCXt453knOh3bR1aUvbVv8cgve4Dunnl8+luLA3IQvEHDhykfXmk0g7zQj72ejdvtj8D+Jff2+4QoFvQ2V2Hs5eqkZAciez8eNTWV6CppRKNTaWoqy9CY3MZGlvK6bwrv+t9bKo5husER7bu+QCDemsVgbgQdxoPoflGJroac9B95TgB9RDaWyrQSRDv6i7B7RZS89ePo6m9Ep0tBGS+KEsJOi9Vob8pF53N5ATcKKLrnUHndQJvawbuEPxvdRShr4mgzhd5KUPbtUzaf4jGw+ggYPdeqqR7UAUGGgn6LaTmr6eS6ielTk7AzXaCeh1rNVvNlf7NC3lo2GeN1pCF6I+zAI4E4FHr2eEIS3JeBOw9t2CV7cdYbjMf85aPxo/bjWDh9Ctu9b5dFfutW7efAXrpEFCLR8C0eARotecVv7D/1YAuLSHFXlI1PLJjmu3Kp/tLXwLzkdctHvrdiiteC/I3qfVngV6mgToDOYc5G8s04xDQ82m7gNkQ0PPyioct922Bvn9fAtasWsqB/utKgvrinwjov3B1zsLtDOLMfv7+W/z0/df48bsvuRpnNhLuP33/FTcGcm0hHc+tf84az8zjYXgG9I9IUWtsJj6dNxsLjKZhHgH68/nT8c0ns/HFhwb451//X7z/P3/GeFJx+hNHD89bZ1Cfrq9R6hqgvwe9SaPJxmDy+Pe52g8PDRr23itIrWcOQf1sTihaj0aj48hetFZG4MbhWDSV7MHFnBAcPeiHK8UJpKgiUb7PH5XJwYjyVOBWZ8cflN8B+gbuoeVGFy5ebiTVcBZFVedQRAAvPlqLsmNXUXqUdZe7hMKKCyisPIfjZ+uGwogD9AHxg7vrx1CpZkOumg4B6/ImnQKJ2gBS1RRY2hNAJfqQqfTg6GIABwK71Gky5I5GEKum8cp0seMkiJzoPPE4iJUTIVSwfbpQOupBoWCV8JPoulMgFk+End1o2Aun8G5w9vb6sLCg1xPMhhWBfbfFRNjaGEAomAtzC1Ljgll0fBp2mupjl5kuJOQAmOyeBHPjyVA6zCCIG8JJNI9U/xzY2E3HDpNpuNaqUZJJGSWITDiEg5mVSM89jJRDh5GcXY3knONIPHSCYK7J7e02d8Cf/z6BmwbiYzi8NQDXhNkZyLUjg7m2IIzZdz8uQXnF4beahnbvwRNUHzmOe/cfvwj0R5oK9ubrfTh3qYX+l80oyCvHvpiDCPULR4BnABwVjlA5ucGfgB3tF4EI3wAEuXkj0tUfaQn7UFddjSNJKcgMjaTPZwbOVh9GgK8XX6FOpVJCqZDBz8MdnlIp3IUCeMlk8CGw+xIQvR0d4SyRQGonpMfOiAoKQnLMHlSX5f8umL9K7bJjxsa7+BQ1ts2A2tbW9kbHoL6+jkM4NjaOq+2LFy9i06ZNfA76yPXTWSj9da/NnAQPD0/enIYJD5ZrH+gf4PvZNR88YEB/85S3+w/IAeu4jPauC7h24ySaW6rR0FiK2quFBPci1DYW40bHmdemB96Yx2+6iZKYfBRHH0BZUj6OZuXjRFkGrp2uQv2pQlw7UUjQLkdX01k8rM/A3aZC9BG8L90kEF8ndU2g7m7JQmNXAbrIuejrTkN78yHcvnkALW2Z6G3Iw7Wu47hJCr2nIx+32gj4zefRx3q8X8vHwOV8XG8+zEP7967n4157MqnyIvTfqCYHoxhdF8rQ01qKOw1F6KqvRM9VcgbaDuFWQxYGOqrRWBOLywescMVzER4m7EB/sh3up0rRVRyG212N9DZr0h5nLh2DW6wd5i4eC+896t/0Ht0mh08L9OLSN4O6eMRYPAT4V8G8lOWdyzTA5iOz0iG4l2q3NXAvHcpRD79GsQb2r1P4pUPOQfHLIF48wl4Aetmzin0I7hqQkzonuDPL50DXWMEQ2EfuYyr9jUC/Th7z1k1rsHb1UqxavoiDfeWyX7Biyc9YvPAHLPnlRyz6+Tss/JGB/Csedv+Z4P7LT99yiC/88ZthsLPQO9unNW0R3TdffkTjh/jyk/n4/KO5HOzMWEHcglmG+HD2DHzC2sXOnEqAn4X5tN/IYBIvhNOfNJarb6bQtabJpU/ix/QmvYdpemN4lbwegZ+F4JktWfg9aocKnbquNyE9VImMCAWOpvrgSn4ILmT54hKB/Ex6II6lBCJvrytKYj1xLC0YJXGeyAhVw0Nq/79XwMEa5fSzBiQdOH2xEeUE9KLDl5FfeRl5pRdxq0dT3dvSchp7In4lBb4AMgUpabkehPIpECn1YSfVhYOCgKsYCwsBqW7JREgdJ0OhJqiqJsFWPJYXvylUhpAodSBWTITEUR8OBHQVQV6lnsqbxzg6TaVzpkIlM4BCYgB7h9Ewtf8nTB0mwp4txCKcgd27dWFmOQOmVtNhZUeKXTib4DwTxrunwNzKALvMp8HMypAArw+pYCZszfRhazwVUpvppOCNIJXT+YLp2G1niDWbx5PSX8SLNW9292Nfzhny/k9jf/4p7M85hX3ZJ8iOo6DqaaEa+3IymLOK9j/97WmofaQ6f0ahjwi5OzmPCK+/BuRatd7Z049Sgv9Lgf5wEAP3B9HU3IlDOSXIyihC6v5DSNybjLiwaIQTvFViOb0HSvh5RyDcOxJuYhUCVe7Y7xmCxOAwNJ4/g+6mRly7cAFnqqpw9mg1okNC4K52gkxMClwuRURgAELcnBHmSs91UsBdLIWalHmgmwvcpELI7G3hQ/tjQzwRG+WBvQkKtLb/a+H213Vra2lpIaB6kMpOos+MGtbW1rwo7k0d3rTzzyMi9tBz9/MCupKSYr6fLbfq7eXNV2errj7yxuvU19Xz67CmNGzKHPvyFBQUEtzZCm/pvAjv7dNit9F28yIvKGu8Vo1LV4txtaEEDbT95Mmj3/WdPpZ5BPkRaSiIOogCAntOXAoOxRShNCEbGYmHUBGVi+LwQyhPy8cRgv216lL6DBThBinn9ptVuFVXge62Gh5+7207gettpM77SJlfL0VbQzk6+zNwu/4AfWey0Nx9BB0E/962SgJ2habT3NVDfJpafz2p/Y5ydFw9gU7Wla41HQOtNXzRl746Uv83c+i55BA0VOH21ePoPk+ORnMabhzbjwu+W3HFdSN6w7fjQbo1UGyGrrxtuJ0mxv0L6eQkNOPxoKb1bV9/729+j3p6+zSqu7RyeNTCV7vvZTZSsWufpwXvsFNQOgTdIXAPn6d9jdKq4eNPof70MX8e2RvVPwd8+YvqnKUEip+FfFGxJgT/TB69UBtyf2paoL8I8tJhmL8R6OzL4kk3CCszExhv34RN61fx/tfrfl3Ou2Yxpc6MwZsBnanvn3/4egjw33Bb8ssPw2qcjQzu2mNMyTOws32ffjSHQ53ZZx/N4XPRWRie9XdnofiPSa1/Ro8/njeDF9OxjnJMjWsXc2GFc+yxdpEXbXX89KnjuM001IGBLsF84igYTBmHKRNo1B0LX2+34d7L5ekxHOxlCW6oSnRFdaIbymPdkB/livQgR6T6y+nL6I78SA9IjNdhX2z0v7VKkwG+ta1rSJXfpQ9QENQuH8DJZQ6UTkaQqw0hdyLgyklJKydDSOraXk5qWjaOjOBN0JaRCpeqaFRNIAU+gUA+GS4u06Fy0YOUHVcxFT+FYK4LFzXtd5wGtetMCGTkBEgJ8FI92IhGY6vVP7DZ5D1S5YYE+Bkw3mVA8DbEbjNDCO3mkUqfju2kyLft0IcJK4KzNoSD7TQC+VSYbyFlv5OcA6s5ENjOhiWpemMbPWzcNRnrtpFjYDIPltvmIz8niv+tJTX1SM4/g/0c6meGts/hzOW2Z9Saju6sV4J8pLHqbqbO1S6er51P/gzMyR4/0lSwX7ragIu1dcPT01jenIGctXjtI3XeeqMXVRUnkZtVjMLcSuRnFCM5Mh6RXv6IIQsiB8JZrIS3yhPBrn4IcfZEqKsnEgPCsT8iBueOVaOllqDSeBVHS4vpcxaFxLBQ7PXxhbtKQU6VAKEBXkgK80NWXDgiPD3hJpFCZmsDldABTkIbOAqs4KF2IFD6Inq/ErEZUmSW+r11g5a3Uee89eqpUxzMLBReWlrGC9bCw8MRHx9PcLzzxlw2uz7Lvx87dhx1dVd5CN3fP4Ar7NDQMJw5c46H0tm1XnUd9volJaV80ReWg2Xn2dvbw8bGllcrHzhwgF/3TVPmngV7DzpvXUXz9WNouXGcN9b5PT/t7Z2I9clDTFg2siIKkRBXhMywPPp/lyM7rJDuMQU4lJCJgvgsEg7pKIzJQF5MKYmHeFTuzcCJmgJcIxXfd6oc7XcO83D99bZcUvMZaGspRe+VYrRfP0vqvBg9fQTt2jTc6s8kRZ+LDlL67ddzcO8agzYBu6UAty/moLOpAn2tBehsqMadSxWk6FNwqyOXVDk9//IxOl7GC+lY+P02KfjrlXtwxnsdKfQtuBG6BYN7jDGYQUo9bQMepaxG72FrPDjhintN0RhoOYlH9/p/8/vE/l/PQvw5Na0FdelTSBePBLkW3KUj1PdIRc6vWfHstdl5I64/DHct2EtGAL6s6gWYvxBBGAa8VpVXPgv0kUq9WJP751b01IZhXqSBuXYcCfOR2wzmbwy5l5HHLLSzhYONFd14rWFtsRumu7Zh57ZNXKkzxf7ryiUc4AzkDOwM6gzUbGTQXkxKmO1nxxm4tcVx2py6JuTOKuHZFLdP8cWn8/Hlpwu4UmdFckypP82tkw1tM+Brw/PsOAP/SGPT3lhnubmk6mcaToKh/lhuMwzGE+DZVLdRfPk6Nn775Qc4fUqTC+9obcTBQDkO+ouR5i9CZpAM+31EiHO3R5yrHZK9JAh3tMZHdF3tSmX/7p9r188gMGQF3Dw/JbU9A1KmpNX6ECqnksrWh71MB5Ys1+04gRsLnUucdCB1GU/QH0/PodF5LATy0Rzizq6kvl31oXSeAicPAi09VjhroM7C7ayvO5t3LpTow9RuPMxsx5HpwNxyAqxt9LHLRA/GO/XJ8ZtNn5WZsLOaRXCfhvVbJ2PXVgNs36YPS5upsLc2gNh6Fhxt5kNuPRtCgrmxuS7WbJtEqnwyNm7Sg/nO+XC0/AZC408I+h+grVmTs0wpOo8DheeQXHCW7AySck+j9eazCsDGXqyZZ83C6UyJM3gPTdMaCfTvF65AeWX1G/PkI2GurWZnXd/yi0tJhT/AfSI5C7HfJWPzym/2PMKNzgc4d74VyYlpOJCQivT4A4gJCoebQsVtv3cQEnyC4C1zQiCBPSkoAgfCo7DXLwAXjtQgNz0bsdHRyM9KR3JUOFJiYxAe4IdAL1eEeXvA31WNIE8XKGUO8FbLERvoTddRwVUigatCCmeFBBIbE1LzdvDwsURsqhwJ2TIk5EiRlCPB5Yaq3507f3ku+hFXyCEhIbw4LS4ujs+6iIqKxokTJ9+qY5zGUX2IhIQEupkVkTOSSgr9KMH+BME9lDverGL/eSBrQvSDw6/BfmfWpIZdh53P4M6OsXnylZWVwwvBvA3YWS/73wtz3i8hIRdOZsFQmYYgQB2KCDd6r5RxCHU/iAifDMR6lSHRPwUpMXSj3peGrJgc5EWWojg+BTmRxaTokwn0h1BISv5MbhGunTyMa6SmB+qOYOBSKVrvHMKNtnI8JGtvOon2lqO8Wr6nIRP13eW8Sr6r6xhuduQR3LNxo74I/d0Hcac9CZ2N6bjVXIYHzRm415GPm23ZGOgqJciztrJsPns2qflstB4JRYnTKtTI5uK0y8+4G7oOd9K2Awc340HOdvTnbENv/gbcPKFA3+UY3D8Zh56mq3jY2/7W7xOrch8J9GdB/BTUI+E90p6B8vOQ/q02MkQ/Miw/AvTPA/1lRXOvDr+XcyssKn8K9WJNYVzRCJWuBXmBdju/5IVQ+xuBzipT1UoFRPZ2kImE3KTk/YvsbWFuYowdWzdg7eplw7Z0kSb0rg21M6AzcDO4s/3Mvvn8Y/z03VfctE1nNOF4ViT3MT77eC4H+lefaYDO8upsZGpcC3SmvLUwZ/u1x9jIQK5pRjNteOoba0wze4YuZk2fyEPvDOD6k9/noXim2Nm27sR3+WNXukEODGi8yqy4QMS42CDezQZhjrsRKt2NEKEJAoW7sOr7z7B106Z/O8gfPbpPnmQIxE4zYU6KWU7KWe5qAJFqIsRkDgR0EQFY5EiwdhxH4zgC9yQ4uhCYnSdD6jQGAum7EMpGwVbyHtlocgDGwsWNOQQTIHIaC5nrJIgI5PaOOjwkbytlXd9oWzAW9oJJMLfQwfZd70EimUY3SgNYWE/Bjh0TsX7NWFibGMLWltQ6KfKtpMCNtxtCbD4fUvtZsDGdAomtEanL2RAJjEjBT8WG7brYajIVy1ePxeZ1BpBbfAkv0RK4Wf0M+Y6v4Wu3CMk+FnhC0rjz9gAHugbqZ2g8S7B9NqxbTUD8z+fgzWD+pxGQr6isfqs8+UuhzuB97yES96di4MEg+u4+Qc+dJ7hFqrz99mPUNffi8pVOXCE7sD8LEQF083Z2h7tYAbm9EEIrW/gTyIOVzojy8UdCcCgSAsOQuicGSeEROFZShKKMLHjRsfiovTgQuQfBHu4I8vCEF0HbQ62At7MSPi5O8HN1hlIsgKuMVbRL4Okoh6+bE1QKByhVZgiOFCDqgADx2RIk5jKoKxCbLkRClhz3Hgy89bzdt+2lrj2fNYBhRW9Mpe/du5eH3hnka2trSYHXDefHXxt27enh89ZZ+9iSkjLuLLCGMuw6CoWCX59d93W/m/Z1GNjZtViFPIM5y6nHkpPEIgssx87U/ZvSA7/3p//2HVjvCoXU2Bt2ZgFwNA+AzCQIgp2hcNwVAW/bCDjbxsPTwRce4jDEu5Aj5H0A+z2zURpfjaygfJSnVqMoOg35kak4HFqDkqgyVO4rREVuFq6eyEb71Qr0NNeg81oVbrRkoreVVDYp7e7WIl5A10f7u9oPopcV3rWX4WYzOaUd9JybJbh1Iwc9reno7szB3eZCPGlPw9025iDk4UFDOan4bPTVVaLnVDaOxJgiw+FbnJMvRI/vL7gbtw4DmRvRlboRjwqX43bKr7idvg43y90wUJtMzkA+OQX0+nXn8KC7ib50r59eyOaBvxG0Jc8pdm5PQ+LPOgFaoL8Z6i8D/zPh97LngK4Nxb8kBM9AXVJSPlw0xx8/F27XqvZngF40Iuz+QrhdWxg3QqE/B/dXAj0+Jhruzmo4KeRwlEmhkssgF4tga2kOgZ01bK1MSalvxJaNa7hpFTtT5NowvLYIjhkLvfMQ+5ef4tsvNMr8aeOZz+gxm942j0OdjZ+SOmcK/Qva/uSDWUPz1p+G4RnAmTrXjszYfgZ8LfxZpbxmwRem1jXhd6NpE7hSZ2DXqPVxw6BnUP/so1k4fFgzveJGUx3SwjzhZ7sF3hab4GO1BbtX/gzd8To4lH3o3wrz9o5aRCVsh9xlAazkurAQ68BBPAEKt4kE4SmwJRUuYNPPXPQI8vpw8SfV7a4LJ1ddqN314OQ+GRICvUg+BkIpwddhFCwd3oHMcQydM5muMQFy9wkQq6cQ0PV4hbudlEAunYjdNqyP+xjY2utCINCDpf1YWAl0sNtsMrZvIsjvIJW+ZQoEljNhbWmEbcZTsG0TqXnjGbAxN4LYchqcRXMhEBvCRjQZG3bpYMWGiVi2fjyWLpsMs82z4Wz+I1zNv4PU5HMC+nfwslyKcNGviFOtw+kSTV/yihNNOEhK/SDBvOhI/UvfJ/0ZC57CXNtI5r/f/03h9VfZ3XuP0djcgbiEDLTe7EdTaw8p8vu41vEALe33cbG2EzVHrqC06BTSknPh6+IBN4kSKoEYCqGYA11tL4abQIK9Pj4ozUxHanQM9oXtwcG90Yjy90V+fCIiCej+Xl7YG+iPUG8vhNC5Lux7KBHAxVEBpVQCJ5kEKpGA3nNTAroYYb5uiAh3R0CoCKFx9ojLECH+kIRMjkSCeFy6CJEpdgg/aI3Dp1P/ZXX+NoBnz2PKODc3l6th1s71zsAAIiIieNHb6dNnCKKDb+VMJCYm8SlprI0sm31QWlqO5OQDfB47C+u/jfLnefb6eqSnp/PiPabYk5P3o7OzkwOfjWw6XHZ21nCK4bc4Mm/6KUgpgtg4GGqzIKit/SEyDoHAzB8Wu4Ig3R4KCQFeRKOQzJFMZecLJ/NAAn0IgoXk1CmDkRiZiLy9lahMqkJhfAlOxpag7GARcpOykEbqvXxfBs6UluDmRVLoN0rQc/0CH28QrDs7itFde5xgX4Te3v2ov5ZHSj4DbdfL0d1MKrylCI9vFGOg9TButxxET0sBeq6l4V5XIe41VOJuUxEe1ifg4c1CPDgTjdNOy3BY/AWaQn7Ak6RN6Dn0Kx6VWuHxkbXoK9lFf7AtUGYCHFWh50oiX9v97pVcPrf+zsVc3G+vx+Ar/m+sucu/pKZ/E6gr3+rc552Dl6l17fabwvDPh9m5Oi8qHw7DFxWXPQN1FmIfCfSCoar3kUAftqGK91cq9KqKMsjp5iF2sOMQZ0B3Vas44F1UjhDY2sDBxhpW5rt4CH7T+tU89M6q4Fev+IXDm5kmt/7NcE6dhd21OfaRYXhNkdynHORcoQ/BXQt4ZlrVrg3Da6e5aeGurZDXNqJheXW2/flHmg50DOxzjPQx03Aiz6czmDOwM6AzlT5F5x2u2BnUmcml9ui5rVnQpCLzIFx3roHNrwsxZ+oUeo4R7t+7/28B+WPyaMsqybny/Q5qrw8I4LNgT0AXK1jF+Rg4e0+B3G0yHNQEdBWpcJfJBGUdOPvp0TF9OLnpQuY0HioCu5JUvKOzDuT0WOE0gR7r0DgKIgWZciyBXx+OBH+RejIBfQxsxOMJ+hNhbDGOoD4eNgK2NvpkWNhPwG7ridixSQfGK8mZ2DodZrunQyiajW0bJ2DHhgnYskGHbljTeX7d3mE6bGz1sMV0NDaYjcXKjTpYsmwSli2dANMNc6Ay/QrOll/D2eRbOBp/DS+rJdgj34xI+QbslW5AqHAt2ls1AE8rvoD0wvM4V/vySmqxTKWpZP/bqOHw+siZBG8C+TM92J+zW72PkJFdgaR9ueT0XcCJkw04c64FF+s60XL9Hq7WdiMrvQh7QmKxxysEIW7eUItkUBDQlUIp3Eidq0VyeEoU8FFIkZkYh9S4WET6+iHaPwCJfn4oCA5Glm8Awjy9EB8WgujgQIT5+xPExZCLHKCSiSEjkLNomZsjg7yQnAUrBAbIELNfiZg0IWKyBIhlMCd1HpcpRky6AJGpdohMs8OeVFtut3rbfrM6Z4/37NnDu8Cxud9vgilTvwyYJSUlSE1N5b3Yjxw5yju/JSQk8ec/evTwDUpb4yCwa3l6sgVbcriyZnnxrKwsrq4ZkF+X62fnMNXPXo9NsysvL0N0dDR3LC5cuARvb28enmeNbljjFBaar66u/s1rvr80ZH/vIaSW0ZATqB2sfaAgmMt3hNI91BcCkwAICPRC2udsEcT3u5KCl9C5alLvEhs/cm794W4ZDDfzIHjYBcFTtAeh8nQciq7AqTJN+qAmqwgFUVnIjTmEvNhinMjMREtNPvpvlJFSr0E7m6J24zwGesrQX3sWvW0E2NuFvPVs881i3Go+jt6mMvTdPoa+jny0Nx8mFZ+De7eKcbu+APeulqKvvoQX1N1pzEHtPgGqZbPR4PcVOmI2417iWvRkr8WT7B0EcREBRAAcIcszxs1sRwxWBeFhQwoGzh5A11XNFLp7jWm4c/0i7j9+djrlXXIE/2igPw/zl4L6N4Thn8nRj7ShaW8vzHcfCXRtIdyIfPrIcPtTlT5i6lqRJofO4F3I1Xrxs0Dnc9GLXg50FmoXOljBwdYcSpmIV9QqCeju7q5wc3GGi5MjFBK6uZDZW1vxxQ92bN3Ioc5Wo2LT2lYu+5mH4Jcv+XnYtFBnoNfm1UcqeM1UNtYHfgE3bfidbWshz6vhaWQrt2kXcWHKfN5MfXy8wGg45M4Ar8m7zxhuUqPtQsdC8HOMdDF3Jiumm0Jg1yh2bQiebTPFzkD/2UczUZifo6nmrb0Eqx2bMOZ9Uqo29v8WmN/suIrwqI2kuD8mUC+AwnUGlO4GULpO5zlukfI9SFWjIVWPg4NyHIROo0mhs5GFzgn6zpPgQCrbQToBEhkBXaELT+9JcPWcDBfPKQRwArvbaDpvFJTkFChdJ0JCzoC1ZBwsRZM4zM3tCOAOk8h0+Fx1K4fR2LTrn9hhPB7W2w2xdcVEbCGwr9k6ARs3jqfPgg4sd9DrWhPgBbNgba8HM9spMLbUxcrN72PJulFYsYachDVGUJl8TzeqRfC1XY5AwSJESFbB12YZfMjCpRu5BQvWwMtuCYLcNuPhw/vovn0HOcWX0d7x8oKbU6fPcph/v3AZyivfbhqaZgGVlyyqom3l+lgTbr/V/xgHUouQklqMrMwKVJad5XPi84tqcOlsEy4cOYP4wAi4iiSIVDsjJSgEHgpHuLNpag4S+Krc+PQ0P7UrQt3dEUIWSNv+Tmoc8PdDUUgoDvn6IpMU+f7AIET4+yDIxwuuKvadE0EksOPRMQZzicAB7k5yuDoL4Olrh7B4B8RmipCQLSZVLkVslgRRBPDIIYBHpNhwdc5GZjkVIb9ZnTOFfCg7B70ER6aOWZ68oKDgjeBjc8FZ2JvNMWdFc5mZWdi8eQsB2puvn66F55uuw6awsZAscyoY0NlcdDZVrbCwkL8GC+mz4reXTS0bCXvWxpQ5GsXFJbx7HWsvyxaDycrK5lPoWHSBVev/ESq9ouIUxDtDYE6QFph4Q7grGErLUCgI2ApjT1iTOldZ+8J2B1PqQXC294OSIM/Od6TnqR0I8AR5la0fZKTwZSYhUNExf1EQOb6xiA3MQnlmIQ5nl+NwSjmO7aGb/t58FCSUoTIxH/XncjFQV4SeWxXobqpAf0MpKeY89HQfx422bLTWFaKnNgvXuo6hh63oVpdFjkARgZtUel0S7pxJxsCFLDy6EoeBqzm4fyEFbZWuOOa8GCfsPkeL37doDlxIKt0Kg4VWQKUTUKQioEuA43I8qbBHZ8ZqPCrZjtYic3Sf9iSoR+J+czKetCXhwbkYcjjq8bBP0wr2Hv0fXwbSsrLD3N4+VF751uf+y/l1bpVDBXWHuZWUPqvYtRX2RdriuGdgrlHow+qcoK0piivRbGuh/lzYPb+gaLi6XZNDZ0B/RQ59T1gQrC1MYG9jDpGDNakBe6gd2Y3DCU4Ec1dXZ3i4usBRIYOI59TtYGq8Hea7d2D7lvXYuG4Vn+K2nE9r+55Xw2u3WSh+xdKFHOoM+My0Fe9Mrf/43Rcc2lp4awGvVetsmx375EOC+YLZw5DmYff5pNTnTeOwZlXwrOMcy6FrW8iyHvHa8+fNNOSheeYAzKVxFgf7+GGQa6a5sU5zo6Cv8y4sTLahs0PTGMGLbkJHjtT8r4KcTdc6XB0LtccHkBLErQnENoqpkDrPIAhPh4ffTLh4GRKAJxHkdeDkyfLeY2Gvep/gPJbOHQdbmQ5X8rYiAq/9ONgL9CCXTYWXryFULrqk3CfR9ScS0MdC6TWOnAZWGT+OVD5BXDAGVkJS3sKJsJfSa4v1CPjzeNGdpXAstpi8h50EdFszQ5hsmgql6VyYbdGFxVZD2FsY0edmLsQCI5gJ9cgh0MV2c12s2zEei1f9E6tXjoPJrzPgY7UYIbZr4GO6GP7WK+Bh/QuCpEvhJ/wZAQ4rEe+yC2Gy9QiRr4an9CdI7D5FykEv/v4cPdX8Qv78melBJ07+tjz5g0GNDQFdC/VHQ9PQ7jzU5MtvDQwiJi4TVYcvIj2tDBkHS7A/KQf+3iE4uDce+VFxSPILRDR9RlICgnA2PRORBOc0UoN+jk5wFcvg5+yOIHdPxAQGkAUjkqCe4OOJg6F+KE2KJYUVTereAyEe7vByY+YGZ0clxA72HOgO9tZQyISQS23g7GYF33AC9AFS5KTGE3JkiCeQx2aIEJ0uRPgB22GAhx2w4hZx0AaR9DiGYN9y48JvUuesrTArcmNAZQqXzTlnYWwWWmdTzd5mRTWmftlKbAzkbEoZ6yAXEBDAw+oM7Cz0/aaqeFYcd/rU6aF2r4N8BUI2vY2F5dmcdKa4NQ7C49dMCmX/38e8LzxzNmJj4+FG7zd7HmtVy1aN+yN+/BUxPG9ub6YJq0sJ1i4EbhEDOMGdwZmF3YV03N/WH46mpOTNAiFjDgCZlanmHBmdL6TnKknNi+l5VuQICGmf0jQECoe9CBHGIj0kDtnhpSjZW4Dy2ByUxOegKjoXNXFpuFqRhlsNp9HVmodrN87ibmMFQbscXfWs4G0f7jd44eGVPWg/6U8Q9kZf+m7cI4X9KGYD2rJMcDpiJ8pCV6E6aAVOBM1HHomE7J2TUW5nhK6gX9CXbAkUEMwzhECJHCgl0XNchSfFQvSXmtA+U3SWrsZg0TL05G5EP1Px5wLR15iCjuYM9F7IxaO+ev6/fRNMy8oPc3szeA+/dt/bXePF1342JF/5gsNQ8lwIXlPAN2TDIC8bAfSn41Owl3LThN01YH9+LvrTgriilxfFnT51EjKxPSRCUgK2VpCLBQRsGw52pUzM8+nubJ4rmVwu4SNrcmFnbcFD77uNtw5Nb/sVa1YuxZpVy4Zz68sI6ksI4KuGAM9gziDPjIfnf/x2SLV/yaeuMaCPVOZs5HPVRwD+i0/mc7AvmM2U+AyC9FQsmDMVs2dM4Y8/IyXPQu7aXvGafPrMYVswe/pw3n2W4RTuDLAWs6wK3mCKRq1PnzIGE0f/DQtm6SPt4L7/dVXe2d2IiPjtcPT4DGKXmRA46cOOICtSG8DRbTZcvGeRup4GV+/pcPY0IIAzZc3U+AQC/3uwkr2D7TbvYJP5+zB10IVANhlmdu/D2m4SlI6TCOasmn0GVG76cCe4u/noQeWpA4X7BLqOHuyVU0idE9QdJkAsmwKpky7BXR8i5WzYiqfR/inYYj4WO8zGwcFGF5Ybp8DDbAHkZnMgt1oAlXA2rIXTYGI3AZstRmHjTh1sMzbCsrVTsHjRKAh2fwQ/wVL4mJMqt1qFvdJ1cNv9I1wtf4C/eClChYsRp96CcOV6+IqWw03wE6nbL+mm9TlsrD5AU9PbzSl+8pbhdQ5vbuzxSJU+yFu5ss5vN7vu4PyVazh1volgEYWc7Erk5R5FBqnz/ZFJCPXwRaibL/bTDXWPVxgC3YIR6BGMfSF7ERMUhHOlBSjYn4hAcoQDCeYhXl4IdndBXJA/cgjiudER2B/uj4zYcOTTeQej2DXIcVarIZfIeM5cKhTQ99KBYC6i754VPAJsERRHcE4TIpYUOQuvJ2SJEMvD6w7cIg6Scj9gzRU6U+d7yPYSzPem2GJvqjWSclTP9OZ+07xzvoRwZzdu3GjjCp1VlguFYl7VzkLWLD+eTk7Mw4eP36jYGbxZPjs4OITfuK5cucoXu2CFbydPnnzjKmoj4c6mp7HrlZdX0P/sCYczcxouX77y1pX6DO7MMWF/u42NzR/yXa69UAupuSscdgXCYbc/BARtW1Ljol2+9DiIwB3Aw+wM6I6WBHMrerw7EALLQEhJndsR2JUEb5lJMMGf1LppIJxJ3avpuJiezwBvtduDh/HdbAMI9BHwtdmDRM9UpLPpcXvTcCgmD2kJeSiLz0f5vhTUVh7G9RZS6vV56Locjv5cUtGxxujM2Y7BjE2krgnMxSboP2QBpBKUc63wuNgM9WGLccppOrJ3v4/Cbf8HyRv+A8mL/y+UWo/HcfWX6IhdhP4Uem7JToI5Ab2MqXQHMjF54AT5clLvOWIM5Jmgm4D+sHQr7laI0N1cjjvkVNxsLMSDrsvcSXsVQN9m/28592WOwb8C+RdU/3A4vkJTGDdiWt2zFe5lQ9tlz1a5M6AXa6BeSGpdm0Mf2WBGOzKQM7XOoV4wYh46my4QSjcfduOQi4VceStlEijlIkhFtly1ix1IFTgqICbgu6iVfIUvVxc1v+GwJUtZTp21iDU13oHN69dh/ZpVZCu4St9Ayv3XtcuxYsUi3piGmTb8ziD+C8u1//Qdb07Dwu9ff/ERB7lWlWuB/t3XnwyrdG2u/ZMP5vDQOwvBfzh3Oj6Ya0CQ1htS6rM42LVAZ2pdu9Ib2+YqfcQc9jl8IRjanqGHWQY6mEFAN5w0ClMnvQ9Dgrzx1nVoa7v+xzeSGXyCyppYuPl/QXCdA5HLLAgcjUiBfwCZ60yIXA1oNKTH0+DsMY1DXcny4y6si9sUUtITuEpnPdc3m/0DO21HwVQ4CbZSfVgToG0EkyBnXd/UulC7TOXOgLvvdDh56ELlOpmuOxkStR5s5PqwIVVuR6PE0YCU+zRYCHSxy4qFzSfDVGBADsMErN8yFgqzWVDvngNnmw/gJFgAkWgBbISzYGo7GZt3j8a6re9h8fqxWLh6HLZtoL/F/DsEiJfDyfwHuJsuQoDVUiQ4bYbr7p/gabMQYarViFZtQJTjevhJFsLZ4Xt4yBZzdW5Fyn/9Fn04Sxbhwf27r825vgnk97XgZsBmYGfjg0EN0B8/e6z3ziDOXmpFVnYVkpLyEB6chH2JachLL0BKeBI8RQq4iZRwFrvAV+WHcM8w+LoGISIgAnFhUQj3DkJFxn5UHzqAvP0JcBYJ4eek4kVxTIUnhQdir7cb4gJ8EBPsj317QpFAaj3U0xneaidyounaKhVcnJwgEFpD7WYPvwgBwVmEGIJ4bLaUh9jjCeZxmUJEp9mTOtdAPWQfU+U2dK4t9tAYmWytgTlT7PvNELHfAueuFP/mynbtOR0dnQT2BJ5PZ8uclpWVo6bmGA8ZaiD56hw7U8Zs3npCQiJqa+tIuZ/lz5XLFTx0zlQyuy4DOwPy7ds9L4CZ/Q5MSV+7do2DmDW3YWB3dHQkU2kijnv2kII/xHvGs+8YC6e/LN/O9jGHhDXJYTn/P+InKCgetgRma2sP2O/2hITgbUPbTmaudI8MIQXuA6W1N+wI6PZMpRO85buCCNDBUFsEwprgzgvoaLSk0YmUvQNB3dWEKXNyAszY4wDIdpKatwwhJ4EcAIsQ+FiHwsvOD2HuGTgQGorsvTkoTDyAiphDKIhJR9WBbLSVe2AweSMeJZnj3oF1BPKteJC6Gg8rZUCeOVCtICjTdrEt7tHn5U7oUrSSOq+QzsNRgnjKhr8h9ps/IXXb/41is3dR6/oZakN2oSPXGA9z6fnHbEmhe9A16DpnPIHDdK1yWwxmb0B/3jL0V67CjfLV6K12wuPzHui7WIGHHVf4Z+blUD38CsVd9btU9v+GaXP0ZUy9lz7b8EYD9bLniuTKXwP0Mp5Dfx7oI6HOcuovNJY5uD8ZXvRhZoBmIT5e1S4VQSxxgEwqgIOtBQ+rs+p2gZ0lQd4OapWMVLoaaif6AsnFXN3v3rmVA333zh0w3rYV2zZv0DSiIcW+avVSDvXlS3/mefaVyxbyEPzCH9nc9c9IoT9tTsOMwVvbbIaBW7utNa1a144M3pqCOaa+WbX7NIL57KF9T1dx0wJdo9Q189i1xXS8O92MqZg/g+BuqIuZU3Uwe+oErtT1dN7FtMmjMH+2HqKjI/4wmHfdakFE4lZS5PPIZhHQZ8HZ71NInGdD5DQDdkqCMqtiV0+G3JkVuhEcnfUgdZ4IR4K8ypFAx4DvrAtrCYP4JDiQurYST4BQqce7wwnl4+HqawSlhwGc3Qno7swZ0IFAMQ5ihQGkiqkQkWNgp6D9zkZ8NBWOwxarMTC2H0dOwjhst5yIXaZ62LlrArZv1oHcfB4UlnMhsJ0JG1b4Jp1JjsQUrNs1lofYl6+bgK8XjsKGNdPhYv4T/GxWw333QnhaLIKvxWIE2ixFovM2UhUr4Gu/EiHylQiVr0Gw/Ff4yEi1y76Bo+Rr7No1A4uW/hM/f/8uNv6ii+KDkS8vfnry+kI37Zrk3Ia279Kxa+23cOlqK69cv/dIs1659tz2noc4erIO+blHEBKUBA83f0SE7EEoKe0EFy+4CxXwkbrAU6JGsIc/XOVqKMRKuDu5Ii8zAz6kymND/RET4Iksto69pxsifbyQFR/Di96SIsOwx9cTnkoZQjzd4eOsIgXvgj3ezvBzUcHTmb6PKgVUaiGcvCwQEEdAzhAjLocgzkPsYh5mZ8VvUaSoNMAmRU4AD06y5GH3Pcl22LvfFrEH7BGT4sDPi0yxQlSKNRIzpLh7r++tusK9rlscy0WzaWbl5ZU4f/48vw6btsZy3Qyir8vTs3XNGxoayJp4RTy7qbMCNbbwire3F69ql0ikPKz+SmdjqHiOOQMsjM+6zLFlLtka6ra2tsjMzOTPraio4L3eX7UIDJva9kfkzlta2mFp7gYbArqNjTuszXwJ6n5wMKHRzBsOVp4Q7vDDboK3lKlwUtxyC3+oWI6d4C4nMKtMQuBJELciJc/OYUpcRCNzDBR0jp0lnUswZyF5EYFeRYBn4XyBRQBcCfByqzC4mvojzCUWGeHhSAtOxOGUCFw7aIHHmduBSgJvNClltp1I24WWGCwUATWOQAqNWVLaJ0JvBin25O3oDt2OS4ErcFG6AodtpyN/158Q/8t/IGXr/4NSm5k45/8jbkdtwc2krbiVtRkDZXS9GlLmF/xJqRPYjzMHQUIKfieeHNqAvvLt6I/ZhYGTrhhsTcBgxxn+uXleOf9WFf2y49prvm24noE3LCQcqamZv9kpGJ4+N1w8VzHcaEZj5cMNcTQQrxheXOZl9qI6L3k51AuGQu6sBapCIoQbgdnLwwXuLk7wdneDk1JOCl1KH0gL2BDIGcSZCrezNuPwZiYW2EClkBDQJRzqQnsrDn9T450w22WMXdu3YQdB/dcVS7F61XKsXLkEK1Yuwto1y7BqOQvDf4Oli77nMGdQZ3l0BnNNbp0VzH3B7YdvPxsOxY9U7GzUhua/HFEJrymYmzlcFa9tQMNUuRbqT8H+dO31D1mzGtZuduY0zGeNaaaRUtefBCPdcVytG5BSN5j4Hh/Xrl6E5qbG3/XFr6pJhMrnS0g95sLeyQDWMlLGbrPgHvQNwX0OrOQ6sFZOhK0js/GkoMdCpp4KKSlzIYHaXjERchdS2W4GBPlZcHX7BgLpDFgJJ8Dc7n04EfDVbjoE6VGk8CdCqmKLrWh6urOOctYEbVuxHkSyafR8Q3IADOCgMISZeCLBeQLWGr9H4yRs2v0+TG1IoW/VJ9UxA2L6AivEH8PCbjo2W+hgw+4x2G49CTtIva/bNRorSZkvWz4WNjs+RphoDUIFaxHisA4hdr8izGENgmyXIUq2FnsJ3uHi1QgXrEGIdDn85YsQ5LiIlPnXsLMzwuadU7Dkl7H48pN/YMOqmXA0WYi9jjvx6MH9t2rXyoHO4PxocMg0oNY2hLk98Ainzl9DadVFHD/dgs7bD/kc87tDufMBYtHFyzcQticRcpkbIlw8COJSOAskyIkORuH+SEQ4uyHUyRn7I8LgQarazl5ISswe/r4+CPTxJdB7ItbfG6EujkgKCsChxFicKMnHpSOVaLt0DkkRoXCRiqFmkTEbGyhFDgh2VyHQTUXfPwH9r6zhS6o8NJnUd5YA8bmsgl3GIa61mHQhgZxAzXLkTJGThe23JmVuyy3mgB0SUknBs2ukCgjmdog5SEo/0QpVx5Jfq86fDGo7rL18qVMWQk9MTIS/fyCfZsYK1ZhqZhXpdXX1vBVsfn4BL7h909xxBlsWimc5etafnd3gWXU7gzpr59rT0/dG4DKwM3CznLha7YxLly4NrdY2gMjIKDjTPhYheFm64Y/62ReVAisrH9gTUM3MPAjgXnQPdYU9KXBzc19S1UEQmSggMfUl2PvBioAsZOrbOgRmBGyxSTCHt+1Q/ly5y40cAX+4WXrzxzYEbRnB24nOszcjRU/nuhLQxSZBsGf5ebqWwJYcTlMv7HP0RVqoD86nqIDc3QRUUyCNFHSaBH1hm9G/ZzseeK1Gf8ZuAiyBnT5jD7MIvhn2GNxnjLsJW9G9fzvu7F2Pq6E/4YrtV6hRLkW2TBf5pv+D6FX/gZq1f0ae9FvUhSxGa9hSNCavwZ2Mn3HzKF3vuBBo9AVOi8lZoN+hzJh+BzEeF63F/YKNuJe/Fr1H5XjYfZX/7xgsyyuqXwnh14XK/4gQPbO01DQYb/wVa1csfyak/vQ6h99w3cMc2CyCZWNmDpOdxogIi0RxacVwZ7vh6veSp5XvGnWuVeqlQ+q85CX93It5cZxGmRc+Vej3yXsOCfQlGIvg4iSHnBS5o5zgrlZxpc6q2tW0LRYQwOkcMUFdpZQMA50BXCK05c9XyoR8lAhtICHQ21iYcbVuOpRb37jhVywhdb523QryuCXw8SZv1c4amzetJtXOcurfaMLvP7EFX77gQF/4gwbqP3/3Be8kNxLkWsBrFfq3bPuT+dw0S7HO4mDXQl3biEYzb33WMNC15/Hq+DmG+Ii1liWgf2CkUetzDfQwx0CXbBKm646Bkf446BPU2XQ3o2k6CA3xf00Bzqt6FrfRzc8KTp6fw8FpJuxUBFLW0EWlT0p8OsSubHU01jxmDhyV8+HgqEPnjIGl/D3YysZAoGKFb6Mhd2MFa4ak1qdBrjZC7J618Pf5AWbCMbCVvw8XLwMC+iS+rrlQPYrATc8TjIO59QTYiSZBKieY02s6EMhtZRNhLdYlpT0HJg562GalQ5CeSMp8ErabTYQpbfNV1axmw0JgCHNbA6zdqYPV28bwCvZN28djw45x+GXV3+n//E+YbJ6GAMkiBIvXwk9AIJesR7RyC/bI1yNGtQnRTusRrlyNWPU2RMs2I1i2Ct6yhfBWfgcnwSfYtlMfy1ZOxJKvJ8Bh08cIlq7DqZKMp2pyUBMif9W0swdDavve8zYE9L67g+i4dQ8nzjSgrrGXwN2Fsxeu43LjTVxpuoGWtj46B7hypRU+HkEw3W4BX1LgalLlTgT1w2nR6L1ciLPlqdjr44rCg3FI3BNMjoiAnGAR7MytoRCI4KlSId7fD1FebkgMCcSJgkPIT47Dkbws5CST6ndUQGZrDbG1FaR2drwro5K+UwFejvDwtUdIvAhRmQTxPCkpc4J3lpAXvo206DQBh3pUqgO3SFYQt5+F2W35dmwqQZ2AvzfZhkBug/gUASl2OpeOn7iQ98pc85MnD9HTfQM3r9Xh0cO7GHzy8AWoM1i2t7fzqWn9/X38OpGkzo8fP8Grxlmnt+PHj/NWrg0N9bx506ugrN3PQM6gfOHCRZ6nj09IRGvrDQLyXh4+Z9PQXpcb1zonLGyvud4jrr6ZemehdRZWZ4vIvGp1uN/VopmcEmsCqYWFJ30OnOlz4ANbUtnW5t6035f2OUFGypyF40U7QkggqSGhx/YmAZoCOoKxA4FcYTI0T50AbU7qXE3nO1v5QWruT0rfGwpS9WqpL5Sk5Fn+XWXjx4vpmCnISYhx9EZTuAx9qTtwN8MST9J3EcTtCdisaM2NVLk1+hK3417YOlz12ILHCdvxJGw7Bmh8cNAM/bE2uJOyiZT5OrSHrkZ7+Hq0hC7GFXcCd+BPOOn+GapEBkgznYzMTX9Fouk45MsMcT76azREr0VT8ma05JnjUSkp/Sp6vSJS/odtaJt+hzwJeg+ZADlr0JO/HB25G+mL9v9T99bxUWVrvve5c+99P++dOefemdN9WtG4C0lwd3eHeIhbuVeqklTcjYR4IAkxQogRLAR3aIK7BYI17tC/91m7UljD6TNz3z9m+vNZvXftEipVu/Z3fdfzrGdt5r4zDtg7vw71z6H6OWANAP5HIf6lx9VUVyImQoYRTo5Yv775C//+5/ufhgTYkLkgNAQ+rktJfCSYQNI52MkJbQToL9Wi/2DkHZ/s64fcPx52N8B82ydwfw/0dbVVXNIbA3kiGUS0VoHY6AiCtRhatRxxMVFITUnioM6y3NUEbYmULjz0JqO0Ss7QWWPD8Gyqm0Yl4QxdQY9hrynmhSA0yBcB/t7w8naHr583l41aVFCJCrbq0M6D2H+kE1s7dkGjjYCAF0agT0VCYiySkhIQTZ0KT6/lBPyZBHq20MuoTzLhP7d2g6WzeeushOzongI1DOIfz2E3xNb1tj7gQ5EaBnYG/E9M3QqDWFydbN3F2gxObAjeoi+sTH+CqdH3HNjnzpqIM6f/sYSt/YdrkJI9E0lpUxCfOBIKgrEsxo7AagFZlCmB3Jwgb02mbok42ShMdvoBHm5k6ur+BHS2Nnk/SMjWRZpeUOrMuRrukghzROjsyT6G0GsORlSSDeJTyc6TrMi82WIsRgiXf09G/gOEir7gK43pOf2h0dlCTi2YbNyf15+Om9HjbOAvMYYfNe/w/twwuod/XwSSifPEpmTl1vAXmsItoB81K3gF2sE9yBKu3sZYRu9z+pQf4bPQFumy+ciPWIAs6QKycFfka8nQ5WTjmmVk2cuRo16MsjhflMT4YlXkUqRopiFVOwOJkdMgDHHG0kX9EOBGHZqQ2WgrjcXNS/rPl11+X7750L4+xP4FmDMzf623cwb0G91P0LJxJw4cuoAjZOhbtx0kmzyAltZdOE1wv3G2C+fa96AsowBSgRzRag0ydXFIlUegOCEGx1tLsaupFKvzM7B+TQEXE5cJpQgPFSJCSgDOK0RRZg5W6mKQQ+BeFa/DnuZ6rC8rREacDlFk5UqxhMxcBBmPB0lYKJePEh0lRG6+iuCrRsXGCFS0aVDRqsGaZjXKGhnE9VA3mPnHQC8kkBfX0jEy8NX19Jg6KUpZclxNOEpq+VhNEC+vlaG0Woy8irCvZ7a/e4O2ygzEuQ2EeoE1Yr1GYn9TAd68INP+Qgf249j0ixcvsW7denR07ORsh2W0s0Q1togKqyJ3/PhxbnnTv1dbnr0WWze9s/MkV1b26ZNnyM5eycXdWQJbc3Pz+6VS/yj5jYGbhQLYcD6rG79nzz4uEY4N9Xd2dnIdhD+qPvcPl3lt3E5gJiMPz0BwcDrUQelQhmm5RLawkAwy6nTww5IhD04Dj5dBjSAflgR5UCyBm0BPMGaGzSfrZpnuLHlOwSrMUYtk9k73KQju0WHZEDKTp305LxMagn40L4dgnojG7GxcrIrD4yYRnqyj73i1CC8a5XhbosC79XKybj6e5PkCJb64nj4Lncne6Mycj5sM3uU8PCvyw93KFQTxYFynYw/zluPhGl/cLXDFhZXzcT5jNoF9NI5oBmKjyg6tnj+jhq4b+9UDcEBihQMJA3F5tSvulrnhWSuBe6sAaI8DOiO47Pff9oXi+SE+dSyoQ7FxGR61LsDz69X6kuNfMfT/yFD7lx/3xxnz7dvaIAjyg1X/vvD3WfHJ3PW/FxJg+yVFJZg/dRKqy0tx5sRhnDhC92+shYulCXVwt/5u8Zmt7zPdO3oS5H6fJPe+ljtn6Vt/PxedS5Dbij+F+Psg0NeLy0T383HjwJwYG43UxHhEEpBjIpVcAhy7nZKUiNhYHRQKCcFXQRcdNWfrzMoZ1JmZK2X6OexatYyzdzb9TcALppM2GIGBftwayHFxiViyyANzpy9EWnIO9h44jmOdF9F55irOXe3C1du/4vrtB1xsk9XrPne5C0eOn6SLbBu0kRHw8nLjEucMMXY25G6IpXPz1mmfrbPOZcOP0LcPw/D65DkGdsMxg52z+xjo2XYUgz7bsuc4fxiCd7G2wAD6YpysTOBgTlA3+RkWpj/C3OQHroRsalIsXr78cszw0eNuVJEdRSUMhy5xOBJTxyI+aQy0CQOgineAMs4OUo0pbcnMk1iRF1uEuDnCrNdfYGP0V0yf+R1CFQR1ZW+ybWPwVb0hjTZGYvpgiBTmUGrsoFRbE8hdkJHtjKQUewK2BRdDj4q2hoggLiRDl0eacWubC1Qm1CmwQpjCEkEiC3iSXXsF9gZPZYZgeqyvnCAvsaTXtoZfuAVCZVb0OGOESKwRJLaCe7ARPEPt4M93hLu/OWa59cWk6d/Db6ETWbkrcuQLkCNbwE1HK9AuQpJyGvJ0S5EftQjJqmlIlk9HpmI+Mgn8eeolyI6eixzdHGRp54HvOgBhSwegNk+N7mvnPsxFfvsB5AbTZkluX8pef/URyLnHvWUroQH3H73mSrY+ecmKxbzF0WPnsXtPJ44dvYjKNfWor2nDhto2rK9ej8PNTThcWYVUlY4sPQNp0bEo1kZjJRl6qlSBVToNV3Y1JS4WK9OSCdKxiCPoi0J5ZF4SpNK5XpSZjbLUNBQmJmJlXAzqS4vQsLoMCRotVBIpIpURUEllkAl4EPKDoIsXIq9UjvIGFdZu1KCyVYuKFv0QO4uZr95A8K6XcKVcGcAZ0A1mzg27syF2gng5wbxiPesUkJlX86gRzGmfwXx1jRyryvk48EvLV2F4/mg7pDOMoZ7RH8qZfRE9tz/iF5siO3AEDjatxOtn97k53X8PyAzsGzZsoOtGAjf//AlBOSMjg7NkFndnWerPnj39Q9tmSXH79u3DmTPnuGFMxl22GAuLubMhfzbEzxLg2BS0r70Wex32WDbczuLxbC0GlpjX0LCBi/cnJCRwJWH/b8DO1mqXyfIgECTQNS8eUn4ieOGpCAvOhJCXApEoCrLALPD5qeDzUhFKgJcGZ9HxeIQR6OWhmQR9gjOZu5CXxGW5swQ6LbP54GyIe4bjZdQ5YAlzLBte45/XU1I2HRkx2Whck4yuxlg8rhYBh/PJiPOALel4WBaGi/Sd/5bvjzetEXjamoQH2wpx8lAebh7fhOsH1+PE5hTcKIvDucp8HKzwQUfqfOzN88bzkhA8yffAtYqFOJ+9CCdjXLAjwQmHEkfhkHAStsossJ73E/bJzNCusMK+yMnoSnPFtXW+eLbeH0+ahXh+IBbYF03vR6HftquAgwT9bSvwaIs3Xp8u5z5Dts7CPzrU/kdQ//LtPV+Iq+9+35HYTvuHD+1DLHGt348/wMHKAjHUiWfzvVsIyM0tm0gCtmAT2TIz59aNm7GxbRvdtxm6qGiMG+pCAK/G2c792NexEfs7WnDicAdmTxrDgfdjoH8w9I7PYucdnwHdMPTe/hHU2z+Zi84B3XXxfIQGrIA/QdLbbQn8V7hDR6acwGXYaqCUihATpeKKzMSxlZ4iVFyNd1ZJLjYukoxdxg21s2F3ET+YOgRhtA2iHmgAAZ3HZceLCeoyuRjx8XEoKCzB2qp1SEmhXqc0ApVr6wjkbPWq61w7fekWTl++iYPHzmD3oZM41Hke5y934/qdR+i684BrV7ruo5X+iLS0dHh7LCVrH8MNtzNTf7/AC4HdkDjHbnOQJ2NnwDbUf2dQZzZvKEbDgbxn6VYGcg7m7D622puzPTcEP8jOkgO6szWDen/Ym/WGrenPMDP6DmbGP8C0/3f07w7B0SOHPvmhHz/ejIy8WYhMHAJ1tCO0OickpoxAQtIQxCaThZJNqwngrEqbOrY/V+CFFXJxn2qEUVbfYIzNNzDv9b+4lcs0XPy7D8H9R7J6Y6RkuJCdE7jJ8GMSbJCVMwhZ2S6IT7FEVLwVomNtqePkiJhYtvCKDXhyE4K4FfyEZOSRDlzs2zWwFwIExgigY77Cn+EvI7gL+iBM5IAkzVCo5QMQLLWAD7832bkZAsjaQ+R2CJYMIIu3xlJfY7i69oMqcCRWqpYiR7EMRdolKIxeiJz4+UgnWGuV4xGtmowI4QSE+gyAljcRKeI5yJbPQ7ZyMaKFU5BO0E8MmwTpkiHYVL3qkzj5m9efJbZ91F59DPKP2xt9MyTFPXwO6ig+wq27z7jh9vuPXuEsnXebWjuwqWUbyvJKUJ6/BhUF5SjNKSAjbcJuApFUoKTfRDKKk9PREBuPAjLtwrQM5KelIVYbhZzkFKgl+roMajJ0YTAPoaF8umgLkJeRji21VdjdtAGV+XnQKeTIjE9EcnQMdNTBTaJOciJ1jnVaAeLTwsmwFRzI17ZFcAurrNmg4hLfKlhGOwG9ooFgvV5MUBf3xM3FKKgRvm8c4GukWLNOQRAXoqxGggqC+2oy9jV1CpRUy7BqjQBFVcKv2vmzJw+QK5wNBcFcNb0fImb1Q9xCE6QsN0PyMjMkLDVF+ooh2F2XiReP7zCd/7sxbTbFjU1LY3FsloXObu/ff5Cb7lZSUsJVf/tHEvLY844cOUrPPUBgr+TWU2dAZnF3Nt2Njf79I1n6Z8+c5eL+LAOelYVlQ/NsARiWXb99+3au9jyz+X/vcPweurAKBTr67mOopVPHjuybHwNhYA5n4mFhaQTwWAJ6LEII5kJhMsE4g2CeCD6LpRPk2Zx0uR8DeAYEoWlQ8NKgotthBHFlYDaBO4mrLscqyrHGI2Nndt6WkIQDFTl42RSPJ2v98O5oKnClDu+aktBN50P3qmV4W+EKbEuk3loTXl89RH/jyZ52FS8eXMHL28fx5tJWvOraj7c3m3Hv7B5076jA/YZ0nEvxx1mC++HEsegQO+FE7CDsTx6KPYmzsDNuIDoENjikdkJ7rAP2Rw3D2fQZ6Cr1Rve6EDzaFITutnCCuQZPD0WBVJ7sXAa0+gONKjxscMfjc5X6Yjy79n3Rzv9eotx/dIral9qOXbvQtL4a08ePgaWpEcmaMQbYWGLG5EmYM2UyHR+P2dOnYfH8eVgybx7mTJtK900hXgzG/JlT0FZXjKtn9uDiqf04sL0Z+7asx+ljO8n4V6CNwG+oP//xUq/b2j8HecfvDP1TU2//bMhdH0//k0LMB7N0P083rPBYziW8JZCRpyXF60u96iKRmBDDFbOI1rK56GqkJMRRi0V8jJazdG0P0PV2Hkow9wc/3Be8UNb8EUJ/SEpKEto7dqFj936cPHsR127dxZUb3ei6fR+Xrt/C+StdOHXhOvYcOYVwoQouzsMwwGEwRo+ZRj8EBRqatuLqrV/pQvwEN+9Qu/sUN+48xIXL17h4iz/9DTOmjOOs3QBzlkg3bfKYD1nyZO1swReDhRuy2w313w214g12zpZrZVBndj6SVZ1z0oOdxdUH2Vl8AnXLft/DrN93MO73LUz6/Q1ZGfra4Y+f3EVtgwzpqeMRFzcIYq055FFk3yzxLW0IWfogArojopIsycpNEZFiCnU8Wx3NhKujHraAbHiaDZTzbTHd/ic4E9hVyoFQqPpCHmEEXZK+WExMkg3iaD8t0xbZeYOQmulC5m9Fhk5NY4uYOBvExNsiIsYGQqkVwqVmCJeZEJxN4BnSG2HstpwlwvWHD88IHsE/kn3/CL7MATHaYZAqbeAn+plLlGNJcisI9q6sjKtnX8xZ2h9ubtaQk7mlihegMMoHpbFeqEj1Rm4C2XjMBDp3xiIk3AkhwU4QBA+GwHsgVmpcUZPOR1VKKNJVyxDo4QyZ/2C0NxR+NOyrX7b0TU/VtpdvP4P5RwlvHLw/Lg7zuqcCXI/Fs8cyO7987TY6O8/i2o37uHz5Lvbv2Y/6tdVYlZaFDF0s8lPSkaKNRaRUiXwy6zV5+RCE8BGljEZeXAqaM7PQUlaEM3v3o3zVKsRFaJEUrYOWLFsSHo5agkqMSguJWI7YyBjkJCVgx4YaNK+tQCYZvEZCnWA5gTUnCzlsBbUELfKztChbHYkysvIKAvnaNjLzZg0qmqjTy1ZL42CuLxqzhs6nUi6j/QPQWeIbG3Zn+yxuvnod2Xu1mAAuRk29ClVs1bW6CDom52BftFaA1vacr9p5556NiJplQnbeF5rZ/RAz35hAbooUVzOkujKomyBhiSnil9Btv0HoqEvF84e3CJZveoIiH6YRfj70zRZKuX//Pld5jg19s+x4lvT2710Fjk2bCwvjcfPNGaSZ7euLzfzjr8GmxbHqcqwYDStqwyrZMaCz8rYxMTFcyVnDsqt/PPUUUKuz6HqV3BM/jyFQZ9LtVM7SxeHxXE13Pj8JIoI5i6nL/LPI2GO554jIzMNZaVgCtIQeKySIC1hWOx2TBydDE5RNj9VnvctDs7nCMmF0f4oyA/X5GTjRloNXu2Px29owPG4U4c0vVXhSG4O3eYG4t8oXN0sFeLO7AG9vs0z+fXjz4jh9Bntp/wJ9L3fo73yAdy+u4XXXSby6dgR4dACvX+wnuHfi7fW9eNm5GVc36nBIMQ/blWTnouE4FDUGh1InYod2DA4mjsGFtLE4ED8Ue2VD0KGdRga/AKfyfHGDTP3RrmCgg01niwda1Hh1SIkn20Lwpp2HF9uX4OUNfX7MLmKEwZYN7Y8A/0dZ7V8y/U+H9vd+MPSOHRCQ5Job9SdJo+u7pRmGOTlg/PAhGD10EObNnokl8+dgzJCBGDLADgNsreBgbUXX/T4w6vUT3BfPJjNvxNYG6myWZOHIjiaC+wHUringoPvx6nCf2/rXMt0/h/nnRWYMBWb+xJLfWIa7VimFXMyDkIyaDaFHa5RcDJ3tiwjyWrqtJGiHBftyxs5WJmOAjyGgs9i7IaFOKRNwEBfxAyCTBCM0yAshgV4QEeg30hs6fvo8Tp2/jIsE8Wvd93CDgH6l6zbd7sLJC1ew58Av8PPjYbDzCPT+qS9cBo9FLyMHuLiMxqqStTh7pZs6Aw9xgyyLQb37/nPcvs/WCX+A0rIyrhqdIZbOjJ1BnYuxE8yZoTP7/jhp7uPFXQyGPprF2XsM3QByQ5LcqIGOXGO3B9paUDMlY+/HzVW36v8Dli+ciX179VWmjnY2ID1vNhIyJhC8hyMyyYHM2xyRcbaIT3Tilj3V0bGEVEfEJxN002ygijeGPNYU2jhryBQ2CF1gBf68AUgNGIMUj2FwH90H80f8iEB3E/qsbcm+7alT4MhlvkfSa0clmFDngFWCo05AlB2UWguoIqzJzO25eew8FVl2uBH4ZOhStTn8BUYIEZsjSNwfHqE/wTu0NzyD+sAjqBdCJBYIFVuDL7FGMME/RN4HodTJCJIZwZWAP9Ptb5iy4CfMnWuKROkc5GuXoTIuEFXxQSiJd0NW3BwkaCdAwB8AvsCJADcYEsEQKAWjUJToiTWpAUiWzEWSbC4iycrTI71w/tTB94Vh3r79sMrZKwPM33yYcvY50F+++ahQTE851+dv3lH7jYuZP3/Lyre+ISO7ge3btuHI/v04fuQktm1sQWFGIpLUaiQolUhSRSBWGUGmLYGW4MumoUnCRUjURiM9Jh4tFWvQ3lSPbc2NqFiVi7yUZC7+rRaKEEOvsX9LKzavr0VWSgpSY+MQSdaeGq1BUWY6YlUarhRsLnUUWGnX8uIMMkMNymsjUdOmQ9WmSFRt1GJtKwG9RcNt17ay4XYFQVzKFY5ZTeBm8GZD7Cxj3QD1EtpWNDATp+M1YpSy2+sVqCQrr6mPQnlNBFbX6E2dAb37zsUvrn72/NkjlCgXQzvbGLq51GmcZ4SkxSZIXm6OdA8LpHmYE9hNOVNPJmNPdTOjY5bIDhiMPXWJePHoBhd//6OKb2w6W1paBrdUKlsH+99Xt+E3LtGODbX/38a99Rnw+n+fzYNnJWEPHTrC2T8bxmfT51iC3h/913noMIReYvh66RDsHYlgrwiELSGhCYlDkFssglboEOarQ2mkNRkAAIAASURBVHhYHDcELxAkEqRzEO6fCUkI2TyZvYpLnsviEuQE7DH8ZKj8cyEN0BeSYdPf1KwWPBvCJ6jHSZPRkKvGkSI1utYp8GtpKF6tIUhW83FvdTpu5knQnatEd74cb+62APe247dnR/D67im8frCfflvH6Hd2hr6L29Qhuk/7XXjz+hTevaT7n+zBizv0dz8+DDzbidc3D+PBkTp0Vq9ER0owDonHYHsEgV03AIeUzjic5IJLuVNxJWYQDisI9jGjsTVzPnbkueH42kB01bjjTqsIt3dG4N0uCR7sjebmuz/Z6klavgK43Kif+bNn/xeA+48B/VNw7/p3mbmhMVj6enrC2swMthZmBGtzeLouRX5uFipXl3Dx9dKSQvh4esDF3h52VhYwNzWFcf/+6NOrN5ztrFFfUYTtrXXYvG41Gfo6XD55ENvamrC1veMjoBuG3D/A/ffz0b88fU1f210fS2e33yfFscVXmImnknFHyMWIVJE9EMgNGexsqhrbl9E+y1Rn09bkknCCvZSzcgZ1FjdOiI3k9lnsnHUCWFKdXBJGj2dZ7p7QaFUE83M4TdA+c/Eqrt68g2t37uPG3V9xncB+saubg/3hYyeod1yAwYNH48dve6GfsRP6WAxHP1MXuAwag/KqBpw4cwVnL93E1a5fyfAfc0Bnw6fd955x5sUPD3s/3G4oIWvIjDckyU0aO/x9LP3j+PmHuexOGMEsfZAe6gziBkNnxwymPsSBQV1v6jnpeit/8vQe6puViE0f0rPEqQsiEwdCk2wPZYwZomItydidEZ1AEE8iIGc4ISbZjoDLVkqz5KqzsVXPREIrCJfYImSmHfIlU6GYbQ7BdAvELXXEPIe/wXuBERLiByIlcRDSk4cjLo4AHkOg11lDGWkGmcaS/g2WbGdGxu8AkcYaITJzBJKN+4kIzMJ+ZOj94BrYBwtX/I1MvQ8B3hiBAlMESVgWPHUApA6QRg2AMnoAVFG2EGvNECY3xzzP7wnm32LRQjMk8eehMMYXlUkE8xR/rIpyR7J6JtnpWCjohx7oa4EQPzvwg6wh5NkhN2oZ8iLdoQqZgBjedKQI5+Hq+ePvi3K+fvthGP2TqWdv9VD+e0B//fod1zgjf6vPaH9BT3xCRH/8igz9yVtcJzM/uO8gmtbVYOfWTdjaVIeSrCSkR0diJQE4UUGdVRl1WjU6JFBTS9QI9Q1AjFKFKIUSuQlxaK6uoM88Hqlk3GvYfPLSIrRvaERRRgZaaiqxo7EOZbk50FHnQMoXQcwTkOGrkRGfiMKUVOQnJyEtWYW11XGoboxE9SbWolDdpiWgM5hH0H4kmbmKKxjDtQ1yVLA4+gYlKpvUBHQCcy2LmZOh1wiwhgBe3ajigF6xXsltK+vpsXVk9zUqlFXLUE62zsx9w6bMr847P7lvCyJnmyJmrgl0C4wRv9AYqWTiGW6WyPG2RpaXFTK9LKlZIYMAn+VlgWxvC+T5WGGljyUKwgdh37p4PPv1ak9W/N+HKYP5fxTK/3+uimaYgldYWMzF6ZuaWnDt2nXO+lm9d8Pn9bVh+IjgCCwbvwyuY1zhPt4drpNc4TbaDa7j3bB04lK4zaL9sa7w9wjGiukrELg0FAHz1eAT5EXeCsjc4xHhlwFNWCRdMwn0ZPUsIU5A9i4OzOSmwfHCM7iFXiSBaVBRZyBdJcaerHk4WcTHUd1SXMkZi9s5w3E10xuX5YtxmjrYN8rFePdgF951/4K39zrw28tmvL5/HK/u78arJ/vw6vFlAvuv9Hfepb//LoH9Lu3fxrvnx+nvPY03L0/i9Su2AM5ZvL3agdu7K7Au0QMFwuloC3PGXqkTtintsUtqidNJ03GQfvd7UmeSnbtgR+Y07FvphzOr3HF+vR+utwjwW30gbu3S4PXBFLzpEODpQQWwJwS4qQf63r37CeRfAe7Or0F9z++mr30cH/+wytquvwvz1tbN3FRHlwEOsDQ1xkBHOyycOxM52em4cP4Unj5+iCNH9iMzPQXjx46ChbkpzExMCOZGMDEypn1TONjaIjM+GuuKc1GYGIkD7RvQebAdVWuKqfPa/pmZf2rpn8bQOz7KdN/xYT30Ldu4Zsh254DOTWHbgj8tW7QAKzzdyahDycoVUMtEiCKga1jiG8GdAV3IC+Yy17n55YEruOS5QD8PrsgMgzrLimdxdGbrbBie7TNb11JjQ/AScTjKyktw4sJF/HLmPI6eOINzV25wQL/5K5n2/Ye4eusugfoiDh3ppHYKK1cWY9bMBfj5x/745tv+6NXXHr17m1HvVoL9+zpx4tQVnLt0C5ev33tv67eoMbh333mMolWruClvhoI0hrrwhnnro4frE+IY2Fkc3TC9je0b4ujDe5LiGNDHDHZ6H0c3wJ21wfaWCPBajsMH93Mn4+lzW7GycA5ScschKWcU4jKGITrFGYmZIxFPJh2bQuacZEombYHIeHNEJ9qQUZMtR/elZgQ5AVkVx9Yut6Qfsx1SAodBNMcORYJJEM4wx0KXXhBMM0PkHDP4TuiHZO1ENFaHIzdtKmJ1TlBqrBAd44KkNGdoU8jgk5zp+7BHSuRQSERW4AnYcHk/+PGN4Cc0h3voz1ga+BN8+abwCjVBgMgSfLk9d3+okB7LMyYzN4ZYaQGthuCuNIdU7oLlbsZwW2qOWOEslEX5opwBPdEfRQlLyECp86EYSp0BO+oUOCIokDooYcOgCRmODM1k5KvmIIo3FgmC2di3qfpD+c13n8bIX76feqYH9/OeKWe/az3V3l4RyNn2ycvf8PT5a7x4/hJvnr/A28f38erBXTx69IJbYOX6rcc4f/oK2prWo5p60s21q7G2KAd5qUlYm7mKoJ4KlUyB2IhIJEfFkwmJESWUIUEdgVRdDDaQua2h8ys5IREJ0bGoKyvGrbMncPnYQdQUFKAsbyVWr8pGRUE+VBI5woLCwQsOR3ykDmkxccjQUcchPRKFqzWo3RiN2s1aDuTMxKs26hszczbEXtIgRRk1bjlUAnlVCwGfzL18gwrFBOzCWhY/F6OoWkSwlnMgr27ScMlwLIZeRTCvrtNwQ+4l1QT/tUIudn7zzpfWJqdO0fPHWK1xJzsnoM8zRSyLm5OdZ5KN53hYIc/XhpotctnW3xZ5ATbID7BCgZ8VVlEr8LdCcTC1UGuUSoYQ2HUE9kt/CPb/TP8ZRg8YxBngWYfjxo3r3JB8ZmYWlNQxY4l1+kp4+g7FeZIRBu/l45dz0F46YSlcR+u3bmPp+Dj98WUTlukfN3U5vKd4c8c8xvnBfZoPfGf6wXdZAME7CqEBdP2VJSCKT1YuiIOcjDwkRF8SVkHWzpLjJGTyulA12pSzcZBseZPEGU0qI+wTDcfOcBdsDrPH9khvPD1ahde/7sSjW/vxFjvw5gHBvOsXvL62i34fxwjg7O+8TRB/QI2B/R79/Vfo+A36LC5z9718eZ/aGby+sRWn9q1HZZovQiZ+i2L3v2JHeH+0BJuijtcb29Wj0ZHggj2aQdiTMBx7E6egLWUJOvJccbjcFxfKBOjeJcXzLbG4tS0Cl9tVeHcoEg92C/Hiyhb9LKD9B79i5nu/Mlz+6TE9tD9Kcuv4fMj9S5a+m4OkOCyUrNsONhbmmDx+DPKyU7Bv1za0NK3D3VvXcOfmVexo34S25nqIiZnOTo4wMTGGEdm5iZERLM3NYGVhgfEjh2HRjCnUoSdedTTh8pnD6NjcQoD+0rS1HR/F0D+dsmbYfrDzdu596kvCtnOJeR+G3AnorPqb69J5WLJgNnw9XbkEOS1LeIvSIikuBolx0Zx5s/KvLHtdIgxFeAiLjfshNMiHAzbLbmdT3wxz0ZmtJxDY46IioCbgy2RCbGjZiONnLuDY6QvYtvsgdh44giOnzuLyzdu48+AJ1y5c6cKRX05TO8O15pZtBKkkguwYmBnZwMZmAHw8/bBr536cPnONS5Zj7dK1u7ja/RDXbj/CDYL5TTL1rtsPUFtdi9nTp5Clj+RM/ePlWRnkDQBncXXWPl5znYuj0/4YNgRPRs4gbjB1w5A7A3xBbjZ3Ej59dh/r6YKckkdgTRuKuMyhiM8keyaQZ+aMQPaqEUghE49KIFtmddMJ6tFJBPUkNm2sPyKTzRGXZgtNojlUCcbgR/yIcH96jN9wCGeaoSRkLJa7fIPJ9j9gzmAjKObaItFrMEpiPLAqdRHS42ZRx2oY1GpLJJCxx1EnIjLFCXKy6ySJIzLDHKnXb4pAvhUCJOYIEZvCL9wM/iILeIf1JzvvT1C3JGO3QYjAEmGszCvfDAEEfZYRL1abEcxtERJuDi9vM/B8B0AnnIYinQ+qUoNRnRyItck+WKlbgGjFBPDDBmL+MiN4eplBIB6IpKipSNdOR03CYmTxx6Ig2e+T+eSfg/zjDPZL587i/u3beP7uU5A/f6WfhvbyLQP5u/dlXB89eoqTBNfTx/ag6+wveHnnKt7dv4Lb1y+Tnd/B7e5nON15Gnu2t6G2ogBVpTmoY1POigtQW7waeSnZiFSoEUUwZsueui5yQwxb/lQbiUyC+NriYmSlpkGtioSSHtPe0oAnXVdwuL0NOzbUo7WmGokx0WT2EkSwIjMhPIQHhkIqECEmWoXMlWTZ6yJRu0lHMI8ieKu5VtmioqYkKycbb1Jw881LN5BVk5WvXq9AxQZ6zIYIDuZlBG9m5gUEcgb2snX0uDo5VtfKUVanQCltK9cTzBvo8WyYnW7nVfBQUMVH49aMr8TO3+HMkXZEzreElmAePZ/OyYVmSF1qhpXulljlZYtif3sU+jugMNABRcH2KA6xxeoQO5RSK6L9YrYfbo8ynj1W8+2whk9b0RDsXqvF07uXvjiP/T/zf6zTc/v2HW56HUvgO3fuPJdxX1/fgJycnPeLuKyKycHyicvhOdkT3q5+CJzvDq/pHvCZ5gv/2X5wm+gGr0lecB/nDrcpbnCb7A6PqR4c6Nlz3Ma4wXNaz5Zue070xIrZYQhZEEbnUToihKnQUmOV4cKDMrgYvCI0AnEiIVaGBKLOey5yFpojdVZfKEb/AJ8h36BkxUjc2JyHRxe24+nprXjc1YyX3YfJMgnsv3bg7Z0OPHlyFs+fs0VR7hCwH3CW/vr1Q7p9j27r4+qvX9/njP3RpV24daoVj0/W4EBjEhb0+gFBxv+CguXWqPftjzaBEcqDnNAoccD2IGtskzuiNWIEDibPwLE8gvnaUFzLC8aN2mBc3izGU7aAy1Y/PGkUgnokeNtj6PsPHPrDofbfx8V3fwT93T3bvb/LYv/9/odWmp9PkuYAF0cH8IJWIDczERdPH8Sj+7ewfVsTblwhJjVU48LZTty7fRV7d7RBKeVj0CAXmJqZwpSA7mhrw3UGTIz6o2+vXpg0ZhQUEh6aN1ShfWsbN8xuqP/+Sdy8vUPfvhA3/wB0A8i/NA+9JymOWba3xxKs8FiMIF9PyAnaYjom5IVw66GzOu3xrLhMpBq6SBUHcLVCSGAP4bLZWVa7WBDCzT9nw/BxOjVn7MzQuSF4ArwuJgpbd+7BnkPHsPvgUTTTm2imf7yFtu279+HkuUtcLL2bbP1SVzdOnL2E4ycv4MTJizhy+CSaGzciSccSSUSoKq7Evh370HniIk6fvYazl2+R7RPYr92hzsGveqjffYLr91jS3CPU1tZh3uzpHNTHjf5QVW5Cz/A7i6szmLMta5yts6ltAx24xrLcR5OdM4gzsBuG3UP9fXDssD6T/dT5rVhVtgCJ2aOQWTARyTkEVIJ5UtZApBLY0zMGIy11MGQSMmitLWISzRCdbAIlmbgs0g5SrTm0ZOlscRQtmbuGgC/R/kxWZwK/6bZYOswIQSP7YqnzTxhm8S1GWv2MJcMskOw3DoHTrJEYMgFrMgOgox9PZLQDNFH2UEQ6QqC2h7/AgjpUNhAFW3ClW/0F9ggU2iFQZA1Pev1lfn3gFmCC5f5GcA80IoCbQcji5mIrhErZEL0lVNH9IVGZwt2f3oOnGZa608VeOhml8Z4ojfVBtmo2NwUtTTMbUbKJdB4NhIe7HRbO6gfvReaQ88bQfbMQIxuH9UViXD935P3w+qvPktzezy9/n7n+Fil0LkV6zMWFY0fx7Nmb91b+9OU7PHj6Dk/pRZ73zDFnw+1vyDLvnt+PU7tbcXr3Vlw8shtPr5/FjZME+SNHcezAAezatAF7W9ahtaoIJTkxKM5KQklmGqpWrUR2XBy3BGqcXEXfcygmjaOetlKDeG0Ut2BKgk5HIJdBJpJxc86z05Jx8/xJbG+oxZ7W9dhQsZqDuZTHQ4wqAgoRm5ceArE8EFkFBN4NWoI5mfmmKM7G9SDXt9WNBOdGGUqpGSrArWFD7ATymmaCfyPZeYMSaxrk+ilp6+Tc7fJ6svf1Edx0tMJyIYrXirnpaZX1CtoXorBKgLy1PBTWiHDz9oUvAv3ViydYrfWCarYFIuabIGqBBXSLLJFGZp7rSQa+goAdMAClgU4oC6YW5oQ11MpDactzxGqBvpXxB1BzQDntVwkdUSOirYCexx+E9jUqPLx1hsD+sid57rf/MmBnme/5+QXcsq0M6Gw9dZZU9/jXXyELUSNwRSRU3lIE+wdD5hUOaYAU0sAYqIOTIfRMhCBMB393JcI95Aj3ESLAWwO+awg8ZniSmfvCY5IH3CcQ6KfQdqw7vCd7w32WO3wmByBgFh/BXsEIoecKveMhWsEq0KVAGBoEnX84wpaOgdbVGdK5Q+Fu97/hNtIER1fG4eLhWlw6UosnR+vwYG8dLpVGo5o/E/FSD9ztqAfu7Marlyepk9JFv52bHLwZ3A0gf/bsLu2fwds3F/Dk1G7cPFuJx0cr8PziNqyPDMVsh5/h5fgdsr1/QKVvHzT79sNe4c9o8LXEVrr2bBVaYnvURLRmT8ShvMX0nkJxqjwclytEuLOej5t1Ijxr4eHVVh7eXtevK3Dg4OF/COZfS3T7YpycdRC+OIyv7www0OoiIuBsbY4FM6fB39cbSxYv4kR2++ZGJCfpsKtjM/ExHOdOHcFmunZIiYH8EH/wg1dgzrRJcLC1hrW5CczJ1s0J7sb9+qL399/B6OcfSQadSI4TODAbCt98DvUPQ+4d79dA/72df57hrp+upoc6GbqOQM3mirM3HqNVQRgezMXJ/Vd4cHPLWaW4JLrAsSlrsWTccdEasnAZV03OUC2OGTqLqzPQs0x3ET+Q22fxdA21aLKV+uYW1DS2oJneTM36JtQ3bcT23fuxhwC/7/AvXGz9+u173BB81/2HBPhfceX6HVy82o1z56/i5IlzOHqoE4cP/oJd9EUcOnQSh385j73Hz+D4uRs4dbEL567expVbD3CdLJ1rd59xU5QKqOfFSsmyYfePV21ja65PHjfiPdQNsfUxrAANM3VWbIYVmKHG7NzQilfp15J+/uIhWrbGIyl3PJn5JKTmjUP6qglIzx3ExcVTswYjNskZyanOkBBQTX7+Z5j1+zOWzTaBREy9QFVfKKOsIBCZQKW1gUpnhpgUS+iSTBChM4VEYoMlk/rBsc9fYPfz/4tR5j9iQL+/wtHkB4y3N8HSEXTyDetLP2I7hM4bAHX4SPoeBkGhcoJIaQ+RZgBCJHZceVah2JErCBMksuIqvwXTa/tRj9o9yAjLVhhhua8RQmX2CJPbIFRkjCAhwV1CJq6yBE/WFwGh9MP1IuP2tEZYqAvyEpehOHEJ0jVzEC0cj0TZZPCDBsHfxwHey+3g7WYJUYATshSzkBY5B2kRs3D54i/vQf7m7Zenn7F27+6vuHXjFl1Y9PPHu86eRsLy8ZDNHop4iZh+UOfx/OVbPCJlv3TjIX3HT7gSrawT8JZe+O2z+7jeuRuXDhHMD27HlV/2E9T34sj2jdhSX4m2mkI0FKeiaXUumsoLUJaThPzESBQmRqMoKQYZOi1SIjWIVWsQsCIYHm5eiI3QcEPwWiWbthkFhVROUFdwQBfzhNi4vgab6taSnVcgNTYasvBw6uWH0wWXhwi1GFHxPOSukZGJa1G3RcfB3ADxCrLy8may6g0SArkEZYaiMWwlNWprGyOwloBe0ajmht3XsqH3DRpUNWiwtkFN+3Q/wb2yVoGiSgGKK0Uc2MvrZCipEiKzJJDMnKBeLUbL9pVfzWw/e3QP1LMsoZhlDtU8M6ip6RZbIsXdGrk+tijws0dRgAPKgpxRFuJCJu5MBu6MSqEzqiUuqBM7o07qpN+nzut6mQs2yJ3RoHDGerkTB/bKcHp++GDsWi3Do66T+O3ty9+nwv8nHopnWe+vXr3myspeuqQv+1xXVAXvqT5wH+8Bz+lu3LC6B912m+gBvzl+8J1DsF7kh+CpXvBe7A3/JUqEeiggDJEjJCCToB9FcFbA15cBXga/uf5k93TeTfDgYvHM1lk83mcW/Rsz6fYUsveZIfQ6AVg+eTlcR7nAb4QxPIZ9g3lD/opx/b9HdOAwdOQEYX+ZCp0tiahNWoH2vDhs31CNtjXFSFcGoypFi2dbavDmaitec/HyLg7mr1792hNTZ2DvwvOnV/Gy6zDedLXjGVn6y+PVeH54DU5tycPk3j9hqv1foBj7F6zx/m8o9f0fqPD9Do2+P6LIzwENAnM0KcZifdQ47EiagwMR03AwbwlOr/FFZ4MvXpX4oqtVjIfNArw516xf/vjQYT182XD5zt9b9cf2/qWlUb8K9Y+h/9kQPotP+7i7Y7izAyJIUtMys6HWJWPK5InEiaFcp72prhJTJ4yC65KFGDl4IAqLyhAiIB7qYjB3xmRMHD0cxn17w4jM3KxvXw7spn360HX/Rwy1MSfoz0BR0er38P5SpTjDnHMD0D+A/OMKcds+sfKNbVu4/Y1tmwnoPXPOWbY7Kx6TkZKEtKREJMXroCN4J8TFENBjkRwfy8XToyJYERkRB3IWM2cWzobhI5QiMngFB3aJKIhALuCAzs1hp8esrauji04T6hpbsZQukKVrqnDgaCc6z1zA+Ss3cJEu4Fe776Lrzq9cTL2LwH6LtfuPceveQ3QT4G/euoerXbdx7sJVHDp6BifOXUMnWfrBk2T05wnql25yWfB6U39Mr0edg3tP0E3Pb2/fDn8/L67anAHoXEydrJ1lvTOos2ltE3puj2U14bn56GTnzNidyMr9vHG0x8ovXd6D1eXeyCiYTEAfg4TscWTkZKLZI5C1ahjSswno6Y6IY/O/WcKbzAyW/f4Fzsb/imUjjDBvUC8sn9UfQp41JAIrhJMla8jWU3IcEJ9pC3WsOZRqG7jP/gljzf9Cz/vfsO//Vzj3/zeY9/43DDbvi9G2Rpjk0hfTHHtjvO33kHiNhJgumGK5A4QqRzJxG/jz7MCXDIBYSmCXWEMUYcutrc4S2wKoB+0bbgnfMBPa9ueS5VhSnC+/N3hyM/BlJginHnZYuDV8qOcd4GlKlj0BCZETEacdC4V8GCLVY6AUjYEoeDD9Dc7wox9xcOBAOh/GI0kzGTrpBBzcXfkhTs6B/LevwpxZ9uWz5xC8aD520An6lA68JKrvWFeIeJ+JCJ3qghmDXLjqa1cvd+PUhXs4d/kRfn0MPHz6Fm9+e4t3rwnyJ/fh7L5NOLGjBbub67E6NxuFaUloKMtFfVEy6gvisDYnEW2l+dhRmoeGtFjkaWXIilTS+1Ygic5ZVsVtwZwF8PUOgJZMWyVT0nmtoX01dWpZjQY90PkhrIiMEEnRUUjVkqXxRBAE87n6zWECH6StlGLN+mgui50NsVe3abi2dqMaa5rlKG4gCDeIuFbWKOEy2dc0KFDN4uUEc2bjpQ36anAsMa6SYF9Npl7FDcGrsJZNS6ulbZ2Sm3POkt5KqkUorOAjqzgQOWUhKKoSk6VLcOvOxS/b+csXKI7whXAKdSSnGUNOlq6cZ4mYJdZIJ6Dn+RLM/Z3I0AnkDOZhg1DKG4hK8WDUyAajQTYIzUpqqsFoklNjMFe6oEnjghbNQDTTtoGgvo6Av05MwBeyNhS7SyR4eP0EB/bf/gvZOqssx2rUP3/6nMw6mIuVLx/L4OqKpeN79se4cra9YNoCbij9/WPouNskd7hOdkXgHB/4zwmCyCMa0rBUbu55SEgKxN6xCJrvDZ8FoQTwFfCe5q0fqqfX8aKOgdsEN7hPc8fyCfPodSZhvuNfsND0z1jo8C/UEeiP+KV2iF5hg/SgwSiQTsLGrDDsrchGgOsMCANDUZqWjkt50XjUlIinp1vw5tElLnauH15/0BM3f0hAv4d3d37Bu1Obcf8swXzXFjw6Vo/7B2pxdV8pxMvGwc/5XyG1+AuSh/0JmUv+H+T69scGXws6Z4xR6N8H63gmWEkd+qroGdiUMgONGcHYleeOg2u9caGRh+6NgXi8wRePL9Vxn+/hw0e/OuT++fEvrsC24/ers30ch/9dwh3dZsVhls6bi8KVydQ5L6ffvDsWL1pIPBgOvp87trc1ISlKjmljhsPK1AQO1taYPnkqfALDIaDffmXpKhTmpGF1YQ6Wzp0FJ2tLWBn1h0W/frDu3w9DLYxgb9KfRNkPjY0be+LmXy4s8/sV1gw2vvWj+u1be2q4b+Xee+vGLXqgJ8fHIV4XjfRkspSVOVzRGAbwzNRkripcXGwMlwXPGpuDHh7iz8GcxctZrFyfBCflgM62CimPG4aXiUMhl+rtREmPr6ypRX3rFqxd14hx46aAx5NgK33Qx06excnzl3Ga2tmL13CB4H7h2k1cvcni4gTwO/cJyg9w8+4DuhixeegEd7p63ybYX7t1H9duPsDlG/dx9todnCGbP3PlFj2fDb8/IKiT6bPOwMOnuPPoBffcbfRvqlUyzJg6jjN21gxLsjKosx6YYa46tx3qxC3DWrAyuycL9jG2785EBpl4Wu4kJOWNQmz2QKSuHIXM3FHIWDkcaTlOSEq35squsmVKYxJskZzoiKljf8Io679Ct9QFKStGIGiSCaY5f4cVC0yg9ndAwNK+iI13hibOBvJoc27qWUr0EITPtsPiYf0xx6U/xtr+DBvjH2Bm9COdLN/Bou83cDT9AbZ0bNIQU/gssUcwWRSzct8wMnKhLQLDCdyhRggi4xZp7CFQM8hbkK1bI5RMPVRhjlBxX/iJjOAV2hdhsv6QUWdCqxkEEZmWf4AdAvztCM5TkBM7D9HqceDR83zDzSAVOdF9tvD1tCXrcESwjyMyYxYiNXIRqguVn8TJGchZ3JuLfb/+uqG/fPkOjcWrEDx9FJLYdMfGZty+dgW5Kj9Il02G22hbjKEfyLxxE+k8XYV9hy6Rpb/Gpa6nnNH/9u45nt25QEbehJ2NFagrIJinphGo1SjLjEddfjzWr4pBfV48XVzicGFNPvbmpaI5IwnpWjliVRJEq9gsDxGmT5kCfmgo/Z0E7nABndPUaZXJOahHkK0LwwQIDwpDGEFdyKP7+WKIQ9liRsFQR4Ujq0TKzSev30Yw36LpyWJX05Yte8qG02X6IXYCeEm9kGvlTXLUNNPjmiII7lLO3EvWS7hpaaXM2JsI5o1a6iQoUM6y2WvlqFhHr1UnRUmtEDmrg5BXHob8ilDkVYajYK0AJWvFaOso/KqdXzhxAKpZVhBNNYZoujEkM00hn2uOqCWWSHW3Rc4KB+QT0IuCqTMV6oISXg/QBYNRLx2KRsVQNKsHUxuCRvlA1EsGYh1Bvkk9EBujhqBV64LWCBc0qgaikUDfohiEVgJ/i4w9fxh2lgpx/+ph+u5e4b/Sf61VrfrEt9FuXIY7i4lz0DYkxLHj45Zx97Etd3zSUnhM19u32ww3uE5whfdEgvdsP/h48BC8TIAQr2gI/NKgDIqHICSWOslqBC8P4+zcbRJBfYIX9+8snUqvNc4Di0dPgI/Nt5BM/xlRC/8Nq0J+xCrBcOSpJiAqcBY2J2dDNMcDdmSP/tPnopjE60pNLt7uWIvXt49x4NZPXbtHpn6/x9Dv0e1u4Og2PG3Ox7P6YhzLTcRukrQD9RE4256HlZIlkDj+H0gG/BP4zv8dSTP+B5IX/hkZvj+g3r03inxNsdrXBHl+FnTOjEKDZiIqdGOxLn0xtq1cSqa+HNdrfXGlbiFuHtfH0A8e+YUz83auatuXE+E+naL22Xrk72/veZ/Zbjj2NWOvrauH97LFOLCrBc0E9LR4DeI0UmxsqMLhPVtx7dIZ5KcloLIgA+EE+KXzZsJt8Vx4Lp2PrOQ4rC5YiSP7d+DR/du4df0ySgpySQqHwrxfH9gY9YOLST9Y9voBY0YM4yydQfuDmX8+Xe1Lddv1i7EwaLOmhzhrm7htS+smrpLqn9iqagzoDOIM5qyxY8zSkxPiER0RgRjO4lkcPYJLmGNV41icnNm5vuY7y4gXIz5WA5VcwAGdxdhVCgHZPI+MnS4shfnYQEBf37IFS5Z4YMKEaWignsqRztM41HkKv5w+j84TBPfTF3Di1Hmc6jyHXw6fwJFjJ3GQTP7gkU7OzK/fuI2bZOu3yOLvPHhE7Tm1F2T1z/SxczLzKzfv0cX9Hq7c+pUbvu9+8AS3Hz7H3cf02IdPCPb3sKaiHEsWzuZgbhiKZwCf0DNffeKYYe9j6oaqb1evH0ZxhQ+yi2aR+UxEyqoxiMsehsRsR2TnD0RmzhBk5Q5GYoYV2boNEtLsyc4tEJ9G1p3uTJ+FE5n1NxDMtEaCqzMKQ8cgw9sZviN+QOBkS8wbY41li4wgi7SGNsocJRmTkR29GEKP6XRBcMAyun/GEEsMMOsF034/ovdP38Koz7fo3+sb/PD9/0bvH/8Phll9B5/FVpCQBbEEuBCpLXgiB4jk9pBEkKXLrQjGdhBQ48nIvsXmECsdESo3wgpeXwiUtpAozaBQ2CGMZ022YAtPL7I16Wiy1qn0XY+n73gkdQhc4B9ogbTIcYgjS8uSj0epahYak72xrzoZ3VfOvC+28fIjkP8RzA3twd07yBB4Q7V8AuYMos9l3nwkCP3Bmz8Gi4ZYYNFAS7j0oc5Nn75wXbYC27cfxVmydTb0/paA9fbpTboONaAxPxvlGSnIjItDCp3bpWnxqMyJQW1uLJryEtCWFY+DpStxKCcVFbFq5CZGI5o6p9FqGbdokbfbMojCwwjq4QgJCuWgLhZJIBVLuW0YAX2FTxA8Pf3h7eVPn5U/fKgXLlMK6Lyg11itQVF1FCo2xKGkLgJl6yNRwaq+ccueyjh4lzezxDc2t5xg3kgdgBYFZ+KsvOua9VJUNKq44fbqlmiCeRRqWmJQuU6LMjLy4hopgVuI1eukKKgOw8oKNryuhznbX1kZhkICOhuCv33n8hener1+/RK1KeFQzzaHeq4JFHPMIKcmmWMC7SI6f11tkeHjgFWBBHOy8+KwgQTzQSjjD0I5nwxdNJwMfSSBehg2yIdhvWwIagnotZJBdJugrR2Ctuih2BQ1FG1Rw9BGt7dqaV+lb61k9RtUQ1CnGIGdJQLcv0y/t7fP/26d9/8sph6+LPw9vNnWAHQGcGbT3JZltY/9kP3OjrOEODakzh7P7vea7gWfGT7wmqu3b2b2zNB95woR6q6DipcGSVAc/FYoEbA4GJ7TCezj3PTD8fS67lNGImCSI9m6ORJ4zqhL88PRLCl2FYXSb5KHfG0wov19IZg/Hu3FKbi/sxL3D5Xg1b0jXGb7q1e3uIS4t28fE9jZsDubyvaYbt8iZW5Cd1MKXu+swcZEHdLEYqj8F+JgWyqdN17wG/k/oRz9T0gd0A95U/87kgf9CXkL/xvylv0z8rz/F/Lc+5Ktm6CU74xSf2fUaqjTFz8b7UkT0JG8BOfzpqAzayJu7tev+nfk6C89Me+9vxtu52LPO762RvoHsLdz+zs/ah8gbxhyb+/ZsuPFRSUIC/DBsYNbCMxbcf70YZw7eRgXzhzH7ZtX0d19HV3XLqCLrmsnDhOAW+qwubkOu7e14vTxgzi8rwNXL5wkoN/E/dvXsXd3B1wXL4C1MYG8bx/Y9voJtj99j2FOTsjPL/kM6B1c9jtLePsU5h+vqrblI5hv4hoDuKE1t2zk2p9YeVc25B6v61kDvWdeOjN3ZunpKUkEbjWkQh5BX0dWHsVt2X06ro67jIO5SsYn0BPYCfBs6F0sCEZIoDcXUw8LXoEo6gDUk2lVrW9GWnoOXBwHIzevGLv3H8Yuah279nNT1o4dPYn9e49gR9sOxGviMHfGfIweMxFjx03GwkXLkZiUTr20fbh67RZu3LqL7nuPcJVM/Wr3Aw7oHNTvPuDmt3fdf8zB/MY9Fld/yB3vfvAUtx88ow7AExz65QRn66yaHCsZyyA+ZfzI92BnZWv1Vv6EvvhsrMyfRSY+ARn5k5FVOB7JBO/M/OHILRqC9CxHpKYOQnLaQCSk2yIp2wax6QMI6o6IJEOXRbN1yB2xfEZvhM+wQfQSO2T5DETs3H5IWWCK5Xb/DIc+/4qJI3oRzF2QqB2FPMU8qN2nwX3qCPhMpfczZxA8xthivH1vDLT4iUz9e9iY/IB+vb/FX//6z/jb3/6MwRY/YOEYY4S4ORDUnRHOgC6zg0hmD6mSlWo15eLkQWI7KKKcIJJaQSwnU5ebkK2bEOzNycoJ9MEWBHRbiMnConkjkBoxCbH0nkRSB8iFjogRj0amYgo25vpgX3EQOleH4/waEc4U8j6A4s1veEa2bWj/Lqi/eoeN66oRE7wMIVOdych7Y4CJMWY5mMBztBVCxzthpp0xnHt9D+Mfe2PkEHpv4VL6QezFXfpunz24hwsHtmJPXQWKUxLpHI6gHnck1qQloiRVSy0ClakabCtMw8mNNbixoQptucnIIahHKITUkRVhZ3sdFKJwiMN5EBG4+dTCQvkIDRPDw8sXU8l0Bg8bB3unkXCgZj9gBCzth8JmwHBYOw2GvctQ2DsPhtOQoXAeOgROg4ZjyJjhWOqzEB4B8+HqNwNu/nMhjPCmc4WPzEIx8teqUEz2U0iAriRrr2qIQPWGSFQ361BF27oWHZm4GmXVCpQS0PPJvHMrwrFqbTBtA5BbHoACsvLCKhFWVfGRz2Lq9JjNHQVftfNrZw4jw8MJicuskehqDd0SC7I8S2gXmkO3zAbx7vZI93FEXoAzikMHYnX4EJRxQB/MtXLhMIL6GDLy0ahXjES1ZBgq6Pha4SA0kr23aoZjc8wIbImirW44tkaPRHvUCIL6CGym+9o0w9CiHooW2m/WjEJT1HjsW8PAvuc/NdgPdBzQm3fP3HMDyDmwM3tmkP/4OIHXMPTO9g3HuUz3cQToyW4cqFkynNc0Tyyfthg+E330sF8agGA3BcLI2CVBKQjz1BHoQ/UZ8rMWwnvKQCyf2Bf+U02RpZ6HbeW+6FyvQwv9JpsThNiW4o+uVSno3pKK1xvz8NveMry7thfPnl0kaF+n8+IqQfwSVzXut9/OEsyv9Ay7d+Pt2Q6guQDPD+1GpCQY4xwdkUPn7KH6aFQrPBHl8k9IGfkXxM78J6RP+RMy5hHQZ9B2IG3nU/P8n0hy/RaZ3t8hQTALeeFDUSaagM0Ro1CpHou66GnYmTAGndvKuM/12LFOMvSeLPX3Rv6VqnA7Pl6HfOcn+/q26/32w3P2YNuO3e9hzqAaGxmFBdOnYPf2Jlw6cwBXLp3A1s2tyM5KQxpdPyor1+ASAfvBvZsE+Cv4lbZPHv1KAL+LO7euoOvqKdy/dQn3ui/h9o0LqK4ow5Sxo2FnYgSb/v1g8/N3GND7ewyytEDuygIO1h8S37Z/mIa2uf2zGPnXQW6AeFNz6/v2J41SSratr/LGqr0lxupruLNYOjueSLCPilBxq65lpKUgKTEe8XExSCCoswQ5ltkerdXPW49QCSHhB0AiCYVCHAphqC+EPH/w6ZhYwsPqyrUor2vAmtp6qNRRZD0iNJGls0nzzS2bsWVLB3Zs242a8jpkxKfTBzwPZiaWMDG1gp29M5ydh8LFZRgmTJyG2NhE/HL8JK4Q2K/cvIsTl6/jwo07tH8f124/0A+zP35GAH9GMH9Axn6fi60za2eZ8F33npLlP8GZS12IT0jAnBmTuOF2lhTHYujHjhzmTq4bXcfpfXsjLY8gvmoi0nJHEtBHI69oLHKKBiGrYACyVg5AZgY1MvKEJHv9dDRWwjXRAmKtNYQaAnqUHVevPUrqCP5MSwinm3HJbP6jf4Zyaj8EDf8RA376F4y3+xkR/hMQtmw8VswaArXHBMT4z0CC7zgU8yehOHAMJNQLn2H1bxhm+QOGWv8Iy/7fEND/Bf/21z/ju2/+DPO+38J9ui34XjaQCqyh0jhBGeECocwJQUIGcGpiNh1tAAdztmhLMBtyFxjBzasP3Kk3vXBZP4L5UKSReRclzkVhyhwubq5TOiGZOgc1CXPRlLIcVxsj0F2vwpUKAU6s9MbJHH9cXBf3CdA/Bvk/CnQu053+V19cBP6iCfAaYQGH3j9giKU5FoywRuqKyVgxwhLTqGMzzKwfLHr1wTB7B4wbNhreHkEoK6rEnpZW7CNQl5NpZ8brkKwg06XzuShGg6wYOXKTlKhZGY/2mkIc31qLxsJkZCeqqVMqQXq8BjHqYCiFYZDyhdR7D8XSxR6Yv8gVI0ZPgo39EFjY/H/MvQdUVGnaqDtnrf+uM9OttgETIjmD5IzkjIhiQEVBxJyzoiAKAhIk5wyimHMOGBC1zYqYc+xgd09Px+me6X7uuzdq2/P3/Ofcc89Z97LWu75dVbsKqNr1Pe/zRWesBOIDbAZibukityUsnDGxdMLY3F7OEbjbuKrnWFg5Ym7txABbNyxsnbGQ+00sHdTHnD2CGOg7BGfPYOzdvRgYGERgeBBx06JYlTqbmqZUgXsm65TFYcTIlZHqDTsSpFxKscC7crOEwLx+yzxqBeKVYuSV6xeJmS+lesMimrYl8smnf9x3/g+x8/3FC8gdZ03hBFuKJtuRP9GOXEkIs2OsWRtrS8EEO8om21M9SxkIJ0Cf68J6gXrjAlfWLxRwL/Fi81I/ti4PYOsyX7bEe7FhsRtbBez7lnsI0L04lu5Fc7o3x9Z4czLdjxNSHk/1Ech7cCjZnYMpAvWUgRLeHEn1lgTAk2Np3lxYN4fX91vUbpT/v4E9ccYsRviOYISXQNov6l0Tu9pX7tNh5Er51t6VwXIKxN/2o7+1dWXuutKMrk5XC53A2OFj1VHuEwImqCavToUbPproIeMYHzSBORPnMmtyNkmzipgbM0te15lAC32GD+jMqmkebCkU2B6soO3EBq4dX8aLhgXcW7eClwdzxMo38tOdI/z84iR816qu464AXFk05h//uMHPr+/xj0/a+OH7u/z8VTs///KIHz6/yi/7N6pQ37A0hrFGhtQkjOXivtU0SSK42r4Ta706UREoEPcWgIdJDJUYJTFEQoH8yD9TMK4Xq2d6kzFnAEVTzSmY60XT8qHUJLlLUmjHlZMNHUBvu8GJ02ffNLef+y+XeFVsXbHxtwB/f153R5x6E6ffAF/AfvKtwXe8hgLS5AQRO293Nq+v5uHt87Sc2M/g0FBGjxpNgJ+/HA9i4/p6vv7qc4H5p3z5+Uu+ev1SnZf+4sktPn3azt9eP+WLz55w9VKrOgvK3tQYC11tDPv2xrRXD6z69sRaW5Mh8roL5y2ksXGjQPjIu9Hqv01H+88gfx/i7wN8774Dv4s/KYvGKIPXlOZzBej5OVkC6tUSKSxfukjtI1fWdldCAXq2AH1tTrYKdmWeutKPHq+Mko9fSNrC2ST6BRJtac14J0diXdyIcnElbvQIxkRFkpWXx4atO2ncuoPNO/awKmUNa9Ky2LJpOwf2H+Xw/mNsa9rO+KgJOIjBmxla0LuXFp06d6PLRxr06qWNubkDdnZuuLn7MHXaLK5dvsbjR8948uIzHjz/jKev/soTsfWXX3zDZ3/7QTVy5fi5smb8iy86wC6hlMpI+Jevv1GTgPUbNjJy2GASli540wz5A61nqyioGEReeSAFVf6UVvlRWOEupReVdZ6U17vIY1bkl5iSnyeVX5YFazNNWVtowuocI+at0GVeojmJa6xYmSrmk2XDmiR7Jvn2JT7UgFEOvYh01mZakKVk1laYC9CHO/Zn4SAHpoTYMi/ChRXj/ChdNpG6FVFsWxbGqTXD2bvYj7yhJowY0ANrna5YGfWnb99u9NToSueuf+EjAbuedncGu+swP1YSBzHtZQscmL/Qnmkz9UlJtmbVSiuWJTmSmGwv1q4nxm4gxqjPiGgtRo8zYuIYG/KXDac0cRgNyROpTo4mLzGY6lQ/WmtH83DbfJ7uiuebY+m83r6Yp42zaC+dxNXcaC5mDuPrJ23qEKcff/71fwno7+aaS0JQKAnlrHB3PIz0sZMviYluP6IGmrAkRBKWQdYMt9bBur8WToaG+Fhb4mJugYGOIQOdvZk3dTJNBQXsqS6jPjuNxvQMqlOSyUyLJyd7GRW5iawvz2bv5nJ2NBZSUZBGaWEuOzYWMXvqKBbNncvcWfOZFDeLwMAhBASFCYSdMDKxQ9/IRkDtKuB2EaA7YWbhhImA3GyAwNzKHgsLCSsHedxRQG+DniSnJhbWAnMH7F28cHDxw3VgEJ6+oTgMVCIYa2d/7AeG4OQRhtEAV/r2N8JYnuvm58qouDBmL45mZfZM8hvmU75lIWWb51O9bR7l62eInc+mTpmXvlnZUW0lG7cns25zInsOl/xbO3/5oI3SSU4CbQeKJztTMcOVylluVMx0pXyaC6XTHKic7kTtLGdq54iVz3OmSWLTgoFsFDPfHO/BjuV+bEv0Y0dCgFyjPgJ3T4G73L/Mg/1iYYfTfATgPpzO9udUTiAnsgM4me1Hc5Y/zRneNKf5irl7cWR1x7nH1vhzPNOPlkwfjksScDDVi3PV0/j8znEB+3cSv3ZMlfj/cAzd3Vu3GOMUyBgB+VC7AKJ8oxjlP5wxAWPUgXHv+tP93oP32372t03yCvz9O+6PGRpDtJ88L3Qsk8OjiRs8jIlBExkbLnAPGS8JeoicI0AfGUFMoLxmUASTxk4hJmwYEfZWOPbrSmxQL9avncDD5kwe3djKqzubeHKjhhcXt/P9re384+EBfvr0Mr98ew6+uSLJ3A2BubL0611++vY+3764wZ1jm9hTnsPBumSuNlfw9XcX+PnLdn5pP8SvF5q4e6CEXbNmyOcXT+vGdDIjvVjk/QGZHh9QEv5/qfCuiHgD9cH/jYoxXaiI/hNrff8beSILuVM0yZnShbzRH1I0RU+usQHUzdKRa8mWDQvt1Pf2+o12MfT/ejvU329w0vIHceoP9x1//5y35q4APVPqhEGebiKzidy4cpqzp48R6OOFm4MjlkZG+Pv6snfPHgH2S7Hw53z64r7EPZ49usGzh9f54tU9vn79jPZrH5MkPHSUesqgTy8M+/VRgW7YswfGPbtjpdkbk/79MNXtT7CvDyuWJ4n9b1OF9tDh5vcGux37T1b+ryDfs3f/u9i9Z5/Efv40d+ZUdXqaAnVlsFvqqiR1UZnVK1eqpr56Zcea7llrkgVWqfKY3JeySgx7OXm5OQL5tWSmJpEqpp8ZPJgYHSMG6PRD68O/oNVF/gFdfUK8fcT84iiprmWTGHpD0xapaLbRtH0XJSWVzJsplVNxFRvqNjJj8iz8fILw8PCjT+/+6Oub0LVrT/7y5850+qArXbr0xMDAAktLR5ydvNV+y1bJ0u7cvMfdB0+5fucx59vucfXuU54JrJU+dmUw3KvXyvrvX/Pk5VfqkrHK6nLKIjTPxdaVRWnuSzLw7XffqRfUJ5/eZOuWmRSV+7O2eCDldYFU1AVQWOYmQHelrNZDDF3KKmdKqhzIEaCnrzUhJd2Q4mIbcvMtWJVhyMx4LeYnmrE83ZwVqWYkZ9iwWmA6NaQv8z37EuOoSah5P4It+hMT6oi1fnf8rLSYG2ZLeoynXORDKZnkx6LhLuysSONw3kyulE7mcslkjqyMoGycGL5rd8w0/oPeGp3o368HWpqd0OzdiW49O2Gk24vYACNWT7Rl+QwrMU1zklZYkLxiAKmpLsQvtpLP1kbMfQCxM/UYPUGbkSMNWDjRi+z4YeQmhZEqWXTu3DAKF4dTlBDK9tyRPNkxn6/2LeL7I4n8vTlNBfqrzfHcrZ7F5fxozqaFc7Vm4bvV3xSAf//TL2r8P4X61z/8QtvVe6yYOVkqTkmSRgQy2F4f0z5dGWTVn+XhNpI86mHZ4yMsu39EmLUJQ12ssDHQoW9vTXQMjPH38mPFjDmszxJYS2JatCZDoJ1B/trlFOYksjZdKZPJzU4gR8w8OzOTrMyVTJ8Wi3/IEBxcfXFz85NrzgEzc2sMTMwxMrUWgNsL3N2wsnfF2l5KsW8be3fslKZ2G7F3GzFyG/lc7ZwxH2AnoLfFwtJGYG+NuQBfOdfJ1Qd7J0/MxdgtHQZi6+KDg7ufRCC2roEYmjtjYORAzz6G9OijRz/5fukY6uEvCU5q4TSx8UXqnualDTMF5EvE4JexfvNydu5JZ9v2ldSsX8irf2Pn//zHT5xqXE3FdFeqZgq057lTv8iLhkWeNMwfSJ3crhUT7xgA5yxGLrHIha1L3Ni5xIPdy73YmejF7kQftqtA92fbch+57ctOeWz38oFi3wJqgXWzwLklP4gT+SGcKgikpSCUk4UhnM4PlgihJVfuzwzmRKYCeX9OrhXo50qZ6Ssm78FJMfkjyR6cqYrl01sHO8D+6y//25d+/Z/9KViWxDBvX0Z4RDLMzYuIkBAi7fzEyKMJ844UwIe/A3hHM/zYd4Pj3vapjw1808/+9n6/GHVVubioEUwSqZkbOZW4yFHERIxm7BABuQr6EcwdOYkpcWOYPTaE2YO9mTrInYrZQ/h4exHfXdnNj3d38u2tE3z96Ah/f31AgHxGAH6Jn364JaJyS13O9ZdfLsnxTSmv8e23L/j500scbcxmjKctwQP6M8xYn8E22ox2suHGmSp1PffvJaH68XAV19cXcG1jCudrJSEeG8qqgX3JGNRXbPy/sSGqOxXhPcTOu1IR+ReKx/0HhcPF3of8h1i73B7dndQYDYrC5fwxmpRO1KBMwF48RZuKKTYdO1MqQFf7t/9zk/pvTej/usrayffi1L+UJ9+NIj+mHJ84+R7wO55bU1FByEBXokeN4MjBXdy4doGkhAR1UOzg0DCWLlrKyRMnePpYIP6wncf3r3Pv5gV1BbjnD6/w2bMbPHlwmeqSPLydJNnv0xvdXhpoi5lr9eiKnkZ3jHtrYNJXIK/ZBz2BvZmA3dbYkMghQ6mprldBrUBcgfn7IH/btP4+xDsAvo9du/e+i5279vInBeLK4jLKSm8zp01UR68rU9OU/vT0tGSyM9JYmbCUzIwUVq9W7ltFXU0VOWLbFTW1rN+4iaYt29lcW0ehdzBrfINYtWQhXo72+FnaMzZ4CHHR0Sxdkcj+482s37adRoF5zboN1K3fSP26jSwQA5o4Lo7F85ZKJhSMlRiOkaE5vXr2o0f3Pmj100OjRx96afTho87d6da9N3366mBgaIm9/UAGy0VeXaksmt/KjVuP+PjaHU5dbKf90Sc8/UyZp/wlzxQzf/qaR48/577c//Dp5zx+Y+zK1Li3Vn72Qi0F5YMprw2luDaQnDJfAbo/ZdWeFJSKkRc7kV1kJ2C3p6zSlbp6sfcyW7KKLCUBsBfo25KWbanuU75kTX+Ben/mLDUhQQw9frUlSwSmy6aasSBYhyV+OkSY9yTQvD+eA+T/0fpISm2mBFiRHe0mFdlosd1R7FgYSsG0YZzflCfAnMij9Uu4XhfP/vRYDqeMJClYD71ef8bBpDeBVn3kfe+DrVEPdXqbraEGS6McyV7sTuZSR9ascGLlcluSU91YlWRHWqo9y+MtmDrNkMlxZiyc7EJh/HBWzw0kcakzK+Y7sHaWD3kLw9QFZLZmxfDp9qV8t38Rf927hG8OJfPJzuV8sT+dew1zuFo8nkt5Y2hOCOSL+x0LyPwglv7dT7+o8T8LdHUt9p8E6N/+yssX33DuRCvpcp3GDhvMeA8rhjpa4GSgyUhXU2Jc9HHT6o6LZjfCzfoxwt6IQY7mmOppoaerq0LdxNAaZwFt1JhokpYlUpKTTV7GCnXg5rx5s5i/YB4LF89l0eKFRMdMIiQsAgtbV/RMrOmvZ46tnQBXoDzAyk5g7YiJAnQzAbrSpC5At3F0F+P2xNbBVQW6jb2L2Lm9CnQbe2csbRRztxFTt8bUfICYuhVGZpZi9JIgGA/A1NIOCwG/tYObPN8TO1d/7Fx85bluGMt1bmpkgYmRJfp6Jgwws8DKQu6zNGF0bChV6xNo3LScbbuTadq2gsYNy9i4JUGS5sUcOP7vd1T7/PltdqQMYWO8HxsE0FsEwoppN8V7q1CvEwtvXOTG+iXubJTYvFTKeDcBtQf7lnuyP9GTfSu9OZDkx94VgexQQe4jVu4j93uxP1npL/fmhBj28SwfsXOBtAC8pUhAXjKY1rIwzpeGcbF0MOdLBvFx3iBa8wLlPD9OCcxbc/04kyfPEYs/pvbBu4vFKwPsPGgVsH9ya5+A/Zv/ck/2/xM/n332GSO8/RjrHUaUhzeRAQEM9/dnuJ8fIwKCBc4RRPmNYoy/YuvhjAsaStygQYwdPIbRXkNVkEd7R/w2gO7NcrBqU73Sny4QGSdmPjNuAYlx8cRPmUxc2FgmDR/J4rjZZC1OJ2n+DOZNGMXisZ7caEjnq7ajPPvsKN8/bObbb3bx6ydH+PyzFr581ML3fz3Lz98qW6W2qxux/Pr36/z89XV++Ubg/vNjfvrpPu2ntzPcrQ+WXTth2rkTPjp9CNTthGN/DYa7u/HT9xf46ckBXrfUcn9dPM92lbK3pIi6/DJ2FqdRO2UEFQO1qIwSUEd1piLGQEy9N00T5HiQAH30R1LqUjBCm/Ih2mRP0SB/TD+BfFcKJ/YiRaCeGa3XsclN+y21z/xEy++t/I/nbv8G8reDyjr6pU+865tWQx4/evy3Od7vr5WuPFdZt39O7DjCPF2pKMzm+J5tNCQmsWFFMluSUimat5CUpUvZvWU9Z47s5MaFY9y50cr99nM8u3+Jl4+ucet6C+krl+FiZSEQ70a/bh+h2bULOnJsIEA36tUN0zcw1xH5MBQJMevdA1s9YcTUaWzbulugfvg/wfxtc/pbkP8G8D3sktj5Jnbs3M2fEpcuUJd0VeeYv5mKlpacIOBeSWb2GmobJHM4cpSWcx+zX96IUxeucbj1POeu36Z6006OnbvKtXtPBaI3KImZSKKuKePlwjbv2RvfHr2JESiP0NIl0t+Pw81H2bB9B+u3bJMKaCvlNfVqlJVUMHPKLAa6eGFj7YiZqZVacWkKtLt+1JPOnbqrcFea31Wgi7H30OhL777aGBpaYCtm5OkRwOzZCzl95jx3HjznzpNPufX4U248fsW1u0+42iYX7Y1HEg9pa3vAhYs3uXL9vjqX/fsfO6bKbNq7SMAdQmVtuFh4AHnVA8kt86Kk0lNsfCDFFWLoRWLlJS4UV7uSX+ooAHelqMyO3AJrSitcyMgZwKIVAvPVJsxNULYnFXCvspb7XUjOtCc104E1qxxJnqCsqOVDfKgpw+z08LXUw1S7B9YGfQVShqyNduZS9jBeNUzmfuVUjq6K5HxdMlcqF/GgYQm31q+gfvk46nMWkzczjDn+eiwdbE7acCvWjHJgUbgFYzwMcDLrg6tJLxLHOlMZH0JFcigZK91ISnIiNdmJNPlbViy3Ztk8GxLmOJM+N4ispcEsmenMzOnWrBBjy1voT/G8ELZmRHOyZinPxARf71jA5zsXC8zjeb59GV8cy+XR1gRu1sziaulEzmaMZI+A4u2UtbdAf2vp/2Uzu7qsqyRYEt/98CuvHj3j1dVWCjNSiQyPwNvOknAnK0Z6OxLmbEmEsyk+Jv0JNtchzKAbsW5i6XaGBDkOUJdyNDQwUJu7jc1sBaIOYtLuDB06mnFjY/DxCWGgVxAuA/3U0sM7QODrgp6RlQryXpr6Ysc6aOuaCMQtGejhg/tAb8wFwMrrWVg5M0Bgby7XrblVh40rQFdAbmmt/K4OSzeXRMDQ1Fxe1wRdQxMpTdVEo7+uIVo6hnLbXCBvo1q9tdKl5OmPk7MrPp6ekhw74e/qRIiXB/YmZnjbWhEV6k+Au5i/vObgYQE0NaXJl3qVfLcSJFEWU1fWbd+88N/OO//lnz9zYWcOu1IHsWd1CHvTAzmQGsz+1EC2rfJj4wo/tgigd6zwZucqb3YJuHdL7FrlxcFkbw6v9pRkUo5TvCUC2JccKBEgMA+Qx305tNqbowLz4+k+nFSa3MW8T+aJhRcKtAXeZ8oGca5CQF4ZzuVqJQZzqTKUS+UhnCsK5EyBP2dLAvm4KIAzucrzBepi+kqcyJIkYa2UOd6crYvm1c1d/PLz395s3fp/3tjry0sYE2DLsAB/IgIE4r7uAnUfKeV6DAok0tuTUYGBxPkPZ3joECKCfIkeIglA4GhGDxvOpCExAvuId03yMT5Rv2uSH+sfpSYDsb6Rcm4ssaMGETN0BNF+w0iYNYusBctJnx/D3Fg70lcNp/3gJr54fIqfHx7lh5dH+fHr/Xx79wTf3T7Ody+P8OPjffzjazFyZbvUr1r4x5en1H7xn1+d5h+KeX92hsqiRdhqdEa/c2eMPvwQ0w8+wF5TC8te3eV79RFfPmzhn1+cV9dyf9m2ic+uN3N9dyNVOes42LCRS9t3cWxjGbsXjyF/nIA6qgulE3SpmCiQH6pJZUQ/mmIF6kP+TMWw/uQK7CuiJCb3I2ukBsXDe5Ad0asD6DdvvwfzP15V7d18bQXkx0+8A/fbjUt+W4zl7Y5kHZuYHGlW4sRvz5VjBejKeeWFhYS7OjIrZjSXT+1jY8FapkZEEOsfxOzI0UyPjVaXib7asoc7V45z79pJnt8+zScPLvDqwSXOndzD8BB/9Hr3RFOBebcu9Bc71+/ZHUOxc115L/XlMX2NHugJ0I00umEukHfQ7ouPnS2Za7LZuWPv7wa7vQ/z90GuwFuJ7Tt2/S4E6EpzewIrJbNIWLZIXTQmWVmTPTWZ5tOnBYwvuPf8FXdefMqWoyc4I2DcfOAECRn5FNRsYOOeQzQL5I+1XmBDfilJYswzTGxxk0p0cNfuJPbTZZVUaJvLyzh+9iRbd+2koWkztY1NqqGXVtVR1dAolrgCWysHMSpjFeaKlfcRYPcUkH/URYMPO3Xjgw+70knKD//ShW7dNOjavSdduvWkTx9dzM3t1L71yFHRanZ37/EL7j//nLsvPufjW/fZvusIxw+fpuWoXCBSHjp4Wt40OT7Xxs0HL9UL6dWnt6ipGUJ9fbj8TSGUCtBLKz2orvWlotJdgO1GWbk7VeUDKasYSJFYeo6YeVquuSQ/lmTn2pCRa82cZTpMVgaYzTZk+kIjEsTMVwrM07LtSE43IT3Fg1NNCVTP9SY/xprJHvqE2Qh8jfthrCuGbaPN4sFWYufhfNE0na92JXK7YjpnsifQVp9AW+Vcbm1I4EDuLJxNNXGz0WdzwjAaJ9hTL4ZdM8WNmllepI1xYJyXPq6mvYnwMKNmZQy1UgHkLXcjJdGZpHhn4ufbkpBoIwmdg4DdjqyVviSLZS2Y68ys6e5iAS4si/Vga1ocFyrnc7txPi83zuHlhum82hHPk61LebRtETc3LuH2pgRuNS7iauVMLueN52x2JE/PdOxzreyGpgJd6VP/NwvLKCD/Xmlm//YXHj37K7fuveLVJ3/j9cP7vG47RkHWaoaHheFva0mQiwOjfFyYFO5LkL0J1v1746iryWBLXSZIQhTlZEywlQEeNpbq1oa6ekboCDh19M0wFOvWF2CbmItpW7hibO4kpYMaVnYucttWhXmf/oZo9Namew9NNHr2R0euS8XSXd295Lm2cp4DxgMcVZMfYOsi8FbCuQPmYuQW1naYWdqKkUuCKvDWNTBEU1uSA30DCSP66eijpWsgv0eH3tq69JNjA0kaTMXsXd3cGeTnw8jQIEYE+TNYmXlhZ42rkQGhdgMY5eHA8omj5fMZg6OtA8OGhbKuQWluT6R20xJ1MZkdRwr/rZ1/9vw+O5KHsmOlgDgjhEPZQRzJCmT/miD2pCuAD+VQVihHs0M4lhvMkbXBHMwM4JDE0Rx/TijN4WLSzZlBHM4MlgjlYGoQhyQOpAZwJN2Po2/6w49l+Iuhh3I8fxCnisIE5uEC8iFqXKgaypXaoVxtGEJ7Qxg364K5XBks5h4s15tEiS9ni3xoyfOmWV7zuJoY+MttP07n+XKqQO6Xx1orxvD88jZ++emvb8D+f+bnhx++ZkqEs8DbkwgvJ6J8TRnlZSfm7cGsEFexcT+igp3E3k2ZGWzB5CgvpkQK+MMCiQoMZkJoCLMGhxAbGkFcgFi8YuP+wwTmIzs2dgmIFpDHiqULyCNjmRo+kbnTZ5AYv5yipVnqroBFa9OZOWYo4wId2CV23namicdnt9HWfICXV7fw3f09PG07yOv243x//yivnl8RyF/i76/P8u3LE3zz6QX++cldfvr6HH9/cp6vbp+gNnsu3tr9MBOYG370EcadOmEkcDf5y18Y5uHBD59c4/svrvHTX9v4+ZtL/PLkGF9cPcq64iY2NFazt2YvJ7Zs4fzOvXx99yjnNqeIwUeycboZ66cZUj+0GyUjNEmPMiBzig41kxwoiTCgfHR/0mO1qBj5HwJ7jY7d/m7d6QD4exD/bfGVU++2Fe2AsoD73frmze8tvvJmOdT37lM2Mjn8boey36DfYfcnOXDgMPMnRBPh6ULL4S08ahdG7GxSN2jZvW0DF0/v53rrbm6f38ejtuM8bz/JK3nvPrl/jluXjlCYloCHrQU6PXuInXdGu2tnDHtpYNBfS21m1xawK4DXEtDrdlMMvStWYugO/fvgqKdFiK9wpqxarHvfHzavvzNxAfeONwBX5s+/H3/KW5vD1m275cTd1NRWkZufz2ax6Ms3bnNboHjv6Sfcf/Ypt5885/Dpjylv3Mr1h68oadhOZmk9meX17Dh6mhMfX2XfoWPkpa9hdXQsOUkrmSe2k+niSraLB7s2NnKs5QQHjh2mvmm9AH292uxe3bCB8toGKitqmTw2DksTK/r2VgZ5aaMpyUDPXv3UJvau3XqpA+MUqH8o0VkB+4dd+OCDLvz3v3wkj/cRW7fE2tqZMVETuHTtJrfvP1WXhL328DlHWi6wbfN+9jbupi6/hgXT4xkfPYOE5Bx2HGzh4YvXHdlh2xaa1oVRXudLVbU31RWelJe4UVLqSmW5GwUlzvKmC9QF6PklDhQU27NyzQDSc6xVS0/KNGJ+ki5TFmkzJ8GY5SvNSUq1VUe7x6cZUl7uw+aqSRyoWUz90hDKJjmRPsaR0WKVA3R7oqPdC08rbaZ69ufQEg++2jCTL/dl8njrSu5Uz+F65RxuNK3gVv1iThdOIc7TSDLIAexMGUtDnC11E52oi3Ng42xX1k1zJytqAHG+ungP0CZ2kDMHyhJpyokjI8mLxCTJ8FPdWZPmQkKCLYkrbZm3eABTZ5ozUV5rqsA8aX4w6YvD2ZUnv1fs+2FtLM/XTeF26Vhu183igRjhw93JPNiZTFvjMm5tXsFNSVauVs3mavl0LuSM4+vHHQPkvn/b7P6HTey/8s3ff+XLv/3M85ff0nr6BoUFVZKRHufBjVs8a2ulQAw9KsiDMR5WBDlYMdzLmbgwX5bEjmBKqBs+ViY4GmgJ8AyI87BgiK0unjZm6vrKBvodUNfqry9QNxWgWwhg5ctnYIm+qUDXsgPqymh0PUMLgasxmjpG9OyrI1DXok8/Zcc/E/V5Zpb2AnQ7jAToplaumAxwFngrZi1gt+noLze1VPrJbeVcazF7c3R09ektxtOzr6YkC/oCdEP6aunI36Mn92uj0acffQXsWrp66vnuTg5MHzuSaaMjBBBB+NtZEiqJjK+pDiNdLBjqYsMYbyeqVi2gNiedQWIRE2KH0rQtleLGBeQ3zuTV60d/bOe//JPTG9dSOdOF7Un+HM4ZJND250i2P/uzQjicP5TjxSNoKY/kdFkEJwXCLcVDOCFAPlEgll0SIlAO5mx5EK3FIeoWmacKwjmWEyqvESJJwCBJDkI4mR1Gc+4gjucpj4dxuniwWHkEF2pGcKVuGFfrIiSGcX1dBDcbh0qyGC4JYRg36kPk/kFcrRW4VwQK3MXWxdhPZQXQsjaQ0/kSBcECdH8JH1rzfTmd6y2w9+FkSRSPL27in39/C/b/vSPjD22vJybEhtEC7GEDXYn1E6j72BPtK9+voeaM9nEmdrQDU0bYMH6oGeOHuDNthB0TBtkSERxAzLAAogX6c4Z5M3ZUINHh4cSEKqCPZFTYKHUXtujQsYwJG8qkYbHMGh5D1uplVOfm0rytmCsnxIqzosXWNYjyMyJ1hiTyhYs4c6CEs1tyOLtnHeeOb+DkhkJat67l/OFGnp/cymfth/ihvZnP7+0Tyz7BT6/a+e7ONZ6fb+Zc8zr5HdMZ5m6EZe8/Y9alCyYCdGOl7NaNjLnT+evDS/z0Qulv385Xj67xadspHgjgSjILqV+Vzbb6vbRs2MXhumauCYy+eniKHx/s48fHLXwtCcf9I2U83pHPjZ1ruLevlEcn6jnXlMx1qcc+rpvCrV1zac8e/Abod9UFwJpP/rulUU/9bmlUdcexY7+f5vV2FbVDR46+N2L8twFnvzf330aYb9m0mWmRQynOWMGDm628fHCep7dbeXT9KHcv7uXe5X08vnaYZ5IsvbitGPpJntyU19hRLZ+jH6Zi4gYCakOBt0HfPpjp6KiD47Q1uqPd4yMMegrIe3bFSI6Ne3TBomc3bDR7YaOtiblOf0L9/dQW6x07dv+un/x3Ri7gVmLbth0qxLdKufXN8Z+SlsdTUlyqkv9w83GOn/lYYH6PtrvPufP4lYDuc3X0+K1Hz7hx/xF75Z8/fek6mYWV7DzUyqZ9R1iemsncxcsoLC1n/px5+Dg7EebqSpyjK5kTJpExPo6q9CwOnpA39+QxsfTt1G/YQFV9oxolAvPS0moSFyUQPSwKc2V0u1SiPTU01VCa1xWYd+rcXQW7aukCdcXcleZ4pVleAb3aBG9kqdp6ivxN56+0c/nmQ67de0arHO/aeYRttTtYFDcfK1N7emkaS0UtdmfvTZZA/vWXX/PPf/7EwX3TxdSD2bppomRnAWLlYuRVblSJrZeLpZeUKXPNrUgrtCUj35q1RXakrrVhbZ6NlNYsTDBgVrwuy9IHsDzFnIRUK5YmDyBBYJ+fb0+jVHJFqweRNt1NTNyUGf5GhNr0x8pEMjnd3gQ56hFu25cNU+x5UTOVWw0CzV1pPN+bwUMB6IOtabQJ1G/WL2V/yjj2rokTe4pl3WQHasdbUT3anIYYC6qjrSiKFgMfbskkPxN87AwpWTKO1s25HFifTEXuKEqyAyjNCWRtqjerktxYMN+K0aO1iI21Zu4cF+LneVOZPlRsaS6PSuO4lTuca5lDuJIbyZnc0bQUxNK2ZSVPjuRzf2cqt7ckcbV+oVTS82kXW/84L4bL1Ys7lhf956+qof+rpSvN68po+L9++09utL/g4vl7nDtzncLcEtZmFbCpcRuXjx2kJieVqUP98DLuS5iD2M8gTxZGDRbL8Wbx+CGkxIUzJdiNif52zA52INJRFw8LXZyszTAxMVEHWCpA79mnP70E1H01ddHsbyBhKNZuha6A3tDEUizcXozaQuCrTVdl7EZfsXN9BeYD0NYzV5vj9YzF8s3sMbd2FXA7YSmJpAJ0xdIVqBuJaSt95koYmZhJctpfrt0edO/ZS35/X/r206K/th79tHQF9gZy7faTENgL1G2tLZkwMpzFE0YIDIIZG+grluSCr5kOUe6WxHoon6cjMyMCmRHmwbrU+eytL2Hk0CFMmjKC6q1JbD6Y82/3C//ysyfsTBtBzTwPtiSI4QqImwXoBzN92Scm3VwyijO147jQGMuFutFi0iM5VxlJa2mEgDyC89UjOF8zmGti1ZfrB8vtMIH7UE6XDOFk4VBOFEUIvIfSWhKhJgKt8pyzZcM4XzWcy3Uj5HnD38RIuU5GclPK2+uHcadpGLc2DBG4h8tj8vo1YXLthKlN8edLJHkoUJriQzgnScTHSijN8mLprYqp53hzWqJFjo+tFYsvHsWjc43844fXgvSf/7cMnlMSofjZnmLl7kwPt2ZiqDkxYZZEepkw3q8LscF9BPZi5556xAQNYP4QLeKGODFlrJQRpkT56zN5lBmTh8jnF+FCzOBgxoi9jx8VTNyoSMYJ3KMjo4nzl889ciJJc+eSvHA6JbmrOL1rKz9equfsrhymR4UQZdWNcIuupM6JpGVLNsc3Z3BkXTYnt1awv6GQwtQlzAsxZ8loW9bHBrK3chl3jxby5GITL++e59t7h/j7lS1cu7SDE1IfZKwYT5j8HyZdBORi5QaKnX/wAQP19diyvpi/Xt/P1zdaeXz3CE/u7OGri+s5t3eP/H0raZo3j9pVVeyt3cfBdado2bWLz25e4ttbrfz46Axf3zvBF/fX87jtCC9utPCTvNYXN3fxyRNJDq5XyN9TwatLFdy72LFHxq3bd/5g0Nv7q6j9trZ5h4n/BuqDysjw90aH/9Yf3VG+nQr2e7C/b/bH2NDQwMo5U7h89jDPH17kpSQzL+6d5dnt0zy9dYpnN5t5Iv+LevvOGW6cP0BByhLcTXQxVmAt1m2uq4N+P036aXSjnwBe6U/X7i5AF5DrdeuEkUZXTDS6iKV3wVhD4C5g11dsvm9vIkJDKSkqZcvW7SrE3zaxvw9yFeLyuBJbtmxTz1XiT8uWLiE3J5edu5UNUw5y8fptbtx9oprt3ScC9JefSXzK3afKWulP1VD2ND939QZnLrdx5uIVmlvOkJm9lvTMLMLDB+PnPpCRHl7MEZuZ1lubeDGWWSNGsnH7VkkC9tO0qYmmrZuoXb+e0uo6yiprySsopTC/jMS5yxgbPgoTA1OpBHVUQ+8ulaoCcyUUsH/UtSedu/RQgd6rl1ZHP/sHXenWrSeaUkGamloxdtwEmk+cFaA/4uqdJxKPOX76Ivt2HqY+txJ324Fo6dugN8ADLQMbNHrpM23Wso4K7/Vdakp9KK0S8Ba5UljuSFGlE+VV7lTXupFfbENaniVp+QLLNYZkFw0gs8iK7AIx3lw7FiQaMH2RPktTbFiyyoIlq5Vmd2My1g4Q2/cmL92R5DRbUuY5sDTcmAnOvfE07IFmrw/R7N2ZgVb9BVoa5I+05NW66dzblsm+osUC9Gw+25/Ni11reHygjLtbM8Rm4vm4ZAZni6ewdb4nFWOMKY00o2yYERWRJuSPslCX8Yzz0WeIizFj/KzZm7+YKwfWcfVEE8e3ZLA+P4a6nDHkJIWRuMCLKTGWTBtvR8JMV7asieBSVRyPqyZwO2so51aH0ZoxjBOZI/m4Wiy8KV4q9Hlcb1rFHQFJ+4bFXG+Yz2Wx+WvVM7hYMoEjK4L48sGbAXL/eA/qP/FbyO3Pv/qRltPX2bH9MPv3NUsyVUfqylQyU3JpLKogd/kiZgwfhJOZMTbGpoQ6DCDcz4NQPx/c3dyI9HUmJcqb/IkB5EslljjcleFOxjibamNlIXbeT5s+AmclQVSuKSV6y+1emv3FvvXprtGbXr37YSxQ76elp8K8e09NAbq22kRuamEroLYRwzbFyMwWQzM7TCwdVYBb2ThiMcBBjpWpazZi6DbqwDclDE0tBN66ct12l+u2K927d0dDQ0Ou7V707qNJHwkNjV5y/XaX67knduZGTBkZzNzRIaRMj2LOyEGM9nITQzdirHyG80IdSRrpxaxBrkwOsGVVdAB1SZPYV7uWPZsq2bw5n5ef/PGOar8KlC7vKWTz8hC2rvRn32p3mtf4cDjLRwxbaU4fzMnSsXxcH8v5ddFcapDjuijO1Y3lXM04Pq4ZowL9Qu1QLjdEcKVhKJfEtC+JaZ+vieBjBf5Vcm0IvM9Vj5Jjgb8kA+erR3KxPlKul1GSjI7hxiaJjRKNEutGcUsB+/qRtK8X4NeLwVcL/CsjuFwrSUNVOBdLQzlXFCqlAL48lAvlgXIcyMeF/pzP86NVDP1Mri9n8v1UqJ+U20czvDiaFca9lkp++v6z/9dN8RdP7mWCJOCxQaZMHGYtluxAzKA+RHv1Z7S/HiN87YjxM5bQYbSvCWM9DMXYHYgO0GBSiCFTInpL6MtnK59vlDFzIy2YH2UjEA9l7MhhREuyOmnEKKYOH0baoqVkZ2cLnBs4u7eJe9d2036hlLLVk8iZP4gJQf0IsJI6Zd4E1lWvlc8+g8ubMsTMSzjQWMzs0YMZZ9aTZFcdltibkBhow7oVS2jbnMn11o180nqY+4caadlRx7GaNdSnRLNslCfuYuiGYuZmnbow0EybgiWTaG+t43X7Bu5f3czVlhoutVZwbmcDG3JTWRAynNS5C6lKymN3zV62i6Cd2riFxy07ef3wMF882cW3d/fzlUDwc7Haz64f5sGNZj6508inVzbwyZVqnrft5cHlKu4J1JWf23fu/YGZn3y3itr7y6EeUjcl6VjP/P052/vfDCj7/WpqHeVbyP8R3A/L7fryUqYM9mVLQxn3bn3ME0mAnj24yPO753h+5zSPb57kztVj3L7azIVTe9lSUyKJ92AcDDRx0u3PAK0+6gh3dXR7zx7oiK1rde+KVtfO6mA4pcldp2sX9Lt3EVPvgLqeAL6/nKOca6KlKVAPIS8nT77L2981pyswfwfwtyGPb9m8jc1bOuJPBw41c+v+E+4+es7V9ru0C/xuP1BgLvH0FfeevZB4yf3nrzpCwH7n4VNuK3B/+IS22/e53HaLswL2E6db2X/oEBVlZQyRimyJmExM917M6KPNdDGilJgJbNuzi10C9R37drNp93Zq1jdRVFZNQXGFCvXcNbmsnLWUcWEjsZUKUjF0DalUFYgrpRJKRdy1ay86K5Dvoiyq0oce3Xqr5/QVsx8pF1lhSg6nmlu5fOsBNx4+5/r9Z+ro9+aWSxwUYDSVNRIeNILOPQzo2d9aKm0TDIztWL+1Y8efc6dLyClwoLjMlpJqB/KlLCh1FJjbkZGrNLFbkJxhzIoME1ZmWLNG7sstVFaEM2R+kjmLVtqwdKUYerIJCWl68lrWFBY4U1USSk6mE8mplqQst6N6cQiTJDM21+6GRvf/Treuf8FIRwN7vc6kCIgfV0zgdOliJoe5s1yy+ouls/jq6FpeHMiRL2S1wD6d69XzOZs/iZYMSZqmOZIzWJeCoSZkBPYjK6g/BTEOUvmbMdhFoKT1EcvGB3O4Kplbrbt4fLGZ9uZtHN+eQ1P5UtYXzBMTnkb+sghKk8SgxNbu50dwIyucE4s9OLI0hGt1C6XCX0j7nrW07crkcuMSrjYKyNfN5Xz5NLG1SZIETJUKdgxnc4ZzKk0q5KrfprH9K9DfWvoXf/sHl689pKK0juryOhrrmkhfncnypUliHDlUpqYwW8zV1coMC0NjRni6MC7EjwAnG4b4uDJ/1CCK54SzfWUUFdMCqZ41iClepoxwMiTCyxZbCxOx8n6SACrXTE+6ybXZuYuyxoFAVqO7gL4n2jp6OLsMRE+MXLnWekhoitVr6xljbe+Mp5cfRsYCaF0TjM0UA1fmn9uo09ksJHFVp6dZKk3tNmqzuzKSXQ0TUxXgnTp1UqOLVJpdu3ZVId6lizId8yM+kr/D1MiAEA8nZkQGsnz8YBJjBzNvuD/jvB0ZZm/MeGd94gfL9Tg5hEWhVkzxNmWqnynLIp2oXjGO7cUJHNlU/G/7zr/65CE1czwpn+wsdu7FHgH6npVOHM9x5VyFP+fKwzldHslZAbgC86uN0VwUUz/fOJ6P10vZEC2AH8MlgfOFhtFckPLKutFcEyhf2yBl01iuNMpz10XJdaGUY7mwTnmtcQLy8bRvG8/dHbHc3R7D7S3jBeIxYuRj5doZTdu6SNrqR3JFXvNSzQi5ZoZLDJNrKUIAHs6lCkkiqoao5t5WGyblIPk+BHFeIN661ofTysj4nEBO5wVwKs+HE9k+NKd6qCvVHcgaLNd5KX//9pWA/af/pab45NmziPHWITqoJzH+PRjjZUCUhy7jgvSI9evNuEBHxngbMk5MfJxYeqSvnlx3Sh+7ocBfSwy9H3MCtZgYbsXCyL7MjDJi9TRjls8aK9Y9iJioUcTHTiN93hxq0nLYuL6BXSI9F0808Mn9Jq4fLaYicxzZS0aQIIn7kAFdWDnVg6b8aZxcV8GZnfWc21YnZR0F+cmkjzYnz0GXRTaaDLPtyvwBZuRNGEOFGP/+khKay1awOSuJgpXzyFwykdzZQcyPcMRJT5cJImYZq+I43FDB1ZMS52s5v6eYUzsr2F+fR+6qVWTOmEHJ3FjiQ8ZRNiOeqqw8NuXt4XCd/N0b6/jx3n4+v31CHVD3uu0Uf7t5gC/uHOOztl1cuLCOF7eruHOpkh8vF3LzUhkv3gD9zt37ImMt720leurd1qEd24Uef7e72ME365r/6zKo+/51ARa1/G0K2Ntz/xXsB8XkV8+bTpCFDuPDg0QuNnDtaquA/QJ32s/SLsft11rkvB1UNDZRWtNAcYHI7KplxI0ehq2JgQpvBdxGAnVdAbpp315i510E5J3QlVJbSh2Bu363zhh076QCvZ/cVixeX85XBtUZ9+tL4EA3Ulal0Ni44XcQ37x5K5s2KbHl9yH3/+nmm13K2sXKrwv8bj94JrB+pdq5YuVK3H6klAJ1AfsDKe89fq5ud6pAXdktTVmP/dzla7S0npU3/Cg7dm6nYs5cZhuYESb2PPTDHkzrrsWKPkYsHTKcbbt2su/oYfY1H2bnvgPqALniihqycwrIWVvI6vgUFkVPZ3xoJE5iQP2UfkypWBUrf2vsSih9610E4l06dVentWlrKguP2JKdkMbWyg2cOHyKS+33VZjfkP/hyu0nHD9zjYNHz3Nwz0nqS9bhZO1Kl8696COm36evPhNnxvPlX5U1jH9m45YoSiscKalwILfYlMw8I1IzzElba06GAH1lmiEr11iQWyTnlNmzKsuUxWlGLE6xFqhbCdBNVOBnFlqSnSeJQaGPZF3+JK20JitHItuNhtSRxPlbMEC/l9jZB5KU/BldnT7YGfdmho8urQlSUa2NY264C8mjfThftpjvmnP5a3MOL46WcvNQrWrwN+oWCdCHc3hFKKWjzFkdpEu8V18Wu2iQNUz+riGWDHbSw7ivZIVaXVg9ZQgX98kXqnUPz66e5tPbH/P8agstu6o5tD5TgJ/I4fJlkijEcmCaLQfnD2TnFBf2xkuFXzaHQ1kTOb8+iT1rJ3K6dhHHCidzLHc0J/PHcbogmrOF4ziTPYLmVUEcSZJYEcKj5nVvBsj9BvXvpW79/u8Cmm9/5tsffuXBo9c01m6kJKuApsp6KrILyExYTVFiOk3Z+STOmK5OC7EyMsLLzprFUeFEuZpRuziCnYlRbEwcxcniWWxfMYrWopnkxvqwMMyJCb6WBDmZYm0mpq7ZV2DaTYW5Yswd5twZLS0tNDU1sbG1V5vBFeD36tNfHYWupWekgjk4JJQAX19MTSzQFejrGZpjaGwpyaCFuniM0mSvAN3YzArjN9PTjM3lcQG6lnZ/gfZHKtA//PBDtezcubMab4/tLM0Y7u9C0uQhpE+NIGNmJCsmDGVSkCvjPSRhDLMla6wbebEeJIYrSwi7kTDcmTUT/aldOZ49JfE8lM/xD+3811+40dJI7cIACsbZUDXXmQ1LXNiy3JGTa13FjH251jiUj6sVux7OpVrFpCfSvn0ebXvmcG37dK5tm8jlbTFc2hDLxfVxXFTKDTFc2yxglri1VaAtoL6+ZQJXN8VwdeMErki0bZ3IzV1TuLNvMvcPTOHR3mkCdbG/zbG0N8VwfcNY2hqjBOyjuNowkst1I+X3j+Ki0hogUL+gQL1qqEBcksv6CNrqOsB+sUwx92CBuUB8bTAtEsqAveNrfTmW6cPRNT7q1LlDKR7sXeXO/sxB3DpWxN//9kLen/95Y7974zIzg+0YH2zNxEgton26CcB7Cqh7MD24i5i4pYB8gBh8Z6m3NBjlY8QEv05EOWoRE9iVaO8ejPY0Z1qwGPqQfiTEdCNlqhHps+Sznh3IyhkDSZw2grkzp5OzdCmVRek0byzgYvN2vm4/yf2T6zhdM5P0xFjSp3syY6Qv4wd2p2D1WPZWrZDPJpezm8s4c6yRE/t2cmprEVUxY6mUBKPYuRcJJl1Y42BApE0PVnoZMctfZMRVn2mDQuX3jqVosYBebH9ZTCRTQv0pnxPHkeQZHC3LpnVTprxeDkfXZbGvcgnFSfNJmT+duLBRpMXEsmh8IhsS51G6NIPdtY3sqC1kd/VGPrl+lq9vH+Pz+5v5Ssz2q1tneXZ9H3fub+TT69t5erWRZzcqxdBzeCpgb3sL9Hv3VZAffa+//LeNSt5uGaoA/e3GJEffGfi+/Yf+cBW1PXs7Bpnt3Xfw3Tnvw/1d0/yBg2TELyDcxoQwR2sCEosJKdjCtMotTC5uYHZhA2tq17F7ex07t63jwP5tVJflsWz+DALcHDHqo6H2l+trdFPnnivN7zoCeJPeGpjKsYnSJK/RGcPunTHVEIAL3PuJsSuhrSQC8hwl9Hr1xFLqCzcba+KXLFUXPtu4cbMKbqV8P5qaNtGklBJ/uvnwJTcfvODa7cdq3Jbbdx5/om5DqpZPldvPxcYF4o+fcefRM7H5Z6qZX79zlzbJpi61tdN6/gItyjJ6Rw6xVVkD3jeMcVq6hJoNYFC3vozr0os5vXWYL5AvXrWavYcOc/SkfFCnTrBr/wF1gFxJRRUZmbmkiI0tmLqQSYNGExs4XDKVALT7G6hQV5rcNRRrFwBr99XF3coFPztPJgwZy4qpi1gldl+xppD8tHwqK9Zx5kIbl2494uq9J7TJ/9B6+Y4kE+fZfeisOuAqP6sYD1cfDPRNcXH2xMt/MIdaLqoX1hdf3qO0ypU1a03JyjMmu9BM3T0ts8CG1FxbAbiNGpn51mLpugJzfeanGDF7uSmLVpiwJs+GvEIbgbcV6ely3loHMXMr0tZYszrDktXJdpSuDpZKOxB7gx706vHf6SxAVzZc8bDXI3GkHdcywnm9YQ6f70ji7uZVfHYkl28PrOGnkzl83VLKw+Ya2o/U0y6mfK16DqdWDWbLPE/SQg1Y4tOfsaYfsshbk2k+2gxzN8bWoBcm2j1xNetNY+Zcbp3cytPLzby4cZbP7l7k0zvnuX16l3x517KnPIFDxXPYOj+AyvE2rJvkTuOsAPZmTaJgkg+VC4dQOm8Q+wtnsW31GE6VxNGSP5oWAXtrjgA1cxiHE3w5sMyf0xmRHF7q2wGaX98DutKP/iNcv/eMRy+/lsz8HBvXbaEmK5/S5HQqxdCLEldTsSqddavSWL1wMVZmpuj36cOYkABmDPEh2suG/KkBYmvTKJ/qSb38TfkTXNmwMIjcGDeSRrqzenwQUwe7iTE5E+zhjKmhPpqSBXfq/JEKWbUJvGdPNRwdHenVW2nxkc+kjyb6+gboG5kJuM0ZMWIEs6dMIMjPF2OBuNK3rti7roEpRqYDVKgr88+VRWQMBfrGyqp1AnNdQyM5T08S0R7vgP7BBx+o5dtQbutq9SU6zIP4aF8yJoeREjeYhPFhzBjsycwgBzIE4MUTPKma7EFBjCvZMZ6sHutOxcIR8v7EsDV72r+18++++Ss3jpVxaWcux4qms3mJOw1LPaiRZO1QeoBAdAiXNwhA143jbM0oztTFcmnTdNp3L+fGvmW07ZrHjd0TuL5zPFe2zeDS7pVc3JXClZ0JtO+P5+beRXLuEq7vWCCAmUn7jim0bZ8gCcFk7uyezr3DM7h/bCYPj0/j8bFZPDw4ldsC+dtbJ9O2OY6bm2K53iQmv2EM1wXuVxtGq7Z+pXYkF2tHcKluOFfqRsj9SrN8hNq/fqF0kCSdIepCNCey31uFTuJImi+HUgXq6d7qKnSHVoutp7qzT8q9a0K4sj+P7796KonOz/9DoGcnzCRKjHxagBnTIz9i+jBNJgaYMyG0m4C+PxNGmBDjo8cYPz2xc7F1rx5E+3ZjhKc2YwN6M9bXkPH+2uo5C936MCnYgKVROqTOMWflFB2y5gwlY1EcRSlJ7F1XyY0b+3nUfokHl3dw5+Jmzu7K58z+ZDakRbJoljUxvmbM9e9OfdoE6teu5GhDESc2V3Fuay1nttRxdsd2apLn0RjhT6aPFVGGnVgliUesw18YY92HCMM+THPpSZ6lIQ2RkgRNGM6+GeHkhLuTHOxHVmwIu+aHs39hNBvLpnC0ZjnH16+lYNV4EmctYk7kEKYMnyYmP5WF/hHy/iyicPVqNq/by/a8jRyRpPxp8xG+vLWF57cOiDDs4tmdHXwux/cVwF/fw4urm/hcIH7nchU32w5KPdSx38Dd+w849t6c8bdm/tvWocfe7DT2m3G/P9XrLbzfDip7u4qaMrhMOe4Aewfo38L/LdiVsihjtXBnIFmJC6naspml1Zup3LGDjft2cercKW63neG+2Pr9W+e5euE4C+LGYq3TD50eH6EloZi2rtJHLoZuLHA2EZArA+HMe3XHuEdnNfTEzrW6dqJPl070FTtXR75LEqD7Buj6AnRlhTmTvn1Fas1ZJlBvaGhkg4BdBbiEcqzG29sSf2q//5wbUpleuflQjVtvgK5Y+q03sL+hwFDi+p1HXL/7QI4fcuHcZXaX1bAzNZt92cUcKihlT8oaGqKnkGxmz2xtQ8b20sbfyJhlkyYTZWzG5F6arOxnSIrtQGqKKzh0vEWAfprDJ46zff8+KurXCTiLJUpZvHw1k6OnMXXYePnyTGSI72B1Sps6QE6svJeYur2ZZMwhkcSPmS6Z7nLyE9ZQnlFIwZo8Fi5YQV5pLQdOfszpq7c5f+sBV+8/5VzbPXYfPcu2Ay3sPHSG3QdbySuoJip2OkMixhAROZ5jZ6+pU96Un/OSOaZnm5C+1kzdNW119gB1N7RFq81JWGNJyhobktPlDc80ZEGyAVMXGbAw0Zz8IhfyShzIy7JmbbY9qak2ZMhxSropK9PtiV9lw3Ix9eSV3swb78pYf0vJ7P4i5vhnDDW7MtJVm/rp7jwuHckXUrF+vXkmr7fO59vT+Xx3JJPvD2fw/akiPj9VxeNLR2hr2c/N/WVcrZ7PkZShYuVmzPfuT6Txnxll8hfi3DTxsewtiUNPbA37Ydq/C9OHOrO9ZAWtO8q52bqbh1dOCNAvCNjPc+PUbnZWJLMxdyF7S5exLTWaqule5Ec5UD1nCJOctFgxxp3MOD92pMVwMGcyZ8qncTR7uFSmEZzIkjJtCAeWS8WaGMTB5QH/N1/vGVVVmi1q9597Tp/bXUnLrBgQCRJUUMSIOUcMmDBjQkzknLPkKEFyzjkKCAgqKEbMOZWWZeXuPt3nPN9c27Laqtv9OcYca+9NkL32Wu8znzfMl1rHhfSW/LIN7d//V4z8H6pZ79/++HcePXlNdW0Lbc3tpMUmkuQfSpJcTzGuXgJ0D5Jc3an0DCTA+jgGeuPRkOx1ksZozOfPwHyGIcdWzyNk30piDy/DaeVEtk0egusKbWzmDsHPfCop9hvxE+s9ZDYHi2WzWDlvBpP0dRgxfBijRo3CQF9fZefq6uosWbyEwYMG0u/zz9EdN5ZZxoZM0BNYa+kyZaoJdtYHsD20F9MZs1QwHzFKQ7XOXbH0MRo6KviPk0R2jFzzI0arq4A+Wu6DYSNH8YUA/U9//tOvhv57oA8a0I8jWxYR57SZyCOribfZjNeeNRxZO5/DSyeLmZuSZjWPvOMLKXFZRdj2GXhvmirJnxEeW0zoacz7N3b+v9w8X0ZLposYlw8VjqYUHtclz2Ml2e5rqQrdzNmk7XSm7FZNhuvJs+RKqRWXS8XMSx04l+NAbcIRGjOPCCx8aa9IoKUihcayFM7WZHLpbAGXWrLorInjbHkI56vD6Kk5ydUaL/rq7bhdb8vtluPca7bmoRwftRzhYZMVd6oPc7t4P7cKLblTIAZfsItbedu4JZZ/M3cr1wTul9M2quJS+np6MwXwGRtUFn8x2YxOZTJexEpalEpzwYvF0hdwNmwhjSfnUx+0gEY/5TiHxqC5NAXOp9ZfWTs/k0rXaRQ7TyXPdbYkJn789O6hnLR/DfZv3n7N/uXjsZivzq71I9m9bBTHlowSQ1fn4KKRYuljsDLrx9ZFY8XKNQXq8prh56wzlvtv4heYzR6M47ThbFk4lg0Gumyeoo2Z3D/WK8dgazEc+0MmBLgcoK4kjUcXinl8u4/v+q7zpq+De3fy5DVJ2KvFvkuTiPHdRtCJ2exdocOuFerEuy8n45QLDQUBAtwAAXos7WUZtJ7Jpyw3lOQ1xiTojcVvwh8JMP0zbrP64zBBAz/9aTjNGEamyWhS5miRMV2D4sXGpK6dStFGgflOU5rMVpC6bx7VMY6cK3KiMjOa6L3W2K5bzxHzXWwxW83BpYvYNmc51puk/XXzITn2FA2hpyg+XSjtSiE/3K3hzZ0MXjwsFCuv5G5vDs96T3HrQilfn0vifkcEd7qzuHYlj75fDP2uAvRfisP8c8y86Zdu9sbfjpX/Zs12zW8KsPy/ldTKf4X6B7B/gPvHYM9MTsB+21rO1BZxX6D98vFNXj+9xdfP7/LNi3t8/eI2Lx9d41ZvG2F+LpjqaTK636eq0Piyv2rC2ziB9/ihgxg/ZACGwwYxcfhgDIYOQHvAFwz/7E8qkA/69E8M/ewTAfgX0va/N3plYtxYaXvGDh6IhlKERr5fa/AAZk6ahL9vAOnpmWRmZv8aSne8cvwA9j9cuaWA+hE91+9xUWCnPFYA3yvHq7cfq0J57bJiuRLd1+4K+O9QU1bD9tH67B8qWeuIsVgLqA8NG4OlxL5ho9k7RI1dg9SwX7aczOxMwr39sBKDcRwwEo+ho3AzNCHaO5icghJyikoprKhUrVGPT0oReIYREBKJo7MvB/ZLNrj3BIe2HsJsyXomGkxVVYlTutuHDR3DbOO5bFq8AZcDtvjb+xAXcZr4uEwSkvM4nVtBVkUT1e2X6Lpxj87rd7jY94DGzl4BeguZxXXkFDdSWNlKan4tKQXVZJfUUdvRwzk5H9/9+LNqZmtK1hoxcbkJxMSdBd7KGPlxL6UanJaY9gTcvQToXlrssxvNEYexhEWZEBtvQriyT3roVKIiZ+IfOEHelx4u/tocddPC2mmigN+IQ8cMOLDXGIddc5iuPYTBA/6D0YP+C+slWrTIzdoXspSHYUv5JnUrfyuz5u9NHvz32QD+VuvBX5qD+KEziacXq+lua6O1oYYrZ3LEeiJItVrEXuOBbDf4jB0Gn8vjwSzRH4jR2IFMEKDrjP6SVWLsvtYbOVsQyfXmPO73NPDkWocA/QJvJO6fr+d6e7U0FkkURDqS5W1B6M7p+G+fxUbtfmyfMoxTx9aQZreGIk9zzkTuodJ3tRjQCircllDpvoQKAXqN0xzVxLgKh0VU2i/k6/tXVNuqvnnzM99+/w++evWOB9du01N/lu6aM2IEidIolZEXHUNRUhLx/r6EHrchz9GL/es3MWrkSMaOHMHYEcOYZTSR9fNns2bOdCbrjBXIq7HUZDwLtAey22gQ/qs1CDGfQKH7FpzMpuOwZSEW8yaydKou0wy0MdTTwUBXm+nTpjJSgKsnYJ9mMhm1ocMZJDebqa46WxcYM3fqRPR09dDR0cNyy0aC3Ww4vGcn2vL8A9AVQx8jFq+sLVcm0SmT4d4XkNFgyHA11ex2ZULcxyD/r//6r19N/RN5fdDAgewQGy8JtybNbQOnjq8m1WMvh1bNZsdcQ2yWTyLj+GKB0lpqvdaQcWwx4btmEbxzNkHbZ/8K89/P6v726+dUBW0l034NWc6rid2pSeGJ8TT7GFPlOZOm+L20pp6gMXYX9dFmYtjW3Jdr7Xq9Ay0ZNlSnBpAVYU9WuCM5Cf7kpyWQn5FKSnwo6UlhZKVGkp0eQe7pIOoK4+isz+RKVzmX2nLpqomSBDGWJz0pPLwYzv12D56e9+bBWUceNR7lrgL1ikPcKt0vcBewl+zhduFOgft2+gTu17M2czVDsfZfItucK5mbuJS2iQtJGzkXZ8bZyFW0hq+gM2YF55R5ADHL5PlSWoMW0qRE4FyaTy7ijBxrvWZT5T6TYvsp5NlMIuv4JLIdZtBZ6MX3r+/yP//422/K0xRmebJ3uSYH1+tyQKBuIZa+eb4eVms1cdg4lK3rNDixVI0dCzQ5YCbXh+lQgdyf2WD4BZs0PsFM+8+YGYxn1YR+bJk9HsuVw9k9U0csXr539TBJXrdz55KAT5kZfq+Rt/cbefXoDC8etPDmeh0vr5Vzq9KP0iR7YoIsCbabj9suA+zXGRLjdZDKjAh6a2LoKEgWS4+hPSeD5qJczpWfouL4HrJmjMJPbDxiwgAC1s8Ts59L3IYZJEwZQoLJKBL0h5Mg13mC4TAStDRJmDyQjImTKVxtSFWYC41pfrQkOZPiL+J0cD92Sxezbf4mrBavVVW52zdvo8rqTzm5EO3lRVVMLjmxkdRmp/DiWgOvrilLT+tUtSSe9OVypyeTvr40nrQkcOlmsiR6CSIlCdz9APT792lQKrv9sqTs/bh50z/HzX/Z//ufMP9nNbX3Jl75K8A/LsLyIX4P9o/hXi6/ozAvl2i34/R0NvDswVW+etqnqtX+5rly7OPV4ys8vHWe3KRQFcy1Bgm8JTS+/AzdoQOZOPRLDEcMUb0+SW2IgH0AOkqX+8AvVGvTh0u7MuKz993s6gL+UQLtkf0/V9n5mIFKN72YucB8nDL2Lq+r9/8CbXk8f5owJTRMBXUlFJh/APoHqP9B6Wb/AHUF2MrzS0r51Ct3aL/UJ8fbKtgrrytfV6B/QV7r7u2jJqeQI1NmcmicPnvFVA5o6HJYU49jE01wmDUfd2l887MyVbBOzy0k1NMPew0DHAX+TgNHcXzEOGzMt4vNxhOXmCowTyUxWZnxHoW3fxBuHv7YOnhx3N4T6yNOWO05wT6Lw6xebi6NqyEDBijr1Uejr2/MqqXrcbTx4GRoMhFxOcSmFHA6v4a4rHJiM8VMum9y+f5Tuu88oOfOI5ovXqNS7D2/ppW8imZVFNado7z5AmVNndQJ1Bs63s/MfvP2nmorVN8wfZwCtDjuo4lLkD6O3tpi7JNx8xPTluf+oRMJCZtEVNxUImOnqIAeEalUl5umKgfr4qfJcXeBubM2e49rsPeYpmob00OHJTnYM519i40Y0u+PqA/7FI91urS5L+VawGKuuk/lTtA8fsrdwz+qjvKPZk/+fjaYv4ip/73rFO96SrnS0UR5YQnFuXk0FGfQXRCKnWIVEz5jm8En7J3UH/NJA5g6bggG6mqMHzuU2QZjWG+qQ4TrPrrKlfH0Uu5eqOfZ9Q5e9nXx6nY3d3vauNxaSWVaOHnhdhSEWJHstJE9M0awSW8AVrPVCd4+lWhLU/K9NlEZaE623QKSD5qQdWw2RQ4LKbObRa2rNKp+ZlR7mYkBerxfTfD2Zx7cfskzuaaetHbw+tI1LhTXkBEeQ4skd+XZaVTlZNJYmE1qSABRdo4sX7CIcWM1VGatPnqUqgqclsZYRo9WY5DcBEOGDGFg/88wGTeM49Lw1risJGHbBBoCduG1cTpHl01m5xxdlk7WZJruGAy1RzFxvDp62uqMHTuKxQvnMW/WdIb1k5toWH8sZulht3oa8nDMhgAAgABJREFU5nKcrK8llq7DpuWLcD+6h2O7tzBv9gxVtTclFCNXqsANGTFKNXNeWVs+YMhwBg6R44CBv8L8w3i5AnIF6H+U+OTTz/j8sy/o/3l/DMeOINd3D7WSIGU7ryHVeQt+B1YSaGWO5XxdYg5KcuS1gXzbBVR5mJHvsIaQLVPEiDPfV+b7x+9Lof4vXYXxJOycQtTemUQeMiXSQp28w+PJOaBFqVyDtQELKE10oVRsryLKSkzemq4SN0oTbEgOPK7abtbPcR92lps4sXcLrvbWxMfGEBocTFhQIIkxEaQlhlAuyV97axntZ8o511TO2apMiRQutxer1vHe7MrjXnc+L/qKeHYlg0cdIWLtjjxoPMHd2iPcqzrMnQor7lYc4E7ZbtUEur4CgXr2ZoktAneJ3C30yvFS+la6T2/lfMpm2iQJaZfoijfjYtJ6uk6tUS2jaz65lEb/eTQKyFXd8iHzaZDnFS4zKLSZQtbhiWRaTyTHxpAcB2PSnGbQkuPGty/vvO9J+vl7PC3msX2DNoc2aLJj6TgsZg/gwJr+nBBDtt2uxqH1g9ixxgDL5UM5vvwLts3uj+ViDVZPGM0sDU3MFgxh67wpbJlijNOmJbjtn8iRvVvx2LeJtprTXOwol0Snnq97m/hOqcHed5lXTzsk8a3mx6tl3LiURkd1ELkJlkS5bCYzahsxrrNxlXsuOewonQ2RnBcj7yiOpq04jmYBeUtRAi2FYbSUx3F0zXiOan1OyAw13JcZE7hzIacW6ZCgqSUQHyihJjGYBLkHEiYN/+W5vD5pJBcdD9FxWszbaTOeOxdhYboC63V7sV28hD0mC9hvupJtC8w4tGgV/sfdOB2eSGZYBBlB+VRn5PO2t5E31+r5RhKTh/dKeXG1SKKJp5cyeXE2lEvd8fScT+XxxVietkSozvn9+w9o+mjc/Nc15b/A/GOg/36jkg9W/h7k5RQVl/0S74uwKMcPUP8A9o/h/uF5ftopLnU18uLRVV49uakqk/z6WZ/YugLzTkrSIzmwbilTRw5Ff3B/dAXeOoO/lGN/TNRHMENjpKoC3PiB/dFSjZv3Y6QY/Fhlctxn7yfAjRBQj5GfGSF2PrzfZ6oJdBpD3pv5OImxAweo1q6PEagry9p01YazbuUK4uNPkZqa/huoK6ECugLyD1BXzFw5XhSAt/XcVI0l17d3c673pgrmyteUbvkPUO+8fIO2zgu01MtJLiimOr+IMskUCnIKKC4qF/suJrOwVCy4ghw5uZny9biTkdhNMMZ1wCi8hozCRk1NLvQZqp3XouKTBISn8BGYe/sEqsI/IBRHFx9snXywcfThhJ0nBw/Zs337IdWGGcpGLUo3p8nMBawy24qzZyjB0RlEJRUQGpetAnpaST2VrRfE0O9y+d4Trt5/oup+P3f1Ni3yPs9cvE5D1xWazl+n8fxVlaHXKEvcGs/RLO9f+dfSnsAR55Ec9xyDc4A+Lr46eAjIfQImEhhuQnDEZPyDJ3EyfCphkcaqmu8no6YQEDqFoPDJOHiNxcF7ArYeE7F2kUzeToMDtppYO+rj7Cw3mcN8vHYvYPyIT9Eb/mdslmpQcGQWl73ncsnRiHMnJnEraDFfpZjzt2o7MXRX/t7oxz86ovm5t4y7nTWcigjl8IG9WO+2INL9GLVJ7hwT098+qR9H5o5i79QhLNUfjI7alxhoDmeK1nBc9q7k2JYFZIe70duQz/3uJoF4C08F6s8lC31yvZPr5+o4V5NHfrQHiWKLad67xB43YzVXGjfDoeycMhjbpTqSQOiS67OZfPe1RFlOI8t2Ibli5NlHppNnbSwwX0ZLqAUtUft49/y2mND/cLH1vFhgE4+a2+ipauJcZT2NSen0VAsMqouICfCiLCZSGq4QPOztmD19hkBVS8xY6eIWkI4Zw3AB6NBBw1Td5MMGD0JNLny1oYNYpDWIeo81xG/Vkf97PeEW07BdNZnts8YzV28E08YPZ9FUDVbN0mfGRA2mTzFg1bJFmE6fwpBP/8zk0QM5YKqB34ZJuKyfyiJJgMZL4rB2thExHkfwPraXzWuWMlpsfNAwNVXlNwXoyvGLAYPpP2ioam25Mj6vzGhXIK7Mbv9g5wrYP0D9c8nYBw+QTF+SijmG4/DbPZvqwM3U+puTabeG8ENLSBKwBx9cyfGVE4ndv5BCp9VUuK+nMWAHaYcX/Fs7/+71c/LE6sPNJxGwbRKR+yYTtkmdeItxpO3Tocx+ErmSPIY67SPC8xinQ11I9D9IeoQDKSddsdu7iX2bl7Jz3WLWLJjGPJPJmC2Zi6OtLY4OriTERBF50of4iCDqK7I439YkdtNOa1MVbS01XOxs5WrPWXo6Guluq+LaxUqudJZzr1eSx746nl7JFWv35UGrK/fOHONew2Hu11txr2Yfdyv3iLG/h/rN/K2qoxI3CnZyNXcHl7OUmffbOXdqKx1xW+lM2MTF5E10Ja2jNXYVjcGLafCZL0BXYK6Ms88ToJtS5TqLbGtDAbrEMSNylcmBLibkOE0h4/hkEuV6Ve153pyH44FF2G4xwt1SF599ozm8bjxW69Q4unMw3paDcD+oi+v+4Tjt/pzdpupYLv2EXSs02b1oGPvXzMZqpyGehxZRGONIUchqHCxXEnJsGTXJfnQ3ZtLcUMGFjmy59wq4f7lZTL2Jn2618uZBD19dq6b7ZgLNuZ5kJWzntO8W6rLcyfJcKp/VeuryI7nZXcvzR0101mfTWZNGZ9FpWrN9yUuNozo9gUCf3ZgKIPwnDeaU9ljStywkzUBDzHzUe3hra7wHugrkg4jXGCfHESSO16In6ChncqMJ8zuIteVGNi4UeE+dyxHTeayYu5QNM+ez2XQVG023YL/LilI3N7Lc/MiPy6c4MZGHbRXcuVXAu2u1PLiTxYsrDTy5mCY2nspdeV+3L4uZ94ipd0ZyvznkPdAfPlKNnf/TzD/efaxRNQmuqrr+N3b+AegfgKxAu7DoPdB/X3zlY7B/bOwfw72iOIfb15Xu9uti6NckrqsM/fWzmzy7f4nmsgz2r13E4vFjVFA3VFPA/iUzNeX62LhCBfulhuOZMmY4BsMGMF2SpVk64xgv8NcYPBB1Abey65pSClYxdWVm/OgBX4qZD0Fd2jCl632MJAejBfpKoqDY/lhJDnSkbdtsJu1rZJRqTF2JD8auWPofPnSpK6D+YOFKnLvcxxmBXH17D+0C7q5rt7l86/3XFGM/33uLrss36eju5VxXD60C9ta2LuoaWykqrSa3sIxsOZnZAvKcEsl4yqsokBOfXVRGVEg4bgJ1t8EjcBowCLsvR7BO35D9+63FahMEhvF4ePvj7ukrUA/ALyAMV88g7By9OS5APy5gt3cNEsj7Y7Hbio1bd7Nm3TZWrd2G1RFnvANiCFGgnlzI6YI6ius7qWm/RNOFqzR29aoSliv3HnP9wVN65D1dkPd97tpdVbRLotJ88QoVrec4nVNKRPRpnj59oWok49I24+o3HhdvsW1PPVy8xhMePUNiNgFh08TSjfD0MyLw5BSJSQJ4Q4nJ+AjojzhrYGWvhZXDOGw8xrPfVo1jTgJ269F4e04mNngNMc5mLDVSQ0/tC5boDSLTahpn7Uw4ZzuJxv2a1OybQJvdZF6nbuEfda78d60Lf++I4h93z/Cgq5ogZzu2ma9j8dy5zJqoQ7y/LX47Tdmi/znWc0djbTqGbSZio6P6MU7sU2ek2MQCI0LsduB9dBttFWncPFfNnZ5m7ve2qOKxgF2ZNX2puZQqyUqTfKyJc95GktsWIo+t4PgqA7Yaj2C51mes1x/I4WWaFAfvJNNtPdkCm3T7peScmM9pSyPy7UypC9hIswC9Kdry/fadjx9Tn11AuyR/rSny/8tNfDGnkPP5OTzoaaW+KIPW00nkxIRz7JgthobGDBM719AcJ/BUV000GzJ8BIOHirHL62vmzGbtksX0HzAAjYH98JaGNXr9GAHXLIHYBBxWGrJpuhbTxw1h40wd9iyegJX5AuYZjcN8uSnb1i9BW3MkowYPYIkYltvaCURtl6Rs02S2TFZj2pghrDDRJezYJpICbbHauopxY8fQTwCuWLkCc6Xy20Cx8/79B6og/nG3unL84x//yH/8x3+oQnn8mcBcT272Wcb67N20FLcDayQxEgtNP8ql5EPUCdjDd0wm6egikh3W4bdrPr4WpqTbriHfaR3NYZaqYZd/PRnuf7lUFk/qDj2ito4nZudkojaOI3bbWFIttUk/ZEDS/glEy2fpfHizWPhBov2OkxJiT1acP952lqyda4KJvgZT9TWZqKOFgY4OK+bPZNOGdezeu5utG9ZiqD+eyRMmqircWZhvIMjHg+qKEi71dHL3bh+PHz/g2bOHPH1yh7t3eum7fpEH93p5dKubWwL2RzereX2rmEdd3jw5a8uDM0d42HiQh/UC9ard3Creyd2Sndwp2sHtwh3cKtrN9cLdXCnYS3e2JRdTd3M+eSftp7bQriy7i1tPS+QaGoKWUe+zSCC+kDMhi1QT5xr851LpMovc41MlETLitEA9x24ahWLtBS7TyXaYyuWaeNWqgNzoQ8R5bSbKbjURh6fiZzUB9/1G+FiOxcVSDw/LcQRYTRLQD8dhlwGu2yfgYzUdxz0LJQmYR6CysZHnPqLCXTjptp0It9W4HVpLTtA+KlKCyYmMpDFbDLwyjavNBTy9dYV7P3QJQNp59LCUvrs53BJzPXPqIEneS2iuduBcUTDNcXtojLfkfE0yb+618UaMvrs9m/raMs7Vp9JYe5q6JDcKT3tRlx5FkOUqok2HkTpLnaT56vhqaBMnFu4lSX2MWHmo/lgSJMmNnaBGqNZgfIyGEjvZmLqECFry7EgN3Irnvn2YLzLDTHcZ62euZ+20Raw0WcaqGebsmL4E553Wct97keURTGZoKuFhoVy+Wse7q7UC8iqeXy4RO69WxctLJXTfOcW17gRu3Injbkswty+Gqq7Yh48e/zJ+3vxv9wb/eF/wjyfBfYD5ByMvKPwQxf8W6h/DXQmly765qYZb1y+IoV/n6xe3ePtS4kUfb55d59nd87SWprJv5QJmC8CnjRnBLC11Fkmba7tjHZ2NhXSdKSLwxB4sFs0i0P4gjWVZkoDZsUN+xnzxHFbOnobe2NGM+mUTFwXo7yH+5fsysYrRKwYvZq4tSYCOxDj5uqbAXkfauT1bt5CQ8N7UP+56/8PNu0+5cVvMvO891BVYq8bTBW6dvbfpuHxLZevnr93h4s17XOp7oPo+Beidl27SduGKwPwiZ9rO0XCmjcrqBgqLq8gTiGcWiZ2XVpArUVhZQ7F8CIUC9ZyycuJCI3A2miqWPhL3AcNx7DeMVYPUsDpoTWJalmrWe+DJcDF3P5zdfbEXS/cJkJ/xCMTaTsxTMXbXAGxdAuXozxF7b/YJzHfsOyaQP4yTWzAnY9JJzJb/v7KF/JqzlDZ1CtzPkV3WQJskIwrMlZnv3ZLQnJdEpePqHToE6Gd6rlNxpp0j8vuWS0ZqtmLL+y7ibx6LcU/GN2Si/C1GBIl9h0XK80AxOJ8JuAUb4X/SGF8Be0i4IScjlBnyxjh76+Horoudsy72Hjo4eMrRWRt3SQw8PHQJ9plGRMhS4nw24bt7qWRzci4mjSJyuxEttsbUWBkIzDUpshhL/i5dWp1m8CJzP28LjvHfzQHwpJW31xuIEytft2gOetrj+LLfn8SkpBG32cA+uYmPiqnvmT5MZdUTRn3BuOH9VGvfZ+kM58i25UT4HFfF+foC+i7Uc+uSmLrYwp2eJu5dOkPf+To6q7NJDrAjwt6CJI/dpHhYcNJqCcdXG7LDVJuNhkPYNHUY/pYLqYg8THnkQaoiD5Fqu4zUo/NIPzKLSt91lPhspCZ8D/fPl6vOa3NxOR3xcdw4nUirXKSlMdFiGXnUFWZxtiKf/NAArrc24O0dxJIVGxk+UtksZSRjxynlXEfTf+BAhg4ejMHwkWw2MWGBvgFqQ4bw6Z//xN55OuRaT8d9/nB8VmliPV/APWMcC3SHsk1Zoz5VnXmTxrB2gTGex7ZzaNtSSQwkIx7an9VGo/FbP5EEgWnizinYL9Zi0xR15uiO5tAqE0piXeUzO8bCWcb06/clf/68v2p/gc8+/0K1tvyLL/qrlscpQFfMXIkPMP/P//xP1WMF8H8W0A8VO18+byrOBzfJ+d1MdfRBrgjQH5W6cCffnhrvNZQ4L6PM14K442sJ3b+M4B2zyXffRmXg7l8nvv0/Y+dvXpAodhi6Wp2ApZKgzFEjfYeuwHwCp8XOy4/qcdZ3EucjZxLjupVwvyMkhTmSHGRHuOcRLNYuxlhfB60xyrwFSZrUJJkao4aB1lhmzZiNk1j65jXLMDE0wNBAnylGk1i/cgWHBfSrly/H29eTK1d7eP7iIV+/fc43797y3fdveff2NV9//YbXX73k8cM+1Zjk84cdvLlbyIvzvjzvsONxizUPmw5xt2Y/t8ssuVe2m3sVYuyVltyS4/XSvVwttORq/j66c/bQdXonbQL0M1FraTy5ivrg5aoytA1yb50JUcrQLqVJoN4YsIgKj3li5TNJtZ6silz7aeQ5GpNjbyxQn/XL5KwrpMV7UBlxkPxgc05Lwh3ltJggKz1CD86Va382Xoem4n1gMoH7JxFrM42oI4uJk4QgLmCratfCWM91uO5bg8NRc8IcFhNuv5KwExZUxOwnL8qV0gQH6jOC6aqNERsv46fHrfBdC9++beXZrQqeXjtFV2EguaEHSfXeTGdZJOeqJXKt6cjxpLcnk+/edfOXV9d4cKtOQFInkE+hoziZ2sw4kuM9aS+KpqMunFwzUzLXSPIxezw2E79kh+En7NIcgK2RLp4aesQajiREnjsbDCZ2vAZV+ybRmnSSs0XJlMcdJfSwJbtMl7JszlK2zDLHfMoCMfS1LDNZjOXc2UQftyLZVuw8JpGUpEQKTifTWVvE132XeHo3g6+uN/FEAP/qagOvutO5e1Vg3prAswsJ3FPG07vjVOf90eMnv2608k+gN/5LoKvGzn9n54px/xPoxb9WUVPi91D/ON5vcCLGXiZJUfsZ7t2S61aA/vrZbQH6HRXYv3t9j6+fXZP2sIqcKA/sLFZyeMNSjmxazil/e250N6psXrH6Zw+7uXGpUY5XeSLJa3t9KRU5idSX5ZCZFMWWVUsZJxY+ot9nqvrvqolxYuEaQwepgD6qv1j5l/3RVCbYiaUr4/AK1EfL61rDh3Jwz15OnUr6Tbf7HxSY9919xjUBulImVYF0l9h5l4C8q/cOnVd+iau3BOq36RbYKxPjFKCf67nB2fNXOdPRQ+PZTurPtFJVe4aS8joKymrIEqArMFfsvLi6jtLaBoqqasmTk56eX0hEZBQu0+di338Yjl8MweGLYWwbMFQa1d0qSz8ZGSPQ88fRwxcHV29sHN2xdfbEXYzd3jMAGzd/bN0DOOHqxxEnX466BGDnHcYBW3fmLd/A6nUW7Nh1GCsbN7zDEolMyScpt4qQ+CwSMotpkb9d6Xm4IElKm7yfFnk/DWLwjRevkpFfgaX87JLFaxg7Rpv9llaqi629K1lsXJ/oaGPCw02IihGIB+vj5KODS6Bk5ycNcffTxj9cj4AIyea9J+LvPxE/f8nmA7Txk2TAy9eAQP8phAfPJNRvMn4exgR6LyIn/gRnEtxVY7xLDMfgsEafrENG5IpBdDjNpmjrOCKWjyRxsw619gvpid7N26Zw/vGwkb89vUBFrBumE0ZgoD4UteGfMXuSOv7HpDHZMAWvzZNwNBMorRyPqZZke8O+YLxaP6ZqDmWJiZaYmRUuR/ZQmR3PtQt13LzcxK3uBu73nOHOhQZudtXS21KqKirhum81DhZz8T+0XEx9EwH757N/kS4Hl+lyfIMJexfpE7R/sUDpCOURR0hx20qeNEb5HmImTsuoDd1Oech2qqMOvO8SfvWSjuiTdCXF0Hgqns7CXFqL8kmJjyYywJvy8JO0pCYRH5PAuvXbGaehI0Y+lDFi6CNGig0PGMiILweyVN+IzUZTWD3ZBDW58EcM7sccsY5se0mWdhrhvGA4h2YOZr+Aea3RSKyX67N7niaLp2gzRU9DzNSGXevmyE31KTO11bBeqEO4nLeEbRNJt5xC8DppCBdpMF9nmKr7PdZ2C1khJ9i6Yg7DJKH405+V9eSfqLrXFcB/poyJ9x8gYP/iVzP/AHKlu105KtFfblDNMcPZvXGRNAqHKYq0oi3LiZtl3jytUsKVvkwrWgJWUem5hpqQvQLxvaSeWEWE5QI6KzL/rZ13FJ/Cb+UYAiWZ8VgyhqgNWsRt0SZtu75cQ5JgOU+nwWMijcHzyAnZQ36iJynBtgTYW3J01xpWzJnEEtOJjFA1Ml+oyllqq49CY7QaUwwnk58h8GipxliAbjzRgBlGRiyeYypQX8byBQsxMZ7OsaMniI2LEkDe5pu3AvTv3vHjjz/w008/8f0P3/L9T9/yRhKPly/v8+J+O6+vZ/Lish8vuhx5fPYoD5oOc69GovoQdwTud2ssuVN9gL6Kg9wqP8DNkgNcyd/DhYydnEvZSnvcOloE6s3ha2iNWE1L+AqaQ1dzJnQVTcFLaQxc8n5XOefZZNtMJ/OECZk2U8m1UXqRjLne8H75VEm+LfEB+2iIPcjZJDvOJ5uT57eSBP9VkjzPIj1gHali/KHHFhMjP5fgOosEZRKjiyRQNjsItzHB0WISB9eZEnZsG0HytRAbY+Jc11Eaa0titBdpSceoywii50ymarz22ye9/OV1N9983cSDq1Wq6mktBTGckmS/OH4vXVlhdFd40lVlz/laf671xPLucSd/+8t13t44z9vLpVzsFEOsTOdsfhilaQG0V6VzrTSSKsc1BKweQKDROGzm9mOG2icclevcUk+uCZ0xnJw/jZh9E/BarM5pSczaAvfTVZ4uEanaTCrowF7WGc/CzHATa8XQzeasZt2UpayeuJoD0tY6H7Ih2i2a0uQIEiLSqEnJ41p9Dt9eLefRnUK+vlbDGzH1B5dyudmbyt3uU9ztSueBQP3q+QRVBTrl3+MnT39TFe63s9vfL1n7dYmaCujVvxk7/z3QP0D9Y0v/GOy/f1xcUkpX51mePrzJ8yc3+erFXb5+dZ9vJL5985Dv3jzg26/u8dVjSaJunuPh7Qs8uHGO1wLxb17dUX393Vd35Xsf8e3Xj3n3+ilvv3rCV8/uyO+8wZMHN2hrKmPryoWq7VTHDhmA1ohhjB02CM0RgyWGqsbX1VTbroqhD+qH3uABchygKlYzZsCXqjF2I81xBAUGkZb2T0v/Q+/1+1y6ele1lej5S32cu3ids529nD13hbauq7QK9M7Ka20Cu47em6ro7O2j/eI1FdDbLsj3CASb2i9Q23SWyrozlFY2UlRRT2F5tZh6OcUC8eqGZqoamymTD6ZIbD1PTnqGnOTYhETcVq3DcZgadp8N5NgnA9ilpsm6icZsMd9KQEAowWHRYtsJYsZhHHFwwsU/BI+gSBy8gnH0DhGYnsTeO5RjrmLrHiE4+kbi5CsZkNi66dzljBmt7LA1kckzF2FheVzsOBg7lxBScyupb+umoqWLunOXqWrtoaypi5r2Hpo6LuHjHoztcVcmGE3DaIopN/reT5RJy9iOj58+PgLpkIhJBEXq4R6ihWOADoFhk/EJ1MIjUB2/IF18vMbj5Tke7yAd/MM0CQqfQHCgEZ7OkyWm4O1mjJ2N3ETuC2kpieR+WyEpx9fITTOKDVNHEb7LmBQxzGb3+RRvH4ffzEE4mAzFf6UWSZamVPrv5VpVFH9/JnZzsZREn0MsNlLHcLzY8nz5vWLLoVZrCdxqhLv5FA4s0maJ/gDGDP0M9SGfMXnMAGbqDmfdfGOi/d3wsTtIT2s5l89Vcaunkb7OWm6fr1fFNXn9bFGimIULQSc2EGi1Evfdc/A7MI8w65X47FnM0XUzsFqhz7GV+sTZmNEY70h5lCO5IdYUnrQkx9uckoBNFPmupypiH+2F4e/rN7fIdREZRGtBpupxckw4Xs6OuDs5EOXvTXNWCslhPuhoazJ65FjV5DcF5koMHTyIGQJ5c8Np7JppKvatx+DPPuHQzhVsW2FI0B5TKrzWEmExAfu5wzi+RIujKybgvHYigTunsXupEdMnaErjF4j1tuWsnD0Js+k6OK6cQLi5Phn7TKhwmE/idgPs541m44TBLBg/kkNLJpHivBWnPasZN3K4qntdAbTStf5+XfsgRqgpRZG+VL3+f/7P/1HZuQJ3BezvH/8XQ+RG3WC2TOz4OHU5gVyqiqC7Mpzu8lCet53ica0vrxp8eVLhyvWMo3TG7RNAbafUfT1pJ1b+Wzv/6fs3JNlJ8rVUh8NzR3FioTon5qkTv02XCitdig4aUOQ8j4aT60lxUSoDbic5+ATR7nvwsjLD2mIp+9bNY6quhoB8OIPFJJRxfnVlvFBXl8MHD9JQU8i9mz1cu9TBmmXzmaing5GBHjrqI5mgPY6JEyYya85CLCx2SyPdwOvXXwm8v+L777/l559/4i9/+YGf//IjP/31Z7775ikvHvby+GY939wr5PWlAF4pUG9TuuCPcq/+MHfrxNhrD3Gr2orbNVZi64dUM+SvFx/gWt4eLmdu53yKuars7LmEDbTHr6c9xozWyDU0h62WxGUFtf7LVEAvcjElx3amxCzy7WeQe2IK2UeMVOfu3csH1GcepD41ipLUSOpTTsi1Ku83eh8tpywlWV1LR+YBrp+24FzIBuriDtMSspnCU8dJi9xPtOdeLFdrcXyzPrY7DXE6vBiHvQux2WXCSYc1xPjupijGmfwkNxqz/Lh7qYyHz2/yw6ObvPu2jPsPa7l1u5CH3VmcK4sm3n8jVSe30lEg18bZUK62SuJdr4w/F/PT817++vYcPz2s40p3NZe7iultTqI9L436/HDq0wM535LNKflMp6lJoj+0P17b53N0liY7JOE10/i/REweTdD2bXSmRZLiuZvkIFuu1JziYnMifU1htBZHEr15OYtmL2fzrNWsnbGONQvXsNJkOetnr2fjgnXyXm1U+y/UxKZyKiaTkqTTVOXE8eJuLm9u1Iup5/Gir4on1wq4dDOL7sunuK3Ucj/zfnLcxaZk1bl/8vTZ+/3LP2y88svEOAXqH6rCfSgi86FozO+3Fv14J7LfW/rvbf33zwuKimlqquXx/eu8eHqL1wJ0Jd5+JSB//UgsXeLNY757+0ziqQra30l8//UT1evff/OcH755yY/fvODH717zw7s38n2vePf1C96+fia/845qTskus+UC9EEiVsPQHjkCEwMdpkpypSvJstLtPrLfFypDV2bHK13uyhI4pctdQ6kkN2QQ2kMGY7FxPUlJyb9OkPvD+R4BtALxs920tF6kuUXAXNcmJ1LpQj9PbWMn1cqs77MXqWu7SNO5HjFbAb5AvKXzsirOdHQL0AWE8gEUldVKNAjIa8gtriQjt5CcQjG7+jOqr1fKsUQ+iCKx9hw56Unp2YRFxhJs74j9+ClsGTaGmZOnM0VjPHPUxrLXbDNhsQnEyx8bm5ZFcNwpvATwHicjcfELUxm6g0+IADUat6Ao7H1COeERJMdwiQjsvE5y1MGbVRu2YzJzscQiTBesYf9RgVdIIrnlTaQUVFJQe1bVLZ9b1USOJCRlta2kicmflN+xZf0utm4+wHEHD27cvMk33zyTRMMUDz8dVU1392BtHOWxnaeGQFzZwWw8J4MmEuBtgIenLo6eo8XaNd8XmAkaj5PXOI6fmIDNYT2OHNJjz25NHJ2M6agJ5uvLldyvCMVplRErJg3HfcNkovfPpthuPg22JkQvH81h/U85IabpOEeNQDNJKPYtoTbRnb/eqOFBvWTzTls5snEOltM08V5uQMyR5Xiv0yPScjb7Fo5izZRhaA79lFFiorP11FhmMo55hmPZs2EFKVEBxAW70NVYxNULtdwUW7/eXsW1tgputFfS05DLKV9r/I+uJ+jwKqKdtxDjaI7z1hkcWzcVl92LCbZejvPmqXhazCLJaRMtaf40pPhTk+RNY5on6Z6byBWwxx5ZSKlA/s3T2/zt55+pyVAy9kZudzVRVZBOfFgQSeGh8hl4khEZTFNBKuHB3uzZsZPJhoboClTmz52D7fadRBw8is3SNRxcvAoDDQ10lS1ly33JEtMNEJMtcNvA6cOzSdw/jaBNk3DZMAnH1XrEWS8g5PBqTPXVpeHzxPnAGjYsnMKOJYZ4mE/l1L4ZZB6eQclxU/L2GRK4TB3beWPYOHEoe+YYkGpvTobPXjYvmsqIQV/yqUBdAbpi5YOVGfeDBqmMXel2V0IB+QdLV2LEcIGjzji5MeVvTDvJuZpkrjcrZT5P0yAN/e3mZB42RfOsOYK3FxJ5dzGZV83h3M63py18Kw87iv6Nnf8P1zvyyfNeRHnAcuL2G+G/URu7BaPF0DVpdZjIGbsJ1BzR44zTNFpDLMj328Zp152EHVmP7/41WG9ewsKpugLn0ZIADmXowH6MGDiQsaNGsHLpYuLlM7lxqZ0nt3u5c6UTX6djbN2wHtPpM9HTHIu+1lh0dXRZZ26hmsSaV1jEy2eP+fbdW4H5j/ztb395H//9s0D9B77/9isuN2fxRID+6l4jX9/J5KtLPjw/by+mbseDlmM8aJZoErjXCdxrD3On6hA3xdL7ivZzs3A3N/J2ciV7G5cyNnH+9BY6lAI5CRs5G7tBjH0tjSGrqRGgV3gtpsRlLoXKenyHmRRIZNnOoPaXXqOLjXm0ZUfSUZjMuaIgzpUE0lthz8VqJ+6VOUiC68/z7ijuN7hwo8yW87lOdOQ7CHA9KQo6yNal49gn96eTuQkHVmtis02L/WaSxB9dhbuVAYmhBygOPkpaqD295Um8ul3PXx9288Pzs3z/qJt794q4f0kA2FstoAshJ2QtWXEWdNZGc60zkd6LSVw4n8Gbq7X89Ukb39/r49WVszy+1MDFnmq6L2XTWXya5rwIzmQE0JnvTUZIIBaLZ6Ap1+ficV+yd9lSwpcswX79enz2WnDAfDkt8vefbSykt7FYZc/dYs5dtSnUnYqUe2Iz63U3sGHWcpbNXcmmqQtYP3GF2Pp2zKRt9T7iRVJCDnnxGeSmFlGSEklXfilf3ankifydfbdKeNOTwc172TyVRPX8hTSuXkzn/rWT0tYkcKXjPdCfPX/+293UGn47lq50u39YsvavJsR9MPSij7YY/T28//+isLiEmppK7t3qFUOX8/rsNi8F7F89v8PXL8XUBezfvH7Iu18M/NuvnwrQBeav5fHrxyrIf/9WYP5OYP7N6/dHie+++Ypv3jwVQ7+u6nY/tMNc2qpRGGqNY7bRJPTkPpuqp81kXU20BPAaYuXjBObKhi6KpWsN/lK1HavSTa8lYNcSsM+Q5Plk8EnV5DgV0FvFRJvOdFErMKuqFOjWtFImQC4vb5STJGCT1wpLGygW8BXJ45JqgXJDOzVNHdS3CvCbO1XRIJZbXX+WjJxS0rNLycwvFwuvJbuwktyiMipqG1VQr5UPSTlWSKZVWFZFdkEJqVl5pCld8CejsbKwZJLhVHQNJqEz3gC9oaPZtXE7fmFRxKRlkywJQmJuHqFJKXiHx2HrGcSeow44+J7EMzRWQB+j2qvdXiDv6BWhsnUHvwicJBwF8s4Sbv6SEITEERKbRWpJI+ny/rIqm8mTiE3NISGzkNJy+fuKqnBy8MJs1TY83AKxs3PE08NFddF19+TgFaAsRdPCxksDF9+JuImNBwYaECSvBSkV4bwn4BOkJzY/ntCT0+TEz8TDQ58jNurs3jUOjyPT2bVlLPu2C+i9TanOd+TlhTxptHPw2zQFy3l6Erp4b51GwI7pJAmMig5Nw9N0MA4zhqnCZtogjpqq4ycgjRazLw3cR13gQY5N0WKn3jiSVs0jRKw5zMKYeMtpOK7SZcccTfSHf8roQZ8wX9lqdMUUFhiNZsYEdYK97cmM9aelLE1MoIwrAvW+7gZpwOq4dracS81ywSf4EO2yBwdzU7wsFxEtUEtw3UaUvRmRjhsIt9uIkwD+wHwtLOeMJdHFgvokD9rzI2kriKI60YPqBA9Kw09QEXGIlmzf97Nbb/RQm3OKq211dJ+p4EJ9CbUFpzkVEUhCqDepMUECvVhCg3zwdHHFzsYGJ1t7ik9GcCXhNDmekrjNnIuGxlgOHzMjv8qHgmof0vOc8LdZRtAOE2L2zMR3tSReG/UlwZlJiu1CjplPZ4b+KOqSbTnlYcnutbPYsWwqAXsWEms5XYA+TVXtrsjKmKQt4wlRuq+XSQM9WwvPjTMo8tstUN/P+nmTURs2mM+/EJOV7HmkmhrDBIQK3PtJDFRgOHa0mHs/ee1zVe32SRMN2Lx+GcFeNtQURNNRncj1tizOV8XTmBvMmRx/SYKcuVoVyoOzCbyUBvC1WNvz5ijuFjr/Czt/f/z5+5c0R1tQ6GFKmd88St1mkHRoMv4bNMk/YUD6/vGUHlW63fWps51M5RGJYHMKAjdxymYloZbzsRMY7V4+RWXoo4cNYsiXnzJMGpdJOloc2r2TqvwU7t64yKM7vVxsq8H+8G4B/RKMjaeio6nJBL3xGE82wuqwNVHRsdKg5nGr7xrPBOrvfoG6Yud/FTv/6efv+fHbH7jcmENf62nV1pTfPWngXV8Mr6+58bLHhVcXXXip6oa3lSTnKA8ajnJHTL2v8gA3iw5wo3AvNwssuZG/iyt5W7koYO9K3cK5pE20xZvTErmOhpOrqA5cTpXvUoH6Qkpc51HiPIsCx1lkCtBf3bvEd/K3NScc4ExmOC35iXTJNXirPpTujjB6uv0l4QzmXncE11s8uNYewuWmCC5XhsrjDElKg3DdOB4zowHsma1s1KKP1YJR7F4yCes1I/Dda8rRfYuI9HWT69iOglhvbnVU81yA99OzNv7yupFvb14UYJfzoqeEp721XGgUoMvfk5RwhLN1GfTVpdDbnsvLK8W8u9HIz48v8Pf7rby6e0HOUQnPerK5JLA815xOS4YvVRli6al+NKQHEO12APN5i5kwfCTa/b5k2gAdpo0ewvQh/5d9K42pq0unszOf2+359F4q5fa5IrqrkkgN8GXljOWYz97MGpNFbJwpdm68hFVi62YzzNg0fy1uDkGkhWTRmBJHQV4l5ekZnCkr5OHtUp7eyuPplQpu9VbxQsz8SstpHnZHcqEpRVXPvVs1hn7q/UTZFy9V69A/Bvr7cq+/nxhX9+s4+sfLzn5v6R93sf8rgH/Y2CTvw65l+UVUlJdJMtOqgu/zRzd4+lBs/clNgfst3ry8K3FPjF2B+/uueMXe3ykGr0BeLP0bxeLF4L8XS/9ebP27t88F6M958+oBt692khwZiNn82UzV11aVsp5pOAEDaRsmaIxkguYYMfahqmpx2gJxzYH9VcvW1FXj6p8zRileM/BLFdB1R4xg73aLXyfH/aGptVtA3kxpcR31tW3U1p5VQb1awF1RcYaCgiryJDJzK8gtrBEAy/PSegpKailWmWyLAFp+RiBfXd9G7CnJzgqrSE7LJ0vMt6y6idKqejnWC/TF/JvbVN3vCthLqurIL6l4D/biMlJy8olPz8TVN5AlK9YyTns86upaqI0ci7HhNLatt8A/OJKY5DTi0nKJljgZl4x7wEm8gsPxFuh7hEbhKYmBg7sfJ+zccRRbd/WPEHuPE5OOxSUgGteAKMITs8iU95Bd2UJ6WSOJ+ZV4B4axzcKCbTt24eoRQGRcCgesHdm95wghJ8MFwhZsMTejuDBfdeGlpO3E3d0AVy8DnL208VWqwfnq4OQ+Ci9/bYLDDQiLmIS/z0S8Pabh5jgTJ3tjbPaNx3q9Oh7Hp+FqPZNAe2nQ3RcS7beeqtOu3K6LpP6kBccWarJ+uiaWC+T7VxrgsM6Q4K1GRK/TwXvhSNyloXCd9SUuc4fgsVZMfO8cog8sINdhPbWHNmBrbEz0ejNSN5mTeHgxpw+Y4G2mzdYZozFU+1Qs/TPWzZ2IzdZFLJmqIVAbifmqOaQJ0KuzomivzeFqVw03ztdy+0K9agb8jY4qLjTkURjnic+htdhIo++9b4EK5gmumwg9YUbwCXN2zNVk2zQ1zCcOYqPRcE4J8OtPe9KaG0Z7XiRNmSE0SuPXmhXAmRRnvn31mP/5xz+oK0qjt6WGrpoCzhSlUF0QR2KML2GBbkQEuZMYGUBMeCBerk7YHjuCvY09WQEhvJQkMuu4M+NGjmKs5lAyC7zIq/aSz9eNzCo3Mgod8TmxBN8txsTtNiFxrzGJB6eTfHQBVutnMEN3GPWJR6lJssf32Fasty7GapURwdsmEyNGW3rchNJj0yg+PJW0HYbEWUzBebkOdismketsTlO8DaneB1kxazJamupM1Ndh1tQpaGuoM3jgIEbKjTdv7ky2bl7FonnTmTJJH61x6sydMRk/18PkJflSke5NeaorrSXBNBT4cqYklNpsP2pSHGkv8ONKfTT321N52JnJ/dZkvr7X9S/Wnf+vKu62ZVByVJuyE4YU2ehT7jSZrKNTSN6nS9ExPYodJpB9UJekAzrE7NAnYYs2TWEbuVboxMW8o2Ks84k9PAPHnfNZMXsimiOHo6ZM3BE7WDJnFoE+TvRdbefl80e8fHyL9royFsyehv54HXT19Rg/fpKqF8VsxTL8vT2k0S3h7p0+vvnmG/4mAFfM/K9//YkffvhOwP5Xfv7pZ3788We6KuO5WH6S+x2ZfP+kXWy1gHe3g3h7w4c317z46oqbQMuJp+ccVGC/13hU7helJK0VV8XSr5XsE7Dv4UruLnpydnIhQ6CevoXOxM2cjdog73Et9YqlC9BrA5ZQ57eQKs+5FDjNoiHOWnUGW5srSIh1I/10LGfzY+huTOBycxzXKqLpqo/izsUQbrQH011zkt7WCK525/K0M4v7XVVE2OzCVHsAy7U+ZftCbcy1vsB8xlg2yD3gtWw4+7cvxO7ALiJtdxAXsJ/2snj5fU3y3gTMD3r48e5lHl9t5rr8rtsXKrh/uZxzxdHkhznJ3+fGha4Uzp/PpfemMoGunh+eNfHjo/N8J8nAt/cE6r0tXLlczVORgktlybSXRFCXEUJLnpeq670kxZv0kJ3sXmnCzEGfY/TppxgO+YTdKxZTk+5HV0MmFy4Uc7E1m/OdAvOOAi5kJ5G0YzV7dVawboY566atZPPUJWyYsUieb2et/gLMF5gTZOVNWnI+aSnFVKakkKjspyF8eNXbzIubtbzuSZP3VsFtAfd5uYb7ziRz62Ict28oME/g5oX3hv7y5Ssam1tUc7Lej6X/tlLcP7vdf7sO/d8B/QPUPwD7Y3h/DPOPXy8tK6O2ukz+NklY7/by8NYF7qnGy7tVE+W+enaD189v8Oa5MmHurmrCnFJBTom3AnjF3t+9eSL2/kR1VEJJAF6J6Z9tKOHYvh3MNNBFX30Us6dMZIquFtMn6THDUB8jLQ2x9ZGqNem6iqUrO7YpY+pfKDu2faaq+T6qXz/UlWVuw4Yyebw2TnZ2pKSk8oeWlm6BeDsNDZ0qmNfXK487qFQgX9qoMvXc3HIyMktISy8WA1fWl1epQgF3sZhsWdUZKmtbVZFXVE1+cQ21jR2U1yjj5u3UnTknMD9Hc0enaqtVBezlSkF9ycLKJONSJswps+Cz5YPIlQ8lKa+YuMwCDtu7YjJrjhiXDmME7P0+H8BkHUNWTjXFesM2gsLjiUvP4WRsPN7BIQLkEHZbW/9/jL0FdFZnurA9a/3rW/854+20lAqFFtri7hDcIQnxAMECBJIA8YQYTgjE3d3d3d0JIWhwihev0ZlzzvXfe9O0dM7M+n7WetaWd78vO1ue674eRUfXgAmfjmK9AM3IUJet27ZitnsPFlY2WNo6iSEf4NAJLzz9AnE5cgIbgcIusz0YGuhgqKfFti0bMTUVU9tpznq9jWzZvgsTk01s3migpg2GOly8cJ6XLx/g4TmPI4emc8prCl6npxIasoDDJ8ZwxGs8/iFTCPSbgafHbFxcZmElQN2zfTrWprJtNgsPl5UctV7KCfsVBBxZxym3dXi76HCtLoKBvBOEmC1Ga9LHbJjzFbtXjsd83WRsBDL2Sz7nmMD8pM4Y/HS+IGzDOMLMluBhOIVYa03qg+yocBUrNjcj1WATJ7S0cdSfTrKNBkECI9NFo9D4UqK/T95l46oZHLeS66O3EI2Jw9BaMg3/Y/aUpoWKoRfSJ/bQ11zMhbYyFeiXlcZxsr8qPZQ4TxsCHDfgtGUBrqaLObJrFXbGGmxfNQEL7ansXT0Wy1Xj2Dx7BFsWfEGQo6GYwnGxdD9a8kJpyQ6kLvEk7RmS4SR4qC/zjasD1BdkcKa6gJL0SLITfImSAMPjmJtc5wMcdBPgHnXj2EFXHOxssHHcQ0iwK7fzcukJjGCTgQQk6cfJKTtOcpEbycVuJBQ5E18gKdORoGOGnN44maitUwjfLslhGc7712GzbTl9xZ4UBpoTdtAUB1NNzNfP4bDeJAHfHKrcllDhtIBKp0UU2S0i1XIhcftX4rl1AV5b5tMUYU17+jHC3MzQXzaHxTMnortcg2WzJjFp3FdMmTxenkUd3BwscLbejpWpIYaai9hhvIpob0eS/awoiHCiKOYAdfknyE93pizXg+pcP5pyT3Om1J+rLfF83ZsjZpPN9a6cf1N3/j+qnVd6apNmMZq0PWPI2TeBAsdpFLtOofnUNM4EzaIneCYdgTMpPzkTF81hHFj5qYB/LpUnV1MTuFXSdlKdl3JwyzyMloxk3hSxh5FDGf/VZ1iZbaWhKlMytGs8vnuD6+daiA48qjaMU9oMDB06lM+HD0dj3mw2GeoRExmKx5FDEtQeobe3jxfPX4iR/8CPP34vUP+7wP0fvPr2OS9ePaWzOJSu3OOcLw/nZlcKr+4LtG6E8+11b55d8eDJRU8e9x3hYc8hbncd5G7bQXXEucsV9gJ1C/pzLejL3kNv1h56lNbv6dvpSt5CZ/wWWiM2URdgIEDXodhTk3IvTapOr6bs2HJy3Jfw6HovP8p5Rfg6kBZ5WJ7VE9SkpdJakEJHUQxtRdF0d4qp1wTT1x3CJTH2Z5fK+OF6M48u15IR4I7xsrEYzPgAk/HvoDXtj2h9+Rd0p/+e7Sv/ysHdM7A1mYD9Dn2O22wi2kcCktZw+hqzuH2+jafXi3hy6SwDl1M5351Pf20uHRK4lSX7k5YUIO9cMh318Vw7m8GD+728vN7Kt9/V8vKbTv7nfiffSXpwsYX29nR6uiJorRRLz42nNdOL/NQQKqOtKYneQVWq/F7ocaKP7sdm/xZiTlpSVxhKjQRlbZVJdNYn0NWVSmddAb3F8RRGRbF7xWK2LzZAc77S51yH9TNXoT1LG4P5SuM4LTYvXcxhcwuiPOKICyuWgL+MmJhs6gvT+Ebp/tpbxZ2BCO72RKmzqg10RXG+JlyCoUjOKtuy7Gp90xjx4aNH6mxr1Ur6Zaa1t2dZ+xXqbyZaKf+/QD3/N3b+r4CuzFT2ZvlmWwkCCgpyaW2qEJB3cvVCG1fONzFwvlmFutKAUUmPvr6otoBXGsM9fXCFh7eVbm7X+EZJYvFPxMiVBnVK+ub+gNoNrqooHRP9dWLlU5g65kvmTJrAjAljWbNkHgumT2KWWPucSeP4ctiHTPpkqAp0BeKfqED/swr1Ye/8VZ30ZdTQD9T+7EvmziEwIEiAXtdDXW0XDQ09KHCvrGyhpKROtfOcnIpfUlpaEcnJ+SSl5JOWqUBb7Dq3nLyi6t9AXTF1BeZV9R3UNHdT3dSltoJv6TpHc4fSX72D2iYF9pVqyi+v/KUFfLbcoIxSAXtxCfFi7KFJGWLdoWzevZeZGksY/vloPvl4OBM+HIbF+8NwmjADt1XaHFyjxyEjE0w15rP2g0/Rfv9T9EZPULsF6OtoYqgrD57uOrS1lqGtuQI93bXo68p+g/UYCcQNZN1koyEbjXTVdSN9bTZtMJB9RrKtjb5cfCM51liScoySjh5y+7nVexoeJxeoA8p4+UzilO8kCS4mc/DEeALCp+HnK1YtduRmOR1TvbFYbJqJu+0afI+ux89lPYEuepy0X4P34TUEem7Aw0mTczXJPGnPp9LPnD0CX+0pnwrQJ7NjxTgM53yO0dwRWMz/FA/dsaRYLibXdinpbvoE7FtHUYADNdEulIfYE7xdC9eVczFZMIaUQ0aSaa0lwnI+pku+ZL4AXZmoZafuYqJOu2BhvJrVc8diuGo2B61MKEzypb4kkXMdVZxpKFSh3tdU9MbUBep9Sr/0eG+16P245XqOmK/BwWQhjiaLsRWoO5kswt1Eg91Lv8J04UgMpnyI4axPxGAMyQ5yoEQA3pAZoA4rWRRkT0PSUe6I8Sn/yrLTaClMpzIrgfjQUwR6H+L4wQMcsLfB2cEWd2cn3A/ac9zHGp9YayIznMT6g3mUX0yBmGx68WHVzBMLXIkrcCK24ADx+S7E5jkSmbKPuNObiNw7nxjHJSSGbCEl3UEysjDudMTQmuRAhpc5Eccs5W9YhbfpImqPrKXOfTE1BxZSbj+P2kOryLFdTKrtCnUoVe8dyyg4tpH+HAlWUo/htd+QfcYrsN68FmuTdeq13bFBE8udGzjhuo+QE1aEntiH824djlrpE37ElLhTZuRG2lKc4UpmqpxDzgHi0uwoyD5Ga0kAlyVj/7o7g3vnCrl/voznknn861Hh/puL9Wmkmo0haccYYiSlWE4UU58s5z2RnoAZ9AvM+yNmcjVlHgOSWvxnkm43CQ+D0XgbfE6wyVe4rfucA8u/4KDuOOL2KgOurCDBYprc3xkcddxGb0ulZGYD3L7UTmdFpvx9Wnz1xWcMHzGCER99KEY/nKUaGjha7+fYMXc2GOhhb7mPjPR87tx+xONHz3jy5DnPX7wQkH/Lk6dPuH75LC1JntRG2NKadoILVZHy9+by3e0CMfUIMdJwsVBfnl88KWA/ydOrMWLu/jw4683dzpMMVDnQX2hNX64VZ/P2czbLXMBuTo/YujIzXFusKfWhGyj3NqDk5HpKvLQp9demwk+HolNr1at3tryUwEP7KImyJyv6iDxX/jSkJ9Kcm0Cj/J2dHVES5Eby9ZlsOY96frjZzuurOdRIELZzxp9YOf1DVo38kA1LhqI5SbaH/5G1Uz8U4E1hx7aZ7DGewwndWRJALpRAJ4AbzfH0dhdzv6+Jh331Arxarp+tUk1Z6U9eKHacnRRFfbI35bURXD2bxeP+Cn68Ucd/f3+Gv9/t4b8fSiBys5fXT87x061m7nfncak7lpaKOPmdRAmefanI8qEiNZjKGDty4/1pzHIlLSWU7ChvGvPTaCpPo6Ezhe66SJqqMiSl0tyUSVNZIj7HjrJT8tktS8XOJ2uyafpa1i5UBpXZhMEEMfUlupjNWsSxnYclPwskyDWIcNccoj3DKMpJ5IYy+dPZVLXF/tXmCG62R6jrA93eamO4s/UREiBFcq79jaE/fvxYYN5ElQL02l+BPjjQzK8jxlX+/wB6wb8F+iDIf5uUfcoxOcK9HEqLczjfq4C8jcuSPynpSn+LQL2Hu9fPvhlJ7vabQWeUVu/ffC3Lu5fVUeUei70/uitJGTZW4K7Y+VUJDoK8j6G3ZgVL585k5oQxaC1bzKJZ09GYPpm5U8YxR4L/9csXsEpjJpM/+4SRQ95Tga70V/9IgP6RMjubLJX50z9T6tQ//lCtc7fcY87vqqu6qChvo7CgXqy8UaKSGrKzy8kUaKemFqrLLNlWUkZGCakC9rT0YhXq6TllpOeVqUauFMHnFAigi2tUqNc2S6DQekZtAa+kpvY+Wrt6aensEdgrdfBKI7k6CuXmKDBXwJ4nKbu8gnRlgPzCUpILSohMz1LhHpmWjauHNwbrDTCfMBP790fg9O4wnId8gsv7H3Pwg09wHvYZDuOmYT5nHlt1tVQAG+u/gbCxgSa62itZr7lKtXB9nXXoaa9VlyrAjfVV81bWB01c+Z6hrnLcGvU45XvqPlluNTH6peg9M9uck75f4n5iJEdPj+fEqYnqCHLup7/A1nkEp6xn4rF9Fo4b5GW20sLPSY/TB1bjd0hXtleJIa/A03WFGPtaTjut52xNGk8u1HGlJIhgAYrulCFsXSyZ7JYVbF86GaMFX2I8fTi2Sz4h2mwepe5rKDq5kRB7AzrzxWoDHSmLcacx3YssPxvSBVClIfuoCNpFivwfTvpTWTLmAxaN/xi7TSsI87DHeoceG9bOY5vOAo7abSI35iQNxUm01xdwrrWCS0rXNUnnW8XUOyrE0otozIsj0cuRE5YS4JjLudvo4WklAco+HdxNl7N//TSsNSeyQ4C+ec5wtZ+6yYKROG5eymlHE7LCDlIe70lF9FGKQuwoDrN580I/vE+c7wlSgk4RG+BJsJfYnasD9vttsBcrP3jcBq9wW0LT7QXWLmLg7vICn+BycgKlAoKUkoNi564qwKNz7YjNdSAuV2CetV+2bYjPdiTEewNhQZuIT7cmPdeN/rYkHvWk0JniQKzzelK95f+w1iP3sFxTPz2aPFZS6TifCkl1h1aSbbeAPLd1JNquJFLuaZjlSmoDzbhQ7ENt/EH87Y3x2G/AcQt9Tu41IkjMPeyEDcmB7iT52hFzzAx/JwOC3DcQ77eHjHhb0lLtSc1yJFbOKTJtP6Gpe0nNdqO+zI+LjdE86MrgGzHCB5eq/33L9pdPSHbUJmzjF0RvHk3ktjFk7J9BifN06o5PpcN7On1eMxgIm82dVA3uZGpwPWU+3UFzKDo6n/QjK3HS/kJNSgO6g+u+wHnZcI6v/ZxTWp9T6jSNJj9d7gg0nknG1d+cT+ARa0YN/1Dt+//xkL8x5E9/ZOSwIWLlbmiuXslXn33JlIkT2L3dVDLLIu7d+4a79x7x4OFjLl++RI5koDU1jYSHBBBsbUz60Y2U+FrRmOjNlZYcsd98vr1XweuHVby6V8jLG6m8vJ3Hj48a+P5+Cc9uCFyvRPN1+xGu1jlzRcB+qdSB8wXWnMvbK4C3pDdjD+1JO2iJ2y6/u5vG5H2cKTnEpWZ/bnbF8+JB/5t5G47vICJ4F+H+5qQGeZAVG0BjZgxNKfF01yaITcp96C7gxpUMvr1VzPNbRXQ1nsZt0yQWf/pXVk8awdj3/ojutAksGvEn1ox/l+XD3mHL4i8x1ZJMV28kNhsn42i+hNykYDoaE2ioKZIAQaA+kMn1/lq6O4roLo+gPDOZhFg/KlMF7nnBNNSlyjES7H/TwrNHHfzj22b+8awHvmvl2eNWfrjVzYNrF3ncXkxXS6zAOYKmokAac9NpKY6kXWDenOqqVnfVZwZSkR5ES34MLaWJnK9Poa4oj9baRLpKo+msjqFT7L6uIIUjtrvZt2kbuvMNMVisi6bGGnQmaLNB7HztUhGgxZrsm6Ylz7yvBPghhBxLJ+hwBFFH/QXWBdw+V8Hdy4nqWO23LoSKnUfLdQzjSrcP3bLvZlMA1wTyV5veDCzz+JtvqKlvUIFepUzgpRS717w9DOy/LnYfrEt/G+hvF73/CvTB9O+APgj1bIF6Ng21pQLyVhXmF3vr6FfaFAnUb4mp3x7o4etrvQJ3Afy1LlnvUUeSe6AafD/3BPYPBfLK+t2b/TTX5GO6SY8l8+cIzMcxS4A+Z8oEZk8cz0qNOSycORnNpRrs3W6M1Y4NzJk4TgW50mtHmdBFnZ1N1pWkAH2E0o1NGXnuow/E8sfxu/S0MhLi84iPyyMuNpf09DLi4yW6ipabEhSHt2+4mGcY/oGxhEUkEyH745NySUzKI1GMPTEll6TUPHWZnF5Aoqyn55RSVtuq2nlVY6cK9rrWHhrbeqhvaae4oubnVE1+mQQCckMUqOeVi+0L4DNlO624ktSiSmKz5f/IkyCiUIIKMfp0ZarVpFT8jp8SK9zLyS2meOgb47V5K8EOrmSkpGBta8nGDXoY/AxhBdImG/TVdQXyOlqr0Vq7QoW73vq1aho0c2WpQFuBu3KskZ62ulSAritgVz5Xfkf5XDlOLXp/dZ/j3hNwPz6KE14TxNLHqi3b3Y+Ox9l5Ekf3zyHIWYegA5Kxu5iorar9bAzwdxGrFoCHKXXPYuqe1muJO7qN4qgjvLjSTH9JBMkO2uxfMoqN80axY9kkTFdMxXDhOJYp3dLEeA+vH0uixXw6/LdSHWAlkbwfX/eWqxlAbbo/9WIYlckn6ZAXuz39OLWRNnhLZqInpr988nBOWW3A54DA5bANZgYr2KY1H7vtKyhPC6KxOJmmigxaa/JUQz/fJUFGdz39raVi7QXqIDRp/oc4slubHavHs0d7Ck6bF6owP7xrFa5bl7B33STMV43DbMloTGYPY93Y99Cf+zkrpg3D3UKP4GP7yA45RGnEQdI8TKlOPfWmHrO8WCzWnRjf48QK2BVDd3Kyws3DkoAEOyKzxboLXUkuPkRSgRvJ+a4Uph0mO9ed2Hyx8nxHFegx2fYCcweis2yIybEmPkeWufYk5DkQn2VPSo6zJBcx9ABuNUimUupJ/skNEvTMocRPMv0YM/pCDOgLNqTHV49q10W0nVhHvsMisuyXkbB/ERkuuuosbzFWyzib5saVilAyfG3wtTYk0NaYJI995Aa5UBh1jJzQg+QHy3kd3UzUcfksfI+Ykp28O3ZEJe+V592GxAJ7otL2EZmyn6BECxLTHGgs8+FqYzz3unP4/ptr/3aK1J5qCXxXDcPf8Cuit44mafdE8g7Mo/zoYmpPLabJdxHdPnO5FD6b2wLy22nzuZu9gNvpCzgTPpeeREMq/Y0ItpmP7/65OGp+zrGNEziw4lMiJEgos59Aid1U+nMFhi1ZJPu7sW7BdEZ8PJQP33uPD/76R4b88Y8skYxp/65tYu6GaC/WQHOVJrvNdtHReY5Hj5/w6NFTigorMNRez5LZc7DaZ4u9xR5O7lhFpI02afI+lJ3eT1PScfqKPLnRkcSLW1X88LCLH5/38frFAP/47hp///6aLK/ygwDtm4E0Hp7z5277MW42uonhO9Ff7Ehfga38hqxXe3DjTAoPLxfx6GoD39xq4cmtVh7ebFWv3ZnuJpws9fGz38OJw3Ldo+V5Cj9AcYov9bmJtNUI5FqSOdeTycDlFG6dK+XChRhyPFZgMm8Y21ZOxGTy++hP/QO6c8exdOj/Yf4XQ1jz5cesH/cJBtPeZcva8Ziu+gpLCw0aSgW0LZm01KRzuTObc70VYumlEjyn0V4cL+9tEKUJ3uqkK8o47e2t6Ty9Us0Pd5v59tsBCebOyLNwhX/ca+fV11f5r9c9vL7XJYF3PZ2tRZzpSqG9XQy9Lo3u0kiB9yma8/3kt0/TUh5DR3GMOghNe0kSbY2pdDTE0ZITR1eTH22l8bTlJJAV5Yu/lRv6GiI/U9ZgNFuXNXNWY7DICP3pWhjO0Wa9hia2Rvs45XqKoINBBB1NxF9gHnA4gN6SZC6dS+Zmb7ZatH7zrD9nOvy5/DPQz3aHckvS1ZYI7jS86Yf+zZMn1NY1qMXuNbWN6iAz1b8Uu9f8PBf6b1u7/29LL35rCNi8fwL6b+08LT3zrfXst9KbfTlZaZQVpNPbIULTU6M2FO5tL+VcVwVXzjVw/WILdwbauXe9mztXO1Vz//p6L/du9spnrbJ+httXu8TqO2goS8dYczlzpk5ixvgxTB87mvnTJwnUx4uZjxXAf8n6ZfM5YG6C1tJ5fPLeOwz5i7xTf/6DBMp/4AMF6rKtmPowAf1n77+r9ldXBqIZ88nH/M7fL5aTJ4Px9Y3G1yeGiPB0WUbi4RHAAacjYqK7WLp4FQs1lqGjacgOU0scDhwWAw1UIR8eLpAX0IdHJhMVm0ZCSp5aHF9QUk9BWT1FlY2Uqi3i26hv7xbQN6kN4sokFZQJxIvF8OWiZ+QXk55fQqoyTKwAPVdgn11WLRlcLmmynS0wz5EbmF9dQ5bcwFS5acnyveSsPJIk2krOzCVeLD6lIJ+jx4+w0VD3jaH/DGMF1oPgVsCsAH3d6mXqPuXzQVAPBgCDtq5AW1kOWr2StNetVL+n7Dvk7vwmIz2TieuhLzh87EsOeY7Cyu1DXNzH4nF4Br7Oi/ByWEvUoW34W+vi72BEmMtOiWY3E3TIgOgjRpy20iHYzoho1y1keFtzrTmHCxVx9GefItB0PqYaYuWzRrJlnoBxyXiWTvqEFRM/wWTuCDwMJ1BxSJuOkO3keW7janMy1ztyudiQTG9lIh2lsfTVJtNXHSURujJQy14cNy1ER2MMp2w2k+TtRpS3O7ZbddilpaHac2VmOGcai+mszaOrTiL+mlw6qnO4dKaJi+1VNJamSmSfRm60F542GwXok9i4cBQWAnUr/Zkc2LwIy/VT2b7iS/asHofFitHsWDQC4xmfsHrc+yyfMpyFEySTWzoZ1z1iqq7bSfbYRaRk5A9uXeSH778jViw91PMwEYEn8fRxwDPYiuAkO7HsAyQVHySp0J2EXGeBswsp+W4SAB4ioeAAcXkC8TzFyp2IypDjM5UAwIbQTEvCs61UoMflOEkQ4EJagbs8S27kyG8M1IdwtzOOgaKjJNiuIv+gETcybLmZvFuAbkyV22LOCtRbjq+iwmU5hQdWELFjOknWy0mw1yZi91JynDVpibGmJv6w3OctnN6nS+ShneSFuVEUc5RULysyvXYSfkxPTHALKVkH5Dl2ISpFAJ5sIX+PowQatoQn7yEmw4qQVAtC0/dJoO1OS0UwAy1J/9bOf3j1lFh7HdyWDydAgJ6wcxxpe6dR6LqY0hOrqfbWVgdXaQlczbmoJVyOm8v15Pncydbgfs4C7ucu4kKiFvWxBrSm7qAoVI94Zw0SnZbgbzqWhhOzCRXrj90+npITWhIkRmK9VYv5U8bxwTt/5j0x8/ck0/li2MdsNzZg4exJTBNr0FqxjkMHDtLc2MTLl6949eo7nj99hd1eO2Yqfda/HM2MKdNYvkgDj11rCTJfIddfi1grgavZOnK8rGnL9qWnKICHArRvv+nn9dNL/PTTXf7rx4f894+P+J/Xj/npu9t896SXl3cqedwfwfWWw/IunOTrs8k8u17Dt4/O8t3zAV5808ezB+f45mYn96+08fzRLfX6HZL7tMd4Cua7DDlptY0QJxviw9yJiwugNidMoCqQq0igW8DTpTTq6o6kIes4/gdWctx2AS7bZ6M15m8Yzp/Athl/Zt2Xf2HJF//JomH/IUAfiu6ED8RqP8V07Qf4uGyjsjyLxuw0qiqSBbxZdJ3N5o4ECZ2N2TSmJ1CT4UdJaozaEK8lP47LfZU8u1fD3x/18Y/7/bx4fpNnt/p48eSMBDg3+OGHK3x/rY/rfS301eVyrqOQ3s5Mztam0SDAbqqJ51ytF635EtxXhNFRq5Q6RNIrf1NvVSxtrUm0Z0XTlutFu/K3iq37Ou1j8woD9CavQmveGjRnLEN7ghZ6C/VYu0RkZ+Z6DKetwWnXMQIOBeB73J9g12gCXQMlzwvlQVcJT/viOS8wV4Z5VaB+qzWIs82xdLfJPZLt+00J3Gj04XJrsHofnjx9Rm29AvMGNakN4/5pspb/PWrc4FzoJeqMa0oatPTf9kfP/V92/jbQU9PeJAXog+sZ6emcOupGboZcr7YKAXolZzvKOdNWrAJ+4Hyj2Ho7tyXdutwmcO/g66sdKtyv/fzZ12LwitE3VmazQYA+b+pkJn81imljv2TauK/QmDGZJXNmsGD6RFwstxHrcxgT3TV8KsBWguQPfob6e3/+Pe//5VewK3OpK0XwH/y8/rsjh33kQfbi6FEvgZMnrgeOY2/ngr29C5bmVpgYbWHZgmVozF7I4nlLWb5EbqymPrr6m9iz1wEnlxN4ngohUIV7ItFxmWLpBW9axGeWkJ4rMC6qorCigfrWbjH2doF5M+V1zVQ1tcl2qwr4TImmUnIKyBITzxeYF8qNy6+oJVO2M4vLyVWK5OVG5lXV/GLxmUVl6udZJRXkyI1VWspnSJQWlZiEobEexgJlBcyD8B0E9SDAFUMfTINF6oMmrhw3CHnV1N+CuvJ7iuUPAj4zPVV9EMNjTXE8+AW2YucbbYegs+M99pqPJ9x9KZEHV+HptJxgd10Cjm3Bx8kQb4f1eNmJ3bluIurITvzE6PxsjQh03kxvWQxPztby6kIlsXZrOGgwDbPlE9k6fwybF4xhycQPmadMLiJgNJr1KX6bZpBhu5AGnw20xtlxoTyCG61pEvmmcrZKaTmeSW91AmcqItVW5acs12CuP19euh2k+h0mLfQkB/dvxVRzDhEeFrSUyPdaK9S60s5apdi9ip76fHXQmcudNXSLtVekRZAdeVoyvw2YLhuvNnwzXTkWa4NZEjAswG7DXCzWT2DXilHsWz0Gi5Wj2arxGXpTP2TJV+8ya9QHAvURGCyZzK71cwhx3UqQnRapPm+K3s+f6cLrhD1+gQ6EJjgQniEgFgirRv4zzJPyXCWIcyUx/8DPELcnVkw8VilaF2jHZToQkWaFT+JOQrIsic5XiuAPqN9PLzooMHUiWmAfkb6f6qIjXG9WZq+LozN6L2cjd3MtYQ/XEs3oDTai7qAY7qGlNB1bTpe3LmkWs4k2nUKS1SLixM6jzJcQt1uDqB0zSXQ2wMtmCzaGizi+dz0Rh02JOb5TgrqNBLiuISraTCzchuxSCVoS9hKSbEaoBA7KOSfI+SmlCVE5+4nM3U9IvBXFBT6S8Qdw+WL9v7XzK20l+BiOwUtvNOHbxpOwZwrp1nMpcluqAr3Cez3VfkY0hGygO3qDwHsd19KWcT1FKXpfyI3c9ZyJ0qXm1HLa083ozrOgKWEzRb5ryD+qIfs1JLgcg+fmMfjv02C/3kw2ay5k2PvviUX8mXf/+Ad1uWjWNI4627F9gy4r5s3G1tqWh48e8v133/L8+Tf89Pp7tVV7dHA0GrPmcfKUPzMmTmH6pCn4Oct9U+YLkOA2eJ8BsUftKEsKp71QDLIokYGeJjHjCh5fa+X7p5f56fs7Yqb3+O+fngrYnwrYn/M/f3/J6+9u8eqeHPOom5+eX+fHF7fF7G9KMKA0Xurj3rVurp2r5UJX8ZvRyc62sX3tfHatlIDUVI+DVnvxdrQlWQLJ3GhP8hPiacoKoT5dCWSTaS7Nk2UAnUm2lEugFu28gl0LPmfHyhHs2jgKA40hLPxqGDpD/4NlH7/LilH/yZwRAvmFY9FeNJvEU7YqMFtK4tQg4VJLjjpC4+uBRno6q2guTqI+JYXmTLHm/Gy6q2J41FfLy9td/PBdP//z8iyvHl/k9Y0+frrRzYtXV3n64iYPbp7nweVaAU053a0ZAtAYujqSaasvoLUzkZ62WDoqY+nqiqJdQNoheUN3rR+dJcqUxXFi7dGcr4qkQ4DekhuNm6u1BOAT0J20Cp2FS1k3ewWzhg9n8cQFLB06jjWTF7HTYAfH93sQcDSQAN8IQp1DBepB+Hie5kZHAfdbY7jeHsG1rgh6G5S6cx8JOMK5KmC/VO/HQG0El2sDOF8Z+Gb++WfPqROg19Y1CdCbfoH6mwlban+ZsOVXS1cax1W8ZehvLP3tYve369H/uahdMfFBI/8V6IPrmaQK0H29PHDcv5uUuFAaqvLkOpbR1SwBU3sZl/qUOvYWgXczNy61cetSK7cvNnFblneUOe3PN3DtQiPXLrbTUJnHJu1VTBn9BeM+HyFQH8kCgfmiWVNYtWA2uzasJy3Cm9r8eIJOH2bilyPVaZzfV2D+p9/z7p//k7/98T8k/adsS5Ll+3/8z5+3f8/vfLyicXc7iZHRBrZt3IjZ9u2Y7zBjp6kZ1lb27NiyEz0tA1aIpa9auoY1KzTRXKeLof5mNm3axfYdlljsc+TwER+CguOJVIZXjc8iJiGb6MRs4pJySckoJr+0jsbWXkqVPuy1rWrfdWVAmgZ1gJpuals7xOSb1M8Umy+vb6a0tlECgToJCCrILakku1iWFTXkK7D/Gey55dUUVNdTWF0ryzqK5Dv5Yv47dpthLFBXGrMNgngQ6m8vNdcsVwE+CGoF4oPF8IOGrxw7uK58PvhbShr87oXz/WIfjyS4Wcwe++FomrzDinV/wXrnTGI9DIhwWUuAWF2A22qCD+lzxGatAF2HQDdjIo/sEJiZECDmHnFAGahlM4VRh7ktL+U/7vbTnujBcRMN3Izns2XhaAxmfMbK8UOZN2Yos0Z/yKrpEkDMHsFR3fFkOyozS+nQGm0jL0osV8TWb3Vkca4+nQstufTUJNBXEUNhoI0K3mP7N5Lo60xxYiBRpxw4sH01kR7WtFak099RJamGOoF7n8D9fEc1LeWpaiO59opsSlNCyQw/wQlzfbXR24aZH2M8Vwxk+Vh2r5sivz8bc+2J7NOZhIvA3XzVGAymfYjB1I8wnDGMhV+8x8RP3mHRpBGYas9T+8GetFiNle5kqnOiVWglZ3gSmmSjWnjiIMhlXUnJYuXJAnWlSD0qz1bgZ0Nk1j4B9P43RexZ9kRk2hCUbklwugWROcrntrLfQYICZzFz+a6AMybfluAsAWeSJWU5h7hZH8yT5mAe15zmQelRbgh4L8fsoMdPjwb3hVwMMaTbV4dy55VEbx0v1jqByF1zSdi3hOjtMwk2GI3VnCHoTxgqf+co7Dcuw8dKBz+rVYQc1sHfQ5eYRGuS8sXYcw8RKQYemr6L4NRdeMfsJCjekohsOwKTLPAK36IWuadnupBTcJj7D6/+Szt//f1LCk/Jb2ydTuDm8USYTSHRchZZ9vModF9G6bFVlHpoU+plQGXIJprjttOVsJ2zqSb0xmtzIUWXgRJremK3c73UnbutktFWuNAggK8INxKwb6AmSk9seRmVwdoUR+zEdfMM9BeM5+N3/yoW8SeGfTCEWZPGsElHi+Ouyjjwa/A95MzdW1e4PXBF7M2D0yd9qJH3+Ok3j8R0zrJ6yXIJnk1UQ/lq5Gc4mu8gPz6YZN+jlCZG0VJZQm9zLZ2VRZypLeFiYzHnxCavNSZy70weDy+UC+Q6+K/vnwjUn0kSoMvyH8r6j88E9k/46Yf7vH51j+9e3OHpw8vcuXaGSz1VdNdnCETL1Ot3ytUVk0VzsFv3ldpwzX6nIUcd9hF8wo7kYDdSI/woTfKnIjmUlrRomvPE1goCaM09Tm7MQUKdZmGu8zlHrObgvGsexmLienNGs2T0R8z68F3GDxnC5Pd+rxa/m6yZSFa4HZVJERRmJMg7FUd7dSLnmgu4caaBztZMmiuCacmRICIniY7sWFrrsvjpahk/yN/64+1z/PDqEq++HuC7520C9F5ePzvP679f4MX1c7wcqKBHAp8zXQVcakilvjOVzvYMOsXWW1uzaK9LpVvyhJYaMfecdLWffVt+jARNSXKdY+kTa25rSFYbA1rpbmbFhDksnjEbo/nL0Z+6kgVfTWfdrGWsHKmB9gItzLbYc8ohBH+fRLztEwh2C5ag1Y9U7+M8646UwDyOr+U3LwvMz7eFqo3h+lpk2ebNue5gznT6cr4xgJ6qkDej9D1/QX19k0C9SaDe+DPU37R4V4A+mAahPmjpvw40U/pLsXteftFbjeN+7b42CHXFzgeTCu9BiEtKSf01xURFsmezAcZrl+N93F2gnktrbQ4dDflckHum1K9fu9ihdm+7daVLnvd2MXSx9MvtXO9v5II8Z+e6q6nKT0ZnuQYzxo1mxvjRrNCYhZHmCjbprmaroSbeh51oLs/gTGMhPsedGTXsQ4b89c/8Tcz8HQG5klSIC7yHSFKWyrZi7++Lyf8uKDAeG9sDauMxU5NNbN0gtrXJhM2y3L1zD2Y7zTEx3oKRjjFaq9ezfq0uOmLohvpb2GKyh127rDHbbcMuSc5i+Kd9IwkKSyYkKoWQmFQV7FGxGQL6dLXhXHZ+hdoavqqhQ239row0p0BdgXuVMltbnaT6dnW7urldwN5CUWWDQFoAXqLUswvQK2sprGkUeDdRIp+XSipTAgAJBEoa2ymW/VY2dmzYaMRmE6NfTFsB82A9ufHPoFfAPQjlwX2DoB6sV387ABisOx9sET9o6wddD7xpJdtbxr69E9m1ZQxu5gvFtvWJ9dyqTtTgYbmIEIdVBNqsw9dem1AXY3wO6eLpps1xBwG9mwFRrhuJEKDHndzLPYnuvr93gWs1SRw2moOrkUBx5SS2L5mA4azPWTnhQ6Z//i6zx3yE1swv2L70K5zWjSHFSoPSQ2voSnLiWnMStzqzJeVLhCzRZFs+l5rzuNaaQ5a/HSf2GpAS6E5xaghJQe4c3qdLorczJWmh9DSVcbG7kf7uGrH1Us61V3OupZSO6ixqipJIDDrKKdutWGrOZOOsYWLeQzCa/TFbF41i27LRYuvj2L12IjuWj2b/+inY6U5ji2R0m2YPY9OsT1k/6UPmjhzC9JFDWb9gHMsmfYzBwlFsWjKaAzuXqdfz6weXSRGTTis5rMI8MV9sXIG7gDwx5wCx2Q4CcDsV6BHZVkRJis2xJTzTmtCM/YRmWsl+G4JTLNUi+KQ8yZwLD5JSqJiwmHnmXjl2LwFp5vgkmBGTaktr0Um+aYvicYM/l7JcuC4gvZXrQn/UNjq9tbgYpE/HSW3KDiwlw2Im8dunEGoyGW+D8fjqjCJhywQcBejGX/2Z7cp1mfYpe9aOxW3XHAI9jQTmVsSkOBGZak9CuiPRcp4ppQ6ES+DhFbcL/wRzghL3EpUqf1eiBCCp+0nOspYMLuLf2rkygU6MuQahEkAGb5tC5O5ZJFvNlQBPgwL3pRQeXUXRMU2KPXUo8zeiNnQLTRKktCdIStrG+RxLBiolmGn2Ekimc78nggctPvSXOlMfZyZA305pmBHJ8huNKTvpK7XnaoMLlWlHWbtoFkPf+T0TPx+O4dolLJ83Bfs9m7DeZkSI52GePbrFMev9TBz2PqM/G47G9NlUFlfy8O4jvDy92WxoxJJ585gzZbI8g/7kxITR01jL5b5eHt35WtI1Ht+6zP1rPdzrr+PRhUpuNEZxoyaEs/me3GpLFgN/IFB/xd9/kvT6Bf/44Rl//+Epf//xCf+lwP3vz/np9VO+f3WXh19flEy4hvaaDJ4/ecCDB19jsm4Wxms0BE5fYaY9Csddmpy22kGwsxVBJxyJDzxESqgEGcmRVCZ6UZ0UQk1aII3Z7iSFrCPWXVPeaQOOms+WwHskWzUlLfmItSM/YsXIYcwY+nvG/eUPaHz1B7as/ZIYfwuSk4PISQimPimY8pIszpwpo7Mti+66fBozoilLSCAnLoCWohhudWfz7GIfr65f5vWjPl7fPcePX/fz9FYPL56d5cnrm3x7/zovH17hQX+rBEt5dHbkqnbe3pQkhq70Ky+kUwIhpd7+Qmc6LQJtpci/RQlO6nzVevYOCS7aqpIEKtEkhAVhNG0J2pNXsGD0ePQXLWX1zJlojJ7B0pFzmPnZZJGLNbiYnRIJCRFB8cX/iJi5SzAhB0IEShncPhfB1ZYUripW3h3I+QYverp9OVcXxJm6CG7VBnKl3YeuukA5h5M8vtLKi5cvqW9s+sXSB1P1z8Xuvw42U/NvJmz5tej9t3Oj5/9boKemZbwF9Kz/BXRl0BZnawv0Vi7GbJMBWSkxEmQVyHWV/LSvRW0Fr3Rvu3ahXbV1pW795qV2bg10qHC/0ltLQ2kK1YXJ7NtqiNbieWgvX8RGsXVLpQHcrs0cO7CfXHkelJLQ3oY8Th20YdiQd3lXTPxdxcplqTSK+0iC508G51P/cAgf/e2vDJV9H777F34XEBCLjfUBdNetZflCDfQ0Ndmor88WY2O2bDBm1/adbNtsKiDbhKGOEbqaeuhpG2IkUfWmjTswNd3L3r2O7NvnxD4rF+ydjnHUI4CTfqF4B0fjFxiDl2+4QD5ebTSn9FNXurhV1ip90t90aVMazQ0uKxo7KKtr+WUEusqGdkmdan92Bewl1Y2UiMkrs6EpAK9o6qRSUpkcV1zfRmF9KwV1zXIeBzD6uXHbIICVlunKwDCDxq0AetC4B4E+WNSuAP3tuvS3i9yV33gb/EpSwJ6RnqJmrmnRRwlwMiTYZQP+LnpEHd7GEYs1eO5bS4STvpiaLoFOxoS5mBCqGPqJLXKcLiEuhpJhmhHpsoWIQ6YMdFXw09PrPDpXQ6i1Hu4bNdi9bIJY+lh2rpyK3qzPWDpxCOOG/ZF5Yuprpg9Hf45YzrpJxFvOpdJDk0slPlxvzeBebzF3z1XIC1ZDf2M25xqyud5ZTpqfvQQSppRkhpAX70VyoIuYkQ8tJckC7WSu9LVK5levzr7WUZPHha5ausXQS1PDyI88KS/uDnYtHs+qkX9i/fh30Z3yPtsWj8Ji3WTsNyzAUmsquwTsdoqtrx6H2bJR7Fw0gs1zP2Hr/BGsHPMeM0e+z7xxHzJu+B9YOP59dOd+znadKeRmhL6Zja0j6Q3IJb2xcheScpwF5o5qfXhUti1RWW9AHpdrJyZuRZgYt7JfaRQXL8enCJQTst3UuvOITAX8Nmqrd59EybTTzQlJsyAgVVKyJVFJ1tSKqTeEW5BzVJ/6yP1cLzrGzTxHzoYa0nx0CT2ndalxXU6B9RzSzWbgqzWSQ4uHErdhNAXmMwk3Go3rgo8I3T4De93JuFosIzhwO/GJElxEWYqFS9AhwUNUqjUJeTaESUCh/P+nxJB9orcTK+eQIMAvLT5JXPI+EtKsePL0lmrm/wz0H79/QcFpC0J2zhEzn02I6XQids0iYf8cMh3nk++2mIKjyyk6vkqArk2Jtz6VvkbUh26mIXozXYm7OJtlwflCOy4Vu3Cj2ZuB8kNcLLTlTotk9HINC4JN8TXTwFprPCcsFuOxfwUBdqu5XOVOf81pVs2ZzByx86WzZ7J0zkSMVs3nqO1eeV4audJVxzF7S4Z/8C5ffDRU4LlWMrYy7n99l4vnL7N/tzlTx4/F0XovrVXlDFzs50Z/D9U5CWTHBtNaXsCtvg6ePbzDnStneNBbxZNzxTwU87xaG8qVuji+uXORF88f8/oHBerf8dOPLyU954dvn/Djd095/VoZ0OYFP/74o2y/ELA/lN97U3ceFxuI8QINdi4ey16DZWw1XoH9Vn0c91ri6bxBnaDF1/cQMcFOpEYeJz/Bi/zEYAHuaVoirUlUJlgJlYDSbj2+dkacsp+M0/YR7BCo68/+ExoStM6QjHjc+++z6vM/iZFpEnLKlaAgubdhfhQmxDFw9s0gQbcE2n2N5WLNscRFBlMYcYj27GRutStTj9bxSmDx7H4bT68O8OODFl7fPMs/nl/ip3sdPL19jdcPu7g2UEB/WybtzWk0SdBS2Swm2Z5Gv1h+R1OqWHou7VUJYuRxKszbiuJob0mkvTWRK20RXDmTTltJisiIEzqLVjJ3wlTmjhqF8YyFTP5YAvHJyxjz7t9YOX0x+9Zu4YRttBh5JP7HIvF2CuOgpRcxpyLEvMXKu/3VQWOU1uztdcoELD5crPeiu16Ch5oEutoS6K8O5mxVIF0Fodz7uoGXr15RJ0Cvb2gRqDdTI/l5rdonvf4306r+OtjM21Avo7i09DcN5P55oJm3i91/C/Q3KSU1/ef0K9CTUzIIDfDBYtsGNohRnzjoRFVJBo1V2fT3NAjUm9WW8AP9bVw+K0beU6VC/Wp/k7pUIK/YfLYA29PVGu1lGuisWipWro2D5Q4V5kkRku9WZtLfUkxfQw6e7jaM+PgD3lPsW0xcqSP//L2/Mnnkp8ybOp7Zk8cz7P13xeD/JFD/C8OH/I3fnfIMx2qvgzpk4yDMlaSYulIEv1nAbrp5q1j6Zox0jdHXNhCgGwjYjNm4YTtbt+xmzx5bbGxcsbc/iIPjERwE6k7OR9lr64LrkdP4BcUQFZdOYlq+CnSla5vaV11svK6pm9qmN/3VS5Q+7ALmUonASgXcSgt5xdaLq5pUuL9pNd/xBvIC8YpmAbkYeXlTBwVyfIECednOqahl505TFbyDReaDEP9XQB9s/DbYsn0Q6oP15G8XvQ+a+9vW/3ZgcP78Ob7/9rkKZB87Q8KPblDhftJCi1DnjYQe2ISf7A90MsLbVl8s3YRoNwG62wZiDm0j6fAOsfiNpHvbSuRaDmIUPz2+RH6oO07Gi9i1fCLG80ZjLJa+efk01s8WU585nHljPmDBWIH61BGYLPgKq5WjxMxW0BphLiaVwP1+gXlvIQ8uNPDocjMDnWLrrUWcb8qkIs1bQO5GY2m8gDyJ0iQ/WkvSaC9LVQeXuXJGHkgBeldtLhc6KuhuKqS5KJFQVzMJNIwwX/gVC4b+P6we/v+iOeYvGEwfys6lI7E3mIWd/ixsJe3VnsbOVeOwXDuB/WvHsXf1aGy1BfZi8qsnf8zMz99h5hjJ+L56B915n2Go+YUElVMYuNzLq++ekFxwUJLYdYE78WLmSl1zYoGzWrSuQDw535GoHGsCU3cTlmFJTI6NmK8tidkuJOccISX3sFrUHphiLta+l0j5jlIUfyphG37yHe94M07H7MYnxhK/GAuCYy2ID91FjrepGOoBBoq9uCa/1R+3g7rDSym2nUm1+zKqXJbQ4LaMhE1jCNYaTs7O8TTL/jyBacrO6RTaKTDVI9Z7K+Exe4lIssErbBcRGc7E5LkSnemg1uv7pu7iVNJOtWogWM4lLs1GIG5DeuoBcouPyPsS8m/6ncPN880E7xAz3z6bsB2zCDMToEuQEbt3Nmk2c8l3XqTWoxeLpZed0qbMR5cKX0OqAo3V6UY7E83oyTDnnJzHxUJHLle7c7XCmYvFdpyT63VRAp6bxW40R5kRsH8xMe56WOtMJvygHtcaXLnT4U1xjAMLJoxi+ewJ6Cyfzqr543AwM6KtNIbc4MN4WW5h8cSxLJ8+QTJ9RwkKG+XeXqCn6wzWljYs15hLaVYivbWFDLSXUpEaiPseE3w8ffA8eEgdaKivpYY7F89wv6+axxfqeTJQy6P+Ym60ZosJ9Yp5X1cnv3j1SkxcoP2jGPv3r57z8uVDgf1Dvvv2GT98/y3fvXzBMzHzf/z9J7799hX7NZdgtGwZJgbz2L56CfuN1mOzeTkH9u7Ay2YvvgetCD1tSXiIJbERJ9XulZVRjiREe8rf5kJ1lAt5EhyFHdYh+IDSfWsu+83Gs9fkUwwmj2D5qPcZ++5/Mvr3/8GkIaPYpTELz+POBAefIiDAi/iI02/qjp8/k8Dj9ZuuW48ekpcZR5EE2V3VCfR0pohVl3K2rY77Z4t4eqmHl5cu8M31a7x4PMCr2wL3qx28uNLJ1UtFdLYL0NtT6KjKpLM+kcbaAjrLU2huThGgp9DWmECrBEytSnF7YawAP5n+hmgudcfwoEfMuqWIpEP7MTfezsqxY1k/dwX6K1eyduY0dGavlKBNi61zNQlyOUaifxLpAbnE+Vfj5xxEgMtp8k/4cOdsLD3tCQx0B3CvK0SdHrW71ouzXcoQuhESLHpzo03ALsf0dwTSmhfD3Wutck++FUMXmDe+Afqgob9dlz7YL/3tMd5VoJeV/2ZI2MEx3t9uIPd2Xfo/w/y3UP+tpaekpOJ78jD7TDdxyMGKsvxU2kVuulvL6Ous4byIjwL282fq6Gsv42xHmQr2893Vsl5Bmxh9ZkIIQSdc2a6/Di0x9F0mhpw+coDU2CAaytI411bCQE8F/c0FOO/fwYgP3lcbvw3/25+ZMnwoW7SWc8LVhpULZvHJkHfUqi6lQdyoD4cydsSn/M7TMxiTjVvR09Jis5ExRjo6qp0PLjcZGLBBAG+spy9AN0R7zZtid6X43WC9ERuNt2FsuJUtAnbF0u3s3Nlv5YzlXnuc3E7i6R1GaKQyv3k2sYlZqqWr/dVLlEZv9RSW16tF8MqwserocqV1pKTnC+Tb1Tr3upYz6pjxCtwVoNfLvnqlG1znWTVVt/WoQC8RMy/9Be4N7DLb9QtsFRgr3dYGoTto3oMt4BW7VvZt2WT4SxDwz3Xqg8vBRnSDxfaDwB/83uCAM1fOtqqN2zws14rJGBB3bCsxhzfjaaErpq4nQN9IuIA8zHkTsQd3EHdqtxxjSrhsZ3pZUxl9nCsC0/96cZcfH16mKTuC4+aGbF0qQF8wFs2ZI9GcN1Yyosmsnf0lmjNGoDXzMxaL6a6c+BEGSkM501nUBW6lvySEhxcl8xto4OtztTy/0cn9iw1c6ynmskT+Z+tTqUz1o60skbNNymhRqZypy+dMfR7dNemc7yiXqLNOnSdd6a7W21xMR102UWL2pzYvwF1zAuu//CMrBOirPvsDmmP/Ji/7p+xfM07sdCr2+jOw052JpeZErHSmCgymYqU1BSsBuuXqCejNHKae89SR76Ix+1O2rpyI3roxmJsvlwzP6s3Y+f2lalF7rEA5PveAgNyeyExbsXJ7gbkAXjV1MXMx7Rix7zj5PDbNgTgBZ3SmI3F5ToRm7MUreQf+KQKmVHN8BKB+YsXeCWJikXs4JhbqFWFJgIA3NF0ycbH1pGRrChKdqI5zpi3Glp6EfbQGbKAnyIhWbx3OR23lSrgxFXbTyN89mjqbaRSbTyJ33yzKBfYlDovIt11E7kljUpPs5bwOEJZiQ3i6HWHZSoBhJecj0JCgIiJtL2mFEqiIEafkupCYZUe8fCcw0oI7dy//SztXRoarjDmCz9ZpBGybQaiAPdxsJtHmM4kToKdYzSXHYQEFci6FB5dRKpZe5a0lSZtKHx0awjbQmbaL8yVOXK05xvX6E1xrPMnNVg9u1B2hP8+W8uOrid8zjcrja2iL3UWdBDvlQVu5VnWSuz1hPDwfzZ2uYCJOmbHfYCFLp4xk0+oZ6C+ZjpvJciw052K0aKYEnzNw3WJM7GFnKjJS6O3soLmuHhvzPdjv3klmmAeFoYdpSbShO+0oFUlBpAUFiQ3H0lCUKQFlIS/v3+L75w/4/uUzrvc2cL29gCeX6rl5sZtbl/v5+s6AwPC+APwJ3758zrevXvL82ROefvOEJ4+/4dnTx+pY7U+f3FOvXnV+PsbLZrN13QKsV8xg49r57NCfgo2JFs57NuDo4ICH2JOP0x78TjgR6XeQiID9hIZ4EhZ2kDAPJ5I9nYg6sYpwuT7BB404bb0A+50T2LdtIoaLx7Hqqz8xb+jv+eLPf2bSe0NZN/UzDtnZ4SMGHCmWXlaYq56LX0gwu/fuJTktnUePHv9yh28MnKe5MY3OjkwutpVy5kwV13qb+OlaIz/crOYHpY9zXzdPLrZw5WYf17tqJAAooa0tnzYBeEt1Gh35YuSlCbRJUN7WnC6Qj6ItL0KgHk9/U6iYcySdzbHc7M3k2YUanpxt5rH83v2bJdzqy+dRXwtfd9WJgdZwyu4ou1drc9rpJEUBhZQn5JMfJyYcX0HYqTACjvjSJvfuWrcvFxojuFruzb0mX7ol8FPGbO+uD+Fikz/nan629Noo+muiaJX1OwL07777Tuy8WTX0+obBovc3Xdje1KW/mYntt/Ol/9xA7n/Vp/9vS397kJk3Ldv/lZ1n/GLmyrq6TMukqCCL6CBveRYOkpcWS297BR2NBXS1KACvUksz1SpKgbnSra23TZn9rpyu5hJaJKjKTorA57Aj3gJx693bsN+3i0hllskKZTKsSq6J0d8836jmsftNjflMoK1M0LJuxniCjtpSW5JKRnwgy+bOULu0DX3nT+qQzKM++oCNeuv5na3NAQx0dDHRFyDp6grUjVRT11m7Vl1XwK4s9QX469cI0NZpoblqHWuWrxW462Aopm6kbyJBwQ7JgG1VoLu6nsDN3ZMjHgGc8lGK2xPF0DOIE6DHJWX/0nc9JbOI9NxScgqrVJArxfAVPxfFKzBv776oTtHa0NH3pr69XWDe1UdD97lfkgJ0xdKLBej5NU3kiakrYI+VG2Co/2txuWLgCrAHi8wHi80HQf0GzFoq+JXPNhjoqu0KBoOCQVtXj12/Tq6ZEijo/AJ29TsSJJgY65OVkfZmxLM0f7FxfYH2Bonc9Ql0MMBzrw4hztuJPbabcJfNBNobE3dEtj1MSQnYR2GYCwUhrpyvTORiXa7A/Co/3L/EJYnYYo7bs19PorrV0zFeOI6V00ayZtZX6C6cJMY+kZ2rJ7N+1mfMGvUOmtOHYbH0cyq8jDlXFsKDS3W8vNMlL1kZT6628fhKC3fOVUmq4FJbLtVZAXSUJagZxrXeGvrbirjYXUVPbTplYkuXzlTLw9aozpHeI7Bvrc2gIPIwftsX4KU/nj3T/sryYf8HnVECdIG77tj32DFvBHtXjsZCbFwpat+z8ku2LR7J9mVfskNgb2c0B0eD2ewRSzeZNxyN0UNYIsdtMJzB4iXD0NP+/3h7y+g6snOBMr9m1qyVN3l5eUk6TelOQ5rcaHe328zMJNmyLbCYZZFBtkUWMzMzy2JmZsuSzJbMDM2UPV+VfG2nk5735s9orW8V3FLp6t6qs7996sCbmBh+xsWLo+qMXBknXInL3U+cmHd0jo3a6C1VTD2tWDF1G7UxXFy2FSl5Yk+5ziTmOBEl21G55irEFXsPSDYgLMtS7NxCtk3wiTPkWIg+gTEWhCfJOXMc1XMq1fFJ+ZbE5ZkSlm5KbIIV+TE2YmemVAbqUB+wg7bQnQzE6DGRYsSUJAbjwRs46bGIavOPqNo/m2rHedSIvZfuX0C6xVyBk4EK6gRlnm2BdkCGOb4p+wiT5CIqx5Jk2Zde4EBkshmxaZbEC+wjkywlmU3+1WfnP//8g9ihM3467xG4+wPC9s4kUn+WQH0m8cafkGI2i0zLL8gTqBcfXESZyxIq3FdQ4baCSgF1feAaOuO0GC22EZi7Mdnjx4XuQCb7gtXZxC52BXCq3J668B2MFHlwqSmSzvTDDGW4MFHsxekGf07V+jBa58l4eyRN+UcxXPkGqZ4bMV/zPkd2fKBeAzOe+y/+/sf/5L3n/pOt8z4n+JA1eSlxYieH2Cv3UbiXK6k+h8gLOESG0yaS7baSHexJWVo8V8aHxNzGuSfW+uDebe5emeTL27f57qsvuXx6lK7sWC4PS4I6Mcr5M6e4OjXF7ds3eHjvngD9AQ8f3BeA3+HmjSsCysvcleXXXz3kp59+xEBvm2rnOzfMZs/q5ZJ8LMFw5xIsDbTwsNqFg7ExR+zt8XOwJ8zHhOCjtqQEuRHk6yoFuwNpEYfJirYl0l+uK/fdRDiv5Lj1ChyNF7NP+wO0577I6pnv8Nkbf+LN//gP3vztb/ninecw27mZ47YmxAW7MzV1kZu3bmFgaoruPkMJY/aZ2BCXnMvFqWtPa2LOn+Hq2WGGhuoY7q3k2miHQHdEQD7GtZEObp7sFPjK/TzQLlbYRF9fBr29kgg0pgnMU2ltzKRdgXl7Ao0FYuv5SXSJnXd1xgtYc+huT2KgN59rZ4p5MN7A16ebeHS/g7u3Wrl+tpzagggywg9xpqiAsCMeVGTGU57dSHp0OXnhTRQE1ZIYUUHAkeNMduQzVp9IX3Uaw5WRUp55PAZ6IMMNQYyXBzNYnS6JRQadxWl0lGbQUZPG5fNDfP311zS3aIDerjaO05j6065sGkN/2jju3z9P/9fBZn7ZOE5j6U9hPh3pGdkqyNPSs59ERUUZDVXy++nxVBZlSYLTpXZd6xUA97QJvLvrGJAytK/tBAPt5eqyS8rx1vp8KTNLKM6KIzXKn4y4UALcD+PjepDMpEiBfwOXTverDTYnJ7roaz2B/rY1fPraSxjKNZkSeITepkJGe2vISw1nxVwx9D/8XuR6FSH+fk+ukd9s3bSFTatXsX3DBhXoipEry22yrUB8/cqVbFi1inUrVjxZrl+1mjUrVrNyyUrWLBfr3bAdnR171T7qZmb2ODgcw9XVH1dlZjO3ALH0SELC4omMSSUqOlWy2yRiBPLxCVmkpheQlVMqUK9Rbb1amblNbFwZOra5Y4jOoQk6h8dpHzhFS/9JFehKKOsK0JX1hu5Bajv6VEtXoF7e3EGVhL7uHoHCqid90DVmvvMXz9Y1Bq4O7bp9C3t27pDlNnbt2M72zY+r2tcrIH/aqn2zMsrcRvkdSRoU8GtqAHZIlrRt0wZOjY7y9ZcPiDyyjwCbTQTZbyHmiC4JbsbEHzMm4uBeeW0XIU5apHjtIzPAmML4/WSFmlMW58nVfgFnZQb3L46oQL8x2kbkMStijppyxGC1QHEGRms/Y9nHr7By5tsYbJiH4dpPsFg/Uyz9TyxRGpiJpSfbrmGkIprbp7u5K2Z+WbK/q6fauaF0qRip5/JJZSa1YrrKYmkrjWGgPpczPbWclQvnnNLHckgy4JxgWsuTOT3cyFmJkx1ltBbLBZ3lT7i5FGCb/o7H6lewn/MndN/6LXozfsfeD/8LvVnPof/Fi1isfAuLVW9jIkvD5W9juf5j9JfJuoRSHX9k7yIs1n3M8g//xPzPn2Ovgawvfw6tXa9wwG4efl566sV66ly7gFYZIEYZGOaAmLiD2LcdsQJ3peo9MU+MPVvsXECenO9ETI6V+mw8UuAdlCKFscAzPNmYqEwx8ExLojNtCYo1xz/alJiM/WTKOTMLlQFnbIiRJCC+0JLwXAPcE3biEbsH/zhjEuKtSI+S7yjaijSXzcTvX06u6ybaI4y4nOvI+XgdOo98QY3dp1TYfkrD0RWUOC1SB6JRjsvOdiI83VLsXP52jinBOXLOYqVxnvytNHOi08yISLUgLNmIgHh9SSYsmHo8zOsvW7YrPz/++ANnBho5tmMG/tozCNb5mNA9HxOm9wHRBh+RaPQJyQL2NLH1/P1zKJYko8BxLjlOcyk+sIDKIwuocV9MR+RWxootuFR/iIutblzs9BbrDuJKbwRTnSGca/JjoimMsdowMflwRst8GMxzpSPBmk5JSMridDgRb8nptmAaYndysc6Moaw9NIRvJO+oSMLHM/ji9VdYqkyr+tyfxVxno71iMTprFrFktrxnsd+qBH/yI33Ji3AjzWc//S2VTAx0c+XCSTorsxmqqaIxPYtkT2+6y5WZwJrU58YloUEMl+dx5fwYZ+W+u3juNNevXOb+3Ts8Ekt/+OAet2/d4NrVy1y5cp7rAlDlp729Qd7DArYtWoT2xnlShq3AcM9a9mzaiIPhdgz3GXDAQkeM1IrjYtTHj0gSeES+p+OWBAUdVS09wseZ3AhbwkIPEu5ui6+9Pn7O23Azelfuz7fYPO819r75Rz776x9VoCtTly548XfoLHsfwx0byE2Zrm7PzMlRYa5vZIKxuQ37D7rj6hdDZKqUjVVi3heu8MOPPz3u1nWP65dHuNzfwL3TI/T390v52M9pZSTHoWauXWiif6iB4aFCuuoz6ZGEsLYin8a8LLqqUyVSaJPvsSM7VX2G3qWMDteZoc593t+YwUh/GlNDtXx1poLvzlfI38jnpgB+sCGfBPdD1GZkUJomYEs9QZ28v5LMCgqzSoj1zCAlspa8KC8uKklhg7d8Z9ECpwBJ/AKZqPRlqCGEIQF9T20SLS1irh1VNEhy0tZWRZXEhQtjfPPNtwL09sdAb3vc2l2JtseW3vz0eXrtU0uvrlGgPg306XHeK9V4dia2f/cs/ZdAVyA+DXPNeq4K89S0LPIlETg11ElPazVtdaWcG+/jwkSPauj1lTkC7mJaawtpqy+gpTpbjsmlpSqLhrIMmqrzKc1NJCU6kOLsRLKTosmID6dVPU+vOs779cmTXD7TK0lAEU7GOlhvX01OqAfdco7xvmoV6BnxwaQmxNLb1fW4DPiRluZGHBwMIfUAAACAAElEQVRtBegC7R0bNqpAV2x84+rV6hjMKxcvVkOBuLJcIRe9Ekvnz2fZggWyLvuWLBWgr2bbxu0CwN3o7TXC2MhSrXp3cnLHQ4Du6RXKUYG7m0cgPj5hciPEEBIUS2hwnLoMDIwmMTGbLLH1vJJq1dRPVDdPd20TqNe29lHb1k+92LlSxa6BuGLmGkvXQF3ZV9c5QGVbL6W1LRgZGQlkN7Jp3RoB83QjNmVcdyUUeCvDu2o9M0b7NNAF8tu3CpiVYV8VWG9RY+tGSQa2Kfs3qTDXJAGa8+3Zqdj/GnXseAXyHq7H1A97rL8dH5tthDrvJurwbiIP7VGHBQ07uB1vx7UkiJlnh9iR7mdFYYQTFQkuFEccozjGg46ieO7Il/vDrTN8ffkkBTE+NOeEUhHnjovuClx0FmKxZTarP31DCqWP2b7wXQ7rLcd26xyB+p/ZtUQKecPFnKlL4cZYB/eUqvbxNm6d6eGq0meyv4bJEckMB6vpLI+WGz6InqoULgzUM9xcIlCv5YxcQKMC/PIMfzqq0piQREMJpSFNWYIb6a67idb/VG3lHbT5DfzWvY79zN9jPeu/sPj0Dxh+8Sf1eb7d6rcxXPIaexa8wi6x8dXv/o41M36P1uyX0FvyKlbbPkV73XusX/ISOlvfxNb8C3R1X8fUYAZHzGZLZjvdR7WoLpBEsdiUYmfiCvYTX6AMErNfAO4gRu4g9msvwJbEJ1ugKQYemm5EUKohwRIKMGOzbFVDjkq1IyphP+GxVvhF6MtrpoQmGxKaYiDnUxrVyXa2bOcZ4ZGgQ7AkBt7xBkSkSJKQILBP3k+0QDzMX4coTy2yfHZT6b2LqdJDnEvcTfOBuVTbfUbjEYFl4A4afLZR7LKGggQbtcFeaL4xIYUmuCZqEZxmoFbvhyUZ4yeJQ1DaPiKyzYjOsyQw3YSk4uNcvDzGv//5h2qaA1LYRpovJXinAvV3BervE753BvEC9iTDj0k1/Yhsi5nk2wjY7WaTa/s5ebIs2P+ZbH9KicNsmv1W0JuojElvLIWvHeP1jlxoPsrFFg8uCKhHa4/TU3yIrjQryr23U+S5We2HPV55RMBuQG20DhfaPcXiXbhQY8xkjTnjxfvknNb46O3Bcu1qTJctxU5H7qMvvmDFRx+yaeFsXvvLH1VDby3Lo7+5noG2OrERsZ22Zs6Pj3BxrIfgA+ZYyz1mu0eXw8bWHDWxIOXIAbL8A/HQk+/FyoL+hjqmxiY4PTqi2uzNG1fVudcfPAb61StTTJ6f4MHdm+on52JvjPaSxexc9Ck6K5ZgsH0e+tob2btpFRa7t2Et9n7IyoyDFoZ4yrG++2057m6Ku6MdQa5y3fnLNeDtRKwkIOFehwjxdCYy1IqwY4aYb1+O9ud/Yu0bv2Xuc7/lk5f+g7cF5q//7ne8I2Bf+MdXMV77KU3lJWpDPUMTU/boG7DP2AwLGyeOeIUREp9HamED+VVdFNb0cKKhn8Gxizz88psn3/6965eYGKulu6NO7ssWxrtrGDnZxBlJxk92VNPVVUptZQnNApDW/GSaT6TTnhtBe0EIjbm5dOUm0FaWQn93ptow7sxQKldO5XG7O5tz7cncHq3iykg23w2k8Wi8m6ZIL3WylvyEJNXOK1LKKZLI8S8gKUTg5xtIT2kYo22h6iQ2Sh/3/p4Y+hoF5G2+XMzyE+BlUFeeQXVvHY199QyO9jMgiVvfeJMkXBPyeXw3begK1B8/R1fAPg31Z6veGx9Xu/9rN7aKf1P1/stJWzSWrmkc9xTqsnwM9Wkzz1JhrkSmvDY00Mm5iX4mhpRR4EYk4RxhbLCV6tIMMhPDyUuLVoFdVpBKzYlMGiqyqSrJoLwwTX1WHupzlKTIAFpqlar6anV89+tTyvjvp7l5eZyps72SEBQRLddUTsRxmiTpUibEunvzEt989eBpV1W5bk6PjRIa6MWRg9Z4H3fiN5vEttevmLbwtcuXqzBXoL1qyRIV4Mpy8dy5T/YvmjOHhXIzLl+4kGUSG+T3d2zeJtmtDnu0dTHQNcbczFaFur29Yupi6L6RHHMPxNnlOEeO+uArYA/wi8TfNwJPzyD8/CKIjk0jI7tEHRdehXpNKyfq2ilv7KJY1ssaOilTGsYJsDXV7q0Do7QNnnoC+PquARp7R2joGVRnbdPetZPNAuKtkqwoVeSb1q1SDVqBtRKKjStV5RqYK9auPnMXICt2rli6cpwCcgXoCuB1tMQ2NqxX7VzTX12pjlesXLH46QZ3G8h5PNiM8lOVHUWY415CBOTeFusJP7yeKHexdT8j8iMOkBPiRIafndrwLS/kMJn+TpyIPSY3XjRTfcrIUGf4/uYEbYXxnO8o4FRtGrFH9Qm0WkeKqyEHdRazY8F7rP387+wUiB/dt5y9Kz7EZONsAkyXcLophSsnW7h3vp8bE+1cHZuG+uWTzVyX7bN9FYy1FdCQEyaZYBrjnRUC9UZOtSuzq4kldVUw3JRPQ2Ekgy1FjPVUMdpRQUWSJ5nH9Ug0m0eq2RdkWcwh2Wgm0bvf5/jal3Fb8gIWn/8ek7l/wmT+yxgvfAOjZa+xb9EbaH32IjvmvMzOea+gu/IN9He9j7bWu9gazcFs5/u4WS/GWPsNdm57Bad9n3PUcsH01Iq3L4iZ71cjJsdaTNucODHx4DQBpABb6bsdniWmK4YdnmVMWKaRmLkuEZmKAStV8nZi47Z4h+8jOcuJxKz9xGVZ4RW5l8AEfaKzxdbz5Txizn4ZBngm78YzaQ9eyXq4R+oQlmgif9eGYLHSYEkWwlKMSM6xJTXblsYTLpytcON2jTtj0bvo8lxJp8cKBsJ3Uuu1lRMuaykK1CdZkg63lG24p27nWPxWjovRhmdYEiI27p+yT/62IXElFkTkmeAt7909Th+vGBOKGuK4eG38V7j+MzenzlCV5EuU+RLCdn5IpHwPcbofEKs3gyRJjFKMPiDbbCYFtrPJE6DnWksI4LMtZ5Jl+iH5Fp9QdHgODX6r6IjeQlfyTgbTdBkvNedszQFGSuwYkM+1S95TgddG4vYvoT/VkpMC+ZZYE+rCtnK+yobLDRacLtsltm8rluZM0oFVHNm7AX9zXVyNdqO7fDEGa9axSxLjT956nRWzJbFIjqRfQH5mpIezQ30MdzVypq9dLL1UQNWIo8EWTDatRGvFMrRWr8Jo6w4s5J4+oK1FhrcLVdEBtIvl3rtygcmJYS6dHReAX1Sr3m/fuilwv87kpXOcPTX8ZAIQA7lPt85dxvZV89mxeIFA/UP2rF7Gbq0N6O5Yj7P2akwkIbYx1MbBYB+2pvL9OJnj4eBAgKOjGnG+AveAoyInzsTIfRty3JoDdpuw3yj34oIX0HrzP/jwD/8Hs1/8P3nvj7+T9f+Lj174HUte/m+2zflEfS81tXVo794jQN+HudV+HFw88QxNkuu0nLSiRgqquymp7+dE4yBFtb3klLeL5AwxdfXpc/ZHjyRpOdPP8EAL54ba6DmZT1trDd3d+fSJlTefCKVZIF5eEE9JejrVmbHU58XTXpNE+4lIuk7EMlKbzs2RTi5LEjBQGS/JVQJ3h4v4+lQJ9yZa+MfJCu731FCWW0BqWCmtqXVkRzSRmVBPglcEKYmpVKbHCbiV71IgXh3D6a5AzjQFMlLjxWilK4P1YXR0pNHSVk59bxPDZ9sZPNnN4NkWBkZauHrjMt9997367PxplXvL42p3DdCbn3mW3vgvQFeq3TVV7xpLf7bq/elgM//c4v2X1e5p6ZnTkfYU6Eo0N9Uzdf4UVy+NqzMOXpsc49xYL1Wl8jtxQSSH+5AqFp6VFEVBRgKleclkJ0aIWUcQE+yFv9sBYkO8JPHsUhOCG5fPcufmZW7fuMTNK2e4fG6Igc5aipLD1FE6p86efPo9P3zA+IgIbI0kKLnJJEb7q+0wIoJcCfRx5jcrl0xDW7Hu1UuXquBWYK3AXdlWqtyVfQrEFbArQJ//+eePLX3a2NfKMVs3bkJ7q5bcDHvQF1M3MVZM3R5b28McOuSlAv2ohz8Hj3hy+IgXXt6hePmIvQvglXBxkX80MEodPlYZC76oooGyujYqBOhVLb1UiK0XVbeoy9r2aXgrVq6phleq3Gva+x6beh9RicloaW9h+zal3/w6ga0yyco6Fcab1inPwDc+BrYC6e1PWqxrGrfpaG1TZ4jSgFyBumLqCuiVfcp5ps83DfQtAvhpqK/FxtJMrQp92q3oS0KcdFUzD3ES2zu6mVjPvVTFu0scpyLWQzJbWwrCDpIXfIC6ZB+asn2pjPfkVF0u31wZ5ae755nsr6SrJI4bQ7UMlcWQ4WlM4uG9tGd442MsycSc11k7UxnIRAqhbQvYs0wKdds1TLZncUms+/6FAb6cGpEbv1Pt73lltIkpyebPD9RyQWx8pCmPwYZchpoLxHYKOSM3b199LiOtxQL5MoYac6gviGJA4D7aVUZnlVh6hAPJ9itIc1hAzsGl5B9YStGBZWTbLSJg/Ru4L3+JQ0v/iunnz2HyxfOYLHoJ07Wvo73oL2gt+ivLxeaNjD5nxco/sXHFK+hpfcAR5xXY6LyH/ubXMDJ+G2uzTzjoMJf29nT182zoSlGfmSsWHpFhoT6DDk4zUZ+r+8TrEpJpTHCGodpALi7fRo4RWCaZEZYh4E8R8CcK6GU7NsOG8GQrwlPMZb8JkWLFEWLm/hm6uMXvxDtVj8AsI3yVee8jt+OXsI/YbDmfQC0gQxKqVH2Ck/QlobAkVmDnK9s1JQd4IAXa/brjnM8wYyhkO/2hO+gM3UXlsQ0k2yyiLF1sTpIB99RdOIZsxT1GB59kfVxjt5NYaU9YvikB6QYck6TAR5IMn2QTXML15T2ZYuO3mdQyLyavTfBrP7emzlGdHEi82UqidD8iXOdtYva8I3B/h2T998g2/4Q8q08F7rPIEMArkS6wTxPoJ+u/Ra7Zh5xwnk3Nkbm0BKxmMHMvp8ttOX3ChokSa07m7qU1ah0VPqtojjJgKO8gPal2dKboc7pAl6mKzVwu3cC5ku2cytxIntMsOoPnk3vgC0w2LMZk6xpWzZnJrHf/ypvP/wGzPdskgdOnOT9azE6S+lBXEo5YkxtykExJdIviPdg772Ni7fXZ/tks1n8+UxLW5bju24vNynXMf+lFdr3/LvF2FlR5H+JSv0DpzIQ6yc+Nq1Ncv3aZqckLXDg3zthwn9pQTr0vv/2eiopKbHabsWveSjatWoKWlH3mq+awY/0ibLduRG/HMpzNjLDfY8HBvea4WlribWeFj9MeXB2t8T1sgZ+bBdE+NkR5GOPjLvusdmImn7vW3LfY9NZv2b7ob+x483es+ut/sPb1/2D+y//J/D//jcRQf/V9OB06PG3nJmY4HDiKV1AskaklZJa2qDBX7FwJxdSVUICeXtxEYm4NOSeaGRm/yHffT5c3Sqv9hzcvcHq8kZ6+UsZ7SuhTplHNDyUtwZfyNH/yog4QHR1BXZqvmHo4jQUJNOal01OgPG8vprEkixSBUU1pEhd6Mng0VMzXgxU8mmjkvpQbN+W89fL+6tPEeNNPEOWWR7x3MmVJxfRImTDeHcK18khGG8I51ebDyQ4PBtr9maiKoUNkpKk9h7rBJpp7hhhSJiwROz95cZg+KaNuP7jN9/K/TAO99THIWx43jGueHuO9oUkNBebTz9Lr/6lx3PTkLTW/Omf6v3uW/mzjuIyMrKcwV4GeoUZKaqZEhvx+IVMXx1QI379zjeti1ucF6Cfy0wWwIaRE+wrQ/UiPDyU7JUaMPY602BCSIvyJ9Hcj3PsIcQL2yxdGuXXtAvduXVHPc0cF+jmuXz7H1clzz5j4NwJxYWBxsiQMfpIYhJEaG0hSrC9xUZ5EhbsRGnQYXy97fqMAec2yZSrAFWgr6wrQlWp2BejKugJ0BeAK0JXjF0hGrQG8au3z5rJ88SI2rl0jUBPobd/Fnp26GOqbqGC3sHDA2uoATg5HOOTiwQGJQwrUfcPw8ArmmKsfBw96qI3pAoNiiI7PICu/nIKyOoF6uwrxaqXqvX3gSdR3DqnwVkKBe3VbrwC9VwV7pWR1ykQQ6pSnW7eqQNdYuRIK0BVIa+x7z05t9u7SFlhPz7KmQP3JJCwCdQX6yrEauCuJgJIQKOub1ytQXyvnXM2GNavV7TOnT/9r16KJQbW6PcHNkGRvM7U1r9KSvTk9kKIwF/Kl8KqI86A+xY/G1ACKI5ypSDhCb2E0t8da+fn+BX6+O8FESy63hmq41lPMYHEoqcd0qY8/xqmKKMLsJYH5/BUMV33CcdNt6K/4iLSjOuqoWteUATkmugToJ6cbxZ1pF6DXc+VUM5MjjRJNXJYY7zrBUFMRJ9tOSOFaJpZexkBjvmyXcqqjjEEF9rI93F6sTs1YHnuYouN7yXZcSc7+RRQLzCvcNnBC4JVls4SgjW9yROB9ZNlLOC9+CcelL2O65q/sXPM829a8zpYtr7FJ5x0B+susXCoF37Z3MTedhZmR2LrAZeOaP6K1/Q3MjT6Wgm81E2cH+eqb+2rrdqWxWnimgFqxc4FebKYyQ5kpoekC5wxrEnIdBfSKtdsIvB3UdfcoHTFyG3nNTiBvKnC3EDu2EkhbEZhpgFeaDq5xO3CN1iJIDN87ZTfHIrcQnLqP6ExrOa8cJ/CNyJAEQmmEJwlAcLYxbkk6uITtICzZlAudUdxvC+frjlCuFThxMd2cC1lWNPlrkWoxmyK/PWL0BwjKtMA9di9u0Tr4SoLgnW5IQK6JJBB7cfTfjJ3PNkIz7PGME/jHGmF3fJNq6t6xpvhEW8j/IYXCjXO/CvY7Vy/SkulHsvUKYvZ+QMLed0kQsKftE1M3n0mm8UcC8g9JM/6QDMMPSDd8n9S9b5O8+y0y971HkYC9/uhCBjN0OF1lwUS5DWOFpowW7KE3aSs1PsvJksRtIOMQ4+WeTJQ6cKHMgKmqTVytX82l6g2MF2wRyK4g2WgG/lrvEm69ip1L32Xm31/hk7+/yDsv/5k1X3yA5aYFpDprk2y7miSXfRy31MHbRht/mx3EHDXAXX851ms/x2ztErZKMmApSYGvuQlBegLaTTqsn/Eh2h98QKiOFjWxAqjkXC6cGlOtfGryIpcnpzgzPspQXxfd7fVSQPaJYZ1/OqlNV4+A2oFNK5TuWcuwWr0CYykLtTatRm/bHiy36+FkYiphgpeNHu7793PE2pwjtja42+8n5IjA/LA5LgdtOWihw/5dn6G1fjb6u95l94IP0Fk1A+3F76Az589sfPf/YvVbr063CxkbV81cz9AIYzNrHA+54xeeQlxmBdllbaqVlzUNqWaubCvGnlJQr1bFK0sF6gk51aTKenvfGPcefPnkf7p2bZS+zjR6GzJoyE4lOe44qX5+RIgdJvlIQhvoSnpUBCcSEqhNiKEmI4PK4hRJoo4S5OrMmdYcJrvSuNGXzc3+LL4SqH8/1MjDs01c6qqlIq2L4pgTRLhGEeh0mL6qFC52+4kYJNPfEsBgUwij9X5SfoQwXhJIX10wXZUpVJYWUdvfwpmbVzh7/SynlO/ldgXnrtRx7Zsxfvjhx3+B+LMgVydreVzdrmnp/svW7s9Wu2ssXQH6s1Xv/65f+i+Bni6R+hjoqSrU08nKyuTCmWFuip0/uHOVuzcnuXRmSP6vHAJ8PIkIcCcxwoeUSF8yEsLJF0tPFwinxQSrkRIZQIaY/MXTw9y9NaUObnT31lW++eohP3z/7ePuqT8yKslnbnIkIR4ORPsdIjXSk3RJytLjA0iN9yMu2ovEOF+OuVhgoLuBFUs+5TeKZSvw1gBbgbiyT2n8poBb2fcsyJXjFEtXthXQa15fLFBfOHcOq5YtFbAJ4NZuUqc63bVjD7u0dQWY+uyR0NM1wtTECjNTWyzM96tWHhKqTBATpj5j9/IKITg0nvhkyZZyT5BfVq9WtyuWrkC9rmNQjYauYRq7RwTsg2pXtYqm6S5rlS1t+AQGCXA3qQa9Y4ti2RufPAd/NhT4KkDfra2lVqUrxyiwVuxc0zpebVC3Ye0Ts1deV0CuSQjUhnLr16jnUiI5MeFXC9jOCsnuFFDHu1EafpimVF8qYlxVK69P9acjJ5y27FDKo92pTzxOi7xeI5DvyIsUSx/hHw8u8MO1Ie4KiO+N1nC9N5/ubC+KQuw415DGeF0cbvuWYrXuE7zMNmC05j0qgs3Ufuj3z7Tx8EKPaum3Jcu+fbaZq6fkBhqfrna/cqqFW2eVVrL1AvFyJrqq1KUSXdVZahe2gdZSRmT/SEe5CnjF5MsT3clw0SbLfhWphp+QbyvAOriCAqcVpNsuIn7vLHxWv4rjnD9iOeu/MPz4vzEWS9da8xe2bf87WrvfZoEAf/3ad1iz/FV27XyHzZtfwUj3E0zM3mS/3ceYilHu2vcWOwxnkJJgr36WHYMlhAjII7LMBehGxAhsY9OsiU4X0OXYi0nvF+O2JTLLmmTZjk6yIDTVlFhZT8h2FHu3ETCbEZRqRYicwz9jHz4Cc/e47QSKaQamCVQSBbSpuwlI3i0Jgx6hYuiJkgj4JxkSmWNNSI6J2LQU8Eq1eIwWURmWUtA6kyzJxLnGYL7uS+DLjkiuFR/mTsURRlMsqPbaQv7hldQXehCfb0+wgDwszZSIAmv8JDHwEpgfjdiCrfsajoXrcjzWEtcwfTxiTTgaacqhEEPsfbWw89qG6cF1OElyEJHkxvkLY7963d2/MUVnbghZ+1eToP8JSfoCccNpiCfve59kWSbqz5D9Av09b5MkJp9t9gmF1p9S5vQpvdHrGMvby2i+IafyDcTQ9emO16ItdjeNATs4mWfL1Z4grvb7cKnOksnKbVyuXc9k9UYmiuXaOCKJyO5ZeGn9Hb99MwgxmskR/c9Y+9kbvPfS7/ninb+iPf8dnDZ+xt7PXkFr9pvMfuMl5rz+AjpLP2DHF2/iZ7wCX5OV2Gybz0GddQTYmRLvfpRgA1tiHD3x3q1LoOFeEqwdJWEKItrZhTaxsonxEc6dGeP8udOcnhilp7edjoYq2uoqqCnJJi3ck/6Ouief1eS5c4T4+qK9eTObFy9jh5SFOtsXSRmxGcPVO7DS34aDqQGWe0wFYta42Nri6bQXf3t9fJytCbU3x9NKG2fz3diZ6+FsuhGTLfMw1pnF7uUzJN5m58I/cdxkm/r3gsMi0TXYxx4DAwxNrbEXqfEJE6BnVaoAV0Be2jCgLvMqO8koaSYpr1aFuAJzBepKJOfXqdvKaxWNvVy6cvNJI8qHt6/TWVdCgZQ7yWGhJHkexNdanyR/f/xdXfF2PYSHtRF+Lgfxc7DExd6eJHcrbg2WMdWfzbnmGL7vSeLueBcPxlv4+nQ9dyabpBxpoyCljBiXBEkU3LjWF8N4XxCTbbFcrvDlXJkfZ9oCGKk+TkexP20F4dQ25FJeU0Dr5CBnp6YYu3GZiasTTN6o48LlIq7cG+LHH3/6J5D/EubTdv5LmP8z0CsF5pWVVf+2xfuvDjSjeY4uQE//hZ2nCsg1kZ+fx5VLp8SuL/Lw7g3uC5Snzg7R2lBKWLA/wd5HifA/RnyoBylR/uSkRKtQz0qMIFMAn50USV5qDAOd9eozcWU8hCfzMYyfEvMOw9JEG1sTEQv7fQQeFSEJPEJapCRksT4kRHng67Ff5HMtH834G6+88Ade+PN/8vLzf+A3KxcvEQtfJHBe8KThm2LlSjW8Am7Ns3Nln2Llyj4F4JpEQHlNA3slliyYz7JFYvhLl0gBvUrt4qbE+lXr1SkUV8u+VcuWs3617F+1Fu0dOoRHJJGUnE9cXCbh4YlqQzllX2xSDqk5J8gpqVWr25Xn6ZXNPSrglaVi7kqUy3ZpXZvafS0tr1ASiJ3s2LhRbRCnmLQCWk21ubKtwFyz1Bi3EgrQNdauWPmT8d+3bFKBrhw7/fx8OhlQAK+pflfWLUxN+Pabb361YP3hu28oT/KmVJkHPFaZA9yFsoijtGWFMFyaQH2yAnh3GuK9aE8NpCHRm6poV8mej3Olt4J/3B+TOM3PN4a4OVDJo4lqbrbnMFjgy+X2fMmiyxipSsTDYCX7t31ByAEtOvP8GWvM4OpwJV9e6OKOmPltiTunm7g+JonB+W4Begc3BPK3znZzbayDyeFm1c5HWkoZbFT6qRer6yNi6yd7axjrraWvsVBgX8JATSZJB3epLasL7eZT7rKS8mObyHdaRbbdcjLMFuK/4U0OLX6Bve/9lm3v/Y5d815gy7K/sHPne2zb+jrHj63E210SQO23WL/pb6zf/DcMdn+EufXHOB6ZJdB/EVvnWVjaf8jxQ4s4N97J9z98S0SmDX4JeqqRR6SaE5NuS1SKlSwtCUo0JDrbhtQ8R+IF8pEppmr/8pAESwGoLaFZtmLCpvgJ5N0T9+AapYVntLbAexrmvkl6BIkxB2UZiiHvkthNqBi9UmUfoDSwy7fAR2Dso1S7y9+OSLUkJsOOcEkS/BP3kZxqwcPBFL4dTudmlRd3a49zrcyNgXgLylzX0Z7mREGpB94xuwmW46PyLfFJ2kNgkj6eYTtx9N7K0WA9+f9scIs0IiDJhsOB+7Bw34bl8W3YeGzGyVsLM8eNHPUwwMfPjMRUNy5ePPVrbed4eOsKvYURZDmsJlWgmrrvQ2L3KlXx7xG1+z1Cd79LsHwHShV9ktEsks1nkW3zCRXHZtMStIyO6M2M5OjJ9WZIY4w2hZ4bqPLbQmO4Nv3yWZ2rsWeqwZTz5VuYyFvGUPoK6uX3ilw3kCffce6hpaQ7LiXHeTmlnhupCd4jAFxHiMM29Nd9yDYBt+EKZWS9megtfR3L9a/z2Rt/ZOn7L2G16RNJBhYQZLGOhMOmRDqbEmRlIUnCPo7ssiLF+TAjNQLpxCg8d+/ETu7l7oZKRga6GRnqYezUsFw3Ywz0dtBWX0ljdTFFmdG42ujjYLSJME8rJs+O8tWj++rH9eDOXTJjUjHYsYZtUs5tWrtEyowV7Fu3Eou1a7HR18LWWAdns114OdrgbGEuSzPcHJXqeGPcLEw5ZmnJYWs9bA3XYq83j32bPsZg6/voLn2T0yc7uXv3HoYmFujq67F792726hlivv8wbv5xRKWWqNXquRUdaihwV6rgM0qaVDtXwK1APz67Sl1XzF0JBezx2cp+MfzSRobHzvPtd9PA+PHrr/nx0QW+v6P0nBnmh8vdXL4wwqPxKsZOFonJV9Hfl0d1XiL1NRlyrycwnCvL0khuD6ZzZzCLL8/V83Cih4enm5kcaKI5L59470jOtCRydjyQyV4BeoMvJ/tC6G9wpa/Bn5PlQXQUhtKcnkbjiROUtsv3cu4UZ2+ck+v1Iuclzl0ZoLW3lUuXT/LTzz//i41rjPxpQ7j6Z1q3P41nu68po8apI8cpMC9XRo9TzLzon+ZJV6rc8x73R1cbxinPzzVAfwbmKSlpaijrFWWlXL44yj0B+Vf3bwrQz6vzn/e2yN/KiSYnTuw83I24ABe1W2J8uDeZSVEC9EiBewxNNScYG+5/cmtevXqFpIQYdHWUGexms23dInS112BlvF0SRrm3D1txTMBuob+VresW8/nH7/LqC38WkP+Jl5/7Iy/+WeK5/+Kl5wToq5cKXFeuFkAvETAr0J6jwlsJBdAauCtmrmxr4K4JTat35TUF9pvlYl+2cIEKdaUaftXSZaxduUJ9zr5aeS4vMb2+QoC+irUSlhb7SUzKlQ+2nKysEuLjM9WIikkjMS2frMJK8sTUC6ua1QZySpQqg9BIFMm+QmWaVrVqvoPDru7s2DwN5E3rp5+VK8BVlpr16Wry9U/2KxDXLBWwa8C/Y+t0AzlNFzZNtbsCbyU0iYKyX1kfHhrif/q5emGCXH97Ut3NSfO0EJgH0lUQRW2KrzpXdplAvjjIiepYD6oE7gWBTpSLxZ+IPsKXF9v4+f6ECvUfJrv48VIX34tpXxEDvz1Qxt2ROr4820ZHQQjBttvJCLBlXIF5fzk3R2u5d0aOHa7mrizvn23huuy7f75HAK9AvVU19Ntne7mhTCigtJJV+lbW5NJbm6eCvVuWZ/rrGBuoZ1ygPtxaQndVqrzXQyRbzheAf0GZ2wYB1lax86XEm84l3WIhgVvewXrxi6z7+P9my5zf4394HZYGH+BsOw8bow9xcZqH0d5XMTB+DWfnBew1nMnOHa9gYPIaVnYzcTi4lKhocwzF0D0PLOGg3XRjohF5z4qlhwhMlHnD1b7bmZYkZltLISd2nmKuWnuyrMfI/tBkEwITLQWSYuTJVmLVBniLdfsmTltyaKokBlkWROXaCqSnG9cFZ4m5J+vimaBY+B6CMpQqdjMCMo04JobqFa8n9i4JQ4YNnjG6ct59j5/pG9NR5803I5k87I7ljkD9dp0P5wtc6IjYR0+cCbVF3vJenYjMNics3Vj+B2PCk8SUQvU5FriX8FRHSSIcBfqWOPnu4rC/vhi5DodD9cTejTnotRPfQCOsrdfhekwHV9cdYgfG1JYkcmqo9Vevwa/uXWeoLJ7cg5uI1Z9+xh6o/Xd8tr+Nx7a3OLbxdXx3vEPorveI1HuPZLMZZFp9SJ7zp7RFbmQ4z5jeXFMawraR6zyf0kMLKXCaT4PXUk6lb+RMwVq6o2aT4/A+oTrvkmo6B98tb5Jp/jHJhh+SbjyTdLvFpDutofj4OuoidhB7YA1L33kBh80fEG42i8PKiHsZczFf9zqL33uBZe88h/mKv+O6dx7uhsvx0NuA6fJlHN9hhNPWfTgvnYfeorls/+RNts38O4k+HnS31tHb2sRAdyeDAz2Mjg4xONRPa1MVTfUnqCrOkgTRDN3N87HRXUtSmDudTeVqg7pvvvryyfPLsrIyeX032nM/RXfZQnSWLmbv9sUYb92A8e71WOnsxEFPEkOB+kEbUzysTMWuDPFxNBWbN8LddAOO+2Zjt/sz9u2dTZi7g3ru0rIqjM2s2L13L1raWmxVJsgytsXxaCDeISlEJhUTLyae/EwVe1JBDYkSSYVi5oXTVe4K2BVjV15PL1aq5BWDryQ2U+w54wSJ+dU0dAxy8/a9p/ndj9f54c5Jvvu6j++mOvhucojvLg3x/WQH31wd5YfztXx9ZoBbA4VMdSZyfbBehKCDr8Qgv784wncX6vhqqEi+owR6quO4ezaDc/0xDIuhn+/wl8TOl4ut/vQ3RjJW4UZVahhVWfFU1eZT21jB+OkJ1czPTZ5jcrJNAFdC22AB58+cVmsWNMB+Np6Ftqbh27MN4J5tBKcx8ieTtSiJxIkSFehFxcVP7FwB+tOpUx83intc5a4xcgXkSUkpaiQkJFFVUczVyXHu357i0d3LPLh1jptTI7TXFVChAt2bCA87Qo7ZqPMABLk5UFGUzchg75PP/+HDB+osncp4J2+//ldmffQ2i+Z9wqrFn7Np1TzWLZ8tjPyClUs+4/03X+bVF/+oDgP7t5f+IuvPPY6/8MrzzwnI/5uX/zL9+m9WiKGvXLxUrHu+GqsFwAqg1Vbsj5eaVu+KrWueqyv7NEavAbqmal45bpUYumLrSwXuK5YsVuGuWLtSJa8AftWyZQJ0BezKbGcb1OlbMzOLKSysIje3TAV7ZnaJOrpcmjJkbFGVCvX8ikYKBOCKsSvL/LIG8k/Ui8XXUFhRzwGXY9PV7I/N/N+FxrI11q2sK1BWoK1YuqZKXWPyGrvXVMtr7F4DdaXtQFREOP/bn9biFNLdpUBM9aM5O4CqZC9OCLxPxLpSEnFYLP0oJWEHyQ85QJKHBeneNuQEOHChvYjvb4yBZNk/3xrmpyu9/HStj2/HBNiDxTwUSH8jkB9tyiLDz1atDr/SV8JUbx6PzrZza7RGsus6OW4a6LfE0G8JFO9f6OXu+S6x9DbuX+zn7oU+rk50cmFYCkMBeWNhPEPNReosa6OdFWLo1YwJ2E/1VKsDz1QlHyfJbiUFh1dR4rqF/ANrBfALCdP9mJA9H+Gw8GUct89i3cI/s37di5ibfoa74zL2W3yKnfn7BHktI9BtLs4OH7Hf7F2MTN9Ae8dfcRAjNzF9F5dD86iuiP+3n+XlG6fpGjpB33AlfbLsP1lO77DcvLVhhCeaqzOXhQokFWMPTbFWR4TzTjQTO7cUmBvjk2CEb9w+Ab4kANlWqpmH5pgTItD2S9MVcOvLsTqyrod3igHHBf7+aYZE5VjjE2uId/Q+ApPFFtNMVHMPzjTGTyzfP1mPSNnuE5B/K1C/XR/EbbGV67J9VqDeJlCvinOkpMhPkgxjfKP34B+pi0fgDg55bCUwzpyAGLG+SEkeEu1xjzDGK9qU4+FmuAabcyTYCkdPAyws1hLsZ05UiDXp0Y4UJB4jMcSGtJSDhMfaCMiq/tfX5eSpHhqyw6hJD6EuM4TWnDDa8kLJddUhSOt1Ana+TqbtJzSFb6I33YDelF00Bq2kyX8JjYGraA1dTV/cck5lLaQ1eBbRum/iuvplAja8RqzODHIN3qfAeAYF5u+QYfk+bltfozZkjiQ4s2kNW0ic3ac0Bc6lI3Yxw/mL6MucQ5j9R8x767+Z+eof1Jn6jJe8idnq99Be8DFLXn0dl/U7sF6/jTnPv8jHf/lPts99n8AD5pQX5tJQU0pFYRbtTfV0tzfT39PFYG8fzfVVVBanSeKTTlZCENa6a9DfKsnlvg0kRbrT0TJt9ufPjXHj6oUnn093Wz8u5hbs+PQDts5Zydb5S9BfOpMd6xcKrHdhJWB2MjfHRuKQiTaHlRHwTHSwN9LCSXsjh/W2YrtTi7aaavU5sYubl1zr5myTcmeNlCWLV4jgbN+Dsa2LXAMReAYm4R2egX9sjlzDBUSnlRIrgI7NKldBnyg2nlSkgL5ONXMF4om5VSrQkxWoy7oC9ci0YqJTi4lILBA5knv3zMWnQwj/4wE/3h6V8qRfwN7GV5eGxcLH+cflFtlu4quxXh6MdfLofDU/TZUL5PvUGd++OVnBl0OVnG6I4N5UGddPFXCqL4arfd6cb/PnQl0w/c1+9Ml1317tR1VBIG0iLgXlaXT39jKkNCS7cpmzV6cYlvKmsbGchtpCzk9O1zD9srX6s93QnoX2sw3eng3lObnmWfmz06gqIH92tLhnu61N90HP+icrT05OJSExmUSJuLgEiXjqakq4cvGUAH2SrwToD2+d5aYkRGMDDRSkhJAc6onXATP279tBU1UJF89Ot6n64YcfqK+rwUySvXfefFWF82svPy9Af4UZb7/K3197gXcF3q+9/Adefem/+dvLCrxfEGg/L7D+i3q8BugKvP/6/J9UkCtAV1+T439TXFTMxnXrWb5oGuzLFy5+YuEKqJVQAK2AWwNzzWvKcZqW75rn6Zrj1Wftc+eoz9UVqGuq4tesWK5CXAkF7ArU14ixW5jZEBuTQU6OfAlF1RQUVMoHXiZZUwkJKbnkFldRIjZeVNmsWnmuwL2gvIHC8kaKlX0VYuk1LVhZ205XgQtkNVXhCnwV6Crrmmp1TYO2pw3b1qv7NbBXjtO0bNdUw2uO0Zi68pqyz1BPl0ePHv2vC84fv/+WnsJoWjKDqVEmehArr4j2oDzalaKwQ+SIlRfLMllgHifgz/S1I9nLSi1sr4+1iKWP8fO9U/w41cXP14dk2c7D0Uq+EcD/KIC/OlhJa1Yw4/Xp3BYLvz1SxU25Ab+62C3Zdh4Px6q5L5auGLtS9f5oqpc755SubK3cPtfNg8kB7k8OMjnawuRIC73VmXRWpHN6oJXTAvLRjnK5eWtVUx9uL6WjIonyCGtyDq0m99A60uzEqPd9RrjA3HfH25gvfJG9a95m66qXMTD6APsDCzA1mYmFwNzR9kMcpXAP91zOkQNf4HRwPgec5uDluoDkhO04ieUFHV+ifm63r12iQZKLzuochtqqOD3YweWzo9y5fplvvnwomf3P/+Nn3zFYRkt/KY29xXQMl9M2cILuoQrCBfCBKYYECqiUcdUDMgXsuQLoPBNCxUj903bjErVNXjclTIDvL7D2iNDBS2zZK8qA6DxbAfo0yL2idYnMtSIi04SYVCMui6E/6kriZo0ft+r8uFrlw3CmM00RZvKdepOSdRhfOU9YnJw7wZTweCs8gnfjGaJLcII1RwL34RtrxfFQczz8LTggID/ob8kBH0uOHNUjOkKSkWALchNcyEy2JybJHEfXjfLaJsKjDElOt6OzvfifPodrt69S2CzJWFc5rcPNDJ4e4MzUaXX/o68f/a8+y6sDOVzpTZdCPIPrwzncGMrhzskMTqYupsZzFoHbXsNNvvOAda8SufE14sTSc/Xfpd5lNicTVzKYto6xou1cOLGa0dx5AvB5tMUvoD5sMfluMylwm0PmoVnsX/8mq9//M1s+f4mNM19gzUcv8dpz/8Wsl17GTduQ7bPnMufV5zHbtpRk34NU5GZQcaKQ0sI0SnKS1AGQagpiaG2up6+rha6OVqpKsihMi5AkKBBPRxN8XUwx37MSZ/PtpEZ5Ul9dSFtjJW3VRdQVhNFTl/fk/z4/foYAp2Nsmb+OrZ9+wa45M9ER4dHesRnL3VpqLxMH0904mOzC1WQjzqZb2K8vQJdtD1vL6UZ4wyexcz6CrqGJwHwds+d8zrsffsj7M0WM1mxmt8l+bA764OwWyuHjkRzzieZ4UCLBMdli7kXEpJURlylmnlst9l4nZt6gLpPyqtXq9vicCtXMFZtXEoDIpEL1dwMiM/ANT5H1dOpbu3j45ZfPNLa4zrd3R/nx3jg/Xhnjp1MNPLjawbdnKrk22MAtSZa/m+rjx/NNfD3WxZdSriiTq9wdb+TaeCx3hrK5KFA/3RTF5cYABkqi6TzhQ12OD/XpcVQX5lNSksbIWA9D50+pdj589Rydo3U0N1fQImXJ+IXpRp7PPvf+ZSig1gwW8+wocP/b+H8D+9PBZbJUqCcnT9u5AnSNoeflZnLt0ike3r7AV/cmeSRAv36+l+6GYnw9jtBYW8mFc2eefKwDA/24H3Nh5gfvTkP6cSjrCogVOCtQVqYfVoxbAfY0vJ/nby++yGsvSbz8wj/ZuQJyBejK7ynLN199iTckfqPpk+nk4IBi68sWLBIQz2PpgunW7YqZK8/YNXDXDDKjAbimT7rGzJV49tm75vc03dyU862SxEABuwLYdaslK129Gt29Bvj7RxAZmaJWt6enyw1ZWqcae1pGoRh6pdo3vbS6VZZtnKhtVyGuAF2Jkiqx9dJKdu3cpY5L/8vGbwrQlVboz1a9a+xbY+sa69YMJqM5TvOcXVnXQFwDdeWY3p4e/r/+fHX/FpdOdnFmoI3TPY0SDZyI8yXmoCEpnnbkBTqT5mlJpv9+UrwsyQ52ojEnkqr0UO6db+cf90f56WoP/7jej+g535yp4+eb/fxwpZt7p+q4PVjNN2db+UqgrcQdAf63kgA8UKx8QGz+dINq6QrUv7zUycNLPTya7Fcbxz2cGhRj7+XmuS4ujjRzbrCOwcYCxnpquTTRLdGpziA0LiA42VtLb20ONWleZLluI81+KZGGnxGhN5Pw3R9xZN3fsFj5CmZa72Gu9QkGujOxtZqDu5sUnrazCHBZyGHLDwn2XImZwdvsFgu0Mpoh8SHOlnPw81hIhO/q6QYjg+2EH9BRI8x5lzoevrJ8si7749xMSA90pDDWk8qMUJpKUuiuK+JkVz3nT/VxbfIMD+/e5Mcfvvsfv6Nrd87SdaqM7tFyOk8W0zlSSs9IOdkCZI/E3Tj6beRYkLYYuiEJhY7qIDZesTvxjNImSJKDyExldDp9snNtuNedwMP2KO42BXG92ocLpe60RhpTFmBEWfZxgbgdUcl2+Ibt43iAJAVhu/EWwDsrVexeuzniu4fASBs8vY0Iij6Ag4chFk7yeWe64R1oQGi4FYF++iRmWJCW60xwiBnenrs47LNFLE+HwIB9+Afvk8K0fhooZ3pwitiPQ4TAP8IShzAb7MXs9wdaYhdgia2fJQcjnPBO9pRkJZLMyjRONBfRKIlc96l2xi6eZPLGJe49ussPz3TR/NXP8lQ3A2L7IwLH0xVRnKuN5XJX6nTVvd9ndCfPYaRwPmPlK2gJXUKVx3yKJKnLOTybTKfZBOi/yYHtb7BixvN8+sqfePf5P7Do728QZGTHptmz0Fk1hyDX/aSFBXIiTxIVgUdOahypwTYUHvuCbOfP1UmHmutr6Wxpoqwgm5Rof6L8juJ1yIagY9aEeliLqS8l0G0/MWHupCVEiMGHkBnpSpSLDj56c2gvimNybLrq9MH1OyREpqK/YAUbPp3L5tnz0RbTt9yjLSa+BifTndiZ6uGsuxdHc/l9WwNJRgvU341ISMXG4SA79+ixWMrU996fwd9ef5033nyLd2Z8xKwvFrF8/Q60Daww2X8EmwPHcTgSwGHPcBXsQdFZcr0UEZdRppp5cn4NaUX1KthVqCsWn1muvpYggI8Vuw+Ny5XrKxV3/2hJEkJwPOaF1SEXwmMTmDhz9umX9d1lgcJZvrvXI+Zey9cX+nk4lMuFsXjuT9Rz72QJEy1FnGlO5Hx7tpQlIg39SYyNpnKlL4qpFncmevxpqY6jKjWQbJGLplT5ruviqZR7sfvaKONnznDh+gVOX52gub+SipYK6lqLuHhx4p+A/mtQfzY03dGeBfyzhv5LO1eq2pV4uj0Nds3+ZyGvaSSnwD0pMUUikbKSAgH6APeuj3L/6ogkPcPcu3pKTHz0ac3h1BThISEiswsF0n/hjVdeUqGrGLkG5JrQAP2vz09b9yvq8/E/Pzb4F3j9ry/8k5VrXldC2a+8/sYrLwrQX5wGuuansaGBZHnD6SmppKWkTEdyskSKui9dtjPki1H2KevpT15P/rfrKXIuJZITEkhNSsLB1lZNDlYvW87aFSumrXnDRvT1DDl82I3QsDiiouRvZBSppl5cXKOaugL3zCzJrk40qDauQL2qsZvyug6yxebzBPx5pbV4efuzXc63WaCszh73+Hm5EpouZRrIK68/a94KmDU2r6mC1zxn17yuAbmmql3ZF/TMOLrP/iij+PzjHz/x/9fPz/cn+fnLaxJX+V4yRx5eg0fX+MfDK/xwd1LiEj/cu8RP9y/z1bVxvrlzjh8fXubh+TYx9x4enO/h6ytDAvY+sXWlNbwsz3ar3dpODzUwIeA+P9zKpfF+pk4PqsMdnh7pYHygRSy9gvr8aGqTjpJzbAtxJp+TuO9Tgra+zlExMxf9zwTO8zHe9ZEkRu9w0G4xWlteIzBwDTmJWvi5L+KY/WeyfyY2Yu4ONh/jengW3i4Cfo952O//WP0fB+Wm1wBcA3ElQhy1CXbQ+pcI3L9djQC7bU/C124rPnZb1Ag6sIsYTzPSQg5QmOBNdW4UrRWZ9LVWMDbUwfmJYa5fvcRXXz74t8Ou/ov9DxfTc7KMlr48uoZL1Mir9CEqw4yawgM8EqA/EKDfqQ/gSpU3J7MOUHRsK+UR9mSneRCffoCj3rsIjDDGL0YPzxgjrA5vEpjvxd5tKy5eeri47sHNx0gKZH2O+urhE2aExYE1eAjMw+LMictzIDDWHDdPLbmfTMTIjKUA30tcsg0hYXqkiK0rP01D9TiE22AYbI99lLOsC9xDbXGSsA+yFLCbYytLhxBbnEMdOCBxKNxRYr8kAkoCYIFdqIUkAdY4hjlyNPYoAWn+ROZGk1icRFZ1NmVtZTT1N9I/3svZyQlu3L3OV99+xT/4nz/L822JjAgARqsTGKqJY6Q2ilx/A3Vkwa3z3mTr3NcxW7aIcDsnjDevwt5wJwGujiQE/z/MvYdXVHm6sDv/wb3rrrvud74zsWemcw52q622bc45Z0FyzjlDQZFzzhLNCSRjAsWsIKAEs2JAMGN87vvbUDTt9JyZs777rXXt9fbetatq16bCft7n/YUdyta8TLYV5LEtP5s0nQ05tl+SZvER+ToLKvbsorZsN7u3FpMcFYyvoym+Tlb42JkQF2Qry3U4m60TGK8nwNWSEF9bInxt5Du2lJhN3xFj9C1BS96nMHAF11qPDo5nf/JcxKOcVTMXs3DUKBZ8PYFN85fjY7UCf+NFeG6ywtF0FW5mK7TH37jVg29YFDaOTixasoQxY8fw/ocf8Jf3/sbf/v4BH3z0IR99/AmfCdi/Gy3iNFPEYa0Zm6w9sHEJxtknEh9dEmFxuRqk0wTWmcXlWrldgd0QWjt64V6t3K4MPTFrmyQCBWL7CTh5BmNq48ziNeuYPmc+85euwM3bj4NHjjDwwtDr+jHPb5znQXsVfef38eBsMddObuZkTQZna3Np2pHOw8t76O/ewc3Wrdy9kM2jk6k0y3f82N4USYiS2Zubwr7CKA6WFnBwfwlVB8XCr7TRcecybT3X6Orq4lTHKeoa91FWW0bbte7hkruhxP5bpXattC7w/mcwH7ntX4UB/L9VoleAL1XmPgT1Hdu3cqnlGD3XztF3+yKP718d0S7+kC0lJVqT75//p9j073+vhVr/4L0/DcJ8COJqXYUCsYKyoXxuaAtXt38x9ZHt5v8xDHP1GHWfArphf797+egur5708vppH6+f9fPm+SPeDDzmzYunvH35jLevBnj7+qXEK968ef1vndj+//SvpKiQ4sJCSouLtKV6w7eUFLO1tFTbpu4fvF2i3aeWpcXFv3qcWlfbDKFuq32p+/r7+n7zdU+dOEX/w3s8ffpIG1PY29tL/4M+rt99wP2nL+h/+lx7L/sePeX5y1c8fvqUxy9ead2RX75+rfX0VCe++4+e8QaVGKj/v8VQCH389Jn2nM7rPdx/+IzX6kpcQx/NM9nPi1fyeNnwv+vjUiXu/vu3tTJ4z80ubnS20H3hGB1icBfqt3BuXxandiTTuCuNk7VqbmOx+P2Z8p7FSgL3FcsX/QUXi8/wdf6KAMdRxHpMIiV4MnGeowW044nTTyA2ejIu7t+w3mwQ6A3lxcNWriA+EugxzsuHQ0FcLSMdlmihQK6WEfaLBeiLh4GuIsxh0XDo7RfKcjHBdotxM52F3bpJ2KyZiNXqCViv+xl360XovIxJDHcmL03HzpIUqstLOHakgpZzx7h6+aJ2Na9X/4axDty/wv2WWq6dKOdc3Vbazh7g2Mly0goFSkUuAvalBCVsQJdohrdA3jFoAe5Bq/ANWYdX8HLcA5YTl22PfcAc/OJXEZNpQ1jKOiz8J+AXvZaYNAt2lQdTVhlHXrGXnMg3EpexnrhMU+319zbuxinelnkhdiwLs8E5W49Dii9OAm3nOAVqK5wkXOPt8Ux0wzvJE59kTwJSPMTcHXFNFEjFW+IYYyuJgEA+UQHfQ8DvgUu0K05RDthH2GIbYYWNJCA2YSY4RFrIdnl8nBNBaZIA5EmyU5pA/p5sdtbtoLqpisaWozR3n+fK7cv0iv2/ev3qX76XnRfbqNy7g6ZDtZw+eojzJ49x/lST2HUKWZGexJp9QeyGz2TdnW1FuZTKyTk7OZYQT0cs1y7E3ngpgc6mxAU6onM3Y9Gkb1k9e5w29auP3QYCBPJxzotJNf+KDMvPiFn9PuEr/ox+2XsCrx2/Hpp69BjGCxeyZOznkrQuxnLRLHzNFuBltYrcxLDBizZVHyBQF4GFpRXTZ87gq2++5m/v/12D+d8/UPE+HwjgP/roIwH7p3z62Zd8K2CfNnsRyzSwu2PjGoybfwyBEelaGV21j6dv3ivGXkZGcdmwtSvIJwvQ49JLNauPTMoRoMdj5ejBklXrGDv+J778+mtGq6bRGTNZsno1du5u7CrbR++DXzrRDdxu49bZ7XQ3xdK2L5aje3I5W5/PwK06Hl+ooPt8Of2n0rl3Mo3OkwlU748mPS2cbTnxVGyJpqEsjwN7tlFXWcklsfOLDwTmN7q40HuBQ61nKZdEouJoNd2XLw/Nnlc33Hb+7njy3+r4NnLbu4/9Lav/Laj/an0Y7kO94cXYi4tLqKnay6O+W7x68Wx4HvWa6mosTE346K9/HWzvllAQH2z7/j1/EkP/8+//53BHtr/+4RcAj7R0Qxl9JLRHWrnhfkOox6l9KKAb9vO7u0fyuduQT++xQnqbinhwrJgHTUNxrEiLu40FXKpMEwPTURTpTW6YOxlBzmQEu5IT5kV+pC9FcUHszYrkYHEih7alyIk8m6N7i2gqL+V09Q7aDu6l62gZXccqudhYydkDFTTVlHOkYg+HK/ZytLqc8w21XD6jxkcflYzvONdaTtJ59gQXz5zg0vlTdLec5Zqyps5m7l1uoVf1NLx+ib5bXZItXeGhZHyP7t7g8b1bPLxzi97bN7Xov3eHp/29DDx6wMDjPl486efls0e8FFt4NfCc1y8GePPyJW/k5PFWXdHq/wMKJmfl0tXdTnd3J+3trVr29lwy3xfqNXglsH2lAf32/T6eCoBfSbJ0/V6fBu5nz1/y6JnEwAuaL9/jhdz3ULZdvfdIe5wy//ZLl+m6dpvA9O2Epu7m8PnL8oNoo6KhhbRdB9laf5GcfWcIz6klNGsnJm6xpGTvYnPxVrburaKj+TgXjtZTmreZ4j1yIj3exslzl7jceZljZ5p5pq7LPPQ2qA48V27c5X5fP7fuPmRg4KUcx1uu9UiCcqePvsfPhp3rzZv/fQlf9da0XwFdWbhajgyDlY80cwVyDeZ2i4aBPhLkwyFAD7JdiPumWRrIrVf/hNWqCVhKWAjULdfI7bUTtVCA12Lj5F+FjdEUbI2n4iGvF+K3iaQIFwpTBf7FydSUFXHsUDktZxq50nmB+3du8vzZk3/vbz9UyuGjezjUsIvGE2XUH9lB6f4YsWIzAexCXKPn4huzCN/YebJcSkqOAxmbrSjaJr/Pre5icZbaxDuxeZaDiW5tAQ5xtiyOsGB2+CbmxbgzL9KJ1XGuWAjE3RJsJaxxT7DDVyDul+pDQLoP/mk+AnZX3MXSnRIU9K0lxNjlOR4K7NHOuAvQXWXpHGWPQ4QdduEWWOmMsRWwK6A7yXa3SAecQu2x01ljHWKOTagVVmHmmOo3SazHOGytxHpMwjbgEG+Db6YX4QVRpGxPo6B8M3vr5Tt//BBnW8/Qfe0y93rvyXf22b/1Xp47dZxDdZXUynmnbOdWKnZvpSgjloxof1IiPFg25RsWjfsCk8WTsV83BzejBUQ7rkBvPJY4ow+IW/VXYlb+lWSL8ZKs/3by1tnRSVFCHhHeodhbWuOwdjXXOi5oFx5JSc8iMCCI9RvWM2HiT3zy2acC8/e1cvsHH37E39+XdYkPPvhQA/onn37JF19+x5ff/cD34ycyTex/pZE1ZnbeOHvr8Q5OICQ6k6iUAg3sqXmqE9xusfN9Wnu6snS1PTatGF1MGq6+Ojaa2zBl+ix5rb/xhz/+gQ8leRg9dhzzJAlZZ2aKlbMzTl6+5Ejy09H9S8fAW1druXC4kCM5njy4vBOuVfC8u4KnzTvouZjBnYtpnChPoSIvmnw1G51IU5V8948U51B/aDtHm+o5f/48F29cp12+/5d6u+gSITh9+jQHRAhu3rw2OBtkXf0/7cmugP1fdZL7Z/Eu+AdDtmnD28opU8mAdnswBreVUS7L9vZ27t27N/w+nJXj9fX24otPPuYP/6Fg+x8axA0xDPYhoP9R3f+fg9au2sVV+7jB0N8FusHS34W6YbuhzG4w/V8B/Y4A/V7DZu4LtBXUByFeQp8C+vFibdtdub+zMoOarBCKorzJCXUjJcCeZD870gOdyNK5kR3qTmmML+WZwVRk66jKjaC2IJGDpWkc2ZJO0650zou1KXM7tiOTmoJUdmbEU5QUSX5cmHz5wynPTuToDnlcWSYt5bkc351PXUk2e/NSJFKpKEinvlTtK4sz+zJoKcumdX8ebfsLuVBRzIXKYlqrSiSKOLG7kP15aezKSKC2OJuz+yQpqS7iYvVm2iqzZZlPe00hLRVbaNm/lfbKLVyq2kJHdQkdNUV01RVz+eBWLqpZ02p2cK5qB611u7goJtFeU0JbjbyWLFtrt9NSv4sLB/bScrCcu1cGO3VsqT6imfcLgfibt68EggO0tnfQ2XmVJ5LV3X/Qrxm1AnrfkxcK8eyoOUzbjfuUHTzLvsMXqDzZwe7GS1zqeUhD+03Kj3dwtuMuZy7epGR3HQmb92CtT8cmKJ3YoioCU/cQnFGOV9JWgfopQrIP4hi5BZ+07Swz1eHpk05ESAI5W3ZyrrGahj2l6H1C8IvNonTnIfZUNFBbeUBu53Dy/CXa2jq5e+06nZc6ySit5cSZixw61UVr9x3Od9/COngza1wyiMg/wI0HT3n0ZIDCivPcffiMl5Kw3HnwhOcDr+h7NiA/1gfcefyK/udv6H/2hscvJUl58Zobj+Dek9daDqUSHEOobOLJy7fyHv6SIOzNifhVqV1ZuKG8blgfWV43GLoB6HqBtX4I3qEC75Ghkwi0XoDThqkCcIH2qkGYa0Afgvm7QLdZP+kfQG63aZoWjuYzcbSajavlHLwt5uFpNQ8vmwVaeMtxqPCVY1IRIMce5W9KaqSLnASD2VGYIJDJ40jtbs4cr+dS22luXe/moSSlb17/62acG7cvcvTkXhqOi7We3sWJc2UcPrGNvdXJ8hn1ao/Jkd+PdaIFM3QrBeQmzJKYF2PFnFhLFkeKUSc545rkJMmCk8Dci4C0AEkeA2TdG58UNzxSHHBJFLOPt8YxVsAeKwlAjGyLdpSlixau0U64xjgK1K2xDDPGWsI+3BKncEkAwuxw1jliH2Ir3yMLbCSsQ80wD9uImX4tG0NXYhS6CtOwTVirhEBvhlmYJaahlljoLDALkucESlIR7IC73hPPcA88IuS4JCEJlKQjtiCC7F1plFYWUnZoFwdP1nCqVeTgchs379zgoST1quL4r/5dunCW6p2FNMp54kTNVo7uTqNhSxyhS97jeFn+v3z+y+fPaW1q5XhB42Cz0ZlzJCYk4+3mytJFC/nhh1EC8g80mCt4f/DhxwLZD7X4QLWnf/o533w7mtFjJvCDAPfbMWP54vuxjPl5BrOXrGWDuSO2rgG4+OjxCo4lOCpTM/aEzK1amV2BPCFrq1aaj00vJjQmBWdPP9ZsMGbc+PH8XsDyP/6HQOO99/h21HfMWbCA9aamWLtIUuYbIMlCKL4hoSSnJHGyqZEXA4Mzmd2/Lyb94Civb5UzcKWKh227udVWxnnhxaF8Hbtz0inJSuXotkwO7VFyl0d9QynVzQdovdnKZUnC2h/eo01Ep0Os/NyNNg5dOiTbB8+fajKZkSD/rXVDDJfl96vYPzT+/JdSvWE4m3Z/eaU23W/Z/nLZvp/yCrm/Yr/sR0LdlthfWaHdbjreREdHx6/axbNSUzBevZQ//j//F3+Q902B+r0//mHYvP/+pz9pIH/vD//JB395TwD8R/7yhyGo/4dqF1dt4n8YtvDf6rVuAPu7UB8Z7xr+X4c62f2u50ge944WcH8Y5kUC85KhUEBXhr6ZDjH0mpxgimN8yNa5akCP97HWgJ4tQM/Te7A9wZ+KjCAqc0KozougrjBpEOjyoTbtzuD0vkxO7c2kcZvY/jtAL4jXsy8nXgN6y/5sAW0eJ/YWaEDfl5+mRUVhJge2ZnJcA3omzfuyaasQMKurgFUUSgiwBeptVcWSDBRQlpuqAb2+KJtzZYWDQK+Sx1fl0H2gkI7aUloqS2muKJUkYOswzDtri+muL6bzYClttds4Kz/mM+VbOS9JQ6u81nk5GZ6VH/YZSVLO7Mrg5I4MTqmhXTuzJUMdHItesPcgfQ+f0vegj1evXmizH70VaPc/esgbWX/46KkG9Lbuq9SeaKX7+k306QXEF9aSVlTJ5j0NbKs7Q+7+Y1Sf6aSsqZ3S+rOyrZntdedILdqDPqMYU99YvCLySN5aKYCvFBvfLSfSfHL3niUkqxJb/yz8BfDLjH0JcMogzD2C3NJdHD8gX96SPML8wvDQpVC6vZ49+xupKD+Asz6bmiPNHD3eStfFixw/dY6M3Se4cu0eF2/20nX1Ae1X7uMUvR2L4HxS95+jqauPc10PKDzYQdutx3Te7ufSnWfyHrzg0cuXVLT20jvwggExmpeqSqGaFWTZ+fAN95+9FVC91a73PTKuPnhJ75NXw22uJQnewyX2d8vshlL7SJhrRj4iNKDbKRMftPEwOwG53QJCZOkn4HVcPxmLlT9J/BroVkMwHwl1A9CtNkwahrkKe5PpOJjOwNFiFk7Wc3C3nIuP5fxfgdxHjkGFAegjw3Cf4bGGJMDTej4ekhSo8HdaQbi/OUmRruSmhrC1MJEKdRWtg/s4f7qBbrH/u8r+nz/9p6BJLIlhU9w6punmMUcMfXrYcmZHGzE3xoL50ZtYGL4aqyQ7vFPFztO9NZgHpgaIrXuJobtpoHdNtNPK8g7yHMcYG4G3g4QT7rFuuMe44hHrKmB3laTSHstQUyxCjcXUzXBUJX6xc6cQgX2Q3OdvhkWgiVi6hYDfBHP9Boz1qzGSMA2T5+nVdgsN6OZ6SQDCbLELdcAx1A7XUFc8I73wjPHAM8pNXs9JqwyoUMmEe5wz7vF2uMRYS9jjEiWJRIS8fqSqFFjjneRKZG4YaduSKSzPZ/eBHdQdr6apuZGWzmau3OrmXt9dng9Nyfm/1M9FvtNq4pIofRj2ZpJETZ3El198ocH8408+49PPvtCWH370iQbzjz/+hK/Eysf9NJnJU2czbeY8Js2Yy+iJk/lq1Gi+/mEs46fMYtFqY4ytnLFy8sXRU4dHQCxBkRlEJhUMltmT84lIyiMyIYug8Dic3H1YuXo1P4z5nj/+6Y/8SSD0wccf8/2Y0cycO0+7jKuDAN07MJjA8EhCIyLQh4UQE+RDZog7jftKtNnnhpOW/i4edR6g58Q+9uWFsz/ehbqohXQmb+JwljdnC8XQRaAOHdpK2cnjnGlupvlGBxfvdHHt5k2uXhdpuNctAnGSO48Gr4SnrrY2fElUgfa7k8ZoYbiyWpmAWqJc4K1gXFE1CP1KNa+7iuoq2Ta0rKz5ZV0e924cP3lCpKvzV+PFiwsLtNlG//P//D/46E9/YM7kCXz03h80OH/ywd/46tMP+ebzjxn97VeM+uoLuf0JE8eO4odvPufLjz/kk/f/xkd/+xvv//lvw73VlaH/Vhv5P4P6yE50I9vNf9Vr/s//ye8UrFVoUD9aSO/RwqGye4lEkVaGv9NYKCDMoCpn0NBVyT090JEkH5tBoIuxF8iPaocAvTIziKrsEDF0PbWql3FJCke2posxZ3BGjPq0ZuhZmqHvykygWICuYF4ohr4vO55jO9M5p4BetZmTYtU1pTns25yuRaUA/fC2HE7tyedceTYXJNorBdCVm7W4WKUsvFADetPuzZQL0HfKaxwozpHHK6Cr+/PFzrO5cqhElkVi9QL0/SVcqCrlUs0WDeadtUUC/EGgtwvQzwnQz8qXuGV/gbxmDs0C81NbEjhRHMOp4kgu7U3hrmSfz8/t582dDs0wo/O3c/bCJa5cva6VrI6fPMPtuw9o67hGhj6R7EzJZJvOEpe3hcicnTj5hOMXGY9bZB5e4alEZ+8mY/sR0nfWsu/YObbXnyZ/7xE2VxynuOIEKQL04NRCjDwj8Y7IITZvuzaf87YyMfUUed9OXGKfQDk4vhC/hG2sMg0gPiCfcM840uTYGg+WsX9bofxIw9En5rFPYL6/5iQH6prwiMnjfPttzrZco+fGbU6cbiNPoN33+AW3+p7y4PFz7j9+gnPCDiz1RWxv6tLa/IXSnOx8yDNZvpLbjwdegkD7pdw+IttfqH4BQ7B+K9nMq7dvaHvwWkz89a+A/nqoD8GN/te8eKX6DQwCPVtn/atOb+9C/B/K60MRJkDUYP5OaEC3FYBazMd2zSQsV46XGCqxrxqvmbnVCDv/B0PfMGjoBjM3wNzJfBbOVnNwsZ6rgdhXzN9bjsEA6t8C+X8FdMO6AehuFrJvSUDU66jXM1QFDEmFSjAMlQMn0zn4O68hKtCatFhvzp06or2XoTmBrI5YyuSgScyLXstM/SKmh89nZuQKsfXlzIhcyJKo9bimeuKX5ot/mh/+yb4CQHe8El3wSFAd6FT7uQX2MWZi6Na4xdpLOGmW7ClQ947zErB7iKEroJtjpjMWqJthr7cXqDsK0AXKCugBZlgGmWIr9m0r0LYKN8VEv56NYWvYFGoizzHHSu6zDLPGJsIJ2wh5rizdwl1xV1Ye5S4hSUSUKvPLPsMF6JEOWoVAAd5FdfKT43OOtdeSDq0Xv8DcIcpWQmAfq5oLnLXwTHDRwj1OnivhHCvJQ6QZNuGWsrTEL8mLqNxwUiUBKBCZ2HdIDX1s4HSbmsq0g5uque/pI0nW/3HY3+XuLtIT4wn0cGXdksVM+P47sfJBmH/51Tdi4qP46uvv+OKrUXzx5ddizKMZP3EqM2YvYcHy9SxdvYnFq4yYtWA5EyZN54cfJwjwv+dbMfefZsxh4aqNbLBwxMLRB3v3YFz95NwQIq8XqYa8paOPSsJfF46zuzur165i7LgxvC/A+VBg/uW33/HTz5NYuHgpRqbyebq54xcUjE6AHh4dRUxUGInhgaQL0HMCbSnwNeaASNvNS+eH/757PTc4sdmFPX7vcTr0J7rTFnAhbSU9OT6c2Z5Lbe1Ojp1p4uLli7R3ttN96xaXxNAv9vVxU4H91k3uPRgsax8+0vCbs7+p651rQB669nmltj64rKqWqKmRqKa6plZb/2UWuV8Arhl45S/wV3Dv7OrUrjNvmEf92JEDeDpY8vVHYtn/8X/z4R//xEd//jOf/OWPrF06n3nTf2L98oVYGq0hwMcFLzc7kmL0+HnYE+TlQlSID5bGq+UcYMGapQsY98M3Avgv+OTvf+HTD/7K3/74p39oQx8ZI8vu74J/ZJn9vRFA/9tffs/v7jTkDxu6IRTElZkbbt9RbehVmQL0UAoF6Pnh7mSFOJPsa0tGsLNWbi+M9GZHYgD7s4Kozg2ldnOEmHGCGHoKDduTObknXTPqc2U5NArQ64qSBeCxbE8JZ4dEiYC9LDdeQCyGXpVLs4D6VFkBB7blUV6QrpXb64qzZV85nC3P1crm7VrpPFcro/8CdIFuVSFHd23WSu67s1TZP1vsukjsW6Bes1nMPJeu+kIN6ArmLWLoF6u30lW3dcjQCzWgXz5QQntNKefEfk5tzeRMcSKn1Jzrmf6c2xzE7bpMnndU8br/LG9fXoQnzfC8R+sl6huXglNQKCGxscTnFOIbEY1ToJ6IxFQSXH0JdPMlPr0Yc48A/GMzWWfmgLNPoEC6lIC4VIJjc4nJ3UNM/k5y9taRtfMQGdsOkLunkexdR4jP20ZwcgnGbnoyi/aJrW9jZ81ZOblcIqGkkkNnO6kWq/cMLxC72sFG61ASokqJ84+lcGcZJw/tp2ZHoZzow0nKKaVBkgYF9EOHzxCQuoPzF3vExO/R19/P6ZZOimvPMfDqFc9eDrYZKhg7J4mhh0oycOaqYXZR6s/e5qXWR+ANT9UVoN681voAnL7+UjvJjTRw1R+g9d4Lnqvqxet373tF94OXWmLwlsHSaKLn2n8J85EldoOVjwS6WjdEiK2Ys9ksbFZPFCufMAR0CYG5uYRqNzfEu3ZuALrBzjWQy75cBLKuAlxXq7m42cwXkIv92/5i4/8V0A3W/i7UR8LdYOpq/84Ws4ehrpKJd4Fus1GObcPUX8X+XYNlYq8Ud1aGLxWIT2d2+Epm6BYxTT+RGVGzmKKfydw4BfZlGImB+6b44pfij0+C1yDoFLjjbHGNU+V2c+yiTXGMtsQl2k7uU2VvD7FzdwG6N27RLtiFW4tlm2MscDYPEWiH2mphF2KPfZAYd6A5lsFmss0KW71EhDLxjWLoa9mkU0C3ENDbYKd3xD7cRRIER1yVjUe6iW07CdwdBeAC+Uh7DbxqHw6RNlrHvEFbt9J67ave+65xjjhE22Ajx2wTbYJ9tKVWXXCKEdsXg1d/n3usCkcN9I4CfgVya9mnXZgt9jp77ELl+XKMNpGqMqGqAB6SOHjI/j2wjXLETG8piYgZdpI8+Gb403CuQXvP9+3cSXSwPw5Ga5n78zi+/eJTzYwVvEd9r8rq48SSVUxgzPifmTxtHnMWrGLFajM2mDpiYuPKenMHVmywYP7StUydOZ8fJ0wWUx/NF6NG8e2YH5k8ex6L1xgJ2B3k8e6Y2Xli6xaElyTuIfpoAkL1uHm6s8FoPZOmT+ebMWMYNWYsP078WbPzVWvWYW5ljYuHpwb0oFBJ+CPCiRKgq4uOZIX7akK3WT67oiAbCuXz25UcSmvTIV48H+zD0He9ifsNhVxLG09L1jS6szdydlsi5bUV1DUdo/lKC81X27jSc5uu/rvcvH1bLP0qXX3XBaqDTUJHGo4OzxBXLVHzztztVdUK4hXasrq2TosaFXU1shyEebWK6qHQAF/9q+iSBOtB3y8d/9TFe1LjQlk260emj/2EWeO+ZuHU8Uyd8AMrFs4ViE/GdJ2cZ4LctAmJjlRt5Uj1Fk4fK+d0437aTh2kuamWrpajtJ2up/3sYbKTI8lLi6EgOwE/N0c2rlrKd1+KzX/zjdj8l3z+0d/58K+/wF0B3DC8zWDthrZyA9B/ZevvAl3BfCTQVbu5IXqHDF11iusUoNcIqJWJ5+ndydQ5kRwgWX+QE5khrmyO8GJLvK8G9JocHTVqFjQB4JHSZJoE6Kd3p9AqRt0mhntuTwatAviWHamc2xLPhW3xHC6IpqE0npbyTLpr8wWu+WLEeZzam099icC8KI1Ggep5SQg6q3K4XpOqRc/BHHobCnjQkMddWb95IIer9bm0lOWLmWdQmZ9Kw7YsgfZmOusLBOb5AmwVkgBUF3N+f6kkEFtk+xa668TQFdArssW6U2neFkWTmMzBRHcq5WRRFmZObYwtXbujeNldy9vnlwVYPZLSXRHjFKi9lvU3qi35Mc7BOqx8A7Dzcme9pS1Ofn6YuHrgGxZGtL2TZH9OBEZnsFZ+cCauXqw1tWKtiYk8LhKf0Ej8wuKIzy4VcO8gc0c5GVsriM7bQ/KWWlK21REj90Xn72GDi56EgjLtqnO3ex9y+0E/VceauXavj54nA4Sm70Enth+ZWkKZJAURQakUbNtBY+1edm1Oxd8zWJuB70H/I8meO+i+cYe8slNcv/+Ex0+fC1xf0Xyxi2oxftXm+Or1G63j3tOXr/BO2ysn30Kqmm9pVQnV47Pq1FVev32lTUyi9dQXyj+X9ZPXnmumrR43DG3Z0nbvJS9VR783hu1i62L0ryVuPX47DPSB50+HIW4A+btt5Arghrby4RL7OxA3bNOpNm2zGdismYDZinGYrxj/3wK67QYxcwGnwcwdzWYKzGdr9qyA62U9X7NyXzkOPzkmfzlOFYbbfu8CXcH8HaAb1v+h/C7hZj1Ps3QFdfXaBlM3AF1LNIym/ibQVflYjTE3SljH1LCfma5fwOzItcwIn8SU8AkSk5gZM4dpkTOYH7UYRzFu70QvAbWbWK8tzgqOEk4xlthHmWkG6yzW6yYw84hRMPcUQ/fQQgHVRm+BaagpG0KNMQmxwEJnI2GFVYgtNsE2WAUJ0AXq9rJdwdg+QpZRppgK1E0FjFZhAvkwgateDDzSVV5bdbrzECN3wyFcEoNwKy1sIqywELu31JthHSGJhhi4vYDdLspC259dtAKwHbaR8rhII4mNAmVTuW2phSrBq7K8syrNxzoI7K1kP7IvSRKsQiV5CZPkIVQSinB7SQokaYi11Hrsq/fGK8FHkgAvSWyc5fVl/wJ1szAzLMIsuCTmflfglRAWjK+1GevmzhA7/5ZPPvlI7PgTzcpVG/l4gbMC9LifpjBp6mzmL1nHyg2WGphtnAPFuoOwdPLGxNaNNZtsNGufOnMeo8eO56tvvuOzL7/is6+/5YdxE5kyewHzlq1h+QZzNgrcXTx8CAgKIiA4GA85J5mYm8r9K5g6d4EWsxYtYematRiZm2PrKAmNtw++gUEEynlMF6ojQq8jMTKE9MggciL9yIvwZnO4J/lhnhRE+FAQ7s2WWH+aKnfSd+fWLyXr0zu4mLmMpoJQqg/u5sTlsxxvO86lrkt0PbwhCf0Nrt29w6W+W3Tdu0Lv48FL2x473kRdfT11ak73WjWve70WNcq6lVlXlFMldl1VWTl4oRaBeI0W9RrI1eOqaxXcFdCHIC7wP3HypAby4UsN99xiR1GO/DYWM3fCF8wa/zmzZblwynf4OpmQGu1PelwwWUnhVO0robF6myQvldoEW5dbG7ja1sitzuPcv3KGvmvn6bvRTH/PBfpuN2vj1O/fuMDltpO0nztM+c58UmPDcHW0wNXBmsVzZzF+9Ld88/lH2mxxKhTMDePKR3Z2+1V7+W8A/a+qTd1Qcteg3jho4vc0M1cgL9HK7vcl7srtrpps6vNDKY7x1QxdAT0l0J70YLF1nWRsYujbk8TQtXK7Ano4B4piadiaxJldyVzYk8LNykz66rN4ciiHl8ckTqTzsimeNydjGDgZzfOjcbw4lsSLxmSeNaZwqzqZyxUpXNmXxM2yOJ4ciePloSheVAUxUO7O83IXXtcF8KbWCw4GwIFAXh3S87QhkR6x5/M7UjixPV1LAjrqCrh6qECsO09gniPwFsDXlWgd3C4J2LvE8C/tzaC5JIrGDF/K5OSww38DW7xXscVnpcQKAbs9vSd28ubxVQHQU96+uM/ruxd41FrHjYZSLlfl0t91hvsPHmAu8Lby8cfMyZmF6zaywc6ejd6h8oN0J8TeG9O168RQYtjgF4FZUBRrXf1ZY7oOM7cAHPxC8A9NIC6lgLisYjbvKqdo+36Siney9WgbhQ3txBftEfMuYYVtCPrsPRw+eX5wiI8AsOnCVW2I20sBa/7eo4RmlpFcsF8y4V6Kd9dSvHMHR+vK2Zmbgp9XKGV1DRqA1fMVSGtPX9HK5Nd7eqk/1kVipiQTKbvZs/8EewT25bLcsaeBuNQyQuJ3cvDcda1M/uLVS+rPX0OhWu1P6+CmhrjJMZ27/nx4yKOh45sqwbfefq3ZvgZ6CZUEvBaov5Rt3b3P5XjE7OW/vnu3hoejqRhp5SPbyP8ZyEMFsIZQMPfbNB2rVWME5D9i8m8C3dBurmCulnZDbeYKqAqsqr1cwdxzBMwNoWDuNwTuYaCPuP9fhQZ5BfYhoLuL/RugrixdHYM6lpFQ/2dAv9d3D88EVzbGrRFoT2SS7mdmRCwVoM9kkv4bpkaMZUb0TwL1iUyNGodRzAaBuYuA1FEbl24fboaj2KkyXgVzW4GosnMvsXOvOI9hmLtGCfxku4XeRIxVrFFnrHVqMw2xwjTYAktZWgjgrWTdyt8CJ52t2LckvxHyGlGWAmczzHXmWAdbYytm7CRAdYtQpXUx4mhPXMTQHfTK3MWWBZzWetXePhiW4ZuwEUArGFvIukWEkVi/MVYKzuHmmOjXYRS2BjM5Liu9vEb4YCJhL0mAnTzPVuBvFWE6GJIgqF74TqGqzO+udfxzibPBPcEanxQX/FLEZlP88BKhcY1xk/dElelttGWCSIr6V75zOwEO8vcunc/cn8bx3ddfaWPNVae3r78ZNQz0CT9PY+LkWUyftYhFK4xZZ2KHnVswbpLou8q5wsFTh7WzL0aWjixfa8KsuYslCZikles///xLSRI+5eNPP+PTL77imx/GMXnWAlauM8bByQVvXx/8Avzw9PbC2sGBVUYmLFmznmVyflptbCrgt8bS0QUnD288fHzxCQjEX1l6SDChkoxEhQvUw0NIjVAXHgkkKyqAHInNEgUqIn0F8t4UhzjL+T+O621nB0cNqYpeTxdnLzRS3tTEuc5zdF3toutWF5evX+bC4x6t7H6lt5eHTwZHfTQdPz54CdX6A1oMX3VNLLxWA/eQkcu6ArcWNYMldw3gVVXDcVJBvOsXiD8V4VIjHDztTZkz/isWTPyalTPHsnjKKIyWTMPRZDkhavpgEcHm41W0n67lWmsj1yVuth8bXvZ0nuBe92l6r5zl4Y0Wntxu4+mddgH6eR7fa+fp/U6ePujk4Z1O7lxv5u6tdjrbz3D+9CEaDuxjS0Em4SE+zJwynm+/+ESM/TPN2FWHOgVrA9wN8S7UDR3jRt7/u4uVGWKySezPkdicRuXmbGqLMji8NYeTuwu4JMZ6o0GsVYB+sCCMklgfsXFPsiRTTQ6wIzVosJe7Avq2xADKs4Opzg2jdnMkR4oTOLNFoLwnibv7BdR1aXAoCY6nwqlEOB8Hl2LgYjS0RcJpHTR4Q50r1HrwutyJt/tdebPfjZd7HHi2fRNPSjfwqHgDvXnLeZC7jKcl6xjYYcybMhuocJDnusGRYF4ejuZeTRw9tcncrs/hzmHVV6CYm4cLJFTHv23cbRArFxtvLo3lYJI3e+RkU+K7ns2eK9nsvpwtvivYHbSainBjzhWH8eRcJW/vtvP4SrPsYzdnSxKpSZDnhdmxNdCI7QHGtB/cy63bt1lrJicNR1dWWlqzyMiM1RYWbAqJY7mvHy4ZJRh5hYiNJLPBPwzL4EjM5PayjSvYYCvmLtmwS2CIgD0Cr4hEdAJ2fWohsdmFhOfuQr+5gsjMEvwyd7LATH6g0Zs1Q3/28gWPnjyl6mQ7A8JOBcb7Dx+JsZ/hSs9dbSR7j/xwivbs43D1XvYWZBDoq+fIiXPwxmDPbyk7epnyuhaCEiowdcnByDYJB/cUAgNz0OuLCdMX4OOfip19PHaeacSn7qOl9Qa3HzymtL6Frtv9ciyqnfy1BvaevgFOXnqsDXV7/kLs/tlLng284nrvM45eGeDJwEv5IQ8un8h9D5++oPvecw50PqJdDH7g9Rvtoja/Zef/0OntH2I+eoFfmNUCdNYLCZalz6ZZ2C9XJfYfNaCbrRSgSxhg/u8C3d542jDMFVgNQDe0e4+Et8HQDbf/u0A3hPdQ2d0A9H8ovUuiYm8sYFfXD1ex8ZdQQO9oP8flm5e1iWLWR69geoTYXPhkAfpCpobOYXrUaObEjWGKfpSsj2Jy9CgWhc3ESex8o86SVf6rxWYttDHlzsqABYQOkvyqdW95jGesqxaqQ5yLGLtdhDXmYufGIZvk+2+KuQZxa630bh5ijnmQKdaqDB9sibP8jpzCJSIHw1bgbqMgLyB1EIFwlnW3cCc8Ij1xi/IU8LtqZXA7gbptmLWYvAXmYeaYhZtow93MBOyqU51x6EZMdBsx0wnU5RhMZd0oeC0bglfJ9vVYhqlx8tZyrGL5qrweJVYeZYJVpAmWEbKU/dmHW+MR7YZ3jAdeSfI3Jtvgm25HUJYbgRneBKT54ZPkqzU5OMY44KxK9jGOdF3v1ACic3PAce0y1s6extTxP/Ltt9/wuUD3KzHqb7/7XoD+I+ME6D9NmsHkaXOZOXcJC1dsZI2xHZYOfjh76XH1jdDCwUOnld+XKaDPWySJwCRJCsTQP/tCgP6JNn5dDXn74JPP+Pq7McybvxgLK0vcPT3w8fPG28dPfs8ebLJ2YKOlLcZWdpjaOmgwt3H1wt7DFydvf9z9A/AKDsIvJIQgsfSwsFDCBerRAvX48CBSxNYzooLJjgkhLzaE/Ogg8sXeN+vdKNA5UBBiz5YYH04d2M+zx4NTY9972MfVuzdpudpCa+clLt68ztWeHnmfrnNZli+GJrU5fuLEoKHXD5p5bX2dZutqOJuCeK0G85ohK5eoG4oR693d3cPt4mp0yJkTjcTovFk+axwLJo1i+cxxLJ0+luUzfsRq7SJC3G3JiQuhYksW5xsruNp+lDtXT3O76zg9HQrep2R5XIP57UvHudt1ivuXz9B//TxPe9p4dFPk7tYFHovkPX1wiWf93Tzr6+axBnZZf3idp303edp7S6DfTVdLk4B9L9tKMgjylUTR3oLZ0yYy+tsv+OLjv/PpB+/x/p//rJXkf8vSR04oYzD131Xlx+Ngr5MPVo+JdRQW9sk4uiYREpxGRmwu1UXFXFJDuOpyOVgYTmmcL0XR3gJ1DzJDHMkIcdHa0IuifdmZEqRd6vPg5ggaC6NoLoqgq0jP7dIw7pcGcK/QW8JN7DqQNzWhYtXBcDJIwO4HzYEC9ADeVtjwqmQVz/KX8iRnKQ/S5/AkdwW9OcvpSVvM5dgZdERN52LEFHoylvJshxkvdlvzbJsZAzstebnXWpIGf0kIPGX//rw5pONxfRy99Wn0Hyvm6bl9vL5Yz8C5Mq5X59KUp6c0wIJU+6WkOywjz321AH0FhV4r2RGwigOJjpwtjaF9V44APJm65EC2B9uS6bqJGJu16C1WEme1XGIJ8dbLOV6+lctXr7LYaAOrrOxZZGLMzJWrmbNyEausLVlquh4zv1AWWTiw2s5ZgB1AdJz8OHISWGW8gmWm1iSX7iYoNY+oXY345ewicms14QUVeCcWEJa3W9arCYrPwiI0nlmmntjr0qhqaNIsWdls7fHzPBoY4NGzZzQ1t9Fw9oI2MZDy5Tu9AvSdu6nbv4MdYui+noGU7qmir/+RgHaA7uu9eEdsxdhFjscunqVmkawzC8faLhxX5wiC/JPw80vA3T0OG4cELOW74h2YS2T8XpKzK9lefpbKo11sr22j7uQ1Dpy5Stmpm5Sf6OHcVTmejic0tvdzqKWfyuYH1LcJ/F8I4F+Ilb8abHt/NvCCzjuPOXTxAWdvD7bZd5xvGjZzBfV3O769C3SDlYfZytJGldgXEWy9ADcBm82yCVhJmC//EQuxc4shoGtgHwL5SKAbyu0jgW63cYpk8jNwNh+EuZvVYAe4kTB/F+D/DOT/HeB7D5XdPWwHQ4FdQV0dg0ouHE0lNomtG03X4l2ga1ep62gWw3TGWAx9RrQYetg4Afs8ZuiXMiV0LHNjv2V23HfMjPuaKZFfs0BsfV20OSvCN7AwYKHYq83gBDHRDtp4c7UcNHT5Psc4a9DzjvHSOqrZ622xFMveFGyCmbJysW1rVXIXgFvqrMS8rXAMtcVRDWMTWLtEDO5P9VB3lNtO4S64hHvgEuaGiwDdOcwe1wg5+YlU2Ic7Y6O3x15g7BCuSum2mIvVbxIT36iTBELgvklgvVFAbhxshFmIiZZEmARvwihwoxyT2masJQIqIbBRw+MizMXsFdA3YRltjHWMiVaud41zwCfBA39J/AMyZJnpQHCOM2H5XoTk+BCY6Y9PspeWKLkmuOCmQt5j9e9QVTkuG5ZjsWgWK2ZOZ9rPExnz4zh+GD1Wi+9/GMP3o39k7PhJAvTpTJo6S2sfn7t0pUDblA2mTpjbemPjFICjuw4790DM7D0E9tbMWbSKcT/9LInBN3z66acazD/88EPeF6CrznbffPcDM2fPZpOpCa7urmLdvvJ7DcJFxMJW4G3t4qlVDQ1h5eyBrZs3Dp6+OPv64xYQhEdQCL7BOgJCQtGJbIQJ0CPCQwXsOuIjxNijQsiI1gnYdeQK3NW8JPl6D/J1rqQH2hHrZkGA1QbhSTgdba3Dpqxge7mlhRvXrmuTzFzv7x++T1l1Xd2gjWtGPlRGV9t+FQL6AwfE4g8e4MChg1y+coX+Efu53NHO5owELNbOE5CPZZnAe9GUMcz/+QeWzJyAs+UGwv1d2VWYwfljtdzsEEhfa6b3xgXuXTtP/+0L3L12hrvdJwTmx7RQF65Sln6jrUFuNwnQz/JcRO/53Us8leWT+xd5+ugyvXL7kcB8oO8qL/qv03/nIg/E4l88vMHz/qvyuC7Z/yWuSGJw5OA+tm/JJC1JkrWNy5g78ye+//pTPvvgA62XvOpIZxizbgD4yKFrhnb039UWp+HuFccGy3g22Sdh7ZaBvXc2rv5Z6CNz2JNXRGt1Ed31eRwQSJfG+1Mw1DEuJ8yVfAH75ghvSmP92Zem40heFKcLomkriOJKURi3inXcyHfncoYD7UlWXIg35VKiKdezLHi4xZFX+10EvE5QbcubCoFxjTN9OYu5nTCTO4lz6EmYLVBfxM24WVwMnUyrbirngn7mUvQsHm8x5clWM215L38dD0vMeVMlht8giUKlC6/3O/Fwhz03N1txq9CG+2V+vDpdquaVhGvHeHGhiu59yezSW5DmsJQsl9XsDDZjr/zoa+QHfGlPCt2VRZwoSqIkyIVkxw0axCMsVxNsshLPdctwWjkfzzVz8Vu/gAiLFRzbv522jovMWbuStbY2LBTrnrJ4MdNXzGPxpg3MW7Oa1dZOLFhnxFILexYamwjo7Vnm4MbcVcuYI9uNA+Ix9o3BreCAnKTy5GSVir1/AvYhKQLvZDGSfNxCk7AJjWOmqTvrXXVkbNvLtTv3OHG+i4TNu6g/0cy59i4is7dRWHWY7J1HyCrcw+6awxSVlnK4arsAPUmAHoBHeBphCUWkF1Vh45XOCvMIlpvrWbophPnrA1gqYWMTirOjnkD/GHy9I/DxicfeJRpLZ7F0jzScPXNw98slPGoXJdtOsLWyjYJ9rRw8f5Oq5h4u9jzUJsvpf64myXnF/ccDHO/q5WjHfYH4C14Mwfy1GL3qfNd64wmXHzzjxdC463ONlf/SzA092lWosroWAtkQq4UEWSzEZf0UrAXgVsvEwiUU0LVYMQhzFQaYjwT6yHZzBXIN5mLCrmazBtvMxcw9De3mchz/DND/Faj/q8eNvO0zNOzN027hMNBHtqc7m4mtm4itG8/4p0A/crZRDNuO9RHLmRr+HZPDRzMu8EcB+kKmy+9rQcI3zIz8lJkxX/Jz+Cf8FPgxC3TLBOirmOW7CDvVcWxovLnqAOceJzYuRuoR66QB3SfOC794XzyjPbXOalahFpiFmouZW2Kns8MhzAF7gbiDXvVGF4BHKpt3wzXSHQ9JBNxi3LRwkXOLW7g3ruE+AnQPnEPFfOW5TuFuOAjU7SNUhztn2ZczznLbMcoFK72VWLkZxiHKzAXusm4kIFcJhUWwKVZyDKZBFpgEmgnczbTe99ZaRzwbWapyvIUAXbapa8/HGmMTJ3YeayqAthNgu+Of6klApiuBWc6E5Lqi3+xFWK6v3Bagp3hqs+p5qilyk9zkN1irlZx1jjaSRM7GeP4MVsyewZxp05gyZRqTJk/lp4mT+HHcBH4Y6gynoK56tk+cPINpsxYwT4C9ZLUxK9ebs26THZss3TC19sTYwkWAbsX8Jav5eepMvv1+NJ9+/jkff/yx2PkH2nh2BfRvvxegz52L0aZNOKmhaAHBeIeE4a5BXU0jG4Sjl79m5crODWHnIVD38sFJbN7VP1AeHyy2rsNPpyMwNJTQMD1her0Yu14De0KEjmQBe5pEdlQQ2eG+5Oi9SAl0lr/fFLt1S1k5ZwoLJ3yPv/lqTtfv5/XQjIoDLwa4Kdb+9OkvwyzPnDlD/YF66ocs3dCWXqdCtqs4cPAgBwXi586d5YqA3PCv994d9m0vkgR7Pevm/cTa+T+xau54AfqPspzIytmT2LBoJl72puwqzqT5RB13rzfzUAFZTLr3ZquAto0HN1sE7OfpuXyS2x2q1H5IEpB6rrYclPWDXGut16530Xf9DM/uyXMF5AP9nQLrbh49uMKDu108f3Sdu1eaZV+tPLjVLPtvp++2svhWAXobD++0cb+nmR5JCs411VC+J5cYSYhMjVYwb9ZESf7G8uUnHwyX31U7uRqeNtxuPmzog2D/3dFd6SRExuPiE4ujXyJuQcm4+Mfj7BcrH34M6THxNG5Lp7Muh0NF0WwRoJfE+lIY5U5umBNFsqxKD+Lo5lDOiI1f2ZXE3fJ0Hu6LYqAyirdH03lzOpWXjfE8qQzldrELdwoc6Uw35Uq6CbezNtBXuI4npcbczVxG7+a19BVtpDt2Nt0xM7gSNZOuiBmc9pvAAZfvOOb7Mw3eE7ietkIAbkJv4SaebLPh7uaNvCz3gGPRYvspcCKat43hPNjuTFv8Kloi53AxVhKEAmMeVQTz8GACjw4nc1uOsSnbnYYcf7qr8rlzdCu9jSU8PbOfB017OJwfRZa3OfEO68TGVxNotBz3dYtxXL4Au6XzsZGwXTYPz7ULCTVdyvWOVk6dP8OMFUuxcvVkvaUR81evYfqSWZJZO7B4wwrWO1gwV5KB+WtXM3nZQqYJyKctW8GMxbOYtXwFczdastDMRk54mWxwDZATUQRGYsU2+jQ8k7bgmlomcE/CMzaTOeZeLLPxw8o3EkuvGJx1OVj4RRGVuYeIzHLMfBKJKq0irb6VdTYB2HmHUVhUoF2wZM/mJNxdPbCWbWYOehYZBTBvrS+zV/syY40PM1Z5MmOlG/PXuGNtG4K3p564yCT8ffW4e4q1O0Zgbh+HqUMcVo7xYuupWLtnEhi2hW27T/Pg6XN6Hz/l0JlbnL7Yw7VbfTwf+GVmrb7Hz7nW+0zrZDdySmG13qOGxj0ZGB6D3li59Z8OSzO0jQ9buQHoArpg64VyAhEzXzcdq+Vi4EvHajC3GAF0s+U/DgPdAPV3O8JpbeYCcnujqQLLaQLNGbgLzD1HdIDzGWHmvwXz32pP/+8C3dCeroCuwgB0A9RdzCXMBO6ms38FdQVztdQufHGkXEAmUAtbx+zIH8XQv2Ni6DgmBU3ShrEtSPhejP0LJoV/zISwvzDW733m6uYwXzeLGYHLMYm0xydewBXvgVeClzZMzSXGAbdYB1l3wjdBAd1HLN1bmwZWTQFrLhZsF26Ds95RjFtMPNxVAC77iPORRMBHlr5i+LKMFYBHuw32Yo+W21H+eET44RbpjaPq0S7nHAe9Czaq3K53FYv3wEnA4RruJ4Yvdimmb6Yzx1RgbR5qKYmENZtCLOS2mq1OwB1qj2WwHE+QNRY6AXiYpQZz+yg7MXRrWZeIsR408zgz7BMttCluPRIdh2bMc8Nf5CQoy4WgbIFVrju6bB/80uXvTfbAI8FNYO6ljQxQ/5pPHcdhxQIsF0zBeN50Vs+byaI5s5g7aw4zZ85m6rQZ/DxpCuPG/8R3o37g629HaXBWQ9K08efT5D2fvZBZ85Yyb8kalq7ZpHWUW7HOgsWrjJm7YIXWgW7sjxO1dnRl6Wq2OW2Guc8+57vRY5g+e542kYy1owtuPiEC5ggtPIPC8QjU4+YfKnAPkRiEu4OnnwZ4FY5efhrUXfwC5HFi6yohCNLhK0lBoE5PSFgYerH1yEgxdon4qFCSI0NIiQggJcybWD8X+c7KZ7FmKSvkb18xbTymM0fjs2QcmTbzOLM7i2cP7//DEL/zzec53HCEQ4cPc/DwIbHvw1qb+oGDcvvQIc3GR0L82dMnNB6oJNzXEaNFk9m4UKC94GfWL5jImnkTJJmYIEs1OkUSbkcLijPiOX2kkjvXWjSQP77fwXMx6ecC4kd32rVObXeunuLu5eNcbz/A1dZqgfl+Ok7v5fqFGoF5rcD8EH3XmnhyR0CtPb+bZ/3y/N7L3Ll5kX41vfOdS/TfamNA7u+9cpybnQe0/d0Wqbx34zh9t1QnujZ6b52X1zvPpZYjVJYXkZUWTViwOyuXzmLCmO/4+rMP+fjvfxKoD/ZmV1A3XOTF0IFOLX93dHsSYd7erF1nzer1jqxaY8miRSuZN0ddjGSxZPxG7Ezx50JFKkeKI9ma4EtxjJoVzp1t8sOrSPLmhMD8blUyL08k8eZSAW/vHoK7dXBrK9zZAQ8r5R2X24+rxY6zeXssjGf7PLmWbcK1jHX05G3kRtYagfkGHhRuFKCbcDp4JscDJspyEo1eP1LvOpZa5wkc9ZftQXO4krqa2/K8h9vEwrc58min/WAJvyUd2rMkxUsUuMfwpMyXy1mbaItdSGv0bDrixfzzFvN4tzX9+z25WOrG4VR7Wncl8upqEzy/wttbLVw/uIetYgDpnptIdFpHjO1qQkxW4bFmGZZL5mC6YJbAfAH2KxYJ0OfjtGohgSaDF19oPN7I1GVzWW9nyxrT9Sxcv4bJ8oN2dLZm/qoFOPl7s97KBDN7S4ztLVgmGesai01MWyRAX7qcFUZmLFy3lrnrTZi53pQVVo4sMHdnlY0PtiFi6rosrAIiWWLlysRVNiy18sHEI4TVdsGstvFnnZNk275RLDPzZdY6W0z94+QkVoyJfRAW9t5kZGVwaH8JJckhOMi+l61xYtYyZ6YudmHSIkemLHZi6lIXbTl9sQOzVzqzfIOXWIEv7m5heHpL8uAQygbLcNZZRWBsHYmJTbj8PXGYO6VJ0pCDLnYvuUWHic87LCfb/XjH1ZK5/TQPnzzVBrgpfl+9cY9rdx9pU9n+MkMcWrt7970nkhC8GN5WvS3jV2ZuKKuPBLoGcwFbqAK51VxCrBfgJ9sc1k7BYukEzJaNGYK4WPiycSMM/Z8D/V07N8Dc1Xz2PwD93Tbz/wro78ZvPW8k0N/tIOclMPe2F7C/Y+luFvPk2OZqQFembii/Gyxd/SuuLBboqQ5nJiwIncb0yNH8HPojk8PEGAMEJH4f8WPA3/lJ/77En/nG9c8sjJzC1KCJTPBbxBq9BV6JnoO9uxM9tKFe2qQy2jhvOwG0iwZ1n3hvgbw7DlEC0XCLwaFkAnf3CGcBtQeeYuPeCX74JAZo4RnnjXuMpyQBLhrUPUQcfGKCtPCMDRSTFwvXy/70ngJxTwF+AFG56eTt2cXOumoxaB0WejvMxbQtBOY2oXYCcXtZt5YExgY7NfZdEgF7nRO2OkeBu+rgZy/H56AB3U7AbqN6y0cL+GPl8XG2OIiZOyfa45ngrAFddYLzSLXFN81R4O5AQLqrhLwPYu9eSe5i5+74yDmx7nj94FDLED+sF83AbO4kDehrlKUvUJdrns/8+QuYM2ce02fM0mx9zNhxWpv6Z59/yedffs3Xo74XsI9n3MTJmrFPnjabGXMWMnvhCuYsWSnL5QL7Rfw8ZZYkBJMYNWo0nwnEPxQ7V0BX+/lhzI9MF9Nfvno9xpZ2OHj4ayD3ConUwlstBe4eweFDIcl6UJjAW6cB3sk7QAO8KsE7eQvYffxx8wvEQ+Du7R+Cb1AIAboQAbuOUL1OjD2ECH0IUfpAokK80Xk642ZjhtnG1axftRTjpbOxXTGdEKM5pNosZrPDXIocpnMw04+ejl/GtKsrgLa0tHCkoUED++Ejg3C/cvXqcEldjYppOdNEhnw/LFfPZNNSeY+XTNKAPgjzn1krQN+weDLrF07FfNU8wjzt2VuSw9W2Uzy5d4VnD7o0ED/t7RIoS/R28PheK/dvnKan+6iY+UEx8go6T++i8+Q2Oo7v5OqZcm611dBzqZb+6w08unVantsq9t0ltt3F1a4Wbl+7yPXuC7zov8XrR7d4drdDu+DV9dZK2ecB7l1p5K7wpvfGGR7elte7pkr9Z7nZfYqO9kaazxzi2OEyynYX4GBjxOQJ32swf/8vg73ZDW3oBpArg1fxu1O7E0gP88HZQr7QprbYmZhhbbwOd/MNBDuYkBxgQ01uEK37EjlSomdnsjc7E7zZm+jNnjgFQw/u7PLm7ekkuLGFt4/K5SQsH8xbNXThnCxPSqiluixeCwz8v4y9dXRWV/q/PX+9633nOzPfaWemM20pFQq0xTUh7u7u7u7uJBB33N2dFivuEiyEkAABAgR3l3K99zkhKe3MrN8va33WPo+f58k557o/e9/73pvhxlwBbg3P1qdyY0EId5dGcne5aJG/uOwEcfBh7M0z5mS5JadFx0uM2Ztvwu5cU45OkKiu3Jnmaheuzovi7opk1YU/XJPBs59y4NhkfjlYy9t9Fbz6uZh7a1LpmOHL+SnuAnVr2qpMuTfTltfrAni3U/Z9dTr7JkVyWr7b09Pbedl2jNafFrCiNFFgHkBjir86Tp6vdq87Ee1iS7CjBXAXhfQAAIAASURBVFHONqR525Ph60CKlzNpvm5UZ+R0L9Bw+DCGyipvAUESRTuKE3dHz9qIhLR4rDztCU+OIygulKikOOIyswTqESQXFgnMbcWhe4pbThfARxGQmIprUADBqel4RqbgEhFLQHwaIcm5hKTlyO149F0jcQjPEIhn4xOTj0dEOv5JWYSk5uIpQYC1Tyj+yZl4RmXgHZKMhW0QLm5hVBRPpCg1EyfnMMxsI9CzikTLOgItm0j07WIwt48VxWFhH4+FcwLmHok4+GbiFyLBSGguziH5OAcX4xZWgm9EKUHRE8Wt1xCS0ECoQD0xbwHZE1cSnbsUv4wlBOctJ7N+C9sOXODGrce0XbjNhj2nOdRyiRNtV2m+eJsL1x/ReuUBTefvsPloB62d92m53J1Ms3Z2xb9ltH/oyn+V0tVuS6GArUDceYI46wh3XcJdRW4Cbjctua3zXrrd8tDtHT///dh5z7j5hzBPDbdSE+AUmPc48x53/n8aO/9vSXI9U9r+E9B/A/P3n9UjteDMe6j3jKenyb4pTl2BugL0D5268jd11VRCi5XpXXKMlXpjOVEL3eKxGMh5Zl5mj0WpLial/cWd90Wr5Fu+D+uD9UQ99PMMMM53xrMsjIz6DLUAi1JkpgfoqdXKnO94dfw7W1nQpSFThbMCy4iKcGIrI8Rlx6qJbdnVEhCIO8+bVEj+5CK1zazLVqekJStZ5Gq3e7YK9Zz68RIgTKR0Ri3z1y1l59FDHDp+gt1HjtB19x6Pnr3gjQR+h1pbqVowU1xyMen1EgBUF5BUJcGtOHmliz6lIpO0CgkYyrPUbVVV6d2fWZVMUqVcA8uiiaqMIVYCk5hqAXpdEin1yWQ0pIlLTye1IYmEhihSGuLkc5IkqBFHLt8zvT5dHTNXVqbLkWujknh4vfMyMRLYR9gYECYKsjPFT1yqtwDdy9UJNzd3XCWAd3B0xlIcu4GhsTqmrhSZUbLflcpxw5SkOY1xaGrrq9PZlDF2E3MbzKzs1S55E3M7cfgWaOsYqA5feY0Cc6W7XZnfPk5eZ2HtgJu3H0EC9ISMfDKKJCgvqVCVrWhC5W+UM7FKVVZJGZnjJwrcS1Sw97h3pca7Cve8wm64Fwrci4vJLymmSFQ8oZiSCUUUFeWSlZ5MYowAPSSQsCA/ogM9yQj3lnPZX66voczLCWJBpjfzk52YEW7O3IxQDm1er65WqS5RK/C+0nnlN+PiVzraWTlvKulhbkS4mhDuYkyYm/F7oBv2Al2FurLtZCrnsAt147M4uG0996+18VSc+IsnV9WktVcPL/H83gUeiit/ektJbBN3fvU4twW6nS0/cfHYKtoOLROt4Jzo0vE1XD+zkVttW8R17+PZrZM8ut7M9YunONd8lI7201y5cJZXL8SsvHkOr5/wy8vbvJLPenj9BF3tu9RA4dq5HVwXuD+81sSdjsPcvXKMG5eauHL+MBda9nKpbT+nT2xj2eJJRMtvpjFyMN/1U8D9K8TVZVPfSwV65765nNk8hab1jTRtmMypjZM4s6GRlh/rOb2xWlTLhR0zubBzFvuXlwvQC1glUfXmqUXsmVnE+aXjubcygxeb8ni1fyrPD83kdfMS+U8c5t0vJwTu4nrfHRBJ+1apZ7yLdy/WwM1FcLyKu8tiuTzLjwfrMuic5c6D5aE8Fbd9vMKSE6VGtNZY0lbjQGu1I6ernThZ4SatO0dKnWhuCKBzQSy3lifzcH0+t1Zl8nBDHrdWpnJzeSKX50fSOtWfpioXztQ5c7bOjqsz3Hi2JrI7m76titfHyulYncf5DTM4u3kVO+dMZrVE9Ivzgpmb5c+UdD8mRLiS6OFIqIM1/raW+FqZCMStmBhix/hgW7L9xZ1HRTO9vLtox669e9A00sbRRyJpR3NMHczRMNLCKzRYXK8dMQL20IQYcbQxxGVlEy7OPXX8eOzc7bF29yAsWQAdG014RgEeIWECxVwSCyuIkRMrNieP6LR8gXomzhFx6DiFYOkXg1dMIr5R2TgEJOEeHiOuOZmg0CQsXf3xTU7GOSgZfatANHRd0dZ3QVvXCX09HwzMfdAx80XT0B9NE3/GmQRhZB6CuUDe0j4SK8cojBQJ1M3c5H1803D0ysbSOwcr/3ycggtxDysmMGoiYeLUI2PrCIhtJDhxGnHZcwjPnItX8lw8U2W7YCUl0zax58BZFq8/xtR1B1i86QiLfmxiZ9NVWjofie5z8NxtVu1t5mjrDU53dJ/Ii8Xt/bfEtw+no6nd7NLmRdiR6Gfc3aUubvy3QNf+DdCVojK/d+cflndV3HkPzFPCLHuBrjjzXpgrxWPinVX93wD991JeowQH/zdT2z4EevZ7oPeoJ/Nd7X4P/y3UG8tS1d+ybGGFuPPI7mIpVbG4FlpjVKKNfokhxhMtMS7UEbB/g3H51wyM+icD/D/HfIIWGplamBeIQ6+KFLClkywuNk2RMm9bYJ4k7luRkqGuQD2tViCpdGVXRBFeHkxkRQjx5VEklSvlV5Ux90wBeYG48wLVqSvFWRIrU+T58prKRHHOaeLCxaULzBf9uJart+7wSC7sTx894onSPnjEsyfPePnyVXf9ArX+/2tuymMXum5w4sIFDp1rZcXObVQtnEvhjHpx/uJQxdln1OSSVqUUysmWfVUCj0zZ72S1ql2sMo+8ohvs8dXxJAnUk2qS3yuBOHHw8TVxakGaVDWbPU3eI02dzqZ851mrZ3YfszMaCbUTwJiNI8hcG39LXXysTfFxtCfA0xN//0D8Jej38fXH1c0DK3Hr+gJ1JeN95KixqltXMuEVMCvbYzS00NIxRNfQRBx7d/KckYkl+gaKu9frBboSDAweMpRRo0eja2CCla0THn4BhMbJ/mcXiQMvU914L9Q/gHluaTX55bWiGvLKquS2AH6C0j1fqoL91y55uSYp2fDZ3a49o0Bx7UVkFxSSW1igSpkel5gkwVxEMKEhQYSHBhEbEaR2edfmJjCzOJW5E1KZNz6eOTnhNER7kOthQZCRBuNTEnnwwUqWD+7eZsvapXJ/KJFupkS5m6mtojBXY0IF6ArMFQU4ijO3NxCYGxHqYaV2s9cUprJ70wqBdhuvH3fy8tm1bgnUXz5SktYu8lKZanazhac3znBfwHuzYx83WrfR0bSWs/uX0Lx7PucOLOKSOPXrp9dzs2Ujt8/v4NbFA9y6dJJTx3azc9sGLrS2cP/GDV4+f8KbFw94cOsCN2+08+T+JZ7ebhdXfpQbF3Zzq30nty/t4daFfdIeoOviXjpl+9K5fQL03bSe2s7BfWtYvECuqT5KtbnhqkPvdup9fuPM+3/1uQr6P9xpWsLd48tES7l3Yhl3pFXuu3N0EXeOLVHvvyXbl3bPZv/KSlZPymWlXFy3TClg35RCjs8q5NSMXE5OyeSgRO3HZ5dzblEdDyUI+OX8MgH3Wt492wovNvPugYD80Sp4vBIhOZyfxqudhdxemUTHvHBuzg+kc5obXXN9aW1wFnhbcbrCnOvzgrg0w5uz9c60T/Xl3LRAmhv9ONEYxOUlaVxemsaNdYVcXZHF+bnRXJwXzfk5YZxu9OZopTO7x1tyss6DtmnedM7z5/mGRDg6Hi7Xy5GyAC4u5MbPc2lZ2cD+xiR+Lg9lT3UYK4oCqIp1Jz/YmSRPBwLtLAgUoEc5W5Lja0lpqC3jQ2zJD/OlKrOUpY3Lu5f+27UTDQMtbL1dsHWzEyBaMdZQGzsPd4ztrMWdh+MWGEh0ciwJqdm4hQYQGKM4YXt5rjh6n2BxwCH4xKbg4O9PcHw8/omZBManE5iQRHBcKiHxybhFRKHt4CMuPFwcfDR+UakC2Bh5v1Bi4+I4sm8LhXkSAKSmEeAXjbaBGyM1bBilac/IcY6MGueKpp47I3WcRPKYjgfjDL0wNvfF2i5MLjDBWNuHYOYQLoqRfYvHwTMFe7cULN3TsfTNwTEgH9eQIjzDi+XzSwmNrsA/sgr/mFoJVKYQmjoNt7jpOCVMwyttDgklS5g+aysr1+1n9uod6rr29+894s3b90vzKklxb99w/NxVtZKcUqxG+ZtZEvtvZVx/D/QSgWxxtD15ArI4b3HmvQAXcH+Q1f4h0CM99NT67R9muPc4855udmXcXEmCU2Ce9rviMb+6c3HYcQLyeFeRgDjOnoIERQ7kqZLnKjXjEx0F3uLEFYj/DuhKm/u76W7/CeYK+Ht6BnI+GEv/UKpTj7DthbrS/b553UL1t8yfnU9MaZS40RiSBZ5xAmjz8YaYTDTBtMQIvZwx2FYNQqe4D584/IWhYV+qrt2m3BqLYks8qwNIEJDFV4cLdCPUamqK81aKvCSWx3arontOeUJFjDqXO7w8SFx6MBHlctyXhsnnR6qrrmXVZanj5xkNeeKUM4gR2IdNjCS6MoH8ScUsWLeSU+3t3L17X9xNF9fPtnG94yp3bz3g4YOnPBI9efycFwL112+6ixm9fftOlTIF+u27bj16/oKm85eomDtbAgcBkDJPXj4vU+nmFylj+UoiXkJFInFlyj6LKuX8FIAn1ytrxYuLr00RgCeTXJ2oJhUmS7CiVKlLrkqR+1LVrvtkef7Fax0SaDwh1suOQHMt/IzG4ms4Bg9DZaqUEb6uzoQGSYATFUdEdAKhEbH4Bobi6uGJlYMDxmaW6Ikb19I1RENLV4W74toVuCvT08ZoaKKp0+3YdZXnaRuozl6Zz648Ry0jO3Ikmhoaale+k6sr/mESwMm1Rhkv73Hh2ROqekGugF25L6+sRgV6QYWimveqVUGfLWDPLJrYO9aujrNnKGBXXHsBKQL2FDEcqTk5pGdnkZKeRkx8nBiLYAKCAwgRoMfFRpCXkUxVUTZTyouYXVXMnIoCphemURoXxJYVi3sh/uL5Mw7t2UZ9cTrRAvpoD/NuiLt3K8LDlHDRr13tRr3j54EuJoS4m5Ma6cWMuiLaT+3hQVerOPEOXj68wtuXt/hFqSPyUvT6Pm9f3OTt02u8eXyJl3fbxKWf4s7lg3Sd26Y69JY98zm9cw7nDy3lstzuPL6ajiPLuXJqhRyTW+k6f5SzJ/dy4themo8c5WLzGfZs3kR+eiK56TFkp4Yzb1YlJw78xPnm7XS2bue6OPT7l/dLQLCHznNbuXhmE+1nfubs6R20Ne+i+dhWtQrdTxvmikP3ZNQwJeP9y16gD/i6DwO/6XHsn6n6gwLxRydWCswVoC9XYX5bQH6vaTl3m5aqQL9xZDEdu+dxdFUDe+eXc2JRFafml3BoWj7bJeJdV5LL2gmFrJwwnrWlxWyuraB1cRUPt9bzfGcZ707PEHjKxaRjNlwRF3tLYP5QwH5xFpys5d3+Mh5vyuXu8jjuL4/i3tJQce1e3FoczrUFIer4+NU5AVwW3V0Zx93VCXTMjaB5ciDnFyVyUaB+ZWU2F5Ykc3ZuJO3yWNvccE41eHGo3IETDZ50LIjivAQN52YGcm95BO/2iUO/0gCvVvHu1U+8bp3N4x9zebw6kSszfbgk8P+xyIvqGDdyg1y6E1tcbEjycmBCmD2VEQ6UhNqRE+TJ+PgUFtZOZ/3spd2rgv28jWHaYzAWR69jboKevRUahnJBdHYUl2yOvb831s7uePiKG49JwDHIH2uvQEzsbTCSE9rI2RNzTyXjPRBrD198BNx+AvOAuCS8IiPwCYvBLzIG14hING09MHULxCdGXEVKNrHZxRIshJIUJxHuvU7mTZ8hrjkZd9dQxoxzYsQYKznZbRg60pbhY+wZpeHEMA0HBgvkB2k6M07PBX0TH4n8AzCz9MPM1l8Ugql9BEZ20Vg5i9xjMXZPxMIzDVufDOy8s7APyMM5OE9gXopvZDk+otCkOoKTG3GKbsA+og73mEn4JU8jKW8B9VPXMXPhWprPnOPCpS4eP3vB67e/qPPRm85coqmtk0cvXnL7bvc80vpMv39z6L/pZheVKHXTw+R/pIyZu+l94Mj/Hejhbh8CXe83U9UUd65WghP9Hua9c81/lwj3W/cs8I61EahLsBcvx0i8rarsOBsV7Arox8c7UCQgLlAcvUgNAuK736tQgoOCBNfebvhuOf9HoGe/B/qH6k2Uez+erkhx6T1AT5kcL+CKVmGudJGn1CQSWCHHUZERFmWWmBeL8ysYxriCL+nn+Q26uT9gVKiJdZkNFgJ81yp3gZ1S+jRcLX+qJJMlKiqLVzPX45UyreVKGVYFjrFEqRXTgtXqbKHlvoSXBRJRGqKWaU2pSVHhmlyTIc48UYV57IRYlv+0hFs3rvH02TPu3rzJ5VPNnNt/gAsnz3Dz2h3udt3j1rUb3L5+k3t3HvL4yXOevVDqGLxRaxk8efZKjqlXavv81Rt1tsTzN29pu3aNxVt/FNdf0p18Vy9gr8/uTcZLrEwiTgKSGAF6fFWSWhgnRVlspjFXYJ4pAUCGPC+VFHHzStnZJKUcrbj6+MpE+S1iVSl/P69bRaC1Hn7GGvgYjMZDdwQu0nramhHg7UVUlAQ9KZmkCBCVoD48LgW/sGg8A0PUYi+O7l5YO7piam2PgZE5OgLwUaM1VGAPHjKc4cPHMHqsllouVnHniqsfI1DX1tZBX18XHa1xGOjpYG1lKdcZf8ITZH9zxpM7oVoAXUeeovJK8hWAC6yV7nUF2r8Cve69PtiWx/ImKuPu5b8Be08SXfdYu3yfrGyS0rOIS04hPDqawJBg/AToweGhxCfGkZ+TSUVJEfWVZUyuLufY/j1cu9zROy7efOII02rGkxBoJ0GRJTGe3TDvBfp7kIe5m8h5bKpCPNjZpBvkiuR2qLuFnHP+TKvK5cD21dy+ckodJ1fGy9886eLN01vdMBeov3x2h1eiNwrkX8pjTy7z4l4r964e4VbbDhXcCtBPbZ/JOWkvHljC5cPL6Ti4lLZds2nbv4yOkzs5dWgbu7esYd6UyXi7OPPNF1/w6cd/459/+TN//8sf6fvZP3C3M2X+pCIOb5vLmX2LxfkvpnnfAs7Ie57ct4xj+5Zy4tBqzp74mRbRscMbWLdmOgkxPuhoDua7bwXi336uOvIeiPdIdeh3Dy/kmtKlvmUal2WHbxyYx71jCsgF7uLcuw4vEpgv4NTGmRxZ1sDhWSXsqYlnQ2EwK/JCWJgVxazMTCZlZtOQW8rMwmpWVZSyuSKTS8tLubAwmVtrcnn683h+OVwFZ2cK2MUVX1skQJULzJmpcHoKHKrk7R5lXnoNHCnnlx1ZcHACb3flw95iXmxM5fnmbAF6Eq+3j+fZlnxurc4QoMfRPj9G2ngBejwtCsxnh9I2J5QT4sr3T7Tl5FQfrq1O5vLieI5P8pKYIphHq8N4uyOGX45lw23Zp7e74c4aftldqGbc35njTVO1L8tyfZgY5ka2nzivICfKI12pjHGiRJx5sqcl0V6eZIk7LklJIyE4rBvoWzagaajJOBsjhuuOQ0ei8iHjRuHq74aLr6u4bi9xvC5Yu9iiLdG4iaMNhjbizq0tMHO0w9zdW+SMuwDb3tsf7/AwPCITsQ8MxtHPBy+/MPyiY3GNCmW0mR0mzj64hoWIQ07BMyIRFz8/ogX8929cYuWipegZ2jF4pCVDR1iLTBg2zIz+g4wYPELuG2XHD2MsGTzagiEa1mhoO6Gl54m2rit6Bk7i1r2wtAnCxDYIY5swLJ0isHSMwtQpHjO3JCw9krF2TcHMJRUbrwwBehGBERPwjygmIKaMsMRa7MKqsAoowzawAsfQSjyjq0nMmcraddvVFcFWbdpJ1ZyfqJ65iaoZGymfvZE5m3cxZ90umlo61HXq/21hlV53rsBcnHmsHfnizhO8jIh21SXKVadbLu9bd93fOnRl/rlHd3d7hOdvk+B6QP6fnLk6dt4z3/w34+cOqnLjlPsF4jHWKtQVZcVa9ypXAF8QrwDdnsIEpYv9/Wvfu3h1O05x7x9mwislYF3ey/m3y7Aqc9PfK/t309kyox1UqCtSXPqW9YvUYkPRNYHiJqPU8qZKDfOk6jiS6mPwmSD/83wNcemWAnQtxqT3ob9vP7Tzvsa4eBw2Zc44VTvhWiZAqowgsiJSHHeUuFkJECqVeuriUgVw8QL1xPIUUaoKvNiJMWq1tciqEAF6AOEVIYQpgBfQJ4lLT65JFiAmEVUWpyawrd64iLaTR7nVeZPbnddoPXqYlr37aD14lOvtV7lx8RqdAvjT+w5w9lQrd+485tGj5wL1Fzx89Ez0nPvi3JX2obj3e3Lf/cfPeKKs9vf6LQ8keNywbx8Z9YUkVCeTWJNGurqQTBZJ8h2UoQgFzImyX8r4v1LONUUpY6sCPYfM2mw1C19JsEssS1Sz96PLo9WchA37Nnb3gkQEqN3sijP30huJq8jNTBcfFwfCQ8NJSM4gI6+EPKXLu6iUlOxCEjPyiE/LIU4Ar8wRj0xKJSgyFmcvP3Huzur65fr6hgJwLQz1dXCR60aQtzNRIX4kRQWTHhcux1sgyeG+WJgaYWNlSrCYhtL8dOpqSqmvq6ahsYFpUycze/oUFs6exKxpDcydNY0Zk+uYPKWRCdX1FPbC/LcqFLgXlotjL6tWwZ5dXKaCPaPwtwl08RnyHdIyiU1OI0KMRbAYksDQUMKjIiWISVYr1i1cuICrnVd63fj5trPMqC8nPtBZhXOQk6FA24RYb8teqCsw7xkzD5dW2VbWrO9+vtLlLnB37VaoOPri9HBO7t3Ivc5mnt5p5+nddh7fOafOB791/Rz371zkyYNOnj7s4sn9Ll48us6rp9d58aSDF3ebeXz1INebN3Lh4AJats/g2MZ6Tm6ezLndc7mwfyHtAvdze+fTvGMJx7etZMP8SXLuhmKpp8knH/2Fz/75OX3+9SWff/IZf/3Tn/j4fz9m7JCBTCmJZ8viUn6aW8iP03NYOyOTjbK9dnY+W5aXcWDHAo4f20Rryy5axK3v2LaMtatmUJQfj521FkN+EFf+zee/AbmSAa+49z90bJ7C8YXl7K4rYHtZCkcaUrm4tpJb++Zw6+hiOmXHWzfP5ujymexorGJ5TgxzE7yZHO5IZYBcTP3cSBWo5QRHUZo0norUMmbkFLCiIF7eM53DU5I4NTORy0tSuL8uQ6BeD+fmQrtA9ILS3T2nG+rHaqFJYN4p952f011F7opst08TTRUXP16Ym8u7w+XQ3CjOvoF3x+p5uKWAS4uj6VgUzYX5kVyYF8252cESNwRwvN6TLblmHKp2EZhHcH5BDCenBbKrwpWd4x04MNGG5jp3bi6L4E1zOe+ebeLdi13y2bW8WRfFVXHzmwu9mZTgQV2cJ/XxrtTJRbUk1IZYOZjsDSUa1pDIWKLlwT8Mp9/Xg9WDc+WaZYwzNmCcpR6W1lYYWOuLGx6KpRx4zp522HrYY+vuIrcF6Eam6JvqYWppIPA0xsTBChc5ge0E9h4SxdvLb+sW6ItbSDTeEjg4+XoLsAPFoUfiHBrAMCML9BzdsAvxx8E3DAe/cBx9vPAMCCXKL5RoCQiGjDbi6+/16P+9PgNF/b8z5KvvDRg00pDvhluITBkwwpSRYyzEBdgwWscZDR1HNMfYoW/ghqmFD5b2QRhaB2LhGCoXl1CM7AXqrgnyHeKwcorFWlpHn2T8wwrkxC0kICxPwD6ekOgyrH2KMXUrwsx7PKa+heLmJ+AdW8H8BXKy3b/PxMaFROVPIyZnOvFFU8msmUHd4qUUTVrA3qYzPH5w97+WclWduQA0L1LpZjck0vX9PPMeoL9XtPsH884VKePliiN/nwin6MOFVxSYfzhm/iHM/xPQc2JtVeXGKe7dmuxoK7KiLNU2M6ZbCtBz3jv3Inle0XuoK93yBfHKbRvV0SsO/z+Wfv2dst+v4Na7mMt7oKswV4rPCNAzouy7gR5hw5YNi3jw5D4xVWEk1MSQVBdLXHUE8ep65kmk1qcQUOaDeYkDViVWmOYPYWRiP4xLhmJfY497QxROAuXAinC1S1oZZw4VKIcrldoqlW7ndIFbsgpFJaEtoyZHLQKTKE5dGauPro4UqIcTURFBlFJ3XXHB1eKIKxMkMIhVl0atm1ND64GfOb1rp7iqW7QfO86xTRvlgrmD620X6Tx7Xi6ie9mzdAmHdx7m2rW7KrQfiR48fCrH0xO1VYD+4OFz7t5/xq27T7kj7b3HL3iggP+pgF6gvmDTevnsRHHhKaQLpDMF6Mo4fny5Mu6vOHSlWI1SwlUJWFLUxVeyanPleTkflJ5NEEcf0wt05a+l6QiRtoYEm3V3t3vpj8TDVAdfAXBIgD8JiSlkK+WdS2soqhSAlteRP7GK/AmVFEhbJE54gsCzsqyUmgmFFGSmkhIfTWpcJGW5ydQVZ7BAPn95XS7r5Bq7rjGTLXPK2TCzlLVTc1lalSEBZQATMsJZUJvDoXVTObV1Lie3zhPNFzgJoHYuoW33Ci7uXyVOcy0XDqyjdfdKDm1azOJ5M6ioa5B9+wDmsp9Kq+6vcvsDsCuOXYF7D9iTcvLUOeyKe09SAJ+eTbR855r6RjZv3doL8cePn7B//2HmzV+Cl7UBjoYjVTCrcBaFORsJzM1VmPeMmSswV0CuPBbiaNAtua6qSXDizhWYh3tZkZ8UxJp5jXS1HaGjeTd3r57mmlLtrfMUHa37udB2jJvXznPnhpKZ3sGjW1d4fu8aLx9d417XcR5dPczjzgNca1lP+4H5nN46haMb6lSot+6c0+vSLxxUxtYX8/OyqZSmRWA0ahD9+vyLz//5Lz752yf882//4OO//C8f/fkvfP35ZySHebFjxWSObZ7F1qUVbFpYyvYVFWxbXcnGhRPYsrqW3TsWcbxpC21nD9BxvonzrUcE7LtZv2a2QD0OfZ0h4tQ/VxPkFH3/raI+ct9n/OHQHHmjskKW5+awKD6GlZH2/JxqSvPkYC6tr+CyutDJXHZNn8SG8kI2lCQzJcaRJPtxOI7pj/mwAfIlRmE5Tp9QJz/yo/KoSZEILCeV9RMS2VKRwJ66aJrnptA6K4pHmyeIKxYgX5wPrfN41zaHX44LyG+sFIAvFue+tBvkd1bDqx3wRg6AX47CvVVweTZCXwkIpnV317dOE6jX8WhTDl3LE+RmIBfFoZ+Z5k9Tgwd7Kl1YmKDHRoH6jlJXFqVbM8Fbi3jLwTgP+xynoZ8Sqvs1411GsKfUiXsb4mU/5vDu8Ro4XMLjZdEcrwngxyJ/luX4MTvdg8lKJrK/JS7G4xgxaATffvsDX389kC+/HMhXX/3QPd47bzoj9cWZW+mKm7UR522Enp4e5nYSPYZ4S8Rtj72bM6bO1th6u6FjrI2dszmWtubi1q0E+j44uzoQKgB39vTAwccNcxcvXAICsffxlNf44RMSiru/DyN0jeVzXATkXjh4C3BdPDGX19r7RWDuEISpgQ1fDdQSjeMbab8eqCfbuvQRwA8apsPAwYYMGGLEDyPMGDbGiOGaVhJ8KI7dhh+GmDNawxYzUw9sHALRN/fEzM4fa7sgdCwDMXOOwcQ6GAsBvOLarV3jcfHNwsM7jbCgDAICs/APzcfMNQtduzR0XdPQc08XJ5+HU1AOWdkNnG1vJ6WwnIjMGmLzJhGdU0dCSQ118xeRWTWD7YdOcvPqxf+aBFeiQE3cc7yPYfd0tJ7MdaVL/b2UOeeR7jr/Feg97rwnAa4nCU515grM309RUwrIqJXalO52RdFK66AqO8ZWVU60ImsV5pmRFiJLgaoouluZsp0bY0OBPLcoylrtXSgRuJcK7KvjrSkR8Cvu/bfuX5TopI7B/37Rlt9AXlnNLdFZhbrSFa9WlHu/5GpqlB1bNi7m6q2rxNUKoGrj1HrlsTUC97o4Uhsy1fnTSiZ3cEUwbhPccS0ai05BHwwKNDEtdsCyxAvrvAB5PJ3oqhQVwCHiZkPL44hRgF6ToSqjLkuta66MjadXZ5OkrIkuTji2Rp5XHSsBRQyJteLKa1PkdjJRVUni2GME8ins3LyOY6sX07RlGxdOt3H0x43sXjiX1kNNanf7pRMn2DK1lj2r1nP7xlMV5I+fvFTd+YOHT7rduapn3L73VGD+mAePX0kg85o7AvjbD7rB/vjFazpu3qZoWjWJ6jrqWWTV5JJVnauOrSt165XeA8WhKyVo48qTJGCR7ybfRyk7m1b1PlCpSFJXf4uriKd+aXfd9injxV3bCGjMtAkw0sDPbBx+9haEyLkbGxtHRm6BALya4qpGiqsnqe2EmkZK6yZT2TiNmknTqa8uZ+rEdGqzI6nKimZacRLzKzNYIRBfUZvJagH52ppklk8IYXFxGJsnZ7Bago9VZWHsmp3HvmWVnNwwmdZts2nfJY5y7yLO71nIBVHHvmXiMJdyYd9KAdNqLh/ZwLXjm7l+YjNXjv3I+X1rOLp5EasWzWD2jKk0TpnC+Mpfwd4jBe5FH7j23AkV3WAvmqBmxyuJdBmFpWzduefXOurPnrHt562kpScRGRlFXeN06iRwCXQ0UYHc47ZDlG5zJyPC3Yx7k996HHqPS+8BepCjYW93e4C8JsLbmkpxs4fE2d7uOMKNC4e5cUlpj3K99TB3rpzm7rV27t+8rGakn2+VY+tsEzcvtYibP01Xy3Y6T4jZaPuZG2d/5HLTCtr3zuPcrjm075svgJffUGB+uUl+u1PraT64mG3LG5iYHIresKFY6BszYvAQvv3qaz79xyfo6egwoO+n2GoMZYIY4cVlSQJ0eb9jG7javo87t1q4c6eNB3cucbnjBCeV7vvjO2k5tZ8zoraWw6L9ct92tkrAFRvlie64oQLzz8Wp/0v0T1UD+/2LP2yqKmVOUjrV/iFUeHjRKBHRsmBdDmRocL7Og5aFheyZVceKkgJxqsE46o9lwOd9+NdHH0vk8Sc++tMf+ftH/+CzLwYzbIQ9wS5R5IUmUpcQx/SkYBZmRfJjqbj12kQO1ERwY0MZbw7Kgd8scD4lTv3SWt7d3sYvjwTedzbz7uku3j2SA+DNCXjbDO9a5TBQCusf657y9m63OOkf4cF6cfKz1HntXJnH68NVPPgph8sLwjk9yZM9ZQ5sLrJlaqQWk4I1KfXWINB0CIO//Duf/vX/47OP/sQ3n3zEKPkRTEd+h843n5BpN5ij9R682JkpYXY1rzen0jXLhzPi4vdOdGVdgQuTY63I8TYSoGsybvhwhg8ayg/f/cCg7+Qf2G+QetDWTqpimM4oNEw1GWWghZaxBpr6WhhZ6uMf4IqTqyUObo4Y25rg6OWCjokefsECZBdrjB3NMbayxNHFirDQQLw83bHydhRgC8y9vLDz8cDOzRs3/0AcPB3lc/TQs3XB2tsVK2dPLF19BaBO6nQ1TftABg7Sof8Abb4aoMEX32vSd4AOX/XXos8ALb4bpM13P+gJuA0YMkyX74frMmy0CWO0LRk0ypTvBpswZKgJhsb2WFh7YWzqLa035pZeGFr6YmoTir6ZL4bmPphZ++PgHoWjRzTuHpEEesUQ7p9EUGCqOPhkxpjFMdYqRvYpDhP7BGw9EnEV+BcXNRCdVUJgchlx6bUEJRcTV1xC+dRZxOZXqb9nx9nj/w70WKUCnC354dbizPW7p6a564t0VYUJyHsUrkJe59cud4F5qFe3wn30iPxgetqHzlztZv8A5grIe6WMoyv3RdmpUqvFiQvOjVDus3oPcwuyIyzJCheQS5sRIfdHWVCZbE9dspPImYpoG6ZkelEvznxqoh21CQL3OJvecXJVimNPFMir4/EO/w7yHoee4PRboMvrsmJl39TMd3v1t2y9dE7ceBopAoQEpbtdlFqXKjDPI29yIen1OSQ3pJFQrywxaoPp+IEY5Gujl2+DXqYpGlFGGGf74VQcKjBPJFSgHlaZLM47hcQapY55BunvE90Upcp2Qk0qCQLIWHHpscqc75oUCSCySKzLENeeRqQEA2FyjcisL+TgpnXsnjOVkzt207z3MAeXLWLf8qVcPHWO9qbTnN32MxtnzOXyhds8ffpaLVf85Gm3Q7//4DH373e7cQXmXTcfq+787gOl2/2FCnNFCtjvP3klUH9De1cXlfOnqs5cmQevuO+M6gx1PD25MknNelccekyZAvVEdSghqSxVLUmrLgFbrsxlT1SBrqyHfqvrGjEuFkRY66lADxQF2ZsT4ulGTGQEaZk55An0iirqVZCXCNAn1k6hQkBeNXkmDTPnMXnKZIqTw/AxHYPV2AGq/MxGkhtgRWOSF7MKQpiZG8DsnABmZLgzLc2DudnSJjiysjSMIysraN48ndYdc2jdPptzO+fJ9txeKbfbdy/g/G6Bujj0tr2ruNq0ia7TW7mm6NRWOgXsF/es5PyOpZzespiV82dSWduggr3oA6j3gF25vwfs3arlUufV3nHxo0cPM2HieOwdrDC3MMLM3AAbWysmiruP9w8mwNaUEBel+1wcurNRbxviakiUh5kE5gJxd5NeoCsOPdhBX2RAoEP3VLVQVzNC3cxJDfdgyfRyWo9s5tbFw3Sd26MWg+k4sYnLJ7dwV1z6qyc3efn8IbevX+b8mWMc37eV00e2iSPfQ8fRtVw6tJyuk+u5075dtJPbzZu41fIjN9s2c7V5I1dPCYybt3LngjKf/Ah3Oo5x4fguNiybS1ZiOC7W5tiZmWCupYnFuGG46P1AtMVIJqf5s2NJDVdObuKS7NPDu+fkGO7i5es7vH77gFevH3HvQRdd1y5wpvkIR4/tFpDv4djBLezavkICvXyc7Y0YNLBPL8R7WhXoKwsKmJkQT12grwDdglInbaa4jWVF5Dh259ixqySGFUXjKY/PxM7YhU/+9jmf/u3vfPP5F/T78isGfv0VP6jW/0v69v2BkWPccLHwIT8wiIrwACbHhbOuJI0dElU2LyjhwY7pvGtWEuQEyl17xXkf4t3LEwLpAxK+HeHdL+1KxXEBt3IwKGp/315S6gcpC+vJEbJLniuvv7MCri8SV71YAgJx1Rem8nRbDpfmh7Op0JZp4doC8rEkWg/Hcew3DOzzZ/p+8ldGDfwS3eHfyQFjzoL6bApj3Rkz4HP6/O1/sBz8Tw6V2UnckMabrSncWeBD51RnzlTZsjXXnBmRRmQ66+BrMhY3w9E4ag/HVGM4GoMHM3hgN9AnVBYxVHsUw3RHS6uNtrEWQzQ1GGswVrYNBeTGmDpao2eui7WjBdqmOjj7i/u1NhaXa4OVtZLI4oqjr5c4X3FGblbYuHmI47bHyt0eR09Peb6A3sOeYXr6AnRHLAT6lk6uWHuFikN3wdLdH11bV775bixfC9C//n4cnw/U4LN+o/mi/1j6fjuWgQM1+X6QJoOHajN0lD4a4wzx9ApAU8uccXp29BPoD/heGw1x7QaGrugZK+N4bpiK9I3ltqEHmtqOGBm542Dvh5d7KBkxcoEOjMXdKYJgX7nYByRjah3FYP1gRpqEMdJUAg3zCAzsorB0iJUAJ5uEjAn4JkwgNHECnrGZRGQXkF5ZjX9yQXe1rcM7fwP04lgbxourzRFAKjCPVuaRu/06DS38dzBXge7xq0MP99AmxFseF5hH+BkQ4/9rRnvPmLnSzd4DdAXW/w50AXiklarMSMXFW5AeZk5WmIA81Iz0EJNuBZvIbVPyxbXnCOCVbvW5Bd4syPdlYZEf8woU+TM725v5sl0q361Q7bK3EHDbkBWnJNPZ9ibWdQPd6b8CPfs91HMSHN8HAHbq69NjHNTf8qhcvJKUJUjrMklSMrarlIIw6eQ05pM5KQfnQmcMssZiljlGnLsDTkVj0M3VQC/bHJ00LcYkjEY7zRD9HFsCy5SM9ETCBHIRVanitgVy1eLUlSSyBvkfNuQKtNOIqRGYVycQWaEsfJIsn5tFRmMhKfW5xMp2pOxPuEBy8sJpHNmwjN3zZ3Hu0HGObtzIzkULOLlzHx0tF2g/dIifps/g1LF2Hovrfvb8VS/Q1W72+wLwG/e5fvU+ly7dpOPiLW7dfsINRXce03X70XuHLo7+5TsePX3FE3mPlitXGD+5Rh0iyJD9SVcz4NNJkd9GydSPVbLeS6PU5L9oBeJlSrJfAlETYrtvC9AbljV2D7ctmEmEkwkhlloEWmgTLEF7mJcbsWHBpKSkkVswkcLSGgHg74E+g7rp85g0cz6VhZlE2uvjrPk99qP74az1Hf7Gw4l1HEe2nxl5Ybbkhtmriw1VKkGtjyEZbvrUy//95xnpHFtfx6lNUwXE02kWtWydyenNUzj9YyOnfpqiAv3s9rmc/VlcuwD90rGfVId+o3kb10U3WnYKzLZx5dB6Ovas5tJugf6O5TSJO9ywdDbTpk2ltLr+N2AvqmpQNb6qngk1k0STu8fGz7dLgO8sADfEwtIYSyuT9zLF0tKc4OBA8tKz8XawINBJT67JBr0KdOqeVx7hafZrEpyrcbc7dxaIOxv2VoRTFCTuPtrXjoaSDHZvnEfH6S2cP7qB9iPraN2/nFM75nFRgP70YScvnt3lwd0bXLlwjhOH97FlzRL2/LiYM/s2cGr7Mk7tnM/VMz/y+PpBHl49Is79KHeuN4tauN5xmsvtp7jTdYGHt6/K+93g6aPbPLh9nc4LrZxvPsyPK+YxrVq4mRVNcZwflSl+bJw1gabNc2k7sIa24xvpaN0pQG/lycPLPHvRxbOXN+U47pLg9A6Xr5znTMsJmluOclJc+uH9m/lx/RyqyrME6CZ89+2n9P/6k99IAfsfZiUmUO7jS7GbkwDdhClycZzupalqXqQns1IyKU0oIMYnk+Fjffj2qxH88O13fPlFX/p89jn9vvlKQPYtw3/ox7CB/Rg9woBRWv7YGnuS4evHtORY1pQkc3xBBU/3LeHdSQGvRDlcEZh3CsTvHYVXAu131wTmAu2351WYd0NdWey+U3RTWaenuzjN64Pi1LfB/XVwdzU8FbC/2sK759JemyfvO5cXe0o4WOnOrBgjcuSi7mYwjKF9/86ATz9i0Ff/YnD/vowc1J/EKFf2bF6MkTh0w6H9GPPtv/jXx38m3rIft5eF8G57OncXenNpij1NJUZsz9BiVfRopvuNpsZtqOg7Sh2/pdJ5EGWOgylwGKEexNnjU8U5azBEeySjDQwZqy9OWFuLofpjGaKjhYa5JqZyouuY62BiZ4SW0RgMbYwFmNq4+jgQHRGMk7sVdh5u6lrFlhLxW7o4YSjOXddSDwMra+w8PbBws2eQli6jzMXVu9li6uyKgVsIei7OGDo4M1TLhD7fjqBP/zF81n80n307SkA+gk/7DecLAfsAue+H70fR/zsNRowQ6AWEEugXg5NTGMNHGNJf6arvr8Ho0abo6FpjYOIg0bXsk6m8v6ET2tp2jBljgb6ONbYWApCYFBZNnk1DQSEB7mH4ekUK1MMwMvNh4DgvBuv58L2uLyMNg9A0C0LPNAhvf7l4JRfiHpGNR3gG7pGphGVkE5WTg0dU97zpw9vX/JrVLs68KFYAG2pOrI+BukKa4rqVbPZfM9i1Pphv3j1FLbx3VbXu8fJwb3mdrz5RijP/D9nsPZXgetx5T712Rd23Fcct4A43JTXMRF5nTEqQIWmBioxIDzImTZQRbES+wL4szoGqZBeqkx1ZXOTDEoH50onBrCiPYMmEUFaXRzEnz4cpWV405vqQF2MhnyXBQZx1L9CVLPkcJekuzrlXPV3winLed7nnJrmQm6gA3kGcugJ02Wf5/ZS/7RIcJZQp861TSFALqcSqddQTxFnb5pmjnzkW3fxh6OQOwiVTg/yGAGwKtdHJGYhmZj90sgXuGZYYF7iLK08juiydSHGrMbIdI1CPEmAni/POmlRIWqP8H6vjCa2KIlwZby+LFLArU8ByyJ5cTLpAPb42j+hKgXppKqvXL2ff0jkcXLtKHPoO9i5dxNGfNnH2aLO4mTZ+Xr6SfVsP81Dg/fix6Mkzufg9VRcWUhLjbty8T6eAvL21g5bT52g7e4mrV25z9doDLl6+xeWr97h+8xE35fVKWeGHz1/z+PlbgfsbTgh4pi5fTEZ9sexflroMalJlHImVSp132e+KCHWZ1ciJkeocfqVmfIwK+mjVnW8+sJkXz5+TGORJkJ0B/pY6BNgYEenpSHy4BLqpqeQVFFM0oUbtplYc7fjKhvfd7ZNVoNdOm0tN42QS/OxxGjNQNECgPgBvgyGEWGkQ76ZHmq+ZHF9WJPnLcRlkTZ6fMTFiWBJddZhd6M/+pcU0bagXcE/l1OYZantyfQNN62o4sbaKpjXVAvtptGxfSPP2JbTsX8eFY1u4enI7Xc07uHFmu4B9O9dPbuXq4Q107F5J+87lomVc3LeSKwfW0i6Q37tuETOnTZb9b+juen8P9GIF5nVTKGuYxr7Dx3jx4gXOLnZY25iJLMSVm7/fNsPKygI7OxviEmLx8XTGR343dS654sxdTAToCtT1e2GuzDcPU118D/ANfh1zdzVVu9qnCPB+XjuXM0c20Hp0NW2HVnJ6x1yO/DiZlgMredDVws3LLezZtoa8tHh83dzw83AhMcSf5FAfyjNj2Di7mpN7lvPwxgme3Gnndtd5CRDbWLJ4AZMnN5KSnExRURHzFy9k777d3L17i9dvXoie8/bNK16/lOPy3g1On9jPxbOHuHz2IFcvHeXSBdlu26dWoLvd2cSDW608fyDBxZMu7tw+L4FnGzdvd0gQ2snFjnOcbT3FgSO72LZjHcuXz6K2OkeuqZaMGPKVwPtXkPe4dGX7Dw0hzpR5u1LsakeRox6lDmOocxnDJA8jGiNiKI8tITM4B3/7KEYMt+fbqMsM8J3MJ598wRdffMnAAd/yZd8v+KrPpwwb8CUmowdjrO+Jpm4KjuLoK6JC2DMpm/s7ZvNL0ypo2YKEhuKmBeqdu+HBMXHb4ryftsBj0cvzvHvaJPBue+/K5T6U7bMC+8MCbwkEnm6FRwLwG0vF5S8RAy8gvzyru1UK1rRP5un2InZV+qjdmIkSvWoO7MPo/p8y+Ns+9P/ys+6J+d/05ZN//JW+f/8zI7/8G3oD/8n3n32Eu85nnG6w5f6KEDpn2HOqwpSNKZrM9PuBWtf+lNl+TYlVX3JN+5Ks8w/SdD4iS/8jJph91D0tKDsZDVNthowdyVBdXYZrjWWAxlgGaY8QmI2Tx7QwtDRA11wfU3ul+tMoDMwN0DHUwMnFjPjoENzdrDG0thJHbyZu3gQTe8XRm2Nga6BOhbNxdsHUyYpBmroMNhb35GCFsaMbWs5B6DrboWdjw3cjtOjTb5iAfCRfiPr2HyHtULk9VO4fwbfy2IABQ+knoNcbp4+9gSkjNe3Q0HBGa6y5uHdt+g3SYMwoY3S0zQXiEjQY2WFkaIOpoR3auhZoaZphqGWMi5kt3uLSjUyCCXELkpMrDBcHPwIlwDDQdWLgKGeGa7szWMeT4Xq+jDLxQ9PAF1ffVMJTBehB6XiIm3cOjScmN5eY1HTC4jLU33PHmjm9VeGKo2zIFhccoySyeep3Z6q/B/qHY+S/vx3xwTzznqlpvSuniZKUMXOlCpwAPb3XmStSktuUMXFpoxW426iOXIF5mgLyECO5iOvL++iS6K9HsiIfXZJ99Uj1NyDVT5eKRHsWFocyLz+QGZluLM33YH1lGCsrwlhdFS1tNGurYlleKnAvjRToO1MQpzh/8+7Pj7VWYa4C/b1D/9Cl9wBdBblIdegixa33TGVTMt+VvzXb1xJTEkfcBHGeJdHqYikpFanY5BqimzcM3WwtTJU56QJxi2xD/CYGoZ89mJEpn2GYK8dvkh4mBV7YloWRXJ0n0MsmpjKVBHG1sQL1OJEyDSxVlFCXSkR1DP7lwQTKdwtVVzNLJLU2h8xJBeLQc0isySK2Ml3cbwpbN69m14IZHNv+M0c2bmDv4kWc2rZP3EwLp/fsYeuyddy++ZhnCowfv5ALqQLyh9wW5331+n1xNXdoP9fJqaaTNB0+ysVzl7jWIU79vED+/C25SN7jwsV7dHQ94Oq9J3Q9fMGDZ695KkB/+fYdD9+8Yc6G1bJ/WaTUpHaDvCpcXSo2vlxZyCWU0JJQgkuUDP0INXFOKRWrrHuuHqdbf1IX/fAWmHtb68t5YCvO3I+0xETy8gopmVhJcXnte6DXvwd6gzp+XlY/Re1yLysvw18CfuuhX+AmzjzIfASBVmMJtNUhVOAW62VBop818d7mJHgaky7HdqanEdNy/Ng+J5tDq8ppWl/LiXX1NK2t4+hqgdPGRk6Ia1e64pvW1nJoTQOndi3j9L6NNO1ay+n9G+k8s5sbrfsE6NKe3sH1pk3it9ZxccdiLuxayqX9q7l6ZCNdpwT8J37m+jEJtHauYN3yeZTX1IpLr+126tWNlNROpqxxOkvWdGf819SWY2snILe2FKBbyLaFCnRbWytsbKzEqVvg6+uPj5NpN6x7pqE5GapAV4rGRLqb9SbEBavu/ANn/h7qUb62zKzJ58C2pZw+tIbmPYs5uWUmR9bWs1905cwWDu5YRk5KJP2+/IT//csf+VxM6fChw+j7r38y9NuvsdUezcLGYq6cP0KXuORlCxcRFhSC5ujRjBszVp47lCGDB8s1cRSjRM7OzsyePZt79+6qQwu/vOtei0IB/L37NyXAPMftGxd59eIuz5/e4J6A+6bi8jvPcPfmea5faaHrWqsA/YIEm61c7zpH+8Vmjp88zPIVi6hvrMI3wBV7OxNcnSzUqWvDB3+jjp1/6Mx79IfJ4iKmyIVnqp8eU700aHQbTq3zCOrkgKmMyKMoppqUwHwC3PLlAh6BXdExTOKW8/FHn/Hpp1+L+vDxx3/n079/wncCSrMxQ3Ax0MbKKECCAIl4Iv3ZXlfElR9n8ezAMt42LYfmlXBO2k6B+jXRTQXwPyHhoBhxAfdzceKPBd6PldWKFJgrcxQvwC8C/lfi0B9tEpAvV8fOubZA2jnylGlwfpK0U+X2dNFsXh0o5ciUIGpCTbAe3ZdxAz5maL9P6PPPv/OPv33MX//6V/7ypz/R529/QvObj9H+5q9o9vsb9hqf8WOWDm1THDlTbUZrlT4HxxswOWA0cQZf4T3yX9gN/Atm3/wJvb7/L9qf/xGNT/8ftD/7o3oAxyTHMsZUk6Hj5AJopM8ovbEM0xrBcLltYmeJtqku5tKa2ZmpyXBGRhpYikM3NpHfzVEuBAHu2NkYYuUsULcyxUwOdBs3Z/QsBJ72cuG1McHSyQFj+QcP1RHA27pi6uaAkaMX4+Q3HyfvrS8nT/8hmirQ+/QfJk57tDhuDb7sN0qF+Wf9hvDl14P46psf+PKrYWiP0cR0rJYEARIBjnXERN+eMSP1GTpIC80xhgJuI3R0ZF/1LDDSF7gLzPUNLNAca4CpjhE+1g5Ym3lgbhlNcZI4v8AAbM3sBPJeaIwyY8AQG8ZoOjFa04VRAvXRRl4CdC/sPGOx9otirLUfFi4h2AbKhTIvExtx+G5+3XN6N8yv7e5qF7ecE2JGjHdPdbf/DvQeqcujenQ79A9Lun642Eqy4syV+uwfJMCpddqjurPVe8bDM6Mtu5PdQk1VkKcEG5Lkq0uCjw6xPlpykdUi0UebBG+RpxYpAvYEOacKBfyzs7xZlB/A4nwvVhZ6sbk+hh8b49lQn8DGhmRWVUSxWsC+qDCE+hRXCqMsSJfjVkmqy4x+nyGvunR7VQrYP0ySU5Xs2gv07A+635W2B+jz1s0jskjAOl5RFHFFCQRN9EcvZzAamUPRyZJgM1sb4xwDtNOt5H5fdDI1GZXQn9GRmnLbE5vicDwmxpNWK1CuyRGgKV342SRWZ5BUo8zrzpHbGcTVJhEu7tyvPEgFelBJuDjbBJKqlO7+TOLF0cdVpQjQkwWYSezYsoatsxo5tf8Q+1evFKe+lpO7DnP5dCvblq6Si2wXj8SVX7t8jbbmds4eb+Zi6yWuXLpNR8cdLl68Rdu5KzQdPUXLqXNc7rghMO/ifNsNWluv09Z+m5Zzoo67tHQ+pv36YzpvPKDzzjMu3nrKrUevON91i/zJE9Ws9bCyQFEAUdJGlQURVhJCeEmEuoJblDJdT6n7Xh7Dpv0/qb9tVkoMnrZGuJrr4uVgTqSfFynxceTm5qswnyggLxEpWezdDr177LlY7aZuZGJto7j4HHxMhuOh+S0hFiNJFFhHe5oJsJSkMaUimiWxAq4oT3NiXPSJtx/L+BAbVtXEsWdhPvsWF3NwWRmHlpVzcGkpB5eUcHjZBI6uLOf4miqOrqlh7+pJ/Lx+EZvXzOfUng2cO7qFyy17ud1xjJvnDnL99C6uKUDfv4YLO+aLlES6VVw/upEbp7Zys2UP15t/puv0NtoPbWDD8rlU1tWTX1VHnvKdxKGXikMvnzRD/V3OtJzG3sFSBbkyhm5nb6m29mJSFIeuQN3ewRFPZ1v8HLR+nU+uzinvduNhSoa7m7h0UairaW8BGX/77gAg1tdOzoUA1i1sFHe9nhO7losrn8mB1XXsW1UjQeI8dv80Dz83Mz7/5H/55O//y6BBPzDwuyF89llfvv+2Px6yP0WZieKij3O66SgG2gZojdFm6PdDxRUP45u+X/LnP/6PmrWuJLx99UVfdTGcrKxsWs62qVMm30hg+Pq1BIlPn9HZ2UnXzU4JJk/RdfUcN69dkGPytByvp+mU9sK5Y1xsb+LM6b2cPLmL5jN7OXFyN9u2r2fOvOlMnlJHfUMVGalx6GqNQktjOEO++5pBA75SM9u7x82VIjP/5Jsv/kHfTz/mDxNcxzHBeRQTnIYz0UFkP4xS+1GUeyljNNVkR00h2rsAV9t0ho1wYfT3oxgyYAhffP6l/Cif8rePP+GTv/2d7/v0YUS/L3HSH4O/uM9Ebx8ak6P4SaLv44uq6fxxCk/2TuftoSlwbArvmqQ9LvA9VAunZsLFdby7JqDu2MgvL1rUZLh3T/cJ3JUFU47APaUG/BoB9Qp5zlK1brw69a1V3uNco5h4eZ8zlWLoKwTsdRIsCOAvT+PVUYlKpwZTGSaRnPEArEd8is6gz+nX52M++eh/6PuPPzHu/2fsLaPsOLJE6/71YGa6ZxoMslglrFIxMzMzMzMzMzMJSiWWqoQlZmZGS5Zly8zQ7m4zaH8nsyyPG957n9Y6K/NCXV2IjH12ZMYJgbndwt9iMf93KvjTvY3Znm/FtVZHLtSa86DbmnfGvLjQ4s5AvBHp9hrqFfKBui/gvuyPWM/5HSYz/50kv+nlKZNz0nHwc8HQVrFxR2zcHTEWWBvYmBKRnIxvZBiRKUkExoQSFBuIo6slzp422Mtz3LzMCfIVcNoaERKtXA3vi7ufE94BPngG+OIWIJltsNwX5D8NdEtbbP3CcAwKwNQ7BDPvaCx9fLAS+C9easzCRXpoLFrOgqV6LFlmxLzFYukL9Jk1X5s58zWZPU+APtcQUyNLAm0dMNE0Qlcg7ijANtSxQF/HGmMjG8lILbE0F3OzdcHZzgVHW0dc7F2wE7i72zsRYCef08AGWxNnkjxdiZD34OfsQZCbv7yGMmXOCVNzX8wsAwXkIRjbKVXqQvALFHAnFuEakY1bZDJ+SWJDdeXYSGJSWt+jfp8TwzXqBXCVCS4CSLHrCNufq7v9N9Cfxb8E+rMr2v9hrvkzoCswV+LZ+fJnw+rTZq4MrbuqUZzirJ4TL5IEODfailyBd264OTmhpmSHSQQZkxdqpt7ODTGlIMSM7FBjOY7cGa8OZ0t9JDsEnnvFzI+OFHB0vJJDK0rZ3ZPLRHMKWxoS2dqYQm+BPyWxYvmxtpSmulGc5vLLtLdpU/dWz41X5/r9/ZB7fuDf2fmvY/VgtfpdjkwMki7/R1pdCul1aeQ05eJR54F5jT6WNYbYVlnjUm+PTbkrdgJvx4YMjDPtWRq5EMd8V/xrYkhWyrMqS5721oilVwu8xbiHqinrn47SoRoV6Eo1ufSuDJI6U0lpyyZVWd1MEoHs9nwBey5ZHXlkKZXZepQSsfJ97Nkk38kwN09f4MqBA1zet487l69x7egRjm7bx1//JsB98Brnj5ziyPZtnNqlFOK4xKOXX+NlAfzDh28L0N/m/h1ljWkx8zc+4fFrH/HgwYc8ePSRwPxD7j34gJsP3ubqg4+4cvddrt18hcu3nnDm6lvcffwZH37xPZsOTalD67HNMcS2hkvCE0lqW6y8f/nOWrJI/dU0tZyfC8m8fO8OEWLnQe7WBLjbExPmT3Z6MuXl5TS0tNHaO6Ced25WgNc5benP4hnUm8Vuq6rKiHbSJ8J6MaleRpQneFGeFirtNFgtYapEWrgnyZL4Z/iYUxpmwxZ5ryelLZ1cW87ZDfWc39zMxa1tXJxo5fLWRi5tquPC+mquqcPxQ0z2l9PXXEZHQzGHNgjkD6/jjdvH1LW+P3lyk09fuzp9xfvFKd48v4M3zk3y9qUp3rqyl/duH+T9+6f48MFp2Z7knRsHeXJpLyd3bxRTH6ROOaf+s6W3DqxQh92Vf7l5mSrE/fw91fAP8JoOf18CRE7cxNItTY0J9bAmwX8a1tPm7aCeS08JcZWk3EW19eRgp18sPilIqRjnTm6sH83FaRzcsoobJ3Zw7dhGrhxcyaW9ffL5Rjm7b5ShlkKsDJcy87k/8Mff/xfz58xj5oyZzHjhBelvrWiVfue1B7d55eWbBPp6M/MFeUwYp7NMGx1NLXUq2r/9j//Jf/77fwjz/siMF2dgZGxOa1sX5y9c4d33PlYLHP3lr1/xpiSdH338Ofcf3pd2JwnC3YsC8zu8JgB/5cEVHtw5z/2bJzl1aDMHd41y8vBGTh3byr79W9iwcTWlpcXynWWo4eJsg5ebvYjRcnQ1F7J8yXx1utqM537L83/4N577/f/iD7/9nzz3X//Gb6r9LagLNKfO34BaAXqV93JqvfWoD4uiMm2YjIQe4kLr8fQoR8cgEP1lFjgZGgq8ZwrEZ7DkpRdZ/OLzLHju9xguWoCPlTXRnh60p8awoTyFU4MVvLarly/OjPL16W6+Pd6oVmT7eHs+X0wV8N3pRn56bQNPPzvA0+/O8dO3lwToN9QL5Hh9J09f383Te+v48cow31zo58vzfXx5rotvlcVXzrXDlVZJCprhUi3caBGRHxSQC+RfH1WBztur+eZcHReHJMHIcCLNbTnBZnNwWf4cNgv/HbvF/yHxn5jM/i3Oy+dSE+/MRFsi20rsOFNlyYlSI67Vm/CXCX++P5jEO5tiOdHoxXCyKVW+OqTZahCk/yIuYv/jfU1q4w1PicLJ2x0ja2vMXJThcm+0LAzQMtUnNiOHqLR00gpLic3MkEjDRYzbxsUUC2tjHN3M8JdkwM3ZgvTcJNJycwmK9CchPZHY5FQCooIJTpCkIFw620DF0G0w9/QXqHti7S4HRlA0Nj7K3HdPlmoJ0JcYi4XrCMwNWLrchHmaBsxcsJxZc7WYM0+LBRrL0ZDHNZfoYieNM9DeWYWynp4V2gJ3A10rFeYmRhZYmlhha2Gjhou1E54Orjjau4ut2+JpY4Odjh4BxoaE2lkT6e+Dv5cngV5+LNc2Z94SKwyMvbGyEaDbiqnbB6Bl5ot/cDrju08zsu0sYRm1RBVWUNjRhldcEVt2TZvPWGsOlYnO5AjMs8TMM1SQ2/xcFMbq53PjVtOLrDybtqZc1R7239PTni2F+uxqdmVa2rPz5oqZP7PzZ+fL1Uj3+AXopakuFMbbi4FbqfadGWpCZrCRCvFMOXYyJLJ89MmRbXaAPrkBBhQFG1MjJj9YHMiaqlDWVgWzQ2x1f18Wx1aVcnJDE7v7itnanElVjBv5vmaMFofQki7vSxKEwigbihOUYX17dfi9Qky9Uilak6PA3JfqvH8N9F+D/NmQ+4lD01UMO9e2kaOAVQw9uzmLtKZsHCptsak2xUrCstQU+3L5LatDcW5MxrFJwNZVQKFShObnsqfF3cr65crULWWKlwB8sJKKwSqqBusoH1CubK+kZLCMfPmb7O4cgXqWbAXgnXnktBcIzLNJa0ubXhGtLVctt1rUlcfeLSPynazi+vETnNuxjUv79vP4xm0OrV3H3St3eHj7HuODI/L5C1jb088Jec7Vk6e5efEKVy8oC1nc4969x7z22gdiQZ/xqpj5o1ffl071A+4+/Ijb998XgL/B5Ruvc+76Gxw6eZNjh45z9MQ1jp59nat3PubB659x85UnZLUUEN0QR1xLLPHNUaTINlWSrqSmFFLb08TQ09RiOf1bp5PO7rYGgj3t8XexItjXhcS4CAoL86mrbxCI99LeP0R737AK9KZOsfOf47/PpwvUewapaWggys2SYPOFJLoaUB7nSUlyIPkJQdJuA0iL8CZR4JYW7EB1nDtb2lI4srKIwyvyOb66nHMK0DfVc2VHF5cnmrmwtoKzK0q4KI+fX1vDgaFCxhszaC5NoTgrnlWtxVzcu4KHl/bx3stn+OzJDT5+JJZ+U4B+eYo3BOTvXjugDsG/L3b+3p1jfHBXAfpZMfWTvHvzEG+Jub8uUD+8bZx2gXlD99AvF8o19kxfLDg5uYXQsAACxMKVc+pBIiXTW38CAyUUqDtZ4+tgSpyPnQB9+vy5eh7d3+FncLvJ8e2mwl25ov3ZVonCxCBGWkoF6KOc3z/Oxf0rubC7n0tT/VzZN8iBtXX0ViTgbKrF7Of+iz/+9rfMmzGDuTNeUFcsK8zN4N7t63z80TtsEjtesnA+L/7pj/zH//rfzJ7xkhpLFy1BV1sPHR193L18sLF3xM3Nk5raBqam9qjLuyqVL996+31JJt/mnXff5/bdO9Lezsn9V7h+9SSXLh1h57YV7N0+wvZ13eza0MPOdW3smRiQ+1excnUvzS115OfnUlZWQFZGEpZm+libGUj/qxj6AhXqShGZBXPEzOc8x/zZf2TBfNlf8Dy/KfezodTHglJvM4o9DCl206Xcx4ryaDnQEvqIj+ggKWEF4dGrsfEfR9OyFD2LQgx1bVk2Zy7L5i5EZ/4CXAw0SZEGXSJmP1IQxw7J7E8OlHFfMsT39rXywT7Z7izj7Yk83tqSw58P1/L1hXYRcYHvB2LbSkGXr0/y42fSif/1PD+9e4SfXt7Kd7c28e7ebt7Y1caT3S28MdUinG/grZ2VfLqnnD/vL+LLw0UCc4H6Qzm43h2HTzbCR8qUuFF1XjmfbuK7qy3y/8p76ghiKF06d5fFeOn+HptFYufLZ5MZaMfugUKOj1UwVhrK7konztfZcyBfn9MVRvJyHvx4IJbvDyTy3vowzrZ6sDrJnEK3pfjrPo/N3P9gTU+z2niD4yOw9XLBzN4WEwc7bH290LYxR9NYm7DEJCLSskkuLiOxsITovGw8lMYsEHf38cbaRR83D1ucnC2JSY8lJa8Y73A/IlOTxejj8QwPxDsyHm+lLrwYgaa5pVpYxiHQB5egSGwDIrD28sLO24dFAvD5Cw0E2rosEVNftNSIOUsNmauhI1YuMF+4nPkLNJkvYJ+7cBnLtPTR0TZD30ggLvA2EpDr65ljqG+CkYEp5gJ1KzNLaVw2YvAOeDg44u4ohi7GHuzhhrejo4QdIW52+Mg2wsudQGnwmstMWLDIHB1DD6ztA7G08cPQUpIcE29Ss+u59eQDrjx+n7Fd5yjpW8Wqqb2klnZz8fo99ftszQ8hX+w6W8w8S+LXQP/1sqepPwNdjTDrf6rN/svKaT+fM3821F6aqgyr//0FcOVpXgJ4gX2KMrwuz4+3Iy/Simwx76xAY9IE2GmSAGf66pPurUuGly7ZXnrk+uiR46dDniR7xYGGtKe5M1YZzlhFiMA8iamedA4OFQjQKzgx3sS2zhJ5vi0az/8WnZl/oCLamW4x8KIwM0kczKfPySdYTw+/pypQV+bCT89TVyy9Jl+pDx8kEawC/F+dR1fiGdDrR6sp6MghtzVbLdWa0JCMVakVluVGWFXpYl9pjmOZN26N8WLqUTjUhpEq9lwqx3LxUInYt7KqWAnlylrlfbXqIiflA+XTQB+qU+uiF/SUqtXVlHPLeT3KnPc8CnrzBdy56lXjSh35DOUctPoelKlhAnR5T7vWD3Bq83ouHzrIOTHwe2LfVw8cYvfKNdy7fJPmqnqMjByZs8CcCJ8gto1KArBjgkuH9nPl2CFuXbnKvTsPePToTV595S1eefimAP517rz8NrfuvsfVG2+ocfbyq5yRmNx5jIP7j3Lo4HmmDt/h+IXXuSjAf+XNjxjcOk58YybxTcmyjReoR5PQKIBviiexLYH41lgx9zheeesVgcCHBHs54utogY+zFeFBXqSnJlFZWUlzWycdA8NqtPYOqUB/FgrYp+E+beqKpTd1dJMSGahe3R5qvoRs6ZeyojwlvNWLvvLERHOilAvivFnXmMih0SKm+jLYPyxtanUZp8crxM5bBOqNTHVKwuRvSZK3NT25EUx1ZTPZlkl9ij/tpcnUFyQwXJPGqS2d3D25iXduHeGjh+f5+PFVderaG5f38Nb1/bwtFv7R/eN89OAEH9w5wvt3T/Dhwwt8cP80b18/KEDfJ9v9vHJmB+vXrFRHGprU6WyDKtjffOddMdY3iIwKUUEeEuJHsERIqD+hSkXM0CB1G+zvjoPJcsI8rYlT5pcL0BMF6MoFcoqNKzBXQjHyZ0DPjw+gNjeO1tI0VrSVs3NtN4cn+zmysZVD6xo4vLGJYxKT/bn0lUVK/+HO0hnP8eLvf8+8F3+P5vwZBEkCdvbMUf7618/48KN3qaooFYC/yB9+91t+L+BforFQtfO5cxawUGMpurqGaGtro6+rjbeHJP2lZaxfvUYM+yRXrl3n8WuvcffePXXZ19NnT3P2wim2bB5nx+QaNm8cYO3KRjatqGNldxnj/TVsGGlk/YpW+jtryUyPx1++By93B/y8XQj0c8fcWAcbc0P0tBapFeGUIXcF7JpLZmFhOJ8IRShiTchJNuA3Fb4WFLobkifZYJ6LAYUeRlQGSYcSnUdKVBvxsSPk5m4nNXUDgaGDuIetwd69EUfbaFysvAh0lAYW4EJfqi+rC8LYVBHDVGMSJ/sKuLepijd3N/Duzire31MnYK/n3d2VfH6wih/ONohZN/L00SA/vjrCT4/H+MuFJr45387fTrfz8a4a3t/bysPxch5sauLKqnJO92dxoi+NMwPJXFudw911uTyZyOVTgfoPAmxeHRCIj8BbK3j6N0kSvt4rYBe4f7oVPp/gp3vd/HCmmC+P5vHm5jhOdfqwtdybrTX+7K4PZiTTkaYII7bk2XK9L4BXVgZxMN+UXWmaPOhzkjwhmPfX+nG325PteVbUBiwnwuQF3Jb+AQeN/2Jdb6vaaXpJAzV3dlBhbmRvhoXsW7i7YOHkjGtYMN4xsfjGJuIdnYhvdDyufv74h/iSkl+ClbMJDmLnnr6uRKSIFRRXEhgdRGFdLfHZBfI3IYSlZOIbEY1rgCu6FmY4+AXiIgdHQHwGQUm5OPn7Ye/ri56plYBUm1kLtJm7YJns6zNbbs8XQ58zW1PMfJnsL2HO/KXMm7+EhQu1WCrwNTK2xcpS3ruBmRi68XToGWNsYIS1qTk2ptbYm1vjYmMtQHfA08mNILFxV3s3ecwSV0t5/3ZiKm42BLo7oqVpLEmFCcsNXbF28MNc2o2esRs6Rt5kl7Sy8/g59l+4wardZ6gZ3sDhGy+z+sBV6Sw/Ur/PQgFxroA8M8JeDQXoKtT/AehpAvlfItz6n5ZA/aU2+88XwKnnzVM8KEv1VAFerl4M56FuK+X+YgF5YYI9BTHW8v+bkR2s2Lg+GT66pPhoSwKrRbqnNunuWmS4LyfHQ4ccL23yvLXI89KkKcaG0cJgVkuCuKEuiv2D2RwczufYynKOSns+urqK9Q1ZhFrLb/L875j/x9+T5m7EQH4ABWL/eSGGFESbkR9joYK9OMGR4hQXSlLdJPlQbF25SM5XLQerlIX9Zcravxh6P3F4Uv0uS/uKxIbzBep56jB3nByr1iWu2FTZYVMpba/SHWeBuGONn1i6C/aF1lQMK4unVFI4UEzZcCmVA5XU9NVQ0V1JeXf5NOCHlLXAq6gcqqRYmbomxq0sYFKkVqArFmsvUNdLL1UWO+nMJq89i+KuQiqUYi3d8rrd+WIqfQL0cc5NbePc7l08uHSNQ+s3cGzHXm6cuUCYfxzhEVWSALfjaBnAlhExr/FVnNiq/M12Lp86we1r17h34xZ3byu2/kAM6RHXbj8WkL8une1rXLr6GmcuPeLY2fusXrOdya07OHr4NDv3XuDIqXuSRD4Rk3+TS7fvU9BVQ4IYeUx9HNFNMbKNFsDHE9MUR6j0F3Vra6evSxgblaTWFFcrA7xcrIkM9SMrK4P6hkbaevpVmLf3D9MixvqPQP/7/UEVhkUlJfhZLMdLZyYJHuZkhnuSGeklbdGPykQvGlK8WVMdz9RAtgrz3b0Z7B3K5+TqEnWI/eKGWlokWbXR0eCPv/s3/uN//w+e+8/fEeYu7bFVfq/kUEkK/OgqT2NdbTyn1lRx9/gm3rywnQ/vHuXjV87xnkD7zQs7eefqbt65vo/3bx/mPYl3bhzgXXns/Qfn1Hj35rHp4jRXdvPk0k4u7F1Ln3ze5p4RdUpeQ/cwpy9eUb+nvNxM4qLDCAv2I0xsPSIymMiIQKIjgoiJDCJCvjcXOxOc5bNHi1Qm+NqohWNSlFKuSoQqNdzdyInxlQQ8gsbCJOokKanJj1f3h5tL2DHeJYlhK3vH69knv8++tdXsFJiP1cWwujaWVdWJ1CT4EONqQZCNPtU50Zw9soOP33+T77//hk8++YTmphY0Fy9mzksz1XPlyvRsxdBffP5FFi9cwqL5GixbtBBdLU1cHaQ/io9jsKuL7RM72To5yeGjR7h45TIXLl3k1JkT7N+3k707NjK5YYDVw3W01WXQWJFEd10WfY15dNZmSbKaSV5GNCGBXgJyZ+ytTdQRC3MjHdXMFZgrVr5MYw5LFryoVoqzMprFjrFQ9qzx4cz2WE5sieU3Zb6W1AdZ0RBsIYAyozbIkpoQT4oi80mO6iIrc4Ky4imKczZSnDFEXnwt2WEZ5AYF0hQfxGhuJKvzIthcoVh5Mnua07giHdXrYtSfHOvlL6e7+eJ4u8C8jje2lfLBzkI+ncrlr0fK+dvhYj49WMI7E/l8tLuGBysyeHk4hVdXSowm8Gg0iVvd0Twey+beSAo3B+O4OpjGpcEMLo1kcao3XrZJ3FubzHvK8P2tbnh7bPqiuL9M8vT7w9Nz1sXQVVP/8xZ4IM+5Xge3JV5u4umDNr66WsfHe7K5PxrC7ZEw3lwfx6c7M3h7fTT78y1YF72Qo8Um3Gix42abM8cq7FkVZ0C9z1Jy7WdR6DyPMq8lHN86PffS2U8xbYG4kz0G8sN4BPkTlpyIR0g43lFRJBSWkVpYLlFFSFIq/jExuHs5C8DTsHEyxtHRDGe57R7kgVNgGPbOAsboWDyDY9XlV30jkvAKk9dSCsvY2uAQEIKHHBgRKfkkFtThERpCSHwi7v5BLFqmx0vzlvPSnEXMmbuc2fOXqfCePWsxGrK/YN4iZs9dKI9JzFkstr5crNwUE0MF5kbo6Riiq22Ajq6eGLsetsbG2BjJezQzw83aAg87G3ydnQn1kvdq5YClngHO5uZ4WJoT4mBOqNi61hI95i0wFojbSaLghpmxM1p6ThgYuTO8YgPf/vQj3/zwI+cevEXLuo1s2HeAjnU7uXLrPl/97S/qUHt2pBw4Sp32yP830DMi7EiPsPmnK9qfrWn+7Gp2ZZi9TOBdkf6zkcvt4hRXylLcqJDn5MVaq+fJlXPimWLb6copFoF4qvsyUj2Wkuq6mAyXJWS4LSVLIt9Di1x3TXLkOfne2rQmOjBc6MdwkR8rygRAzQmcWFMpZl4jZlUoUSAdTAJpXiaYzv89S/74W7Jd9OjN8qFKOUcfrEtuuAH5URZqUlEUL8mFvGZRsqMA3e3nc+q+P1eJC/onkP96qwD9q2++oqyvTGBbRI5YcUF3Calt2dhWeGBT44pTnScuNSE4V/ipty3KjImp9qZWWchEIK4UnCkTcFcN1lAvQK/vqaJaLKOsr1BAnkfJUJGYusBcLLxYqdEuUC/pFWjL35QNFFA9XCIJWzEVkgCU9Rep25r+cqrE/qt6S5hc3cax8VZuii1eOnCYO2fPMTG6kiunL3Ll1EVCAzOYO0uT2bO1cLV1Z/v4OMc2b+DkpjHObNvMGUkELh8/wvXTp7h38xa3b97m2vUHnBcbP372lnSuNzl17i4nLzzgiAL01TsY7R3g4O4D7N55gn37znPyxBUunrvB/fuP2Xb4CMmScMXWJRDTqIA8gdiGeEIl4fEu82TL8c18883XBHjaY2+mg4O5Lp5yrEaGB5OXl0e9gKGtd3qovbVn8J+A/q9DrLa1g7hQX5y1ZhNuq0eivwMFCYF0FUXTJ8neaL4/k9KWNrcksrU5iR1daRyU9nROgL5TEo+KADHIBTN54bkXsHL0wD8qEW0TS2a+NIvYsCDiQ8Rww5Q+3omxinBJLCu5dXCMh0dW89aFSRXiTy5O8ODoWt44t423Lm7j7SsKtPeqVeWeXD/M+w8v8vjqUV4+s5NXz07w+vmtAvTtvHxqM1vGV9IxuIrWPoF69xBVLdMFonZsnyA8xF/gHUy0ADxa+iwF5LFRwQL6EPV2aKj0naZLifCyJM57GuqJAnXl3LlSXKYsWRKp3Bga8uKoVSI/gYb8RFqKU+itzWHdQD1rBirYIG1rc08eG9pSJGmOl4Q6mnGB+jZpm9skeVxblySPFXH1xA5ee3CFTz/9kC+//Jq33nyblStX4uLoJP3WUhYv0GD50mUq2J//wx9VW1du62guE0tehJ2lKd7O9hRlpTPUO8ieXVNcOH+O8xfPsnffLrZsWcOWjaNsWj/I6GAdIz0l9DRk0lqZSHV+qCTk4ZTnxRLoYYOJ3lLMTXRwcbBUTdzB2lRe3xhD7SUYabyIg9Ys/M0NMBJDX6zxJ3SXvcClqUSeXBaxvZLPuT3x/EYZbq8LsqEz2oHuWGcJDxrCQyiJraAwZzN19edoqj9KQ8l2OstXMFJRz6qifNYUprOxPJNNpclMVCWxp0UZYi/h5YlWPjrcx3fX1/Dt5RV8eqSdt3ZV8nhLIXfHUiTSub0ynati2WfbojndEs7xlljO96VzcySDCy2hEkGcb/TmYKkDF1sCud0fze2eMC61+fLm1nw+PlzPo7E0XlmVysOxDG6vSOTGSAyvbkrim3P10xfJvbMOPtsO3xyDLw8K1JVyspum44mA98kgvN4zvYTq+5IAPOnn+zOSFBzK5OmJEp6eKueT3VnsLbFhVcQCtqcs50SZOcfKrdiVY8y6BC2GQhfRFTCfZu95VHkuYP+6XrXh2nu6Ye5gg6n80Frm+ujb2GLu4oyFjRP2Hm44+gbgrlSAC43GLSQQdwGwm48riTn5WDmIJQnUXb1cCIj0paixDd9wL1x9lZKw0bj4u5CQlY9/dAxeEf6YuLrgGBglrxNEaGohGTXdeAcHkVxQSXRqPouW6jFj9jJefEmDl14SaM9bpsJ75qz5LJi7hPlz5L7ZC1gopj5zlgbz5iwTiBtgqGckVm6K1jIdtLV10NHXwUigbmFsgKWhPk4CdHcrC7zsbPF1dRSgO+NiZYutoSF2RkY4GRkQZGtKsJMN2lraYv/Kus5WWJrboW9gw8Lldlhbe7N96gjf/vAD33z3PadefpuqkVHe/ORTdp66yweffcGH772lQvxZKLD+77D9ZXEVNX5eClV9LNL276em/WoZ1GcwV8+b/2znSrW3sjR3ipSpaAkO6oVv2RFiRyFi5crwuo8OqV5aJAvAU1wWk+K6iFTnRaQ5LSRdbmdK5DgvIctV4C7AV6LAT4eebHdGSwPUi+K2taVyeKRE7LyS/SOF7O3JYmtDIqsqw6mMsiXOdjnVoTYMFgZRG2dDToAkCKG6FESaUxRtLVC3lc9gK5/BnuJUJ0qUaW1ZXmrlOGVhln88d/7rK90VoH/46UcC8mL1qvSsziIx6FLZFmJV4oxVmYsYeSDOdUG41HpiVm5GQL0NbWMVNAy0CHRrKR0so3y4jNaNbdStqqV+RQ0Nq+uoXFEisM+gaDBLwK3Ma5et2H9Zj9h8fwXVQ+USJTSOVlI3UkbtSCXVI+Vi+iVU9ZWoCUGZgH/9iibunevk27/s59aZQ5zctUVsawf3bzzg+sVbFOV3ii2ZMnvmUpIjM9m9cYLTe/dxfGKdmP0YJ7eMcfHAFFeOHOLW5cucO3GSA3sOcO7cTc5cfpljJy5xTKB+7OxdDkj72jxxhOGWJvZtURa/OMquHUc4fOg0Z0+e58r5q9x79LYkKM0kNqWR0JpCbEuSgD2RkOpI/OQ3Vf7t37NTjgfpiPUXY22ihYdSsz0qnILCIuqb2wXkQwL1YTWU/V/D+9eAV/Z/HVVKHQY3S6JcjCWp9KCjJFbAlMh6SQxXS5taXxXK+roItjTFMtmWyL7eTIZzvfEzWciSWX+UY3oOZY29dKzdS2JhO7kNoyzS1MPSzJRwb3taBYArxFY31cZweLSYazt6ubNniMeSTL0pEH90cj33j6yR7UYeHFvDq6c389rFKQH2Fh7fOMr98/u5dGirCvRHAvH7h1fx6qlNPDq9hVO7VjGycpSegSGaOnooqW3h0ePX+fPnn+PmbEtCbKgAfBri8TGhv4QKdQG8j6dyys6QGE8L4n2sifYwF5vWJth6GcmexmQHWlEQ7kh5grJUchh16WE0CuTbSpIYEOPtacqlszqV7rI4hqvi2dyRy47efCZ7stkm2yPrGrlweKWA/BSPBeavPropQP+Uzz7/C9euXWPjxo2kp6ZhLvKio6kpJr4cCxNTFgncLUxMMNTVwcRAH2M9ud9YH3dHWwK8PMlMSaGtsY41w31MbFjJhlV9rOitp7+5mL6OUrpa8mipiKe2IJzawjCJCOqLEkmPDcDcUPpdrfksmf+iauPqxW9aGgLt2Thoz8dj6Us4LplFsJH0NZLoRNjqEOa0mO5CB07vSGOkMxorCy0Burcd1YHO1EvW1hDuQ7WApigik9zELkpL9tHSeoXWppO0107RX7ueoepeVlQ1M17fyOrqatbWljPRVMaZ0Toe7+rkkyO9fHSwi89PjvHx0UHe2NXIg41KPfcsjnVmc6wjmyOt6RyRbPd4QxTHmiKZqgtmR3kA11ZkcrDahz2lLhyr8WN3nj27cx04VR/Axe5QDlT7crItnGtDsTyW13x1soJHm7J4bV02b+8o5fXdZby1LYtvrrbCw2EB+7AYuID7toD70fD08Pv7YuqvSsZ4uwHutcCNRrhYC3c7BPDynOvNcLacn06W8u2RMu4ORjGZrs/6mIXsSNPiYIEBuzLltgB9NGIJDV7zSbWaRYDhS2wY6VQPcms3e6ztrbHzcsPYykit3OYaGEhcQroYeRIZZdWklFZT2T5EerF0kp19BERHUCONXxlyd3E3w8PHU8DsSUFDG8FJseRXlcvf1RKQGEtsbjEuQaG4BXuha22FhYsXTr6uuIjNFzZ3EZoQT0RCGuMTh1i61ITnX5Ds8kVliuFcFd4zZ85jxsw5Am8N9fYsuT3zpbnMlMfnzVmK5rLlAmEdlovdK0DXXa6tztU0Ffu2MDESQzfEydwUdxsF6NZ42duJidvjY2eFrZkJNgaSZRrqCtCNCHSwwFhTh6ULteXAMMfW1EZe14i5GiZ4eISILd3gh6dPJX5iz6WHVIoxffjFFxw495C/fPkNjx/e/r8A3U4F+K/jl8d+Brq60IrAXDlfXvhz4ZhS1cy9fo7/Hm4vTnYWg7cjTxlij7QQmJuoF7uleemQIvadIrBOVYAuEE92XECy/XxS7OaT5riQDIeFZNotUGdAKLeVKJdkoC/XixWlQWxsiGVdQwzrauLFrjLY2ZXJXgHf+spoAXoEQwX+jOYF0pHuzUBpKP2F/pSE6lMcbkhJjCXFMTbqFLnpc+qScCQ5C9Sd1aF3teBNtq9a7rXqXwBd2X/y+D4P33lCWHsuUcpa6N3l5HdWiqVXYF/sgV1VILbVYQJ1X6zKLbEr06NwOICWtQLhsWb6d43QOtnBmpOjNG3PJ3OFB2kDzqQM2pMz7kPJ5kja9hSw4ngXNaulTfcVC8zLqRuqVAGubJtGamgcqaZBonawQp5TpIK8SFmitEtZZa2P7785yA/fbuL7L/fw0dsT3L56gttXrnDl7A1Wjm4hM61GOs8Qeps7OabA+sgRjk5u5uCaEU6sH+W42NCZ3ds5OrWL7Zu2sHnNGFM7dnDuyiscFfvef+Q8R07fZt+p22zdeYqOvDT2rVvD3qlj7Nt7jP37DnN43xFOHzvDnTuvcvbWLXKlM1YWoElsSye+OY3o+hR2nNytHuuRwW4YiDnpL5uDmcFiXJ2tiYoOp7C4mMbWTtp+BXQl/hHc/xi/JADdA1SVFlCTGcnK+jS2S9+5Q/rK0WRruuOtGS/zZ7P0n0qMlwfTn+Eu7SYGB0tD9CXxzq1sYt2hiziFZ4owZEq/UYatm5/ASBJtD1uaipJZUZvKzh7lFFAZl7a2c2tqiFdPbubh8fUS6wTQWwXma7m1f4Q7B1dxV4z99tFx7p/by9Htqzk0sZKrBzdzc/8K7uwd5pVjYvny+M0DKzi0pY/ta3pZNdhPZVUDje3TslNWUoC3uxPJCVEqxBNiw/4uYgX0UREBeDmaEe1tTqSTAcGWiwkwnYePgfSzJnMJNplNmNkCwswXEm23hARXXTlGzcgOcqQyPZyG0kwyxeSLBfTreiq4tH8153b3c2RTK3vHGmR/lIfX9/Do1jFunDvCw5evc//+He7fe8ClS1fYuGEjpYUFeIos2VpZYmpijLWVFS4uLvh4e6v3e7u74epgh425Mf5eyr4VHk5W+LnbkRgqUlycSHN5gph4qhx/ESRHe5AYLSKRGUp7ZTJN5XGUy/1F6RHkpUYQ5e+Ej60ujoaL0dWYycL5L6C5dL70nfPI9ncg3cEAH+25xFhq0Z7kT29GoCRwAYyJUKcFOaOhsYyFy6wVoLtRGShZfEgoxQKEnMAkyQiryUsbpqryEK1tF+juvkJn0yG66nfSVz/BcP1qhmt6GGvqZ3t3J+fG2nhjqpcPDo/yiTSEDw5v5M0D63iiFDZY18DOxkLWFueJzaeyoSiKdXlhbMj2ZyI7gM15nmwr9WBrgQtT5V5MFrqxS7aHW6WTC9djMt+NtUlmHKr1YVeJO1OVXhyU/Yt9MZxpD+GC2Puj7ZW8s6+RN3dVcHc8nYdbCvjiYgc/vTLKT49G4WUB9Y12uCPQ/nCdeo6dNwX0Hym14Af57nQZXx4u4McL1fK8Vp5ebubpRQH95TY+mxKjqnQUgC9lMkWTqWwdAbsOo9HaYuXSidvOJMlqLs5aMxjumT6HbuFsgY2DOfbuDljYm+Mktm3r4UBgdBSuYYFklhQTk5FJVmWj2HYOFR19BMVE0zq6BiOBoH+wE5ECbmXqW01LH1GZmZS3tlHa1E1AfBJlbf34xaaqw+8W7u64BISr89SDkrLxikrCztuZ2NR0Nu46QVxiEX94fgYvvDhbYo7Ae74Kb2XupbKdI6Y+e+YCXhKoz5m1AA0x9eVi1HrKmsva+pKhaqOvqYWepmSjYu3W0rhtxNKdLUzwtTUnwMYcb3tbwt0cCHV1wMnKFDtjbbzM9AmwNsbTxgyDJXpiVpIoLNbHwsCYZYt0mD1Xj5Sscu69+iY/Csy/+vFHtp58mb516/lcjP3sKx+o3+XNK6fJjnb8l0D/R5BnRTmooTz/12b+fz5nrgBduShOrD1ZoK9c+BZjpU5BU4bY0/z1SfMWmLtpkigGnuS0iGSHRSQJxBWYJ9vMI9V2OtKt55Em7SDFWkLuz3fXpF4AXB1lyaDAelV5mHS4YuLRnmR4mNGY4CKWFUV1tAPFobY0J3kI7JNYV5tEf0kYffI35eFGlEUYURlrSXm8rYQ9ZfIelQp0RfKZipMdKUl2kc8jnynDQ60I92tbV0Cu2PmzOeiXX71FQEccvi1BpHcp57KrKOmuI7YxDr+6KDzE+iwLrbAsWk5gqyVuhZr4VlsQUGuFe5E+dtnLSG11p2WjUgI1kvyOJEoHMskbiBF7dSG63ZqsFe50Hspmw+Uehvb10Ly6gRqx+rrBagF6Pc0r61W4V6rlVZV1xQsoFqis2NnMm+9M8NP3G/j+q0GB+nae/rCXH74/x9/+/Dqffvwub73xgG+/fsLnHx3i+oUjXDh6irOHj3Bs5y5ObN3CoVX97FnRyZ61o6zvbWWwuY5VA71sWrmCfVMHuHjlVfbuP82+41fZc+wG6zYdoCsnjd1jI2LaR9mz+zC7d+xl++YJDuzey/nT53n1tXcY2z1BZmcBaR15JLbmkNCcO902r19Bb9kMtBfPQGfxTIy1NXB2FKOMjaSwqITGlk46egb+r0D/V3be0jNIe+8Q3R1tjLUWsqu3gIPdmazPc6DSdzk96c6sElNfVexHX5oLDZHWVIZZMFQeT6CvDwF+fvSu28XG49ex9IhmjoYONu6hmDu4yXE4F38nC8rjpL01ZTPVm8OJsTIubmnh6o5uXpH++/rUIPcOr+X+0fXq/tWdXQLtUc5t7uTiziFO7hhl7UATw+1VHJ5cwamN7Vzd3sm9gyM8OiHAPzrG9d0DXNrSxdHxLkY7m4mMSVa/s1MnjuNkZ0NMRDBJ8RG/gDwxLlwNxdLjYkMICXCR/mW5wHw+ETYLyPYzItJag3DLeYRbSAjMw80XEGqlQYDVAlxNF2Njoo+ZmRkW1jYYmxpQUZzB5aPbBd4HuX9pNzclWbl8eJzbZye4d2E7105NcurABMcO7uTapdPcuHSei6dPsH7VCrLT0ggPC8VO3qu3r5cKc0sLM4z0dTAzNMDBSpEXU7QWL8BC5MVYezGOlno4Wung52JCbIAdAW76kpjIe9LTwNxoKbFhbpTnST9fm0xDRRyNFWlU5CVTkZ9CcUoUheEe5AdIsuNiToK8RrSjId6mywmQvjTPy4ZAnTlkuhrRmxkkSVysJHMZrKvLw8vJkQVLlHLeRvwm30PMJSCQfP9QUfkg0nyjyI8uk85hLW0NR+lsPUVPzyW6247TUbeLjprt9NZsYbRxnL0rNnF3x0reOjDAuwcHeGPvKl7evZFbE1s5s7qfsbJK+jMLGMnNk0aYQ1NkOLWhgbRE+dMR601/vAPD0iGNpbswnmbPRL4zO6u9mCh3Y2W6DSPJVgzHmNIXaUBfvCFj2U6syXVjoiKQE/2JTBS5cLQphEP1QVwdTObemhxuDydzvieW66szeO9AFd/fG+KpUoBGKTyjFJ35eSob743zVGz96Reb+eFOJ+9vS+GdiWQ+2ZvLjxebxO5H1BXdfrzazv1RyYRTdVkTNY/VEQto9Z5Pudscqrw1KPOSLNFqHgYaz9Pb0coPAiMXLwdcPOxw8XTCztVanTfuGeBBRLLA1teNoNhoHH08JHMOwzMsmIziKhwly6vp6lVrwNu5mhMaH4trkA+5pXUEJsQRlZ5FSHwq3vL9pZWUEpaWg0OIPxYekh0K0D2k8eXWdVDbvwHPyDBKGvvYde5lujcfxD0kHA1NE/XK9pk/2/gLz8/ixRfmMkv2Z7+0QIxdAboGC+YvEitfjpG2AbqaYuhLNNHX1sRQRxqmjoHYt0BZfzkOYure1hZi4Ob4iYWHutpLRu2Bm6UVDoYCdAt9PK2MsDeUpGDRIrH/+Sydp42ptiEWRqZYWLpx/fGH/PnL79UD/duffuLco08Z2zHBlz/+xKVH00A/c2zq/wl0ZV957NdAz42bHmL/53PmXr+cM1eBnjp9JXu+gFKp9JYbYUGGwDzFR5dkL21SPbVJcllKvKMGcXYLiZdOJdlOwmYuqQrQBeKp8vunSkeTYj6bZIvZZNgvpMhLl/JgM9pS3RguClaH0atiPbBYOBf9ec+RF2DGytIQCkPscNOeh/2yF8TE3ZnsKhbwR9Cd60ezJBm1MebUxVlTk2BHdaI9lRJlAvTCeAnZL0p0olQZdRBDq8j2nl4r/WegKyB/tpyq8u/IrZP4toXi0+pPTFMixV01lHbVU9pZRM3KRuo2VwnYrTBP0sCnwI6Y6mBSGuKoHCinXEw+pzVDIkVu59EwqkC6kqpeZVg9n4KedKqGC6gcUtYSDyGxw4GKjYEMHStn/LSAa20jVf3yfHmtqj7lvHu5WnK2UP7v9o1NTJ3K4+O36/nxb138+GUnP369XbYrefrNNn787jA//niTn354wFdfbOf9t8a5cfEkN85f5fT+gwL0KQ5v3sDuFX3sW7+KTUPdNBelkRLmR3pcDKP9g2zfuIFTZ66zX2C++/BFpo5eZ2ztFK3ZaWwZ7mfb1h1i6QfYPbmTLatXM7V5K0f3HeDq5WucvXmX/J5KSYIKSGrNpX3z9FSs4rwkgflzaC18ES2NF+QYmY+zGHqMHN+FJWU0tXSpYG7vG/k7oP+rc+d/B3gBemfvIKPd9ezsL+bgUD6TTVFU+GqR4bqcpiRH+nI96BOw10t7LZG2VBVhS128UnEtTizdkv71u9h15jYZlX2EJZVQ3jHGEj0DOQ5fwNVSn9JoN9Y3pHBgIJeTKwq4KL/Bte1d3N03wq29YuRHN3B7nxj4pEB8a6uAfECdFrd3RQ2jdZk0CIS2KRckTq7kymQX1yebxdJ7ePmImPyhlVzf2SMMqOT06gr2j9SSm5rI2o1b1VKw3u6ueLg4kJoUrcJcAbsK9PhQiRDi44OIifHH18lIgL6ADE89SsMk0fbRJ8p6PrF2i4m0WUy4rQae0l9aWzupK0VqGtur02ENrT0wsbITbrVw/fQ+Ht44xgOB+ssXBdzHNzC1vo2Lh9ZwST7jfnn/+7at5eTBbVw8vp/Du7YLcKuIkf40yM8XWxsrfL29MNDRYtnCecyb8TzLJClaMm8uOks1sDfRI9jNjmB3G6KDnYkLcyUmxIFgb1PcbLUF9PPRlqTP2d5A7N2SqsJ4uppy6ajPpqogUQy+iNoKYWNFPjXyuSsjPIXH9nLcu9Ma70m+pyUhxlqUhrgKny0pCnagIy2ANZK8ranJwNbSCQ0V5obMnK/Pb4q83Mnx9SXN05ckdx/S/aIpiG+ioXwn3c2H6W45RlfHeTpaj8r+PnoaNjPYtIGJ4c2cWzfMhbFOLq0f5vLmtVzbdYhzk7vZ0dtFW3YpTWKJjRm11GW2UhZbQV5gPIWB/vLjhIvlmJDrZky1rzEdEea0h8s23JBVGXaMZTkxnGpDY6AuTYF6bCnyYTzHmd44S/X80UCiIyuzXOU5khBEG7MyzoQ1SZZsy7GXsGNHiTOHm4I41x3DR4dr+U7A/NOHW3iq1Hr/aMt0SMfw9Js9YgH74MtdfH+9nb8cKubLExV8f7ENHihAHxO77+OTXfnsyjVnIEiDbr/5jIQvYn3icjYk69EXo0uBHGheJvNZ2d/J1199ia+fI37+Lvj4eeApWz+xcg+Bc0h8vIDbiZCYWPWCN2UeursyfSNR7veVjDQqEn0bUyxdrMWyvbH1dhGbLyciJZHEnGyyK+vE1jPIrGkkNLMQ16ggTN28cQqIwT8ugebhdQwKwANT0yRD38akZOj9k0fIrW8mMKqIxUsM1eH1GWLrzz83U2KW7M8SwIuti7nPmanBwnlL0Fy6TK2MpLVYWXBGYpkmesu1MNfVwVayUQt9XWnIRgJvc3ztLQh2NCfYyYqEALEDZxc8LAzxtxNTN9DEVF5LT4A+Y9ZsFs1bhqmuMYlRETx48IjHH/6ZL7/+lqdP4a9ff8ed9//KzqMH+O6nH7n3ZPoK9wM716qAfgbrZ/D+dTx7LCfGSY28OJdfYF74qwpw6jzzdK9fYK6slqbML1empWVHS4cRbkZGkBGpAvMkdy0SXJdN27nTYmLs5hJlOZdo87nECbwTBeTJcjvFYu40zC2m91PkvgR5TozpHCpCLegTqI7XxqnV3wKsljLzD//Fghf+QLYc8IMFgQTZLMd2mSRRs56X5GcJLbnR9BdH0JHpQ6skGw0C9JYkW1pSHGlIcaA6yU5M3Y7COFsKBPLFScq0OuVUgph6pqcK9Ioc/18MXYF6aZaP+l1uO78Ll3p33FpcSelOpqSrWgy5ltrxFuLag3HKMBKAx1Ldr6z1nadWQVPW+y5oy6e4tYDctmx1znhJb4nYdS6tK6up7SsRw04ltzeW0t5sKgTu5QMFFPVlkt8bR+aAF1UToay/3sLYyWFWHVxBeV+FCnMlCjqKqB8L5vBeLT54kMD3nzULyFv57qttfP9hIz/+RQD/1RjffbuVb/88xOfvtvH2k83cVcq7XrrJmUMnOLpzH3vWrWXbaD+Ta9bQWVtLgABj9ksvojF7HoVpWaweXMH+A0c5cuoWuw5dZNeRa6xes5v+iiImVo+xef0Gdm6ZZO/Edtb197Jz7VrZn+T8idNcu/eYkoF6gXmGGHoWr7z1mE8+/lCS3pksX/QnNDX+KFB/Dn2debi52BAbF01JWTktbT109A9LjPwCdWVI/f/PxXHdktyPd5YyKQnUjvYk2uJsCDeRtue4nNp4JxoS7GmOs6cu1pGWZE91m+lnjIezPe6e3sRK/7tNPuu2UzfZcOQqIWkVzJjxEksWauBsokVJmCPD2T5sr4sQOcri0uYWbu3u556Y+L0j67l7bLMYew9n19ZwZn0T57d2sac/jxU1KbTnR9NVm8/mIaUq3RB3p/q4PtHEraku7uyX24dWqFXqdrcmc6Q/h7NralnVWkprS/v0NNSmRuxFBkKlT0xJjCI5IVKgHk5yYihJCZIMxgcTnxgiRutBlLMeqZLEVEZbUxllRaLzUhJdtAl3WIqRQFbHxJ2FunYs0rdF18oNY0c/PINTyCpUqvO1MLF+iFeuH+PeVUnOTmzi3F5JUo6sle0KJlfX01SayO6NQ+zfNsYO4dh4f5v0GdH4ONiIYbvhYmeLlbEB+nKM6i7WEBmR/s/MABPdxQJsYzKi/dU58OVZERSlBZEVqxSC8iEm2JyIAHP8XQyJ8DYnO8GHutIkWirT6G7Mp7upWJ2mNtDTzvBQFyP9HWRGB+NroSMSYUlpsEiJuylZriaUBjlToMy397AmzEqXLD9bQpwt0FJmLWkYM0fDkAVLLVSo/6ZEWQ3I1ZEY0fY4Fxfi3INIiWykpWaKroY9qpUrw+0K3Hubpxhp2cym/u3sXb2FnQMj7B0eZv/wAHtG1rBrxTY2da0WW+ggI6pEzKGR8tRu0kOLiXD0JdLJi3BLM8LtxWC1l6lFSNLt9CjyMKYm0JgGMaPWUBNaw02p8dWmyteASk99an20aQhQit5oUe2vQ3uUOU0hBpR7aVLsvIRip0XUei6hL1iP4Qg9NmfYcKTKk+ur0rgznsO9jVn8eHcQlOF35Ty5YugK1L89AN8I0H/cr05re/rKMD/e6ITbfQJyef69HgnpUC7Ucbndn5WRmoyELmU8djkT6QbsyDFndbI5aa5LMZFMfbCrlS+++Jwgf0dCA10JDHAnItyHoAh/AWogCdmZBEZHUlHfTmRKCsW1DfhFhBEaG49HsA+BcVGYChhN7E2w8bTFzNUS38gIbDyc8I8OJ6WgkoTCSnJqm4jJKZbHgjCT79QjOJ7g1CRaV+2gd/NRIvKKGN12kB2n7gvQj5Pb3IF/VBbz5y5m7qx5vDRDqWH/Es/9aYZY+kxeemmWgH4Os2fNZ+H8JWhpaqKjrSUw12T5Uk0V8Hpa2tgYGWFnYoythQm25gJ0GxO8bIwJcbQk3NWGpOAgon18CHWxw9vSFP3FC9HTWIDW/KW8JEmExrzF5+QPjgAAgABJREFUWIqdZybETZdG/Ogzfnr6kxziT/nmh5+48eRtzlw+z7c/fM/9R29NV4kb7/07oKtT0SJtp8+R/xro0QJ06dTy4l0oSHT7BeZFP9dmfzbHvCzN61d27qECXbHzzEgL0gMMSPHWIVlgnuSyjAQx82SnpSQ5LiLKZg6RFhKms4k0mUm8QDvRTEJuJ5vPUWGeYaNBuu0CUmwWkuOqTVmwYuFhjJSF0ZvnS4yrDnP/8O9ov/hfFPoK7PNDcDRcgObM51kk8DFYNJ8oyfTLlGUyc7zE6gNoirOiI1XJyp1pSXOkVuCuWrokIdPlZ50oVJd8daJEWaJVmUMvEH8G9FJ16VTv6XW6D/fjVG2GX4c1iV3BFA+UkdQejlOWMWFlktz0FFM9UElFbxVFnYWkt6aS1ZImIM+iQFlhTGCWI4ZarEwzk+fW9hYw0CFmMRhF2eoIaldnUTiQQkFfMhk9MWR1J5HZGktSsz8Z/U70HYxn8nYXu2+MM3FmHc2rGqiQhKBvlQn3T1nx17cK+OGLLn74qp/vvxSAfzjA1x9V8d2fO/jq8xY+u2fAxw+8eP/JMA/uvczt6w+4dOoiJ/YcYM+mjSIZ/azq6iYlPJqX/vQ8GssceHGOGSb6BrRU1TIhln70xHV2CtC3HbzEihWT9FZXSkcufdrqcSbH17N78wQbh5TEYEz2t6iWfv32IzrWDhNbl0hCY9p0xb3BDnSXPi9Af+4XoJtoL8TT2Y54AXpZeRktHd10Do6ooUxda+sb+juoP5uH/st89I4+ddvSPUBvR7PAM5qhbA/aExyItZgn/eU8STT1qU9yE6C70JnlTU9eEP0FIZSFWBDvpIOnhTYmBoYYGJsTmVlMUdsgAQm5PP/SDDTmzsLJVkzS1YLqGGeGpP2sy/fi7Lj0b5PdAvOV3Dk4zu3DG3lwYqs6bH56vJpDoyUcGK1gbX0ybQUxFCcG0pgTy0ZJ8k6MVnNtcyO3J8TQd3ZwS10Epp+zGxrYUBnG8ZEibu7q48LkACOtVep3d+PGdWytzHB2sCY+JkwFempSFKnJEb9APSFRoB4fSJKYaZ20daXtt2ZIGxewJ3rpCFCXMHPhcrRMXFmi74q2qTeaAndtCy+cPKPwCZFkMq+QtWOD3LpwiAvHNnH91GYuHRwTmI+yfVUNY525rOrMo68pk3VD1aztr6WjMotgVyuRkWV42ppha6KDpcFSwv2EjSGeYuEeRAa5kxTuTnqEM5XpAXQUx9FTnUxnZRx1uSFyPLqRrazgGO9IcbIHdfIbddUk0VGTJslmOj2NeawaaGTd6n6JITauXcVQfw8pcZGESt+f4GxKlLUuYabLCDdfToSNAZ7G2ujOfg7DRfNYtmiB/J7z+NNM6VfnGvD/0fUX4HFd5wI13KdNw7GTGGUxgyWLLcliyZIsi5mZmZmZmWVbMsqOObZjtuNwHeakadKmabiBNvcW0jZZ/3uOkzT3+7/Pft7nzIxGo5kzZ+/1ro16xi5qbNQWoJfvcCbLdxuJXlIp+/iREZZPRe4kA20nGWhaYbDtYYY6zjHUdYHZ4cckK7vO0aWnOL18ndO7j3Jh+Sgn5yS7WTjO/omD1BRNUlp5hYKsFXLiekgPziUpIAlfCzOcDbSwlTdlraWBk6kNO50EfO5uAkQvKgIdqA22Ufckrw40oTLAhCJvIwq99akIMKJupwW1EpUCzyqxJmWFtgjrDQQYP0ig0QMEG60m3WYNZa4a9IaYiEE7c7rSj4eKPDhZ6cO7D1Xy3Qf7+P5TZbT7Q2Ln14QjNwXmj4utH4dPDwrwFwXmE/CigPzFYVDmtj/bxfePNfH75SQervRgOdOOXRk2zEl0x1mSJe/P02IDZhqrmJBC+Nlnn6jb2yXHBBIfHUB6UjgxMSFExYWSnpVCrEA4t7iIJLHy6oZWUvNyKCirJkZgHpWWpPabu/g64id27izfTW5VMVkVhSQXplPX3kZYmth4ZpbAPBn3QG8snQSwgWFE5mYyc/QSe84/S3pjG6P7jnP0xsvsPvMMAdHJGBlbY6xrgNYmLdXQFZgrsX6dhti5Ftra2gJ0XYwMlNGV5lhJWEts2WyBmYlAXixd6T/3dnPBzWUrvm6uBHm7CdCdiPC0l+9YvseYKNLCQokN3o6zJASmukZYG+gK0E3Q1tBFX8sUFxs7dVnY9977kD/86VN1QwPl3xd//YaHbzzKG+/+lr//5998+uVf1Md3jbfd6hP/AerKQDd1sFuK90+PK6HA/Md55moz+8+3QP1h4ZhGZd/ygqBb66PnCehzAtQFY4oTt8l7dyQ3dAtZcm1lbjcVEzImw8eYTC8j8uR+mnzPiqErQE9WwkGg7qhD5lZtsp1vhWLq+R76FPmYk+NpTHmIDbsbk5lvTGKiIoyGZC+2Ga5lp5U2LYne7O/OI0Wycd1196K1XqCgo4ODgYaYliSKNVEst2fSl+PFQK43w0U76Mn3oj3HUyzdh2YBeJ1i6FLZVwnUK+V+dd4O+bySqAjEG0rk7xWHqTD/0dD7TzcRNrgNv265bmdCCanywDPLntyuTHVueu1IvUC9Ucy9jnIBd15vlkQGJQMFlPYWqRu6VPRWq5u51A9XyfMraRoqoXIsmOxhP8rHY6iaTSdPkoW8sXiKxlIoGEwnuyudgq4MivtTqJwJp++hBA4+3sjFl+eZf6SXE0e9+avA/F9f9PDvv44LzHfxj78u87dv9vGPz1r520dVfP37Ir55ezsfP+/Bn37Xyru/fZWXnv8dT994lqsPX+TisYd5aEYgWVdLiHcgd91+F/es1uT+tQbce88qCjIz2DM7yfnLT3P8kSd56NwTzM6tsDQ+xrH9KxzevY8je/apcN83McHhXXtUoF94+Cy/eeYFnnnlDfK7Sjn92Fm+/fafeLtaYGWyVkC+FnODNWqTu+MWQ3ZsF0NPTaGuro6egSGGBOTD03Nq/Dgf/edN7/9PqKtAHx5noqeWQWVb3kgncnxMCbbaSKKnCc1y3fcWhDBWGcNMQxKjVbGMyPfcKECP22ZCrMcWwty3sN3ZUpJvW3xdXfDxkBCABnmKfMTsoCrak4ncAE61p3NjsZmbx8Z4TUD32oUlXjy3h1cu7OWta/t5/uQkFyYruDxTzSFJ5oaqkqlKCaYkKZT8WD+6yjMYq8/icH8pj07m8fxKBy+dHL0F9IOdrHSm8ejBHl64fIDXHj3KY0cmePmZR9VrMTcrlZ0BPoQG+QvIk8jNjic/N1FuJ6i3c3MTyMyLJDM5mtZcf4YrA1nojuPc/nLmuqIwMtRFQ5EPex+MLTwx3eyDrUsQ1s47MLXahoOLD34BO1lYmOD4/hkuHp+XxG+Wiwf72D9WwcpMHcd3tXBgqopxKWdz8hlGWvIl6U8gZocLccGuZAm0K/NiaCxOoLcuj46qdCrEtJuKougojWK0IZnJljRmOrKZ6sxioj2DjvKoW9soFwbK7XD6JaEfkOcNNqcz2JLLRG8FyzM9rOyb4+SJw5w6KfX0UUkiD+0VWx8UuYghSek/V/rhtzvI92lNgKMFJhpr0HhgFevWrGW9lgF65vbob3ZFy2irGLoTBubumFj584sst83EO1sRs82OhO3+ZETX01BxkP7O0/Q3HKS39gADrQ/T33ODmcmXOLjwNIcWn+ah2VM8vLifc7uWxcz3s39SfqdtkeLio1Q0vER59WWit+0kzMaFHZu34KglF/66+9C57w407rwdjTvuwNbQgUDXWOJ9Q0j1sCffS0DtI0YklWJJsC1RdlpkKE2aHgbyM0NKxMaVAWhxW7Vw1V+N0arbMbjnNozv+TU299+F18a7iDC8m1JnDQaCzJmOtWYx1V6M3ZUbUrl89+4S3/39klxOzwvIXxKgPyfHZ+HD/WLte+DdBXhu4BbMxdT/83gr/7xUyX8ulfHRwTT2FzlT4a9LhrsmMQ6b8DJbyxbtVRivuwfD9fcwOdzLn/70PmFhvgL0nSrQM1OjiI0NITEpjPS0OOISw8jJSyc1I46KigqyCjLILs4nLjOOiKRYwpPiBNBORCVEsyMyiNySUuLSU/GP2EFMcjyBkhykFeZSJtBWln41t9+MkakZdtu3kVYhFezIHElyXDp9mYsvvMmRy89h7+KCibExejr6aGrdGgynGPraNRtZu3YDGzduEqgru+fpYayvzxYLUwkzrMxNcbBRNiawktsWeLs447Ftm9j5NnVQSOiO7ez0ciPc24VoX2VN80hSQwIJEmM3kr9loqONjYEBpgrQN+hhoGmC02YbYgN2cPr0ef748RfqzkQi6Lz3p4/Ze+oUn371BX/793/427f/UQv+aGfpf8GtbBWZ6n1rOlrq/21irxBjUaakKaE2sysgV1d/u9VfrvSbq33nyk5pBT/sWZ4pSUCii9pnrjSzZ+3cTIZYuQJzJdIkoUyX6y7b14hsHwPS5dpLddYheasOKY5apDpoi6HrqIauwLzIUxnpLgmAGHq2uxFlwdbMVscwXRvLntZUxssi6cuVyjfRn3ZJPPZ259BXnYWHg4W6A6CFjhbem/VoTQ9gl1j9Q4NFUqnLc1NdGBSo9+Z5CtR96MzfIZWc2EGOr7rnujI6XwF6lVQkNXlBqqU3SiXfUBRKvcSV84fVc1m6J4OAbns8Gw1xytYloMCFvC6x8O4SyqVCU5q/KwdqqBAbL+zJV5c7LRzIoVxZCKavlCqBec1AA3UDddQOlFMzKDCX95jW7sfgyQoKhsMF5NFkDIeSO55IgWLpwxkUSFJQ2ldAuTy/YayK5ulCWubE6JeiKZHnX7uSwt8/7eUfXwzx97/M8s9v9grMd/G/X+3m6w/y+Oajer78XRpfvpPK+8/u4L03W3n11d/w7DNv88Sjz3P17BUuHj3LsYUFxjvbiQyK5O67HuS2X93Jr2+/jfUbNmFtbs38aD9nz93gpAD98KlHmZxa4rD8zuHlgxxeOsCh3XvYPzMnQBdrmpUK99Bhzp86y42rypKeHzC9cmuzkUfOnBAzXyNm/iBmyvoBeg9i/kMfur+vG8kpcVRVl9PV08vI+ASjM7OMTP9g6hOz/3996T83dCX6JREYrs+gKmIr6e6mhNpsIsJel/JwJ/oKQhmqiGWsJpGBsii6C8LoSNtOc7wrpWLvmWLpSV6WZAY5URgt10aaXHOVmXKN+0pCGcikJLSjGT6c6M/jN4d6ef7YKC8K6F4+v8yrlw7w0jmButx+8/oRnjs5y2n57o715zPdkkdLQSJZscGSMDlJ8mIhSfp6NRG1NtWhJMqDx5S92I8NiZGP8Pi+Do4NFXPt8DhPXzzMyzdO8PTpRc7M31pN8+WXnqG3u17OlwcJUj8W5CUL0BNUqBfkibHL7RyBaZbUizmpwaRFWTLeFc4euca6m7dLPbYBTV1TtA2U+s8eOzsvLCxdMbNyw9jSWV1/I3BnMKnJsbTUFLE43srR5R52DZbyyL5Ozuzt5PB0LQfGy0VEK+irT5E6JYDcBH/CfGzIT94pZSmG0dZCZruLWRquYbpLzkNbFtOtGQLyFMZbU5jrzWFezuWUJMWDDQkC8Qipb8TKyyLoqY6ntzqJ3poUBpozmBqQxGjPCBdOH+KxG5d5/MkbPPnkY1y+eomr168yIZZempVE8DZllpCZuriQj52xuprd/ffdw71338d6DUMMN7thYO2N3hYv9C295b4XxlaS2Fht5xeRdpL92VgQ5GBNjLdYZEw7laV76Gw4LBnJsmQis7RJ9LefYWn6GfYv3mRl/irHZw+Loa+Ine/l4Pgy0wNL1NUsUFx+nrSEaZIDiwhz9sfPwghXPQ22rF+N7n13svGO21j7ayV+zYZ77sN+cwAR/rnEe0lm62FBmpsRidv0iHHWJ9LRgCQXfVIE4NnuUrG66ZO+zZAga010V93B+l//kk13/ArNO36JyT234/TAfWzXWE2yxVrKpeJtk0p4KtaKffnbONUSwTcvLfLdJ6f47j+P8t0/rvL9vwXmvHZrX/W3lHnp03z3fB/f3mjh71ca+ORoDn9cjuezlRRhfgorYuhZ3np4mK/FRnc1puvvRv+BO9B94E4MBOpKk/vvfvdbIoJ9SYtVmmYCyEmJIFFuZ6dFkCUFPSMlhpysZAoKUqmrFgvKF6PJzyQ7J5FwsfO4+HD8JDvMzBRjjwtTbT67qJjY1ESKqqqJTEskJDKcqNgE3P2ccfOyx8PLFe9wP6paW2mVCiGhKIfcxjpy6lrwi03H1s4WHS09dLT1VQtX+sw3qEDfIGDfwIYNGmzapIm2PG6io4ulqQE2VpIkKFPV7JzU/nQnOzs8HB3ZJq/lvc0VNydHdnp7EubtTbCPFxEBXpSmSPKywxN/563oyuuZ62phZ2iCkb6RFH591dLtzS0pSk7h8sWn+MMn36iFW2l2//0nX7J88pSA/H/56Iu/8M9//Vv9WVdtmgrtnwP91gj27ZSl+d2CeYaAPOsWyH9sZlf3M/9xH/MfYa40tRcqK8HtoF4gqGxxWhjjcMvMAzeT7i8mroDc04BkLwPSfIzIEKjn+ZlQ4GtIjrue2syeJgBPk0RTiSwX3Z9gXuZnQWmABSX+m+X55uRvN2esJJxe+Xu7WtOZq09ivjaVsbIE+op2MloZxURrCQk7vMXO1+Eotlccto2+vFBJADI50CsVRXU0jfEOdCY7SjLgwUChP/3FwXSKAbQK7JXPoQC9SixGAXpVzq2WiR+Brlj61R+Wfc2cCsa7yQz3clMS6iLI7cylpLuQyt4yKvsrqeivomqgVm1Wz+3JJac3laLBPKpGlKVZawXkTdT2N9OgjI4X+NcPVUkCUEZ0/XYKxiMonYklczCS9MFwuS8wH8ukZCSbUkkKKgaLqR2tpmu6hd75NvoW2midqqB1uoyXni7nbx/38r+fDPO3zyckpvnfLxf56uNpPnk7nk/fzeeTdwp4/3kX3nrKm1ef6+Xq5Ytcu/QMN67d5Pr5G1w/e4lTy3uZGxwkKSaZbU4B3H+/FnfetYoHH9DAycaeWSmfx49f5PDxK+xbOcPE+Jy6OM2BPctiTbMsjoywe2SMvQL0fVMzYu6HOHP8DJfOXebmky/x0Yd/Us9jnCTSZvprMNGT0H1AkjEBu8F6bDfr4ifJbWJilLoZSXtnK0PDg4yJ8Y9NTTEyOc3QuEBd2bjkZ3PSf74EbPfgGH093XRL4pfqoSxPrUmA1SZiXY0ZKo9msDJaYJLJTFs24w3ptGYF050TSle6H9WhjuT6bibf35aCQHvqE/3ozIuiMyOQ9hQfFsTqx7J82V0VweXZKp450M3r5+bFzveIWSt7qO/h9UsHeUts+u1Hj/PciXn2V0dIIhlMZUoI0QGe2FmZixho84CY4iY9Q9ZsWM8dUqfbmGhyQGD34olhgfqgAL2dY2PlAs5xrp85xNMXVnjs2CyXFjv48qM/8OGHHxCw3R0fz21qEpSXnagCvSAvUY1bYFeMXWmSjyEu1gNfLwf8fZzw9nBAz9BIzFQJkQUDE/SNzDEyscHIzBGTzfZYKMuzWtvh4+WJr7sD7TX5jPeUsXeqXsy8TYS0QQX68cUm9o2VUipJUVSAHd4ORux030JOnL+UoRh66tJY6CthYaBQtfCpjnQxcWWp2QS6qiShklCOnRWRNBUq4hAkvAyXx6IZkPI+0JiqLiSzMNHM8ZUZuV7P8PobL/Hbd9/mt394j1ffeovnXn6FJ28+x4UrlwXq44T6+eBhuxlve0tsjHRxdrBjs5WNfFYr+WwemNsFYGKzA0MxckMrPwwF6sZW3uraHr+IcLIhyNGeEBcf4vwzyUrsobpogeaqgxL7aancR2f9Q0z0XWJp5jcsL77AkeUnOLH4MOeWTsvxCLMD89RXT5CZO0dG+iyxO0sIdxVTs96Mp6EWTlrrsVy/ik33CITFzNcIzJV48HYx9Qc0CdxeTIy7L9HOmwXmRkQ76BBsu4mgLRpyW4sYsaFEJ22pSJVmTwPMNVaxRkC+RoC+Xi6mjXf+CgMxf8v778Zp7X2EG6whzXI9ZfI7XQGmtIVYMFfkx9vnOvifdw/Bv5+8Zee8emuv9f+5DK+Ilb/Uy/c32/jntRq+OlsiQM/lk8NpAvQ03l9K4Fi1rzplycngAQzX3IXe/Xegs/p29NbcK4a+SgX6a6+9TLhALSVyO2mR/gKfCFJjd1Cq9AclRgrYxWIE1nWVRdRWFFIshp6TnUJBdiqhYT7y3GB2BHkI4DOISowmv1wq2qYOkrJSqGvqJK+0iqySSsrquwmSzDY8JozEjFx1SdncqgrSC4vZHh1KSFoWxS0DVPeOY+/kpDa1a2pooysWrq2pw0ZlKtu6jWiIvWwSQ9+ksUl9jqmOjkDXFDtLczabK6a+BSdbW3zcXfFxdMDT1ho3ue9qYy2ZujuhUmCiAgNICQuiLF4SwhBfbM3N0NGQJM5AD3tjMwyVfntNZTS9ngr0hsIiPvzTF3zxP/9UDV35/+k3/+TAmXP8h3/z3oef8p/vuTWSOD9UCpufGiVpCtB91GOZVGBKf3lFpkAsK/AnkP/YzK7A/OdAv9Vnfqu5Xek3r8mQxCDemYJwW3UAXHaAuQrzFE9JIF11SRR4pwjUs7abUiDWXuRnLOYtUJfrL8tVX41sNwPyJMks9jKmzNeMUj9zKoO3UBliLc83I9fTVCAsBTzbn/nWJCbrYpmVAj5Rk0SXvMdOea+jtRmk+rvgZ6tHdqgdzSleYvTJLHXksCQVyFxjolTWrnQm2tOf4ynJgBiWZP99ZSF0FO+kSd04Rsw8X4G50kJx6zz8ZOkl/wX6zhZrvOqMSOqMIbWzUoDbTXmXQLynUqBe+YOB18vtaorFyIvEPsqGCqkYrhAbb6B+sJX6gRaahlsF6nU0jzZSN1JD2Xg+6b1BFE1JstqXRFZ/AsWjudROl1M5UaruJ145VET1iFjrdCO9Cy0M7upmcKmbHqlQX3y6ks/erOXj1+r540sV/OGlYt57pYz33+7i9y9G8eHrcfzhrWpeuhHIE+eruHL2FI+cvsq5hy/xiMT5Exc4r0w327uXheERmqqbKcytFlBEq5sL+Xv4UZatGFIn+/YeYvnAMWbmdtPf3S9mvsTeXXvYI9Cd7utl16hAfXRUoD7BytJejq2c4OSBQ1w6cYa/fv01L7/8oiSo6wXi6zBUNsXQfgB9HYG6AN7KTAt3d1uiowMlYU+jsamK3t4OgXo/o2PDjMhrDo9PiaX/v60eJ1AfHqNHgN7V3kxVvJ9q5dvN1xFmp095jBvjAhHFEGfbcxmuTqSvJJrKWC9ydjhQH7eN3kx/muLdqRSwtyV50Zvhx3R5DJNyDYwLbIYyvHioPZNr8/U8sdwiQO/k2WPDvHF+N688spvfipW/fe0hXru0Ryx9kWcODTIr11VnZhCBLjaSxCjTXLUwNjQmIiaTlOIeMks72Sj1ir7OeuYbUrl5bECF+qPLrZyea+fMwTmund7HE+cOcHVljMuLzZKUXbjV7J6dLpB2VS09NEgS9qK0n4BemJ/00+3c7DiSE8ME/s4CcycRGGf0pF7RMdqMvulmgZw1+mYCO3NrTC0dsbDbJo9ZYaCrLYmGIb5uTiSFBZAh9XBvYx7zfZVi5vUcmW3kwGQNh6dqaciTejTIiXAfOxKCnClOls9dFseAnOdJOeeTbRlqDDUk01UZT4UIRamU1bJULwrit8l9H3UKaXNREO0C9/6mZMa68kR0y9k93c7xw3M888Ql3njrNd4SkL/zpz/x/sef8dHnX/L7P33My2+8zY2nnubclau0tDarAwZDdvjh6eSMvb0kMMZWmFn7YGbjp4aR2Lix9Q4BeYCA3AcDC3f0zd34RYxU1NGefsT6xJAcUkpucif1Zcu0Np6iuf4kzdXH6G09x+zIDfbM3OTg7GWOzxzj4OhBOT7EgYkDDLTNUlQyQVzOXqJDyolwj5AEwV8yS0s8BOgOmmsxW38v2mLoG+68iwfvuJP7Beb3K1vR3XmnWGYOQZ7RYvTWhNnqEGSjiY/pOjyN1hNqrUGEzUaSpCKN26pDuL0OayUxuO/Xv+JBAfra238lr3k7hqvvxPaBe3FZt5rtmg8QafwgWfZalIhNNQRaMJnrx2NL1Xzw+BjffnFatPBRgboSz8A/LvOvZ0fUTV7+ea2az07k8rulJN6YT+T16XDeng3nrZlwDpR5ELNVFzud+8XI70ZbgK4McjJYu0ptclf+Pff8TcKCPEmK9FWhnp8cTmKYwCc7lrzUWAoz4sjJSKQsP4vSomzKS/LIyEiiTMCuDKLLTIpgR7CbQD6VyIQIsgvyqGlsITk3neauXrH1EnIKC2lo6iI8PpL4VDGhymbi8wvonNzN5P5HKGrpomloij2nHqVzbDdbHRxVkGuJgeuIoStA19TQ+gHmmurjmsocdbFqMz0BupkJ9lab2aos+yqFxNPRie1i3d6OWwh0diDA2Z4wdye5XiQJDAkieoc/eXHRVMtnK04Kw8rYEFNtTewM9LGU7FlLGcCxTlMgr4eDuRXVWRm89spb/PnrvwrQ/yOG/h/e+ewrlo4eU+ekv/PBRyrk//WvbykTaJcKvP+fUSaVV5mAslyBWO7/hbnS1K7Y6X+3QQ35YXR7ELXKqPYsH8qT3SmMEjsPtiLTz5SM7SYqzJPdlJHsOsS4aArUdcn0MSHH99Y0tSwx8mwXPRXqee5GZG/Tp9DDiEox8uodVtQEbaEmZAu1YdZytKHYbzMdqdspDndgTDL2kfJIJqrjGS6LloikOd2XBjGnwhAnyqJcaUz1ZlBgvbcnn8U2sTCpFKZqY8TYfQXqLgwX+DJZGSavEcOQ2H2XsoVqUZDajVAtUK/8AejqDnI/djn8APRv//UPtufokNIZwg55jZj+GuLEtrN7m6jsrqaqq5zqHgF6by3NA63U9NcJ2AXkw9XUDdeLjSsQb6NuqImmsWYaBeYtEy3qiPW89lRKBpKomJLjSBFlo0XUiX23zDfSqGzmMl4hUU7jZBWdM3X0SaU+IjAfWu6mc1clV64l8+GrRfzhhULe+U02bz6ZwVu/yeW9Vxt58/FtvPl0EG+/XMUbr4zQ3FjL4txhHjn7OBfOXOfc6QucO3GOU4eOcmhxgfn+fvo7+mmq66C5oZuaigY6mtsY7WlTgb4wP8eu3cuMj03Q29GlQnvv/CJzQwKvsUF2jY8w19PF0kAXh+amObL3IPsmx3j04dNq+a6sKMZQb6O6y5WB1lr0tdequ10Z6q7F3EQDJwcTdga4kpEaSWV5Ns3NlXR1tzAw0MfgyDCDY+O3dl6TULZU7R2dVAfB9Y4qg+HG6R0Yor2tjsJob0JstKUuFJHx3kK7XN9TTZKUtOcz05rNtNzuzA+jKNKFkgg3mpN9GcxXTNyT3ix/uVaCma+OZbkxmeWGeE725XGmN5NLIwXcEKA/udTGcys9qk2/fGKC311f4c0rK7z36AlefWSO1y/v5+bJaUalvOQFbpUk3gpjAyN1PE3ozghcHZ3Z4hKAd0AEdrZiw4YbOTVYwLNH+yVJGOD8Qj2nd/Vz+fh+rp7cx5OPHOTxE7Nc3dvN6ZEK9VweO3YEH29JuLx92e7tSkpSuEA9laKCZLXZXbH0W83wCWSmR6vQV4CuhJm5EcY62oRvs8fNxpaNeiYYSF1lbimWbizWrq2Bu7UIhABdY92DmBhoEbbdmXIRrN6qLCbaitkzVC92Xs94a64Ydiw9Au+hRoG2WPl8Z57aNz7emkG/JFLjLWlMSIw2JNFSHEqN1D2lcq6VqM8LVJvahxqTGGvNZLA5k5HuQhZG61hZ7OPkinzuy6eFDU/zu/ff44PPPubDz/4s8QWffPE1H3z6Z958731uvvo6565eYWnfEpUiZ3FxcdjYbpWkxRoLRx9M7fywsN+Bha0/5jb+AvhATLeIqVv6CtQ9Vaj/Im2nZCb+4cRJNhvjK5l7WCmVBbPUVx2hrvo4DbWn6el6jLnJp9k/fZH9owc4MHWKlflHODh9nD3Tx+hqWRDwzBCTsUJ4cDXBziH423nja22Pq5E2jtrrxKpXo//A3ay/5y7uFpjfdfuvufP227jnjl/j4VdGsG8SO2xNCXEwwNdSE3ezTThIFuwrGeqOzRuItNugNsXvtNVm9V13cMdtv+JuifsU279bLFmAbrn2XuzWr8Zb6wGCjNYRbbGBXKmAW8XCmmIcWRnM4MvnFvjHBw/xn39chL9LpvjtI3z/9Un+9dwYfz5dxDcXSvn8VB5v7krg6YEgfjMQyM3BAB7v9mUkeQv+lmux1Lwb/bV3o7nqTvTX3CcwX43RxvvUi/Txp67jE7CV+AgfIsM9SU8IJSE8gIq8FNITQylMiyUtMYI6sfOKknyx9GKyxdgrC9KJDPMlJyVSTN2bopx0EuQCzy/Kpa6liUiBd1NLB3nFBRQU5tHS1E5ccjS5BfIatW0C/Hz6pvawdOxRKrqG6J7Yw8kbbzN76DI+vjsxNTZXoa4A/UeoKzBXwK61SfsHsGupawjbmBlJxWSHk7UD9luUpV7tcLe3wUsBuosDkV5OpAUr6ytHUlZcS2TATvJiomgtyaYqPQaHzcpqR/rYSRjrGbFBQ2mi2ygFS0sKmBllibFcPHOJTz79XGlw5+8C7pOP3WRm337VzD/47C9qM/xXX3ymAv1HqP94u1ysvDwrQIV5hcC8Kv+/IP85zFWgF8ljhTsE7IE0Kku7KjunpXtSEudMXoQ12UEWAnMjqTQNSBSYJ7pok7hVkygnDRK2aZPuaUiml4DdVYv0rVpqk3uemyH5AnQF6oqZK0CvCRSYB1lSE2xJS7QDHcpe6H4WNMd7yOsaMVAYTn9+KH35wYwpK8KJPfdIAtKVE0hTii+NSd5MVserc9DnmtOYqk9ivCZW4B1JtwC9O8udqfKdzDfGSmWexHBNIr3lsbQUhqmD/pRNZZT59lU/jCFQR/erQA9Vd1r7/ItPyC8Noqq/mNC2JOL7qsia6iN3cpCq8V6x83ox9Vox8CbqBfR1fc3U9tXRpIB7vIOmEQHkaKcAvJmGiWbqBeSNky00j7XQMdFJ+1Q9TQv5AnJJCMR8Omabxb67xMa76Jpvo32+ic75Zrol+hZbGFrqoX93Jz0LzbSNOvDGE2n89qk03n4yjTckXn8ikVcei+fFS0Y8d8WTF58q5K1XWsnNqyA5a4ihkaM8cu5pLj1yjQsPX+D4oYdYmppkqqudyaFR+tr7aWtqo1ugPTI4wMxoP9OjwyzMLTA7O09fVzcjff0cEkNfFMguCtAXhwXoQwMsdLfdAvrsJCsC/10jQ3z6wR/56qsvpYK1xMREHyNDbQGcsnmHJob6G8XQN2JuLEnsFkO83GyIkrKcnRFFWUk6dQ1ldHa10juoLAX7X6D3j0/dAvmPMTLBgPz99voisnc4Eu5oQKqPFS1yzQ8IcKa7y5jqLGROYr4th468EElK3SgKd6U9I5BuscY+SRKH5bufqYxWgX6oPY0TPRmcHy3kynQZj+6q4cbuZhXoN1d6efGhXl45NcG7N47z9vXDvHPtMG9e2sWLpyd4+ugYhxrjqIv1xNXJDiN9fRGVSKwNdKQ+f5BV992PqdZGLHV12GqySRKGdJ4/OcxTh3u4sNDAuf3jXHn4CNfPHuaZS0d48fJBXjw7x29WRvjLpx/w9ddfEeijDK71kqOnJEIeKsQVOy/MvwX1W83vypQ2Za33SLV5fquDFXpy/r2tjQiz0idIjq5bTNHVFZEQczcyMEZHzxAtZVzQxvWYblpPmNNmcneIeYul99XkMNiQy0JvDbsGatkv1/LxxU6Oz4tJz7RyZELsfbyaw5KALg2Xys8r2NWbx2xbOuMNiVLmgiUBiFKb1hXYT3VmM9mRxUJfKbuHqpjpLWdhROx/vpej+ye4cv4oN28+xrt/fJc/fvIhn3z5BZ9//Q1ffvN3Pv7z17zzxw959Z33ePzZFzh69iyTs3OUVlTh4uGNpr6l2mdu4rAdEysPNLW3oK2/BV1DR7QNbQX2ruhv9sBAgK4aekaAL0nbtxPt7U+MdzgZkSVU5AxQWzIv0Fmhqf403e1nxdDPsX/iDHvGHmH35BUWxs6wPHOK+dHDAvTdFBfPEJ25D6ft7dhZBrDVNgxnczsslLmgD97LptV3c++dt/FrMevbbrtNjdsFxhtX3Y+tSwY+jiF4WVrgbq6Ni/FG7PTWs1ljDVsN1uJtsZHALZukgtWXytEE202rufuOX3HH7cpr/EpNDFbfcTta996FxZp7sFl3L/Yb7sNVkohQi00U7bQV+/Hi+dM9/Ovj03z38Rn++fU5dUDc9/9+Cv58ku9eGefLcxV8eCSNDw6n8eJENJdafDjf4MaZGmcOF9lRHqAv7+0BTDbci9aaO9i05m6MNjyA4brVYuyrVKBfvXYeT29bQnZuIzjYidAQZwL9ndSpDtEC9sK0ZLU5pa6yhNz0ZKoF6pmp8dQUZhEbIdBKVxY08BX7TCFVbD0/N5WWumriEkPobGulpLSI3CIpzM2txMSHqXBvbe4irSCXofFd7D95nWoB+vj8Ic4+/hbDc0eIS8rEVsCsr6vMNddWAa4tRwNdA3nMQACvDJTTQE+A7mJjiZezrVRKblibWcnvWeLqYHML6FKo/V2kALo7E+3vQVaUwLKul6L8anJjwumtLhRjTMff2REbIyMsjYylEjBmkwB9zYMb2LRBvlsrG2oyUzm4dx8fffyxauhf/+8/OPH485y8epl/CdH/8vdbA+L++Pu3/4+h/wjzyuxAsfJAFeRKVBcE/Z9m9iaBpRIK0OsLg9Q1z9WtUJWlXdO9KE1QpqjZkx28mYwAZY65mLmHHvGu2sQ6aRPnoIQA3VGTVEkiM9yVJnY9dX65Mk0td5uykIw+BQL0EgF6hQC9LsiaeoF5U7g13QlOdMY5URVoSUWQPXl+dkTYaFIR7kyPALwt3YcWuR6bJbsfkMphqjqO6ZoERsuiVJD3yXsfk8cUoI9VhtOW4UFnhqvYeTAzyjKfjYlqk2uPVPKtxeHq8rXK1DwF6D8OClRCORe1YvAK0P/8509pH66heqCMAql4Gmb6yRtoI6KxmLg2sWr5WXl3uZh5DVXdNSrUGwebBOIC3IkuiR41VLgrZj7WSLMAvXu6l4G5ETl20zxTQ8d8h0C7kyGxs5HdQ4ztEfjuFmve1S3RycCeLgZ3dzCwu/uHVePqyW3ewcWzmbx0KYoXr8Tw0qNxvHI9hJtXvbl2dBPXjtvzzPV03v99Lz0jI7gFdrIzvI2JyYc4cugEZ0+e5eRDJ1ienmS8o4HF8VHG+/vobK6nuaaEsd4O5mZGmZtbZK8Y9/T0DG21DexdWGBpblbsvJ9dw33MD/awW6A+197Erv5O9snr7JudYX5kUL0e9++X+s1lK3Z21mzZshlLpVvKwkRsUUBipo/lZgMpL8a4OFoQ6OdMfIw/GekRlJXl0NTcSHtvn9qsrkxfU+ely7FPWUlOwK5CfnSUgb4O2goTSPOxJsrZmJLwbQxVxjFYl8JEdwXDjZmSyMXTXxFPfbo/+SFO8hxXGiRx7M4QS5fvf3dtIgc60jg7Vsq5sWIujhdzY6GGp/d3cPPYMDePDvCcxItHB3leLP3lM7O8/djDvPP4SX776GFeemRBnY/+9KE+VppixfiD1G61IL8gYiLDMFv/IE7KIGfttTjrr2eblSWOptpMF+8UO+/jiSP9nJ9v5OSeUS6e2MeNswe5efEgz55b5IXTo7x4cpLXrh1Xz2lrTRE7vFwIEKArm5JESR34I9B/DnWl2T0zPYqwEC82rL2PB++/D3sLSXjc7KiMEIZ5bMFCdwPawgx3Cz28bEzw22LADitdYpwsSXC3ZIe9IeGetgw2FkniJteJwPzErgFO7u7l9HIfZyTO7erh3J4eTiy0cmyxSe1r3z9WybG5RgF9JQeGS9g3ooC7hNmePDV2D5WyPFbN7rE6do83CRc7OLjQy6HdAzx8fA+PP3qeV994iff+9IGA/Eu++J//kfgbn331DR99/hVv/+FPPH7zec5dusbc8gEa23vx849C38wOHVMHsW8PTK290TdyQkvHAkNTF4wslGlq5qx6QIMH1umiqWeDnoktv0j12UaMx1YiPVxJCQiiKC6X6vQGGgsHaShZkBN+gIH20yyMPsL+mctSaC6xMLDCYu8cewZ3Mz+0RH/brNj8PBk5CzgGjWLmWCBZQxSrV21UR+bdefsd3C5GfrdA9967xdDvvIvVqx9EX8eKLQ4ZeITP4G7ti51kvLaS6VpqrUFXEgCjtatxNNyIp8lGQqy1SfEwIcPbjAKJSHsdjNfdx31i63cppi+xSmx/3R23se6uX7Hhnl+jJdZub6hBrK8ddQKD956Y4ZvfHuD7v17gu39c5/tvH4PvX+b7bwTu7+zm8zNV/H5/Er9diuZahx8Hix1Yzt3CSpEtS9nW5HhrYqN7L7pr7kRbMfS192Cg2LmE8cZbQH/ysSukp4WKSSSTnR5LVEwggTvd2CFQ9/Tdgk+gIzsCPcnPSSUjKY7asgISYiKoLswmKsSbUjH4yFBvKvMzyMpIoig3g466KqJjgmlvaqK6oozM7FSGOrvVwTflAvje9h7SctMYGBhlz4GTFNU1MTq3h4cvP8vU3CFSUlIICYpl82ZbFeiKjSsQN9E3wNTABCOBuraWNjamZng62ROgTHHx82Orjb26oIyTnQJzF/zcvIgPjyU1Pp6E8AiS/AWOeUVMT+6lLjebic56RlqqSA8PxsbEFCtjEwy0Tdi4QUtdyEZP04BgvwBJAke49sRzfP3Xv6qGrvQjrVx+mpffeou/fftvdZS78u+NV26qAFdAXqHOLVdApYw+Df4J5DUCxFoJtb9cNfLQ/wN0ZfMSBeiKmStLu5Yli9FEO5IXakPmDqXf3IgUd121eT3WRRmvoUmMnYTtBqJt1qvT1DLc9MkVeCtN7cqI9nw3BeYGFCqj2n3MKNtuTk2AOQ07zemKtKU3xoHOmK3Uh9pSFWxPga818XK9hlmupyLMkc5MX3rk/XRl+tCb68d8XRy7m1JZbssViMczUBrBSGWM3I5Rgd6d60N7uovcDmK6WUDfnMxQVQI95TG0l0SqXQo/B/rPR/pXFwSq5/KTTz6gTSy6YrCEqpFKakZqqRSbyOvMIrzSneASezKaYijtKaO0s4zKbmUQXCP1g42qnbeOd9M+2asemyfaaRxrlWMLvbMC65kh2sa6qJfHmqba6JoTaEtFObI0zLAAXYmhPb0qzIeW+gXmvfQu9tA+007LZDO1Q3UMTRdy/WQUj5/244mzfrxwcRsv3fCnsUkSY/+1TPQa8eQlf8ZnUzG2icR9ezXpOV3sUQbmHjnJsZWH2DM5xkhTLYujg0z0tTPY2kRfaxVTAuqFhVmW9h9lz94Vtbm9vqySlaU9zAu0ZwSisz2tzHS3sksserGrhfmeRqnnOlkQwL/wzNPq9Mqs7Ewpyzvw9vbGTRJeFxdntm51wMHBDntJeO0drHF0tMbVxY7t3s6Eh/hIGQ2noCCL2oYGmrv76BocU2H+U4zNSCI+zeDYJCNDfQx2VFGf7EeCmwWJAqkKseOukihJVIrprcsUu1RGV+cxWJNMTZo/uSIM2YH2kixuZUCBeUMCRwfyOS3weWxvO5fnxMh31Qucu3hqZYCnFaCfHOPZEyM8c2SAl05O8cbVI7zzxBneunKAty7v4fXzi7wshv4bgf3RtjQW5G9lRATiJ5/b28sTA801eOmsIdBwLV5GWtjabZUymcpAXhCP7q7n0b2tnJyq4dBcP6f2TnL5oVkeO9jPxdF8Lo0W8sS+Hq4fuLW2+2MiQAEedvh5uQvQ3QkMcFPBXVyYQlFByg9AT1IHx+Vmx5KWEo6ttTG6OhpsFAnRlrrX18YAVzF1Z3l8i94GOXebid+mLNVsQ7rnFnZu1sLVaCPbLLSpK0mVxK2RfVMdHF7o4bRcow8vD3LuwAiP7B/hwoEJHjkwzjm5fWbfAOckTix2CPS7OLnYwrGFFh6ab1P731ekPB2da+XwYrskfs2S+NUJHzs4ujTIif2jnDw8xylJaJ544jKvvf4ib779Bu/+4Xd89sXnYuZf8ocPP+LN373HK2//npsvvsaFqzfYd/g4LZ2DGJs5omtsh6mtG7qmThiYbMXIdCsa2ptZr2UmsLdHx0Dqc7H0B+/X4J67H2STpj6/yPd3oXSnO2VhPhRFhVCalEdtZiPVxaOUF81TWryXvu7z7Jm+zvLsDZbnnmT/4g0empPseGovyyNLAvxdNDcskZ49jk/4CA5h02jZ56Np4Iamhg4bxM4MN4kJrlvPBmUe3VoDzG2ScIs6jFf64wK6CjyspGAY3QK6rWR9G++5A70H7sVCQwxebN3TXIPorfrkeJlTFrCZ2uAt1AXb4mGmhY3+Bqzld7ZoPojZhlWSOa7DyVwPVwtdgp3N8Xc0Y3dXKr+7Msz/vn+c7/72uID8Ffj28Vuj3L86Cx+t8O1L07x3IIObY6EsFTjRF2/CUJwh0ylGTKVYkOC0ARud+yRRuF1gfjfa6+5Vm9yNNihAX61eoE9cP09ORiCZWaHkZEWRmhFJRmYCWVlJhEf6q8u6urhb4adswrLdmcTYYPz9PCnOySQm3J+qzEQiQjwoFpjnpieQK/c762sE6AF0ybG2tEBdJrFX4J6aEElVqbLyUK/8vSR6u7vZtWs/hdWVUnGMcPj4Bcaml8nLyiGnsBZ7Rw8x8VtA1xYb1xeoG2jrC2h10NPSwmOLBeE7PMhLjSE+MgInWwccBeoO1soa7E4C8RgSwyNJjkkgKSqB5KAA0kL95H3V0lVZwPJELyuzQxRIomFnIQZjbIaetoHY+UY2rtdis9zPSk9hemKc2aUjfP7lV2pf+e8//pzDV57grfff5cNPv+Sbv//91trjT1xUbVwBuWrlYrfVUmnU5AdTUxB8a461RH3RrQFgP8b/MfQipSk+QN12VIG50tSeH2ZLjthzuq8paV6GpCjrQ7vqEO20SR2AGWsvYbeReIdNpLsZkC3gznU3FICbqKPZFZgrUFcGxBV4KgPiTAToZrSGWtKtAD3ani6BelOEHQVKH7uyyEy4PSX+WygPcqYqzoXOFHdG5H2NFAey0BDP3vYM9nVkMaNszKI0tdfEMVYVxVhFOANFAXRmuYm1hzDTlsiEVLKjtcn0VyfQXhpJQ8HPgJ7lr87DV3eVU7aDLdx5q7Xjg3fErKsp7S+SUKaolVE9VE5Ffx4JtZ7ENm4hodGVwq5cSjpLKe2qpErpR++vp65fWSK2nfoRAfZoO3UjzWooze3dU710CORr+xuoHGhQQd8920P/Qp+Y+aCAXWAuMbhbAbnErmGJAbH4PlqlUq0bkSRVbKlVEoITJ8Y4fTCEM/steeasHScPChCL/NAx1mDN/XcS6LuRmBhT7r5vDSYWAXj4pjA6usDywhKH96+wPDXGZFsjiwLGBQHzcGsdo131zIwNsaz0hR85w4KUj4HeAQY7e9g3P8u02Plcfw+TXa2MtzUw1d7AfKcc6wuYaa1kpuvWYigvvviSlOMsEhKTiIyMIiQkhMBAgZwkvj4+PngJ6Dw83G7NOPF2F8PyJDgkQN33Oyc3i8q6Opq7BtTR7D8H+uDYNEOjU4yMjzPa38FgQw5VsW7EbDOjOn47naVyLbTmM9ZVRmdFIv21qaql91XGU5boRXaII1k7HWlK8mG+Pomjw0VcFDu+tNTFpV2tPLbcxhNi5k8dHeZpiefExp87M88LZ2d4UUz8lcsHeOeZCxKXePvGMd66doA3L+/lxVMC/cO9nB0pY7o8gfpEpQzG4y+f0dnRDms9bSw117LNyZ2UhHhOTjSwrzGJK/O1XF9q5JhY7V65Plbm+zk+1cy++nims7yYKQzk5Eg1SwLVwysH+cff/0aKJCMBXvb4+3qyw8+dsGBfdbDwfy39v33peTlxxEQGYCTyt/rB1Wx4YDWhDhZi5doC83UicJvY4WBEqJy/BB9rAm318BSgBzhZkBS+nYGWMiZ7a8WmW9Ttek9KsnlWAP7IyhRXjsxx9aF5Lh+eldvzXFqZ4eKhSS4cGhGg93Bqj2Lyg5yS6/rYQhcrc20cX+rjxL4hiREOSCK7f6aTY0tDPHx4hksPH+DapZMieZd5/fXnePa5Z3jyyRs8/sR1nvrNUzzx1BPcePJJHnvmWa48/hQPX7rKnkNHiE5IFxPfzJq1eqxeo8k9q9Zx7+p13HHPBlat0WLdJl3WaRigpWuFjpEN60SYVq9ey7p1G/lFjtir0owd52pJnGRJeRE55EUXkJtYQ2H2mBjgHkb7HmbX+DmJi+yafoyluavsnTrOrpFlZnoXGeraT3X1InEpA4THD7M99TgO6Vew2t6PiakbDk7JuFo6YWtkjoEAxdKtlm0h0/jk3cTJrw4v5xBczIxxsdDByUQLR2MtNtx7G7oCdFOBpa1kXR5i6VFS0Sqjh2tD7KjeaS2VqBX5PpbEulpQGSXv3WuLVJrWhG41JdRdMmULPYGUIak7bBivjufPzy/x1fuX4N8vCNA/kGL6qeDkY7n/G/jyJN//7RxfPtbD48ORTGTY0BVtRHesAf0xxmJZRgLz1Wg9cAebBOjKYDj9tfepTe1661ep/ehqH/qN81SWx1NRHk1JUTQFWeHkpIeKrYeTl5skSU8iKZnJJCbH4R/oJcbuhLunBfFRPsRFCnSyEoiUzL4kPZWSzBQyBY6t5WXERPvTUVFOVWEeGcnRUgF1kpUcI4afR19zA2lpcbSKBexbXqGspo7hkVnOXniG3Ycepq62hpz8Cqw226vbKiqD4TSUBWWUo4YmG9etw0Jfl0BnsdbECLGXXMryc3Gxc2Cb1RbcNt9awtVP2TJ1mys+Dg4ESIQ62pLgYk17UQpzYnS7R7s4OD1ETU4adqYW6l7Cyupz69ZuEqBrqru1ZWel0dbZQX5NA4Nzi0wu7adrZomqvmE+/vIL3v7gM/7yz29vdV+cf0g18urcINXKfzTyH61cNXKBWVNByE+Grix92qysZ/5Tk3sg9QrQM70pSXBRB8LlBFmR5Sd27m1KqoA6xVmZJqlJ1FYNYh21fwJ6nL2G2uSuAD1b7LzAw1hAbqCuCvejqRd7G1Ptb0Zz8GY6I6wE6FsE6Db0J2ylPdKO+p1WctxKX6oHdVJx1Ud5CJz9Gcz1F6i7MlwYwER5CLM1kexujGOxPkoAH6fOXVfWcx8oDKJPLLs715eJ6gjm2lKY7chgRCrPvuo4Osqi1M+p2Lhi5RU/AF25XZOvAD1IPZevvfIbmkfKKezIFaCXU95fQlmvlPOudJJbAolr3UpCkzv57dmUCTyUBWSq+mvkeXLsa6BqsF6iVuBbR9WAgF6ifriJxpFGuV9DUXexvF6lAL9Zvs8uuma76VsYoE8srWeuV6JHop/e+SE5Domdi+1PddMw3iGJQht7jh3l2rOv8cILT3L+RDJXT/kzN11GSFwqbr7bWK+hwS9/dTu3/epubvvlr6UC08bZJZz+vinmJqbZv7yX2aEBRpsqmepuYWlijGkx7/HeNnbPzXDg8CmWD59lcmYXXe2dAvIRpvq7mFWa2Af7mOxoZrS5konGShY6aphuKmCoLJGnL97aVW1hcRdl5ZXk5ReSnpFFUnKyOmgpOjqaiIgIQkNDCQ4OIjAoUI47BfjBREVFyPMSyM4voKKhhdaeIXVU+48wV+ajK0AfHptianyQ2b5aBiriKQjaSpKY5Uh1Cou9Sr95Gb2N2XRWJtIjj/WJqffUZlCXE0puxDYas3cy35rJufkGzi00cmG3APzENM8cu2XhTxzqU4F+8/QMz5yY5NlTEmfmeOHCMi8/eoK3b17nLQH6WzdOCtAP8caV/Twnz1E2bLksycFKVyHTVUkMVaRSlhKhdrlts7MTo/YlUT5/e0EE+zozmSzw48pcNednKjjcl8Pe0SYOSNI2U51Me6wTLfFe1GSE0lFbTFJMBKmpaeq5XZZEM07K5HalH93fi0B/bxLjIigtyvzB0hN/groCdGVpWEupk+64/R6pj+8nwNqEWDdLvKyVcTvaGGy4H72NazDS0sBYay2b9Tax3dmB+Oid9HZUsjjezsqeUY4uD3Hu0AQXH5pV4+qxea4eX+T84WmuH1tUAX9JwHx+ZZwzB8Y4rjShL42I0Q/L7T6B+SAn5bYSpyUpOCIJwhFJWo/ul/ti5xdO7eXKuSNceuQY16+e5ebTj/LwycMcObyHM2eOcunyeR65coEzF5S4zOHTD7P3yFEMTW3QFAvX0bdik44pG7VN0NA1R1NXIL9Rh7USD67XYf1GI9at12etgF9Hx4T7H1jHL+Ld7MVOrEhy3UKihys54RnkReWTF18u1jhMc80ycwMrAu+H2DNxkd0LT7N3/hr7po8yM7CLqd55elomaWuco6BglMj4Ppw8y/CLm8LMuRJblyI22yTgYGgpYDbEQGOTgMUDN+8c3L3ysbfyxEhbV13L2s5go4BDW0xdALDqLnTuvwV0K+01OBtuwH/zBqlgpWL1MqZU7Ko8QLIuTzPczTWJdTcny8ecHVt0cd1siIu5Lo6SBDjKz3IinNjfm8mXb5zk89+d4d9/vg7fvcn3370rl9Mf4F/PwwdH4PPT/PP1BR4di2dftQ/1wbo0h+nTEGpCgI0mGvffwZr7bkdrzd3orL8PvQ2r0JWjgbxHJVRDv3GBjsYieloL6WgpoaU2i/qKFMoKosjPCiYzxZ/0lEDSUkPIyIsnLTeD6KQogkJ9CQ1zIT3Jn7BQNzKSQslKCic2IpAuAXJCbBDDTc10N9aSGBNMd10l2SmxYqk5jLS3k52TyujAIEcOHKOyto7W9lZOnrrC2OJB+Tu5+Pr6Y2qoJyauLQDfwIMPrhNzXsemDRsw0NqAi5UREV5bSYkJEatpZH6kj5zEOLZtNsPT0hR9qVDtDXTYYWnOTltrfMyMsBCr9zHTpTjClxNzchHvneTI/JhYRhUWhmbq4Dt1zvt6ZdlXQ3xctpKdnca+05d5+Z33+fCLr7n5yuscO3+BgsYaJvYskFTZIpCYVM/l6SMLP8G8Nj/kv03sqpXfalpXVn9T9zL//wK6wFDdfCXFQ7VzZTvUHGU1OD9Tkr2MSBY7T3HSIWar2Llq6JrEOWiqQFdC2Ywlw02g7qqvDoRTBsEpq8IpMC8RmFfK6zQEmtMZvkVgbklPlBX9sTYMxtvLY1b0xTqqyxmPZHgwkOFLa4KHOhp5V2M8XWluzFWHM1Uh51xMfaIsiOmKYKkAI5msjmZUgN4nz+0v2Mlg8U5m6mPY1Z7OnAB9TMDeX59AV2UsLSUR6gA4ZYCgMvK/NMtPvV2jjC0oClbP5fnTB+kaKqV9fpC+g3so7BO496SR3SHXYFsUcc3uJLcGCtDzqOmspG6oUaBeSVlfJTV9CsxrBOa1KtRLeyoo6a6gsrdGXXAmv1uSzPYMgXoBtfK8lvFmWsTUW8c6aBvroWOyj/bJHponugXiipkr+6u30zKtPNYjxj7N4J4lXnzvY9565yOev3mNR68eYH5+GXePEFbdt45V99/Pr355O7/85Z0C9rsxs3CnqKyfifFF5san2LO4yOLYKGNi2IPNFSwMD6gD2vbv3svB/Yc5dPQMuw+eYFgZVd7Zxe6pKUa72wXoYuhD3WLnNYzUFTAtBjfbWsFkcxnjVal88M7rfPrZZ3R099DQ3EK1JMslZWXkFxaQlZNNemYGKampJCYlio3Hq6GAPj4+gWSBfkZWFgVllVS3dNL6/6PrvMOruK69nT9u4kaTQKhX1JCEhCQkeu8qCDXUe++9996Oeu8NiQ6mY2wMBowpLtiOHcdxkuvEqfcmceIkjuPyfmtG2Df57vfxPPuZc0aHc+bM2bPe32/P2muLaG2Qvt3U2ffdYiwtcjxdctzD7dXyuyZTm+JD/H5Xuaa2oimKZqAhW1xlKhWZQZSnB1KS7EerPFeG30vlcUVqAFPtxVyZauL6VA0vTTdy81g7r8w2cWu6nodnunlwfoh75wZ49VQXt2X/nblW7otLf/cVAfijV/jw8Wv88O41Hr94grdfmOG9G0fFvQ9w/7RGreN+pj2XoaJIOvOiKIryItl/J/5b15Dpv4OaOOmXeX7M1ArAC3y5NpDPubZ4ZqsjGGvIpKcoigJfd/JCRcBWFFFRV0NCUgobN2/FzMJc7Zs/+eF9MoJXc3j/evbvVaC+E6/9u0kU45OeEvXknnrYgktPCGP7jk3o65lJv1jBSm1d9CWOrdBaydLFy9Baos2S55ay6JnneO6pp9UEbBMDPYL9fCgvUUquNjE9oGFeYtVlgfb1M8O8cGqYawLzq6cGuHq8X23XBOSKU796tJdLR3tUoF882ikxroVT4/WcHBMnPt7M6fEWzk2Ja59t4bT87ayA/fRRDedPDHLt4lFp87z4wmkuXjjO5YunOP/8CWZnh5mZHeP0mZPMnTrK8bMnGZqapr2/j/i0XKzsN2JitRZL+/XYOm7GarU7pmYOAnlrtbCMnr6VAHy1OHJT9PSU2iJWLF2ygsWLtPheyLaNBG50xm+DPSE7JOiFZFEUV0FKaBqZEVlUJFfTWdbBQPUAQw2jEuiPM9IxJwr4qCjbKVpqhqks7hUF1UhUbD3xSV14+pWz52AJa9fHsmFHuhzYfjbab8BWTwd7QwNsDA0l4K/Bxc4dZ1tnbI2NsVypJfDWwtFER8CuL453MQZaz2It7tdGwGmrtxQX42XsttHF11FfrW2szBc+5GaGk6kum2wNOexigb2BFpY6z+Es4sDNaiVpIXspjD/Amb4c3rms4c8fXODvv7giEH9LoP463/zzNb756hX4zWm+/mCcL98b4mJLMFmiGKsC1lAbaEPYNgt0Fz+NqYDc2mCxwPw5THQXY7TiORXsytC7qe7CPfR7d67Q1ZzHWF8Z7RIMO5ryZZuPRpxOQ40E1LJk8jL9SU/0JjZ6vwQDaVHehMb4Eh4bQGCoDz7+B/A9vI39nhvx8dpCbLgvXh6bxJXGU5SdSljwITrlwkiOCacgI0WAX0xyfDQtlZXMjEyTV1RIQ0MDc3PPMzx5gqDoCNaudcTK3AgLE2OM9fXENa+Upovu8uVYG+qxXVSu/y53UqPDGOtp4czUGP3NNRzcvhV3BwfW2Njgbr0KX2dbDrvZcnCtGTtcN+Czfo0EwRTunp/k3uV53nr5HG1leVhZ2KmFavRXGqjZ7Y7i2Pdu2IKPhw/Z+VW09k4weeoqx86/zPjpS+Q2VfHRr37D7//0V34poFf+zY21fQfzopRDC8lvad5qK0l/ksn+ZFrat/Ou/2+gFyUfWBhuD9uyME3N25E4dfU0K0K2KsswGhPuZkSIu7T14szXiUt3XXDnSlJclIA7docJ8duMSdxmIkJyFSlbRcRsW0WuiMrCAzZUijtvOeIiDn21ANyRrqj1tAY60iKtI9idlqB1dMZtpVNZ6tR3HY0Je5muE5edvJehfB8G8g/RnXmAJnlNa/w2egTsPbmH6cj0oVWArEC9PcuLQREBY+KEFIfeURmuZtiqQM/0VW875MrrMp8AXZkB8O35UhdmeX6UGk0a3SfFafZV4pPnTVxlCCn1ESTVRhBVGUhMVbg4+FRKmopUoOdJny3QFFPSqkxTq6BIHLkyHz23qYDMeoG9tHRx5lHVUUSWhcj/TSBXYJ/flEeewL6wScmYr6Jc00BZZz1FAviCDnHk4sqLBPrlPXXUilvvUpYrvfcGn/zpc3747s+4/+CH3Lr1mPq6Xta778XAwJT/+I/v8/3/eEr6rAVr1h0gPrWBuqZROgWQ/QLF6bEJpgaUBLcWWssK0FQXCMwnOXnyPMdOX2Z0+gR9A3IOKsqpKythpLuLnpYGesTB9zVW0FaURGt2OF3ifHvLkugqzeD0sEY9d1evX6dBxHK1QL2sqprCUhE7+XkC9kxS09NITE4SSCWKqI4XwZpAXFw8cfGJJCQmC/izyMgrpqCyjorGNmrbuqjTdKutvq2TlrZ2BjubmdQU0lsaTYkI/qLwPZTHetBenkSHuPMKccbFYghyY5TkR3/5vUOpyQlDU5rAaEs+ZyfaeGG+kxcm67g2XsedU93cFzd+5+wQDwXSDy5PimPv5cZkPTdnmrh9spu7zw/x+JWLvPf6q9Lu8PjWeV6/OstbSpnW63O8LiLg/qkO7szU89JoNf3ZfiI8j1AZsVsdDY3e60zSXgcaI7czUxXFycYkZop8udCRwum6YDW7vjVH+peYlIwje+ho19AzMk5ZfTPBkbG4uG/AxMyU7u4F8V6TsYPkQCd8Dqzn4J7teO7bxWHPfWSkxpKeGiktnJTEcPbu2iEmwZDly3V4bpE2Wlpi/gys0DO0VufDa2uvENAvZdmixQLzp9BeshRbiVuBfhIjCjMZ7NcwNzXA9YvHVQetJOzdujDDC4ozP7EAc8WhXxWgX53r44oA/fLRbgF6G8/PNKvt3HQTZyYb1HZ2qlHdd1bZN9XM+WO9XDs3yvVLSjW4K9y68wK3776oJkvfuXtDXPklzj1/ivGJQfr7uxgY6qJ/eEiETgveAZEYWTugZ2aPgakVZoopEme+QttYhIouy7X0xYUboKsnRsnIQmBuxMqVujz37GIWPSdiZtkKvhe4ZR1hOzYSKYooOzSR0rgy8iOyKYwVFRqYSGN2A72VHfRWdTPaOstox0lGO0+IO59B0zBOeVEvpQV9REdXkyxQD4uoIyCgBP8jJXh453LQI0PU9BZsLZwwW6mDqZa4Wq3FmGtrCcjNWG1sjq2+Iat0lmOxYpk8XqEC2tZgBVrP/gD9Jc/Ka8UFL1+MtYB6tYDT3VSLHdYr2WCxktUGS3Ax12PvWhP2Oxqr99tDD7rjvc2JdLk4WsuieXy9lxfny3n/pnTiyw38+f15+O0l+Mc9vvndeb75o5Lxfhd+Kfs/GOWdE6JIS/woC3Mnea81Hi76eEiwN9F9Dl3tp7ExWCrHvRwTAfm3QDd7cg9due872FHO3Egtk0N1HB1qZmagkcnBBlGHtXRJUGysz6ZTU0ptVQY1VcnkZgSQknyImJj9ovg9iYw6TFh8EEcij4g42ouPz3YOe20lJuoQsTHi5g9uU5PposODyM1KQ1PVIB1efquqKqYHx0iXfZXlpYz0TzA0OMXWnTvEnVtgbqyPqQgqEyWZRBz3Sm1tdLS0sTM1YKeLFUH73GkQGM+P9ajZqSfHB9BUlrLNyYn1qy3Ys9aYwA2WBG4SIeVsjoerAzEe23l4eZr37pxV78O98eJpchNiMNZbmB6nt1IPA10jEXBWbHVxY/e2faK0c6hpaKezf5w2cSllpVVkFSXT1y8BemCOkxdfWhjm7CpbgLniwNN8voP5/w/o/yshTvblK5ntMTvJVJZF9XNV550rMA/fbk7QZhOC3Q0JFUeuAFxJhFNceYDzSvVxqEA+eqs5CbssiNtqQoK0nP3W4s6NyVUS4cSdl3muptrblkY/e3HkAvYgFzShbrQEiEsXkLeFbKQtbCPD6QfojN9Dvqcj5SGbGK+KZLjAn66U3UyU+DOUJyItdRcNke40J+ygM8MDTcYhtSnD7l25PgyXhzJaG6MCvas68jugKwKmUBx6brLH/wL6UFepei67jzcLhKOJq0jEI+cQ3gV7CCoQV9+WREZjIskNCaTUJpJVl0G+UmSmRSkDm0dhWzEValKcAKm9Vp26VqYRqDWXkSdgT23MIKYmlriqaNKkL+cI5JWmJNXlN5RS2FBJSUstxQLygvYqstsqyBVxUNhZQbU4dY0Ix/d++Xv++Ncv+OVvP+Wdxx9y//7b3HrlMeVlrWxw260uvbt4sbYEreUs1zETwZsiUG2lTvpQQ3U9PZoupkcmOapAfWhI+k2HWhVurH+A02cvc/zcS/T0DdPU2EB5QTb1pfmM9yrZ6y1qEmd7aSat4sabUw/TLmK7MzuILumPn/zsQz7//B/09A/RrOmgvrlF+m0j5dU1lJTJdygqJjcvj6ycbBXu6ZnSMrJIS89caBmyP7uAnKJyCsprKalpolKgXt3SIa2d2uZW2lubmOysZro1h25xwdXx3miyA2nKVMqOpotIz6IwPVR+30DyYnyozAqjOjuMtop0RkR0He2r4+JUO5dGqrgwVMEdgfWji8M8uDSmzv2+L9fjnTMj3D7RxcvHe7l7aZpXXzjO/ZdO89arL/HWa6/w8OYl7l+c5t6pPh4KyN+8OsnbV0bU1dbuS7+5OljBaFEYNWHbqVGmxaX6UOy3gXzf9XSISJ2vieRUUzxHK4I41RLHucYIzrQl05obTnFSKL293UzMnaJDYlNOaSWH/INYs9ZZgGXBug2bF0aQjneQH25NnAhjTyX/4MBuvD32EhzoK7EtThx6BKlJUbi7u7JCIPasAGylOFRrS0fMzKxkvxvr17vh6uqKq7MLTvaOaqVLO2sbNfZ5yvvl58n5bK7m5NFRLp2c5sXLx3jx/Aw3Ls5w8cQQl+bFjT+5n65AXWkXBebPT7erQD8vLlwBuNIUqC+49DpOT9QvtMlmee9urpyf5cVrp3jp5ctcvvI8N29d58rV89IucvXaFS5eOs/k5BgVlSVUVBVSI8fkttkLC/vtGIvx1TG0Y9myldLXDTE1d8TQ0FYEjCnLluuxfIUBWtp60nRZsULEy5IlLH5uMUuXCtC1xKHHe3uQEXiYDD9PSqJCKI7JID0kgwivaGJ9k2jJbxJnPihKcIqxzrMMd5wVFXyMnqYZUbrDVJUPUpLfTWmhuPTEWnGPeQQG5uDnm8H+A5Gsc/dirctBzCxcMZAgb6SzErMVS7DS1RawL2OVOEUTgbvZCm3Mlq/AVty7i6UZxvIaZb651nM/YOWSpzBa9hzGS59Ri7iYLRdRsGwRlsuVIfnFOBgvxc5wiTo0b2+ih/cWJ1XN9lQmq8tLXp+p4KOH03z6kzP86eNrfP7rC/DXu3z1p5f55r+v8vWfLvP1n2XfJ3N8/dEoD2eKiN9jz5HNpniu1SVkjx0ZwZtIC9yI7zYrNtkbELrHkUNbV6tD7UYrFmGuv+xJ1uYFCSjVzA3UMzPYyExfE7ODLcyNtot7bhPINjDUU8X4YBO97RUMCuzbW4toasijujyVvKwQ0pI8SYr1FpHkRUTYQYJD/YkQBx4dG0VQhB+H/Xfi5SNuN2APEeHy2yXHiRgIobKsjPnxExRV1FJTXc387Dna24ZY57oOS1MjzIz0MTcxxFBPB3OB7YplyzGSi8PGVJ/d62xIEOVdn5vIhRMjXD89zdt3XuLUqAi2pFg83Czx22zGYXdzgrdZyLmxIMljCxfk+H948ySfvHODD25fFOE0wsFt0jENDNW11k0NzVltsQp3xzXsdN/C9q3biYlIoKGpQ1z6CD3DUxLsasiqzKG9Z5SOnhFeff3thTruDenqELuyuIi64IjiuJ/MM/9urnnqof95/n8lxClAL3gyVS1NmXfus5Z4D3u1pGuImtVuTJCb/JbrDAhS7pk/aUp2u7+TzsK0NekD8TstSZDvnCiOPnufMuxuSf5eO0rkvZRVAWt87Kj1saX5iDNdkRvpDF9P2xFXgfkGumMEztLmio/QGLKZEu+1NEfvZK42genaODRx7owVKkVAvOnL2k9LzCYaozbTkbofTaYnHdmHBeb+9BYK9CtCGa6Opk/cT3tFOI0FQdRkB6jfN19gnpN0UIX5t0BXZgIoTkH5Vz1QSkpjKokNqXhk+OCRvZfDuQdIb4gntzWT3LYcclrEdTdmkiWvyWvNWwB6a6kKciW7vbKjkRpxk9WdjWpyXIkI1+xWAVhTBml1mWTWiDtvEDfaWCKtlNxacfcSrMra6yloqyJfU6ku15qvqaG0q5mBY/O8+9NP+OsX3/CXz77go5//lrdef4/7r73Liy/coampTwSgJ/bWa7G1csZaTMGWTXuJjEwlKz2fchGCylxzTbOGicFxJsQBzkxOc+zoMeYm55memuX0mWvMHLtKbU0l1ZVFVBbm0Vicw3BbB11V5XSUZNCSEU6tgFSBVUviAWrDd1IVtHthZbA3H9PZM4ims48mcdQK1BWnXlUtwqa8kqLiUgoKi8gVx56Tm0d2zkLLyMxW77ln5xaSXVhOXqmIoIo6Sqrl3IkbqxCn2tDUxHhPM0fbCxitS6KzMJzuwjB6lSmMhRHUF8RRlhkpgjaE7Dg/8hICKc2KoLYgVv5fDaPdVRwf7+D8RAuXxUVfnWjk5flW7p4f4ZGA/MHLF7j5/Cw3Tg5xTdzn9Qtz3HzhPLdvXOLNR3f44VsPeOPeTR68cplXBfSviNO8f6qLt28c44c35nn7ugiCsz3cFFhNV0TSJvCuj9rFYF4gw0qyZvR2OiRWTUufPNOWwrHaSGYrg7nSHs+VoTI5xkYmJieYPXOekdkT1Lf3EC8iZ9e+A9jYO+DovA6vgCN8+NOf8btPfkpppD0lcU5E+O3gkKcYGe/9amJhtFJJMyUKL489AnEdcay6El9MBdarWbvGkbVODqxZI83BETsbB2xs1qgza2wtrTDSM1ATsVdZWrBj51YSEkS4NVRwcnaM40eHOX9qkrNz/RwdbWVuuJET0k6Pt3Jmok29N35qvEnaghtXlltVAK405flUT7HE91J1/9GBcuZHm5ibaJe428/p01OcOjPH0TllO8+xk0c5ee4kJ0+fYG5+loGBXhoaKwTq+ew+6Iml3Va1dKuFUvXNdqs6x3yxtgH6xqsxtXDG0NQBY3N7dA2sxJWboi1w19YSgbtMC63FS8SdLxMRsIzvVSVnkBcsUDh8kPBdWwnf50ucXy4JYdUClm7a6k7T33aOwfYLDHRcor/1JK3107TUzVJbOUZp0RBpaZ1ERNdxJEhgHpDOQQH5pi2H2bkvnO27A3BbdxBn131YmK3BQH+VmmWtv0IXI20dAbkOhsuWsnKpFvrLddTsazM9XXSWKcXon0JXaxH6S59DR6C+YvEPWPrc91mu1ISXfQYCeAX0RsufEbe8GHtx5ztcrYkP2E162FYmxX00ZBxksjqce8dK+eTeCH/5xVV+93hWAH6Hb758g2/+fhv+fJlv/nINfnWcrz8Y4Y0ZcakV/tTE7yL1yDZsTbVwsBDwmemwymgRHhsEUHbG6vKJIQccSPZ3w81adyGR6+oZegTQox1ljIkTme4Vlz7QzPFRDXNjAvWhdsYHGsRRtMq2SQDfTK+4lU5R253NJdSK8q6pTKVKtsUFMWSl+ZGW4ENCtI+6rGBCejypOfL7pCYTEqHcq/MmPNSTQAlAiQkhVJSXES1uvUyU8Im5SxQV1ePo6KgC3dzYAFMDPenkOuLSddFfuQJzQyOsjfXYtc6arNBtElQSxJl38PKFY9y6dIyLs6JSZ3spTwkmLXg3gdtsSRF13lMSxwtTLTy6NMkv37oq7Qpvv3SGOF9fVhmayOeYYGFijo2FFa529mxb58rmtevZJorc/3AQ1c39jBy7xPzzNyhu7BBQNDEwc5aeiWPce/O9hTruJZEqzJXlQEuVYXRp/zo97dt75v+a4f5vRWXEoebH7X6S3b7+u9XUlFrtoZtMCNpgRJDAPNTVgBAXfUJkG/Rkupri0BXXrg65b1ullnlN2GxO5m4L8vfbUrDPgXJvRyq97ak5tJpGZfEIgXlvzBZ12xGynu6obfSKKx9IO8gxcdc10k8qfJzpTNyrBsgTrSm0xm5kIGs3QwXeDOYcpDd9L21xO+lI3kdXjrcEdwF5ZTj9lQLz2miGxA13V8bQViYBPy9IXZpR+c75AnMF4v8/oGtmB4ityyZSHHqAAOGgnDcfCcqJIg6UhVmUofW8thIyGwRCTbnkSx/Ok1Yq7ry6q5GKzjrZNlPb1aI+r+wWoHWXUdhVQJ4ASclwL2qtolRTrU5zK2lVqs2VL7h6EQMl3QKzbmVbQ8v4OFfvv8WvPv2bwPxr/v73L/nDn/7O+z/+Tx7ef5N7AvTjE/M0VA2ScySFva7b2eG2kzU27gL0fYSHx5OTkScmQq6Xqjp6uwcYE4c+MjTK+OiEWg3u2PwZzpx7gZNnrzM2dVKui0LqqkuoKSqgpTibvoYqWvOTackKpzrag+LD7hR6raHEy5GMbWZcm+hWz9vU7HG6eofokM9o7egWqGuob2pW76krUC+vqBK3LuehuIj8QjkX+UorFOdesAB32ebIceaUVKpQV5y6AvbKukYR9A0c761mpiGZ3pIw+sujRLRF0SMCrqssVsCdQE1+HAXJQWTF+gnYQynPikRTncWEnM/Z0U5OTHQwJ7/B6Z4iLg5VcftUP6/fuswbd1/i1evnuHZ6kjNzowKZKebn59Q2OjwoMJvi2tXnefH6Ze6+8hL3lWzs4928Ot/Muy8d5e0X53nvldOyneXuyU5mBdoNERIfkg/Qk+nFdHkkwwL2vixfTmqyONuRJWCPYCTHg5f6s7k+rWF6dpaJE2cZnT9N59AkRdVNBIRF4rp+gwr0vQe9iRfh8/KduwvL+9aFkBdhT1zgBjwE3j7+h/D088Er0I+oqAi2uLlhoKOPtZm5xDMzcd6rsLKwUGdSKfX6DQ2tsLJZy3IBnq6+pTo8vXSpLsuW6PD000vUVSWDjgTI75Iu/ScFTVMVbU3ltNUW0V5XyFBnOaNyHUx2VTDSVsR4p9IKVHArwJ7qLZHzXsSEPB9tz5c+lClbEWPtRfSKEB7tLBWj1sjwoIb+/lZ6eloYGemhp7ebcRE2c8dPMD41rpYD1rQ10j/cRXxyGpa2m9X1zC2VFdPsd7LKZiurbDeoWey6BrYYmzlhYuGAgclqDIxt0dExYNnSFSxdrKXeWlBuK2gvXSLuXRx6ZWoa6Yc9yPIWF+Oxm7TDoSSHFpEQ0Uxy4qAo4Hn6NFfpabtMZ+sVgdVFetsu0tF6jsbqWYry+snP7iE6qoYAvxwiI3LwPhiMh2cYBzzC2bPLD2fH7bi67MLBzp3VNq5YrrLHwtyW5dpK6VH5MeTglMIj2su00V2hz+JFz/DsM0+z+Nmn0VHAvWIxWou+zxJx68sWPyVfQuAuoNfVWoyu9mJszfTx37sJj62uhHptZYeziQR6X5oKAnn5aBVTDZHcmCplsiGRn7/Uylf/dY1//vElvvn0Zb766y343Tl1Hvo37/Tz59t1vNyfJO7Tia2rtTi81YYYHzeOHHASJ6vLGks9NjiYsm61Ica6i+XYnsNSX0u9Z6/8u3Z+nq6WQvokOA4J0Ee6qhiUjjLYWaZuBzqr6eusZbCrRlotvR21Ksw1zUV0t5TS0VSEprGAjrZKWsXl1Fbn0lCXS0leJNkpAeLG/UmRCzwtI56svFwyC4tJyyskKj4K/xAPgiMOsdtjA4EC+hwJMokZWdhYW4oj18dIX1cdajfU1VGhvnKltmz1sDY1lnO2imJxKA0p3gyI0zox0cvz88OcGe9R1erR/hJmego4qsnl6nQZr51r5N75Dj68c4ZP3rjE42uTpIYHYGdhKefJnFUmFuKoLMRdWbHR2ZFdG9bj7uDCJhc3/DwDaRs8xfWHHzN/8RWSiksYPSPB5+HP6J+7yKN3PlJrvCsgV0qXqkDPXAD3vwJdeV6e6ftvTYW6MgSvTGtLPEh+7ML98/RAd+IlYMftW020uG2lvKsypP5t8lugQFyBudICnQ3UdsTFkCiBeNQWM2Jkm7DVnAwBeqE48+KDTpR62VPhbUedrz2aEBcV5D3Rm2kPdaMrfCPjSiJbwl7GC/yYLw+h+rArRftXq4VnhgsCON6cSE/WPrqTNopL92Yk34Ph3IP0pe+nK20/vfmHGSwNYrwuhrGGOMYbExkRZ99ZHk1zURi1OYFUZvmp5yTvyRz0jNg9alOS45TEOAXoSln8uqlB/PKiiChNIDA/nqDiWIKLI4kqDielNlUgXiguulLArCTAlahT1EraqyhvrxNI11LRIRAS0VXT3SyPaymW/lzcXUBxTz75EvQK2svl/9SoQ+sl0r8LWitUQVCiEYffU015n7xHfyPV/W2ce+URP/n93/mvz77kT3/9B3/48+f89vd/5e0f/phX7z3g7t03mR6YYERzlmKPdHydD3DQbS+ee/w5sN+P5ORMEbrpFOVmUyUuXdPayWD/iARSAa8At6G6gO6OdiZEHB49foWRieNUVhZTU15AbXGeuPIsequLaUwLpirOgxxvFxI2mpGlTE90NyZmrY56Lf/nx7+gb3CM3oFRFert3b0C9U4V6so9dWX4vbqunvKqSkpFSBeXlqiOvbCohIKiYhXuOQX55MrjnOIyckoryJWWX1ZFXX29gKGWubYcRssjaM/xZ6IhhcmWbBozA6nJkmMToBelhZGXGEhqhDdpkYcE7sF01sr/6axkbqSDiY5ShusSONdfzrXpNh68eI43Xr3JnZeucGqqn66OVlJT04mIzSA6KYfY5FwSk7PIycmno6ODY8eP88L1a9yV1z+8OMMbF4Z564WjvHPzNO8K0N96aZ7XzvZyti2L2oidIj4Po0naT0vSAZoTPJmojOOcgO5sdyEjSq35lF3cHBdxMdnFyNgE3cOTaPrHqG4ReGXks2v/QaztHFSoB0fGUFLXQP/ktHq+b70wR7D/VgH9bnYc2M9BMQd+4eEciY7C78gR1okxsTE3xdZCqXSpvzAdVtdcTRBbtswYI0NbiWmrWK5jgZGZI+a266W5YyPcCQiKZNuOPdharWbDejcOex3A+4CyfOtOIgJE+KdGUZITRW1hPA1y3svSwqnKjhThnEh7ZTKaqjRay5NEZMVQmBpERU44FblRFKSHy3UWTEZ8gPRHET1KUaaSNAoKM8jMSpV+kE9JeaUIPrk+yspJzkonLimZyCi5BiOisVmzHmMLN3U9c0vbLVjabMLc0h0Lq4VmZOqIkYUTBqZ26Ilg0V6uzDlfqjblvvnS5xZ/B/Wl0r7XkJdJZXw4ZeE+5Pp7kurtTXJACqnRnaQkTVBeOCsu/YyomSt0dN6mXfMyLU1XaWo4S2vdvHTiafIKRuUiayYjpYnkhFJ8PSVQBMXguc+PHZv3s9V1G27O23F0cMVlzTpx6rYS7O3lh7FmrZ2duib3iuVKQsPCCmA6AupFi54WeD+D3pLFGMtzPa1nMdRZhpnBSswMVwo4VnBwqxPbXKxxNDXg8O71+O1yIXC/G/GBW8iPl+8StFmAXs2F4Wwenm3g4ZV2fnt/mH98MAt/fFGAfpNvfnWWr396jL+90c+fbjfxXy/XcrEzlpi9luxbZ4KB9lNoLfk+xgZLOOK1Ho8tdpjL47XWBmxfa4yN8XJMVy7FWqCu/Lt4ZlJNiutqLhDhUyyQLhTAF4kgKqG3tVj2F6Kpz6VToN0jwbNXLshucfM9EvgG5CLta6+gWwJqtwRTZUi+R5zR6Ei3vK6Ovq46murFmeTFkivBKCvliHSaKHKKcikSp1JW10FFXScJWdl4B/jgvHUNbhvWYmZsIsdsIG7cABN9EVG6K1SY6y3XwmClLlbGRuxeZ0WFQKEn3x9Nph/NuXHUFSRLYM3g/Ucx/OLDEH75QRy/fD+F3/8yk09/ncYvH2fy7ukuZsXRhXnuwN7cEnsrCxwtBeSrrHCytsbV3ppd653ZICB3Eqe+0dVV+od8Rtcst9/8Na//9PeUdvVz7vZ9PvjdNzz+xed88ntxbp99ugBycQBKK1OauMp/hfm/Al1Nhnuy/R+gH3gC9M1qZbhYDzs1IS52+yoiN5qqDlxpRxSIC9CVrdpclHvqRoStNyNyk7k67B6jDLnvtCJjjzXZAuUCzzUUHxKgK1PVjjjRHulOX9w2ceWb6JHWF7+dntjt9CbuYb42gqOlEqC9nSjeb0OTAvuiQOYF0MPFfvQmuDFV4iP7vBgr8GQw24M+aYPFAYxVRTAtr5tpTWOyKZXhmiQ6K2LFZYarQFcS4pTbEOqUtSdA/9ah54prV4D+2d//RlxtAf4F0URXphBSmoZ/fhRHiqMIKwwmsSqB9AZlbnqR6rQL2yrEkddT1VEvDruOQoFzqexTnHeFALtQ+m2+Rly5RpxOZwppbSlktuaR1VpGnqaCYhGxOfI+GU3KKm15FHXJe3aVUiJgb5sa5eXHP+dHv/tMHPrn/PqPyup6f+Wnn/yJNx6/x907r3Hv9pvMj8xydug6dQHlJO6N44DTHvav309OWpHASD4rOZYK5X54TQ01VfX0KNXWmltorKlg37Z1+HnvpLmllsnZMwyMHKW8rJCaMnHnFcVo8pJpyk6kSQRyTfQ+EgTkEc56xLmsJMxOi3NDbeq1fOnKCwyK8+8fGhewC9T7+uno6aVNqcfe3kGzpv1/huBrRLBUVanD8KUSuBW4K01x7grc8wX0uSXK0HuF6ur72uqY6xHXVxNPtzjdehHSSq32KYkHlUk+FMYfIldAnp90hNyEAIG5NykRSv2FEJrLMyR2lIljrGNEzu+xznyuTbVw76XneevRfe7evMZREeKZaUnsPeDFgUOB+ITGExKfTUhiHhHJ+QSGJXBEYnRxSRUz8ye4eeMmD146z1s3n+fxzXO89+oV3rpxQi3Xeu9MH+c6sinwW09z3D5Kg7ZQFrZDzTU41VvO+YFKnu8pUh37XEUQN6dqVLHR3tNPbWs3pXUiKvJKOBwcpoLcWuLAzr37SczKpblngKkTp9WaFJ/+5S/EZGQTn1VIakEFGUWVFNQ0UKnRUFBWhpUYj1VKRUsj4cRKMSgmNurw85IlYgZXmGIojtbc2h1bx53Yrd2DnbMA3GUrcSlZpGblsGm7ko9hivbiZazUWiKxcAXbNrvg67GD2BAfEqP8yE+JIC8+hJjDe8kK9iAv3ItKOeeliWKmwjzx3OHOlnX2eO7dwu6t7jja27BmtcQ6R1s2bnTBy/sga51dcXLejNO6rZiLgTW3dsNh7Q41a13f2AFdw9UC63UCaQf0xX2bCrjNrdwE5hsE5m6YWrhibO6MobkTRqvEpRtZsXyl8HGpDksXLWHx4iVqRrsC9GeVbP6nn2XJM7JPIP+96fYGuvNTqIsLoDBQgoKvJ+n+kdKBOsnKOi5q84w4xRdoqTtPc+NVAfotNC1XqGu4QG3tWem8sxTkDZKZ2kSQfxohAYlEB0Sza9Neoo9Es9VNlNYub3z2HZSTFspqKwdMBC4Ht2zl4PYt2Fmas239egK99otD11WnHjz77DM88/QPWPzcM/IFnhUF8hx6K5ZioKMtTnMlu+TEGa1YwiYnKzx3upEUspMNdmbscbOSIO5FdowvIR7O5EvnO9efxe25Mv7w5gx//vgav7o/ym9fG+LPj8f5+henpZ3is8cj/PHVLn77cjMfX65mpuoIh7atYq25NnvdlBV7RAkt/r6owKfk81fgvdOBdfamAsmlrLPSwWmVHpaG2moQOH9qRCCeKxDPp6e1gM6mbDQNuXQIwDsbi9TWI068r62MAXE1A+Li+wXc/R3lDHXXMPykjfa3MCWBZWKglcnRbnUYZ2Kih6nZcbq7GukRwNdVZFMsgTk3O5SMTFGKBRnUinNo7Z+kqWea8tpO9u/3wtLIhFXGhiKG5CLQ0WXl8mXoaC9Vga6vs1wuFH28tjpSk36IvpJAjtYGcXX4iKj0ID79XTRf/D2JLz5P48vPO/j6n5f4+ovzfPW3fj7/QyrvHs/C09UJBzNjnCyNcVhljIsA3UWc+aY1dmx2smXbWvm7tR3WAnw3p7Ui9Lzo7Jri6ovv8qNf/I3yzn5efuOnPPzwM978z8/43V++4re//lgFelm2H+XiXsplWybwKvm2eMyTIXgF4hXiUpVW9iS7vVhdB91LRJ241KjtpB5ZT6LPWmIO2hG7x4ZIcdxh7v9TPObIk3vn3wI9yNVQ9itANyV8g7EKdEUEKEBP22VJ5l4b8jwcKD28hupAJ+qOOKKJcBeALwy394pL74zdTIe0EXHcJ5oimS0JotLLliqf1bRGbqI/05Opqkimq8MYytwpIFeGMQ8zUewtYPehP8eL4bIgputjmW1JUUtOTjali0NP+f8CPVu+7//LoSuLQQSVpBBUlkRQYQxRVflEVuYRVpFFTHkcCdUxpDQkkd6YSb7AurStSoJoLeUC8vymIrV6XE59toC8kPzmfNLq0shqzianPY2MjlgSW2IE6JmkS7/PFDGb315MVkseKXUC/OZMdR30jJY0ckTgts9Mcee9X/Gj3/yNn4lw+7mA/We/+Yz3fvxbHj56lzsi7G7fep2Wml6Ot15EE9lKkV8x4VtC8XL2IMozmqxEcT/KYkWFudRUlFFXUy8mo1VMRiM5mVmYmerh57mBEhGkPeIOm9u7qSjJFwNSRXd9LS0Z0TSmR9EiorgibA+hAvNQRx2inJeTediZjz96jz99+inDY9PSphgaHWdwdIy+oWG1znZnb5+49Z7vwN7UqqGxqUVcdyM1tSKEqkX4iGsvrxQhVF5OSemTVllNRW0dnS2NHO2WONOURn9egFrPvyR8t5rd3l2dQXH8YZKO7CY13FO9d54Zc5j0aB9SpJXmxEgsERPQXEFXTS6zPZVcGK3n7vVTvH7/VR6//S5Xrl0iNiYcN7cNrF23AffNO9mx25v9XkG8+94HvP/BTzgcksBB71AO+Shxo4pzl17g3q0XefTyVR6+dI43b11Uy7U+uDjGo8uTnGgT0xC0TS0xWyzbhiRPZtvyuDzeyIWRWs505qKJ2c3JhjhenG5ksE9DTXMHJbUtZBZVEBafzJ6DXji6uLJGgOflG6AmyPWMTjF/7hJ3H72lxs/+saMC8jq15VQ0kl/VSn5lM/EpKViZSPzSVabbamNovAodXVNMzB0wXeWMlf0W1qzbh+3a3Vg77GCtcMfCxp1NOw9QWdeEv4iJ5QZmWFs7SBw0RWfZEonleqx1sMJD4BwR4KEunFWQHCXXU7TEjiBS/feS4bubZB/5+05ngneuY+1qgbGZOYZKYS4zK/T1TNDTNURP30it1GZhJaLCcg1mli7q9DOlRKu13Tas7Daxyno9VrYb1SF0XYMFqOubOsnxbsHUcp18Fxf521oMzRzRN3HAwFhcub6FiBYDtLS0hT9aLF26VIC+WJowadlKFmvp8eyi5SxesoLnnhOgv3hcQ3dRIuURvhQEepHj701aUBI5cRrSUsbJL7osnfUumrY7tLXfobX5Om2aF6muPkVVlTj0kilS0zpJT20mLiKXiJBUAg6FCvS82LNlH5HBMbitcSPSz48gcf/2lra42dvhu2cXPnt3yj4P1tnZ4GBlyo71ThiuXMEzzzzDUz9QysQ+ywoBucsaawG/ETtdHbEy1MH3wHY2O9vgZCPwsDISceCAz04n9ro7EnzQXRSWD9W5Qeqw5Gx7Cj96eYif3OjgZze7+OWjSX57r5+/vT3B396Z4C9vjvPrVzr5+bVafvtSLW/N5lIavZddrtZYrFysVqjSWvIU21zMcLLQRnvJ0+hrPyduVFdgZY6NyQrZr0dCeIDaIU/PD8jFlkePuJPepjzaGzJoq81TQd4rzruvrVQF+aCAfEgc+aC4mQGBeX97qTyuVjPhx0V5zwy3c3yyh5mhDmbGehgXlz4x0cfszBhDsm9iYpDh/g6BexNtbeVUFCdQlB1BYX4MeXlJEjxKqWpuF4XugY2REZYGxpg+qdSndOYVyxazUqCurERkKwEw4MB6NOUxnOiN5ye3c/jHTzL56pNivv6sg6++PM/X37zI11/f55u/3efLn5/l649H+OrPxXz535nMdQaKsDHAxdwEd4H6RltT1lubs8XBhu0ujuLUbbE0tcLCyBwXuzWiirfT2jrG3Qf/yaP3/5vq7n7uvv0JN9/4Nbcef8Jf/v4lP/3wne9gXpEboG4Vp65C/sl982/decWTVq7uVzLelcVaDpIj7jwjdBNJvi7EezkSuc+ayO0WRGwyUYGuwPxbh/6vLj1onR4h7gYqzJWheeX1ikNPEKgrQM8Sl5/nYU+Jjz01gWtVh94Sto72iPW0h7mryXFtkevpS97JdIkvZ9timS4MUO+1N4c4C+i3MpxziNHiQGbqIhgr9WNMQD5RFcxYeSDjFUcYFGE1WB7OdHMKM20Cc00WY80Z9Fcn0VER892Qu5rh/qSoTHbc/wa6ch7f/emPCa/Kxl/6SJC49MB8Ed11xcQ2lhBVHi/uPZr4+ig10z1XgF3SVEZRQyFZtekklicSUxJNSqWSAZ9OqgiM2OooUuuSSW9NIqU1kpTOeLI7lOS4NNKb08kQiKeJ41fmsCvZ8lktGSQ1JQnU8+g9fozb7/6Gd3/xOT/6+K/86D//xHsf/Z63Hn/IvbsPuXvrIbduvcGF0w+YKDxKV0IPtZGNZB2Qz96fQopnMtEHw0gMDSFJoJWflUpNZRXNDU14enipi3Mc3LWJnNRQ0pPDJHbVCWBLaKirpLu1je66alrTxOWmx6BJjyBThL+X5SKC1uqJOAhl4vjCVLXX7j9ibPIoo5PTjExMMjw+wdDYOP3DI9+B/d8cu0Yce0sbDY3N1Mux1CquvU4+u7aWyqoaysSVK9nxdU31DHdUCwxzGSo+QoP8TiWh20j2ciHuoAv5kR7kxx4iMXAP8QF7SA09SLrizqO8VaBXyG/XUlNIV1MBXbU5TEv8uHRqUsTQI1578JDbdx/Q1TuAq7LCoqkpemKeDI3NBChreP2Nt/jq62/44suvefuH7+MRGIlPUDyhcVk0do9w/YWrvHHnOm/duco7t5/njRdP8uDCGG+/cJTLQzVynDvJDdxKffJhhivj1bKnV2ZaOT9ax/G2LOrDtnK2JZFzow10dLRS2aChsKKBlMxCAkMjxZXvw9nNnfWbt+Evz4uqG+ifmGX++cucu3ZjYbXKNx+TlJpMWXE2RaUFZBWVk15Yhu8RX9zFwK1coo2BnhGLFq/AwtpVXbDEfPVmdbUxa3HmanOQfVYumKyyp0BEQ35JFbZr3MXt2rNr7wHW2DmivWgxq0wMxejosnfbOiL8D8p1EyzXUpTaitNjKcqMoTRNAB8XRHrofqL8PdT1MFbqGKi3iHVXGj0Buhk6euZqERgzBebyOVbquuwbWb1mA/aO27Cx28xqAbcCchu7DWqim4m5ssa5KyZm8j2sN8rWSU1+0zOyRd/AEj15b2WJ62VPEt6UjPZvHy+XOK4kxikV4wzMxOnLZyvr03/v5RO1tBcmkB8miinkCKUxWRTFFpEXWyEBoo2C4ueprr9FS8frtHY+oL3zEc2tN6hvukR1jUC9cp787G5KcltJjJEAEZ6Br2coPgeCCfULwWuPB5479hJxyAvnVdZqgN+3daOAVxy8CIidG9xJCfPFY9dOQg7tEcVkw7MK0J96ikXi0JcteoZI7wOsX7NKXJ8xiUEHRACYsX+zEztc7dVktT0bHAj33khK+H55j81E+W0UQXKQtNDt9IoLunemmdfP1vLOhUZ+fK2R34lD//hGO5/c6uCPD4f5xY0WfnK+go/OFfH6dBIt6QexN9VBa+lTciw/4Llnn2bxoh+gq/0srnY6OBhrs2Lp02otd3d7EzbYmdLX2aJ2yBPT3eLAC+iRwNjbrFx4+XQ05KuJcv3tZfRr/qcp7lyB+FBXJcPqvXZ53L3wfKS7nlmB+tSQRhx6F+ODHUxPDnBsborZ6SFOn5xhfnaEyYkBpmfGGRHI9/U2oFEcVn4keRnhxMYLaJ3t1fvnpvq6KtD1tHTQWaKFztJFAvUl6K1YjrXxSvWWRUnqYd55sYivf9PLF+838s0HfXz1qxlx5Y/4hh/xzT/f5KsPn+cf9yb553tDAvVyvv5DGn/7QwJd9a6sW6XDRitjtjqY4mZlwlpLM7Y4OrHGfJWIBgusTcxxlsCyxW29iI5qbrzyHo8//G9axyb46PefC3j+wns/+5t6Ht95844K8sq8wO/at1D/13vm/wpzpZWke6qrq+UlCtSit5ES5E7iIaeFUq97lIVYVhGxxZQwAXXwk+x2BeIBTjpqO+Kiq8JcBboyR/1JU1x6goiBpG1mpO5cpQK9wn+tAN2JhiAnWsPdaA1dR5MAvkmA3h69keGMfRyvCeZ8RyKTeb40+DqIk1/HSPZBceSHGcg7xIw49InyI9ICmKoNY1ygPlETymh1OEOVkep983GB5IhAcbAxla6qOFpLIlSgq1PWMn1Uh66Uxs2K+/d76JmJ+xbg9M4bhFdmElKerN47j6rMJaxcxHd9gcA5hfi6GBIaokltSCarPoe8mjzS5bVxpeGE5gdxRD4nrjRGrSIXVRVARGUwCVXxxMv/iWk+QmZ3AnmdGaQLtBPq40isF9DXi4tuUFx9Kdni5BIalb+l0iB9+NrrH/Pwx3/h8Qef8u6P/4u33/2YRw9e57VXXuP+nTd58cabzPVcYzhdwJk6QFNMG8XeBZQGSt8OLCBhdyRhO7zUZXsjQwPw8fJi25btLNPSwmP3VrLEYZWUpFFanEx1VQ71jRUCGDEuAt628iKqwj2oiQ2kLu4wqbttSTywmlpNGtmadC7dvcg///lP5o6dZmJmXtos49MzjE1NC9ynVLArbn1gZPTfwK7p6lbvryvD8M2KY29pFXg3U9socG9oFLDXqffbO1pqmdKUMF4dTa8I1tKw7SJS1hK1257I3U5Ee2wkNXgfCQL06MPKiobKEsyexAnYkwTsJTnxVBSkUJWfwGBLEcdE5N+6/Qqvvf4WL796n9njpwmLikNXT08FwKJFi8TdLePVV19VYa45/4jK+Vf4xz+/4vE773HAN4LgaPnt8suYnhjm0e0X+OH9V3j79kVevz7HG5fHePD8MJfHmkQEibCOPsBQTaqIzHyO9VVwXhz6yb4yZmtjqQ3ZyJnmBKb7GkXYNFFc2UB2URUJKVn4BoSwbec+1m/ayvbd+wmIiFGB3i0OferUeY5fuKbWNf/iH5/TWrCb9nJPykpFIBYWkZabwxHffWxwXi1mRECmvZynnl4s0HZmld0WrNbsUF35qtVbMBcwWthsEDCuxnXjVpo7OohJTEXfWMzF/oP4h4TgYOcsxkwLU0NdMZvKKK+7GMtdxIUcIlOgXpwaQ0VWIsXZSWIM02gozKKuOIP8jDhMxRypt4UFprq6Bmo2vZLobSjvb2S2Wj7HWoBsKce2Vq29vsrGWT1OG3Hq+kb24sAd1L8ZmdrL89UYGDmIQLASx2+rFoxRiscYGa3CxNQIJzGyuisXXPm3IFeaMj1tYZqaUu7VRD7bVoTBakxXOfK9wcYUCuLCyQgJJycyg5wjweSEp1EUX0xuTBXZGeNU1t6isf1dWrvfFZf+GnWNN6isuSxAv0JjxTTFBQNkpDWRlV4vUM8j5HAUQT6hhAfFCHj3439gFzFBQQTt387ejetYLcE9JdhDTZTat8EJ/91bcDA3JlYUkIuD8oUMePrpp+XgF7N9gyNb19mTEeVLiOdO/HatI2D3BnHlLkT77RGo2+IuANm7frWoWnfijmwjKUgUb5DAvDKcubYEro4V8P4VDR+93Md7l5t5/0IDP7rcxi9udvLJK1386nYH75wq4NF0Bpc7YuiW4JsvYsB2laEA/T8E6P8h4uL7LF3yA7SW/QBLI22crXQxUdZ411kkLl2LMXHLyr9jE80MCNAVxz3QUUK3OBSluExfW7F6T72npVDgXrjwWKDe2y6uvaNMHLu4ddWxVywAvruW0Z56RvoamBzWyPv2cHSym3mB+exYtzzuY25mgPmjI8xOjTE5Psj83DynzpxhbLyPLk0tBVnxuDrZqEA30V+Jsag6Pa3lrJTOoLNkEcuXLhGXroUivAGvAACAAElEQVSZrjZrxKVHHHDgF3fz+OLjaf75/jBfvTXGlz+Z55u/P4SvP+CbLx7zzzfn+eu1Tr5+rZsvH7Xy5ftdfP1pH5/+Kp3W3J1stTFg82pjbJ8Mj1maGGFnYoa9mZWanbrW3o5NzutorO/m7fd/y6P3fkXL8Bgf/UYc28//yo9//vlCgZ7bl/4XzJWmuHZleP1fh9qVxLAFqPsI0D0oSN5HVuwO0sI2kXLEnSRvAfoBexXoSu32qK3mhP4L0BVn/m0LUbLe1xuqQA/bYKS2b4EeL0CPFTGQJO+R7+1IRcBaqvwdaRTX3RLqSnOQs+rOlXnovUk7GM/1ZL46SBx6HJO5h2n0c6Azdr0AfT8jeV4MF3gzIwCfrgphti6SGQHkRE04U+LaJxtiGBU4DtXHM9KcRn99Mj01CRLoomkqVEqABlOlln31piDJUwV6Zuw+0mN2L9xHV4bfk/YvzPF99QY+2ZGElqQQXCbuvCqXuLpSAXo+cdXpJNQmiKNOI6sxW1y5OO3yVKIKQziS58nhzP34ynmNKAoXiEcTUREoYsCfmMpowkWshDccJq09iuzWRBJrooioCieyWlx8TYo8T6egtZQsTS4xjTHSIsnpKmX84kvceuP3PHj7N7z59se88ehd7gtwXr3zgHv33uXew58yXXOC4bQhetOH0MR1UHaohJaYJhrCqyk9lEPuoWQs9E0luOqoTsVQz5htrs5kxgRSU5VPWVmaACGFxrpC1S12dffQLcG9LjdZRMEO6mP8qRcnXCruuLw2hjhxlomtKer5+uDHP2Fm7gTTR48xdXRObZOzR/8X2BXHPji8APZv3fq3YFeH4tsE7K1t6hrnqnNvapDrX67r2mSBuTcdGV5URO9WYR6y1ZboA+sI3eNK+IH1RB3aRoT3ViIF6lECd8Wdl+TGUVOWQb2ArjIngf7WKi5cOMetu/d45d5DLr90k7q2DuzWOKkwf/bZZ8UYfZ/bt2+rMO+//i4xQy8T0fsCdSfv8Y8vv+JtgbpS0MRPYnVHW6v8Djd4++Fd3nzliro62u2TXdw+0cul8SY6iqLoKI5mXBEkHeWcGKzj9HADp7qLmSgLQRO/l3nldmNrvcC8Vs3qT88tJio2GR+/IHbv82TH7gPs9/AhKDJO3HcF9Z199IzPMnz0JFdvLmS7n5vXkJeVRUpeObkVZWRmxBIe6MHmTc4YGBiwVFuHp59bJE7YASulxom4c2UFMmWxEjNx7Ypj1RPAZuWX0jc8IQLCQ4VdSnYewTGx6BpasGypjrhtfbasX6Peto0N8SQ9LoCCtAiJLfFUZidQX5hGU0k2zaU5tCjr2pdkEOh5gEBvDwIOebJlgxt2q1erWfaGRmYCZGUo3gJDQ9mKY15l44KZMgRvbS/HZifNUY5fnLSBtTh5O1YamgnULeX1wjxpxnJcax3t2bN9Hd773djibov2MoH5Uu0FiC9RXPoytMWULVOFjY44dX20tPVZoWeAgfFqvleemUFiRIYowjAyfEXphwSTHSIXeGAo6aGZZClLqZacE7X5iPqW16XDvE5Ny0Oq6l+huvYC1ZUnyc4ZIy9ngNioEoIDU9i/J4A9O3zYKyo6wj9ELrJIdq13ZYO9rbj1bezb7KaC3G//TmZ76ji8dxc+O7fRUpnOJjdX1tjaslyUiKmRoTh4F3wE+FG+e+Q17mRE+Ehn38GRfRvZuc5OTYLb7rJK3m8NIXvXkhG2m6IET2oy/ahJ92WuJY6ro3k8OtvAOxeb+eBaGx9cauL1E1U8OlnFw+Pl3J3K5vZYEqcaw2hI9aIsbi9lEiAzfN3UanDfAX3pwvC7Mgy/YtkzHNxohbneYgy1n6G3Y2GJxfnxVobbCxhqL1RX3+ltK6CrIY/eJiUJLk8An6dCvldJlJNgpyTD9bYv3E/vkwtFEQL9ynB8V43alGz4MYH69HAr0+Majk71MzveyeRYOxNjXaKqBwTs48xNDnH82Cznnj/DqZPHOXv2HFMShDa4rVOBrhT1MVqmhb7iygXmuksWoytA15XzrLdMmde/mMDNK/jN3UL+8eEZ/vxCD/99qoN/vHGcf/7yJt989rYA/QO+ePM4v5+s4q8X2vjiRj9f3R7gyx+N8PVnPbz1cggH3YxxtTTEwlBPTbhTkvBsTEywMzPBytwCJ7vVbFjrQnpqIQ/e/IRz19+gd/YYH/7yb7z1o//ivZ9+pp7HF6/MU10Q9P8EelWOOPds/38D+kJ1OKUAjbKAy17pc9tJFaAnB7qR7L2W+CdAj95pqWa5K0BX5pkrQPd3XKFug131CVtv9B3IFbAr7VugR281JWqLCQm7LMkVoJf4OVHh50iTwLwxbK2AXZx6yFo6IjcwlLaP0RxPjtWGcLQmhP6kPbQErqEvaQvTxYeYrwpiqsyP2epgZmpFeDbHM69JZkpAPtMUx3RrkjjzJAbq4uisjFFBrimLUp25Ml1NmX9eoU7j8yQ/0UMdkcr4F6CrQ+7JCyutnXzxEpGVOURKUAopSyWiWgBbXybgFbdbmyMwTyevOZdccdTZNVkklCURXOSPX+EB/HO98c0SMV0YRlR5OFEVQUSUi0uvEOBXHSa4zpuYpiBx+eGEF0cQVibuuSKO8Ipkcf/ppDfnk9qaQVRDGCG1fkQ1xlM3McjlOz/lxp0PuPfgR7z+6D0ePniH+48+4LUHH/H47V/9H8beAjzKM33U33N+224FtyBJILi7JECChBAh7u7u7u7unkASCIEEd2tLqZfSlra77dZtd+teqNL7/7xfCEu7e875z3U91/vNTBhmvvnmvZ/7VfZl7KMrtJ02sfTa4BqKXPOpC6qi0reEMvd8cryyJGHUF2iN5c9/vp8lkjhGOO+iMD2K/JxYslKCKFPTkWqqaWpqorGxmZqqCkmEQkhz2kSBj6W26llBho+8v0hCKsI4/fiZ4YGtZ8/Rf3CQfQcOatEnifII1EeMXYVqiu/q3kNHZzctbWLrLa1a//oI2FVTvIJ7ZXUtVWLulfL/N5Zl0ZwdSHWEOeUS+UHmcm2uxnXTfIJtNuFrZYibqUB91yYN6H6OYo5eluRlRctniiQjKZzECB+qCpLZ09nI+UuPcPnxp3n4yWscPf8wCVn5TJ4yhQcfVDC/l0cffZRffr1F7Ylr+DReIKzzCpG7nySk/VEqj1zlJ4H6i9dfZpuptbzHSp679iwvX3ua5x45zhNHm7jQV8Hlgy2c7q2iuyxRkstkuqWeUlO79rfkc7irjKGqWLrTXWjPDqK5ooDCoiJSsgrEznOIjk8lIDgCR+GJxS57DeZ2TpIIBkUQI8BVfewFVY2UN7ZT19mrnf/XxdTjUvNIT4smLtKNmAgPPFw3YmK8XMx1BuMnqW7ZUUyarKcBfO6CdRjMXY2ewQqtGVvN3VZmnJVfJAlVoyQ4G1m0zIjk9HycvQK07UbVdLZpU6ZqQHezNSbE25q4UFdSY7ylbhkeEFym1ijIEphnxUlEU5IhgM9MojQrkXyBfVZCOPERnvi5W7NzizFG61aJ9avR9jPE2lWf+iyJ2cw0mC/vawlTBeQ6OgL+qTOZOkMXPUkCZurPQ3eaHkvmGWC9dR0B7jtws9mI1ZY1zJ+tK+AWmE/S0VaBGztmgsTE4SlrY1WTuw46U3Xl+5ZzMl4NmJvAn2oKayQ7CcXH2pRIFxfivMKIdrAh2smBWA8v4vwzJGtpIjP7AqW1r1JS/zplda+RX/oUucUPyxd3ioi4XkLD6vH0TMfBPgwrC09sd3mxzdgKW3NHHMx3Eepmz5pFCzBZu5ooX1eczLYR6GxJlI87sf4ebFm5VJ5Tg6fmsWrpYhbOncMig5lsXrUME7HMzavmkRXpRYTHDvzsxcJdzXATY08McRQjNydNTqzZhiXyQzAi0c+MnAg72gv8ac10ZbAmjMf25/DEwTweP5DLo30ZXOlJ5VxzBGcaIjhRHcCpWn96cpzx3rmCDUt0SfTehqXhEpy2LWK2rlpO8C8S9zBeYrKAfdIYtR/6KPQnqkVlxlBXWapdjPvaSmmrFqBXp9IpQG+pkoy1NIHGqlSaa9I0qKvmdy3EzJvEyhvlB9JQlSGZrZSVYu5Vw1BvrR1ugu9sKqSztZTuzmr2dNXR3VbN7q5agXqDBvSBfXs40NfFkUMDnD2p9oce5PjRw+yVysdw9arhJvfJkwTo45guEFcxTdm5QHzqWBWj0BVr9zMdx1uHQvnH/nw+GSjjq6PNfHGqhZ+eGODntx+B7/7Kz1d7+bA1kc/3FfPFUDnfn2nl5kNi7B+28tOXEWSFL9H2JdafpqMt6qAWrpmnq8sS+S6XzJnNasloNwvQw4OiuSaG1n/sMkPnLvPhp7/yxgff8aZYuja4cKidvGTXO0BXze8jfem5AnQF9buBnqHtgz4MdK25XYAe7b1Jrun1/wH0EUNXQB9pbh8Buuo3H4G5snRVjli6l+F0AbsegVsMiLNaQqr9MnKdV1HiuZZigXmp+wqqvdeIhW+mI9aS9gQrDeb9YrKNQZuodl8pgDKjP9uVYxUhHBB4Dwm4D1ZFSuIZweGGOPrKQzlQG01fdQS7K8JpKQoUmPtpVq5CNbNrMI+2J0ON5Fd7wqv+80ALYgLM7gB9ZB66uvWdPkZAUQbBJem4SsXklZ+AjwAhSOw1XCAeVaymrcUQVxJDbGEsQVkheGQ645ZjK1bvjnOiJx5pHvhleRGc5ymglgq5wAnXAgF9iTO+JZ6SALjjkx5ISHYEUYXxhEqiEFgcTWhpLOEVcfiU+OBYYI1rsTNpTUUMnn+NMw+/zGNPvSyJ3dtcu/4hz7/0Mc89/y+xxk/Ym9hDR2ALjcGN1AvQy32KqYuopdyvhCrfKkm2k3ngvgeYMn4i86fq4LF9PXlRcn5yEslOj6YoL43qqjIaGm7DXIBaVVlGmTyXYruOHI8tAlMrihty5f3FEFYZPbzN7MefMDB0iP2DQxrUR8C+d+DAf4Bd2fruPb13oN7a0XmnCV7FyOC52roGaupqtSlkHeVSD6R6UBZiSo7fNlLcNhMkQPfYsoRg+y14WZvgZWOCt/VmAfoWfATo0SFulBSmy+eKoSAngbSEYOorcrUFSs5cepTHnn6ei49fZd/RM7h6B2mDp1QL55UrVwTmv5LaPoBpWhPOFQfwbTxDuMA8rvdporuuUHfyBQ3q1196md6+Xp579kleEqA/dX6ARw+rTUpaefRkj7ZaWkeF1GsV6RJpdFSmMtBWyMHWfHqy3OmShLO5IpsCgXlGdgEpGXnEp2YJ0FMICo3C3ctfa3ZX4SZQDQhXzfyZJGUXkZpXqo2Ezymr4dEnn9W+h/RMtRGOE3Fh9uREmlEWbojXrnUsmW+AjiQsY0eJaI0axZTpc8R8Vw73R9+OuQtXs3m7KWsMN7No+QYM5q3AwtqR4vJ6nNwCBIYzGDd+qoBxPGbb1P4V5oT52QrQXUiWayg/Wdl5hAA9+k6pojQzljJJigvTY8lJiiAx3JekCF/5N14kCZviw9wl+bIW5pmwcvFC5s2ayazpetqOlgZ6c8TE5f4sA/QF5mrWj5nJeux3bpTkW9VhvqRGuBLtZ0WYlwW2puuZo6cvIJ8sRj5FK8eMnqDBfJzcVzFx0jRJEGZqA+emzZjDFJ0Z/OlATQNhniECdLXKVCoxzraEWawn2norETamJHhFERtYTG7BBQqqr1Pa/i8Km94jr/Y1MspfITHvCWJTjxEU3oaXXxn2Dgk4OcRJRhXOdjF0V3tvYuULjQwKxlxOcqKcAE9Hd8lodmC81lAqogBcLVV/txvhXm7YW5mzbqV8KbNmsVbAbm2yiXBvJ9wsjcmVbM1x20bstmwg3s8BNyu58MXWA+w3kxRkLUnCKqnQnUjw20lZvD01GV7UpbppK2wdrI3g4u4MLoitq7jUmcjZlmiBeTCn6oK50BxObfwuQuxWY2E0m/VL9EgVS188WweTNQZMmqD2cFdT2O6VE3yfVCT3M0Ngrjt5DHNmjKP5tqGrUactNQk0VSdolt5alaqNdtdC2XpZ8p1pbfUC75aaXPnbTBokam5DvU5+9A0C/CbV116bTavqX28qFqiXC8wr6W6tZE9rFT0ddfR2tzDQ1ymG3sHgoBj6iZMcOTbEyZMnxNgPsnXzZmZOmyqJxwR0x0uIjetJzNCgPpoZ4x5guhj7TIF9rrceVwrd+XtxBJ/1V/NiZTxvt+bw44UOfn5BzQi4yK+vH+Wbcw18LJb+yZ5ivh6q4tOj5fz0fCW3Psvg3KAZy2dNwUBnirahi77O1NtAn8UyyULXLZnH1jWrCPYN4+rzH9LcM8SFZ67z/kc/8a4A/e23vxlex313+X/0oY8AfaRUtq4NnFPN72KrOVFqs5bh0e3xAdt/D3TzxcN96Ftm4y227bZ+eHS7NghOSk+Buwo1CE4BfKQffQTqKtzX6QjYZxBgMosoi8Uk2i4XoK+mSIBeKGZe4rmKat/11IdupT3ekrZEK3ZnOtKVYkO5ek6iNWYn+3M9OVMfzanGOM51pHGkIZFjTckca0nmSEsqJ7pyGGhMpKtUDL1QgC4gLUt112CeH++kdS2oFfLSwuWzhlqSGDwC9B13gK4GxKnBcuq2+8iAwDVDIh2/wmQ8c2PE0NMJUPDODyG8IJRQKYNzBch5YQLuIDF5Z9xz7cTIh+eu+0qFHZTnS0iBJ/4Cc58iB44+dmi4ifSx4xR1lBKRH0tqabq2hnt8WRrhpSkEFubK65WI0VeJ0afgWRxCZFUeOc1X2H/sOS499gpPXnufZ1/8ROJznr72sVj7++zP6qfNt5EmP4G4RxF1AvX2xC6Be51Avp4sn0L0pkxE9/772b5Ij+QAJwrTosjJjBdDT6OiooJ6AXljkyQFYsy1NVU0CVzbm2qI2bWWTNdN9DaUUrq7iaiaJGoPNg+v9PjEkxw4dFiLEbCPwH0E7CNw15rhe/fSvbuHztsj4e8eNNcgxt4g/3+DvI/6xgZa60roKgyjJsqKXN8tZPluI8F5E347luO2dRnhDnJsI4B3MiXQYbtA3QQPm63kpApQitLF0uPJlOP0hFA62xrkfR3m1ENXBObPcuTsw5Q3tLNmnaE2CnoE5im797MsKJHlASlsii3FuqAPj+pT+DadIbL7EULbL1Jx/Gmt+f2rr7/h2nPPcfWxSzxypItz+wSwx3t46Fgfgx1lNEvy116VQ70kbK1i6wflO99XnUy1fJ6WokTKK8rJLy4jM6eItMw8EtME6EmphEbG4RcYhqdPIF6+QdpxWLQkkkkZxKUL+DPyScwqJCW3RDN2dTt6vJ+4cFsKo40pizGiJHSNsGgNdtuWarN1dCZP4b6/3MODYq2T1GJl+kvRm72CBcsNcfFy5/wjD2HnZqf1V8+cu1xb3EfNdtA1WMzo8dMZNVZNlZ7O8mXz8XOz1Aw9JtBem+efFeMv0hBMXmII+UkhYuthElEUpcaQmxxJZnyI/L68Cfa0JyHMh9gQV2KDXYjxdyXS1x5/t13YWmwRIZ3O7OlTWDp7JisXzcF8hxE+7uZkxPpSmR1JTX4Y1fmhVOXJ/5EapAE9wtsSf+dtOFkYMUsb0a+jhQK5ArqCu7LzSZNnoKs7V6x/rjYwTiU26v6f/ra3XjL+fPycosR6fYnYZUK4AD1KTDfccj0pAYmShdSQElpCVtZRAfkr5Da9T17LR6RXvyM/3leIyb5CeOJxvIM7sHUuxiOgmp2W/vj7yw86MJNtJvbs2OGOq52/mLuyd18CfaLYZWqHp4Nk7tbOkpGYsVXsfcPSpaxZsYzFYuhqHrPp+rXYbt0k2dl2yWB3UiQn2GrTCnzttsmXu0Egboyz2UbSQu2wMlmBj+0WkoMk2/LcQnaEFWUpYjSR9nQXBtFVHCgVZyzHm2I41hDDqYZIDpf5SeUawvH6IJy3LRErn83KebpsWTOfTcvExpxNNAPfvmYGEwTqqsldZ/yDWqjR7grqMyaNpq5q2NA76zJokYu8uTJJIkWy1lQBdKIYuOpHT9P61xskux3uS8+kqTJLynQN7mp99zq1wIwc14jVq/nrCupNYutN9QW0qn71lhK6m4b71ntba+jraKK/u5W9u5u1bfmOHz3C4cMHBOjHOSlwtzDdjsGUyQL0cQL08eiPG6stuasnQNcXoKs953XVxjPyeVqj1/B4aQhXo1z5oK2A58tSeaMlk+/PioWfb+OXa3v57YtnufX+Q3zZX87n3UX8KM99+3A3X56Rz/9BOd9+4oflxoks0NVhvvzw5kgyMV93BoslW10+TyVKCzA33khmcgFPPPUuFQ2dPPXc62JlH/Hee9/y5ZfDfeidDZm/g/ndlj5yrME8frj/XO04pgE9wka+f3MS/HcQ42M8DHTrFQQI0H1N52t7n3tt0PvddDW3NQL09TO05vY/Al2NeP93TNEsXTW7h6r56DbLyXJZS4HHOgo8V1MiFU6VWiUudAuNAu7GeAtaxNIbIrdR4racKp81NEfvoCPRhn1iuqqpfbA6jN6SYIkQ9oupH6xPYF9NHL1V0bQWBNKY60dlujvF8pnzYoe3Sk2LVDvQyecMHR4MFx9oTlzAcHO7isbKZC6c6mfk1nqgm5hSBfA0fATsXgUJ+Bam4JsfjleaF/5ZAfhlKnB7S/jiLQmEW4Ydrpm2+GT54Z8broE/pMBXSoF5gSXuhcPJwo8//sivAg51e/v9d+ge7CFZGwiXjntsHlMXOnHPKKlEdXYwdVk4W92L8MvtJSjjPNVtj3LszHWB+utcefpDrjz1oVY++sQbnGk+R6dXHc0elVQ5F1LtVUp9UB2twQ10h7ZSElDI9uWzMV+qS5TTVvLTpLLNTSUvN42y8iKBeAPNLc00iSmrlbqam5vYs7uXQ8eOy/mMpyDam8cfe4qq3j3E1qfxxgdv8d3339+B+QjQ744RsKtypCm+R0x9T0/fMNS7/z1gbgTszS1tEi3yPurFajNpTXOj0G8rSc6GxDlulGRzPb47VuKxY7XUWaaEu27HT+q2CHcLglx2SMh3K9DITo8iOyMBRzsLooJ9qK+vpW/wCAeOn2Hg2FmauvcREBHLnLnzeOKJJ/jl1i0y+06yIbkco+QqVoZkscQ3hVXBBWxLa8O+9ADO5Qfwrj+Ga+0R8ocuawPlvvn6Kx6/eIKHDrdz8WArjxzv5dRAG90iG40C7Sa5juryogXgcQx1lGtz56tSA6mV+q+kvJy8QgF6fjHpOQXaAjpxaZli6cmECdSVqQeGRArgY4mISyYyIU2An6GZuprapsCujP3td9/n04/epynNmPqkTZRFGZLstZYkv400lYVQkOXL6mVKskYxatQDYr4zmD1nPgazlzN74UocPVy0aXGr121j5pxlYulrKKmsJjUrlyliyaMnT2eK7iImTjTQ+qEdbTYS5bOLKD9LEsSWk8M8SRTbTgx3E3A7a5BPke8gNcJHzr0zEb52BLhY4udiTaiPyKatmq21FS/HbdjsWM/q5fO1Ta+mjnmA2VPGMWviA1IPjmPzijkkhThRkhZMbUEs9cWx1BaGi/n7U5weQFasJ3HCrkgfS7zsjVg5fxaTxuncgbqC+WSxcrW4zNSpYuWSyOjOXMg0/flM1ZvN1Bmz+NP7g/U0Fe/GxzMJW5MteO/cQpj1NqKsNxBpvYn0kDQiHeyJcfMnIaSAzNxzZJc/T2bdW2Q0fEBq9VtEFVwnJPMJfGOOYe+3Bxu3BrZaJrHdKo5tFinssgzARqzd3j4SG5twTLd6sH7VDqwtPLC29MDYaAdGq9ezfukKNq1bzYLZs9FV26zOnattKKI2sd++fiUuO40xWbkQMzWQTk6czZZVhLvb4GwuSYj6ATia4rhdMjTzzdoGLXYmS0kLtiU10E4yPWcqEp2oTnGhNduT1ix3+or96C/250hlMO1ZrqxdOF1rSl80eypzZk4S+MzA0Ww5q5cY4GJvTrC3rbyXB5giVjtVLia1gp3elDHaaPfa20Dvqs8UoAvIpVJtrkjSoq44jsayeG3ku7LzhrLhZvcm1exekU5D+fCUNgVwZec1pcnUCUzrqrLkdbNpqM2nsa6AZtX83lpKa2MRHS2lmq3vaReodzcI0Fs4uH83xw4f5PSJw5w/e0qAfgKrHaZiy5OZKYY+Uy4ytSnObIG7wbjRzJ4wmrnqWIA+b+xf2J9gymvt2TyV7MvzqWH8XT7Hez1FfNtXzvfHG/npqT5++/Bhfvv8ab4928WNwTpunqzjiyO1fH62hp9fruDWD1nUl6wWS9dnoe505k2fykJ9PQ3oK+fNxXDZYixNTKgoaeP6K5+TV1HNy69+xDvv3OTdt7/l00+G+9DrSqLoUc15En809Lv70+8APVo1zdmRoaxVgJ4othp7G+gRAnR/80V4bZ2Dp6Ee3gJ0tUrcSIwMgFPT00ZGtQ8b+bQ7MHddo4OrlOpxtctfsJqPbr2MdAF6rsda8gTmRVLplPluoDJwM9XhW8VctlMXvo2awI0UuQvQ/dYJ0M3oTLJjT6YrHRli77nudOZ505zhJklnAHvEyptzA2gSkDfm+FKT7kGpXLMF6rNGOQw3sYea3wa5hQbyGD/5rP5mnD3ex5t/v84fbxW99filBeKrBsSVpONbmoqvlE4pnjgluuCSJMl2sjvOSa44JzvilG6LfaolTqm2eGWqndjE3otCCCr0wjPLEvssY3J7UrXXDgsLJyklhRdffJGbN2/e+T9PP36JqfNtuOf+5dxz7yzGjFrJ2CnGjJtmhf6iAMxd6olIPURTz+McOnWNc5de45Erb/PIY3/noYdf4lzPJfaFCRDdq6l3r6TBv56WwHq6/Krp8K0g2daTUBtDMsJcKCtIo7ikkOLSQm1Zzdr6SgF4I81N9TQ01ArcG+kS4O7dN8ih45c4e+EpHnviGo8+dZ3OI0O0HO7S3vML11/6HcDvBvuB2zHy3Iix9/UL1PvugrqYump+bxewtwnY2zu6aG1vo7Wpkk5JoOqirUl3NdJGtkfYrCPIYpVclyvwMF1Fso85yX5WBNhvJUAMPdjNHD9HM20r5UBfJ0KC/bG0NCMxNoqaujr2DBxiz4EjdOwdpKi6SSDmytWrV4cHwJ2/jmvNIczzd7MtZw/GaU2sCc9lkXes2Hoim6OLMU9pwiy9BYuCbnYV7yX3wKOaqX/9xSdcGmznoaMC84MdDLSXi03GUZkTQ3VOHDVZ4eyuTqe/Ue3EGSrSUUxdQx3FZZXkFpSSWSimXVBMWp5Yd3YeyWnZxCelE60gHpNIVGwSUfEpRManEnE7RuAem5rNuYcuD8/OOJHIYJ0d5bHbpe7exV6RsLNDFVy9vEcEKFnYMFlsfTJzxIJ3bFrP9s3r2GKylq1bN2C63UTCnK3bt5OYKvVuaysuHv6Mm6SPzgwFwRWMGjdD7s9gzmx9zIxFHK1MWLZsLiuWL2Hl8sXCqCWsX72U+QLWJYuGu4JXy+Oz9XWZNXOmJAMTtB3jxo+dKKAdxxz9KcIEteHVWKZPGMucyWNYqjuBxdPHsHzGRHaunU9+vI/APIbm0njaKhJoLo/VLL043Y+ceHey41y1Vuak8F0YLZvHVAH6FLUzphr8OWHK8BruE4eb2qdMnTW8T7rBAjF0BXQx9CMNbaTknsTVLQ5DseOtK5fjvmMzQbs2E+vmTqyzi8DdVOC+g0g3b2LDyknKPEla0ZMki53HlbxMTPEr+CRfxDPuJM4B/di41LJlZxIbjAMxM4/D1jYGw82erDa0Za2hM4aGDixcYMjypUasX7dZG6G6fs0GdHWmMWXsg9qC8xPGT0BP7k8aO05iDEsM9Jk7c7pAYhJb1q1g88rFbJSwMVmD5aZVbFu1ANPV8zXgm65fgrU8Zrtlpdj9GsLdLAhxMSPJ34LciF2USeVYHm9PQ7obfUW+9Ip5ZAZux8JwEaPu/x+JP6M3eTRu9pZ0t9b/rnJUI9oV1BXMVcyYrKA+bOi//vIzHWpQmxh6k8CwqSJeMsoEGoolSuJoKL294IwYe6O2epwaIJei2boCemPVMNCrS5KoVVAXe6+rzpHI1nZpa6rPkYqhSMBeKGUx7QL13WrxmS7V9N7AgX2dHBnq5+hgv1Tuh+jb3cSurRuZP02HeZMmMlcuwAUTxrF40niWjB/D1mkT8Jg5ipI1E6lePoaLsSu4mOTNM3nhXMuN49mCKK7K8Zddxdw42cyNRzr59fUj3PrkUX556Si/XunlywPlfDFUxtcXW/jmYia//bSfd16NZMOSySzSn85cMfRF+noa1FfMF6AvXYLl1q1UFDZy6ZGXiE5N4c13P+WtN27y3ts3+OqLH/4DSH8cGPc7oMfdDXRbDehJgTtJ0IC+mSgBeqTNKvzMF+KlmtuNZmqG7m2or5Vet/vMR4A+En+E+jDQp2lbrCrLD9o+myirRaQ4ryHbe4PEevJ9NlDsa0iZAL0ixIQqBfNQY8r911PouYKKgA00ibm3JdnSlmxHU9IuWtLtBebONKQ605zpSVu+wDzHj9oMT6rT3KlMcaUo0ZFc1cweYSsZvrlYxE7NyhXQVZJ49the/m+3809ewi3FC49UTwF0EL7FifjI9+solceuCHtsop1wiHfFNsYR24Sd2KftxCFtlwDfAZc0T9yzfPDJ98Er1xG7lG3sSDDi5Xde4s233mK8GM6o0aOZJAmjs7MTJySJ/OKLL+783wVFTThbueO3Sh/rRXOZOX4Wo8Ys5cFxG9GZ5YqNRwO9B69y+sLfuPTwa1x66HkuXnyG00cfZn/mbtqUpfvW0xbcTHtAPXvcy6nzSqQgUk3dC5LkN5Py8nyJYqoqS6mqKqa6ukiOC6mpLNb2Gm/v3E3PPtUffpyh4xc5celJHn/+La488xo9YuwXn73ML7/8wuCRo3cM/G5TVzE4dJiDg4e08sBdUFfN72rwaU9fL7t7ejSoqz51BfaRsr2zjQ75/dYn2Ms1YkyS0wbCrFZrQPffuQy3zYvwNlsp9ZMlGcE2BDttx0PqXw8xdR9HqXcDHQkN9sbZxRk7211kZajtkctpbu+mtWsvJTXNhMYm8/Irf+XWb7/Rd/k1wtoeJqj9IVwbTmJZsp9tubsxTm5mfXgBy30iWe0bjpF/AiZheRjHFWGe1Ypt8UGKDj+rzVP/6rOPOD3YxVBfq9bMXpoZQVlWFOXpoVRmBAnQs+kUEakty6O6rpqy6hryy6vIKS4jq6hUCwX2zLzhPnXVBK/AnpiSqcE9NiGVGAG5AntEXArh8v7DpVRwV2DXlt599RwNaVvJCjKiJc+ZK8eyeePZdl69doDrV0+yTup8gxk6zFCrXkrdpgaRbVq3FIttG3FyENONCKewKJ+GpkYiopOZrreUmbNXawu86M5cJfeXS7mCmbOWMHmKLpN19Bg3ZaZAXiA9UW2AMkNbvGWUAHvU2AmMGTOFMWOnaI+NGz+NURPUiPvpwqoZjNamk42RxPV+kcIHWSR16/pZE7DbtBDD2ZPZPH8qcV47aBZRUevAd9cmC9Dj5DiJVilrBeql6T4UpbrJuXYnX5J4b0cT1q9YwpIFs9GfIlYuoRaZmShJyAR5vzNmztW6EAzmLddMfabBQv5k49+KVVA/jq6pGK1cxep5c9hltB5fq13EuAcQtcuYODtTYiVTjHQwJ87Dj7iQYmJjdhOffpLojAuEp10gNPUifjFHcPXvYpdzEWZW8awz9mXHzkjJkgJYt9GepWo99xWmzF1gJJnOJsmENrBowRItA5mpqy9w1BFYjmf8qNGMHT2GiWqovlolTvX9Th4vYH9QTtZoFgvcjeWLWzxrGov0dATuC1m7YCYelpvZsnKBBncLw+XsXL8Us7WLsTJagZu5Ie6WhmLypsT5mkkmvIPiaFtqkl2JdDJm6wpdSQwW4mRnTVFRwb9rQ/mB/HjzW777+pNhI/F11gA+TfWfKzufMkretzL0Mn784SYddam0KaALtJvK42gWG68rlC+sKE7MNYH6MgXrWM3U68oTtLJVLf8qtl6vmublR1JTrBakSRKwy3GFGiiXqTXDN9fn0SJ23tx4G+rNJWLqZezprBGg17N/bzuHD+7h6MBuDu/rYndLLTbbNrN06mQB+RgWipVv0xlD/KKJnDDX4S2XydwI0+Gn2Bl8l2fME6mGXAjYxekAa14oiueNmhRuHK3j1yf2cfNYEz+cbtIGxf38jzPceuciH3TlcuNMMz9cquf7S4388GQtv93czU8388iNXsgi3akYTJok35Eey2bOYvk8AzYsXYS52nHN1YvwiFBCIvx45pkX+OyzH++cctWE+857r3P12qPa/bst/Y+2njsybS3GQQx22NATA8yI99tOjPcmol03EHUb6D5qDvrGWfgI1H1ug31kVLtm3rdhrka0Dw+C+/dIdze1T7qE2m5VAT1w2ywiLBaQ7LSaDM915PoZku9rRIFEod9GLcqCTSgNlsf81mhRHraJ2jgz6uOtaEi0pibegvpkG7kG7ahOcKQu1ZUGgWd1uicVAvLSJGdK5HPmx9mTFWVDmloFMVB+i/6m/xXiav37kbh165YW6vbq23/HO9UP/wx/vFK9xMK98MkKwSXBA+twB2wjnbCPc8M+3kmAbY59+g6cM+xwU1PX5G/t05xxyLLBJcsK21RTEhtjtNfNysnV5sOqZs8xUomNHv2gHD/Ipo1G2jrh7733ngZKdfvhzcd563AZ7eYT8V42B70Jq8TYtzJltgeB0Xvp7n+aY8ef4vy5p7l44TnOSnm48wSdwXV0+tTRHdjEHjH0Tv9COsrFGEvTqMwTa8xPoKYsXZLfPIG42vRCwC6Ar60pk4q8XmxZYL5X9X0fY//BExw8dp7jF5/gkaf/xpWrf2fgzAXt/b37wT/oGzioDXpToL4D8pEYGo6hQ0e0UMcDBw/K38pr79/P3v599O7tY0+fmHpPL917bsN9t4C9o5GOwkgKA4yJt11JrP06ouw2CNClnjVdhuvmBQTaGpISZKetEhfhYYG7jQl+Tjvwd9pJUnQAKWkpbDAyYqfZdnJyMiivqKVEoqq+ldTcIv726t81Mz/8zLvkH35BG/DmVXsW9/qzONQcx7J4gC1Z7ZgkN7IpIo+1viGscvNllZM/hn7xbI8pZVf2HpwqTlB+7LoG9Y//9SF7WiopzogmJy6AzFgf8uI8aCiIpqMsmdayTDnfFRRX1ZCnYC5Jhorsu6CujD0nv4QseY9aM7wy9vSc34FdM3cBumqGj7gN9Tfeepsb335JosciSqPXcvmAD+9ezeat5xt45ekerj97mKOHOrDcacx0nfFixWr1y3Hauhpqe2gDg1nMX7CI+YtWsXj5OmbNVQPmVmnLqs6ev14MfRlTpi1k4pR5TJ+xiEmTZwnQ54jpzmPS1DlM1Jkt4DRg3DhducanaTFmjFrkRXW96gu89STE8McJ0CfoMnHyNPRn6jFv7myp88awSm8MVit1cROmbF8wWWtNai+KpK8hjf3tOQy05bCvKZPehlR21yVIwhdJU2kItXkBVGb6agNhK7LcKEmzo0zqiLRwC5KCd7HNcDHz5LPpqVH002cwY/osCTVdTp9pOtP500KHalY71uHsVYGZVLRGSxeyY+06/Gy9CbR3JNzGjDgHS+KdbUlwsSfW3ZkoD1+ifRIJC6kkJKaH8PghwpOO4x99CDe/Luzcitm5K4ENYuVGG53ZsN6SVWvNWL7chMULN7B4kSFLl6xmpv4seVO6TBUTN5AKf7rOVM3OxwjQx4waxQTJetTKZnrT1MYtamWf6UxXfRPypelNm8gCAfpC/amsmqPLqrm6OGw3xNJIrFys3dF0DfbbV+K4fRXOZmvF5Fdq4Wi6Glfzdfjs2iCfz1CeX0l0oCsH+5rvqhhvCcS/5uvP3+OTD17io/eu8y+J3279qs03nylQVECfLnY+XWA+beKDVFeUcOO7b+iuT6dVgN4gWVdjpYRYebXAvLYknrrSBC2qS2IlYqRSiqGuTEFdNbEn334+hdri4Sb3mtJUasvV8rEpmrnX12TTWJdPY30BLQ1FdDSV0tlaRld7OT1i6f29rQz2d3BcoH5qqI/OhlL8HC1ZNmMCa+X9lgmYXnGYxNcxC/gxfSm/xC7g58iZ/BQljztN4ErEKs56mHDWaxtvtufx1Ykubhyv5saRGm4M1fCdlL883sOtf17i1389wk2B+We9RXx/oZkvj5fw4+Pl8HUvv/7SzttPRrFq+kTmTJ7MEt1prJ09m5VysW9YtgTz7WbkZmeLEe2/c85/+eVnMb6/cercARra8qhpkkSmNYsffrjB5QtD/2+gxw4DPV3NyVZA991GvLbLmqEkomsItFiM7+0R7r4CdV+B8nBz+4w7/eW+AnO1EYuKEaiPhPu66XeA7rvZQAzd4A7QUzzWk+2/iVyfjeT5biJPylxvAbv/ZooCDeWxtVpZGbmV6jhzqmIsqI61pDJWjgXsZQk2lKp9z+XzVKZ4aOM+SpKHR7Nr/eaSeKq55u3VGbz195d+l/j8/PNP/PTTj1pf9kj54w8/SPkDP9y8yS8//6z9bXlnBQFiVt5JPngkeuGXHiBw98EhyhnnWDeckjzFxt1xzrHFOcsWl3QXPDN88M4KxE6AbptujWuODU7pNgxc2M93330nlaaBVHSjNTOZMH4sk6RCHT9ObRIxSoP77NmziI6O0pqBv//++zvv+/VDVVTt0MNkzgrGT97CtFl2bDaNo7rxJMe05veXOXPxRU6dfZYjfec4UD5AV1Q97RHl9Dd009FYQ31RBpU5cZSLNdYWy++kMp+6unIaG+u0PuvOLvm7Pb3abml7Dxxnn8T+wRMMnbjI8XNXOH/5BS4/+VfefO+f2nt6/NpL9B48pI1eV9Y9IJZ+8NC/Af6foUAvJj94kP0HBti3v1+D+h8Xounq2SNAb6Yh3V/MfB2hZktIcDIizWu7QN0Q3+1L8du5gkRfKzIjPcgIcyYpyJ4gFzOtVTHY3YLE2BB8AwJYunQpNtY75ZyKLVfVkq/2Vi+vkeT3fQ3mvY/8jfS9T5EzeI3U/c/g33ABq/yDmOf1YZbfi3FWJ8ZpzZgk1LIhKFmA7s1yJw9WuwexKTiDHYn1WOb241p1npqTf9Og/sG7b5IV70uWwDwlRM2ucBWQp9BZlij1XCHl1VUUVlRrdp5bWnEH6iNgV8aeU1iqRWZBMen5/2nscYlpGtS1pngFdonapvbh3SuHsnjxfCT/eL6I959v5NVnenjl6mFeFkN/6blz7N/XwqL5+uhMug312zFj6nT09JTBLpJYiN5stUTsauYuNMRgwTp0Z69Ed9YKpusv0QA+XoCuYqruAnSmzddgPmGCngZrFQrk48ePlDO0xxTkx42byoTJasMYPTFpXVYu0cNs3TwsV+vjtnmhtliQanXZU53E/sZ0hqRePdJdyOGuPAY7MtnfkkxPQ6JwI0msPZG2sghJmNRuii5UpdtTmbxLknsLKlPNKU22wGT9XObOmsEsvano601j2rTJAvIp8vknMkPKPy1wKENnezrbXUpxdYli85qVrFm4AMedznjutMTfZhdh9ruIdXUiys2DaHdfYjyCSPCJJcIrmfCwesJj+ohKPE5E8jmC447gG9KDm3cdNk7ZmFtFYWEZwfYdvmzYaIvJVkeMDC1YuXIzhuu3snbVRpYsXi7lOgxmzUFfzd2bqqtZ+5RJw9upzpllINDXwUB3BnNn6rN03lyWzZ/FCok1C2axedl8dqxZjN2WtTiZbhBgG+FmsQFPK0MCHYwJclTTQTZq65VbblyM2fr5pEX5MtDT8geIf8XXn73LJx++LBB/YTjefYGPBeYfv/8SN78bbkqcOXUs0yY9yFQB+fTJowToozWgf/PV53TWpt829FiBcJSUAmyBel3Z7VBAL40XA4+ntixuOEqHm9hrSuR5MfP6kmRtE5da+eHU3oa5isYqtRBNLvVq/ff6QrqbSzVD72qvpFuiRyxdzVMf7G3jUF87TZU5RHrYEb9lDU+HmfJx4AJuBulyI2YuN+MW8mPELL4PmsL3PuO4tu0BjlsbcM7ViCvhVrzSksY3pzr4XkG7R2B9pp2fL/dy86FOfn1bDP3jK3x7qo53JcP87lglnw4WceNiLb98sJdbv+7jxw/cueIxjeTFEzDWnci6OQaEeXjQ29lx55wrAL32xnWOn95LfXM2NQ3p8kPOkuMcmlvzaG3P59XXXvhds/vvBsjdBrqCubYHeoQNqSGW2oC4BN+txKtd1sTQI+xXa9um+m+fh5+JgbaWu/fG4dXi1GA4bwVptWa7gNvPZBYBWwzwV3+nzTsXm9+o+tyn47ZuuMldzWNXQI+0XESCvVTGrmvI8DEiW4HcZ5MW2V5GGtzz/Y3I9d1AcbAxpRHbqIqTH2eMFRUSZbEWVCTaUJJgR0mcHcVi4iVJrhQnO1OoPluMA7sbcnjozMAfXZyff7wp0L6praz1ww83NWBqMJf7N298r8FcK38YXnnv2KUT+KYE4hbriWu8F75ZYusZHjgnOOOW7I57pgceOW545jlJ6Yi7AN030w+/7ABcs71xy/HAM1cgn+U+PFakq5OJE6USnTBefqcTmDJ5IpMnT9BiktwfO1YtbHIf996rFmQag7W1NUNDQ3z66ad3PsUnr10jOyiE8ZO2oKNng5tvJQeOiJ1f/Cunzl/n1JmrnD51heNHLnD68DmG9g3Qs7udtoYKSXQLaFBbUNZX0NJUQ1tbEx3tXXR192pLtvbsPcCe/kP0HzghID8tUD/KgcOnOHryYY5LnDt7mctXrmrv47sbP/DwM9fpP3xUg7FqQh84MKhZ+CF5TMUdkB9WIaA/fEgDuoqBgwfuQL23v//f89XF2Hf3iqm31FEe50KE1TIirNeQ5b2VPH8RJafNhFqtlfrVSJJQO3JixIDjfchQc699bIjxtSFcytBAL5xcXNlhbklgoA/BgX4UFJVQICB9R7WC3LpF1fEnCGo9LWb+EAm9j5Hc/zTRux/DrnAfa6NKWBlTwNrkOgzTFNTbWB9TwXLfMJYJ1Fd6hbEuIBnj6DKMkxrZJUmAV81FGk4PQ/2dNyVRCHMiLdCa0tQAOopi6BW5aKqrpKKmhsLKGu29KKjnlVVq8d/grow9u6BEM/bMnMI7YE8RY09IztDAHhOfcgfu6nbzyxf55Ho2HzxfyWvPNPDXqwL0a0d58ZljXHvyBKdP9rF8iYFwYooGcrVQls5EuR4lFDP09A1EHNXKawvQM1gshr5C2yxlztKN6M9doa3uNk7sevK0WQL2mWLmYupTDLQV2MapvUXGTpUkddjCx0+YfrvJXUcLtZmYShpMDNeRG+1Jm0haW1kMXZUJtJXGyTlK5mBzFgfaMjnUmSMQz+FYT75ELkf3iNB0pNHfnMie2lgBfgy7KyNoLPCnvsCHqmwHarOsqcuypCZjp8B8p1wbZqxYNF14KBw00BWoTxO4z2SWcFHBXH3uP43dHMd9a4PRNY7DzqOIHSY7Wbt0BVvXb2LX5q14mVsRZLuLcAdrIp0diHD1INYzhDivcGI9YojyzyI8qIromP3EpJ4jJuMhwgXsIfFnCIo8hE/4gJj7ID4h3Xj61eAVqFoDiiQKcfHIxt0jFUsrP3bucMZkswVmW23Zsnkn82YvYI7BPFavWc/a1asxlDBetx7j1WswkkzVXA2CWLdCDNsIh60K3iYEOG6TzHY7/o5b8bUzIchJju2N8RGYu4uVZ8cH0d/9e4j/dONrvvnsfTHxl/nk/Rf59MPhUov3XuRjDehSvn+drz59R/t3LvZWzJg8RutDnzZplNanXlNZxheffSQWlU5LZSKN5TEC1Bg5FktXfejF8dQL0Bu09d0TxCrUfYF6qQK7AF0sXYG9rkT9jYC9/N8gV4PlVJO7mt7WXDM86r21Lk9MJZ82sfT25gq6pOxpr2ZfZyMDXU3s72qkt66A8/nRfFQQyDeh8/kxcQ03wpdzI2QuNwInC8hH8ZX7X/jU6X94fsu9POGzhocDtnPBfxuPJ7jyeU8Rn/SX89ND+7l5vpufTrXww9lGbr04yG/vnefmlW4+aBSgHyzm0/5CvjqUw623O7j18zF+/SaDWzXz+a7GiZf31tw55wpCfxNIHz3RS53Au7I+lZrGNDnOpKElh6a2fFo6CmnvKKC9s5Az5wf+j83uuYkucpE7aUBXo7+VnacEW/we6C7DQA8WoAcooIuhK5irwXEKzu6qX1zsW4HdVx73M5lJwFYDArfNxm/LLG2Kmo+hQN9Qre0+Q5IAAf/WeQSazidMXjPWdiXxzqtI9VxPhlh5tkBcC4F6prrvs15rji8OMaEkcjtl0eYSVlqUxliKndtSHG9HUZwthQL0QklUCpOcePT8IO++8cp/gBxu3RW//T+e+/3fuMQ6YhtmhUO8PS4ZLjiLbbunOOOR5opbpiNuUol45zvjni3Pp8pxugd+Od745Imp5/riI2A/+vAR7bVWy+9RLV6imto1Qxe4TxBDnzBhrDw2ang/hvv+oi3hPBz3cp/cX7V6FSUlJbz55pvaEqvq9syTL8o1MISjZzWlVScYPHKVk6cF5mee4ZQA/eTJixw9dIKBvj727ulmT2c7na2tAvBOuU7ExLt307VH9WELSPsOajus9e4/Rt/B0/QPnaf3gBwPHOWgJAWHj1/SgH7qxAWuvTB8ft//6EuefOFVBk+eobtPrL5vH/sHDmp95iNAvwP22zAfAfpIqUxdgb1/YLj5vU+iZ99eepSpy++zKNyaQLOlxDoaSZK3g0w1Zc3FmEjb9SS6bxc7dyc7dhjoWQKHaH97ogIdCHTdSZCPG27u7ljb2BEeHiZ1bTQxcQm8/e57mpk3XnoF+8pD2BTtxbP2MKFt54jsvkxsz+MENp3COLkCA99IZouVr05swjC9j00Ze1gXU8SqgATW+adgGJKjAX1bcgM70ttxKDpEYMMlms8NQ/3tv78i0PKgKSeM7twgehuLtJH25dV1FFXW3gH6SCio/xHomrGr+8UShXL/dlO8Nm9doJ7yh6b4s+cv8tutn/nHi6W8f62Kd15o5bXnenn+iYNcfXyQJ6ReOnd8N7OmTUR3qg6Txo3Vmt0nCdhV6662R/jo0RiMV4OBddCfqo+u/jym684TsK8UsAvc5y7S1rufNUtfwC/Pz9CX5FSse/yk2yuyTZDXmiSwnMbC+XNZNGcmrtbm8r1YkBzuTndlCntqVCTR35ShxcG2bA515XO4s4Cjuwsl8jjeUzBc9qrI5XB3hvxNGoc6UgX8UXSXBdFdGkBLoQ9NRV7U5NgJzHdJWFGZspPiFHOSI8yZM0e1Zk/VgK4/Q4eZMySpmDYV3WlqS2wx9DGbY/nLmkAeWOXN0q3hWNoMb3u6dN48Vsydy04jY7wsbCSLtJOKUbJFR7X4TAjx3uFSxhLtlUCYVypR4U1EianHpp4hOvsRIjIeJirzMmEpFwhPUoA/QUjMEIERe/EP2yNlHz7BLXj6V+HpXYijYywebjGYmzljbeWB6ZZdrF2+ju0bt+Hh5IW3kxuuVtYCbUdcdmzB1cxEIG2C967teFlt07bv9LHdJgDfRoCA3HHbOpx3GDHY18nLLzz372rv1q+aiX/7xft8/s+/8ZkA/LMPXuLTu0I1s38qAFehYP6RhAb8D16RJOBXKsuKmTz2AQH5KG362tQJqsm9lE8++oB2+XJbqhJorZYsrXb4uEXNPS9Rfeix2oj3JrXOu9o+VQG+Qiz8tsEroNcoWy9Ttq6a4NVa8Kk0KDuvTKO5+u6NXdSmLrkC9CI61Yj3pjIBehV7OxrY31nPQGsNz1Qm82muKzcDdbgZNofvi9z4oiyEb4Om8Y3n/XzteY8Wn7ncw6tmf+aC1VzOO63jjKshV0KteFcSji/3FvLFYD03Trfx+WANn/UV8fPxBn59optbb5zkhwstfH4gn8/3FfFpXzI/PdPIbz+/LWf68zvnXFniy399jqEjXWLhGVTXp2k2XiN2Xy8ZbGOrAnmugDyfDgF5R1eRFrt3F0uFWK6Z/H9rds9VU9hurxKnFpZJk/c8MmVNAV1tmxqjDN1uFcGWS8TQh5vclZkrmCuoj2zEovrLfcXG/QXiwaZztQiSUIvI+G/Sx99YX7N3tRZ8wI6FBJsvIlReM0ZeO9ZpJQlua0gWqKeJqWf4bZLYSLqPoRaZfsbkBZmSH2FKYdROigTmhWLoBRJF8QrkdhTE2kglmcXlcwf/C8T/COtb/wXe/6e/+/ftwOn92IZb4JBki3OmAw5pVrilOuIpQHdNscY13Vbs3AnnDGscUq1xSbHDI90Or0wnvLIE7Kl+2utcvnxZg/R9t2GtQH2vAHsE3CPHqrz33uHQ7kv553vu0UpdPT1CQ0O1Nca//fbbf7/HwUeprjvK4cOXOXHqMYH5ZY4dO8fBA4fZJ9bd1yugFHjv6e6R60PKHrVim5hwX7/AWC38cljiCHsHTrB73zG6+uRYgL5Pov/gSbHs05w4fpFzZx7myy+/1lZRe+29T3jmpTc4evaSGHWfXHN72dc/wIGDQ5qV/xHqh+6y9JE4ODSoxYitK7Cr6JEkpL2ukCwxcp/ti4m020BBoBmFwWaki6nHuxiR7reTgiQfuZ79BeYeEl7EBLvg62aJl6MpXq7WmO7Yxpo1q/Hx9SYuPoE33nhDg3nb+esEdT6MV8tFbIoHMM/uwqXyAH4t5wjueISQ9os4l/ezKjIHfQX14Cwx9TaMM3vYktXB5qRaDMOLMYwowiiyhK2xNZiltGKe3o1r2TGCWx65A/UP3nmdhiR39pbF0l5bTE1tLWXV9dpysypGoH433O829RGg323wuQru+aV3wJ6ela+BPSk1i5a24dkH33x4ln9cb+CN5zr569N7efHxIZ5/bICrl/dxarCRlQt0GX3/fVo3z1gB+Z0dyUaNYpwkndPuH8XU++5nvFynE+Uxvek6AkV9bU91fb2pzNTVYZY8NlMsf6aeHOtOZdHc6djsMMRs0zJC/Oylrk6iqSSKfSIwB1qVdWdImS7wzmCwPUcMPJ+hjlyOdOdxoreQk3uLBeLD8D7RJ4/15XNkd4Y8ni3HmQw0xzHUmszhlhQO1MdoMO8s9qWt0JPWQldq5HdXGGVOeZIl1Wk2VEgkRW0ToOtiYDBVm/2lO3WSVurPmKJ9hhk6k/nTfRvCuVeA/ueVnoxa7sSq7WG4e+Vhaqz2t9ZjzcKFWClTt7Qh2NGZcBcvYr2iSfRLEAOKJcpdskXfZCID8iSjLBFbryQ0opOwuEHC4ocE4oMSRwhNOkNowkmCIwcIDO+XGMA7sBnvoFqc3QtxdsvFySEKSzMX7K3dsdhuw8Y1hmyRcLN3x91aslVnZ2L8fAhxtsXXeqfA3BQPCxMxdCPst2zAymgluzau4NC+bv720gt3QfwXfrzxJd9+/h5f/vNVvvzXq1r5+T/+KvEKn/1DoP7hSwL2lzXAfyIg/1yVGtxVc/sI0F/ihxtfaa85SYA+QYP6aCaPeYAnn3iMf3349vBiMtUptAnYW9XSrxUC7ZJ4uSCUrQvoq9I0oLepQW6Vas33dG0pWNUEXy3WXqu2Wi0eDtWfrka/D68LnyUVQ44GdLVLW2dDgUQhnY3FWtN7d3MZe8TQ+xTQ25u4WJPDV43JfBe/lp99JnLTZzrfZ+/iq4jlfOX5gAD9Qb71up8vXP/MP23/F69u+x8ubJ/OeYdlAvT1XPDdwqsFoXzcmcMn+6r49nA9H/WUa3C/ebSRX5/q5pe3DnPjUjNf7i/i5iuP8eun79055ze+/5aXrj8llVwrtXVpGsRr69Opa8wUG8+mvkkg3iJJSVvBsI0riAvAu3eXsGdPqUQZfX3D8fbbf/2vze55AnRl6CMrxaUK0JOCBegBZgL0LcR6biL2dpN7qNVSzapVc/kI0FV/uJqK5q6ArprbjWdpdh62cwGhZvMJUSFJQJCJGLs87r9NwXwBgeaLNeNXrxltv4ooxxXy/6wmwWMdyd6GpPkKzAXqqkwTW0/3NSE7cAfZodvJjTAjL8KSnChLstUCIzG2PPofENd6yP8vxn3r/2fIa/z2k4QacPgLr7z+Eg7R5jilWWv95GpqmkuyA17JLngkC7xTnQTqDjim7cImcSe2sWbYx8vvK94MjyQ3SlrKtHfmLL/DP4L67vjdY3dB/Z5777ld3suDo8dq9x988EF2mO2gv7+fjz/+WBvQp26ffvIVVx69JiA/y8C+o/TvOyjXwgA9PfvYs1vMd4/YuIoetbiLat5Wa64PSXlAYkBMfUCMfT97eoeP9w0cEcCe4PDQCY6I7V+9Orxd56dffMdr73zMc399k9OXrtC7b7+2+lvf3n769x+4Y+mHjxy7E3fAfuSwFn8E+4it7z8gCci+PjoE6Mnecg63LiZk11ry5FooDjITsJuS6mFCRqAlWTFuZMV6kRHlSnacL4nhHkSFeBDq50SIjxM+nm5sMDTC1mYXr7/+ugbzDrU2e9M5fOpP49t8Aa/6c9gWHcAitwfH8kG8G88R0PYIAa0PYV8ywOqYEgyCMlgcVcFmAfaOnD525PZiltGNSUKdQL2UDaGlAvV6zJI7sMzci2vJEQLldRtO3R4o9+5r9Eud1VxTSkVVDaVVytD/3ew+Eneb+p1m+BK5X6oeu9vkq7THR6x9ZACdapJXzfFa19z3H/CPv9bz2rOtvPzkfl4UQ3/2kb0883Afj57pYte2NQJhHW3L7QcE4Kp8UK670fc+yKj77mPC/Q8wSa6zCaPvYeIYVd7PArFco5XzMd24HJddxkQFOBDuL4l2RhAFqT4iRArOxQwKpIe6VGSJUWdpln1sT77WfH6kO5eTvcUSJZwU0VFxpr+UCwcrpSznlEjOqX0FAvF8TiiQ92RyuiebM3tyONaeypBA/UhbvJTR7K0OZneZL10l3gJ1N4piLCmItKI23Z76TGexdAe5RqxYu2qOAH06+mLkKgGZM3O6WPpUsfQpWvmne9f4C8x9+J/l7tyz0JoJq13YZpOOp08G1jutMVqxCqPlq7BRULewJthebSUXRYxHCNHuEcR4xhHrl0KsfxYxqvndJ4VQr2QCXeMI8somyL8Cb+9q/ML34SMg9wvdK8d78QntwdWnCjfvMtw8C3ByTmCXuQtWO2yx2mqOg4UNZhuN2WFkLHbuiZe1rYQ1fo72YulW+NlY4Ga2FYctG7HcsJb+7k6uX7t6pzq89evP/Pj9l5qJawBX8dFrAvK/afGFxOcfvjJs6AL0z1XIsdbkLhD//IMRc3/5NsyHQ/Wxq5udrRWTJo5BZ9I4powbpT324Xuva+u3d0i0VwnY1QIyatnX0lgaysTMK4aB3lIlwK9O1zZsURu11JclCNBjBehxYvDxWh+66jtvKEuTv88e3nJV2y89j04x82Gg52tQ391USldjkVaq1eOUoQ81V/JhoT8/Z1nzc6i+wHwyN73H8L3XaL4VmH/rOZqvPe7nc5d7+djuf/GPXf+bd3f+b16weICHHRZw3mUNjwWb8mKaJzcGSvnhVCffn+nmy6Fabqj552dbufX6cX776jVufffxnXP+7bdfcf2FJzh2qJ3WpkyaVJ94g4C8MUMAnklDU5YG8cbb/eNtqmm9s4ju7hGIl0qFXSZWU8befRUcGKjmyFCDmMH1/9rsPgJ01eSu9j9PCbUcBroYUKKfGLoGdDUobjUh1ssINFugbc7ivlEftw0C83XTcVqrg+uG6XiKhfuJjQebziNCYK0izHwh4fJvwk0V3OcJwJcQar2cUJsVEsu1TV8iJVmIclpDjMta4j0MSfQ0IsVnM2l+I2EsUN9KplTiGSHbyQozIyvUnM7aFN5+46X/sPFbP3zNM50J/PDNR/+GugLyrRvD8evXwubPpJaT5398j99uvAHfvyIn/wX5Pq7w2xfn+PXjY/zyjwP8+uE+bv1zL798uJvfvn1e+x/sY03Fzi1wyrTEPtkcxwQb3BMcBNhOuCc745xkh12yBbaJllhHm2IZboRFqDGuMU78/a2/88EHH2jLiv7lv1i4Bmsx8HtGyts2PnJ892P3PfDg7+6r11q6bCn5BQW89tpr/PTTT8O/qQ8/4prAt6tTjLy7l16B9F5l4gL23t5+Absq92mg7xOoa/PAu/bQuXuPNve8e89eAbrAWQx/cPAkB/YPCdCP8uabb2vJw2tv/4vX3v2IF/8/9t46uqqr3dt+zjkVaGkppYW2QAUopbTF3V1CiBJ3d3d3d3f3BBIgSLCEBAiEBIsrngQJELT477vn3DuC9DnfO8Z5x3j/OBnjHmuvtdfebLasa173vOecrZdxsKoGGbkF1BBI55aeSXBnls760ocDfRDsQqC/C3aWgue2XlBADQlqWMRFwsVAlhqCc8nQl8BTZyN8tNbBS5u+E0prYK+xhRqksnAgM3cwVoSdoQLMtKRhbqAMYx16nKIoxLesxeJF83DubB2Hec7JK7DOOQOjpHJoRu2DQshuPle7atQRyAaXQtQzD9IBO/kxrfjj0Ig+zGG/yCoSf5mEYr5lHDa45WCL1w6IU4i6ZWOFeQTmaftgvo4PVhLUN9skYJttImTc6HrtvxOhJTV8mtje65cRHuwPP4K5b0AovAMEMP8nqA+GXwhfI30o2HlsGzIIf1efALh5+fEJahjcj5ZX8u/BtcZUAno6LlQXouZoJqr2JeLkgWScPJQGZalVmDHlB7oWj8Y3Y77EmFEjMIGuzT9+OxY/E/h+oNs/jPmKFzD/NOFrgvoIPovb3OmTsHX1XPg46iAh2BZZ0Y7YQZBmhl2a6UMm7UmW7S4wboL13iwf7M/xI1j7cPvem+6GI0WhKN8ZhcOFwThaFIIjhSGoKGb7IThU6I/9uZ4oy/fG3gxXHMz0QFmGC/an26M0xZpgboqiGGMeBVGGBHUtpPqrI8ZVCT50TQuxUUKUkxoinZQQaLUdXuZS2LjyD/z88/cCM6f/288TxvOUO0u9T/5xEhn6fHVu55/8Ra3u37fis2kbMGmeNJaLmENNLxLqGq5Yt3wV1i2iH/aiZVAWUYT6NiloictCV1ID+rKGMFAwg6GyJfQUTKGnaAwDMnddBWNoK9hCS9ERqjKWUJRzgry8G+TkvSGvFg1FjUjIKnhBRtoBUuKG2CaijI2rtmDz8vVYv3A5tqxYj3XzF2MdGfqWZWQJazdAfpMIxRZsX7+awzw3NQkXz9YOg/hz/P24Dw8IuncHAM6ipwn3CeD9PS3o54begr5ugZ3fJWgPAp32bzPIX6Pj1wcA38DBPhzqrO89wN8PY9i64mNGEdA/5//+pY4Ggrgl2bclYvwtKMjOvU15qj2UYB3ub8aNPY6Az8akxwbb86VWw33N6H5jBHkZEdDpXC8LgrugOC7CVwD2iAA73n8eGywwdLbcKku7J4Z7UXggOdwbKRHeSI32QQU1Hh7Zr8ELsxn4W3McwfxrPFP+An8rjsITJQbzz3Fn+3+hR/w/0bPtP3FT7L/I0v8LnRKf4IjIGOwj4zystAgXbWVxM8IGt5K8cb84AdfSvfDk4nE877k8+J7fv3+HLrhHsKMgCgkxToijH0VCDL3GWHqttB9JNh5BNh4R44qoWEH/OO8jT/RECtl4cqo/t/H0dH8ysAAO8qzsAJTuicel9pPovXyWopZ3dQyk3VlBHJ/nXVgUxwri7PS3vgV0K/U1sFBeAXP5JWTQ86DHllBl/egEbMUVv0Bu8UTIkplvX/Ad3Z4AJVb8xgycAM7MW2/rX9DZ8gdfpU2XjFxv658E7zkwkJoPfcn5ZP10mxoKrLFgsH0+DAnoJnKLYCq/CBZKy2BNVm6jugK2arRVWUPbdUgIssDR0qxhEv4I+Jug/KgZb/rP4s29E3h8PhGn3Vag73wC/r6cjZdX0vD6SiJeXYrG60vUkLqSANxIJVDT8RuZeEPAftOTjtfXkvDmeiJeX42i88Lw8lIk3lxLwJsbBPPeDLy5XcQbDPl0AZR2XANJhzUEdAqzTZC1kIC8pQxkqXEkabIN4uZk6GaiEDHahE06a7BJbx1cqEHGh6o5Ob0HaBYfffzR0O2P6PZHw+8THPtoAOAE75GfjRoCutDoPxY2CtjiImpqajy139/fP/h2nampw97SMiQlpVGkkKkzyKfySE5i22TEx8XT9yqDr2PO0vDpbPw5QTwntwi5uTuQR2DfWVTCn6/v3kNcaLlKQL+J+rZrOHr6HLII3szQU1LTkJ6ZyS39g1AvZrHzvRgAOy+WI1PPy6UGRVwY3I3ItEUWwFxmJYF8I3x1NsCXLN1dg2VsJOBtq02/dQe+1rmDmQbMtaRgpidPQJchoG+FisxWnKVrHYN59rFOOBeeh9euBrgXnYVF2jHoxJZxW9eNr4Jecg3UoiuwPWAX5EP3k6WfgE5SNTTjjkEqYA9WOudgqUMWVrvlY1vgXsiGHoZiyCGIexZhnVUslhkFYrlhEDZYRmGbdTRETEMgZhUDBc8cBBWe4FC/du06vAND4eVHUBam2d8F+ttQH4K5Z0DYYHgFhtM29K3COk/fQHh4B/B0vKuHICt08/IZ1FcloeZIPE7si0dlaTyqy5JwtCQCpppbMXfGRMz/42fMnv4TZk6dgHl/TMLc33/BjMnfkY2PxeTxX+LncZ9hwriRfBnscWO/wITvvoLohqWwMVFCgJs+MqMcuIEzcLMozfTmxs0gXpYXgEMFQQTpIJQXh2BvthfKCv1QuS8aVfvpNe2JQU1ZIqoPxOPUgVgcL41E5S6C/Q5fgrsnDua54FC2Ew5mOaIs04GgbsehXhxvxoFeGG2EjGBWcKiEcAcVBFoqItJBnWCuiihnFYTaycPXXBJqMku5of88aRJ+/Xkifpn4HR8F9sukiTw40D+dJYtP/pTAiD/E8PmMLZjw1xZMXyKHlWIOUNWOgq5eIDav24w185diw6LlEF26BFKr10B+gwhUtkgT4BWhQXDXkTOFlpwltJUdoK/uAT11N2jKW0BTxgAqoupQ2KIAyY0qkBY3hdhmLYiuk8e6xWvJwtdhzYKlWDJjOuZPnYR1c2dhwa+/YO7UiVj8208UP2PVzN+wacFs5JCJN5w7O3RNfPkMTx/ewf2bXdy6Gcjfgrkw+rtb8KBnaP8uQb6vu4FD+y4De4/gsXduNBLMGwXHWDpeaOp3hgH92RPBRWYsKwKiFuE4ahmyv46WCwRzG4Iu6xs3JTM3RhhBOsTTmM98Fs6CjD3K3wYxgWTf/ja8AC7Um/Wtm/D+9XAfMnRvS7J2G14sF+TFhreZ8z4cNnUsK4yLCXbhUGdLrrL+uYQwBnQPpIZ6IiPSG42eanhuMx+vTKfghdY4/K0yBi+VR+M5wfwRQb1P5mP0EMBviP4Hurf9B3olP8KN7QR5uVGo3zwSZRIzcFRlKc47yKItxBo3j5fhWc/Vwff83r1bOFtbgfSUAITQ/zUs1AKJsc4CkMe5IDHODQkU8WTiMQTyGCHI46hhkJDiyyOJInUA4hmByM4KootnCMrKMlBftx+djcfQ3XESN7uqcaO9Gn8LRxgMAJ1PNCNcC50VxNnqiQwC3ZIulNYEdEsGdLklMJZewE1anyCtvfF3KDNLZ0PRCOoM5szOGdDV1v7Kq+F16Tx9ZuG05UFWzgBuvH0BjOgHZbh9EQyl58OI9ge2LIxlFsJIfimMFZfDTGUlLAjqFmqrcLA4HV0twhncqGGCR61kz4V42RqK5xQvOiLxqiMErzv80VuiiROeq3A6RQw3jurjVXsQXneFEaTDCdaxeHOVQT2GYB2Nl530mMu07Yqg+6IJ7ClATypd/TLxmkH+agzBn0GdrV1PgH/axV+ClMNSSNosgZj5UoL3emy3lCBDV4CcqSzE9cQgSSYgZiaJLYai2GywEdvonKLD2XwmuO++++49gL8Hdw5vAdTfAz1tR4wYyQ1d0J/+KT4dMeKt9PxAyn7EyBFYvXo1wTsJvb29g+Pqu3t6UUxQjY+NQ1J8EhLjE5GUwCKBT+aSnJyJpNRsZObsQFpmEdl2LrKzC5FBdr+zoATNDc2CZVK7buBc02Wecm9ov4HKmovIK95Nhp5BDc1U+n6mISMrE7l5eYP96QNA31m8SwD1kmLsHBbDoZ6Xn4u89ASkh9jD32AbTCTpuyG1FM7Kq+ChtgbeGuvI1kXgS++7m4Uqgj1s4OtmBWcrHTiaqcPSSAmGBHZtZVG0NjcIYd4Fm7TTcMqphV/JRUSWNSOwtB6O+dUwTS2HQWIljFJqYZx+HnpJp6ESdgzq0Sehm1QH/dQ6aNMx+cgKiPrvwWa/3ZAIPgCV2BPQTa6FXuwpqAXth7RHLrY6JGMTwX2LZSREzIOxxcAPImYhkHFNgV/eMTx/8QpXCOoDwH4X5G8DPfg9mDOQD0YQAzoLQYGdD8Hfkx7DjN3DJwhXrlyja+5dNFeGou5QGKr3R6FydwTZsD+qdochJdwGS+dMxuRJ4zDtpwmY/uNEPgJq9m9sRNR3+PG7UZg1/QfM+e0H/DbxK/zMJgQjCfvx26+xdO6fkBFbBU9HbRIiR17MxmB+INefzJpBPBBHdjCIh+EYNR4qd0Xi2K4wHkeLQ3GyLB51FWm4yLoCKGqPpaHmYBy9xkiCejAB3RNHC9xwONeZA52BfG+qDYU1SlOtyNJNkBOmi4wgTT55jq/FVniabIefpRyCreURQXAPs1eAv4UUPIy2QVdpJX6fzvrRJ+GXHwVpdjbunlW7T/npR/zrk7lKGDl7O0YQ0D/9XRRfENCXb9SDhrYb9HS9oK7lBxWtULJqH8hs18PaxUuw4LcpmPfrJKyZ8ye2Ll0JuY3boSqtAw15S6gpOEJPwxf6mn7QUnGFhoIl1KV1obpVFoqbROlcWUitFcWWhfOxZtZvWPHnFCz/cyrmTf0Oc34Zj1k/jSOof0fHfsbi3ydj4a/jkRgRgvO1NUMQf/E3Hvffwr2bnWTVBGIWZN48hqXX7wvhfV8IdG7oPWy/eRDeLOV+l2x9IA3Pn4P1rTNDJ3jfvSbY3iNrHwD6gz4B3CTExfHV6NH49psxggtEQy3igu0QF2aLaAJddABLtROofU25gYf5mggmmPG24Iu2xJLBs/0QTxYm3OLDvNhUsaz/3GpoOBtFOEUkr3Z3IrA7E9RZsGVXXcj4Cey0n0Jgz6H9S/br8dpyLl6Z/YiXWt/ihdp4PFcZi2eqY/CQ2bn0RxzmPeL/gbuyn+KR6he4rzYad7ePQNOq/8LRbb+iY0cS+luG6hBu37qBmtOHyXAiEMvh7YKYCCf4+pkhOMQGyXEeBHF3QbB0erwHYuLdECsEeTxFEpl4SloABzkrdsskiGdR5GSHYNeOOFQezEV3+3H0XTqFmx3HcafrFPq6zuA+NaweC9/zNGokuAhniXNkQ9XY3OZk5wzo1jqbBUDXfBfo87ldG7J0OS+OmwbF5T8L1kRfMpHDnC3awuycFc/p0Xn6ZPT64rN5DMDcVIFsX345jAnaJmT+fNIaFmw2Og57Aj3db6iwAhH0WR4oSRuy8ee3gf5qAm46cD1eYNXX0wjMSbSfwMHLwN1/xAw1IRtxKlkEN6stCN4E4u444BY97k4GnReON5cD8KrTmyAfhDdXCOrXo+l+uu9OPpl4PqlnId7cyqHIAu4W0IeXTZCnxz88zl+KQ5QhJMxXQ9x0JYF7LaQtxAjoSlA0VYaUvgwULFUgY6UIUWMpbLMQh7S9YBnWjIyMt4ycg3sghOAe2B80848/GjT04Ub+6ciR/DYvpONA/3QQ5iOEgB/eCJg2bRrs7e1RX1/Ph+cN/NWcOcNXU2Op9sREgjnZeVpaHn3XcjjQM7KLkJqai9SkTCTGpKM0rwhdF4dGD/Q/fIJL129zUz926hzyd5ciVdiPzmZ+YzPAZWRlCYvkCvj486Kdgj51Ni98UUnJh4Gen42CzEQCRCAKAgwQZSZCIF8OO/pu2NN3xFFhOVwUlsFFZQ28DOm7bKQAJ4K4q5U+rI3V4GilDStjZZIiCYJ5PYd51vFWOOadg31WLRyyauBWeA6h+xoQc7QDwQca4VRQA6vMahinnIJJ6lmYpZ+DSco5svaz0I47B4PUehhnXqQ4B53EaigQ2BVjjkMjsQYG6RdgkdMES3qMQeJxqIcfgpz3DojaxUHEKhSiZv7YbOhBUPeHpFM8/PMquKlfvnrt30L9Q0B/G+YswgRb2vcOYiEwdk8Cu5dvCI5VnRRkQM9mo/aAL44QII/keeBYEbNfPxws8EN2jBMkNi3BxB/G89T7uDFfYTzJ1jdfjybxGo0xX43Cl5+PwrdffInxX47mS0f/QEBnleIrFv4FZdkN8LJn1ft2vI+c94UXBHCYV5SEompPJE6TfZ/YG83t+8TeKIJ2LM4dy8KFqlw0VBfiXHUeTh+KpfPCULXLF+WF7jhW6IHyfHq9uQJDP5Bhh93JFihOMEVRrBHyInSR5EU2bi8ON+2ldN1aDCc9UXgwqJtJk6nLwt9cBh4GEnDUEoGZ+gasXDoDP/8yAb9OmYjJP37Ph3OzlDsbvvavEbPl8OlMKQK6JEbPksBaSQc4OoQjwC0Invb+MDciy9bxxXZlf0ixkLWGKIF5Ndny6jlzILJyM6Q3yUFKVA1yknr0xphDRcGOtlZQkDaDqpwVNGSNoCKiAOUt26G4WQ6Sq9dj4/w/sfKvqVjxx2Ss+GsK5k75DvOnfI/F0ybBQFkKiZEhOHfm9NDEI8+f4tH9m7jb20EgbqJo5lXqgxDuaX7Lzu8PBAP4sGMPugVpd3acp+Ip7vU2820/gZzv9zTz9Huf0NIFUGf97Q24TVv277IZ5AICAvH112MxduzX/DU2XTjFF2dJJtAlhTvwSvcognp0gAUZthGiQ8i0fSwI2qZ8cv5gT30EuRtRGBPQTbmph3qwiWfYcDYLhPpY8Vnj2MpsEWx6WH97CjZFrAOigpx4sVxUEB0LsEdMgAMSAp1RQPd3m83Hc4PJeG36PV5rf4vXmt/jpeY4PFH/Gg/J0O8RxG9LfozbUh+hV+I/0S1BYHdZiwe5HnhWXznEoL8foqutlht3eJgNoqIcEBpmjbAIW8REOSM62gVBIbYICLRCAll4UqIXj4R4T8TSNj6RjDzZB4kE8qQ0BvEgpGcGDoI8NzcU+Tn05S/Pw4PeRtzsPI07ndUEcbatwf1rjdQAa6P3v5E+t1be1VFRVsjXQnceGKpmIDqYbh8OdEv1tTBXYkBfRla0gAPdWFgcp71xBtTX/ApVVvHOUu0rf+HLqmqxynWhneuLs/T6XB5G1CAwkV8EEyV6LrIrE6XlMFEk2yLAG8svhhGbvEaWoE7bvUUpw1LqT/Hm7nG8ukSmfCUc6CV7ZpC9nUPQLSLYCuNeMXC/hIBciL5yK5xP2Ir2UiXcqbEk8BPs+wjKD/ZQ7KIopXN3Cc6/v4OItJOihB9/c5+ds4/26ZyH++n2Xjpnj+D8/t107AC9qBdo6DiP7QQYaYvNELdYT6YuAllrGShZK0HJUg1qdrpQtKHfs40q5O0VsaO8gP93Fi1a9EEzHw714eAegPq7aXlu30JoM5iz4W2DBXW0z+5jBXPvPjfbZ/NnKykp4eDBg7h///7gW11bdx7FJaXU2GRTr+bSdy4HiSl5SE0rRCyBPDyCFacl4VCYN04mBuMsAeDMiaKhkRjPnqPt0jXsOnCYAJ7H+9BZX3pKGjN1YZ96dhayc3ORXyCw9cJiBvO3gb5zJ+urz0FBagR2JXijNNYJO/y1EWu2CaE6q+GruRZ28stgK7cUVpILYCNLcNcShZuZGvzYRDnuljA3UICloSJPt7e1NODFy5fwTC+AZlQRrLOqyMbPwCmXoJ5dDdei0wje34SoI50I3NcEl6KzdE4NzFNPk7GfgTmZunlGAwyTG6Cf1AATArp5dj0sshtgnHaem7lWygVop16EWU4zbAtaYZ13AWZZZ6AfdwxKfgWQdIgmoPtQA88Vm42cscnUC1JOcQjMHzD1a/8Ac2HV+7B+8/eA/k54B4fx4NbOUvF+IXD3DRZ0kVw5hdMldqgqcsQRguOhbBfsy3TCrgxb7E6xJNPVgZr0Evw2hU2ROgZjCORffTUWo0cL1xD/cixfqYzFV3TsSyZjdO3+lcx22fyZfJhgbIA5CuId+TCzA3n+OFQYwAHO0ugsqvfHkIHH4+SBGNRWZODssWzUladRJONseRIqdvqhsoQaAnmuHOSVRZ6oKHCnfWeUZTlgD73OwhhDpAWqI8hODO56y2Cv+Bd9H/6k+AOW8rNgr7mRbFwWvqYCqPuYSpG1S8JJXwS2upugKL0C06ZOwtQpk/ArAzvZ+VRh/GvMPFmM+ItgPlceWzUS4eZRhCC/NEQEZSA8IBYBrj6ws3SFjp4P5NR8ISbnAwlZR2yX0ICcuCw2r1yHtUvWYuXC1diwfCs2rhLDxpVi2EBbKVF9KMraQkXWFKpSOlAR14TKVjVIr12HTdQqWjdnOtbMnkY2PgXG6vJIjgp5q0ToxbMneHivlwDawYeM3aYL+22CObPyPmF6ncF3eKp9IO7fbEU/M/PeVh4CsLcIjjF40zkPWHQLoM6s/UGPoH+dNRDucWtv5PbOU+/XGwRV8dcEhXTP/xYs8ykA+lh+u/7scaRGOlE4IpmHA5LC7JBN1hrHp3U15/O6h3ubINjdAEEeuhzogW5GBHeCupchHTfmM8mx8emsyj3YSziczccSkb4EUj87voJbNAGdVb6zojoG9Cg6HhfgiFwfa9w2nYfXehPxxmIiXht+h1e6P+CF4QQ80x6P+/pTcc9xHe7QOQ98JfCUvnDD/54/fcDH2zefO4TdRdE8jR4T5UgW5EQXRQcEhbKKdSdepc76xSNi2VzO9ognoKck+/FIIJAnpfjxYH3kKekBSM9gEA+hi2IIsnJCkE3bU5XF6Omq46n1WwTx25fOoP/6eQ7yu1fZ50wNsJuduHetmcfzJ4L3nK2BzoDOKtv/Eehq6/mKe6ZyBF8GdAZosdncvhnU1cnG2cxxymwCGTYUjaydzSbHC93EBf3jBjLzycAXELQXwVRpKUxVV8JEdQ1fxc2EbMuYAZ6OR3gZob3p7LAvbg9dfQiql/yAyxS9BPl+AutDgu2DAwKw9pcOgZZB+GEZPWYn7h6xRH2COG6dccbjthC8uUPQfnQUbx5X4HX/Ibx5eIj2jwCPD1Icpdv0XHQfnpLF/F0DPKulD/EM3abG8NMq4And9/gYRTkFPfa5IO2uZCUDZXspbLejBrn1VmxnRXF2BHUbRWg46EPVUReabgYUWvx8NrzsPVh/NBzgLMU+7PYH+tg/+XioQI6l3T8ZsHGeYv/0rfT7x8Ihbu82DgbAztbCXr58OeLi4tDd3T244tu1az3YuesgAkLj4Rccj4iIdHh6x8PcOhrx9taotV2BBh8JtNkvxFH/jdC2F8Huo8UE81bBR/fiBVpa2lBSspsaA2zq1mT6DqfwPnVeLJchKJZj49T5xDMEcGbl3M53kp2TmecnhaEk3AJ7I0yxO9wYKS5yCNJehQCN5XCn7w1bac1GZglMReeQsa+Co74EfY/lYWmgDFc7fZjpy8FUTwYdbU14Qf8vXT9v/Coli1VmblCNyIVl5hE45J6CbeZJWKVVwobA7lPSgPCyTgTtb4PHzouwz6mDWWotjJLrYJx8juDeAIOkszBIIXPPaoRVTgtsc1rpuZphmNYEnZR66KYQ1DObYF/QDvvCZnre8zCMOwpV3xxI24ZA3MQNW00cydJdIGbpDxky9YDc8n+AeggvgmN958OL4d7tP38L5kER3NQFli44hz3GjYB+/UYPXr14jHOlljhRYIEDScbYHW+A0kQTHEy3wM5wJeQHSKIwgq1mJoE/f/2JYP0dX0ecwXv0F1/ji1FjONQH4M62bIz52NFf4fepv0CMDN/VSglRvgbITXBCSbor9uf6kJ1H4OQ+gZmfLotD3ZEkVJfF4sJxgnlFOqpKw1G5JxTHiv15n/mhPE8cynHB0XxXoZU7oDTFDgVRxojzlEeogzhOHsrF7pwI7MsNw8GCCBwsjEYZxYGCGJTtSMaRPXmoKM1D1f58HNubiwqK8r05+O/+/vXNbAl8Mn0Lfl9vCUfPUgTGXkRI1HHERBYQLBIR7ROMcA8vuNg6w9TEA+ra/pBQdMe6rboQFdOFlIQypLZIYuuazVgxdyGWzV5A2yXYslqCoG8CRRlrKGw3gxJBXVFKl0NdbPkq3h9uqaOGtNjIdyD+mCDeTcBux026sLO4da1JAHMKbudvpceb+BC0oXQ7M3EBxB8Io39wXwj0mwQKBnBm7PSYfnb7ZgvfcrizBgEDes9AQ0FYFc+AzseuN9BrvMZfr5iYOMZ9O47fPn+mAulksanhtkiNcUQSmWxCqD2ZgTXfsnHnUazP3MuYQK5DjSV9gjmB3c0YoZ4mZOlGdJ8pgjjQzbihh/oKpn6NZGuk+wiWXg0PsuXLrrLx6eH8PgZ5giody/K1Ro/1Erwx+hmwnkSWPh5vjCfgqcUM9PmI4cH+WDxvLh82pO81LyS8T+DsIUNuO3cQR/aSlXDTpoYIgTqabDyUGighEU4IiXRGWLQrwmPcEBHngSiy8choNzrPAzmZBGuy8BRW6EZbgZEH0wWQQTwMuXmRyMuNQHVlCVouHEV3WzWut1Ti1qVa3nB62NvGP6+bnRfQd/ki7tP73N/bjnsE93tXmvD4zg3B+t7UmPj3QN84CHQzuRUwlSYoS86DEetHZ/ZNwVLrGhunQ2Xtr3xZVY2Nv0OLFcOJzebD3BjQjbbPh7GMINXOAG7KxrarrYMxgT3C1xT7i1OHvrisAv1JA0GZbPt2OtDD0uTJZOCFAlN+SAB+dJDDmQP5wX4B4B/tF8D80SFekd4cLYHzQZvRvc8MnWkKuJKmiIthm3A2dBOaIsVwMXQbGuMU0JKlint13nh1O5c/Fo8OC59zr6DxcE9o/+w2s/v+vYLGw2PBSlZ7y0ug6SoLVXdJsnApSFhTA9xuG2Ss5aBkqwFVB01ouusiIE3QyFZQUPigdb8N9o/eKoIbOud9wI8QmvjgELdPhyahGV4ZP5jK//ijwWD7o0Z9ySvtmclPnjwZ5ubmOHfu3Fsrvh08chIGJr5Yu9kAYhvUsM9mDRpNJqLNbiouG41Fr/8iFARuh6GLKnRcNeGX5ImWK0Pp+Os3buDAwTIkJifxFdRYsPnZ2cpqbPIZZutsiBrrL2dgLyjMQ15SOHL9DLHTXwO7Qg2Q46OBUJPNcJdfAFe5RbCTWQwzifkwJzs3EZsLa9llcNTZBicjBZhpy8DOVBVmenJob23Ey9dv4JpZhukqevhRUgpT5NSxwtKLQ90s+SgsUo7DNLkKenHlMEs7DfeiBoTuvwT/ve1wL26EZVYdWXkNtONOk92fglbcGWjF10IvmQw8g4G7DY6FbbDNa4FpRj2BnSKV7D2rCU5FXXAsaodFxlnoRR2AqlcapGyDIGnhCVkrD8hZeUHWJhgyDvHwySnnS6+yPvUhoIcKgM5hHsIBL6ho/zd96UKoc7DzYjkB0Nlz9N29J6hTOkHwS1DA3kQNHErXQ0W2Pg4kKmJXpCRtZVGZpYxTeZoojlWAo+k2/P7rJHz51Rfc0vl64gT4sV+Nw9cM6J+z9UHGIiggEKHBQcjPTkdxYRoO7y/AqeN7cfHMYbTXV6Gz8QQut5zC1bbTuNFZh55LZ3GtvQYP7/fg/7W/f43/YyPG/iECEUVPuHnvRGBcGyLiGxEXtQOxQSmIJUuP8Q1BuLsXfJxc4GDuCF0dZ6iou2KbpC02iehh82ZVSImpQUZcAdLbtkNiqxzta0Jqmy4kRLWxXdwAkqI6EN+sBGcLZ2QnJb0z5epDPOnvxT26oLNU+m0OcEHcYiC/3ii8zarQmzjUBX3mrRywfGx591C6nRv5ALwZzJmt32zm2we32vDwVjsBXAj5QZNv5kVz/cI0ff/AePWepsGhbrwyvluYHaAGAKsaZmn3b78dL1h+8cwRZMQ7IyPaEYkE80QCezpZbHyoFU+/h/sa84r2EG9jBHqYIIBZOiuYY4u3eJry4rkAAjs7xoaxhXmZCyre2XSw3tYEdDZmXbDcaqiPHe9Xj/JhY9VZyp0aDgT4fE9DdNutwhuHmYDPYrywmYInCUZ4VrNniD2vX+Fu7yW01JWhvCQGnecP4UpjFWoqdyCXIBxLNp5AwI4jcEfR7dAIRwK6C8KimJF7IDLOk4M8NskHiUnMyH0RT8fSycRzssORkcFMPGwwsgniOQTzgweycepYCboI5jdaq6kBUYubZOi3r15EP/9cOuj9p+huQz/Z+f3r7DNp53Z+p6uerF3wnpcfKPhvgW6hug7mSgRgMvQBmA9YOguWWtciqKsR1FlokJ1rif4FPYk50GcV7KzfnWBuIr+YT1BjqrISZmTnZSWZ6Gg5L/zyviTjvUqgLOeFaOhJxuvLBEDWp30nW5AK5xbOUuAE3QcH8YaBlaD/+s5OvOnbjTd36fbNXPzdGo2bxQY47bQMF9xXo85lKc46L8EFrxWotJyHOrdVqPffhDPu67FXbzb2my5Cod4s7HdchqYMVVw/aoUnFxxx94Qhbpcb4F6lIR6ddcKTlhC8uJyEF52x+LslGC86osjib5ORtkDLVQ7aXgRwJ3m6WG/HdnsZukgrQdZCEfJk6qquSmi70sYL0j777DNBkduwavUPF8N9/IH7hwH9E0EwQx8shhsE+oi3hr99NKyB8O6/9dnnX2Dk558LJ6sRgP6rr76CtLRgxbc7d+4Mft+TYpJR5q+JOpvJaDL8Gp22E3FV/wvccZ6Cm4kS8PFUgIqjEhQdpKDuLgNNNzXsr9o/1M/e/wAnq09xmLPlUAdWUmNgz8zO4WPO8wrykJ2dhIxQR2SQkRf5a6OYLD3RVQXeWmthI0ECs20OLKUXw5hAbrh1FnQ3/QFzmWVw0NxK32M5GGtKwkRbGp3tzbzPPPZwB6QC92O9QyrmGbhiirIeflU1wjISKwW/bOhE74NOzBFoRR2FVnQFjJNOwqWgAf6lnfAtbYfTjkYCdy3U4qogF1YB2ZAqyISdgGpcHbSTL8I8pwHORa3wKGmHS2EjrHMEfewm2fWwzG4i2HfBlqBvnlEH3aj9UPVJg4JTGBTtfKFq5wMlKx9IWgVBgqDulXmIoP7yLagL+s4HYB48rBL+n1Pwmfk7UHnyNCpPnOJxjKLu3NDwzod9nbh0YQddr3aTEOzF1cZi2i/A1Yad+N8/AvrIKSswZeF2aBpGwd2zCEERdWRi1QSNFIJEHKL9Ceh+MYjxDkaUpx/CPNzh6+hELUlXGBp4QVnZHZKylti0RQMS4tqQ364LyW1KkBJRhMw2VYhtUYCdpTsy0vLfnv3q1TOcOlGOw4eK0dF8isDZRkBu5fZ9hy7ktwfimhDw11uEx5oGoTrYh84B3ypItQ+m2ZsHzVwAdLLxW614eLsDj/ra8fhmuwDsBBJ2/L7Q1lkfu6DvXQB0XkQnbCwwQ7/bPZTuZ9kE9vftN98J+vGoVZcZ7YDMKFagZoekMIJsqDViQ8x5cVyotyFBmC0mQSAnmLNUe4CrIe9DZ4u4sK2fuyH83Y0Q4kGA9zDh49JDWJGcl6BQjs8ax2aPo4j0t0KMDyuusyOY2yPL3wLnQs1xL0gBL7Mt8OxoyrDRAC/Qe60F9af24GhxGHale6G9bi+6GiqpJboPhdmhiKPGRyxFZBTZPwE8NJzBnLZRbmTl7mTlHohO8EZMojfiU/yQmBZAFh6MLAJ4fLwPwsNdkJzsj5g4L6RlhFKEICMrDIVF8ThyIB9NdRW4RC3dG201PNXee+UsNc4aeFblAX3+966zjAu93zeoYXe5gYDeikc3u/CwmyB/nR1rwjNh2t3ZTAh0NkOccAz6h4BuTkBnhj4A9IFgUNcRnQkNkT+gvmUGNLf+CS0xusiSmesTzA1kFvGKdROFZYj0MRmCOOtv7buEO2cy8Lg2AHcrHXDnkCV6dqrhUqYYbu5Rw/1yS9wrt8CtQ6a4d8wKN3Yoo3ePFvoOmeD+UWPc3q2FO7s00X/YEJ1ZcricIo/2qG2o91qFU7bz0Bm+BR3Bm3A1Vhr1nqvR4LsW9X4bCeZrccR8IXZp/YnjTmtQpD0fyQozsMtkGdnncpyLE8elQllc362Oeyds8fi8P561xuFZWzxFDJ63x+LVpSS8uimokwhK84SGiyJdoJUgb6tEUNOAIus3N1eCgrUSGbqSYAlUD4/3i98+mHYXxkcDFe4ff3AMOk+1j/xM2HcuTLWzoWwjR35w3PrH/wD0r8Z8MzjmfbAPX/j6FixY8N6Kb0+6TuFy0BZcsf0eVwjoN2n7MGkTKgNFoeWkDCV7Oeh768Ha3waOQXYwD9VBcL4LWXvjYDq+sbGJp9qZrTOws1XVWCV8ZjbBnew8M9AUmZ7KyPfXQ16gCaJsZOGishrGIjNhsGkmjCWWQl+Evl9b5kBj3XQYSCyCtToB3VgJ5nqyaBMWwKVVXoN+8nmC8QkC8UFI+OzBWoc4zNN3w5/q1lhs6AFRlwQoBBZCOXQ/VMIPQyP6KAxTTsKRoO69uxMeu9sJyvVk37VQjz0J+bCTkAg5DpnwUwT1c9BPb4RNPgG9uBM+dK5rcRss8qkRkNdIUG+AdW4LHAo7Yb+jHZaZdTCkBoSWXxpUXcKg4uALZTJ1aVM3bLMIgLhtFHzS978H9eEgF0ToO2PRBcHg/b9//wNA/2zyEsxZrQED02S4+x5CQEQNfAJKqNWajjC/ZIJHPKJY+EQhyisM0d7+iPTyRoirL1ztA2Fn5gFzI3foqJOtb5DBvPnrsWDeChjoGdOFftiiEmy4zisC4LO7wNM++nXdQWNNBdLS4nG25ihd2FvJrtsFYCZA377R8g7UW/iWwf7OsD70u6zPmw9Hax0aojZo6EILZyAneD8imD++04knfey2AOgCqAuAzxsBwkr4ewPp+wHIC9PuA8PbmK0/ui9YqUlcfLug4rZiFzIiHZAe5ozkEAfEBZsjmn7gLCJYn7i3ibDfXAdBbgR0D4Gp8z502rJggA90pX2ehhcsucosPYJVug+A3M8G0b62vMAuxscSsWTwiQT+8vQQAs3Boe6L589wpeMCqsoyUMwmSMhyR1GiEy4cL0TnxUNoOVuGguwQRITZIirCgYBsjxBqhLA+8eBwsvIIJwK5Cwf5gJUzmCeksH7xYKRnhnIjLyyIgS81NKS2b4OI6EYoqMrCwEwLjs7m8PF1hJuHPSIjglC6MwMXT5XhSksNbl1t5CMGbguHCd7qOEHwZo2rS/Q5dJKlt/PtvZ4OAjxZOsX9a3T/7euDaXdW5c6AbkuGbiUEOpvLna+HrroW5jzlvoynzvkEMAzqg1uBiWsTxDXJzLW2zYQ27ettZzBfCEOC+b4dQw2iNy+e4ln3KfSdDMONPeboP+GF+8fccLfcniBugO4d6rhLltxfbofbZUa4tc+YH2+I2oTz/itwPVse17Nk0Rm/Ca2R63A9Uw7d2Spo9N+A1uDNuBIvge5UWZxzWYSmoA1oD9uMU1ZzcIFM/aD+79ivNwP7DP7Cbu3fsEdvOo7Zr0CF4wpkqf6ObLWZKNRdgB0mC1HhtwH3q13w98UQPO9Iw/POVDxrj8eLriS8vJyKFwT3W+VO9HN8jpIjRVCzV6ILszq07A1h4GIGTQK6opUCNBw0UFqxm0/wMmHihKHK9XeL394rgnsf8J+8M9EMM3E+1/uwNPunwslq3kq3f/JvgD5qFMaNm/j2+R999N5rmDRpEoyMjVBbW4snT54MzZ+w1xe9tt/hQeI63Ixbj8RAJRg4a8GSflNuIa5wDbeDdYQetPyloemhhJDMEOyr2Dv4eNZvX1Z2iKCexAvn0jNTkBXri1w/XWT5aCLFXRMJruoIMZeCndxS6Gyg79iGmdDftgi6IvP4bcXVv0NLdD7M2Upr5uq41NmCV2/eILf6GmzzmmCUdh7aCacJ6hVQi6mEUtghSHjnYKVFMObpuGCRgSc2OcZA2i8fcqH76JxyaCdWwSC1Gja59XDZ0QovArVHMesvb4Bh0kVoxJ2HesxZ2p6DdtJ5mGQ0wj6vFa47OgjoHXDcQVBnQM9tgCk9xiq3mQPdobAFNpk1MI4uhbZfKlScwyBr4QZJQzuI6DlAxMQHYlZh8E7dMwzqIcNAPgzow9LxA3Hsf4H+P2Tok/7E4nXasLDLg5tvBTwDKuHmvQNubjnw88pEsE8imWACQZ1s3TcWcX4RiPMJQIRnCIEnDIHOLvBzdIGHrT+83PzI7uOGLoLPn+BZVw3uH4rG46PBwOMuAvlVDnMWL+5eRUxMGI5X7sP1rosc6ANQ7yOI3h5Mvw+AvUnYj97MTb6Pp8VbhePKhwriBs2cWTeHBAGcg5yCbzuGAb1NkHYXpuAHhrqxFDuvhu8WWjpvNDQPZga4WfYKCmkC/AX9jMcPFyElwo4voZoU5oj4EEvBnO4BbP52E55yZ2n1YA8jBLrrEcx1EehpiADaD/Iw5kPXQjjcjXlxHDN0Nqwt1Etg6BF8/ncb2pKZE9Cj6eJTnBWJ2qohiD9/9hSdLWdwdE8in64wP94OxamuOFQUivOVOWipLUMTGfnuggiEBJojkF5bcLA1goIoQuwQEu5MMHdGSKQr7yuPiHUfBHlski/iyMCTU4O4fWdlhSI/Pxp7SpKgorId34yfgHE//ITJ037Dqo1rISkrgXmLl2Dq7zPo+ET8NHky7M110HDmKHovsxXt6nnhm+DzbsCjWx0c6HcJ5n1k6QzmD24ywHcR9NvI1An0Nzr4/5Ol3Z1MJP4Z6CprYam0BmbyywVAlxSCXDgZDJtsRl+SAC4xG1pbZxLQ50BHeh5KC5PQ3nTurR/J60dX8bAuGv3HXdFX7oin58LwojEeT86QoVc44FapHh5W2eHvWi88PulKhm7Nx5PfKCQzL9EmyNvj0Qln9B+zxb2DlujdqY/L8ZKo91mNKzGiuOA4E9cz1NAVJopq+1modZqL5sB1OG48HR1hW3HWbSVOOy1Hvf9G1HqtRZXjMhyxnI8qsvS9lksQLzsNO00XosRsPtI1/sA+j/V4cC4Yz9sS8KwlDi8upVOkEdQz6PXa4eYBYzy5LhhBomytCDUbPVj4OMHcwxI6tioc8nrOevz+goICoWkL+8g/+fh9I/+HtPiHgtv5ZwTzkSOGAX3EoJ3/O0Mf/m98OmIkvhj91XsNhg/177PtF19+gW3bRFFUVPTWim+veuvxdI8FWmIl4eSlCRtqMHtFusE9ypaAbgw9Pw0YeRnDPsgZNj42MHHWxeHjhwcfz5aRra09g9zcTCSHuSPRVRkJTgoIt5ZFAMHcXXczTKUWQGX1dCivnwO1LQuhsXk2VNf8DqW1f/ClU43k16KrrQkk5th1rhc+e1rhuasNtrkXydJroBJdCeWISqhG0ja8DHJBO7DFOQHLjH2xwsgbm+xjIe1bwGeF0ySgayefhE5SDcwzzsEpv57suxX+pV1w39kJu4IOWOa08j5z/aRaev6zME67AKvsJoJ2Gw+b/GaYZF2EUWY9zLLqYZvfAqfCdrjtbIVz3llYJh4iU8+ArE0ARPVtIKJtiXWa1tig54pt5kFwjivCs+cvONQZwAfmeh+Auof/EMhZwdv/Av1/EOhf/jQD67Zpw8crB+5eu+HsWQpX1zyy73S4O6XD2zUFvu4JCPaKQ6QvmbpvJBJ8Cehu3ghzD0J1eTmuXb48zMSf4+nlM+g/HI2+bFPcTvZR6FIAAIAASURBVNdHb7I27mQa43Xvabx5coVgfpOCLP3xbezZmY3SPfloqa/G3QGgs/R7dwsH9gDEbwmD7Q/1obcI4/0JZfoZyBm0mZUTyFk87esiQ+/gUH98522Y37/ZzIvpBp9HGPeFts5AP1B41zfQn05Qf/l8aJ3nirJcpEQS0CNtOdQTgm0QH2yFuEA2bM2Yp9oFQGembkDvKQHdXR8Bbrpk5gR4ViRHF1J/2vq70L6bIB0fzNPvpgj3suD96qeqynDjatcwiD/BlbZzqDqQhvxEB2THWJOJOxLIXbArww21RzLQWF2Ki9W7kZcZjKBAS3h4GcDHzxTevmbw9rdCQIg9AqkRIgC5u9DKvQjm3gR1L1g7GsPKzggOLqYEfDckJAchKzsMJTsSsXtXOiZM+hGfjR6LsQT13/6chbWb1kJMWgzrtmzBj1N+xfc/TsbX43/A1+N+wMaNq3G5rY4+y1YO73s97WTsTfyz77/ViZtXGnCj8wI1wq7Q53eZ3vtOgbWTpfddbeVDGHna3VSSp9sZ0K31Rd4CuqXqOg50c8XlMJFdCGMCOEu1M5CzcenGfEKY+XxYWoiTHvbkJ3xgUZRXeH27Bo9Oe+H2fhOCoT1etqbgRStZbz01Uk/7oO+QBR4zIz7rg+cUj084ELSN0F9pjxf1UXjRFI3n9SHUAKDb9RG4vccSrYGbcDlqK27EbsWtNGl0BKzHpYhtqDSeRoa+DFeit6Ha7DdcdF+Ji95rsVdrKg4a/YWTNnNRYTkXh4z+wEmXVdih+Rty1f9Akd5C7DKZj12ms5CiOhWRchORS8C/esQZLy9lEMxT8PpaPn9NN3Zp4NYBEzxpTOf/y50Hi6HpaAAzX3sYuRuSqStCw0kJpeWCmosVK1YMjTn/+KMPwvLjf0itf+gYM/GRn30+WAQnqHQf+db87//u+Qb66VmafuTIz/7x3/rHoAbJnLlzERgYiEuXLg2m45/3NKDmxE7YBdrAjX67XjGucI50ghk1eq0DneAR7g/3EPod+FjDJsAKbpHOyNiRjMvXOoVdWi/RfOEMMoIs4G8qDi8DMbhobYat8lrobZsH+RW/QXnTQmixVSBF55GdT4fsiml8Otj2pvMc5oca7yKm/Dqijl5FRNkl+O0mqGefg0ZMFbYHHoC0/z7IhxyASgRLse+GDAnXFpswbLQMhbhzMhQDdkIt+gjU409CM74a+gknYZl2Gq4F5xGwpx3BZdcQdOAGfPZegWNRMyyyzsEosRp68afJ6pmtNxDsm2BFYZLTDMP0ehgR7C2yGuBU1EFA74BvcTM8C8/DJqUcmr5pEDPxwFpVYyxX1sdSFROs0nLCGj0P2ETmDEJ9+FC04QVzDOYDUXG8+n9p/H/4N7DuwfD9f33x42/4df46mJh4w88zCW6uqbB1TIOzczY8XAjqjonwcUsi+CQQTGIQ4RGJM8eO4/qly8Oe6ClePW/Bk/59eHYvH92ljuhO0ERfhiHupBviVqoebqfp40l1MkGcHveke9DSezrrkZedhLrTR3DrOoNxh8DUewRwFcBcMP771jt2PmTlLW8Bnds2K7K6M5Bi7+Lbx8J9HmTpDPjM4AUwF5j4gO2/a/1v7zfxSWlYn/rj/qFKx/K9mUiNskdylB0Sw214dXtSqB1iQq0RE2TO+89Zyj3QjcDtrkNhSJZuREDXg5+zFvyddRDgzGCuQ7d1aUuwdzXmafiTFXtx/UrHWxBnhW2XmypxbHcMyosjsD/Pn8IXZQUBOJDrh6o90Th5MAP1p0qxd0ccwsPs4UoNCTcKD7IOd28TuHqZwMvfEgGh9sIKdncCuCeHeViUJ1Q0FDBz3lzMXTAXs+bMwqxZf2HxsvmQU5CCizMZfqAL1m/aiDHjvsfIL7/Gl2PG45epU6FrqAkTCwMO9dkLFuKnqb8JoE5AH/f9JKQlRAk+azYsjU0QRA21B2To91lhHDtG9z25e53beT9Z+n2KO1fZ8MNLePbo/uDwNQc2sQzrQzcQFMYxoLOwVt8Aa5V1grHobLy41Hxu6AzozNAZ0PcVJqK9se7DS5BSw/TVjSN4dMobt/bq42G1O160JOBlSyLBORbPyNL/rgvCs1ofMnNv2g/A0zMeuHvEGH+THb/pTMOrjhS8bE/Ey6YIvG6Pp0auPZp9NuBKyGY8yFfBnRxltPovRzWBvMFjBZr916ElaBNBfSnqHOah0mQ6ap2X4KzrCpywmI86txUoM5yJ43YLUWWzGKe9NqDSWWDpRbqzcNB+KfINZiJR5VcEiP+APOuFuFsbhFdXstC7zxA38hVwq1QHD097oHe/KV5Sg7qlswVaTrow8bWErqsm1OxkoOashLbLrairq/twHzlPtb87xvxj4eIrgv7xgX7xtwAuvM2r24Xx2eejMGrUFxjxTkHcJ8J4q5jurSp5QVHdPwH9o3+A+fBiu+++/w56enqorq5+a8W3itNH4ZvgA88YL5gH2cE23AMuEQFwCvGGLQHfKtgMdqGWtG8NOzadc24w9pwsGXz81c4m5Mb4wEFtM8xlV0Btw5+QW/4bpFcLgK69dT7kV/4GyUW/oOl8DYf50aY+pFX1IO14L9Ip0iq7EXfoMrxLmmGaVg2F0FKI+RRC3HsnFMP2QyPqMLSjDkE9uASyHpmQdEiBlFMy5H0LoRZ1FDoJ1TBOPg3zxJOwTj8Nl8J6BO7tQmx5L2IqegjuV8jYG2GXVUdQPw3N2NPQiKuFXspFAjlFZiOMMppglHoRJhRWBHUXMnRfahgE7WmD946LsE1lUM/ABn0XLJDXxRxpdcyR1cViNRss13GFTXT+YPp9cGx5oKAQ7l2gHzvx/xLQ3/xjvPlvj2FwEaUXL57jwYN+3Lp1C1euXEVrayvOn7+AU6dOo6LiGPbvP4Di4hLk5uTxaYxjYuIQEhIGH28/uLt6wMneCVbmVjDSN4aBjiEPdWUNiIqIY+3qDVBVVIPCdnnIbJPExrUbMe3XP/CvUQT0UT9Ow49/LoGMgiFc7APh7RQFe5t42NkkwdE2AV4uyThx7CyZ+I2hVNXDPjxpOopXvSfx7P5OPL6biqd3yQYeFNPFw4+AroW+dCPczTLGHQI7A/rdIjvgfvNbaXcWJXkpOHqoBFc7ztLFvZ3g2s6L5O51twoAzqz8ehMviLt9QxC8EK5nwNKb+bmsETDQd/7wdhtBu4us/BK9ti5u6I9Yqn0Q6LR/p0Ng8iylfrNlaAGX3pa3AP7ese4mwRzvBHRWmT84TGZ3KlII5knc0gVQTySYR4WY8wlm2FSwEWwyGQK6P108fckMfQnavgTvADLyAGbnTvrwc9Lh+yfKS3H1cvuwats+nKo+jJRkXwT4GCAn1QsHdkShtjwbzadL0HRqJ5pOFODckUzUHs5CY00pqo/kIyPBG66uunCmcHXXh6unAYURXDwFQPf0syCoWyM4whWhUe7w8LWGkqoU1m1aj99nzsaCZUsgryANLVVxqCmL469Zf2DCL7/ghx9/wV8LFmGzpAy++/FXbuhfUPz0y2Rs3roBhqY6UFCVo60B5JTkMGP2HJ6S/4aAHhzog7u3uvCg7wp9Lldwj6Xbb3fwz+5eNzWybndSg+zqYNwjsPd1d5HJs6yLoHbh6IF82BmLwdZIWBjHpn/V2QJbArqtxkbYqm2ApfJKDnTT7QtgQlCPcNV7B+IYWplMGG/+vk1WuwOPzvjjwUlnPLsYRmAmOLcmkG1H4mmdP57W+hLECehn6XaNBx4et8WDY6Z43RqDV20JeNUSi+cXfen8ULwg2D8+5IhrsdK4lSyPBwWquJ28HW1+y3E5dDMuOC3C5Wgx1NjNxnnXJThhTRauOxUVRr/jvPsy1PuuQpP/Zpwhe9+lMRVHzGahIVQaB83nocp5JerDJLFL/3fsNJqJPO1pyNSejnDZSfDaOBalfmLoOWCBziQRXEqTwrUCJdwsNcLVPCU8bi/l/3t9+j4aexnAwF2ToK6MoDQfflxdXf3/Xxqd9Wl/9hlmzlkMeVUd6BuZwczEGNp6RrBy8oCRtSNMLG1hYG4LUzs3aBqYQ13fnFdB+wUGwdsvgK/xvV1ODitXr8X8efPw1egvqREw4oMwZwAfXkD336Xq3338R+9kGD4f9Tk2bNjw3opvl25cQdzONFiHecKW7NzS3xk2QTawCbWAaaAxLANNyN5NYBSgCfUAOSj7y6O4qnCoIrv/LkpzE2EotQLbV8zApsULobJmGbQ2zYfKupkE8zO8AK60rhdxh68gpeIa0o5dQ2bVDWRVdSORbocdZEPQzsE0/TiUwvdBMmAXtgfsJmgfhm7cMejHVkCfbqv47YS0axKk6FqtQLe146pgmlIL89QaahCcgmXGGbjm1yN8/2V63m7EH7tBz80aDC2wyz4P/cQaqESepIbCaWjHsyliGdzPwzCFLD21Hvpk66wq3q24BUH7uhC2rxO+OxtgnXoMKr6ZWGvghlnbdfC7uDL+ktbEfCULrDKkRk3CLg71q9evC1LvgYLhasNh7u7HgH7y/yqiWSbm8eMn6Ou7i+4b3ejq7EJTYzOvrWiqb0ZLYysaLzTiXO151FSfQXXVKVSWH8fRgxU4tO8wDuw+gL0796EkfxeKsnYgLy0fmYlZSI3NQFJEMmKD4xHpH4VQrzCcqDyJSyS8P/04BaO//AajPv8Kn382FKM+HzN0bMRojBp+30iKz0bjWxKj8V9/h3Fff4/x30zAzz9Mxl9T/8KMqX/ih/E/YtqUGQTxTdi0ZgM2UqxdsQa//DSNpdx/x+cT6WI8YSq++Gk6Zi7ZDH1ta/jaB6D8SB06OrqHXfeeA88I5NfP4Wq+J3oJ1E/pAvaEQP6czWD1pIaPc72x2wdXY8hAGMQzjdFHcTvNAD3J2njVdXhY2l0A9EsXjiMvNxlNF07wmeD6Cer3CNR3+HA14YQyg1OvDhu61tMsNHlWiU4QoEYAH4NOdv6ob8jMByD+RJh6fzwM6g/J0nlBnDC1/qF54N87Jqx477veyKH+8rmg2KZ0RyzZORuDbo+UaAJ7uDWSydJZP3o0GXqYvzHCPfU40FmKnS0I4OfC4C5Irwe4GJCJ76OG01Ajoa/vFo4fL0Niki88PXTgRY/38tSFBzNtNx14uuvBk/YjQ6wI3O6o2JeEjrqDaD93GHlZIXB00IK9kzYcqdHgQv8eM3MXeqyjmxGcPIxhbq8DCTlRrNm4EivXLMfa9cuxfOVS/DlzFmbOXYDZi5bAxlIfB3dlIivJH4Y6Spg7dw5+mDgREyb9TGb+AwH6JzLviRjxxRh8TkBnqfU58+dQ44G+RwHusHO2hq6xNtZs2oBfps3A6K/Hw8XOjM+//+j+NQL2ZV7x/qj7Ah7z4YXteMDS7UKYP77bTdtu+kx76P2/So+7hhfP/saljkbYm4hzqA+k3hnUbQnqdpqbBEBXXQVz5WU4UJj0gZ/562HLlAq2bx534UVXAf4+H4LHNT4EZLLrSxl4Tcb9siUeT067kIl7EcgD8fx8EB6ecMCdUg3c3kffbfotvG6OwgtWkHY+gM7xxePj9nh0xAY3YmSogauE6wmS6I7YiL4MRTS6LsJFsvETJn+h3mMlztjMRUuICI5YzERrmBia/FbjApl7HZ3XGUXAd12JI+azsUdrGqo9N5GpL8UR2wUoMZ6DA1YLUGa9GMUms5CiMhmBEt/Cd9s38BP/BnttZ6I9cSsaozejxncZmuJE0JUpg/Y0ef4u7KvcDesgQ9gFWcDCVwftV1v4sK8vv/zyv02xf06GvWH9Bpga6uFI2R5UnyzH8WMHcbg0m3djlB3cg6rjFaitO4WLF8+ivrkB5xrqUVdfj1N1Z3D85DEcPnIARTvykJOdjNzsJKTEB8Pf1xlqakrYKiKCn3/+edjSqx9zm2f2PxzYH4T6J+/D/N/2z9O5s2bPQmCgP1+idGDFt85rl3HgRDlMAwjmQWTlIfYwD7CCia8pzAMNoRugBmm3jRBzWQsZDzHIeUrCJ8MbbVcFv+OXL16g6mgZzKmBpLx4BZRWLSCY1+Ll69eILauHfdZZBOzuQFTZZaRWXEV65VWkEtSTq64h9mgHwg92wLOkEVbZBNr4KqjGkhnHHYV+UhWfptUg7gTB/QjUgndAziODwJ4JpcBSGMSfhHnGWVikE9hTTsGWbnsWNCFy/yUkEdCTKrsRc/gaAna1wybzPPRiqqAWWgnV8BNk7GeglXAGuklnoZt6HrpsnHomew0N8ChuQ9DeTgSSqbsXXoRpUgXkvDKwxsgLs6UNMENUFTMktLBI3QnrzSPhmLRv0NSHjy0fBLr/20C/eb0HZfsP8iVqs7JykJyciqioGASydL27FxzIXM3JXPV0DaCqqgFZGXmIkaVu2iCCVSvWYuH8Jfjrj9mYOnk6fpo0Fd+Pn0SAFMBxHEFy/Ngf8B0LAuW4MROgQg0QayMH2Jm5wNZUEHZmrnAyc4OzOZtq2g2ulu5ws/KAu7UHPKy94WHjBU8b2trRddnGF162foPBGgFXr17D5F+m4YtRX+OzkaMxcsSXPNjtgeD7n36JzwnibH/UZ2MGgf7NmHEc6OPH0mum1zp5whT8MeUPTCX5Hkv/lz9/nw2RjVshsn6LAOgr12LqL9Pxr9E//4FRk37DZxOnYuQPU+AdEoGTNbXDTPw23jy4RnrYiVd9Dfj7ei2eXq5Gf20xrqfo4VlLBt48OknnlRGcm/Hy3m5cKnTAjXgtbuV30gnmGUYc6L1pJnhalY3XBNOXN9rwuvcK3vTdwNP2CziVE4uuA9RCPrkD3aVx+P9Ye+uwqtaub/v+466ddnd3d3d3t2AjYqIgIC2KgYCSkoKCIgoqCoICEhIK0o2EGNhd273Pb8yJou57P8/9vt/3eRzjuOaarrVYMdd1jt+4xjVGyYm9FAbYUyoqM//GZdJizlOUGcu9klsq1B99Tk6rUuVKQlt+tb2oBvpnJf55fKMq9mJ1rP6/R4Xq/asT4v4HqP85BK+o9Edq1Tgl7H5f/ayCTh7C47CBCnQ3AbuHspZuuwNndR/6Fhz2Kk1atNQta4odFLDuM1lPXFSIQPyrEn/86D7xcZfwdN+L1W4dLC03CIi1MbPQllELU1H5xqbrMBa1bW6ujamiuk3WYGyyCiMDDfbv3oTRzpVs3raM5avmoLN1qahzeZz5BnaZbWCHsTbrdVczdupkVWEPHTOe/gOH0LVnNxkHsUJzKWvWrWTclIk4Ht5L5b0iPrx7Imq6mGshnujpLKF9+1Y0bdaceg0F6PUbUadhM2rWbayq9HqNmzB01GC0dVZhZmnMIo3FaK5bwcjx42jYtDnNRdlHXPQTx6uAxwJv9XsUx+jNwzxei0pXVLvSu/7Vk3L57ioE6PdlFKg/vC/OXLGodzl+XlVowmDTTHZ+znZXt7AJ1PUF6vqrJxEhTkh1U5S/Cqt/22v8j/f88eQmH/O9eZN6iHdptnJ8VEDuzaciD96n2fA8chtvEsx4l2QpwBZYxxtRGbycJ2HrRcXb8FuWHe9vWYnt48NNK15d287beGNR4VOoVPaK20/kju0E7hwcTZHVMAoOjCXTqLeAeyi3dg0gZkd/IgXmMdt7UuE5lyLPaRS7TiXNcjA5+8ZQ4bOU+B091XX0q9t6cd1oOAmmowTuo7mg052Lm/pwbnN/bGc0xWZWEw7MaIT1zIYcmt+IigBNUuzGk+Mxl/uXdCn0XUyBxxxel1clAG630cbIbhvbD65Rb1tbW/+vyW4//vQT/QRONvutuHLBn6shJ4mJvERkZDjBgX4EnXDmgr8j4cG+ZKTdpKCokEKx3LwsMrMzuJWRSsqtFBJvJhETF0XIxWACA0/g7eEgvx0rTvu54OVqwzF3O6zMDVi8YL5cNy2rGrt8U02uul3rP/+HtfT/S6j/+OMPtGnVggYNGqgd365du8aLFy+qr57QuDA279+MjvyWtfasF1vLYrN5jNjSjZHb+zLdZDozTWYwQ38ai/WXom2ymQsRF6sfX5yTS3ZqKr99+h1D3ytMtjzJcvsIgW4qu4MLsQ0txjHqtijoMo5GluNypQznq3ewCysXNV2AwalMdE+kqVvRtD3j1G1qWm7JrDt6HS3nSNYq2e57AllkfYZlhy6xwS2BrV4pbPe6ga5nIgY+KewOzMNeoO4uSt0j6i7Ol8vUtXFd70TWOl5D01acBjtR645JrDiaxir3VLS80tD2zkTHW9mvnoWxKHUleW+3kkHve5M1DuHizPgyfuMhBi7RE7WuTe8lugxdZ80o3cNsdwuuhvp34fa9VeVhvw25X/A7Q+Pazfnl1waiWuvw60+K1VYVrALBnz8D8Asgf1JMUbpy/heB4i+fwVjzl7rUrtGIerWbVlvDei1o0rA1zZu0p3WLznRq04tVC7XR3WCIvgryXezYaMROAbrhJhN2qVA3+QbqZpjpWgrYLQTslgL2PWJWKtwtd1TBPSwknIqKCtq27aSq8erXWg3wqter3v6s0BWIqyb3/0Xea13FARGQ11OAXldpvtKezgL0NuKg1KnZgD49BzBl/FQmCdDHjRzL4H6D5T21VoDenb22DsQlfu0l/lFU0YsbQTw8a8mbOE94ksXvjzP47V4qb0sT+ONhBkUxp7lz0piPBScF5GkC9FBRNzEyIfuR7buFcidRLV7aPPLZxqMTFjwOdOV52AVeXY3g2cULvBCP/EWAD89P+/NYfrTlApz8jTO5sWossYuHEKc5khiZnM+smsGBmePYP28KQfuMyE0M5d7t1M9b16oUuqLMlZrfKswVhV9Z+FWhfwH6o6qkuLePir+q9M/3URS8AvVn39SA/1oP/msW/ZetcmpSnFKx7k7V+r6yf14tLJMYgYedXlW4XYDudngH7vZ6uBzajqt49k7WSvOV9diYK2vi579T4krzk+syWfh67cfeZrtqtqK6qzLQddm3byt7xaz2bhFIbmbrjpWs01nGijXzWKo5h01bVmJkqMXWrcvZtnWZAHkeYyeOYPDQQfTt30PU8noV6jpbVzB9nkw6C+YxaeY0xkyZyuDRY+k/dAS9BgxhskDe0txQVFM4NjZ7eC5Q/e33t3z4JPb+Mc/vppMV7csZZyOWTh1K/fpy4TVsoma412vcQhR7E1HuLWjfsQNjRZFv2LyR6XNnMH/JPIaPGEqPHl0Jlu9d+e5ePSlRl1iUdrdPHxSquxFeP5Tv56mA/EkZ759Xfob5PVWhP39wV+5XIZ9VJY+ePqsOuxsK1L9kvLsc2km4qMO/hvinv4b576/5dC+SD9luvLl1iI95zvxW4M5v+a58yLQTMBty7/QynoRq8yxiEy8jt6p7yB9f0OB5rB5/FMt9sw+LcjfjY9p+GU15GbWJ90mm3PVawlPvZVQ6Tadgz1CB+Vhy9XpQYTeOfPOelOwfQa75AEpsR3D7yAgiNnQic+9o7njP4enZJWRbDyLdcii51iMpthtLifNMcuymUuCyQMDen4trO3LLfiaxZiNItpqE34qOnFrfBw/NThgN/zfmE2piPPYHzuv3pei4BpWXtvEgZAulZ7Qo9dek9KK5+gm5Bx9mt6s+kUmX1DKqrVq1+uvw+g8/MEImkd0WpoSHnFFVeUToBVEl54mOkDEijLOnjnPS6whnT7hwU4BdVFpKYclt8gvzBejZZGWnkZZ+k4ysdNKzMkgSpR4VG82lsBBOnfLFy/0IgQGeBJ/x5swpN3w8DuF82IpdOzcxePBANbz/bbj9C7T/a+j9v2yvU+yHn36kX+++1Pj1V7X7m/K3Ro0ahZu7G/fu3avu+JZflsfB4zZomq1k8raJDFrfRaDen3kmi5ljvIhROmNYoLuYzabb2GSqy8rtqym7V1VdUgmzm/tH0X2jHf10nZlkdhrNw9fY4pOOSWA2+y7lY3/ltqjnUpwEtk7hFWJ3BfYC3gtFWJwrwuRsAfp+GWzxSkXH/aYo9SQ2uiexyTWODY5X0bS7wJKDQayyv8yWownoH7uFngB7u0cc+gJ1pQDNwQsFqsPgpiTiXS7FOjgPPZ8bquJfeTgWDQcZXVPU7W3r3JWysbfQ9hKoH8tEz1+U+pls9irb4gJz0fVKlL8VzkIrpaGLK6PW72XQCiMGLjdjkNYehm05yFbHAN59EKiX3fm6Zc26ap/6t0CPCLpEgxpNRN02ELjVrwZ6Vai6FjV+rkPNX+tRTwREXUVl121GkwYiMBq1UUHdqF4r2rftSefO/enReTD9eo1mSL+JjBoyXSC4kJlTlrBw5iqWzl3L2mWb2KZlwM4tZgJxMwxFkevrGGGwscoMN+1Sgf4F6t+qdVNdgbrubhXw5qLcLUS5m26z5MLZELlW7tO1S89qoKv276+Ox5+B/stPn6Eu468/fwF6I9UayvtUgN5BFHhLgXY9Af2o4eOYPmmGCvUJoycyWJzrtm068bev1TJecDcjnmfX3ChzXk350TWUu6/jU16oAD2bjxU3+eNBmgrzTzI+y7rK88QAXma6CMjjeffMnzdPTvCq0pci/10UHt5IroCs0MGcO5623DvmyF3XA9x3PkDpbl1KDNZQvGUxZZuXUL51McUbZpGhMZ7YaYMIGdmTcxP6cHpyf1xG9ka3Y2d02ndhS4/uHNacR/LF49wrTv0M2KpwuwpzBQ73lUS3wm/C7l/AXbVlTQH6m2qgF38Nyyvrtw++Vpj7D4V+73uFroTc1eWAO1Uq/eOHN9y/cxsvAbinnb66lq6E34/a78BV7FyAIzfiQrlb/jWx7dHDCm4kRXDqhC0uRwxwsjfE6fBOtYuZg62BmHJsqN4+YmeIrZK4JmZstpnRY0fSu09vunfvRtfuXek/eIDAewjjxo9l0LCB9OnXizbt2lOjVn1+/rU2yzRno7tzDZNnTaL3gIHoG25nxTpNNFYvxdRoE74eNhywNmXx8kWirLW5kZxA6g2l9/FLPv7+XrzrV7x6Vsbdwuvcy42iJCGAnNAj6C8fS4tmAvEWLWnYpDkNmrSkTgNR63IhtmzTjmkzprBmvQZ6+hsYM2oQm3XWUl6cR0mBsu2vVL6nYjW8/qyySD1W19OVREUF7k/uCMjLRa2X8fyhkgshYH/6mMpHT7j78KnatKKkKFvtvqZsY7tdkPlflPinb6D+OaHl3V1+Kxf1kOXAW1HZnwrc+L3YQ657Fz6kWPPo3Coqg1YK1Hfy5JIWz69u4nHIau6dmsvLuJ2iyg/zLsVSlPgO3t+w4G3iLl5FbREVb8zLECWHZBmvA1fy+OhM8s36Uuk8jafH5/Hs5DzuOY2l0KIPpQeG8OLUAp6fXUqywP7a5q5c1WlNwf7h5B8cyoPjC8jfN4ys3f3J3z+SDPMhXDPox7Xt/Tgxt6mMg7i8qT/Xdg7h0uZBnN86FLel7XBc2JKDsxtiNuEHHJe3pjJsBxUXdCg7vYrik5pku82m0H8pf3x8Q0JGJA4nq+r6BwcH/wUE/0njZm0wtz5MbEw0URGhREdHESnqMzz0PMfdDxPg5Yi/hz2nvQ/jfXg31+NjKSgpoaC4WIV5fkE22QLzrOxbZIpCz8xOJ1OAnppWpdRjr8dxWZ73hK8bZwN9OH/2GGcD3PF2s5Hfx14c7azYt8eUJcuX075TNxo3aUatWrU/71//x3fr6f83cK8O28vzKEAfpqxHtmz9H+VnO4iTamBgIK8567uObz4Xvemr2YOpAvZlZmtYYraaiVtmsExfk517jdi6W59VO7WoEIdUSYA7fq2AxfuDGLrDiU7r9jFA9ygz94ag6RDLFlHquwKy2HshH9uwIgFtCQ6ht8XKsL1Uwv6LJQL1YlHHxVgGFWJ8Mht93zR1rXyjWyKb3QTqbgL1o1Gsdghlpe0FtI5cEXWexA4BumLbPBLYLGpd/8Qt9gXn4hxRgpsodacrd9h/vgCDEynoyHOscYljtUtiFczFlG1ua0TtK53Ztp9Ix+JMDrbyelwi73JYXquJv9zHKZLlNiHMNvVl3BZ7hqyyYuDK3fRebc6AdbvZaOcnUP/4FerWVUVnrsV/BXp0eBTtW3QVNdqFVi260bJ5RwF0D9q16kGXLgPp32cU0ybNxXSXHuvWaTNh5CymT1jE6OEzmDl1GUMGTGTTJnPmLdnMrGmaLJi1VgC+jkWztVg0Z53aW0RzgQ7aK3SxNDqIm+MJzp2JkGtNrr1jZ+Va88Zm9xHM9a0wEpArYDfapJSbNpHRpDoMb7zVDJOtFgJ4c/XYWBS7sRyfPXVW3RrZt8/A6pC7Gkn48eu6uQJyRbUrx7+oqrwK6D+JKZGFerUbqrXo64s1rteE9i070LZFe5o0bE5tUeijh0+Qz2AmUydMY+LYyXTv2psWLdrxtztpMXwqTaYk+hTHRMHlHVnDbccVlLuu4Y7bOl6E2/KxJF4kZAa/379FsdzvVf41/ihP5mNhDG+KzvK6zI9XGR48inPgftAhSj2sRGVsJ9PagJwDu8g01yFly3xStGdSoLeYPO0Z5K6eQvZSUStLx1GwYiK3taZToj2bzMUTuDKyDwEDuuEzuDs2PTqzoVlbFjVox+LG7VjbtgOHF0wnN+qsqpKVtfYqoBdUhdzvfQP0b7LaX33ervbuUXG1Wv+i0L9AXcl6f/Z5//pXmP/nPvfqxLjq7PtMgV1V2N1TAfphQ445GREa5EZqUsR3WlGB+K2bkTJhOXHCey/HvfbIhGWBh6sZR52McXPexVFHE1wd/mSOpjgeMebwYWO2blvNsKEDmDx5BP3lc+rdt4cAvLtAvR9dunehY6dO9BIl3LN7B2rVrcuPNWrRpn0bxk8ZR5eefRg1cSTrt2qxWmsFgccdKc6K4/WrCl69KKMgM45AfzcSr8eSl3mTd68qZfJ6KUB/Q1FGFBtWzaN1qzaMEKVkuWUZUW6bGDegMy1btKaNfDdNm7cRld6UXwXo7Tt3YZWWJlZ7zNR96hvXLyUvJ40H9yu4W1EmDlAJTyryeXyvRA2/PxOQP7kv32llDs8eyveghN/l+3r1pEhuF6gq/umDEu7fL+du5RNevXn3X9bFf/9rRa6G2D/Ayzx+Lzuj7tX+kO0kIPcR8+J3Ueavr5vyKHgVz8J0eBa+iScX1/JKlPmLcC2ehKzg/U1Lfstz4EO6kuluyjux19d0eRm9lQ+pu9Ww/ItT63h+QoOXfovIMx9MmfUI7onCfnZWSRidRunePhQJtCuPzeBV4DJKj0yg5LCyZa0f13W7UXhoHJkW/ck+MJZ8+xkk6XUh23Iw8Zs7E7+zN7d2jyJgUXOidwwkWncgIWs6E7SiA6c1u3NsQUvsptXHctwv7JlWE5NxP5DiMo9cnyUCcQ3yfJeQ5TaHolMreFF4Rf3kUnKq2quOHTv2+8puYq07dMfD04e46wnEJ6UQcTWayKtXOe5kwVEbU2xNdHG32YvVdqXugjkhZwPILSwiv7iQgqICcnKzyJTrKTsrVaB+i9zcDDmXKXBMIz0znZTUZHEQwjl7xh9PNwcuXggQR+GsXIuu+Hjaye9ivzi8Vtju34W3lxOenkfZs3c3EydN5udffvk+Q/7L8f+yP/0LwKtrx3+j8Lt068nY0ZNkMv7lu+pzX6xe/fosXbaMiIiI7zq+BV45wwFfW5abr2OuvgZaphsx2GfKVit98m8XVGWz5zzB+lyOQPUa86z8GLjNji7aBxim783sfaGiimPZJKrb6FQOlufysAktxC60CDsB58GLt9mv1mq/ze7gYlHHyta2IvaczcfYP01gncRWt+vy3MkC+AQ2uEWz1vEya0Slb3CJYZtXErrHktkqMN/gGqtuWdM7doP9AnXXq+V4RN/FUaBufaFQYC9Ql/tpuSezVtS/1tFk1h9NZLVqSWzzuSWvIQfnyDL8blQSlP6EU8mVHDyfI05FDMsOnGOmyTFGbral79o99NHaS4+VxvRYY4S2nW811M2rgf51H3ry9esM7tqD3l0HMrDPCPr2GMa8OZqs0NRh0fzVTJu4gIVzl6O/bRk62uuZP0+LhfO1mTZ1OX17j6VRgzYy/w1jxLDpjBQbO3I2E8ctYtK4hUwcM5eZ05azaZ0BHs4niI9OJuVmDjdvZIkDepOoq/GEh8UQEhLNyYBLONh7Yaq/G4NNSiErYwwU22jMTuW2ss6+qWqdXTGjLVUK/6TPKZ48ecrgQcO+WUOvJbCuVb1s8O2Swc/fAP3Hf/9CLSX6ULtq7VyxpvWa0aGlODWi0Js0bEGzxq0ZOXwSY8ZMYfzoqfLeptOjez+aNG3F3wIOGJITfgIfEx1uWK+QiWM1WdYLKXVYRbkA/f7xbTJxhUNlOs9zr5B23o28SH+4k8THzEs8PHeQck9dcvas4J6XBc9OO/DQz5ZMy23EbtUgfOUMLi8by8X5Q4jVHE3ckmEkLRpKxvLR3Jo7lJzFo8laOIo8DZnM1s/g7vZlFKyeTdSYQfh274iDAN24U2dG1mxBrxqtmFi3DetbtuP6QSOeFiSqQFfC7grIq6BeUK3WldrgX7esfSkqIwB/9E2ynPL/n7PgqxLk8qvD7H9OhKtW55+z3L9N1Ht0tyrsfu9OMWk3Ir+rVf/o4R0y0qIJu+gpXqA9Z07aEeBnw8njB/D32YevAnV3S7w+g93zqIXaX9xNaUkqpvYad1F6jVvg5mDK8hXzBeS9GTKkD+PGDWP71pVorV6IxvJ5jJswkhGjhrJg7iTWaUyhRfOq7WS16tQTxd6JTj36MX7qDEZOGI/9AVNR3Cl8+P2lmKjwT6949/axvL88HghoH94r5f3ze7x9fpd3rx9x3teGrt26M3PyZJYM7UHfrt3QWzODKcM60rhRY+o1aETd+o1VoNdQwmENmzF64nh09TaxasU8mYwNKc5L5/69OwLlu9y7e4eHdwXQFeVU3i1Wdww8fZCj1sl/rITWBfSPRcUrxw/ullJ5r0zGMl69evkXIP/0X0D+DdA/veb3J0kC7+N8zHPlt3w3PsmxstXs9wIPNfHtaag2r2N28kzG5+EbeZtgzOvoHXK9a/BWlPhv+c5y/R/kdZLAPNmcN3E7eB1vwG+Zh/g97wgfrhrxzH0BT0QF3z0ynjs2YyjY1Yc7B8fw+NhsHgrEKx0nUbJvOI89ZvHMa67AXX4HFkOJ0upMmnEfbpn0psh2lFptLs9hCrdMe3NFqyWJ+j3JPTyV9L2jybebSvGRGURv7U3FcW2uaXcgwWg4ISvbctVgDN6LW4pSb86eKTU4q9+PLO9FZB9fTv4JTWKth5HrvYCioB3Vn6LSb/y7vd9iXfsMwdPLW1XkEdGJhIXHEnLxKmHnAznlfgA7852Ya63H0dIKw3XrCDzpz42bN8kTVV4olpefQ65APDszhVxx6HJz0smXc/kFeQL5NG7cuE50VCgXgo6LWjqAt4czly+f41p0KMFnj+N91EYmX/k7B81FUW3CctcmDtvsxnq3EWtWadCtW7fqPelfga20aP3XdwlvX85/6bv+jz8p+C/d3H7+tQZTps6hb9/B1VvjvoW62v71c2EcZZ++i4vLdx3fcksLsPY6wg7rXVjY7+N2eYkK8+i8JxyLu4Nr1G2sglLY7B7ObEtv+m0+RE9tO0Ya+DJLoL7cMU6gnobeqSwszueJKi8UsAvQQ0vZJ1Dfc15UugL04CKBfAmHxPYH52N28hb6x5LY4hbP5qOiwt2vC7ivsc4pSuwa2gL7Ld43RJ0nqVvatJxjWC+g3y63953NxiH8NkcE7DaXSzE9k8tmZZ+6903We4i5JrDGKZaVqsXL897AJCCDo5ElnEt7THTBcxJuPyMi5yXuV/PR9YhkgXUg44zcGbTFhr4b99NX24pea0zprrmLNfvdBeofqhPllC5rX/6lp2UwfNA4RoycyZTpy5g+ew2TJi+nbZteolpbibWgU/vedOjSn9ate9Kz22D69B5O754j6dCuvyj6LkyaMI9hgyYwYuhk1Qb2H03Xzv3p3LE/Cxes4aT/eTJuFYiDWUTarRxuJKeRcD2FuJgUGVNJiL9FVHQSFy/G4O0diLWFPUaivvW0DdHXNmLnhl2qGW40+c4UwPt6nODp02cMHzZKBfiPypr/v2tXjd+A/Itq/0VdTviyjl6T2jXqVSl0VaU3omGdJqo6by3CtqHMrd069UVzyXoxpVfKAoYMHkPnrgNo17EXf/M20cZ7lxZJezQocNtORYgtfloygdgso9xlnarSn12251V2BH9U3ORl9lVijh3gpZwrc9Km2HYVRTarKNi3UtTDSnKtdMi20OH6pmWcnDGCgJmDOT9vMCHzBhG+YBBhs/sQPX8AqRrDBerDyV05hjzN8WQtGqkq9tvr53BXbyWFa+dzdXB/XNu3ZX/XTmi27ED7n1rR5ec2zKrfGtuJY3gVFcCrz1B/9qWYzP3CqtC7sg/9YWH1+vmX/ejV6+qPir5bX/92G9uzbyrGfZsg9wXoj+5mqR3XFJg/KMsUCN3m1fPK75qfPKwslwsmhohLx7h0zpWLwa6cP+ukWnDgERXsp/2roH7imLUK9WMeuwXsu/E6KqObFZ6ulirMPVwE8HLse9iIy15yMemvokPntrRs2YxuPTpgYaxDoJ8zLg7WaGjOZ968KRgb6uBsYyDwHSYKXS6YWnVp3EIe064L7bv0YtjoURwRp+jViwo1pP7x9w/qOvm7317w6ukdKu/kcbckTy1YU5qdSFnmNVKu+jNvkvxwOrRiSI+OrF6+gJjgI3ibLKNT22bUEaDXqt+QX+RCrNuwOTXEu/y1TgO69ezJ3PnTcThswbWoCwJmAfj9+6pSf/6kghfiMDx/fEcNsz+trNql8Eggfv/eAyru3KW84j4vXr7m/fsPf6HG/xxS/y9A/1DJH5XXBMieVRnshZ5qBvvvt30FxK68Td6twvtjuq2MpryKM+TDDQF2vCGVZ5YI3LX5kLaXTwLzt8nGfEhR8kz0eZ+yW1Xsn3KO8CLaiDfBm3jqPk+gPYWX3vN46jSJe44TuLNvGOX7+lN+UBT7vqEU7BnMHZfplBwYxo2NHcg27E+8TmeSdTuSK7Cv8JlHnJy/4zmfHOvhotgHkb1/NI/8NUk3H072vvFkWo3mhukIAX0/Ue/duaI7jAijSfiuHICTAN12dit2T6yFt1YH8k+uIEfUeeRu+T0aDyJh3ziSbMbz5kFVUqa2tvZ3KrZ7nwGc8PMT2AaKagkj+FwYQWcvEhgQSERoMGEXgvB0dMLO2AxrfUO5puyJjY8TiOeKZVNYlCdQzyEvJ4M8UeXKWFiQS5Go9jwZMzLSiY+7SkRYMGdOeQm87cSxdeBq2Dmirlzg3Fk/+T3Yynlb7A6Ys0tXi23aS9m6eh46mrNZOX8KyxZMp1evHn+ZDPfPP5WTrV5z/1M71j8DW8kDWbp8HZ3lt/KP6gYwXzP9/63uqf+h+vnbtm2Lrq4uaWlpvHv3NXJUKs7r73/8QUjaPZyjSvFQM9hLcYkswCr4hqjoMGZYHGPwZnv6b3JgjJEfc/aHsdL5Ojret9h5MhuL4AIV5AdDy0Q9iyo/XwVzRZkfvFCEvYD+iNihkEIsAzME6slsdBEFLhBXlPl6OV7rHMsal+usE9BvEAW/UWyDAH+d81XWOFxlm3sC5oGZ8nfEGREHwlwchO1+GegcS2WzV4oo9EQV5kvsr6plaNfJ69P1Ssb+Uj7nblWSUPSU9LInpJe/kONn+EQXiFMRwXRLP4bpOzNI3t/gjYcYusmO3qvM6bpsG6v22vP2vQL1Cqz2fwW6sle7Vk1lbbyVqG0lS70dzZp0FnHSlZYtutG6VQ/atO4hx11FSLSnntyvbu3m8pjG1KzZkPr1mouK7Ujdui3kXANRyXX46QelVWpTZs1YKsIqmlup2eJgFonzkE9SogLwGyQnpXHrZi4potZvJGYSG3OTyMhkTotSdzzsjc1+Z0x3Wqlr7Nu1DNkhQNcX09soo84uVb0rkHd38lQTKceOnaT+3R/+XbM6y/3f//rlu0x3ZT39189A/+nz7do168v7aaBaVdi9ah29Ud0mKuCnTpzLrh2WmBvswXSHhRybsmK5NjOmL+JvUZYaXLfSEI9/A8Xnj1J+zZ+IQ1sI3zZNgL1ahfrdY1tlAhTVWZ4ok1gARU46PDyuywOvzdy2W0m+9XIyTecTpzOdhK1LyDTR4qauJkFzRuE9vg/BcwZwYf5Agmf0JmzuQK7M6UvamtFkrBaYi/NQtGEKeSvGcmv+cPJXTad882KKtReRs2wWl3r2wKdrF3a2a0//2u1o+kMr+tRow6rWHbglQPoYd5YXMUG8UFtt5ldteVJKuj4qVNfFFdWtrpV/E3r/os5V4D+qgv6rz5B/XvkF6FVQ/zPQH38uKKP0DH/94sFXffjpN4FUGWkp17gS6isTnYeYl8DcndDz7jK6ERJ0VBSHAnQHAfphmcAOiVI/iJ+o9OOee/DxtFKhfsxDRvcqoH+xfVbbSAlxITXAFE/nXSxcOJ0GAtBWbZqjtW6JAP2omBtuLjYcsbHA39uRm/GXmTZ5FD/XrCuQrU/TVh1Ua9S8DQvmTaM8M4a3r+7y9t0TPn58wXsZP4hCL829SWpsKEmikG5EnSP0+H5SLrmRfuUYZ52NMNRezDk/R/ISz3PvZjAlVw7jarqCGeOG0KljO2rKhVenXlMaNG1DzXpNZGxNx249MbfYwakAN+6X53Ov4rbAuohnT8p5J5+jks3++L44S0rHvfsFPBI1ruwZVUD+10Uf/k/U+DemdEZ7fRvuh6nK/H2mrarM/yj24VOhF29TrXh/04oPtw7yKdeZV/E71bD62+u7eBG+gYdBGjw5v5pnYRvkvIUAfx/vBPTPwrXU9fPfcuzULWtKpvvDszo89VhMxcGx3HeaICp9Gk+OjuOt/2we2Y+i8sg4Mo1FZZv0olxu55j2IN+sPwVmA3ggcC+2nUS21TABdj9uu07j0Yn5xGxpS5ao+1Lf5RQ5TCdZwJ9hN5nCw5NJ3DWQBIOBROp0Jcd2HHmuC0iwHkOkxRyOzGuP8aiGrOn2Dywn/cqVvZM4qd2FMxu7yv+PIsxAfpu63XlWmiaq4im1atWqBlvLtp044uzM6RMenA08IxA/g7/vSXE2vfE/5qvWug8+7sAJZ3uOHrKR61Su99Ao0jKUkHo6BYXZAu5cCvIyyBdVrrQELSwU0OfmUFRSQnZ+HmnpaSQnJ4ijFyHP7yvXvTzfMTeuXQ0jPvYqV69eJjDQH28vZ5lQTdixSYNNaxawfMZw5o7ry/zxA5g4pDsDe3dRFXlV85d/fteKtRro//w+8vC/rakryrzvoOFortxIl259vt8mV63Sf6iuSV/1N/9Jrdq1mTt3LiEXqzLbldrspxJK2ROUhY3A0ulKOe7R5XjHluESJaA+l8oW18vMNz/O6C0ODNc9yhTz0yy2E9AKRLd4Z2Hkn4/l2UIBeYkKc6vgQnYLzPeezcNa2UIm5+zDyrALK+XAhQLMAtLQFVjrKKrcKQYtlzjWuV5ntZLs5qSsi19H2+MGm7xEqXvI/zlHsO5IlKrqDfxuYRqUg8nZHAwDstlxPIPNAvWN3imsE1WvKc+nIffVco5nm5zbG5zDiesVxOY/5VbFc7IqXpJd/orr+U/wvpKLjnMYk429GbndmZHbxGHRdWbUlsP0WrmTdgtWsdRsj0D9PWXlX2ucKP3oa9VoIkBrQd06LQXYrQXuYvVFoTZsLxDvQJPGnWjaWCDfsgfNm3dXj5sK9JXzDeq3o269ttSpK6KihtIPvb48X2O6iaIPDZHrMyWL5IRUEq/fJD4mURzHWGKjE0hJThcRlkNSwi1uJmcL4DO4Hp9OUFAEHkdPYnPAmQPWR7A0PoDhNgv2mNthZrCPHVoG6KlmiN56IxxtXHj9+jVTJk0XQNeTa6S2GnL/4d//qc6/Ar1W9Rq7skauJMV9AbrS8rWW2ru9npxrzKSR01m/fAPbN+zESNeMXXoWGOtbYrJzD3/LsRVVLSq7zHU7ZZd9KYrwpzzGh2NrJ1Fgu5wy57WUu67jdbw3b2M9RU1o8TJQ1Ir3Jm4fWkbhviVkmS8gdsMEQpePJnjBKK4IlEMWjePkpIE4DumM74TeBMzoQ+CMvlyYN4C4FSPI3jiRvI2TyN84mQKdKeSsm0jq0jGkLhlDluZU7hqto3TrClKnjeN8504cEKCvkAmm1U8taf9LG8bWaY3dmBE8CHDhcYAr5X5OvC1Krupx/qXsq8BarRanhtSrstlV0D8q/Az0gur7KecUwD//ku1+L/c7la7YyydlvH1Z+X0Hs7u3xau7SvjFY1wO8VZNAXnYBc/Po5cK84vBR7kQrADdkXNnnAgKOELQ6arQ+6kTVVBXVPqX8Lui1NXRbTe2B/Sx1FvNy+JYEv0MqciNJi4iUK3a1qhxE3r37o7Jrm1qL999VqKSDlni427P2ZPu6G5aJRd3A2rUbSggb0v9Jq1oLc7QlQB77ty6SOLlkyQKvK+E+FF46woVOYmkRQUTH+rHTTmfk5ZIxs1YstLiyctIoqIwlfToM9zJiuJh7jUepJylLOqIXDduBDnqkRwkXviAHtRt0FD9W0qCXG2xFu06o7Fag1OB7uRkJavr5xXlZTx99IAXotIfiJK5U3FH1Pgdnj57Lmr83X/ZbvZ/CnQli12e69lNqAjiY44jH7OP8HuJKPJSP4G5J+8F4m8SzdXxt2y5jpLM1D3kHzMOiTI34GnIGh6d1eBh8ApxHnfw5vpOgbg+Ty+tkt/FTlWxf0gThyDFindJVjw/tY6y3UN55jaLJ+6T+e3iOp44j+O572xe+s3m3RUdSqwHk7VLQBqwnPeRGymzHUSZzUjuO0wmb/cIrq1rS64AveSIOL6mfSjzWkjc9l6kWI7gns9ySn1WkC7HlcFbuLy5Pwkmowha0ZGgVZ2J3j2GuN0TuGoyniNL+7BrfCOMJzVk55hf2dDn7zgsboOP3M9lQQsC1nUgZHtP9RO2tbXln//4sg79L7S0t3LqmIvA2wM/pf+3pzferh4y+olyvsAp172c8znMMRtxOu3tiYpK5HpiMllZKeRlp4oSzyY/T0CenyVjJgUFORQXFwrMSykoqyCrsJjUjExupCrhzaucPnUC/+Pye7lwTpTuTTUDPu56POfktquzTKRmeirMVy6YwIwRXZnQvy3j+7dnVO/2jO7fiYb1av9lCdmv7Vj/s63r3//+beLb379bg1dgPWTkWNZp7aB33yFVVe5+qFLl1VXx/v2jer8v/d2/9HhXtrspYfaAm+UYnknHVJTznqBcbC6V4hx5D8/Yco7Hl3HsWgk259PZ7naFpRZ+AjwnRu/0YLrVGRYdihD4JqArUDc5qUC9mD3nitXta5YCcqsgsbMFKtz3XSjmgBKWV0rGBuVhfDyNbW6JaDnEsNYxllWirjXlWONwDMsPx7LSMRFtdwXqiWoC3HrHKPW+G1wT2H48lV2BWWp1OcOTmegeT0fHJxVt75toeSaxShyEVc4JaotVa3Em3KMrCEoVqBc/IuX2S9JvP+dW6TOisx7gEp7DJtdwpu7yYvS2I0zQc2LSTldGbrWj8/KtNJu+gIX6+iIqvolqlJQJwJoKzATm9VqJCczrKeHmjqLWO34GusC7SRd1bKqMn61p0640aiTXgpjy2F9/qasq9Lq1m2G9x07mnkKy0vNkzkvm0vlQQi9cJuR8GNGRsaLM00hLzRSY31LD8Mq6etTVRHE0Q3E/6sfB/Y5YW9mx2/wgjkc8CbkQiaujL7rrDNDX2MHW1Xrort2J7R573r17q+6N//nfdeS6qSMAr1Ot1L8rMvNjVda+khj30w9Vt+vUqgL6l7B7/c970RV1XqdmQ+ZPX4rOmm1sXruDlQtXs3rZWtZqaKGjuVmAbr+aIl8LnicFcT/ej9sRHmSKUk/x3U3YlkmUOq8SoK/lRbAxj0/qielSeUyHMkcNig4uIc9yHvHaY7m8cjQXlgzn/KLRnJw2mHNzRnJsdE9chnXDXUb/aX3wn9qTwNl9iVg2hDSdcRToTqN4x0xurhhFzIIRotyHET13OMlLx1G4aT4lW5Ts94VcF+XnL/Da2EpR6W0F6K3pX6s1Gk3bcnHjah6fOkqQxiIidbV4EOLLi4JkXim9zx98Drsr6vxJsarCv0BeLfv66CvQlft9Oa/uSb9XldmuQvzV197KHz684+HDMtJTIokKP0HEJQXinp/N+7NVAf3LuUvnPKpC7kEunA92EaA7qGH3oNOKSv+8nu6znxNee/ERdV4FdAXKljgeMmDp4qlkJ4bwpFi8yEvulKeG8eqh/HitdtGyRStGjRzKFh0NHOwtMTbcjInBFhzs9uLlboev+2HatG9L7YZNqduouVoIZsqE0dwMsuOw2UZatWhLpw7dGDZoICablpETH0JhViLZMqE+fvqcivuPuC3ec1RsAhnZRVRWlHO3OIs7BSk8KkzieX4kpdHu5MecICbgEDdCHIgJdmbDqoV06NyFmkqCXO1G6pp6E/lbphYGxMaFUfmggjvld7knIH9QKWPlI979R0j9j/87Ff4fyW/KHswn/F55BcoD+JjnwkdR33+Un4R7wXwqchdlvl8tDvP2hkA5/RCv4ozUMq6fMpSQ+y7eiwp/Hb1dzpsIvPXknAGvY7bx6IImzyI38e6mGS9j9XkSukF97IuL23jiMpd3JzV47r+QF8fn8NBhHO/EKXjuO4t7BwbxMmAOd10UZd6V1K3teXtJQ35HfcWpnkGO+WBSt3Xl2sr6pG7vSt7BUeQeGEPKrt7k7x9K+dEZPDm3lSKn6aTuGUmq1RhijceTbDmVC+v7Eqk/ijPrB+M8rbnAugvuq7phPL45GwfWQm9UDTQ7/53tw3/BdWkH9k2qje/KVhRePap+VB07dqwquSow++nnn7G1s+WEuyN+Hm4cc3PHz/u4OI3nCQ+NISzkEh4HDAjxl2v6pOK0nhcA55F6K0mcv+vkZiZTmJsmMM/8DPZMsnIyKCi5Td6dSrJKH5BRUMqN9FxiEhK4dOm8TJDBnDkToPYez8rLJTMvX/7vBmfPncPO9gBmRrqs15zFggn9mCgwH91Trv2erRnUqTlj+3WiX9dWMnH+8H9UV/7v/0PVuC/3/+mnH6lZ81dq1qrNkBHj0NlsxPgJM6lZuy4//vizal/2w//7c0lbtbStWExMjArzyJxKbMMLMD+XjdGZLMzO5IqqzscmtAi3qHL84u7iH38Hj5jb7L+YLqo6nMV7/Zmyy5NJJr4C9bMsPBjOGucb6PlkCtTzBOK3RaErUBeVHlSkjgrcLRTIn8uvDsebibrWU5T10STWOCqh8mssPBTNQpurLDgYyWKbODSPJKDllsQG9wQBeZyq0tcI7De4JqLvcwPjU2kYBaSjL1DfKlDfrBSp8UlB2/MG6z2S2CLjnjOFOF8p4VhMKSfjyzl38yFXMp4Qm/eQqPwHhKTfxzlMnAK3cGaZeDFuuyMTDY8y2cSbgVtsaDlbg0bDhjBPe8XXwjIPKqlVSxS6iDYlnF6/XhtVnddr0J4GAvPGDTuKIu9Ks6bdaNJMAK4ocxkVa9pMzjXtLsfdRMi0pMavomoFhBPHzqA4r5ySonK5PvNk7r7G5QtXZF6OEOc0jMiIWFJvpldDPS01S44zCb0YyXGfs7g4+bBPQG1leUAcS2v2W9lw2v8MzkeOsnueIQe6bGHNlO0sX6vPPpMDfPj4kfnzlqrb7n784ftM9y+JcFXJcJ+B/nnv/K+f96BXAb3Rd8lxijWo0wTdDQYYbrdQw+6GuqYYbDOVUUnIM+FvuS5bKYv041FKCI8S/bl90Z6gw8bE+ttz0WgxhfaaPPDZzCPfLdzzWM9DgblSm73owDzy9syTSWk2yVsnErV2LBeXjiBo7jBOThnMhbmjOT6mF0eHdsF1RA88x3XjlCj0wNn9ubx8BInrRI1rjSJ28SCCxvXCa0gvbHt2x75HZ1z7dufE4J5cnjyY9NXTuLNrFZmr52LTpRMT6remw48t6VurFTPEA3OcMoHbTgdIMNrOXvGij82YSpLpNp5eOS2K9gavFagrW6A+h9a/AL3KCqpBXg15NTEuT+5b9h3ES0tyCTrroa5fB5124ErosWoLv+ilwjv84hegV8FcCbsroxpyP1+1jn7hrDPnRaV/C/TTfrac9D0gE6a1CnWvoxZ4uZpzws0Sf4dd8l3s43lxHA/y4ihKjSbneoi8n1KBahrLFs6mR7eOzJg6Sg29r1m1gGVLZjFy+ABGDB3AtCnjady0uZqgptRSb9CkBQtmTSTwwFrGDxtAz06tGN+vO4sXzMN6x0ruFmbwoKKM5y9fczEsnL37DjJ+0nQ6KJWXOvdk7px5nPF1oKKsgLLc6zwpiuX57eu8LE3mSWECOZE+FMWeoKLgOheDjjFk2FBq1KkCuqLUhyp7ej3s1AS3ouJSHj9++j9kqv9/BLly63WJmsX+e4m/WrZVKRKjqPRPZaf4LeeIgHuPCuO3N6zUqnAvr+mr6lypAPcqbqcocSNeXtkiEDdX19ZfxxvyImqLqGJNXkRu5XWiEa/jBOZhG3kVI8CPNePNuQ28Ob2SVyeX8dp3Ho9sR/FGQH7XbgT3nUZSZNaTIsvuVLqN56HrOFHk4ym07MPV1c2I0W5LlmE/UrZ1IFarKaWHxxKzuSW5NmO4ZdhbXUcv85hDptMMSo8tIG3fWFIs5DdycCrBK7uT6byU0E298ZjelPNrOuO/ujt2UxtwdFEzdg3/Ed2BP7BPbiuFZzyXd8ZnZVt8NnRVP6tLly79KeT8L8yM9UR5W+PtdJhTPsfFIQ0hKvI6iYnZnDvpw97tKwg9fZSIYC9upSSRnp5ERkosmSkxMmnGkRgfjf9Jb46f8CI+4YpAOodbuQXcKr5PQvZtrmfkc03U0DkBeUjIeUJDL3Ah5BxJSUmkZeWQkpFDVGIq/gFnOHjwAPpbtdGYM5ZpI7vJNduGUX1aMaRLM3q3b8RoUenDe7ahdaO66ha2v/8Z6P/8x58azHxz/Cc1/61C//XXGmpWe78BQ1i5eisLF66iWfM2amGdn36pwQ/i+PxLbTBTBXUF5krl2HhRqydEgR+9WsTBS/lqGNvgdI66/9tKlLrj5VI8RdkeE6XuHVeCa1QBB4Jvoe8RhcaB00wz9WbirmNMN/Fn0YEItFyS2embiempfMzPFmJxtgroFmcKxFEQRR6Yg9HJbMxO52EemKc6D0qnte0CdS3nOJbZRTPnQCQz919l1v4rzNkfyXybKJYfiRWHQcDuIuYYx2r7KNbaX2WTPGbHsSQMA9LQF9vhl6lmtm8XlW504hbGfqnsPZOBdUAS1iFKJv5tNRvf5qIC+HJOXi/nQloFl7PucyGlnKOX0zHwFmfCyo+JRu5Mkvc31tiTHqJom44ZR43Orap/t8r6c40ajalTu7XAuFVVyF0Uev2GHVSgKwBv3LgbzZv2kLmtm0C8u2oqyD9b02Y9qFu3jRpub9KoDce8T3Gn+A4ZqdmEnQvDy8mL077B+HqdJkSgHnstSQV5cmKKCvbE+JvERCdwOiAYTzd/7GxcsbKwYe/uA+y13I+pkQWHbezYZ2mFyTxdZvddy8SJhkwbsJK9a6357dNvbNLREyA3l/fRghbNO1St5auZ7nUE5nWr9tT/WldeYz0BepX9+nMDNayuqHHVvoF6Q2UZs25TtusYYiQwN9phgYEAXYG7cttEbv+tJGAPRWdsuZMQRHmsL7cC97N3hxbOAsUcD30yLOaStXsO+dbzKHNYzl231ZTLmGc1i4K980VRzCZNbxLJmycQrjmKk1P7c2JSf87NGs7JiX05OqQTDoM6cVRUuvu4rpwUqJ9bOJTLGsMJnd+f89P64jmgs8C6Mzsbt2RHo9Yytma/3Hbv34eAUYNI1hRVIkq1yHAjJp160/HH5gyo247p9dug06aTTGxmlDjtZ2eXAWxp3gW7QcNI2KZN8WELnoQf52Vhogr2qqpwBdXg/qLOVYhX5lePzx5UKfSq0qsVBAl83T32cMTOAO9jB1RV/gXmyrEC9CrzVpPgvge6V5VKP3+Ui5/X0ZXEuHOBDirQq7Le7dWwu4+bBT6ORhyz1yXUw5D084e5e82L+3GeFEQ4UirK/H5ZHglRl3it7M1+UIzPUVs6d+pIX3GCli6dxfatazjmbssRG3PmzppEr549aNCwCXUaNKVRs1bUrNuQnj274mCynkBfJyyM9fE4ZMJ1ed2FSWE8e/yIN2/f4+btQ8+BQ2nZoQetuw6g19BJ1BeF36Bxczp37URsbAzlotTLM67ytDCW1xUpvLqXyYPcSLIvO/Gk9CaV5Tl4uNrQok1HdRubYm06dSM5NZGXL5///6DG//hrmP/xCZ5n8HvpSTV7/UPOURl9RJWfE8D7q21OX8UbqFnp79P28ybBVK6Tjby/uY83iZZqs5Xfsh14FqrDswilm5qFqtLvnVrMPf8FPAlZz7Nr23mTZKI6Aa9Fvb9SYB5pzKsLOrw8pUHZ/pHc3z+MB4dH8+bkXB47jeah40hS1rXmqc9M3p5fwcvA+bzwm0OuXldube5M2vYu3NzajWyDHhTuH0yFAP2+x1S15nvosobiuE7jvu8icg5OIF8UetaBaZxZ1p6gNX04o9GFXOfFJFhO5uruUQRqNMN+Yn02tf0Hfiu7cEyjE64Cdu85v+C7YSB6w5riqDkAb70Z6kc2efLkb6BWBTaNhXNxt7HCz91FrtczXL0SRVJyGhnZxTha6bJwXD+Oye8uNvwMqclXSbkeRrqMN2XcbbaVDt26075DT3r0HUqPXt3lOmiJls4mzkcmEJ6QJpbO+ctXOOl3nHPBZzl37gyXL1+W6yOVlKxs0vJvE3UjixOB57B3cGazlibzJw1msswnY/u2YUyftvTv0ITOzesyslc7sdYM6NiE2r/89N87v32X+f4V5FUNZf6lrod/2971519/oWNn+Y0t10J7gz5Dh42mRs1aVVD/8cfqMLsC87SiuwQnFREQW4LftRKcw4vZdyFPzRxXQtimAvZ954uwv1yCU2QpbtG3cY0uweFyMQeDstDziGT5/tPMMPRgzA5Xxhv5ibKOYJ2obT1RykanczETZW6uwDwwX4X4rlO5GPhns9MvSywTw1PZGJ3KkHM31C1sqx1jmC/KfNq+q8w4GC0WwywZ59tEs9QujlUOCVXFZI5EomEXzmrbSDa6XmebQH2nv0BdnIkdx29hdiodx/O52JxMIjAuH7eLNzkcVoBtSL5aaGaHOCwGJ9KwDsrGI7KIM8l3uZTxiIs37+AZkS2OQDzLDp1jmqU/Uy1PMsrIkc5Ltajdt+83AuqDgE4BeksV6CrM67UTmHdUrWEjJbzeTRR6d3Gueqrw/jJ+sWbNe4gj0EaFY7cu/cjLKib9ejIGOhsZPWgkGnOXsEfPlEN77QkPiyUhXgF5BonX04iPTeXi+asy74fg7ODGoQPOuLmewPaQC9YC9H1iuwzNMNY3wNRgF3oa65kyfDGLOsxn18j1WM0159Mfv2Nr787s6UtYu06PIy7+jBk3k0EDxjJs8FQ6tR9Ay+adxSnpoFawqy/Qr1ermSj2ejSo14JG9VsKwJtXW5P6zWlUtxldOvZix8YqhW6oa87OLcbqaCS3lep1f3uVFkyu6zaKL3uRGuSMnf469m9dxTnDpdw0mEGC7niub59ApsUMyp1XUOa4nIJ9Avi9s7l9aAn5e0QxGE4lZet4riwdyqmp/fCd0A+fMb3xHtUd54GdsO3bAZuBAuiJffCa0hv/WQMInDOIgKl9OD62F9Yt22AmIDdq2IoV8iVoNOvIqDqt6V+/E53rdmRl/1GcFSX61MWKtA3rmVS/Hf3qtGWyjEsbtyNo3WrSrYxxnjmf2b+2ZpN8+Yd7DuL8gjnE6Kzi2QV3Va2/+hPMqxW5Uvr1c9/0KoVeoEL93atHfPr0kVB5/I7ty8RTsyQszJfwUG+uhvn8B9C/PVZArgA+/NKXELyHPI+nGn6/cFagfsZZTY4LOn2E0ycOccrVmGu+xuRfOkLJ1aM8TQmkMsGXyhgXSs5bkOilQ160v9pytCw7kTePq1qLlmQlsmDuDDXLd4fiiB2xxtR4K2tXLUZv+zoWLJhGXYF53YZN1damtes2EsA3I/GsPQ8yw3hRfotn5ZlqLfsH5fm8ef+e8vJy5i9aTq2Grek7ejot5CJqKo7TjzXFw1TWdxo2Fk/VjML8DApTo+R1+fEoL5qHBfEC9GiKxQm5d+siDwqTyE25gtba5UyfNZ89ovb/565G/2/UOP8J809v+f1BhID7lArzj3lH+aPkBH/cCxKlLnBP38/bRGNR37v4KEpc6ZD2LHKLANmQ51e38CJGX5T7QV5GbFHD6M8ub+SNwPvBqQXk2Y/gju9cud9Wnl7ZLI+TMXwTzyO2iXI34m3oDl6fXcNzn4XccxzPy+NzeBW4iGceE7nvPJLXZxbzInAJjzwniTofwx3XSZRY9+fW+ibk7+xMtlFXCqwGkWvekcrjs3joOVcc515kWA/kjtdUKi8sI89lKHmHBpFxcABZh0YQpdueiPXtiN/RguTdHbli1J2j02pyamVTTmk249iipkTs7M1lvU5c0OnD5W0d8dfpzY7B9VnftwbFt+LVuuV/FaZu3bo1Nmb6BHi7cSkokOirkeQUlZOcnITOwtE0a1ATfb1tRF3yIz7iFIlRZ7gedRZLE13atWnNxAXr0Fi1idETZjBw8Ai6d+tJ+/YdqS/X4dCRY7A8eAQvUf4OdjYc9/Ei8PRpwi+HkyAKPSUzi9TcQi4nZOB/7gq2Th5s1FrJ5KE9RI23EpiL9ZN5oH1TWjeowYhe7avC7x0a07VlA37497/+uv1qtQr/R3UC3bfKXAGz0gFOUeBf1sP//QXs8pwNGzdl5KgJrFmzCY1la+jRvbeao6LCXG3o8pgbeeVE3izg3LVsQuLzCIgR1RqWw+GQTGyDU9kfmIJNcCY253OwCckRZZvL4YhCHK6UYnupgD1nUtjoEsWCvacZpe/MwK0ujDcNZKltOBvdRDn7ZbArMJddAnbjgBzMRJkr6lzfPwtd33S2+iqKOl2ch1QxUdXK9jP3JJYfFqjbRjPLLop5R+JZZB/HYptrLLBRGr/IbYfrLBWoL5f/15S/td75GhvFGdghjzfyS2PP6VSORxcReLUQ37AkMu8+JyargqSiFxwKzpK/k862E1lqEt12nxQV/k7ipJxOekBoxkMupd7DO7oQs4AbrHSKYLrVKaZZHGfkdhu6zFvx3cxQS+CmwFxR6QrMFatXXwF6Jxo17kLjJlVKXAF5lSLvJce91NvNW/SiecueNKjfWmDYjEXzhVk5RRzaZca0MdNo27gtAzr3Rm+VjtpgJTUlVwW6osrj41K5EnFdQO7FAUsbtNfqsHzhckz0dnH4kDP7rA6x29QKU0NzDLbqiVregsHqNWwYOIXVrQazdsA4Vo6fo+YA2dg6MWvaEjas1ZW5WIeNm3WZOV2DBXPWMX+2PGadESOHz2DxvPUsmK/FtCnLGDdqAYP6TmJAn3H07DqU1s2707v7MHp2G8gGLT1WLteR17KHXXq7MdxmJq/BWN3/brLNQq1e97ffKhIpPmlGhqsedgbaGK9ZiovWbK5smUKi3lSubhhF1MbRFBxYSIXLCoptFpBjOYMS+2VyvIj83bPIM5tFjuEM0nSmEj53KL5j+nBCvPeg6cNx6d+ZPT3asbtPe9yn9MNtYi/cJvTGQ+DuMUZU+/DuHOnQHusGLdFr1E7NZO/SqBv1/9mSRj+0ocO/WzOl13iW9x7B+dlTeXJkD84D5A3WaMWEuq2YIw6A56IlXJOJxV9Tk1E/tGDVr20wbdyZQ137YNe9L+nGW3iZeJ5X9/O+AXhVERkF3Mo+dmW9XN2yprRevV9lSvlR5d+NpFC26S4l5JyrqBR/Qi95VsP8z6aG4EM8BOZyn4vHPifLeX6Gujeh5z0JPu1EoJ+oc5+9BLkbE+qsR7zHNu5HHeXJ/8PZe0BFlW0L1/d7971O5oBZQZIgCuacc86pW9ucbXNuBRVBUVRExQCKGBADigRBBMk555wRUBBz1nZ+6xy00713/O//HGONU3UoyqLq1J5r7rB2jAuP467zOPYqj6MvUhF8mtJ7RygJcqA85Z4AM5T7lw4Q76tU5SvkhVh66L1bbF2/nC5iQTu2ruXQAVPmz53G9Ckj+GXlXFq11VHHz5WJcfUbNqWlpg43zh6gIu42Vcm+AvVUdaOUqoelvJHsOD4hHi1dA3X52Te1G6hHZZZ8C82a5+khjbOt7SFystPJEiDE3zlLgtcpItxPUBznTva9U+QEnKc4wZv4YLf/APF/U+zl/7eR/xXun99U8CHfpcbM8y7xMcdRIH4FHtzik7IkLWqn2PQW3kTvVGezv0/YL+d2yX1znguUX0eZ8zHVVs7t5k2kGY/dl/Do1gKqPZdSeG4iRY6TqPRYIjYvMA/czFP/TTyR33vqv0WSg0O89drAK+efeeW+kgq7oXy6v5Yn9v156zmXFx4/8T54vYB+MBXHBvHo5AgeSIJQcWIo1W5zyTTtIFbemVQzfQpOdCbfoSepx+R4dSRlvlN4FLGcwntyndu0I+JUB/I8phLv0Itkp85EWuuR6dKb1Mty/1x3wo/qEGWrjdeGRvhu0iDqkDGxB3TxXtiAhL0mnJzQEKuRtbhnM0l935TlVv8OfsrRpKM+e7evxfP6JeJiosgrLuXahWN0N2yjgm5Av57cuHSSIB8Xgryc2bdrC9PGj6PW9z9gfsyFvv1HoK2ndJG2pJXAUJnzoaOjR4vmrdTNX0aPGYH5zi2cPnEcD4873PFW6sGL7aekEpOajW9MBmedb7N732GWzp/NqN7tGaSOnWsxvLsYul4LFej9OmqqYazZCGMtDbGdOv/6N/2titxXgP8xK75mPLy2WPcPtepQq3ZddfOZr2D/uoe78rrbaGozcvR4Fi5YQUpKmrpDW2FZJemFD4lJyyUkNpWE9CLiMksIjE7lblQmoaml+MUX4BaSjltYDs6B6Zz0SuDE3VTO+CThcDcNu7vKzPdkdl6JYsUJL2aaX2LM5rMM3nSWSXuvMf94oFqCdbPAW4G6uWsW5tfTML0qZu+sbHOaqAJ9w8U4FcTb5XFbxdbXXU5imUMEC0+H8LNdKHPsIllwUsz9RDjzj4YK3CUE6rNtw9UiMr8oNeJP+7PqfJiAOo5Dbkl4hGeSlF2GZ0gK92LTKC6vpKz0ATG51fIaxOKvZMj/k8qay/GsdIpWZ9HvcElWDf56TDneqdV4JT7CMTAf02sCdVt3Ju9xYoKZA8PXWv6llWghLKgxdGV2uwC9ib4kgspkt/aSVMn11NJEQN7p9y72Nppd1WjdpgttdXvQpcsQtm7aI7J0ndBAf1Ljk1g65UfGDhpDD20jfho5idMHjpGakElKUiZ+PgH43Q3E+05NmJtZMbr/cPTbGGDSoae6ocusiRPZZ75PgG7Bzq2mrF26gvVLl7Fg6jSm9OvDpB7dGdm1A5P691GHDTZt3km7dt3o3m2gulvlwsXLGTliBnN/XiPHWcycvpIunQYzeNBkFq80Y9as1cyWmDtrLQtnb2Dl4u1Y7j2Ol2ewvKYQUlMK1fDzjeTWDV9O2jqpY+c7lDF0CTMF6M9K4qiOvELskZU4rp3JnskDODVL4Ll0MCHrR+K3bAhhG0YJwOdSZDuHbMtJKtALbGaTYT6ZpK1jxNAnkP3rVDI3TCF9yRhuD+zEpcFdcJ88mOuj+2DbqwP7xdBPDu+C/ZjunB7dlZPDOnFiYEdO9jLipLEBx+RLvqyBMoNdF63aemg17oB2MxPmNDZip14vftLvy+Z23QmZ8xNuw4YzVD7svvUF6g20OTF1Ov4b1uCzahk/tu7Ez7Xbsrm+DmYa+phKZne6Rx9JSMwolwbn2YO0GnArEC/7ow68Wkzmy0Q4tVDNlxnuyr+yB7nY2+/l8uVD3BCrdrxwAJfLh8XUL+Ir4XdXQO11lnOHV+G0ZwbRV7aSfNOMLF8b0u7ZkeB7irs37fC+dZqbzofxuGBJzM2DYuNHeBR0grIAW3JumlPkYUVVxEWqY2/xOjeY6jRfnmbcozrVlyc5YZQm+FIa40bwhV/xObmBJ6VZvK4q4u3TInX2+WHLX5k2aQyOxyw5d9wCxzPWbNu8ijZta6q3NWmpSYNGzVghSVtCqDtP82PUmeovytLl78+npCiXp2/eEZeej45RF2orazjFyJWu8tpyrK/RgroC9579h+Lu5UNoWAjp8eFkhnthtX42jlarKIhyJcP7GCl37Ei950RhRvR/gPnn/1zF7f+h2/3z82R+y7/CpwJndU35J2VtedEVPhdf5UPaMV6EbBMQL+Vt9G6B9iG15royVv4qQsDttYJ3MVbquvS3UcrmK3t47r+Bx24Lqbg+l4Lzk3joOo9HN+dT6jKLR+4LeR1uygux8ic+a9QCM78pk+g8V1JqO5pHDvL4YwN5fmEMT84M4LXrDD7cmcMrl3G89plHoXUPntz8maIDHXnsMoRHbsPIdxpA3L72lLpNotRvBkV+U8j1nk6u7zTy/KeS6jqE8LPdibg0GN8T3bi2qxmp7iNIuNGToFN6JN0cSbD83PNQJ0LOdCfsTHu5vsYS72REums3ok61w2trUzy26+K08HvOzv4fYm/sVRseDQ2Nf1+3/Qv0mjfTYNH8mYSHBBAdE86UsQOoXatmuVbDhg2xO2GDv+cVbPebMmfaVPp2745eexMm/biMJs3aUq+eMlZYn/p160kD3UierwVNNZrQuHFj6tevT7eunTh6+DAuLtfx8LyD/z0f1dBjMgrwConh+Fln1qxZy4wJwxjdpwNDuuowTEIxdWPtZrRtUk8gr62Op3dq1UAFul7Lxiqgv3an/3n2+9e149/+yby/Qls19B9qUUdeqzIBrk79RvxQu47a7f71OZRj7Tp1qSevPSo6+ouZPxKIpxAQJYanrGlOziU+OZ9ggXmIwC85p5R4+V4FRacQnpBDSlYR9yOT8Q1PIyypCN8wgX5wCndjcrngn8RZ3yROuEez28GHzUdcmWduz6Ttp5ghUF96PJiNjgkqQHe75gjUM9h5TcDtkspm5yQBcLwYciLbBK7bxOa3X0thk9jymitxrDwXw3I7iVNRLD8TzppzkfxyRkBvEyznYlhgE8DSk8Ec8MzgoGs0Oy8EccA1ARe/RFIyskjPzCcxLZuqqkqePiri1fOnBKSUc8AtVV5DKhuvJrPWOZ5VF2NYplSrOx8nrysJm7u5uIipuyc+4VZchSQukoA4+jHH6jKTdtgxYavNX4Cu3bbj713uGl8mxKlAF5g3/xvQa6y8K5pa3Whn0I++/caL1NhxXyAdHRxETIgf2cmp3Pfy5ailLadtHLh20VXMPIWczCIiw+Jwd70jkPTE+eJNrl1xx9bmDGMGj6WXcU9aNG5JQxEbo7Z6mG75ld07BKKbt7Ni7ny2r13Hnh0C+I1mHLKyY/Pa7QLYrTx79hRzi4PoG/RES7sLWlrGX5bU6aKpaYSBQVe0dbpIgqJH186DGTt6DmPHzGH8mLnMnLacjWLd16/eISe3lMKihxQWVlBQUE52dokkkLkkJOYSFp6iPuaAxVF2bdnLLqXLPTM9TOARgLvpYnYM78FaAa/58K7cWDiUwHVjCFwzknhTsZPj0gAd+4mcg1PJOTCT+O3j8Jrfl+uz+uK7aBhRy4cROW8AEVN74z/EBOd+Hbkspu45fSjnBnfngJi67ZBOnBndjVMjunB0oDFW3Q2wNNLjUHs9LFu1ZWY9LQxr69K2jj6aTY3RbGxMx6YdmfODFvOaGTNbsydWmiacMzBhaiMtugjQBzTQwXLYaLxXr8B3zUpWGfVhVq22/FJbi4115VhHi+0t2nFt4gSuzpxByq1LvwNd2Uu9Bug1tv57bfiKmi54pezr2xeP+fjhPZecrDl7bj9XrxzF/sw+7ipG7nuZe3cvSXZ3iVPW6/FR3ps7+ykNd6I86gpPEq7xMsWFV6nXeJ7mSlXiFWJu7SXZeSN5zqvIPb+YIpc1lHqbUyEGXnzXlqcxV6mOd+N5dhAv8kKpzgiiOjeCJ9mhPBJDL4m5JQZ8Bn/blWLD3rwRoL+pLuLFo3xyk4KwNhdD37tNLt4bXHGyk+yvv1oSUJmU1kKrHTqGJmQn+JMQdpeynDhey++9fV7Bw6IMMtISKat+SUZpNcs27aa5TkdJBFqrQFcsvZ5GK9p27M7C9aY43/YjIDhMMtwwkkLEoFbPIPCqNTmBF0j2PE646zFi757ngt2uv012+/y/hPfn/52dq7ukSaNaepvPhS58LrjI55IbfH5wU+B+WR0Tr76zXJ3I9i7GjE9pNgLuw3xIPsKrkO1UuS9Vt0J9E72Xt3ESYunP/NZTdXsxD6/OpuzKHEouTReozyDBeghxlv0pdpmjjps/9lkpZr5XnvMQHyP28DFgJ4/sxvP86jzKj/TmseNwHgpgX7lNofpMX564jKbCcSDxO/TJO9qetDMdKbg9lIRLPUlyHUmMy2CSb08j7NIQisMF/KFLyPT/CfdD7bhjbSTHTjiub8DJdQ24sLMeUS6DyPQaRKijCaHnB3B5e0MCznTC75SJJIzDyfAZS8SFngSf60SyxyRuWbVn6+QmTOtYi40jGqqfiJ2d3Z+M9Y/x8z9b+rfKTO4fvqd9F2O6dutE7do/qADUaduGtct+5q7HNa5dsmPpwrksW7mWDp3EkHoNo12HPjSQ66aWAkix3bp16kjUpkG9+hICTAF9wwYNaNRYg2HDhuLg4KhOxHS/dY2giGiCEzJwuubB6nWb+XH6ZKaPGcDo3oYMNNakf4fWDDLRol2rRug2q8fQrnr0NmxFF80mdNTUEFNvqs54/3MZ2L9A/ct9FeRfgP719tdlaIqd/1C7tgr473+oLffrqLu91fze94SGhqpj5kWlj4hNySEqMZOY1BxSpRFOzCgnUIAdHJNKfEYhsWn53AuNE8CnCMxLiIxLxS8ogqT0AqLl9+6HRMntbPn9XLxD4glPziEwIRuP4ATuRaXg6hfFmRv32HvOk62nfdh9IRIzMfBdAtG9N9Iwu5HK1qvpbHJOYYMYugL0X8XKd15JwOx6IjuuJbHtahzrlHru52IFphHsuBzO+ZBMDl4Lx/JSFPudI9hsH8gmhxB2nbvP7ZBUPAIT8AqKJzgikeKCHPKyMnlUUsi7pxW8fFbO4xfPuRiQifXtNMxvZ7PjZqY6gW69UwrLz8az6HQkS89GscE5gYM+uTiFlXE97iEXQgvY7xrBiqPXmbrjBENXW/wF6O3bd1OBroyDa2jo0viLoTdtpsC8g9rl3qqVso2z2LlWF5EWsXM5KkAfMmQqNtYniAgKJjYkkNggf/Kz5XMREw8NiiXofoR6O03e67iYTLw9A7ju4qHC/Py5q5w7ewUH+8vs2LqXyaOn0qVjT4wNOzGoez82r1vLr5s3s/GXtfwyfwG7tm3lvKMrV67e5catAFzdArh2zZsXL1+y3+oIrTU70la7qxr67Xqio9MNrbaSgAjgmzVrJ+c7oavflSYayhI9LbV2/RYBc1SkskKkkIL8UvLzisnNKSIvt5gcuXayMorJTC8iIS6TwMBYvL1Duex0S8B+nH/4Brlxee9a1vU1ZoVAd2k3QxZ1asfpqX3xWzOa+6tHknVgFuX2iym0+ZFMyykk7JiIx/yB2I4w4diEnvgsHYXvj3Kc0k2dsX61rwlnu7TnjNj31Qn9uDi8O0d6GHGgjxGnR3XFfnR3rPt2wMy4HWaGeuzS12dbSz0m1NWmYy1ddATobepJ1G2Pfn0Dhn/flo1jZjHHaChnTAZh01BX4K+JsQC7e31t9k+YypWFC/BdtwqrIeOZ9r0Wy2tpsaJ2G5bV1ZLQxKpjL470GUzgUWuBeEYN0NX15Zm/76mulHNV7yslSMtr4sXjmh2S7npfwXTnCnbvXsEui3XcFTO/73eFAN8r+PtcxvX8HrxtZpLqZUNO6A0epATwMMlXLNubt4XhvCwI41nqLR4HHebRXTMKLy4kw3Y8BWfnUupvw5OYazxL8OBVVhDPM/x5nhvCq6Io3jxI4mVFBo/zEnicGUp+sDPpXna47ZrF9b1LqC5O5c3jAl5VFvBcEhOfqydZtmiWXJynsTtpw7Cxo9TCLgqQm7XWZeiQ4WLNEaTE3Ofdq0fqtqhKvfaiHGVSSDgFZVUUPH6Dd1gym8xtMOzaHz25oOuLaTVuocvkxWtZuMWcg2dccPf2ISLwjgD9FreObyHDzwHvkxu5aLFYLUBz2moNY0f1VS3mfwf0z//G1v+d0X+x/Q9VfH4UBOWeate6YuWfS10F5u5y35l3cVZUey3h6b1VqpF/VpasZZ/iU/oxHt9drW668sx/E8/ub+RN+A6JX9Ux84fX5lJ+eQ659lNJPjSGWEuxZ4uBROzpS8GVhbyKOSiJwm55/j18SrHiY+Yx3vrK81yazUuX2Xxwm8fr88N5eW0iFWf68+h0e4pPtiXvfCeqoxZQHb2EkpB5FATOJt1nMln+08kJW0SQyzCcDvRn4aCGeDmMwN9xALcPtcZqQX22TW7IphG1Wdbpn2wY3pAVI2rherAH947pc2zpt1gtbcP8wbXZMrUxR1c14NSmRpxao8HR1RrclcQi1HUqAVcmsmuuEfN61cXL0Up9F02Mjf9lYthfoffnrukvBlurFgMG9OWotTn33c4S7HUBh1OHsT95nPNnHVixah2tW2miq2csDVULagsQ64rl1qmtQLGW2H0t9bZyrp6YrqZuR3VXs9baTZkzZw4/z57KhCmTGD9tHOMmT2P0qFFMHjWIZT9PZdaYvgw20WRAxzYMEKC3bVqfrrrNGdJNj14GLTERmLdvrYFRG2XrzT+Kvqjx3bd/sexvvnSx/w50BeTyO999Afq33/3J4OVcnboNqC2hAP7rBLgCsadIMfDIuHQV6mkC87j0PCITs4lKEhPPfSD3CwiLzyAsIZMEMayErFICoxOJFEPMyi8hRuASk5xNWk4x4fGp8th00nMKiU/JJFagk5BZQGRCOgmSFASL3XuFJeEWlo3j3XTO+6RyzD1J4Jigbo6yVQxd2c7U7EoUllcjsbgex1H3OM4HZGHvHccl/1TOeCRxIbAA64v35flyCY9Jlv8/h4DYdDzC0zjlFse52xH4hsSSGBdLdmqyWrL5aVUxZUU5vH1SLkCXeFVFefVjrgRlss8tA0vPPCw8C9l9M5stVzJYLVBfdCac2XaBLHAIZe3lWPZ7ZOEQVMT5UGWyYAa/Ot1j1i57+i83/QvQu3Tp9xegfzV0BejNWyhL1Yxp3roTLdqY0EqzBuiaEjq6vRg7bg533H1JlteeHhdNfkYaxflFZMnnEB+bQboYbnpKNtERydKuB3P10i3Onb6Mk8BcmdF+5pQTp+zOc/jgSfZbHGOvmTW7d5qzXax826YNbN2wls3r17FJoL5jwyZOHD+HyzUB+o1AXG/64+kVxMuXr7A9dkrg3U2g3UMd028tMqqM76vGLqEt0VZHXrd2Z5EuA4YOHs/N6z6kyrWQk11ArhqF5ElkZ+RJ5JMl10KGXF9KAZyYqERJKqMl4gkQsN92v88/Th7Yxvah3VkhAJ5vYshMAewUIwPV0r1WjOD+ulHk286mwkFs0vYnUnZNwnN+P+zH98BMkoD13drhOKMvDiM74DisE06DOnOujzGnOxtxuGM7zgzogtv0Idh2NxSgduTEYGPsR3TlWH9j9hgZsklLl02a+izX0GG0mLWJwFyvlj66tfXRqa1H+wYGAm59Rhn2Z33fcXgKsB3EzFc0aivntehaT4A+cTqOc+bhsWIZLouXsVI+6KVi5ktrtZFjG5bU0WRVk3bs6zWYhNvONbuqKQau7qD2Jcq+bsSSrRp6tWrwNdau/FOqmv3yywxsbLZz6qwFbm72KtAD/VwE6s7c9zmP14mVpAZekcZyP/b71nF81wpSA67yojSFV1UFPCuI5WmcM48DBeqe28k+Iw250zIBup3YvCevc4IkQnhfGMGbggheFkbz9kE6z0uSqcqO4UHiPTJ9zxLlbInXsc2sG6lLRtB13gvQXz6SD1wSiSSP7WxfOpqxYwZj0N6Q7r0HqAVl6jZqpo6hr1y+SP3bKiQRUOq2v337jCePH5AYE0hiYiI55U/Iq3pDXN4jrM/dZI1AfeTs5XToORiNlrp07juUibMWMWfZBs6eP89dt8tcPm3B9WObyAty5KrVIs6az+fGqV8xWzsTY2MDJkij/J+73T//f4D+30H/E7zO53O5j2rinwXmv4mNfy5yUYH+IdtBbHs/T7xX8CL0SxW3zON8yrRTi79Ueiyi4uYCXgRtUeu1vwo3VZeovQndxot763jgPJu8M1NJsRlP1J6BpB2bIDGebCcxb48NPA/eKba/R5KEfXyS534VsIFXN5bw6voCXl/7iWqbXjy070+VUxd53oVUBk8k92YfKlPMCTvbh2CHoaT6zifWayn3LwzD9Vg3bjoMYNXEevTX/W/GmNTh4IYB7FnZnn1LtDCbo8Wu2W3YMbEpU40bs6pfbTaNaqLet/q5JdM6/5OZvesys1djRhv8wCSjb7Hfroefw2AcNtVj57TvCL46jVi3/lw0N+Lo8mY1W8/ev/8v24/+ZYLY37uov/lW3QhlxMjh3PG4QUSAO7H3bxAT4IrDhfPkV74g9+FzkjJy1R3bli9ZioFBe2mYG6ngri0QV2H+BepKNGykQVNJNDubdFS3bFXA3lypgCjtgoZGE3W8uk7tWrRu2YwBfboytJeh2Lg2/Y3b0NuoDW0a16WPHId01qW7Xks6t22mWruxHGupVdy+/g1/jJX/5ajC+ru/Fof5/ksoe69/+51aJ/7rz5SlaaGhYeqYeVpmMcGhKcQKvDNySolNylYtXRmyUrrYY1PyVZgrXe4K0GPkdkxqHn5h8YTGppCaLglAWi5hisWn5UkyUCw/zyI2s4iM/DK1Wz41p4Sk7CIx/FySs4rlZ5IQyOOiMwsJTpEEIKOCoMQCvGPyuR4qBnw/E0f/NG6GZeIXl01AYj4R8jpTcgok+SigpLiAzNwicktLCYrMINgviKdF0tYVJFFZkkdZeam6O15iYjJhkdECliyqHii7Hyp7XhTyQqns+PQBH8TO370sperZE26EZGHumoalR666neoBj0z2COC3XU9R92yfbXePSYfdmX7oDivPhrHbNRlbnxxO+OZwWJKL1SfcGbVx31+A3qfPUBo1biuhQ+MvE+KUZWvNmgvMW3QUoHekhQJ0ZUa7ZjcBuoBTpweduwxj4qR5XDx/hfCAEAozM3hYUiJALxEwlgggH5CX80AsN19MPZIzJy9gI+C2OWinFo45fvQstkdOq13uNofPYG19hgP7j7PLzIJft+4Qa98mhr6RnVvWc9DCAss9lhw5dEys/hpXnO/gcsWbmzfu8ezZC06ddlLNXFunu7y27gLumttfo61OFwyM+tC33zi2bN1LRGgcBfLZFhWUqlEgZq5EniR32Zl5ZKRJgpicqa6Rj41OIjQ4kvDgqJq68wEx3PUN5x9W04dL1q/PLAMdxuvqMkKvHb219VjeqwNui4cRtX0ixcd/lgZqIQWHZ+G/bBA3Zg/g0KiebOjbldlG7dg5sBM2w004MdQEu/5GnBL7tu7Qjj3tdLHsoIfTyO6c7N2ek307YtvbgHPDumA/uDOHOxmxVSCxvrkuyxppM62OLr3qG2JUx5C23+ugW0uPdnXaof1dW/rK8cioKUT1G4xXC2V8XIsuYuDGAu613QdxZtosrv48F89Vv3Bm4k+sqKOtglyJhbUlBPxT6uvi7+Sgjo8rZWJVE1c3XhGAl4mtq2Ze0xX/NaoE6K+fV/LhwzuOHNmGm6sdp+334uHpKEAXmEsE+V1VI+D2carFsLNjfbl19iDWmxewfclkbp87QklyKC+LU6hMuktl+DmehNjyKMCa8oATPIy8roL8nRj5azH5F5n3xdIDeJoVzJuSBCrE9Isi3Ih22sUvwzoy0rgVSyf2YdlgQyx+GkCMxzleV+ZSlh7KnZOL8Ts+jfkTuqkb3rfWNlArtilj4cr4+a0bF3jyKIfHksRUVZWSnZWCn89NdWerxJR0UgoqyCh7RmhaCQ63Alm0xZIBE2fTb+RkGjfXpkUrXYb3H8WaHxfz47jxWG5fy87Vswm8sk9s87gY+jq8zuzg/CHJXlfPpFNnyaClcf7Xbvf/sOTsL8d/Y+u/veXz4xgB+a2amew59gJzJwH5DbWr/YNS6S3SlErPBbwM286nLDt+yz7JhzQb3saYq7unPb6znFcRNRB/encF75USr2Fb1BKvZc4/kXd6Ejli5wUXFlB8eRFFzot5cHMdBVdXUOWhbNSyWy0L+yF+L899V/L0xgKx8zk8dxzH07MDee4+jOo7E3gcOo+M2+OIvf4zrocGEXp+KJe2N+fqga6EuP3Isc292Tq9IysEzLPHt2LLchM2zm3NktHN2DxNmy1jmrD3pzZYL9Bly9g2GNX/lqGaP7BxcH32TtNl27gWmM/QFKgbsnZ0W6Ya1WFmxzoMbPI/rOzTHLv5GrhsaMzFdbU5t16b+0fa4HNAkxCnyeo7PGXKlH9r5X/vlv4aCtCGDx+Gx+3rxEb4kRjuTUqMH7EhntwPC+fBy4+Uv4GSp2/JyM0jJMifw/stGTpwEC2bt1Chrpi5std4nVoCdwF1CzF5Iz0tuhvrM2nCODQaKRtTNKRB/fry+DpqgRel61wNsefG9etgLEbe11gLE4G2ZpN69O0gxm7clh4GrTBq3Zh2LRvRTiz9h+//GPf+aukKwL/2NPw+GU4epyQSX0u5/g7v77//49yX81/XmWcLICLEuGOT80nNKCEgOIYAMdq4VMXKlZ9l4B8SR2JqgQp3v/AEgr50v6vj6lEpJIsphit2L49NEWhHJaYK6BPEyPPku5hLlFh/olh5ksA7UqlcJglBrNh9rEApSZ4zQew/Ia9cQqCfVyT/Twmpci4xq0AFeHZhIaUV5RQ/yKOqPJdXDzN5+yiVd5XZvH5SzKsnD3heVsDrilw+Pkzng7R9bx8X8uapMoxXSIkAPj8/Q9qLPF7LfeXcu6fFvHteJjCv4sOLMp4/f4ZnSDqH3ZPZeysVqxupqq2beypr7zPZdCWRhSfvM3n/VUbuPMs4s/MsPObFducYrNxTOeydxL6bkaw6fu0vQB8ydKwkezVAb6QYughZk2YGYuhGXwxdgN5KAbqxGHpnFeg6+r3p1mMkP89ZwVGb08SER1Gam0NFaQ3QS0oeUVhUKYYrCVJ0hmrl+3ZZYymhrOfeud1C4H0M6wMn1LA5fJpD1ifYu6dmmZrZdlOJnez6dTtmm9ZgabpNLP4whw4cxfaQHQ6nnbl8yQNX13tUVz/lvJMLWjqSaOj1lNfWE229HugoodsDbQl9gfmkSfM5I68jOjKB4sIHlBaX/x4lhQJ2+Vxzs/LUCndJienyuhMIC1FKJYfjezdA+BOi7hLndy+Eu3cD+cevYsqTtdrSr0VbumiIITfVwbCxFtOMDbk6fzCR28aps9uLj84m3XwyHsvHCFT60VOzPboa2nRq056B7TqwdXA3jo3tzumxPbHpa8Ku9nps1dVhXxcjLo/ti8u4Ppzq1wG7fkacH9Gds0M6Y9fLhH26+pg202ZtUwOBrh7DBNzj6+rRQ6zc4AcdCW2xdj1mNOuAx+jxRHToTKCmHifa6tFbDLyDwHpFp37YjpuM/eTpOIupuy1bzYEew1nbSI+V9dqyrJ4W82uLsWvoc2btep4qNq4YuhpZv1v6k9+PNecU6FWKIT+rLFIvsuAgNy46HWSP+Qq8BOj+Snf7PbH0ey5fut4vkRR8nbKMUDIjvLl7+TgXDm3DyWIdPmf2keh1liQvex7HXudFwjU5XuNZ6l1e5EbwSrXxRF4XRlIVf5vK2NtUJ3hREuxMofdxLpotZWIvI+Z312ZlL02GGjRn6aB2WM8fwrkdc8mPvaOWvc1P8MPj2BJMpxvQskVzWusYqBPilC73ho1bEB50Wy1pW1maQpF8WeNjQnA8dYiLFx0JDgsTE8ghXBqhoKQCbgUlMnfVNsZPn4+uVnu6GXbHfI0pgVcDSLkVhuOuvQzu1ZVZo3sScfMw4Ze2Ee68h4gbh7h/cS+7189m/ISxklC0Yf8B67+B+vN/gPbfl7P9ye3fV8GjQAH3LbWL/WPOWbVr/XPJdTXepxzhZdBmqn1XiKGbC8jtVKB/TD2q2ni15xLVyJUJba/Cdgh0F/M2YR9vo5R67atJtRpM2MauBG7oRvDWHiQdGEWk6UDiLIaTcXomj90W88xnBU8F4i+UJWuSNFTemMPDc9PVpWovb43h5d0hlF5sR77Hz+TeX0aCAH37uHqsn9AI+42G7F1syF3nSXKdLMfTcQkjtP6bvq3+yarZHfl1dSe2L2zOylEN2D5Zg4OLOnBkoT7HFhoys0NDutf/b1p9+0/WdKuN6cB6bB7SjFU96mE5sQ0/dqhNtzr/oEvD/6Zb09qMbvEDK3W/YavhPzkw/J+cmfcddnP+i9tmdXhaGkFRUdHvlc7+PmlMMfGvs77/gPp36Ohoi8VYEBcTTGp8KOmJYWSlRpGdGkf+w2cC8888fAcPBepFDx+L5cXjc8cDO5uDrF6yiOkTJ9K5ozLZqQbYGhqN6aCryeCexiydP5c9cj01a9pCHWdXQP4V5jVw/U7tQldsXbndSMDeSuy8ZaM6dNdvQd+OmnTRaU57sXOly721Rv1/ncX+9yTlmz8lK2rC8IMa3/8O95qyrl/Pf4V5QUExkTGJxKVkCkSL1DHwoNB4sfBUAWqx2HYOYdEpxCRkkSHwDYtJUyfDJYh5xwuU/UPiVaAnZZUQnZxNRHya2LlAJjVD7qeKiReo3fAJAvU0sfLohJoueeX3w+V2RGIuCRnFhMnzh6fkEJ8t0M/KJa/4AcXFxZSWFvHwYREVDwt4XFnIs8d5vHmSz7uqbN5XZ/CpSokcPsn53x4r5/L5WJXJb5VpfK7O4bNAG4n3zyp4rky6fSIgr84V2EvIY98+USz9IZ+ePeTtsyoSM4q4HpTC0dtKF388u26mY+aWjoW7sk4+i7XnQpm+35l+6/bRZeFGhqzfz+yD19l0KYJ97gli9THye2EUPvyjNsXYsVPkOqlZtta4sW4N1Jsa/KnbvaM6Ka5FK5MaoGt1pa1uT4YOm86JY47qZiuFufk8razk8aNHlBbJe1NUQW5uOdFRaVjsPsLoIRPp2XkA/XoNY0CfEYwbPU3AvY9jx+w5eOCYXOsnBOhKdbiD7DLdw66dZgLzHezavpVta1eydd1KLHfv5oDFQQ7uP8KxI3acd3Th0mV3ef8rcXG5pZq5jl4vNRSg67ZTbvdET78XA4dO4+KFW+TlFgrMS3hQUkFpyUM5ShIm11hRXiEF2fK55uSTlV5IXGyyauS3Xd1xvXqL61fd8XD3ETsPle/ZPe75BvCPlZ0MGCQw79RIi/b129K2dlta/yBfMu12uC0fTfzuKZTaCTCspxErcN8wfhitG+lTv1ZbGooFN5bQ1jCkh15H1g3tjt3EvuzqbcLmjoasN9BndydDXGYM5vrk/pwZ0BH7ASZqOAzszLn+XbBpb8BB/XZsaypQF/AulOddJs85pa4ugxTAy3F2Qz0OSAIRNWoE0QbtidATMGvpMbyuZOm1tDAbMgbbidOxGTmO42Mn4/zzYm4sPlc9HgAAgABJREFU+oVdBj1Z2UCb5WLmSxvqs1W/C/bzFqhj5Sq01TrtX4xc7XbP+AL3DPW2st96ZWk6j0prut2LS7JxuWzDDRcbrshRmRCnQP2+Ened5XgZPzkXHXiDypwoKrKiSAl2476TNf6nzbhvu5ZI+y1Uxt3gWaYvL7Lv86o4mjfFiTzNDOKxWPmL3HCxdjH4yBtURbpSfM8Br53TGNyuDQcWT8J3z0wOT+uE2cxeXDCdyz37Hdx3PYPbyV8pz4og+PJOIs5O5uya7kwZ1U3dYKOeOktdgwZNW3H21BGqlb9LSVYqComPj1R3xkqTC+fcJRc87/px3f0u9yNT2bLXhuXzfuHQ6l3Ym9rg7+RD7K0oYi8Fcd/qLL/OXcDgPt25aL2RKIG4/4mVxLgeIif0OikBzlx3sKBP/z600NRWS87++0pwn/+lwtu/npPbL3P5/MhXTNytZt/yHAc+5TmCMmZeeIkPydY891/Dk3sr+ZAg9pxyULXyjynWYuQrqHRbyKvg7bxUCsGEbudF8GZ1kxVlCdursJ3E7RvJ7bkGeC00Uou1BG/uQ4zZYO6v603s3vHkn5nMoyuzKLs8TcA+n8qr01WYl1+cRonNGB6f7sVr/5E89R9FgnVzrq+sz5r+TVkxXGx6sR6mP7USKH/DsjGGXLSdhfPRYawa3Zx1YzRYNKw5yyZqsmmRERsW6LFpVgv2LW7B8XWdODJfjyOTWmDRrx4nxMjnSgIwqfV3bOnagH3TunB4wSDWdq7DDP0fGKP5PQOb18ak7v8wo9W3rGgr0fy/+LXrP7Gd8Y0A/Z/4HRupvqM7d5oK6L77C+j+3NX+7d8s9vtatfh59iyxbl+SBeYZydFkpcWQl5lITkEehVUvKX/1Gw/fQqVAvfTxM9LTktUtVz1u38bF2ZkTR204uPtXTH9ZwJrFc9m7ZQOHLS2lwbTkppsH5y5cUpe1KV3xKsy/q4G5AnUF5opx16r1vTopT4F6w7p1BOh16WbQWu1276LbEkOBuX7rJjUbtfzpb1C73P8E8L//fTXd6V+B/v3v3exfga6Wc/3tNzLTsogWWCQkpJCZkydGnkZUcppAXAwqSxrdVAG0NLwJKdkkK3admk+EGLkC5/S8MrHxLKLiM9Xuc6X7XZkkl5ieS3J2nth+KikZOaRmF6hJQUqWsoGNJAjyXMrtpCxJHuR5FONPSBfQpxWQIFYeJfau/F6eQKCwUNmOOJ/qh4W8rCpWbfvtU8Wu88TIs3nzOI1Pj5L5TUz9sxj7h4ok3j9O57cn6Xx+kspv1dkC9RI+PSnlw7MyPjwvEcDnybksfpNE4L0Sj3MkCSjgozz3+xclYumPKXlUTVhqIRd8Bexi3vvdE1VrP+iewU6XGObbujJ0tSkdpv6EwfTZDFi9m58F6lsuBmPhFsVe10iCUv/YoGX6tDk0biR23lBHPTZu8qXbXV26ZkQzsfRmLY1VS2/Vuotq6IZGA5g/fx2n7S6o3dIKGJ8/fc6Tx9VqmenCgjLSRFZsDtvTq/sQ2ut2QrNlO1qJUGo0bElLOY4VqFtaHsHS4rCY+UH2WR6UoxW7Tc3ZvcMMczNT9uzczk65djcuWSB2b8pBCyusrWw4flQpQHMJR4crklSVcfO2j5pkaAvMlaNuuz7oGfRF16A3Jp2GsG27FamSDJaJiZcWFlP+4JEaZSUC9yIBen4R+QL7XEnwMuQ6igyJ4YazK2eO2+Nof4FzDpe5fs2Nuz7+8h27g6+3P/+YLnbeU4zcuEFbOsgbp2x+0uLb1nRroY/DzP4k7p5G0ZFZFFrP4PLCEeg2N0RHtxttdLvWdH00NsBQqyPttTrQs1MP5vftyuoexqztaoxZ786Y9+qA4/heeMwdif0gY073M+ZkHyNOiW2e6WbIORNDTujosre1Nts1tNgpH+AuAftuAfEOycpMNXQ4od2eW506E9m7OzGGBsR2NOCqsRET5TUbi6HvHDiao+OnYTVojBpnZ8zBdekKHGfMZYdRP5Y2NWK5Zle2dR7IhYWLeVSQKLDO+GLiNfubf41qdab71z3PvwC9JFXdHvXVqxfyYa/FwmIVixZN4PatM+qEOAXmfnL0v3uZe2LpfncvEuDjRFq0By/LkykOukix3ylKfI/wMMyJ6hRvdeLby/xIXhUl8CglkPKoWxQEOlIceJbMa2aUBznxOM6TSoF6vJMpppO6c2nlGBwX9MNuxWhuOYkR+97C5+IhPC4cxN5qA5G35P+Iv0e0px3XDi5i6igTWmq1o27DJtSq14j6Gs2xPWROWX4clWXZPKl6IBeeNBpZGRSXleMfGoO57WmWrNnCbgtrhkuWvHLRarLuxBPjdIcbu0+wZ/F2Zo2YSffOPdWZyTOmT+H+dVtCLu7C02YpYa5HyA5zp0Beh6ujFR2NO9CoWXMV6GHhEX/rVuc/rFH/M/vfSGOTwOcKLyhz41PuOYG5vUDdid+UbnaB+fu4/eq2pq+C1vMmdhdvo01VwH9IPkyVx3KB+WIB+K+8i97Dh8QD6vrzj8n71TXpL8N3knp8EqFb+hJnPoSU/SPIOjaDGPNhxO8bQ5rtbLKOTCD9wEgyD4+h6NRESs9OochuDMV2AvqDQ3hq3483/oN5k/4LZR6D5XOeTfiZDhyY1ASLOW0E3uOwEfOf36su8/o05ZfR7dg6tTOLBmkxuXNDds815NCafqydZsjwjo3Zs64Hl0+O5PByA0yH1sNmajOurerBhm61GN7kn4xsWQtLeR6r4TpYjjTAfY0x5xbqsq1/Q2ynGXNolDa7OzdgscB8jf63kvDWxnzsPzk09b+Id7fk9evX8rl0o16DxuoY8d93JlPM9c9mXk+pZz50JE5OZ9WJk4nRAaTFB5OdFluze5o0nAUC9LKXn3gkQK8SoJc/e6MmigkJcURFRRMRFUdAYCD3PG/h5+Uu52IJi4zC734QN257EhgezaVrN9DTaydA/wLW72qKunz/3dcu9+/E0H9Qf96oUVM0xNK1mjRQu9p7CdA7aDXBoHVjmjSs+5fJb3/5+/60VE2pvf7dn0D/dWLc918mx32dDKfAXNnr3NfbmxtXrhIZFq7u2R0XJ6YdEU5sUjJJ6QqoUwiNjCM2MZ1spWZ4RjZJKRlkZBZQKHaYkSHAT8omM6+UjNxSMXgxbwXGmflyTCMuIVl+r4gkSRrikjMkASghIS2P5PQ8SbgL1br3ytK3JEkG4lIUY1d6Awrk8XlkZOWTLQlGcUkelZVFvBYofxDofhCrfleZw7vHqXyoShKAR/PhQQQfS6L4/CCaz+Vyu1zOVcSItSfwSSz9t6osAXoe7yQ+isH/VpEi8E+U72A8n+Rx78pj+VApSUF1Jh9fFfHhdSUf3j7h5avXFFU8JyylhBuhaTgHZXIxIA07n3j2Xvbhl33HmLryF/ovmkffRSuYsOkQq2xvsetqKPtdYwlOL/v9az937lLVzJs2bYeGhr66VK2JGHpTBejKTHe1291E7XpXlq7pCDB79RnP2tU78fLwJ0sSnLKSBzytqlaBXlxUps4UDwqIZvK4nzAx6oO+difaCOfatNSnmYYm9es0pmXztixasJI9uywx27kbC/P9WOy1wnLPfvaambN3lxkWZgJ2UzP2bJN2cvs2DltZc+iALSePO3D29CXO2l+mSIDs7eOndrkrQFcSjq9A1zPsx5Rpi4mNSROYP6BEPvOy0goqyip5VKGs7S+nrLiUwhyBeUa+hCR4kcncuHyDA6b7sd1ng53NGezl/7rq4oaX513c3bzw8brHP0a3bEtvgWa35vp0adEOvXo6tPpOk45NdTkyoScpFtMpOTqbgoPTsJs5iE5axkwaNwVD4z40qK9Piwb6GMobrS8Z1JD+wxgm4J3fuQMb+3XFrG8nDgzoguu8UfitmsSlcd1xGt5NTF2BensuiqVf7mHEVRMj7OWLvL+lDkdateOUthEnW+tzuo0ul9t3xLVjBwL79SDUyIh4EwPSxOydOxsxVR7frZ6YvXE/bCbMZE+fUZj3HYH99J+4NH8hzvOXYjd5Nrv6j2Vdt2HsHDIe182bqChKokos9bFq4pm/w7zq98hQj0p3+6PSNB4WpwnQK2vMxnQdlxz3c9R6C+bma/DzFoB7K+vRlQpyAnTvGqgrBWW8XaxJ97ahNMiOh4G2PLizl+roCzxL9+dVbijvShJ4lh3OwwgXsm5YEHh8LQ4bp3Jz7VDyPG15GOdNRbQ7pSGXSXUx587u2awf0BZnqzX4et7gor0tlx0OY39sL6vnT+a02RLSQq5TmhaK55nN7Fw8BF2lgayvoY6hN2zSksWLfyYy4CrFOXE8flhAaXEWBXkZktlLg5BXSEh8BjZyoZh070drLX1atTVk/ODxTBk4Hv0OfWnZ1kjgrEmjFtr0GzwaZ2nk44Nu4WW7Ck+79UR6niJTgF6ccJ8T+zfRQJKJug2a0KBxc/b93u3OvzHyfwP1D0/5XBWkWrmynlwpx/oh84RavlUx899y7dWKb8pM9ldhmwTgVmLdZrxTgJ14kKc+q6i8vZinfut4F2shoDfnt4wT6oS2t8qMdr/NpAvMla71RKvhJFsNJd/hR4rPLyDOcgQ5J2aQfXgopY5TSN47mATTfsSZ9iXVciiJcoxcY0Kh1WDeBU0jw86YIvd+5FzvR4RFC4IOtMN9uw6XNrbH5/wUrh0aiNWynuxeMIQdM3uwbYoJWxcMZWwvHab3acPFg9OJ9t3BqR0jMZutj/Wmvvw6tKmYdTMBelN+NPyBabrfMrdzI4Y0/YbdPRpj1b8BDhPbcnNRK64u0+PQ6Dacn98D2yEaHOqvgdWAZuzo1ZiVJt+wqdc/sRjzrfq2Xr7sTJ069WmrbahOSvtzF/Q3f+qKbtq0GZNmzWPP4RNccXMnNMSf5IRIUuKCSIrwJjMzhYKHj8mvfEbh41eUPntP+WtUqJe/fE9BUZG633lKZq4KJwVwqRmZZBcqQMsnOjYG/5Awbnn54OV7j2uuyg6CxjWG/kONhX/3ZQa6Mn5eWwmBuWLoCpybNKyHTrOGDOqiq0K9g2YTNJs2+ALpP02G+/Pkvm//OtP9j/Xn3/xl7PzrWHpwcAgfP36Uxn0rk8aPYsXyBazfsIK9lmbY2Z3gksslPH3u4BdwHz9JWALk74kVe09Rus+jo1Xop4jBJyWmqvtup4p5pwucE1Mk2RFop2bkkpiUJXBPI0uAnJmljJ9nkJVbRJoCekkAUsTC0yQpiE/JErDLeyq3UwXqaTkPBfZFAvISSRgeUFZWqs6LeaaMg1dlCqAT+fAwmvclIbwpCuRdgT9vc3zUeJN1h1dpt3iWcotXmZ68zb/H+6IggX0MHwXe7wXYbyrkWBonibPAvjgMisL4JM/xIc9bHnufz5UJ/PZSTP21mPwrMfqX5Xx481zA/oqy6mekCaSCklLxDo/lhn8kTjfvcOzsOXbaWLFq/0FWWpzmgEsQ5+9lcswtieA/Gfrp007MmrGMvn3H06PnaBXaGs2NpT3qStOWRgLILrRs3Vmikzq7XVevJ2PGzMbm0EnCQyLJycqhuCCfR/KePCx7KG1cCdlZSlGWcLp16kPDek1pVF/axHpNaFi/mVpTvW7tBmr99Ekihzu2mrLr152Y79zFAQH6AYsDWO7ei8VugfzuPWrYHLDC7tBBjhw4iNW+g2L+J9VJdvby2vPzCwkMDPsd6Fo6PdBr15d27fvTvccoHM9do0heU3F2NoXymZdKwlFZUS1ArxJLrxDIl1IgZp6TlintdSiXTp9l/YrVLBBJ3bh4DXu37+XksfNcc3bnjuc9PD3uctvtDv8Yo3Rd6xoysr0JPTQN0KurTZtabenaSocDY7uRazOHh/aLBepzOPfTICZ168vqmbOZOn46WmK+OpI5ddI2RrOhHoN6D6Rnh05MNO7Ihj5d2NLFEKvBJtxZOZGMQ2vwXjgS5wm9cRzalTP9O3N+UFfcR/TDb0R/vHr34FJHE84aGnOj/yACxo/Gf3B/fHt2w79vd4L6dCeqvSGpkgCk9DXGQcx+oa4BE9q2Z5FOZ2ynzmF9l6FsMBmM9ejJnJz8I5fnLeHi3CUcHDudrQPHYjZyEhfXbBCgp4h1p6nArhJTV+BeqUaGGHmGelS62R/KYyoE5uVFSqSqF9o1V2euXTmC9eEtHLDeJOC+qALcV4G69yU1FMgr5n7X6zyhXqdI8zxA3OGppJ/5margE7zMDuVZbgxV6RGkedhhs0xsbMl4Ng/TkTBk98gORAkcy8NuUnL/vFi7EzkeR/G3WcaR+YNZM2UA9qcO8dPMiaxfv4zNG1ay32Ib+7ct4eapXylIDCQ3+DxXDq9m4OBB1G3UhB/E0GvXayxm1gW7g1vwcztLXnIoTx4V8PRxGY+ryiWLlYY3I5UQsaXzl2+xQS6alet3CsQlO25tQMduAzHs0o9J0+djYXWEyxfsuX3lJJ4OZlwwnYHrsfWE3T5FSvBNipODcD69j7pqMqFB/UbNqC1G+J/N/G/338mXu9K3xsrzzvEh7ai6W5q61jz/Eh+SrHkdup0nvst4G7NL7VpX9id/r+xrHmXKc/916vpzpbv9Tay5Omb+LtFaLN1UrctedXsZKYfHC8hHkWw9msT9wyg6O4Pyq8vJsJ1M0qERVF6fxwvfNZSen0bSnoGk7h1EqvlAknb1IW3PANLNelB9YTgfMxdJfjFQkrAZFN75kevr2rCyw/9g0e87vNc2J+P8cIKO9SHaYxGJ9/bgf3EDdpsnYWe5Dl9XG9ZPao/HqV9I8FzEvVNjsZrRilV9mmE9vhkOC7XY0vM7+tT9L8Zq12ZF9zr80qkOFyY24+oMTY4Pqs/lKY3xWKyP95ZxeCzpyvnRrbAbpIHj2Bb82rMRy9t/y2yt/8N9p901E46GDKdh4yYCdQFiixY0ql3r9/H0rzCvU7cus+cvwvmmGx4CLB/vW8RE3CclMYL0ZLluE0IoKCun6LHAXAF65XOKql9T8vwTFW/g4avfKH1YRUFxCQWP5GcSBdJYFcq5XDGRpPRMwmJiuRscxnV3T846OXLO0ZHZP82iVYtm6sQ5ZWOUPyanfat2uyvxncBXQ6MRRgY6apnXId0N1KOxlrLm/bt/nRPwe/f6t/8yZ+DPy/H+Cvia2uwfP37A1GwzAwd0Y8ig3owaM5ARo3szdGRPBg3pzeQpY5k0eRwDBvZl8OABDB82hHk//8yvAoPDh6w5cewoF8+f4+Z1ScAdz8v7eE8Fe0xMgtptHxkeo27dmaDUr0+IJiQkmHv+gSqUomMSiUlOJ1GgnyRGniEwzxQTT5f3Lj8nh/ysbPKysyh78ECsvIon1Y8E5kW8epjG29JIaWd8eJnuytMEZ14mX5W4wVsB+Vs5/ybnLu9yvHiX7cmbjNu8V445frwvjuTdwzjeP4oXc4/jY2kUb4qD+a0wmM9Z3vyWel0SZic+ZrnyqTRI7ap//6xAYF7Cu6dFfHpexuc3j3j35jGv3lZTUVkkSUsqEbHx+EWGczfwPjfcb2J78TKmx505fi2Ya8G5OPhmEZ5V8XsL4HH7rtjwUfbutsVizzF27TzMbjkuXbqdmTNW0KvXWAw7DFQBqZhv735j2WV2QJ0klikJVIG8L0W5ORKZ6nh0jpIEJWfhfy+c8SNn0LqFjrrRibLTWb3ayn7lyhLKRmi20mbu7EVs27SDnduUIjK/sm+3KQcszbEy38e+PebsM9/L/r0WHD1ozXHrQ1jL7T27LLA+cITjR09y4vgZciQ5i4qKk2RDgK7bGx3DvnTrMZphI2awZeNugv2DiY2IICk2ipSYCLJThUnlj3hYWqEae5EkvBnxibhfcmbbslWsX7qWVk110GqmxY8DR7FxyVqOH3HAw+M+3t73uecbiLu7L/+YIgY3uaMxY00601nsuM33bWj+XRu6tmmH2bDOFNkt4Pm1jVScWcK5eSOZNWAAM0ZMYqTYuJF2Rzpqd8CgpSHttLswadhwpg8YzNh27djWoz3bu7bj2Kju+K6aQNU1S9IPrsR/yUSuTxvCxTGDxNiHcWviKHzGDSV46hhi583i/tSJeIwcQcKS+WSvXEDKjPHEjh1KdN9eJHY0JKd/J1IHduV4FyN5fhO2yJdooX4XLEZPY1XnoawyGcLO/uM5PGoq1xav5PzshRyZOIudQyeyc/hEnNZvorwgWaxb6Ur/o1v9azwsSVXPK0dlaVcN0FN5UJDEu7evqK6uki/pNi46H8T7jhM+nufxFRu/K+HjpRwF8F+grsJe2YVN2f/cbDp+W7pTemc/5THuFEZ4EXL1BDet1+NqNo9Yu1+4bzGT8EMLcd8ykUz3YxT7XSTvnj35d+3I8TpBvIslbta/sHrWcFYtnc/0GRPYtXsbFnt3YLpzIxtXzsPOXFk650p+/H1CvJzZsn6lmHkLatVvpC5ba9i0JXr6BkyW9/+O835y44PU96KyvIDnTx+qcE9NiZPsMoBwsfXb98LYsNtKMuurnDh/gzVbd2NpdZArAvPLpyyYM7YHZguH4bh7LjePryfgmg2JgdeJv3eFOZMGUreeRg3Uv4B9/18s/d+Ml3/+CK/ShQh3+PzAlfcZJ3mfdJhPOWfVEq7K+LmyeUq170o1PqYeVuN94j51rblS3vW532qx9mU8EUN/G7lLHTd/G6XMSt+vTpp7cOVnMk5MInrPIGIshpFyaCw5Jyepe44XOM6hyGEmzzwWi8Vv5XXARqqVsXLH6RQcHUXR8RGk7O5BtmVfKhwm8NprCq/iVlAesJhoi85cn92QNR1qs3NYU+a0/garzt9i1f6/ONrrG0L29CTpcG8yXH/EYVV3LKd14+BPvVk2pD0Xt47gzNLe7BqtjY9Yv+dOI07ObMq5ZW2wW2TA1rF6nD64nOuOv+K4eRinx9XlVPfvODesBe7TdfH/v3SdBViV29aozz25z27d7m1su7u7E1QMbLG7u0VRFBRJaVBARMFAQVERTFqU7u4uCQUE1P3esT7cnnP/ey/PM55vrcViFXPNd7zzm3PM9X14tr4nztN+xmzovzjV95+YTvyec9NasGvIt2wb2mznwcHBCqxUG4t8//0P/KLadKTNr3z/72/+D6iNmTgNx+vXued1h3ue1/F7cpeoNy+Jjw4mOS6UnNws8koryC2vJqf8vZh6FRkl78ipbKKw9g/KVZZe84GCqnryaz6SV1lPXsU78itrySp7R3h8Ck/8Arjn84IrN9y5aG2Nnp4ee3btYPSQvnRo+xvtWv/6dRKc6vy5ysyVCWryutv+1pKendsxslcHJgzsSr9Ov9KuVYv/B8T/Z2W4/5Rx/ed/LWn7xz//1bzr2pfle8p+5p8/c9v9Btt3bWLZioVMFsGYOGkM4ycNZdT4ofQf1IsxIhrTpk1m4oRRDBs2gH59utO/Tw/Gjh3LzJnTUZs2iZlqU5k/fxYLNeewbPlStu/Yxc7te9i1aw/79x1g/9496Oocw8LMCGsLE8wEFKZifS6urrjcuInrTXeePfXndXiMQClaYBVFaeobSmJf8DYjjLLCdEqKsuWYxvuSWIF5iBj3Ez4k3qbqtQMl/lbSPq3IemJJXqADVXHu1KU8FJh7i2370pTmLZd9qU/3py4nVKl/oTL1z0VhNBT68TH3OZ+S5LsYYSuJsSm1QRbUhF6iKfWB3C+UT5VpNL3L52NtKZ/qC6G+iM8C9Y8fyuR6hVKcKycrhzeJ8fhHhSkrIq7f8WGfviX7Llzh9BUf9G8EEZCQ/7VXePk8GEszZ8xNnJTjRUMHzE2dxMCdBJouWF68KkbsLCC1YO/u0+zdo4OxkbUyWzwzOVWAmCKGmySgjBbLTZDkJ4uo8HhCQmI4fcKQUUOmKLuwtfhRZEO149mPvyi7mo0dNZEdW3dz/LC2AP0op44f5eCuLXI8hP4pXS7o6SpANzpngM1FC+wtbQTsFzE1NsfUyFwBuo3VZZLlNURLwta560i6dBtN70GTma6uxaFDOjz08OJVwAsiQvwID3pG2IuHRAS9JEuSNFWkJSaSFBtDwMNHHFi5lmkjJmN5wZYeHfrSSxi9Tn0+ugd0uO58V/rpN5Ik+int4/HjAP6yaeQwdASoh9Umod67H31/60l7FdDbCtDFpHPstlHjfogK1wM8P7wU212rmTBsPH26DVXOp/fsLHbepg99egxh6MBhrB03khMTh3BuwgD0x/XFefEYIs6uofC6DulWe4k4vYUby9Rwnj8D363rubtUk0eLZuGvNY/kw1vJNzlFznltEvZto0j/BAVH95C9Yx0JalNIGyMJxvTRhE8Zjp1cNps5AYN501ndbSB7hk1iw8BpbBg0jf0jZ3J60lwsNaXj1FqH+YIV6EzXRG/2YrzO6wukE79GSZ5qWD1JgXixCuJi5UXK75pBrrLzgqw4JVTAU/14eFzihgDdx/sK1ta6uF4z44nA3Me7OXwfXVNgrrpNZeleN0y5Z7CWV6bLyL6vR27gVTICbvHK3Rb7Y2uJuGlImrcdea/uk+TtwAurQ8TfsybV5wqZT8Skn9iTJaYe/9CCgLtWuLnYM3feTMaNH83efTs4emw/GzauZowkOQfXzxOoypdXgJ4RE4ClkQ6t2nRSKsU1z3b/jR9b/UqfPn1Zv3I2jhe1eX7fiYgALwoyYyWpSaOsIIXctFgCpVPzD3nNPW8fnJxduOTojKW5Cc72xrg7GnN40wKmj+jCGvUBnFw/hXt2xwh55EBKuC/Z8a9YvmiuUju+5S+tFaj/JM+tMXfB/9/SP72H8pdfCsW4ipVb0xhvLjBXTX7zUCbCqWaplz/exDv/fTSKlX9OtuBjrAkfEyx4H3SYIvc1JJtNI9VqJiV3N1J4Q4vSO6sF8vsUwOe7riLFSpPQ0xMJF5jHGs4m49IKcq5vJc1xI/EWmlR7b1Wqyn14dZwKj5XUPNxMzb31AvbllF5bSLbJWEouz6LCaSZVTxZRHXWMgpvqPFn4DSa9/sFhiY1d/82xPt9hNOBfWA7/Ds8lvfCc05rnKzsQenQQVxe0ZW/Xf7L293+wuMu/ODrtdzz1V+N1Zg6Wq/pydd8w7p9Qw22DaovgFtw6PoWw166kZATiY7UCz6W/EXpgEE9WdMZrcQ+uz+uAndi62ZRfWdjhHxjNaSeJbFuOT/ie3SO/4fyaqcqnvGLFSgVqyj7eXyz1mz+H27/s7d3yl1bsPXyM+9738fa+wxMfd4L97hMT9pLk+NekJUVQWC6ddFkFmWLdmSVvySpSXa4mq6KBvFooFEsvfP+RgpomAbpAvrqB/LfvyBPAJ+aX4fcqDLvLl7l60wPrK24YmFlw9Pgxtm1ay4wxAsYeHejWoTUd27aiU7vf+L31b0pRGtWEtR8F8m1/+YmOv/3M+AFdGNWvE+rjhzFqcC+x+1+V8+3/+i/T/p8W/j+v/8916n/CPCgwiPte97jreYcb7jdxdHHB6aoL+oZ6bN6xWSC/DO2TJzAyMsHCwozLV504o39WEoBdrN+8VWIDGiItE6dPZOZ8DeYvFhGap8HshfOZv3AhM2arozZHnZkaakyePIEF8+YwU3064yU5mC23ay5dyMo1K1m7fh1bdmzlgvEF6V9ukxr5lOJoH1J9HUj3u05Boj8V+THUlcbysSSEhsxH1ERcIfepEXG3jpN2T5+0h0YU+ttRKbfXJtwQW79Bbawb9QkeNGY85aMYuOq8emN+GE1y/JgTLCB/yqd0Lxoinah8eUpy7ANk3z1Auod8z16Y8z76Fh/E6j+XxYuZZ/O5tpBPdWV8rqvgjw8VfPpQLkCvpKG2gvc1kvwVFxMtoA2OjuOGpzdr9x1mwTYdVh63YaO+K96vUr72BqEhEdhbu3HJ5oYSjva3cfgSl+1ufQl3LtvewkEuX796T+w7mLTUHPIysyUEjqnJpCZESyIqtyeliBFHCNCjcXX2ZOr4mfz2S3uBePPe46qtSceMGIfWkpXs37WPYwcPoHvyOFtWr2bJgnmcOHpEQH5GTF2PC/rnMDEwwtbCBkfbS5KE2SlANze1ksv22Fk7kZiQTGJiKp27jGbAoOkMGaHOseP6ONg68uqlaqnnU8JfPiJYvltB3pIsv/InVRKevOwsMfViYVAR6clp+N69h5WBOWsWrWHxnGVsW7kVvcO6XL9yUyAeoKxLD/R/zeNHL/H1EaC7bJqL9dJp7BJALujXn74tu9Ll206Madsd3clDxKrXUON5XDqyfSQbrSft8lGcDq5l7rQpjB4zkYGDRtK75xD6dh3I7OFD0Zk2Evu5I7GbPRR7icDDy0g130m6zR5SLPcSfHIDfgc38GzfZu5uWMqjLWtwmDEeV40pvNm5ikoHI95dt6TqshHFRqepuniW6gsnqT5zkMKFahQsnIrfrLE4ThvHpWWzcN60RKx8OOu7Dmdl/8msGiL2OmoWhydoYKixlIuayzGeu5RjU+aiL9b+5s51BdJfgZ2b8BXuRWLkBdnxFGarjnFfQB6rRL7ALldC9RMjluLipI+t7Wm8vBx5dN9R2XTFR7UBy5dNWFShAvpjz8s4H1+O6+bhvLIQ2LgdIdvXgrSnjqS9vEWA20WSAz2Vvc3fV5VSVZBG6DVD4u5fIvnlTZKeCNQD3fG4pMfZE4dYsXAeNjaWrFq9nOkzJnNSR7JIXW2xgWn07taJXVpq+LhakB0bSF7yG0Ke3pUGNVRg/rtYumrovZWyhO2XNh3oM3AQi5fM4/Chjdy9ZkJS1EsKcxIUoBfnJlOYn0509GtuX7PnhNxH7+hmDA6tY63mBMYP7orm5IFozRrCkfXTcLiwkyc3LAh/cZeEcFVp2WcMGzqQH8XKW/4iz/drO35t3Z4OnXv8v3neIJm9ajhdBe4sVz6l2NOUfJk/sq4rxWI+Jtspdl3mtYnGqPNi6g58TDSXuMjHJGkvL/cKVLV4dWIIgQcGEn56PFG6kwnXGUfs+cli3QsE7qsF9JoEa48i4txk0u0WkWw+hwTjWbwWW0+9tIw6sfLPCYY0vTlJ1b2V1D3dRb0Yf6P/Aeoeb6DQbiqlDpIs2E2j8OIICq6OoCxwI1F6HfBe9A1Wg/7Bli7/5tz03hiPbYvZ8B+4NOU3XOd0xWXiT5gN+zeX1Vuyd/i3LP3976zp+E+OD/ke3UltsV3VD3+T6Xgcm4Sheh8uzu7LxVE/YKnWimCvM1RUJVKQF8yj0xo4j/sWu2k/YbN4IKbTOqM97AcODf8X2yS2Dvgnl5a359TUXxU7X9nz78SH+lNUVKSUM1WVMVUVSPla7vRfzfHnTO9xU2dyzdOLF36++D6+jd+zu7wO9CYuKlCM5zVZ6fK9qa4lt6KGjMIyMgvLycgvIaOgnKy3DeS8gwKx9HyBeIEK5FUfyH5bR05FHblyjE3P4sZtD3TFyE2sL2PtcgdjG0ex890smTeDaSP7MLJ/N+lT2tOrY2uG9e3GiIF9GNK/Jx1+b03rlj/SodWPdGnzM5OGdmfpAjW2btJCS3MGsycOYmjfzvTo1I4O7eS+v/6izJj/OnT/TfN5+f9rtvsXs1fB/JPA/MFjb0xMzbGXpOOSkyPmNjaYWlrjct0Nh6uOWF2y49ZdD+7I5+Rx/4EkP4+4efcuHg8eyeUnmNldQdfITI62GJhcwMLWDpvLV7hofxkja2uMLW05on2aA0e12XFoHysE2stXLmep1mKmTB/P+KljmCh2P1W+45pLF7Fg2WL2HNyF4yUTgh+58vy6KY+dDUkPvUdxsh/vct9QmxlETaIXJQEWFDwxIN/nPO9CHaiLEnjH3eJduAtlwfbURF3lfcxVaqOvSjJ6Xf7mgRh9gDK83pgdSGOWv0D+GU3x13j7zIhoh/U8M5onsYCHFxYTfkP64leO1MTeoyHDj8+l0TRWp0g+nsPnd4V8fi9Qry9Wht4/14qlq+DeUMmHurdUlJeQlJrGrXs+LN64g5FzlzFh+T5mbtLn9uPQr91BbHSSiMsDCS+uOt7BVYCtiusCY1eX+yJR95Xrzo7uymWPO0+IUG0Yk1NMQW6B9OUC9qx00pNiiXwdREp8IjFvwgkOieK6011WL95I/z4j6NC2K717DGL4kPHMnjGHres3c2z/fk5rH2WPJFHjho1h7469nNURO9fXw9TQEDNDE6wkAXWwtefaZQecLl3CVv6flhetsbaU/7O1A7GxqjkRmXTtMZ6+AybTb+Bkdu0+iu8DbyKDXxD28qEYuCuvnniSHBUmr1P4k5fH29IK5Rx6vryPnKwCMfVk/MTAb7vc5pqTJC+2Lty98ZA3r6MlaUgjOSmDiLA4SfT8eeD1jL88P7SIzWJ249p1ZVCrLvT4vhPdf+jExLY92Dd8AAGH5lJ+fb8AXTpM+61U3dWm7PZpQox2YLhqNhvVJ7FWMsqd00ZzYc4YXLUmcX/1OFwXDsNdaxxpVvt5e8+IIpeT5EgyEGWwW8zogIB9L1e15uO8aA4XJ4/BRm0S95bPI013HzVXLRSov3ex5K2FHhWmulSe3s8Hw2NUHJDGJSB3E8N3WTmPa5uXYLZgLuotejGn3VCW95vClhGz2CGWfkKs/LzGYowE6GdnaGI6bzFpoc++nhMvyokTgMX/53J2XDPMs+K+Rl5GDPlZzTDPyYjmw4f3vHtXybWrBtjbn8bGVpcbLiY89voC9QeqfdCbof743mVcL2zFbdNwHh6ZzBvbzSTe0qbgpQNZ/jdJe36V8tRX1Ir51zd8ULYuVe12FhXgzZPr1hTkpJGRGInnDWf69BvK7x17ium2ZsFCTfbt3yVZ/UQx8zXSULYxbvQIhvTqyqndK4gLeEBOYijpsQEc2beFVq078n2L3xSgf/+zasb7b/z86+8K1FUbtoweP0ay4VPEhT0hOyWcYvk88uW9FxZmkZObQVxcJG9C/QiUxhfkewd3JyNWzp2A7oG12Bsd5brlaQJ83YkJDZDGGUKavOY7t1xp0aqNMsyugrpqYp5q6dxPYuymFy3+DzP/VPlGmfSm2ua0Mc6KhmgzPmVeh1yVlTvTEHWBSt9dlD4Sc469wOeMSzTEGHyp/mZObdABsfFV5DjPJ89lKRl2mgLu+bw+MYqQoyOIvyDwdV1Bhq0mYWfGEy3Xk801SDRRI8lsJpF6k8hxWUZj6AE+Rp2g6fVhKu8upu75LppCT9Lgv48PL3bx9vocqtwWUO44kzJ7Nd7fmc77kIVUvNlGvtciIrR74TDpR/Rn9Ze2Nhjt/j/wYONQXmzpjc+aAdgP+Rtnev8VvTnt0Z7Xje2DvuP40J+xU+uA8egWnBz0Eze0euO+qT8Hu/+bi1O/4+7h4aRFOVHXVEFdbRI5YWbcW/Qj95f8gNvq33HaswynFROwHPWtxL8wHfMvzMf8E/OZP3N26jecmtsC2109lU9aV1f3y4xu1fC1akexnxSwq3YV+/775pnhw0eNx+nWfV5FhOPv9xD/F14ECtAjXj0lIUa17jyU3Ow0St59UKw7u7S62c7zi0kX886ubCKn5g8K6lQT4z5T+E4MvbqJ3OpG0kreE5WWjX9oOLaXnTl45DhHTxlg6+qFueNNdu89wHy1caiN7s/YwT0Z3LeLgL0n44b3Z8KIQUwaO5zeXdrTvuUPdG3TUjH0qcN6snXDcrZvXc2mNYtYNncy86cORnPqUBaqj5IYjbqIyaTRAxkztLd03p3p0L41LVv8pAzl/3d1vD/N3PelH4aWFzG1ssLkojnG5mZY2tlx9do1nJycsbS05LjOaXkPV7G9dAVLgbSZtR0GhqY4X72OpY0DZw3N0TU0Qs/EBP0L57Gxv8RFSwdsna9zR4B/79ELrt28z10vb6wlYdAzNeLMBX109c9w4PA+DmkfkddgjZ2LG653vLjufo9bXvd5+OQhbldscbEzJlj+P2/evCT4hQfJwZ5Uxz+lPs6Tqlc2lD835K2fOaUBtlRHXqMq0oXaqJu8j3ClKuwKb99cUibo1id705QTRGNOCJ/zgmjKeCEwf8KHuKtk3N7LvWMzuLByIEYbxuFpuImI2wYUhd6kJvU5DblBfCqKoKkykaaqBD5VpfC5Sky9upA/3hXwR02+AL5ArL1YTL2UT40VSrnp/MIcbnk8ZKrAvNeoCfQeP52BUxdz2dXja6+QGJ/Gvbsv8Lgtn9Wdp9y97aOURb13+ykeN30Faj7ccfPG7aont10f8ML3lSQBKZQUV/G2vFrAWCZSkkNOmkAvJkr60UQSo+MJfBHMNYebLJq9lLHDpjBy4FhpW5OZOmk2c9Tns3ntGrHz3Rzat50+3fuwZ/tOgbsO585I8nnBAOuLlhJWAtZLXLGz54qtLVfs7cXWrbEws8TKonnIPSoyhvSMbHr1nUTvfhOYp7kGEyMr/H18CfPzkX7UgxCfe8RLspGZKgJVWERVeSUVAvSyknJKCivIySwkOSGDkIA38hl44+X5jAf3nwvAY7/WeU9KSCUyIp6Q4Bie+AaLoa+ezs5xQxjcqiODWnahX4vO9BNLH/5LF9b27YXnhink2m+i+OpOCi/J0WEb7++r7EVHOsUthOquxnPHHHwPLMTv8EKC9s8m/Mgsnm4ZT7j2Ekpv61Hvf0lMRpuY81t5fnQNzitn47FVi6urNLm1dgnXBORXlmhwZ70WL7avJctYh+pr5nx6KI3QxYIGN0sqzx+iTu8ADTZnebVtGQ/WLMBbjP76uoXcE9vX6jqYEd92Y0rLAWh2G8u6oTPYIqauM1UT/ekLuDh3Mbf37aQgLVKBdqEA/E8b/xPi+f8Fc5WR532xchXUsyWyBOhVb5uH3Z89ccPWXoeNWzQlMzsmQHf4CnRVqADv4XCW+7pL8T46jUCjJcReP0z2EyvyY55RlZ9KdW4Eb/OS5R9YQmFRmbL0JDYxlcrqd5JxPVR2N6qs/YDWmo1816KNYteqyW1r16+XzH0KI0YOY7r6DCZOnkS3Lp0ZP6wfN+31SYt4oczMT4sJYJHmLH74pbUC8z/j+5/b8GPL5h3UVJDt3KMHZqbaksn6kpYQqpyjS4p7Q3ZmMpmqDRmyMiksLiYrN5fklGTCBNzHdq9WXmNAgB9B/i+IDHtNelqiMrx1/94dZs2S55XXq5rhrnqOH5XX8Av9hwxj9pzZf1aK4Y+y583D6Vk3BdKm1EcaKRCn8BEf052pDdWl9MFmavwO0RRnLOauAr7cJ8Waj/HGvA/YT+WLvbwPPEqFt9zv6V6qffdSeneDAH4Z+ddXSBtcS9HN1RS4ribOcDpplhpKEZkYg8lkXV4uv1tJY9hRSDPhY+g+ap9soO7FHhoCD4mZ76H+xXYqby+g6vpcxc5L7WdQ4baUsmuaFN2ZQs7TtcS5ryDweG9uzftJGU7Xn9iS7d3+wb0FLQjY3A2Pad/iMuwfmPb9K4ZzO6A9ux27R3/PafW2OM3rhLParzjM7cHFkd/hMOFnnHeMIj7ak3eN5dR/yKCq7DX5AWcIO/0rz1Z8R6j5VPz1huIj3zWHab9gLyB3GP8P7ixqg4uGJAnL2mK4+Ef0tH7j6c0LNEiy2KFDh6/Dy6p11j+qRmsk0WrVuoMC9p9/+ZXNh3QIjk0hIi6WoMDHBPg/JPilh7SN5yQK0FMTw8jLyxKgN1AksM4pqyE9r4T03CIx9bcC889kV30m//0fyrp0FdCzK8XQqz+SmFXMq6hUrgrIDh7TZevO/RzRNVb2BdAzd2TZ8hUK0GeMG8CkEf2YOLIfk0cNZMq4YahPGc2M8SPpIBDvJHbevW1LukpMHdqDtZLgb92wlC3rlrBywXQWTB/GwhnDWKI+ksUSy+eMR2v+RFbMHceK+ZNYLsnoghnDmTF2IAN7d6Fj+zbNZv7pE7c9b6FneAHt0ye5aCFQF0u3tLNRhrsvO9jj6OjARVNjjh7cj7HpRVxvuHLD/YbYtz237tzF94kPPr6P5PgYb9+HODjZcfLEQYwunMPOwVHs3FKs/ZKS0NjYX8FeEgQbOyf09I3ZtW8/e/bvZfvOLeid18fO2YVrd+/z+EUIT/1Defj8JZ6+T3Bxu4nH/ftcv3uH2153iQn3pywlhHfJPlS+uUKRrx6F3mcp97Om6rUTRYHmlARa8i7sqli6WPdrZ6rDXWlIfszn3FcC9FABegBNWc/4lOFDfYIruY9O43liLic0B3B0yQhuGmyl4JU7tWkCf+m3PhZFiplH0FAeT9PbBBrl8keJJtXwe3kan8uzJVEXY6/J4dO7XOXcelNtAfVi8O/fF/Pw0X005syje5+BdOzZly6DxmDt4PIV6KkpWTzw9OPhPX8ePwjA2yuAR55PuWxxGWf7q5JkBpEQlUh46BsBXrD0OxHSRxdKX/qOtxU1VJa9pawgn9z0dOKlTwoLfEFyXAw2RhZcEbveqDafcd2H0KddT4Z1HsD0YRNZt3gly2bNZMGsGXRu34GF8xegf0YX4/MGXDQ2FQu35JKNtAG7y1wViDvbWONoZS4wlzZiZoaFqcUXQ78siZa8npxc6e+mM2TYDA4fOiugd+BNcAAhz+4R9FiS5IBnpCfEKVvQVpSVK1FarCosU0iRKjnOyBOgpxMVnsDL56HyXYwgIT6TLDH3vNxi5fRCoqoAkRh6YGAk3t6B/OXOltnsHz2A8e26MfLXrozt0JvBv3VlYpturOjRE7cV40gxWkGJAD3HciV5VqvJs15DseN2yl33ke+0l2SLzaSZb6LQYRepxlqkX1hMrM4cEo030BDkQOVjc/Kv6XB/+1zc1s3GebUG93atxkW+hGbz1aSDU8dp1SKurl5ChL4OMWeOy2OIGd1zEqhfo/GWNZ/vWvNedw+NVqeI3r+Wp5IQPNyihdtKTS4vmo3OmLGM/6krY37qzYRf+rKoxxjmdRzBkbEz0Vebx6VFi4lxu6xMiPsT4ioLzf+vYfWvMJfIFYDnfI1oBeiZaXKUUP2kpITJF1vs1M1CMid7gbjTFzN3xvu+k1i1CY/sDvP4vBZ++vMJNl1OnOshsn3NqUh9Q01VmWRk+bwtKxQTLlTW6qqWOkREx+H16AmWtk6kZOSTV1xBmvzzDMztmD1/MUNGqIoSDGXw4EEMHjqIYSNURf670lWAvks+z2celynMiKI8L4WXD24I9EcqScAPXwHevB2q6py66qiq8a6y9Q1bNklG7CIN5BWFeZmkJMWKnWeSnBRPTGw4uQVFlFZUkpmTR640QFtTPV6FRZKckUVkVLRkjWHyHl7jec+DMeMnKfb/3c+t5LHbKLPsVSMBc+bPw9LciHvXraivKYfPDc2FYbLcBOaSwKU48DnViT8E5E1JdmLj5lQ+3acsTVNtgPJHqkA8zkiZBKea0a6q014XqsPHJHtl3XldyHHe+x8QuB9X9idXrT2v8tlP1ZP9lD/YQ4qFBhlWc0kTK4/QHUPm5SW8893B55iT8tiGYufa1D7bSI33OuqebReYi6H77eSt23zeOs+m1HYGpXYzqHRdRMXNFRRYzyDPfgzZ92YQfVWNlzojcdb8DbPxYsvqrdjZ9e+cG/p3HKf8G+fRf8d55L8w7PM3jg7/hgVd/i6J5/9Ce9YvWE0RE1/UCbelvXGa2Zbb87twbecwcrIf0Pi5mqpcD4L3dOOR5q/cFGsPk+fNiTIm+cEyfE+N4ZZWd+6v6Y7X8rbcWdwC4+k/cn5+G5b2+V8Ma/k3pb3eunXrfwwzq9Zcf6ckXD/81EI55zxyshoPAiOIkf9pRJR0lIE+BAd6E/LCk+gwf5JiJWlLiSE/P5eS6npKaj9RWNVARn4FyapdoYpryH0HmZWfyBVLL3wnR7H4rLeNcv0TsdLh3n4UwNwla5k0Yy4LFy2TNi0Q3n6UVZv3o7VqHVqLFzBNBGPK6EFMGy/QnTiK2VPHMWf6eAb17EjnX3+iZ7uWyqz2vh1/FUPvLkY+hNVLZ7JRDH2j9CPL501Bc8ogFsrti2eMYLHacIH7CFbOG8/ahVPQmjOWZTNHsmruRLltEgmxUc1m/sxTrPwshiZnOaunjb70RWdV6471dDl1Wpujxw5w+OBetm1ax/rVK9i5ZT27d6zj7NmjyjK2c+f15D6HOHZkJwbnteUxjnPq5F62rl/IhtUL2H94N+eMz3HR2lz6jati8w64urly795D7gq4Xd1uyPMcY/+BbezZu5Pjp05iYGLGNbdb3LrtwQ0B+DX327jcdJfL9yQZcMIv8Cml2XHUZIdSn/qIyhBragJMqBGIFz81I/PhBQpfXCDv2XmKA62oDL9CVcQNPqU9oCHdW5IAsfF0P7Hy5zSmPxGbv0qixwncdRajvWAwJ1aOxcNiH3nBN/iQGcTn4hgojeYPgXdjSRSNqolzYuoN2YGSGEgUhNBQ8JqPZck0Cdg/VqbzqTqdz7W5fKjJo+lDGY31ZdRW5eIr/dPyxfPo2aeXQL2PJE6XvwI9M11+fz9Q7uPPy6fBAnRvYiIilaH0nOxMSSqzRbbSyE5PlkghI1m1AUs+1ZI8vqupp6qiSqJa+vkc3jx/xPP7t4gNe8Oda7ewO3VekpVzHBq3kHWj5nNw0gr0l2/BXEeb6YNG8VvLNizU0FSKxpgYXBBQq6rAXRSgW2EnccnKShILM5yszXCUsDYz4aKREeYK0MXWxdBfhbwmNy9f+sL5qM/S4vRJQ54/eSnJ1ysiAn2JCX4u8hRDqZh5RVkFJcVFCsxVcFetQ1cVxcnOzFPWziclZZKamk92dql89ypE/solKsgUPqg2nImKTOTxw6e4XvXgL+tGDaNvq84Mb9GeGW06M7dTd8XOZ7btyorOXbGeP4Z0szWUuuwSO99M2ZXt5FqtJV2MM8dyNeXX94q9HBaD30Wp01YlCmzWkXJ+MbnXj/Mh9DrVz6zJvnoCn71LubFxAZeXz8JmqXxgamocmjCG/VMmcHTqePRnTeXaGi3iTA3ItjQi6sgOcszPUOduzx8PHWm6pMdnx3NEHFyL3/YV3BWzd9KYjuWksdzRWoLn5s1MbtmNIf/uxNQWPdFs0ZfNXYZxbqoadzavJCvsqZh3dLN5C8DzVODOjGkO5XJsM8jlmPXFyLMlstKjpNGogB6lxIf697x/V4mpmWrp2hEeio0/edR8zlw5by5wf3THHG8B+jPD1QQZLuK1xRqinfeS+ciUkoQQySJLJcookn9kQqKYbUw0YeERPPD2wT9YwPjwMWZWtuxT7bu7fTerli5n4tjJdBAI92vXmV69e9Onbx+6dOtGp06d6NW9C+dO7CTulY9i50UZcTx0v0rrth0FrL8qAFedO1cZuuqogvifUG/5Wwd6Dx4uicQDkhKjpNHkUVBYTHFpOflFYuaSaapAXqhaIylZZGRkJFZGujx9HiBAzyEgMIinz57jfM2FuQsX0blbL77/sZUyoqCaWd+6fWeWr9TixZP7JMcEUJLxmjL5zFU/n/IfK/uSq0D+KdWZjwk2NESZ8j74FJVP9ihV3D6lXlKG1pviTJSoCxVQ++2h2m+/QPugwFgFdEPqQ45Q/+qE3MdUOjVtxdRrA05S9nCXwFydDJv5RJ4ZR/TZCWTaiXE/3ExT5Ekxc1M+xp6mPmgPNc828c57LR9e7qTu+TYqrs6k8tocSuymi53Potp9OTWe68i1mE6msTyO4QgqA1eTdXMMATtacm1GS472/54dvX7izJh2bO/wT8xmtsNmYTv2Df0F9Tb/ZOqvf0Or9z85MLsFB2b9zDkB8O25bXFf2pNHWwdwbsBfcTyoLp99CPVNheQEXODpst+4O+M7Lo/8G3Hu66gpcKU07hDpQRcJcbvA47PzebBBrKLj3+jx3V8lQf8bM7r+lWsWZ5TPecKEif/ZfOSb/0waU5m56tii5S/omtoSKR1pfEYG0ZLEhQY/IVhl6E9vK8VkVKM26WnxYh5ZFIgBFVV9oKCmgdyKOpJzSkgrfk92TTPQs6tUMP9I9tt6ue0zyQVV3HkchLrmKoaNm8nk6ZpoLljCnNkaDBs2gu7SoY8bP5E5apNRnziM6QL1WZPGCMgnMH/mFLHzofRo30qB+eCubRjdpwND5DhZgD59WFeWzBrH6uVzWK81n5WL1Zk3aSDzJw1g/mQJubxEjH3ZzFHNlq4hQBdzXynH5PgoxcxvuDrh4mLB7Tv2PHhwnTu3L8v3+hruNxy5ec2BZ74PeKoKH9U5XVvOn9GW2y9z3dmKK5eNlL0QHj30RPvYftSmjeHQgU2YmpzGUj7/szq72Ltdi7Wr5rF37wZ279nA4SPbBPYH0DlxmCOHDwrIdThnoMehI3vZtXUtK7UWoj5zKnPmzkb7hDZmJqZYWBpian6BK84O+L94SphAoVBVJCszjPfpT2lIvCVt0ZwMj5PEux0m/cEZCl+KQIRYUf7GkbfR13ifcJfG1MfUJd6nLvW+QN2XzxkvJCn2kvtZE3l1N55nV2K2dRbuRjsojLhLnQD/c24of+SF8kmA/akggIb8QOqz/eR3T3kvj1evmliXESRQf0WdgL2hOIq64jga3qaIwafSWJNNY62qBnwhn+T4Ua6/r0gjIvQFM9WnKKOE5lbWX4FeVlLBq4AI+X0kFSUllJUWCPTyyM9Nl346iZy0RBJiIshMTRKYx5OelCAiVkTtu498aoKmho8CyrckRUcR6HOPJ543iRXh8PN5yqE123A9aYDZ2p2cWLAOPYG5yfptrJo4mVHdBkgSORmDM6fFygXUxsYSRliamGApR1tTExwsLnLJ3BQ7M0MsVAmakQEWhnI/E1W1OGsx8UsEBgRLH1qIhsZq9u87xd1bD4kMjyEuMowEgXqSJMw56amUFZVQLv1ssdy3qEDkLr9QKQOrquuuGlJXmXhpSTVv336gtPQ9xSU1CtDzc0slsSkVSy8g8k0C9+88wM7Cgb9o9B9Ajxadmd65J/M6dGXyb10Y8H0HFnXqyfZ+fTg7dbjYzFIqb+6j9OoOsZN9FNqLkRsuIcN4Ofl26+V3BxSov797hKqbuym/up2iKzupFRv9I82Huhc2JJvvxGvXAlxWz+LsjHGcU1cXc1Znmxik1ogRrBk/kgNqUzBYpIHtsgXcXruEEGn4MQc3U2R2ilpXSz7dsKLB8TzBW5cQsHUpt+ZMxWrkEGyHD+PR8kX4Lp+L/qBhaPzchXHfd0Htpx6sa9efc+PGE2lvTK6AWQVvFbCbo3koXYG2WG2WcmwGeTO85Sh/k5nafDkjLZKM1Egq3zavl3RyNsXI8Ih0BCZKIZnmpWoC9QeO+Lib43tFBz+LTQQaLuaV6Qqir+wi2fMceeG+FGSnKZOUVOt0o2NiCQwKISJSnl/AmS/gjE1MUSbb6JzVY/joCexeqoXFxn24HdZn10Itpk5To2u3HnTo1IVOnTszuH8vLuruJSX8GaW5ieRnxLJz+8bmojIt2zSb+RdL/6Fl8xB8s6E32/oPEnrGZryWpCIjM5O0rGyy8wopUK0bzhBjT02nqEQ6cWl8L3y9JGvV5aqLCy5iFSdOnWLlxk2KbamG83v16KvMbv+h5a9MV5+JhYUxr4OekSdJkWpHu3dlmVQXpzfXjilPEDhL4hdtRt0bA2qDTlHovorSh1tojNTjU7o9HxPlf59gTkP0BTGPw3KfQ9S/Ps2HCH2aJD7GnFPqsasmyNWGHFXKvBbeXE3R7TXkX9Miw1qDFHM1Xp8YwatjQ4jSn0i5+1IaQ/byR4qxYuYNwXupf7mLhoDdfAw9RFPQXt7eXkTlDU1KL4uZO2lQfWsxle4rybOYSr61OiUO8wjf2YNMy7EUPl1LpEF33GZ9y405XbCb9Dvafb7laL/vcFjZCcdV7bm8uA1m437AatJPOK7pyoXNAzi2siv7Zrbk0sQW2Expg5vW7+zu+2/sdqkR9/Is7z9kUlH0FL/d7bEf+Fc8535PzrPdvCv1ojrjJPkJ7oS47ODa6h9xmvsvBvzwVya3/ysbJ/2DlaP+Rkp0AOHh4V83F2neRUxVtOU7ZdhdBfZvv/uejt17cu2emEO6qmhJogA9jLDXzwnx8yJEAfoLEmMF6KlxAvRMcqUjKiivJq+8hjzVZLfyOrIrGsmq+oP0iiYyKhpIL31HVmWTcl49NC6DAzoGjBeQj5uxCHWNFYwcNZHBg4Yq1eFUO7K1+fU3Jo0ciPqk4UyfMBSNGWPRnDmJedJfjBvUQ4y8FYO6tGZ03/ZMGdSZMf06MWtsP6YN78rciQNZNn8qa5ZqiK3PYpHAW2NcH2aP6S1QF1ufPoxF05uH4VdojGGp2ghJUJrN3N7Gmg3S3+zauQLt49vYtnGpAHglJ49u5eC+9Wxat5iDezZxWns/J4/tk9jLwb1bOHpwO0cObhQob0X/9AGx8mPs3rmG39v+xISxQziwdxvnzx/H3OikdPwn2btDi327tDAxOoaNjQH2dsby3KZccbTDzs6SS5fE/uwssLp4gW1bVjJkcE9GjRrEsiUL2LVtEzu2rZZEYbMYohGulyzwf+BGcepr6vLCxJ4f8z7sMu+CrMjzPkeJnxkVr52oib1LTdwd3ic+oib5ATUJ93kX50lD6gPqU7xoSHlEg9xW4n+RANsN3DyxCNOd8/CXJPFd2jM+lcTwqThWEu/m4jJNOf58yHquJAIf0x7L4/iI5XtTn/mMhqwgGrNeC+iD5TW9prE0TqkR/0eVmPq7HD5U59Ckmg3/Loum6ky5nitgjmfRgrm0a98es/+aW1NfX091VaWytr6qokSJipI8SrKTRVhSyZdjUU4K6fERpEpbTUuIFMgV8k6A3tj4h/xtLbkiIsnREbx++VjasGppWCDh/gFo7zjI7GHTmTt0CssnzGJK76GM7dKb3u27ojF+DGa6x7EyNRVQmzTDXCBucu4sVob62BrrY29mJEA3Eak5h+FZHYzP68l9Be6mF7E2t8TG3Aa/F/4C4HJpU8e4ZH9TjD2GNEmW06UfTU9UJSCSGKdnKEZeItLUPNSu2mVN+l3VVq/J6cr+5yXFqs+glrLyWkoE5uUVqsvvKC6uIju3jISELEICI/F0f4iZgTl/mdK1JwPbdWdom+6MaN2FPj91YlDLzqzu1ZPdA3ugPW4Qt9dMolRMvPrOYQXs5a67ybdfT9ZFLbm8h/f3tfngfZomHx1q7x6g+uZ+6h6foyn8On9IY3n7wJg446082S8Q3r4QvVkT0Zk6BZ3pM9k6dgILR45i6cRJLB43gU0zxNrnL+LC6rVYL1lM0GYtUo9to8hSl4bbttRZn+allgaeGhN5oDmNK8MH4jh4ALcnjSZglSbGfYdyqn1vDnfqxZ6eAzg9bAwv9LXJkI4tV2XcXyCekynWrYJ4eqRy/PMcuRLpEiqYpzbDXAXxTIF5emqERKQSqp+4mFdcvqSPuflJbt2wbK4YJ6buc9+Bx7fM8XE+xVPjlQRcmEuEzQZiXfaS5HGOjOC7ZMaFiu2kkJiUwmPJGpOS00iRzjRdsrOMnHzi5HpA0CvOGhhw8Nhx9u3dj9MZQ87tPoLG7HkMEKPu1Lkr7Tt2omMnMfaunTE9uZOc6EDKcpOlIQcxddIEAWxrZSKcKn5QDa+2/E0B7U+t2vJru45i6u34pU1HudyZ7wXux85IwvQmnNdh0cQlppGamUuqvK4c1cxLyQyz8/Iw1jvA0f2bmDNrCpMnj2HKzBmMFLv67feuyvO0k8dS7eymNkuDRw88xCSekJUSocyef1+hqi9dSF1lAQ11VfBZTO7mFkq9dlLksZlEazWKvbbSFG/Gx1Q7BeIfE62ojzAQa9dWzqWrrPxTqph8uC5N0ef5GHdB4K+6rCePs5Fcl6WkqSAuVp5mMYtU8xlEnm6Gefip0ZRcX8h733X8kWRIY/ghPgRtpe7lduqebebjqwNi59skeVWXxFTiioSzBvU+W6j12Uax3WyKHedR4rKEiAN9yDWbTPHlWWRYDiXjxgSiDKUtTv8Gp+H/RLfTP9jVswUmo37k8vhvuaPxIz7zfiDmvDr+plpcWN+fgws6snX8N1ya3R47jQ5YTfuJE13/jvXk9vhe0KC88AUNjXkUJVwlSb8zYWu+I81pthj6Qz6kXKAs0ZnHx7sScaonh8d/JzD/G2tG/4sdM/6BxVE1pZ2uW7fuv+z8y77f3/xn85GfW7Rk3/GzhMr/OzFbVaEsjsjIIF6/ekZokC+hfg+ICfMjIfY1aSkJAvQMcqQjyi0sJk9MKk9VVEaAnidWnlbxkeTSD6SV1ZFSWktm+Qdis8pw8/SRhG8Z3br35seffpZktCfduvahZ89+dOnSTSkk8/OPPzB6cG8F6Cojn6+Cudp4Zk4cytDubRnarQ2j+rRn4uBOTBnSCXWB9RwB+fSRPVEf1YtFaqPQ0pzKigXTWKg2EvWRPeT2btJJ9xVjH8CCKYNZPH24YueJcZEKzF88fY6z4yXsbY0wN9MR2Opw5tRBser9GBucEMDvZMP6BQL8Bcp5+hNy/YDAfceW1QL1TRw+sJFD+9dy/MgmtmzSZOOG+cyfO4XBA/oweGBvVq2by86dq9i1YxVbtyxl4/p58jhakmyvlesr2L93K2dPH0NPVxvdU0c4deIg5/SOy/1XM1djAuPGDkBz3gw2rFvOru2r5PWdwvmSJXev2ZMY8ZTyjDAx4iDqE+9S/vIi+QLzgmdGvBWYV0bdpjLmLu9iPahN86Ym5YFY+UOaMuRyrLtA/g4Nae6Uhlwi1Hkvnnqr8LXTpiTeV2CcoNR1//w2g09yWbWs7VPWM6UozYekh9TLYzbEedGY5Mv75McK0GvF1uvF5pvyQqjPfUVDUQxN8rcfiuOpL0mgqSqDz5WpfHybTkNlplInvvFdCc+f+TB27ESsrG3/s+iloZ7K8iIx2Byq5FhalM3b0lyKBea5aXFkJIaRnRyhlCCOf/1CTDyUAgF6VWUd72o+KOfRiwpLlDXoEYEvCVBNQIuIEKD7425tx7yp8+nye2/atxUpEv517yDtZMo0zuzbiZOVJFeWFlhfVM1mN5Sj2PeFM9gY64mh64uZi5FfOIuJ3ikunGkGurnJBbFzVWEZC2wsrHn2RD6P2jq8vF5w/4E/Sam55OaVUlhQQn5ODjkZaSKXkhirdsTLyaZAiSy5LUvEMZ3UlHQKCsqoqKiXqKWouILSsiqq5b1VVzdRUvZeJCuPkKAoZYa72zVPTh3W5S+TOnRnUOuuDPyth5h6Vzr/2IVBbbuyY3h/Tk4cwtkpIzCSL0GS4Woan+pT7XGEapWJux+iRIy9RmD++ZU5hJrT9Pws9Y+O8eHRKT6FX6MxzI1P0qiqfSwI0VnLk4PLub51Idrqkziqpsbm8dMF5pMZM3QMI4eOZ9CAMYwbPpUtizewTXMbJrtPcfu4LkFrlpB4eJMA/TIV1md5tX4JHpNH4SWZ+/MF6twYNoDnc6YRu3MdtvJ4p9v1xqT3AO5rTCVV/yBlYb7kCIxz0qKU4XMVxJUQSDdDO1Ix8Kwv8efQekZa5FeAfw0BU7o0pPq6d1RVlXHV2YDde1fg7GDAQ8/Lyrl0Hy8HfD0seWi3j8dn5xJksojXViuJvLSBqGsHiHpoQ3pUIGGvgvDz8yNI7DxOjDxVMrP4lDTpUFN59TqMR499MDG/yKoN69BatZzFS5cxadoM+g8cRK++fenWswdduklj7Nqdbp07cnDdPHJiAijLS6JQEpNRY0Yr58hVVq6y8LYdutL69460bN32S7SjZ7+BTJwyg1Hjp9C+S0+Gj5nAoeM6HNHRxeeZv8A9QkkycgtLSUlJ4dZ1Owx0VI3eACPd/dLx7WbvzvVMnj5FqdfeomVb2rbtzIABg7nhdp3YcNXOXC/Jls+/JC+ZqtIsgXoeVcVZvC1p3sUu/5ktscbqxJuqUfZkr8Dajs8SjQL1z6kONCVa0xBrqVh8pd9BGiL1lQlyKnP/nGKlVImrDz1K+YP1FLgtJ812FkkXZ5BppyExm/jz44nTV5VtHS6J6TzqX2zgU5wuH8OP0vDmAHWhJ6h5vI6mYDF0MfNCJzUqXDQouzyViusa1Hpv4L3PJjIF3vk2M6m4JjDf15cco8nUOM8n32ISZVfmUOalSY7nTPxP9cBN7RvOd/0bVgO+xX3cjwRt7c+rrd1IPjGa4nsn8DNYgNv6XtzZ2gWT2f/GevaPuK7rjeNcsfOx/+DmxE680OxAmtt+GjNu01AmnWWSmSQQg4g/2xHvja3JvDSD0jBjXp7sjveG9qzt/3d2qn3HsfnfoLfiR3KSpC2UlfHTzz//Z3/vP7cCVTYf+Va5rdWvbTC1dSQ2LYsUMYR4sZ2INy8JDXkqQH9MWOBjokObDT1FYJ+ZmSGJnXRQBYWS6JWInYsx1DRS8O4ziYW1AvMGMfOPZLxtFEuvJVo6nhseT5ituZIffvhBmZjXsmUrfm3VmjZt2yv7pKsSDRXQxw7uw4wJw5kvyaIK5hpTRzGqfxcGdvyFkT3bMXFgJ6YKzKcN7cjscb2Uc+Vqo3oyeWAH5gq0l84ag5bGeBbNGMHMkd2ZMayzYulzxvZlzri+AvRh8j4iBOafuO/hxvmzJwXgRwSmezl8cDMntfdy7PhuzuqdEGM2x93jGg993XG/44THHRcBvyEuVyy5534dz9sueN114YajNU62JmJyp3G6fEGM2wITwzNsXreIE4c2YaR/VP7OGFPzM9L5a0voyPMeE7PfI1Z/UpKE/WLeW9izaz17d68XE18psF/C7l0rJZazf896JQHYu3udcp9zZ07h6+VCdmIItXlR1KoqwoU5UR1ozdsga8pfOVAdc4c6VUnXJIG4gPx92gM+pHlRGX2bt2Gu1MZ70Jj9iPexbtInHcfl8FxeWu+jKuaeWHk4n8rilGgqlMQnJ1C+kw+UQjXvo92oCL5MdegVKl/fksTAi2qV9SfLY6X4UJPoLY8bQJ2q4lxhNI1F0fI4iZIYpCn14VXHxtIkAXwz5OtLUwTUqRw4coAde/Z+Bfqnj42US/9QVqwq35oh98miIDuB4qwEshIjJCIVKUoO9yPS35ekmDAx9ALFaCvKa8R6K0TeckmMjubV00cEeXuIzceRHBNHdJA/d5yvonfsBIs05rNYYy6nD+zHxcYcT+mz3FUFfRztcLK3UeKytTnWxufFyi/gYGmEjclZzM7pYKh7AtPzZ5Qhd3MTYyzNTLExu4ipwQXue3ryob6eFy9ek5JWQvnbevkuVlMs/WhejmpJXaYSudkZAnFVpItwNheWycqQ2+W9FBSUK8PtqvdUJO+nqqqWd+8aqaxsoKCwkqTELPxfvsL91kNpT2as0FzBX2Z27s2oNr0Y1roHA9v2pJMAvXur7myZPh7TZWroTR/N6UlD8dg4nTLpXD76GVDteZQKMXXV8aMK5ilu/BFhyx8hJnzyO8fnEHM+RgjMI29S9+oa6XaHFDt/qbMRHc0ZrJ4wgVkC8akjJjJk4DgGDmiOfn3HMLDfeMYMmorWzDUcWLEfBx0THLbuI3rXWkrMdam7KZnpwa1ESXYbunQuj6eNxmfqaF4vmsmdSRM52rI7h37uzPkuvXEZO4oCMfvG6OcUpYY3g/uLbSvm/WUIvdnA/3P9z+H1PyGeJhBP+wLytORwZaZvRVnzRgJeD51wcjTE/aYFj72cFKA/vn+Zey7nuG+0Eu+Tajw9O4sAowW8Ml9OhMMWXl/T5o0A/7mrBffdbLnuaE9w8Ct8JKsLFTtWlX70ffKCGzdvc0Zfj7WbN7B01TLU58xk0lRJgCbKZzRxAgOHD6Xv4IH06N2Lvr27c1I6gNz4IEpy4iR796d7z15fZpi3VSy8Q+dujBdr7z2gP793kk5yyDC27trK7bu3sbU2k87rFvYONnh6uHPd9Rp37t4lIjKSmJgoosJD8X1wE3cXczzcLhHs/wRvz+vccbVD+9BWpkyZQOu2v8vjdkVt5izsbMzE6vyJDnnGK79HJMeGUJClqkiXqQyZZSXI+7zvTHRkOHUlmUQbzaI+7Lx0Hq58znBSoP4xxV4gbigd1XHevTHgY5Jd87pz1frzeAF6rJGyEct7vz2U35P2cWctOVcXkeWsSeH1ZRJLyBAAh58aQqzBeGq8VoiNb+OPyKM0vt5PXcBmOR7hnc9GGgJ20vjmGEVXZ1LqNJ0Sh2nUuC+i7qmY+/Od5NvNpMBWnQK7WYQf6E/cyaGU2qkL1MdQ6bKAt1dm895jKbE6XYnW60bMVTVuL27Ji5kteL1+KOHbehO4ujXBewYQYTCbJLMJFDuPIEmnHa7z/o7Vku/QnfBXLs3/TpKbEcQc60DuiVYUnWlNjWUL6l+vpiHrAg3J9sQbjOS55i+kGIwi7Yku+gvasGHI39GWZMB2x09YbWuJ04HWSvs0uHChGeTf/PvrlqB/2vm3337H9z/8xIgxk7hy4y7xGardvZKJiw1X9jsPDnhM0Mt7vPZ/oJxDj495Q2pSLGlpqWRkZ5Gdn09BaQX5b99TVP2B1JL3JBXVklRYR7pAPbOikaT8agLCk3B0fcTm7Qfo02+YtNfBkoz2o2WLlsq6eNWyMVUxmNatWjJuWC9liH3hnKli6BNQGz+Ykb1+Z0S33xjb53cmDezIlMEdUBvehXkT+grQB6MmJj65TxsBdw8WTBvC0pkjWThtuBh6N2YI/GeP7sncsf2YO66/ct5VZebXXC6Lfe/j6OFdHDm0XUx5PdukT9m5Yx379m/j0NGDHD1xnFP6OpwzPsvpM9oYGp5F5+Q+zuoexviCLmdPHUVf9yinjx1g946NAuJ1HJfH0tHexc6ty9i1aQk7JMneuGqWdLiHsRDgO9oKGKzOcdnmPBZmJ7Gx1sfQ6CTnzx/joukZLC7qceb0fo4e2SLPc5DzetqcPnmATRuWsXqlhkB9NbaSGIQFelItMP+QHSyAdqYmwpm6hLsC3OvUx9+mMf0xTWmPBdgevIsXS090pzjEgbeh1/gQe4d6AbTqfHqi53muHtbk1LLB+NnsJN1XEoKEx2L9ITTlBvIuRkw+woXqCHtq3thQ4X+RwifGFL20pOL1NSqi3CkLv0VljDxPnIA94RFVSc+oSgugNjOY+qwgPuR8gbuAvb4ihdqSOOqKIsXgo/lYGseHqlzu3nFDXWPWV6A3NTaQl5FIYVYSuakxFGTEUpqr2gEzhawkgbf03wlhfsRKO40OekZKXLQyVJ2fVyxmXvZ1lniCWHmEADwmNFgsPpI8MeDkmEhi37wi6PljvCUx87rhzIPbbjz29OCFry+PPDz/N1lvAVbVmjbuz/+bmTPnzJw5NbYeW7EVO7C7u7u7CxNBREJEFFFRRFAJQRpBuru7Q1oRVESMc7x/z1qcb+ab66/Xc621g83em3c993Ov9QaujvZ4Oj+R7WPsJD/fF9jfv2mGlbkYuwD92mUdgfp5MXVdrhtf4roy14CJEdcNjTDW0+ORrXzPzc2kpRZQWf2Wuvr3vK57p763yrIXlJcUt0C8KL+lc19+jkS22smvUo6r2trXVNc0qDCvqX6t/uzbNx8E6k28lCK5rOwVGWl5ODt5oH1Cj5VLtzJm+DT+NE+sbJSyOEvrngxp01OdKa7zD10Z2X8otjcucHX3cgzmjsN83mjizi+n3uUkn4Mu8+rxQV7aH+FThAC94Alfky0hwVy2tyHfma85bnxJdqTikQ7xuhtw37sI87WzWTx+LFqjxjJ40GgG9B8tIBohIB9JP42WGNRrHCP7TWbZpBWc2qyNx52HnF+1F8cF8yjSOchrqZBfWRgSu34JgVNHET13AqlLp5O9fDZ2/QdzqlUPjrfqwuUevXGePol39hZ8DfPgN2kEVYp5C5gL/8u6E/+zzf3PKfVCea4KcgXg8rP5EnlZSkITS8lqCeWfz3Nnjp/ciqvrLRXoSni6mONmcRiXk9Nx2TeCp4fHEqA/Tyx9PbG3txF9dy9hYu9h98/x/JEpfq52ONo/4vlzf9zd3bl1x5Jr169z8ZI+2qe1Oatzhgv6F9C9pCP2fIJNO7ezXiC/eNUKBmoOVW19qOYg9A+vpzw7mqqiZEL9n6ozs/3zl5aJZDr30KC/PGfKjIkC9THMnjeNFSsX4OXjRookuUB/D3JyssjLyZDPmCqGFkFsRBBRcrBkiNGkS2SmJ5IcE0pUsC+J0cG4O9pIMtuN4z1TTh/dop6OfPDACk8PZ4IDvOTgcJbnBUn1HEtafCQF2VIs5aaQLnC4ZnCcscMGYnb1assItnIvhMRqBzh1adQcS5riL9IYfZZ34SfVxVU+CLyVseef0pRT5Rf4EHWKBt9dAvL1VDmsku0Gal038/rZIaplv+LRCpJ1xcgEuu+fbZS2upvf4g7wxm+NGL4OH5PP0By4nXfuK8XUT1JlO4ugAz15bTePd09X8SFwN+/9d1KlTCRjt4RSi+nE7O9Nru4oys3GS2jx6u4c6qzn0GC7gEp5vNxwHC+MJ5Ah4b6xI/eG/pk7/f6O1+S/E7y0DVE6i/A7OpGgXW3JPN+JgK3fcXf+n7k45c/oTvknz072otpnHl9il/J7+j7ee4yV72EzvA+GD8/5Um5Ag+cEGp6M5H3EDiLMhrOo2/9wfPo3WO3+kSur/47Lua6UxVmri4ooa5j/39Pt/7vwyHd/wL19h1/ZsPMAIdFxZBUWk5mbo04mpBh6bMRzAboHUUHuJMeFCNDj1U6TObnZar8Ktb9H7SsqX7dM/RqdUUR2xTv1tLsyfK3gZTPppa8Jicvitq2bGNhx+kleGTNuCu3adaBVqzb/fl/KGugDendhwoj+YucTmSNF+kwRiQlDezKqTwe0+v2qWvg0zc5MGtJRYN2NhRP7q9fHJ2l2RUujLTOHyX2TBoiFDxWgDxY7786Uwb/Kthtzx2iQnhzHl8+fsblnxratKzhwcAe7dm9lx45NYsi72bV9nQB+D9u3r2XdxjUsXL5IjrGFrN24TG4vZ/OWNaxbv4gtm5eyY9saNsr2yNEdHD2yh9NnTrD3wG5OaB8QGO/ihNj+cSkSDuxeIYYtv0uK7Z1blnH88Bb0zu7j4rn9nJG8cXDPCvbtXcvRo1vVHvGnTioFxi6Oi9krW52zxzmjfVTe21qx9JUE+zmSnhRAfZWY+YtIKqNteK10eBN5eiPgbsp2oyFZmQnuCW9TnKmX+18nPaQy8o5A2Z6PCnhT7fmQ/pjasJv4Xd+D/pbxJLldJuOpMXdObcFRigx/+xsUhVhTGXSdSh99yn11eRlwkbchV3gVdJXqUEtqpTioS3CQ3+dMXbwDr+IVsHvwvjCMxvwQ3ucF0pTjJ9buS1NhCJ8qYmmuSeH9y2ya6wr59KpAtfX3L4uorynhwf3b/wb6p4/NqomXijwVS84ty03mpbK2RnE6JZJ7a0szKEgNIzsugIhnTqQnSN4rrxEDrqO6qk6FYFFBKTnpGWQkxpEaG0lucrJEIinR4UQFehLk9YQAD0fc7a1FrATqT53w83CTvGZPWGAoYUGh+Hl54Wxvh731bR5a3eTeDROxdSm8jATkEjeMddVr6RbKtL1mV7imdKIzNuWR3UO1cKxVoFz7ltcC9NqaeiqUXuwVZQL1EhXoiqXnZ0vOzUyT95qsbqsrqlUbr3v9TgW5EkqfgHqJanmNooIqMjMKSYhPlbbsyMK5axg9fCojh04WoPfoxfj2PRnephdD22owQIDeu1Uv+ncZwN0nVjwJcJBq1pRLK6fitHkKOSZraPLWoemZLjW2+3jpcJSPAvWvmff5mmrF15Q7fC17BoU+fIq3o+zucdIvb8Pr4BL2zZ7AgqlTGSVGMGjwGAYOGEOvnpr07DKYXp2G0LPtIHq2HiDRH61uo5nTezKH5m0l5P5DbLfsJOPEXiqlmn1rbSZWZEn8spmkL59Ojmxz507HY8BgDDv1xFA+01WNPsRtW81n9wf8HuIK8sf/Wp7P69LM/4D7D/POz01oiRwBd45i4gkqyFusvMXI8/+Augrz7JZoanpHSWkBptdOc15nj2rnPmLnHg8NcbmwhMfbBnF/XV9urerLoz1jCDRaRZjFdsJu7yfM+jhhzhYEegrIvVwIDQrCz88XT093nJ448tTNVbbOEk7YSwNzlK2Dk6PsO2J01ZRzehfYfXA/msOHM2L0KMaNHc2V0ztVoFcXJIk5W/FTq7b88+dW6jroHbr0ZOykySxds4JFK5QhNPvwe+5JtgA8NydNHUNeWVkmFW4xL+QzlUh1nBgVKEYTJw0oSxpfDnkC9NR4ZeKYVMIDvYmLDOTRPRP8PezwfGIj1u4nZhdOeJA38VFB6u3URGXhgSR1spm0hFASxPhuGhwQA9OiX9/u0hD7thzBjQVq73R1hrjsG7wNPca7kCM0RZ9XF1v5lHiO3xQzT78iRn5Q4pAK8zqv7dQ83UyV4zrZ381L1y2qpVc8lO/6yEAyTSZS776appCtfIk7JIYuVp5lwNei6zSH7aTx2Wo+huzk9ZN5As+VvHFcSKP7WikAtvAhaBdV1rPFzmdQajmD+MN9BMJDqX+4hHLzSdRYz+Dlg7nU2cyU9riAQj1Naq5N5sUVLRJO9Ofh4h/RG/IXzvT4M/bDv8F31k94zO+A3cx/YTP5nzhNb4Xt7NacH/o3Tg/4Cy6HNHkj7/FryQl4cZ5K+/FU2Y/j97dyPH3J4fc3Yl7Jy6m27scHn9m8TThA0J0F7J/0Z8w2fMujfb/gdOgH/C72VL9SV1fXfy+68u0fS5F++3+GrilQ7967L+dMb5CQnklWcRk5BYWkyd85KT5U/oaSLAPdiBNTT04MV809KzNVCr9McvPE0gXoL2rrqRRzyHtRy/1HbmS8eENh/W+UNvxG5guBfFoJ3sEJmJjfY+nSNQwaOIRWUmT++MNPtG3TVl1V7acffqRzp/Zo9u3B2KH9mDFhBNPHDWHi8N6MFZBrDegoVt6ZaQLmybI/deivYuO91ZkKldPskwZ1Qatna2YM7cJCrb4snTqEpVMGMmf4H88XqKclxvL161fcHO+JNc9n7sxRzJ0r4rByMXv27+Cy4Xku6p3kwoXDnNM5KnDeyeEThzh24gCnxcpPnj7MmXMnOCIGrn1qD+fPHefIkZ2sXb+QHTvXq5PBnJT7jp/Zx9FjOzhyaIsUC+vZKqZ+9Ph2tLX3cln/JKdPHxRAH+DogU1qB7oDezawc/sadu5YxZYNS1i+eCa7d6yT+1axVQqGTRsk1oudr17GYWXuBy87CrLCqCoIpS7Th/pMDwGmO43pTgJXO9k6i5E/pSFV6QgncM14IsB9RLOAvjnDlfdp9gL0R3xItaXIUw+z/TMJtDnHu2xPXMxPMWP4ADS69mTJrFmc3baE4Ft7KfM6R4XPOWp99Xj13FAdDlceJCYfa8vL+Ie8TXWhMuIBb1Jc+JDry/tcfxoyvHkjxv421ZWXSc5Ui8W/yfHmQ2lkyzX1l8V8fFnI+8os3lXn0lxfzvuGyv9zDb2ZrJRoSiX/ZiWFUpAWQ6nk31LJu5UFyZTnx1NblERFTgxZAvXslDh1tTLFaBVwKkBXVljLz84TUGaRkZREVnKSbGPV+dMj/N2JDvTiuetjXOzu4ONizzP3JzjZWuFmb0uC0o9IityQgADcXRwE6g+wvWfJPQsB9xUddZSPhYkeN69clLiMhamhWHrLafdrJmY8fGCrtreXL8Wu6xsFxopZ11NdrRQd5VS9KBFLLxQjzycnI0W9DJQaFyXCFElWappA/I3aF0C1cikG6uU1XirrJpRVqWPRI0LjcH/qzR1LGzas3U2fXpq0a/0rf5r5ay8mdBSYt+mOZnsNBrbrjUbrXgzoMRiHQGdcYrx5GuuFo6sldgeWEXZ0ATUP9vNGmQ728WHKbu+kzHqfJF0LyHwgIR+kzJffS57xLugmL+4cI9NgK4+2zWXXkrnMmjiZiROmojlsLJqaWvJ7RtCt9UB+/bkvnX/uQ1fZdvmhN71+1KDf970Y/EM/tkxdSrS1FSE7NpIvB1vVdQOBtCfV+tqkrphJ8txJ5M2ThjlgKDd69sG0Vx9shmtSYXiC3z1s+CwGTKQv5CRDSQ5NL/IozUtuse4/IlcFdouNtwA84Y/74/54Tpx6vxI5AnUlXr1sWe7P3vGWHNRL8fa8h5fLLZxvnsTh0ATur9Hg4qTWnB3XBrOlfbDdOx5X3eX439iPz51TPLUyxPX+VTzFdAO8nPHxFLCHBpEgjS8uPlEiibDwSELDwgkJbYnA4FB1/OklEyPWb9nGyDGjGas1jsED+2JrfpbynFg52JNxfnib9p27CtTb0W/ICPYfPalOSxkaFUlkdATpWRmUlUvDqqmm9lUVVdUvqKoqpbgoV6rIYmlwxWRLAs/JSKQ4L40SqZDjI/zVsZNZyinZcH9SlINDkn6gtzPuzrYkxoaTlhJDdHgACbERREeFqgAoystUD87oADfuXT7EqlmajBvRm3liUoP7dcHyhjn89pEvebf5WnCPT+nXxcYv0RiuTWOktuyf5bdsZdiaEfX+u2l4vosGvz00PNvFa88dAvRNvPbZTYXjWl48XknRXWV42ij1Wnr90xV8jt7P7ykn+RSzUwz/orQBC74kn6DRYwnvA6QYsBorRr5QYjFNvhsF9Pt4E7CDyvti5vfnkXdVS2CuQabecOrsFwvEZ0u7nkC98zI+Bu7k4/NtvLw3W2IGNZZTKTUdS+D2DlhN/YarI/7MuX4CXM1veDb7J1xndsBp7A88Gv49JkN/ZlWHb5jS5q8cHt6KCr/d/FYoMK+9Ag1OfIxbS13ocr42x/BbUxy/vX7Gp1wjCsy1aIrbT3XENjzMZnJ7Tyvcz7QlxnwwwcYa1GU/UdvlVCme/70oyTf//+lOlbnR5y9Zg4tvIGl5BeQKoHMKBejy901KUM7Q+BMpx1lsmC/J8eGkiuFmikFkZaWTlZ1FvhQAZbUNvKhvoqDmDQZGV4lKL1GHrRW8+khqaT0+kenY2HuyZes+Ro7Soo/GYFopc/v/80fV0Nu1a0/7Nq2lqO/IyEEajB8xEK1hfRk/pBdjB3QWM+/E1CFd1aFpEwYK3Pu0Y7rmr8xXwa3JvLF9mTigE+O6t2KagHuectpdLH3RpH7MGtaVifL81PgYNbn6BXrw0M4c00tHOHloPZcvncRYErKlpQmPH0si97DHSuzd6t4NzMxN5DFDzK6ZYHnLDJ0Lp9G/JFZmYYqZ2WVMjPW5ZmaIgcEZDh3ezgWdk1yUfZOrumoHu4uSp8yu6eLsaY/lbROMjM5w1fQ8JiY6XL12mavXTbl16wYP7llhc/8Od6zMuXpFlytG5zG7oi/wP8e5M4c5rb2fk8f2SRGwW5K3LpERbgIvfyoyA9XV1N5kiXELuN8kPuR19F3qYm14m/SI9wL291muYukOvBNbb8p8yvtUO+rj7/Ih4zH1YvU+V7dhcWKxFAGuvEvxwlznoIChB/9q04Eu3QczrH9vDHZMosT9BC88T1L77CLVPpcp9TGmxMeEmrA7VEi8CLtLeaQNdYkOvEl1E5B7UJfkIgWGIxVRtrxQQuBfnWjPm2xfGgtjeVucyLvyDJoE6h9el9HcoEw8U/ufU+6fP5GTEktJdpJ6yj03JYpy2aZEelOeG0teUojkuigKUkLE4mMpLywQeCrXz1uMVgG6MuSrWFmGNL+M3IxcdfrXdDH0xKgwYkP9iQsPIjzAm7DnXgR6PcX1kTUuNrfwd3chLjqG+Nh4QgIVoItgOdhhe8ecm6YCcdML3DS5oHaQawnF0A24cdWEKwYGGF2UNmVxswXota958/YDbwTMyrV9ZRa4lzW1fxh6vjrsLjstSZ1zXjmTkCS5OSEighcl5SrM30ghUP+6kWopBkpfVJOfX0pkeBLP3PxxfOwiBYQle3ccY0Dfkfzrp/b8aaLAfFTbnmi27qGech/cXiDaqS9zpUJzjHDHJc4b51hP3ON9yIqxJ1B7GVkGqym/vYNq2/2UWe0hRnsuL6wP8nuqDRS5QVUAiKU3hVhScvswaYabubNxDivmz2XjimUsmTsfrfFT6d93BF3a9afjT33V6PRjHwkNOgrIuwjY2//Yi44/aNC/01D0V2/BZ/NGovduI8/gHE1uj3gnX37U0oWETptE5cHdRI0Yx50+A7gxYABuU7V4ZabDZ8c7vLl1ha8+ThDlD7lpkB7H55IstfrLy/6PcSuRoxp4/H9u/3Hf/0Z2Zqy6zZKtsq+uDCQGs2XHYpydLPBwuYmT2QGstw3j+vxfMZjagVMjWwvYO3FjiQJ1LZzPL8PLbB+PL27EXl+S8m1dnt69LKbuRLJAMj0jUx3KlpScSkJiikQyQQJyBe4enj5i6FfZe/QIg4bJ9yfQ7tCuHX27dZQCwYDK3EQq85MIlc87U77nWYtXYGXvQkJqpiTrEkorlaFo1VTWvqT2tVSyr2RbV0ntyzJqakqkghSYVxWTm6UM41PGeiZQlJ0qSSRKDDtcTDtNHbsbJhVuVnoyESG+BPq4EhcVTmaKmF1cmDT+u/j7uJGVkSoNMFu+QzH6YG98XSwxO7FaCrvRnN61kNVzRqA5oCeLFy1qOc0mbedtyGE+pV2lKcGETxkW/J5/Xz0N/yXNhPpnO6hXZ4MT4PruU4envXLfyiuPHSrIq5+sp/LRKsKP9iNZbwR1LssF5nsE5Hv4knRQDP88vxeZ8iXhkBj4Kpr8N0pxOoVSi4G8fbqIN27LafRZy7sAec2H83j5SLlvAzm6w8kzGsU79+XyvOV8eC7P8V4pr63M876NRtfV8nqbaHBfzxuHJZRcnUjIlvbYT/8bN0f/FYsxf+POhL/wbFVnHs9qx4UB37Cw3TdM+kWB+V9Y0Okv3F6vyUuv9XytvCt6Ei9GLu30nStfKqR4bYrkS0M0HwruU+O3lRL7mZQ7LsRtbxf01/6Cw9FW+JzuQuKNIURbjOHzm3yBcppq5+q0pn/9RuKvAvVv1Pjmm5b9X7v1wsDcWtpGOun5hWSXlpOj9HIXYKckSXKJjyYmQhnvHEBqUgypKQnyuslkpKcK2DPIl6SjLIuqzBZXWNWgLqnrHSzHTs0H0krf4BeTg6N3mNitAXPnLWWYFPEaGgPp1Kmbeqq/S/fedOvane5dfmVQn+6MHdafyaMGqKunaQ0UGA/uwrShPZg+vCcTBvzK6J5tmTiwo3ptfOHEASwRoE8fLs/VaMe4Xq2ZNrA9c0d1Z9H4vizQ6sMMsfoJ8liKfA7lX2CoH5eNT3Jg30q2bprLoX1r1CFphw9sQef8EXR0jnHqzCG0xcb1Dc6iq3eGSwYXxMgPceToXjHyg+zbt5k9ezZyQjH3U0c5f/4kB+W+HZtWcPzwLowunxdTu8jJA9vZtHkB5jcNcHa5i90DM0yMtNG9cARTc0OMpRi4bKiPgd55jAX2+gYnOXPmAJf0TrB/zxaWL5nPymULWb92GZs2LmPH1mVcMTxMqP9jAVo0NblBvM/3oCnDmYb4R9THPKA+6jbvE+6Lfcvt+AcCdSd1Dndl6dTXcVbUhJvzIcWGZgF7sv0ZLm8dR6yHCY35XrxL8ODehaMM7NeDH1v/RMc2P6PZuwvuV7aRbrebAuejAvULFLqcJe3hCXXBlyIvI0qfX6My0pqaODtKw+9SKfAuDr1PcYgSNgJ0uT/0rjxmQ1WCE5VxT3mZ7Mnb3BDelyfz/mU+ze+qaX7/ii8f6/4NdGXZ2rS4UIF5smro+anRpEQHkBbjS2FaNHnJUtTkSI5ODCI3KYzKwiJeVlaLzTaqAHytdECrEairc7vXSJ4vIi8nX9puihR4scSLbESHBRMVGkhYoK9A/ZnEcwK8PSTcJJ9FEh0ZRbD/c8npYuiPrbEyN8DC+Ay3r+pgdU2f22YG3BKgK5Z+Q4owM6MWmOucPoWJ4WW+yv+Kimr1VLli6cqZg1dSdCgdVV+USZ4tr1QtvawgT8CepV7SSkmMVsfUl0qxXK2MN5f3X1leK69TT5l8jsyMPMLDE/Fyfc5dywcY6l3h0O6TzJmxnA5tu/GnMW26MrKtMmRNLL1jb4Z06MW8YSO5aHQORwG58x/hIhEjVVyuyyViTi8kTXcJ5Va7KbPcSdSJucRqL6bS5qgA0xnK/SDfnU9SLZbcPkT8hTXc2b6EC/t2cXb/Tk7s2saMqTPR6DuUzu0H0l6MvPU/e9Lun71pJzDvLMb+97924Z/fdqW93Nev7SCWdB/JvSXLebRkKc927yDq7Gly5IAImz2dnI2rqDx1BL8pU7mj0R/78WPwmTuVWqNTfHxkSY0cZB8f3+WLiy2kRkFhjth6Kr+VZAoAEwTcCqQVQMe0bLP+c/t/7/u/MG+5P1aAFUPT+7diuJVSdZ/hzLlduDpf46Heem6v6YfZ/M4Yz+iEttjXudHtMJ3ZFYddo3A4ORuPyxvwuLQGT+MtBDw0IsDzMSFBfkREhhMfH0d8QgKxcQm4e3jg6ubKI/vHXLOwQPvMaTZu28poLS3Vblq3ak27tq3p0bk990xOUJWfQEVuvDR8PyxuXMHyni2RiRlkFpRRVFbJiyoF5jVi5rUC8zqqZP+lvP/a2jJpNIVUVhaJoedJxZhIRWkhFWLqpcV58pWlSKSRGBOmXktPS0kS4OcR4u9FsFS4yjX37PR4sfhAnns/ISoylMKiAook0qUoiAr2wvn2eUyPr+T89jnsWDKGicP70KFDe375V+uWqvx1HrXuG3jtu4sPMWdojtcTmFvyOdGQ2qdbxMa38cb/oIB9D7UuG6n33U+dx3bKH62gTKLYejHR2oNJNRjNa9eVvA/ewOc4AXr8PmmXF/laaMJngfk7z0U0+q6hwWUudQ9n0OCs9GRfI3DeSnPoHiosJ1JzbyZ1DlK8XtSk2GwUn/zXynNW8FvCMb7EHaAxfCe/pZyWn9kkP7OLRjH9xqDtVNnMosxMi5Ad7fFb35pn69rxdMkP2E74jofjvuXOyG+5MOQv7Oj3V9b1/B929vkrR/v+mavDvidslwa/1d7n6+8FfP0QQWP0OBqTV/Eqeb8k3RvUBuzFccWPeG7qw8O53Tnc/y/c2fYvvE52JtZ0MDFm/cXaWyaS2bVr178nkWlZeOSP1dS+aTnt/v3f/8GUOUsJScgkVeCcVVRGTlkVOcWlYt8ZJAnAE+KjVEtXoJ4uMFeBntrSSTI9LZU8STpFAvLC6npyJPFExibz1M2bmNRCvEOTcfQJx9TCjqUrNjBm3EQ0NUcyYKAm3aSQ6NVrID169ZVtHzS6d1NPt48aImY+qKuYeFcmCcynDO3OjOE9GC+WPqTLz2j17SAA78Y8gfWSyYNYJDFtaFfGCsy1+rRh5uBOzBOgL1B6v2v1ZtbQLkzo3ZZJfdtLEm+BemRUAJcvH2Df7iWcOLxBEu8pTp/Yw5GDWzlz+gAntfdy7MQu9u7fzP4DO+T2IYH8AQ4f2ckp7aOcO3dEgL+XCxeOcfbsMXTOnVQ7rp05sV9ecxNnBP43xNiMLu7n8MFlnDy6AaubF8SuL/LgrhG3bxpy+7apGLkZTg73cHwoAuAgOcPuGnfvmMjzjLlxzYhrpoaYGl8Ws9fH0FCXG2YX8XG7T7bArSQ7iqrCcN7lPxdgu/I6wZ6GxEc0pSin0h8K3O/yNvkhb8TU6+JsqAy1pCLEjOaU+zQnWVPub4L9+SXcODqft9lSFChAz/DB31KfjXMn0qdnR5GEXzi4Zg75T3Up8zxHqdd58lxOk2RzkIR7B4i4tYcE2xNku17kRfAtXgi0C4IsyfG/Idt7ZPtaketnRWHAbQH+AypjHSmOciQv2JZCgf3LpKc0lUTyuS6HL43lNH+o4eOHl/8GunL9uTAzgcKMWAF7MFVFaeQmh1GUpdyWAjPKj/yUMErSoyhJFdFIjVCneq0XQ3+jQF2KzJd1b/9t6mXFleTnFohcZJESF0tCTIQYuEA7PIRQgbm/jzexUdFEhoVJBBMjphwl+4HPvPB88pAHllcF4LoCdG0sDI9jbWGI9Q1jgfslMfTLUsQZcM3EiKuGxpw8coBz0lYUQ3/1qoG375p53/SZRtkqBccrJe9WVFFVWUGtMqFMSYmaawtyskSW0kSUlAnNSuT9FhESGCIQzyU/7wWFheUkJ2cSGBCNm7MfD6wcMdE3Z//2Y8yZvEiK4mH8aWannkzr1JvRHXowrf8Q9m5dzS2HGzhEuasgfxLrwZMYD5wlfGLcyXxmTsrFFaTrryDDYAWF5pvJ1F9Jiu5ywg/PpMrhjFi6JxR48kE5HXP/OFmmO7i9bREPLp0XqO9k84qV6oT47X8RiP/Um7Zi4m0UoH8v+//oTZd/9efvf+nMP77pSqtvu6GhTBAzbBKntaahPXoKxrMWYbhgOQ6r1+A3ZhQpM6eRO382z8aM5cnM2diNGUnIqgVU6h6i6e4V3lqa0njvOu9vX+GLjz2kKFDPQhSdLwXplCvwzoj5L4BnZ0ar+1kZ0f++X739vyHPz5R4Wduyhq/v88diKEdwenQFG/3NWK4bzI1FPbk4RQx9VGuODxdLn9iRe2sH4Ht5JQHm2/A13YSnmHrAI1MCPewIeu7BU+fHWN+7xQ1LczZv38TK1cs5cuywOq/08TOnWL52NWPGa9GjZ09at25Ne7FzZVWpLh1bYykNrSgtgrhgd7HhByRLRRsuVWZ0UiYZyhSCBUrP5AoV4sqp9kqJippKqWRfqFZeXV2iWnpNTTE1FQXS2JSGVqBeUy8rUk5ZJYu1RQigEykqFAuUBB8Z+IzIkOdEKQsOBD3jmZsdvu4O6sGidLLLyEjBXQqpkGfOPLU2xOryfvQOLufU7gVM0RoktvYrHX/txBVTU/V7fBN2hjcCro8Juuq19C/JRuq87EqP9SrHNVQ5rVdN/LX3HjVePF5BjfMm8m7OJ+ToIHLMp4rBb+OTmPnHqO18STwglm/EbzkXVTNvCtxAc8hW6gXmb5/Op955Pg2ey/gYvI0mZfy57Qxe2sygzn4BRYajeHFzvNi4WHnAWjH9XXzNOM2nlJP8nq0vr61Nc9geKRqO8DH2CE1+G6WonUfpjQlkXBhAmoGYvdkkgrf+iuOM73Ca9j12U77lyti/cnHcd5hP+Rv3Zv4FG62/cL3Pn/Hd3A8aA6WySYamCNkW8qHoMg1Ry6iR3+O2+Weuyc8aD/47R3v+Ffvd/QjU7kzU5T5k3JlAju1U3lem8Pr1a3755Zf/Os3+7R/XzP+uri3+Hb36DsbQ8qEK8VRl4YqSCvLEBHLF0LNysklNSyIxMZaYyCBJdEGkJCeqdp6akkhigmLrKWp7ypOfzy6pIjk9m+fP/LC1tlanKb1tZSMg1GX71p1MGqvF+NFj6N+3D72k3Xbt3IVBg4fRt+8g+vTtT+9uXRgxuK86t/qMkRpM0ewmMO/KVIH5xEFd0OzyL8ZotJf7uzJ3nALzgSyZMpg54/oyefCvjOvZhgl92oqRd2LuSAXovcXQe8vtXxnfS3msPVMHdiI1oWU1L2VBk9PaO9Re5lfEuMyunEf72C6OHNrGeaVnuaEOOnpnOX3uBCdOHpbPcYT9h/aKqR9V4X5aZz86ukc5fGy3+rxT2sc4cfwg2tpH2Lt3Owf2rlcnkDl2WLZ71qB39gAXdY9wVX6X9W2BgMDgmqnAwUxP7e1ud/+qHPNSfFsYYGwo78nogsBcX/b10dM7x9HDB7Ewv0xS7HPKC1OpLImnriyWpuIwPgrUP+T70JztzadsN96py6I68kpk6mXsfV7F3KMh6QFvEu7wLuYGFX5GJNkexnLveAqDLPhY6MOHAh8pGAMoi3HBTwoP/YPbOLJpEU8ubaHKQ49851Nku5wi7fEJou7s4/nVzTzRWYLvlfWkOZ2m6JkJOV5XSHa5TJyzPuk+N0hyNSfHx4Ki4NsUhd2nKNKe/JAHpPrcEoZIYtscAACAAElEQVTcoFjub8z25FNlDB9fZfLxTTGf/w/Q1fnc0+IE4AmU5SSSKrmsVMQrOcJHQB4hZh4mZh5CRowUnP4u5CRFUpybK/mqjPq6Bupq68WMm8WI34gRN1AuUC/IK5K8nUVybCxJcXEkKz3gZd/f043wIH/iouME9AL7uEQ1FKD7e7liJ8WXMkz3zrUL3L1+AYvLR7ltchbbm6Zy2wgLE32uXrqAgc5Z9ZT7+ZNHOXFACv4vX3j7ppE3b5t419jM27cfePfuA42NCtjfiYEL0Kur5b2+lP1KFejRIX6EPfckJTZGTL0Aq+u30Nc1JCw4isysfJJTMkX84nji6MPNa/c5sf8si6YuRVNg3rtHf/40sU03ZnbpxbYJ4zE2O8ddPztsQp/wMMoVx5gWmD8RsDtEu/Ek0pUQ12ukXlwpQF9JltE6im7uoOD6FnJNN5JtuJ5EnaW88r2iGnpz2C1JsLvIuroLh/3LuSPV7jU5KDQ1RoiV9+Kf33XlH3/rwk/f96C9gL3N9z1pK4be8Z+96PZdd7p/14MuYugD2wxkUuchrO09nFUaw1inTKQ/diaXpswiaPxIMieOJX2SFi4jhnN3+DA8Z00m69BGqi7sp/7KWZoE5g3XDHkrB0XDdUO+ejtDkgL1TCk+svitLFcaS4JURtFin1H/hrgCbWVficw/tkpkZESRIc9VIy1KbXzJUiHesrqE02MBusFWzNcO5erCnhhM78ypMe04oNmaM2PaYzCtE/d3juS52Rb8ru3EXYqdp6b7cL8jP2t1hd1bVzFvzlSWr1zMLkkOZ8+fwVxZAODWTY6d0mbS1CkMHTqUHt260avbrwwd0BvN/srECG04unMld03PSOVmzugRg3B9ZEZcTDgR0mij4lNIycxRly4skoqwuLSE0nJlLHExZS8KBeglYueFVFcWUF2h9L5UOsJlUSuPK8MpivOyBOjyGpLkI8MD5XtIIjTQR5K90hvUB+dHloT6u/H4vjnPPZ6IpbtSWFxAcVmRfF9JxAkYgr3tsbtxmitntrJ37XQWzR7D4IEaTNTSZMJYTfV7bJJC8FOiDh9T9GmMPEO1w1oq7Jbxym0b1U4beGG7jNfPDvLKa7fAfBUVzpvJv72I+POjKLo9i7fP1vIhcg8fQrbxIWoHlFzjtyKJnEstp9/lsQa3BTS4zhNTX8gH//U0B24Sw95EldVkXgnI6xzmUWg0gnLr6TRH7RFwH6UpdBMf/RbzKXafvL8TqqmX2C0Q9p7lY/J53j7fSoP7GsrvzpTjYAQV92bxxnsLL+4tIP5EP6IO9yJ4dxdij3YldO+vhB7qStjBjsQe6Yrn/O+5O/DPhB4Yw9cGF6R6kEjg9w8Z1EmxURe0jvS747i99Ht0R/4Vw1F/xmFtK8JOdCTr9mjC9fvwNuwAZQ8mqd+h6dWr/7Xm9z8E4j//41va/vMfdPjpe7q2acWCZWsJzyijsPIVGZIIswXouZL0ckrKyJLbKWLh8XFSDEYopyWfi7GEq2aekpxEUmIcKWLo6dl5ZOQUSkFQQEBAIK7OLuqc5M98Q3FycuW6qQm296wx0NWTdr2NdctXsWLxUmZNm864MWOkjY6mT28NacP9mDZ+FAsmDmXm8F7qhDBzRmsweUh3hnZtJTDvwFSB/OwxvVpOtU/TVCeKUYauTRnYkfFi4cq18umDOqpAX6ilwfyxPZklQJ+ooTzWnkn9O8lzO5GW2AJ1X18PAegl7lpdxcLCRMx6P6dPH+bo8QPoXtTjsokJp3VPc+jYfk6cOY2u/iUMJFlf0DuPoRi4wRVd9E0uYXX/AVevXuOigNfYWHnOJUyMW06pG0mi1z13XGz9rNqJzsRYD8sbBpiZ6GCory3gPs3FC4fV/Ut6xzh5fBdnTx+Q93KQg/u3C8h3cvrkbvbtWo+ezkGig13EQ2KpLk2hvjRaIOxPc74f77Pcea/0cE+3550yvWuCndi6Ax+VceNy39u0h7yKuM5LgXmJ8zkCTdcQY3uUT0XP+FQWyKeSUJpLonhXGMrrFG/ynloKxK+Q6apPic8lMfOz5LheINFOm7BbB3E6v5yg61tJfnCILAF6mtMZMl30yHAzItvbjLznd8jxtiTD04w0n6tkiKXnBNwV0N8i3NGEwPvniJTXKgkyl/fnIr83pGUoW0PRfwE9SyCdHhdCdmIIYb4uxAS5Ex/qLbcF5gnhxAS6khTuTlqkF4lh3mLp8t28KKU4P5dXVa943/hFvXb9SkxdmaSlIL+YjJRUYiPCSUtOkVyfLXKSJvIRJWCPkVwWRWpyuohKBonxSUQGB+L2+C73r1/ExvIy96X4enDLEBsLfa5fOoal8Xl1OJuFyWWu6uuifWAfB3ds4eieHRzevYXmZmWY2VuJFqgr27cC9M9ffheoK4+9Ua+TNwroy8vKiAkPwN3+Hh4O9wny8SAtIZGnTi7Mn72MY4dOqWPOw8Pi8fYMwuaeA/o6xmzfuJuJoycxUAr06SMm8qc5vftwfudqbtwzxNLbBks/W+4F2XM/zBm7qKc4RrtjLzB/LPtO4c6Eu10j13w7cdrzeOlwljrns1Q/lORmuZtso43En1lKjsVeAbonjf7XqHh0hor72nhqr+X4kulsWLiQvt01BeC9JMn0EKh3o82PvRnUayQd/qlBewF6ewF6zx+VMfECdwF7PzH24W0HMa3bMLS6ajKi81C0eo/i3IJFhM6eQfI4SWpjhvNkpCZ3hg3CZ84k8vav59Wlo9ScP0CdsQ6vjPSoN9PntakejbdN+f25q1A4WikDQUD2W1kOhQLzjLRINdKVrdzO/CPSJNLT/tiXx1JTJdKiSZOt8q+2toKde1fJH8AC+xvHuLVtItdXDODijO6cGNOBg8PbcnBEO7THdsRwXm+enJqD28XVuOmv4anBBu4eX8bBeSOYPaIH8ycP5+jB7Vy4cFrs/JC68pIyHn3h0iWMGDmCQf37M7hPb5bOHMvWFdOZM3UMGl07Mk1rCLrHtpARG8AhSQj56TFq78+E2HC8nvng5u1HdEy8JOt0ScKZpGWKZeWkU1CQSWFhBoUFqRT+MTteiURGYih56UoHwVSpFtPVzhvJ8VHEx0QQEeonkA7F1/WhAPwRXs738X5iRUSgN8+9nuDj6SxgEPPLyRAIxBEuUPD3tMfprgEPb+pifHYnB7YtYfb0sRzbvZCjOxbxoiQXvjTyKVmPd8FHpF0to0IAXv1kEzk3ZlFqvZAal02U2iym7P5iAepaiq2XkXRJi1yzqdQ6CHDjxcJDt/Ax8QgUm0PpTXk9bT4nHuNj2E7eeiyiyXctzX6r1evoDW5y238zlQLzOieBp8Mi8oyHU2I+SmR5I+8D1vMhbL0UA1t57TKdxEuDxLqHS1Hbl5wrU6SQnUjD8+1UKVPEPpD3Z72Aavt15FotofbpBvn1U6iU9110bZIYuyaZl4eRazhMoD9K3cYe6oHHwh95ovX/kXdvGbzz4GuFLp/fxfK5LpjawP28cF9A8IVePNijxc253xG8vxUJOt1IMxlAgvFgyl3XUi8FTE3kdbUt9hETbhl73jIkTLHynwTov3z/dzq1+oUh/QdjdNuB3JpGAXot6Tl5ZCkwF0PPLnlBdlEJGdnZJCTEEaWsDhURQlJyAslKh6LEeHUq2WRJjElKpGaqi/R4urnh5elLYLAYT2C0uuCI42MHYuPTCQmLE8A/5bJAcf/OnaxdupQ5UyYyapgmQ4cMYeKYUSybNZG1s8awZuZIdUa3MX06oikwH6vAfFg3dRKZhRMGqj3bl04bqk4WM31oF6YO6sTYnspp9bbMVDrLje6hAn2Rlhj/4BZDH6fRhikDOqiWPmNYV9KTWvq+xMaEoat7nAu62mLmJzG4rIeJqRj0vXvcuW/LNcubXDDREzibcs38Ojo65wTepgJqI0yuXuay8UUMja5gbHQZff3Tsq/LeZ1TYvVHOHnmODv372H7tk0sXzaf5cvns3Tp3Jbt4hnMmDaS8eMHMmKEhhzPXegrhcdgKUhGDNegl7zn4UO7MWFcX1YsmcSmtbPRO72VtHAHasqSeFubTkNxEM0FXnzJfSowf0h9nCXvku4IyO9JgWnLu3hbXsY8oC7pIW8E8m/jrKj2MSDWagchd/fwJsuV5rJQdRKYz8oa6GUS+UF8THMVk79PY6zSG/4pjfLzDXF2VITcFXAbEHrrGLE2R8l0Okm2RLpYe56brnoav8DrMtnuhqS7GJHreUOgfoNUX3PygqzID7xPrOt1XMyP8/jSViKsj1PoZUBVxB3qM9xpVAqU2qz/AnpaXISk6ECSIvxIifYXSxeLDvYkzMeJNDH15DBPkkKekh7hRkKAg2y9SYkMIDshmFcVNQL0zzS+/6Rev1bmP1fmRs9KE1jHirBlZJKfVyz5PIfUlLQWWxdrT0poAX20QN/bzQG7W8YSl3l815SHVqbY3zPD4d5VbhmfxlIKMnOD81w6dxKdE0c5uHUjK0Um18yZwv4tkl8a3/FK7Fvpsa4OO6t/I8VFg7yfdy2Af/OeOik2lHkdokJ98XZ5iKutJV4OD3ju/pRgXz8CfZ6he0qXvVt2YnvLAlf7x1jftOLCibNsX72JOZNnMbDPENq27sQvP7TmT6Z6hzh32wC9h9e46nKba573uClQtwpywEYA/jDyKY8invIwwoXHoc5E+FtT8vA0iWcXkay3kldSoZXf30+B+Vax9rVkmO0kQX8Dzcn2vA+5SfmjsxTdPYmP9hoMVs1kzbRJbFy1WoA0kna/aDBskBbzps1Fo8tQOvzQm04/9JHorXaOU7Yd/yH2+Us/uv+kgca/+qLxc18GtB7AjIHjOTV3MSHzZ5G/YDrBU8dhM3QQVsMH4T1Ti+xdqyjX3kXx3o3UG10QuOvw9roJb64Z0XTHjOaHVi2WLibKi3xJ/Fl8zkugOC1C/sDhUrlFSKUW/u9Q7kuR+xTQKzauRGpqlLqtrinj69ffOSa/z+aBCTY3z2C0XgujJf25OKsH2uM7s2doa/YObcdxrc4c0eqC+aqh2B2bhdO5RdzdNxWDZZocmzWAbZP6cmT1NHasnc8+qfJWr13Ntp07WLVmtRz8wxjQrw/9e3ZjiUDc2uQU901Osm3DIvp064xGj45YmV+kIE0Z7pFEUXYCuWnxAuZoIkL8sX30GJ/AUGIS0khKSyMlPUMKFTGtzGTyclPJy0lUe/TnKJ9RioLk2EDC/F2lmo0mNUnpIBUk+/K4wD0uNkK9DuXjakfIcw91zLKvx2PCAryJFGOPjw5Tk3+ShGJ34dJgPZwfEOD+EF/n2zy4qcMd09OcObiWO0YHsL5yhEi/x+qB3Jx6m5dOK6hz3cRrz13k35onMF9Mw7P9VLtspNBqkQB9ubSz0eoUr7UPl/LWe53Y+XreB22mKWqf/E3v8ClTn6aI3QL3kzSH7eKdzwreei3hw/N1NPmsFkAvpNp2NkWmQym7MY6qu9MoMRtLqeUYPkbu5l3AOjH9tbwPXs5bz+k0eMylSP9HKm52p+h6HzH4QRTbjOelxUjZX0ie7nAC1vYk4chIvBe1ImpnG9INRgnER1Ih5p5rOpaks73lvhGk6A4h5XRfgjb+zLOl3/Fo8i80512D1/f4+voJvzfE0BS9mwqPZYSe0+DC7H9gNPV/8NjUimzTgWQaDiDm4gDSLSfz0n8b5Q4tk3L4+Pi0DFFTYP5/DP1fAvM2P37PoD59OH7OmMjsCgpfvleBnpVfSFbhCzIKywTo5eQWl5KakS7tPVWFenRUGNEC9lgxmfj4WBIk+SVJEkxMTCFeIiQ0kqDgCEIjk4mISed5YARe3s8JDIoiLimHkPAEvH0CsTC/wdnjRzgokNu3ZR1zp05mw8olbFo2j/3rFrFvzTxWzBrNiN7tGdqtNSNlqwxJmy3wXjB+AIsF5soKagvE0mcN765OGjNZQD1OAKhcJ1dPuSud4gToi8f3ZaYYujKcbbwAfXI/Abo8d6YUAbM0O5P+h6n7+LgzVYrK+YtnsmDZAuYsnIHWlHF0691TvRTUd2A/hkhe6dunG32kuOjWrQ2dO7emc5cOdO3eSaIDPXq0l/va00WK6latf+JfrX6ge8+OtO/0CxoaXdHU7CvwHsm0aeNZtGgW69cvY8OmRcxbMJFZs8azYP5E1q+byepV41i1Qot1a2eyd/cy9u9ezqG9a9gvueyW0j8mN4DawjDqxagbBOZvch/xIdeJJjHwukgz6mMsZf8BHzLFzjOUYWoeNGY4URN9i7pwc4rdzhJwfRMfctz5XBnDlxdRfCkOE1N/LrnPm+akJ3xIdpFCwY/mikh+q4rmoxQOjRmeAl5b8r3NyfUyo9TvCoWeOmQ5HiPXWZtyMf/akGu88DOWMBOXEzN3vUKCizExTwxI87YgyfsO/nbG3LuwlUe664m5f4R8L33q4qVgkPdZne7Nu7K4/wJ6RkIEeanR+Pv54+BgjbmhDlEBT9W52WOCnhLu40hKmBsRXjZEetuSFPSEcE9rUsO9qCgqov5Nkxh6M7U1r9Wx6S9KKynMLyFL8l5udq4ITKnk80wyM8XUBfQJsbHqqpGJyuReXiKwDyywvXEJp/tmPJF9FztLntrfxuXxHW5d1eWm0VmMdY6r8F63cDbLZ05g1YxxLJ86ml3rFoqB1wvU39PwWkxcgP5GAK70xFdArnSUq6mtp6y0gtRE5fe54GlvjavdHbydH+P6+IEUDpInLUxxfHAPJztrbsjnv2moy71rV7hpbICpng7nDh1mw9KVrJq/iI2Ll/MnPRtTtO8Yom1lhIH9dYycb2HqcRdL/4fcCXTAOuwJD8JdsBW4K0APDnlE9TOx9Gvb8d81Gf+9M3j55AyvXXWotD1OpvEmss12UOd5mebo+1Q7XyLeZC9PD63k+qb57Jw1ST70VEYNHU13se1Ov/Sha9sBdP5F6eXem19/bAF62793p/W3Yu/f9aD935XoSQex9Z7yuMbPGkztO5qDk+YQv2g2KXMn4zVhJLajNLEc0h/vaWMoVE65n95L6e4N1F06T9XZk9RfMeCduSEvL52h6e41vig937NTQJmCVIBOXjy/5cdTkxNLenI4yUlhpEgkJYWKZYaKochtiWTlseQISWqREtLo8tPVBpggzztz4QB6Z7dzYv4wLswdyKnJPTgwVoA+oiM7hndky7Bf2T6yMwe0unF1+SCsd4/Des8kTFcP5/yC/uiuGIHe5hlsWDSVedMnMGnieObMn8eiJYuZPGWCOmf7hMG9OblmOm5Wl3C8pce+7avo2b0LfXp3Y9/O9XIghKgwz8+II1NAnJ4QRUJkMDb3rbhj50hCWjaZeYVqr/eCklJ1nfPC0kJ1ju7CoiypXNPJSI8jKzVewBxKUX62fMZMcnMzyM5KkwMgVe0gFS9Qj4kIJC4qmMSYcCJD/AgN8lUNPkbsPTYmUu1trXQw8fVyxtfThXCBva+Ho7p0YoifK552V3h87QSetob4u7Qsn/ipMk7a1BoqH0tRZreOkvtLpT3tUDu/Fd6eS43TRrKvTiXvxkyx8oW88xLg+q6hKWgDH4K38HuJBV/FzD8nHOFDjETcCfU5jT7Lef98LU0B0jbsZvHy0VzKb42n2noadXZzKDAYQpn5OD6GrqHcdgpV7rN4H7eLN0FrafBbQHPROUmUiyVRruJj2Qm+vrpIteMootf9C6/FPxO5sQ2+i3/hkdZ3PFnWlluTfiHp3GjqbBbz8v4Cym5NpeDOVJIuDKTIZBQJB34larsAfcX3FD3Zw2/pG/mUvpn3mWf5VHyL+iyxHPl8Nxd8i87Yv+C+4UfiTvckSbc3qUZDxM5HUeG3k9LH86hLcVS/uzlz5rRcM//2P2PPf/jHdwLzf9ClzS9MnTgFe7cgsqubBOiNFIi5ZBcUipWXkVtWS05ZBZm5+WLkSQJy+TvGRBHg56X+LZVZAxUzT0lLFzNPJz4hmcjIWMIiEohMyCIurZjw2AyePQ/DPyCMuMQcIqKT8Xse2mLoujqcPXqAs4d2c1H7EHrH90tBtwVtKbo3L50u4B6AZrd2DO/eBq1+HZk2rBdzx/RVrXzZ1CESQ5mn1V+dKEY53a4MSxsvoB7bqxVTBrZn9rDOLBBDV4C+YHRPpg/oqF5b/9+OcVP6d2Da4E5q57m58vMZf5i6MjStS88O9BnQkyGavRk8vCft2/2swnioZh8maWkyc9IIpk8ewnitwSxeOF2gu5Rdu7dx+Oh+Nm3dzM6dO9Ve8NqnjqEv8mBmbswlw3PcuCl2f82QW7fM1K0S168bY3HbhOuWhpw8tY8DBzdw4sQmDu5dwp4d89m7aynbN89nx6bFbNwwXyx/CaYX9+D5UJ+kQBuqUl2pS3OmPs2WV2k2vE5+QGOyHe/THPiQ/YT3yuxuyY68irtLTewtXknUBF8l7sFRcp9d4UtJIL9VxPGlMpEvypzrhWLqOf5SAD8XwEfyuTaFL68z+O11uhyL8TTm+FEX60B94hMB8CMqnpupq7ml2e2n1PMstQHGZDlpk2GvTfGzqwL/+2Lkt4l3NCTq8UVSxdbDXa7jaH6S81un46S/jiCLrVIc6PI61VEKk+cURDlRnuD1X0CPDxMzj/Rnzu47dF1oTq8Zx1i87QIWV07g63CI1Eg3suKekxHjS06cn0D9ATHPBOwBT0iWn6utes3L2pZpYKsqX6krmOXlFJKZmkaOQDxX2c/IUYGeGBdPaIAfYUF+BPl44uH4AGe7mzjZmAlkLfB0vIuXkzVeT6xxd7zH7WsXuHx2H4e2rWGZgHy+1nAWTxzKypmj2LFiBif3raG+ro6GulrKivPE1Gupe9WgFhfKeHJlXvYX5TVkZ+cTHR5K0DMPPB7d5antLTyd7PBzeyK/yw6fJ49xe2wnRYSNFA8nuKJ7ipsml7hlZsINEwNuGCthLMWOAVcE8H+69OgG2neNOHhTn9PWJlx0uIGhGNRVqXQs/B4K2B9xL8gRawmbQEnEwQ7khdpQ+1ygbrYdzy0TCNdewrtnl/hNWYvXU4+K+wclASqrZ9lR621K0IVtuGlv5uTCCWwVk543bjTjR42lX4/BdPylN+1+6EXb7+UgklCGrnX8oacAvSet/yZA/7a7CnVl207A3kWeoyFmP7r7ULTHTSRt7iSipo7iyThNbg4egIXmAIKXTKdG9yA1p/dRsHm1bI9Sf1ksXV9HDP0yVTrHBOqnaZI/GPFBUF4gUC+G9AhI9BdrT6K5NE09BZ+UGCqWEqJGYqKEQDs+KVzgLSFQb9mGqQ1QGcttbqHH7etn2DtjELvGdmf7KAH4iM5s1PyV1QM7sHpwZ9ZIIlom2yMz+mO1ayK3NozkxqbRmG0czfWd07i4aSobFo5nlHyW4ZqDGTNmDDNmSsKbO4vBA/qzbMIQTPfMx81CFzcbY84c2a6uWNWjZw+mTp1AfJSvCvOc1BiBeQSpcRFq73OXJw9xcnElMSWDrNwCcgsLyS9RVs5S1l0vp7xStuUlFBZmkp+vTDaTSUZGosA9ScCcKN+BFAeK0WdIpCvXU+OJCvfnmQBavZYe4q/aeHxsDMFB/oSFBgkYkvHycMLa6jqe7k8J8PfB39dLtb7kxFginjsQ4nGHUB9bdRGQihdF8PsXXrnvoOLRKirtVlDvtYMXdkspujtXnd4103QixbdnUue8hKaQ7XxJPcNnpcd5lDKO+6ZAV5/muMN8CNtNlTyn3nMF758J8AM20eS/Xsx7I+/9NlNrO5OXylSvYumlpiMpMB0iyWkDr59O4m3KLhpzz/A27QBfaw15lbyZz/X2fCnXpilvN83y2Cv/1f+PqreAqmpdG7bPGP8/vu+859377H122t3dit2N2N0tJmIgkgIqKEiogIiINIJId3dKNxIG2GIn13/PyT7nfX/GeMZcrDVZa7HWM+/rvp6kxl4Lr8n/TcGe3vgu/IHorT1J3NiZ8suLyHVaQ8mVJVRYL6LMehmFJwdRYj2FArMpAvqhFJ4eSoneAPItpvOtzoF3sfP4lHeEt2XmvKhx5mGuMUFnhnJ86k+4LfuBgjPD5O9HUH1lCgl6vajxXUOly3RKnWbCmzoqKir+1yC49vnn//h7e1P7H//8gX69enLouCFZ5Q1Uv/hMdcsbah4KxOvuC9CbKBVLv1dRo+64l5CYQHxsNNGRIcREhJKaIoaena3uCJhXUEhmdp7APpeklCzikwXoBdVkF7cDPTmjkIzcUnmeUqKj4gkKCubWDTeBkjEWklhbGZ/CXkzDXP8Ix/duYt3CKZKk9mJM7z/Q6NdJgN27fd11AfjahRPYqDmZtfPGqWCfNbKXOhBu3thezFOA3r8DU/r+ziy5thaN6cESjXagL53UTwW62oeuGPpAZWBcZ3Wg3AIx9HnKWvDyHCUF7VYYGnYHXd3dGOlrY3B8Mwe113Ly2A4unjuJpdkRTE/vwPCkxLBj29Q11o2NdDh71pCL1hZyzQugHa0xkWCrLFBjaHiSk3qHsbxgKsUCqwvmXLxojoWcb2mlNMufwNRcjyPy/PsPbubAwU0Y6e1j7w4t9mzXQmf/Oo4J5I8c3sCOXZroHNnI8UMbOG+0T4zNlKx4T5qKwtS+87dl/rRW3OZ1kRfPCz14e8+bV+nXeZLqwMPUy7wt9eVV3jXS3PVI9TRRF6L5UBsr9TiDzy25fG0po00KailX113/+rKC7y+VNddL1L3N31fHSqIQLYlmBK9zvMTOLchy2kPxzf0UeRyi0OOoCvg8tyOUBZ+nWc55mhtATYwr2d6W5Ny2JdrrAtYnN6G7ZjLuBivF0PdTF3ORV1WRPKtKpD4rlOIY9//AXBkhniwJ/7WrVxk0/RRLNfZhPnIldt3GY9CxH8aL5nLW+AAeLufJTbhLfmIQmVHeEsLDKcuKFXOPoL6inGap382PXvDo4VN1j3XF0MuLiynKL6SivEaFepFq59lkJksMi1O6Bv3FkK+JKbsREegmUL1GRIArkXfcCBJDDxawe1wzw9JgHc4XtxPsdYxwv6OEuO3mhv1GERYdUpPNef/uJa0vHqi7TD5qvC/JxTNaWp61L00rpUESjPKyKnXKb2JkmDzHLUK8bhBzx4dUeR95kkTnigxlpiRw8+olLhofx/asETZmBly/Ys9Np6vcdL6Gu1xbLvI5KaPs/3be5wpGbjboXDbnqKMFxrcuYe5jz1n/q1wSqNtJ1nNZsh5HAbtztCeeMV5Ex3lSlezKM7HwIsutBG2dTInNNr5nXOZzxhW+FtzgVaQVLWGXeCfZWuqFQ1zdtpgrO5eiLYauMXwkQweMZFCfkfTsqMxDV/rO+6kQV/rPOwm0O8jtDv/911FA/ud/9aTLj/3oI+eOFKPfMVyDwEkTKZgxgcxZE3EfMwz7EUNwmTiKZLHbF+eOcV+CRenqJdTt2UKz4Qken9KlTmcvD/QO8fSMHq2XzGiTiqA2uzcrQE+DrAgoSYHGQr63VNNcnk1BbhLZAv4cKdkC9RyliLnnCNyzlSK/P3zcoG744Ophi93Fk6xUmv7ECJYP7sgqCSzLB3dAa3BnVgzrjubQrswd2IWlY/tgtW06Dls0sNs0hotbJuJ9ZhtXT65DZ4sWo4b2Z/DAvowepUB9LNOnTxZgz2DuFLH47Qu4cUabOzcuckwMp3O33nTt2ZMxGuO4G3CTyiLFztMF5mJKKXGSdd7F47oDdvY2ZGblCZQrKKkU866roqGpnvoHyiA5KQ01PHwg9q4s01pbLrZeJtZeJbAokYqfr669XpSfpwI+KzOJhLhQ0pJjyc9XptoJ4DMzSEyM5+4dP8LD7qobtOzbs4Ob7p5kZAsIcu6RlCyfXU6mOhglKS6Y9KRw8rNTVetXNv5QxySkXOaR92pa7uxQl3Gtu7aYCodZ5JiNETOfwTM/Zce0tepCMR8yD6jN6m1P7wrQbfmQeoD3aQd5m6TN86BVfEzayce0/byO2iiJ50ZeB69T7fyFl6a6OMyTG5MF8Ft4X6wvVuLEtwen+FhvwKfHxryr1+dlwXZa87bwLEWLVxFrqbo5myr7mSTt70XE8g7cnvMLPpN+wGfqf1Gg3Y2nfpt5G6dDkdUwcm0X4LXsd7yn/1O198idHQk60pN71iPJt9HgofcOeZ/HeJuhy4u4rbTmGvLqnjFNGafI8N0mCd5w7Ob+HzKP/0a17TCKLAYTd+RPkk/2pth+Isn6PWmJPqF+ZrpHj6ogV8z831D/8R9/53cBevcOf7B+4y5iMoupaHlL3atvVDW/purBU4F5AyXV9ymubiQrr4C4uFhSU9Pk+1QsPUOFeapYRKYkasqCR+kZmfIdppIsdh6TKAaflEVmcZ0AvY7MgiqyCmspKK0X8JcTE5NAUEAgrlcc1D2kr9pYCczNBOZH0d60lOXTR6tzzicpu6gN6ab2k+9YPpP9GzU5uGW5mPtstiybwbIZI5k5vLu6iIyy4cqCcb3UPvSpAuxJ/f5g9rCOAugeaE3sI6Y0kCUT+zFb6Tcf1EFg3oGZUuYI0OeInS9QNmwRQ9cc3wctjX4C9Rz181NG9F+yPME5s0MC5wNcOK+HhdFRLOT2+XP7OWOylxPHNrNfezXHjm7nuM4ODu1fj5nFEYG1LmctlFHx2ujq7OO0/mF27V7PgUM72X9oO/oGBzE2OaImAnon9quPnzi2B2NJIM6ZHsfM8BBHD8r5e1agc2CtJA9bMTPai7nJQQxO7leXpt25fT2HD25BR2B/0eIQFZkeAnIx9Xu+f+117i31x5WWJFue597kS20UT/M8qYu/yvP8YJ6VioU/SONrcwZfxL7bXlQhNKXtVSVtrff5/qqG76+r1GPbi2q+tBTzoTGNT3WJUpL5VBnHmzxfSv0NSXXZRdLVHYRYb8HDeA1BFhvVteBzfM2oSrxBc8FdGjP9yA+yJ9HjPE5n97NNcyR66ydx+7zE5UBjmtMk8SgK4ZG8r0dFMeRFuP6PnrdBiI8Hdvt1sOg9Beufe6H/zy4c+WcnKV2Z8tt4fuy9jA4DVmFvaUJcoBMpoe6kR3hTlKFYezwlOanqhiePBeYPGh4LzO9TU3VfHeGel6WsJVIl0tJIWVmFyEUB+ZLIpqckEiOCEuzjSnSwN3FhPgLxywR52OB9zQI3Bz2SI+zIiDEUFzwkr3OS2iJjKnN1yEvaR4Vcu+VSqkrP8eH9C14/a+ZhXSlPHjby/EkLLc0tKsyVNecbG5oF6NUiYOmSvIQTGehFmL870RI7c9KSSUuMJUdgrrQWXLOxwNbsNNamelyUOul13Rnvm274e/ng6+2Hr4c3Tg52/O3i7WucuWXHCefzKtRPi6Wbetlxxsue8/6OXAh04WLQdWxDbmB99zoOd2/gFuxGbpKHWNB16p21ST2mSbKUjxmOUBcsgAzh272b1PuZ8FEqQJWHKQGntuFzbAu6S2ezatZ0hvYZRs/fB9Lt1wF0+qm/2n/e8QeB0k996f6zsp68cuxPV7H13r/2Z2zHQZwYNxUbjclcHTuWlNmTKRYzvzdzAnHTx+MyZgT2o0dyefQQ0lbM4rXlKZ7q7adw6UKKly+iaus66vZtpWzraip3rufByQM8OCEgCLwO5XJB1xVBhWTrudEC9iSokfvq80FZmrA6l0KBeVZWnAr2LLH1zJzE/xwz5VhWeU+th6ZnDeSCXsfK0d1ZMKAjM3v9waw+cuz9J7P6dmTewK7MGdCVqf26ML53Zw4uGc+lnTM4t3YsFhsmctNkG5f1NrBnzTxGDupLvz49GTSwHyOHD2b8hNEMl6Rl8OAB7F8zH8sDqwm4bo321jX0GzySX/7oTNfe/dTmvftVJRRkJqqVMsjrKj7XrXC1N5RAokNCUiJFxUWUVZRRI7BufNDA/YZqamqKqa0qprIsj/KSXBoaa9VlXxUTv3+/Rl3ys6SokIKcLLUPXWlyT0+OIzM9lby8XBISpPIFBeDhLvXF5pwYXQ5pGbnUNj5St18tLZdAL0G+qLhSgn2pACKHqKhQkhOi5GLKprCoiOLSEt69e8fX1408C9zG08Dt6jS1pltrSTw5kpqrC8SgV9IatYZvlaa8S1P6yPVoe+TJt6pzfM49KgDfzovQ1TS6zuRN1FY+pOzjbfw2PsTvojVkPU+9BOZ+S3nqNpNndn1pazCXgOYl1nKGl0UHaEndRp3XLCJNR1PsoUXsmQncOdSLPONxpB7sRI7haEqNRxO7viORKzqRtH4wycv+pOlkDz6navOlwITWwM3knhlHkPYQIvd0JnDB/yVh6x9E6/emPHCOBOFtYlGbSDwxjLQjXSky6kaJVXfybPuI2Y/F80g37LcPxmvjT2Sf6kK2fhdyTnYkcENHog91l4RiOEWmncg0HsDDhEu8fdNKny6d6PDzD3T8+Uc6/utHuv72M307/MqQHp3YvGk7ofEZlD54Se2LL9S8/EKVGLoC9DIBelllLfeU4HJP6k2ZWIvYS1ZOLnExUSQnJQngU0iXwJOWmUViUrK60FFkVAxh4bHEJmSQkJZPWm45mfeqKah8REntE+6VN5Ccmk1ERAwBPn54uN3A5cplzpvos2edJloC89lj+kvpy4bFU9m7XhL+TavQ2bMVk5OHOXlwB9tWzmH1wknqyHelGX7msC7MFcNeIECePaI7U+Qam6bAenhnFo0XOxeQK/3nin3PlGR6pgB91qCOKtznDuusDpxbKHa+QJIBxejVaW4T+lL6l6nHRt3F6LS2wPcwl20tMDl9BLMzBzAy2o25+UH09HZgYCAg1tuNlZkul+0MuGRzgptulnh5OWBjoy+JgD6mxpIUyHMYmuigb3iAsyIYpibamBvux/qsniQNJ9XlX3dtncuBvVrs26XF9k3z2bphPts2z+XwvuUYHNvN4b0b5D6BvM4B9PWPY35GX/5Wn8uXLIgKcaAqx50nhQHqinFP827xOMWJ59ke6vrpjwuCeVMVzZfGDN7VZauA/tSSw7fX5Xx/WoGcwKf6eD4/yhArr5T7qyShrRIzr+Drk1Ix+Dx5LIsPDcl8UPrtS8Jpir9Ovrch/hc2clF3IftWTUFrymC0Ncdz++wu0j2MqIq7zqPCUGozvSkIucwduxPsWjmR1VP6ceP0KjJvneBBvCMtWR48yg9QYf6sLInaFL//X5O7xfptHOs+lNOjp6MzfTEnVm1l9uAJ9PzXUH74czL/7LKAf3bSZP++IwTfsiY1zJ2UkJty9CQnIYiCtGgq7+Xw4H4TjfXt/ef38vJITYgVcCerze3V1U0C1RqJcYXk5WSrC83EBPsRFeRFfFgACRH+3HQ0xs1OH0fLw7hY76I8z4yGMgsaRCbqK81pLD9KRe4hasoMqK8yo7bMjJoKC969fULryyfUlmbKuQW0NCiL3zxSt1BtlASjqfEJVRV1YuKZJEeGExviL1D3JOaun8A8hrSESBXyPtftcbp4BjuL09iYnOCSuR6eLk7c9vHhjn+AQN0Pr5teuDo78zeH0JtYeF8RkF/ksIOZQN2M0zesMbpli4mnLWd9HTnn5yTG7oSFHC39HHGW2xUpt/iQLplfoD6V1tuptN3J2wQ7dYU46kOhIZw36a68THXnRYIL1Z4WhBvvZsdMDWaNGMXgXkPo+dsAuvyrH10F4N3l2OePgQzqNozeAvpeAvr+fw5iSJeB7J87j/hNK0mdrkGN2HfdsplUz59I+bzx5M+agL/GcC4NG8S5YQOwGTGY/A2avLE6TYOYa4nWAqo3Lqdqy2rKN6+gYvtaitctpeHIHl5ZGfHexRry4kFMm4xIUIw9X1lRLkMAn6U2v7fdz5MMNV8qR7JAKI6MrFg5xpMuJfWvY5oU5Sc9I4njm2awdVwPVknwWTigE9OVebK9OjC5159M7t2RcT3/YFTPjgzv3okl4wdzab8WpuunckxrPLbHNmB1WILatuUM7deLnt0607dPL0aMGMq4caOZNGkCI0cNY860CZhrr+O61Sm2rtWkQ9de6valv/zZGVv7S/+5KO54X8XSWBtLg70YndjNkSP7uBPoQ4bYSP69TIFrDpWSjChGXqWWPCrKcim5pzT3xFGuDJirKqW8vFhtaldWEcsToKckKrtxxZEYG0GS3I6LiSYoKJBLly4KpMUMnr/i6ctWnr56S8uLVrXUN7XQ9OCJJBBPqZPbtY3NFMvFFBcXJ6C/R4G6Ol4RjyWLVX6eShbc4rdRgL6BbJNJpBuM47G3fLfx6/lea8lHMfNvpWf5UmPL9xpl0RgdAboOryO28Sp4PR8yjoit7+N94l5eha7nsccCHt+ax2Mx7DeB4/icPp/PGVryXIckB9Uiy3oUYYdGE3K0H+W2o3Fe0gknzQ4Ebh/KDa1OeC39mZQ93Ug91I+AFb9xbsjfcV4u72vXBMoOdeadPEdb0REehhzlvss64nb0wHPOP/Gb9zshi38j88AQik1HUOkwieaYFXxuMuB7tQ5vkxdSpN+NMvvFZF9dxclpP3J67o+4rvw70fs6ELPnN/JOdydy+69U2U2m9toMHtzU4Kn/GuocZ7R/zx6uTJaEcfqgrswf2Utg14dpg7qxUGM0J/X0iUsvoPT+A6qbX1H77D01zz5QKUAvb3qqNreXVAvEKwTqEmAKJPHKEhNPSpSEMCKCREnUFKinCdBTxNyTklLEvOOIiIwmTuw8UZ47Ia2AvLIGimtaKK1/RlH1A3IKK8XiswkPiyDA1xf3ay44XbJmz4alrJw9jpmj+7J40nB2r1usztu1u2AldfQoO9Yuk6Mup47sZdW8Ccwe25cZw7qqTe0K0JW+8wVi48qUtcnKlDUB91wB9eJxvdVFZbSmDFDPmT1MGQjXWTXzuWLmyjS2hSPF0KUsGtVDrj0x9Il9xdL7sGLyADGrdlOPjQ3jrLLl6ZULci1Z4OxshZ//dVxvXMLVzRonx7NccziDy9WznLPQEYgry7oKyK1PYXB6LyYG+zExPiCPHcf0jC5Hj23j+InNnD69kWNHVmCkvxNDOc/UdAdGhltFANZyRpIGE4H9pQtGkkgY43L5Ii5iXG4uttxyc8Tlmh0Odue4YGmAuelRDPX2YWWuQ5ivNbUF4Twuj6alJEw13ldlETwTm34tVt16P4039dl8fVbB5+fFfHxaxNfHhXx/kMe3xkQ+KgPiHufw+UUpX5+XC/DLeNuUx/uHWVI/M/lYn8Kb+wm8qoziUYYvhX7WRF05yYGVGkwZ1o3uHX+jc6cuDO3VA5N9q8nysSTH34YH2cGUJ3qQ6XseO711rJ0xBKsDi0hx3U9tpBUPkl15lOVJY1aAuFMkTyvSuZ/uz6PyjP/ErgvHDURcNrN70w6WzNJiQP/J/OOnQfzXr6P4x+/T+aHLUv7VdTKDxi3F+eJpQt0vESUymigCmixQz4pVoB5HhchLdWW1WLMknALKCIl/CdFRAvFigXqNmLqypkaxiEkaiTHhxIUHkaQsmBUegJ+bjTz3URzOHsLaeBd6exeQGqtHS6OtFEselutQGLtaBMqYhtoz1FWeoanuHM33rXjz5iEvnj0iLzmE6oIUdaGcsoIM6qprqK2pFag/pbqqjtysdBKjwohXxhkJ0OME7MmxAvgwpenfBQ/nS2Lkl7nlfJkrVhY4nDfF+4YLoUFB3LkdSKBvADddbnDd6Sp/uxbtzXmBtOENG3TszdC2MVJN/eQ1S/Sl8pp42GHmeRkTsXgTd1v1eEHuCwuw42GsE6/CzlHvdIAnvqfFhqz4WiZZ1qOY9tIQyWv50t5n+1B2w5g4+VAu71zGnsWzGDt0FP27DhML70tfAfvoPqOYPHwiYwaNZ2j3EcwcrsGeBQsxX7WcGuvT3N+ziupVc3iwcSH1K2Zyf/kMapZMIWP2BG5pjODiyCFYDB6I4/hhlG/V4q3laeq2rqVsyQKKpTTs20Sl2Hn5xpUUrdHi/oFttBjq8tXHGVIlCUkK58udm3yP8oHsKIF5ZnvTu3JsEPuuy+V7XR5FuQkC7RhSpaRkxpL8V0nNjKfhwX2+fvmMwWoNdo7vzoaRndEc9Cdao3qyZc4YVkwcxvT+XRjXuwvDunVkaNeOjOzZiWOrZ3BYawL6mzU5tHEpO1cvYIeYiWLofXp2U3fMGjZsKKNGjRCga6hFY8J41i+eyflDa9m2ah7/+rUDP//aieFDh6vN5N++feXDuzfqhVFbU87hA1vYu3cnU6ZPY8euzdz2cpIsMJRsyWILcuIpUQb9SbJSXpwlGWMsoZK0KaPblbXdqypLKCrMJT8vi5y8bAnsKaQkJxIfG8nd2z74elzH0/2aurrdw+anPHv9jlfvPvHizXsV6A9anvPo6UsV6s9fv+fN+y+0fviqnvP42WsqJEvOys6jQJk+IkVZIU/5eVUSQpPHSnLEkJWpaa/Frt+nbOd78XG+iol/KzvHtzpnPhcZt88Pz9XlSdBadZW4z+mH1Kb3j0m7eR26hhaP+Ty8PpMH1yfyOm0/7wr3itULUB+Y8KFwDU8jZlJxdSxZRoMpMB9JxcWJpGv3IHD+j/gt+JnoLT0oMBYLWfortuP+jt2cXlxbNJCEnQNosBrH11prvtZIclF4gWeXNCjcIya/pRMNJ0eStPIXfKf9naRdQwhY2oG4bf2IXduRTO0OPL0+n/t2o2mNlP8vbi5PvMfjseY3SST+DwkHfifDYCCNlzUosxxN9N4e5J6fSrmDBml6/Wh01OC5JNXKz+FNi1g1eSDzR/VBc3w/Ns0dxWaBoamRkZhzIcXKohpi4tUPJYi0vBI7b6Xy8SvKG1soE9AXV9Wo6xTkFZWTnV8kZp1KrCRpUQL0qMgIEhLiSRCoJyalEpeQQnRsIhHRCcQmZpOSXUJeaQNFyi5Q91sorKwXmJfJNZIryV0sfmISrhJsXB0vc0bMe8OiaQLyoayZO0mMfCW2lmext7bB6fJlzpoYskfu271pNTsk8V6oMVhA3t7UrsB8ljKobXQ3tXl92qBOqqHPVux8bE8Bevsc9OVTB4rB9xCYy2Ni5XNUM1esvL3MVzZ3Gd0dTTl/mdj5MkkCVsrfrJk2SB0IqvwkSuA3NDrFOUsTzkkAtThnzvkL5nLfCU4bHOPcORPs7aywsxPgO1lz3tIYO/vzuF53wMvTBUcB8QWxKkdnOy4L+K+5mOPjdUE+hzOS3Ehw9rThhqvc72SGxZmjWJidEgNXjsacMTqEvu5ejh7YzLGj6zl6cJNY/DoOH9yA7pEtmErCYG+jT7Bco/eyo3n1tIp3z0p48yhXQJzN28ZU3jWl8qI2mSfVqXx8Ikb+upbPAvMvj/N5X5XCx8Ys3sm5n8Xav7wUkD8tVLc0/fj4Hp+a8+TvM3lXlczbslheFoXRkOROZbADiY76OJ3aJp/zaDr+8gu//PIrP/7rBzr06MdEEQ1fG0NSPS9QmXCLzLsO3DLfyclNszl/ZBVBttsp8j/J42QnHqS60pjmSWmMBw0FsTyqyqQ69TYPyv4H6DZGphzdtoOjW7ZxaP0aFo8aT4d/9eSH34bwY4cp/NBhOt2HzkZzyTKB7WF8r5oRetOaGL+rxPhfIzHEi5SI22TFRVFekEt1ebkkbXkkht0hxN+blPhE8nLvSWwrl6OyjHUCcZGhxMnj4QGe3PV2FjM+KUA/if3Zw5zRXSfvZw4lYuivmi/wtO40WXeWkRW+WSB+lvti648bzvLsoQUvH1nx8dNjXj17SGHqXe4lBVOZF0du0l1KcpIl3uZSW91AZXkN+Tk5aqtBQrRAPCKEZHm/al++vI8gL1cBui2e1xzwv3kTH/ebkujZqkBXtrm+e+euaug3nJy5YmvN39zi/LC+7YKRqw3HHCzYc8EA7YuGHLYz5bjTOXXAnIEYu56LFSckMz0msNeTYi63U+/Y0xJgJtZzjOe3jXgXc4kPyVfaLb05EVqS+VwdzScJzI13bEi8cBT/kzvRXjCb6cNGMLjbILlIx7F+5ix2LlggF9VMucg02Dt7NrZrNInQ3kD+ie2UHFhJ9Y4l1KyZy/3Vs6gVmNevm0vVsqkkzR3PjYkjuTRmBFYjh+M5eRQ121fRaqFH9boVlCyaR+nShVSuW0b5+hWUia2XSinbtIInRjp8vXsLsmJoSwjmm991vofchMxwoWABbYqhFyW1Q11grkD9c202eQLzxLRIsZJoEuV2klLSYygsaQeRq1SuzeO6sU4sYfOkvpw7spEb9hIQDHQ4tGkZKycPZ9rAnmj07cbE/t3ZOGscx9fMZudCDeZOGcWwwQOYNWU8Iwb1pk+vbnTq3IVBgwaKpQ9jwoRxTJ40UWx9LLOmTcJgzwq2LZ0uQP+Tn37tyNlzVup7aKwrVke7P310Xx1govwYnjFjjMZU+g4awrJlC7giyVuwz1XJRD3ITvAnPcaHrITbJEd5kRZ3hyKlDz4vg8LcdLIzk/5qZk8nOTFO7SO/G+SPv58nuTnZPH/xSl004Ykyx/L9J95++sr7z995p5Zvct9nFfRPxNqbxd5bP3yRc761Q/1pK3X3m7lXpKxQVk5GZh6NjQ/5/uktheenUHZhmtStTXwr0uW7MgK8QI/v9dcEyAF8LzvL53w9vt07JTa/gtqrU3kRtE4SzY28CFzB8zsraL41h2deC3h4ayLvK3RpexfAt9dOfKheL0npGB6Gj6f6+nByznYhbv8/8NL8O56rB3JXqwPu037CfdI/SN3eg6C1v+Aw75/o9fk7bgu6kanTRV77EHwQCHyWOv/Cn6/3DvDh9jw+3VlLs7UGVUYjyNXuTvbBnrhM/Du+czsIzIeQtnEYoXPk9Vb2ImFrd16Ez+FlwBhexWvRFCZB4/osSqzHk3i4MxknupOm259Cywmkm08g8Xgvym1GknO6W/sCHAVZ7Fw8VhLl8WzXHMuKaUOlDMfa+gLJWVlk52RQUCiGrmzA0viIiqYWyh88p0xKaUMLJbVNYufV5BcVq9PQsiXIpaZnCsQTxa7DxFhj1dsJYubxyeli5ZlEJ6QTEZNMZGyKGHo+WWLjSlN9oWL3eQVi8nJOtMDc24ub152wtjDB5PgBdq6cz67VCzmyYx3W5gJLU0Ouibk7X73KZTtbjPSOsXnZXOZrDGLumL7MGtFTIN6NWcrWqWLYyrQzpf9b2Vlt6iDF0JUFZcS4x/ZisdLkLnauAHqhauid5W+6qNPUFkoSsGhMdxX088cqMFf60HuxfGI/lmr0U4G+bvoQ1s4eqe58pc5akQT2qsDaSQKqkyQkHp5u3LrlKjB2wzfAF787Pnj4uou1X8NZ2TP75nWuXLEVuJ/F/Ly5wN6Og4f2sWLlAhYsmMDGtQs5uHcD6yX5Wr1ugQB6M8anD6BzcDsH9m1B74Q2x5SBctqLOaW7FmP9jZw4uk6OezE3PoKtiI39BRMcJYm47e/G8+YGPr97wbvXj1XDfv8og/dNybyrjeZpSTCN98TYqzP49uo+H1vk8Yf5vJDfyzOiyUmKIi81jkpJ5h+Vp/GiLoPWBoF4U44AvZgPD3J4XRrH05xgHqf4kONuQYTE74CzB3A22MkWrVn0696D//7xR/7x80/8+MdvdO3QiTPamwi/fJqcO9YE2upgun0uxlJ8bPeR5WtAY6wdT7PdeZDmTnWCO/mhLjTkhPKwJEGM3pdHFbn/Y+hHdNkxZDQru/dhZY/+TO3Uk4FSxg0fw6L5WvQeNJcFi5agu3cL5/X24uFwhhCx9DAPW8K9HIgJdCNJLDfurifF2Wk8qG+kXq6BgswUdZOp2x43BOAxZKXnki71NU4S1+jwYJGd63g5W3PN5jRXzh+TcpxLJnsx1VnLqX3LyU4ylQTkDHGei3A+PpDU8B00C8CfPrrIy+aLvH1qyYcn5/n8sYHXYuhlWeHkxd4mT1hbmBQg50vMTImkSOSoKDeHfGVsSlqSJBjRaguB0neujLiPCrkjSYWbwNye63Y2+Eg9u+XihIeU4Nu+Yue3CQkMwdfTWwzdGXupd3/zSrmD/d0bmLrZcdLhHPsvGLNbYHjgghGH7c+ge8WcYwJ2XckydezOcFDM98A5fY5YGXBOjD78ujkNnnq8CbNQR7q3+OjyJccF6iNoqwmirdCD70V+YkXuZNocw+foFkxWLsLhwA4SJMsscDLgzqm9nJNs/PKGVUQf2oLrklmcGz+CGwsnk6q9kty9S6naq0XdtsXc3ziXuvVzqd84n+IVUwifPQYXMXT7ccOxEzsPmjOO+l1raTXTp3bjagpmzeCeJBDZ86ZTvHox1TvXisGvoF6M/Yn+fr64XqRN2YktNpDvAve2EE9ICxU7z6BNoK42vxcmQLkyZ10qW1MBb6qyJLhJNpUUQWxyJHHy5cSnRhOXGtUeCBLDOTCrH/rLR3Ll5Hpi/Z3VLUYDfa7j4nSZ07tXs2nmKDTHDmD+iD4SjPqjvXwmSyYOZtyQXnTr1o0e3bszpE9vdeOK7t260K9vb4YPH6ra+fSpUwTqGkyZMolt65awd+Us/vXL7yzQbN/k5MWTx2TGB8lFe1cy0iyaWt7y+WvbX0GqgF87duO3PzvTt18vpmoMZ43WNIyOruX0/pWYHl6NjfFOvK8a4+10lmAvRwJuOeJ4yQwHazMxCjuxECf09I7j6OTIg+YnND1+wsMnL2hqfqZauAJ1Bd4KxN99EqB//KaCXQ5SvgvMP/P8zTsx+A+0yjkK5Fuev5W/f0FpRT33BA4lJdXtMwdizHh0ayYf4tfxLn4jX9L38q1CbLj6Kp+Lz/IxZR8f0w7w3HcpLe6LeBO8QergchpcZvLMZykPr02R40w+3tvBl7LNfG914eszBz43n+Fp7iKSHH7m9uk/iDjThQyrwUTo/Ibbiv/GUUAesKgT7pP/RfTKHiSt+4OEfb24JbZ9fuj/S76xwDf7AKLl0FYO7+2h9QrfX7pLwpDN+4gjPL66klLTSRSd6k2JWH/Umi5ELutF6KKeBMzpifekf+E/8zcC5/xC0iExfb/ptCYv5G3FMd7WnaPcfxnFdpNo8l9FU+BG7on5l9uMJs9sALl6nal0Xal+RlfNdNi/ZDwHlk/i8Oop7JTbpqeOiSGnkZIcTWpKFFlZSeoOexX3myipa6Ks/jEl9x/J7YcU1TaSX1pFfmGJCvQcMfT4xCQiIyOJCA9Xu0SSBOSp6XmSxOZKvc8hJjGT4LBoIiQgRsdLMErLJjk9S2BeKDBPV+fD3/YXM79qj6XxKYyPaXNCoGWurBZpYSqWYY/HzRs4X7mC5y0fHATmxgLznWu1WCDXwZwxSjN7Nynd1eNsMWul73z+qB7MU1aIG94VDYH5tEEdmTNCYC2AXjKxLyumD0ZLIK2AX5mXPlfOmz+q3eiVcxYpCzdN6MUSBf5Slk8UO588gNXTBrNmxhDWzB3FhvljqPgL6ukZCRw8vAVtseStO1ajvW8be3ZvYe3GZazbshKtFXNZqDUdjSkjGTthMDNnjmT5spmsWjWXVStns379PPZpy7V1ei/nzx0X09fF/NwxLC+cxshIG4MTAiPzQ1jK/ZZnj2NqvB9jY21MT+/CUH8Hly7pc8naECODQ5iaHOHieUPCwnxpfljFtzctfHtWx2ex6g9NabRWRPBG2S41z4OHmZ4UxHrworGADy9qaX2Qz6uGHAK8XDA7a4nOcUN5bUOcrSwEgpfFVaJ5XZclCYGcV5uhNtc/yQ/jQWYA5RHXyL5pTqD5PqIuG3D3igG2BvtYNnsiA3r14NdffuP33/9Fv66/orNyBtdPrcPvwk51ipr2ouHcNNxIzPVjVEXa8iDpKs0ZN1U7r0nxpiDqBhWpPtTnhVCZ5ENzVd5/gH7z6mVObNzAnkWL2Ka5iA0L5rBj5RK2r9JiizBk/fJFHNixHmujI7haG6nltoinu70xPo7mBLldIibgFhE+LhILo6mrrqWhtlagXvGf1ygtKiQtKUnAGEDYbT+CfD24etEcD0drvJ0vcNNBYt7FUzhY7MdSfzuXz+0nPcGA8pyD5ESuJcpzPmX3jvPymTWtT21pfXaBjy8seN1ixOtX9bS+aiE/JZisWH9yBOj3kgLJlWNOfAAZ0XdIDPElJ1WSmaICctNTBebxpCfFEx8VTkRwIEEiTL7u17h+2Rp/T3f83G4Q4HGLsDvB3A24K+87FO+bnty85qQmyH/zEXg5RXhxzuMK+letOGJjxm7zU+wwP8k+gffhSyYq2I8KvA/ZGLP/rD7bTI6xxUiXrYZHOWSuT8DV07yJtuJDjCVvgvRpDTrN50QJupmOtOVd51u+m8S8QN5l3qLutiXVfmf5lHuLb8W+AnxP3gWZUai7gpRFE4icMxbXaaOw0RiF48xxxG7XpODwCkr3LaZmtyaN+5dTL3Cv3jqf/NUzBOBjuTZpJI5TxuA6eywhC8dTu205T3S1qVyhRZWUgvkzSJk1mZS5U8hbPZ/q3WsE6Bt4bXaMD9YmtEUH8NlbjE8gSMxtMXSxrdQQtQ+9TbIr5EuQqwPuSWkQqD+8J5YeTWx8sJhKGJHxoUTJUYF7XUMNnz6858yWaTicWI2/s5m6glpk0C3JuLwI8LkpQewStueNObFjBVsXTmS31lR2LZ3J7LGDGD6gF7169eb3PzoIzLvQt2c3evXszsABfRkzeiSTJo5n6pSJTBaYT58+lSnTlIV5JvLr7x1ITUvny+dP5KfHkJccTmFmMhXl5VTXPabh+Vdef/qfAScLNLX46bcOYva/06ljB3mdzvTu2oGh/bsxWpKK8cN6M2V0f2ZNHMasKWOZO3OKukXk5MkTGDNmLGGRcTQqzbf1D7j/oJnGx0/VZnUF5koze7uNv+HV209qE7sCdsXY33/5xsfv3/kk5YMkGe1N8x943vpB/u69/M076pqekpvfftF9f1vL90pTvpYY8iFjH19zj/Ex9ySfco7TGrWZV+EbeeA6m8fuC3nis4R30bt5eXeDOj/98c2ZPHYdL4Afw7dGSTTL1vPtqRWf6o/zuVGf5rTphJz5Gbdjf+Jr0pOUs4OJO9UXt/W/Yj/zvwhY1pU7Wp3xnd+VyB0jyDeZgN+mjtzS/L88id8qMFds4pW8yWI5GPD9ubGA3ZuvZfa03jlMvcF4HjvNoNF5InWXpxG5uQvByzoTtXYQ0WsGE6bViZjNQ/Cb+jNxW3oTsL0bOfZdeZU/j3cNBrTWORJ7sj+v72nTmrWP2uuTKbadKsbekaANP9BcnMbLp485sX46RwXkh1dNQnf9DCxPHyExVWCeGkuaJJvpadFkSMm/l6MuIlNcVUtRZR33qtr7ywsqa8kToOcK0LNyxLZz81WIR8fEqiUuPpGk1CySxMTjU/OkrmfJ959ASHA4d4NDiIqOIzElnaioSBITkwkPDcfXR8xcTMLhgjkmR/dx2dICV0kAfb285RoQu/UNwN/vNu433bG/ZIfBcR3WL5nNnLF9mT6yF/PH9WO6gHyq0tQ+ojtzlKlmAvIFY3qxQBnwNrQrU/p3Upvdlf5yzQl9WDppACumtQNdMfh5CuhH92Tx2J4C9PYm+UXj+qiryS0RO9eS40oB+qqpA1g5bZDa5L5+5nA2zhsjANGgsjhfrYM+AoT9e5ewfvU09u5aLmUl+/atZvvOZRzS2YCh6T4srY5yWn8LhqfWcOrYOvT1NmButotzFvswM96N4entWFgc5IzZYWztTNA/tRudo6s4pruGmCh/4mOD1eb07Vs0OXliF6f0D2BopJRDWImVK835d4M8yc6M40lLLV9aG/nyuJgvNUl8rQzldYEvL/I8eZHhqG7OUpngRqSvA++fKvuNl/K8Pp87t+yZPnkKm3bpsOuAAevXbOPo3v2YHjmAv+MFMfcImkRemgSuLYXBtNwL5UFBMEXhV4lzPEnEJalXrsZEupgS4XYWa/2taK+dw8bFM9gq8ev0Dk0uaC/i3D6pi2skZgz7A6sDmoQ7HKQk5DyPUq/RkOBIbbwzjRm+VCV5URrvzr0oF+qyAylLdOdReeZ/YlSwGKjR4UMY7N/Fie0bMTy0nWM7V2NxTD7PA5uwOLFHzFwbO9OjIiDncblwilsOJnhesSDo5iVC5P8NFSHxuWZLamw4NRVV3Je6/+Hde+rr63F3d+fD+w/qayl7lAd6u3PF6gzhd3yID/Enwt9NnYPu7mCA/ZndXDLdRXjIaSIKdIkJ3ULwzblcOjWZqLv75Tq04vVTa948u8inl+eor7Xh/fvHvGl9QVZ8IIWpwaSHe5EW5kaMvwOhHpfICHeX7+gKGbGh1NVUqslFfnamJAzxJMfGEuwn4L4bSOid2/h7eeB70wU3Rwfu+PsTGRJBWFA4fp6+eLje4KrNBS6YGPA33/RQ3GICsPG7hvG1ixy9aMquMyfYoH+ETQLsPWYn2S7g2212nC3Gx9ggwWLlif2sOHGAFScPsvn0UYytTlMbKv9Iog2vBebNNw/y5NZhXvjpiVlZ8z3HWQX793wpBW5Q6Sew9IUyb7FfN77EWfHEfg/Fm2eSsXAc3mKvdpNG4TB9FEFrZpK5fyllh5dRoS1Q37eEGu0llG6bR/rqWWI647k+bSTO08fitXgisaumCKzX0LB9PTWrl/Fg+1rqN62kYMkc4qePI3X+JCo3LaHl8DZaDQ/z1eUi3+648dXzCm2RvnyXQorAPEkZHBdP270EvkW48z1JQJ+rTGkTW7+fTXNFJlExd4iMCSYiLkSFenR8OHl/jZa9ZX0KC3m/dib7sTI7wWUbCzzdXbh1yw1P+XKuOjpifd6U82dOYXbqEDrb1zBfYxiD+vTgjz87Cmj/kKz3Twb26cmwIQMZNnQg48eNEjMfz4Txoxg/fhwjR46gT79+jBo2GHs7O/V1K/OT1KbzfPkfivKzKS0pp6ryvkDyGfeffeHRmza+fOevnacy6NGjK3M0BrN6zmA2LxrNRs3xzJ40jEmj+jJv0hAmjhnI0EEDOHXyMNedHVi/aTPZBaXcb5Ik4VG7mSt95P/bzv8N9Oet73n59uNfpv6N95++iql/EZB/FVP/xodvbbR+/Kw2v7e+bwf7izcfxdblgnvwnMctL9sXmimXupW2gzexW2mN3sqn7JN8SNHmY+phqWcLeChAV6axNfss41nAch7cmEXzrfk0XZ8oUB/Ouzwt2j7+lSB8LJBA6MLLnE1U+47C89hPXD74MzdPdCbgaAcij3THc9OfuGr+k4zjE3Cc3w37OX2I2j+MeJ1RXNX8BxlOU/j8UupJW62UJviSTdvT0/DoENQb8jnJhAeOW/jkPo83ctFn6g4kz3IsdaG7KDgzi4T9IwnW7ILfjJ8ou7SOpP0aJOzthd+G30h0GMPrqp28rtnN9w9J8l4v873ZgY+VZ7jvqiHPM4pk3Q7c99mk/j/+1+04tWUOJzfNQHfNFIwPbCQ+RdnzPolkSeragR6nWnp6ehIFxUUUlpaTU1hKXnEF2UVlZBWVklkgML9XQqYAPT07jxSx7VgBeWxsvEA9XjXzlOxS4tMKJHHNJTwyXu2/Cw4KknMSBOSpYvRRREdFE3jbX4zBEZcrdlyzs8TBypyw4GBiYxIJCY0Qq4+VYySu1125ZCMxR6x328rFzBs/gBnq3ud91J3WZo7oyYzhAnKB8oJxvaX0aT+KZU8b0pWpAzupS7ouGtNL3WVNa1J/loltLxJQz1PnmndXH1NGsi8a34fFCsgn9BMz76OWZQL+5ZP7s2LqILXJffX0oWyaN5ptizTYqTlJkuyp6nbBqqmnhGJwbC1nTcXUzp/A3dVGkhInbnnYy7V8nvPnT3NCdw9bNy1ko8SsLRsVQ5/Mjq2L2auA/8Bqdoic6OvtwdhAG2dHY2xtT3BObP3ho/r/QKyl+YEYuA/XJC45XbPG0dkGX39Pgu4K9CXWtDyqbd9qtLWBb4+zeVsSxLM0Rx7HSwxNtqEh+jxV0ZcJunEW/5sXaX1UyOvGfJrr7rFlwyr+kAS+36DRzNdcx7IVW1i+dD07Nu/igqkhkYG3KEi8Q1mSN/Vp3jzJC6Yh4zZFoVeIdtIjykGXeOdTYtuGxLhZEH3DhJArOvhfPEyg/XH8rbSx2DWFHQsGMGnAz+xbNg4P883k+plwP+EqDSnXqIxWdmRzoTzWjYr4mxRHX6Mo2lXs3JucsKs8rMz6z2ehbJhySeLjJdPj2JroCrwPYmesi/Xpg5wVqDuY6mJjeJAbFw1UO3e3M8XP6bwY+hncLhnhIXYd7nOVW5fPk52cTG1lA4+amtXnPq6jzeSB3ZgxbgbOzs68bW1V73/z+iWlBVnyWbgRKJ+ft5MpLnYnsTy1jvPGG7Dz34Ftri7mR5Ql03uxf+VEPB2P8rLZmtfNZ3n5yIInjWY8lBjz8eNDXj1rIczHgWAvSTCkhHs7CFpcCHG/SKCrJVHyWE5iOA8aH9LU8JAyuRZz09NJiIrC/5YL0WHCldAwvG7exNPVGXfnqwT6+Um5TdDtO3i6uck1dokLZ4wwPXGUv1l52OHi54Czv2TPITe4IR+Am5cDxnZmGFnpY2VnhLHFSQ7oHkBj1Womb9vErAM7WXB4N8vkQ1l7/CCHTY4TKBnb2yQHPsSe44n7QaovrKfWejMNjnt5cfs0H+KsaSvxhPK/QC6324rcodidtmwnPgefoenUKorWTefu3HHYTxyJ3eRReGtNIlnMvPjIMqp0llO5X5OKvQsp2r6A+OVTCFs6BY9547gxexQ3544iZtVkKrcvpWbzKkq05lOxfBHlyxZSumohGfOnkL5wMvf3ruWVZHZvBOifb9jw8bo1H+0s1D70tvgA1c7bYiTpSAuD2ly+J/rzJdoLciJoy4+UOJ7Bh4YCEuPuEhYVRGjsXcIlw46UTCs6Lrx9R6ekCE5tnY/+Hsno189n79bVksGf4JTeCezt7bC5ZCNZ+HGsL57j8ME9nDqhw/zJI+nepatqzT/88xd++OlXenbtjMa40YwbO5KxY0YyauQwAfwgevfqpVr8b7/9IZn2OvU1nzc/JCUyQCpIGAVZqRTm5wnQy8TSq6itb6Hu0Svqmt/S+PI7rZ//x9YDrpkRfFWPmFsmhLsZ42S8g+O7NNm1bh7TJwxh8oRheLs5cN3JgYSkVBXk/9vIleO/ga7A/N9Ab29S/yQw/wviX7/x6dt3Pre18UmKclRs/aOA/e2nL2pTvGLzL1o/tverNz1p3xu5IYRntxfzLGgln+9Z8D71IJ+zj/PIfa4kkOt4HbyJB56LaVaa3X2keC4SsGvxJnoub4v30vYuuH1wYG0tnz+3/+PvmvN4VnydGNOBXFr1I5eX/zfXl/6Ip9YP+Kz5heuavxK1byTHe/8/WE/piJtmBzx2TsNpfScqEg7x7VOKPEuNZBsBtLVYQ6Mu38uP8L3QmJpzG6k8OIhXNxZSdW4OsYdGk241j0yXVcSdmELN9c2ELulI7PoexKzrRJbuCNzWdcd+VQe8D3SkOmSm1K9DfHlxmW+tnnxtkiSh3pRnkfPJPz+cQinP8tz4/OkD+tsWsltznApzw11a3AkMEChnkiIAT0kKJyU5itTUBCIjAgm+401SkjLVMpc0ZUqhAu6sXJIzckiSkpKVT6oc0zJz1RIbl0iMAD0uKU2da56WV0GcAD0+/Z7adx4cFEx4WHj7iPfwCKKjYwRG4WLeytxYDzFxL7EJX3w83MX4E8nIuidGH05YeLTA8DbnzhhzTOxrzfzJaE4azqKJQ9XBcosmDmGxxhDmjesvcO4vjw2U+wewYHxf5grU5wjspygwV9ZzUCxcjF2x8mUKmMXQF4/rqa4at0CxcgG9piQBizX6s0TZ3EWOytS25fJ8q+X8NdOHyHEIa2YOZfOCcWwVmG9dqMEOAfq+VbPZt3quuimR8hMR4sPCuWOYNWssC+fPYNGiGQLFBSxZOp8tWzZw5MgeLtoYS3JthJeHA7fc7XEVMDs7meNgb4idnT62F6VcOImR/g5MBEbeni7qc1taWWJpaanulf3vn8KiHLx8XAm840dedhJNdUV8ePWAT6+b+Paqlu+Pc/haFUZz/GVKvY5TF2hAQ/gFCoOs8XW14qrE8PtlmTSVpkmCH8HiRQskXvzJn7/+Rp9e/Rk7cQ7Dx89DY8p8VqxYq/bP5olNliZ6UBZ7jbpUT+6n+1AU5kyU82nC7HWJvnKcaEd97grk7tgeI/yKLndtD3H74iGuHl/D5pl9mTboF5Zp9OK64VqyPU9TH3eZxiRnyqIuUxRxhdJoF8oE6rl3bbkX5khxlKu6qEyKvx2NZen/s1JcRgo37M5z5Zw+1hKrLxrrYKW/Hxujw1hKYnTxtDbXLE/idO4EzpanuGlrIpC0FqCb4edsRbC7HX7XLuBgoUdFcTmNdc18EoFQ7HzokH4MH9ificP7MrlnT6aPH8xV+yu0vmwH+5PHDcSHunFDki4H8wMc2zoPq+PLcb0g/+uNi9jrSyKk2Rvfa4coy71CQ7kBT+7r8bTuJI8arERmPOS1mnj++CHejufwdraU55J6cdlMEhA9uc9UoG5NhAA+LshNnQpcU11LaXEJBbl5JMXFcMfLjfAAAbcA3N/TU+DtIuU67tecBOxOeN24gauDLeeNJOEw0sdYV5e/NVVH8rAmlqfKPMOHWXyRisKnl7x9WkFUiBu3blijc1yHMdOW8GuviXQZP53xmzcyfd8OtA7tYd3hfWgb6GIpWVLh7XN8TrXldaAeVZZruae/iHuGWgL3LTRc3UdrnA1txQLGcr92qJcqRX7Pu8aXKEueXdpFxZ55hCwYw/nRg7CZOIKbCycQvHYGuQeXUq7b3vSev2U2GXJf7Iqp3JEL0GPeWG5J8Vo0lrBlEynZsoiydVokaowhf95UylYuEEOfSc7SmRRvWkzTwY08193L05P7eW9pyAfJrt+aneS711Xawjzbm9vjbtMW7QNVYtxlaXyL86YtM1iAHsX3fGVqXjZVWdGERN9RS2iMQD1GgXoYtXXVfHj/lq3LpnJk6yKx31EsmjycOQLs+TMmsmXdKg4f0WbPnu2cOHEEHZ29mJ4xZfvGVXTp0o2fflaA/iv/JVD/448/maQxntGjRzJk8CB1xHufPn0YPnw4kydPYfOWbZSUlPLl8wfJ7BJJjY+nIDtDAkAmBXn5FBUUUV7VQHV9M1VSYaoqK6mTTLD+5Teqayqk0r3/q9+9SfKX62TH+6l7qd9LDSU51AP/GxZc1N8mGesNde6msrtW/cMWtSgwVyCuwFyBvPK70h+uHJ+3Kn3o7wXmn1WQf/nexlelCLw/f29Tf1daCv4N97efPvHm4xe1v/3l20/yHG9pevyCD3IBtn18xvv4rXzJOcn75N28Sxcz953Li7sreRe5lRd31tHiocnLu+vF1LV4H7yG13cX86ZkD22vXGh73950OnToUPk8/0BXKn5xcfF/Akf6zbNc3zkP2+kdubu6N4ErfxGA/xPLsf/FuWl9sZzwB2Zjf8TfcBeXDy0ky3m2wDaKTw/9abtvQFvGKj5GLeVdmPK628jf1o+SnX0o05uNx+Je+GzW4JxmX+wX9SP6xBIiNg/m7rIehC77jfu2K4k9PAbLld05MuOfWEz7O9nXJvG09CBfX17iWbn838/seVt7hFrPsdzd8gsRRzu3by4SH8KJDVPR2zCNg8s0sDTRIyc/n8zMJDHySIF5hBxjxLBD8b7lyC1Xye7vBMjv0ZJ4xhKTkERMYrLaBx4pwE1IzSZZoJ6cmkFaVh6JaZlyXoKYerIA/x7JOWVEJeUQm5Kvzj0Pj4hUIR4RGkqU2LkC9igxdMXag/xvEyuWkZKcqiYGeUU15BSUcfduqAA/UF0B7JTEjh0rF7FFazabl85h9+olbFk6l02as1kyeRiaU4ayeu4E1sybIJAfqO7ANm98f3VhmamDuzB7lGLmfdDUGMDSqYNZLoatJaBWgT6mu2rliyb0Ua188UQButj70ontRr56xjBWzxrK2lnDWTtzOOtmD2eDxJBtmmLVUvatmP3/0fYWYFll/cPu+44z74Q944TOGGN3d7fYLQaCCTYWBihtUILSSAsS0tItLa0omCjW2N2O3ue3N+rMvP/vXOec63wf17Wu/Tz72Ty597p/91q/tRZrBObLpw5GS67fqs+Jcrm4uFnj7e2Eh8dBXDzscXQ9gMUeQ4x2rZcgXZcd23UkcF+JoZikqclGsXNtNm9awpbNizE3XYeRMmmMiS5muzeosys+e/ZMgvjG/LvOv/i27jdoztckQwKvT3/Pnj3l7s2LvH5QzbvHV3n7sJq3yoxu14t4W5XIszwfqiNNyXPVo9jbgBRnfdxExpRWteNhflSImEQFefJ761a0b9eBRvXq81PjH/ixWWtadexL+57D6DVwNMZGRhSJyFTmBHAux5+qrCMCXx9yA+1IcDYi2c1IBXqC8w6C9q8jcO9qfEyX4GWsg5N8to1zhjG8U2MWjumI8/Y55AftVmF+JdVFXRc9J2gf5WLhpxNcKRGYF4TZURwlhhrpTGGUK/HeZlSeTPr8ufNOpOJuZ4qz9S4OilS6WZuqpm4v36mN0Vq5vV5grtj7BjH03fiLmbvt34Hz3h0cFh75HhTAe9vjZmPMmfIz6lSwyp/xrk0M/e1XegjIe3RpRy8JDrt2bceQFr/Tv3d/nCWwevSg9thb1y6JgVuydPIATFZP5+Cutfg7mON7YDt56SbynK5SHLhfY87tiwY8vLyWC6WbuS77nzw+x5P79zhsZ0KAy158HM3xkqAjWADvLu/b23o7ntYGBLuZEeJzkPSEWIry8sjNlGvyeBQhvoc56ulGeOARQgL8OernLabuja9YuoudFT4uh3CxtRY7N8J460YM1q7mXw9v5PL0TilvBOQfXkh0+OL+5y/05o1rRMQm0HrAFH7sOIof2w6VMoBOk6YzYvkSZqzVZY7YpZaY+qqdG7G2MuRSlBWv0/ZxP3gzF20WkbtpHBlrx5CzUYNqt7W8K/AQIPoK1EOlHBNYCjRLPPkzy5EnPlupWj8Fn9E92dOrEzYStXtMGEDAtMGkLh1P3nINCpaMI33WINLk5ImbPojo6YMJnTqAoCkDpQwgcvpAihaM5fT8yeQKPHNHDaRkymjKZo8nZVx/KlfM5KHJBv5Yt4Q7+st5sEWXR1v0uLtehzeHbSQMF3ArZp4cyvujTlCaJiJWzIeyFD6kB/OhOAHOnRAjK+b5hQJiEsOJjDtGtAr2SIH6cU4W1w69MDFYpa4cpWTs9u3Ugk4tm9K+5a/07d6RRYvmMWPmZGbPmsoGCYz27LHAaOc22rX+ne+//5G6Yuff1G/Md/UbysnWVQDenc6dO9OlizLBjBjCZA10V68kKaX2AjgvQUZBaihlxYWUlhRxMidbor4igX0VVRdvcK6qkrPleZwtOcH503nqUpnFympZ+cncvlbx+Te/fLaYqvJczp1S5oA/QW7KMSK8LIgP8yQzPY0yeb7zl2u4+hHoio0rQFfK3UdP1XLv8VMeP3/B67d/8kZgrkD8UxFBV4t6X9l+hPzj5y8F5C958faDmiWvAP3mnUf8ce+x+r7+rPbndfZK3pSb8ShWQB6vxdPYhdxWEsZ8x3PZaxy3gqZxN2o+VdbdeXhijWh4IB8eeMiL/EFBQQH//ve//1EGDhyoNrc9evTo8+c/HerCcc2fcB/9DdvbfsHegT9ycNS3uM/4GtuJ3+K08Aey7XpzyXE4NXvldRyHcc+uBzVW3blyZDUl+p1Jn9OMzHm/c3LjJMJndcZxQCNchv2Mz4ifCBzTHJ/hP+I3vTeOI5rhMrohLtObYjCsPpsGf43TgqYUB0/iQY2zVN4S6D6Tz/3Ahhc3zXlarEOpdSeu59Zand2OpRjpjGGn1nCMdWeQnKZMS3xSgJ6h9pufEDtPTY3jWIgvjrZSMR6y4bBE90eDxJol6o8U8MbI9R0dl0BkdAyxiWkkKzaeLgDPKSArX+kzzydDQJ9VVEl6/mkSMwpIyjgpoFfGoqepmewKxBUDV5reFcAfj4wgQ95LSamyqt95KcoY9yucyD1JqLy2i4M9+82M2bJyEfpLFrJj/SpMt29TF23R05rFwskjmDt2APM1BrF01ngV6jOGd1dtfXSPVoxRhrF1a8n4Pr8zY5gY+eCOzB7ZnblSb0wRC1cWblEmllGAPk0ArzazD1Gy3zsyR2x8vlyTSja71rg+an/54on9WKzRVzXzlVOHs3rOWDZoTmTVrNHoKPsnKqAfSOXHPvX8ggyMTdazbccKtu1Uyho2bVmB3qq5bN64WIChy5ZNWmr/t4uTDdb7TPDzdcDB3hAXR1OsLDdhYbxGne5V+fP28RaY/1sF+l/bf9GpSycO2Ntx/0Ftnfzh3SvevXwoVfRlXt4/x+ubxby5IAFBkR81CWYkHFhAxJ65UhbgaryKRXNnYrFDXx3GFRnkRssWv1Dvu7rU+/Y76v/nWxp8V48mP7fk966D6TZgDAab1nNSrLQs5TAVmb5UZQRQGu1G6mFz0tyNBejGpLobEq8A3Xo9rkaLsRAB2zRfgp6xneV7b4bejD54mWqT6beTqmQHLp/w5OzxQxQfsyPnqBWlMc6k+ZqTd9RG7ttSHOFIZoAVEU7biXTawtncuM/X4sncExww3469yJajBEwHBOau1sZ42Bpz0HwzLqqVmwm8DcXc1+BosUW972q9k1DPAxx1s5FjTQSillSdke9LhOHmzZv0lPq0e9dWEuC3Ymir5nTr2JHu7dpJPduKvr//Rt9WrRjUqxd2Avb792u/+2vVF4kMdMR841wMVs7i5Akb7t114elDAfd9B+5dM+XG+S3cOKdPddk6kSZnHj+u5OHd2zjI+zog54LrfgM8JdDwUZYpt1UmqtmGu0DdZc9GPO2M5H2bEH7ES8zcXwDvjrdcr/4u9nLfj2PKvgA/gv188XF1wltg7u+hJCvbYr9vjwrzpZrz+Nebhxf48Py2gPxebXldW4E+e/6Kt1IZ//1vn4Mn85euo3n/EfRbuIDxK5YxfdVK5q7RRXvjWlbv1Mf9gBE346x4k2nN80Rzrjovp9hwCln6EygynsNFMfW32WLCZWLCZ8TUK5R+dH+BqCsvI8wo2ziDQ8N7YDukJ9ZSDozsjfvEAYTMGkrk7KEcnz2IEwtHkjpvGMdnDJQymPBpgwieIqau0Y+g8X04IZCvWDyZjMG9ydcYQp7GUNImDCFhbH9KtCbxWKK4miVzubpwCjeXzeXOBh3ubVrKKyczPgjQyYzmfaQ/f/o7QEY4H8oz+XCxkA+50byLUFZpS1SBzq0KsdYEwqOCCD8eQrgC9sQIYpOialdyijrGsB6tGd6zLX06NKdTq2a0a/ErLZv9LJbdmuYtmgukxTo0xqjGvnv3DgYM6Mv3P/5MvYZN+KZeI76u25D2HTrSr18/Bg8exMQJY1m6VJut27bi5Fo7BvlWzXlyjrtTnBGjDjEryTouoM4TQy/j9JkLlJWVUlqQJuadwJmiJE5J5H26IJ5iCTzylX7WODeqSjN4/fJ5bdP97RtcqFBWXcujICNWYhtXYoKcSU8Rcy+voPz0GW4ocxLfe6Q2rSv96EoTvGLltx8+5JEK83fqur//K5h/Arpi6q+lvJRjHzx9rgYHSjb84+dv1AS5W/eeSOBwr7bv+345b4s38SpbjycJ83mZsoSb/pP5Q1lgJXCqQH4Bz5LkdwwYzZ2IidyJm86ft/fx/m4t/HR1df8H0D+VevXqoaWlRUbGX1Z0ozyLk4d0CVnWCbMh/8F/RSNSzH8n3ep3vJbXIXnNLxQub8Slra25vKk15Qa98J3anhCNn4if8zvxM1uTot2bgjXtyFjyE3GLFSvvTPzCIXiP+A2ncT1Y27Y+5sN/wXFcE/YP+Razfg1xmvo1VREDeX7dkj9f+PL6viFvH1vz5xMHHhTO4ErUBPX9VZUXoSmmuUoCWaNl4/Gwt6RYXR0th/y8VNXQ09NjiY0Nx91pP3t26WO524D9e8w5eNAJTy8/fHz81aS0gIAAQsWowyOULqRU1dRTM3IE6GVi5rWZ7ZknK0jLrxCgF5GQViBbsfc0ZUx6tjrWXOmKSU5VmvbjycrK4eyFq5y9VKMCXQkClaliI8PD8HJxFKPYhY0Afd/unQJ2E2wtLdkr2+0bRAwWz2HRjDEsniYwnT6axXJ71th+TB7ajTG9f2dE1xaMEqiP7vE74/u1VRdrmSZQnz2qB9PF0qcMas+kAW3UJLmpAvCpSlP7kE7MEpDPFegvGN+XBaN7s2hsb3QmDVDNS1u2y6cNkSJmPnMM6+ZNYM3c8QJ42S+SoDdzODoiFasXTeHaldo1u4ODvTAyWs7mzTrsNt2IvZiXt6cdnmLvAb6HcHO3x87BGDsbc/bt2YmNzRYszVdhs3czbmKSFrvXcSI9Xn2uAYP684UK8o8w/+JffPHlv/nXF7Vgr1e/LlqLtcjNzfl8fr4V8Xpxq5xHp8K4c8KFC1G7yPXSw3/3FLx3z8fdRI8186eiu2AORxyN8HTYxeihvWnYoB51v6lLowYN+VqZGrjB97Ro25VuPfuwx3g72VFulKZ4UZ7qT1nsYU4csSLDW4DubUKypzFxrjsIttHHeuMc9Kb3YebQVvJ9/8qMUW3YsWwMoXZrBd57qEo4wMV0F05G2HHiqLXYui15IQeJc99NnLO8zpF9ZATYciL4AGEHt+BsuIAwm7VUKPlLH/+yM1Ox2r0FG2OB9z4JhvYb4bzPiEBXa/wcLVXzdZd9Lnu3YyVAP2C2USC5E88DpgJz5RhlqWYxWWc7Lp+vnVJ6j/wW/UWsurZuTe92ben/+8/0aleXfm1aqsI0oOXPAvyW9PntNzq2acMIEShbEzHxO7Xdf9evVBLqu4eay3Zi8Qd4dPcA927uobpyB6U5q8hJ0BPo9yEva48EAxU8fviAYPf98l7M5f3uwtveBA8bQ/W2p4MJ3nLeuO6TgMVyCxbb9DDZvEKdFU7pavBzPSBgdyU6+AhRQX5EhxwlWIK/IG9PgsTWlaRTZey5/f59bFmjx+I50/jXZ5B/Km9f8F4q2coL11Wzq64RE7v/hOevXvNxOHPtUJmgIHwkEtdYtoSZeiuZs1oXLX25ILdtwN/ZmA9nxHQLXXiVsoc7/uu5fFCHcrO5VNkt42GUhUDdmQ9FUtmW+YkF+/JeIP86zpqI+aM4OKIXh0b3w3pYd1wn9sdLomPPSf1xHtkVj9E9CJs5kNwVE8lcPJqk+SOIEdiHCcT9x/fCf1Q34iTqPjljBJmj+pA+ui+xEhgcH9WXhAmDVKDfM1rLJbloq6YOo3r+JLFzbR5uW8nz/Vv5EOULiSG8O+bJO4+9EOPLhxKxdKVvpyJLhTpKqS6AO5VcrSok+FgAIRGBhEQdJSw2hKjEMM5dquTJ40fqtJZDuv3OMIF6j7bNadtcLL1NK5o1a8avv/6qNgF36tiekSOHCKS3iHlPpvFHoH8nhv5N/UY0+fFHevfpLkY/BVPT3Tg5O+Hm4cGtW7dUCGfFeajLBuamhJGXkUJBZqwEGilUiBUVlp4iJy1W7D2Y4uxIygpSKUxypyQziPyMaNJifciM86YwLZBzZ4q5d+eG+vu+fPGUmktVlOWlkyjW6u9iTEayklhVoE7ZevOPO58ni1G2ShO8MpHMjbt3uX3/Aa8lGHwjhv7fUFfKWymv3irj1JXylqcvlUS4h+r49Kcv3wrQxdAfKBPSPKT62m3uPXiq6AlvSrbzMn+9QH0VTxN1qPYYyb3wuTyW26/SdLkXPIEHEeP486a+2Lk7H5758ef9aHUq2caNG//fAv3vpZ1E6pYCmOvXr//VJH/EjCiL8YStbkCuRWsOC9APzPyK2AV1uWE8gMtr25E1qxEHutbBputXeGu0x7JjA4LHNCFnVTtKNkqgObqBGPoPBMq5a9/rJzY0/Qr9vr8RpN2PhHl1uerYk7MuowjXbcLZY914dnkK71+F8OKGPh9eefP27g5u5I4jzUFLfU9+Uhksn9QHnXE9WS3nsjI/vjLW/OTJLApPiqFnp5CcGEWgvztW5tvUBXy26a/EYMNaDLfvwHS3OXssrbCztcfhgANent74+x3h3IVLVF+9QWKqwPrESXWMeapi6Er/eV45KdllAvNCsfVTpGTmk5iUTuzxOJISa5vb09LSKT51Vl2O9dTZc2rmfE5eAfGxcURHhKvJcs5inU52Nrg6OnHY7TCHXd1xPngIy11GbF29ktXammrmtOaEwcwZ059pQ3uo/ekju7VgSJfm6kQzynC28f2VpvTOqr0rhj5taCemDu7AlAHtBDJt1b73mQL7mQLz2cOVJvbeLFCsfHw/tDT6oyMSsGTKEFbOHMUazXHozRrB2rnjWK+pIUY+mGWT+7N6thi75li0BfZGm1eJMRpw/erF2ub3wmycJVg67O2I3aF92FoZYyXAMDXehL7+QlbqTWbdak12G61k65b5zJY6au60UazQns38WeMpKy2mpKREhbcC7k/bv27/WwX9F19+oZYvv/pCAvte+B3xVJvhlb/Xj27w8EI2J33Xk+GkjdeW0VjqjsfJYhNGa3TYIa8faKfL3u06aMprd2rXkgYC83qNGks98wM/Nf2ZHl06YG64hSgRmKIET06lB1IupSTGleyA/aT6mBLjakC0y1aOWK3CYtU0lk3pw7yxXVk0oQer5wzCfvsCkl23cy72IBeTDlIWaS52v5+8MDHzUHsyQuxJ8dtLmO0aYuw3kOZjToy7CSEHDThqsw779dOIslvPpaLkz9ddaWEetsYC+707BXo7CBLjPublQIAAPdjDDn+nvbhb7RArt1D70N0Fkl72ptiqzfGbBOxmeNpbCBTdePr4sQrlft26MaD5Tyq0+wrMu4idD2jdUrXzfrKvV4d29BTY92/eXL6XlgL9X+jaoT0j5DgzMzO1zlUTdV9d49HtQG5W7+HiqR3kJK7A134imxZ0Q2tcZ/bsnMG1q7ncv3sH7wO71e4BJ8tNahfBkUMWYummHD5gjO9Bc/lce+WzWOBgthmDFZrsU8TYdg9HDx8SgLsQHuhFTLAv0UG+BHm5qYlxHk4H8XRywtLIkD0mu9XliBdOHfO/ALqS6ffsBWfOX1Wh/gnslZdvcv7qba6JmT0Sm3r35/u/1q09f46Q49GYHLBGc90qrPbv5F21WOy5YIGhG6+SLHgWuZPz++dTZDidS4f0uBdqxOsMe95mOfIm4yBv0w9RsVcXZ7noHCWCdp4wAAeBt9/MwfhMG8gRgbbPxH64yb7DUiJnDyZt8Rgyl44nXnMEEbOGEDSxD0fH9yZybC9y5UJNH9OXjPGDiBjem2PDenF8TB+urprNjaWzOD1+ABXyGpc1J3B3gxZ31i/isZm+WPkh3h8P5LmcNM/tdvPB3752OtjyE3CpBM5kSRAiJ12l3P/jDG9uncVPGfwvEdSRED+Ohh0hNDpI7KbW9tYvnUe/Ds3o2b457Vs247emTfnpxya0V7LT+/Rl6LChcuGvwNTMVJ2IQltHm8ZNflIT4urWa6xaev2GjenbtzvbDPTx8T1C4NEQKitrs7bP5MZzItqVtGg3UqL9yc5IUhfSUIypuPyMVPAF5KQeJzsxmIx4f1KjPcmIcidHou/MWA+OH90nsA+gNCuM02UFlJYVU3Pthjr8TU0OuXmV9PhgtR8pKTaS9LRMcvNPUnPjD7H0+6qlK83tNQL4h3Je3Lp/n8sCQ6XvXIG1CnCB+pt379X7zyQwVIqSLKeUxy9ecufRY6pv3JTnuatmxivJdMoMcjW37nPx6i0Jjq7VNjneiuV17loeRszlnpQbRzR4nLSCl7lbeJq0mNvHpnA9eCTc3C4ncQAf/qidZEcx0P83MP97qVOnDhMnTiQsLIzXr2u/i/sXcriW6IDT7Drsmf8d8YaDKdzWl7yZdbm8sz9RUxuRqNmIiJk/YtzuK/a2roNLr69Jm9uSLL0xhE9pjWHbb1nxa0N0WzZke48fCB7/PRlzGnB2cz0eRXTl/OHmnIvuxav7Xjy7sVYqbHfePQ/ijZjA5fDhXD+VrS7JaKQzil06Y9g4bxi2+/dQcvo0RcV5nMxPp0CCsEyxv5ioIAGnCbsN9Ni0ejErtWaydP5Mli9aIECZweTx45k1ax5Llixn+ZKlWJjv5b//Hj56wpXrtzh1voaMk5UkC9Dj0sXgc8sF+IUkJqdxXIAeHycwF0NXV/KrvqEOi1PPv9LT5EgQmJiYTEx0DCFHgzgaIKYRGEx0dDyREccJDAjC1+cI9jZ2GG7eyCqtuSyYNIJZo/qJgXcXcHdUM9+HdW3OmJ6t1BXXlAz4if3aqYu5zBjRXTX0qYPboSFmPlmsXEmCmzy4o9h5ZwG6AvM+YucKxIeiI4H8sqnDWSEg15s7lrULJ7NBa6q6PoK+WPiaOWPFzAeyRgC/ftFE9OYJ7BdMYc+uTRyQitlOAH3tcu31lyWBs+4qTZYsncq6NfPYsnEey3SmMG/ecLS1x7FowXS2bFjG9i3L8XY7QIwE/4HeTiTGhqr/r7dKtxbeX9Sa+d9h/gnoyraOAP2rr+vw9Td1RAYasnT5bKrOl/Di5ePPv9XFvDAS3baza/EwMUFzpk2ZwCAJbgz0pmMv9rpw+nBWLZ3NvJkTGTd6BIsXzFXzduwlCFEsMjnInpNxnpRJfXAq5QjFkQ6URB4Uk7YSkOtjs3kOmxcMQWd8d7Q1erF0Sj92L5+Ev9TbBUfNuZrsyoVkZ/KDd5NzdDt5wZacCLAhJ8KZ5MD9eFssJcJ2JbEH9fG3XEWQ3SaOWq/H22w5NmsmEe0gQC/+C+iVp8vFyHeLIO4n8ogzEX5ORPgcEuver4I9yN2GQBcrgbmhWrwPmOC8Zxse1kZYG63Dw85cwGgh9VdtM/7+/bvp1b4pXaTu7SPQ7vd7C3p0+o0ubdvStX07ejX/lZ4df6GX7OvepbWAvgV9fm9J947N6dqpA93btGZUq1YY79jBtWu1ddLjBxelHjXDbN0gtugMx2LzIg6a6+O014DSonR1TXSlf9xxj4Hs34Kb1S5c9u/AXgKOg1LchJUH5bdxtzaQx3aqn8Ny22qMN+sJ8Pfi52ZPgJt8Vk9HeR4XuX9Qfi9zLIzk/6z3YbhxDabb9Nm9SQ9bk60fgf78Dm8fVfP6QW2zxKUr1zihZLoWl1FWeUmF+dlLtVCvqpYK9sofarl68z53Hz7l5au3/E3eSRGovH98GWoS5Cw7JlD34MXx3VyymkPRVg0qLBZw3X09D0KMpBjyKNyYMlMtfCYIzOXC9Jo6CG+xcl8V5EPwmz6I0LlDCZjSn6CZg1Sge4/rReDkPsRoDiNJwB6/aLQY02hiJKKO1ujDCY0B5EwcpDazh4mpB4vtp08bzK3Vszkj+wtH9KRcjrk0byx/6M3mtlyMT8w38sbrAC89HXhma8IL+fJf2hjyQQyVknR1vfQPp2R7ShmTngRXiwUaVSTGheHh446n32H8Ar3xlWjKP9S/tk+2tACznetYvWwhW/XXsGypNnv3WeLoJFG9mJGzmyv2Bx3w9/UWoB9AQ2M8P4iRN2jUhPoNBOpi6fUbfi+W/j1LdBbg5+9PTk5tH/3NK1XkxgWQH3+UuAg/4mJjSElJVs08v7iCwsISystOqckluRmxpCWFE3fMg9gQZ+LCfQjxlgvlmJfYeRAVhUmU5KUI1E9y+uxZzp8t48mzWpA9efyQrOQwjhw+KDYWo07/WXXhCtdu1A5bU8ahX7+twPiJWk5XneOuQPqJwFqx7ycvX6rN8PefPuOBAuwnL7n3qLaJ/fbDJ2pC3dkL1eqY9trEuqdqE74y13vlxRryik7zRIKFP5/U8CBsNo9jFnA3bCYv0iUwPK7Fw1hNrh2ZRKXTAG769OFt8RQ+VG/nw8PaoGrkyJH/n4H+9/Kj/B6bNm2ivLz88zmeFmrGUePZ+M35maz5jche1oYc3facXPsbpZvak67VkqBxjfEb8jXhw78ibPi3ePT/lvkN6mA7dSjbO32H68imBI9qQtbkhuTP/Ybi9Y3I0fuSs0fbU5m5mLfPfODdcSlJvHtgwq2UFeprJwa5sm5aHzbN6o/pqpkkp6RSckrsvCCDvNwUMtKOk5wQib+Aw2z7agyUmch0F7FCgK49bxozNMZIpdaGHxrWo+kvP9GkcSMJNJupwaLyt05rMYZr13LM109davLPd+/+AfkLV27Kb35XTLyK+CSlHz1VTYjLzStUF3WpkN/sVNVlsfNKCWyL1VXZ0jJz5PxMVDPc4+JSpKSSkpZHbEKaBE0C9cAwDjk4qkDXXTQLTY1hTBnWg9G92jChb3vGqhBvw8SBnQXqrZkwoNbO50jwP31EN7HzzmgoQ9qU/Upm/OBO6r7pw7oyVwL7+XKt60wdwbJZY1g+czSr5oxXWzbWLpgoMJ+umtEmrWmsnz+R1dMF5As12Kg9Ff1lM1kpoN+8Shs7dZiUHtbbdLDaspiaS5Xq9xEVHYCp6UocDprh7LJfnQY5ITGUyMhAnB3tcLDdzV5LfXZsWYGZ4SYsjddLwBXHE7lWGjZq8A8bV7df1JZPTe+fHv/yq3/zXd2v+O23hiye3Rsn8yUcCzAmVWz66o0qCZxrR3BUnSqR3yMZra07mSyB23zNuezauR5zsejNyyeza/189hqKxVrsUMHv72gmxrtXLPoQeTGelCYHkRt1WM06j/e0wMVkLUYrprN96Tix8X4C8u7oTu2N9brZxLpsI++oMeWRlpyJO0BukBlZgcYUhVvL/gMk+9tw3NMc+y1z8DXVJtZxO2ESHHiZLMfDZBkhthtw2qaJ/cbpnPA15kpp6ufz7Orl8/gc2k+ImGpaTAgxge4kHvNWJ7uKC/Yk+ogA7tBegsXcjzjuESjuUjPglaS5QxZbBeam6iQxiiXfv3uX/kr+UQuBs0B5oBh553atGdxMZKutQLtTfbp1ayt2/jNDfv2Vrp1bMbTH73Ru24KhLVvSo00LenWXbfd29BWwD2zTBgMDAy5frG2tuXb5rAQcB+T9GpMS7klWrB8l+Wk8ffKYIx4KlK3xddzLMW9HjrjaqjPRxYV4EeXvRpj3ITF0KxLCfIj0dyIq8DBhgR4EHXZS+9Brp349iJudJaYGG9hrJJ/Nfi9eTrYcsDTEeONy7JQV2OQ5//VMgPRHVRYfnl5Xm9vV/sN7D7l8Q4H2LcoFDiVnLlF69jKnJUr/VP4OdsXcL8kFrvR5Pn728h/2LqoBDyr5szyYBz6rOGM8jYKtkyg3nsNVlzVcddbjtJkmcdrD8RK7dh7Xg5C5IwXoA/CaMgBfgfkRKWGawwkRuIfOFsBP7IW/Rm8Bel8i5g0hXml6XzqR5GWTSNKZQMbC0ZRojubk9GHEjutHlMZAgfwAyhaOpWb+WE6P6k3p2N5UTBlMjdYk7m/U4vb6hTwy3cAjMZo7Ztu4s3szbxRL37uD1y6WvE+PkJAxv3bGuMI4PhRJ1FeZKVQ9zdnCExxyd8RJirOnC64+brj5ukmFVsyrVy8JkR8oJlygGxUuRnJMzCmC0JBgDnu44+joIHbiK/dD8PLylMh+Dj/9/BONv29CAzFzpTRs9AONGzeRE66zmsT14MFDXj1/QqbfHjKj3UmLDSAjJYnw0ADSlPmJz1RTVnGBU2cuqksCZp9IJ0eMLTHiMPGhbgJ0D3zdrIjxNyM7zoUTcX6UngimvDibkuJ8Ks9f5uo1CdjuPufO07f8+TFaK8rLIDTIT02EUqZnrTpfzbVb9+T4arVP/Z5UUPceP5MK/5qA+BJ/3H/A7QePxMBrIa3YvNJEr2yVQODTcLdzl2vUZtrz1dfUfcpjl+X1z12+Trl8jrzCU1y/WduH9ezETjQe8ckAAIAASURBVG4GTeVxxhpeFWzlfvxCrgdO57rvFO6FTuX9jYP8ecua9xeWS6BaxUW54P7/wPy/S//+/XF2dubhw4d/mVG0Delbe+I3tz1eY77n+KwmlG4dTLZ+PxK12xI9rTEJkxoQPPI7fCb+JAHqLxye0ATfUfXx6v1vjo/4htLFDSnT/4Fym58579eBN/dd+PDKnw/PvPjwJpw31zfw9JyXulaAifYEdiwchoHmEPbs2EBJxVlOFuaSlRnPiYw4YqOD8fU8xMH9u9Smdn2B0Trdxehqz2XRrMl079BaXVa1/rff0PC72tKkYUPsbe14+eIFPb//kW4NGtClXgM6N2kslddv6EzUwGrnDuLDw7hRc/V/mPyVK1e5ces25crKVWcuqHPCF5RIMFlYTk5Bae266Zl5ZGSdlG0BmTmyL6dMnQs+OjZVAtVgrPdZsW3DepZqTmPOeCWzvYvarK7RvwMT+3dSYa7M7T5lcDc1433KoE7MHduXeWP7qXBXga42w3dSy7ShXZg9uhfzxMwXiZkvmzWWZbMFSsoUrAJxfZ0ZbFo6B4OVC9ixbhlbls5izewxbFo8mR0rNdm5VosNy2Sf9nQsd24Uk9LHdsdy9m1axN6ti+X2Cq5Xn6+F6LnT2Esla2FhhImYkpGAxcBAD3MTfbXor5/H8qUarNObww6DZer/KDMt/nci3D/N/F9/Nbt/vP/tt1/RqasEi0FuYmtifaazMVk3jp3rJrPXbKUE9GHcuXvz8+8SHBjELksbxmpqskxnLpYSVOzasBDTrUuxVQzRajsBTqYcP+JARoQnhUmh5CeHkxruJb+3HhsWTZDAZwy6s4ZJEDSYdQtGsHnxSJwNF5Hsto0c3x2k+2wiy38nGX4CMy8jkr13kyfBQOZRe3IjXPHYvRLHLfPwl/d33NFY7HydmlB3yEATH3Ox83WTCNmvx8kQG26e/WtimVvXr4mZuxNxxJG81FhOxIeSk3iM/JRwjh91I8jZkhCBpe8hczwdzAlwsVangFWAflCCL1cRsqiQWrFS8jS6tP2Zzp0FyL/9xkAF2l1+pHvXFnRr/RvDBNrd28i+Th3pJ8Y+QB5Xmt27dWtH924C8ta/MkwCgW4CdqWZvmf3tvRS+tnrNmLhgiVUVVR8HO52RU0qjg92EqCn8Pz5M6KOeuFouUO+690ctjMjUAIQTwmk3CQACXS1kmJDuJ+bBCxeHA/2UIMVzwMWOO41xEU+gxLUhEpw7i7/62C5kwABd3SgG5EC/WP+rmrS4M41C9Xm+3+9vHMO1Ox2MfX3b3n15i0VF64JsG9w8dpdAft9am4/5sqth1youS2Wfp1T565QXHHxM+jPXLz+GezKVvm/mw+ec+/pK16+/Wdi3bPiaO5kBHPKeBZnLRcKzOdRZjRLgD5UDL0nR2cMIWT2MLwm9+fwpL74CMwD5wxTgR46RwH6UCLnjyBYTP3otP5EyP547XEkLdEgTXcqmXozKF4zg/LlE8mePpTEacNUmMdNHsQliU4vzxrKuUn9OTt5IOdnj+CyAF6x9tsC9YfGa3jptpentsY8sTLmnZj6WwczXu7bxnul6f1Ulii3lBKx89JkOCNAl4Do8cVT2DlYY33ACisHG6wO2WLtaEtuYe3JqazcExsRRHJSjLqgSXZmBmmpKaQkK2OF0wSiAt3sbOIS4tWs1s5dOouZN+D7xt/LCdeFdavXYGa8i4iwMG7fqR2nmiUnTKDFCmKddpDmb01ubDCpcdHq8KHi8rNi54VUlOZxMjudwpwUiuU7T4r0IeqILcnH7Djmvp3EEHvSo9xJjw2kIDtFbW4vLS3kzNlKLly9xcXqq1xR1hJ+Lr/bR0m7c/sW2VlZJCQox9dOMFNx7iLXbksU/FQZxvaY85eukneyiAuXr3C55tbnpDnF5BUbV/rbL8v/KfcVKy9RFvLIL6Lq4lX1cWW/AvMz569Qevo8J0sq5DOdqz1/zobzPHM9j1JW8iRjNRe8xnPp0EAu+4znTck6HieMhcce8NRJPd7IyOh/K9A/lbp167Jo0WIqzvwFt0tluXitmMzx6d+To9+f03snkSfbjBWdyF3bk7x1/UjQ6UjUgtaEzWpG5OQGhAyrQ8SwryhZ0oi8TfU4F9aLW5lDeX1jJbx2h5fuvH+8jz9v76rt3spPxXjxKAxmD8Rk5Ux1aVJlqFq2/H5KM3t6ajSBfs5YWxhKNL+K7RtXsmX9Clav0Gbpwhli56No+kMjFeL1v/1a3TaqK1CXovyuylKOnb//nk51v5NSn3aNGtKxcT061G9Im3pyv35dOsv9Ya1bsUkg4WlnS/GJEzx//Pif1/nzF9y6K0Hb7fsC93MUlVaqgVl+4VnyS6qknCOn8Iw6jWz08RR8/YKw2mvFlrV6LJkzCc0JQ8Syuwi4lTHoXZkmtj5jRG+Behd1zPq0YT2ldBNg92GOQF0Z1ja+b1s0Bgjoh3RhmgB+9oieLJDAQHvaaJbPHs/yuRPUZVvXL5rG5qVz2aq7AAO9hRiuWy7WuoyNWlPYuGgSO3TnY7h2MUbrl7BpxTy2rtHioGVt4pLdzpXs36yF1VYdDhjqctBkHTev1ibKKeP99fUFghuWobtqHia7N0iQYsQhe1OCAiRw97LikI0xedm1FtqnX+/P9l1HtnW++uIfTe6fkuI+9aMrjyuPfS1QHyLfhaP7XtKzQziwdzVr5vRi8cSuLJzcGxubjUQd96Oyqow3H7vOistP4+V7hElTpzBtxgTWr16M6e6NuB+0EGs8IHWBG6nHDpMY5I7Tnm1sXTaDDQvHM3t4J5ZN6cvqWQLzReMw0p2Jt+Ua4l03k+KxjkRngfTB5aR57yLZ04R4911kBuwnRUmmC7Qj4pAh1qtn4GmojbXUy2EHtuJmpIXrdjl3di/Gbed8nLfOJsV9K2VRVlwpiPx8Dj16cJ/4Y/4kR/oRH+ZPtsBcGaoZK8FM+BEnQn3sVCAGuO4XqIuh25rgYL5ZLH0jbvsM5ffazvWr1RJ832Nw144qtLu2a0HPbq3o0qllrYkLwHt3a0Ofjk3p2aYlQ1u0+DicTWDeWY6VYzoJwPuIvffr3IzeyjEC8q4d29OtXVPaffcdrb79ll//05jZM4RpxX9NXXvnZrUA/SmhAusjAm0XKyOsjNZyWOka2G9IiNdB/GV/fLgvEQLoqAA3suLCBdgOOFkbqxOOOduai6EfxNnKTLX0SMXe5foO8rQXkQshMzFMnsNOnUXvkHz2f/13/7my5OUnC1fArsC6tv9cQC0VbfWt+1y9/YBrdx8J7O+pFq8c+3eLv3jtHlfvPVWXaqy+85Qrd5/yxyNlkpHaPtVPf08vn+aP9BDOuewgUWeYCuioRaMJnDZITKY/nlP64z19IEcF6OHzhxM2b7gK8rC5w2qhLieZsi928Tix9HHyHBNIXjKRkvWzqVg7g9Tpg4kRkMfPHi5gH8z5ZRO5JAFB1ZSBVE4fwqUFY6lePIEbq6Zze4Mmz60NuLZBm6trl3DLYA1PrU14bLqFOxuX8vKAEeTE1Q5jK0uHctlWZsONSp5eKOOgwNx0r5kUc3bL1nifOSZWtX2Sd/+4QXFuBjlK/3aGkqwUR3qaAnKB3rlzlCqLWWTlqgtaZGXlSSWdhJ+fD26uTpwsyKeoqEhKCTXXahO1bpakEm+qhaPuRMLMlxG0ZRqRNps47u9MrK8bSRHBAuZSClKDBObxZKVEkJvgTmSAPUecjAnz2EZmuIWYeSBp0f6kHT9KUUE2BSdiKM+N4nRZHpWVZ7lQdUqCuUdcewY1Uu685LOtnz8v5lxQIhC+wtnzlwTiV7jzcUz6uUs1ZGbnqvPGn1KmnhVjV+xbgffFqzfkdo16X7l9TuCfcUJZYztfnqdaBb3y+NkLVzhddUlAIMFJ6RmKys6qTfwf3j7nUexSdVa4805DOW3eldshM3lduIF3VXt5ddmND3/skzd6lvfv3/ObXHz/uyD+xRdf/ON+o+9bMGvODtq0bqsmzNTU1Hw+t+8VhHAteBtnjDU4ZT6dy87rOW+9kMKNw8nS60vayh54D/iakNE/497lS5IX/UKRbUsuHB/Mw6rlvLy1U65JZ3h1WIonvK2tKPz2b8VEDGnXomG4yzlXeOo0eflZtUDPiCcpIRyXA+YCocXs0F/Jjo1r2LR2JSu157Fg5kT69+jC9/W+VSHe6KOdKzD/Xoo6w6FfBH06dadLkyZ0bNCINvXr00aCl87169FdLL5f44YM++EHZndqx9JRQ9GfP4u140exvEt7to8eir/BeopDfbgt586fb9/8A/I35dy4fvMuVZeuU3j6CtmFleoQuCgB+pGAUGzF0NevXIaWAFhZXnWGAHnOmH7MHTeQqUN7ynYQs0b1USE/bUh3Zo7owawRPdR+9An92jKpvwL0dkwQS1f2zZPn0Jk2UkA+kZWak1i1YArrl8xBf9k8tuguEitfIWUpxptWYbxhBZsE6DtXLWK3BEHGm3Qx3LiCDSs0Md22Fnd7S5z37eTArtXYbl+Gw+7VHDRei6P5JjXL+mZNda2pV1UQHX0UHz9HXF0PSL2wh32WW7EwW8eunbqYGK7l+rVqTp48KWD+kq+/+VKFdJ2P/eT/hPlHW/9bs7va9P6fOnxX/z/Ua/A1zX77gZHDJeAZ3grtKZ3QmdUXJ3djvASmnv5WTJ02nG3bNnPmzF9DUx2dHVm1ZpWcuzNZtXo5myUIMVijg+78ySzXHK/OFjlvZCf0F47BQEcDA62xGCybgqHebFxM1pB42JgMHwOx8u1EO6wlWaw8VZnr3WEryT5i+4eNSAuSIMF7P84GWvjs1sZh83Scts/H02QpfmZL8dm1gACTBYRZ6xFptYzi4N1UxdtxOcvrb0C/R8bxYAozY8lOCqEwI4qi9DgRkyOkxBzlREKo1GnOYvGOeMn3rGS9R0gd6GRpoFp6kJej+jwODnZ069qKrl1b0q1Th48gb0e3Dh0Y9MsvDFVMvG2bj0PZmtNTYK3aucC+e5s2DG3WjCEtBeJyfPdOLRgsxj64VXN6yDXSSq6NVt9I+bYuTQXs7WTfivnzKSss/CvHrKxIbHuXatu2wpNDEuQdlvMpNtiHmBA/0uMjCfN353ioPwFu9gQfPiTAN8HV2ozoYH/CjirJcM6E+3sQKI8pyXIeYvCxEghkxEeRGBOGm3x+o3WLFaArdv6H2EDtQPrq63c+w/wT0M9cvPER7J/60a8L4G8K3O9y7c5jrt97LNtHqs1fqBHDuvVIgP6Ci3885ZLYvVIu3HrK+ZtPOHfjMQ9ev+fJ6z/Vccp//zsb4qUWX40+eE/si/dUAfq0AWof+jFNgfqCEWLpYtwLR6pmHrlgpEB9uBjPKOJ1BOo644mVky9v1TRKBeiZElEenzOc1MVjyV86jgti7TdWTOXinJFcFJhfEphfmD+Gm7oCdP2FPNm3lStyoZfP1ODM/Onc3aXPnW16XF02h8fG6/kQ5QNFKbULthQm1G6vVfD+2hkSIwJwcbVXV2Y6GuRFUX6yOruT0urx5vUrUuOPccTbjZjIY2pft7J6VX5egdokrmQG5+SeJP9kCfkFRWTnFFBQUEx5xRnKyk5RUVHJRQHnq1evefnoLpl7F5NkPI8M07kEbpmF/crJ2M4fSJyFDr5GKwmSiic7NpwT0UrmezgZCUFysrhzxNmUo+6WRHjsIi7oICmR/hIBB5AcE056cpI6y1xxip86scyZilOcv3iZmgevVJhfefSOS9ducuXOE56+ru1SefToMRcFyBVVF9VV0mok4LtUc1NgfJk0ZXKE5FT5XPmUnz4r4K+mUpkJ6fxFKs6fV4OA01UXOFl8irj4dNLSc8T0L6nQr5TPqo5frjgn9nmaAjlGmehEOVbtr4o1pMZ7Epcd+nPTZzKvq/bwMm8dN6IW8KpkIx9uGqjHKYuL/O+EuZIo99e+L+jSZRT9+kz4xzHjx48nNDRUfqtXtT1ON6q4nx1K+fZxlBjNpGhTf8rMZ5CwsC1+Q+tj2+EbDravw+GhXxK5oQl3zmzgvTJ+/pmb2Lk3H1748ubqAt49rJ3tTlk571R+Or77dpBbUEhBYb6YtWLnsaQmRxJ61J0tqxaipz2TrQKmrfqrWae3FJ0FMxkxsBfNvm/AD/W+44e639JEto0F6I3l9lSN8erz77JwZuKk+azRHINGt98Z2vRnpvz6C2Ob/sRkqdjmtWzBkg4d0Wr+CzqtfmX9yKEYzJzCprHDWNujHes7tGSjmI1RrxaYD2qD75p5JHjYceNUAW+ePvofTfUXL19Xu26OxySwz8ISfXmv2rPGs3j6SOYJwOdrDGWWgHnWyD4CeCnDewnMuwnMlUQ4ua1ktw/ryrh+bZggMJ+oJMIp/ebyP4uVjHLNyehpzWT14tmsXTJPYL6AzXo6GG7QY9emNVhs34iFwQZMJPgxXK2lLh5jYbgF8x2bMNqox2Yx2UPW5uriGC4HzFRLdzTdgJOZPk4KzPdsxUWuNw8xqpvXrnxcejUBU0s9dX10P19XNm/UYuSIzsydPYbdRpvVY5YsXfIRzl+odq5Y+FcC6k995//+4r/61T8lzn1shlds/cv//JtvJCj49ruv+Eru//z914yS19nvYIBf+CFcvPfQsdOvNGz4Nd99V4fRI4cREnyUly9r5y8vKSkj+Ngxho4ex9Bhg5kwejCT5TufJN+f1tSh6GpOwHTzUlbM02DTck126s0n2sOc/NB9FIftJc59B9nB1qT57yfWw5gUP2PiPbYS5bRZHjMh1s0M1x1aeBnOw99Em0Nb5+FnvhRngbv3jtlE7F9KqtsWMlw3ckFgfj7VhQv5gX+18jx5THF2olovlZyIIzcpXAQkUCw2TIzdS+pcb2LEbI+67SPE44AacAUftmPfdj2sDFdz/colnj18yIROnRgs1q2AWJkuuIeAfWDL5vRSTFzJau/wC73aN6efGHwngfiItr/IMa0Y2LwpPdq2VTPfe7WTY9r8Rh85prM836CWP9FeAtvW33xD02/q0+RbCXwF6J0bN6ZN06Z0+Oknlk2bRkH+X10IBXKd2lvuJNDzEDGhAvLkaCKOuIpxu4llH8Dv0H78nG0JlUDE182Bw4esSIoKJjH6GAGHXfBxEb7Y75e6/IiaHBcR5CswDyUzOYYgP3f2GRvwrw8vb9UC/e0zdbiaAvFaoF9XIV4L9utqOXvppgr0T8lxaj+6gP3c1VtcVub1vv+MPx6+5PaT19TcfykQf8LF27VFAboCc6Xce/2B649ecVUMPl8imZobN1EQ8ffEutsVpZQFHSbBaA2Bc4YSvXgMMTpjidWWIrfjBNIxAu/QOSMImTlE4D5aLRGaI0lbMZHC9bNIkegyQaw9a/U0SjbMpHrzbO5smMf1FdOoWT6VqwLyqyvl9tLJAvQF3DRYxnmdmZROGcOpGePE1LX4w2Al16WCfLBrHe/87PmQJRVrSQofTgrQC2KlRpJI7PoZeHiR9/fPw1OxtGdX4Un1x0CpthLLTE0gVmCu9Gcr60wrSSuZmVmcLDyp3k5MSlNn6MrLP6nC/WRhKaXlFZSUVlBx5jx379UGXLkC46TdswToc8jYPZ0US23KvHbhLp/xqKkuQTvnEmGxkjDLdRI9bybF25SsoD0cD/HA39GIYDdTonztiBOLOh4aREZqorq2uTKve1ZyPDnJERSlRVCanSwWXsmVB6+5dOc552tuc/r0Kc6eKREoX+JKzfXPmfC3bt+lsKiMKgGyYuwV586TlnGC0GPh6mpcuflFnK6sUkv5mbNqoHK64qxq8OkZ2URFJch3kccpgXjlhWp5vIqyU2fVJv18ZTrS3CJSM/KIiq1tqnxanU/F/l5c8xzLgxNreCYwv5W8iprwedyPETDdNlePmz179v+R5vZPQG/bpjf/+c93/8vHm0ikvmHDBrWl5POkPXFHuHBkLyeWdSFYoxlpC1rh178B/oMa4jn8Syrde6tD7XgXLVD3E0s34tXNHby7bcHddA3cdBqTE2v/V3qKBA2XL19UZ4NLTYokNjpIKoE9rNWezoaV8zFQgLReF70lC5g4YhAtfvqeXxp+xy8N6vJz/e/4UcoPYus/Ctht9u5Rn/Og7T6sxCTtDJezdcViti6YhXb/QSzr3YeV/fqi06MbK7p3YUmLZqxt1QyDYQM4IsZgslobQ4GB6cDW2PZsifOwXhwa0AWvMb3ZN/J30rfN4HpmBG/uVPMoyZm32fI5b8t18+KfTfUXq84QHRJA9LGjaE8dpVr23HEC9FG9BeK9mDmyt4C9F7NH9xZ77ytm2oPxA9qrVj5pYEcmDekkdt6d+ROHiq2OR08CmRVaM1ilNYc1S+epMN+2Tgx8q5IZvJa9hgZYbtfHZJMe5ts2sHf3DqzMjDA3MmDXlnXs3LIaT+eDeDkdECuyxFWgoUw16rbHAA8rMS3rXbhZGeJhY4KXnRm3PkI9MSWU5bozWbt2Ofv3b+NooCORYpZFRXlq/kW9BvX+6iP/aOgKlJWhaQrUv6xTu++fw9j+ngH/qSn+3/xHLP/rr79Uk+a++voLGjT+jhHy3cxdOIEmP9anXr3/8I3s/0aeu64EEB1+b4rtflMuX7rw+Xt3cHRSx7oPGTqY0WNGqhnyUyZrsGLFMqZMnY72ogXY7t5AXpgtFcmHSAvYTcqR3ZTGHiI7cD8n5LwuCN1Pkuc20jyNSHA2JNPHkhCrNQRbLCPTw0jtJ3fbNgv/XZpECswTnfU54b+L/GN7OJ92mDOZ/pRlB31+T2/evKIsP4WS7DgyY3xJjwmR+ilKBfxxsfJYCV6VxVci/Q4R6mmvjkFX+89NFTt3UJ/DycmJnkpWe5c29OvWlkESbCrD0HqKaffo0ZqhbVrQv3dv+nRtTz8BvDKpjJIBr0w007NjS3oJ/Ie3+oWuHTsy+OfahLk+bX6lkxh9R4F3KwH5r1834DcBe4v69Wmt2H/rn+jyYxM6Ka1cUhZqaJCbnv6XuJ4qJvbYEU4kReFpZ06wpyPeTrbq+eXlaEN4gBdxUWEkCC9OZiaTEB5AYngQIT7ORImtxwQHyDE+RIfK/phjRAb5EeTtRIB8B2Lod1CLks387OVnM/+7of/99t+B/ikp7lP/uVIUQ7944x4Xbz6stfM7Yul3nql2XnVdLP7uM+6++iDm94KrYvLJqQKO6qu8EZrfevBc9j1QZwd79uLVPy70cxG+XIoJJFlvCnHa49SSsHQCMYvGCsjHckysO1xzFOHzRxOnM5G8jZpkr59L4srplBnqcGbXIq5sm8cf+nO5qjeNS9oaXBTgnxdLr14yieplU7m0dAalU4dTPGUYFfPGU6k1hZp1i7i9Q4/ntob86WXLG+9D/JkeLoaeWAv0M9lQXSZAv8Sft0/z4d4Z3t85zdtrhfx5q4wPt2rngb5wvkpAHi9GXkCafGZljWllZaqsrGyBWaY8liKWekJdpjI9I0cAWc4ZAZwy29b5j5MiXM89TraVDulmYudmmlQfNeRCgDFXI/azY1JPNo7vi+OioTho9sZj6XAOrxhBjETCRc56nPI2IDv0EMePuhJzLIjYMH/SE48TGREuZpcoQBCYC9jzlKbyvGzyTmRRVn6WM+cucOpUKRWV59UhcCUFGRTkZZKTcZziE5E8uP1x+Mbjp2orwumz5+Q9l6sTiSjD6wKOhhJ9PJETOcqa3KdViBcWSbBSdorcvCJi41IICorkRFY+p05XqqW4pFw9ToF5RmaufFfZUkFmcSwiTmy/NrP4xjEt7ict4Y/omTzIXMXDzA28qXahxrmnmG0l9+7d4xu5yP5PAf2LL+pIBfy13K7z/3hsnz59OHToEA8+Tiepng8hzgSP+kltcvfqW48jE74h3+QrHpzSVCeReVmzgep4Dd4/sOVZmQ5JW35gq0Z9LHR/Y9+aNiQF7+Xahdro/927d9RcvUhsuB8WO3TZsGw2W9Ytw0Cxc10dNATmrZv+IDCvx88NvuPXRnX5tWFdmgrcm8r210b1sNu3hxfPn6mJUrOnraJ732207b6FFl230WO4DZq9p7C0ze8sF4NZ1qkdy39vzpbWzbGQitBl1iT89ZfjMnk4XiM6ET55MAWrlxA7vA+xY/viPL4FZTvH8jrCiLe5h7lvM5n3GWZw3o83ibJ9dI6Hco49lvPjw/u3/xXa1zZZBvu4YbRhudoMP3lQR6YO6cz0kT3EJrupY9TVvvOhXQT4vVgweSiLZ4xn6bwp6ArI9bTnsX65ltj2MravEzPfsoHdBhvZIzDfv3s75mLoFtv0xcw3Y7PHDGsp5gL27RIQme0ywMfDBW9XB3xd7PC0VSYzMcR97w687QTitsbqfa8DFmrykq+TFbdv1l4Tl6svqN1m9rZmUvZhbfMxaDp08DOcP2e4f6lksddRbf1LZYjax6JmvNf5q7n9v6H+2dg/Ppdi/EqTfK3B11Hvf6UUuf+1bL/7ug7NfqxLxzY/0KHNjyxeNJO4uOjPaxwUlZSwaqMBwzVm0HvwCPoNG8PYmTpoa+sQ6mZORbyjFHsB8TbOJNhRHnOAvIA9FAXbkOVnQYb3LlJcthBrt4HCAEv8TBYQaKZFyuFtHLHUwXnTZHK8tpPlu50k2ZcbZk1Zqhdns8IozAwjKfEvQ1fWKshNCqE0L0lN5s1OCCdPWaciL53izCiiApzJiAng6GGb2iFtfo7qTGzKrGzXr1xUx+qPGtSNQW2a061rV4a2bkbvzmLibX+lhwC7l9j3rCF92bZeR84JXcaPGcOgHu3o0qUlfZs1VZvk+4uRD5T/76VYfIdW6r4hzX6mS7umanfUT2LlP0o98Ot/lByTxrRr0UIdktxB6XuXAKCjWHyHuvJ9y7Fzx40jKzHx8+erPldBcnQYIb7OAnQbQn3lPHN2oDArlbKiLAlsfYiPCKDwRAqJkUGEHXEjMSKU+PBg4sOCSE2IJPKol8iaL8fE8iNC/BWg3+Ldk9qkjht3HqnN67V2fkM18tqi3L71j/ufDf0fQL9TWwTq564J1AXYl/6Qiv6PZ6qZV157yPXHr7nz8j1X7z7lioDf18edmruPePD8DdfuPOHS9Xvqc5VX1nCy9KI6Dv6OAP7vs9bdryrnQqQ/+Xu3CNDF1sWwo7TGETJ7OMcWjCFs4TgS9cRe18wiXncaWZs0qTBdQvWuhdzcNIdLyydxTkeALf97Tns81doTuaQzifMLJ1E+bSRlM0dxav54Ti8Q6OvO4Y7ZOl46makrsz21MeVN6GE+CMz/TA+VK0B+oCulyiBl3lwp4P3NEtnm8/RcBk+q0nl+IYs/XzySyvK5CvKTuTnqnOgpiUm1S1OmppOfn682wStAV4xVAXp2zkmBWrnaBP/06TOe371JjP4ETuxdSMJuTco89KkM3MuNJB9Oum9l0cAumE7sScxGDezm9MFRszs+elLBrpDvZ/tUoo3mcspzA+fD7EiNDOSotxsZ8prpqfI+YiJIT4ghKTKE1Ph4AXYBhaWV6qpqJwsExKVF6qQluTlZ5OdmyEUWJBfX/8XcW0BndXX7u/0qlNJCcbfg7hbc3aG4FCmeBHdLQlyJuytxN+JBIgRLgoYgAYK3aCmU5869g9TO9//uOf8z7n3HmGPtvd/9St7svZ75m2vNubzIjnUkK96bK0UnRa1XOmB3797nZG4+ySkZeHn74+rlg49fkFpiVAG5ktqkQDozK4eExFRCQqM5ciRS/XsVRyC/4LT6eiVUfzQ1k7j4FFH5R4mNTcHHPxQ7h8oxtheX/HmZtZyfU5bwUGD+tNhaWh0uWgxSn7eysvpfVOd/HFP//D8+v1q1asybN0915j48bp3MJH3XZM7bdODJ+VU8un6I1w8t+PWhAw/Pa4k638ZN/x6YTazCvqX12bmgEfuXt8ZIqwM+h3pwxGYRj+8WfXy/S8Vn8XSyZovWCrQE5hOHDaJ5vVo0FnBr1P6OFrW+VbcVmDeT7dZ1atC+fs336aYldO53gJ7jHOg9K5BBP0YzWieL4ZuOMWH4GrRbNmNDy6asbNGEdQJ0PQH74e4diZoylriJI0gcqUnixOFEz55I9PC+JA3pRcakPqRtHc4tz594d+wAvxeY8CZiMlzX4919C95d3MG7EnOeXD/O7dJCnv98l+dP7nDv7k0eyDX/7NkTfv31xd9C9YGeDnINO7BDaxkTNDuKMu/E5KFdmTmqLwunjuTHH6awevEctUjNmqUL0PlpGTt01rNXlPn+bZvQ270DowN71IUtDPdsx0S2zQ4dxNzQQICuz8G92zmweysmBgfxVla5crXHR4DuYW2ghtcVNe5msR9Xs31qbrGbpZ6aeuRtb4qXvQL1yvku50SNaessZvw4TeJiKytI9ujZTYWvEir/9juxb7+kigrdL1SVXanQP1OBrqr0z//1l9Kwf4D553+ZDf/lp/aPYP/gPFSt+gUaLerSupWoyxa1ad26Ie3aNmTQgK6Ymehy/fq1j7+xt58fA4cMYcTwofy4cDoZwRZcSnTkXKQ5me5buRBnQW6gHtnuuwXohhz30SM/wJAUGx2O2miT5bmNIyaLCTZYTLLTJqIsVpMmbarLZjL9dckJsyM9wpnclCDy0yJJSw7HJ8DlDwr9VzKSIjifl8WZk6mkxQaJ0o0UxS4CJMILPxdTUeKHBWoOOIljFexuJardhXA/R/X1SkZQP1HSvbq0Zni7Bmh2bEPnTh0F2E0Zqsxk76LBzuXLCXRxISnQj3BlfYHNOkzR7C+wb6wWBOspYO7crg2DRLl37tyGgUrd97at6di0KRrVvqXOV7VoIPd1CxEPrVs2p0cbcQg6NKV7h9Z0qV1bVfGtRaW3r1mTDnJeezk2Y9gw4uM+lbgtlD4g9ogvKZFHOHMiS1R5ilogLEnUd1JsOJFBPnI8h5T4CFHl/gL0ABJC/dUx91ixmFBftVxsqJ8Ln925msOrp5XVby5eu1sJ9Cu3BerlFJXeoeiaAFzAXanM7/xJnX9oP6jzj0BX7GalSr90R+z2ExXoRdcfcvPJa+48e0uZMlnuVgUB8kUePH3N7YfP1dn0124/Usfilfc4f+k2hcVlFJy7ptqFq3fJPpbLL09f/unmvhTpx+XoAMIWjSVonqj0JeNIWT+DVK3ZJK+bTuKayeSKOr9p+BO3d87n6popnJ4/ggvLx3NhwUguyGtK5o2ieM4YTk0fTp5is0eR/8NIin+cQvmOZbywOcBbN1Hotsa8sjOWzimGl9FevE0PkS9wUoB+jXc/3xJlXsDLq9n8XJzCvcIY7p+O5WVFZa7iiZxsMtNTOXH8mMD9qDrGmygemzIjPSdH/mEp6SQfzVDBnpqWJSo3R26wyolWJy21CBfvtsB6CXlWPxG7eyb57vu4KAp94zRNnNZMxWftZLL2TyNozQgOTepK8NphBG+cQNT2KRy3WEGq8Y+Uem3jVqIdJ1Pi5XNPk5os3yMilDi5MOKDlTH1ADJSk9UQfGZaKjlZqeTnnRTVnkr2iTzS5LnYMD81vSI5zJHMGHeyYl3Jzwjh8aOK92r9FwF3Lp7eATi5eeDo6iGdQ7A6lKA4K0p1MQX4EZHxav5xWHiMOm9AcV6UIiRKlCI1LZuY2CQBfhSRUfHqpCknFy/MrRy4Vnad31/e56LnMJ4VHOTX03u4FjafX3I28/OpyjSVHj16/K8D/b/rBCjWqlUrDhw4oK789OHx9nkmrx76cDl9Oheip/GqdCdPs4eTu78FB2dWR3vWdxhv6IjuqhY4HeyBy65OonoGcdRvAUFGvSnN9/r4XvfvVeDupIQbNdCo8x0txZqrAP+OtnWry75YbVEOAvNujWurr3GPu8aQtWkM0c5hiNYxRm4+ychNxxmuk8nUCXvQat4Mm64C8JFDiBw1iMjRgwmdNJqkHyYTNqgHiYN6EjG0L36a3Qnv34X8EQM4Kc51ya4JvA6bDlfWwe3dvMvR5Pcrm/n96gGBeqT8Ly9RVpzDvZsXeFBxXewGd8pL5dov4dKFU5w9na2Gvg33b+Xp41vcuX6JVy+e/VnFF+YR7O1MiJ87C6aPZunsSSyfN5NViwXoP85n87pV7JbO+uCu7Rzat1uFucUhXcz0D8j+Tkz1dAXmh7AwNsbU2BATQ30OyTk21uYCczu8HC3xOGyEqyh0pbSoh8BcUeduZgdwNN6Fs+k+gb0+7lZ6ouTNSI39NFu7qFjuBU+byiEzceg/qGZlUlut2t9Q4/svqVmzCnXqVKNGjSp8J4D/WiD81R/g/EmN/7mK3L/+9el45Vj8p1D8P9kXX31GvfrfyvVXR8BeW7XWGopar0/bVvVo0uR7fpgzRVR7tBr5UR5nT+URJPAsiLHjdKw9BSHGnAkx4FyEHAsx5GyoPjleuykIPkRhsCGpdlsE5rtIcNhA4uHVJNqsI8t9J+lu2zkVZkJWoBFpofbi+BgTFepJbIQvkaFexET44eVh//F3e/fud87lZVMgiry4IJv8rAROpkWrcM+I8iJRXhsX7MbRSF8i/BzUme4hHlY8unebFy+eM2xYb7qIWu4qNqhLCwa3a0z3rs3o0qUDPTu3FXD3wkL+n4HOFjg42BHt60uWvz8+RrsZPXoYXZSCM+3l9Z1a0Fnabq1bVKa3Na1P58aNVZC3FpA3rFqD+tVrMmZ4P2ZpajK6f3+m9e9Bv+7daVe/vpo10kGsuaj1zt/J/VejBu2+/16c0EFEh4er82KUx42rVygqyONEaqIKbOVazkyOJz0hUrXosGDCAn1EmUcTLQo9PSlW+uIgkmLCZDuOADdHPjuR4Sc3x2Ne/frb+7Hzcs5evcU5RaELwIvLKsTuUqIq8n+C+B9C7Tfvq62avnbzHkVyXkHRJS7flNfdesz5sgfcevKb2BuuVYgav34LPz8v7vz8kvu/vP6YHqdY6a2H8rwofcWJkO907tJNgXoZe/cbknf+uqreL19TyoI+4+3vn0J0FUWnKQn3oeDwfo7vXsyx7QvJ2jiTbLGS/Uu4b7KGazqz1LS2SxtmqDPfLy4eS+G0QeRPG0L2xEEkjetP8uSBZM4cSt7C0ZRqz+eBvg7PrQ7wRi7CV1aHeJsaws9B9rxMEICIsuDBdXh2n3fP7vLb7SJRkJncOxVFRUEUj89XVj+6euUyOdlZaoqaUjkrPiFJXR9aUelK/WulCpuyZrQymUxZg7qwsHIS2P2TEeQbziPJcCFnXTZw1XcXR7ZN4ZTzblzXjqNf07qYL5tIgcs+rnltpdhhLQZTexKwciDRO6fhtmYMMTsnE7NnJom6C8gyXkyezWqOR3uSkhAnXl6AeHhecnEcEW8vmPgouXhCxTuMT1TT63IyjnI8K0Vd4CQpNY3QELmI5IZS0uCSI1w5luhFbrK3QD+JWzdv8PZtZUdQIIrb3tkVW0cnjM2siYpJENWdJX9zIuERsQLpYNw9fAk+EkHK0Uw17J6k/v3pREUnEBAYSkBQmOoM2Du5Y2ppw349QywOV970bx9E8fPxrTzM3cWbUnvuxyzh1a1C1UH6P81U/2v7/6WNHj2awMBA6YQqlejtC6JWz0bxS8l2bob2JFLArbeiObt+FCdgRWPMt3fAy6AHdju64aSnSWbIj7hub0OS42jS3KdQlm3Eb48vvV+p6xm+bi5MGtJflHgN2tStBHqnhjXp0aQ23ZvWZvnsKeq5m+2LGKZ9jOEbTzBUR0C+UbZFoY/QyWDSJH02NmuGRfuW+PXtSoQAO6x/N4LGDCV4cB+i+nflxNB+RA7qg1u3DsQJ1IvGDiV52QyOB9jwoiSQ385o8faKPu+eHOXd70oe/wtR34+5ffMyr5/c4ElFKffuXONMYSGll4u4fecq588oWR7pzBg/jLF925MmTnS0hxnJAbYEu5nI9eehhmFLL57j9as/O/oXS4oEEiHER0ewXWcD+7ZtEXiLKtfXw0xUuIWocRMBuansm5uaYW5mKirVGDNTE9UMdAXW9jZ4uzngaW+uhtM9RaG7mos6F2XuYXFQhbuzmYDd/GClUrfWxV3OUSZk/fFRWFi5sMvSpYvUcXJFidf4virfVa8i7VcC9KrUqvU1tWt/TX0Bbt2638h2VVHwVf4C9E9h98r89M/UGfEfz/n8j3nr//pTaP9DSL5xo+9ppSHKUaMmGs2/F6jXonmzmjRoUE39zHr1qsnnVxXwaWBiok95+acyyHevFnAiWI9j3js4G25I4ZGDpNit5KTfdi4mmJHjvYs0160Cbn1izJeIWl/Fca89ZHrvISPIlPwEdwozQvH3tMXa0lD6AFeOBLgS6OtEcKA7vr4uf/rdTp9I5nRuJdALc5JFvcaQnx6hrleRmyqqPtKHhEAHYgKd1HKw3vaVmUXBXo706tacfq2bM6h5E3r2aEOnjh1EaQucO7ekZ882jOrfC3dLPexsrTl8WB9HB0uCPTzIOBKMqeEOJg4eTC9R5ZrifPdorUHXzpUlYnu1a0Z7gXIjdUJcVRqItRVgLxgxginDhzN+wABGCaxHtG+PhqjzNqLSVYX+3lqKdfr2W9rJ8U4C+PF9+0r/6y/9ZmUU+u7NMjISwshMiqYgN4swH2fSRZ3HhAYQLUo+OjyAxJgIMo/GkRB1RECvqPZAgjyc+KzweGUY6HzJZXXBBSW//Oyl66LSBepXb4tCv6sCvVjai+/zzP8KdKVuszIDXgmXK3b24nUiE9I5YGROZHQY1y/mcu78GU4LmCuev+P6g1eU3v2F02fPsmnTBlYsX4qrqzuxSUfVClPKZDkl/7lMSZO7fkfALp8nYM8/dxlTi8Oi2m+Sf7aMPLGC4nKuPfqVJwL1F+LpvPlLaO5uZjR30yI4s3cRxWI3BOoXtWaSKxA/vWIiJWJX183gzNxRnBLLmDaUuHEDiJ00kLTZwzi9cgqX18/m4YENvLDaz282+jwz2MkLT2uehrnwPN6Pd1dOSy9cKuS98TEF8Ldb53h4NlG1Xy5k8usvD9WiHYpKT0pKIjY2XrzgJFGfsaop+cTxAtDY2ETiRJkq++q8hoqbpOyeRI7RIiK2zeKc6xoS9WfgtHYkF3y2keOwhQWa7Vms2Y40s7WUhZkRuWUGFjP7kbppFG6LhhGwZhQ283rjsKgPXlqT8dk4DV9R+wl7ppBuu4VIbxdiBOoJkUrnF0VsZATREZFEhEeQni5ORlSgmkufnRZLXLgHIZ6mJEf7kBbnR3KMKG85fjzJg4KsCM4Xl1B6rYwXrysvzlvltwmV99qvb4iLuw+xccmEhkUTGByuQtrR2UMFtxJaV0Lwynh7mMA+UCDv5RuEu7c/tg6uoszt0DMwY9P2vSz+aV1lSK48g7tR83h2cidPMnV4eNxYPb5u3br/OP3s/w9A/2C1pVPYsEGL04WfKtI9EsfQcetY1k+vw7Z5dbDc3ZXDe7pgvbkdHqLOE/3m47mvE8lOY0j3mkq26wRy7TS5FDiV8iw9Xl2L/bR6VU4WWkvn07VRTRXog1o3ZGTHxgIqC/X5iTuOM1Q7i2FaimUIzFMZq5PC9B1prFxhz9amzbFqr4Fnz3YC7G4C8e549O2Gd8+OJA3oybmRg0Sp98GlR0eyRmhyeuwwotfOoyQ1lIrz2dy/fpY7Ny/x9rdnvHuj5EA+paL8Kg/vXuXx9TMUpsZy7vRpzohdulDIzVuX5LcQRzclmjHiIIzt0YIof3viPGxI8LTESncDHvtWY7lnJWYLJuFmsAMft8PEx4ZxuuAEFXdufewkPzyyMtLJzswUiPir4XW9PbtFjRsIXA4LxM2xtLAU1WYhZomJsShyZ0e8XWzxcbLCx94Eb4G6x2FDPG0M8RHzEvNQzMoAF4G6i/k+cTSs+afHo0cPqVmruhpSr/L15+/D7V+JKv9KhXqNGl9SQ0lH+/YLUeui/Bp8Q9PG38l18Y2qvv9egOazv4/FK/sK4D+OrVeG7T+YEubXaFGHVi3r0FJg3rZVLfUz6qggryqfW0WFeYP639GwUXUaN65Bk6a1WLRoNpni2CuqWY3CifN1KcOLZId1KsyLokw4K5YlguJ4wD6KYs3J9NguwD9EXpg5eQlunEgJFOcrivBQXxydbLC2FifJy47QYA+CA9xxd7fD1tb8z47Q8RQKMqI4K6r8mFwH53JT1cIyGZFepImoyEkMJDXUXX5/ZalUWy6ezVcdu1lj+tGrV1tR5s0YLDAf0KYRHTu2FRi3o08bDfp3bc2aH6cR4GKKjYkeNub7sTm0B28HBxJ9fUgX5Xt4xw5GafZWJ891b9tYLSzToUNbOrRtqwJdSVlrXuUbvq9am/aivhXFPVOc8/nDhjFPnIEecn5Huae7yLnKWHrn6tXV13UQdd5GjrcRmLcRuHeU/Y7ynGbv3gS7u3+cz1Bx6zrnCvNxO2xKiI8buZlpRAf7kCJMVQrmJEaFkaUMmUaFipr3wMXamM+KT1eWxzyZe4qg8HicPAPxDAgnJCaFjJNnRA1f5VzpLYoFrBfK7vxJkX+wvDMlRMUmEBwWQ3LGCeKO5uDuF8qCZavQNRRP11CfyJgYeb8C7jxTxs9fUnpbmeF+mvzTRWopyZQ08UTCo/AVT8XU1BhPb1/SRLVevVGugr30ZgU5uWcIkI5eGcc/c+GWqP8bnC+9zw1R/ffevOOBXGvlL99Q8etbxG/glUD+1fs63Oqs4BuXeJYTR5nFHgqXT+bMskmc/3ESZxaM4/TCceQvHCMQH0WMwDx13ijOaP3A+Q0/ULp5AXd2LOeZ6Q7e2B3ijvYynjsZ8SrBl9cZEbwrOgE3r0grXrh0UDy4wbtHN0RhpfPgdDx3ckVt3aqs/Zx38jgxMVFECOSUtaHDwyMJCQ0nUiCmmLIfFhrBw4eP1MlBea6bKTRbSMqhuQSuHU2JxwZidkzg0OzenLJaif/60Yxt35QZvdtx5rAOHhtmE39wBeGbp1FguRrreYOJ2zQWyxndcZrfD/PZvXBbPQrb5SPZNKYbtnIs02QJMe7motBDSU9Nl+8RpToXCQmJHE2MU2dkKqkTR+OjCHI2IsbPggRxZlJF4ecpE+SykkmPdiMv1ZezhcfUPPSr915w78lzNRdczW/2D+DgIUOCQiLwEcXt4OKhQtrGzhk//yMq5JXQe4CA3t3LH0cXTw7bO2NhbYeRmSV6hqZob9vF8rU6cl2tJiYhmXdvf+XNBWse5Wzn+YnNvHuYo6pcBYz/iTr/38hN/5+8z1dfVaFJ/ZYM7TtRFOUhQkKi1PKgHx7xwUbYHuiMl14XfEw08TYdRIzTOGy0mhBtN0rUuVzT/jMp9p/C/ZxtnLAZwJ20tZSGTOJV2Sew3719C2dRR5P7dWJ0p6YEuhzmRsULhmulMl47jXk7U9lnk41XxCnSsk8zfecxZsw0Y3NjUegd2hDQsxMnhvQhWbMnbr27EtC7C9lD+lIoEA8eKJ1S/x7kjBpE9ujBJO5dx7UTSVw+Fs/Vc1kC80e8ff2Y314+4/XL+7x8eo/HAvS7OUmcE+Wh1GS4pIQei3K5VlasAt3LxUpd99zZTKmBvY1IJ2uinC1x3LMR393rMd66DId5U7Ez3ouvpxV6+zZiYbAba91N7Fy7AHuTPVw8f1JUfCE/P77/N9DmZGdz4niuKHQrdbEaKysbdUU6YxNTPNzcCPB2VYt9BLhY4+9kKWA3xcfBTM0Z9pF9b9lWJsQ5myvqXI+S03n/CHQbG0s1zaxy/PxLvvvuC75X1XkVab+kVu0q6naNGl+oVr36lzRs+I04AZVpaV9VeZ+r/sU/heArWzXs/vkfKs19eO7zylB89RpVK0PtLWuJOq8pYFestjgPlaq8QaNvqV+/mqj16jRqUkMFetOmlQp+kGZn5s+ZIA5TqFyXn1IQbxdlcj7WjuwgA7IF5qdjrTif5MS5JFcKYp04dTSI7KQQwkM8CQ0Pkr7dHWv5LaxsjHCS/62jo4XA3QgLuSbNzfT/9Judzcsi92gkWfL6M8cSSI8NkWPS58QHcDI5lJRQ6XdSwgmV/isp1P19dTwXBnXTQFPUdP/uAvHust25ubStGKrRgMFdWzJCVLGLgQG2VlbYGhzAQX+n3Ft75P9+CFcnJ1KCgkgOCcF861ZG9upF967iCHRtTt82dWkvir2FAFgBehMxDVHofVq0YLLAXFHp86VdKFDvIhDvINBu/34svY3sK4pdUeVKCF4Be0cBfHvZbyf77QTuyjkDunSRa8vpY+rrlZIiNbwe6utFemIiEUEBYn7Ehh8hKUYUengwkUHe6qpsn127fEb1YpUUqQvKePnVO5wqKiX1WCGBYYl4BkbiHhhOeHwamXnn1FKwn0Lsylj3Q85fvSvKXtRyUZlaXCbv7BWSsk4xb+kahowcw5LlP0lHHUpkUgq3f/mdsnvPKbv9GG8/f66VV1SOn9/7mTsPn1J+9zHG4hkraVtpog49vL1wcHAiMCgEe/GejhWcVz9fCf8Xy+deLn/C1YqXlD38TexXbv7ymnuvfxfFLh7O89csF/U/ZeY8bO1dOHP23J/mz96L9Of2EW9yZ48k94eRHJ87mqM/CNCnDqRQZw4lO5ZQIjC/vHEe1zfP59HB9Tw33cWDHWt56WzCb+lhvBL1z7mT/JafzdPkWN6ezeWdeK88u8fbh6XcL4znZnYg1zP83xdkuSgwD5HO+oi68IeSs+zj60tAQJAcC5Nj4aSlZVSqW3ltkPYYShxWkWm4kCzTFRy3XobPylFojWgrSnwcxhPacmDpdDo1rovriuEkG6xg9+RupOjOI9Nam0Dt6eRa/oTB5K4E/zQUywUDWdS/HVYLBxOwZTpGswaSrruAAtu1nIzy4bh44fGRYSSI05GqwDwqnMSEeHVyRnxEEMEe1sQH2RMTYEWakh964qh4ieEcjfHnWEIg549Fc6n4FBdKb1AiDs6Vy0U8f1EZCr189aoKcgXWCsz1jUzV8Lm3T6AafvcRRe7h6aeeY2xurYLcwMSC3Qf02bB1ByvW67Bw+RpmzFuCrpFZZUj5YgAvjmvz+swedT8gIODfLrii2Idx7A/2f2NM/H/6HjW++54WjdswqN9kFs3byLBhYxg6bASjR4/lkP4hzsq1++GhzG6/mO8jUBuH36Hu+B7qQaCxJunuP3DSeQTX45dyN3U15XE/UhYyg3upK8mzHcbVgNk8OGnB0xuV4d9fpcNIlf+rqlwLK9hlk0Niai7nz53m6qWzXL9aQtbJ80zcc4apywPZIEA3bK1BdP+eAu8BJA3qJWq8M9EDelEwfADHxEIHy3GBe648f0wUe7p0lNcKUkX12FF+JZ/fHhfz+kkpL54+5t6tUk7k5FCqjJO723IjJ5Hi4jNckmumqLhA7pXTFJ7KwmjnaiZ0b0JEgB2rZ00g0NqUQEsz7LS0OLxVC5u92zBdOJ3dm9YQdsQZY72tHDbche7m5axZMB69TUtJjfPGzWIzdvprcLfcQXSALTkpkVy7dP5v4/Hlt+9w4sRJdR6Jj7c3gdKRBno6C9Bt1KIfQaIklUIf/m62ctxRWjuBuoVa7MPbzkytO/FPjx7yW1VWhPuXqs4VaH///RcC8a9URa5Avcb3n6v7ClyV8Ps31RQl/36Wuqh6xRFQxt//upjL31Zq+/zvsFdC/Q0a1hSY160EefPqaDT7XlXrLZrVUiMCdepVo179Gup59QTyzQT6Gq3q0rF9IwYO7MHUqcNZv24Oa9dMx1XU7cULZz/+fT/fK+Nitj+n4x05K879qRRfchL8SYzwIyTQS/q3IJzdnLG2tcLUykic9H2YWhhgLQrU0soYE2M9zIwP/jnkroyhZ8VSIA7hKWlPpEZzOieBouNxnBSlni19TlKII7FBzty4UsSb178yZVQfUdWtGSQAHiztYAF5z+7tGNC9pUC5LUOaNmXS2DF42dlhZ7UXq907xAHchfGhfVjtE7BbmBIpjlyGQD3B05NV8+czpGdbunXrRrf2jenSoC4aAvR2AvJ633wjKr0KA9u1ZfHoYcwZNYqZAvPZQ4fQvaXAvFEjOgm4Fagral1V6QrMq1VTw/SdBOLt5JiGAF8JwbcVuGvUq0f7xo0Z2rMnXl5eH+sGPHpwn/On8tVx81BfHxXoYX7yPZPj5Tq0I8jDgc/UqlYPH3L67AV10tuF66K6bz0UUD5S7UJZBacF4inZ+fiHxuLmG4JXYASxKeLVFl6g6EoFhRfLycgvJetUGSfP3SD71FUy868QkVTAHgMr9uoq4VZf8ouuCtDfcl2Afu32Q/HOXKl48opb95+qpoL97kP27N7N9bv3uHnvoVp5TCkfea7kEsGhYeLNOWPn5EpkbDKnii9xRd6n4vlb7jx9w42Hbyit+JVr91+pCjEz/zxjxo+jXtPWtOvah4Yt2tCmY1dWrV2vTj57/dunAP3TEunABO4FBzdzfOVUinf+SNHWJRRvW8KlLQu4Isr31qaFPDqgxS+GW3kpF/PrlCO8kYvrdXYiZY7WXDpsyZtTx+CaqPEnd+HlA979fJNfbxby8u6l9xPGnogiDyQw0A9/f1/8ff3w8PLEUTwyL+k8/AODKmdxP7yNz7pxJOycQb7VMlyXDeWMyxaO6s0mYvMU9kzoid+GcZhM6czCAe1pVac6W8d0IGnHROb1bMGR9WPYN70/R421OOO+k7id08nWm8fmcd05OEVU+lJNIrZMIGj7bOzWTCJ81xRKggw5Ee5KkjJGIx29MjkuPj6Bo8kJxIkXeETUubJwgFKZKS0ugBMZceSkRgjsj3A0JYGMpEjyMsI5kyOglxsuP82LwqwQzhedpvzOrY9qPTgsHD1jE/bpHcLM0lYdR3d191bH2m3EeTtkYo6ugbFqu/bpoiUwX7JqLXOXLmeSOGfjps5m6ar10vFfgdcVvC0x4tXNVPW9R8kN9e8Kw/wV5v8E5P+3gP7vnP/5+9nxX3zxparKe3UeSNeO/ejapRd9+2oyfMQoZs/+gSVLfmTrli1s2bINS1GPJ4+dUMfFPzxOxFuQHabF8cA5JJj3ItdjLBfD5nPGayz3M7R4mL6KmzE/UmA/hJ+zt3HVfy45h/pwzmc1vxQFf3yfw0euYO6Tz82rZykrvciNWzepqLhHyeX7zDS+zfQNiaxrqoFhm5YcHdyb40P7Ei9tyIDuZA3uS4EAPGtYf6KH9iNjWB8KR2lyctRg0o0PcP1UGsdj/Pj1znGeHbeSeyGPO7ekn1BSNFPTKCvJI23HRm6eyaTsyllxBPO4fOUc586eoCA/nZ9mjWRoqzo4me9j608LiXR3wNPECBNtbYx0NmK7ZycmP81n/cql4oz6YLRvM86W+9FaOoNVM4epS1bGHLHDy3onDoYbsDdQltdUan6vwXLvSsz3LMfdahdxwU6cPpnGnZulvHnz25+LXp0ppOh0PpmJUYT5uhHi4yKdqjvBXi4EyPfxsjUToBvIPRD7jzDPyExXV0r7/P0iK8rYea1aVQTaCsyVsfPKUHfNml+qQK9X7xtRyd/J9tfy/DfUq1ONb6t9Iar+S1H5Ssrkn8fJP816/2ta26fzlBz1xk2qq6H21qLS27epT8sW36uKvXnT72nWtGblZ6lAr6Ge20RUevPmAqLOTRg6uCML549DR2cJy5ZNR2vtLLZtmouR3kaOJoXKdfkpmvS4/BKp0b4ckf7isLWZiDF7NfJqeEiXAwb72XVwF5u2b+SA3l6MTQ5hanYIExM94qIj/vS7FRUe41hqlPQrMSRFiOBIieao9D3xgbYUnUiWz/Aj2teShPfqPCnEXZR4e/p0ay4Ab89AUeNKvfbBPVrJtoZaVKZHj+7s2rQBZxvzysiA7jbMt23DaMcOzPbswfbQbrW0arq/P1kR/ni72jJp2CC6dGlFh5YtVfAqMG9SVVS3tI1FpY8dqMmS6eNYPG4YC0Whj+zRQ1T3d7QVOHd5D20lT11R4UrYXYW3tG3kWAvZVsLuXRWFLgq+h4YG0+Q9tFavZrdc41rLl+MjYH/6tHLJ3MePHkp/LM5GWLCazhke5KU6ks6WhyqBfunyJU6du6iOk5dcvy92jws37qt2SZmcplh55exzZeKbMs4enZSJ75FoHD0C8RclH5V0nIzci+qY9okzZeQVKWC/LMcukF1wUeB/WRyEx9z++S037j9XZ7inZWWpEC9/8Ext7zx6Qd6pM1hYWnHzwWNR7UqZ2Qeqfdy++1Adp0/LPom9OAQH9I0wsz5MfGqmOBbXKHv8kvKnb6V9TUBoDB269BCga9CyfTfqNGpGjToNqFW/MYvXbMc1NBtn/ygKikp59PPzP11I95LCuBUdQN7qaeQunUDJmqmUb1nIL8Zb+NVOjxdOxrxNCeFV4hGehHiQuWE1V+yseJ6WzO/nT4s7VQHKOOG73/92c0dHheLv54Onhytu7m44u7pga2+nrrqmrrcr4DvlugvfVcO55LGNHOPlHF40hONmiykUJX3MciXJhuuI2D0PpyWD2DhhAE2rf8uSXm0IEBU+X7MDUVtmsHZwW3JMVhC6a4Eo9QkUOGzm4Nzh2C7oT/qeaQTJuUf3zMBVazqGc4diMm8oXhsnEW8oSsdsKwkBLsSJNxgiKsRPLupwH0eiA11k30rUuj/pieFkxXsS6m+jroWdkZbGiawkUX3eHJMbMDcjhFPpXpwqyOLM2XxVrb94H0a6VlbGNrl5TC2tsRWI29k7YWZlzSFTU/bp67PnoC77dPVZpbOJectWqqp81MTpjBw/lZkLlvCTqPWo2PjKoZTiw7yqOE9paem/VdFffP4FXwpAv/qy0r4U+6Nq/9D+b4XdP3zWt9W+pUFt6UzF0ezavh/jhs+iUYPmtGoqCqJXX8aOHceG9Rs4eOAAZvJ7mJiYYCrmYGePszg9Lk4uREVGU1Jcwm+/VYLnye0zlOW5cSZ0HsWBU7gYsYRrUXO4GDyb67J9K3E1FVnbyDUdyPFDPTnvNoE7IdO5mVY5+3qd9QWM3c/y88NyNYdfcaIfPnpCcenPTDW6z6zteWiLQnfq1oXckZpkDutH+ICeJIgazxs2QBT7QHJGaBIrqv2EKPWi0YM5OWEEReFelBYc5XSyP2+KXHmVJeAuSiEwIJT8/HNcuHiJwjTpsA/t58bFPM4VHON4TgZlZSXk56WTl3uUkZ2aSSfZB3c7IxxEBUcFuOHvYI319i3Y7t6J2SZtDDasYpPWWoK97bHS3431oW0smDwMA+0l+Ikj6u90EFezLTgbK2tSixOgryVg34id3noB+grMdi/DXMz64Frp1JdhsXc5IR6mZCcGc/FsLo8fVvztPi45W0ixWEpsBB725rjbmqsq6p8eCxfNVZX1l++LxyhgVsCtgFyxeqLQ69WRtq7AvO7XAnMBq6rSv6Jxw2q0aC6QrVdFrKo6xv711198VN+fwvB/qCr3xb/+ptAVJ6JFC4FKawGHhsBIQwm3C8gbf0ujRop9R8OG36mOhBJub9S4BvVlu6Uo+F49mzFieHeB+FzWr53HiuXT2KQ9n62bFrBx3Tx0Nixkk84KvNxt5T4v/pSWKY6hh8BowwZtVq9exY7dW6TP3ouukR579fahZ6QvKt0EO/l/JibGf3T6Pyr03CxOpMWTmRJFavwRkqNEPIiAOJEUrNZ2T1PERLg7N0WdK5Nx508eSk+B+ZAeremvqHNR6V27tKW3gH2AAH2oKO3Rml2xMTbG1dUMO7vdmO3dg77A3FRnDaab1mOmr4eLozGBzrYkCNQz/Tw4sH07w/t0opso7o5KQRmBeOMqlSVf29Ztzpzhw5k1YgTzpF0oomJwz9ZyvCZtG35PG4F127p1aN1MfnOBeCtR5i2r1qWtALytot6VsLsy1t6sGaPl9R4WBhzxcSfax4ekwECi/PxYN20amm3aqEts//zkyftVMJ9w9lQuMUE+uB42wdnatBLoJ0+eoLD4sgBdPPKy+6pVAv2B2EM1p1zNKxeYK6aklikT1xRT4Hr8VDGRCRl4+EURGJYi73Of0ttPxQl4SpFsn7tawZnLd7j58FfKH/8mYP6FK6U3yTqZr4JcUecKzO88fkFqejq+AcHcvF8J9A8gV7crnqgz4ZV89ccv3yLcpvznF2ht1MYnKBxT88PS8VmKyo0gOiEdnc07aN6qHQ2btaFpqw7UbtCE6tKR1mvSnIPWnlh6xHDILoCw1CLcBO623uIFZp6i+GIZr379VIf6+ZViHokH+tDVhCeGG3lps59XHla8EG/w8RFXSq30iV+ykIrIcJ5fECX+lxrWf30UFCihPFcV6M6uTmLO2NjZEhhcqc7LU3zxWdof37WjSDb6iZAtE3FaNpAC2xWkm60izfQnrgQbUeS5C8tlo9g7pTfNan7HqiFdcVrUn7l92hNzcCHDNeqSabgU15Wj0Z/an5MOW9k4pjeHpvbipMlCjhstInnbeDzWTMNr7SRsFo9i2YA2rB/cGr+1YwnfMhOXPetxP2ykjh9GhoUQ5nGYKE9R6kreZEKkeMb2JEZ6kxQXSnpyKBnxziRFuZAl6j0/J1Y86xAKjkVTKB118ZkstVzwo9efSocEBAVjfdgWcwsr9AyN2LX/ALsEZDv2icLasp05S5YzccYcho2eyIixk5k4fTbT5y5i5vzFAvbFlWH3sspiDfv37/+v1blSCEZg/qUCdbEqX36lmnJMsSpfVVFhr9j/7YlyH5yFb6tVo36t2rRo1IKeosb79hxIp3bdRKE3oWmjJqLQu0qnOYpZM2excvkKtm3dyr69e1WY29na4uTgiKuzi2pKoRpjYxNRP9LpxCdy5/adT/m7v5RxKWEXD45vJcu0L5f9plOeuI5jFmM4az+eqx6TqIhdQXncZl7cOYcSqJqmV4Zf8n1+f/OM129+5cXLF/z263PSTj9hiuFd5iwLZEezFhzp05sCUd7ZosSjBvYkcUh/8gTgpwTmJ0YOIlZUe55sXx43nGNTR3M5NZzzOZGcTg3iZdwqHkes4czxZE4cy1IXazlz9jRHve3INz9IQXYynm4BxMZEcK30LAW5aSTEBDJdnIY9m5axe/NqXGyNCPN3JkBdfeoQ5nq72bp8HjvXC4iNDmBvpo/lwR1oL5vNovGaWOxeT6CHGW6WO3Aw0BaAb1DVub1sOxpvxv6QNuZ7V4mJUt+9XGC+Up5fLeetE+ivw9FQCzv9tdJq4y4OQYzvYU4cle938QzP/1LKVllM5J8eDwTyderU+FgJTmlr1vr6vTKvVOfKpLT6dd9DXaxRg2o0EcDWrPWFQLWqXB8CjqbV0ezYkGE9GtFJYPyNMh7/fmz887/Vff9zyF0J9depLY6BvEfrlgL1NrVo3uRb2a9BXXEmGgjIFUXeQtR640aVY+e1Ra1X/74K7To0ZoBme6ZNHciGNT+wYfUPrF09i406P7Brx1K0BegbtRexUWs+2lqz0dGeh5HBFtIFxMpqYx8eR8KOsPuAANTSDHMrS0ysLLC2t8dGruv4f4C5ks51PCOJrKRo0hIiBOzRpMeHkZeVQmKYh5qXfiI1Vo5XDhtFRQXSo1tbBnRrrZZ57dGlpYC9Dd27t1QBP7B1c4b17MbGeSNxdHDA0dEaO+P9WO3diMWGDRitX4/upk0YCLxtxXF0cbQTIeNKqhJ6d3Nh+6oFdOvWVR3vVhZkaa7czwL29o2bqmH2pQL0ZRMmMGvwIAa2a6Sq8XaiuFvVqaOmqSnQbiXOgDJ23k5R5/J8K1Hw7cT6tG3Lmp9+Uiflpfv6kiwwT1RasZyAALytremn0ZBO8n7KrHtzMzOePKhcf+Xe3dtEBHphdWgPnynhu8ysDE4XXaL4qpKipij0B++BLjAXqF8Wu/S+VRZeUSD+AexKitmHcLmi5IvL7nGt4jnX7j6T556qqrzk+kPOld57D/TXqiNwvvgSEdExanU45fVK6P3ukxeiXP3IFtDfvP9ItQ9Qv6Gs2KWYAF05/94vv3Hv2RsKL1zlsKi7q3eecaX8F/nOjygovklOQQkz5y6mvqieOg1b0rxtV2rUa0RNUecaHbpg6hmOY/BRnIMzCM8owd4/BVOXEMwdg9E388DSwYeo+FSu3bjFL0//PMb228lU3pUU8DzQmSei5B/lHePVH6qA/Z8e9+9X4O5uj7uHg3iJTnJh2akLJiiPlxXXKdSfS+KmiQQtH0Hkrpl4/zSMHMsVJBuvIkFvPiet15IrajvHZitRB1ewbGBbOjeqS+j2ufivHMqyfm0wm96NUa3rELxpMhG75mIlsHZd3h/9+cNZPbANF70PcMp5J67rJ4vKH4ztvP6Erh2Bhbxu3/ge7JveE9dFffFYKMeNtImLCCMiRC4sG4G5l5VsBxEa5EV0qA+xUSEC9zDiI71IiXIlJ9lPvclypDPPSgoiNzOCUyfiOHs8tLIe/HNl8iK8LwlPeXk5BqJEFcW+Zdcutu7ezYbNW5g+byFjJk1nwOCRDBw2hpHjJjNh6iyBvi5xSck8+sMSpsrN36JFi/8SqF++B/cHqH8A+tcC8sq2qmrK838Mzf9PYa5EARSQf/9ddRrWqUvTeg1o1qARbQSOLaUj0GjSlC7tOtKraw/Gjx0vymcl27ftYKcoBj1dXawtrbAVh8fFyVk6GCcV5m4urtIhOeIirb2dI7Y2duo5AQGBompPfRxzUyfAFfhQFr1KlPpC+f82oyxkMU+LAnn38pOSvHvzGYsOlZOa/4hXt8p4ce0iLy4U8fTEMbxCSxine5P5Uy0wat+BmEH9yR8+SIV3lvZaSoN9OTVtHGdFoecquekD+5E6XBS8bAdPHE6sgyHhbhaciXfjic8PPIjeRsXti9y6eZFzRee5caWASINdnLE4yBG/YMID9Tl/NoFLFwvJPZFCsJ8rm1aLej60k+0bluEtyumIjw0+rlZ4Opiwf+d6Vi6cworF8/HztMdSf4/YDiaO6MvGuROw1N1IkKcFdgY6Am8tbMWsdddgtX81FvtWSbsWi/0/YblftvdJu09ZQW2tHJdWwG65b6U8txIbPXnNvhXY6q7FXn+9tMprV+JzeC+xQY6cPp5C+fXLH8sh//FhIQq02vux7y++/Kxyhnv1L9Vx8zoC9LoK0AXuldtfCdilFauvznIXsDepRvNG39C+WTXG9WvK5MGtGN+vCf07NeC7b76qrP/+vr77p3rvn/1BrX+mFq5pJsBuo1EbjebVadWihpqupsD7+5pVqFv/O5qrs9/r0rJZHRo1rCmKXsmT/5ouXZoxaGAnFi0Yy2adhfy0fDpaG+YKwGeybdN8Uewz1H3t9XPYprMAnbVz0FozT+A+ny2bFolqtxHVfuHT8ENWFkdCwlWQW9k5EBUX+zeYf7inT+Vmq2PwSZHB5GfFk5sex8nUeFJjA4gJcSUzOUSuoWL13AVThqtFYwb3qBw31xRFrkyO69mtHUO6imJXVlbr3h29DYvUYjJ+zubYHdbHaOsmdmwQdb5NWUFvNwYHD2K/eyO2ItSUSZEZAtUMgaqDrQWjR/elc6d2tBKQtxKot5O2v3zWgsGDWThuHIvHjGHKoEF0qV9fgF6DzgLvVgJhJfTeXgG5bCsT4dq0qEuLenXVmu99RPUbyOcq8M4Ui/D0xN1ZmbNhQYj7YZKFiRkC+CljRqjhe3XcvWFDekl/Z3jQgAcVlewpv1HGZzdv3iArO4uzxVfUSWbFAt6Sa/fV0Lui0C+qML/Ppev31WIvymS4D+lpSgheAbqaZibttduPKVPC6fefiap+JmpMVPrtX7h064mq1Cue/s7NBy+5cecJYeHhZOacpPzhE8ofCNBFnStwNzc1oaTs1kegq3bvsQpyRaErn6WE6Csev+GWOAiJqVkEhsZy5e5zLpU/o/jGz6qdFeek56AR1GvagjqNm6PRviv1m2lQV9R5x94DMHI4gmNgEt4xuYSmFQnMI7Byj0Df0kvMnaWrNzJn8TL26uliYGSMo5MbsbEJ5Bec4rff3vA/fbi52eNgb4Wzky3Ojjbcvl3Ou9/fUuJ5gFxR4KnbppCgM4nUXXMoMF5K4v5FGM/SJEBrIrm26wlYNpxI3fVEm25iXKsGzO7Zmgteu7CZ248ZHephMWcgMzrXZ12vJmSZLFNLwNrP6YPF7H6MF4/7rMD8nCj80Z01MJraCdelQ4jQGonxpC4ErRrBpjE92TK6M5az+pK4cyrxuvMJttqHt8keQj1sCA7wIdDPh6TEWJJEqSfH+BERYElypC/HBOLHU8Pk5gshLc6dvHQ/uRkjOXMynsvXrqiLvdwQqF8Xe/wHtW5tZ8dG8Y5Xa2nxw8IlDB87iZ79BtN34HA12hInSlQpWvNPDyUV8N+p478qcwXkqsl2VWlVq1JVBf+H0Ph/F+BfffWV+rnfyPvVr11HhXiTevVp27IlrZo1p32r1qLOezFkgCZjxasfP3Kk2CiGDh7KyBGjmDdvvnSQWmzS0UH3wEGBujXWVtY42so1IwD3cPPAx8sHP98AQoJDVCc4wN8fXx9fec5TFL0F3vL8uXNFH4tW3CvJ5ufS4/84BPTi3AVW618lJvk6j+JieJaWxtPc47y+f5PAzArGHbjBunlWOHXpTNJQTQpGD+Hk2JFcT0rg8e0yrmz4kaJhAvTZU8g8sI9j4pyGDdPEZlBvdq1YgNb8mVxJ9uCJ9w/cSTSg4tY5blw7zZWLBWq+bZLudnIEwqlRuhTle3L18hk1//xEThJertbo7tIhMcqftT/+QLC7sg6Bo0D9sKjxXezfvoof501g1YqlRAS7C8x3smLBVKaN7M+mpdPwcTTA11FfVeQ2CohFkTsYb8XBcBPmosZNd67A6sBqrA6uVYFvo68Afz3W+1ZjfWCVAF2B/AoV6tYHV2Gju07OWy+wXyUKfi2HxTmwlfe1U95bb708vwYfuwOkxwVx73bl0rrt27dVlXmVrytD5Ur+ea1aX6kz2OsJyBWrX+9rGtT/Wg2rN6xfldq1Kme4NxFrI+Dt0FLg0KwKQ7s1YGDnxgzu1pwxvTXo1aYe335TRa7Xz/9QhObPY+vK8W+//QKNZtVpq4ba69C6hTKOXpPGDb8VZV6DWvId2rRpSGuNerRo8r2atvZNtS9o2rwW/ZRFb8YPYPVP0yttxQy2bV7C5o0Cc0Wxr5+hqnJtrXmVan39IlHy89mwbrY8N6fynDUL0Tuwk/SUOF6+qBzevH7jBvmFp/4R5h8exzNTRX26kCRQjwtRKqK5khzuzdGYYFLClGVVPd8vUR1Ln24t6dm9vfxGLRgg6rxb11b06qHBYHFIhooC7t6tPT1kX2ftCpK8vPBysMfTZh82m7TZv3Ahu3+chYXWGuz2bcROdx9mooKd7KwJ8/IgLjCQZHnNuvnzmSngbiOAbqVMbBOoT+3dm4VjxzJXbOHw4UwaOJCu31cXNV2VjkpaWu1aqiJvJq9pqyh02e8oqr1rgwb0btcOva1bSfL2JlmZgOnhrq4b4Gwu38vmkDDCkCh3KzKOHMFQewVdG9ZXU+BUla/ksdeoTdsGrTHauZOKigo+UxbcyDmWzZniUs5fuUNRaQUXRFGXqFap1BWYK7nnagnYy6Vi1yi6IjfyjQpKbz9UIavC/a5A98Eryu69EKA/FaUuqvn2z6pqLlaqxAnMlVrtF0tvEBbkz8WLl7hVfofrotqu37rDjfL7GBkYiLNw96M6v1nxWA2xK1YJ9V+49eC5KP1f5f1+xc7RmdxzpZQ9eMO1+79x9e6vXL79isDIVBq3bEvdRs1ootGORhptadCilQr3SfNWYh+QxE5jB2z9knASlW7kFIqlRwQHzd0xOuyNX0gyhx398DsSx7ZdB+jbbyDD5J+1e58ubl5HiE/KpORCqQDm2X8L6DEJMRzU34ulpTGR4UcqlXteAkX2GznvtJVT1toUWKwh1/hHTujOJW3/HA5O6M3RA/M4sm48dgs0sdWaxdJ+7RjYqBY2P44lw2Q5rgL6WR0bE6g9jvFys89qVw+bWd1EnQ9Fe0h7HJaOZFq72rivGk3h4SXMGdQT3Rl9sJrTj+it07BZNJTAVcOxn6+pjqvrTBSlM7yjKPiuOMzuhpU4DNvHdWPPD0MIstpNfIALCRFexARZkRBiy9FoVxJj/KVD8yQ5xIjE0MNkxztRmJui1iK4XHqF60/fqUD/APXyF/D6/T1dWnaNxStXMnnabDZu2q46Ub+8nwzy7x5z5sz5N+H2zz+G1z9AvWqVr6ki+1U/FwX91dd8I/a1CvWvVSj/fXW1/9y++PILasoN3LZlK3p36U7Prl0ZItfP+JFjmD5pErOmTGXpnLn8MG06K5csZe6MGcyfNZvRI0bSs0cvBgjoZ06fwfLlK9i6ZTtGh5Txc2c83b1wd/UgwC+QiLAIuW6iiIuJIz42TrYjiI2OlePhuAvwzcws0N64maWLV5KWlseL5//1MNDj7ONs3XeGtJPlvCq/xu/PH/Pq+c9UyD240eEiU/aW4K+zjej+vckWZX5u/Ahyx43gVt5xfr55lVOLZpA8ciAxW3VEMaWTJ85FcL+e2IhKP6CzAb2Na7mVbMtD71nczXbn5tUCTp1II+1oHJ7OVhRYGZC4dzPpyUokJ4vrpefJy00lOzMOBxtDDu7VUdd4H9y7g5o3HBvsSJS/nWybYGGwlbmizPbu3EKAOJp7t6xh8uhBLJ09hgNblhMd7ICj6RbsDTdgJyB2NN6Eo9FWgbC2gHudKG/luLaAXkegvk4FuqUAXlHsynF7Q20O661TlbqFgN1GFLrdoQ3iBPwkr18t77VRdQQUZW8lyt5SjlvsVRyAnyrL6aYkq+VWlTB71W8q08+U1LR6dd+Pl9f5kqaixNu1qkuHNrXlWmlExzb1BeTVVJg3E4XetkV1Ojb/hj7tatGrrXTgjavSoek39O9Ql+EC+D4dG9CwXnW5bivT2r5UP0uu7a+/VCfi1ahRlcb1vlHD9O01vhcHobr6nm3FSWjZtHKWe/NmNejQviEtmn0vJqBv9C115Du2b18XTc12zJ4xmPWrZ7Jq5XTWrJ4uzuYiNurMQXvDdDk+WxT5TLTWzRVHdD7r1sr+ukUCd1HrG+YJ1GejI7Bfu0paAfyOzUvx97Gn7Nrl/+N9HRUSjLeLpboqWUKIB9HS3wR72pIY5ktkgDtlVyuV/6IZoxjUvTUDu7SgV89W9OvWhj5dZbtbWzXcrjynVIhTir1sWr2YWHGCvZxtsDUxwWbXBnSWz0R7zng2zB6LwUZR5/v2iQN3kBhHU1wc7YkQhRwdFoanvT3WAvofp0yhn6hkJVy+YOhQFopTvkhsxvjxjOnRQwW3kluuhtuVrALpDzopVlupzteQbuJM9enRjW2bNhEp90uYOAvKAjPedoewszPC0nA3dgf3Ym29Dx/nw8SKQ3Fg82YGtqtBN2Vi3fuCNUpYX0mJUz5HmRn/2cm8k2TlZHO6pEwd6z5felcNm1+4Xjl+XqLCvEIt+Xqx9BZFxSXiOWeQnhBBbkYCeSczBOx3KBXFXnZHgHv/ZWVammwrkC+5eovTRRcpvnKdopKLnDqeyam0I6QHmnE80pHCJB/yY5w4HedGXoQtsf42XLtVLk7CfXWGu2K3xGG4cbdy/Py64jTcf6aG75WwvpmZlbqS241Hb7nx8HeuP/idywL2jbsP0aB5K3XcvHnbLmKdaSRAr9mgMdsNnfCJOYmdQD0s6wKH/ZMF6EcwcgxETxS6ib0vbv5R6mQ/XWNLflqvjb6xOXsPGhAWnY6rTyj2roHYOYkqCowVOGcQcCSSuxWPePPm7X8E9KtlV9HesoEde7ZWTux6UE6R0zbOu2znjAJ1pbXbzHnnLZy10SJ68yxOGK4gduM4jqydwMEZmizt24oBDWuwqKcGCXoLybDfjOuKUTiuHC3gn8Vojbos6dYEtyWaGE3rwtLebdCd0Jntozswv2dLApYPYveI1hjOG4vbhhmccdmK/pSeRG2dSMK2aehMHsCQtk1Y1qMNZpO6YTqpKxbTenFgZDd8tafjoj2TIFE7wdY7CXHWJTnUmpQIJ3U8PTrIRoBuTP5Rb/JT/Tl7Kp3i4rNcLivj+s+/f1TpH6B+/dk7nvxBrb948fI/do4ePnzIN+Ip/yPQ//W5CnEF5gqw1VZR6GLffFFp1b/+hu/EqgnUv5VWGW//T8PufwT/B+ehWjVRVRot0ezVj7EjRzNl4kR+mDqdVQLvtT8uY+m8H9izeQu7N21mu7YOK5cuZv4PAnQ5V7O/pnSgAxk9ajQrl63AxMgUJ1sXAnyPEBqsQFsBeAKpKalqzYDMdKUOQLbsHyUrI5OMtHTi4+LVNEgLM3NWrFyD/kHpDGOLyDhaTMXdX/52jf7i7s3K/ecpvPIL5XcqiE46i43fWUw8zqEbeJet1ueJX7GcxIG9OTliEOfHDCFvxmQe3SjlZcUtkkYMIHxYX8J27iAtIZk0U2MBendsf5guillPFPEebscc5I73XK5nu5ArMPf2CkJnkz66mzZy7OB24vT2ExWbROGxDEqvnldhniW2e7sOmn07ckh3G+NG9MHbyVBUmg1RAXaivA3UxWQmjdTEzdFSTT1SVlSbPmE4G5bPxtZ4M6kxntga6Kih9sO6a1VY2xtsFkjrqPA+LEC30d8gin3L+32B8/41YqtVdW6hhN5FdStheiXsroy/K7C31VurOggK3BXIm+xaLsfXqlA33vkjQe6VaZUzZ85QQ+JfvE8bq1LlC7UinKLKG9T9mkb1q9BFQD5iYHuGa7Zl5MB2DO2nwaA+renUuraqqju3qUmPVt8J0GvSVaDcsoGo6UZVRaU3ZJKmBjOGtWfWOHEExeFp3aoRzZrUYUS/ZgwQ2PfrVFsUa0NG92nGuH7NGdSlIR0F5O3F2olpNP2W5k2rqxPkOrRroG5rCGxaNJfPaVGLHl2bMGxQJ5b9OFFU9mx+WjaJrRvnii0SWM9nzZpZAvc5bNm4UJ0kp601R4Avil1nAdrrRcGvniOQF1v/A6vl3DVrpV07j/Va8pyA3tRkq/yfE3j56p/v97joaA6bG+LiINeUhy2uZrvV0rqhvs4Eejup5ygV05S1znspY+fdNMRaM0yU+IfCMkN7tqF/t1Z0V/LRe3dl1bx5BLq5Ee7hSICzOdYGO9irRBREwCycMYI9S5ZgJorXXW8fzrYmODtbECvATQsIIE3gq8x+TxA1bSDQHz9sGFMmT2bOmDEq2JWV1cb366cWjunwfrKbkqrWSmCrpK91FhC31tAQh6MbujprCZX3TfFzx8vVFXt7OxzNdOV+2Y2jwNzuwAHs9m+WvtWZbPlMS9lv36aJqviVUH4LcSaUz2mrjOMrnyPHPss+duz/oewtwPO4zrz9tkkaB4wxk5iZLWZmZmZm2SJLspiZyZJsMVuMlmTJMjM7xlDTZLPbdNt+bXd/33NGTjf737b//Xxd55p55513JL+aOfdzH3gOWLnx4AUB/WsO6FyT+8vfEsgZzAnuL77hVlq7/fApAXyTLIxAVhSL1gxv9Of4YaExFav9jbh1aRGPHz0hC3uLR89fc6t0rc+P4GJ/NS71FuFydy7WW+KxVu2LS5WeWK/xwpUaH1yp9cPVWn9s0vHNhjBc787Ew5U+3NtcwtM7m3h67zqeP3tIgcMrvHzzDV58+QPB/Hdcv34BmcjTL39Hdv4ngvlfyNT/A2t3X+GEljH2H+XB9j37cIRfDIfI1j87fIyAfgRdE5to7F+h7VX0seb2tnEUNQ8hu+Yccqq7UNHSh9L6swiLS0V5bSvq287B1ScQVfXtGJtew+TCBibm1zE2eRG9g9No6xpCXlE1pucvU9nE5vWH+PzVV/jdj//+T0EUTZXVk2dP8Z9/+TOeDZTjXnMq7jcn4VpFKK4X++NaURCuF/nhQUM0HtTH4XZFJGZO2mAozAyeMjzQEzgAWyk+lHuZEJDtsVwUglwC71SON4qcNOAtdRSnzRVwPkAVDV5qCFIURJK2EPLt5KHOcwDRSsdQbiGCaj9DpNppYCTRDl3hFhiKtcF6njOUePZxK3EpHdqFM0YSWEyywFScEZpd5FHhegJ5VrLooAi9OtwSbZkRmD5XjMWRGiyM1HIwX5tqx7Wlc1wGufv0d3z48D5n6K9/Zuh/AzqVn/rW/89//L+1drCRn//Qlt/B/CdDZ1D/9Nfb/m5hYP/onaH/vzazs5XdduzYjn379kJIgB+6WtqwMDGFmaERbCwtEO4fiMjAIHg5u8DLxRnpCQkoOJ2BrMQkBBPkdTS1ICYmAWUlZbg5O8HewQGxEeEoys1DY1Utznf1oK93AAtziwTxVayTVa+vrePWjZu4ffMWPZdXcP3qNVy7egWXNzYwNzeP82Ty+bmFKC6sx7Mn32Fm8ibGhlcxNDiP9Y17+O1vf8B//oEC8NRCWGa8RGr9I5yuv4XK/pdIaHwBx+xnsKWSVnUVF6z1MaAgiQlNZawYamHB3QkvKZj/YqQXsyqyGFVXwGJWKi41U0BHgWoHQdhTUQgnpJS4Punfjkfiy7MOeLvZjqiYDKQmh2DknAHOFYZQsBqFydYaTA30YP3CMB49vI7lpXGc66iDjBg/QgIdKKCppe/JDueaS9DTXobuljIKFhKQFusHA60TGOhpQmFmIrwczeFiY4TECA/MjJ7FylQHZ+Ssib2KGxBHoM4IQ3F6GMpPh5F1B3NQbyiMQ3VWBIE6koN5cVoQty1M8ef62tnnKgnoNVzTfQQXGFTnhtOxUA7whcn+3LaMgM8+8/blE3zzzdeclTOQM3P+5a+2DJoNZtuzaxv27v4APEc+gbo8D8x1pWCuL0NFDiY64jDSloC+ujBUZA5AWmAnVMV2Q4UMXVbwM0gJ7CaYH4OdngzczeUQZKeKcFctRHoZItRDG75O2nAxkYaxwh7oy+whmB+GrsJhGJ84DjNlXkjzE2joGiIEcSGeneA9/CkkhQ9BkOs/30VAp2Nk8KKi+6B6QgDGhjIID7VBRJgdQgMtCN72SIhzQHiICXcsNtIZiTGuSCRrjyVwR4baIiLUnuydQE4ADwuyQ1iIE4IoIAgKpWuE0Tlk7jERjoii17EE/9gYP5zrasLrV5//t2d7cX4OZWxaW3YakmMDUJyVgJqyXLTWU3155zp3ToCjEWRZv7k0Lwd0WQL6CRkhaJChn5AShBwzdMnjUFQU5tKsRtqboLe+GPME6MH6etRV5iI3KhyRFKzE2JgjI9AVFalU96ekoLK8GOebmjBHQGX92Azqy6OjWFtawqVJliBshEsCE0umHRpEz7etLQwkJSkA4+fmoLMlVMUIvNJk0GJCQtDROQFrdTVEh4Wivb0BLY31ONuQi66WTBRTUFvCWgZSTqIy9RQqKKiozkxAK11/ubcH5cnJEOUjgLOggC3NSmYuwZrwf8pCR1D/xcXVixzQb93/nMvjfo+tpsaMnAx9y863Flthhs4llXn2msrn6KrJQUWcI4oCjJDroY6qUH2M5/titiwAS2SKbAm9ueoQLFYGYqnUE0uFzlgtccF6qROu13pio9yZ9h2515cr2EAvN1yh7dUqD9yq98XthgDca4/Co3PxeNp/Go8Hs/FkoRlPr87i0b1rePL5K0xT5dZxvh/PWf85Qf3hm9/h0dvfI7u8CUd4RXDoOB+2bd+DI3xi2HeYBzv3HgSPiBSah1ZQ17OE/sX7qB9cRW7jMEraRnG6vB3J+TWIT89GbnkdBiYWMDK1hKaOPviHxaGlaxAdveNoOzeEzt4xDIzMoGdgAtn5FRgZX8Ts4iZmlzYxs3gNU4tXML14FRfXb+P+45f4DVWe/18z2tjcWv7y2+tzeHA2E9dq4rFZ4IWNXA9uWtlqmh02Mp1xJccN10uCcKcyHGuZrujw04O3zHG4ih9CpIY4shz1COhOyDWRwki6N3I97WArdhTBFOm309+lP8oITcFmCD4hhEA1UZw24CdI74a96CE0OMgiSUcEPmqSaPHTxEiMEUYTrFBqIwsruv6RHRTB7/4YZSZiuBCpj4vp9kgzEoWL1DF4iu9HqjYvGtxV0R6ki4EzQRgsisRoQxqWR+pxcZwt3kJGNt+Fe7ev4MnzF3j13R/xhoH8Z4b+88Kg/uJd3/r/9p+8vPw/Hgz3UxM7K8zI3/81Z+U7tn2Mj9//9d9Azras6f2n5vb/jZn/fEocA/oReoDlpGTItPVgbWEJC2MTGOnowJYM3cPZGX5ubvB1cYKnkyPC/fwIOpHwdnSCtYkZJAnmPEePQ1ZCEoa6Ogj0dkdUoDeSwoNQmnMG7Y1NGOofxPTkNDY3ruDW9Vu4d+sOfa938PDefdy5dRt3af/2rZu4cf0GNgjqF8neRwaH0NXahv6eIZw714f6hjr09PWgq2NrZsCfHz1Gb2QD3POfILv7C3gXvYBJ6hPoJz+FXvLncMt/honRGUw56OAc2c2gujKmyMgn3HQw6OGAaWsTzGvIc4a+XJKNlaYGdNmao4WsbrJWA6PtQtg474ovms3wqskY92b80VFjhJUJJ9xYysVA0Wl0nU7BEtlWV0Y6FgbO49YttnjRCLIzT0FalJ/AXgVnO1NcnB/DYGcdzhHMG6kSLs4+CX93KwR4OqK1tghnTkURzA3pmDWCPK0w2tPAJSQpZ33iWWFc33hJBoN1IBUy7OyYLTiTkTM7rzpDxp0byYG5KDkApWkE/8wwrn+9ND0AlayvPC8atXkxtE/BAGtezwgi44/m7L841R8lpwOpUt5qbs/Py+HWIGeLrLBBaczO2Rz0n9KxsuN8x3ZAQ4HgbCQHO1Ml2JkpwcZEBtYEUUt9gryOGDRlD0ObLFtTai8MVI7DRl8cTkayCHTUQriHDmK9dRDtrolYLz1EEdRZCbBXh426AAzlDkNZZC9kKChQlzoAQ/pZ0nyfck3ubGCcwPEd4D+2HZIiB7i87lwTPLcK215ISh2CqoogXJ31EUUQ9vYwIit3QFKsC+II4iGBZogOt0NMpCNB3Zr2yczD7MnkWfO7E2KinRERzgIBW665PjLcHsHBVmTuFKySycey9zn4OxD87REaTEFCqCvycpNx6dI8/vjO2t+8eoH1lXnkpCYi82Qs/e2LUF1yZmvG0NoslGVFoSjDCxUpfm5Uu6rkUUgzUyfZYYPjtKUJ5nSOihwfbDVUcMrbk4y4FGNsAFprJaoL81BIATZr3cn38UNZWhQqykvRUFuM3qZyTLBFW86dw1IvBa/0PF3qm8TGyhxubFBwvbKCxcVFCkQvYIrerya5SAkLwykqse7u8HRxgaWeBiyM9BAe7onExCBkxdJ9UlLCZRvsbS5DfU0xKgvOoDItDbWRkShPTEQJwbuEgF5TlIbzZOgrY/2oSzsF2aNHuCBBYP9+Duhsn/Wli9Jr1uz+CzbC/RI9/DfvP8fdJ29xj622xq2y9jWXZObxq9+8y8z2FR4R1J+/fIs7d+9zq4ZlR7khhG6+SFNJnCLrKwvUR1uMOXpSbDGUYomRNHPM5TthocAJK8WOWCmyx1qJA8HbhYP3lXJXbNDxtXxbrObZ4GKOFbddL6JzShxxs9Idt2u9CfD+eNAchrtNYXh4NhIPe0/i4YVKzA804erlS5yts2xxz7/+P3hMQNczc/hb//lnh3mhrGcPXjFF7N5/DEcERNAyuo763mV0L9xDSccUcptGkFHeieCELMSdLkBF0zk0nx/ByOwqhicXUU2vY5Mz0T82h/nV65hZvkqGvsHBvp8qu7SsAq7ZfWpujaB+mcoVzCyxhUyuclCfWiBzpzI+vYKVSxSMPHuF3367Ncr4D795hXutqbjHgF4SzFnwpXT6PtKtMROlR6/NMB9virUM+p5OO2GTgqYWTw0Um8sglUDMoJ6gIYbRGEsk6YogxU4R1uLHkWKpioEkJ6xXRGEhLxAOEkeQaCSJCANZpNB5Ksf2IslACn3hpghTF4Gp8EH4KfKh0kIKQ0Fq8FMVhpOqFFwpqhU5sBOZuqIY8FHGXKwBukINYEvXsxPdDweRQ/CSPIhiC3G0B2ihykcfnWlemKo7ibXhalxbm8bNjWmyrrv4/Jsft/rPf/zHQOdM/cf/xIsft2z9z/+J/58pgNf/iZ3/6m8j239qXmflE87Sf01A3+o/Z0BngP+QAP+/SRHLmth/TZ9n77Pttg/pGp9+yq25zPq+vd08YGthAUsTE4K6MXzIysN8/WBvZk4G6YiTkRFIi4tDTFAwfNxdYaZvQIGANCSFxMjMtLkm+Uh/L/g42SA13A+pId5kohFoqa3F5PAoVpdWcJOA/oCew+ePn+L5w8d49OAhnjx+hIcP7uMBAf7e3Xu4f/cuNlZZLn4KRGtLkJMSS5WrN6Kiw3FhbGMrbefoNPzjb8Hg1HPoJj2FccI9aIfNQy9mlYD+DC5Z93DxwggmbXXQoyyBUbLxOV0VjDgaYDIqCDMBbuhRFEOruhyGwgIwYGOGVhV5tBkp0+dOY22xHE8Xi/G61QpPi3Vw74InFqdKMDbYSpVpHhaoYu05HYfy0ABucNLS1AgFI/OYmxuCk70lDu/7DLlnkiAnzo++3rN4RFbW11GN7LRY5KTHwM5CB4UEgCyqhCP9XeHpSIGrjyOSIr3QVpeNpekegm8kwTYQuUk+ZM8BBNwQVBDMa3LjqcQRhENRlRONijOsyT18C9ZpW33iFWTvlay5nmBefibs3cC6CNQWxKCpOJHre+f62mnLrL0wxQ/rixe4wYiCArz46EO6V95BnVuP/OP3qbxH9wyVbb/Cwb3boEqwttAWh42hJGyMpWFnwmAuASsDSVjricPgBB9MTgjC00IewY7qCHPTQpirJmJ8DGhfg2CuhQgXFdpqIMpTF9GeOoh000SAnRqcjWRwQvwghA59AuEjn5Dp74cMGbgo7y4uSxwfAV2En4AgsO/d6+1ckCHEvwdyMkehoy2JQD9LbgR7kK8FEqJdER9FAA6xpULQDmPN6c4EfDsOzJFhDMoOBHUCeagT2TkDvD3B3xrhQaZksZZk4y7cFDcG+mA6HkqWzgbPhQbaIcDPFv6BDvDxtUJYGMlLez3evvmvFQmX52a4TGmXLm4tQezhbgFNgjmDt6yUAH2Xx7lR7XLSPFwOd1WWWIZMXV2Ghwv8DVVVkRYaSkFhCzfIrY0MnTVzlxFA8+n46SAPNGYnY6mlGQtk5WwOOAP/Ul8fVgYGsEDgnp6aJmEZxfLqIi5OTWF5aRJLY8NYHRrCWn8/pum8ZZY6ln7GENl9Y0UZqigALS0lcGdloDn3NNoaKlFRUY7K8izUZ6egLCUemeEUWEZQEB8VhWIKCEppW5maiq66OqzR9c5VVUFBTAyiR49C4hAZP98BCBw5CHFm6CwpDUGdgL6MdQL6DQ7or3H3naUzqHMJZlh5t/Y5a3a//+QFLq2s0UM5isHmEvgYSMNTQwinbBWQ466GRgJ6b4o1LmTZY67AGRdLPDCf74yZHHsCOr0utMNijiVWCmyxnGeNpWxLrBHEJ07qYvKUHmZSDLCUZY6lTHMsnDbl9ucyLTCVZoEVus4qBQhXKjxwtyEQN1siuGX8Hm4ucC0Iz778PdbvvACfqAwO8whgz4HDUDEKgLZ9BpRMYqDtmAFjl3icqZ/EmbopVPSsIq9pCMFJBQiIzURu5VnkV59FUU07Osi8R2ZWcI62KVlFKK1pxdjMKuZWrnFAnyZos5z1w+PzqKhtIVOfRHf/BZzvGydzn8X41DJmOJBvEOgvYXL2EobG5jF8YYHOGcGrly/wH3/+E553ZuBWXSyuVUZjItYEM2TIqxQMTYRrYzKcvo9oYywQ0KejDDGfYI7ZOPouYi0xEKiD0/piqLRVRrOTChpctBCtKwtb4X1wl+NFW6In7nfmYCLdA2dDTFHmaQBfgnSOtSrOWCjCW/owGn0NMX6KIm91SVjSA2FNUM8xEEWFuSTClAUguHcXHOQFYSGwHymGcjipxotzHifQHGSAeg812EoLwEv6EPwVjsNT5jiilXiQosWLfEtptFPFuTrchmvzw7h/8zoe033z+PW3ePmvf/0vQ39Xfmpy/+9QBz7/ccvWf/jzPwZ6JEW0/7Ap/B3MGah/snEG9I/fZ/3mHxLMP8BOgvn2D7Zhx4cfU6X7wd8M/b/yq3/wP2D+Mdn4nl07afshPtr2EXbv3AURIWGuudzY0AhmhgYwNzSEg5Ul2bk5XKxt4G5rCz9XF4R4eZE9uiMy0J/2vTnAWxH0lRUUYKilgSAPVySGByLK1w0Rng4IcTRBrKslkgNdyAaTUEs20d7QjLWlVdy5eQdPHzzCm89f4uXT53j74iW+ePECL588w6vnL/Dk/gPcu7aJjZlRnK/Kwekwd7hbGcDJ1g5trVtZ4ooaH0OHTFzr1DNoJjxBfHotGuva4JfUA93kR7BIuYV7F7vRryaDHgVxzOuo4Kq7HUbpdxwO9EG7pipaZIVRpyqDRmsDtMpLopkq1EEvfczP9GN2fgGPJnLxotkUzysNMDeQjd6hQQz2NqGeAr/p6nwk25rBR1cdLiba2FhfxPz8KGZnhyAuzA8tCiCy0uLIrsSRSAHEi2dPsDg9hPL8NJyMCYCF4Qm0NBQSDBzo+7WGu4MpV3JSI9HRkE+GTcZNUC4lODOYF6YSdFODUJDMLD2EYB3DbVkTe1FqIGfvLLkM6zvfsnoqBPmW0iTO4CtYPzpta8nU6wnqzNarssnQz0RxP4Ndh/2bnpqke4PlNfjl34C+jQH9o/fw6bZf4rPt7+HYgY+hLHGAgHQAxsr80Fc6yhWjE/wwVhXgtibqQjDTFIeVjhScDWXhY0bFXBb+NipwIfj72Sgg3FkdgbaKVJQQ6a6NWE9VxPvqIsbLCIEOWrDVEYcYWbjg4Y+gJEKgZolljnwKQR5m4zshRjYuSHbOf3w3vd4NAd6dECer11AThLmZItdsHhFszw18SySrjo+yRxSZdTxZdnigJWLIrqPCmGU7ELDtyOJZU7sdgvxtEMv2CfphBHWu2T7Yhs5nQHcjayfIh1AJI3iHWiOEPhsS4IBA+lt6+1oiMMgGvgR2fz8b5OUl0r2xhD/9bG2OmxtLFAgLQkZqq6ldS4YP2nKCkOcywwlARZKXS/8qKykAeRkBaNExFy01ZCeEYLy5GhOdnWipLkJJRgYKKcCOCvBGVpAXijMzuVHwbAoZm4O+MnYeKz09WCRgLw+xhWFGsTA5iSmC+eL4OFYnJnBxegAzY2Nc/ncGf2b0i7Qdoet0NzdjorUV/QT4uupyLodETU0ByssTUJWZTmZO905MKMpCvZETHIx8fz+kBzgjn/bZ79VEQF8ZOo/u9iYY6utToMUHKd7PIMjHB5GDByF66BAkjuyG5L59+MXqpYtY37yCG2yVtcdki08J2s/Y2udfc8unPvzbWuhb66Bzg+NefEGR/zIqUkNxyssCrlpiCDWRQnmwMbpOWmOu0B2LRZ6YyXXC2Gk7XMiwx+ApM0xmWONSqRvutoTiUUcErtd540adD66UuWA6zQSDMRoYT9DDSJwWZlNZ2lNDDEZpYizeAFOnTDFHn5/PtMHCGSsKCOxxucwV12t8cJuud32kHFdWptHYchbiMnLgExLF7r2HsHP/cUhq2ENO2wWqxn6Izu6Fa2Qx1KzCEJp+Fj4J1ag4O4OKtmnk13ZzU9byKlrQNTSN4amLONszisCIRHQRrCfJvqfIvKcWWbmMyfk1NLScxwhBenr+EgF8nQP5FtTncL6fIE+g76NrDY7O0XYKoxOL6B8Y2pr/u9SFB/WxuF0fh+U0ewwFamDI/wQmwzQwGqKFQX91jIVo40KoDqYi9TEWTN9LLME9xgTDwXpodFTEYKAu+v10CcRicBTcCwehvfCR50NHjCNm84MQ4nNKuQAAgABJREFUqyGIGHVRnLRQgiHPPrT4m2D8tCfyzCRR56WLhmALKB/fhxhzDXjL8CPLVA6p2oLIMxCG+vG98NcmWxA5gmBNCXhLHkKSyjE0uykiQIUPSXSeGRl6vBofQmQOIUbpCCIUjiBBSxgFppLojLLCldkLePTyWwoQv8H9F9/g6de/x+f/8hd8/v1f/qep//jfB8m9oPL5O7D/PVtn860/o+j0HzWJ/9RvvgXxX3M2zuycmfl2AvV22t9NZr6T9aFziWXe+x8rsTGgM4h/+CGD9zZuwNte+pkH9+/Drh3bCeps6tFeDuhSEhJQJgswNTCEoY4e7MzNYW1qCk87MhZfX7LGCPi7u8HPyRFhPj5wtLTgVliSl5CCqpwCHE1NEO5NQA90Q4q/M9KCyDQ9rZDoYY40P2sk+9oiPyEa5Xm5mJuYxubaZbL0e3j9+ed49ew5vn79mgP6V6/e4KvXb8ncH+HelQ2sTQxgpD6HrmOGIIKxsZ4OxsYmue/QIusFwfw5NJMeQzvxEVrPDmO5vwQh6QNk7fdhnXwVY/XFaJYVQoeMCAZVpDGsp4FOZ1sMBXmj38kWjdJCqFSSRN/pSDRJi6BRUggrWUZgM2iW5qbw9Hw4HhVq4sFZAwwPVKP7fCsWe3IQZ66KKB1NZAT6IjUmBIlxEbhx4xJVlIMYHurA3l3bkZUeCzcnG4IOBY2O5ug714bffPUSdRW5SI4LoO9aCV1nKxAe4AQ/dwqcHE1hbaZDwD+Joqw4FKWFkllHoDwznIAdxAG9LIsgT6+L06kSzYri+tNzEv0I8n7IO+lDMA9GCQM761MnO2fJZ5qLyObZlDaCPbN01kRfmx/DnVOcHsw165fTsb6z5dz3am9rRffLe1z5hMD+MdsnK/+IoL6DLF2EDFmXAmA9RSoKPDBUOAwTeqZMCeTGKvzQkz8CHdkj0JDaB1MNHjiQvbuZysPVQAruFMi76BHoydrNNYRhrysCT3rP04RAb6WIIDslRLhpI97fFHEBFvCx1SZzPQZJvh10vf2QFdwDYd49XPpXVsSFDm1ZOZvSRr+XIO8OyEofha6mJJztNQne9gj1tyY4O1MQ5Y64cDvEEsDjCOSJMczS7ag4EshZ37gtwgLtuddhAbZk5QRxAngY2XpEmA1di4IDAnxEMHuPCl07OopNb7NDVLgjBQS2BHZ7eHqZwcvLFD4+FvDzsYGnO+17myAo2AmbVy5tjUHyc4SMDLNvfgI6P+S4qWp8UKb7lPWnq0puLcgiL3YYsrKy0FUUhbmxOjITgtFSV4Ghtia0VOXT35zulfBwRAcGIi3SD2dPp2OGALzQ3c2B+eLgAFZGRrZgTkHqMu1vsGnXyxewTPf3GkF8hSDPgL9KAcAkvb9Epr5Mn59kyWEI6sssUUxnB2Y66si089FcfRrl6QTz+HgUs5SzEb5IcLfGKR8nBDsbIsLRAlkE9uKEBFSWlGCarjVAAUFMQABc9fUgLy8K8aNHIH74MKQED1DAdhgSggffAf3KVdy8vwX0rTXR33IrmrFpaj8H+UM2yv3Zazx+9QXXhz3Q3YGTFEEFWiojy9cIDdEE7WxnAoYdhtJs0Z1gia44E3TFGmE6zxXLVQG425uKJ2NZeDtbhNczufhqrgDP+pJwrcYbU+nmuJBshv5obQzH6mGUynCMLgd0VgYiNdEfoYrJkxTpnzbDbLopVnKscLnIATdrfXC9PRY9RRFICHaBhJQ49lBFu+/gMRzmFYCwtCL8onKQkFWHiLRKeMXV43T9PDwTGtA4eAWNfZfQ2LOMzKImVDT1oO/CMoYmltDcOcD1n/cMT5GZb2J6aatMEMAHRmdR19T1N5hPcca+iKHxi1wzOxs8Nz67Rq8X0dUzjv7haXQT7Lnsc28e4sYZO9xviMfVYh+yb2OCtxaG/FQx6KtI2xMYCdJCfwD9n/3UMEJwnwinwCbSGJMRVDGGGKAvQBedbidw3lsbmfSQ+9FD6Cd1BKc0hZBmII0kVT64Cu+FrdhxuCsIodzTGOdj7ZFtqYJ8evgnM/1hKnYMtvIiKPY0Q4AsL3pi7FFkLU/vS6LMVAxhmmII1JaFCd0sDmJH6Hr70OCgiCxjYURSBeStIIAAdQmYCx2AI99OxFPFFKdwFImq/Cgk02/y1MZ8Szk2lxexuXEVdx+9wMMvf4fPvyOg/+6/m/rPB8j9ZOk/mTorrH/9X39m67308PyzwXDcNLR3Rv5TM/sOAvMugvDOX3/Ild3v9j98n2WLew87tn9KZTt2797N9Yuz0fOsWZ01qe/buxf797FlJ49DkF8AosIiOHb0KPbQuds/+RR7yNTFBQWhp6nNNaM7k5n7ubgiyM0dwe4eXGGWHkiG7ungQNYpD0lhUSjJyEPnhDp8HewR4uqAzAh/grc9csmKCoIckONvhTyqGAvJckpjyYrLCjDY0YG1xYu4uXkVr54+I5i/wTdv3uLLly/xNW2/ZdNBnz7FwxuXsTp6DoPlyQi304OBmiL0NTVw9mwnvqSgyjH/FbRPPoZW0kPoJd1FRfMEEjPaYJ+6AZO0h/DIvo5HU1WolRJBu4wouqgi6TXWxTmqcOrlRNEmK4omGSHU6cviHFXw9eKCaFEUp6DdD9883cCNuU48bQvAw2ptrOZb4UJHLq61xeB2sh78leTgICeL7JR4VFQUo7goD5cvL2LiQh9Ki89g784dCPJzgYmhNlTkpZCeGI6S3HSsLc1hcqwX2emRBHsTro89PtwLzrZGcDAjIzXXR15GLNII+NV5cdy8c2bRrP+85HQIwT2CG+VefJr1qUegKjee2y8i2LPm+PKMMM7i2WC59rIktJTE43x1KkE9gesvry2IQ0VuFGf+ZVlhXLDAPlecFowvXj3DF2/fYtenvyaA/5JbXIVNW/voo3d2Tq95Dm6HDsHcRO042TcPrLVFCNaycCBY2+lJwE5fgo4Jc68t1IWp8MHTSg7+dqrwI1gHkI070/POf/hj7Pj0A0jy74GNjhic6HwXXTF4W8jBy0oBQS7qiAs0QyJZsLeDBgyUj0NXdi+UhD+D8PEdEDi2C0JkekJ8e8Bz9FMy9B1c4hlhAr6GmhBMjJXJmM3JzK3IxC3Izl2QFOdOsHZGbLgTkmJcCe4EZLJxBuoYts/1hVttpYgNcuYGx4WF2ROICdShDmTqttz89HC6lyPJ0FnTPGuuDyYrZ4bOmuADKXjw8aXiZwkvbzP4elvBm+onP29TbrT91qIt62TkvJyhszztCrSvQVCXercgiyaBXIUCTTYnXVZSmGuWV5ATgouRITLjY9FdX4heqpcqSnJQlBSMmGB/VKVHoIPM+RwFsJPM0Anmy9P9mB8c5OaBr1wYxMriCBYWxrA2QhBfmcLm4gVcXpnExYVJrmVpfYoC4rkLWCGRmZuZxOpQP6aHe7gUruyaMwT2ufZ2NFTmozEtmaT4JCrio1AQ5oIoCtxjLAwQYWKMAJKBFF8HAn4MGqursEyfH2SrvxUXI8rJiZ4HEgFJeYiIiFDgwgMxUVFICAnhFxdX5nH5yiZu3H2IWw+fE9RfEtDfbDWvP3u7Nfecyv1nb7gVtB49f4UHj55h/fI1TE9coMg0EeFOGmg7ZY/ZAg+cI4OsC9FHbZARqgP1URdMJcwI48WBeDBZgQczNbg3XY6n89X4cr0Z32404M1UHu61hJF1O2MizQKDBO++aB30RmmhN0ITncEq6AvXwLkgJYK6GkbjtQnq+ljIMOWa61dzrbFRyFYVc8bVej+cP+OJU3SDGempQY4MSFXPGtGZ9TCxcUVEUjEZehkcw6thF1GLlOJe1PZuoLprEcUNQ0jPb0BFYy/auifR0TOJqobzSM0qwjDBfZIgPbVwlcx8k/bXUVzewDWvM5izMjm3ThY+iwszl96de4XOvcIdHxpb4Jrnf/v9D/jrn/4d1wniDwqdca00AIunLDEepo0+X1X0+ZxAj6ciej0VyNjV0eOlhPPuCuin4/3+WhgmIx+k7Th9p8OBeuj11kKtvTKKLWRRbyePLLLmIhNpZGgIIFjmCDQP74YGFTeKWCOVeOEucQQZ6gLI1RWHschhyBz5DOdSwnDS9AT6EhyxXBiGC1TxVdopo8VCEo22skh30YfqwZ0IUDjGzXFPooCh0lYG1TZyCNUShbOcIHypgtI4shP+FFQESx9ClOxBnFQ5inRtIdQ6q2KkMA6rSxdx7fodPHxJpv72e7z+4a949W9/v0/9v4N9q0/9J7D/NGDO0NDwnw+GI5izeeYM6AzmDNy7Pty2tX23z8qejz7GR2Ti2z78ALt2ssUr6AEREYWMtDQB+xiOHzsOPpYUho8PQgKCHMjVTqhCkR4qfl4+7NzO8mwfgISIGBm3EpcwRltVDUEengj38YWvswsifPwQ5uWNSF/aenvD3syCeyhNyOStjIxhqquHWD8v5MSFoighBGVxvigNd0BVmC3akzxwNtkbTXEuaE30RGNyMDrKCzDR343lmVncu3HzHdC/IKC/wrdffYnvvvkN3pK536OKb7m/Ge0EHT9rAxhpa8DTw537/h69+QNKht5C5+R9aFExTbsHo4R1aEfMwzXnLsxP30dA/iU8HC1BuZgA2mXFcFZGGF0GqmjTl0MD/d1bCfINsiKoN1dEq5MOaiX40aIqgXvdqfj+Ti9eLFThfnswNosMcL3GC88z9PE6QBCX/ZUQaWeClJhQ+Pl6o66uHpGRoVhdncLERB+CgrzAc2Q/yovToUrgN6BnOSslAqV5qSjKTsVtClTYNLXM5EhUlWUgMdIHrrb68HUyQ3SIL7JORaAoIxLNZSloLE1GTU4M6ooSUZNH8E4NQQEBOy8lGEXp4ShMC0NJJpu6FoPOikQ0FUSjpSgOvbWnMdx0GnPn89Fbk4qz5SfR35SFjooUNJcmcdPhGNQLydALCej5p3y57zU3OwM7P34P27f9iuycQE6FNbdv//Q9HPxsG9QV+GFIdm2hTsaoJkgAF4WTkRQcDaXgbCoHRyMZuNLWwVgeVtoSZOJCsNeWhIeZAnysTyDIURsuFLCrSuzHgT2/xrF9nxDQJRDuooUQezU46kiS7QvBUosAZiqFIGdNRPsYE+SV6WfyE+T2Q4KCAIHj2ykA3QMR/l3c3HQ2D15cZD9OngzE0Egrxi90oXegCSNjXejvb0JRfhSS4l0RRQFCLEE4IYqZuD3iGOCpsCb3SHodGWpN5zhTIMCa2tkodwfERLgRrK24PvYIOjeMrhFJxh4WYodwClyD/W0I1uZk42TkZOeebqbw9jCke9WYihF8COg+ZOzDQ13cdxwf5Ap5ls5VihdaUkehSFauQvCWpwCT2bkWAV1BlgFeClLi4lAWE4OFvhoi3cxQnn8aF5qb0VlfS/dIKgoTEwmoPqg+fRp99ZVkwvVc//kKCcMqmfEGgXRxbogsvAcXyb5XVsZwZaMLqxensEHg3pxhg+PmsbA4irXZfly6SJCfm8PGBjt3AovTE1jt66PnsJ8LEhYoGJ9orsDZ0kwCegJyvei593GBr742go1VEWikDD8HbZwOcEVJSgr6GgqxREHFGP1OpVlZMDQw4Foc5OTkuC0rkpKS3PS8XyxfnOdGW1+7fY+bL37n4VPcf/oSD56xAXI/gZ2s/fFzPHz0GPfvXMPmpXlcvTiBqZ5G9JUnYrQ4FKPZLjiXYI7WSFPUBBuiKsQYQ8XReDRdh99c6cZvbw7hzfVx3LnYg+dXhvHyai/eXunC11c78fVKAx53xWO10A2jJ03QHaWL9iB1NPsq0fYEbRUI6idQ5SJBxieHVm8ZdAUqYTrFCEuZplRMsJZrwZXLJXa4UuWNSzWBOJ8biKSoYMSn1UDuhC7EpGQRmdYMfdtomLqnIDi5HKnFXShrX0Dl2TlklbQiLbsS1U296BlaQEf3ODJyK9DaOYQJBmkO5JuceTMbT0w+g9nFDQ7m01RGJ9g0tjlMzF3mmuWn3412H5te5ZrgL12+yd2MrycbsJ5iglvZ9ljLcsb8SSuMhuqg21sF3Z7K6HCRwzl3JfQSzLtc5Qjo9D04yaHLQw093qoEdzUM+GnScVV0uami01UZ5+i9dmdF1BCEiw2Ekah8DPHKfIhT5oG/xEGC+DH4Cu9BCkE2RvE49Pj3Q+SzTxFsqIK2BB+EakpiJMUDG+XRWCqJQ6szfc9WkjjvKI9ab0NI79+NSAN5xGhIwUb4MMpt5dHto4rzFFhYCB9EmpkcnCUPE9T3wFViLyKUjiFDSwDZ+kIoNhZFKwV44zV5WJiaIKjfxpM3v8Wr7/+E1wT0Nz/+Y1P/aeT7z239j3+l9169+qcj0Dmg/+qn5vb3sZ2AzuDNjPwzAjgre2h/78ef4DNm12Tgx45QgEMVgLwsPSjSMpCWlAIvDx94CebsgeHloM6yT8lzMBcWFMLRg2y6D0svKQM5CSmICghAmOzdTN8QoQTuCD9/nIwIx8mwCKRExyA9NhYxAYGwNjSBMZn8lsG7UIXrgeJTMciJ9EOGvyNKotxRH+eGjkQ3tMe7YCDDH52035XkjoZoJzQlU+BalI6ZwV4sTc/i7juo/4bs8Puvv8a/fvcdvnr1GnevXMbE2VrUk33YGWhCnoIUbx9v7j68cuMZkurukKHfhc6pu3DMeQCDmMswDBuCT85VGMauIrN6FqsVsSgV40cngfusjCA6dSVRQ0CqluBDk7Qw6mSF0eykihpzCdRLCKDvBD++T5TFn+od8HTwJB60eeNhogJenjbFay8ebLgLoivZF2F+HvClICclOR3tbe1ITk7i+s4np/pgoK8JT3c7AkgwJMWEoaoog7TkKFSUZiE9KRxnMpO4hYDONpWQLVLg5O9Mdq6JEC8nRAd7I+90LBpLUtFWlUHbZNQWxqO+6BQaik+hIjsWZZlRyE8JQe4pNio9FNVZ4Zg7l4u5jgwsdmZic6Qct+db8OxSJ56utOFiXzFW+8twf6EZKwPl6G3IQld1Bgd1lgue9cNfWhjnlqIWFTpCQP8ltn/0S+z8hMBOZr6DDJ3BV1XuKAw1xGBOz5uVpizBWgw2utKwJbO205MksMvDwVAWTqbSsGamTuA2UhWBhYYk2aUcvClw8rXcKl5mFADoS8JMmR9uBuLws1BAqL0mDOR5cGjXNuzb+QHUpQ7CyZCCAXNZBDqo0c8QhyIZugjBXJB3O0QEd3Ej3cUE9kCUIK8sexTVFKwsLbIVFHswMd6GJy9u4vvff4sXXzzH4Ng5xEfS3yXKBfERDOQE8CBbzrbZ6muRrJ88iKw72JHeY03rVgR3c66PPYaAz2w8KoRNf7Okc60QG+XIQT0o0AIBfvoU3BnB34/2/S3h7WXHQd7bywSBftbwcjfZWoHt1lWcIBOXYaPYCepacgI4IXmUSyDD1kBXlOOHEt2XGgR5Nt/bTlMTHsZGOBPgSH+nNLRUl2CgtQJVhXkEcbofTp9EeUEeGusKyJ4buBzqrP98mfWFE9Qvkh2vEdjXRs9haXIAl8aHsE6gXl8awdrSGO4tjuMqWfvVhQEsL08TxGcoMJ3B5cuzuHRpEmtrk1w/++pgP9cnv0jXm+ilgKKpCVVnzqAgPBxBbC11DQ0Ea5yg39UAkfR3LIuN4ALRjroyLA4Po7WkBBHedlAjSTVWU+NAzgb6aSkpcVv2+hfLKxRJXL6MG7cI6Hce4Pa9R7j7iKD+hPWnv8Tt+w9weWMZC2MdmDpfgqH6dAzVJWPxfCGWO89gnW7+gSxPNEUZozXGhGzcGOczfLDckYuHFzvwZLOfvpASfENAvzndgiWK9jYo2rm53I+nl87jq2vd+GqjDfd7krGU54ruaAM0BaijKVADNWSqdV7KqPFQQJGDOFoDCGChaugjc++m7WC0OmZS9AjohljJNiHAa5G1G+IS2TobSb9Z64MLVdEIdDGHsrwslNS0kFfXj6iMeqSX9yAxtwmnSztQ2DCC0qYRAn8psvJrUV7bxdl5R/cEUjOKuQFv03MEaLLtKc68t/rKE05lcc3tbHQ7G/jGprGNXFiiYxucnTOgM1MfmVjG4OjWqMwfnt/EZooxrqSZ4kq2I+YSTDEUrIVOLxWcdVMiYCujnSDa5iiDTjcFnPdUQZ/3CTQ5ENDp/S4XBZx1UUILve50USaok9ET4Pu81OlzCmizl+cq1hJ9YZQZCiFfmxfFunzIOHEMuZq8yFA7BlO+zyC2bycUDu1GOT14We6WKHDRo2DMAatlcVgqiES+Dj/abCTR46aMeLKIHEc9nLTWRpalKln+UaRoCWMswgg9gbqod9NADFXyluJHkUA/x0b0OCKpEvKUPkY2L4xCE3GUUgDQkRGKuQtjFLlewZOXXxHQ/4w3v8P/BPqPf9/Sf4I6+5eZmflPR7f/+l3iGC4T3Pts8NsWzFlhYGdA38fyq+/YCZ4DByF4nJfgfAACfLxUUUhDgiJ6BnRm6fv378fBgwfBRzDnJXhLiktwli7IwwspsnIVBUWoKSpBRkwCCuyzBHobqkA8HR24vvLYoCDEBQbjzMmTSKKHN8rPj4BuDDsTU3jYO3IZoEpSElGZfpLAG4eyGD/UxnmjMcYF/am+OBfviL6TruiMd8bZOCfUBFmhnirC1iQvnCc77W5pwvTYBTy+e48s/Q2++/orfP/NNxzcn967i4nusyg6FQUrfS1oa2ljaHBrDEf94BNYJN+ATtIdGKc9gE/hPTT03kJqdj0soydgEHsReVWjGIizIkPnRZecCDrlhNGuJ416bVFUivOiXlIAZylQaPTQQQPdE1UifBhT2Yf/478Hfw47gK9zDPCbUH688efH7Rh9DPnrITvMHQ7WtlR5BxPMU3E6PQtNDc30e3Xjwng3pqf7wXP8MKzM9eHkYEqGJQwxQbp3006hsiwPp5NjCAieZOYF2FidRHSYN9wdzODhaAp3ewskhPuhrjQd1XmJqC04Sdt4KrGoK0wkuJ9CdX4SSjKiUJYVjYqsKFRmhmOw7iSuDBfg8VwVXq+34jd3R/DdgzH8y4NR/PBoFF9cPU/HO/Dl1XP4fO0snl0ewHxvBTqr099NY4veSoQyMYY9O97D7k9/tbXd/h4HdbaVFNwNY3VeWGiJknmLw1RVEMYqZI5aW83s9vS9OhrKwcVEkcDOxlTIw1xHlOsnt9ISI+hLwtVYhuxcDI7agvA2k4SfFUs7Ksst2sLmqBtTAG+lIUL7B8F/aDu0CNCOBhL0OSkKApThYalGEOSFMM9OzswlRPZyA+MEeXbBVE8WCWG2SIl1RnNNGpZmu9FYkYyJsUbcureKf/n9N/j87ROkJHpxI92TYjwJ7mTcgbaICSf7DiGwh1oS0C25gXSRwbZbfeWcjW9NT2P98KxfPYoCgZAAKy7hTHgwuxfM4OtL4PY3R2CANUHcCv607+tDz4irLrzd9MnOO7nvODXCA9oEMDU20I1NV5MRIhPfanZno901yVRZYhkFBWGoy4tCX1kZ3qypPTEGzSV5aGms4ZrVK0sKUV9/Bl31+ehtbsJAG9l511nMtLdz4F19l0RmgfbXCO5sDvpFsvW1C4NYHRnA+hSBfnEYVzfHsE6B6MYwgX6ZLH11FZvL41hfn6KyRHBnUF/A0tIELo2OYHlsAHNk66Nk6v2tzShLCIWfnh4CqPiZayLC1ATFdH+zeehlZfnoa23FPAUYZWTn7ubmsFRVhZGKCjSpqFBRJFNXIqjrUPnFxeVJrF/ewM1bd3H77kPcuf8I9x88IaA/x+b1G+horsTUMEUUA210A1diuacIV4dLcH0gFzPVURjJ90VrvA1a42yQ66GBAj9jtGUEouCkP8RF+OmGEYKtmS4CPSnislFHR3kamkozMNVdg4nWLNyZqMKrpSZcb0/EhTRbMjkdVBHcCp1kUeqqiEyCShVZ6QBZ7HKJNxYLPTCRZY+pd4PjRuM1sZxlgsuFVrheZs+Vq6V2XLlS7oT1Kk/0ZLnA21YTAWHRKO+YRnb9OHJqR5CU34Ts6nMoqO1BUV0vIhOzkVfSgOpGlgWuB+3nxpGWVYK+4VkC9joH6un5dQ7ilbVtqK4/+zdDn5xd45LMTM6uc8llmM1Pz13B+PQlgvkCfvvdv+Cvf/wR13KdcfmUIW5lmONGoRcuROihP0gLre5k5t5q6KYAppGg3OykyJUONxV0OG9B/LyHKhptpNHiqIh6S3HUW0mj2U6WYH6CO6fVnqBPkG9zUECJgSAKdQVQbiCEciOCqjYfig1F4St7HIqHPoP4vu0E9r2oo4fPQ04IUToyqPa1wPXaFLS4qyNT7TgqTUXQYEmVhvQRZJrIo8rHCr1kht5yfEjRFCSYq+FCog3q7ZQRqsADZxk+pGsKIEiFIuXDn8FOZD/0j+2Br+RBZOiLIc9aju6XCMxPDuPh01d4/S9/xlsC9Jvf/R2g/wzqP2+G/+FdczsfH98/BToz9A+5tK4fcAPefmpaZ0BnZr773esD23fg4K7d2L9rF7dQioSYKLQ1tWDIppLJyEKdHh4GQdZHdYTeP36cB6Ki4uAjmAsco++SgK+mrMSBXV3pBIFdGdrKJ+Dv6gpPe3tunnmIpzeZeTxSo6KpRCE5kqWa9EM42WnuSbLG3Gy0F2SjITMZjWkxqE8IRA1VdB0E74FkN5yPd8C5OEdU+xmhJdIWNQFmaKaKtDbUGu0pgWgszEFzVR0Wpmfw+tkzfPfVV/j2iy8J6F/S6+eYHR1GXnI8DLXVyXwN0dl5Dn/5D8A0/SH0T92HcfJdmMSvwzJiGKvjk8g6Uw3rhDnoRV9EWe0A+sLNUStBZi4jjA55YXSayqFEURDlIrxoU5XHSHgA/MjSE8jia6WEsKGzFzgpAqTL4zvvQ3jteQjLAcpoPemHYG93eHl4ISo8HsmJaWTdVFIzkZ2Vg5GRHoyNnsfZjlocPrgXZzJiYGqoDUEBHuhpqhHQk1FckIP05ERYGOsj0McNt26sECg84GRrBld7qvwJ7GdORaKmKBmVOfEcvNkUtQqW6pWgW5ETyy3YwkpjQQJmz+fh0lg9ro+V4u1mJ357dwD/9nAUv3+1iB8/n8EfXszhT6/n8ONjgju99/2tXnx7sw//9nQWj1c7sTZShfGzudxa6uyfI/0enxHM9376HvZuZ2B/n4P5oc/IzmWOwUpXnLNxa4K6paYIDJUEYK4uSMdE4WwkDQd9aTJqadjrK8BGRw72hvIEeVlYUwBgqUGf0RCAtTof7Ch4smHN9fTaWIkPR/Z9go8/fA8H93zMDZZz0ZeFAz3TnuZ0L9prwJ3+Zq7GcnRtOajL8kCMgnoJoX1cxjjB42xA3E7I0XOanuiB0qxglJ0JRn15HCaHazFxoQlvv3yAN18/xauvnyM9yReJEXZIiCCQE8Dj2Vx0AnZ0KBv0Zs1NaeNGu7M+dWbkYS4EdZb+lY1+d0BogDWX3z0s1BbB7FyCv7+vJXy9WTGHv7cJPN3N4OlBWw99eHnqwcfXlPt+n92/wQFcU+bdwitk52okGFxiGQI8W5BFno4rkqGrSPJDRY6CJG1tpHraoDQtFfW1DOZF6K7LRXtjNQZba9DT3oZBgvlsZzXGWArWtjaME9RZVjhm09zAOAIwA/oKgX2Njl0cHMQ6yena0jg2COaXVnqwMDUOxtNry924vTRHhj5HMJ8jmK/RdpaAvkT2Po2FhXFcniObH+zFhc5OtOfmIsHfiaCuBS8DPYS7G6IsMhL1WRFobKjFLJsvTyUvJwc+Li6Q5+WF+JEj4N3NA/4DhyDDBuNKSUGBGfrK0hQubVzCteu3cJsM/Q4Z+oOHT3H3wSMMUhRy5foVzEyOo6+lEpNtOVioT8JMRQhaEyzQHG+Fpjhr5PvqI8VFE4FU6cc76+EU/XFU5aWx57P92HtECIfZAil798LYQAu2hieQHuaKgapTuHg2B7eHynC7vxAz+T7oizNGna86CpyVkGQkhiw7aRR7aWAwwx03u1JxfzAHN3oycLUzBctV/tio9OZGyM+mGWEx0xTrBRYc0G9UOOBqiS02i62xXmSD+WIXlMTY4FTaaRQ0jOJM3ShyG8ZQ3DSGPAJ6edMgzpS1IDAyGbnF9RgYW8ToxApqm3pR1dCN5o4RdJKtd/Ve4BLJjE0uISklm4P8Vv/5Bhn7CgduBvOpOTZV7TImZ9Y5Y3/waCv70cuRMmwmG+BqignuZFniar47JiJ00R+sjfOBeuj00SLbVkU7wbvZUQ4NBOYmAnaDnRwH9nY6Vm4sgiozMZSbiKLCTJwAL8M1z3dTQNDCYE+l3kwUZfqCKNETJPBLocpUFI0WkkjTFoAB335Yix6B3rFdMOLfi1hdqkQk+RCoLIIasqxRAkihsThytXhRSteoo6AhTpUfpXYn0BZIJm+nAmOB/XAS+gwV5iKYiDLFWScluBC8zenaBRRIRND5BkIHoMnzGUIUeKF5eBecyATSdISQaSqBanrQ2dzoJ198h9f/+h//2NL/jq2zfwsLC/88c9tPqV7f2wI6m6K2g6DOQL7rZ/3o3IA4eu/Ivn3gPXyE6/vW1dCAjKQEWbg4lBTYAioq0Caoa6ipQ4fArqKkwjW7s+VO2QA4CSonFJSgyw2EM4IBbTXICBzMLeDn7Ipw1nfu7Yv4kDCkRkYjMTQUxSlpqD2TS+UMlWw05hHQCcp1aQloSKGgM9yNDNwVrZF26I53QV+yJ1rCrVEXaIamcAdU+Bii1t8MZb7GKCKLSQv2QFVhEbqa23D7ylXO0lnz+1dv3uLl889xlQL2zqZG+Hp6QFZajiqaTW69A4Oku9CKXIVa0BQMI+dgFTWKxubzcA3MhE3SPExjF9HX3oCxaAc0S7NR7gR0RVE0EGCyxHlQIsqDBjVFFFkYwfDoPrgL8iBDUgSbodr4S4YG/pimgdveEhik+7okMQjO9k4EX7bgDAUvNY3obG1HWkoG0lOzkJ+Tj/HxXoyN9SIjIwmyMmKorsiGpLAABHiPESgtcTI+js7LQmJsNCxNjBAS7IsmqpRZAhorEx242ZsjxMESjSQMzM6r8hJQweaaFyahMjeWg3npGYI5lXKy8/HWM3i8WIXv74/hD5/P4s9frOEPr5fxp1fz+NObRfz7qzn8kYD+1y8W8acXBPcnY/j9wwH8+GAQv386ie/vDeHVRifuzNbhh9+84RKgHNj1PvZR2U92/tknv+Kgvm/n++DZvw36KoKw0pGAjTYZuoYQzNX4YaYqDDN1es3GojCQE6jttAThpCdJEFaBm6kSgV6RA7GzEQGeQG2iwg8HPTFYEdCNZQ9DXXwvjh/4FJ9+Qj93zzYYKAvAhzXNm8nDy0QOHqbKcCaYs2luZurCdM/ugSjfLkjRMyp0fBcBfRc3F50VF0cd9HYVo744HmU5ITjbkIaxoVq8eHkPf/zzH/D9775FUe5JnCI4J9FzHBduw414j2XJYYKsER3CsiKakbVbbU1pC6PXQeYEemeyeNavbkOgt0FYIB0PsUJosA3ZuQWC/G3h42MDHzYAjsDu5WXBAd3Hx4Qgb4y83K0U2ZkxvtxIdnWWxlVWZCsbnKwoBd883HrnGiQnqnSMWyFOhp8MXR42hoZIiAlDTTHJZEMpeprLcL6hED1s5T6Cd29LC/qamnC+rZFMvZYMvQZD7a2cQQ/SewtstTU6b2qIzJ0gz/rV2TS2WTbyfZiC4OFeCgq7sTrRg6X5EaxcvICLFxe55DgbxNarGyu4fXWZ9mc5a2fJaJaXxrgm+EsUKAw2NyMjLhwB1vqIM9NATogbypPoni0qxBgLLFjeefr5GYmJsCaLFyaZYUlkBD4mIfl4Hw5s24Zj27dDiMovlhYv0A9ewZVrV3GTZZq6cx93yNSv37yFmdlpDA92cyvcjDafwVhZFHozPVEeZIAcd01kuGkgmUCe7qkPDx0pOGlJIshKCxYaKlCUkeOWiNxF5nOUVxQHD/NA9YQ6FGQkEOpqhfIUP2z2FOL6+TNYrgzBYoE7VgrIRqKMUeGtgZOmYsghUHQme+D2hVo8mqnDgymy+dUWPLhQgkdjBVhvCMfVGl+s5tvgcpE9lsjUFzKMsJJjRnC3xGaJDdbJ3FcKbTFR6IZqeqDzqzqRWz+EgsYxVHdNI6eqC5UtQ4hJLURSeiFKqtowMrWK0elVlFS3YoKMu7NnEn0ji2Tdl9FPtt4/NIusnFJuKhpret9qbp+jIGB5q7mdQM/63MfpOsurV7kb8fuHl3EpTh2XYrVwLdUE9/OdcDnbGcNBmugL1kEDGXa7pxr6AnVwzksVvd7qaHOSR521FJoI7Kx//KyTAlm5JCoI5nm6QqiylKUiQdCVQjcDvoMsmq0lUG8uimJdflQZi6LOXAIN1tJk2+IIkT2KILKEUKoEvGmrx7MP1sL7YXB0BzeQrcxGkUv9GqPApqcdRYLKEcSo8yPHUhlngyyQpC2MBm9DxJ84zg1+yyXjHw01xAAFFBl6wrDk3U+/mwiy9EWgJ3KQS16jdmgX7AX3woB3HzykDiNRgxcZFDCU+phiniLaJ1/9gJc//PVvUP+7cH8H82/+uAV0F4pS/2H/OZUPCOjbGNDfGTrrP9/+/gdbMH8HdAb3PR99hL2ffIoje/dBgSJcGZa0gf//EvYeYFUda8P2+d6cc1KMxt6V3nvvvVcRBTsCitIEFCyoIKAUKdJBRBQbigpKsWHB3o2axGiiRk8SU03v9f6ftch5y/Vf3/vpNdfaZbFh771m7ueeeWZGWxq4SVJpNHC1s8HNwR5rU1N8xNqDAgLx8vBUu+LNxNKtTEzxcHbG3clZDNIdfwG+o5UN3hIUzI2cJpY+W+w8lqzEFJYmJLNozjxy0pdSmSPAESOtE5g3rC8UQxeY5+XQnJ9DxdIk1swJoyZ5BrtXxdMkjWb94nAapfErF4A3ixnVSwPZGB/I5sQwSuNDWTYrlPzlmezY3MSZ4yd4fP+BAP0DPnjvKe/I7Tu379DT1U1FcQlhIWEDm16c/xCXRcdwTTyBW8ppgjJOsq58HXX1CUQmbmBRwX56dy7nSX82LdHeNJvqq0BvttClyt2SVXqTqBQDavF0ZH2oL+EGOoRNGstcG1OuHtrKF7e6ObI8ms05ySxZFMvCGHnva9axoaCYrkOH+ejDZ1w4d4E12TkC+AJKCtfT3bOXnp59zJ4dyehRwykqWCEm7sXoEUMJC/Jj7cpVVJYWq6Y+f85MCvNXsyw9SbXzyGAv5kwNZF1qPA2bcigXA69Q5ocL1DcJ1JVM9sqCpQOQ37CMjq0beKaY9v1D/P7xRfjqdSl3+On9swL2M/zygQD9yXF+eO+Y3D/Jrx+IqT/q5of7+/nxYRc/PDjEl3faeXZ1q5j9DvUzrdm4DsOJr6Ap8B43TOD6mhizCvf/wGDyIIIE4kr2erCThli5HAXIyrzzAAF7hKchM31NiXDVJdhmAuF2mszyMSMu0pnYqe7ESh1UMuFnB1sxVaAf5qyYuhzt5TWUpDA9gfroF9Ge8Cpu5uPVwGCKgwZTJbiOdNNlqqsyDm+sdstrjXtJQD5EtXS9ScOlnR4spv6aGPtIXGy1mRpoKUFPigRGKzjcXsXF/r288cZ5fvvzF3789TtamivJEohnipUvS5omlh4uUJ+iwj1TWS1OWSlO4K6Mn6csChRLnyLAjxJznyYgj1Az4VMSlU1dFKALyGOCWagkxMUEiJ0LyOU4PyaMebP8iJ0XSMxcf+6/fYcn77yJnVyDio1bmpuJkWv+BXdtFezWZrrYqUc9LMTWbawsmSb1c/7sMHJT51G0XgLJ2hKa6qTONeaxs7mWndu2CMCbOSjg3CuQr6+tleeLBPhlHNvRqs4m6WzfymmBeJ/S5a5MQ1OWgVUy4JVpbcpe6QL1S8o4e3cnF053cOFsLxfFxs+f6+ftqye5fv00VyWovnP5JFeEtRcunBW4i8Gf7uKckkEvlq4sNTs/YgpL/P3ZkJ5ObXEBh7Y3clp+z9HWVuqqqlgQE4OL3mR1qVcF3uOVvB9le1bl9qBBjFeAfvZ0L+fPnxagXxWI3+L23Tti6W/I8S5n+09zsq+Ho/u30lqYzI41sylb4E3xfA9WTrFhoa8ZqWEOLI10JW9BBDsKM9gs0e/y+CimBPmr45C6GtoMHz6G8QJ0Y2MzbMyNCHMX+1ybwI1d+by5cyV3tyTyoDVNwDuHbYlebEsNoFKg1pzoy+HSFN49v5dLhxo42VbOGWVTl/ZSMfsirm3PpK88Rn4uihM5AZxdH0zvKi/6cv0F6BFyP0zMPZCTuYEcFSPuKE6gurKO0i2dVLUeo7HtJBVNBylvbGPOgjQKNtZR39xO17GLUs5R07iTIycu03NcDGffUfZ1nuJQ73naO46zdVu7CnJlDvreA0fZsUdZCvakWPll+ZkrKtC7jvTz6Wdf8NsPX3MjP4JrWe5cXe7F7XXBvL1xlroa3KFEV3bFOLIrzo3WuQ50pvhxKFkguUgi5TgX6qea0ywg3zVH6Y53VbvYywKMWOeqxUZ/Q8r99anw06VJwN8UbiwQ11ftfJO/AeW+elSJ0TeEmlMh51YEmlIogUCuswYzjccTrT+K+eaTWOuiRab1WHI8tFhpP4E441EsMBvLPNOxRBqPJTvUgVaJpGPl/gaJ8nNdNMiyn0iOlwFNEnTtlWCiNNiEaMNxEng4UBtsRIDYv7f2CAxHvsYM49HMMBnHHNNxJNtOUnd9WyHQ3zDdgSP7Wnn65c98+P1fMP9fxtSVKWtffvklg+Ti/b8mwynrqqvj50pC3AsDQP/Hf2W4K0Wx9df+emz8sOHqGLqdhYU0BKZYGBtirq+LpaEObrZmhPm44efmKEB3wc/TC3cXV9xd3QTkrtL42eNkY4uLnb2a1R7o5YO7GLwy/zxO7FwpK1LSyRCYx86cI8dE1i9bwcZVa9m4Jpe1GZkUrVhFozQ0TVKqVmSSmzCf5bOnsHZeOIXxUylaMI2GtDlUxQWRP92T4pl+1C0IlbohJioNYkNaNFmzwkicIwGAAL17/wFev3qV9x894plY+nti6PfeeouzZ85SV13DvNlzVfgU7b6PW/JpXJLOCND7CVrWR15ZEfk1x3Gb10D6+j3cavbk6ZnlbLDRp8lEn23SYNZJY5ltqkuWAL3eTIcqMenVYuhzrc2YYahLcdJCkIb/+eM3OSHtRnJCPEuXpLEhv5CNRRspLS7n3Qfv8PGzZ5w+dUaAnit/00x5Tkywc7dq6Q4O1iyIixZzi8LUSIdxo4erhr5udTabigtZt2qlAD2arWLnKszDfJkphj5/egiFORm01G+gNC+djblKBnqqauWVAnIF7i3VeXRuK+G96+38+uwMf3ymwPwmfz6X8uXr/Pj0NL+8f5Lfnp3mu4e9AnIF7mLpUn550itQP8zPD3v49q39PL/VyqfXm/n+w9f57ddfCbLTw3KSgHLsixiMf1HA/g8mDPs/jBnyfzDXG6qu+BYmoA0VwPrYTMJTAmxnk2G4mI2Qx3SI9DJhqoeJgNqIEKtJhFhOYF6IPXPDnQTotiRE2DNHLD7K04hIV30CbSYTKgAOt9ci0Goi3uZj8DIfjbfU3TAHLcKdtOSxiThKvbQ3GIWp1nB0Jr6K5rhBTB77ktx+RQKAQQJ1MXSNoZjLOcqwwMxQe9Yvn0ubSNzx7hbeffcKD969xa+//yxQ/5UrV0+xTFlkRjH0ZGXamkBdAJ4m12OG3FbHzRUDV8bSE8MHyuJggXwoSQuDSFoQroJ9sRyTEqbIdx3IQrH02JgQAXsEMbME4nME5jFKlrs3RRtWqNdsVlaW1FFljFxbrFyArnStm2oNLPNqrq1OTVMS5GxNJ+Mh16yXvZItHibvJZ2qTSXU1xdTW1tEXV0d2+sLpb6UqZuzKNtBKwDfUl9BY0UudTXF6nM9WyvpE9gq4D7zF1j3CviV434B/Sl5TgH7qfZdnOzcS78C576DXO7r4tLZw2Lj57h4Xuz8Up+6FPO1a6e4eeUc96+fEYnu5+qlI5w51stJCRDyBOgxfn5yHQdSkJJCdUWF2jugjOGfkN9TVlTE9NBQEQYTdcc2Q7FzTWkHFUvXVFaJEznRFsD/TZk/d/78Ga5eu6Ja+s3Xb3JDjlevXVbn0x3bU82+8qU0L4+SxiOUDbOdyZthR3qgOVmR9hTJl7SvNJ1LbYUcb8rhmES+jbkpxE8LwNJIDzMjfSxMDAkPDmF6eCC5S+ZycU8R7x2v5ePjZbx3YBVvbk3k/vZUbtQtpjXVl/ascHrXTqEt3Y/ru/L46FYXd0/tkA+3km0bV3J0RxWdTQXcELCfa1xCz/ppdK/x47iA8kReEN3Z3hzN8VchfyTbh+Nyu0eeP7gmnJaKPGqbD7L14Hnqdx1ls5T1FVuImptIYXk9u9p7VbNWIL19V+dAdvvxK/QcvSTPHRsAu3rOWbWrXR1DV8bW+67JOQOmrkxda9vfy1tvPxzYWa29hEti5+dSHbi6wpe7+SE8qE7g2oYZ/7mAzOEkb/YtdKUz0UPNZN8+24aGqWZsE1gq5eBCTznXk/Y4V2rDTMn10GOdh7baPV7kpUOZjw6NocbUBhmoWe4VfvqUeutQIs8pgFe66ivF2GtCjCgW0C8VsC4TQyiT56r8dCiV8/JcNdjgo0+azXhiTaRyj5dGSHM468PspNgzQwKADIn6M8UqlO77NW4SVChBQ6A+0UbjWGKrRYG3AR1LJMoMMiPTSQdPjTFMNZlEtOlE3DXHMMtkLIttNJgm58+11BAY2NMrleHJFz/zwbf/O9SVf0pl/N+y29WFZP4+kNn+ktxX554rY+hKF7uSGPdXUWA+XCqDkuGuPWGCwNkaewtTTHU1cRRI2YuR+jrbMNXPlZlhfgJ2DzzE1r0E6L4eHur+5U7WtmL1xrg7DoydO4id25iaE+Dhrc5BXxK/kGWLU5kbPZvY6DksXZRMbnom9YVlFAnU8zNX0lRSSkX2GpqLiylfuZycxHhKliZTuyqN7flZ7CtZw+ZVSRwQKG1OiaQg2kstFXP9KJ3jRW3qDBZPCWDelDB2Nm7mRFcvl/rPcu/2bf715D2effAhjx4+4vKlKzQ1NglET6ufY2zRdVzFzF0E5q5SPJKOkLnhMNHpbXjFNpOdX8+VTYE8PJ5MsbUumwXiTSZyLZnrs9rXlbk6E8gw0CDbw4lF/u6sCAugSv7uu1cu8P3337JrV6s05Enkrs5Ru9NL5X2WFJUJuMvpP31OoP4uu3e3qUMZkRFB7N7VyOHOXRw+tItxY0fR1FCBvgQN5vI9jBNbnzV9GhvXF1BRVEjqwgXESQDTVFfJdIH59EAP0qLCWbEkXp5fzbbaQqoLsyjNTxOQL6esIF1sPZPGsmxOdzby7PYBfv7XCf54flHs+wS/iJH/+PQEv4qpf/3omDpm/rtY+Vf3u/lZTF0B+p/PTvGrnPOzGPsPAvov39zP59dbJBZoUT/PCye78DEeiqfRCOw0hmAsUFeKidiw0bgXB3ZGczcmzM2IIEcddfczR6OxGAlQDSa8LFY9likC6llBtmLiNoQ76mKrKfXPRps5Ic7MlaA6IdKJhVPsmOktgabUrXAnPSm6BAnYgyRAUEqonYbAXJcIZ0OCHbSxE0ibKKvBiYFrj3sZrfGD1O1aJ49RLF1Z030o40fKbQlEbKROulhpsWi2D01VSznZ08zNa8f47sfP+Om37/hd/v/Bn/SfP8qK9BksSwgnM0GMXMC8RILM9EVTyVAS4xKmq5nvqcp9sfMV6dPksRABeYCAPXQgeU5K8qJg4mL81fnl8+cEEx87hZiYsIGEuLhw4uYHEhfny/37d3n6+F2pl1o4iI0r07NcJbhUjubmygwUIxwkuLSRosxDd7AywEKC82nOlixPmEFN4WpqqqvYXldCY+MmGhqqaG6slQBXeCLGvm9rFXubSgXkZVRV5VNRUSjtzMAYe3dLCwe2bVPBrqwsd0yA3iUwP7Z9C0fF1vfu365auzLF7Ypcu+ePtnOt9wDn+ruFq2LkV05x+8oZbl48zXWB+OtXz3H9ygmuXTildsGfO9XNua4udkm7tiZ1ActmRVOevZLNtRs4uXubun68Mne9sbqQqOBgLDQ1MRsyhDHKfugvvYSuchSwK/uy68rxb/1yIZ5Vpq5duSQRxBV1b/QLF/o519fLvi3FtBQk0rBiFpWJQWxfOZM9a2fRnjuDfevmcLRmGVcOlHPrQBlX9xRyrH4F1/ZX0bYpW4xjGWvEMLLjw0mN9qUkK47uzWsF5OV8cKKMby838O2lGr7pL+Wjw9n8qz1ToJ7CSYHczc0p3Nu2hP6SmZxtSOfRqS2c3lPCloIUdpSvpq0uj8ttJbzfv5UnfdVcaEhkV7oHXauD2JXiwLF1AvXVPnQsl8fE2LtWeXMwy5OdqW60y9/dUlPCzgPHaWk9TPOuHpatKSYucRnFmzbT0X1KhbWyAtzh3jMq0HuPK13ol8W4z6nbpSqwPn7qmgpzpQwkyg0kzSnJcb3Hz3Pp6u2Brva3LnE+3Zn+xTacX+LItRVi6Ln+vFuTzLXCORxP9+GoBC5H0wPFyj04nOxJV6I3nXK7JcqG7TPt2RJpwa65yjx0N7qSvGiNshAo65PrrkORr4F6u8TPUCzdlLogQ4rcNSgWQK92nCRmLs97Cfj99KgMMaV5mpU6zl0hwK2LsGLrVAv2zLZTf099qBHVgQZslEAgVqw6Qk9M3XQU+QLzZHtNEsxHkWw3mSSLMaTajGO5vH6upx4x5uPx0RhFeZgEH0lh7I11I8/HhOogU/L8jJhqNJ65JqPx0xqDv47YuuEY4gT+IfrjiTKcQKK7EZ1SKd774pf/gvp3/1UUmH/9VzKcra3t/7rU6z//GjdXgK6UV5XlXf/b+Pm/E+IUyI945WWx8zFiKuMFzhYCbCssDbSw0J2MvaEYjpsNMUGuTPdzI1DA5WFvi5+7G1OCAnG2scZV/hZTPX0crW3E8K0w0zfEQFMaHHsnZkRMFYNZQoYAPXpqFItjFhITNYuS1XnUFJTQIHDbXllN5dpcqnPWUbV2NZWrxIaXLKYkYzF1AvTsmKlsSo9jR346uzeIYabHU5YQTa7Up4qFUyicH8LqWUHM9PVgmp+XNEzNAvQesapeLpw+w+OH7/ChMo7++D2uXb3GVon4lfG7H37+Hfcl/Tgnn1KLS7IAPbGXtPwi4pJWsWrlSi7vmcH9g4t5fEbMxdOWrdKANgnUy+zMWDk1iOk6k0mwMWdFZDgfPnzAF59+xC8//6Ducb121SpWZGSRn7ueksJSykorBOgCcyklRaUC7m5qKmsJDlQSD41IXBTD7j2bOSRAr63byPDXXqGwYCVBQR4YG2mjMXEss6ZNpSgvl9qKUuZFRar7n+evySJUAq4IbzHYqYEEyt+5emk8TeW5NJStVq28omCpauu7GosE5g18cLOd7+538tnNbTw+XcUH5+p493gF75/foma0f/3OEX7610l+fnqc528d4qf3T/ObwP3PT/r5SUmSe9zHd3LO12/u4+vbO/jx2S31ulwRNxVPvcG46b6Ks/ZggforWE14EXs5Ouu+hoveawRYTRDIynUvIPaxnixAH4fmiH+iOfKfWOoMJczDUIBuw7xQG6a56cvrDcdk/KvMcDdjdoA980OsiQu1Yn6QFTOlfkW46EkRU7fSwE/qYIjYeojUq1B7HUIF6p6WkzCcOAgjjWHoThgsEH8RjXGvyPFlNMcOkkB2MBrjBzN0yN/VcXQXay3mRXqyrX6NmGYLb795ms+fP+RbAfoPv3wtMP9Nyh989uXHFOcuYUVSJMsWRbJ08TQylbFxsfKMxClqglxivGLkIaSLtWemDIytJy3wIy05TO2CT1oQSOKCYBLiQ1gs8I6dG0r8vDCBerA6Dz1e6XqfHSAB4Er1892wMhlLgbmTMk3NUhcbc0OxdQG55cB+59YWGuqcdAXwbmLpVuaTmRMayNLkZDZtLGF3g4B7SzktzRXqlqU71I1XymhpqhPIV1JfVyUBsRh8zQYqSovUPcm3K+eIpXe0Cn+URWGkjToscO1Ubm9vUF/nwLat6ipuyjQ3ZVxdWctd2TGw/1QHV052qIlxN6+cV7vdleS4u5dOcOniea5dPs3NC71cPHeCy2LzZw61UScWXrEsleqVWTQK4A/v2a1um3pKXldZxz09NVWCPk+8DSdiNXEi+iNHoqds0Sog1xVLHyVQ/1v/CWUJO2Ww/gJXr15Wj8qY+qULp2nZpIzpzWRdjC/Zc9zFxoNoWhVFx8aFHCpN4OLeIq4drqF/ez5XdhdK2cDlXcW0l2VSvjyevRXZdMnFcaZVLPvGPn79oJ/fPjrLzw87+eWtNn68tZWvzhTy/Pg6PupcyaPdqTw9IHA/mMOHnbm80ZrBudoULu8tpCg9mpgwpXG1Y/nCSFZLtHd93zre7crjk75ibm5JZPsSb+rjHWjP9KJzpTfty1w5uNxdQO8jQPdi8wIb9iz1oi3Tl70ZfrQsC6VL3kvLhlQqN+RQ27hNHQc/3HOa+s07/oLzhQFLP6EkuPWzs61LDLxPBfxA1vvF/5y69u/bR06c54svv+bX77/ixvporixz52KGK1fl77mZ7c1bBcG807iEm+VxnMoK4vjSABXq3cnedAuw+5aFcCTVh92zbWkS4O6a56wuKtOb6s8xAb8yjU0ZNy/yERv3NyTfU5v1Au2KACMqxdSLPTVYaTeWVY6T2SAWXyowL/LWY6Myrh5oJOauy6ZAY7ZEmKllb4yzQN2e1lnScEdKUBBswFoJFnJcJpNpO46VTpNZaidGL7czbMeTIjBPshxLuu1YZpqOJVBvAjPNNdiREExnki9bo21Y5azF5kgbdsY4keFqQKyZ/JwYwxwxgBBdgbr5JGaZazNdKukceS7Ny5ymvGVcvHqDp1/9zpOv/vgfti4M4rZY5/997Pw//kqEe0EFudLd/u/FZF5T5qD/UwH7PwTmA+PoyuOvvjCwBOyYYUMx0dUWIGuLyYzHRmDuJCDxsTYkwt2Wqd7OBLorQLfBzc4GZyszMXgjMQZzdZ6rs40tJnoGTBo/gfGjxuDhKEYVMZ35UbPVEuoXRFhACNGhU8lbtoKtm2poLtvE3oYmWkrLBOh5FGakUbo0hZwF86hZmUpewlzWLZxJmVhnUXIcJWlx5MTPJVlsfLYEGPPEShPC/IjycRF78yPcw5nK3NV079vLqSPHuHjmrED8MvfffovHjx6p26sePHBQnb9/652vcE0+jXPSSTmewU2A7pnYQer6LdSW5nL7yAaenlvPBxfLeHSmhCJTQ1rN9Wi2MCDf1Y4kbw9SrEzIks/kqJj4H7//zg8/fMf+9j3SYCeSm51HmZh4WUm5CvKyjeUC8o1sLB4AenzcQmysLPDxcCQ8xJe12el0dOyg6/BusrJS1JXhNpXlYWNjipODBbraEvTJe89fvZLSwgIylySqU9bmz4zA390Bf097IgJc1J3X1q9OpnnTOnZsLmGHNNBNm3LVeehvnD/Asze6eXZ9G+8cKeRux1qOVcXTWxbLidrFnNuWyRtHK/noVjvfPhRgK2Pk9zpVW//tWb9q7D89Oqpmu/90v4Nv7u7kGwH6b99+xIdPHxFqMZZg8zH4SeDqI5buqj0IJ82XcdV5FW8xd2etl3HUHCQWPxYv03HYKluYjn2JycP+jvbof2KjN4ypXsZi43bMC7FhuqcBlmLTluNekzozjmgHQ6JczZjla8lcfwtiAswE7GbM8DIkzF4gbqtJuL22mLk+IQJ0fzF7V4HcpJH/YOKol5kw6hUmjH5FgP4y2hNflSB2kJoQN3HMq+hrjiEpPoKO3eUCkSKOHCzn1PEm3n33sgr0z794j2++/4Qff/1GkP4Tv/7xE21tjWqXe6aYtjIXPWOhgHphqMA9WKA+jVSx9kx5fHnadDKSBPIpoaQuDhKwD8xZT1oQwqK4oAETnxvC/NmBLJgXIrf9SIj1Y4GY+/zZvurY+Qfvv4+HtTZWlnrqQjHKeLm56SQsBeyO5mLrym5q5vo4/7UanAL2YHtDqXtB5GVmUl1dzq6GUprqa+jYXkN7SwPbJPjd01YhZr6R5uZmttSUUl9fqhr79tpiGmuKaGyopW1zKXtbKgTk9fSKqSsLzijGfkjAvn9LFUd3bFfXfVemlZ3u3culvTs529nBuRPKfPQDanLc1UtneV0Afu3aNa6Knb9x6ThviJ0r3fDKfPXz57u52NNGz+7dbCrKpzJvOZvr69Xx8zN9HRyRgKF6wwZyBejzwsMJ8/Eh0sVFAhtLdV0JSwsL7PQnYyb2/rfTx/bTf1Ii+nOnuXT5gpqVd/78WU4c6aSuZBXr0maRMtObHPkismL9yU2ZznL5snIkOrvW28SFjkqudlbx4MQW3j5Wz832Ek7UZ9Oan8i51gKx62a+fecov396QXT1Mn98do4/P+3n10ed/H6/jV9u1vPr1UoB+waedWfzzdkqPj9Zwad9ZXxyvJQ7O7Lo3JRKiIspdiY62JjoqZGZl6s9s6b6cnTbes7vyuZB+0oOrIkgRwC1aa4VbUvd2ZnsxJ40F4G7F4dW+tOS7ErjIifWRBiyIsqZ3Bk2FM20oiXFg87cqewrz6B9d6s0TN1s23FAoH3uv0F9oBt+y7Z9HBHAd3b109V74X9AXSnKz7z76F9qVPne/lKurvJTzfxqhiOXxdRvrfbjQXEkD5ozub4xhjOrwjmdPUXM21MtPUke6kYsXYme7BVwK1PQ2uY70SnW3pPqS0+yHx1i6gfiXNkxw1pdSGZblLVYtTYNUyyoDTam0k+XtQLh5fYTyVbmnwvwN7hpUuKhoXbDVwjgN/nrUhVkTK38/Nbp1gJfCzla0hxpRqU8VyqBQZW/njTgk1Wwr3KYyHKHSaTZTSDDbjxJAvUZRqPx1RXrNtSkKMyWTaHmEmAY0TzdimIx873xbnQk+ZMfZEmM5WSSHXRIdjRgse3AinXRRhOYYjCeGGsNdce31f7mbJjrzaE9rdz/6FuefjmQLPfpj3/tH5+e/r/PPVcXkhmA+b+BribDvaiMmf+dIXJ7iMB+6D+UBDnF2l9i5KuvYKKtga2JLnYGGtjoKI2tvCcLHRaHu7Ikyg8fWzOxAGOsdDVxMNEX4Gtjqj0JvUnjMZw8CXN9fWkgJzJu9BgmjBlLuK8/MdNmMG/abCmzCPIOxN1RIDx9JuVr89lZ3UCrGGpDYQmbBObrM1eQn5ZCReYSGlam0VqwnE0Zi8iaP4Ok6CjCPX2w1jfGxdxS/gY9adwscDI3xtPWkmm+nswJ8mbRtFDWJsWxubyUk9093Lx8hTu3Xlf3R3/rzbtcvijXpjyu/Nvb91gdN3dNGhhDd046xeLV7RzcKbA7W8l758p50l/Iv/rXcXLLIiI0JpGpK8VUn6yoMJaKlddlpNC9dTPffv2F2hOQs2o5WelLKFlfTFVZFYcPdrJr+y4BejnlpeVUCNTX5azDxtqWIYOH4OJsJ8UGD6nHFWX59Pbuo6d7DxERgXhJoJAl79/Z0RpHByv8/eQ9Rk8hb9VKqjYWs25lJg3VRUQFeeLrYouXkwWhvg5igrEUr0undmM2TdX5AvQi+jq28PBWL/z4gD+/uyuG3cVTMfOTDUnszplGvQTImzOnsHV1NF21qbx3qZWPbu/jk9t7VaD/8q8T/P7stPxcN9++JXYvIvLDvT18++Zuvn94TP08t5Stwc9oCIHmI/EzHYG/6Uh8DEfgYzBEymC89YfgpvMKHrqDcdIYJBY/BDvtVzAY9080Rrwghv53TDQGqYlxcwKUDVhsmScWHuaoja/RWKKkzLWYTITZZHn98QJtPeb4mDFXykwPI2Z6mhLprEOEnD/N1ZhoDxNCHfWw0hnOuGH/YKyUEUNeYMyIF5k0+iU1Cc5IazjB3pakJUTI57Ses8dbuXVlP8cPV3Kmp4ZT0rY/enSF9z98gw+fvclnCti/esLX3z/jm+8+FDj1sTYzluVJEWQuFqgvnKJ2wWcsDBGgR7AsWRljn64ae2pCiLq6nDI/PSNxOskLFCtXutp9SFgYohr5ojix83nBAnFvdYW4mFk+FK8fyGxfs2aVug2qvZku9paa2Froq9BWtkt1Mh/oerczmaTurqbMTbez1JKg2o6EWbPYtGqV2HcZTU3ltDdVq93mXS0tYt7V7GmupLWhXK6VjTTVrBegFwr0i9Rx9fr6atqaN8ntMrZvL6GlsZodEgQopq6MnSsJcj3bBrLjO+W+kjSnzFu/eHgfF48pU9oOceH8ERHk42q5rxp6v9y+pArzOTHzc+eUFeb6OXf2LGfOHFTXgu+R19va1ES7BA3nlIx6sfOTUkrE3pOioghxd8fbxkbqkTVetsbqpk5utkoejxX2Ihp/OyVRhTIv+Fy/RApi5UqC3Km+XroO7qK+eAWps/2lsfAge/E09Xba3GASpntJY7SMvY2FnNxfw62Trdzrb+X1nlo+PL+FD/vreXismo9f7+CnZxf545vb/PntLf749Dy/fXBMYH6I3945IJa+ix/vbuXn2418c6WS76838tPr23h+vpZvLjfwXNl6cd8aTlQls3iKM8Zakxg5cjSjx0xAW0ebYUOHSaRmyK7qdVxozebuziyKZ9mT5D6ZJgF3a4ozWxLs6Fzhy+40d/IiTVgeqk/VYg/y57gQbqNBgq8JKyNsqV7sR9va6TRmx5CxeD7F0gDVb95OU0ubumyrMv2sbW8XDY2t9PVdVBPiOrpO09l9Rr3973L1xhvqRfjlvUvczA3hUqYnVzJcuCSBxeWlbgJ0iTo3zuLRnnyubJjHSTF0ZcOVHjHzQwku9MrxyBJ/OhK8VGNWVohrE4PeJ3DvXOxFZ4K7Cvv9cU4q1PfMc2R/ggetUVYciJX3HGXGnhkWrHfXZI3TJFYL2Ne5aZDjPEngrCGPa6ld8EVSNkgp89WlRIKBikADNThoDDcR0xeb91HAr5yjyTp3DdJtxpBsPZYEMfNUu4nqLmtheiNx1xzFAmcT2lKmUBxiTm2EJXXTrNngZ0hHshd9ObPJVBYhibSneoY7iXY65HobkSmNT7qyWIbBWDI8jNUu+BRnCSTm+VMVHy5RcCO9XUfoFKt8++23+emnn+S7H/m/TlVTYP7vrvaBDVj+qXavK3Y+VIA+7J8DYB+mwvxFxg55lUkjhmBtpIOLmT4e0kA4G4yTRnMS8f52xPjaE+3rhLe1CQZjhmKlKbB2tSHQ0RJTuRYnjxzOxBHD0Rg9Gt2Jkxk65DWxHm28nV0J9fYnRMw8IjAcVzs3gj0DxGCSpE6Vs7OuSaLwDVSsXUdu+jKyFiSwMXOpmHkmm5Ymsik9AW9bG6y1DbDQEGubnUj2srU4WTpgqWeEiaYu5nqGUqFtmBfsR4RYarSXKwlTgshflkaHNDA3L13m8YN31a1Ub16/wVUBvLJPuvKvYMtV3FNO4i6G7iWm7p/ax34xjHfPVXP5QA4Pjq/j8ck1PDm5ks2rwvAcPw6vMSOYLkA/fmAPTx8/5I/ffuW7775l945t0hjHkbc6l/KSCjGbRs6dOccXz59zpPsIFaWbxLYrKFiXh7GRIYMHDZLPaQj+Pi7YWpuqi8e0bK2k//Rh+k50YGpqwIzpgWSvSEJj4hgMdCczbtwoUhMXkpedQ0VRCWuWZ1BbkU+En6uYmR6u9nL9zFGAn8zGvHTK8jPYUp3HuaO7ePrGCX778g3++PE+f/74lkjFFXX8W+nd25wZRvZsVwLE5mKCXdhSkMj9/hb5HLby9EorX907zC+PRUbeP853b7fxzRs7+fF+uzwmcJfX+OHD1/nl55+Z5a6Pq9i4l8Ew3PSGEGA2gili1QFi6n4CdXd5zl37VXzleQ/twXjpDcZXrN1NYG+rNQR9sWYzrVcJddYWmFsQG2hBXIiD3LZjursBAUp3usEoZphOJFx/Ar5SvMX0PY3H4GU0Hj9zMVIJkpVu+khlTrujLn4m4zEa9wrjXvsH44a/qAJdmU6ndLf7uxhStHYxfYfqOXGwmhMHqrhyaodY5H4un9nB2aNNXOnfxdtv9PH48VU++OCOHK/z3nvXBO63ef7lO3z++dtybV0gZ9k8gboAXWC+NFGsfMlU0haHkbZoKssWT5cijytbpMaGkxgrFi+PJcYFSwlUj4vmB4uZBxMnhh4714dF8QHEzvMRqHurdv7ZR+9jZ6OPtcDa5a/V4NQ13JXd1ATsjroTcTTVxFJgb22hJbcnS70wIMjZmezkZMo2rhM4l7O9YSNt2zazX1nydetW9slxsxj7zvpittcJyCvlvJoCObeCGoF7XU0FFRXllEpwWFqykl2N5aqtd2+rpEPqSkdbk9j5DvYr2fEC3n/PWVe6yJUlXk/2dHLp8AGuHFemsPWr3e3KNLaBOel96tDXxZNH5f5RqS899J3p5dKhvZxtb+eovEaHMk1Omf8uv0tJmqspLCRu5kz1fSlDfT7yHj1srPCSa9/bxkDesz5eysIyp4/u5vTRdo4d2s2x7n2c7uuW0kPX3u0ULI0RM5/OGvlyls4PJSMmTGwijqbSleoKTJsr8ti9eSNdu2u4fnIvD64e4vbpHXz78RW+/+QGv339plSmO/z5zT1+e/46P398ic/u7ufDy818fmMH39wRoL+5i18e7OH3d/fzm1Sanx/s46cH+/nlYSc/3NktUr+Zu22rSIuwwdfJHC3NCQwfNY5Rk/UYOXYio0eNRGPSBPbW53KyahHt2VNZEWzC+mnm7MnwoiXRifZMH/Yu82ZZsAHLQsyIVZK5Yh0omGtPeqQL6+IDWZs8m63y5bUUZ9FQpiRGVLIscyUBQSG4unsTM38RaWlZLE5Mo6q6iY5Dx+g5coZDXQNj7kqX+7+72n/7/ive2hTP7fwpXM1y52KKHTeWe3BrpTf3CoJ4ULOY2w3L6F8dodr40SVi3Qud6U7y5qDY996YgdXfds20YkeUBa0zB1aMa422FtB7cDDBjU7l3IVyrjx+cIETh6R0LxIjVkAfY0dTmImasKbYuWroAvj1Yuk5rlrkeSrd6RpqIl2B22TyPJQue33Wew7cV7LnNwYYqKU8QJ+VThNVkM8zGUOM2Tgx7MnMt5hAiJ4YutZIVnpIUCCfa76fnB9sSnGwEbUzHDkogVNvZghb4305ogzVZEol97Ei2V6LpRIULBa4x9npq/PiFbAr3fbRNjrEOJsRYaFLmPEEZhmNViF04MCB/2d3+8t/gVxdTEa1caW8IFD/51/lxQG4/zUHfdRgAfrIYbhIZOtqqazcZclsMb2s6T7kx4aSPT+cKB9HzCaOwklfgzAna2b4OhLq6iiNiRnGmppY6OpKozmEkWKdQwa9KmDXVDdaCRag+7h54efhj6eTh9rlnjJ/IZtLqyjL2cC6ZatUoK9JTCEnKYk1CQvIWRhH0vSpmOsaoTVOkyB7X6KDZrAmp4rL/ddYk5nHhOEj0Bg1Wl1QwtlQj2hvN7wtTdS/LXFKIKUrMujes5PbV6/y7F8f8MlHH6uZ7ndv3+HDDz4cyBYuO0VZnRj5vjZ2t2ylt7ONSz3VnGqV4HlbFg+OreLt3kyxhRwWTU9ijrFAVl+LgtiZ/PLD9/zxxx/ce+OOugVs0qIEigvFyiuqpdRw99Zdvv7yK3U2QtfhLnmskoQFizDQN2DYsKEMGvQy48eMJMDHCTMJpOJjpnOoUyAiQO8VudDWGMf9e5fxcBHrFgMfMWwwg18dhLmJIUtT0igpKKYwbw1LFs/FykTZYUuP8CAPMb4ZrF+bzqYNy6Vk0VyVx62zB3n++Cw/fXie37+8Dj+9Dd/e5qf3jvDwVB1b5JqM9HbExd4BNysjclNmckUM9e7JOh5fbOH5G+38+PAwPz3qFDOXtuqdg/z69Bg/PjnKd/cPq5/l2WOHCLMaL0Y+UoAuVm4sR/3XpCh2PhQ/AbeXzhA8dQYL2F/FU1cB+mti9MPlueFi4MNw1Rsh19ggQpw1me1vQkyAOfMCzJjjZ8aCMFs1CS7QWkNMf6Q6XBVlJNeGzlicJkiwoD0SR40hOGkPw8dsPJ5GY/AxGoebMiVNbHzCsH+Kpf9TrvUXMJTH0hZEsL9lPX0dVZw/1sypzkbOHK7nyplW3rjWwaVT27l5djvXzmzjzRtd3L15lMcPr/BIyuN3LvDoQT/PProrwdwTvnz+QILFPtYsncXKpEiWLoqQayKcJcqe50nTBPDTyJD76QuCSVNgnhCpjq0nzPcjSRk//wvmCcKWuNkBxM/xZ0GMD/EC85LCDPXzrS1ciZWSCGc4Se1et5c2Qkl+c7OU4Fus3M1UA2uTidgYD8w7V8DubGXCTF8fNiyNo3pTATsbygTGG9knpWnzZnVlxa2bK2io20SLQLymukDa+1yqq1dTVraaDcqKjlInoyL9iJEgeeW8edRsLGRHQ6lAvIEzAnFls5UzO7ZzUpnOpgB+m7I4zbaB7VYFyheVxWdOdtJ/RMl2V7rXlQS5K1y6e0ogfkxut9Ev4nz2bA+XTndwsUvOU3Zpk3JRCQ7kdZTufWXHt4NSR7eXrGFuSAiBLi54ip17C9CdBexhVlZ4ONpK0GOFp4D9b1fkBW9eOcHta6e5JJHCqeMHObBrM1trS1i+KJrUOcFkxU+hfHUCG7JiKF2TQu6yONamxbImI4GtNSXs2VrFnYu9fCVf9J+/vM+vPz3mj9+f8Oevj/j923v89Pnr3OjbyhmJBtPn+1MuFpyfPpuO5jxuSkPyw8MjUkl6+e2TU/zx+Tl++/gUf8rxj2d9/CKV6KMztRTE+zFDKriZviZ62pqMHjlKGoYxaI6fiImejhiQAHq+O515M8mZakV2sCFNYrx1sdbsy/LlYHYYq6easTzCilgPPWI8NCiIMqIyNYiKFXGUrU2lfW8bVRvXs62+kra2djo6jtDVfYKdu/aRl1/IjJlzsbC0xcjYDGv5MKdHz2Tt2gJWrFpLQWE5t+/cUy/C93saeD1PYL7Sn8sZztzK9uH2cnfeWuvL2xum8Gh7Nvc2L+X8milqUtyppf4cjnemJ9FDXaddWeJVWQmuRYISZRy9OcKEbVGWbJ9mQct0K/bIOcoCNJ2L3FWIK930JzL8OZrmwyEJDPbNsWbPHFu167sqQJfaIH2awo2oEBMvlGAm20WTqjAr6oKMKffXU0Ge76Glzj1f7axBtvNk8r0NqAy3pNhPn1Vi+sq2rNPFBmLFzBdaT2SBlFnmynz2iWTL55klAUJOoBmFAvTyKdbsinVhnwQnx5eH0718GocywujKiqAwyoWZdnr46Y4i0UmXBFtlEZqJmI0fibGYmMG40XIUs9EcQbQ0klWLItXPNCAg4P8B9BfUrHbVzJX9zv8xMGaudrGrEB/oZh8ijw36+0DX/Iti9RNHjMTSwAAHMyN87SxYK0FrwfwQNiyaxqKpPrgaa+Eu4AhxsCTE0UqiYXOsDPTUBDlbYyUb3pTJElSOFusc9dpQTHT0CfbyI0CCwBDvQAK8A5gaPIUgnwASYxawVkC+bFEqaTGLWJuSQVFmFnnJS1izOJFpPr7YGpjg4eSJna0XDlZ+eHpEUV7WQkpcmjRaFhJA6BOgTJkzM8PH0oAw+bvsxGIjnKxYEhlE+apl7Gms44pYwb/ee48vPn8uDe8X6rzvr7+SYPOX73n3wlYenS3j8dmNPLlYw8PzdRzZmkPfjuUc276Oc/skgE4uxtSllojAlRTMmUFlWgpvX7ssr/EFW+T1Y2bNJDtzBeUby6XRrKK6skZNdHvrzhs8e/aM27de5+K5S0wJjVDr6Zgxoxg8+BUGvfIyulqT8fGwR09HgzWrUjnZd5C+4/uoqiwgPNiD558/EYDcoSAvU0CuJ0b/KsMl+Jo4ehQzp0VTu6kEL2drDHQmCfjt1BXjMpJjyVmeRMX6LCoLs0Q0CjnZXsU7/c18fL2F7945xB9fXuOPb17nJ7HupxdbWZUwFTMza5amLSXY2Yac1Fn0t2/k9aNVPDrfxPM7bXx/v0NAvl+OB6Sd6pafPaa2V799OTCDJW1GIB66rxEk9SLQbKyY9wg8BeTOGq/gItbtrjsED4G5v9FIFeRuYuReegJfg+Fi8MMIMxtOuLky7j6KUIfJRHvqM8PbmDlSZnoaMNVZh3BHLXwF1m76ymuPxktZ10FrKD6TB+OnJcGBprzmpFfx0x6Ol9Qbd61RuAjo9ZUEuBH/kKD1RfQnDmWVQLatYS2HdhbS313N2d56+nuaOCflVv9O7l5ul0DwkIC8m3fEzu8LfO6/eYaH71zk3ftneXD3GA/fPMbTR5f56st3+frze3z79RNuXT9J3spYspS13IUV6QLxNLHy5cnRA2PrCSEsXRyijrEnx4eImftK8ZfvTZl37stCAbxi5wrI4+d4ET8vSLXzTz/9FEdbC4G3JW7mk9VudicpZmbKPucCeL1JOOgr+52bYGmurBwnjwvolW7oWQGurFwYTeX6bLHuTQLwWnbWFdPWXMW+lhq1W71G7WbfSP2m9ZSX51ApbX9VXjYzvNwwk2tTS+q0sQTzYa6uVBVkqWPqHWLlJ//a67yjp41zB9o5LMavJMod3VajrujWrVi6AnWRkLMnjouZH5Nynrev93Pv6gkB+kkuXu7i8vHDEhD2cObEUfkuBODdh7l4TIz91CF1FTlledhzAnRlP/WMpIVEKTAXC1dM3FP4YycS4utgLLZuKkd7vO1t+NtxeaG+owdE+7u5pGwHd/EENy6d5ETXXgpXpRDtb8/8cA8aNqTR2ZjDpjUJpMVNZZqfIzOD3cnJTGLfzs28eessX3/yFt9/cY/vpHz+wU2+/Ph1fv32Pr989SZH92xkS1EKzhJB2hpp4OtiytwpXuQumc3yhdO52FnHlw/7+P2bG/z53U0pUvk+Os2fTw7z1eutnN+6lOwFYk2LpxPuaSkQn8zo4cPQGT8OjTGjMdDTkojWmvolwWSIWeZEmFMb68jmBIFflj/bl/oxy240SX4Cc1epOA7jSQsxoi7dn23r5rG9egN79x6guqqe5uYW9h84zBExb2VMvKfnNO3t3Rw71k93zzGKS8pJSEgiKTmVhQmLsHd0IDZuYKelrx9c5U7pPK7nhHFtlS/XxczfyAnknsD8cWk0729bzhuNWVwtnMOZ5aEcX+JLrwC5e7Eb+2Mc2DPLTrXxbQLjFhXgFupqcbtm26hgbwg1YstUY7aLrbfNsRHgW3N4kSvHUr3pW+ZHb6oP++baqbuz7ZxhSXucuwQD5up4++ZQAyoE4AUemuoqc2oWfbQtJT66FIutZ9kpmeuTWeEscBeolwSZUSHnZdpPHJhXrjlKXc51nvkEdfw81lIAb6XBIlst1njrUzHVllwPHYr9DdTx+B0SjPRmBHJUoL5pljuhllpojRqK7ogRhBmMJ1FJ5BGwmwnAJw0fyqQRwzAbO4zAyUOJEttR5q8/uHlpYDtKAcF/36v8f2a3C8z/nQj3D2Xc/O//aeRKhvu/x84HvzDQDa8sOqMY/Utye7wEhsY62tLgjWGm2HjOvFBKU2bJtRaFn0S8YWLtMYFuYuaueIkJOxrrY6WvjauVOabKEoxamhhqTMZEWwdNsWZHSxu8nd2Z4h/C3MgZhAWG4e7oqoI9MngqUeHTmBc1m8Vz48hJz5JGNpXEmfNYMC2KICc37AXaNgamWOmZScBgjYWBBXamdnLfXCqxI9529kR4uDPNxZ74QE+8TPVxMtBmrvx9a+ZH0Va1kbNiBW/ffl2dtvbZJ5/y/LPPVair2/Z+9oDHZ9bzqH8DT85v4unlBt7uW09lznJmxWwielYpbr5l6Dk3YRe4h60tp/jkQwnSf/6ZWzeusTB2HovjF1CyvoTaqmoV5LVVNVRWVLFJbFyZ7/7ZZ5+pi8Yoc96HDx3CyGFDGDr0NQaLnStANzEUu7I3E7CPp6FWwHt8P33H9pKZsZD8nHTef/IG3YfaaW6q4fjRg+Svy8La3JBxo4bJ9zWcgpwstCaMksbenDnTwwQOs8Xe55OfnaxmXzeKZV07vo1Hl7bzwZVmvn5zF7+9f0TN3+H5VYGzNJh7i3CQ4MzMxJSNuTnSDsVTsXohR7at42bXJt4Rifj0xja+emM33719gK/vdcrrtPPF7V18fXc3f/z4nCfv3hNQi4EL0BVYB5gItA2H4yb3nTQHCVQH4zD5Rdz0Bqvd8UpXvL9A3FPnVbH2Vwg0lmtdTD1UoB5oMkKCArFvVx1muhkx29OU6coWphbj8FKCAZPReEiw4COBg6sA3VVHzHzcy7iMfxnXiUPw1xtHgN4ogo3G4m86GavJw9AUmCtAnzj878SEO7KlMJn2+mw6W/Lp3l3M8X0V9Ei7fPpwNddPbuXGqW08fKuPd98WiD+4yIO3+nnw5ikePzjPvTt9ck0d4d3bB3n8Zi+P3jzKrdNbef7sBj//8im3b58hf1UsyxIi1Dnpy5KVLnjltgL5MDF1Kcq8dGX8PNZHvrMAEmJ8xdC9xNC9iJvjQ8xML+bP8KIoP3OgV66ignmG5vLZmWNjaoS7wTiBto7a3e5ipmyLOlGdg26toyOB92R1QRkbgb2btQHR7q5qAlnZ6qXsE3g315bRUF/Hzi3VbN9VRcvmchoaNlFXV81mafurq9dQUbyGTZs2sXjebHSGjMZQmdIqUHecMEGCxaV0tdZyav82dSvTEwLrUx27uCrXWb/cVuamt25pUGeStIrBHxLwH5HzTvfsUzdouX3zKlevXlUt/cKFc/RdOs6Vrk5OHz2qZsafk9fo6+7gQmc7Z08rUO/llLLnuryGkiy3NDmeKR4e+NiZ4iUw97C1wcveSpUQDzsr9TFHCWT+dqSrjeO97Zw6IS/e10W/vNCFM0c5cngvadK4LZjiRsoMP1YnSWScs4DGdQtYGhtE7HQfpvs7Ubg6nT3bGyQiv8j9O5d48uCSwPwW79w+wcN7/dy52s1HD8/z2eOz9O3dyGr5Qh0ExsYaE7AzMRbbcGC2vwt5iZG0bEzn84cC8e/fFKDfhq+uSkXs5Ye7u3hr3xoOFM6jLiuaqvRIZnubMMXVFH8nY2YFOzE/wo0pzoasn+9Beqglqcqc63gXqmPt2b7Ei+J5jmRMcyTe34T0MHNWRUvjPd+HwsQwGnMWyhddT2fnYflCa2nbe5C9+w7Re6SfowL1Y8fOsX17O0fkfk/PKfa0HaSjs0fu93Hy1FnOn7/Cxx9/wm/ffcm7TUu5UzSTWzkh3BCgv77Sm7fzQ7m/fiqPG9N4umcDtysSOL86gj5ln/g0MeskTzpjbdkh4FWWcG2JNGOTn47A3EwFd1OEYutmagZ6Q7ih2LvBgLHL+ZvFvA8v9uBoigcHYh1UM1cgf2C+vWr4ys81RyqBgTV1wUaU+mhTJsDdHGUrpu/Gtln2bImyo1Q+r1w3ZXe2SSx31ibdbhL5fiaqoa8Uo1eifxdpJDw0RhCgO5oQg7EE648hUqx9sZ0mmS5a5IhdrPc1pDhAX10MZ888e7UnIdVFF7MJIwXmw9EeOQxHnQlMszPCbvJo9MeMQEMaaeU5u3FDCdUYwgyDkUQJzKebjFUrdmlRISMGvcLLYtj/8X8dP/8rEU6xczURbmCu+ZC/EuOUjPZBcp5i58rUthfE6gcJ8DXHj2XMa69irjmWBeGerJwdTM7CKBZP88dfgJ4c4UvKVH/8rIwwlvdgKZG7q4UxrpamYss6EslL0dVDc/QY9Cdpibm7EO4fzKzIaEJ8g3C2dcPFToqTK24Obni7ehEmzy+cNZfY6FnMDJlC0vRIKpenU7dyGfkpi8lOiGd2YCCxU6YzzTcQH0c3HEytCPP2JH5quDznQ6wYyMIQb9yM9Qi2MyMxxIvyjAT62lq5e/USz54+5qP3/8UH7z+VgOh9Pv/0M/WzfP64n/fOlvL4QhVPrrbw+HQ+R7evJWRaHWbu9TiGtGIXtIeoBb2UVJ3h+Rdf89UXz6UBbCBulgQ6mcupkIC2TiBeX11DXU0dVWLolRWbBO7VHOkdWNpS2bFu2NDBDHttMK+JYb/y8su8IkHWKy+/hI6A3MbCACcxi/b2Zjo7tnFwXxNpYtkH9japQF+fu1yAK3U8xI8mMaz+071UlObg6WBFzuoMzI20iYoIJG52JKkJc1Q7L8hOobpkFa+fP8gHdw7zr5t7+PxNsWsx65+fdPP783P8+flFFc55qdGYGRviYa5H+dpl6vdduXoBvdtyud65kQcna/jwYj3PBeDP7+zjq7c6eXapiY8vN/LNOwPJcLUbloudv4Knnli4FKWr3VNv0MD0Nc1XVEt3mPQiThov4aY9CB/DoYTbjMfbUAH8kIHztF/FW4KBYNOR+MnzwaajmGqrwTQHPTlXkyArZfEYZVraWBzExp2VrnsdqUMTB2Mz5iV57cF4iLkHSWAdZKNFmIMOnmLz5pOGSF17kYlDX5C69RKF6dG0FC5hV/ky2muz2b85h/bNuQKpYjHBCs52VXLleJO02z3Sjh/hHWm77948LrYuxn6tg5sX9vPongR3T8/z3ltHeHrvODdP7eCTJ5f57ffP+fX3r7j31hUK1yayTOl6FxNPWxhOyoIpauJdalwwycoSr7GhAkyx87l+xM/2FagHsTDGm5gZ3sTK/bjZrjwQO//mk89ZomPFXE19wl/TImKsIdMMbZlmb024slCOiRi5pa66Vaq51AElIU7Z+1zJgncXS/d3sCM5MoiyVZli4qVSatQEtz2Nylz0RgH5BlrF2PcI7LdurRGgF1BXnEdt7XqKNqzB3tAEg8GD1Xne09zdKV6/miM7WujvOMC1Q9tFgPeLYXdwSaB+ed/A2u57WjfL76miSV5/c2kpq5YupVSCxZ69W7l15oia5a5ktl+8eFHthj+vdLcfPsDJjg517Fzppr+ozF8/JYDv6xAWd3FGmHxu3x41KW721Kl4SSDv6+iIrwDcW0zd3tYaH7FzX4F5qLMzf+s+vJujPRJxHNkvQD/MWQH6Oak8fT3tpM3yZ1G4E+nyQWfM86Nk+VwqV84jZ1EoCVHSuET5kho/kxVLE7ly4RT3b1/gxoVj3L1xlp4D8uZ793D80Faaa/I507NDPoAWureswN1MC6vx43Ex0CLU3YHi5fHkJ8+ks3E1p3fl8d7V3fz62UX+VID+0Sm+e3MPbx1Yw5XGZE7Wp9FWsJDa9Aiq0iLInedOXeY0yhKDWSAASg+3JSHAkllimflin6VisTXxzqyNtKYkwYcFwZZi8sZkz/WgYc1c6tYtpnzVIlobqtize5980U10HuoVEz8uhn5ahfjhw33yhTcJzE/QdfgoO3a0cfBgl5zXw6HDvdx/+x21gj/t2MSNdZHcXBvG67lB3M0J4o3cYN4piuBxQwof7yvmneZMrhVMo0+CjK54e4G5u3rcM9tKLNqCXTNsaJpiROMUBdYmYurmNEwxlvvGVIYYUh8qQBdT3yyQb1YgP82SQ2LoHYtcOJToJjC3oTXagp0zrVTYN8nPKclt5X7K9DUdNfmtKsyULfLZ7FJWnpNjdbgldRHWbPDSZbWAOc1uMkudtMkSsK901yfdUZMAMQKlK89x4jB1jXYlGc5x8gix9pFMFWtfaKdFurMua33k902xZnuMC+2JAVTP8SLcRAObSaOkjGayAF1vzHAB+TCx8iGMF3szkts+EiyEaw1jmeMkEmykWE+iVyqb8s/axIjRAoVhr7wkNv4f/7/u9n/+ZedKl7sC7CHKlLS/5qD/e4GZl/7KgH/pL5i/oGyv+vcXGP3aEEYNfgU7CTJnetuSOTuMpbNDCXM2k4DRkjixcz8LXUwk2LDUHIebgNzT2gwnE0M87R0E6LpY6OmjPXY8RppaOFvZqSAP9w+XiNkFMzFtSyNLjLT1sTEyI8DFnUBXDzUTflaQNHLTI1gWPVVgvJhdxbl01JTTWVtB64Z17NlYQM6CGOaHBhIT6s/KhfOJ8vdm0dRQUqSxinS2lSDWhjgfO9bMCmXHhmzO/398vQV0FWm6cD13Zm534y4hQowAIYFAiBN3Dwlxd3cngZCEGCFOgjshSHBonODSOG007d4N7To9cvf/VNF973x3ff/HWs+qc6rOOTnUqXr3s189vI93X3vIFwLxzz/5mI8+fJ8PP3ifLyXhVP59em837w61CtC7eftiC5d3N5CU3MV8l/XE5x4iu/I8eUvPcvzlB/z22z+4fesGeZlp5KRnsnJ5HV3tHWLVa+hb08uanh4Berdq6t0C876uPvJy8tRlZcfKeR37O8zHjB6htoMPf+klCQXqLzBDT5OEGH8OH9nBrh099LTVkJWWQI0IwsF9W3n94XUGdm0gMtQfKznfCth7upp55eYFUhIicJVyIzE2VIAQRlF2AsvLMmmpExvbspp37h7l3Vt7xdC38ez1I/z6yUVQJOHrW/zrq1t8dHs/VZmRFMUHSsLmIuVbIIXR/vQtT2V/dxHX99bz8EgjT8608cmNTbwz1McnN7fx2a2tPHu4h1+fvskvP/+E27xpWGoPx1xzBNbaIwXOowW2ylj0UbjMHI+LmLryfJH+cIH9KJwMR6pG72k8RrZj1PZ0J8PRcj+9hLfYt7fxRLzE5APEwoOUyWLEzm2NxrJAoG2mNQLjSf/JnCkvYCF/y0ZnjCQTE+RvjcdVkl8F+t5yz7ibaWIpwJ8x6QW1DV0Z524q91ZzQTjrV6SxpTGXga5K9nRLCNj3r1/O0a11vLyznivH13L38h7uXR3g3vX93Lywi1vnt3D9zFquvryeJw9P8sFb53n/1WPcv7JLbLWVT9+5ItfJF/yLn/jnf/3KW4/vU1ORKlD3Jz/JT8KLwhQP8lO8yIr3ICPek0ylV3usN0li5UlR7iRLJES6Ey/bxhV56nW6u7aJuGmmJE9dQJzWHBIMDUmaNI003YUkzTQjYvQMAk2N8RWAu8lzB4OZAnJjXEz08bIyJVQgXBIXSF1BAdvXrGLd2l52r1vHzo1r2NzbQPvq55PHrO1rZv36NrXTW9fq5fR21EpZ30xjYxnpYcH4+fnQ3dnA+V3ruXhKWWFtN5cFtreUVdeG+jl75iA3DimxjVMH97FXDL25vBz3BQuYoaWFifF0Il2c1ZUWTwi4L1++rE77OjR0htO/2/mFM4c4vW+P2pnuyvH9XL1yXF1z/crpQS4dO8aFl/dxcudOqnJyCFpkofZmt7daiLP5PLF0U7X6Xen17q50ijt2pJ8TAvSTx/ZwTjIO5cOHzh5mcEcfpbFelEa7USxRGOUiBYo/a1ak01oaSVmCF+FellTkJbG8Ip+du3ayY8d2DhzYx4HB/Zw7eZyqMoHvlna5OA6xqbuG6sJE+TF9cbGaqfYe7u+s5tz+Xs4d2MC9oYMM7emltypVoF7PT08Oq23p//xySDLsw3x2uYd39lXyyvps1uX50ZsXSHd+IO3ZvvQJ0NszvejK9aUtzZUUr3mS5WqR72NCS4zYZ4IjDdEWDFQHs6MmnIoEJylIbalJD6AxL5i+uhw2djbLj9nBut519O8cELgPCLQPc+TIScna1rNpw1YO7D/MQP9etmzarrax7903yMVLV9QL8NmdM9ypDROgB3KzzIN71QLz2kDeakvkvXX5fNRfy3s7lvOgLYlr1QGczLTjfIE7J9JsVDs/EDdfzNxEHTbW4z1Dna+9y3MGPT4zaRfj7RKYtwiQG1z0aVdmg3PXo0eAvVZevydRzmXMQgZiF7JBAK6AXJkkptPLkGZnXdo9ZrDSUZdGV3m/GHSbn5j+koVsibKlRxKHOicDOr1nqx3lqhfpk2s5nSKx6hwrHUoE6PFmWrjqT2SR3mTmaozBXGuiCnMLvSnYyj6PGVNYYqJNpKkmGeZaZMv7V0riVOY0k3ixBnPNCVLgTWaB1mR0J41lvvZEzHUmYjhhFNpjRkghNUasfDIZcydSK//HYgddUqVgUv5dFdubKHY+adQIJggURgsU/r3qXQGzsgiLAu0/LF3pFPfHdvi/tZcry6kqVe3KELc/ZpUbLZ89Rb6DnbE+4R72pIZ4UyBwtJ6hidNcI5znGmJlqKUe97K1EBhbs3C2kZi4BcHevliazGOhsTKk0oS5M2YT4O6Nu6MrFqYWzJ01l5k6BpjpS+FjbU5hqIA4xJ/EAG+ivD2IlSiJDFWB3piVzDaxgP5VDSrUj/S1sbGmktL4SFKD/anJTGFZZioRPlLw+ct7PRaxxG4+aW521EZ6slXs9OVNXdw+fZzP3nubb55+zjdfP+OLzz9VJ5b59ptv5Gz+F+9d7uDJpQ7un+2kprwBB48eEgpOk1ZwlLyy02ztv8OHHz3j2dMv2LV1IymxsVQUlbC6qUWA3S0gX8O6vrX09vSq1tOrRNfzNnQHSVQmjh8rABeQjxqpwlwB+UiJEZKMDXvpRYYPH6Y+Hj1yOHpyPShrUNcuK6QwN5ns9HjVviuk3MhMjWFZZSGvPrzB7l1rCQ/xYZ6xAfU1pQT7exEh5zE5JoxCOW9VpVnULs1hlQD9wuFNKtC/evs8Xz05zfcfXOTnj6/x968f8tuzu/zj60f8+MUjnn30gCc3DnN6d68UuJaszA5jw4oUjvaVcWptAZe3FnNnfw0PjqzkwaGVPD6xirfPdvDBlbXqdfnygX4sBcTK2HIbXQGs7kvqmHNbveHYKKE7QgW7MlTN0UCsXULpIOciVu5uNBLvOePxNpmC2yxlOxFXMXtln49EoDKmXY65CtzNtYZLwvsCxmLjMye/KCFAV9rMZ02Sz9MQ09dQO8H5m0/HZ4EmtmL7JlNfwGDCf4qh/ycGAnVT7THUCWC7yhPYIEnLlvpstrcI6FZJ+dxVSn97Gft6qzi1u4VzB7sZOtLH0OG1nBvs4vzBTs7sX83Q0TXcvSpJ0qPjvHV3P69LwnT15HqunVrLZx/dFkv/ln/yK/8SqN+4fpaizCXkipUXJfqSn+BJbrKnmLk7GdEuJEUsIi3OQ2zcSWDuJjCXEMbEi0C+8dp99VpNWehI1DBD0qYZEq43l7CppviO0ifE0JTEaaMJmTSL1LHapI02JnzcLGI0Z5KqYULaLEMSjEXqFi0iLyWZnspKuru61LZzBbb7NrQL3FuFY1WSnJaxrqddAN4q13IjbatLZF8ta8XWu+Q93avqxeKb1Qlkru7Zw/XjykQxh7klPHvt0gA3b57glVeUc3GC18WsL5w4yoaWFtwcFjFn6iiMxPBnjh3LrGHDMJ46lZZlywTSB7lyRV57/hRDZwTexwckMdrHicGd6gQyFw8L3I8c5MK5c1w8f5KzQ4clmTrEKTH4NvnseHd3PKzn4LpQkhdLSwG6BW5Km7o8tleAfvRQvxj6IKdO7OfMyf1qpzgF7LvXt5AeYEV2kA2ZwTasyFxMpTLVX3IQKSGOpC1xFEt3JcjNGnf7BZSWFdEtN/nmrduoq19JZ+caWpua2L21l9tDgzy8NsjpwfWScfthJ4VbQky4nLAaBja2sqWrllfOCxyPbOKT18/z7UfX+Od39/nbpxf557PL/CZg/+61PXx8uolPXlbmf89hc6E3zSluNCW7sq44mDU5HvQvW8L+WslEiwOJdTKkNHAedRHmLIu0ZVuxG2ebQjnaFM6BtlQK5eIqlYuqMNKBhtwgdsqP29ssP2RLI10NTfSubmOdmMem3j7KcnPpaW9hzapm1rQ2sWb1Kjb2Sqa3br3aceO3755xtyGSm2LmN5f6cK3IkTuVnjzuEJhvLuOT3bW8u62cu6sTuLI0gKEST87kOHI2301gvoC90fPpDzOl12cGXR6GtLro0O41g1XOyoxvuuoQtHpHHarstKlxVHqqa9Hopk+Dsx5tAvcNi+eIqc9Vq+jXCPg75HOa5L2KlTc6CVwdp7PCYTq1Tnryvhnq1K9NyhrlfqasdJtJvZM+1dbTKBM7rlbmeveYQ7ZYerIULPEC1iAjKTz0J7FQcxxGE0dKoTJGtiPUzmtmGuPURV5cBPghpspkMToESiGTYG5AzHw9TDXGYz5N7MNwsro4S9AcLdKsDemQ32aZvTIefRo+BhPIFBtZG2RC7OxJhM+ZSrNk18q/3PRkNMeOVHuSTxaoT5Gtstb5HwuxKLb9B7CVeOE//vx/wF0x8xd/bzNXFm15bufPgf7nPz+3+ynjRmFjpI2nrSUBTvaEOlugM24kpgIcp3mz8LQ0I9DJlnBvV1ytLFg4azZRi5cQ5OUjRm7O/JlzMDc2xcJkvkDdmIUmCzARY5ijZ4iD8Uwa4wLYVZHCvoYy1pbn0lGcQ2VsGDmLpbALXUzm4kAK5H5oyMmitTCXloIcWgpzqMvLEYv3JktMoSQ6VEDuRXKgD4k+zkQ6WlLit4i2eF82FcRxvHsl988c571Hd/nqs4/57qsvpWD8iq+efcmXX3zOb3/7jd9+esprZ5rlfluNf0g7AVE7yFl6mvrOh5SvOMW1W2/zj3/8nXt3b1Gel0d2ciora2rFniXRXdPHhr4+AXqfWs3e3dmjGvp6MZ+u9naBuQNjR49SQ4H5aPmtFGgrvdqHD39JtfMRkjyNE1vXnDJBXePc3EwK4cRQ6mrKKchNE0OPp6Ikh5LCbDJT4sgRY09LiqJzdR33bl8Wk+9m0/rVLAmU8xAXrradVxZlsrQog7qluexa38z9i3t586oSA7x/7wgf3D/GR49O8tnj83zz4XWevXuV3374kF++fY9fnr7K529eYk11Bl0VsexenUd/Uxr9DfGc35gvkcfFLUVc21nB7b3V3D+wnKdvXVavy+QARyx1hmM1fYSAfIzAXSxdV0CuPwIrnWFYaSkWrRj7GNXcnQzH4i7XtofxJHWOdlej8XgJkN1nTcVT9vvPm0KwuZi52RQB+hTCLXXFQKcSIPegy4yxOOiPEeBPkdfL+0ymEigAD7bUI2jBdPxMtQhcoIvvfC0sdCTBMBjFQoH+HI3hqqXPlGSgSASmNSeQrsJQ+kTI1i2NZ3NtKjuas9nWlMnO1nwOrFvK4S21HNvewsHNTezfUMvg+mqObqvl5J5GHt0Y4J2Hx3jtej+v3T6gtq1/8ekDPv7gFX7++VN+/e0r1dT/9V8/sn1TG4XKtLAC9AIx9awED7IE8OnxEtHOpMS4ERfuQIo8ToxyJVnK45bG523nO6T8jZ9sSNREQ0JGGxA23ATvcZp4j9ciboQBQWOMiH5Ryqcx04gWoKdO1CRNZw5pk2YQJfBPEFst9AtiVVYxO7ob2NzXyQ6x84HNm9m3dRPbexroaF1GhzKtcl21OitcjzCoR553NVRK4rpUgF5Pr5j94a1b1dXWlGGVD0VS37h4nBvXrgjUjwncj3Lp4ll1AZaH9+5w/eppDsg9kRgczFwBuMZoLYxHjpSEbApJ4eFy/e7g7KFDXNy/j4sH93Py6FGuCsjPH9rN8YNbObtvC6ckzgj0hy6eYOjEIU5evMi5c8c5c/AAe+T75yck4GZpqQqFy0IjXCzm4m5trQJe2f7p0IFdHDu8l5PHFajvU6veTx/bS9+qMpalBYpVOFIhJzzV14IEPxsywt3Ii/NRVwCK8LUh2N2aYC97stPiBOplpGfksLSqhvCwaMKCQzm4ZzM7Nrazf2cfe7e1s7K6AGcHW3l9Aq2NVSrUd29u4+DOdoG6QPuNS3z38W2evneF3765x69fXOPHTy7x48cX+OXJIb6/t5nPLnby5ZUeTnVn0JrqzOayxfSLeR9cGcWhhmiONMWxMtqWpqiF5HjMonzxPA6vCOTllcEM9cRxdl02OeFOVCVLgRpuT32aJxvKQti4SlmVaQWra1fQ0dBAd7NYe2sreck1bf2OAACAAElEQVTyXSWjW7WimtV1y2irX05nYx23rj6/ud/atoxblb5cETO/LUB/WBfCuz1ZfL5LQL6llMc9GQL8GG7VR3Ak1YpT2Q4MxlpwNNWanUvmsDNkFlv8DWhy0KTebhqNjlqsdNBWQbzUTouqRdosd9Ch2l6bvIVTKLHUoMpWkxp7nefGLibe5WNEm5IEuOjS6iEm46BFg8BceV+RvKfIQkPsW0cdU77CUY9asfWl9npU2GipkF8uCVC5g4Fq1ZXORmQu1CZFCpWYuQL0GRPVavZZk0ehM3Y4mmOGycU6TLbD0R8/AlMxbHONsWrHnLD5BsSaG+I/S5OFOpMxnToWC0kEgqXgKrHTlSRBkzJ7fQ6m2DIYZ8lW+Z12JjtxstCHwQw32l30SLWYwaHeVr7/7jtMdDUxmDQOnfHj0Bw3Vo0JcpP8AWWl/VxdLvX3rdJB7rmxP48Xfz/2B8j/8r861imGP07Aoz91okB5pgB7AW7mxmhPGIOFkS7etguJ9fMkzNOFJR4u2JiZ4SI3TkF6Fou9fHGzc8B8lilWpvOZoa2L4TQdLGabYjl7DjFO1nSlLeFoYxFD65s409vAvuZldBXlsDo/i+VJsazMSKU2PYWlyfHUZaeLkUeTEOBHbmQYUT6eLHF1JifEj7IoKRxDg4jzcaMg0J2qUA8254QyuDyLY+3V3JJC4b2Hd3j6kdi42PmPAvPvv/2aH3/4Tg3l3+OHd4mJWcEij/XEZ+9nac1lCiuHOHz8Md98+yNPv/yM/h1bSZNCo6ygiFWNzQLyXjatXc+GdRsE6OsE5GLkPX3qqlSbNmxiefVyjGbMeA7zMaME5LJVgP7fVv6CGkob+hiB/NRJY9U2zyUBniTI/yklLoSSoiy1PMhKlb8r5yY/O4UESXjSk2MozsugMCdFHabWVF8pz9OIWBJAYrQyA5m8vjBdDD2T7pZqLh7bxp2zO9X1za8d7eOiGObNExt5dG0fr17fL2XKdT5/comvPrzNgxunuTl0iC/evs6987s4u7uVwe5SukrCBOopHOtK53BbCse7MhjaUsaV7WXc2rOcn776kCevP8BWwG2tPxz7mWMJttYnynk2kc7GhC3SI8RGV+3trvR+d5ohya7YtNvsifjN0yHEyoBouc8ibLVVeAfP1ybEXJsIK13ibPVItNMnxd6AZIlUeZxoqUW8pQ6RFtrEWOuS5TqHIt955PsuoCzEigK/uWS5zyLb04RMD4Gb6yySnWeS5GREhLze3Xgy8zSGEWxjRF2SJy3pfjSl+tIm187ayng2VCeysSaRTXXJ7GjJYVdHEbs6S9nRVcHWjjJ2d8rz9mz2rS1j6FCPWvV++Xg3V8XMX713jA/ef4Wnn7/Jxx894sefPuVvf/9GoP4jX3/9EUsLkihJC6I4VRmyKYYuFp4RJ9sYT9JivUiMEJhHOgrU3UmIcOVNOa8/iJ2H6BoQ+mcdAsZNw32qJgGjJhI13hC3ETOJG21E0pSZpIzVFODPJGbqTMIm6xI8Xmx9qi65embk6VvRHp9ES61AurONgQ1t6uxup9avV3u3d6xukXK+Qn7rEjqrpUyvXUa7skLf6io6lhaJvNXS0dHOzrWrOLNtC1eP7WFo6Ai3zxzj1Ssv8/DUqeezqV4bUmd6e+PWWZ48fMird+5w88YNDvb2EB/sSYiHp7pQU2NhIacPHFDXRhk6JfZ94QQXBdjXTg9y4fhhhgb3cblfwL5/P5d293P2pOy/cEydE+aCAP3oedmeO6zOGNdUUUGMryPBtrZi5rNxtFigGrqD5e9V7gcHt3P08G5OCMRVUz++l9MSB3f3sblF/sNlMZSG21Gb4EJDmg9lCb6kR7gR4W1Jergr2dFeZMcFkZscRWlBLsnJaerwLj/fIDlxbbx89ABHJQvpWrWCc3JiGpcX4ua4CAdba5JjQsWC68hJjSA/I5Kj/Z1cOLpFbrIbfPbkCj9+eZdP3jzDT59dF7Df4LdPLvLVo0G+uj/AZ9e38v6FXm72L+NoWwa7V0RzqjON/XURHG2OY32uGz2pDiQv0qU0wJSdRW5S+PlztiuJA6uSaCqIoCrJm9zFllQluLOnKZnBzjza6ypYVbNUhXfrimW0LK9iaX46jfJDNy0ro3l5hewrY+/2Lc/bJK8e5kqpC69U+nA+x54b5V48kL//Rl8Bb28o5K2+XO41RXGxwJVz+Q7sj57DiVQbdkfNZZeAfIOPHhv9DOj1UqZsFQO3nSZ2rSNA16LJVZ/lAvEya02qBfQV6lZLttOoltetFGuvk2gRiLe5G9AiRl6tgF6SgQaJcosp5M+fRLbZRFJNxpI6ZxwZcydQYiOfaTtdnfWt2FqLfHNlOldtiu0NybVWOrgZkCSGnmSuRfLC6cSaTWORzjimjx3G1FEvMkWNl9SYKmDXGivWJWEybRzW2hOwkjCbNlFMXgpvAb2z3iQipWCJFfPOXKDNCvvp9C4x53C2C2fKAri4PJSTxX50+5lyNtOeXDuj571cd+3ARGuS2t6ur0B9wliJ8QLbCYx4adjz2eF+t/O//g5tZavsU1Zc+89/B73EH1b+v4E+/IX/ZLLAaOZ0HSzFHBcYaKMzaTzuNpYkLfaX8CXQxR53O2vs5s9XO7PlyXUe5OlDVNASLE3MxM7noT1pCtazTQiys6E81Jf12dHsF+BeWlvLrV1dXN/VzXG53nfVVbKrfim9pXmsKcunq7SALZIkNuemkxcZTu6SIGK8XOUGXUC0i4PYlRc5/u5kB7hTvNiNNWI+u4piONaQx7l1jdw/fYQPX33A048/4Nsvv+SHr57x/bOnqqV/9+1X/w305rYzBCfsobrpAuV1l+jou8OTd5+pK4W9+ugeS8uKSIqNpa5ako7V7Qzs6ufN117n0OABtZp9bU+vmEy32n7e1fl8fPl4pa189PPqdQXYCtBHS8L1RxX7Sy++oD4eK2aujClX2s593J0Ik3MatSSQzLQYMtMTyEiNJzcjiSI5Bxli5wmx4aQmRYuhR1Mo+4oLxMTVqvg44qOVxT9iWVaeTWlhCtUCdGWt6wtHNjO4oY6j25tlW8tutRp5tTpk9vbZrXzy+BIfvTZEn7zWx9WB9AQpMw5u5ruPbvL2nWMc3VhDfbov22sT6K+PZY+Y+v7WVE5vKOPStqW8Kp+j/GsVKbHRFwvXG4bTrHECcQMi7WYQ42hEsghEtr8FmRIpnvPkuSnpfgtJ919AXpAlhUELyfefT7b3LFKdp5PqpE+CJNrZnjPJlfeW+JqwNMiUsoD58lig7TuXYo/ZlHoZq4+XLjZnuTIsN3A+yyKsqQiW1wSasTTEkmJ5b5HvbHIE8CmOBqRJYp7qIomGjT6+YvWp7vOoCLWjKtKeBgXquSF0FISxtiJawC7GviKFrQ0ZbG/OY2tTARsbCtjckC+RTX9nIUd31HFmbxMXDqzieH8DF1/ewKM7R/novVd4/OoQT5++xY8/f65C/bd/fMfBfdsoSg8lJ8GLzFhPMpVpXdU2cxfSopwklOp3B2LDFtFSX6ie252rWgn602TsXpqK55gpJI+Ygs+LE3EZp0fSS4ZEjBA7/4uY+NgZJE+YSdrY2ST+eTpp2nNJ01xA9jRjyt39JGEppbOznjU93Wxf18GBze2c27WR3X2SiDaVqyDvEKAr0VIpVt68QrXy7q6VdHevZG3vKvZv7eFM/y6untnLpUvHuX/2oJj5Sa5eOSewPS5AP6P2WFc6u71x9y7vPnjAo0ePuHr5Mgf6+4UR27mgrNT28sucFCifPXuCqydPcuqqbOXzLg4dVSeWuXlqK0f27+WUMpHMnj2SmB7juvwdpVe80oHu+tmzXL54RFh6hC4RzFBJ+AMWLcLLciGuSljNEVufjbuVCvStHD6oQH0Xx4/sUdvSTx8bYGBrB6sqEmktjqRWQF4eaUdFjBMlklUlyAWaEGBNnvxASo/33Hhf+dGCJcMWSy8vJzeviKhouUGzs9m0bg07t6yTAqKBoqxkeb4Kf29XzObMoatlOdUlGQxsaaeqOJ2+jpUsL05l6MQuvpQs+puPXuG7T2/zy9ev8u1HN/jyzdN8dP8gX7x6hB/ePsZndwf48OoW3jjRwbWdy7gz2MCJzkxOtKWxrSKEzlS5YMQ80x102SjwOLgimCMK7CvCyA62oirRk+IoZzEfe4725HKgM5uuukJaqotpqpJYWkxdSTYry3JpKM+nsbKQhqUSVSXqkKC/ffeUe83xXCp04FKBPeezF3GvZjGvdWfzSAz9flM016oCOV/kyplMWw7GzmVnsBH9YXPYHKjHWg9NCS26XTVpc9GkbtE0llpNocZOQwVylY1i4tMotZxCuUA8Z8Fk0uaOJ2/BJCrldcqxMjm21GaqhIbAX1nDfBrFVprPh6CZTyFXYJ5hOl5iAhFGYwmbOY7kuXKjmEwkd/5kMiWSTSaTNE+DTDHyLMvpxMybRtICTZIF6gkC9ei507DTGc+siSPRGTf8eRW4AFxjtGLrI9CbOEaFronY+ALN8eqY8hkCYKNJY3AVmCeZaVNgbaBWpxeIbVTYz2BdpBWXa8N5ZXUyN5oSOVIUwBrv2RyKMeP67l715o4L8lFnZ1Ogbqw5CV35O8rQNmXc95SxY1Vw/7udqxb+O9T/84/Ob78//8v/BeZ/rNA27MUXGSnwMdDWxkh7KoYaE5g/ayZBbs6UikVHebvhZW+DrcDc1caOopR08pPSiF0cKnCPEqDPldfPxkxfma3LipoIP3aVpbGnJocLvSu4tqmJu3t6ubt3LZc2tXJ09TIGGyo52FTFzppiNkmy2Clm2l6Yw8p0gVpoIIneLmT6uVC2xJvCQDdqwrzpTAlhR0EUB6rTON1WwcXNrdx7+QDvP7jLVx9/JDD/gu+ePuXrzz/nq88+k/iUb559yd9+/Vk9ny1d56msv0L1yqvcuvsl//oXapX83l3bSZBEIjsjQyy4QW0rv3ntGv/47e98+O576jzw65TqdrFyxdjXiqH7ePkwSRKrsSrEh6swHyMgHz5iOC+99BIvyjlVgD5qxEuqvU+QhElXawreHk6EBClTfAarnduUKvWkuEhiouVcxkSQI1BPTogkMT5CwJ4gwE+gprKYqvICWhtrWCH3Zm5aHCW5ySwtFsiXpFNbkSuWVcyONbXs6q5mYO0yemoyWFWZyMHNAvitNZw/2MXbD8+KFQ3gaD0fQ319dU315uWlvP/oDO/dl4J2RxPtJeFibovZ3ZhCf2MSAy2ZHO4p4syWpXz4aIiff/oRT7lXlI5udoYjJEbhLkmyi4A90FyDUGttIsWuY5QpWe1nkuhiTI6AOc9vPqluM4l3FOt2nEGO12wK5Hov8plDvvcMSv0F5Ep/lvAFtMbb0BC3SK4jG3UWywqfeZR4m1LgZkSpjzFFAv9Sb2NK/SQB8JtNmZ9YqRwr8JxDsYC/WF6TpyQWbrNEZuZT4G9GtK0BnrMnskSZftl3IbkBFlQKTBtSfAXqIXQVh9NXGcsmgXqfWPvaZUn0LU9g7fIkeqvi6JXtnp5STmwXgdpcxp6+Ul4WqN+QJOfupQFuX9rPMwH606/e5cdfvuSnX5/xw4+fU7c0hxzhgwLzNClrk8NcxczF1GNcSJG/nxIjzyOdePzGfX757jv8NGbgOFyS6WHDsB85hdDhk/EeLlAfpc3iibMJGqlNmIYRMWMMSZsoVj5Kj9QxAnYNc9ImGZFh4UBTbDy9in13PG8L37uxTZKyLk6v28Dx3mZ13fqNcnxtVQHdWVm0FRWxRqC+q69F7f2u9A3Z0NvC/s3r1PHkp8Suzw0Ocv3EIK9f2c+tK0fVldIUqD9Uanqun+POneu8+eAmr4mpvy/xUKB+5swZLp2R1567/nxmuKti2hdOSZzmxqV+Lg8d58rZQ1zeO6BOHauMbX9ZLP20MsHMuTPqNLGvvPKKCvahoQuck/19ch8mhoWxWAzd2cYKVwulVnEei21s1N7vfzp5fIAzp/Zz9tQgJ5QOcgL2o/u2ckwB/cBadvTUUZMTSpq/nDDJMgsj7NU29cJoZ5YmedFUFEqt2G5JRjiFGbFUlOZTV19PRXkpS4ICsTI3J8jXDycx8sU+7kSF+GM+zxg9HW3ys1LobaulXsC5vruRXRvbxdLXcEIKvvfeuMpHb13lwzcv8+mTa7zz4AwPLu8Tg1/Lo8u7eXJzL88en+LDO3t58/xGXjnQwtWBlQL25exrTqE5K5DVqR7ELDIkydGQtkRbdlX6saMqlJYsX5YnuoiZu1Iu2WOTZKoDLVnU5UdIIZBBi1yEDeW5NAu8VxRlqlCvL5XCtjyP+soCLp8/rRaQTwY7ubFiCVcKnTgvwL5S7MprXRnca0sW0MdxJtuBi0XOnEpZyGDUHHYvmckmf0P6PPVY76XDGjcBucNUGhdNpcH+OcxLzCdQtnASxeaTBMqTKVk4kWzFss2nqqudpQiYM8wE0AL2IouppMu2QF6fJ6+psNEkf+EUcuZPIXWeAuoJpMwZT6q8J2H2WEJnjCPYUKBuMIolsl1iMJowo3FESoTOmkiI0XiWCHSXyGNf/XH46T/vwR40Y4I6XM3VYBJmWhNUE9cTWGuPH6UCfZYA0EJXgwXak3A20sLRQIzeUBPXWTqEmmpT5CaFksNMquwNaZWCbEO0JQNpztxtiuJuayIPOrM4XhLAQMx8hvLseXznBm8/fhPrmbpYGGqx0EBL7WFuLImCkaYyS9pkposNj3lpuMD8r/9T7f6X/3n8B8z/qGb/8/8P0JX100cMH84ogdF0DU10Jk9AVz7f0tSEJe7ORPm4qfOlu1hZ4WJtS4R/AAVJKSSFRavjzEO8/bGeOw9vK3MpwC1YHu7DloIEBmsLOdW5jEvr6rmxvY37+9Zya2eHPF7NUN8KznZWc2r1Uk63V3GsuZzdy8WG5Jrrzk+hNT2ainBfmuP8aYjypi8tiMHyZA7XZnN6VRlXNzby6MQAb1w8xUevv8rTDz8UmD8VM/9ats94+sknKtC/FbgrHeN+/fUXfvv7v8guPcOu/Y/Fov6htpU/fv2R2G0RiVExLKuoUpc53b2jX01Wf/3lF3VGuF9+/oU7UqgoIFcWjKipWobxTGPGKD3YR41+Xr0uMXbkCHVa1z9grpi5Mu58vJi5ErqaU3F3WoSvpxuhwQEC8XC1nTwzJZbk+HDClwSoVeyJsl+BeVJsFFnpyVRUFFBTXSp/t4S6ZWWUiqmX5KVRWZShAr2uKp9VdWV0NJZzeMdq9q0X01qeSm3OElqXJrO1o4SD2+q5dHwT964dYWVlnpRJpswxnslifx+KslN4ZWgfH70xpFbP97fJ71ATz7Y6AVlllBhcJFsa0jjY83zmsmMDW9WObvaGw7HWewGL6cNwmT0er3nKOPKxhFhrEO1iQLiDIWF2BkTJdZ/puYB0V2OSHPSJsdEibIEGsba6YtCGFPrMZnmoGc3xdjTH2tEYbcGKJWasCDeXY0YCbAG09xzy3I3JcNIjRz47TyLffQa5rnoq4Is9TSj3M2X5EmtqlTUqgi3E8s2oVmw+xI5lYQ4UCcBzfMwJszbEWxJsr7maxDrNJlfK9GUC1/YcZWW/EHpKQukuDaO7PIrOkgjWyLajWJ5XxLCjJZv9a4o5tLaM7a05HFxfxvFt1ZzYUc25A218+M4V3nvnBp98+hpff/eRWPrXnDvZT0GyDzlxrmRFO5EcakdyhJMaKZHOJIY7y+9X9HyNgfYOLMTIbV4ahtef/kTgf4zFc/x03IZPI374OBa/pEGclh4RY2aRPEZL7FzM/D9EQLTnyGPhk5kReU5OkgQvob24mJ2rV7C5r519mzo4sbmP/etl27ec7XKtrC0rYyA7kzYRyY6cHFpXrmSDMla9Z5U6tG3LulaOi2FflGT3tMBW6Y1+9uTL6kgwZR72y5ePceP6OXUY2ms3T3H79m0V5I/E0t+9f583JB6Jud+6cU2d7vXixYsCdGVI58vCj0Pq5DHKuulXzh8U7h7g9OA2hvYIiwXqQ2eV4+dUmCufq8SN6zc4efo0uzo3kZCVjZ+9Pe5K+7mUS0sE5MpWKaP+VFdTJDdrE4cGt3Dq2E6x83729/dx/MAmThzcwKAURqvKkwR8nlQneFAS40hlogeFUQ6UxjkK1N2oz11MdU4EFbmJVInNNq9qIiw0FCMlC44KY67Yy4I5JtjNN5MC0I1Zsl9PR0c9Fh3qT2VJnvo4NzNezcL37Ojj2plBLp4+xLWLx7h+6SjnT+zm6rl9nH95O+eO7+LMka30b2zg9ZtHGNy8kp0dpfStSGfNskRaisIpiXWjrySMFDdjMj1MKAsypSvDiY1lwazO8qEl04v6FBcqUn3pXp5GU0k81bmxVOXE0lKeTn1xKsvyU1WgK1FbnMUKiW3rutSL7+n9i9xpS+ViuRdnc2zF0J25VRfFG+tLuFQVICD34GDcPI4kmrM72JCtfrpslOh006HdaRot9ho0O2iwUmx8hYMmyx0E6Haa5JpPJkedN30K6fMmqW3mGWLmSXMnEyUFR4zxeDLleNq8icQbjyXZdCJJJuNJEYBni22nm00iQexbeV3YzLHEzJ4gZjyeqFnjCTYYQ4DuCPymj8RfdyTeelIACayDDccTIiBfbDyFkDmaLDaaiJf+BGw1RuI+fTyOYueeM7RwMdDA3WAy/jMmEbfQAN/Z09Sx5K4zNZmvPZnZ0yYwT+kBL69bIPutFRBrTsBDPqtACjGlF32T5yy2x9pyrtyfN9vieNASzcnyEA5leUoSFMa9nlz1/PaubmGRqRG2xgZYGU1XoT5XZyqzpk1mxrSpEppoT5rMsP984b8h/tf/S/X6n/8fMFf2vfTiS2pMEOOfPG4cYwXu+poa2JnNIzbAG18x8zAvdxwWWuK+yJ6s2AQBeRixAvPIoCV4yD63heZkeDlIYezH+rxY9gjMz69t4PKmFhXmt3a2c3d3D7f7O7m1o4Xb22X/xnqub6jj6toaXtnSxM3NzVxau5IzbUs5uDyLg1WpHKpK5nh9Bufay7i2eZVq+G8IyN+/fp4v33nM0w/e5RsB9w/PvhaYfyN2/hXfy/Ybef7t1/L8GyW+5p///CfffPc3Hrz+TLXyr589ZdeWzfL9g8lOy6C+pp7WplV0t3dxSwqOX35Spnf9J//1X//i2bNnXDh/Rm1Drygrx0BPn3FKxze1zVwBudJe/ryafZhY1UsKzFUzHybHhjFO7F2ZEMbVyZ5AP29J7r2IiQwROxZJSIwhWexcqUKPCl9MelK0QFysPD2RrLQkiguyKCvJpbKsiNLCHMqKstWq9/LCDKrFyhtXFNPRVEVrfRmb2sQcBegd1SlUSwJUluhDdWaoAL1UINzO7cuDqqBELPZmwVxjbC3N8XC2J1WSiUO7e/nsrSvcOrFJ7Rg20JbHptpkatP9SPGzYmmyF/fFytTOcH422OiMwFbpxW4wTDV1J6Mx+JpNwX/+VIIsNATmUu55zCZaWVrYeQbpXnNJdZ9NrFz/EVbahC7UJmjuVELk9fGLdMn3mkNNmIA12JgVoeZi6mYqsPPdDcn1EJt31xfbNiTDeTrpDtrq/hyn6WQ7yntdjcTYjSn3NaUyYK5AfD4rxexbk1zoywtkXf4SKfPEvJelsbk6VbbJVMd7kuJjQaCFJBguppJ4GJHtJ0l3hB31Sc6sTPGgJcObVZl+sg2UsjKA9qIg1q+IYUN1NIeV2sw1RRzZWMm+nhKOb6rm5M5aDm9bwauvHObdx1f54vPH/PK3Z3z/3ccUiexlxjiTJhKoVLUnhjuoPdxTY91JjXbnrTceqNdcgPYs7CRJNJZ70OU/RuMxahzuck8Gjxgnhm6Iz0tTSB6lSdTIacSMNSD1RUOCZH+spgVpJubkzjQnc7496f7+tBYW0tXZyc41DezdrKx33slhSUi3Na5kf201uyqy2Swg35mZQVuW0vt/GQPratjZ2cDOrpVy3ShWv4GBg1vUmeGGlKrw80c5d/k5jy6KMd+9foF7t65x6+YN3hOYPxaIvy3bd95+m4/efJPP3niDd+X5ew/u8+CNmyrQlWlfL11UFkM7wY1zB7hy9ChXDu/llHz++f5+dSKZM8ePc/X8eRXk9+7d48GdB9wcep0TYvzr5DuVJicTrkwyY2eFm4UZjpKgBiwSttrZ8aeYuGDiYhYTHxNEQW68ZOkFbNnQwJGBXo7tX8vA5ibW1CnzTQdQLBCvTHCjKtmbUgHmslRvWuSi6SwNp3NpDC0VSVQWJFG9tAwDXT2mTJhIXFQkgT7BeElGYaSlzTx9A0ynG2IugDedaUS4ZOuW8oVcHG0JCfRRF2FQMnNlGcY1XaslWtmwtp2dW3o4uHsTjbVlrFxRQXtLLWs76uVm7KOzsZSm6myyY30pSvIjLyGQCHczOiTjzPCaR7bPfIr85lIbY09TihtdeQE0JrvRmO5FZZIny7LC5X0hlKVFUpQSRUVWLHVFKaRFBAjU06jOS6VGChEF7O+/+4Tfvv+K+33F3G6K4WyeI+dznbm8PIK7HdlcqYvmaLod+2Pmst57Oht8dNjgpSkxnRbHadQ4aFEvAF/lrE27m7ISmsDdXY9mL0NqXSTjXqRFuth4irkGkXOmEGM6mdSFmqQvnEq0PI41EUs3E3CLhccKzOPFvuOUtnEBZo4Yu3IsRRKBdClgkudNIWHORDH0iWoVu2LqMbMmEDVjLEkC/BQpVErsDWj0NqZIjCHf1kCMXLFysXwrfcJMdHGdoYGFWPnCaWMx1Rir9nBfpDeJBQLq2VPHMmPKOAwnj1Or3dUq8fGjmT5htGzHYDBpLMbyGg8x+xJrLbLlO7Z6zuZIthu3G2N41Jqgrgm/JtSKU3menC3x4YMz2/n7338jwMkW5wVznkN9th7WAvUFepqY6kxjtpYGM7U0maGpzYSRo/8PkP/vXuz/G+D/vl8F+gsv8KKyiMuoUYwUM1Amm9HTmIavgx2Rfp74OjvgZmOD3QIL7M2tiAoMZrFvIEv8g1ji7Yed6VwiHaxoSwpSO8BtK0vlWOtSznSvUAF9Y0srt3e0cWdXG3d3reaOAF2N7c3c3bGKezvbeHXfGl6Te+01Zfjmrk4BfDM35R58ZVsLt7Y288qubh5IwfLe1bN8+fab/PDF5/wiwFaqKH8SaP/49bdq/PLdD/z0/Q/8KPHDd9+r8e03z2eIU/798x//4NW7dyiVgixBrLymsprmlY20rWpTx5Gv6ephSMzgH//4Taz+Z77+6pnY+XVef+ci4eFLBOBjVHAr7eFKB7jn48zlvP0Oc8XMRwxTYD5czH24auY6GpNxtLXC18uDyNAQYiKWEBcbrlazK0YeFxUqdu5PQnQYGcmxktQnUVKYJWVAkgA/VsqDRNmXSmFeOkvL8inJz6Q4J4mainxaBOSrV1bQ1VDGnnX19DXk0VQaT022fFaYExnhAqbKFLZ01nBwVy8NywqwWWCCwXQtTGYaoDFxHL5uDmxas5LP373JhcFuTmxdye7VudRlBJAeZE+MpyUZwYv49L3HvPnojrpq2iL9YbjOHo2PmSTCcl37y/0aYqmB55zx+M0XoC8SixSoJwtkI8XU48TEIxbpEGWvT7C5DiELdQheoEOg3KMhCyaR7TWbEv+5lEkZVexjQoGnkZi4DjkC8CxHHTId9Ei3NyTNTotk22mk2U8n10Wfcn9TsXcxdC8zKgPNqYu2o0VgvCY3iHVFS9izMp1zm1ZyenMjrxzdyKNzO7lzYgMnN9fS35wlQuNDoqsxjpLEm2qNVmehC7HWlX1KPwBTCoMtxXbtqJRyvz5VyssML9oKAtm+IoldjcnsbctmoDWDo2vLObiughPbazk10Mz9G0f48P27/PDTZ/z48xfUV6aSFeNCepSLWLkjyWH2JIXbkRBuT3yY4/P+Mj09zJ84EQe5Hxf95S/Ml3vRbfhE3P8qMBdD95OEO/SlafJYEqcxE0gco0HUn42JVzrJTTIidooRZYbmxCy0ozgykM0N1WxX1jRf28Ge9cKz9gZ29Lawp7JSooR+Kcu35+ayvySDbRmpDCyVRLpeYF5ew7GWata313F0fRs7tqzm7O5+Th48yGWx5+snDnNl6ChnrpxSq8Tv3Lmjgvet11/nHYl3X32VNx494tPHj/lUoP7xB2/yyduP+eDRQ16VY3evDomlH+PyyUHOKvO+iK1fPrGfC8qscoqdnx5Ue8JfunRR/VxlyeiHDx9x6fp1jgvQ+xSgy3eNcHMj1MYaD7Fye/PZ+FnOJNDOhj/FJYQSFx9KfEIIifEhJCiAF9NITw6lLCeaFelRlBUkiJ3GsCLDj+bsIBqyAmgpDKO5IISqFHfywmzE3J1oKQ5X53uvX1Ys2fkotKZq4mDrQoB/IgG+YbjYuZIWG4a3fJHFrg54WCtj6BYQF+KjThyRECV/PyaMpPgoivKyqJYTX68sxJCZQkZCFDFB/hjpamOgr01KQiTLK4toXC6vqSqgtiyDxnIBb34MIZ7WLPGwJNbLAhcTDbzmaxFmqaPOItcmdr4i3omSEAtqkj3JjfagMMGP/MRASQRCJQTuKZEUJIUS7e8mcI+nKjdFBfv77zx53lt4jxTIq1O5tiJUbDyIm43x3F6dxtnyYE7kuDAYO4+tQfq02E2iy3kaq5016fPTp8tDR7XwGnuBusC9yU2X5Y7TqXXVZYVEpQC9zFmPTKtppEsmr7Rfx8pNn26lQ7Ky0plExkINssXQ8y2nkmcxRR5PplCZxlYKlWr53EKBepEULhW2WmRJUlAuxyptNFkuBUqFtTZVi5TV056vn17laEhXkBk9ktWvkoIk03I6LnrKJDGGZNvNJt3FHNNp4zGcOArDSQJsgbX+BGU4zLjn8B43Gq1x8jvLVnPsKDTHjVFXL9ORY0o7uzL0S0/eayKJgLtYepoUdr1Bc9SlYC8vC+H2ygheqQthS7gVN2vCuL1iiXp+r1w4py5ZqoTL/Nk4zlWmNxWozxCo62pipquFsdY0jDS10J+qpQL5v4H+/zDyfwe7Mve78j4llGFww6UAeUEeTxk7jnlGRiQu9sXb3hZP+0UsmD0Hm/kLsRWox4dGEuTjx2IvH5wWWkhWbEGBjwNN0T70pIYwUJXBiVUVDPXWMbRmGa9sbeWemPmD3R3c728TYK/mvsS9na0C9FZeHVzHG0e28OT4Dl4/vJlXD27kNYmH+/p49cDzY68d3cabcqN/eu+GwPwLSSi/5x8//8Lff/qFv/3wkwryX3/f/vTDj/wqx3756WcV7D//+JN6Tr//9hv6t20iOiSYgswsSYwbWN28ms62Tno717Cmu0cdW753116++fprvvvuGz7/8n0uvbaWUx+VYGSiyejRo59Xr48eqa6YprSNK9Xsw3+vZld6so8TK1eq46dMGMNMA10W+3sTHOBDcKAfsZHhREtikCUGnp4Upxq5AnUlkuMiSIx53rM9NztZ7fWekRxHZlo8qXKv5wno87ISyc9KprI4g5XLSmipK2NN63IObG5gcGMdnWKhjYXRZIa7EuK2gJgAexrLElm/WgrotnpSooOYbaCDtiQZetoaGOqKMQf7s66jlrcfnOPGy5sZ2tdGb3Uicb6LCHG2wMfGmAYpW9Q+COXZOBuNFWhPYbGYeILbDFIFqEleRsS5GhBqp0eQJMKxrrPJWmwhYUuCADPc1lBAOY0IG11iHAxYImXR4gXaAnRtKZemku1pSEXwPIp8jCn0nkWmlAPpYuCZTmLlknArME+2mk6KzXQSLbRJtNIiQyBf5DObCrl3OzN92FQWykB9MvubsjjSUcKB1UUcW1PByfV1XN7fx2uXBvngwRmxxVN88uoZHp3eytG+cnUIW7lAO2rRLBbqjmHOtDGYaI7A0mCMlJ0T8ZfkI8BckxQPE7F4M5rSPVm/NJLt9QnsbEhgd3Mqu1oyxNSLOLypUoC+kgPbW3jnrZt8+fQJX3/zPh0N+aSGC8iXLJKtEylhdiRJEp8g3Dg8uE1dSTFQX5+FYubz//pXrP/0J+zkmnISO7eWfX7DxuDxwiTcR00gaPQ4AoZp4feifDeBe9rUaUTNnU+yvjkZArdkP2fhQKm6pnl/X68YeiNr19bR07maDR0r2VNbw2BZFpvz8jickcGW+DSOJEZzRIz+cEUF+6qrJUlZxaZGSXrWtbFx11rO7N6lrqJ28cABLr18UIz6EEMXLqjTuCrt2/fu3uWL117jHQH2kydP+EQef/3WW3z8WAxdmPHuB6/xjex/T47fF0hfvXCEywf2cf7kfi6dVoaLD3Kpf8fzXu779jE4NKTO/650tlM62d2797baBn/0xAl2bN1KQUEBsb6+hNmayjU3H08rE3XRFqW3+58SBFwJiUtYJhlys9x0zV7e7AkJZ41k8MneAbhY2WFibYmTpz2RgbbkSYaVG2JFWpCVZK7WRHmZUCcXVLfS3lQRSWNROBW50cyeOZNxctM72rmxOCgNL88YFtlKIenpz8J51mSlxOPm7MUCMzsSo0Nxc3GiQuzex8MdVwdHAr09WRLkKe+xRn/6dObqGjDPcAaTJ0zA1taG+Lgo6mrKaFhRqla7NVfn0V5bSGVuJH6uFpiKWc4zmILBhJewMJiM8xwNCoPms6ZoMatz/SiMsJYb35G0UEkyQt3JjPYlNz5YLH+JQD2MYDcbFfAlaTEC9UQ2dbeqN/Vnt17mUl04F6v8ubRsMQ+6s3ilI50zlUHsS7Rk25JZrPXRo8FhGstsp6o91psF3p1eyoQwBlQJdCsky653ma5CPEeAW+YwnRI7ga9SjWYzjQQx2WwpHLIFwJly8yaaTSVTaRuXQqRQCoYSAXSpvK56kQLrqZRLVFhrUGqloballyljygXqpZZy3FZbHXfe6KQrf9+YZnm8PcqK3Qn2rA23YFOkPE52Yk2IOWFztZk/bRyh86bjZTgRW/0pAvFRak/2qaOHo6VAesIoFdJ/2Ljm7zCfJqG0qeuMHymGPgLdCSMx1xmP7iTF2EcxX4w+w1KTZm8jtoabcXFpIFdL3bhe6sq5isVcqQrmXle+eo6XFeVJ5mmGl4SbxVzczOdgb2IoUNcVqOtgrq/FfP3pmOjpMUtbl0mjx/9PJ7i//OX/Wc3+71D/o1PdH0AfP3oM5rON8XWyJ8LHAydLC/xcXDGbOZuFJnMlE7Yk2NsfF1tHgj28iBa7S3CxIcfdihUhrqxJW8zusgSO1OZyrqOaK+saxLCbBOpi4wrAd67irpj5o4EOAXubCu3XD2/irRM7efvkbp6c7Of1Y9t44+hW3pR4LI/felmOndnPe5dO8MWju3z/xVMV3ArMf/3+RzX+JtD+2y+//jfIfxa4KyBX4K6MP1f+lRfmkRIbQ21VNa2NzXSt7ng+/ExpG18j2+7ns79t7FvHzz/Le//+Cbe/6mTgjThufL6GiZPHqjBXxpgrs8CNUWo01A5ww9ROhQrMxwvgx48ZyZSJY5ln/Lz2LTYylNioMCLCFhMfHa42rWWmJUrEkRIviXNO2n+3ncdFhqgLraQmRqm2roRyXOnlnpUeL49T1CFs1aU51FUV0t5Yzb71K3ntbJ+ApJXeukxKYt0Jdpwj148Rfo7zyE9aTI0AOV3u69ToYIx0NDHQmUacfI+ZkhguWjiPPdu6uXl+gHvn+zk30EZBpDcWsw2xmjcL+/lGbFnbKefze7UXe6il2LetAfGuRgL0mSS5zxTYGZDqNUNsXI4JfLNDHMgLd6Aw0oncoAUke8oxseoESdaTxKxjJKkOVaxeIlGsPcvZgBKfWeS5y+cs0iTVXptUZXIlOZYiyUCijdi+rb4K92RLbQH8DHLd59Cc6Ep3thdrcwNYXxjAhpJA+mTbkxNAX4FYemkU22qzOdhby6XB9bx54zifva0M3bvOV+/d5MMHJ3l4aj3HuovpLQwl0WkWXnOmMG+a/IYj/4ru5BHq9LHzdUZjOX00Hibyfd3mUBZpQ22aO72VEc/XwVgRx752SSTWl3Jsa7XaG/784XU8eXWI9964zMpKSeAi7EkJWURysJ0A3YkEYUhC8AL12jzSvRlruffmioVbDx/BAoG6sVxTFn8ejfX48TiPG4/fX0bj/+JYLIZNxe2lKbgM0yBytB5pY/SJmGpAkbEA3cKRFTk59NYvZ0dPPdvXd3Fw9SoOrV7BttZadrXXsrekmC0C763yuv1paRyUa3EgJZ+L6emcqijnYHMV1wXsu2tq5HEjJ9ds4tS2bWpvdQXq548d4+zLxxkaOiEwP8v1K9d5cu0+7wl4H6vxOu89+Zh3BeBfvfU6b717hy/l8TuffcaHAnrF6C8fOcIxgbdSxX5x7x5OK+3zYucX9g0I4Ac5duqUOqOcYueK1d+WhOHstWscO3dOXf61tqSEKA8PQuzt1XZzZxGfYNu5BAorBejhqpm3uTjQb2HFAUtbzjl5c943mHaHINKs3Fks0I1096JU4N9SHEFTXhDLElwpjXCgONqJ/HA7iqLt5WZyojTBhcbSZDzdnBk1bDiWZva4u0QIyGNxdlzMPFMbZhotYJ6JPQsWuGBp4Yr9Ig9Mjc0ozUvBwswCu4V2YkeLcLY2VWfyGjduIhqTpzBhwmQsrWxJTEqkvEzsvLaCJsnSm2pKaJZoqM4nPSaIxZJ8zNGfyizN8cw30BAATMJ5rg4p7jNoy/Zg67Jo2gqCyZVsMdrPTi4sV7nIvEiL8CUjKki1dDcrU/KTxdZTIynLiFcvvF+++pQLyxdzqtyXITHMW60p3FyVzPnKAMn27NkeMYc2V02aXLQpFagWCEwLxYaVNu8Cge0KjxmUCLyLF2lR7W5IkZMeIXMmErVgCpHKzW07nXhbXXyNJxFiOoVwM8nqzTSImifHlDZ1+Zw8AXW+tRbJc5WOchrqOuVKB7kk03EkmCht5bI1Hk/c7HGkz5ssVqx0nJuo9nZXxqLnmU2gwdWQNn8TOgLm0eI7R2A+n+VOSgJhyHwNydAlZk1W7HuECnJleNo02SrGrQDeQGxdb8Lvdj5+lLrVE4Dryj4F5HqTRjF76hjma49n+kRl3ygCTTWpdJlJ4//H2HtAV3GlC5c93bYJAiQkIQmREZJQRjnnnHPOOaMsoUjOOSNyVkBCCRA5Zxtsg43BgHO2u/t1+l+/7vf3nq8K91uzZs3MGq91VtW9Kq7kuqfO/vYJ35Hv4ESOK7eXZ3KvJYxrtT5cbQznxqIo/vDyA375+SfCxHojPZ2IkhLsZE2Qo9i6nYWauc3dbC4uJnNwmDdboD4Xy9lzMTachcaYsf+/7PzfMFeuH//2GBXm4+R8ukT6LvaOBHl5itmFEOnni7+rK8nRsThaL1BTvCqz2W3MrCVgDCBPzDM/1Ie8ADfqwr3ZkB3BkZoM+tuLGVleyZXNrdzuXMWDg+ulrFaB/vjYWj4QO3/SvUVgvoNnSlazi718dnWY11cGeHG+m+fnTvBUTP0jMfPnZ4/Kz3vUn33z4Jo0wq/UrnXFyv/rL39TiwL2f/7n3/mHkjhGjgrcVVP/45/4vQL/v/6Vv/zlL/JsVaoTf7Zu2KLmYVcnuSk5p5XlaMrM9R3b6dy5U0xmMx9+dYahF2Vc+KaJb/52jy+/fom5hakYuoY6CU7pfZsgZv7vbnZlNrvmxPHoSlBnMEVbnm1TgXm02Hg8aYmxpKfFk5uZQn52mgr0/OxUdQxdmRhXJPDOzUyS8xQ12VRedoqYewZFUiqKc6itLKGyNEeFvmLntRWFLG6uYmVHrTTaHQKkbTy/spszx9dyYGMDu5aVURinbGJhjLvNPPzlOQ7zdiQvNZbEyBAyE6LxdLajKCcdT4cFeDnZcnH4GPcvd3H7zH56dzQT427DvGkGuFia421rrj77V4dOkBtoro6F58sx18+IdHmOlfXkGfLsxMnznibALwizEZC7UZ3sIeLjSI2YaEOSk9itJfn+EgD4mZEplp7qMo0MKWWBJlQESBvhP4cCj6lqyZOAv1CuyXWfTY7zTDHyWeRJEJDvIVD3MqbC15TGaHua411oirGnIcpVXSZXHGpFY5IHbfK72xLdaJfjqvxQttZks6u1gKEDy/ngejdffHSV71/d51sB+4+f3uHLBwOc71zMobZ8WpPdyBOw+5hOxVh3HLO038HYYBwLZglM506WwHw8znM01Nz1ae6zaEq0Z0mWG/tbUzixrpC+7VUM7mtg9Phi7pzfy5WBTnV5c7Eybh7jQkGCBMGxckx0ZaB7H//4r/8i0sIKN83J2IiNW4/VwW6iJk4SmFuJpXvIe16/1cLnt5pE/B+apL2tjceEaYSLoWfoaJGrbUmFwWyqnJxYG53Ghrpadq5fJXa9niPrl6uTrg+uXs2gmHe/gPpQWx3HyxZyTgA+UF7OWQH6YH4RZwozGC4sYrihgaOL2zmzfBF9K8Xo5XMuCEQVqP97jFsF++hZbgh4/23pymS4LwToXwm0//D8OS/F0L/4/HO+lOOPr1/zxatXfPHxU7n2DlfF9C8cPcBJZdvVw3u5LsHCjWElu+qAui796tWL6nK1T34FugL2K3fvcv3qVQYlEFi3fDmZwcGEuTjj72BBuJsbwVKXY5RJcUVZcexID+Vovi/rPWy4EhHCw8hwHkZE8iAskct+MXT7RLDON5ISnyBywpSuKAtywhdQneQuMHeThs2awkhbKhM9WLYwllWN+fIA5qE9UYtQv0Siw/MICUjDwzUEe2tXzOfb4+URg6cY+wJrT5zsvXCydZUHzQt/Tz+CxdDtTI0wlOhsmq4e0/QNmKKnR0BgKJVVNSxbsZSVy9pZ2l5PQ1UBtWXZFGVJdJ8ZR0acmFNssDysFljMMRCz18d2zhS8LQxJlwh3d30M+1uS2CPRZW1GAKnhzqSEu5MZ7UdeQjD5iaFU5Sbj72JDmRh6RW4Cr148g3/9i/c7a8UsI7izKoP7Gwq5tTqHC41hdGfZczDRnK3h81gTNI+VEq03es9ioYcAWqLrZIFytkTWrbG2tBf4yz0KZH1DGBuWRIgVxbF7c7ZUvFS2bU1kR6ecby9k3ZpEWuojJKAIICfKjniveURY6QkY9Qk1lvtqpEX4PKnkcycSI8egmRMInT2RoFkaRBlrEzxHk2jjyYQbTSZqnjbRRsq1k0gy1SZXAoQs+awyh2nUus+kwduYPLvpRJrqqdBWl6WJletPGoueCvOx6jpzZb35HB0F1srSNB2slJzsU7QwFntbYKiFqb6yIcQE5grQlVnwc5Sxdb034+yx1vLQiVlsCLOgryyAm8uzuNuRwNkKL+6vSOOhFHUs7dgRorxdifZyVoEe5elIqIti6zZq97uSuc3dwhgnqR92RrOxNjLCbOZc9Cfr/P/ubp8gDYWuQElbygzD6djb2BLs7SeNfQKZMeE0lBQL0P1Ji5bgMCwcFxslA5wpjlY22JpbkhkRSmF0KCVSauPDaE8JY3dZCn3t5QwsXcj5dY3c2LGUO50reXhgNY+Prue9w6ulrFKB/tGpXTw9vZdPxb5fXxvh85vn1PLy0mleXj7Fc8XWL3TL6375+Rm1q/2nVy/5008/q0D/x1//zj//9nf++3/9Q8p/8Y9fgf53AbwC899//6M6210pyn+vXn7KxjVr2L55iwB8D3uVRDECcgXqnXLcu2sne3fuolNZX75pM0sPZXLz67V8/fun/Od//YWff/6eGdMN3yxNmzhBXRWgTCR8A/NxaE4Yj562JlMF5lZitso4uTIXprw4XwV5QW46eZmplBXkqJPgFtVXUirnBWLjymult06xccXMcwT0ajd8QaYAPfdNwhmxeeW6SrH0pppiNqxo5tCWVjHzbXx9bw8fX9jC2SOr6Nu3kv3r6ihL9Mbbzggb42lMl4DSzc6c+HB/4sKCiIvwI9DLgbjwYJqrlYQ0S6QRPS5AP8nd0YMsXZjCAqNpeNjbkBIVzrH9neo97CgMUe00x8eITHmuEx2nkeQ0jQgJoiNtphBhO4W84PnUp7hTl+xKebQdhUEWYu/mVEZZUhVpTpFi9RLgpzrJv7ebQrKdHjnKuLiXGLn3bGkrpoqNG5DpMEWMfIaAfZYE+SIi7nPF1mdR4mtMmTyrDWG2VIihJzjPlmdgCkYGElTrTUBPdzwmIjIuVnPlWZlDpIMYvlxXFmJOhwjY7tYsRvZ2qJP/Xtwf4ptn1/np5S1+fnGdlzdP8vziQS7samV/Yyotyd5EWk4h1FLaXXM9sXOxYhGNMNsZhNgYEintRZIEG9lec6gINWdFjq+0rbGcXJFD38Y8+ncUcf7YMtYuEhYk+gjI3SlKkmAhXnghpp4nr5X/zu45joeGBP8T9XCeNAkrTU2sJFi0fvtt5r/zDuYSNNrLufsETbzGTsFN6X6X68I19IifMoPUsSbU2rvSJMF3fWoMW5sb2bumg/3bVjC4ejkHtq7g4NImjgvQT4kEHmhoZF9tLeclUDxXUsIVsfTRnCK68wvor6riXH0Dw01N9An8dy2qYnf5QjY1L2RELL977176DxxQM8epXfCDg9w7c51bly7xSsz7pdLl/uyZ8OIFP3/yCa/l+L3Y+VcvX/L+6/f59Mn7Aupr9Ctboh7czcGDB+k63Mm5o0e52aNM9B7izm1lbP4Wj8TKnz35lA8//FjKh9yXz1e63c+MjLBj61bqCgtJ8fDF09GGZNcFhDnYEWlmxm9u78vj2bEsnnen8mh/JNea/TnpY8+NAB8+jo7jYWAkV10DGbTzYo2TJ+WxviR4WxHpakJhlCMlMQ7khEgjF2hFdpgdddlBbFxcwaK6KqbpiWHGFEpE3kBYULIYkDfWZvbYLfDCxysWd5cQFlg5Y2vpQKAEC1GBEQJSN2ICnKWiGuM4y4hp0lBra2mRl5fH0mVLWbNmOatWttHRUkWzPNwNlXmUZMeTnxZNfkoE+akR5CaFkxDmh4dYna2RATazdfAUoCd7mbCpIoSjYoc7GuOoTZMbYj+PtEg/0iK8yYoR80oMJyc+RM1+V5gexZZVHW8axUsSlbVEcX9tNo+3l/NgYzEX5fWxdBs6o43pTBDjjTFnZdAcWuUBXeQphu6iT6zAMyfalt3biujpqmZksJXBXokSeyo4caKCvv5KBoYb6Okpo+t4MUe7Sunqk5+fKGffsWK6BmrolnKoW352spI9e7LZtD6FlYujBfgBNAocyzKdyY60JsZzLoH2Mwiwmoq7wNxxtpJ3fSJ2UzVwmD4Bp+lylHNXObrNnESgwD5GHlL3mVoY6WowQ2s8UzXHY6gWjTcwnziGGQL06fJ6lvYEgbemgFsTc4PJWE/VxsJAC5upWjhPnyyQ13pj73LNbAH5XAH+XIG/sZQA0+mUOs9hXeh8uW8JXG2J50ptMDdbY9WtZL+5Paje59L0JOL9JWj0c1dLjLcLEa72hLvYEeq8AH8xJmVM/Q3U52JvMg9bk/lYzjFRZ1j/fwFdeX+MNA5a0mAos9mV/cut5N+GinFnxScKwKNoKi6gSoLRSH9/KrJzxOBcJDh0Yq7hNCzmivE5ORLj66FulpIbJvc/OZId5ekcbypkeEUt59Y2cnFDMzd3dHBnz1Ludi7j3YMKyNfz/rF1fCh2/okyZn72GJ9dEvu+OsSra8N8KsfnF/v5VCD+6uogL6+f4YuHt/hOGobff/0tv/9WWWOuzGb/D4H2X/nPP/1NLf/463/y97/+Te16/9PPv+cPP/ykAl2Z9a4U5b8H9+6ze/t2Du7dx8HO/ezb1Snw3sU+gfjBPXvYv0vOpSzvWIajvRN7T6zmh5+/4OXzj/nqi9fcvX0DTc0JTJjwZj9zZYOVd955k/1NSfGqrdQVAbq1hQnZmWLdKqCzBc7J6oz2XIF5oRixYt4KuJVMcMqSteK8TDH0dIrE3JWudsXYUxOjVTsvF5hXi43XSFFAn5WWQJWY+hJ57o+LmT+/sp1v7u7gmzvbeH9wKQeWSxBcn66uPW8vTyTW3x4ro6noaY5VU80GeruRmRjHqiX1hAe4S5uRypaVLVwdOc5PX7zL1cFO7o0eoGNhOvZmxvi6Krmx7Xn08AGvPnpElpchWe7TSHacQrTAO9RsEgEm4/GeM06Ap0l2sIBTnvOyCBsKfI3U2etZAmvlmO0+gywBdZqTAUm2uiRaTyHBRo9kez3SHCW4dhVbdzYk02U6WXJNpgQKmY7TKfYWcxeIlwjEizxny/k8yv1M1RJvZ8gMHWUHu9/K9/AW48a/xZixv+MdeT127FtoSkCurTkGO5OpBC2YSZavOW2ZfuzrKKBvayP3hrbz6sFpvnj/LD98fJGfnpzhu3dP83RkF7ePLmNoQ4W6Dr5WRK3Ax4TGODH+zECaUgOoFsHoSPdS7X9Vbigrs3xpT3Zkc1kwB9rS2VQbx7LSIFqKI6lSZrYLxPNi3cmNlWOctKsScA32HOJ///OfpNjYYKGrS5A8l14CanupUw7yHDu/9RbzJfC2lPdN5D1TKe7y/HrIzxRrdx83hcgJOhSZ2lFm58yqhHR2VFezTaC8SeB9bLmYucD8qByPLG9mUCDe01FNX0slQ2XFXCgv4pzAXAH6tboiBuR4rqSMq0XVDNbUMCCfVRsdSEZAMJWhQRTHRgn7wqjKymJdeSPdmzdzUaz9Vnc3twfOcOvyLe7dvssfxNK/Fqh/KzB/9ewznn/4pitenbH+4IE6oU7J+LZv7yaOd+6hW2B+5fhxRvr6GB0ZEuBfUK3/448/Fjv/iCdPnqrj6O+++76A/j11Q5fjW/ZRLs9CgLe/1ENj4hznE7zAglCtqfzm2Z5kXp9I4ovT8bzuDuf5kUBuLnZjvd1sjooRPRCwP4uN5KOEVG5FJ9KZGEVehDMhjnOJcDMmVaLWvDArsoKtiPc2JTfSiU0rWshMkYY5MonirGryk8uJ8o3FzyUAewG4m2MQ/j5x+HqE4+7kg7+bL9G+ISSEhGE/3wTjqdOwnjEHjznGmBoaUpSfQ+furaxf1U5HUwUtdcU0ipk3LsyjMj+B2vxYylKDpARQmal0nYeQHedHYrAbgY7GBEpUGekwnbzA+awsCuTQ4nRWSoVbWZ1IdIC9ROMWJAa5kR7pK0APIz7Em5xkZYvLqDdd7T9/wwdb8rmzIoV3NxaqyVAuKTDPsGZD4Ey2h85mX7wZJ3Ic2Jtkxd7kBRzKd5dGwIRtGwroOSUVYKBOwN1KT18VAwON9J6qoUugfkrev3JR7GJI3uurprtvISd6Sjhxsprte/Pk39VyvKuCY10l9CqfcaaFU4NyHGrm/MWljF5czMUrEo2el/fPLJLPr+NUfyOn5dpDR/LYuydT7CuH7RsyWd0eR2WulzR2Zjga66jANzecqMJ8pvY4sfCxAnQpAnADzfFqRrhp0jAYynvTBfaztMUABOamepMwFgu3maaDie5EXGdMlmBhssB+ErMVoIuRz9EXM5+qwywDXWZNmYyv6TQapWHYHmujGvql+gguVftzuyOGi80R6n1++v5j4nzdiBOQJwZ4Eu/jRoKvQF1sPdLNQYV6iKP1rxPlTHGTyuxgPAfbecbYGs/HUFf/f8bQ/98MXdmCVXvCBCaqE7gm4i0BZHRoGOkxMbSUlVAtgWNieBj5SYkkRkTgYmvHHKmPxjNmYjnXCD9H+Ts83IjwcJb67kxdQjBL0yPYVphAd2sJZ1bWcnVLC9e3tXJrZwcP96/g3QMrf4X6Rp717+b58CHVzpUx8k/Pd/Pp5UE+uzXKZ2LpryVC/+T6Jd4dvSjGeIWPH37Al5+85rvPv+HHr3/gD9//Iub9e4H3H/nrH/6sAl4xcQXkP3/7vVr+9PMbmP9NbF3dSGR4RN134Mj+AwL0TrVrXQH6/t27OCxAV6C+fPEyZk+biY62Lq0ti/jmm8+5ODrCy08+YufObUwUcCt52ZXu9TFj3lG72zUnCMy1JqKno8UCy/mki5lXlhWSkSbPflSYtAHxJMZFqFBXYJ4rsM8XcC8syVdBrsxYryzLp6I0X+1uV7riM1Li1OxwSsa4xW31VFeXqNnhinNTWNVcwuGNDby4uoOfHu7hy2vreXlxBXdONKprp5UVK/W5YSyvySA7xlvkwBLdieMlABEoTBVwJsSo4++lOcnsWL+YVS0l9BxYx53zR3h2f5gnN7upK0jA2coMHxcn8jLe9BodXNNAjrcJKc76JAqEw5XNVOZpCMzHShs1lmBrfbICzNQJckrimHRnsVdbHRXeyfY6JNroEGc5iRgzLWLNtYgznUCchaZAfYrAfDZJ8pkZzgJ8uTZTzrPE/nPcZlMghl4sAUGFrwklPnMpE5CX+JmT72kqsjMZ3QlvC7jfQUt7LJN1xjNZWwMneU605DhZgm+l6MhzPWvqBOyNdNQleMsKwjiwOJdLRxbz/vm9vLjdzZfvDfD6Xhdf3j3BUwH941NreDa0lZNtKRxuTmZ9QRCbCwPYWR7BEXl9rCOZriWp9K8pZmhjJTcOLeHaoXbu9SznzO4GtizKUDfvUuZbFSe4UpLoQVGiGLpYf3GSH4UJXm+GMY704D9JG395Jh21dHGbqIO7nFuIpVvK0UjqmLECc3lebeW5NhOQW02ciKecO+pMIXCKBELWLpQFBbGsoowlpaVqkpjNrU3sXFtPp7IOfelSBlY30t8sbWZrJX3K7mv19dxoEDsvLma0ooIrYurnBehDZWU8bGjgvJR23wiq3KQN9/SkWOw/3cODfBdnknx9yfTyojA6VoLHaq6Lqb/f08M9Ae3tc9d57+49vv3oI75XUsE++VhdSz4qZq3Y9fVr1+iT6/fu2U3vvo30H9rO6SNHONfVpY7RXxge5vr1a2rWuWdPPuGDDz7lk09e8Pz5c9XSLwjor1y5wsH9+2kuKCDDygWPGXNxmjqVPL05hGjo85srHQk835fE1/3hfN0XzLfd0Xy7IZZPGny4V+rOxXg7bvgt4K6vA49C/elLiaQlJ5Q4HzElmxn4KrmIvc3Ii3QUmDuSEmRLe2M5pblZNJe1UJNbQ158HhnhyYS6B+Lj4EtUUJI0mukC0XhSwxNICY4kITAE01mzJKLWRH+SJoZak1kwczq5GbFsXtPO6qV1LG2uoL48k0WV2TSUZ9FQlkFTaRKLJBJsKYpkcXmcOtEtL9aTzCgPMiLdSfK3I8XXgjQfU7KCLKVS29CW50drUahc40R6lCvutvPxcTSXv8WLzLhAwv2cyE4K5vmzJ/zrf/83j3ZXc391Oo825XFlcTzn6gLZG2/OtlAjtgVMZ3fILPaGz2SfmHp3vhu31+dyWOxz/95yTo+0cvHSagbOtnPx/AqGhhYxOCKVa6SN00MtYuhN9A/VcPZcG8Mj7Zw/v0rOOwTk1QwMNgvYKzh6vJzjJ0s52l3EsEB7SIV6gwr385dXcuZcO+dGl9B/pkmF/dDZFk6faeD4YAV9Z+o42V/KpctLuX55uVSqVVJpNstnt3H4YBlHD1SxZFEccYEWKtxnaCsAH6dC3XDSGDVv+3TNX8fPJ2swX4A+T2eCHLXU3dKMpPHwmqWDgwDd6FegzxUjUuzc2FCPmVKMpk0hxtWSpkRfNqS4MFQVytmaMK4uCuVaUxgfHmhXH/BNK5YSJ3aeFuJLWrAPqUE+pAR6S11zVaEe5eEoQaSdOqbuu8BMLH0erubKWnVzHOebCXBNmTRe4/9xuZoCeiXP+9TJ2sw2MGCGnj5mAujwwGBigkNoLC2R+loq338suQLzmOAAbE3nM1vfgDlyvdnsWdiamOJiaYm7jRWB9jZkBnhQGhmgrkFfKAFhe7Q3+0oTGewo5vK6Oq5vaea2QF0B+qNDa/moZycvBvbz8uxRPhp4M6P91fkuMfIhPr91nq8eXOOrd2/z6MIoF070cGTjbo5tO8jR7Ye40D/KJ++JMb/4ih+//J6fvvlBLT9/+yO/fPejaudvutkVS1eg/wt//9v/erPZxcEj7BdoH97bKfDuVM+VckheHxFrz8xIx9BwGpO1tAQA2rQuWiRB5ij3xcy/EUPPy8tWl6aNV1K5KpusjBurTorT1hSYa2tha2lGWvKbJWlJEvyHi9HEhAcTHx1CkgA9My1eNexkkYEMgXxeRhJZqYkq1JXskgvL8ykQS1fMXAkCivIzqKksonZhIZUlmaxrL+XwhnrePb2a7+7t5JdHnXx7awuvLi7j/dMS2O6tZaCzjd1LSmgvjaehMFpdurqqOR/dX3sUHGfMINbPk6zkGJYuqqL70EZGT+3l+O6Vavf9e9f6eP5gmHAvO+wtTKWN8uPh/Xv89c//QXHQfDLcDImy1iVcQBxgooH7jLdxmzFWXYvuK6COUzIses0iQQw+Qow9wmwikRbj5VyDEOOxhJqOkzKeSGVPdLH7aPOJxFlpC/SnkOqgzKGZIlZuQKqtASm2eqTY6ZO0QJc8txli6spY+nQKvYxJd5qJ91wJqg00mKE7linaY9DWeQN0zcnvMEV/AnoGkzCYOpl5RjOwtzPHQAL2aTpjCHKYS1WCm0Avkf7tjdzsWs+js7v48OI+nl8/xOub+3g2vJHPLmzn5aVObu6tY299FHuqotmaH8iJpiSONyXQuzSdizsqubi7lptHl/LB2T18dOkg75/Zw52TqxjZUcXWxjSac8KpkPa4VElGJseCeB9yY7wY7D7Ev/71L7IdHXEXK/dUZrNL3fN7eyy2kwyw0piEtRi6ldi4idQ3pShgV9anKzuY2QgjHOSaKMN5ZLn4UxodRYPUp8aCNNZIgLhegLxp9WL2rlzCvtX16sz1LYs76BFT76usZFgs/ozA+6JAfLikhiEBer+8HihfSLfAvktg2ebjQ5aHD0UODmR4elNj50CBkxMlcp7vGUGDbyR1cfGcXruZO2Lpn/QN8XDwLI/v3uXFzUd8/eGnvHr0IecHBtSNYc4J9M/IdUo3+7Zt6znRuU4d6uoVOA8cO6YuW7s6MsyFu9fVtefKuPkTgfrTp1+qlq5OjhPLHx0dZePGjSyV/48KaXtcdHSwlPvnoaFBqrYRv2nLCObKqnie9+fwzZk0Xp0I5mapGY8rHPl6SSjnwq256WfBY39LPg5awLUkX9pyg8mJUJZ0GONhORUnY6nE7vMpSfGjrjCWFW21bGppoyWrksbMcprSy8WOo0nyCycpMI7a7Epq0ouoTs0hKySKnPAYAp3d0JYvS1/+uLkG+gR5uVKRn0JNWRZleclUFSfRWJYiAE9mWV0Oi2uyWCSvGwpiWVKVyMq6VBryw8mMcCHWx5JoT7FufxuS5e9O8jMj3kO+/FA7gYKpRI4eNEg0HxdgR7inDRFetmInuoR6OxDmo2yL6cbKxW92/nl58ShX26LFyrO5uyKJK42BnEwzZ3/ELDb4GLDUYyrrAmbRKYAfqg5iuCmC0x3xnBnsYPT8UnqHBLwDTfRIuXV5Lf29NZw6XcspgXjvUDX9g01091eIWVcKZBXYi82fquXk6Rr2nsjjxOlKjnTXiMG3yWc0cLg7j97+KoH6YvqHG+kaqJTAoIFRCQL6h+V3nWumW97vHhSzl3/bPVxD11CFAL6asxfbuSBgHxGzv3hhOQePltIngcOZC4u5dGW1NPgVRHkaMU9Pg+mTFSsfp06GU8bOlYlt83QnYTplkmrocyT6V2a0m06R6N9QC5NfZ7Orhq6nrUJ93jR95koxnKJFttSPjcXRZPrZc6Lcn+4CNwaLvTid58GLc0f421//SkZEEKkC8/QQP7LC/MkI9VPBrkA9Qe1+d5Z6Zk+4QF2ZLOejQN3SFA8rC5znm2NnYoHxtDn/sxvb/x3qWhoT1DXmcwwMsTW3wtvVg8KMDFY0L6I8K5OE0BA1X4KXgyM2pqbMF4hbzZsngcJcTKZPw9HMHBcrS3xsLSmMCqUmNUHMzItUTwfS3WzI97CiKciJLcn+HCqKZri1gEurFnJLbP3dg2/G0p92b+fjU3v4WMD+9PR+Ph3t4tNLp3kthv71+/f4/OEd3r94lvclEr81dI6TWztZ27icdU0rBe4C9tOjPBVr/+L5a374Sknv+pMK8D//8sc3iWXEzhWoK93uypr0//jjf6hd7Pt27xaIdwrcD3DswAEO7duvbn3q7uoiIJ8spjcJTWkoFaD39XTR19vNB4/e5cnjh2SIqSrbnirj5Uqudh2tSWoXu77OZKzNTEhNjCUzPUmFemJ8FFHhQVICSIqPJC0plgx5vyAnnTox8oVlBQLxbLIF8Onys7zMFLHxInXsPEvAX5Cdoq56qa8sYGN7EYPba3ivu5mXo2v44e5W/vLhfn68v53PL6/m+dkOLnWW0rW+nAtdW+jd1caGljyaSxLEtGNY2ZCCwa879EVKHYl0d6QoI5nynCRO7lurLmc7smUxhza3qduuPr5+Cqs5M5g3XV+CPt03meGO7ybRSZ/oBcp+5cre5WPwFTv3mjsGp+nv4CBQ9zKZRIjAPsZOjzArHfzltffssfjNGy/XjsfPaBI+c8fhJzbvM3MMgUYTCDefTLyNPjFWYu2WmqQ5TBGAaxGvvJafhctnRJhqEmU5hUT7qcRbTyHaQpew+ZPFzpV5K+PR0ZA6PfG3YuIK1DXUojl5nFq85FkxnKqJn48dftKuTRGLnyemHuFiRFWiN9sXpXNyfSVXjqzgxsnVfCS2/vTsbp6c3szzM5t4fm63AL2BvVWRHFuUSmdFBIdqoultTeT8hmIuCdCv7a/j2uE2Pji3lfcv7FXLozM7edC/nvP7Gti8SKQrN4RCsfO8OBeBuat6ri5N7e/HUeqalxSryWLm43TxfktT7U5XdiizUOAtZb5A3UrgrgB9nrx2ED44yTFo2nRybOwp9QygOlLZLCyC0rQ4Giry2d5WwbY1yr7mm+S7XcKhJUvewFzsfVikcHdLC2fKyxmoqaGnup4z2cWcyithOKtItfaDaTmUuXpRYeIo34sDiRauFE1zJN3ThzQx9MLwcFpCQ6mPSmNlbrWaRe5x1ynuHh/kzugtHouVP/l1zHvH6tUckOetT4B95PBhdu7cyR4BfGfnBvbv3Khu6Toglq7MdL9+ZYTbt98sh/vggw949uyZauZPn36mHhXbvzw0xIbmZopik9QtmENEMJQ5B07y/FrLfftNQXYk1VFebE11FoPI47uLxXywzZ3X7QG8W+DMsP98nkbY8kW0E1/GenAzNYAlRREUx7sR522On91MaUwNcLGYRnKou0TGCaxprmPfoqVsKaxhX1UzO8vrWZGeS3FILO1FNawoqaMts5jWjAKW5JexuLgCR2trZhhOJUhsTEnnuGFlE4uqiwTkGWQkhJIRH0iF/K3tC9OoL4xhcXW6WtrK42kpjZZjLPX5keTFeArIF5Doa0l2uAOZwdakBVribW2I9wKJbm1mSqRuTnygE/lJAYR5WBPmbYuvqxXzZunj5WRJSoSvWun+6w/f8cm+hTzvlHuyOpY7TX7crPPifKktZ4rs6cu3ZU+8KYczHbi6LJ2H+yXy35rFyOlFHD5RTk+/2PTIcnp76jjWUyXwbmBEDHtgcDEne6rpFZieOFVJV59Ehn3FYuAFdAncT/VVc0wgfqK3XGBewKGTlQwOt3N6eBEHT5aL0ddxvKuSUwOLOCHX9gxKFNpfrQYEoxdXCaCXM3huMaOXVoqh13N8qISTIxVi5+sYvbyE02dbOXWmlVFpEPv66uR3VHF6pFkq4DquXlhLSZo7c3XejKVP/XW52ixtZS36RCwN3nS5zxVLV0zeSFesfvJ4MXuxeJ03y9pm6miqu5cZTdNTi668nj9DjxwPMwkA51IWaMHpSi96sxzpz3ZU7/X5kQG1mz1NYP5voOdEBKolQyCfGuhFvGLqnk7Eiq1HuNmrqQ+Vteqe1mZi6fNxMDHD3tSKmfrTVSP/vwJdWXJlNGsWJrPn4mC1AGeJuJOjotmwdCnVBfnkJSdRlJ5KYUoyxQKwcB9vUiIjyU5IwFqgbjF7Dv4uTvjaL6A4IZryZIF5aCARro6EO1iS7m5Ljps11RKwLIv0ZFtKAAeyQzhWFEN/XQYXV1Rya0sL7x9Zw6eDnbw6c4RXoyf4+uYIX1yTIob+9Xt3pNzls/s3+fyDD6U84eO7D7jW08+p3QfZt3IL2xav59Shbi4NjvLyw2di69/yy6+WrkBc6Xr/5bsf+PHrb9+kJ37xgv2797CvUwx9/z5OHjnI4KlutkmUv8DGVk15qy5HU47SKBjo6UtwOMKrV5/w/PlTXr18Rllp0a952TXQFegrs9mnStCmJGcJDfZXgZ6WomR/SyJZ7o2SKCY1KZqEmHDiJfApK8qhpqKIptoK6qtLBewl5GYkq5ZeIoauTH5TZrsrk+HUndXy0ziyoUpA3sJTeXZen+ng+1ub+OnOZn68vZmvrq7lk5F23j1ZK4aUxcCeds53b+XcsbVsaEhjVV0m2dFepITaojNBA5vp00l3sCXcyZbc5FhyEsPZsaaBfevb2LGilu3LKrl0aienD6/Hfv48putqsW71SvX+lUe7CcgnEzh/EgHGGgLmMbjPeQcPpcx9BzcBt7epFuELphIrZh0qdu4zbxLus8bhOPVtnKaNwdFwjHruLvD3mCmwnT2OQOOJhJlpEmYqkJXPThAbj7HSFGgr70mAIIFAgDI+b6Qh100mzkaHVKdpZHsY4Wuqj4m+Bnqab6MtZcL43zJh4ttoao1n7Pi30Jg4Bh3dCehLkO3nbk29SNAMCbqn6o5nwWxNEr1NWZTty/amFLrWlQiUO3ivbz3v9a7lo4FNPOpexQf9m7m6S4ShLYvutlz2Lwxnd3EgXU0xnFuXw+VdVVw/2MTdnpXcP72Bx+d3cX9kK++d3cHD4e3ckvfPHWhnx+J8WktjBLY+FCd7MHLqzaZW4WK7Zu+8o46X20u9cpRzW4G1u4DbVd6zlKOJ1EczOZ8tP1cs3UKusZdrHLUNCZtlTJS1OQnuHmS4uUkbHygBdhhtyrK11hZ2rV3C0c4l7BUb3rRhJUcWN7ClvV2d7DaycCEnlNSvAsYRMfOhujLuiK1fFJgfEugfSMyk2sSBuNkOJM2YTa6xiKCRLZlz7ImfvoASCycq/fwosHaV+tasdrk/7R7gfYHtR6P31CVnzwXAA3197Nuxg5MnTzIsFj589Cg9YuhKPnZl6+FDnTs5JUC/qGyreuoUV0fPqMlq7gjQlUlxSlHG0p88+UgFupJm9tyZM2xa1CyBRRiR8+2INzHBQXcOlsoKgbff5jeNCzPZU5/Bezsz+PZMPt+cyubT4/E8KLPhqzoPvmnw4asqHz5XTCrem6HCCFaURVKR5EFyoBWhzkZiSjPwsJ4ptjSbfHlYjrYv52R1K6cblzDUvJTumnqOVdexLqeUg02L2VfXyqaShWwsrWZxZj5b5cY6y5eTkRTOxpX18iWsoKW2iCx5nZMSSVK0LzHBzmTEeImZZ1JfFEdLZYrAPZVV8revbsxkXXM2K2rTBOjuJAVYkxFkQ3awjTpZT6nAdsZ6mM3WxdFyJpG+NsQHO5EQ4kyYpwDdRx52aYgdredJxdfl4yfv86///gef97TxaGU4t5o8BOILGMy1oDvTir4iJ3pK3DmSbU9voRvXlqfxuLOK3uMVHD1RTG9vpVoGBurpOS1Fjv2nWzg3ukqgvoje080qkI90FXD8VJFYch19/fVi2vUMjTYzdLZJAN6sToI7dKxE3m8Uoxfr7m9i/7EKusX2u6Sh23dQfpd8/tGuIo73ldEnAUPvYA2nxNQvXV7JjesbOHO2neGRJgZGGsTS5XNH2+iS605JcDB6eQUXxdYvXFgmwUEjly+K8UgQcGZwCdZzddWZ7gYT3xTDXyfFKdnhrA0mq9uoKoaugH26AvTJ41Xoq+vUxdItZ+gzf7oeDvMM1W53fd3JGBtOYZo0llmeJvSWedOfa8/r80fUB7y+JJ8Ef3dSxMizBeJ5UcHkR4eQFxlEtgBeAXqirxvJyoQ5bxeiBezhrnYECtB9bM3F0s1xNTfH2dwSBzMrpk0x+J/x9DHSEMydPoPphgbyt0zH2d6JtPgEAUc+jeUlVOZms7qthfbaOpbU17MwP5fKnBzaKqvUxDLKevfEkFBifb3Jiw5nYVoyKYF+UvcdCFYSI8nfpHS7F/g6sdDPkbZQV9ZEe7BZnpe9GcEcF1sfFMhcWVHBg51tfCQ2+XL4EJ9dOMk3t0b47t4Fvrl/iR8+vMt3T94VU3+Xn7/4il+++pofXn3G60cf8PnjD3l8+SqXewc4sGEH+zfvoPfQCR5L4/FSHvjPnn/Kz9/+IED/mW8//5JvPvtCva93b93igDJOLjA/JnZ+aXSItuYmAbeuwFxDneim7l2uzmCfiJ6uLlcuneeTj5/w+uUnfPXla8JDQ9QMcUrKV93J2mLmWsyfN4cAHw81YYySCEqx8FSBuZLtMT0pjhQ5V81dWVuem6HOVq8VqCtj49XlheoadGVcvVLJBFecR0FWirrHeXlBBvtXlPJcnpdX8gy8GGrlh5vr+Praeimr+V6g/vmV1dKI1nJ1TyHHF6fTu3sx3XuW0LWtmYOrq9jUUU6opwP25iZMHDeWRDt7Krw88Z1vRHJEEPnSpqxoKmB9a7lIQJyaYe7+hWMc2tqB1dzpmE57Y+cfSYAVaaVNkDIBznSigFoDf4F64HyBrZTA+XIu1u5rIkeBc5D83FeA7zZTQCUAX6D3Djb6AvPp47GfOgbnaWNxEcB7zhyrjr8HGI8j3GyCGLoWUeYTiTSbSIh8fqjxBKIt9QXsOuoxy02C4CBzaiIsaIpzVrdbtZo2ickT32KCxlvy3UgRWx8v5wrQx2soY+tjBOAaRPk5UJgUwlzDyRjojmO2BAJuZnqkSpu4tjiMIx0Zatf53eNLuXdsKQ+OtfO4ZxWP+zaJobcxuLSQHcWh7F0YwYYMVw5UhnJufQkXdtby4NQqgflm7pxazeOz27jevZobXau507eRa11reDi4nbMHROxac6nKCKAw7k3wfkeg5DJhEguUsXEF5AIjC6l7ynGB2LiZnBvLuZn83PTXbndjKXOUMXSlTNDEXU+PhPkmxLk6k+LuTokY89ryMra3NLNlfQebVq/g6LZVHN3QIfCsY+vGxexc3saxtjaOLBMBWiZtoTKe3tREb10VBwvfTJI7paSMLSinbJYzUfom5Bs6EDNtDrFa8wiYNZfoCfPltSk5swT29j4SZK/hutj13a5+XvSf573+i9y5eoP3L93mrID+ssBc2UXtshj6eQH3oJRhMfWuvTvp3bedXmXW/IkTb1LLXr3EtWvXuComfk/ZaU3ArnS/KzBX4K7A/pIECesWLyYzIgJvCVRd9PVxliB7nhRbaet+01qSym2JWu/X+PNiSzj3F3ry/tIgrqfb8kG2B09yPXk3w4b3sq25V+7OiepIVlXF0JildIkuIF5MONzVBF8x3xix3X11jYy0r2REDP1823IuL5ZITaKi0/Vy4xrbObdsNSMdqzhZt4gdRWLnsYlsKS6TQCCaLWtaWLe8npqybMoKM8jPiFOhnhbrT3qcvxhUOPVlSVTLQ9hUlkJHdSYt5Um0V6SwROCujNOkBkvU4m1Cmp+pFDMV6KGOs7Gcq8e8mTpYmEzD03E+XlJC5e8NcJ5PiLdA3deOCH9nMYhitdJ90LORrlRjTqaYcDzVlANJZuxLseRIriNdxa4MlHtwpSOau6vTeW9XGd27xSpO5nJMDLqrt5aTx0vo6S2i+1Qdew6Xsv9kBWdGV3Koq0wAX8WAGHKfgLanr4Rz5xvFtGs4Jrbe3VvD8e5ieV0qNt/OqdMNHO0p5WR/pQQHct5dIZ9fLQFAK719TepkusGzjQLsRk4OKNbfIOCvYlA+//ylpfLZyvj6Yi5cXMn5C0sZutDO8cGFnD7XLsGDFLH1QbHza1fXSIXZJlBfw77d5cyaPO5NQpmJ4/8H6DMmK9nfNJitNf7NRDkxdAXsyti68ZQJqrkrQLeaNplyL2OSHOYQ5zCXtnRfvO1McLZVemH0qI1w5Gp7LNeaAvnzV8/4/PUrIjxdBOgepIX6kSMQV4BeFB1KYWQIBeFB5IT4SxTuTboAX4F6gsBdsfQwV2X/cksJKi3E1C1ws7TEzXoBC0ws0NeegsbY8UyVSq+nrYOhMhZuMl/+DnsyExMpykwXqOfQUVvN1lWr2LRiBcubFlGZJ/ApLJR6F4OvizP5ycmUpadREB9HuVjlwtQEqfuBZIcFsTAphuXFWSzKSKQ1M5GVeamsSAtnXXIg29MF5iVi6DVpjDTlMNpeyO0tTTw+tJrnfbv44uJJvrs5xPcC9B8f3eAnAfqPzx7z08sX/PHb79Ty8xdf8pMA+tsXL3n1+AOe3ZWH/PIVLnR1c3LXXjke59ZwH4/v3OOzZy/4SgIABeh//uObLVOHB05zQOz8qDQcPSeOkJ6SiPZkLYH5G5Ark90mTByvvtacpMH0qfrq2PmXn33Kt1/JZ33zmjmzZzJZcxJTJmuqgZmN5XwiQgLUrvUMuR+pKQkkx0eryWHUMfDcLApyMtSlaspWqJWl+VSVFaqW3lxfRUVJDoUC9LqFxWp3u7JJk5JARtko5eCaKp72NfPRsWI+Ewv/85PD/HB7G58ML+HzS6v44d4Wno+0cXtfASMbBP7NSXTvbKdHoH5iWxOnBOxbVjQSKXUlwMtdbFuHZbHxtIeFEmQq7ZSdNYUpESwqTRGYx9Jalsy+NTXq+uzuzuUsEKDXFWWp925DfT4RFjr4zXtj5r7zxuBvItYsIA8QEAdbaAmUJxJoMkHM+238jSaoY+tO097GTv93WOi8jaXeW1jrv43tVLFLgbzLdPmcORIAyGdGWkwkxnKCgHySFE3ibQxItjMg09mQDOcZZLrOptjHmEVxDizJ8mBZjj/VyqxzP3NCbKZjZKAEZGLnAvSJE95m/LjfMX7879CQMkngPkXrHdysZhDnb4/pLB10tN7CQHsMtnN1CLOdxcJwB7aUhdG7PIehdXI/1xVybkMJ948u5aGA+eahDs6symVgcQYHpN3fUeRPZ6kvvYuTGdpYwdWji7ndt06sfBvvnxegd63iTGczFw5J239wMfdOreV2zzqOra9iUW44Z3oPvVnJ4haM/9gZ+EzWxVWeUYd3xLonTsJSQO791jsq3JVudrXbXUA+99fjv8FuKeZup6ePz3RTCaqMJGBzVieJbW+qZeeqFjZuXMX2LY1s376aPRsW07lpObs2Lmf71hXsEuAfXtLB4RU1HGpeSI8A/HB5KX05JRwtKGKrGP6BsiIqAsMJk+A/cK4RsVOnEjB3Jvbas3HUmIqfAD5lrAFVQeEM7Tmqrk3/SMoDMfRbvX1cvXyZm/2nuHG2R+5Jlwr1KwJxZXnauSNHOCPnfQJ5ZV37ZeXY38/FkRGuXBtU7V5Zg67A/PavG7MoyWju3/+Iyw8ecPJgF6samon18cHDwhJnPQNM5X4owxSWSpd7XmYMo1LZH6YE89nuMJ4s8eRWjh8jYQ5civOky9uRk2JE17O8uV3kw/GaGFZUxVGb5UdhrAsZIbby4RYURvnIF72Y0cVrGG4QK2xo43zrEkYE8GfqBTLlVVxeuobbazdzZekKzrcvZnCRQKmxmWNyzY4VrTQ3lFKSn06ONI5Ksglli8XM5AjS44PJSwujID2MkuwIyrOiqMiOpjI7krx4HzKj3CiI8yAnykns3JI4LxNS/M1I9DQiwnEGXlZTMTLUYraAxsLYUIBuLkA3w9vJVGC+gGAvGwG6PRESzaobr7z6iMNZduyMnceWGBO2JFiwO9OeLrHKc43BXO6I4d1NuTzams/TgzVc7G5i7850du9P5cCxPI4cL+TokRI5lnL4aBEnTy0Uq65n+FwHp3sFwqdr6RlqUGel7z1WRL+ydE2ArIytjwy3cry3hEMSHBw4liH2LuZ/uoYTp6s4ebqOXUfz6BqoYOiMYvoSCHSVC8DrOHPuTYDQLaZ//FQVQyMdAuoWRs4v5drNzYxeWMGtG5u4dWszZ8XKj/aXymdWcFYAPyhw7+1vkL+vnUtXVok5eakw11eArjleTS5jqPUG5obqLHhlbH2cOiFuro4G5vqTcJ6pjc10baZpT8Jpji71Aaa0KFtEynFFkjur0lyIlPu9wMyI1UnO3FyRyic9a9T7vX/HVgG6kzq7PTXkjaEXRAZTHBVKSUwIxdFBAnUBaJAvWcG+JPt5qt3v0V5ORHo4/gp1K2msLfG0UqBujZP5AsznmDJD34AZBoYCc6kDs41wdXIhMSpK7VZfWJDLoooymqsWsmn5ctYvWSxwr2HjsmWsaG6mTSL4dR1L2NDeQUuJgCc9hRXVC6nOSGZtYy2bmus4tnENxzet4/Dq5Zzavpkdyo58uYmszYmmt72MS1tbuXtgDQ+ObuZR7x4+Gj7Gi9EePr94iq+v9/Pj3bP88vgGv39yl5+ePuCn50/549df8Jefflbztf/lx59UU//+9Wd89/IV33z8jJcP7/Pq0QNevnefRxeGeDS4h8t9p7h14TKP7j7g2QdP+OWHH/nf//3fHN2/X538tnfnTtwcHdSxchXgv8JcQ2O8AOFXQ5cGwdfTTZ0I9538DV+Lne/YvgldbU2maGup4+a2VuYkxkaoKV0j5TtJVmw8KZaE6HCx9VDVzvOz0lWQK+Pj5cXZaje7kqO9WsCt5mIXS1cC58baMhbVVdJYV0FTTRn71zXysQSqT48X8aK3ih9ubeKfr3r49OxqXpxZytc3NvDLw+18MtjExW2pdC2NYUdtGMc21dG3d4mYz3JGjm9g96YOYiXgiAvwwsvUmJ5K+X6TEomTYM/a0IDEIIFjTQ6LiuPolN+pbM709EY3t0f24mw6nQd370hA9HtS3aYT46BPuLW2gFvujdE4Ak01CJovJi1WHSgg9p83lmB5L3i+tgBdmSw3BidDxdDfETMfg4MUxxlKN/04vOaOF8OfRIiyh7rtVELnjVMnyKU4GKqT3TJdZ5LvOZuKgHmU+xvRGGOvJo5pjrNVl4W1yHPTEGtHUYAZ8Uq7Nl8Po6nj0Z38tnx/b6Ex4Xfynb6jAl4B+1R5LmdJuzfTcBJ6OuME6O8wU388ljMnEWA5lfJQOxaneLCzMpzDdTEcqRPorsvlmpj549NbuXNiDedW53F2ZSGDyzPYVxXBntJg+toTGViZw/C2Ch4ObVKh/ujsVt47s1UAtYTeLVVqnvfBrSU8Oi0W37+R9Q1vknPdv36dwIkGOOrOI2iCAf5aunhpT8NNR5+A32rip6mH/eQpuLz9NtaTJzNf6qS5WLzJbyeqs96VMXUFYI5ipO7zDAn18mBRdjZbWhrZuqWVbVuWCMhb1W1Qt25dxraty9m7dRW71ixnw8p2tq9dwtbNS9neIWBvb+doYyN76kpYuzCfzaWl7CopYVuzsq1qKeUhIXgbGalj/crMe3stLTWbndlkA+LdQxhYs0nduOX6wYPqbPebUq6KlStL2e4q26AOD3NbYK5AXSmj8v7FQ4c4rySSkaJ0s58b7uWOXHf1mrJc7aqapEbpWr8qQP83zJUJcg8ePOXytVvStp+iqamJjPAUPOdLgDFRF2MJgMylOMp9+U1lRRYdKZEcCnDmXkUIH5aEcr8uli2+Nqz2tGVXoCunBfa3JJq9XZrAgbokllcrQBdjjnMlO9Ketsw4rm2WCG3pOi40S3TWvITRxlbO1S/iTHUdA9W19FXVy89XcaltMWfFgi52CDyWLmW0rYNhOV9TX0GWADw7PVYgHkWmmHlqbCBRAY6E+tgKeG3EoO3UZWZxgQ4kBDuQEuZClLelNOSziPG2EGMzIdx1HlHuRupEuDSx82j3uTiY6DPXUIe5M6ZgZTwdFxtj3O1M8XQwE5i/AXqot706Cejv//mfdKR5U+IxkzKP6SyPNGVXqjWH8p3EtAK50BrFjRUpPNpeyPt7yrh8uIKREWU8u4quUyXsP5gsEM9n/+Fsuk5U0HOsmidXd/Po5nZ1dvrZ/hYx8CoOiokfEYj2nG7iSFelaui90lANSTl8pEgMvplTp2rE8ss5eDJD4F0t/76Nk30SHMnvOtadxfEeBfwCZrH243Jdz5A8ROfE1OXaoxIUHO8v4qxA/eGd7Vy+vIarV9YKsFdy5cYqzo52iLW3c+XyEvqUdfBi//0jrZyW8zAPM3U9+r+BrhyVbHHGOhOYpfUG5rPEzC2UJWxTJmJnqCmNl7Y6Ic5g8kT8TaeyM8OZzgJPVsbZ0BFhwZ5Cb7bm+0mjNYcDpYG8t72cr+8O8c9//pOkUH/5HsXQA73USXEK0Itjwn4FehBFUYEq0PNCA8TU/UhXZr8HeJLg5ybBpIs6SS7UxfbXMXVrvGws8bBZgJ2pJfPnGONk54CHq5sUd5LjYgQ6ShrQJKoKc2itqmRVWytbV69iRUsrm1eu5MD2HRzevYeufQcYEhPeu34925avYHFFOXvXrmVNQw0DB/dzXux49MRhzncf56pE5OeOHGR3az1bpXHobCjiUuc6Hpw6yIdne3l2aYCXN0f59PpZPr06wusbZ/jq9ijf3r/CL0/v8ceXT/jTFy/48zdf8L9+/lFg/nv++svP/EnA/MfvvudngfrPX37Fd69eqetcv3/1gm+ef8Qnd2/weGgP9waOckns4NCWXRzatY8/iaH//NNPHOrcS4cEJzOnTXtj4xoaale7CvLxb87HiwFpaGioJSYigq8F6N9/+xWn+3vYu2enmpN9qq42C8xNSUuIITkxlrysNNJSE0hKlNfxUQL5cFLkPDMlkfzsdLVLXckGV1VSoHazK+PndQtLaBaAL6otpa2pRgL4hSyS5765sYo17bVcP9LKo0N5fHAkl68ureCnB7v4/Xv7xc6X83J0Gd9cX833t9by7rFyhtfFcaI1jM1lAQLzpVzs3cTx7fUMHdukflZaTBSHNtSzJDGay/K9HisqItfREYcZhsR6i/FWZ7K+pYhdqxayZ3kJn9zp5bun56lK8nnTs3FsJ9G2ulK0iLHTIsxKkxDzSaqN+82boI6rh4thh5oL3M0m4jt3LJ5i3u6zNXCaMR4bvd9hZ/A7XGeNwXOuBr4mEwlWTFysPtp6CjFWU0h2NCTJ3oB0F0PylFSvPnNYGGpOVYgpC4NNqA6zoCXRhbYkR9oTnWlNcqU63EJAYyKWbkyy80wiFkzDZZ42xlMnMV1vPNOkTNfXkCB2IgY6Y9XJcArIJ2u+hbbW2+psdydjPfznG5DqNIfqoPmsSnVlY7YPJ5uyGFwhQN/TyJX9Lbw/tIUbnSIfbQn0tCdxeXMpR2pj6W1L4/zmcs7vrmOkcxHDUi6JrV8+uYLhfc1sa8nk6LoKFepXDjXy4cgGXn94Xb2vSV5euE2cQegYI3wnGArAJbCZOIVQDX08JszBfcoUwt/RxkVPD0+lG1nqppOSXEbArixZMxbIm0k9DR+vT2KAC/mJibRL4L1p4xI2bVomRWC9fT07tyjHNQL21ezcpuyLvoLNEqhvlmvWrVvD1iXtbGuvZ6PAUdlqdXlxIctz0lhUVMy6yjKWC9yL0+NJ83VjgYWFCnSzaVMx0dcl0tWVloo6tmzYQr+yFv1XON8V+76ppIgVqN/o6+NdJaOcQPzWrxnmrilgV14rQYAC/qEB7twYFpBflDKq2vlVpatdgH5HOT58yB0pCtDfe/iYG5dvckR+x3KRj+zMTMKlPlvp6uKuJOGRe2Ijwc5vikvSKSpIIT02iCw/R1ZKxHa+Ooxbyt7hBR5qus48u9msD3MVQKewrylFott46vNCWJjsw8H6hdxet5kH67Zwa8lKztc0cWVRO2eVrveaOoYF5oNShmubOdfQyvkmOTY2cbVDAXszZ1taGF3SwarqEgF4CLkZMRRmxpCd4EeMwDvc25pIX1uC3MwJcDUjwMUUd+vpBLkYE+pmirfNdPwXzCLQfrYcZxDsOIcYT2PSQqxJDrAQY5vG3KmTpYILcKbpYG48DXvz2bjZmoilmxLkaa1aekNlvlrheravJNtZHjAJCsrloVmbbMe2bGdOL4qku9qPS8sTuL8pi/t7xb66mrnSt5Kho9UcPlZMz8kyDhzIZce+XDHvPDkv4NbAMs71d0hpUZPGnBT4HtqXT9vGRLqHFnFEQN53ppFj/dUcOrFQQF3BwGCDRGJlAtdadRb6sR45H6nn9Nn/k6nzgKpy2fL8W6vXvdeIEkSCCgKSVEAFRUByjgqScw7nkHOSnHNSCSJIkBxEQEQUEEUFc856fd7w0n3dPdPdMz09/9lVeF+Pa9X6vnM4cOD4ffXbv11VuzLIxDMwNsbG4CP4+Hr3IH1fXyT6hhLo9UkE/lgMjbFZ8tEYGE3A4HAsZmcyMHopEWPTmZhfqKBIj6B+vZguoCosLlTxJW3TM5lk86m4NJGCYwd3/DfIRdZS72zG+z6K+BXFNvC16TvpsbrkprV16LtEoUkmsEOM7bK2Ed5HFDAQb4O+BCvUB+ijOsAIvfR4psATI8l26Iu3xVJN1Np42sJ12Oprc6A7/55yJ6BHENCjyAQFZH3hDtYI+9YCrc0I6EbwIqi7ktEzqPN16vQzrAnqDOjGB/bjiLoaNJVUoKG8Fzpa2jAxMsZxBwd4u55EZIg/suJjkJOcgKLMDNSWFKE8j2724hK0Ecwvnu9Ad0srZscv4VJfP7pPn0H32bNoKS1DT0M9AZxuToqql1nN5UvjuD01ifvX5zDddR69lQXoKsjAlbY6spc+vFy4ije35vDu9g28X6bjLXq8MIWPSzP4ePsqX672iZ774+oifn62gj+/f4l/+flHAvqv+A+yxP/4+9/wL7/+QkD/Eb9+/EDtI/765Y8c8D+9fYsPjx9gdbIXz6bO4ebIMOqy85FPwTT79+LpMwQHBENWSprbN4M5axzgG9aAvokt61q/npe/Xb9uHYz0DTjMf/r6GQP9PYgWhPF5JZp7VeDhzNLqXvD2dOUp9VhBOK8Cx+q1B/p58HXoPu5scyc3Pj7uR8AP9CGoRwYjJV7AU+4ZBPR0MnIG88zUWDrGIjstBmPNWXjUE4dVAvrHiTT8cqsWf390Dp+u1+LD9XK8ny3Ch+ksvJ3MwvzpQAzm2uFMrBE68/0xO9SAy90V9P9DgW7jKRSmR8JIVxuZkU44F+aHByWlGI2JRTTBxGG/CtyMD0HoY4u8WG/UZASguzYJnx+M4+8fF/Dh0Rp4hI6HCLYScD4kDqdDDOpisGJL1lQJzizNrroVNqoisN8rAlt1snUCtpHiJroXCD5k51rb/gk6ZOqGCmT1avRaao77xXFCUxSuByUJ5tIIZgVjzNQQaaGEcFNFRJnvQbSVGt9ONclBk+x8P0H8IDLdSZrcDiPeQYu/Jum4FoKMdsNLVxaeR3fCTVce9gd28YJSR1S34xABW0teAqp0Tx4imVGT2wo5Arzk1h8gI7YeBgRze00Z+BooIM/jCEo8ddFKlj5WEERAD8Bgvg+uNyfjNgVJl6sFGMwLwHRlFGYI6AvNKRjK9cZsbTiutaSgrzIaI/VJHOBdVbFoKYxGRrAtkoPsUJnsjcGaOILcWnGum9euQXqTGJQ3bIIJgdlIVA6W3ynggIgsQVwOemLiMBcXx1ERRRhISMFyM5vwJQEzgr72um0woO8xIeDryknAm6AabGGBooQ41BKoKyvLUFtbSI2svL4ApwncDQ1lOFdfiCYCfE0NAb+iAFWVuaiqyuNr1aso0C0mQ69JDEeRMBLpFOBHBvoiztMB0bY2cDDTITnUJ4bsh7G6Okx0DsLR9BgCrayQEx+PcmIYq+EwSYBm259ep7Z4sReL/Rdxh84XqN1pa8PCt2VpHOwE8sXJfiwNDmBpbgT3r93E47sM6PP/GCefI4izjVn4Xuhk6MzSGeDZevbhCxdQkVuJCO9I6OnpYf/27TxjwTIX+gzogugARAn8IIzyRXiwOwK8HXHS0YinsLO9DZFhp4UMtn6bABplfRB5EY7IjXVDcghFxwTBO2W1eFRejdXCUixl5+FGagZmElIwFhmNvuAwDEcKcSk+iRoDejauphPIkzMwRa+bPZWHeTKiq4V5yIsJQKiPA4I9bfksdqG3Obztj8LaYB+fuGairQRrPTVY6ijCiMBtQeA2O7gLxpo7qe2Ara4SQV2OA93pmDJcTFTJ3BSgsXsbZMgcZSW3YvdOusgVpKClugtHCejM0E1098La8AC/4H77/ALnw+nvtlNBtqM6iulirw8+hpawY+iONsFEOsEoxQqXT0eg83wU2Xc8rgzkYLo7A/3nY3D6rB/a2vzQctoXPd1RaGrzRG9XFObHczHcwya4haLtXDg6L0SjrsEHTZ3hZOUZ6BlMINjHkiWn0JFumNEssm4BgT0RnYN+ZN7MyFnqPgz9Y9GYvJJOgGcz4QPR3BnA0/MXB6IxPJZEBh+H/tF4+noMhi/FoXcgDu09FFx0++PiSAymr53C5GwupmfzsLRYydvtpQYszlcS9GMxPJpEQZMCAX39P4AuSzauuG0T9rACNHS+g69NXw9VsnMNKbaURxR7pbfyZWtsLXqwvhIuZzhhMteVzNwEHXEOuJLngdt1YViqDMGNskC8m2rhn3lmvBDWRw/CzuAwTpgawNtmbYY7GzsXODtASPYncLZHOC+1aotQeytu6nyiHIHdg81+pyiapd9ZiVhm6pY6B3BMUwOHVNWgs08L+of1YGNpBR83N8RRJF6Vl8U3gCk9lYW6shKcqa5GDXX6jWTi/R2dHOh9589jZmwcfefauaWPXegia7vAYf5g8SZvq/PzWL1xA0/pJnxAx4WRAdwY6KKb9jwezk6S9S3g/cptvL+3RMBYxqfVW/hwdx4fbs/ix3vz+Hz3BkH9GrVZfCLY/3h/CV+fruBPb57ib5/fENi/4N9/+ws1svU//4ls/Wf8/OEDfnr/Hl/eEMyfPcPrBw/w4s4tPCObejg7getDwyije4v9S4xPIJCz7U0389nsv9s4KwrD2gbe1vHNVViVvfXrfyA4e+IXel82GS6GYL5LSgKHD+7nqfQATzc+8c3XyxUxMZGIoyaICFobMw9ka8hPIjTIi0OeTXxbqwbnDUFIAE+1s0lxqXFCZBDEk+OiuJ2nEdwbipPxaCQbj7oi8XwgHn9aqiEzb8GfV1rxZqYMn+er8GmuBF/ni/GSgtmr1T7oIztvFJqgp1yA6yMNGDmXj676VHTWpyE3MRBmeoehq7obw2RbL8rLSS4SkEOddKjeETgeUoMzBfHxvtZoyo3AWGsevj6ewH/+aYV/bk/uLsBRQwROmiJwPCBKrxcloIvDQUuMgP4DrPaJwkpdnMycvrafzvdsgLUKqxy3Cca7N0Bvx3oc3fEDDOQ2wIQe26huhvMBcW7k/myTFiN5+LG15SaKiLRUJIirINpSiYx8D+Lt99BRBeknDyL9hBrSCd5JDgR250OIs1JEgs1+RFF/HMHqyRspIcBQEb76CnClIJrtx25/YAdMVCTgdEQeFhpyMNfcDR1FceyTZfstrKf7mO3jLgFX6icF1mt7p9ewjZoiLXA2ygZdKcfRle6Cq2dSMU1t5nQMLma5YijPB1drqe+pEmK6WojxQn9cqRWiOz8YPSURqEz0QWG0K6K96J60OQKbY1qwMtCEq/URTA6vjZ17mplBfrMYFAjospuloEFwN9soAxuy7UMSCjAnc3ckOzcSk4H5ehkYbpCHyWZxmG5Tgb3YVmhLK8NYTAlOe9Xhb2mJguhoNOSloLGGmXkxT7E3NJQTvJmRFxHc8+j5apwmmNdXZaOqNBOVJdmoy8mgloqa5GRk0M8opGMqGZyuntQAAGEASURBVHlqpA+i2Z4envYIsyChVJPDUVlJqBI01cXEcFCCPlOdI3DT0EDQSTfEClNRn5ODlopajBDUbxFsb1FQP9/fjXts5np7O5ao3aK+5M65cxz4T3hluVEsL43iztIE7pKVv1yZ42l2Bm62NI1NhGPn7MiqxLHnFgnw49evY4TMPysrCwK3YNhRUKMhI4MDdG8zoOuKS+IPMXHBiEsI5S0mNgiRZOzBgRRp0x/l4+UAj5NWOGFjCCtDFp1oIZysPDGYLR/zQGd6Ep7XnsFTBvT8ItzKOkVAT8MM3TyXoihyCxdgPIqibyHZY3QyxmJTOdSvpNHr6PULRSVYKinB9XIyJHr/lChPau5Ij3JGjI85QtzNYaytgmNaCtRB74K9vhpsDivyKnWW2vIc3nyWvaYsThip83S79WEFAroKGdsevkRNnuxcZrsYpNn2n7LboCQnTUCXg67WHhgQ0E11NfD44Sr+/d/+DdH2OnxDhCw/fYTZKiOWoM7GrgqCjqIkzgTVBSdwtskbIwTexjP+GOxNwWUy77H+FOrsCcadArSfj6CLyZ2AH4HmVh+cPR+IHlbGtS0AZ8754lxnEEaHo3GxJwnFVZ6oO+tDrw3B+fZAdHWHEpQzMX65hF6Ti54LsXySG5tk105GzqrFXRwSEPjjKBCIQl8/+x4fdHf4oKMngr92+FIGhsfT0T/EJsjFoLHVEx0XI9HaRVZDjyeupHGY948n4PqNQiwsVJKVp2HheiluLlVjYbEWJ6z2QoYMXHorg/l6AvUmXqNdUWLtKE+NFZzZTbauRtZuQEBX2sbsnKBPx1RrNVwr9MBoqh3OhhiiI9oSI2kncL85AQ+o3WsU4t9+JdP8858J5ofI0A/zSXHOZsd4yt2PDD30hC0HOquXHnnCGpFk7AzoLA3PTd3WnE+QY0B3MzeAs8namDpbp2595AAMtfZDS2UPlHbJ4ZDWQTg52CPI15tAHo2i9GTEhQWhqpBF8pVoa2zA2do6tNTVo6/zAi60tGBiYBBXydAHCO7zU9O4Rjfh9bEx3Loyg6fLd+kmXMWzO2vHN3TjPb21hCcLN/B4fg5PF6/jxa1FfH58H1+ePcTnh/eo3cGHlSV8uHcTnwncXx7cwseVefy4cpMfP95b4MBn4P/jkxX8/OoR/vzhFX77+hH/+ssf8e9/+wu39X/986/429cv+NOnj/jy+jVerK7g5f1VPJ7pxZO5YTxaWsCXd+94B3ro4AFef33zxvV8yRnbHW1tPTlBfP2aka/7BnNWl30Twb6sqACP7t/DsaOHsUtmG7T37yUjP8lh7eO+1lyPOyCI7YoW4ouIsEAIwoPg78VqsPvxJWqsbCub6MZS7TFs6+NANpvdH0L6WiyBPo4CBZZ+z0wSIDs1Bte68vBkKAUvRlLx42wJ/v7wPP72oB0/Ljbg03wtPt0ox9vpHHy8WoiHfQm4XOaOrjQrNAnN0VEYRgF1OUbb89F/NhstZQm8RoXVMR2o7ZDBUnIinhQWYSwmGiXHnZBubgpXDVWyWQV4WRxAaYI3pi+U0ec/iP/1l6f8cyuN84KTxlbYaWyBLR3N1NbBUp2grc4mwm2Cucp62KptXltepryRA9uKYG6jtgmWdDRT2gQLxY303Jq9O5DZO2nRUUMcPvq7EWqqgEjqX+JdDiLaQRWx9mTltupIcDyARMeDSHLciwT7fUg+zma1H0CK00GkENTTHDWQQl+PtTuACEs1CG32ItxcGX76DOxqHOw+1O8FGu9DsLEqPPUVcUJfBWaa0rDYLwtT9Z04QoJjT/2ikGCe6KCNLGdt5LjQ5+ClgxqSl9MCcwwVBWG4IgpXzqZhoi4aQ/le6M08gVGC+CJZ+XJnNsZKwzBWFICmGDtURFqhkiQv2F4XDnoq0Kb3UZaXhIToeoht/WGt/PD8Irb8IAm5dVuw63sJSG+UhdqWbdAXlYbZJgo8tknBYaM8dNZLw3oD9evficJsqxh9XRY24ntgtkEGlqI74aR4CJ5HDFFMAK5OT6E+OQ/1tTU4S1bedbqMYF7C0+y1tUV0XkAtlfrjUjSVZqMxOwV1Vblk9OmoJCgWpZKlE8zP5ubiXGM9ksPcEeflhEBfc4Tb6MNYSwdGsso4tFkZJhLS0JeVhe7evTBQPogThw/Dx9QeAvcgut7ScImgzcbF51gp14ZzWKw6jRu1zVisq8Fq5Wk8bD+Pxc5O3GUWPzyEOxMTuD92jfqM61i5M4d73zZ5+R3ov++0xtajM7iPz99ENwUNvdQ3sSDF18MT7nZ2UCeg7/3uO+yj+9t4swz+EB0biISkMAJ6GCLI0pmxh4R58v3Rg4IoIne3hbeHHY47mMDH1QyBBNkgD0vEhTijNi4Cz6oa8KqqBo/Ism/RB3yTPqQbySmYionFaHgELgliMBqViNGYFN4Y0KdTTmE2PRcLeYW4WVSM21UUVaUJkRLjg+ykIKRGUfTjzyq5GeKAyk7oqO2E+WEluJhqwpys/LihCgc6g7eD/tq5i7EaB7nTMTUOeaMDu6AuLwEZMnNpSTY7dzPkZCSgoiDDDf2IphIHupm+Fr/g2ASijsYy+DvqYmg8FQs3yjA1nEnRfy7G+pIxdSkdQ2TPLS0UpIxn87HmcxcEfJnapfEMjPSmktXFoonsvKM9nF4XgIoaR9Sc8UJjGwN5AFoJ2h0XQ8mYwwjWcbjQHIPe9hgCCJl2kyvazjijncA7OpGLi3yJmgCdAzH0+6ShrSMCI6NpuEg239UfwyvG9RPcJy5H0/sLcZ7Z/kAKBocS0MfG4+l7uocFBP4Y9FEAcKaDBQtRmL6SiGsEcraWffRKDi7PFmCSOsrxy+l8xvvsbDHcHLR4ip2tLWdL1RS2i/LCMmwXtT2Sm6FMTV58IwF9I5/ZriUrwiHPdlbbKyOKCs/DuFsThIF4C1yINERvtBkm0p1wuzYS95oTsdIg5J852/jC9NA+WBzW4jusMUN3J+tmQGdL1iLJzAUu9hCetOWNgT3qhB3C7a3hS+D/fX06M3WWendh6XcjXZiSUaor7sYOGVkoK+2BLkXVri4nEEiGmZ8Ug7yUeBRmpqCpsgKt9Q3oPNuMdlbXnFofS7e3tuHK6Bgus4ktIxRJX5/HzZlp3F+4ice3l/Fy9T5e339AdvwQH8mSP794gU90/PDoAT4/eYQ3K3fx8ekTfH3zEj+9oucf3sUnAvpHgvXnB3fwI53/bux/fHwPP9L5+7uLa42A//H+bXx5uopfXj/Fr2+f41cC+99/+pEs/ec1sP8zK+v6V/z281ey9Xf4+PwZVuev4P7lVqxSxP/T58/47bff+FIzPl7O0urfzHzD7yD/Hebff89LubIqcKIiG1Gcfwo2FsaQlSSrU1XkJVzZ2Li3mwtfN84qwbEd01hhGGbi0cIQDnBhRDASyMIjCPIxwlCeYmdWHh8dgagQH4QHekEY7sdnsyfSc4nRoTiVlkB2noTHI3m43xODV+NZBO8yfF1qxIdrNXh9tQZvr5bj1eVcvKRA9Tld/7faIjCcdwLnky1QHaqH2oTjGCKQn68kaThXiDNFMchP8IeTmT5M9ihgOTEOs3EU3EaFo+7kSdS5OCNSVweHZSVgd1gFWWHH0VuXjLe3e/Ff//4b/v7XX3FSR4IMXYwXibElA7fZtxUmyutgSm1tydp6gjcD9kaY76HnFb6DFT0+riXFU+rHtZi5b+HnJ7W3w/2IDLyOyhJo5RBosguhFgoQOu0noGtBaK9BQCeAHz9Ax/2ItlUjsKsg1UUDiU4adNRChqs2MtljGyWkOe3lKfdkJ2qO+xBno4po670IJlsPM2WQ10QkWXycwyEICPy+BPbj2jvhRn2i6xEl+JtoIvGEDsqCTFHia4pcdz0U+uijIugYSgL0URNhipZEJ3Rmu+NiKfVtjckYr4rCQL4HRgpO4kpVCG62JmO5OxdTFaHooUC9LNiM/h496o/3QEdVFhrKO7BzpzgkJTehqqqM3+vudo6QIhPfuV4U2wjmshupT9mwBXJbtkNTfBds1yvAQFQGJt9Jw3wTCdz3u2G4aStMt0pCf8tu2K/fTcCXgouiCgoCPNFAnGnMLkZ9fREaG0pxpr6UwF3Gq6g1NmYQ9HLQ1FTKLb2yMgd1tYWorylDbV4mmXoR6k/FobG6CIPNzbhBgTorv5oc6Uu8c4PQwwHBDnTd6+jB08gInoYmsNagvmUvScMheo6VgtU3RqxXOATHHJAbnoQbPb2Y7erCSEsjJptasVxRgTuFVbhH8F0pr8KDygaSmWastLXhfn8Xbl8fxJOREdy6cQO3FhbxYH5tRvtaIZmn/Mhg/pqtR6f+ZubabfQ09yA/Ox8NRUW8RHWQnQN0lZSgR/e1ERuOoKDnD8zMw8jKwymCDqMbThgTxKEeJfTnx+BAV4rGKUL3doKftyMCvO0R7GPPZ53HBLrgUnoa3tRW4XlJPh7mZeFWRhoBPRlzCQmYiY7GlbhETMemYyopG5NJWZhJy8V8VhGWC0pxr7gMdyrKca+8HOcTYiAMcUNMmAf83cnQPKzgf+IYL1hzVF0KZgfkYKwhS/DeyWex2+ruhqnWDrLyPXQhyRPkWZpdnafe2bp4LSU2u1MU2wnoUizlLiWGndJiUFXcgf2qFCRQhM4NXU8TJkf248mjVX7h/f23L5icycPoaCYmJ7IwRnCfGy/A/FABRWDF6G+LQ3c7AbQ7DG0XwvkSs7aOYFy+nI3FqXJcaI9E49kANDcHo7z2BBmyLxqavFBc6Yi6Vg+c7w1H6/kACgASybCTcX2iFNcGC9HSFExw8Uf1GXec6wvkM9XPdUeSVafyCWs9ZCY9ZNpdfUHoJ9PuH6ZOajyFQ72jJxh9XWTofdE8NT8wRmAfI/APUpR9JQ/DE4n0XBx6BoQYm4jGzEwGpq7mYHgqhU+IuzSTjyuzRRifyETHYByBT5+vLZcjYCtJrlXuk9mwDts3rePgVpVi6TtWDnYDwV3km7Vv5iZ/gG7k9pBjuF3pi9FEC7T6a+NCqC7GkqxxsyIQ99vS8MuDWf5Ze5FpHzugCqujB+Bw7AicjfXhQXD2ZRPgmJm7OBDQHfhYehTBPMaNAO9sTZZugUC2Pt3OnKfnWZrezeIYnyVvoqMBeVkZ6ky2Q1RUnJc0NdLXR5A/2aS/D04lxqI6PxuVBblorq3lEL9I0fO5xkZqTXwyXO+5dkwNDfN2+9p13JtfIFDe5CB/fm8Fz+nGe/XgPj69eIkfX7/hafCfCaw/Pn+Oz3QzssY2Z/j57Rt8ffkUHx+t4CNZOoP6j4/u4cujuwR1gv7qbQ72jwT2t3cW8Pr2Dby5M4+3DOr0mq8vHuGPzx+SrRPY37/Cnz+/w28/fcG//OkX3v75T7/iL1+/4tPLF3hydxk3L/djYXqSf7Zzc9fWxssJ4AzWPM2+bj0H+frv10C+jo4/fEcwJ6CLbNrA9zOXFBOBpKgIlBTlYGlGnZmrM98K1dnBDo42lgjy9eJj455ux8nWTyAqPIBvaxoTuWbeLM0eLwzne5izAjKJsVGII0uPITtns9xTEoR8YlxWShyKcpIw3ZGD1d4kPB1K5evMf5yvxLOxAryebcSz6Uq8vFKK5+O59Fw6ngwmE0xCyRZt0JlmiTL/g8j3N0RLkQDnSuNwvioRjflRSA9zgo+dARooCJmPEeJytBDt9P9/1sMD57w8kE1/16HtW2GwRxpJvra8iM375T7+uQ2fq4GrtiQctcQI5JthqroOhgrfw3TPeoL6ehjT0ZRAbqqyBna2QYs5Gbr9AXFu4a7azMJ3UKcvCXddafgayCPEVBFBJooINVMigO9BDJl3gps2ElwPIu7EAcQ5aRKIVakpQ2Clws8TnFSR630EKc5aSGEAP66JtBP7CeLqZNbq/LkMF00+vp7nbQChlRriKDhIdNSiQEAL8QT7GAf62faaiLHVhMD2AFxIfOLIyk95HENpEAVEwTYEcgsU+xujyE8PJYH6aIy1xbn0k+jI8cRIYyyvwjdWR5JQHIbJSgGuVEfiekMMls9nYOlcGkYKvVEbaooQm0PQIzPXVtsFhV1i2Ca5EZLbRfhnen/5DiQ3bIPk+u2Q3iyKnSIikN4kgW3fi0N263bsFxeHnogojpGZH9gkA2+RLTDYshX6myVh9U9bYS4mAxsxSXjtoM/CjgKI1ERUl6WjpqJwbbJbTQ4aGvLpmPUt1Z6Lqooieq6AzktQz15TkI+K0iyUF6bx7bbLUknOigrx+NY1/M//8Xfcn5/Hqfh4CkhDKFA9CSFd267GxgjTt4KfwTG40bk7iYHfEWOE6pgiysoNmQTVk2bmqC8sxOzgELpPV2OplIw8vwKrJLkPqorxIjcTizVFWCwtwdOmDrw+04zHAwN4TUZ/f2yS7tlpPLw9x82cwZuB/NkzViHuAwf6k8evcf/+Y1wn8Lf3DSAnMweVFMykJCTCY58x9snshO6O7XAUE4fnFhH8ITzSBwFBrhzesfGhZOkBCA2nyDs2iDdu7CFeiIkJhIBeK4zy4/une3vYI9TfGYn0x8+Q7bwuL8LzwhysZKVjmaC+lEbRdHo65hKTMJOYgavpeZjNyMfN3DKsFlHEUlaFh6WVBPUSTGdnIivcl4IEJwR7H4ensxn8XM3he9wQlocVYXlIDtbau2BHEHfUUyAbV+EQN9FgQKev09dOGKnwsq42BPTDKpJQI7DslKYLRkqC77a0S1aS2zozdA0ydO19a0C3NDwEM4K6o/kRnEoV8Avw//yf/8SrN3MYvpRA5ppKAMzF3HQBHk1WYaYjHZPdmeg+E4OB/hSy3nj09EZhZjoNM7PZGB9NwWgfPT+YiOI6V1SdJkM/64MeNuGtV4j6c96oPHMSvd2B6CQQDw5mYXLwFOYGWerIn+w9ClXNbugaiEbvcCK3c5Zyvzx5isw9lQw9DGc7POg/NxSDlxIJ3Cno7o4is/elnxVOFi9AzzD7XvodJtP5krSZuVyMXYrH5HQWesn4ewbCMTaZSEFBNIYm0tEzRkHXbCldNJUE9kJER5rzyW1yZOEaCvJQlRCHIqu0JiGB7Ru/56l3FYq+d4quxy6y+N28QtxalThLCsDGkuywXO2PAaERGjwOoDP4MMbiTLFaHYxHzUlr6/xXV2CwTxnGh/bCnCBsp69N/4dHef12NsudATvM2Y6A7sjH0YUE9lh3B27qEcetEGi/tladQZ0B3cVcH9oaqhTASUJk8xZsprZ1qyjUlPfAjezc388bUcG+yE2NR0NpAZ8I9zvEW+rrcba2Bm2N9Th/+gz6OjtxqX+Ab2e4enMJD2/dxiMy82dsxilLrS8v482jx2THH/hY9i+fPnGg//HNa3wmqP9IgP3p3Vv8RI8/PnlAhr6CT49X8SO1zwzmzMqpfby/zMfX35KZv7p9HS+X5vBqmaDOTJ1A/+NTChrodQzqP70k439F7/mGGfs7/Pr5I/7601f8mQH91Ss8vXcXizMzmJucWksbl5ZyK/8d6OtY+7blKSu0w9sP32qzk8FvEVkDugTBXJlgbmZkgBP2Nnx5mutxe16ala819/VEoI8bAr9tfSoI8+eT3aIj10w9XhC61gjqbP15WKAPb4JQf4J+MJJiIvj687SEKNQXJ2N1KB8r3XE85f7rUgVeXC7Eg+EifFnpxcPRAqzQ/XGXgP94MAUP6B6ab/LDUJ4jAd2KYHQEeX7HUJ8RgNN5YWjMDUN7RRxSAi0hOH4MNwRRmAgNwUhUBBpcCVI+3uihVmhpBgPZ7TBUlEGMhxku1tF7f3i4NhmO4Op8UAzWe0VhrkbXM0HdTHUTgXwDDMjEjRTXwUxJBNbqBHz1jXBgpVoPScHpgBhcdaXIhul4RAInj2yHB0E9wFQOAcZSCLFQJjNXIXtWQ+wJDQL6IcSSdcfRebSdGoKNdyHScg8iLJQQa6eOGGoJTvvI1jUJymTz9ocQZ6eFzJPayHI9isowC5QG6qEo4CiyKDhgS9uSnA4R+A8hx1MPxQFGSDlxkKfy2Zi8wIJNvtuLRLuDOOWmSxA3RAWZdWWwFVm5NRm7AWqibNAQ64zTKW5ozQvC0NkMXOktw/W+clxppz7wXD6uNiVjojwM104nYLUvB9eaotEaa0fvqw2bw0o4qrWHb+MqKv4DKiqKvwXurpBlkzLXb8L2zdIQX7+NHm8hU5fEVhEJKKzbBjOpnXCUkILBenlYrtuJI6ISsNy4BTpbt8JiqzRs5PdBSGac6eKMehJGVozsdEXe2tK0+nJ+ZCn22tpvrTCPj6WzVl+fgtLiPFRnJKEqKxnF9L0s3V4aE4P6khx8onvq/PkGNNB5YRQxz9MFApZp8rSDD/VHfkbW8NTTQ5CBAXxNCeaWBHltGwTr2FAwG4UpgvOF+tNoJKZdrz9D/VwlGXkVVivK8CyzDq8ys7BQU4J7+fR8RxVetbfg6cUO3Bu4SEHqEO5cneGT4RjUHz9+hhfPP+Ml32ntyT/S7rxK3OAgGnJykCAQID88EQEWljBRUYXLbll4iMvBb50o/hApIJCGuIOBnbXAYDey9ECwsfWEJIq0E8MQGuaLkFD6A2ODIRAG8NdERvryYzgBPZ5MfZKippelFJEU5WH1VAaWs9LwID8fSxnZmCeQL2QVY6WoGk/LavGysg4fyYTY7NP+1CREejvDy9OeTMCS7NCRmgMC3K0Q7GlJkbYuWZsmXE3V4WSgiJMEc7YkzfrIbljpKMCEbJyl3m3I1E3I4tmGMVqK26AiJ0Gmtp0XMpGVEuczdWUoKldRlCagk6FrKMLw8F5YGWnD9KgmHMwO44S1Lk7a6eEZdcLs3z//8xfML5ZhejINg31RuDVbjMu9GWg9TWZ9sRCLPQW4Qhf1aF8sBnpCcGk8keAbicnJFNy8UcHrrQ8NpqK1LRwXzgkw3BuP1vYQ1LcHoO60A9ov+qJ/PB4X++Ix0p6C3pYYdHYJ0NIdiu6hOExdK0drZzTOtgfifB/b6OUUhsZS+dp1Bu2Ry4m8nOz53rU0/plObzL6KFymIISNp3cOkr33C3g52fGJJAJ6Gv2O6bgwwIrbJJLNh3K4z1wt5JXjLl3JxdVrRSgoOAn5bRt59bdDdMEckJaCqYIirJWVYaSwm4DOtk/dwtPuDOisyYuvWXqQgRJulPjiZpErusjMz3ofxIWgw5hKssJKTSg+fJsMl5sSTxG94reUuyb9/x3ke6C7mR2Dj40ZBzprbPlajOtx3gQE+Fg3R0SddEDICVuyeGuenj9hpo898ruwhW5+EZG1tpmi/N3y8tCnTsDezgYeHm4I8fNCSpwQVfmn0FxTTjBvwNmaWpypqUJzXQ21Wp5+H+joxHB3D25MXcF9AjprT+/ew5M7dwjst+j8Lj48f8HtnLVfP3/GLx/fc4h/JStncGfnX9ieyI/uk21/G0t/cp9D/eODuwT2e3i3ssTh/Wp5Hi9vzeElGTprr8jW36zc4kHAu/t3eGPnzNo/PqbggP0sMv8/vn2FL2ym+4tneLZ6D7euX8OTB/f55+vi7MLHyddS7Gs7pP3AjPyblTOgM5izcXWRTeuwdfMGvnOaghzb0EMTRvr0uVlb8E1W7CxNydBteO11titaaIAv34iFlW+NiwrlpVujWWNV3yKCOLST4wSIDA3g26KyJWyxEQHUEQXx5WssHZ+VRtbXlImFc7FkehF40JeE13S/PBwpwNuFdry90Yw7F8luOhKw0BaNu50C3KN753ZrEMYKTqAjxRrlIfrc0JsLInGhKgFNOcE4kx+M9ABzFLiY42pIIAYD/LiVVx53QrefH3q9vZBhpA8taQkckt+ORD9bDDam889s9eYM7NVF4KCxGTYEalsNMViwUq5k5cd4udcfcIyAbqS4kaC+gW+4YkuWzia7eenu4lbud2w7Gbo4gs13w99MBYHmigiz3oNQy90It1ZGMAOr7T7EknEnu2mQRe/lKfdwC3mEmytAQK+Nd9qPCEuydQJ9pDUB3l4dQktVgjnBmIycmXtpiAmqCcB1AhtUhZmiItwMFZGWqAw1I9AbI4WCgQznQ4in94o0VSSw03vaaCDbXQ/ZHrrI8TpC32OJs4nuqIq0R2WkDRoTXdCU5oWGdB8KcuIx1HYKEz3lmO6rwfSFEgw1JmOxtxiXqgW4ejqW/l9ScOOMADN0X3ckHUeqJ9s5U51EagvECeo3lxbxiKxTav1mbKd7cts6MWzfJE7X3GY6l4TYd6KQXr8FO7fJQEdUCsbiCrD9p804SgZv+b0YDDeSeX4vBU9lOZzUPoCgA/ooJJhVnspCVfkpVFfncnjX1BSjsbGUwF1MQUQWPS7iY+cVFdlkz2kE90JUVtJ5Xh4qMjNRS0CvTElBLgUGDZnJOHOmEUnhnoj2c0JiqAcEPg6I83IgCfCBv4crBUbuCLF0gp+JFdxtbBBKj5PDw9FZXorW1lYKCkrQnpWFM9XluFNeTjCvxuvcKrzJK6JjFlbri/C4mEBedQaPm5rwpLkZL/p68OpiK+4P9GN5ehq3F29h5doyXjwkoD99iY9v3uDdixd4RY0BncF+bHgYJQk5SImOQ1JICJwpuPBWMYCfrDyCNsvAfbscM3RvMKizFHtouBcfP2dAj40P4Y95Cj4mhF4TBGF0MCIpgokgSxdGU0RON2kMBQGCYBekkNV3RUfgLn1A9zJS8DA/mwP97qlcrBaUcZC/qKjF6+paPCuvwNXMDNRFh1Mny1L6bjy1H+Bzgls624wlgKAe4mHFt9uLcGMVwjRxwlAJHuZqZHF7OcTNtXdDR1kC1rprm8QY7JclSMhgP8Fcaed2yO/YTma+nVv6TrqBFXdJQZmiGQ31XXxSHAM6G0O3OHYQNiYHCehHONRd7Q1QdCp+bWz9v/43Hj0dw/BELGZnyaZHkzDSn4Hb03WYo4v7xsUSTHam4kyDL06f9SD4eqGzLwxXbxDML2UQgPMxPVKOLuqULg+mY2QgBW0dYRjpScCF7hC0dQagoz0SIx3JZOqFGB/KwdSlPPT3J6Kjk9V4TyXIx6LlXDi6R9hOa9l8Rjwz+Qtk8RNTWRgZiefj5n391ElejCBTj8QAgXpiKg0dF/3RScHG5al0zM0V48p0Pi5N5GHsctY3w49F94AQlwnmE1dyMHujBPWNQXw7VZZ2379zF9SlZQnmKvA8chTRJ51wcJcMlCRFeEqepd3ZWPpusna2tWqWrSoWCt0xGmeGmpP70eimhYHwoxiLNcaTlkT8vDKD//Gv/8o3ONFVU8QxTRWYE9DZ0rUTJnp8Exa2KQuDORtHD3Wy4Sn3SIJ5FBtTd3VEJEGdAd3PkSJUCgR2SEkRwAnkW0T/cRSXIAuQlYXm/v0wIKj7+3oj2McDeRmpKKTrs72xDj2tzWghiLdxQ69Ga30dAf0sPd/GgT4/fZWCuGu4c/0Gt/Qny3fwYOkmXqwSpF+85FD//Oo1vr57x6HODJ0tK/vlWwqePX7/+BE+PWUwf0jGzVLoj/CeAfrBPTLzJQL4PF7cuoHnS9fxgsN8ES/v3CSg3+apenZ8Ra97u3qLjuxri3jOXkPAf0uQf/v0Adn5Mp6u3MXtG3P49H5tQhwLZhjI16/7fdLbNyv/7nuebmfWvnEDKyizAeJbNmEbmbnCbjKjw4egTUA3NtCDpZkxgdyaF5JhpVy93Jy4lbOJb35kMSF0ztLtbEY7K+0qJKCzyW6s+hsrKMMmwwnDg/5R9jUlNgLpSTHITI5F4alUXDmXgetnwjDfEoW7PYl4NJSNJ5MU7N/pxdOpKiycT8KVpghcbxFwoD/qjsDtZn+M5h9HexJZZYghUghyNWk+aC4WEMyDUJ3qgXR/U3T4umMyKBDnPNxR6uiAEns7dHl7os/LC4EEB1H6THTUdiPe15YstGGtMlyyN07qisFRazPsqVmob4KZ8kYYKa2DodJG6Mr9QJa+iR5v4oVmLJU3w27fFr50zfWQKNzIzL30tsKfoB5iQnAmy451UiWYy0HosAcCG4I7AT7SRgVRNnsRRfYcSwYeYaaAYMPdCDVX5Tu7RVip8klvwabKZO3qiLLaQ1aohFSXAygOOYqKCFOUhxuhKdERdbG2aEw4jhqhNRpj7bm5Z7sdRjIFBbFWytTUCepsLF4HMTZk+nYaZPLayCRLrxFYU7NHY7IH6gjmDenuFBT5o4U+y+HWPFwfP4PrU+dxa74fd5eGsXytG0tjDbjWXYBrF/JwtTWdwB6H+bNxmK4MQVGQGY7tZ9nP3XA+bsU/08ATPpBh9+TGjdi2ge0ZIIJt39P5+u2Q2igFGTL1nSIyOCotjWPrJGC8cRN0WMW4zWwHNnFYEdRNJSThsVcBSTZ2qImL48vN1gy8gEO8traCgF7Gx9Pb606htakYzQ0M7qdQQeAvI6hWnUrirYi+tyQpCYVCIYrpmBojRGxMNIGcglMKRhNDXBEb5oXcSE/EBbsjO9wHpQT+4sRECibiUUl9R8OpKrRUnkXX2SrU1dSghoKDWjLnwepiXKuvJnhTK6nAakkNHpXm4kV+Lp4XVOJ1XQOepRbiDQGdtVcUDKy2jWFl7DKeTN3C0s2beLy8gp8eP8aLZx/xgaD++vVrfKTzJ0+eY+7yZVSWliLRNwoClyD42RxH0EF9hG7eD++te+AqJbtm6FFCv39MhmNHNqbO0u0M6gzeUYJgPr4eEeVPhh7CH0dGBiKSzD1OyFJpXnyP8vwMinYI6GMxkVglC7p3Kgf380uxQpHKSk4h5jOz0BUjQHF0KBIFAYikIEAQ4cuPEfQh+hHMQ32defNzs0XgSVOEe6ztce5je4CaJgF9L7wsNfjSNPODcgRwaZjrKOKomhQBgq3DlITGblHIyYhBfqcUT7XvIJjvlNkGRXkZKOySxH61XdDRUuIV4xjQLQnotqbaHOjONrpwsSWoUITv57q2hSr799e/fcLoRDqmJtJw42oORfN1uH21HouTjVgcKcXsQDb6uuIJ0H7o6gnC3Hw+hi4no2+APg+C+uXxPCzN1GByKBfjFBCMdqXh1lAJJroI+t3x6O4Qko0Ho5ssfngkG/3DWbjYk4IO6uxqT/vj7HlvsnIhNbbePIusPIaCBbYzWwzaydDbeoMJ1JnoJdsfHYxGbbMLBkaiMEBfb2p1p9cF4ercKSwsVnF49w0no3coGq0Ee1aoZobMfOBSKgUuKRRoCKEotZnvgb57y0a+6Ymx+n6E6Rkgzd0J5nv3YLe4CDd4ZucsNc9KxSqT1cea7MZQtCFOe2ohz0YZBfZqaPXSxJV0Bzw+t2ZC40P90N6zE0fJ0I9pqfINVtikOCcjXT4pztfWHIGOVghxZLPb7SAkIxe6E9RdbCFwd0TYSTsEOFlCX1sLYmJi2EIA37JVjIOcNzJ19rw0dRKHtXVwwskREaFBiI8MRWVhDkryTuEc24mpvhanKysI7g28tRHQW2pr0Hm6CaM9FzF76TLdRJO4OXOVj6E/ZpsmkK0zoLOUO2vvnz7jqfdfP34igL/lFd1+fv+eoP4eP1J0/eHJY3wgoH96/IBD/StdT7+b9ysC9+s7S3h+ewEvlsnU796iIz137zYHOXvNW2ovlhfoNfN4cnMWD+dn8ODGFTxcvIpn9xapLdG1eA13569ibmoM7149x6dPn/5h5msT39bS7N9/S7WvwXw9mflGiH4DuoqCHHQI5Hq6OjA+pgdbCxN4njzOK8C50v8BW64WxOzc35uPoXu7O/OMRwyDOAXyQgI4gzZfjsbWmhO4mY0z2LPZ7vFCOlLLJjPPz06hzz0LS91ZmCOg3+5KxJPxHDwYKcRngvmXlQE8u1KL5Z4MMvQU3OpMwNP+ONxr9cVc5Ul0p1iiPcUBVQJLZHocRl6YNXWyIWgpCEZ9pg8Kgm0wGuyPQR9vNNHfkGxsiHrn4+gmoA/S7+yspQ4pkU10Xe+At91hfH77HH/55SucNAjO+0VwXEccDodYyn09jBnMycoNFDdBd9c66BPQ9eU3wFhxwxrUVUXhpCkKf8Md8NCVhit9r9dRCQQckyarI1Bb7kSErRIEjkqIsFfhth5hpcQtPMpuP0LM1RFiuhsRFsoIMlZGiNEeBBjKI9hYgVt6OIE8yFiegK6MNDcdlAvM0RBvhdpoc9TEWJFV26M90wPNySfQFEdADzUnkz+AdJeDSKRgIZbuwQQHTQit9/Ex9tQTWsj1I7uPcUJLlg/6amLR35CA9rIYAnk4Wksjca4yAb1nyc77m3B9uhsLc/24dXMUS4ujWLk9QQFuH5YmW3FzqBI3mdS0p2GuJRZdOZ5wOcYqNcpj9e5tvHjyBNIEbMn1kpBgNr5JFDsJ1jIi4hClx9vXbYTYNhEo0vNqdN+yndR0t2yByXdiOCYhA0NRCeiJ7oDN9u3wZvXa3QmwBNY6AnVlZR6fzV5TU4G6uvRva9DL6LyAp+DZOHpDfQ4vNlObn0cgjkdJWho38zL6Gbl0Xp6QgEwKENj+DamREcgURiCPvlaWnIT82FiUJiWilr5Wl52Oogz6XgoO6ovTUF/F3qOe75xWXVGBJgoSWJ34gaZKXGmowWp5FV4XleFFVj5WC8uxmlqJF5WnSWarCfCleNncjkctLXje3o7n/f140dOL26O38PjKLH65voo31G+8ff4Sr8jUnz17h+fvPuD5s6d8X4aR06cRGxgOQVAQXPdrw2GPBsJ2U6AotQdhm5TxhzWY+5OB+3EzZzBns91ZY1Bnk+aYvQeH0fME8TC6ccPJzCMj/BErZMtQ/OhG9UNaQjjdrHEoIjMvzEhCBd3EteHBOC2IQiPd5IUE8ZzESGSmCZGaGIGkuFDE08+PEdB7h3pS5O+MyBAPbueRgW4IJVsXBDgiJcINUb6sA9eFn8MhuJupw8daC3a6inyJhKWOAo5p7ODj5odVtlGTwD4FCSiQoe/etZ0DncFcbocklBV2QElOElrqcjhChs5mupsbaMHK+ABsTA/iuJUuAf0oGToDuhkC3G0R5G1PF1AeB9F//uf/wps3E5gi811erMby7TrcWajBlZEsTA9lkBUnYYqVZO2L4svV2vuiyZAFON8lwBDZNavNPkVwX7rSgIudcZgdLcTkhUwMnRdgdjgXQ4OJmBrJISMX8t3ZOnvpJulORNO5SJzu8EfXSAgujkbhXH802noiMHU1BWPjSQRkIfpGognGyQT7FPr98snwU9FDMO8dIcsfJOBfcEf3YDAuz57C1MwpXKGg5PIUga0rlG+/evNmFV/KNjoRi8GhVGgqbuMz3fX2auKEvhEcDupQtG+G7JgQZAf54IicLFk5RdesljtLvVNjY+ue2jvJzDVR6ayFQuq0MsguOgKP4kaxD/706Dr/HP1POuKAgiwFX7thqKkK00P7YX1UG3YGR+DybS26z7fd1sK4mdtxoEcRzCNc7eHnZEVBmRJPsW/eLMKtnLVNbOxcZAtEqWNgTXnPHlhbWSIsgGWSwpBIN2x+VgYyE2NQkpNF8K7ChbONON9Yi1Y6b6ooR2NZGbqaz2K4qxtTwyOYGR3jQGeGzqD++3j6c7Zc7dEjfCRL//qO4E2mztpPdP717Vuecv9IN+HHp2vt89Mn+PBwlUOdAf3t6jI37zcrywTwW2sW/nCFzPsOXq/exev71B7cxUt63Qsy8ic35/BwYQarc5O4e/UStQn6fWZwZ24Kt2YvY2asD5f6O9Ymdg0P80lw6/7/8XLW1q2tNd+0cR22iqyBnO2cpkhmrkPWysz86GEd2FqaIzTQl6z8OAJ8PPhe5axCnJfLcZ6CjAoN5OPobKlaMJkwS7PHCkIQR7aeTMF8WkI0h3pmCoN6FC/rysbZE8jQk+PZ+vNonKvJwuzZGEzVBGGZrvHnE0V4v3gef3o+iZ8ejeLN3Gk8oPvjdncqls5HY+mMH242uuNalRt6MuzRkmiFyihzJB7fhyR3PdRlBaK1MAT1Gf6oCXbCpQBfXPB0R7mjHZKMDFHtYIcLHifR6+cBZ929UKaAX3fvTnhaH+afWd/ZAhw/yIBOgNYSxYmDm8i+N8D+AJvhvgGGezby8q2sscIyrPyrBdvjfB+9bv9mOB4Sg4f+TngZyMJddxs89aTgZywDP5MdCLVWJ6irEcD3INJOhYxdiY4EdmqhVooEcBkEGsrB64gM/A12IchwF3wNdiDIVJ6vWQ8guAvtVCmY1kAuGzcPI0OPMkMVWXlT0nEyc2uUBZujOsoeuT5GSCKQp5DNZ3nocjMXWO9Fjp8psvwtURl/EufKqF+qTiWZKMPsSCNuXWvHzWssgD2Pq2NnMNxZitHeOkyONGN6vBXjw2cxdakdkxPtWJwfxuPHdD0+uomVpUt0/XXh3kwzFi+SsZOp18e5kwmvZTdDTgZB/AcJSG2SIZhL8olxEhulIbV+G9n5RuwgeEuSlUv8QH21uAR02OQ4tpvaVimYsvFzCsqNtu+Eq7gc/C0sEBPswSFcR1BtKsnlM9jr6sp52r2hoQ71BPXGRrb2PJseF6G2lM7Z3ugZ6SjOS1lbpkbAZtBOJ2AXfjuvJmhXZCahPEmI/tZm9JM9V2ZkoIw9X5qBvPIs1JWkE8RrefW5+poCgnkdvVcjvX8daspr6HeoRF9zJRbaaijAacJqXjkeFRbiXXYBnucyWy/BA3r9WwoEXjVfwAt6j7dtbXg0NIRHFyfWargvLuHB3fv4I6svQWb+jI5fXr7Ci5fv8e75K76d6ihZfaQ/ibWDA1z09OG/Qx4J0ocQLqWFsC0q+IO3rxMfO2dADw714FBnAGdgDwj0IKiv2TkbQ2eNAT0g0BOhoV58zbowwgdJwkCyHz+6geP42FgaReen6APKpUictYLcNORkUWSem4Sc7DhkZ9LXs2KRmSpAMgUMCTFB9HM8EBHkghgKHML8XQjsJxEb5oYUoRdig08gwtuCIjRDBDkdhvO3CXC/r0XX2ycLTbLyg0qiOKImCbXd2yFHIJff8d+GzpassXS76m5pHGCV4g6qYP8eGT7L3dr4EK/l7mR55P8DujkB3ZpP0kuI8ocRdQJfv3xYs/W/fsTCQgNZdCpGhmMwNpRIFs6WjBFgyeDH+B7nKWhtj8LYcBIGB5NwbbocoyMZGJtMw7WruRhpz8TNsXLMDRSRLQajp5Og3BOPi72JGOlPxPAQS81HoY1gfvFiErUUMvIYdJNNN3dHoWMwAWOXkzB2KZasu4KvJ2dbqDLrnpzKwuR0BsE5DYNjaRz2Xf1+aOn2J8MPxvB4BAbHI3F5OhkT0+kYupRE1p6JKzM5GBwV8M1dHC3VIEvWrSS2Fe4GxnAnO481MUBGMHXuR7ShJyuN3ZKi3NKVpbbg4C5x7JPZiqMK25BgpsihnmiuQufKGBAYY6UmBP/z18949/Y1VGTFoaUgw4FusF+ZA91GT5vXc3cy1oMbW4pmZcyBztLuAgoAIk7aI9zVgZeJ3S23g+Atgo2bNnMjZ3b+O9S30vlWAv2mTZugsV8Djva2BB9vREeymdcUUCYnoCAzFXVlpaihm+xsdRWaa6pQW5CHBnruDBn7+aZGXihi/OJF6uDGMD81hZWFRQ7y5bnrazPe7z/AOzIQZuhsHP3t48f4wsbUX7E0+xM6vuRL2pils7F0BvX3jx4S1O9zsL++t0wwv4M39+/x9pFAz2yeBQEsTf/20X28IfC/fnCPgodlPCOoP166jvvXp8mORnB7egx3COw3Lw9hbuwixnvb0Ne+ljpOI/vgE+C+Wfn33323NpudrJwtY2PL08QJ5BIEdDlZKaipKkJTQx3796rC2OAoQgMouI8IQTCBPCzEj8DtAR83F27kbIIbW47Gxs3ZjPYATxckR69ticoMPZFtwEIwT40XID01DqcoyM/LoA6UIJ6VTPd9Wjzd93G4UBGLy3WhuNYah8cjp/CKjPxXgvlv767jL6+m8HK2AU8ul2HpQjKuN4fjzrkw3O8Iw7UaL/SdOo4GgQnKw4wQa6+KRNcjKIs7iTO5gahO8UZLgDOG/bxx5qQLEliZTmMTVNhaodXZAW0eJ+BheRhaitIw0JDHxfOn8X//678IrCpw0d4C18MSvFiMo6YIn+hmpbERpuqbYUQ2fkxxI4z3/L4RyzrY7t1Mdr6ZAM5S7dsQZK4En2O74WsoDU8DMXgbySLIYhcCWUrdUoUsnYzcWhXhZOlhrHwrmXqwxW74kc376svA4wgFArrb4XlUln6OHLwpOPDUleLFaNhYe7qbFvIDjZEXYIFCAnhJCEE82gZ1cbYoDDJAQYApcv0NkeJ2BNm+hgRxE+QFWaA89jjO5ofiHKvmVp+MrqZMjHSW49LFGoxerMKloTosXOvBXbLvR/ev4e2bFTxgxU4I2NPjbejvrEBXWwl6Oiqpr2vB9evDWL5zFU+fk4W/voOPnx7g+dN5PFzsw8SZNHx9/wLv6bqX2UowJ4iz5Wrb1klhB9m59CZpbN9Axr5RBnJ0r0pt3QaZDWJQEhHhVc/M10nCdKsojMW3QW+DIqyoDz+pcwg+VlZIDAtFJQG6MicHNQU5qKio+JZ2L8C5lmy0NrAla0XfJsIVoyw3A+Vkz6UE5kq6J6oJ6Lnx8chnKXf6ORV0LGLAz85G3+QYLk324cbdObTV1qIkl6XRM6lPyEB1VT4q+XvVoKmxFC11Z3G6qYEgzgBfi6aqSpw9exqDBPSbba1Y7OjE3YZmrOTmYrWqA/dLG/Gc7Pz576l2svPHHR14Rnb+vK8PywMUlF++gltXb+HpygrvN1i/8urVF55te0n9x+fn7/kM+Gnqi5KiomBrZAQ/1aPw3qxOhq6MsPV03EpADw/3hI/vcT4xjgGdtZAwLwSHsPF0gmuEH7x9TnK4+1NjY+hBwd7w9nVBYIALIum1UaHuSKCAIEkYhHj6ekxkEEXj4TwaL8hNR0lhNpl7JsqKc+hxCgd7QV4y8rLj16AeE0zGHkRHX+oQ/AjoTkiK9l1rAvr5AcchJFsX+liQvWnhuMEevv6cjaOzkq8HlCSgqSBGQJfgy9wYqBV2yUB+pzSZ+XYO9F0M6PLSOLRXAfuVZDnQNZRlOdAtDQ/CwVyHj5+72B6Fm4MB/FwtEORpi4gAVw50dydTPFtdxE9f3n2bCf8fePZiCp3d4WjuCCAQR2N1voxvsjI2SnDvT+D7nQ/RcXyCbZ2ai/4+Nms9GZ0XIzDWm0GGnofZsUKM9+Xi/DkBWjtD1qx8IAIXethObQTonjh0XYjh7WJnEq80N9SdhEsUQPT0BdB7O+PimABTs/l0QWbQ90Th0qVkzF0rxBUycLbsrbk7giyeFZqJxYWBUL45zMCYEFdnkjAwLsT4DAUkUzH0XDTGyfBZ4Ro7s72Q3boO+6VloK2iDm8CehwZutfRQzDcvg2mu3aR5WyD/LbN0KNgKs5YEUGHd0JrhyhOakqj0u0AIvQVkWSiiN6gw1guXducoawwB6q7tuHgHrJCZTkcVVfi25+yiXEOhkfWarqzErAEdD8783/Mdg8joNsYH4WEuBhEyMLXb9jEjfz39vvYOUu/s5rkbLb7IS0t2Ntaw+W4I4KDApCWSgFlRhoaqir4rPYz1TV8YlwL3ZiN5aVk5yUE92pu6EMXOnF5oJ+APorFKzMc6Pfmb5Ctz+DB0i0C+n1e0OUtwfvdk6d4uryMdywN/+ARXq2u0jlB+eFDgvNjDnTW2Fr1dw/pefa9BHRm4Qzerx/c5wD//OI5Pr98wYMB1tj5+6f08x6s0nvdw+PbC1hduIrFyWEsULtxaQBzo72Y6mvHUHsdrl1aW3plZmb2bQLc72n273j6feP6dbzQjPhWEW7m8jukcVBzHzT2UXCrtgd7lRXh6+6GkEB/RIWFIDzYH35k4mwb1KBvs9uFfJlaCF+ixkq6slKZwtAAXjQmKtSf7v9gvqd5WoKQgnsyoKxklORloPBUCsoLMpFNMC/MSkRfVRT6i71xuT6CoJ2Kdzc78dv7efztzTX8+dkEXl0jyxkuxHx7IubOhGOxyQ+3mwMxW+uLrgxHnI6zQZ7XASSd2IdoRy1kB1nhTE4IajMCcc7PBZ0erii2s0LyMX0UWJoT0C1x2tEK5Set4eegB7ODbNtnef55rSxMwfngZrjobCGIr4c7gdVx/0bY79sIK3VWWEaULF2EN325dTDZvQ4WezbwjVpYoRnXw9sJ6DvhRwAOo0A4xFwZQZYK8DwmiQCT3QRz+lzN5BBgIYdQW3VE2e4mW1eiIGIPAk0J6EY74Km/He462+B9VIbeX44gJgM3bfZ4O4JM5NeA7qmDVPcjyPA2wCmCd36gEQr99VAQqE/nhiiJsERRFME9yhGVid6oTfNHS2EkuhuTCeAFJBEFGGjJRN/ZTIx3l2FmqJYCwQpMDNZi/mrH/+vqPKCqyrJ13dmMmAEBySo5oyASBMk5HzKHnHPOOWdBERABQZKAgJhRMGfFnENpdVWn0bf73u7b743+31wLqt59zzHW2CdxOG7OXt/8VpgTU+MduHB2CDdvnsP9+3O4c+sMzk514WRPNXo6CJrtRegjqI+d6sLc1UncuHMBbz4+wsdvFLB+R4Hr7ymgfbuUbU8YksDBLcmG3EXEILFmA0RXboPE2m2QXrEREqu2YRuzdXqNxFpRSJHJK4lugsYaJWit2YR9a7bBimzdja5hPwrKGNDTBALUxMejuqiAIFvC07yyimptbZXcyvvo2NOWzWHOQH+oMh8tFZn03SOwl2bQOUlBdXYst/RKAjyDOcvlzq2/rg4D18/h9oMHmDt2DOON9WTeZOnl5WiuyOP76Zua6vk+d2blve21fMidPc7m7tke+CNH2jDFCrWwBDKdh3GzqQMvi4txr6wMd2tr8ZDe9xUBnYH93pEePOk+hoejk3gyPoU3M/N4cOsOPpIkMBN/+fIlvrx+jY+fP+MVQf358zd4/uwZTzrTUFIDe11tOi/mCN+ph/C1OogUpetgnQJ+EUs2HhUh4Avj2Kr1oGB3fvxpgRyz9/AIP/j4utDjXvAP8CTY+xH4/eAX4Mr3pwdTi2db3UJ9ECv0RgRBMC0hlKwomMw8jUO9rDgbtVUFqK7MRVlJBirLslBalIq8rDheZS0lIRjpiYEEdAF1EO4E9wCydS/E0+0EoSsSQ5whdDOB0GUvXPbvhI2BHBmeGIzUJKEmIwq9nduobYWRhjRPHCPPhoSll4DOVrjLSG7hW9b0NRWhqiBJr5HiQ+5me9VhZaJDRqrP59AZ0L2d9iPI2wqhfvb0/xLA190WLTV5eP/iPj6/f4YvH1/jn//4r6WV8H/5hLOTOWg7KsDEqSRcIDueO1+GU2TlowTIowP+aOzyQf9oKHpHhOgficeRY/5kwQT7ySzMTOcTtNMwM5yHwx3BfPHbxHAaujtCcIoCgEGy9tb2ILR1BmGcXne8Jwnjo0Xo7glFx4kgdA3Q42fCMTodixNDURgZi8f4RCLOXsjF1HQGZs4V4/hQLAaGEgnuqejqDSPox2DqTCJmZ1P4cPxJsvIRlnmOZbAbiaUoMAX+Hppk6KuhsImse6cqbHYpI8nGHGEW5jAloJtIS2GnxFYoilNnp7gFtS5qyDCnTlJpKzy0pFFMlpBspohyRw30E9A/zJ3khVh0VRWgJLUJavS3YFDX3S0HYy0VHNDX5JbuRNBmQGeW7k9AZ42B3cRAC6Ks7Od6Eaxes443BvE1a+n+2v/v/urVkJZiC+JUoaOlDS8Pd8THRKMgLxeNbFidouVDFG231tahvaERR5so0mYwb6zjt/spgmaGPjs2iguTbMj9LHX6V8nOL+L6hfN8pfuTWzfx+Pp1vGR7R2/cwBNqz++QTd+8hUdXr+AVRdrP6HVvCNYM7nyfOgGaDdG/Jci/ZMEAs3Cy9Q/LKVw/EtC/vn2N33/4gO/oyNrn1+zCfoXPr17g5cO7WLx9nQKLC5ibGSWAD2F2pBen+49g6GgdHt9Z4Od4g+j6n1ey/5Q0hs2pi6xZxe18MwFdUVYautrqMNDVhL6OBoFdBTYWZtzGg/3pGg7xR1xkGEHcm67jpcxubL48OS4SGclxSKdgnZl6ZLAvQd2Xjuy6DaDrN2x5Lj0KxbnpKMxJQ2Fu6tLoXUYyQZ5Vs0vF4Rw/9BUK0J3rgdm2BDw514Hvn0zhD8+n8eFmL56cqceNwQJc7krEte5YXG7xwQIDelMwjmfaoz3RCsW+WkhxVkaCszaq4t3RlB2EhrQAdPq6od3NBbmmxsg3N0e5lSUa7CxxxMkaed42BHQjOO7bjVTqs9i/4mhnuGqJwF1XHJ4GEnBQF+VD6faaIjDfTYa+ay0vl2qqtBr7ZH4HE5nf8uxwDqoiOEhQd9RYDwc1lg2OGf5GsmsJ+O7fjkDT7fA33k4WrgihDYHdiuBNjwnNJfhCuVALthBuJxm9JAUE2+g5aQSa7ICPoTQERrJw1twIT/0tS3PoNkpIdddAqpsG0j0I7Gw4neCe6k5BjZsmcvwMUBphgaoUNzTmhuB4XRaGj+Tj9PEKDJG9jh4roUZAbk7GkaoYdNfFof9QEgG+gGBfjsnhBvrO12JmvJOgfpL6nUOYOU2QnzyKniNkwXUZFJyFo7EuE51Ha3C87xCuLEzj1oM53H10GdfvXsTjl7fxj//+T/z73/9GFpmxgvh2iBG0xRnYRTbynOMbyci3rJPE9nVbIS6ygaBOhk7AFyeLl90gBg2CuCFdv0Zi8rBftxn+qhowNTBAqK0NUoT+fJi8hVk6gbaurobvO29vLyCo1vAKa4dbq3i1NQZ4Vhe9KicL9ZkZfFi9KJvATj/fkJtN9k3PlWaimi14Y/ncCer9Td042XkSnQTt5rImtLBtb7VFqK8p5Oll2xsKOczb2xu5ndfX16KmsRxNLF/8oSZ0UL8x1tmJKQL6ra7DeNhxBA/qDuNeayvutbXgPgGfJZdZ7OvDi+4xPGX53qfO4MbZ87h//iae3L6NF2yY/flLvH37lrevr17z4+vX3/Dm6Re+LmF8bAaOeqZwltNENge6ElJWKyB8vQ5+wWAeHxcEZurh4WwonSydbJ0NuQcLPeAf6MpB7uXthMAgb4SFByAg0AsCumh8BC4UAHggyN8FoQT3yCAXvt3M19WCL2yLoddmpMYtD79TVFSezRcWVFfkoKYil4CeRhc5i+RjkZIYhFSCeAZBPSHSEzkpocuJZjwQFeSEIA9z+NvvgaeFJvYoi2GvqgyUCQwqrDCI7Ea+GG6vijj2UdStraYAeRkCupQEH3LfQTBnK9x3k5lrqchCWW47lMgSTQxUuaHbmOnB4aABXGyWDN3H2QzBZOcRQc7ITBTC09EMV2eH8ektnewPrzjQP394ix++/8o7hH/+8294eG0AM0M5ZMd5mJ+rxMKVatyer8bFcwTs0ST0DArRdyoBM2eLCLCsgpqQbzkbm4zH2HgsRgczMDWWi9GxNEwR3MeOE1w7ozBMjw8dS0ZvdxzPVHdyKAWzE0WoafDBoY4gdPdH8a1n7T0CsvUwTJGln55KwORMEiZmsnhVtbHTcZhmmeUmloq8TM3k4PyFUpyeTsPkVDyGxiMwfSYZYzMp6OgJQWd/KEpL3fhedIUNItDdtg0G4mII1dGBnYQkLCQlYC0nD1U6t1qy4rBS2oJye2VE7JWBs5YMTBTF4LdHHiWO6mggg+oXGvLzdG52GrJiG6CwfSNU5cSpSUBnlyz93VidajUcNNCG/T4DuJotDbuzBXIeliZ8wRYr8bl6zWoC9lo6rsGadQzca7Fi5Ur89re/5VbOtmGtYEVGVq3CJoK/1HZxWFtaIJTsPCk+FhUULbfW13GgN1ZX83SvbXX1fOtaV0szjrWy+fQWOt8sscwIBVlDuDR1mkP81uVLZOqzBPYrHOaPrl3Dw4UFDvL781fpNlt9fhuP5q/g8fwcH1J/dmMBL2/fwPvHD/EdRdtLc+vvyLxfEMgfUCMzf8wS1Dzl2d6YlbPMbz9++ozv33/At/d0Qb9/g08E82/v3+H7jx/w9tkTPLlzHTcuzeLK7DgFHWxqoAvjfUfww9fPeEzBAzNyvpp9xdLiN5b6dT3bliaylieNUVdWhAHBXIsgbqivg717deHiZIcIsu1gPx9ER4YQuKMRExZCNh7O07eGBRG4CfLpSbH8uaUyqJEIZfAPEhDQfZBO0E8nkGenxqMgOx0lZEYFBPSc9KTlIizJvJVnx6E1wxd9Jf6YaYvDzeFyvLs9gvd3hvD18Sg+3ujFo8kq3B4uxnxPCs42BeHyIX9c7wjFhWYhTuS5oi3BAuWB+gQ36tR8jZDlb85XqTelBeII9Ust9P8pO3gQpfT3L7U0RZ21GdrcHZAfLUCEpyVczDTw+N5tOmef4Kqxlhu6u/YWuGlvg6vuZjjrboKd+gZeIe2g8noCuijMdorwxvaiW7E0rztXw0GDfkZvKxm2JLwMya7JtF33iMFJdyu89m1DINm1v7EMQizk+O1gMzY3LsWhHm0jTWCXg9BiB0IOyCDoAJn8fhl47yE716P3oPf2IKAHmEghylqR4K2NeEdVJDuzbW9qSHLVpqM+kt30kR2wH8WRdmjM9sWhoiB0VMTw3PbDnUUYaM/G8eZ0dNcno6UkBM2FAajN9kZTUTDdD0N3QzJOEti76TWnBhpwrKOK+ugMsvEGtLUWECQLUFeZSoDLIiEj060igTlSjRMjnZg804+FWzO4OD+BS2Ttdx/O429//yu/3r99+wGZ6aWQ3SbFAb6VoC22diMH/HY6bv4dmfo6MvW1myG2biOk12/G7k2bYEBt3/r1sNuyA0KZ3fAyNkaQlTPJogBlidGop2ChqbSIp3Rlht7SUkpAZ7ZOAXtj+VIhltoyNBbmoqI0B3UE7BrWstJRy+bCec30fDTk5KCSDL2EWkVCNka7jqGssJBkM5O+o/Qaak3UZ9RXFaOpoWR5vzubO69DC4N+SRbqavPRXlfI7byvg8z9WBfGyNInWSpYOt4mwN9sacHNw8fwkgB/u6cHz4+P4H7fSdwdu0hB6wSukiy8IJizIXUG9G+vPuHjWwrq39H1/vYb3lOAz+o3vPzuOz6vzuqlp3h4wlt+N6JEdiNcVJlgLolwlvrVz8+RIE0XZZQvX+3uF+BMzYUPvbOEMwFBbvDwdISfP4E7xJsfPbwc+WO+/u5wdbeDp6cDfLwcIPC2hb+nBXzs98HPzRICN2vERgUhLjqYwB6DcoqIqjjMczjM83MSUMCAnhqFKDL7tLhguuAj+VB7fIQXdRIuCPO1R6C7JWz3q8OZLkL7farQkt+K3Tu2YJf0Zj53zhbDGaowW98OXRUpaKkqLQ23U4fOFsSxxXGKMhJQUZKElpocjHR2kyVu5kBnhm5jpg9na2O42ZnAnZrAxQJCgSOfx0+OEtDn8sOb52TnH17+DPMvH97z9unjO/zjH/9Ymlv/4TVuXK2lCCoNZ6dzcf18NWZPZ2NgMBZ9w4k41BuOY8NJmJ4twuB4ArqOh/N65iMT8Tg1mY3JUzmYGCernsjHpbEiXB4pxZ2pVsz05eJwezD6jkej8bAAfSMUXZO5nzjJktUkYZAg30sGfpzdP0mAH4zkQ/9jpymQIIM/PZOJ8+eqcfJUCl2EMRgcjeMjBBME+tNTSZiaos97PhNjdLuX3ruXPm9xqQNkt7Cc7athrKAEF30jJDjZw0tDA9Y7ZOFBxq4uvgW7Jbdi/04xtAXtR4SRHJmFMnV61LHpyCLZfCcOe+vgbHkEPz/+ni6Q3iJCUF+PXTu2Ql1+O3SUZLBfQxkmmizBzFIKWMf9BvS3NoQdHaXEtxG41/ACI+z4U2GRn5KisCHlX/3qV/jNb37zc2PPiRK8tDXVYWd9EK7OTkhOTEBlRRmP7GvKylBfWYmmyio+7M5yuLOtaye7uzBAF+CpgRPczlm7cmYG11jiB4I6M3W2bY0Z+gMCOAM6G2p/eusWnl6/gUV67On1BWpse9l1vH1wl8+XP791Da/u3cGXV//Xtj8SwN8+eYjn924R1B/yLW4M7MzQf/j4ET/SxfvtI33HCOjfUfv85hW+0n0G9TdPH2Px7k3cmjuPyzNjmBoikyJTZ/+6OrsI5r8lmP+O7zFfSzAX5RngRLF9yyboqKvCyc4a9lYHYHvwABxsLOn82CM4kIAtDEQ8ATwpPprvNY+PDEUowTohJpxvP4uPZgljIgnyYXSNRlELJ+izazWYNzZ/zhLGZCTHID8rBUV56SgvyuaWzsC+lFAmFqWpYWjL8kVXgQAnyoPwYLoVPz4/h9fz3Xg4U4+7o/S9J5jfPFnIDf1scwiutofg+tFIXGgJxVCxJ45l2KIm3ATZgj3I9TNGiqchKlMFqE31xWHqmw65OKLZzh51ZOeF9F2qsTZBPfVz+fG+SAiwh7e1Hj9fg4eKychXw5Fs3JEA7kJHZ62lbWsOWuthoyYCW3URWCiLwFBmBfaQoR8gyFuQtVuyPO7KohzudmTorrqicGOpXo0k4GMsDj8zCQLRDghMZcnY6bhPgux9Oxn4ZkRYy/NV8IGmUnzle6ilPILMpJfsfK80TxnrYbCFjF0CwQT/CCs5uv7UEGevTlDXQJyTOpJcNBBjp4JYB7pP1p4XZYXiOCfUZPoRqIVkmnE43pqO/sP56G9Jx/HGFHTVxKK9lM5/kRAN2f70Wjpn2UEE9zAcro6m6yAF3YfJRluLybIjUFGeivKSBJQVxRHs4pGUHIREaqkZkaisLUQ1wWxsvIfkoR8TUwMYONmO6XMUmP3hHf75r//k5/jHH39EGYFRQZYVfRLDZjJ0WbY3fQ3d3rwN4qvI2lduxtZVYpAR3QBjsnRTsnYvcRV4qhjA3tAQgQcOIDnIHaWJoagnONfVMiuv4vPnra213JbZivZmsmVWQrWxKptMnABfkEkgz0JVYT5qK4vQkpeHhrrypeQzhRloIItvpWP58hw7m1cvIVsvIHOvYCMBmUs/31qQw1fSswCCrXBnZZYrKkrQwDLWNZSStbdjpLMD4wTyM2To5/r7MU/t4uAgrvb24taxHrzoOIHHZOWLw8NYZHUhJicxf/4Cnsw/pED2MU8kw+ozsHnz92zr66dPePH1K17R7Y8E9ndv3+P18rB7Z+MRhGqaIkB0J8K3MjvXIqBr4heR0SxTnDtCyIYZzP0DXRAY7A4fX0d+ZIYu8HOGs6sNv+3l7QxvX1d63g3eFAm7uNnB0ckKrnR0craCl4s5z/DmYUs27WgMP087+HrZwZ8MPy+LAJ6byOfP05PDKYqPR3F2Ap+jDvFzQUKEHzISQpGeEMLnrAM8bRDsfhDedvtgsFscplpyZOdSUNuxCQpiItgttRF6iltgTGZuor4dxprS1GEpQEN1J+R2SBDQ2Sp3tl1NDLsUJKC2iz0vD3MjTSjuEIPpHjW+B93B0pBgbkq/04I3f3dbvso+MdwPzgf3YnzgCD6/f0kgZ3ZOxkSNQZ21Tx+p0fGvf/nz0kr4f/0Xbl3rRO+JQAyPpGL+cjXmL9Zg4WrdUjrZWboAZqhN5WJwhGB8Kha17Z58b/kpMvk+AvwMWf6l06W4PFqJ8yeLMNaZjbETOTg5EIW2bl80dAajezAOnUPhaO8L4FXWugj2g2NZvK56Hxt6H0nBuXNFOMUs/Gw2pifYYrwq9J2I5gEG25t+7GQkpmaz6TPl8SxyU7OZ6KPPw96zuTkACtvWQXrjWhjLKcDVwBjJFmawl5WFi6ISfJVVoCW2BaoULO2R24pSF20kWWuQseyArZokfLQk4akvh+5IU/zw+iH+8IcfuZ1LbloDqc1k/hIb+LA7m0c32CXPoX5AVwNWe7Rhu08fJjpq2Lxpw7KRr6a2dnk4fc3SQi9qv/71r3ljQP+fUP/1r34NETJTXQ017NXThYerC1KTEpCTmY4CujhL8+niLqUIvqKSWgVaa2s41PuPHuUwnxoZxszoMM6Oj+Hq7BkOctbYHDoD+kMGdYqSGcyZoT9j0TXB/N6lC9zO2WK3NwTqdwR0tvWMbUt7Mn+JL3BjJs6s/O0TZuissMotPGFb1h7c4/vK3xOsGdQ/v6HvGx0/vH6xBHX6jrH2/tVzfCS4M6g/ZlCfv4i5WbKjM+P8+xcRFs6rpzGYr1m9NGe+kaxcbMsG7NHWgJebM68J72RvBXcXB74tzdvDCUIycLbHnNUyjyOQx4ULCdjRBOFoxBHME6NYAhkhEqMj+PB7tDAAUcEChAf5IEbI4B/Ch9rZ4jeWOKaIAF5ZlEOWnobi/AzkZ6cgleyKlU6tSBeiOdUVdbF26Mj1xasbg9ShTeLp2Wbcm6jCjYEi3BoqxvWBAsx1JeF8aziBnCy9LRSzjaE4VeWPnlxnlAUboTzCAjnM0AXGZFnuKIum93W1QqW1OTookDvkYIdskz3Is96PxvxIFCT6IT3MDRODXfjf/+tfZMqycFJfBWuV38FWdTXBfD2cCebWKmt5fnZWiMVq19JedEOCuZHsCpgqLaWBPbhzHT23jkxelH5mC5zJ8F10N8JNfzMdxSgI3gCf/dvgzVatWyjB3WgH/MzlCe6yCLPeRZDaAV/T7QgmO2dD8UEmOxBM8BeaKpKVS5PVyyPeVQOp3mpIdFdBopsG2bg2Uj3IzN3VkeatR6ami3hnLSQKTJATboPyJFdUp3ujoSAcHbXJ6GpIR09LDjpqKOCvT0RPTRSacgPQmh+EugwfVKV6UxOgMN4T1XlBqMjxRU1JLMqLk1Bakoii4mSECN0RF+uH0EBn+LhZISGexM/fCZ4eNsjKjEVVdS4amgvR0FSMQ+0V6D5ei7kbU3x+/fdfn+E//vQd/27+8Y9/pL6/DipS0mTq4ti6RoLPrW9bvw3yqynoXC0GKRFxvtrdeYs0BVl74COmAV86+lpaIkLgjuqkaNQUsAVxBcspX8t5QRY2j83LojbQZ6jMJaiX8i1mTcVpqCOwsyCglpVOrSWoV+YvF27J4yvl2Vw7e8+K0gxUE9QbllfDF7NtbQT43Lg4vne9tiCfBwytdcU8sU1dcSGaqS9pqa/CQHsjBrq6eH30UwT083Tk5VRPnMAcAXyeVVkjuM9PjmL+7FncOHMW81eu4P2FK3hx5xFPIPOO2flbusa/fcOHL1/wntpbgvtXAvrrz5/xnhqbnmOJZs6dO4c4awGE6/UQsV4TqSJSiBDfiV+EEcgDyMjZaveAIFd4ettxM/f1dyaQO/G5dD/+PIGdQO7r5wYvH2cyc3u4k6m7k53bOVryZk/N2cEUwS7G8LLRh6OFHoelA9mvF9l6PIGbbVdjQ+zRod4c5BkJQj48HxHojtBlqHs6mMGdLD9UYIeDe3fDylAZ+wgShiqSvByqljwBWkKEwE7RnOp2HNCS4qVUzViiGa1dUFNVJqBL8vlz1hTIzlWVpPjqdl0COrNyPXVFniHO2nTpM3o6HoCAOgJf+pxB3g788yRHBcLNZi9eLt5atnOyKwZzal8+vKPH3tFjb3+G+4/ff8U/l239D79/hmtz9QTtNMyQec9O5uP5XBPBN5vb+sx0AU6fzkfvcDiO9ghx5JgQbT2hGJ/O4qCfOZ2D6dEc9PbHYYqtVB/OwOhwNnr6I9Hdn4CJkRy+YK6nPwijY0I+Nz4+XYW2znAcH44h8Adj4FQyTpxiw++ZmBhLxvSZPJyn39s34IcT9Hs7+4T0+2O5wQ+disHs+SxeR71nMBj1Ld5QkljH87Rrbt4I993qSNxvBmcZOQjVNBGiosarDylLboKRwhZk2qgh1HgXbDR3wJr+VgF6knCnAKvMZan4TVN9DbauX4Ht9H7SLP+7uCiUydK15CShLS9Nf99d3NIZ1PeoK2OjqCiZ+GqsWrbylatZHvLV3Mo5tJdh/j8bgzobfmfPszrfzEh3ycnBx4O+zwJvxEZHIi0lCemJichNTUNVURE16hgqyn/O6T4xeBKn6QKcJqBfmpnGAtk5s/QbFy/gPkH7/vw8HlD7CejMzlkO5kcLVwjo5/GEjmw/OUsOw7aiLV6bI2Nn7fLSXvN7N/Dy4W28vH8bz+5cx2O2v/zmVQ71RTL5p/Qzz+g1bxbv4zm97un9m3hF8P/w+jk+vX2Fdy+fUZT+BM8e3edDxvdvXcfd61fwiaDP/unqaNP/fSXWkJmLEMxFRdZwmLOhdYGHO5wdbeFAhu7N95jb8wxwAQIPvq+cVUuLCg1CZkoCspITkUwwz05NIoiToYeFcKBnpCbwBXBs3jyCYB4W6I34sAAkRYcija1sZ6vZMyhoz89ESUEWWXoGSsmSmK2z4Xa20r0mMwTVMdYoCjLFcGMyPjwYx+cHp/D53gjeXTuOxXOtuDlcgsud6TjXFoczjSG43B6G+c4YnGkOxYkSb7Ql26JMaExAP4CSEHMUBpkhy88UOcHWyPe3RZaLGZopaKm1s0CooSrKYnzQWhqPzEgP5MZ4L+UYXzgHJ9UVHOCOWmvgqC0KVz2CCR2ddVgu9/WwVhWBudIKDnYzeTaHvoKgvpLPpZvJr4SZIiunuoZsfe1SBTYNsnyDzfAmILvv2wpvArUP2bm/mQr8DyjAy5i+jwT4YEsF+JmwhXJy8DeRQaCZHALMFCE8qIxIO2bgmkjy1EOStwFSfXSQ7KHBU8am0mPZAXuRJtBHuq8hkjx0CPiGSPPfj/woCxTFOaAi2QE50Y4oSvZGbV4Y2iuT0U1gP1afgrbSKDJzXz40X5fpTRbqi6r0ABQmeiMt0gkZce5IjXWnayQAkeFu8Kc+2MHOHPa2prCzM4KXJ31nXA7C0tKIJM8C4ZEUBArdEEvAj4/zR0lpKopKE9E/2Iwr107jxz+9xptXV7F4bxZ//uHjUpnqv/yF7LaZrn8VbuVsCF5s5TZIrt+A3SIkahs3Ql9eEQaa6jDRVoSL4T74W1vz8qYNSUnLhk4gPtTIt601N9fx/edLje1Hz+W3W6ryCOIldA4y0JSfy2Hf2FjPTZuZPRuqZ8bNFrSxYfq6mly0ZKWhproATdlZqCbIVzKwE8zz6HeWE+DZavcakoBybuj0egJ7U10FDh+uRi8JwcixFpweGMBVVvucAM5gfmPyFC5NjeEJGTlrL2cu4enFpcpqz6nvePLoFRYXWaD+Bl/Z8DpZ+he2GI7A/u7dO3yjx1+/+oIXL17T8RWvlX7t/DX0ZmQjRd0A8eI6iNlKbaM6fsFWqoeEeZJpW5JxO5CVu/Gjp5ct3Dys4SNwRCRB3c3dmuBtx+fNvX1c6OgKF3c72NgfgJOLNaxszXDQxhSOdiYQepjC11YfDmYasNynyTOy2VoYUqdhjxACJdt3HkDvFUi/IyKAggZqPq6WfIsYg6mnoynfQmZtpA4bI/ZHlSOYi/M66Npk5Jpy2yjKE4X+rq2w1JXh29fMtWVhyhLM6KpATU0FMjKSfP6cLYzbJS8F9d0y0FOTxx6dXTDU2429dNTXUICtuQEfbudm7mkLfw9bHljECL0RRAFLbUkKneinHOifP7z+f9qSqb9bGn5nt1kyEWp//cuf+Bf3X//9N7x9OIbbZxqxMFaF8ZOZGBsjIz6bj/HJDMxM5mLhLJn4VBEuXahG3dEwgm8+unuFGD6VyCuqjU9kYXg0naw6BQMDrEgL24aWSaBPxtBAOsZn6Hg8ktv92ZlitBwW4nBXOHoHkgnMKWjsDsCJ8UTMX6inICCRwJ6O0xMpGDsdj5HTCQR2lmEuEYMT0XwR39B4AsanUtHdHQbl7SLYKb4eWtI7YCe/CwHmB+CmQZZgYIRIdS1YyyrQ30EMujKbEWIoB4GBPPTkt5Khb6f7Mggx2Y25oaVUr3sI1JvXrYAEN/R1kJfYhJ1k96oyFJEryWCvsiL0lWShumM7meVqPjfOAM7mxPltgjqz8p9g/pOV/wRx9tgvf/nLn59ni8HWrqLOdw99j6wsYH3QEn4+3ggLDUFURDhiIsN5conCjHS6KNm2nC6M9PbxDHGsdOrFqWlcmZ3F5ekpbun35q/y9mBhAfevXuW10NmiOGbnrD1YmMOjq5d5YpinBFhu5QuX6bGlZDDPbszRc1c43FmimEUC+eItCgzoPoP609sLvD27uwT5R/TaxbvX8OTOAh7dvopnD27h+aM7FFw+4DBfJPt/eOcGh/q9m9fw9csn/P3vf8e6tauwbvUKXmyF7TXfuH4NtNWUCeauCPDxgoerEwRe7nBlYLe25NXUIkICEBrkR2D3RHR4MNIS48jKQ5GaFIuMpDjq4Nmi1SgObLa6nWWA+2khXBTZeUJUCJJiQvn+clbjnG1TK6ZOtKIkD4U5bC49CwXZZDqZiSjIiEd7oZDs3BaFweY411+DxcvdeHvzJP785gK+uz+MFxdacbU3Fxc7knH5aBLmOuJwszcFC91JmKgJRG+hBxrjDqA+9iAqog6iVGhGQN/P86Kn+5ogP9wRuaH2yHIyRrazCZK9DuBwRSLayhLIuvxQmR6En/49v38d1akBcNHaAieNVXDVFuHz6C7aZNl6G2GnsZYPuduorYeJ3CrsYzAnsBvJr4GRDMvtvorXQbciW7dWWknvsxkCgnmAhQzZuBQCCdwM6p6GUvAzk4GnsRR8yML9COBBB9liOUWEWO+GL6ttbqmECDsVxLhoEcj1kRFI4PY3REbAHmQFGiKLbueFWCAzyBIpdDsrZD9SBHr0nDHyIoyomaMs2Q31+X4UvASjrVqIqmw/VGQK0FYZja76JHRUJeJQcRga8vxRkS5AeVoAnRNfZEd5IMb3AGICreHvagIbcx0cMNOFPvWVu3ZJYbeyNNQ1ZKGrr4b9JjowN9eH8X4t6OrtgiX11c7O5nBzM0dMrBddYy7IziGxOFGPhy+u4/P3z/Hd1ye4ca4NM32VePn47nJq7f8gk26FmpIqJMjMN60Tx+ZNklAUZYVzxKC5bQf2aarBy9CQ+mU3JAc4Ipu+h41k3N1NxctlUuuXIV64nFimmFdaa63NxaGaPDRQqydjr6sr4HvTB3u7cbS1lYBez62+vY0kqKWBV2ZraCjCEbrfW1+Jm+dmcKz7MAU+bFFdKspzM1FKAlDN9qcTzFsrWLCwNNR/tK0Wg4cbcYLM/Ex/Py719eE8s/KhIZyfmcHcxUncuUQmPjeDu/OXcH3uOu7fuc+HzpmZf2BbXV+zUbk3+EZA/8TqM5Cdv6PbL5mlf/89ni8u4jm9ZnHxA+7dvYdrVy7hbF8Hou3tkayog0gJHYSvVMf/Ab+HDQNH9CFvAAAAAElFTkSuQmCC to /home/student/Desktop/imageLogs.txt
Bytes in image file byte array after reading: 549369
Supposed to write: 549369 to /home/student/Desktop/byte.txt
Tests run: 1, Failures: 0, Errors: 0, Skipped: 0, Time elapsed: 20.035 sec - in csci310group11.Implementation.TestingDownloadCollage
Running csci310group11.Implementation.TestingImgToBase64String
Tests run: 1, Failures: 1, Errors: 0, Skipped: 0, Time elapsed: 0.023 sec <<< FAILURE! - in csci310group11.Implementation.TestingImgToBase64String
warning(junit.framework.TestSuite$1)  Time elapsed: 0.022 sec  <<< FAILURE!
junit.framework.AssertionFailedError: No tests found in csci310group11.Implementation.TestingImgToBase64String
	at junit.framework.Assert.fail(Assert.java:47)
	at junit.framework.TestSuite$1.runTest(TestSuite.java:97)

Running csci310group11.Implementation.TestingNewUserInServlet
Supposed to write: 1000
750 to /home/student/Desktop/size.txt
Supposed to write: 200
187 to /home/student/Desktop/size.txt
Supposed to write: -36 to /home/student/Desktop/rotation.txt
Supposed to write: 200
187 to /home/student/Desktop/size.txt
Supposed to write: 9 to /home/student/Desktop/rotation.txt
Supposed to write: 200
187 to /home/student/Desktop/size.txt
Supposed to write: -29 to /home/student/Desktop/rotation.txt
Supposed to write: 200
187 to /home/student/Desktop/size.txt
Supposed to write: 35 to /home/student/Desktop/rotation.txt
Supposed to write: 200
187 to /home/student/Desktop/size.txt
Supposed to write: -5 to /home/student/Desktop/rotation.txt
Supposed to write: 200
187 to /home/student/Desktop/size.txt
Supposed to write: 35 to /home/student/Desktop/rotation.txt
Supposed to write: 200
187 to /home/student/Desktop/size.txt
Supposed to write: 25 to /home/student/Desktop/rotation.txt
Supposed to write: 200
187 to /home/student/Desktop/size.txt
Supposed to write: 23 to /home/student/Desktop/rotation.txt
Supposed to write: 200
187 to /home/student/Desktop/size.txt
Supposed to write: -25 to /home/student/Desktop/rotation.txt
Supposed to write: 200
187 to /home/student/Desktop/size.txt
Supposed to write: 29 to /home/student/Desktop/rotation.txt
Supposed to write: 200
187 to /home/student/Desktop/size.txt
Supposed to write: -14 to /home/student/Desktop/rotation.txt
Supposed to write: 200
187 to /home/student/Desktop/size.txt
Supposed to write: 38 to /home/student/Desktop/rotation.txt
Supposed to write: 200
187 to /home/student/Desktop/size.txt
Supposed to write: -24 to /home/student/Desktop/rotation.txt
Supposed to write: 200
187 to /home/student/Desktop/size.txt
Supposed to write: 31 to /home/student/Desktop/rotation.txt
Supposed to write: 200
187 to /home/student/Desktop/size.txt
Supposed to write: -31 to /home/student/Desktop/rotation.txt
Supposed to write: 200
187 to /home/student/Desktop/size.txt
Supposed to write: -33 to /home/student/Desktop/rotation.txt
Supposed to write: 200
187 to /home/student/Desktop/size.txt
Supposed to write: 11 to /home/student/Desktop/rotation.txt
Supposed to write: 200
187 to /home/student/Desktop/size.txt
Supposed to write: -32 to /home/student/Desktop/rotation.txt
Supposed to write: 200
187 to /home/student/Desktop/size.txt
Supposed to write: -8 to /home/student/Desktop/rotation.txt
Supposed to write: 200
187 to /home/student/Desktop/size.txt
Supposed to write: -11 to /home/student/Desktop/rotation.txt
Supposed to write: 200
187 to /home/student/Desktop/size.txt
Supposed to write: -31 to /home/student/Desktop/rotation.txt
Supposed to write: 200
187 to /home/student/Desktop/size.txt
Supposed to write: -10 to /home/student/Desktop/rotation.txt
Supposed to write: 200
187 to /home/student/Desktop/size.txt
Supposed to write: 6 to /home/student/Desktop/rotation.txt
Supposed to write: 200
187 to /home/student/Desktop/size.txt
Supposed to write: 29 to /home/student/Desktop/rotation.txt
Supposed to write: 200
187 to /home/student/Desktop/size.txt
Supposed to write: -34 to /home/student/Desktop/rotation.txt
Supposed to write: 200
187 to /home/student/Desktop/size.txt
Supposed to write: 9 to /home/student/Desktop/rotation.txt
Supposed to write: 200
187 to /home/student/Desktop/size.txt
Supposed to write: 9 to /home/student/Desktop/rotation.txt
Supposed to write: 200
187 to /home/student/Desktop/size.txt
Supposed to write: -11 to /home/student/Desktop/rotation.txt
Supposed to write: 200
187 to /home/student/Desktop/size.txt
Supposed to write: -17 to /home/student/Desktop/rotation.txt
Supposed to write: 200
187 to /home/student/Desktop/size.txt
Supposed to write: -35 to /home/student/Desktop/rotation.txt
returnURL: iVBORw0KGg
Supposed to write: data:image/png;base64, iVBORw0KGgoAAAANSUhEUgAAAfQAAAF3CAYAAABT8rn8AACAAElEQVR42oy8B1sV2baofX7A/c5uM5JzzjlnRVCCoKJiAkVRzDnnAOaAGQOYEBHJSXISAcGcY5u121a77dy+36hCe+99z7n3Hp5nPFWrVq2qtYpa8x3vmHOu/+B/+Fd/60dWnn3B8jMSOc9Znitx7hmrzr1gTd5LVp97xdq816wtfMm6YglZbih5I/GK1LI3pJa+ZlP5W1l/y6bz37Gp6h2p59+ytfI7Mqqe8aa1iL+at/K5eTOf69byV81q/qxaw28Vq/lQsIifK5bzR81Kfq9bw5/Nqfx1dR/czoTLu/mjXrbJ9o95c/gpf666/69Vq/lLtn/Km83PZYvg4Qk+v6ni96dVfP6+hb9eNfDz3UL+fFDCnw+L+O1uLm+b9/G8cgtXTy3m4uGZVO5I5Oy6WPI3jaV893Tytk9hy/w4Fk8dxW+//vI/vXQsWTYHPT1NTM216KvdCw2t7ni6GTFlXCBhwZZE9bfi/ZtOfnp3hV/fd/DpfSerl8YxLT4IVydDjA16oK/fC2293ujqa6Bj0AdD4z7o6fdAR7cPWtq9ZdlbtmmhrdOHvpo90ejbU57XxMCoL2amGpga9pbnuqGp/Q19NLrJ89+gZ9xL3lsS+3cvYeWqqWSd2M73393i++/vYWmtI/t0o1fvb+jZ6xt8fWyJifTE0lKTudOjGRjmiIO9Lnt2riB1/VKuXm3l6pVL1FQVs3fHWnakLufgkcMcOpnPsXPnOVveRGlNO40Xr9HceoWmlk7qGls5X9tISUUt1Q0XKK9rZsWaVPSM9LCyNaKnxjf06tONnn3+Ie+7F1ryWXX0+6JrIJ/LWActnV7Y2hvjYmeIrZU2pqaaGBlpsnX75r+vfU1xDoeme7MjzpA9Y83Yl2DJgfFW7BtvycFEGw5NtCU90ZbDSQ6kJzlyONmDE3ODyNkwlqrsXVxvb+bxk4c8+jsece/+I+7ee8Sduw+5efce1+/c4drte9y4+0DW73P11l0u37hNx7WbXLp6Q122dl6lqfUSLR1XuHDpMg0X27sey7qyVKK2qUWuRwPFZecpKCykuLiQoqJCCmVZfr6MhqZ6LrY20tHRwtWOi1zrbOHWtRbycjIJDw0iONAHTy8XXFwccHZ2xNHRASsrG/pq6aKhqUPvPlpo6huia2yGjqEJDY1N/9f79uWrN9h7DkTf2h9DG390LTzRsfBAz9obA8cQXAYmYdUvCZ+4DfRL2kPsygKilxUSkJzBoPlniV5ShN+kowxfeZ6EzU0kpFYTOCkN89BZjFh2ku2lT9hQcI8NRQ9YevIyY1IKmH30IlsqnjH7QBMTNpaQWviQlKInrC/8lt2135Fa8pjopafwm7AZ98h5aBm6o6FtI/eIkdzXxmj2NUFX2xyN3ob06a1L717yuXvq0KO7Nt27adK9pyY9evalVy8tedxXtmvR7RvZ1k2e/0a2yXr37rJ/T316SgyOGq5ei8nLR+A13IiAMZb0H2eH30grfIdbEhLvhHOkIa5RxjiHG+E+2Ay7EF1cZJtzpDE2/bRxCTdUlxZBfXCJMsB2gA6ew4zwGWmO+xBT3KNN8IgxJijOCp/hZngMNZJzGeI/2gzfESbyvB5+caZETHUgcLQpkTPsCBitT1iSKTFz7fAZoU/kdFtCE60ZssCZEUs8GDLXicjZrsRIRM5ypr/c62HJdvSfbErQBAv5f1mo5/AdaSrnMcVnlD6ecpyBUy2InuUh+9owZL4nAeNtcI/tgX+CLnHL/Qifbi3HMiN4ohXxyxxZvW6QfP/HMCDEEW9fa1xd9RgzwpA12wMYNMOGwfOcGDjDSn1f/adYETPHWbbbMmCqsWy3YOB0c1k3Z/Aie2KWOBA534nBC+xlmwGDF9oQNd+WuDXeDF3uyJg1XoxcLp9poRNpOUv//V598xrbMB90PK3Q8bBC190SHXcLNYxk2/zF46Qt2Em9GmkSu6nO30HZmY1kH5rP5rmDWDHSgfnhJiyMtmTxEHtWjHBm7VhP0mYNJH3eQI7OH0Basi9Lh9mxY8YAyvYk03B8EQ0nl9NZuJ2yzPWUn9jMxfy93K8/wptLWbzrzOHdpVO8aEzned1+nlal8aRsGy+r03hz4RDfd57mw+1SCnNT5P/ngpvcX65jrWRpg8MwS/muGOESZ4NXogPekxzVcE+ww3OCPV4THfBJcpKlPX5TnPFPduE//l8w+vjLnxypf8uSM88E5AJzgfqK3JcsO/eclXkvWJ0vIM9/ydoCWRa8VIG+vkRgXqzEa1JK35AiQN9Y/kbg/Y7NFd+zVYC+reo9qZVv2VL9A+W1D/i18zh/1KXwuWmjQF2AfWEzv9as4/f6VN4XLuZT5Sp+VUDftpW/WrfwR3sav19O58/OffxctZ53ufN4npHEx4L5AvAV/NaQyi/nl/MxewY/lizh89tC+PGCwLwZ3tbz55NygXgBvypQf1zGpxtneFG3mzv567iTt46m9FmUbEmgXKDefHgObSeWUHd4AQVps9i9YgKFp9P/x0AfOy4WMzM9zC11MTXRw1pgOXtSKK62vQn0MSJc4Ji6YjS7UieSvmM6tztOsj9lOENCLbC3lobApCeGhj0F2hoqsLW05bFRL2mov8HEVEvA3Ve29xaQ98DC0gB9Aw3Zp5e6v65eL0kIumOq3w1d3e6y7RvZ7x/y2m7oG/ekMP8A9bWnuNiUw5+/v+OP39/y+tU9Qvo7o6n1D3r2/k+BurxWvzfePjYCW23MLXQEnFqEBLvL69PpbG8UsHTQKrA5cnAjCSP6MzY6kNR189i9L53DWQUC9SpO5teQXdZEXnUb5fWXKKltpai6hYKKBsqqGsnKP8+2/Zn49uvP1KljMTLTEqBLQiHn79H7H5IIyTWQhEZJiDS1egnYNbB3lBve0QB3Z0PGjB1CS0uzes2bmhoZMKA/Fqb6TB/qzr5ZgeybaMfeCVakT7bn0BQn9k+w4YB8KQ4kCsinenNqWQR525JpKz/Bw/u3ePHiKc+fP1VB/uDRQ+4/fMC9BwrQH3Pz3kMV3ldu3aLz+g0V4ldu3pHHd+XxLRXgX6O5vYO6C63Ut7TR2HZJXT/f0Eh5TR0VNfWUVSsJTbMaCtDLq+vIF6Dn5eWqkZubQ2FRPufPl1NXV82l9gtc7bzIjcuSRF1qJmnCGLmHggkO8sHL21Vgbo+TkwP2DrYYmpqhqSdw09ZDS5YKyHWNTCWZMyNkUMT/9b4dlTADIysf9AXkBpZe6Jl7oGPmjr65F7oCeLvAMVj5j8PYZxz9JmzHP3EvAwXk/gJ034np9Jt2jPC5uUQvLmL4qkpGb6hj5NrzRC3MYknGJXacl/Yj9w4rsm8x/UCzPJfPwuOd7Kp+zcIjrSSmFDF5axUj1xQxflMVM/e2sOLULcZtKJIkYi3almH00raXe8GCvn2NBOIG6GgaYGfjiK6WAf5e/rjYO6OnpS/PaQvgtVWYfw0F6up6ty9Al+jRTbYJ0Hv20Ps7lL9FW6YSNM5WQGxM5FRpPEcLvGIM8Yg1w022+QqMnaPkXhSIOwzUw3OIBY4CcvcYM9nXFocwfYG5CW7y2Hu4BX6jzFVIuw8xlmOaCFgtBd7KvrJ9jDToQ3TlmOZyfGM8hhsTKgmnb5wJ3iON6T/JjLAp1gQmGhMyxZyQJEui5zkzenUQI5b6EjrNkn4C5qj5LgRPNidworFA1AG/eAMCJIIEyIESoQLtgHg57xgD3KL7SlKhj89oXaIlCfAbK/vFy/saYyjnsCR0ioXA3UgSAXOCJxkyZZUPF+oWMjjCg8AAAZGHLXb2RthKcm1vq8OWlAEkrPZi4ExLIuc6ELPAiag5rkTP8ZSkwZaB8h4HJMvnSrYiUI4bPtOesGnWsq8LUfPsCZ9txoAZpvI5zOT+sSNmqT1DF7sRu1gSg2QLUjLm/Nu9OnzGBLS9bdD2skZbAK7lYYmWQF1bDQs0XSURGxZA7ulU6op3UVe0k6r87VTkbyPv2Ar2rYtj49QQZg20ZP5gGxYMsWW5AH3NOE92zuxH7qZxZK8dwf45A9k2LZSjq0dSe0LE79wmWgt2snb2aEJ9XAjy92B0bARrF07mUWcJHx/W8NP987y/epY3zYf5tjKNx2XbeVqxk1c1e3nTkC7Az+KH63k0VKQRMlES8ji5d0ZYYy4JonWkqQpvz8QugCtL9wRbPP4F6N6TBPaTHfGf8v8A+r1Xv0pm/EJg/rTLyhVDP/dSjZVi5qvyn7Gm4IUKcdXMi14IzF+Jlb8kRTHzktdsEJCnVIiZS2wqF5hXvheg/8D2yu/ZUf0dh2re8qSjib/a94qRi1Vf3MKfbdv5fGkXv4ix/1SXyrvylfxYt4Ffxd7/uLiNT3Xr+dSwlT+uHOFdw06e5S7j9ZkFvM6eK/BfxruCJfxYvkq19O9PC9Bbd8AvjWLoZXx+WsAfD/L40HGM95ez+PVhKX9+W8FPV0/ztHoHz6p3cfX0CjpOLuX62ZXczl3BjewlXDm1hKajC6g6uIBjqcnMGB1KQ03F/wjo/v4uGJtoYWKuKyDWxkRs2cFag8VTAti6LJoQH0MiB9hhaS4Wb9QbLxdt1s6KZGyEPW42fTA3UYDa8wvMxbQF1sYmmgLyPmLgGircFCtXbFoBuaW1kdi6mLyOAvTe8noNLCQB0NXthqHAXU+vO/o6/0vg3o35s0eQcWg96xfHcv9mNY2Vh0lODJP32ZPeGv8p1tNdDW2xYVNzbYGBNtq6vfD0diI7+widHTUC83axxTYqzheyYGocXtYGBDubMW1iLDt27iIjK5cjWcUcOFnEgZxSjhXVcraiiZyyRk4V1nA0K5/jAv0jp/JIlxg7aSqnT25j7qwRGBlry/voocJc10DsXK+vWpVQroWSuMTHRzJ7ZoJArkW91g/u32PKpEQsLMwwMNCTffRk3YiZibEcXjGSAzO8SZcG+dA0N47MDiJ3YzxFO+dSdXYfD+50yOtv8PrNS15JPH/xVDVyBeQPH30rRn6f23fvckNAfv3OPRXiin0rAFdCWW+7ep3mS500CLhrLlykor5R4N1EdXMLFXWNFFZUcPpsLsdPnSI7L5+84hIKyiupEJB/hXmhGHpuQRGns09z9uwZzp07K8aeR2lZCTU1lXS0NatAv9rRzJlThxk+JIJhMRG4u4uVO9mJmdvjIGFja4uOgVirjr7A3EgFuQJ0A1ML9E3M1cdZ2Wf+23v2UEYWuqYCbzMxclnqmbqp6waKpZu4YWDlh53/CCy9h6PrOAjPoUuxHbREzHkfgUmH8Bi1g36T0qXBPkLY1AxpsE+JlRcQOeeUNNyHGbXirMC6gul7m5i4q06F+aA5R1ggID/Y8I606lfM2lWDx7BVAs6V2IbOFSAuJmDUBgZN3MXgpJ0Ex8zHwsqfQK9AksdOYFRkDD52TkT4BhI3MIKSzGPUn81h27IVzExIJNQ7ED0NXTWsTK0wM7KQ74IJvcTgewrEFUPvoUK9y9Z79tBV15W/LYdWC1At8YoVwx1jR2C8Oc6DTcRybbAfpKdC2ynKUIBtin2YnrxXI5wijbAfqC+vscJOIO8wyEBgbi1GLccZZoXTICNco81wiTZSwe8nAPcdJeBJdBJ7NyVgrDVeIwWoYtcB4wS8Y01Uu/WI0yVkkgWeAt/gREsCEgR+SbYEjbcU+zanv5i7z3ix7wQTXGN18BhpgI+A2XuMtsDYmoAkMWxJAoYv9WTwfGf5P8kxEuV8sv8gAWvkTAeBrpj4ZAsCE0zxnWCEX4IR3qMNBeyWzEv1lURyPc0FczmfMZXCfdM4sWkCC6dEMSjIQdozU2ZM9GD8QltJBkwFztZEzLKRcxqrxw9NtiZqliMRc+0Zvd6XMLH+6LnuDFvixdAlngyS/WMWOxG7wk1dH7rIgfEb/Bi1ypPYJd6ynztzd4z6+149kJWJlgJyAbqyVEOB+tdQ4O7WFRYBDqRumU1jxX4V6pXntlJyOoXSrPUc3jiJOUOdWTHKi+Uj3UlJCmRTUgAZy2I4vnIo+2aGkJLox7LRXhTun8f5Y8uoyVpDXvpyfL0kidTWkCTxHyJQOvh7OzNh5GAqpV354X4tnwTsH64X8V3bKV42HOZ57T5eVO7ieeVOntfs4U3LEb6/cpoD+2fId8cO68FmmA6QJFDuNfcJdirIlXBLsMF9vO0XkDviO9m5C+gSvpOd/nug//kXlF3+wJLs5yw9IyDPETsXQ1dK7iu+wFwps68tfM7aoi6gry9+pcaGku/YWPZWLbFvFDNPEaCrMJfYev6dmPkP7Kj9wPaqD2yrfU9+wxM+3Szhzwvb+a1yLZ8v7uTPjjQx8L18atzG91WpvC5bw5vSNXys3iCAT+Hnpk28r9vGa4Hvo4IUnuet5GXuIp6ems2T03N4KnD/VLWOn8qWc2PfaP54mitmXsWvNzL4806WwDyDl40H+Xhdtr+s4bd7+bxtSeeHSxm8a8vgceUOXtRsF5HfzoPClVzLXkzHiWU0Zy4lZ+sUts8fxpTYIMbFDODt61f/V5j/+ONH9A37qGAyNNYVu9XA3UmPUTFutBVtlMTAi2AfYyqLt7F63hBcbARCuj0kvsHIoAemht9gbNhDNXAF3Bp9e6hLFeyyrZeYqwJyTQGehmY3Fey6ehoCM0kOBOSTJkRgYtATPZ1usv83GOr3kOOKsRt2w8asFyMi3UgaHyomo8eAABsiBjiqFq+p3Z3efbp9OXZ3MfruklT0Qde4r8Dcns2b11HXcJ729noudzTS2SYgyj1BfHR/bPQ1CfF1Y92qpWQcO0l6xnH2Z2az92Qeh3IrOHTuPEdyz7P/VBGHTpdwIPMMB44c59jpsxw8dobwIcMYGi3ZfYgT69bNlWvXFzMzfUzNtLGz0yc6JlhArYW+fm85fxfIP/zwg1jBOnzcpEEJ8iVuxDDmzZvDipXLSZwwjsQxo9iwaCI5e5ZSenQNFZmrqT67nwe3r/Ds1VNevX3F67ev1Xj1+gVPnwnMH4uNP1Agfoebt29x/eYNrt28KSYu8BYrV8rpbZev0X7lugr0S9dvqvZdI/CubGymqr6JMrHwovNVKsQzjmdy9MgBMo8f48y5AnILSzhbUMy5olJy8ovUUB6fyjlH5slTHD95nNOnT3EmJ5tz+bmUlBRRU11BW0sDF5sqOF94jJnJ8fQP9sPbywV3DyexcwcV6La21ljZWAvQjVR4K0auWLq2AP5fge7k6sGnT5/+7Z598OgJFo5BKsB1jFzRMnBCx9gZbSNl6apCXd/CGxvvIZi5htPH1APPsKl4hy/Ed9h6gsfvFrPbgdPglQKxhTiHL8Fn6Do8Bi/DK3oZrhGL8Bq6Sux0uRjnOgbPO8bEjWUsOtzK7F21TN5czOy0KqZtLsEhdBZWAZMw8xmDpZeEzzj6D19FTPwmEiau4+Tuw3SWlvGgqYlXl6/yrL2TO5IU3auq4klNGY8kyezIOU6HJEZNp05zatsu9q9NYfPCpQz2H4CXsxvm5rYYGVqp5fevUO8qvwvUu3cBPT1rJ25RSpncUpIME7VcrsDYIdwARwG1r1iVe4y5JDYWWAb1xXuElXx2fWwG6GDVX1ts3UgMXgx7uKUYuSQFox3xUvdX9tNT91Ng7z9GIB6rmLgCegNJGIwFqhYqsP3GyvlHiTWPNSYsyU4gbcqgqe4ESVIxZLIHMVMFeAJKv1H6qlH7jpF9R5uoyUD/JHt84o0InWpH6GwrgamrgNRKLNmSkKmSLCQYq2X0oPGmch5Tga6dPJbPmaBDyGQzQmS/IIH+0p0R3L+9i47S5bScnEpL5hQuZc7g0tFZsj6bvD3JRA90ITbcnCkL7YiYY034DDs5v9j4FCsGynHDp9kxQN5f1EJnRq8LFPP2Us180AxH2deFYZJojNrgz4jV3oxZ50OsJB0xUx2IXeDCkEVODF/hQWLKQPX/cl8SbpMgl/8K9P89voBdx90KXQ8r4meMoLxoNxcq9lEvxq6U4ItOrWXzvChmRNowP9qRZQL1jZP9BeaxpE0PZosIWMrkfmSmJlKbvYHaM+tluZ6CwysYHOaLnlZvNHp1E1nSwtLUEGc7K0YPi+LQ9pW8vlHBz08axdYr+eFKDi/q9/G4OJVHhRvE1jfxvFp4diGd5+2nmTp7ELYhxjhKkucyzho3AbgCcQXmX4H+1c79xMr/tvQkh/8K9Hc//cnu8tcszX7GsjNdfeYrBOQKzFflvhSQv1D7zdfmv2JdgQJxxcyVpdh4yVu1vL5e7St/owJ9Y8V3ap/5FjHyLVUC9Gox9Jr37Kx7T7rY+c22q3y+dYzPbTv4o34Tf13ax6+te/i9/QA/NaXxvmYLzwtW8KJgJd+XruZD+Wp+atjM+5YDPK45KEDfyLvKFH7vUIx+Cx8rVkms4efzq/khb5EkBVvgbTG8LufPh+f47e4ZvpPX/tB5jD/Ezv94VMqn66cle8rmlzsC9tYMvrt4mI+dAvbyVB4WrqPj1EIaDi8ga/140pfHsXlWNAsSQpk8YgCLZ07h8+fP/0egX77SIfBRTFpLDFMLM9O+eLjoE+hpRHiABVPifdXy++GdM1kxbwSmBgpwe4pJd8PKUgBmpY2ZcVc5XelH1tDsAnqfvgpke9BTMkIFvArgFagrQFfs1UCvDzZi/O6OhmIifdDT7S77dENT80vpXac7JnrfEOFvRD9/CwYO8sXYTEe1f03Nb770n/9DjtkDe3sjafS0xHQFqub6zJ2fTFVlGR0drVy6dIFLAvP2lgpyTuwmdoAP/QO8mDtzGukH9pGReVKgfprM7HxO5JVxqqiaAwLxg2fKVKDvPpbL9vSTbNqxk+1paaRu24OvADk0xIUAPxs2rJ+Fg4MeVlZ6RA5yZ8aUIQQF2rMrbZt6fX/++RMnDu9l1rhhzJ2epEK9qameO3duCZDv8+TJA54+fcK3Tx9w/Vo7l1praK4rlcePePnqOW++ey3x5gvM38i2Fzz+9olaYr9z7y637txWQX7l2lUuS3RcudZVRhcLV0LpA78oj9tke2NrO1UC8uqmFrWMXlxRxbniUo5lZnIqK5tTZ3IE7GdVmJ/JK/wb5tnyOOtsHhknsziSkcH+g/vZt28PB+T6pR8+yLETmZw+c4r8grOUVxRRX1NOfVURVSVZxESG4uvrjoenM66SzAQG+qlAd3RyxMbRBRNLGzUUmCuld0MzS4zMrdSlAnll246dO/6+X3///XfCYydgYuunglvbyEWg/k+gK48VY1dK8ZYe4Rja+qOha4urVzghYaMZFDmBsNiF9Bu9EQ8xapvgqTgMmIlH+FyBfjJ2XqOx8hiJY/BEvAbOov+w5QwV2x4+ZRsjxq9i+KjZjBw9l0HDltI/dhmBQxcTHLtEIL6EoJh5+EbMwH/QNBLjF5KbnsGDumpeXGzmVVsLb9ov8lrWv5Xrc7/gBNeO7eDWiTQad66mfscaqnakUH9oH49qanjXcZX7NQ0cWLVOvoMTMNIxRKOnplj5P4Heo4cm3bppqNelsrWIfomOYuVGeA43FzO2U8vhCuAHTHQicJy5gNhMBbIC/LDJsm+MgWy3xmWw0idurdp3cLyj7GMu9m1GQJxYdbwNoZOcxbhtCZ/jJebqgftQfbFypcxtLWA3Eus2JWaOO6ETbRizwovkreHELnbFb4w+fqEm2DsZ4OphQb8QV2bMCGffgXEs3RJE9EwBtcBdSQRCp4khi3EPmGVF9BKB52yBrEA6TIw/UGDrP84M12FauA7VlYTBTGzcCPdheviO16O/Um6PN2WovObWjc3ca1rHjXOLaD8+m46MaVzLmMn1jFnczJrHdWmjNy0ZzvQxDqze6k/0InvCZpmTsDmQEct96TdBkokZNgxf5kHYTKWv3J4hsh671Fe2uwqwvRm61FVM3pV+ybYMXiAgX+xB1AyJWS6Ez3Rk6Dwfbjy8pN6r/ccN+W8Brpbf/wXwf68L2LUF6Aa+8h0JdePAwVU0ia03lu6lvnQPeYdXMj/OgwXDXMTU3UlN8uXQ0mi2TQtiz/woVo73p/zYKurObqIpdyO1OSnkymuiw7ywFOmwMDVAX7svhrpaGOnrSNttyMjYSHKObObjw3p+eljNx1vFvGpK5+bZpXRIMnQ7d4kqjs+qtvDuShb3Wk4SOsQR1xgr3MbZ4BpvrYLdZZyVCvOvodi5AnPFzJXw+98Nvf3BJ9YIuJeJmS9X+8yfsyLnpYD8hRprvpj5mnyBeMFr1hcJxL/AXAW60l9e+pb1YujrlIFwYuebBeSbzn/PtkoF5j+wvUbsvPYdaQL1zMpXvLtczucbB/jr6h7+vCQg7zjAb1cO8WvnId437uVV2Ua+PbucO8fncydzOt+enssP1Zt5VptOe/4ebpxey0/XM7mev57mo4u5fnQ2N/cmcHX7SB4dmy5GnimaXMfnt7XwbQm/XDvB9wLsn66f4feH5fz2qILvr5zhz2eV/H63gJ9v5/LL/SKe1u3h28rt3Di7htqDs8nZOInSPfM5syWZtKUjWTszRmw0kFA/VzIP7/s/Av1s7mmMTPqqfb86AnRDE11MBJyuziY4Ohji6qjPmKFu+Dgb4mChg515bzHnPrjJc5YCdDPTPhgbddl4XwG2tq6GOthNKYMrcO/Rq6ss3lezC/KKwevIvkZGfdHT6yFJRC/0DTUkGeipluO1+nZXl8rAOCUZcDLtIaBWqgeSEMjrlMRAQ0kWNOVYGt+oiYSZeV/GjAomff9KZs2S61CST8elFrUvt729kbbGKuoqcti2egbDBwWwdOkCDh05qtp5xqkzArICTp4rIfNsEcfOCchPF4upl3HkXCU7juYI0E8xb8lyJiXFs2zlWgJ87UjZMBUnR2M2bZjLyOFBjB0VxrBoXxoby/++tkXnshk5yJ9QD2vmTR5NdU2FmkBdudrBpY6LanR0tNHR2cq16x3cvXuDZ8++5dWbFwLvfxq5sq6U2J89f8qDh/e5e/+eCnMF5J1XLtNxuZPW9ktcaG+jua2DxovtNLS0qQPZLrR3QV2J+gttlCuD2qpqOZZ1htM5Z5k/a6YkImH4+PgRFT1YrsthsnPzyCspl/1qKBXwF5RWkCVWvvfQIfYe2C+NzH4V5kocPnKIQ4cPcOLkUc7lZcu1P0dddTENNaVUlkuSdPwwCxbOZsjQSMaMHUFwv0AV6E4uLjiIfZvbOqiD4PrqGqoAN7WyVQH/1dAVoFtY2/Dm7duu0vLOg5jY+WFs56+W3FWYGzrI/WuPpoGDCnUDc3cV9pYuoeiauaKvL+bg7EtIQCjDI4YxKmI440ZMITBsIs7+o+gfmcjYoeNZMWUqc+KTZH0McUMnMmncApIEzDMnzScudjQDgsPoFziAodGjiB83jcjBE/ENScCr3wRcA+PxDE7AxXckw2ISqTp+kkcN1dyvKudJbZWAvInHlUV8ez6P+3lHuZmxmcv71nAjPZWLO1dQsWYGxatmkbd6EVVpW3lQXsLVwkIu5ORSL3FoyzZiQsPR6qMMoNNUQxlEp1i78lfdUo7nSKVP2ZLwKV4CWksJcwGUgwDelOAEsdhJNoQoA5TGWhCSZMOASY7yvDn9x1sRNtVJjNeOwXO8CZJ9+0+2FpjZqCYcKFYcKNDuN0USBaVvfLwZwRPMGChmGzFdkjSB6aBkB8LkuKMXOxG3zInwWToEDOuFm4c2Nvba+Po74OUpwB/qR8b2KWKeq7l9ezvr9oQSNNqQ4PHmRM4RA55nQ9QisfOZNup5vUYZiT1bCSzd6KeU8UdoEzFbko5EY3le6Ye3YvAic/ks5qQdjeNRpyRJxUu5mrWAzuNz6Tg0ncuHZnDz2BzunFvInarV1AnYj6eGsSs9nFCx/6g5driO0JFzuxMpUA5Ty/nGjFkr34m5joxc6UXMfAH8dFui5rmJoXsQvyGYJRmxRM+3lvdjJe9fub5W6utWpU9X/ycp+3eg42P7dyjQ1lSA/QXmf0Pd+98Br/Sz63yBu66XFZPmjqYkP03Ank7p6S1sWTCM1eN92ZIcyHYB+Y6Z/Vif6MWyOHf2LoujTiBel53K+ZNryDkwj13rkpgcHyFA10VL2mGN3j3QE6hravTkm3/8f1ibmzA9MY4Hl0r58XETPz2o5k3bcTpOzqNsx1jKt43lZu5S7p5bykux9B9uF3Ng/2zCktzwGGODy1hrnMd2AV2B+9fyuzIYTgG5f7Lzvw+K++X3z+S2/iBW/vyfVi4wX3n2uWrlq891hWLlqwsE6MVKuf2fIF+vDn4ToJe9FoiLnZd/p/abbxSYK0DfLlauxDaBuAL0HXUfSa9+zaXaan5uyxRDT+fz3SNwV0z91nH+un2cT637eVW1nYcFKbTum0bDjngubIvjVvpk3lZupSFzFad3LKIlZwezRw5C6x/d0e/ZnSDjPuQtHsyFTUN417CVzz828PmXi/z5upr3Hcd4WLKZl40C9JsF/PGkmk+SLf31rIbPjyv4VQD/x8s6vrt0grctR3lQup3GQ4so2Tmd5uOrOLdlMnsWxrJ6ykAmDgkgKtiTgYEe9Pd24NqVzv8W6Kmp6wTCvdXR2dp6Gl3Q1BVjNlAGs/XC1sYAa7O+mJsoo9Z7YmWhIYb+DRayzUjZpgBZDF81c3mtcgzl9X0E3L0FvD37fCOG3r2rLK7dQ57rLQ1sT7VvXUdX6Tfvg5Z6Tg30BfBWppJc6Ckl+G8wkQTC0EBALuY+dtxADORc2tp95HjfiJ3/pyz/U86tLa/vjq2lFlMTB1GQf4Lmplo6xczbL9bRdrGWloYKysSINq2czYplczmQfpCs7HNkncnjVLbAPEfAk1PAsZw8jsoy/bRSai/mcHYZ+04Wsv1QFrMWLCNxYjyTp82UJMeQtuZcpk4bg529fPHjwrh3s4lnTx+q11TpL583azJOdqYM8LAh3MeBretXcbHtAi0XG2lqrqWxqUZMvZYLF+q40FJPW3szt+/cVIH+5s0rtZ/8a7x4+ZzHT/5ZXr9x66YK88tXr8gxW2lpVaJNQN4F8brmi2ooUFcAr2yrF8hXN7ZwIjuXHbv2sjFlE74+vlhbO0pCJBA1tcTG1l5gNVie20Dm8VOy71mx79OclKVSks86d5bDJ46za08a+/bvldjDoUMHBej7OX7iCLnnTlNeXkBTdT4ttYWsW7WI8fEjVZiHDezH0KGDiYgYJMsY2TYMJ3dPDM0t0dLv6j9XzFwBulJyV7Yplq6lbyiwN1Cva1v7FUwVM7fyxsjWF30LDzFzgbmBNJb61l/CVo5lj4GA3FSgr2Vgj7aWKSYGZpjrGuFrK9Dw9GVE8ACSYkYybXgcM2KimRYeRvKgfiyKjWBd/HA2T04gJTmJtdOnkTRsOD5OLthb2mJjKcmIvRuhwYMYMWQMo0ZPxcM3Vj5LFP4Bw5g9cS61J09xv/o8z5obeNFcz4uGWr67UMOz8rPcOJnG09yDXN23ms605dzL3MqVfWspWzaZnLnxZM5KImvpfBoOptGQkUH7uXPcrqzhTn0jxcdPEODujYYyWK5HX7H0vuro+MbGZq7calfL346R2qqJO0fq4zZEzHaMFT5jLBix1Ivhi70YmOwo4NcjOEkgmGStQmjoPE/CZzgQPcdDtdDoOW7ELHRj4HQB9kwXgam7WL4DHiP0CEy0wGe0gYDenuFL/YkTmw5K0BeLd1QHkwXH6zNosqEcV4+RiaaYWfbFxlGHoVG+5KTG03woicYD42k4NJHW3Lk8vLaHi+0LGDnXkpjZzgyaa8UAsfXwufLeppqpA+wGTbeR921LP4Gm5ygtwmfbEzrdkpDJlgycZciQhY7M3xnEs4dp3GnawLXiJTTvnUTTzvFcOjCDGxkLuJ45R4C0iNsVi2k8PZPGc4kkbwghYo6rQNubyNlukhwoI95txbJdJHmwIW6trTzvyPAlCuitiF1uJzbuwLTd/Zi4KVA+ryQTCy2ImSfJjLyXxI39GbXaR71XWyVp/wpyXRGAr8v/3cp1fOXe9f136KvbvwLfRwG+mG+UF/v2rqAsdyf7N4wjbXYou2b0Y8sUP1InerIm3pPlY7xJXz+BY9tncyh1Illp0talJrN23kiSR4UQHuyGqaEOujpaqqVbmRnTp1d3zIz0CA305uyhTbx/3MDHx/W8u1lM5b7pLBsbxIQQU04sjaA9Q4S1aivvb+bz/HohExaG4DJaQB5vg8NoC1wTbNQSu9J37plo96Xf3EGFeRfYBejPf/idrQLoLit/oQJ9Zc4rgXnXVLQuI3/G6vyuvvI1xbKt+AUb1P7yN6qVr//SV65AXO0zP//dFzOXpVj51i9mrvSdKzDfKcvsygfyRcyG64fhwTF4dg5eFPL50Vn+unOS3zqP8KxkI21H5lO1ZRIl62MpXBRC09oI3panSjZ+kLw9K1kkDUPimPGE9Iui1//qibWYZfWOafzcspO/3pbw+fdL8LGVn27lcqNwM5eyVnOnNI0nDcf58WYpfzyr5/N3F/j9mYD/h1Z+f1Iu9p4jGfxOtc+8+uAC+eIv48z6eHbNHszaiQNJivJhSIg3Y4eFMyY6lKh+nowbEs6H9z/8F6AnJI4SQ9bG2FRPtXMFxgqU9Qy10NTtrZqzAnxtvV4C7J7YWusJkHvIa3qqg9aU/ndlHwXgvcSqv75eGSTWRyCvhhi6uYUyZa0HJobyBTfpoQ6CM5DXGpr0lkRBQx0Jb2asIbbfRx0YZy7H9/OSjNzdQpKGnvj6Wcj+vdXBd0oJvyuU0nwvli4ah598GdavW0xh8VnaWpskgWmnQzH0tmYa66soLszhiIDn6LFMtQ/4dG6BCqwsAdxxaYBPnM4mU+Jodh77T57jUHYhR76U3XcczWXlpjTmLlrMyPh47J3N2CKGPnFiFGPGxdLZ0apeS6V0Pm/uLCwsTHBzt8dcMt9AD7GeABf27Uihtv48NbUV1NSUU11ZSp0Ye73EhZZGOi9fEuu+rQL9pQBcOZay/uTbx+qgt5t37nD99m2uXr+mWnl7Z4dA/CLNF1sE5ALvC61dIRBXppfVNF7ognprO43KlDN5rryuke17DjB56gxc3LyxtPfA0TNIPo+A1dgcCyt7+gWHsGnzJo7LtSgoK1fL87UtrdTJcSvqm8gvrxSw53E4M4M9+3arpff0Q/tUQ1eAXnG+mAuN52msKWJr6hpiBoepQI+PjyM1ZQ3Tp08hJKQfXj4+KrzVKWpGJqqRG1vYqBDXNjAR0Ftj6egicLeU69PC+w8f8Q4c/PcAOKW0rti4Au8uoIvN6Ct98l2hZ+qEkaUnfXSs6dvXBANdM8x0DLDXNcRLzhnu6MwIby9G+3qRECDfFX8PJob4Mj7Ig0lBniQGejE9IowpkZEM9vXHUZIMQx1DTIwtJPmxkqU0ZI6eRITFMG7UJGLC45ibmEzpwX10nDnG9bwsntVW8tPVdn672cnvV1v4WJ/H85y9vM7dx8PjmwXmG3iancbDY1uoXj2F7NljyZgxkeMLZlGQsoq8lHWU79xOe/ZpnjQ28UT+h2f27cNKrlWPHhrqdLZv/tGXlJQtfPv8EYFjrNWR54Fiyt4jLPAdLQnMaD11StjIlX5M2hrG4HnSuI4yUfumI+fYymMXYhf6i+2aE7fcSezUjpgFboxcLhAXS/ePN2bwfDf8lRL8OAviFvsTIQ10yDgb3IdqyTZjQuX4nsMN1FK4+wgt+o3TlfdiwCyx7TFD7Fg5axC1R6bRtGcc7emJtB6cQFOawP2ArB+byq3Gpdy+NJ4ZGz3xG69D5Hx7IubbMnyVKwNnm0lyYcuQpbbqaPkBU0wYOM2KoAnG6gC44AlG8j4Nyc7249d3S3j9YCP3alfRuj+ZC7u6ol3A1HEgmY7MqVw6M5PrFfM4dSyWCEkKBkyyF6B7yWd3F5Ar092UPnsHCQuBtS3x6yT5WypwX+FI/HpvSXws5H1ZMny1LXErfSSpMGH0Gl+mbI0QsDtz92kn7z9+kGsTogJcz89eDWX9K9j/NnEF3P8CfT1fh7+h37WfLVo+CtSt0RWoO/V3ZuHckexeFkv6ggj2zQklbVY/tk72ZVmsE7NjnJkV58GsMf2YNMSP5JH9SRo+gImjQkkS6RjSzx0ve1OcrE0x1tcWYzeSMEBfxCrQw4HCwym8v1fJB2WAnFh608kNeFhqoK3Zk4QB9pRvjhOgb+OH67l8uF9BXtZK+sXbCcytcRSgu4mde4y3/TdD957UNWVNjcnO/MfKnC6IL895+cXMu/rLlVit9JUXfInCF6wrETMvecXa4pddJXbFzsv+ZSS7AFwJFeRV7wTk79mhltg/sPMLyHfVfWC3rJ+qesSz+mz+un4UHh3l8/elIDbNS1ney+GPyxm8KEul/cAUClcN48ziSE7M8KNkvh/394/ixbk1HF2ZwNCQQAGVLfpaJuj00MTXWJvW3dP4cHG7gFxg/bGF359W8qolk5qjS8jdkkzb2W08aszi/d3z8KGTP95cEJO/Bt9d5Pd7RTyu3suVc6k0ZaygeOdMMpcP58DCIexV7HxiOOOjvPFyNMfT2YZhoUGMFagPC/Vjy5ql/3WEuxi8rr5ixWLeAnXF1L/OpVaMu2teek/6yroCfqWfW0dPKbH37Cp79+2mlr2VwWldo80Va9f829aVEryWWHXkIC+MxbBdHLSxtuor1t8TF3tdZicIUKw0sZVQ5mkbyPUxVgxewsVBD083M+ztDQTYFgwK86K3JA3KeZTz9dXshr2dAfNmDmXDunnk5Z2msaFKhfjly210dLSr08Sqa6s5V1TMqTNnOXk2nyyJ46dl/UwOB9MPcTTziJh6ltjnMbHyMwL0XA6fEUs/UyJALyTteD5rdx5m3tLVLF+zgYRJCYRH+HP//o0vA96+4+jBnWLq0QwYIP9vczMsLBVAmuPuYk/sQH9pQA5QJfA+LyCvFOjVVpXRUFul9qe3X2oTUF9Xy+iPHz/igZj4vQf3uC2PVZDfuScGpswZv8rFDqWM3tFVUm+5QP2FC13rCszFwOsVO5elErWyXi9AV6Ja1kurm1ixOoVggbatixeu/uG4+gzE2sFTEjqxY4Gpv48/W7ds4lxpeRfIL3a9tqSyloKKKhXoSsk+r+w8Z5SR7nINT5w6zrlzuZSUFlJVVU6D/A/Kis9x9Mh+DkukblwrScJ6pk2bwpAh0Wr0HzAAVy9fgbo0dAIoUxs7eR8umFrbY+PsJomGD0YW1mzbmaZe4/mL16Nv5i5GrvSRu6Jl6CDhiK6hvVi8ldxrVpJgWsp9Zy7ritnbomfkLPeu+Zf530YYC5CttPVx1pH7ysCQIFNTBtpYEWVvTZSzwM1FYOZqz1A3R2I9XRnl58UQgb6/nQPWyuA9TT0M9OR7rG2Mjli/saE1znYeRA+IYvGkaWRJwtJxfD+dGWnczD7Cw5Jc2k5lUpK2nfrDe7mduZNru5bx8FAqdw9v4NusrfxUfVIgn0Zz6hwKFiWpQD88O5kjc6eRvXQBZamraNy/jWd15Xwrpt967izR/frRt3fXvHWlDz0lZTM//fwRjzhNomc5MnimI+FTnAhOMCFYGR0+1pTRq73ENgWMC1wFXLbELvBl0AxLMW1LIma5ilFbM2iaOYNn2BAkUBu2xI+RS7wJiLcSaHX1qSv98MrIdqWfOXS8FdEz3fCWhMEjtq/YuwaDV3jhk2Aq9i+2NlST1WtdKT44gprjM7hwcjZt6ZPoODSJtv0JXNwziZa9k2k5MIH2k+O5UzOc5toIRi+W9zFbjq9MJ1sosF1kT+QCWzF3U3XA2eBFYslKH7uANSnFj4SF5qTs8eTN3SHSRibw83cLeHZ1PRcOTads7WgqU+Kp35pIzeaxNOyWJCIzkevVc1i4QTFsG2LmuhO9wJmIqWLl8pn6J1oQu8iPUDHufpP1iJpjxrDFZoxUzq0kQAvsGLrYisnbvZm8LYwRK/xJ2BLAuNRgyi+dVu/VuSnL/2ndvrZ/g/0r1P9e97P7e5uuAn5/CV/7fwO/YujKMUz9bOkf7cuCqVHsE5jvmRHE9im+bEnyY128G9NCLUlJCmX1pH7MHunHjLhgYvs70c/FSpJRA/zlvo7o78nwQb6MCveXNimASDH25IQYtq6bw/6Ni3l0qYiPDxt4f7+aH+5W8u2F08waHabO1rHQ7UH6/AjuFazj+6tneX+7mLfXCjmdsYhhc4K6BsMldA2G85hgp0bXvPSuEe4+SY4EJLvyH+oo9rPPWHH2uRrq4LdzzwXmEvnPv0xLE5gXdc0vXyuxXrFyBehlb/+G+d8ldrFxBebqaHbFylUzF5jXK0B/T1rDB/bUf+JE5UMeVebzuWM/PMzk8zuB64/NfH5Zx283cvmlI4OPLQe4lTGT6nWR5CwM5ch0P04lOfH8QBy/5c7i0vZJrJHMaMHooYwfEMzMgX5kzozgXfNugXMl/NDEr4/LuVG8nfP7F7Np6iDS5o+g5cx27tdl8vvbNv76cI3Pv1zl80+X+eVhOc8bD/GkZh/tZ9ZQtG06OamJlEqCUHd4Edmbk9m/Ip7x0YGY6gpUewsUJRsbJ4Y0TUwyadRgWqVR+NcBRibKD8Do9VF/BEUtuyuGrdtVQv8Kc8W6lR9KUSCvzK3uq9Wra3CaVo8v/eP/BLo6yl27t2r7hsZ6Yt5aaphIsqAMXFu7aAQBXsa42fTF2V6fAV6mONroYWPRR+1PNzXRVKev6Uoi4O5mJHDUJnnyYLzd9LG21KPnvwBdS7sH48aEsGjuKGqr82hurqKtrUGM+SKXLl2ktVUAV1/H+epqzuYXqRBXBndlnjzN8awcMk+c4tjxkxw7eUIenyRDloezTnPwRDb7T+QIzHM5eLqAvSfOseNwNss3bGfluo0UlxSq1++XTz9RfDKNJYn+JA4PYNiwcAaE9hcwmmJrZ4urqxtR4WGsXrZAhXhV9Xk1lKldtTVV8t5qBcINatm84+oNrt64qQ5yU8B+49YtrqpxW/0RmEvXrqsj1r/+0IsC8foLF6ltbKZe4N2gRjN19fXUNXyx84sKzC/R2N4pcG6Tz32GJfPmMyC4H54+Abj6DsDZsz82Yurent4EionOmDyVk6fPUC2Gr7y2SgxdMXsF5qXVdZTW1KtReL6aQoF7QUmFgLyc0rIKyivKqagok8/X9dnKyoslYdrH1m2pTJ02iTlzZhA1OILBMYPxDw4WoPthaeeIsaUNVg7OuEky4RMs189aGj2BfGzc6K6xCCWVAn03DC081P5xBdQ6hk5qaOuJ7SgQ17GQpYUA3UyFuo6+NJKGdnI/msi9YohGH0NMjWykYTLCWc8IVz0DvA2N8DOSxk4iwNSIQFNDQixNCbO1ZIi7M0Mlot2lobe3x10SHlt9MX0NXXr36BqU1quHjjqf3NbYnKSoCM5vWUnTjtVcPbSN5n3bGRUUirO5NKTB4YT59mP8wHA2RIeRO20sV3cu5+aBVXxffIg3BencO7yRokVTyZiZROa86RwToJ+aN5WSNfPFLrfwtPQML+orac7KYPuS+WLpFvTsJYberQ8pqZvU6xQ2VYwoTp9IMevwqbYMFfuOmuPA8KUeTEgJFkAZ4R6rQVCSEVGzBWSzPImc7kDETCfGrehPv4mm9J8kIEu0lGMJRAV4PmMNCZsmkJ8g5ppsrk4rCxRr759kjs8YfTFaM3zHGBEmCUTUIjf6T7MmWJKE4InmbNvmT8HekdScnM7FvMW0pifTvCeexl2x1O8YRen6WErWDaHm4HDacsN52h7Onc4Iktc5MHCWPfEb/IgXM16805+UA94cOBlEfmUk124kcOXGGJ48iOPVwyH89jpahGugyFE4/Dyc336Yyf2LKynfmkTJ6tGUrokToI+hcc94mjNGU3N4qBwvSh3AFr3ARYzfTp3TPmiyDYEJBsQtcxeou8v1MGDEYhcxcQ9GLVFK75aMWunGhG3uJO8NlP38SdoWyOh13izYOV79H+RXlQrMbVSga/t1hQLkfwO7gFyBt66/3KP+9l/Wvz5WnrPrKsV7d0FdV8I+xIWIYd7MTgwWTgSzNcmXjRN8WD/BjymDrAh30WPWMHfWTwnmxNapFB5dyerpQxji70iYuwOedtZYGOkSHuTOpOGhzEuIImXuGE7uXkbN2T1cb8jm+fVSsfM6vrtVzpuOc7zpzKUpZzP9nRWj12ThCC+u5Szl/c1c3rSf5LvObB42Z7Bo9VDcxlrhHm/TZelfgP7V0n2SHL4sHfmPLpA/6wJ4ngJxWS8QkAvEFZivUeaYKzBXRrMrU9NKXwnI37CxVBnB/rYrvvzym1JmV34oRgllANyuuh8F4h/F0N+rpfZdDT8K0D+yv/EDJec7eV0jIG/ZAbcOiZkXwfcN/PWigU93Krhz/qBkzQd5V7ODjm3DaFoXxRmB+pnpPrw7MY0/q5bzc9lSvs9byr2j87h5dAE/1m7nj9vH+OtZIb8/Keb7jhPcOLeF/QLxpDAnkiNc2Clwqj+xhccXc/jz/VX46yH8do2fHhTzw+Vs3rQe52bRFhokM6o5OJ8r2Wu5XbCJCydWkrV5OosnROBkaYyZqRi6q9yU/n7ERoYzNjaStdJAZO/fwsd3XQOM7t27jaWFpphNd/VX3vQNNQXCfTEy1lKBrhi2aupffgRGtW+BvpaAXLF0BejKqHVlCpky91opg3+dF95l+mLchjpyPIG7LA0MtcRYDcWqtbAy08DK2ojIECfV3i1M+krS0BtzU2V+ek9JMjQEjH0YHOHGyKHOONkZfhkQ17NrYJ1uTwGQFdu2zKLgzF5aW2q53NnGFaXULkBvv9TCxdYmamrLyS/MITc/Xx2trQwG23/oqMDtJJnHszhxMpsjAvaDyiC5Uyc5LIA/mHGCA8dPcSDrrEA9j/1Zuew7kScQ7VCvmzJroOzccaYN9WJ8iDFToyyZFefNsCHB+AX4oGegj72DPb6+vgL0AaxatlCAXip2XkFltcC8tkagV02tJBt1DfU0iwm3dl4WcF9T+8av3lSmnF1Xp5t9/SU3FeYdl9UBb0oo9q380ItSXu8Cuph6c5OYeQMNAnplMFyzwL9VXt9584460r28up5DB9JZMHMOmzZtZs78xUyZNpuJ8ZPYsWWzGHUGpQLqxvYOLsq5vyYCCsBVM6+oVuekF1XWqI/PFpSQm1dEYVEZFeerqJLPpCRQzc2N8pmaqK2rpry8lOPHj5K6YTUpElOnTmFQRDi+gf70CwsnMCSMwbHDGT12LAH9Q9X+c2Mxc6X03nKxtevX4NwGdE1RM3ZG17gL5roGDiq0lfK6auW65mpfuZ6ehSScCtTF0nUtVKD37G1ALw1DdI3ssLZwwUbXAGcJdz09fMTUA41N6G9uTj8zY8IszRlgZcYgG0uiHO0Is7YQwNvQz8qKYCsbPE2lYdSRJKFbX7r/ozc9Baj2hiYcmD2Z6tQF1Es0bV5BnLcvjuYOBAZEsnt/Fk3N13F19CPc3ZOUmHCupa3hyYltPDi2lbeFR3hyKo2q1fPJXz6PitQ1ArwUilfPpXzVTDr3ruVxbjrfNZVxIz+L/B0bxbTC0dLUE0Pv+zfQY2Z6C6gdiJrpQIzA3Gecsaz7MnSuJ0HjzQibZE7UFHuS14SIXbvjM0IZLGeB90hJaKRB9og1wnOEDgEJxuqUsX6TTdW53v0mmNFvkpH6QzEBE43VH34ZkGyDr8A+QEA4ZEEAIVMc8R+vzOO2VX/lTSnhj55qTVmGGPrJyVwqEks/liiJzmjqdkZSsj6M/FVDyV4USVnaMNoKo3l9O4K/3sfy9tFAPjwfypWOGL5/MZI/P02AX+OlHUwQC48RuYrkz7dh/PWDAvFBIPH5w0ARrij4aQh8GitQT+Zu+WQ51xQqNo+naruce3cCJSlRVKYPZNJ8e2IWCLjne0iCoszT15LPbCIJiy6xS+1I2hwq10GboUvtGTzfTq1wDFtqy6jVNsRvciVunSRDcywZudxeXmdBx80WXr59jX2EvwpnBeRaCtAD5B5VAC3rqpErAA9w6IJ4gD06Af8Cc9lXL6AL6Mq+Oqq9dxm7TZAjA4f4MHNyGGumiyTGuTFjsANjg0wJsu2Nl1l3EgfZsWXWQDI3JVJxKoW8gytJjg0k2lfaWF83/JxsRfDMSB4bxcLJMexYMYmizBSa8vdwrTaDey3ZvOgs4OnFbB41HOV5axYv2rJpz9nC9NgAZkQ60nR0thh6Dq8uHudxVRqPqnZI+7tSEkd/XEZb4DXeTkzdRgW6+3gbFeZK2V3pQ1eg/h+rcrtsfM0XG1+j2vhzNZQ55utKXrNWAbks1ykwL+/qL99U1vVjMYqVb/o6Ja2ma+DbtrqPapl9u9pn/qHLziXSGj+xp/FH0hvfUVtcyC+1u/jr4lb+urqNzzcPCYyz+dB+gt/uVXDrfCZ3a4/zqfM4z49O4v6eMXTsHk/brgl8Or+ePy/s5Of6TfxxcQ8fqjbzQ3kKP1Vv4X3Dbt7W7eFeyRbK985lVcIAaSj0cTPsS1ywI5tnDufUtvk86sjn8+935Ea+yW/fVvPrnSLeXjrB45r9PDi/m+v5m7lfvotvq/Zwu2gr5wXu2xdJwxjuhbODZIRiFL2NrOllZI+GrSeOEaMYsyqVzQKtrKzjagNQXJwvpt1dHVGuQDQs0AInB4GRnT5WFjp/l967fqq1x99zyJX553q6/0BTs/sX0Pf4+8dUFOgqBq/YvRJdVv/P8r2LswmTE0OJHOBIVEQAM6fEMXFSnGy3wMJKjN6wa7S7MsVNGRVvYtSL2HA3hkR5q4PlNDS/UX+BzlgSj4gQByaOCaLg/+fqvcOivLq27/uv732eJ3cSS2yA1KH33nvvTUB6R0BFsYNiF7ACFpAiUhSk996RXkTsGnuPJjGJLU3Pb+09mPt5X45jHfsaZmBmrrlm/9a59yrV+QRyYaT47OwMqfMpTEyO8GCz3r4uep+NqG+sJ6g3o7ymEWdKSImfJ3gXVyCvsAi79+/B0azDKDp/ju+rFxSXoaC8AqdK6P6yRjT1DPyzqjE+MoBwXwc4G0jD21QSgRZSCLeXQby7KqJ8TeFgb0WOkRS0tLQQ6L8C27clovzcWbS1NaOrh6nYdlKzbULraCfF3odBgjID9uy1q7g0e4WOhRXcGNC/lGedmL2KEQL6MMGWAZcvpY9OcKiz/fKhkQkMj49jeJJgPn0JU9duYObmbVy/9wA37j3EzbsPuLEKciwnfYQ5BqOTGCUVPknPdf3OXVxj9928gzF6LT30Pzv7h9BCgG8gFX6Ozsu5C5Xk9FSiurmNxyCwrYvK2gY0NrVymI+Oj+HS5WlcuXIZs1cvY+rSJCamxrlqLysrxalTJ5CUtBX+/n5I2bULvv4BSNi0EWHRsbB3doOiqgYPjpMnhX7iVA4/3yHRGyCtbCJMURMI09NEBTQRsqV2CRW+1M6AvkxMloDOlsMV6LoRYImIgK4VttROx0tksHSpgB6jAnklE6jIakJpmRg0lonCWFwC5uSAWcvIwIGA7kIw99BQhqc6qXRNdazQUIcvOWee6qr0e3W4a2jBQUUHymIyWPLNd5Cm/7HB1R7VW+NQv2UVWrevIfUUCw8LO2ipGcDYxAUR8XuQuDULAQEJ0FXUxHp7O4wdTcGjc5n4oSaXwH4ctwqPYDRjL8ZOHsF0QTam8zLRm5aEIXIQJo4l4VFVNt5OtOHNRC/Gzhcg3scby74jp2LBEqSlHxJWi8uKJKWswYPZvLbowHUtHbOlziCCcKQynMn8NxrBJlyJl221jVCGeYAcbFmKUYiA76VHHrCFHUHbY4M2L6dqFckqv6nDIkyGF39xiFOARbg0X6Jn++rmQcICMz4EdbMIabpPDlorlvFccbOVYjidaY6espUYqgrBxfOh6D3li+Y0G9TtskLxJiec2eCIpgwvfD8ejL9+DiZIu5PadgB+JdX9mzfB2R+f3wURyL3o2J1+7wS8tMLnZ8b4/JzstSU+vbYBfnGix3mQEfA/RAAf4+hv4vBsdj16cmLQfTIWg/nRmK6Px0xnMHw3aiL8kC3cN2nAdZ08L1XrlqiOlSlmpMLVEbHHFJ5bWVyBMVZsIXW+Swc+2zUQmm6EVcdIJKXow3+fIUJJnV9oz+Xn3z8xBlKWWpC20YaElSZECczMxBjQLdSEULf43xD/jyrnZvWfYwlzIdQlCehSBHRF+hvHFSbYuMoJaVu8cXCLJ/asccLuVXZIibZFOh3n7fLH6T2+OLbDC8WZa1BxehtBOwpRXmZwMVCFg746LHVVYGmgjH1bwnE6ncTQ2f24WJOJq72FuDV4Do9JSD4cKsX3Pfl4MVmBV7P1uN2ZjZutx1CS7IX2zEj8MF6Cl6PFuNd6GE8GcjDWdgyB6y1htUoH+iGk1OdS2fQjWMS76j9AZ/vo//oC8/1ckX8pFkNAbyWYt8wBvU1oaZ2vkNopXGJn++Qc5kyZz+2X/xPFTqqcK3JS6MyYKj9FID81/B45I+9xdvhnjHc047cuAnL/fnyeyMBfI4fxcfQUPl4rJ8C24yl5L0PnT2GqZD/e1iXhY+sO/D6ahXdDJ/FL9zG8aDpMgj4Pf92oxtvpMvx2iU7OUDHut57CcEEKKtPXINbFAMoiS7Bs/rdQEFsKPyt97Ih2R3Phfnx4NoHP76/i88uL+P1OK36+XIE3Vyvx/notXowW4UFvNh4N5OP7rpMYv7ALnQT0c4fisCPWE/pamlggo4xvVI0wT9cRC+wjIJ5wCIbne+E59QTW+ZX8Asw6foSnm7Fo9OUEZTXlpYgKMEeAK30YWpKkcBbyvXIGUba8vVySgC26AEqC7yAvmAfxOeXO7mMA/gJ0Vi1tyVKm4pfxJXuRuZQ2tmzv7GqFVTF+8PI0R9q+jTh1PA2ZmWnwWuEKTS2anCXm8QA8lsomRs8vkJXkUfQb49z5igAvJMPS28SW8Op2/n7uGOxrx9WrM5i9wmA+jXECSy/fr24h5djMA7VaW1vR3NbFI9rzi0uRV1KCk/nFcPFwh7yCNFavWYWi0jKcr21BSVUTThQU40JDK56/+mmuwtstUraRMNOTg4kWTVy6BABDGXiYSiPASgYRDgpY46sLayMVep8yNJEbY6WPB1KSNqKuugxdna2kVlvR1FSPhkZWMrWKl01tJbAPjoz9k142fmmWjwzwvBgMwXxsZlYIcoIwj1qn41GCOzv+kp7G7hubniEH4DpuELhvPXiEm2S37j/EnQePcffRUzx48hRPnj3FoyfP8IBuP3pMt5++wD0ab91/xB2AYXru9v6LqCb1XXqhmjs/p/PPIDc/D1knTqDoXDkKS8qQd+YszpaW0u1SnCcnsaKqkhyWblLmI+RYXcGNmywKfwaT0xMYGOzjZWErKy8gO/skcvNykJ2Tjf1pB5C8MwVu3r7Q0DXg++maekaIjlsjrAZXWskj2qVVTSGtZAxxWV2IyWoR1Mmk1SBCCnz5HNAXLZOma0yGVKscFpMiX7JEipdaZUDnMF8qQw6pIiQFelCk/6UoIQ+t5dLQExWFqaQErMgJc5STgauSHNzIvEmh+2lrIIAcsygDQ0QZGiBcVx+h9PoCDc1gIlCEkogYYqxMcDzAHZkrnZHp64jC2DBsio6HlYE5rC1d4O4ZDhfPGHj5rYW7ewSMNUwQaWGO6k3RGD+ahJunD+BWXhqu5x/EnXP5uFFehJvlxbh9oQDTJ1MxnZGC2wX78aI+B+9HG/D79VHc6azD6ZQdUJIUYBFBff6Cxfx87TweR+AVwCFaGcG7TeGRoAvzMHmYBJLyDpTkILcMl4dFAClrmnhZERfrVYpwXqvNA+Ac41lBFRVeoMVxrQqpclmezmYauhxWEfKkXulvwxRItavCbaMBdH0lsGKjISl4RYQfcIRphBSs6NgiTBYeaw1gsEIUbvR35Xn2mGgMRNtJLzQddUbFbnOCuTkK1jngzEZnUvCe+PgyGJ/feOHTTwTmN6S633jg71d0/GsQPv0cgE8vHPH5RwL3TzY0J1oBLyzIzPH5BwtS7Lak7EmlvyP4vw8GPoTQyKAeS1CPxbvnmzDbvwszrXG4M5aA42cc4bmZFZXR5MGB5n7LYewjznPPPTdpYcVWbQTtovO3gRT4XgMeQ+C0mhXBkUJYqh6CUgwQttsYHtvkkZITz899fkUJ3/dm6luK1LQkAZ0pczECsQipbqbWl/MleHWI0ChCgBdjkP9fQGdqXtSKgG+lIVTq9FhpEzXIqSlAQVsBZrZaSIxzRfa+cJw9sgqlGXGozdmI5oIktJ3ZipYzm1CUGoDURDvs3eCCnIPRKD6eiIJDa7Etyh0BdvrwNNeBk6kGQjzNkLEzGlV5O9BXcQjXugtws68YT6dqcbunANeajuLpWAl+vEpAbz+OGVLhfblr0JoZgfvdp/CoPxcPuk/i9eR5UvSl2J8eCLtYPegHKxHQVaBHxhS6EOrqfLmdK3S+R84A3iIcuSpnueW8hKtwiT21Q5iSxvfKvwS+Ecz5nnnPGw5zrshZwZh+IchPDb7DqYF3OH2RIH6RRlLneSPvkDf6DiUjr3CtvRJ/XCR13r8Pn4ZS8XnmNP6eJUBfO4u7g2dwgLyx5LWrcHLNSnzs3AVcPoHP9+rw8VYTZupOYKIhHy+vd5KXeY0uyhv4++UlPBmtIe+nCnWZyUgKdoKeQBSLvv4WX3/1LQQiy+BlqY/N4W4oPrQeP1xvI291Ch8eduPjk166uAfx6WkPgb2cTnAW2UncasvCHTq+Un8Q7fTB5u4MQQB9UMsJKPNklPCtqgm+NXDFAutQLAlLgX7FIKxHHmDZUWHwxuq1MXz/e/Gy+VBVE4W+thRmyPPaHGuHIBctyMgshJTUYqioSAjLsbK0MVLzctKLoKywCNJSi+Yaryzl0eYiczXMRUQXC1PV2BI5gVxeSQb2jlbw8nZFVlY6aiuysG1zGPJPHkBNdTkuVFQhMMgPSsqykJBaSs+7GMpKy7gzoaoqx59HXrCIR9F/2atn+/7apPaTkhIxMtKH6yz6e4YAMjmBoeEBDAz0oH+gi5RwIzp729DS0Ym6tk6UVtUjm2CUfaYI2YXnERQZz0HiFxSCosoGFNWSgh6YxLOXr/g5+un1D8g6lAIHC2XYmZEqMVCCkY4cjLQFMNOWgY2+NDzNZBBiK49wgrqrmTx09TV54xFvDxdsSVzNgd5NDmJXZzPqay+gmr78lTRx11RVoHdwiIOZgZxB/Et99cm5AjEM9AzavcOjXImzpXYWsc5KtQ6Os9rrl/jSOvvbaYL5TVLj9x4/w12y7x8+4TB/8Pg5gfwFgfwxHj5+zKH+7Pkzshd4+vQ5Hj95wR979c49jNP/ae/px5nic8jLL8ShI0dw6PAhpKWl4fCRTBScLcH5qlqUkbEtimIC+rlzJTh3vgTVtTV8G2Hq0jSH+czMNHp7u+mz6MP4xCgPUOzp6eKKPTf/NDZt3YawqBj4+AfB3MaBL8EbmVsJHShyMNSNHAnophComUNSwZBMD2IEclEJVXL61Ehxy2PZcnlyOGWwSISAzuBNanwxa3zCmqF8GRdJYvF3ElhK9y+XoEmSoK4gqw0VCVmoLV0G7aVLYSyxHJbSkgR2SdiRYneRJbjLy8JbRQXBmloI09JBpJ4BIg0Y0E1gp6KOcBNDnPB3xWo9RURr0LVopYfShGgkhsVAR0kLerrmcHUNhIWFN2xt/eBg440Yv3DEWNsiP8YftwjiN7P341r2AdwoyMLTljo862jB09Z63CkvxM2zGbh2eg8elabhp5bTHOh/3Z7Ek/5WdGZnwN7QCGKikliwUFhc5mhRMsFZldS4AilmHQTvsOSpaU4EaluCkudmfQKuJEFMAbbRigRrJdjFS8EyQo4vyRv60vteqwXnRE3YxCshaK8l9HzFYEIgM/aX4RXgrGPkeeS7Df1Px/WaBHdl+r04zMMVSKEpwoZu6/uIwCpYFi4skn69OvzXaaA23wvNp+1Qe8QGlfutUbrdFkVbHWjecsLPd93w948+wM8E5deO+PQDjS8dac70xp/PvPDTDSu8v+uAv54QuJ+a4u8XrvjjkS1+f2SOP5/QbbZ/TjDHhzDg73XAp9X4/GckKfVwfCao//1rFN6+2oorYxGI22EAzy1KcEpUQnCaPTzIMXGJo8823YrOkyqc16vAa5sevJN0SKmbwGOzNvz3GMM/2YjXcA9J1aTzpgonOk9hqcJr9e7jB5C3N+CBbf9bcYt+ATqNInO3RfmxGoe8mJUQ4mzpXZw5ANaaWEYwF7Niy/FqkKT75I1UoaIoBw1yMK0s9LEmxgu5RxJQnrMJNblb0Vq0C93n96KnbD86S1NQczwe++KtsSZQD2nbfJB3KB6lJzaiJGszTuyNRUq8NzaFu8DXRgeJIfY4e3Q1usr3Y7g+A/fGLuD7wTLc6srDdQL6w4EzeDlZhUcXz+JmWwZGS5II6JGYqtyN6aq9eNiXjdeXq/BsrAyjrVnwijOEIVPnIUo8J50Zg7kw2l24j/4vXrq1eS7oreUlh3laM4G7mZQ4qfN0nlvOyrcSxOeqvh3p/lG4V04APzq3zM7yzFkEu3Cv/B0HOgO50N4il2B+evwDCobfoaXvKn7ozsffrBHLRYL5xCF8ms3GHxOn8JrehIu+KtSV9RESHIuMNcH4czgdf90sw4cH/eitKsTBHUk00evBSkcDw30N+PzpFX57dhkPL7ViuCYXaWsC4M1SFxbMwzdfzcPX//NviC2aDzczLSRFeqM8ayt+uttNXuYV8jKvkJc5Q57rCN5cqcA98opuNGfSCT+GWzReq09Hf95GVKTTRBJEX0B1OSwRX45vSYF8LW+Aedr2mGcTAtHVabBpm4FO21UcGxNGZzs6WcLNzZg3SGFA1lQTwWDDPmwO0oeDlrALmkCwFHJyYnRRLYOUJMs1/5Y/zlhbgn4nyiHOlsjFSKWLSyzkBWSYCXPPF0MgJ4m4+Bjs3JWElJ3JqK+pQGFOGjau8cWenYmoratBGynnhIS1pGr1YWRiBHsbXdjTRS4noOdQlqHXtoQv+fNUNR5VvwAe7kZIPbAOJaW5PKL92hzQGTgGBnsweLGHlHkr2jpYJ7AOXvGsvq2bIFSNnDPFOH2mFPnnqpCRXYidaYdxgiBf1tSFSzfu8XPz+8f3aKg6g1BvE3jZacDJQgV25gR0QyUY6xPU9eiiVRfASIugbiiAj7U8Qu2VEOOhCw/6ctvb2SAqPBg5J46is62RR7W3t9RyuFdXlKK2linaPr4HzoDNwM2g/kWhD09O83SziwRtBvC2vgG0dvehuaOb11hvaO9Ca+8AD1pjS+RXbn3PYc7A/AXkt75/gEn6v909Pairr0cVQbib/oalv928e4/uv4f7D5/i3oMnuEsAvfn9ff46WOBg/hmC+eGD2L9vD3alJGP3rh3Izs1HeW0jqhqaSb1X8nrvpedLUU5gZ+q7pqaabyOMjI1i9splrtLv3L3NR7YEPz45RkDv5s1cTpw8jsSNG7BlazJ8/QLhuzIIHt5+uH7jJg/WdPQK5cVjZDWtIaNizpuviMvqQFRSFcvJxKXUsVRMga4HAvgiCa7Gly2R5s1KFi2S4p3I2LiYGcF88UJxrtJFSMGLi7NSqpqQlVaG7GJRqC0ThY6oOIF9GUwlJOAgICdNWRFeysrwVyNnT0kFQeoaCNU1gL+BMezVNGBEwN/v54Id1nqIUJZAvJYCytaGo3xtFCIcnGBrZEHfEVKvFk7kAFrAQNUQEU6+OBCbgLGcU7iWfxTPyrNxp+AI7hadwku6Rt6TA/TTyDCed7XhcWMlntedxS1S549LU/GiJhOv2s7g40wPXg51oDv7GNyM9LF0qRgp9CXCmuHVB2EcIAbPdfqwiZHj5UstQmXhtlYNNtECmBJkVyQbwiVRlUAsD3O6re8rCqtIWdhFKcOGlLV/ihnMI2Q5qF3XG5CDoAldLzGYhZAT6ysNbXcCvJ8UTFhzlFgB30c2D5fgDVosQ1RhGiiAa5w2XFiDGHoN7HUwxZ5z3Bantuij+pAbqXRPlO6yQVeRJd7cc8dfr1fg0ysXUuF2+PO5E/566YY/X/nhpzs2eP/IiaDthl9u2eLtHSsya7y9a4/fyN4/dKD7Cew/hOPDqzh8+HEtfn+zFX9+OIxPf9Dc/ecW4M81NI/G4ceHK5FT6srflxvLsU/U5bXkzcn5sYrWgutGNVLj+nDfokXvRwDHBHl4bdbiJW0d15HzQ+dwRQqp2wQFvmJhESWNG49m8Addq/aRvlx5i31ZXjcX5pYz42p8zrgaZ7AmcC+31YSYjRDiklak6EnVi9to8/ukrdUhsNaAir0uDCx1oKuhCDM9DZgbqMHDyQSH9xDQ83YR0JPQcnYneisOoOcCAb0kGZWZq3BskxtivbXhbSWP7bEOOLknjIO94MgalGdvxan9q7BnjR/CnQ2Qsy8a7ef3obs8FZc6TuPeSBludxfiSksWCddCPBo+h3u9ubhBwnG6ej8p9f0YPLOZrr+1uN16GD9MnsPLifN4NFKKkrOb4LHeBEYRatAJUfxn2Z0p9S956f9iAW9cnbO88rlUtPRWAnjLM+w+N42DjQ85xLky72bKXJhbfmSuhKtQlf9KxoLgfuPpaSz4LXvwLVflp4fecZgzZZ4//hbnhl9juqcDH0dP4vMsqe6Jw6TOj5Fl4RMB/fK5LdAUoclBVAOL50uhNH0z/hw/jndXalGffxyrg0NhRDD/7//zX1g27zskxkXh9dNreHyT1FVtAUoOJSHK2Ry6sgL8+6tvsOCb+fjqf77C0gXfwk5XBSmxvvTBpJPXOUUe5mXyOi+R9zmJv59347cr9CUfKsbNlhO4330ad1qO4Xp9KoYLtyFjtQepRB0YqQpIqYjgm8Xi+EZMEV/R5PW1ui3E/dfD6FABVI+XkzMjDO7S05NB9qFILBcR7o/LSC5AWqItdsfoksMhDhdrWRjoSCIi0pkuJmlIsfamIl9DQ0UUyrILIZBhRWW+owlyMa9bzvLK2VI4U+msWpyauhJi6f1nZBzD2bOFKC45g97uRvR0VaGp5gyyMlPR2NqM3p5B7Ny5GwaGBvRcq2BpbgANNUlyNmygpibO9+cZ0JcsZfvq88hJEMXWLYF49GAEE+P9uEKwuHp1DujjpFwv9qGnlwDa0YiWlnpyGqrR2taOqtp6UpZ1pM7PoIAtHZdVIOdsKQpKynDl5u1/At6uzvQimy7+TXHOCPbUI6Crw9lSFfbkWdvSl3IFOUFO5HRokyrT05KDnqY0jNRJ3RjLIspVC7EB5AF7uZPDkoTaynNoa65FX3cLOlrr0NxQjcbGBvT0EcwHhnmaGQ9gI6XNxi9L78Io9gn0sSjz/otobO9GdX0zgTAHqWmHUFxWicLzpPabOzFx+TpuE5AZxJl9T3b95h20tbQi52gGNiUkIpCgucLDC2FhEcgpLEFNczs912XMXL/F99UnLl3hr6GLgJ+XfxYHD6Vi66YNSN6yGclbN+HwsaM4wwMGzyG/sBhF9NwVtQ2ob2xBLVlTcwtvo9rY3MQD/Vj1upu3b/Dc+lt3buLq9St8T727uxNNTQ04T45ATm42Nm7cRA5fHNasXYu0dGFw1+GsfEipmEJWzRLyGtZQ0LSFrKpQpbO98+VSqjzvnAW7LZhrXLKIgM3A/aV5ibAjmRiH/bLFkhBdJg6RJZIEQBlyPhUgTUpfWVEPAjFZKC4Rg9LiZVBfLAJTSSnYCaTgqaSIlapqXJ0HaWgiVEePlLkRnHR04WJigjAnexyLWIm15NxtNlLHXlsjnIvww4VVQdhibwFXXZr8dfXhYmAKK01D+m66I3/rbjxsaCTVfQQPS47jx4ZSPK8pwsvWavw02I23l6bxangI72n8dXQQL1oqcLMwDbfzduLSsQ3o2h2F6TMHMVtVjLpDexDmaIclbMl9vhDoVV1FMFpJ12G0NuxjlGERIk+QVYMVgZYtG1tEKGDFNjOCmgIcyYz8xbmCdo1VRsAWQ4QR7AO3m8ONYMei2l3W6cJhjTLMo9R4dTa2H2/gJ4B3rA5MfMVJ0WrBZ7sW757mtlUVViwvPFYdDhu14ZVsDpdNhvx3Dmu1EU5Kt75gBTpK/NGR70nCxgePZwnMDxzx/pk7fn9OKv21O/5+44s/Xnnh7WM3/HDDDO++N8f7+654ddkcry7p4fGIPl5NG+Gn24749ZEvfn0cjvtXNuLSRCoe3juD2akM9HemYmYsC6P9u/H2dTI+vY2i758dbAk0lsFysItg9e5FYULnwzxUGar2ItBdIQ2PbVoEe1X47DRB8AF7clJkYBIgB/2VIqToyeGJl4LTeoJqkiqOVq3n5/xQ/glIkPgQqm9S12yPnEe2q/5nj5zUNzMGbWkCtpQNgzcB3ZaNWnzfXcqK3acFRQK9kZMeHFaYw8nDFGEBVohYQdeblzlW+dsg2NsKsZEhSN27G6XHd6D29DY0F2xDe+kOtBZuQUVWDDK3umKdrw58LGRJiStiV4ILMnaTQ5MajvOnNqA4Yz0ObgtAgL0Gzff+pPJ3o61oJ671FuL+WAVu9xfhek8e7o+ew4PhElxpPobJ2lRcPL8Dw+dT0HA0Cm1HQnGtdheejxbyzKunFwsx2XEc0dsd6XrRgD4B/QvMmRlGqfHxX6xQzIEvIJ+r+Haw+Sk2HK1ERMJe7Ds3JexfPhf4dozvl7/hqpwtr/MldpZfPpdrfmJQCHMW/JY9TMp87D3yxt6hgKxw4gOqR17i7sUWfLqch89XCOqXjuHvsXR8Gj+IT5NZeFK+EeFGahBfJAZtaVmMnVqPv6aL8XK6C762jlCSEmDpwgUQJ6i62ljjwPYkDHXVY7i7DuU5B5GaEA4zJWks+OorAvrX+Pd/f4OvvyLVSWrdRksJu+N96WI/hr9+Hsfnj7PAb9PksQ7gzaVy3GrNwM3WLDzqy8WTgVzc7cjExcIklOwKwaFVzkjwNiWoqMBEVRq2JoZQ0jXDInldSKibYIGUGv5bRAHLtCxR3NCKZ8+ekvL+Dhb6ouQALITo8u+gQLejVmggd7MlvI3FkbPTFYaaS7ExwRVWetKQFPuGF5VhIDfQEIeSYBHElwv32SUkWAGa7/4BOqvd7evniSNH03HhAoEgP59Hdnd2tKK/vwv1pFBLik9z9djbO8ghsip2Nf3NSqzwcYGWrgLCIgIgKb2MnAYR3uxEoCBJE/ky3khmxyY//PbTTczOjBHML+PKlSuYvkRQHB2l5+njKVMdZHX1VQSZRjS2tKOW3jcrKnMi9zTBqRwllTXoGrj4T8Db44fXUH1uP3Iz48jRicK+pBWID7WEn7Mm3AnqLvQF9HU3RnSoHbxcDKCjQ5OiIXmfBsrQ0ZKFsRZNCqTiN8QEYfP6TTh4IBVFZ3LRWHcBXe0N6GwX9g3v7evnMO+7OILhuaj1LxXdvpRt7R4Y4mq8kcBbRyCvrm/C2aISHD2SCR+fALh7+tK4EqdyCgjKt3Hr3sM5mD/A6MgIDqenY3VMHAJXBtPnqgwFWWVoa2rDzNgYe8kh6OgbRUNHL08/qyQg9w+N0flpQdqhI4iPj0dYUCBiIkIRHxOBXbu241ReAQqKSvl+ekHhGRSWnOPnkjVwYd3XmsnaunrQ1c0clQEeIDd7dZZgfkuYU0/jjVvXedBcf38vB3thYQEyM49h9+6dBPZEYZW9mWsQELyllU0hpWACOTUrKGnaQI5+J2CtUuV0ICWjQQ6oHObPI3X6rYiwUcl8YbOSed+w6PNlECGHVkVRDWb6JnC3cYaLuR0s9c2gp6YPRQHrHKhFQNeFFAFdkqAo991SKBPQ1ZeKQF9MhC+9O5HTHaytgyh9A4QZ6CPE2hIJgYFYTedme3Q4MiL8sUZbHsmmGsjxsUdJiAea10WgOj4UBeErUZq4DlX792O8rByPOnvxnD7PG2eycflkOq7nZuB5cwV+JbX9ZqADv40P0ld9Eh9uXMOft27i4+w0fuhqxMMLObiWuxcd2yNQEOaE8+tCcCohEgdjApDo4w6RRUvovQv30LtHWxCyyxpWYazrmjjso+TgtUaLd0CziZYlJSrFG52wTmY+W3Xhm2QE5wRS8jEE+kQduJKqdoxX4wA28peBTaQavNYZwDKKFXNhvcwNuOr2WqcB20hFGPtKQNdnGSl6cditJtVKE7Zroj6sCOrm9LeGAbLQ9pSATbgaXGLUsCvDHmWkkjvLbXF7zBm3x83w401S3I9Jpf8chj9/jMVvT4Lw5r4XXt+Lwg93/PFixpQUuSd+vOqIJ6M6uNurhcf9Wng5ZYGn10JxbzYRU0P7cSozBEU5cUhZ5wZ3D0vYOZnCyU4Th/b64+2z1TiRx7YblGAfqw3rGBU4rSZw+knCOEAAszAJ6HiLQ8NjKTw2qcJ9gyas6L2oOdF1QI6RitNC2K9TgEk0vc+1qjCNnKtceHWG75cz40vmlmQM3pYaHPJsH53dx4LkZEhsybCRjAFdgkHdVrjXLiCgqxPE9Zx14RlghjWxzti+zgWHkzxxen8Qig+GI2dXAI4n+SB9gxc2RPvDzWstgvxjUHA4GbW5BPUzW9CQk4iKYzEo3LcSJ7a5kTCzRPwKHawPNkXKGntkptDv99L/2R2Io0l+WO2nTzxyR82pTZhqP4WHkzV4Ml2Hq525mGo6ipv9eZhtP46ekm3oL92OhhPxKNrjg+IdLug8GojrNbsI5AW433sSDwdO4y6JzZRUfzo/GtANUYL23NI7U+pCtU5A53vlBPKDzFgqWtNTJGV3Izy5AKllEzja/hTHWC12tldOxsZMArpQlf+Kk/3CQjHcBr8o83dzMCdVTkAvGH+Pwsl3ODP1AVXjL/Boohe4W0VWBFzLwafhA/jUtxt/96fjYel6lKxxg6sGefBaMnhQT2r6ThPGeyuxkJT2wq8JcDQxiCwklbr4OyStj0fuMbrg0ndja3wYLFXkIU+/XzzvW/zX//cVvvrvr3lQy5L538JSUxY7Ij1wsfII/n41gk/PWZnXC/i+PQs36tMI4qfx81QZngzm4V7XCVyrP4Tx8r2oPxaPE/RBp0RYY0OAKf0PF+xNCMSqyGCs27AeKfv2Q9bICV+LKcPWyZ1fjCxPWHw5a7LCItQX845hdlbyyEh2wipHKbgZi8JBazEpfhFoKJN6kV8CWel5vIqbtMxiZBwIg6O1Kq8Qt1xCmEYm3D9fRIBfyvte5+adROHZPLS3t6Guro6ec5AvubJ0JhbdXV1Vgb5emtx7h9DU1oc9+9IQGR2Glf6eiF8bAxc3R1LjUtDWIZVhbQYzCyMYmOjyNLcLhbtwc7YP1+hLdeXKLGZnZzExNYmLpHBYxHVHFynB5mZU1ZQRDOtJkbahqr4FBcWlOHE6F+0Enh9eCdP3Xv/wCM01mSg4sYbDnI15mbE4to8m7vVuCPcxgreTBlZ6GiA2whZrVjkinDxnW0s9aGgoQFNdFiaGatAnqHvZ6mLXltXIPnkae3bsQVFBHgd6R2s9D4zrpdfWR4q7r3+Ip5sNz8GcKXOmyBnIO0klMwekjiBeWV2NhoZmHErdD1cHFygQpJRVdWFuZkdmjZq6Jt73nAH91t17KCktwkoCvZ9vIE1sPlBTZ33jJUiRykNDXRsmRsY4cDgLVc1dKK8VBr4Vk3PDHIUN6xNhaWENfR1Sl7a2CFixAutWxyI9LZXUdB6yc/LIgchDSZlQnVeTI1Df0sGbvLB99y/Wz+ICxkZ5fj1rGnPj1v+t1IdHhuk91XOg5+bm8Oj3x48f4ddff4O5nR+kFYwgrWjMFTnrcS6rYgYZJWOehy5QNuRAZ4qcV0r7Zsk/UGdV09htWUkF2JvaYKWzJ/yd3LDSzhE+1nZwN6XPjBSzqZYRTLWNYUTK2UBNFyriUlBeupygvgRyC5cQ2BdDa9lSmElKwJPtoevqIsbaCttCg7EpIgzedBxia40dLtbYQg7dLjM1lAS74bCdETIczVHg64y+HZvxfWkh3o0M4j05mb/Stf+SrsdHdD3+1NWMj9PD+Ov6Jfw+O4FfRvrwdmIIv9+4ij/ufI+/79/DHzev4tVAG+5Vn8HFzBRkrLRDho8NTgY5I9JMHetczbHJ3wOi3y3GPJpzLl4cxvStUbhsNIQTAdljnRac4gg+QTKwYD3FQ6Wg57cMLokqMPYXgV00q38uz8u1OhHEvTcb0m11UvLapELJ8QsjoEcpwi2BBcktJ2dAFi5rVGATIyDgy8MilNSrnwRUHefBNHQpgW45TKLEYRqsDGP6W0sCvh05E/ZxrDSsKmxjSMGvEsAuXg6rSc031Zlhpt8MDy+ZErxX4s7sOlweWoPBBneMtzmjv8YDl0aTcGU4DA9ngvHjdT+8uOKGF1P6NCcSzK+swrPvk/HkThI6mjfhRHoIdm9cAXdb1pZXAD0SBK52Oji6zxfvX8TixYNQ2IZK8DrtTgn0vhPUYLdKlQfBrdyrDe9kXd69zS5enkwWhkGi0PGQgnGgABbR9LtYcmACJGDgL4Gbj2fxy9vfYOrv8g+s2Sg9B+svEP/nPjvhKLDThWDusQzoPICOVLwmvU63labYsmUF9m7zxok9gShOW4nKQ4GoOhaB82kBJNp8UJSyAsc3uiHKwwyqOs5QNFkPT694ZKclozx7M6pJXNaSVZ2IJScgFCeS3LF7FTmhK/UR6aEOfxtZrA8ywKFtrqTQ3bCBjuPcdZASZoX2oh24Tgr96Uw9bvTmY6Q6HRN1h9BHyr8ldx29hhCkx1jgxBoLNKavwGTRGtxqOoCbDWm423YYjwZO4fFoCQZbMhC80RL6rL57yH8atuiFCwPk/nWw7SUOtf6AIyzoreZ77MgfQmrNLWS0vxDuk/cIS7f+p1DML3NGMJ8D+X+W18mG3yF3lFQ5QZzB/MwEgZxgXjhFUJ9+h4qJH/H98CBBugF40UHWBNwqxF+DB/CumaWarMWr5gPoSA/Dhe0++P3mBXy40wl8+gmxkWEwVCP1sGAhFn/7LfTVlLE3OREpCasQH+QLPQUB5BctxuL//grzv/43/uv//JvU+TdYSI8XW7QQrkbq2BrhjLJjG/Bk7Bx+vlyJn6bL8GamDO+uXqDjUrwYOYPnQwWk0rMxW5eGqYo9GKIPo/pIHHJ2+ONksh+yd4TiTPo6VOTux+WBGuQcPwankFhoGlshzN9LGJVJylGWFXEhqEtJLYGBjjQCXFSRutoEZ1M9ceFgAKxUv4OB6lKaBAXQVFwEOZkFMDOQhED2OzjaKEBDbTmPkhcn1c6j4FlwHJmikiwio0J5KdCe3g60tbWTKhvgk87FixcxMDBIKnoYzS0EOJroOgjorZ0XkX26AFu2bUX86mhkkHKzsTSBibEePDydYWllCl22j2RphKSktehoqcTsZZamdpmnSbHl9omJSb7cy4DO9nKbm1tRVV2BC9VVuFBTzSvD5Z0txtDIED8H796+QW/7WQ7x/OOrcebkWhSeSuDGbuccicTh3f7YFOeEMD8TxEfbI3GNKxJXO2JdnDNWelvASF8dGioCOn+KcDCnLw05G8mb4whWedi3cy/KSgr43nlvdwuvotbb14M+UrDdPQPCHHKCOFPlA3N55QyITW2dqG9kMK9CY1MzTp88AT0dfcgqqMLG1R927oHQ1jNHYGAYOTDj/wC9orISdgQvJWV1qKhq0eegRp+VIq/TrqisxUuWWtm6ICpuA04XlWPn3nSkpR/B1i3bEBEWCUNDE8hIy0FXUwu+Hu5IiFuF9PQ05JAqLyRH6GzpORSXVfAubBXkSHwpNNPa2897qrPVDtaStX+I1awfx+T01FyA3GVuTLFPz0xjlGDProO2tlbeS505ZDxKO/U4D4Jj5V3FZfXmTBficroEcyNS6aYQKNJ9kkpckX/99SJ8+w0B7ZulQqB/vRjy4gqwNbLESnJ+Ah1cEWDvhCAHJ5rM7OFtRkDX1oehijp0lcjoPBlrasKWzq2+QIHDXJZMcfFSqC5ZCm2Cuq2MFEJMjLA3OhI7oqNgSoA3UVZBgLkpkm2NsdtcAwdtdFDi74zyUC8MbE9Af1ICnhfl4Kf6C7hbegZXs4/jbkkx7pwvxs/9Xfjr2iV8vHoJf92+hrczE3hP9u7yFD5ev4b3N0mdk0L/dO823l4axev+VnSfOowVpoaIt9RFZUIIEiy1EW6mjZWWxlhCc8e8b75DWuoh3H9+B5YxLJJdBe7rdXkXNHU3+g77iMMmQgkWBCe2dO653pC3QLVm/cz9hT3JbaLIaY5W4e1PWac0h3gCPjkE5itZj3RRetxyUvIqsCQouidqwGW1IsxDCeKBS0nVyxHEJWFE9+n5i8FzqwbvX+6x0ZRUvR0pfHVouovDYpUstJzJ2feVRPQ2BbTWWRKsbdBSFwMnGwGcHTTg6URKfp0BMlKMcfqIE8F6Ix7eTMGrB1vJAYjEUKs/hlrC0FLui4m+CFybSMbj+7l4+rAYzVU7cGR3GPZs9MOhHUGoLU7AvSvr8f6eLf78ORoJOzXIaVGEd6IuIg9aw3W9Ks8xt13NeqJr0vsygMtaAzjH60DfT4YHvrlv0oFPigEcVivDLFwKld3CFLWkI/sgY60jNPr8BTa6fJQmUEvbav8voAthLjUH8i8R8BzmdO0oW2vD1ccEySQcsvf6o/RIGKozItCQEYr6o+E0r4egdI83qWJ3nCEQZ6y1QXKAAfwdHCBnsAUC441w9U7Anm2bUJS1GeezElB9IgHlpNQL9vsjY5MTCT1jJPhoIcZDA5FuKkheZYG0RAckhZETEWiGtd6aOJrohMGKA7yTGgP6EB23FmwmRe6PY+scsT1AFxmrzNGVFYaRvBjMnN+IKxU7cKl0M43b8aDnJJ5PnMftiyVIzQyHSaQ6AV0VOqH/CZDTZ0vuhwnkh9ueIe3CFewqGMbh5sc40vWaQP4jX2JnajxzroSrsOrbG768LgS50HKHWRT7Wz5ymLMl9vF3QpgTyAumCOiXPqBk+j3Oj7/BECmoD1cr8elJD/DLuLBC3JM6/DlTgI9T+fh0q5zuL8FfT5rxx90afLjRjs9/PMePPzxARvoeRPn7ISE6HI7mhvB1tYObtQVkFi+C5IJFkCb79r/+hyaj+fgfUuff0Lhg/nwOdGdjTb7kXnZkPX6+2Ya/X/bjr6ed+OtZBz1PA95cLsMPE8V4PVGKVxMleDZUiBtNGWg5nohze6NQsDMEBbuCUX40AUN1WXwJ5dF0M9ouZKOmrBCFGQcw3FDAL8jNWzbyfW8WECclswS25uQ9G0lha4AKVnvJY3uEEaw1lkJTQRTaKmJQIJgLpL+Dhirr/b2UVPoy/rfClDXWH511UBOFoYE2tmxej5paVkyjDzOXJ3kq2ejoOMbGCF4Xx2gyH0Fv7zDau/p5sZO27gE0d/SjuLwWR7OysS81DcU0EWalbcHmDZHw8XMloJuQ4nTGtuQtaGis42VdWRT1zMwkLtNkOD09Qc8xQsq3Dx3dnWhuJ4Xb0IJKgnhpRSnOlJ7FuYoqZJ7MRnllubCBwnADco6t4or8izGYM7AX5ayn2+T9Ho5E6o6VWB/vitWxTjiwKxqpuyOxffMKrI3z4OVotUml66rLw0RHHk4Waoggz/1E5gGcyTtGzlQ6KsvOoq+7lUfes4jv/oF+cjr6MUTnZGRs6p/a61ydEyCZ4m1u60BjWxvOl52Dra0NwVkTyuqG0DZ2gK4ZK9lqR6A9y1Pb+B747CwCgwKhoqIGEREJ+mxkuIktl8JySQHEpWWhoKoNfRMb+AXHYE1iMgKCIuDo5AILCwuoqmiQg6cIeYL/CldXbEyIx+6dO0iRnyYnqIQX5KltaUdTRw8a27tQ09KG2tYONLHX2t3Lrb1/kDslzEkZnWBpdJcI6Jd47XnWSIaNzKZnLmFicpJXyZukkf00tXZDTssWKoYuEKhZQFRaByJSWsKWqAJtXr9dkkxemZS7jBq++fcSskX0/VnCob54oShUBUqwNzKDn60zgkmZhzi5I8TZFUEE9RXmFnDQ0YOZkir05BShIikNZSlpaAroc1NUhYOuIbTofCmSSldZsgRaIkthILoMzorySHB1Quqa1bBhJWBFxGBDTnsIfbczvWyQZqmBHHczNKzyx8Wk1XiadwQ/Fp3A/eNp6FgbjcqIIHRtTcTE4XRS51X4eOUSPhOsf79xDb/NzuBnOkevyX67eg0fbhHECepvyfn5cO0y/r5BSnCsn9TPAFZFroe+hhayw3xQnRCG1fbGMNdQw1ISCAvmLUJqajp++uU1rKKY6jSDVYwCqWMN6PpLQ4/1LA+lydVDDE6r1XmJWKOg5dD1loCy/WIoWS+GXaQK1NwWQ8VlPk9dcyeFz/LJzYIUsWKNAfS9yClYpUTgYwVlSKkGiME+QQoGvouhS2bgJQNNt2XQ95fhStxrmzqMAqThEKsNHS861/YLyNmQhFmgEu9aZhUphaPHlNDdYEAiwwiKckugILsUsoKlsCQBEReohd7GSNy5vgezwzE4X+CL01mB5FDbIy7cDtHhDthPAqa4IIkc5kxMT5zDo6e9uH+vDjUl8Rjq3IKro/H48UEU3t5zwu/PfVHb4Aovel+svKtNnBwCU43gvEkexkESHOqm4Ur8PBn4krMTqQjrOGms3KdNUNfGimR9rD3oJ6zf0dcBWVtdDnFutkJjcP9ned12DvRzo9DmIE8mR49VpL+19TLDhnhHZJP6LjsUhOpjYagjiDfS2Hg0DFVp/rhwwA81R8JRl7UKVZkxqDgWjZrjCdiyfjtkLHZBwngn9Jw3Iyp6HY4f2ILyk1tRk70RZRmrUHggAMe3OOHwOjsciLfF1lATbAjUw+H1jji9ewVObfdGwW4/FKcFojFvPa70sOX2LLTnb8aRBHskrdRFAjkBR8gJaEz1RXdWKMZLNmC0eBN6jkdjOC8OsxeScKvxIPHoLB6Ml6Hi/HZyBnWgHUwgD52DeYQqdMOV8a+Mlqc4UDKG/cXjyGh9Nte3fK5QzP8DdL5HPvCGIP4rcgaF0esM5Dkjv+H0GBlBPH/iA4GclPkkU+QfCOTvcXbmA4ovf0QJ2bmZ9+gavYMH/aS8bzTg84uLBPVRfH7ZBTwncL/oxafnXfj8mlQ8HT/vP43n45V4//IWfnp4A7OTA6g6m4P05I1YHx4IRUkxfPM//wfLv14I8f+aD4VvCYAsVe3f32LevxdgwbcLIEqKQHrJIriYamHHKi86uQn4caaWnqcH7x8248crZfhltoq+8M14f6sVr6fKca3hMDpPbULbyU2oPZyAirR45G71Rf72YIwTzD8+GcYfz8bw8cUEPjybxi/3hvDTgyH8+UYY/OXj64FlovN5ZPrW1TYopgvIUlsUPubLYa+9CPZa39GEsRRqCkugyjomKZLyFpCCEbCmKkshyirLSSwURrgvn0eAXwJ9PVUcObAXbQ016GiqxUBvKy/DOsMKjIxPYHh4FIODYwSzYXR2XURLO8GArLGtCw2tXSivakZhSRVyC0t4s5S83EyUFp9EULAv3NxdSLmvQln5OVJ/Y1yRT09PYmp6lKDAUqKGMDTcTwq4Gx1d3bziWUVdK8pZH++KCyg6X46isjIczszEjpQkvsT7++/vUZq/9f9S5mez16Eoez1ZIj8uPB6PrNQw7Ny6EonrvXEqay+qq/KRnZWMlC3+CAmwg5qaHBQVZMjRkSQwCuDrboMTxw4g89h+rIuPQ0HOCSHQB7v/Kfc6SDbCa7GPc5h3kRPJ9swbCJINBM6KqlpS6Q04fvQgNAgkDLjyigR1HQsO81279/NlelZ45vKN22ghoHp5eUNBQRmSUrKQIcW5XFwKImKSpGhloW9mCxNrV9i5+sDZ0x82Ns5QV9ehxyvSa1ekx0pz+CuT+ly3JhZprNjO0aP0eZTyFLXq5lZeHe5L6VfWqKWPbREQwDtJmXeQMaAzY7e/rDyMTU1zqLMguS/GgM722FmK289v3vBqcHomrhComkFBm6Cu7wQlPSfIqJjNQV2Hm4SAJk1S6+JSKgTypfQdWoxvvxbCXFlaEWaaOvC0JIfF1gGBjq4IdfVEsDNT6g7wsbQkaGvBRIEUA0FcTVoABXEJqND71qTzZaWuDSs1bWguE4WFtDjc6DP1p8f76Wthha4mHNQIiOLLoS0lCUslOaQHuCLP2wpZDnooD3JCXaQPRpPW4O6RXeiMD0ZrtD/O+7mjioDevnkDntTQHDE1gT/4HvkN/EIO6YPBEbz+/il+fvga98av4tXl6/j58ix+nhrDzyO9eDc5iFe9bfh1epzAVQNnR2/EmhugJykOOdErsWfdWljoGWHp/EVITz2IT58/wTZKg2ArgEMCSynTgHmwCoz85WHqrwRzf0VS1jowCRaF62o1uMTrklo1JIjJwWeLBilSeQTuMYABqe6AHWbQIMAbr5QlhS4Oc1L3DrHqsFsjBTuW9sYqx5FZRgmg5SUG6zB6rgAZaHuRUveXhEm4JAe3ZZQcdD1ESN3SvLJOFvZr1OG7zZAchWXoaDDGZJsWSvK8sDHWEmE+xlgf5YjD5EB/f3UvblwnsLTswaHUYMREmsLdyQBRweRsxgXCydYYSZsCCGorUF5Mj71aS4+vwb17Tbh/6zjuz0Th5e0QvLzujDd33PDrVU8cSNOk1ymAdYQivQd5WK2WgN1aOV473ih4Oc+v91xvBPe1LJ5Al7dutY5Q4U1uTIIEmLktrAan620DWTs9grUejfqQoWNpMhmCujQDNwM8u58DX4fgLzQGcgZ4ebpfgYCuS/eHBJvjeIoHKg4Goi4jHPWkbhtJnTcdCxcCPdWfoB6A+uOx6DibjPbiHegpO4CRhlMYqMvH9u2HIGF7kOwElOzT4Be0DZn7k1GRk4IGmtvqTq/D+SMRKEoNRAGp7SOkxHdEmmDXKlMcSLDGgTXWBHxX5O/04aq+4ngcCcLVOJHsh/WemljnooKj9NnkJZihYqczmg4FouEIOR3pwWhID+CKffL8Fly6kILvWzPxcOAsxsjBWpXiBE2+7E4OdJga30PnQXFpJSNIvzCFzPaXvGe5cJ9cCPMvy+usBjsLfuNL7IO/4NQQAZ1AfnpYCHO2V547wQLffkMhjYX/wPwdwfw9wfx3lM7+gdKZjzhPY83lXzE10IWfxs/hr9vN+PtxL/66346/nneTWp/C53cz+Pv1OMG1BTfqMnC5tQDfT7RiqrcePQ0VKDl+GGsDfGFMCkCSFPiSr76C1DfzobFYFLrfLYMujd8xlf7vb7B8kQjkxcWhILYYHuaaSI50R/7uGPw4W48/HnTgt+u1+HCvA+/utOPn2QZ8352Lmdo0XKk/hPvdebjVkYfO08koTgnC4ShrNGZuxLunI8D7m8C76yAvgF4vHb+n8c+7+PxJ2HHNxFSDL7Xr6ojjaIoXTYaLoK6wCEZqS2GnthAG8l+T1zyfwLCEQCVslSqvIEKqXqjKRcW+5e1QWR67FCl3JaXliAjyQkdjFS6NX8RQXyemxy7iGsH88qUxjI8P8bKgvQwInQTzjj5eOpTtwdY0tNNxJy7UsKC1FgJII6rqW3GhuoKA34ajJ3Jx6Fg2Tp0u4HvkQpizpdthgmIfRkb7ubF0tT6+pD2KVlL8lax+e2UNL+1aUHIe+cUlOHj0MHbv2Y6iYuFKxbXLfRzozBjAi08nojgnkSt0dlxEvys4vgaH94RiX0okqivOoK3pAirPn0T+yRSsi/OEkZE676wmEEjzTmsBvm44nLabp6cdO7wPTfWVuDjAYN6HwYsD/D0MzkF9YGiIw5ylpLGl7Kr6JpRVV6Oiugrnzkuan3YAAIAASURBVJfiwJ5kaGmqQVVNjdSzIgwNTRG0MgD9F4c5zFk1ORYVz0qy+q30h6oqPU6BVVCThjw5AWo6xlDXN4OzTxjs3f1hbe8GLS19CGRYqVQJGgX0mUoSzCWhoqoOP58V2L19K9JS9+PI0SMoLC6mc1jLc/hZydcuVpmO58GPc2NgZzBvJgeKGyn21p4+vtLAlt9ZgN/Y+CTGSYmz7nBsX505MkMjw3jw8AH/DIIjEyClYEQKXNjHXJztoWtYQVHHkcDuSLcNISqlTU6kGsFcg+eff/3VYrLvsGShCFRlSQWQyrbS1oGHhQ3B2w5BDq4Ic3FHpLsHmRv87ax5mpclnR99WQK6pBSUlhPQ6X1rScvCkM6ZrZYu7DU0YEVAD9BRRZwtQURDGQ702VrLScNEIAVTeQHCrYxRtykCeV6WyHExwRlPS5xf6YzaUG+cdqQJ2s4Up53tcMLZHnVr4vCg4hw+Xb+MT3dv4Y9b1/F6fBRPyLmdaBvE9fHbuDN9H/dm7pE6GsH9wYt43ttB2qGKrBLP2y7gSXs1co/kE/CCEW1uir6kGGQFsyZMTsg5eIiuzf1ooWud/bjGaAtbnBK4NByXwTSAjgm0TqvU4Z9sDotIJRgToPS9RWEeIkMqXhX2BGq2563vu4yrV/NQWdjGqPMSriYBEvDaQErfSxTWBH7WocwmVpqXO7Vle/BraaIOXgy9wCUESTmeCqbtJg7neHV4bdIj50HAG7zorFgOY7/lPKfdIkwJtiHS6Gk0xtMpY1zu0kfRCU3knvBDXVkCLg8n48aVA2htTMbxtFWIDLaDl6se9LVZEKoa7OxNYUDiYU1cEDYnBuN8yQ5MTebjpzcdeEJz9NMnxfjteSKe3Q7DyweJ+OFKAB4VWyI+WQf29Jrt41V5gxrjMCmYhEjBOoalrynRe9eAJ3M4NusiIMUajrGsbasqd5AKSSSxn8CNsZC20p5T5kKoC4Gu+w/IZe31+Sgzp+BlmdkK989l6fGsLrvTCjNsXu2MvP0rUXmUFHlmhNCOR6L1ZDTaT61CU0YEatIDSbCFoiVnHXrP78HF6sMYb8rBVFsRxlvPYqipELv2HIWMwzHMs2IR9/uxMnwbzmbuRl3+LjQUJKE5byOqSZjUniK4H47CmX3ByEryQOo6G2wO0sMaDw2sddfArig7rPHWQYiNHLb6GyI13BjH4yyRm2iH/I0OKNvjg3O7ViAr3gpHos2Rt84ejQeD0H0yisAejemynbjfmY3plixsO7iS1LkqB/p/+qUr4V97ikdxrPMHZBLMM3t+metd/uY/MCdFfmLwZzJh0Nupod+QM/wrcgnkOWNvuSrPI5CfmXhLMH+Ls1OkyC99nIP5OxQT0M/N/o7zVz4QzD/gAo01V95heHSa1HcuXg+dxW/k/f39oJPY2ESQ7cavN1rxy9UWTNdnoT4rCSeT45G6mSb9pESsD10JB0M9KIrSF4ZFFs8Xgd4yKRguWQ5rKXlYLJeGzVIpGCxbzoPo1GUFMKAJQ01iCYIcjbEzyg05KWG41paDHy5V4slIGe5fLMUPl+vw2+0WvL1Rj1eXLuBudz6mqg5joGgPGo+sxbmd/rh4Ngkf75HT8f4awCLk38/g8wca/yCgf76PT3jIeoPhl19/gbuDCvzstHAydwcaCxMx2nkSfi7qkJeZDwPBfCgJ5kFS/FsC9zxeUEZZgaWkCZuvLBNlDVgW8rrqYqwRC6lzJQUxnMo8gKnRbtyYncS1mQmC5SSuks1MjWJ0tJcr1O7ePoJ4F+qaOwje9cI2phVkVU0orWwka0ZpDUGd7EJ1I6nsNjR1jZCKHybV3Y+JyUtzBWQIEhMjvLf48Ajbn+/ny9lsOb+TwNPU1oG61k6UVlSjoPgcTuWdIeVfhD0H9pG63cWh3tvbhU+f/kb1+X0c5l+AXpK7AefyN6GUvgjM2O28jHgCeDJ6OpvQUF2E84UZOHt6H/Ynh8DZwQBKKnIEUlloaqkgNNCHQLwDLa31KD5zAh2ttRjs7+Kvj0X6s31+BjSmULv6+tHKy6t2oJomZQb0yvo6GhtwofICMg4fwOaNq2FnZQ43WztS/LFobW/nFeQYzNnee1f/EP2PPpzILUDipq3w8A2CiZUzXH1CYePmByvnFdAxtISaui4vRCJOJr1cBrIy8lBX0yCgk0rV0oONtTW2JK5BKp2b9AN7cOpUNqrIyWjru4iuwXEMT83y+u7MvkC9f3QSfQzuQ6O83zorfNM5MMRjARjU++h4aGSMv9/hkREaR7hDc/X6NT5BFp2rhqyaOeTVLHi9doGyMUGdwE6jhLIJ5LXtoGXqCQUCvAjrbS6pztPO/v0/i7Dwm8WQo/ehLUeQImfEzsCQFLotKXIXhDl7IMrVm0Y6drBDgLUlPIxIjSor0/UtgI6kDNTFJKFGTo0ajdpSAhjJK8NaTR0W5Jj562ogyFgXDoqC/5+r94yq8twWtvev98f3nnH2TnaixoaI9Ca9g/QiVUBEBOwFe++9NxRBQUSk9yodEZUiYm+JJWo0xXQTNZYk6vXN+8Hk7PMyxhzPYgGLVZ61rnndZU7CR5qIsZtojVsmuDlwfPNi6pckkBXtRUbYKNJDPNnv58IuseclFoassLNgk0A/My6WaxmH+PPKJV5IYvvb9Sv8Ipe/liTny8t3uHXhLm3Vp+lq7KE+r5IThZVcqa7j86oivqnL0eLH5kIelB0mZ4OY6sLlxDs4c2btTI4ljcVTzrVRdnbMmTKFq+cvas9neJIbbgkGAnQ9bCOGYRWii3XEIEYG92fcGk+BqYFmm67xxjiOHYFbzAjtZzYRg+X3JUJ1cIjQE1Dba3PMAdOG4hrWD8eowZgG/Ze259xFDN82egChC0yYtU2SxdlDCZ47gtA5FmL4vkSucCF0viQSCYNxCh+Ea5R8/kVKUhRpQtQ8K2KWOMvRgsYyJ+53hHP/jCO9x+0pPepCQ9l4LnbNp+PUJs6d3UtWZhJZGUuICffAy9sZJ2dr/ANGCdQ9CAxwZ3yEHzu3zOPkqWx6L2bzxdf1PP62gl9/3M2Lbyfx470JfNkVRe4uDw3mUap3+TxLAueb4inJh9tEfRzGf4LDuH7yeK0ImGtCgIA8ZpUkcwtMmbjZnXnbxvWtOyrL05qmDBtlpYHaQOxcmbqevz26fu+tXAuH/wV1BXP99/PsFoFOTJ4RQubOqVSlzBKAT6c+dRr1B1RMpUFgXidQr0+ZQkPqTCp2TKBI/n9d+mxOF2+iuzqZ3gaRutYCLkt01xzhZMkhCo8cxC46hf/yOICRGPvEqStJ3SGmnrGcuiOLaTg8h5q02VQfWkjh3mlkbZ2gGXvywgB2zPJlYbQAfGEc8d4GLAy3ZMdkd3ZPc2P/XC92zXRnxzRXDi0KYtd0uX6yGxvH2bBjgg0laqpgZQj5C7xpT53BzeqtXG86wMZd43CcZobNhP+ZQ1fxjz31D0lu+5l97U80mB9QIBcjT9VWsP9KmqrB3qms/FdtK1r6WRVPyeh5zuHeF9p2tKO9AnLNzH8jR8w8T0w8Txtmfykwf0WxALxUxY0XlN58SdnNV5w4f5+Hpwp5evEYz6+X8vxGBd90y5ust5g7bZIZle8jP3kp2+fGMHW0F14jxZ4MdLEfMphhH/Tjg//6J+ZiAMEjLAjTsyBadV3SNyNwmHxo9BtBgrwx7fSGYao7lED7kVgP68eUIEfWTfRh74IIGjPX8PiSgvhJXj/q4Ld7rfx0vZJ7p4/yaVMaN+sP8uBMHtePp3G1Yo/WtOXNo1b4oUOYfU6iG55JvLoEb27AnxJv76qSKVy83Et8qCnWYuSN5RupOhzP/csFxAaZYDDsXxgN/wAdnf9m0KAP+GTAhwwc+C+MDQdoJVdVXXZV3EXBXBWQGTToY4YM/kjsdDDz5k6mp6OBK+e7uX6pV4O56kne29PBaTHUk+1tnDhxkspqZeAC7uJycgvLtWH2owWVZOVLFFRxrLyBgqoWgbnYe00r7ad7xWYvCMSvcvXKdS5fvsyFi71i6J10drVrt63st6urQ4DeRZMqsVp/nKr6Zi1hUPu1j0lk5uSzM/UAW7fv0LZiHUjdq71RHz24rhn5X6FgXpi1lHwF9ffHvMwlHK/K5nR7I6V56RRk7edQ8kp2b57GzImjsbYx0Srd2dpZMj5mjAB9NS1NtZSX5NDaVMMZsS7VYe306dMayDU7F7CfOClW29DC8bombT93TUOz1kTmuKpqV5RHZmYGZSUFZBzcQ+reHbS0ndCqwqkCNF1qe5uCrQBd1Vs/klPAqvWbiZs0naCIOALEyAPDVAU+azHw4fJaDmHIQB30BIKmw40IcPEgJipCXjt9zezVFrUNa5Zp3eH27t5GoZi5gvnJrvMC8At/d247876LmwoFc1Xc5mTHWa1nugJ9x/utdyrZOKMK58h13T3nBOhyufus9vjV14OHX2HpGIChtReGlp7oCcBHmLkyzFiMR4CuZ+aGnhqGH+mJtXMwVs5BWqe1wYOM+e//6sfgfoMw1ZH3nBi3t6180DsLKHwDiQsMZrxfEHE+ASQGBMj7So4+XkS5ODLa2hIPIwMchuthp6OH9dDhAvWhjBwi4JPbch5hhLehMTGO9gSZGeEvr6m/kR4+YugR1hYcmBlP+44lVM8bz6FQMfFwb47GhFGaOF4uh5AdHcl2Xx92hYZSvHARTyRhe3ruPA/aT3NLEs1eSWa/vH5PrPwOnQLy1sp2Tla20VpUSZMknZ1ZR7h8dD+3j+3hXl4yX5Uc5G7ubtr2rGNJoD8bxcpPrplB5sxxksSYYGVsjKeTM5vW9LVGniTmZRM5EHOBtPM4A+yCh2ATNhCLgMG4jJfnaao5vtOssR+ng2P0CKyDh2E/RnVh08EmfAhWQZ/gLJC3HzOMoCQrwpZa4jNDT+xVzDtKwDfhEzF7A7F4XQG6IRNWWBMwY6j8zceadY+ebc/CtGCCpusxKm4ofpMMGbfciUkbvPEYPRw7AXzYHHN8YvXJWWbF1Q2u3KsM4rMTHlxpG8XpxjG01Cdx/+42Tp3eQHnpalYtjiFWnmcfDxuCAtzwdHckJNBDpMSd+Eh/tq6bw4EDa+QczOfmgxN8/0sHjx8f4befFvLTg1gaKvyZtsGTsSvtcInT1Wrde04yIHC2KeGL7LR2r25xw3GXBMR5/FB8phkRtcwefznGLnPuq1z45UNMApy1/eJqGN1AIG4o0FYV4pR1ayB/P5eurWZ/H9pCOLU1TY4WgQ7ETg7i8O6ZNGcv5cSRBbRkzKY5PYmmg5KoS/wF9NbMeTRnzKNEDL1ynwA+fS6tImyny3fSUbWfcw2ZXBBD76zK4HRZKqeKD1KXf5Cpi4/wgUcKn7hvZXT0UnatW0Tu7lkU7J5E4bbxFG2Pp2BHIsW7p1C0awrHNoxj79xACvat4ufHn1Gfv1P7fstEJzbG27JrhjvrE+3YPUusPMmbLZNc2ZrozPZER1KmOFOwLJgSAXrVunAad46nSxKwK3V72LItWqtfYJtgKnZu+vfiuH/sb/te21uurDxVYJ566hcB+S8cPPNEmys/1CkmrkKZuZorF6Affg/zo9re8r4hdmXmCua5l16Td/kl+Vf6YF6kIC5Rfv2FgPwlVZ++oFqODVefcO5UK08v5fPnnUp+v1vLU4H6F125kk2m0pS7i+xdq0jbMI9Nc+LFClxwM9WTD4ZBAvKhfPDfH/L//Z//i7eBZPqGdsQb2xFnYk+gWEaEviNT7VzwNDHGWcwuymMkPuaDWRTtxpYZfqQvi9I63Px2u4Xnt0/w9HYzT27Wyv/Ok2Qii4fdBfxw7TjfS/xwVd2vKt48bOHd4xPwTRN8r6YGusXOBex/XBCo9/Du2Vlh+SXt5KysLmJqhAkj9P5NRe5y5k+wkxfLCePh/43O4H9qw+mDh/a1RVWV4HSGqUIxH9Ff9T9XvdEF7KpWe1/Xsw+xtjYiaVoC0yfG0H26nqsXuzRDvypQv3xRPsi7TgvM1VYytfr8BCXlZZRWVgnMS8nKKSb9iADrWCk5xcepbeqiof0CjRItJ8+J5Z3jbI8Y+cWrAvIrXL2qSope5uLFC1pXr1NivifaGmk72agNuas59OaWeuob67XqcGo1dmFlDQXlVWLqhexPT2fPvn2sXLVE69GtEgP11Vybqtm5MnIF86KjyyjKXk7xsRUUShTlbeBUW51m26W56QL5FDL2rxeoL2LzygkEB7tjY2uJg4MtM6Ylkrx7i/zucYryj2rFZE60Nsl9bBFLPyMJyikt2tpPim2f0IBerraBiaGrYXdl68WVlTSckCSos5vG1hPU1tdxuruHc1evaXPTWmOWjm6a2vqmLtSiteTUdDZv3UnC5KmMDhuLs6MbhgamDFRFVd6HgrnZcAOCnb2ZEjYeD9UVzMYee0kwF8yfyxZJRDavXSmvyeH3dt5Nm9i3griC+VlVye7qDe3YB/jLYuXntRarajj+jID/dLeAXK5TUNdCLp9V/dq7z2qJzC+//qJVgwuPmYaRlRfG1j7aUV/gPUKgrmfqjJ6JfHgaOWFk6cYIE0d09B0wt/XDUoxdV9dKA/qgjwZgOVxs09QYH2sbQj08GCcAH+8fSKyvH4n+AcT7eRE/yl3rbR5hO5LRlqZ4GYmNDx8mQNdl5GAdzAcOEVtXUBf7HGGCj7EZ41yd8TXSx3PEMDwNhuGhN5Q4ZztSpo+jZd0sSqeEkRvtR0FcBDWzZ1A6aSJlUyZTN2ce1fMX05mcynftZ/imvYPCfekUZZZRX36SG713uHf9Add7b2nD7R31nZyubKbxyDGyly8ifVYizZsWcSF5NdcOrOV+zk6upq7i29pM7pVl0LRxIeULE5kttmc6eAB6gwZjaS62KcmK+tqUthCP+BGY+anhdhMsPAfiEmWIZ5wyUnNtLt0mYiiWoz/BPVFsPd6wby92gjyP4/VwiNbFV3VOG6+Pl9ir50QznCYMxWXsIFwE+qrhi2PUULwE6P5TBOyxQ7APHYhnzBBiZpmyIHU0YxdbEDnbhvEL7bSe7ONW2RE2WxWwMWRU/DBCZulzJMOee20uXF7uQtdOTy7X2nCx0YbLvXM527WS23fT5f2wm337FjJ/RiQTIn0Y7aO6R9pjZSHJhaXcNxcrxgjYp8WNZu2SiRyvP8q1u518+WOPAL2Ipz+t4oubo5m9yYmJG90Zu8aR6bsCiZBEwn+GMeHzDZm21pUgud8qibEJGYzT+I+xHTMY33g5Dybqcev+Za0aXPC0WPS8bN4Pt/8FdEcMxca1Fe7etpqxq8v/uX1N7UdXhWb05PL4KaM5lrqYE4XrOV2wmrbshbQJ1NuOzNeg3nhIgC7RdGgWTYfnaavdVTQI2GtSZ1Evpn2qZBudNfs1Sz9bl0lXTboA/iDtZSm0F6bQVpQmyX8+JkH76O+4Ar/wmezetJhNC8exe9l40lZHk74qkszlEeRuiCNr7ThWJ3rQ3VrGD19d4/vPu7h1tozylPlsiLdni4B792wvtk11ZUOCvXbd5gn27JnqzH6JguUhlK0WmO8Yz6nUKZw9MotrIol5h2fjFG+MjcRfMNf2oae0/0zK3zD/VYO5AvnBM78IyAXoCuTvV7ArmB8RmB9RQ+wK5r19Vv43zK+81My88KqaK3+lDbOXKpAL0Gs+fU7jZ79x6u5LWu+8oE6+77nwKT+dL+PVtUJeXCvhW9WLvDOLz1ozacvfRZ686bJ3r+DQlsVsXTyVueODCLAzx9ZAj6H9+/PxBx/S///+k7Hmdow3sCbWwBEvHWsiDL2YY+2LyYf/JjFkFEmhTkzzs2blBE92zgsma00cHXmbedRVwFfnSgTkhVwVI79al8YX3YW8/OIMz++38/u3vbz9vpc/v2jm7eM23n2vgF7Hux+bBegn4RcV6rpq3n1ZI9e3am/6tJRNzJvgwML5sfS27CUp0pQY3+HYGPwTA91/aXPj/Qf8S1vwpqs3UGCuhts/0rqyac1WVI32gX17ztWedBNjHdatmEtHSw2fXTvL7RsXuHGll97esxp0z6ih5bbTYp0nqVGdu8rLySsu1gCbeiibQ5n5pGeXUCo23nCih7rmLupPdAnQuwUMF7l46RqXLl+XY9/KdrXCXQ25d3d3ad3UmprrqD1eKhCvoEFVY2uoketa5PtmagTqyniVbWbnF2p70A8czGDh4vnMnDWZteuXac/JTz880sxchYJ5scBcgb1EYF6at1rsPE0+aE7S0lBBVWk2JbkZ5B7ey6E9S9izST5gp4dhb2+BlRjgSrGlCvmf9XWSSBQc7duDLklGY1Odtm1NgVw1MlGNWRoam7TWrmprXVl1LQXFpVQLSNs1eN+gW+1Pf7+tTcHx5Pt96m0CCtWytLyygvwCSYgyD7Nlx3YS4icQGR6Kh4szhrq66AqodARaQwfrvoe5EX72HqyYuABvJ0/MzK2wsXMiIWESO7dvYee2DaQk79IWEVZLYtHa0cPpnj6Yq/vTc+W6BnN1VKFqyav7p+bSFdBPqMVyZ9VCvz5r79BgfoEugXy3XL5+o6/scHJqJhZ2fpjY+GBm74eBxSgMLTwwEKgPF5gbWLhpUNc3USvbHRhuIB+aRs5YWPlibuXDBx8MYujHgxipp4+7hTmhrq5Eeo7SItRFLnuMIsbDjQleHiR6yYe5ox1j7K0IMDfC12QEbiPExocPx3rIEEz7D8Dsk4ESg7AaOAyHoboCfSPc5flzHjoER90huBvoMtlTTDgqgKp5Ezga6UmqnyO7PG1Z7WDNfEtLltk7sGd0KGd2JvOk+xzvvv6O88fb5RxSVQIv0VgvSc1pOY/PfcbNy/f4/MYj2irk/ExJ5/CSxWwZF87mcB9qlk3nWsoaAfpybqSu4MyGaXxdto/HVenczt1D2qQwJrqYEGhnioncP8Nhw7A2NdWe1z2H1uM90Rq3GAsxwoHYhQ7FP9GckNkOTNgYKgA3EoMfhEOUDl4z9XCX7y3DBuE61gKPCUY4R+gJ+IcTMM9IgG6As9i+U/hgbCP7y20a4Cng94wzEKMVAxeo+yTIbUQOY3SCBYGzDBi/0YFRk3UYt9SK0OnWeMcaiOmPwH+qPkEzTHCfMJDaUkt+vG7NL19O4FZjApVL7Ck5ZMf5E66cP7uas+d2cethIwUle0jeu5Q5k8OJEGFyFnGwtZT/52yFk60xDiMNsDHTxc/NguVzxpGydxmtp4v58ofz/PLiBE+eJEti7M2YxeZEL7Nl/BoXxsy2JWi6OWMWOBCx0IzgeQL2OWLqs83wmTKcsAVmuMYNldBh/paxfTXysw8JuO01oOt59y1sUyauhtuVnSuYa0e1bU1+riq/aeVcxcz7Oq9Z4xXtycHk+bSXbqejbAtnCtfQdmwxbUf7oK6MvClDoJ4+kzqBevmeSZSoufX02dRnzKcseRrHM5fSLkDvqknhbH0GPfWZdFYf4nSFGHr5AfmZgvo+zpSmUV98jJhpuxhiN5u4qSsIDx/L5PGxxEX4MzFsFMsmerNtlh8bpnhSmLqS18+/5qvrDTy6Wk1Pw0G+vtXOne4yDswPImWuD/vn+bNJQL5xvCOb48XQxeD3TnZh/yQX8hcFUbU2jNMHp3A+ex6fVW+hrXgdwTPttVXuqke6grpaGPePA6d/1orD9MUv74H+qxbKzNXCNzW8rkq3ZmlFYuSozZf/BfPfyL38QgO5tor96kuKrqth9tdi5i+1qLrxG9e//oObX76i6+5vNH32jOO3XnDhxj2eXK3h16vF/HqxkKcX8vj1cjE/qYL0vWVcbzgiT/IWcveu1KC+a/kMFkm2GO4uL6CVEQFONrhYmIi9+7E1YSLTzMQUDNxY6BrJVFtv9Af8ky1zYpniY8LiaCd2zQnlwNJI9i6MpGjnAsnaN9Kat43z1alcqDnApyeO8vNnTbx61MUf354XWF/jzy/P8MfdRvjxFPys4F0Fvzbw7psieJQNXxyFu5kSx+C7U9oJumLpFPzd9CkQI+0pXUhpSiLWJgMxHP4hw4epVqkfavPlajua6qCmwK2G1z/q908N6P0GfMjH/T/sKxc7YgBjQn0ozTnIzd7T3L56VptDv3q5V2DeqfX+VtXgGpratHnzv2xSLVI7nF3I7v3pZBwtFDsXqFU109DaQeOJDk6c7qZTQHJe4HH5ylUxcrl8vldrjaqArr7v6RHgd7RrRl5VU8yxnFSys1OprCiipaWFuoZGahuatHnpvJIyMnNytYVxB9IzWb1hNes2rScuIYJtO9Zqz0vnyXzN0BXQNZDnrKQsdzUVhVtob6ui84zYdE0JdVXF1FYUUFOWy7G0jezbNJGNK2IIHT1Ks/Qly9aQkVtEa9sJjtdV065qytdX03aihZPvgd4iMK6tO67Nk+cV5JJ9LJujx7IoE0CfFDB2at3Trv69R11taWsRkNfW11NdXUVldTXl5SUU5h3lUOo+rdf4grkziQgZjbO9DdYWplgaGmJjJBmykViWuQ2jnX2ZEzODDbPXEBeqtrhZaYVqgkLC2bhxLbt2bmaX3E7GwVRtz/7xlpPacHqnQFvB/MKNz/62c3Wd6pWu7F2BXM2nnxJotwnEW091akBv7+zbindKlbjtUn3be7Tn+fLVm3227RCAsQDd1NZXG1Y3sfIWI/d8D3YxczH14frWGBjbomdgwzA9a0YYiQUZOaJvYIVO/8FY6RvibmktQB9FhHsfzIOdnQl2tCfUzpZgeT2i5H0YYTeSAFN9As0M8TXWw9tQrHS46ok+BLOBA7X6EGr/udHHH2PRX0Aotu4myYKb/ghGigXby+9O9x9FypSxFE2PZJe3FVudTdlob85CY2PmG5oyQ8+INXI/bmbl8OaLRzw8f5Xk9QfIyqimurKLutpejtec5Yv7T/jywc98fv0hNZLMpixcwr6pk9iXEEXmpGja182lfe0MWlZO5NzWOZxcHs+j/G3cyd5I49qZzHAxJdbegERJJjzFVM2H62hrcdRXRtE+7KP0sA4egpHHh9gG6OAS3TdfHjDTWRuGD5/nwOh5ZrhMGILvdCNc4oeLgQvIxunjMX44ofPN8ZtqiHPsYEz9/4lDqA4BM8xxH2tEtJi3qwBcdW1Tddt9xeLtQgfgNEaSnpiBYuIWBM+VBGKOOePn2RM2yUiM3ERsXhLJqcYcr7Dm2W07+Rxz5vn3s3nyzWIunA6lo9GPi6d86enayJXrh6lrPcj+1NUsmhcjFu6Ig6UkX2bDcLUzEJgbYj9yOK72ct/t5P9b6uBopcOMxECON2bwxfcX+f7ZRX58UsE3j9ewNNmRsUstCF9oKPffmJAZZkSvtidorjFhi4yJXTqSULkcOGUECetdiV/nTMRiC+35vHjzKsYBjhrQR7zfd64tiPvPxW9+dn8Xk1FD8rrK5L1ttFKuer6qNrskk4kBlB5ezmmBeUfpZjqK12oV2BTUW5WhH54rMUcz9Kr9UyjbO4XK/TNoOLyQ2rQ5lO4Tcz+6ipPFW8XIU+hpPKIZurJzBfOTpckC0T1i6HtoLdxJW+FuThSnsXrlJizdJuMwagqOrrGYqCJN8l4yMTLH09mSMSKSXW3l/PnbD7z46XO+vFTC9ZYUrp3J59nP93n+7ae0ZK3lwFx/dk7xYNVYG9bEiKnH2LJ3kiu74uxIn+ZO5dpw2vbFc7lgMderN9Nbu4eklUE4J5rhKFB3nmSB4yQx9H2tj7W58r4h9j47VzDPEDNXW9Iyzz7TjDzr3HNtX/n/Gl6//JKc9zDPfw9ztfBNW/x2U4D+6Wuq1Hz5Zy+4/OglXZ8LzG+/oF5g3njrJVduf8HTu6d4ebeZP+7U8vvnNfCDAmeHALSTP77r4adbLVyRTKkmYx2ZW+axe9kUVk0NZ2q4G9Ge9oz1cmX62FDGe7kx3z2I+a7BBJnKyTBwAPPGBrB1Whiz/c2ZN3oka8TQdwjUM9dPoWDXQnJ3L6I6fQMdJckC82N83lnET5828uvdE7wRO395/xR/3muDr+U+/XKat09aePeknndf5cFnyXBnP+9u7YJrO+D6frnfV7STdGKMGNGwD+muW0/pnhjmRBhjqCcQH/IBQ9Q2NAX0QR9oRq4aoiig9y2Ge9/xrP+/NLirrmdqy1Z5USbXzp3k1pVu7l7t0ebOL14QKHWdob29XUxSlTBt0ladF1fUiimXaFZ+8HAee1OyyDxWqtl5XdNpbU9688kzGgx6etWWp2sayM/1douVnxOYX/p7UVx3d7e2p7v1hNpzXkx+fjqZR/ZSWHhEs+Hauiryi3Ik08+noEyAX5gvpl6h/f+N27aSfOAQK1YvZ9bsiTx4cI/fnj+hIn+NBnNl6OpYmb+e2vL9dHW2aU1WqsvzKc8/Qk1JDpUleWLrx8jYt5zkTZNJmhKCq6sDC+QD+tDRAkkyqqmrqRQ7q6XheBVtbS3aHPpJAfrxulpKBcg5uQLy7EwKiwuprKnRVryrIWvVSU2Zr1psdlxMubG5RSvCkn4ohZzsIxRKEpCXnUF6ym62b1jF0oVJeLk5a1vQdHSGiZkPZviQwcQE+zHBP5g5URNZGTeXGVFTiY2cgInpSEZa2RMsMJ87e4Y2b75Fbid1307y8o5RcbyexvZOzpy7pLVUVRD/z/hrHl2BXcH8L6i3K6irXupqCP5Mp0SXtjddjSz8+utTnj59jvfo8ZgIxLUQoCuoG1qOwligbiRHNexuaOGuFZEZYSTWM0JsR0JHbyR6+lbojlA7NEzQGaiDmRpyH2lNoKOLgNyVcDdXQp2dCLO3JdJBbGykKf4WRnI0JkBgHmCmL2A30Fatq+F0DwnrwZ9gMqCfGPonmIupW/T/RNu+5qg7DGc9PSwHDdWunxcWTNrUsRwZ7892T0vSfJ3JDw2md+YiGkMSSHeW6928ObtjJy8l4VySMJn4MRNZPHcD27ZkcCClmNLidgF7j5wXnZTl1ZKxeQ/bpiexZ3ICR6bHUzo3gbrFCdTOj6Vx2UQ61k7neFIYV/fO5+LehaQmhjA/yJVEZzPiJKGIkg9lN5MRkrQN197bp3ob8Z9kqdm2T7xAN0IfS5+PsAnSYaT/YEbFyHUx+kSLFTuOGS7GrIvTuEH4TTYXKA/HO94E12g9bCQhcIzWERvXxT1WBzs/sfqA/riEDME1VhWakecuwRDrUDUUr0fQ5JHys0GMmeVIzDw7vCYY4h2tj2ekPM/jxc6nWZJ1zIGntx34+aZA/WEgL36cza8/ruPnr2dyrcOLa2fHcPfeEW4/OE7LqcPy+1uZmxSNj7s5bo4GBHpZMjHKjYQxzkQG2zMhxou42FEkxo8iJtJZxMKGPTuTJIlP58rNGn55Vs67d9ny2RFFhGbiI1i8axQJa5wIn29ByAJ5/pabCdglyVloSmiSniQieoTPNOTGnXM8ff4Mn8QxGtCN3g+vq2F1NdSuDa8LzA0CHDSga/vO/f6nGtxfK9rVVjW1TS16YiDFAvRTpZvoVA1OSjdyqnC1AH0prVmLBOoicGLjKqoPzKQ6JYmqA0ka0MsF5hUH5tKQtYLW/I10iOB1qeH244ff23mKBvSTJQLxIgkBenPuZlryttIoz+HhHavx8YlAzySMj3Q86TfYln6DTBmso09wgDcvn33HHy9/4uvb3Xz1aTM32zP47vOzPP/5Sz49V80v397iXm8d6UvHsD7BnVXj7MTSHUie7EbKJDcyk7yo3TKO02lTuVy0gotlG+ks2ciGLWPxSLTEKUGEQsCuOrH9Y3PxVQ5qc+Z/wfypgFytYv+VzO6nHDn7lKMCczW8fuw9zP8GugA8/5oC+f+YuWbnN15RKiCv+PQVtTdf0nTrN1oVyAXsdbdeCdBf0XD7Ny7e+YqnD7oF5K28lZPs7aOGvv3oyoafn4VXF3j701n+/LGDH6+UcrZkGyW753FoVQLb5oSzYUooC8Z4sCjah0WJEUR7e+Cgr4+fozXLJ48hffVkVo9zYc1YV1bFuLF1eiAHV8Rp+9AzNkxnt2TmGZuSqDuyWbKzLZL1HORuZwG/3Grmh2t1PLl2nNe31ba6E7z7patvmP37Ut7e3AO3BOIK5le3wqVN0LNF7n8Hv//+O+6S5aqOZWN8jYgJs8ZohJi27ocMG/IR+roSqqvaoH9qQFdNVvT0dbTFcIN1BmjxyXvAK6CbGOtSWZDJjfOnuXu9h0+vntP2np8XAKttan111VsFuHWUVVVRqOw8p5ADBwS+2QUcPFIskG+mplFMu61bjO6sAE2VQ72hDbNfUvO2PZ3aArgLF3o1O1f7zxXkz/acpUtt+xITrq0rF5BLcnBkH4cydlN7vFyuq6GisozyihKO5mZyJC+Lo/m5ZOUVkJyWRmpGJnv3pbBRTL2gpED7QLx2sUmbN1cwLxFDL81bL3ZdwInmOrHzcoH4MbH2DLH3dI5lqHKxuyk4mkpxTjKbV08leow/Gzdv5nBOAQUFAn9JJprqy2lpqaPtZKvYuZrjb9K6zBWXFoqdZ2tgr2tu1fqQt4rNtqlqa+fOCxjP0tjaJo+jjuLyIo4cPkDyrs0c3L+b5N2bWL14NgtmTCLc3wsvFwesxMp1dHQxNhE7txyJuZkpPqPcsLGwxtJkpLxWZhiKSY6QcHXzJCg4lIULkti8fimb161g745NpB/crzVOqW89JXC+JEnFFQ3aCuB/HdXCNxX/eZ0KZezK6DWgd3Rp29lUKEt/8OhL7fldu2kvZu+H2vUtPTBUEJdQQ+4mVp6alffZuQu6YuIjDOVD1MhJTN1WA/qw4RYMG2bGoIHDGfrJELFTA1wt+6q9+dnYESQQD3awItjagtGWZgSaC8wtBCgC82ALYy1C5HpfIzFWU0N8lKnr62Ev8LYcOBiLgYME4IOxGaa2qBnhZmQql/VwHmHI+sQJJE+MZPtoJ3Z62tAyayZfbdjL3fkbaQqZyLFRoaQHhHNm7XqeNNUzLTAQexMrAt2C8B8VQlRoAvOS1pGSnMeOremsWbaZ+RNnsWh8IjvF0LNmxpE+IYjiGWGUzYygImkMtbPDqZkRwJnVcXRtTWLn5Ej5UA1nhpeVZukT3KwItTfFS0xdfZ270oF3nDG+8UYEjDXGU+zcL8FCA7tr7AjswgYJXG0F+Ia4jxdgJ+riMFoPA5cPMXUfoFm6Q/hwbMMG4JugT+B0axwjhxA6w5ToxfbYhg/FPkoSnfF6AvPBOMXo4hwt1hyjQ+hMCzF3YxxjdQlPsmL8QmexdrH4WH22p7rx6RlTnt6y48kdF149juTlj9N59stWfvxyJg+vBXHrYjRXr2dy4UYlp3sLBOgbmT0zjOhIe2ZM9WPLxsns2zWdtP2zWLMqkt17Jsn7PYlDB6KoLh1LwbEw9u8OobIsiYcP0/jjbS5v3xXz5s9tbEuxx3vyQOJW2TB2iapLb07CcjuBuhEhYudB04czWkAevcyOwoZDfefq/u2YBrkI0J0wURHo/P57577580BH9ANEzgTqak59hJ9YuRjv30AXuCuzN/F1YMJ0eR2PrRVD38yZsq2cKt7AyfzVtBxbQvNRSQgz5omdz6E+fQ41qQLzlJmUJU+l9uBcSpOnUJU2l/qs5TSLYHRU7hcZO0xnTYYGdDV/flqko614txbtAnUF85Y84Ub2eo4fXkP+noWsmZVIqH8kA4ZYiZDpM3TYcG308I8/nvP6mcC7p5gLp4r49l63vCZXeHStiUc3TnDpTClf3u7kl+/ukLV9joiBGxsTXNg/3ZODs7w5usifik3RtAvQz+UspSN3BRUHZ7Nx61g8J0qiJ1B3EZg7Jpjyj/l7ath9/D4Zne+H2DUrV3PlYuUqep9ppVuP/i8z71vFruIvkCsrL77eB/JyibJPX1L52UtqBN7H5XhcjLzu1mvqbwvM77yk4e4LOu884dGdazy/c4JX9+r585E8+AcN/PmtgPPZWd79dJp3z89J9AhQxdh/OsVPd2u5VLGNhtS5nDg0j9zVY0meH8omOTGTVyexb9VcDq5JYu/CcaxLdGfrFHd2zQpk99xQUpdFk7Iihr0rx7NHYL5xaSJ7BPoVB9dSn7mRM8XJ3O8s5mFPCbfasvnhcrW8QWp58/15eNoLP9XAvTQBuQD9booc98KVbbzt2sSPZbN4daeNW7c+Y7huf63Sm7ftMA3kqriMlWk/TA0/0rqoGYxQPc779pgP1xsiH6rDNKAPHNJPM/R+YvBqYZwydwOBfXXhIW70tnH72nmuXDxH77kuerTh9natdntDQwOVAtbS8mIBWD7pmYfZuXM3R/NKKKxQC8FOiJl30Ha6l9NdYoTnb3DhkuqedpXe3h46Otu16Dl3RqDerRWTOX/hrLYVSi2yUsPYDWLkqhFLTl4mB9J2kJ1zUKBeRUl5AWUVxRQJWFWUVFVwJCeffWkHOXTkGGmHj7J9zx72pqRq/cF//13OifJtlOetErAvI1cNc7VUU1tVInDOFcAfoejYQTLTdrJ/2xq2r1vK7k1r2L99HeuWzWb2lFhWL1/AskVzOLR3Iwf3rKEwe7+24v1k+wlaWpvl+ajTbLuiooyahkZtRbvWGrX1pFZO9cT74fWqugate1m5PHdZmQfZu3MTe7ZvZOu6ZaxcMIMZ8eOYNC6MiABPxgSMIkps3MfTCW9PZ3y93PD38cLT2xtnZw9cBOB2Dq54ePgQHBrGzBlTWL4kifWrF2jliffJ/T+wdzuZmYeorBVDUolVz2Ux73N9iYYkGe3vV7Sro4J2W1fv32Dv6O0bgv9rb7oCeqv8XfOpM/TK66hV2Gpux1RgrobYVai5c8OR7pqN65u5iaGP0ubOR5g6at8PE5jrGorlGNpqc+g6elZyHloweIgR/foNYUj/wVjqCZgsrPC3tcPXyhrvkeb4WZjga24oMDcgbKQBY6xNiLG3JHykkVw2I8LKjEhrS8IsTQXwJvJ7JngZC7z1DbAVkNvrjcDR0Bh7AxOtAZOVJEnj3NzZP3saB6bGsM7flcyIML7fm8n9RVu5EL+Q44Fx5HiGctgnhOMzk/jiWCZRDo5YDTfEwcwGOxNrnCzFDP2jmDxBzpPpS0gcN5mo0RGM8fJjRmAAyfFhHBrnTU68D9VJ4ZTPCKZksrfcXgDty8ZRMDuSOaGjWBUbwsJgZya7mTDewZhYV0vGeVpRnJXKjbuXcYs1wEu1M40yxDFsBIHygTp1uRvj51njIjD2iTUlYJIZnrEmeE80wi5SkpcIsfzgYTiF6gnUh2Eb0p+RPoNwCtTDK84Cq9FDta1udpEjtDrvDlHK0gcTMM2CiLkOBM/p69oWPN9WzH+QJA9D8RCQh4iZ5R1z4Yfrtvx4w5ontxx5/mWwSFACv/0wg+dP1vHL19MFIuO5fyWUs+0iMRkz2bptotj2ODas8WH7Zld27fBif3IAe/f4snmzN/v2BZOVFUVObjS15WO40+3FVzfD+O5+Ik++X8+zF0f4400+b94c5O3bZHp6gnGL/jchUyTBm6xL3Fp7xiw1wjtRD9/JOoxdboHvBH22HU3qO1dPt2I22hXzYDfMglwx9ncRmLtiETIK40AXzdCVnesH2mtQV0BXoSCuoq8UrA0jvMXQ5fJkSdBqssXIizZqQD9dvJHWnBUC88U0ZM6nTkCuaqYfFxCq7WyleydRuCueaoF78e6J1GUspPbwYvl71bs8jZ7jmZyqTOOUMvSy/RrQNUMv3C5A3yEmr9qpbqbx6DoB+kqKkudzZPM09i6LJ14ek7uNKX6jXPj5h6959+YF39zr4sWTW7x6/gO/P/+Kb7/oket6ePn8G148+54bF1u4ea6KV88e01abw47FMWyZ6cfOWT6kLQ4gf+NYapIn03hoLs15K0nfEU/cXHdGTRqJc4KpBnTXSRb8Y0VGO3N3VpN24vF7M1cw7+uOpsFczZe/346mhtjVfHn+/zPE/reV3xCIf/qaconKz15pMK9VQBeA191+Sb0cG+9K3HlFsxzbbz/j8s27PLx6RuBZw7c9uTy9Xc27J528/bZVWzn+9skp3n3TKEA/ybtfO/nzpzYBZwUv71Xx4rNcfj6fSWPafA4uHc/aRH+WxfmyLiGAtRN8WDfBmR3TPNk9y48dSYFsn+vPrkXhbF0QztzJwUyZNIb1yyZRcmCNAH0TjVlbuNmaw7nqVB71lPPT1eM8udnAq4enePOoWuy8iHff5sL9DAF7OnwucWkPz1rX8tu5A30lNutrNRAPHfaJtg1Nb9i/xOr+hZlxP4H6QMyN+qOr+5G2CG7QYNUSdTD6RrroDB/UZ+fyNxrQ5TZMTQ3Yv3cHn13p4dbVC1wXMz/X0/H3VrJTp1q1+W0F2pLSPI6phWQFWaQePMDuvXs4cqxQG2avbzmlbb1q7+ylq/cqPRfVvPk1zcTPyu11dZ/S9pqrfecXL6l5dEkaBOjdPT3yfzq0uerGpgbNxLOPpcttr2fr9pVi6vsoryqm+nilJBNFYsVV5JXkiaXniaGnkpWTo7US3ZN2iJTDR6htatGeozufdgrQV5J3eAEVxaqfeS2lhceoKsulouQoR9P3smfzCjavWsAageKS2VOZNTGOKeOjmTFxPKsWzmTfxkXkH9pGduoGCo/to7X5OM3NjdTXH5dEo4aa2mrqGpu1Mq9qH7qqEqcut5zq0GCuOphpVePqG8T0c8hMP0DK3q2sWzGfdUvnsHBGgpwjscyZGKMdl8+eyJrF01i/ZBobFk9l09KZcj9mMGv2DBYuWsz8ubPFxmezeplk6ouSWLM0ibVLZ7N17RJJSFaSuncLh9P2kZOTRXV9oyQYndSJpdc0qvvRpnVlU8PqCuQK6toCuM6+o1rh3tZ5npNdvX//TFWM0x6LxM+//Mr3P/yEu99YzGz9+kLAbmwtH47WHpjb+GrNVxTMDSxcMRRz1xqxSAw3tMPA1AE9A1utqMxgHTM++WQEH/6rP0P+PUCAbsAoMXQ/Gxu8zEzxVQYuUA+1NmeMvQWxTpaMdx7JOLH2RHcHEtzsSHC3Jc7JhnF21nK9HZF2NvK7DgRZ2QjMDbASoJuJlRsO1sFo8BB8LCyY6evD3klx7E+Iomr+HL7esp8v5m/iwrg5NI+Oo9o3mlK/aLJ9QskJi6J3wxqCTE2w0xXjNTbF1tgEayMz3GycCPQIIMw3lFDvYEJ8AglwdSPUyZYNIW5kjHWjMNGXypmjyZ/oSdlkHyqm+lAu3y8MsmOSrxPbpkazPtqTxQF2JHmNZKKbOeNcTKjMPsSX3zzEKliX4Nl2YpwWAvOR+I3Xx2eyEaFTRuI9Rp+gBDMcxbRNPT7CIdQAx3EDMfX5SAA+gDAxcp9JAr1pI7EfrYOhywcC8/5YBg7G3P8TnATUY1e44jNFbD/yY/ynGhGRJNY7316M3wDP+KHYjdHBLnQQvpNGkJ7lwLsfA/j1rhs/3XQQ4fHgxTfhvH4cw8vvJgrU5/P0+4X8/HAKj29Fcf9yOF3NIdQVe1FfZEtjoTWlh80oynKjtDiK3NxIiopjqKqaQm1tEm0n5nO2YyY3uyJ5cCmQb2+P5ek303jxdC1//L6bP5/N483zORKJTF8pNj5HHv9UPYJm6hIx35jRM4yJmmdGuETEYhM+e9jLdz9+j8u4wL+BbhEi5+hoD0wD5XKwJJ1+Tuj7OmrQ1rauKbD72/4PzN+XflVz6iO8rDAQqEcm+MrjWMGJ/A0S62jJWSX2vIyGI4s5nj5PYo7YuDLzGVTum07htjhK90yiXC6X7ZmiGXvd4SWcLtmulfXuqj6kDb2fqUzhTEWKZu1nypM5UbBVYL6JpmNraT6mRHA5ZfvnkLdtMgdXjGXrXGFLrAcTg+w5e7KSd3/+xmuB9u3zlbz981fevnkJEm8F8m/kZ2//eCbxnDe/P+PJd/f46k4HL378nJ+//4KyY9tJ2zqNtI2JZO+cRtGBOZQeksQjdyW5hxaQMHMUbpIMusTL+RZngpMy9JTmr5i3q5rVGac53PFEg7k2xP5Xxbf3q9g1KxeY9w2vvx9av95XKKZUYF4uUaHs/DOBuZh4ze3X2vC6FnK5/s5rgflrmu4KzO+94oTEyXuv6br7K59+9rmcaKd4druRP+/X8/ZRvVixAFzg/fZRDe++quLN5wLTB5X8di2bN/fKeHO/WK4rkGMp33alU7N3LodXxLNrfgRbZ4YI1P1Zm+DJjllBEv7snBvA+unObE7yYcO8SOLGjWb2rFhWzE/g2O5l1GdtJHPDLCpT13ChPosvL9ZzrTGLm42HtWpyfFfFu6fl8EsZfHUUHvQB/c1nh3n7+Di8Oq/Bat/+vdpitiECdF3dAQxVtdgHq/anH6A7TK5XFeAG/bf8zgcMGtofHdW21KBvyF2F+jsFejW37uBgTXVFEZd627l68SyXBbQ9PWfEpk9yqq2JEycaaFLzzlWlFORnS0YtZiuRW1io2XFRWY22kl3BXC2iUludunovceFyn51fFNtXMFcFaXp6OrX9531V4i5y/uJ5OpQtnurUVnurfue1x2vFwvNIS9/F2g0CrnULOXBgFwVFuRQW51FSVsyR3CwKysvIzi8iLeOgtkjucG4+WQVFZIi5X7p2Qys201S9h1x5szXV5lIjj7E4L4vC3HQyU7eLza4REC5ig8B1wwqx8bkzmRgTSVJiLNuWT+Pg5tkc3rGU3JR1HJUozUulSYB+vK6K4wLzhkZ5XlS7UQG4ArcGdHVUcBdT18qrnuwrOKPKrh7NziJ511YxlVVsXrOQ1UtmSaI3h40r5mmd3dYKnDcsS2LTMjGb5UlsWzWH7WsWaPdzn1j9ji1r2bphGZvkb9XfrF08S45z2SLfJ29dQ8quTaTt20nmof1aBT21K6C6vpmahlaq6pq00rwNbaf/hrW2AE7MXNt//v66NoF7e3ffcHzfkHu31sf97v2+anCzF63D2iWYkU6jsXEOxdzOX8IPC3tfgboXxlZeGAjI1ZY1XbXwzVQAb+aqgX24sYO2OG7ocEsG6ZgwZIgxH380iCEff6LVYve0sMTLwkzAa6zNmY+2lA9ph5FirtZMHGXHNF9nEj3smezlSIKHDfEuVkxxFzi62ZPg4sQENxdCbR1xMDDSSsIa6+ig8/EAdPsNwEfMf4LXKOYG+XNg2gSKZk/hh50pPJyzls7QRBp9oqj1iaQ5dAINwfFUCNTzgyNpnD2TREkY7IcNw9XEGDdJCpzNzXEys8DVyg4vexdGe3jjJzD3lN9LcLckJcKJnNhRVE0PoWxaINkT3MhP9CQr1oXVgVZE2RsR62bNxrggNoxxZ22YM4v9bZg+ypxYxxFUZR3g5asXAqIBBE1X89iSSAQNxGeiPjbB/TFyFYCLhTuE6eAQosNI339j4fdPrEM/JlxAPm6BDWFJjoxKNGXMXFexVxOB+Ed4jNMTcJti7vcRdmEDcYwx0Pa6u8UZiOEbCsCH4Rg8FP9pxriP1SF6hqPY7gg2JZvwx5MoEZ0oHvba8viqE7/c8+D5PXee3R/Nsy/Haivdf7wXzpMHcfx0bwJf3wjl3vV4rvfEcul0CGebvGmvHUVzTSD1NVE01sXSVJ8ony9JnO1cSMfp6XR1zObqpcXc/3Qa392L4dcvo3nxXSRvns3izx/C+P2HUP78JYSk5SPwn6EvCUx/zH3+G6/Y4cQttSZmgSR+y80pru+rBpco7yXjQEeMg5w1qKtQIDcLctdM3cjP+T3U+1a5a7auDN3vf6D+V7vUEV7WmHjZMnN2pDbk3la4ibaCDQL01TRkL6fq4BzKD8yiQkxcrWSv2DdNWxBXtH0CFXsnv18cN5XqA0li9GvprtjD2er9dArUu2vTaC9LFqDvE0NP5lTJLppUobGsFdRmLNESgKpUgfn2BDLXRLNvYQgbp/sxN8aROXHe/Pj4Hu8E1j9+dZ4rPdX8+fo5796+1uLt21ca7N/++VwDugZ1gfsfr5/wx2+PePfyC/589T3dp6o4lioAP7CEwowVlB5ZSWXOOsqzN1CWt4U1a+PwjrLEMVqS21hD/nG48xm7q28za1Mh28uu/l2+NUci928zf9W3r/z/gbky8j6Qv9bMvPrW71Tf7oN57W0F8vfz5QLzBgF5kwC9+fPXtN5/ybVvfufG45d03/+Ns5//yP3bt/ntzgnePuybR38nhv72UR1/3K3g6ZUcnp0/xKsrR3h5NY/fb+Tz5lYeb+4U8rw3g++7DvF1RzYdOZvIWj+Z7XNCWD/RRzLtALbP9GfLDF92CNDXTXdg+TQ7FiaF4+TjwqTpcaxfPIX81PUU7FtO9tb58gJt4G5XLU/udnO/u4pbJ7MlsVC15QXkPxTAN1nasPu7uwcF6sfkerm/r85J1tU37Dlz1jQ+6vevvu1nQ/rRf6Ba7KZ6mash9n9pe86H6HyobVVTVq4jEFfD7uqynoBdAV4BXe1D19MbyrbNq7VSqNev9GoL4bo62znV3qL1/m5oqNK2kR0/XkFFeYnWF71ALeYqLqaspl6DRduZbtrPnBU4n+eswPzchSti4X3Q7j3fLbZ/ilOnW7Uhd7UPXYW2wl117FL7o9V2qZMnNUA2t5ykqqaGI1mH2JciNrthMdt2rOJA6k6BugJ6EfmlxWLpkmCUVpEvx8NHczmUnSMwzyMzTxINMXatN/oX1yk8uk7svEoen9qqlseRtJ2k7t7Avh3r2LllDQeSd1CUd4Tt65exek4C+9ZOI2X9DNI2zSZ960KO7V1JzoF1lBxLoU6eg4b6ahob67UtdY3NrRJ9Vl6rWpCKoSuAN6vmLALzBrmseo2rMrD5RcUcyz0myVAGh8TU0w7uJ+PwIbKOZXIwbQ/7dm1k23p5rGvnC8gF1Aro6+azU5KaLasXsHH5bAH/TNbLccOKOWxaJb+3fgl7t60meec69u/Zoi2GU6MAhQU5FJWWalX8VPEfBXbVkKVeNWWR+6iG3/+q5d5+9oI21P7XUPxfIO+z97NclORIfRWW1GDtFoKFYyAWDgFY2o/GyilYYjQj5TpTbU7dVyswo2/pqlm7vpmTwN2xbzje3PX9ojhLOQ/N0RlqzIB+Qxj68UAcxHp9rK3xNjchQA2fmxkT42yrxVix3mgna8JszYkUwMe52TLRU6DuYs20UQ5M9XBkurcn8V4+OBiaYDnCAAuJEZ8MwkTM3M3UjHljY5gZHMSC4AD2JkTTvXA+16Mn0eEfTYPHaMpdAmgJjuXMmMmcDJtIU0g8OX4hpIUFUThzMhMcbXE10CXI3oZRIy2w0B2GybDhuFlZ46VGFWytiPWwZl+oPVnRLpRM9KdmzhhKpgaREe3MgUgHVvpZEu9swmhzPeJdR7I61J01IU6sDrNneZAtM9yMSXQ2pDqrbxTOJ9YM11A9nCLUXPgg4hY54SLA9RpriXXAECz9+mEXMlgM/ROcx+rjnqhWtxvjJwbvFtNXGtUycBAOY8RkxapGxeliFzEIy4CBGLp+iP2Y4ThF6eEYqSP2PhgzAb3LWDVHL49L/qf3OAOmzTfjpwdhvPtlnAA9hs977LnXNZIfbjjy5JYrv97x5qfPQwTAUXx7K4if70fyw90ovv88ka/uLebBp1O5c2U8N85FcLEjnPOdsZzrmkbX6Uli5IlyOYFznXI8M55LZxO4fXECX1wfy/d3xkhiECzJQhhvforl3c9hvP7ai9ffjGLxarUvfwAucj99JslzNEaSkCk6OI35hLUH47Xn7lhlkTZnrs2bBzq9t3R3DegqrMK8NVtXcDcNlHM10Bkj+d2+Pen2WkU4/fdz6CN8bQTy9vJ8O7BwcTwNeZs4UbyF1oJ1NArMa9LnazAv3T+zr466RIVqvrJ7IiU74ynfk0hF8iQB+hRaspbRUbKVrso+oCtLPyMw71BWXrSd5txNWtQJUMvT5lK+f5bY/QyyN8VwdH0U6avC2Z7kzeoEd2ZH2lKctYM/f3/K62ff8vm1Ot68/oE//3glZv6f8ZI3b/4D6mLpytTfaIB/Ar9/zbsXj3j88CZnWgrkNtdJrKEidzOV+dupKthOTZGampxJwmRPXKItBejdv5HZ9ZTNhb3M2V5MassX5KitaGLn+RdUoZgX2vB6vja8LjDX5spf/IeVK5j/rsG85vbvAvLfOS6hwVzArmDedPclLSo+V2b+mitfvuLrn15z65tXdH/+nI7Pn3Lnwdc8/+oyvz88wcvPj/PL5UK+68rk61MH+a49hafnD/L6Zi4vLmfx4tJhXl1K5w85/nbpKM+u5fNVRwa3Ww5RuG26Nqe+dVagwDyQnbMD2DHbn93zAtg815PpsbqERdnIiTEKj7FRbF41l5zkteTvW8XuRXEC/yjailLpbczlUmM2D8/ly0lbA49z4FEG7x6k8vZzdczh3Q+1AvMeeCswf/eddsL6+nnS/5MP+0CuCsTIsZ/aXy7XDR76kTafrobjdfUG9y2CG9KfYcMH/70gboh2XT8N6qpN6oED28XOO7Qyr+fPd9DVpaq2tdEuUD9xoo6amhLKyvIoFnMuLi4gOyeL7LxcagXALWo1u8BcRedZVfP7stzGZS5dVnvN5fYudGu2r4bvlamrjmoXVUOWi/K7qh54l0ClvY2mpgZtm1pDUwu1dfXyf4rJOppByoGd7EnezGqB257kbZQK0FX3taIyVaGumHxtxbuy9gLSBeiHsnPZn3GE85f6dgOcOlFOW0udGEGltlUtO30PaXu3cjBlDzs2i/WuW8qBbStIXjuL/euSJKa/B3oSqRv7oJ6xYzEl2fu0nui1Es3N9QLyBm0Pumog06BAKUBXQ+6qBnqjakmqDbm3UVJZo0FdHftqvEs2XJBHfnGJdn1NYzPl1TUU5OdxOCONlH3bSN27idQ969mzdTl7t65k16ZlGui3rJ0r93eegH+BXLdCEpKV7N4mBr9rMyl7tpGetpcMSRSyjx4hR26vuLJa22JY29zXkKWh7ZTWnEUlG2r4XYG9Ue2F7xCQd16QY9/Q+1/AV49DfX3x8CtJTqMwdwrE0nk01q4hAvHRWArILe0D+ubS1Zy6jVrx7o2RtZsAXQ27O2Jk5aKteFe2robehwnQdYdbMHSIAR/9W87FjwbgbGKBn401fgLyQDMjwgXe0U5WhNuZyWULIhysGeNoLWbryAR3J8a7OjDBxVZA7kxSkCeJXp44GZmK6RtgbSiGLrC10dOX27Qlys2duVGRzA4JZnVMBLvHhXJy9BhOe4fS4OpHieMoKtwDOBUSS1dYImdCE2gOiGWRuRWTLI05MD6cQ1NiBerWjDIV4JkaYGugj9GQwdgbG+JmaUKokyV7IlwpjPeiXKy8eWEspyQxrJgTxbbRVmwJtmWCkz4JbmYkuloyX+CwNEBAHmjLMrH2pf4jWeBpzhQx9Jr3QI+Y6KytUrcOHsiYeS44R+sTkWRL5BwnrPw/YWRgf8x8B2ATKo9VjN0uYgg+8SZi9RZaFTjLwH7yMwX9gXhGyX0ePQhjj4/ldkYIyHVxjhuKqfy9RcAnDLP/L9zGG2EfoYvrBAP50NbBd5IBh9Ms5PMykt9/ns6fP4/nwVVfHlxw4dvrTvx8y4XHl534+pIXj29H8/hOJI/vxvLD/Ql8fy+ebx/M4pv7s+Q4hy8+TeDejQRuXZG4Oo2bvZHcPh/Kpx0unKs143qLHZ+2u3C3040vLgXy1fUgrSHL03shvPjCjz8eh/HbQ3e5zokxU0fgPGYYLnL/bQXioybL6zx1MJHz+/bwP/jyITZhntoCOLX4TS2C0+w8ZBSWIZ4ayP+KvwBvHuyBqfyOSgCM/PpWwv9l7QryRv4O/z9d7x0VVba1/Z5/73e/9zt9TmubJeecc0ZyzjmIgAEUFRQVRVSUJCJZcs455yhJzDlrd6ttaO02a3fLc+daBf2e9457HWOOtWvXrsLatWv/5jPXXHPSedLGvn2BaCPl2lVJMCd13lEYjabsbagjRV5zchOaMrehngDMKrjVpgTzdeitWeEk4MLRlrMVg6X7MNGQRJ85gywTUwT1ieZ0jNQcR3fxAbQXsA5r0eQgRKCBZcVnhKPyuB/KEzxQftgDefsciTmm2OOjjdhwK3x8+wR/fP0db365gp/uTpA6/x1/cnB/AP74SBD/9DfUv/HQuyDszqAuUOwfONj/IrB/+f0BqfyrePHkGsZ6ilBfmoCmyuNoq01BS3US2mtT0UbjwVhv/KNw+j2fLy+YeoV9uX2IzuhA0dmXqLhAECeYV3Cgkzq/urS+/DPqaZuF19k8ObNWAnrbrS8c5p13vhLEv3KY9zBlfus9GqYfY+DOO4L5J8yQOr/57DOuPf2As/feYeyuAOhzd17h1p1HuHthFFf6i3ClPR33+tLxuDcJHy4W4s/bNXg5mY2HLYfwYfo0vlzMxzdS6F9uV+P3i+X4ZaYY46X7UXbIGzm7nHByhy1SIwRATyGYn4g0x7FIU0T6SsHCTRYrjMwgusEKQRvp+BN7UHYyFik7A7DN1gD7gpzpSy3Dw7N1+PpLExaelgIPckmV0w/6fgEWHpUTvwnyn6cJ5lfJrnGgLywsQJgUNl9bTjDniW3rWJGYZbyU6xLUWWa7MAGdqXKuzoXX0PErONBZGF5YhKC+9t/Q1lVDTWU+rs2fJaCz7PPFZLWpMd4Hva+fJao1EEirUF5WiDOFWTz83UJwGhxh5WCnSWHPcJuevUAwv8SBfvHSeTJWq/0sBzl7L1azfWZ2guwswXwKU1OTpNyH0D/QjYGBXr5MraO7i0DYj6aODoJSKUE9j5TsaRwjsB2KjyHVnozKqnIUl1egrKqGh9rPlNJj2i5iDVyqamlfFXKLq/kP/O3vrzHQ3Yq2pmo01ZXSZz2DysoilJKzkMLU/95NSN4bgtR9oTh5IIwDfQnqmYe3EtgjONQZ0OsrctDZVk3qvB29PeQk9PZiYHCUHg9xdd41wGA5ypV5d+8gWtq7OLBZ+JvBu713AM2d3ahqqKNjhjFCipg1TGEtTdk8dWf/oKD3OzlOJUW5yCdAn047iszUBJxOjceppDikJx0gyO9HVuoRPmeemZ6I7IwUQaidvp+K6jJU1zfyanVMkfcOjZGTMcZBzUDeO3qWr03v4C1TR9HGqtzR2D08wWu9szKxbKkbe8zmzVk1OK+NUVAxdoKSgR1B3IbPnXOVzpW5ORQ0BUCXYc1YVAwJ5gaQVtaFlLIeqXR9nvHOl7BJaUJcUhXiYooQEpLCcgK62Kq1MFVShoWKIixJoTuoyMJTTxl2GtJw1lSEkyYDugrc6Tp119Eg1a6JjRtMsZGc5SBTA/gZG9BrVaArJwczTW2YkNK31NSAo74ObDXVsdHGGlHuHojfGIQD7s7IDHRHm5kluvTM0EQwL1bRQYe5LYYtXTFh445xG0+cVNSDpYgIjNasgqucFKLM9bHLjMzKFDYEcAMZad67wZSAH2KsgqIAa3Rsc0bHDif0R3tjLH4TJo9sQ9MOLxy1VcdBZ104KAnBVUUUIQayCDeUww4zZURbKCOGlPtuU3lsN5JGmLYE2s6cEixLjXaAqvVaGDtLwjdaF8be0jD1UoCqwzpoOq2DvOkyOu8/wDpABc4RhnDaqgOzEGm47TaCabA0V656LiK8zru6jRAsN6nAzF8eVj7kPIVI8nC6MYFe3uB7mLhLE+RJsTsIEfBFYeS5jpeAHe3WwZv7jnj9LAbvX+3Ejzd9cXmCQVcXv1zRwfNL2ng8o46fr5iRKvfD4yvO+OmKFZ5dNcfLW/b48Yo9PbbHk6vWZJb48YI5Hswa4tGUKm4OyuD2kDxuDSngwYQ6Hk5q4ac5Izw6b43HBPXnN6zx5pYlfr1phte3N+D9YyP67WnAwHstTHzFoWq7DDZbhOESoYStRwxw5dYsrwbnvNkfCtZ6ZLqkvnX/ew59Ed4c4ItAZwp96bEgHG/As9//W7HrcKhLW2pCx9EIOWlR6Cg9SE7XAbSSim4vjEFbfhRacrajPXcHugoI8FnbeBOVZlLt7bmR6DwTg/b83WjPi0JfyQFMNqVhvjMb811k3TkE9UwMVR1DR8EeVKWGoTollC9xayOF3kTOQWN6KOpTglB5xAf5+11xKMQAOz3ViSe78cfn3wjib3DjXBNePr3+38D+4y0WFufNv/358b9V+lLYnY5hYfqFRaj/+ZWMXvPbs+vkbHXi/e8/4d71IQ7yJlLojRWJaKXtjvo0UuzH8Y9iHmIXzJnnjf6MqNRGHKmYRMX8O1TxMDtrrvKRK/O6q4LEtwZWLIatMWcwZ4lvtxdhflsA8x4yNlfeQzBvmvsJ1aM3MXjvA4YI6BOkyM/eJ4jf/4BRZg8+YPzBO9pHcL/6HGcvP8DkYBsuduXhTt9pUurFeDt/BndaEzFXsgsvR9Lx7Qap44f1WHhQhy9XyvD+UjlmK2JRGe+Ggj12yNlpi2yCekqEFVKjbJC80wL7Niki56A7Qd0GLl5KWGG6Aab+QTh4IBp5KXE4k7wXBQT2o5v9EGZrjInKVPzxqA4LT0rp7+STFGJz5jn4xorIvOwQwPyvy1j46zoBndkL3jJ02fJ/YvkP33GVzpLbGKBZyF1QPGaZoJwrgXtpmdqqxUIy64RWC+bUeRh+FTkFy2FgqMlBd/XiNG5eu4TLly7wrPTJyXFewa1/oAvtHaSICeKVFcUoKc1HY3M9BocmOcQnz86RAheMMzMXMH+OhdMv4erVS6TS5zjAh4Z7Ceh9HO68CcvZEVLmw/S6IXqujwN9cJAUbnc7OrvbeFMWBj4Gp3JSmmUVZcjNzyKoH8SOnSHIO5ONlLQkHDkajzxSoyUc4pXIJ5Cf4VaNzDNlaOkQJMjNTU+goaYE5cWZqC4/g7bWJg70A5G+OBTpjcPbfXAkyg/Ho4PI/JG2fyPBfROHelbCVj6XXpGXhOridFL5Fehqq0dfTztPkOshIPcPCADew9U6gb1nAG3t3Xwunc1ds3KwrIQtbzFLx7M2qUuZ5EwNLy0V6x0e5xGPto4ugnoVB3tp6RmUleShuOA0ivIzSIGnIifjOME+DaUE/bKSfJSSMZjX1NfwrHoGclYHgGWo949NEahnBep7bJqU+Tj6COpMfTOQs7GTnJKO/jF0DbKOa+RYDExg+vwVfu6yzlRB3dgVqgaOUDEgyOgT1PVsIadlCRkCuay2OYe6vMYGniAnpUw3RRWmzhnIdSEqow1hluUuS4Bnme9SqhDhS9bEsIKALrteBBbqqjwRzkZJDu7ayvA2VIe9pgIctZTgpKMMV1LrTLGHWplz8zXShzcB28tQD446erDW1IKTkTG8rCwQ4mAHb3MjeBjQ80Z62OZMyjyQvtstm3HAywPp5FzXkJNdp6GLElUtVOsYoneDPUYtnDBu7oQeQzv4C4tDa/VKWEuIwV5KElbiInCWEUX0BgOk+rpgr50JjnlsQHmYA3p3eaGHYN6/ywNDe30xfCCIYL4Z3XsCUBRogyQ3Y7hqyEJHaAUMRVfARmYdXAnu/ppiCNWVQLiOGML1JRGkLoIwHWmEaIjx837oVCQ0bIWgYSMCSy852G5VhXmQCizDlKHnRarcdjmsN8rC3E8O1kFSsN6kBi231aSsZWDsKwRDVxH47NlAABTi0NcjFa9ouhymPkIwZWF4L0nY+atASvt/099YBz03Ur6OYpA3+xe0rVbD2k8Yr27b4vU9Rzy+G4UXT+NIvR3A9IA+7k5r4+d5dfxyUQs/z6ni5VU9PL9pi2c3PQnG5vhxRgePCdqvLuvhCR3306waHo7L4xGB+9G4El6eU8Ov51XxbEYWT2eV6FhtEjZ6uHPWHPfPO+PRJWf8eM0V9y864/a8I55ct8Tja2YIi1enzywGK3Jc7ENkyESxM80QGZVRgtyi4lwOc3mCMTfaZrXbmVJfym7/T5jLWi1mvlvr/w11BVvab0uvo+Pl2DbLjqf3saHvuyxzJwd5a2Es6rOjUJNBSjorAq15O9FZEEPw3o02Anf7mV0E6N2kumO58m7N24XmrO3krMXwTmsXe/NwvicP8z35mGrLwmhdMlpJmRcd9kJdykZ05ETwQjQdOeQQ5G5HAyn9ooNuyIyxx+FNBji6hRydZ7fw9fNr3L86gjdPZ0l1vxaE0hdt4W+4v/+fc+j/cYwgBC+wv9j45S2ePryCswNV+Pn+HN69eoCBtjw0lR9HM4GdAb6lKgn/YCBnjVXK5gWW0XETEccqkNV+FbWX3/HwuiDEvjhfTtZC1kZAbyegdywlvS3B/O5XPk/ee5tgfu4J+q6/wdC9jxghmI/cZ+N7jD/8SEAnI7U+8egDJh6+x+jt39B76RecvfuGbqJz6Gk4ien2LJxrPYXpmiOYIO/rRutxfLpUSCq5llRyA/64WUGwz8d8VQxqD7miONYeZ2JskLPXBacI6mk77XAqxgEn9zhhb5g0KT1jNGTvw+4dbpC1tkbkvjjE7WNZzZtwMm4ncpPjUHL6MOJ8LXGuMQ5/Pq3At8cE9MfFWLiXh283SaU/rgHeTRDIWZj9BkH9psDoHwtPM6BzqK8UJL0xcAsL/0CKnNS4+DqIkCJn6lxEXDBvzkLy37MiMosh+iVFLya+HmGbg3Bh7ixuXL+Iq1cu8zXic3NzBPRJ3lWMhcKbm+tQWpaH8vJCUutNpEgH/lbmDOSTZ2d5SVAWbp8/L0h6Y/Xaz5+f4clwDOZsXFLrU2QzBHa2b2CQYD5ESndggADZTaq2gRyIToJaN2pqa/ia96raOlTW1CDlZBL27o9EfkEuEo7GYd+BHTiRehTpGenIzstFCo25hSXILihGWlYOL03685Nn+PDhHVoaytDeVIPeTnIaOtqRnnoCEUFuiA1zRdxWDxyK8OLG4H5sVwBOxASTct9IKp0UelI0SjOPoL48A231BWSl6O1q4aH3vr4+DvUelnTWIxg7uvp4eJsp4xYCuSADfhitpMQZQJlaZolnDOSsHOtSYRf2mJVd5WVhx1npXFL89P4sS76ppQUNTY0E7WrUN1Tz1QBtnZ1oZfBvakJDSzMa2zp4mL9vZII7CgI7y8PnXYPs787wxDgWdmeRAYFKHyOAj6O9j9R6r8A6+gWh9otXbkDN2AWaBHQ1grkKwVx5EegKujYC02ZKneCuagJJgrk0mztXYDDXh6i0OsRlCebSmrzAjKi4CiQklCEiJIuVPwgT0FdBer0wbDQI4GpKvBKcy2J43YFUuSNt22kqw01fA77GOgiyMCH1rkXHqcBTXxsu+rrwpd/YRkdH3up4b7A/ov08EWxths0O1ogL8kOkiwMOBPgi1scHcT5eOB0ejGp/LxQSzLMVVFCnb4JOQ0uMWTKgOyJTXR9ay5fBcN0aBCsrYpOqMqn1dWRr4CUvhng7Q5SGu6Nlpw/6Y/3RHemG9nAH9O/0RE+0D3r2BaJ+uzvyfC1QEGSDXQQDPfqdqa1bAc31K6EnvBJmkqthJ7sWTgrM1sBFaS0c5VbCl2Dupy4AempRPJ/jNvWSgZ6rJDQshUiZr4dVqDJM/WQI3iLQIhVuF6oBK9ZOdKMydN3IWYhSg6b9SmjYk5J3XQ9NhzXQthWDhY8UtGzXIjiKztlmXVjYSsLSRRKSqv8XL+2qbScGfWdxMmFoWQtB234V3j31wa/3HPDo1nZcuboPt+4cxMxUEC6NGuIBAfvJOU08OquEZ3MqeHHREM8umZEKNyPYkwqfVCaTw4+zGgR9Tfx8TotUPSn38zp4MaOEF7MKBHQ5PJkjlX/RniDujdsXAnB9PgSX5jbh3HQYzk3R43POmBqm732LFDkjEjDzpf93mCQ5KbRNn9HZQ1CM5zwJCDlS0woEcAZzORoF2wRmUt4M2izDXZ4gzWDOjbbl2Dw6AV/e1oAreWZKDoIwvDyZkoMJVByM4EnOWUM2C7HvQu3pCFScikDhiVDkH/VHWVIwqfQotOXuJItCFyn3npJ96C07iN7ygzw030Hqvat4LwE9Bec6MzHVfAqz7dmYaDpF+07yojOFB11QkxzEl7kxoDNryQhHeaIPMnZb48RWU5zYZoa+mlR8/vgcn94/w7mRIjy8NUVK/TcechfAWpD8tgT1PwnU/wnyv2H+/wI8P/brW7x7/TOunevDncv9+PT2J1yd70VrbQra61LRWpNMQGdry1kW+/lPPLxecf4dkqonsSelCrWTjwneDOQfCeSfuLVeJ5ATzDtvfllcW/5JkPTG58pZ0ttn9BPQG+afoPf6rxhmICdwjxHUx+8JwN3WSzCavc3BPsmM4D5Fan38zis0jQ7jQHIUQjdbIzrKC0cJtoWkwobJE3k4kINfZ/Px7UEzvtyoxYuz2bhQuw+NSUEojfdF0X53ZO/zRCL9eI/v9kbqHhck7TZCOu1P3WuNg7skUZ3nh+aSE/DeEga7sG2wcLHHRk8nxGzyxZGYSNTmHMe9s6TGXzSRNWLhYSEWbmbh27UsUukE89ekLL/MCcLsf1zFwtervIc7b/9XdIYXg1m9WPGNZ7qLM4CvhqjEer4teLyWrz1n2+wYdiyDOXMAWDLdsh/otXSDCQr2xeRoP65dOodLF9nc9hyvr87ahLJGJJ1dbairLUd5RR4Pf/f29mCCoDM+zo6Z4jBnUJ+emcO5+Qu8xOvly5d5NjsD+Nj4IFfoDORLCn2aTBCG7+PP8y5ubK17TyeaW+pI7XbzzmX1Ta0Eqk40ktqta+1AdmE+TqYn0znIQ0bmSRyK34PEpATEHzmA5NTjiD98EAmJR5CSforGJAJ8Fhpau/l5u3XjKob7ezBETkNzQw3CQ0NgoKWBILcN2BPqxKF+cJsnhzpT60d3+nOopx0IR37KPpRmJ6Ig4zBOJ+6l7SR0tFTyrPc+No9O0GUlalmWviD8PkxqeIJAOs7D3KziWltPP+/CtpRwtlSlbQnorJIbAzqzpY5ng5OCY3mSHan6jv5BwbpwFiIfGOJNXVgmfTt/735BJvvACJ+/F6wjn/p7LrxrUADq3uEJXt+9hayxswe1dF7beofQ0j2MJpYVT9uvXv+Gt+/ew84rHCqGAmWuZkjqnIxBXImgrshgrmMNFYK7oqYl5NRMeMhdStmIr0WXkGfNWTQgLqcBCRrFpNR4QRkREXmsXyeNVSuE+Ry69DphWBI0nQjSLtpqcNVV5yB30lWDtZoCB7unsR4CLEzhqqcJRwI/S5bzNtKFl5kxYjdtxN5NwTi0eROO79iGnAN7kRYVgSNhG7HdzRG7vd1xiEB/wN8Xh3y9kRG2CdVRW5CupYV0RUXUkkJvNzDHkJkt2o0tYL9mJQxWrMCGtasQpiiDwxb62KgkDW8FUYSqy2CLhhRiDBSRbK+HXG9zpDpqI9lWCxmuxkh1N8U+Cw3E26gj2c0Qqf62sFGRgbbYemgIrYHq2pVQXfMDtAnqxuIrYEKK3VScAC+ximwl7OWFYKcoxK/X4vrT0LIThaGzBIw8JaFisxbapLq17YRgtVmdFLUETAMUoekoCEHrk2rXdRWsG1c0/TcsNsrB2FMCGnaroEkKXMdJGKbe0rBxl4WnvxoM7CRo/xro2K6BubsS1DeIQcFkJZTNV0BW/3uomX+H67O2eP/EC88ex6G7aw+GhqIwOrYdXS3GuDCgip8I1HdHZfF4Qg23B+VxZ0QFj2b18fCcMX46b4xH503w6CKp68su+OmaP36+6kxqXRv3hxVxu1sK90aV8dNFGzy6HoIHt/YROHbi/Mx2nJvdi9mZaJyfDsKPN9yxM14DFr6KMHIXg5bTWpiHENCD6bNZLcflazN0rb6DpZ8TFCy0Icsa3rCRmSWpc0t9gRJnyW9WbE59UY0vJcURyNn8uUDF6/EQvZyNLilz3b+fU3I0RsgWJzSQiu4s2IOWvN0oTQ5Deqw7jkba4miENVKj7VCcGIgGgn07U+cl+9FXcQj9lYdoPMhhzqyzeB8p8iT0lR7GQFUiwX4/wX8/qpODcSbOGTUpQXyZW/PpLWg+tRlVJwKQH+eK49tMcTjUCPtCjHH9whC+fnqNl4+n8fz+BP789AJ/fv4dfxDUP314TfegZjx8cPN/zJv//0H9b5Dz55n9LnAOPr/BW1Lot853482Tq3j59Aa6G7N56P0ff8Ocd0j7iGoWZp97jmM5TTiR24Km+Rdouf6B7BO3VlYk5sZXdNz8+nfFt947n3mInSW9Ddxn4ydUT93HyL13GH3wGWNkk7R/4sEHDM7dQWXOUZQVZ6Pr3DVS5K8xfvc3jN//HXWkXny2WsAjWBeaRjJQ0RSB0wZdhPs44PTBCIzUnMTdsWI8n63A5cYkjJfFo+HUTpSd2IaiY5HIPRyO/Xs2QcWKVImFBbZFBSEhxhz7omS4x5ad6ILjh9RQWxQJzx2REHULhIihMRw3mCPQ3Q5bAzxwebIMC687gSfV+HYnH39dYhXh8kiZ12HhFwLQ62EsvJ3At1/H8e3lGD7f78OPE2WCGu779/AQOkto+8/Kb0Iia/+eH2f7l9acLwGebTPIsxA9Lyyz8nuu5P0CPFFZWoCzY32k1CdxcX6KvPBRjI/2Yai/HR1t9airr0RtXRlXhcPDg6TeJwjqE7xhC+8LPjWDuflzpM7nceHCBV7a9eLFcxzgI+QssE5qLDFudm6SZ7zzkDv9DZb1LoD5IPr7e8l5IJXZVM17hbOqdM08VN3D54Mb27pRWdeA4rJiFBQXkXNRjKTkoziVmYqEY3Gk3k/gSNJRHD5+GMdTU5GcnoGTWblIzynGk6fP8ccfXwnoXejpaEHRmSzY2RKMVFRgb26E6I0O2M+U+haC+lam0v2QsMMXiXuCkXpwCxL3bkawmxUCHDcgepMXCk6fQAudk/6+nsWwezc6Ozt48xqm0PsJskOLyWWDi33FWcid9RZn8+u8Pel/tDFdapay1P2M2dJyMq7cp+YwvFiKdZT2sceCfuXjfI6cAZ1nspMz0bWYzd5NipzNhS9FBPrpum/vHebHtNH/sYHOaUNHD4F9CFVNbRz2da1duHbrNr/OjiVnQ9PEBapGzlAmqLP5cxUDe9ompW7kwKEur2XF59KVdQjyBHVFDUsOd1YCVoKH29UhIqMGyUWgi4grQVRM6W+gr1i+CnIiYrBUU4aDGqvXrgo3XQ0OcWeCNhs9jHTgrq8DTwM9uGqpwdtAh6t01oFts7srdgUG4kjkFuTsj6XfZzxyD8YiJzYasQHe5ASYYLeXO4d5fKA/DvqR0tkWjsqY7SgN9MQROVmUaeqizcgcnWRxslKwX7UMLkKr4SW6GtuUJZBMCvukvSGOmGtir4EydusqYIuKODaTeUqvhKvUDwhWE0WAqigCNcWxRV8e8U66OOZD9xhyOtSlpKEsKgo1UREoCa2FPDkM6uRgG5FqN6Dfqc76H2BAf8tYUgi69DvVlxUozrGpNtgFKsAiQAGaBHZdO0mI6/ybZ72r2K6GzWZtGPvKkAJfBVnD76DluB7WBOzdO0yQFueC7BgHtKcH43S8PfStCdzkCNj6qkBF/98wIqVu4yoFM3qNkdUaaJmuhZYeOTKWQvT9LoeJixzUjFYhdIsE7p6zwE8/nsD8pTMoKoxE9mlflJQ6oqlWF3OD5rjQr0NKUxlXetUJ7tq4MqCC6xOGuDVji8tjdrg374I7cza4P2OOO+OauNariKl6aTSmLUdXgTAm2rVwtscUc8OuuHA2BOcmQ0mZb8LkRATuXt2I+9e94bxVCbYblaBvKwwzPzEY+62DQ4AkKpsES9TiUo9CzkwD8vQdKZBKl9sgqOwmZ0FgttDjUF+COQ+9s7lzHoI3FCxpW1TmHOg8kU4H0tZa5ATocLDLWGrDPsAS1dlMaROUi6JRc2obMg944fh2WxzebIEjWy2RutsOuYe80JSzHR1FewjqcaTQCeoE9r6yOAJ3LLqKYtGaH4OGrJ1oZHZ6B+rSN6PiiDfO7HdGZVIAz5RvydyG2tRNKDjojvRdtuSgGuJAkD5aShN5iddPvz/B1bPVePZoDn9+fE37fuNAf/jgOm7dvojLFycEofavAiXOgP3/BXW2zO3PL+/+fp6p/D8I5mx+/sO7V3j321M8f3QBLx7O4uPvjzE/04N/8OS3i585yGsI6LVXPqDpynvUTDzC3uRynKoZR+uVt2i78QntNz+g/dYHHmbvZoVibgtqs/fd+YSBRZizxLchUuR10/fRd+0FqfAPBHICOsF85NpTlJIC27bdA8H+1og5GoWcmkJkVJxB3QApmPkb8NsaiA3OKlDVl4SLrwls7UmFqGrDykwf2cf2IT8xBn3lmeiqzEVd/kmUZpxAfmo8Mo7GIvXATiTu34nAiC0QcnDDaltnGPj7IGiHLmKiden1gcg55ot9OzUQfHA7Vvpvw/INdlDT0YM5OQBpR7byJWgLv9Tj2w1S5RdPkDpnYXa29rwT3x4T6H/qwcLTIby/3YofJ0swXHIIk02F/OJ193Th0GbqemnJGgufr1glaIm6TugHSEgIkuHYcWvoGKbcl9afs2OWr/gX7RfMsdvaWyDxyEFMjgzg8vwM2TTmCLjjIz0YG2hHb1cTGhur0UpgZw1aWK/yJaBzm5zkpVtn52Zx7tw5nr1+8dIcNzZ/zoDOwuqsLers3FmeGMeAzsLtbCkba53KphE6O9vJaShFZVUJgb0HTc2NaG5t553dmJJkS+QaWrpQUSPIai+rrsOJpOM4lXOalHgKkk+l0nYuss4UISn9NE7nFyAzvxh5JTWkXAUNbR4/vI/GmlIkHIyBhbk5tLT1YKxviE3ulogNc8H+cDcyDw70o7sCsDPEBTaGmtBTkYWNiR58XR1wNG4XcjNT0NFajwECObPeni5eCpYp9b6BfvQPLbaZJWMFZlo7u/g2q7jG6rxPkSJnqpwBndkS0Jf2sfrvLPTOQMzLsc4IlDuDOmttOjgxzVU4A3onh/coBzXLaGdKnan0rsExDu6lrHYWhmfHNDHniM5nPTlLLd0CZc7AzgDP6rWzfwOk4nVMXaFj5gZ1grqaGYHdzAkqxo5QNBCE3BncFQnkyjSq6LHlazbQIvhrGDhCQYNVkTPh8+kScqwRiwDoYmz+XExRAPTVwvhh+WpICYnAgtS5vboi3AnibgRtO9q2IXVur6kML1Lnfsb6PCHORVOVw9zXzBCBdtYIdXFBmLsLsg7sQQ6BPCuWzUPGoezYYZyO2YntHi6IcHbCbg9SUiFBSAoLQcHu7SiP3or6XaEocrdHrro6GoxMUGqgjRglMWyVW48IeWFsUxBGhKIwdhOkU601kGiuihgtScTqyOOQsQp26ckiUlcCB21UccxFD4nuJjhgp4PMUHrPrW5w1laBppwiVGXloUqjloISVCSlyYERhhKZtqQE1MRFCfKknmVkoK+kDF11TehoC3p3D5/tgZ69OAzcCdrO66FsvRrqNiLQc2DhcwXoOIrAzFsOlk4iSDtgh66crbhWGY+3Xafxoe00PtWl4lNlIt6X7kdFhCWi7MRx1EwUhXpC6DGWwLSxFK4aSOCBvhSekrC5by6LMVMpDNrJoy5IBWmhynAkZ6GlQh/nZ0MxMZWCmoZ4xMQ4wdVJEcePqKChxgpdHd4Y6PLCeI8t5gdNcXliA67P2OPORR/cmvfDhVEP3DnngitDurjQrUb3MQX0l4qjPvX/oD17JVqy16EhYx3ackUx3KyNvhYb5J62RXvbRty76o/TWYbQ9VwFcxZid18Pm+B1cN6hiK373fh56hrq42vEGcwZ1OXM1KFAQJcjoMvQKLNBWxB2Z0C31OFz7Ep2gjC73CLMBSDXX5x/F4TsGcRlyDmQofeU3aADM2cjFKVFojl7Ow+v12VtR8HxEGTG+SBltyuZC5J3OSJ9jwtKj4eiPisKLfnRaC/cQw7AXrSd2YXmXHptbhSq07egIiUc5UmhqEndjMrjgSg66IrcPbYoPOROKn8LX7JWesSHz5sfCzcmB1WHrmcN3Lgwgi8fX+HN00u4Nl2F968fklp/Q/YrB/Fneu7+vYt4+fIRZubYsW8Wk+d+/zssLwD30vbvi0AXQJ0fy4H+GpeuTOHyhSnuKHx5/wzvnl3Ex1c38I/qS58FIL/8HnWXP6CRrOXKR7TRmN99GbuOFqGk9wopclaH/QM6CeoM5N13mDGYf8Tg3U8YJFU+xOfJP2H0/kf0Xv0FlQOkaG6/xgyp7+GL99ExOoeEjIPw32QJK0t1OHvpwilAC84BxohOPIyyzm44BdnD2FqdgK4Nx+BIKFoGQtsxCIFRe2Dp4ANfUtU7QgIQtjEQ5QV5KM3LxhlSgjnJCTh1bD/S4qPJ9mL3/l2w3BgMYXtXrLK2xlq6qNSspOHrpYGE3fbYtc8B2juiscZnM743JkVvZEYquJGUN4H7VgFvuLJw7TQWHlQDj9qJOF34cq8Fn2+14lp7CtozolCWGImKkwdwdW6MX8AqdKNj68pZ0tvfCXEM5OvYcjVS7cLLICm9jrYFFeEY+EVJDbDjmAMgAPp3PHmOZcnLykviEN0M87NPob2pFhcJuudnxjHDlPRwL3q6W9Ha2oCurjaMjbEKctMEcVbjfZLDfJJgPjMzw2HOmq3Mk1K/eGmWl3ZltdsZtBnUGdwFCn1EULSG9rPMd6bQWUIc62jGKtE1NBKAu3sIgh1oIqC3sO5u3X087N7U1ofaRoJ6bSPKyLJJpWfk5yGzoAC5JaXILSxDXlEZLy7Dlq7ll1aiqLIBJVWtuHD1Fi8201xdjKOH9sDdyRnaBHRpSSkYaSkhgpw/ptIPbPPG9hAnmBuqQ5kUnKqCHIx0NRHg6Yy0o/tRlJeGwrwMXt+9v7uLgN6DAYJ5f3+PYDlbD7NuXiqXZcC30/XWyVqYjrHuZTOkvGY5OIdY2J31GT8naF06OX+Bq3EOddpm9dOXwvNLip49v1SHnSlvBnI+Pz5EQF8scNPQyqYouvj8fUcfa3U7zOfNWUlaNm/e1NVLUBeE2pu7BECvb+tFXVsnnr98hRevfoWVcxC0CeRaxs485K5MipyZmpEj1EycyNh+B76Ejc2taxo5cZjrMvAzBU+QV6fj1Q3tIa9mzruvsYYtEjIEd0kVuiZlsGatCH5Ytgria4VgpKgAW3UFuDBlzubNNZQ4zF31NeFNjhSDuZu2GoI3GGO3pyu2uNgh3N0J/rZWCHV2RNbeaJQcjUd5YgKHeeaeXUiN2oY9fp7YZGODrU4OiPF0QwL9nlPCgnAmciMKw7xQt9Uf+TYmyNZVQb6FNjIt1XDaShWnaTxlrYkjJgqIM5JGgrE04vQkcVBXGod15XDEQA6pVso4462PsjBLlG9xRH20D5r2B6H1SDhiPa2gLi0LFSkFqMgrQlleCWpKatBU1YSmGkFbTRvaBG9tdQ2oqapDT9cA+oam0NY1JqVM94iLl3H55jzMApSxIVAJGg4EcncWfpeBhpUI7BzFsHezIeZKo/Brdyre9+bgY3ce3tVn4F1FKt4UHsfrzDi8SQjH8yBrPCWH5LmePN5qyuGDpiw+acnis5YcvtD4B43M/tQW2B/68vjTTAFfHZXwcaM67h81wGyJDfraN9HvcyeOEGSC/HUQ5CuLylxZNNcao63FC+0dm+l634qpsWCcHQ3EcI8ruupsUZ2rh8YiIxJG6ugqU8NgrQoGq6QwXrUeY5XC6M5fi/bcdcg9IY7kI9LYH6uHykovTJ8NxNCIB4y8hAnoK2Dgt5zU+XoYewvB2GM1Lt2coev1BXSdzCBtrAoZE1UOcwZ3ZjJmtI8eS5lqQNxYHdJMsRPQ5VkYnr5rpr6ZsYYt8ha0n6Ata64FaQK4NL1Gil4jaagKKX0ViOupQp32ZRwNRRVT02lhKEsNQ1a8Dw+7p+/1RE58IMHdF2nRzjgd64Gy42GoPRVJSjwSjdkseW4rtxqCeVVaOCoJ5EWJIQT/jXTt+uLMASfk7LFBSbwbGuj9K08EojDeA6d2WuHQRj3s9tbCib0BHOafPzB1XopPb24TyF/Rvtf4yuwT2WcGd4Faf/3bz3xOfGyiD8+f3lsEtQDwbGRQXxoF2wLof3r/EnfvXoFvxEZcv3uJ3v9XfGXPf3mNP94/wj/qCOYNiyBvJJA3kjpvuUpAv/qJlPnvSKkYwN4TxWiY/hFdBPRush5mBPHeux8wQDZ09zOG7zKwv+WZ68O3f8fgjVdoGLyAvvHzfF434+QpbAsLRmCgKewsFaErLwIDdUnomkhCw0wGQVGBcNloDX0CvWfARlh57aAv2wurVa2wXt0R5t574bHxELw9/BHgbIPslKO4Mj2I4e42VBbmozgrAwXpSchJoZvGiYPIOn4IqQmx2LVnMxwCfKDoaAdJC1NIGMrD2EIZURE22LzLB5q+vhBx8IaatSVePOoCntVj4U4ecIOU+W1S3o+b8Oeterw/X4mfBrLRlRKG4/6G2GariRDyHMPdLNBOAHnz5o2gSIz4aqxdv5yU+b94S9RVa76HECv/uv6fBPrvISK6kmexs7lytrxNUCFujSADnhQ9y45n69CX5uKNTfSxOTwYwwOd9IMcwqVz0zg3PYqJkV4MkboeGuzD+PgEpqZmMD09y0Ps4xNnebid1WFn9dhnZ2c50Fm4/cJFBvRZXvKVAZvZfwKdzZszyDOgC7Lcu0iVt6K9vYU3PGnv7UMnGQu586VeDOgdvahv6UFdUxcq61tQUlOPoqo6XkhmyQor6pFTVImC8jqcPlOMM2UVKK5pQFl9J0oaOgVrqh/cJQWQAm9HS7rhikBKVAjCa1bDzkwHm/3tYGmgDnVlebrRqkJbg9S5lgb0tdXhQRBJSdiPM1lpOJ1yDKVFOejpbMMwwXyEzg/rxtbT2YxuckxYtKG7R5Aw10XOyRALvbO8g+lzpLDnuGpnc+ysXzqDPLORswLIC8DO1oVPYYx1PluyxWpuDPKsvSmbV28lNc6U+lKYnSnw9p4BVDc0o4lUeGNHH1oJ6O30XHvvECnzXq7MGcwZwBvonLb0EtDpuJt37vPzE7X3KLTMmDp3hRZBXZ3grWHuykd1YwK3qTMHuwZts8eqBG5dc3fobXAnsDsSyAWmZerCnQIGexaSZ8vaJNh6dEk1rF8vi7VrxbFixRqIrVkHA0V52BLEHQjitqTOGdC9zQzgQ+ZtIlDnPoa6OBoeguQdWxEd5A0/KxO403ORbm44viUMeftiUH8yGY3pqaRy9iN//16c2LaZnndGuKMDQui3t9PNCXHerkgOcOc114tD3VEb7o5CUtdnSGVnO2jgjKsOcp21eZGYeHNlHN6gTIpcDsdM5XDSXAGnzBVR4KyFUj9D9B/ww2BiGHqPbUV/0g6MZsai/EAYrDU1oCgpCwUZeSgpKENVhZxDArqKigbUCeZ6eiakxPWhqaELHV1DMiPo0j5tXTMYmtiiqKQSD3+8CwMnceg4CUFG93tIay3DpiBNVCb64Wr5HvzclIgXbWl41XASL0qT8DT3KB6f2IOHMWF4ssUbLx2N8UpHHr8RwD/oK+GrkRq+6CvjKz3+kwD+l46CwLTl8Y2OW9BVxDc6boFA9s1YDX8RIBestQEfY/wRZIafI43Rc8oJ6ane2Enbnm4KOLxzLca6CPjjXuSgb0N7iz/ysqxQWkzn9owT8jOtkJ1mgMxEZRSnSaMpXxr1+VJor1BAVYYQCk6sRlayDLaErMK2LbLYv0cHxcUuGCWHoK3dCn4xarztq4k/medK6HqvhGWAGAoqUwVL+6LCIW2oAikjFYK6Coc625ahbWnaFjdUgriBMiQI+FL0mWRMNXgonhmrzS65gYDPAE7PSbH3MVCBKJ0TIU0ZiGlIYb2SJNbKi2G9ihxUdGWRcsAHlSfDUXwiGAXH/JEc7YTUGHec3OOFM4mhyD0cjMz9fsgisBcdC0FZMoGb4F3DysCmh/LkOTbPXkLKviwpHKUnwlFwJJjgT+93yI2g7oAKcphq2XGHvZC91wGpERtwgNT5buLBT3dm8PnTS/zyiO6vo2X4+eElfP1AsP34El8I7Bzon1j4/TWH9leyX1/+yGuJzEwNorG+BG9e/UTPE/Q//7oI9/+011yxP3x4DVWtdXAODcB1ciw50D/9uji+wj8aL31A8+WP3FqufOC9y1tufOIhdtZUpfn8LziUXoWjOY3ouPIGvTzM/gH9BPCBO+/RduEJeq89x8jtt+i/9gtG7/yG7rnbaB27gJ7RWdRVFiEqJAjOporQVxSGvhxdAEoi0JQQgoaEGBSlhOimowAtC1mY2GvCwS8ANn67IKrvBCUrT/ryHGHiHAUL5wiEBG5GeGAAdOlLLM1Mwqv7FzA/2oUmAmp5cSGKSa0XklrPSz+OnNQjyCDFnhofhWOxodi7ldRDoB3cnc3oR6oIKUkhaCkJQ0NNGjIqshAXFsZPl9mac1LpD/Lx7V4JD7V/e9SC32dL0Jm0GUn0xSUHmyEh0AIxHubY7GgGXytD3L52BXNzsxDisF5OUP4OP6z8J6/2tm79Mt5Zbc3qf/Mla2vXreRNWYSEV3GFzmztekFPdLbcbQ1bv86K0axgrVUFPdH37dvNK6bNTQ3j8vwkzk8RhMf7cHZiCGfPEoxJTU5PTy+G3M8SyFkfcwZ0UuhzApiz+XMWcmfr2Fl4nSl0llw3Nj7M58uXSsAyoLMQ/MjoAF+y1s2WgA308hrpbR2taOvqRFtnF4cTq2zGgN7Q3o/GVhpbelFDirKqsROldaxSXBsp8AYUk5XWtNDYxIFeWFGDIrLCmmYU1rWjtLEXl27c4zeCspMJ2GavCxddGciT4/PDclYudzWkxURhrKNNilwHasrKcDTUgTNbGmVrjZAAL+yKDMWRfdHISjuOgpx0dHewtqod6CWQ93Y0oa+7FT3d7TxxkK1R7yYFz5a0DU6wrPY5QSidNUlhZWFJVbNxmFVrI6D38bXikxibmVtMhpsSzLHTeZ9gYfZxgVpnSp9VpmNz5610fnhIfTHkzs9X7yCqG1sI6i10znoEQO8ZoXM6TOdxgLe/rWsRAL2urQvNBPTJc4IiPDXkLBlae8PQyhva5m7kBLtwYLOwO1fe+nZQJ1NjI6lvBnldSw/oE8wNLL1IobvxML0mKXsGcgZ0NT17XnxGhql0eUOIS6hBWEiOrlVxuu7WQ2jVapgqK8FRW9BhzUJVHlYEdFtNJbgbasPP3AhhNhbY5+eFwoP7kBO3F4k7t2KToxU22Vlhi70NDvh6IWnzJmRG70TDyRR05mahPvUETkZFYIuDPULt7Qno1ohwtMUeNwfstrfAAWdzgrot8gKsUb/FGaUBZsgmmGe6siQ3NYK5IuItVZFASj3WSAnJ1moo9tRHla8ROrY7YDQhGLNZMbhckYy5wkTMlaVgvCgJMT5uvDSsopQc5KTlIM9a3CqRk8jK0mrpQVtTn2BuwE1TUxcamroc6DoEc00dM+gZWqKkrArvPvwOt22G8PBTQnykCc4XbMePTQl40pqEJ82peFhxDA+KE3HnZByuxu/AuchA3AhwxjNHU/xCkH6ro4T3Wop4ry6Lj5rypLyV8Rc5rX+SfTPRwl+GGvhLXw1/6tJ+sgVzgreXPbAlANgRgm/7tmLh2G58S44BknfjL29z/Oahhfk9RkjYbwEfDxW42a3ESKMiZgeMSVHvQl3VVpyIN8aZHAvkZZvSccpIPiyD00nyOHVcFkmHxXHskARSjyvi8AF5eAaJQc1kLTZYr0bCIV3UV7qRcxyAa5c3ws5HGGpOy6DjKAVDT2GY+EhB02kNotN8BUmDtRUEc1LhRqoc6pKGymQqAjNQ4o8lGMzpsbi+It/PIC9FcGcjBz49L0b3aVFyaEQ05QjgElijKA4hBREIKwhDz1gW/t7G8PMwRJiPEbIT/FCaHIz8BG9kx7nixA5bzUSuvAAAgABJREFUJG53xIndHkiP88fpQ4EoIGVecWoHqjN2oiwtAqVpW1CSFELg9kP2QTfkxXvxkHx58haUndiM4mOhqE2PoNEXBQddUH7EG0UE9+xYR6TtsEJiuCn2+htgX7gd3v76EJ8+vMDd801494KUM8H96weC+cfn+PzxBQfuH/8D6gL1zR6z5ixNLeUoLc3E61c/cngLlLrgeQ70LwR6sjOVBdB2dcDG6AhcPD+Kd6T0WVifvT+zf7Rcfo9WgnkrwZxZ27WP6LjxEe1kHQTurpvvUTV2E1HxWciqHUHfzbfouvwcPVd+IWX+FkWt/ThZVIaW0XmU0g29ffIysssLUViSj9RjMXQNboCNvgL8nFXg6UA3BPJANSREIb1uDeTWr4Ws6DpISa2FpIIYzJy8YOARCQkzT4ibuEPJxB8WrrvgE7IT5uaWsDIndW+sTyCWhb6qAlrJWTg/0oXuplpUlVegorQElUWs7eZplOSmoygzGYWp8Th5ZDeO7g3GvghPbPW0gZW2EnSUpKGpKgcj2laQk4HkmlWY7T2NhV+asfCElXhtIuvEX/dbcKn+KDZvkEO4iTxiXI2w18sCkQ4m8LfQhx0pFF5+s7oKwnz9uCApjofNCeLr1jOl/l80ruDAZgVmVjOgC638G+h8zp2ALuiNvoxDnQP9B4EToGeoidOnTmB8uB3npwcwP9aL8xP9mGVLzGYmMcvbnArmzdmc+fjkJA+9s+z2+fMXONBZ2J0teZs/P0M2LSj7Osnarw4tVoob41BniXETE2M8GY4tVevp7eKNTppbmtDa1kIXXiMampr4fDCbF2YJX/UtXWho7UJ9WzdXlPUE+IrGDlTXd6Cytg0V9e0oZ3CvbiaoN6KosokA34ryxi4Uk0LPr25FQU2HQKXfuoowM1KEKuugI0FOz6ofCDJCkKPvSE5Wms7VOkhLSiDEzBChBA0DPW1S7UrwcHXGodidiNu9FYUE9Ob6SnS21qO9uZY3f+nv7+ZJckyZs3az/QRelig3zkLps+e5Qu/sGeDlbVnJWKbSGbiHSan38gpzY7zd6lLZVQHQz2N4cobXyu8ZFmTNLxWG6eDFbIYFHd54AZkJHlZnxlYFsOkKttqjtWeIziErYDNAql2wYqCSQb+5jUxwTh7/9ATGdn7QsfCEPpkuQZpVh9Mh9a1j5g4NprYNSZkbMKDbEtytBSre3Bk6G1wI7KTSCe5a9DptCy9S96687ruKri2v+S7HMuBldSC8OIe+eqUoXX9rsX7lKlhqqMFJVwN2BHULVWVyxuVgTg61jYYyvE31EGJpiISNPqRYdqAy5SjdUA/gVOwuZJFzdTgkkM+PnwgLQfqO7ag6fgwj5cWkZI/gWGgw9nh54nBoGMLsHeBjZIBwKwtssTJDhLURQd0Mx91McMrLBNmeJsj3NUeevzlyfU1x3E4DKc56SLDVxi49eRwwUUKhjwnKg03RtMMBI3QzvlyRhJtNeZivycJsbS7aTh9DpLsT9BQJ6NIyUJRVoN+9Cge6pjo5iaoM6gbQ1TGEtpY+9PWMoafPOugZQFvbFFoM6EbWBPRqXkAq77AL5ksi8bQ1Aa97M/CiM51uGal4VJGIaxmx6I30QbO/I9oczHDLyRTPCFa/EqAYzN9pyBPM5fBBSwFfrQ2xkHMAC/1ngLo0LCQSoKPDgRBvfLPfgAUXG2BzEBYiNgHbQoDITVjYHgZEbwHitmOBlP/CgS346mmK984auL3HGHGRetBUWYaWXHHMdihiesAWI0M7UF/hippSGxyJ16bPsgKOzkKwJxBbOqyBicNauh6+h6T6d1gr80+slf6/Iae3GkFhSqitdMXkSDju3NpJv5tQyOkvg4Llcl7mVs9DFGpWa2DoLUgYfPD4IZTMtCFjoApJclSkFyHOwCyqq0AAV4KEnhLBWgFipLjF6ZwwY4/F9WhbTwGi2nIQ0ZCFkJoM1hDIV8iKkBoXx2rZ9ZBWlURYmAuKT23jFeDKj/ui+JA7KesAlCSHIDfBiwP9VDTBPNIOB8IssSvIHAlRLsgnoNdkR6M+NxbV2ayYWCRyjgRxNX8yxoGA7kMqPQQVBPTKlAhUpbGQ/B5Up4WhIMEDufuckLXHHqk7LHFsixkObjLCTh9dXJ3r5ir8xaN5XJssx8ufr+HzBwbxl/j0/he8evGAq+c/FmH+N6QXlTcbf//tGbo763D0aCxmpwcFoXkeohccz0Lyz5/dw+27VxCfnID27gbcvDaLX5/f+zu0z4HecfUd2q4SyFmYnWDefu09Af0D713effsjV+Pdt94iv20aO+JOo7r/EhpGrqKu/xyGbzzHmYoixEYHISn5MOIPbkd2bipOZyXTdji2BVvD3VIDlvpysDKVgYWxFNSkRCFK8BReuQIyIushQVAXE1oLUUlZaDuEQtzID+s1SXlYhsBj0wHsjzsOfX0j6Onqw9xIF4aq9IMUF4IS3dwVpKVQd+Y0uuqrkXA0DcVF5agqK0E1ORMV+VkozkxBEaujfXQvkvZvJU/KA0H25jBRU4SZnhocrIzgYmcOCZ4Mswq//TKChXf9+PZbF/B7DxZe9OLrnTZMVRzETld97HC1wA660ez0sMJmFysEO1rCzXIDv5ATEg5BVGwNb7qymjVgWf0dREWXkxIndb7uOw50Bvk1BGymwHk1OdpmMF/qfc7G1bwX+jIsX/4vLFv2b3IC/sWryYWFk4eZl4zWmjO4PEmKdqIPl+bGSJ0LeplPnh3jQGdr1JdsampKAPH5cxzo587N8nKvDOoM6AIlzpamjZDCn1xMiBvhQGfJcP08mYzUeU83Glvq0NzaiLqGatTU1aCyupK3Aa1raUN9azufH65nSV18HngAlQ0dqCBoVxHUqxtZKJ6gTnBnSr20po2ep31NPSit70IRPc6taMPsxev8XB6PIhWguAomMqsgJ7QCwgTx9WQyUpLQUFODlqY6VBXkSWHJQkVFGRZmprC3tkSQjwdOJR5EZUkuqkrz+dr2HlLqI8Msm78fA0MDNI7QOMrn0JkiZzCfJJU9QEBmy/Hau/u4QmdhdkH99Gm+xI13PDsr6Ia2tC6djUyds3XtXYMjHOSCYjAjfF/34tg7OoW+0Rm+rnxpioKpc7aunK0xb2UKnTlGpNBrWtpR0dCM8vomPH9JXv0ffyJo614eNtfb4AY9ArkuC7sTxPXNPWBIgNYjsGuTImeqm4XbNUi5axg7QsfSlUDuCn1rN67S9ay8yCnwgqapK9RJpauwZW7a1pAloLM5dFFxRbpeZbBqpQhdeyshvnY9rLUJ5rrqsFRXgoG8NIwUpWHBEuO0leGqp4oYd1vkxmxFFlk13QP66Lc3WluOQQI3U+ONaakoTTiMqqQTyN2/D9152cjduxsJIcHIiY1FZsw+7PH1wUYrS3gZ6SOAHLVwS1NyoPWxdYMOthkr46CtDk6QI33CRQ8ZnsZIdTVAirsh9pgpYreRPKINpJHuoo3CIFNURThgKDUSV2pO4XpbMebq8jBSlkV//xBiQ/yhISMDGVEJyMnIQYaF3RXVuKmqaJJS16FrS4+bvr4pdAnqGhqGtG0JAyMbaOqao7Sill+jz3rS8bIzDb/2ZOJNXx5+rj+JO3mHcP5wBAYi/VBCEC/SUcQta308I2C9Iji9IZC/NVLDe4LdBy0lfGGKfFcw0JCOhYoUkIwESAQxUCMyFAsb/bAQ6IOFAB8gwPdvWwj2B0IDSbET4HdvwUJcJBbCXPHFXge/2ShhLkIVmwNkUZaphgsd8rjYr4lzo/4Y6tmIlipXJCVugJA03ZPE/w9EFUk4iP8vCKv8F9bI0mOl5Vgl9l8Qkv8XpLV/wLYoXbS3byLIbMXPT3Nx6WYGAf17SOj/C2Ja30PLUQLqdlK4cI1Vg/sKe383SOkqQYocF2kyCToHotoEcy1S2iTmRDRlueIWo30CaEtDWJ2MtpmtI2CvU5HEWgL5KllRrJQRwUp5MayQE8IqGSFo6NHnOr0Lg5X70UhAL2aKeY8dCg77oDwtHMXHSaUf9iKH0gkpUdaIDTah+7Q6dgaaIy0ugAReBGoJ6HW5e1GSHomM+AAk7nJGwnZS9DvskBHrydV5Q+Zu1JyKIqDHoOokXd9x7kiPsePveXSzGRLI2DK1jEPBeP/bj/j67inuXWjGgysD+Pr+Kb68f86h/plU+ts3P+Hj22c8A/7rx6XwuADkLLy+FDL/+PsLXJwfw7m5URJRdfjp8e1FlU4KnN6HAXx+doCOGcWbXx/iN3IUPn18xuu+//nlV7x6/gD/6L32Fh3XPqD9+kcO8k6y7pssrP5JEF5niW+335Mqf4ETBU3Yk5iDtskbpMSvoXvuHpJJBXu6q8PfVw9bQwyxf6ctjiRsRexeAvomd1LnKtBSloSE2GpIiqyFgoQ4hH5YjtWkPoXWr8LqFT9g5QrWvEQERo7BkDNyh5bNZviGH8KOXfsQFLiR3tufbtZeMNRSh+jqVVizYg2+/+6f2Brsg9H2StSXFsE3cAuOJ6ahpLAYVcUFKM05hYKM4yg6dQwZR/bi0I5QRAW5wcvCABsICNbGBrAnoNtbGcNESxXJh8Lx7a8rwOcJ4HU3KfUW4MdW/HmzBbd783Ei3B5x/hZkNogLdkCMvx32Bjoj89hB/gP3D/DCeuHl9DlYUtv/hpAI+0z/IhP0QxcSosdrCc6iP3BwC/F67is42FkhmhUr/0XQIujTcwzi3y/7J91Uv6PnBGF4KRlRODmao6E8B6Od1Tg70ITzM8N8+Rkr1zo1NU7qfHLRzv6t1mdnp7nNzEzxkYXcWVKcoJDMGA+5s77qDOiCx6wt66Bg/pyA3tXdiY6uNtTUl6OiuhhllYUE81IUFtN10N2BprZOXm2tqb0HDZ2CjOwmUpy1TV0oqWhEDcG8urGbq/Wahm4CfCcp9kVr7ER5AwN6BzJLGnE4NQ/Xb93Bs58ewUFVGBtk10BdZCVEWchdXAziwkKQlRCFopwUJCTE6FyKQkdHGzramuTsGZCQ8cbxuN0ooGuyvZkVqmkhdd6JsdEhDI0M8zawQyMjBHVWMa6fJ8CxZWajpLI7u3sFXeX6BGvIh+k5bqTQGcyZWmdgZ3PoS3PnbP9SVTemvFmIfanC3FIDmN7hSfSOTPPSrSy7XQD0fp7wxpajscpvTZ2DPMTOzh1T5kyhszXs7N/T5y/htSka5rZ+PLFNj2CuTwBnUNcluBsw0JMC1yYlrmHmBHUTgrmpE/St3GBoQ8C3doWhlSsB3RkmNl4wtvGGgbUXn4tn8+dsKZu0ijGk5LUhJskqxcnxwjLL/r2SnO7VMNNUg4WGEsxU5XitdGNS51b0e7HVVYW3sTpSNnuj8vAO1Bzfj54z6Zij8z7f1oBLXa240NaMqdpq9BcVoi71JOrTTqL8WDw6ckgYJCUiJXI7cvbFInX7NkQ4O2Cj7QaeJc8K07hrq/PM+gAjTYRv0EAUCYM9lmqIJ1V+1NkQh+x0cMhWC/H2mti/QREn3fVRttkebQeCMJC2C+P5xzBdlYHxymy0Zh5HydH9iA0NgCxdQ5KiYnT9SHGgy0iTUldQ5eF3BnU1VS2okrH+9rr6AmWua2AJTT0zqOma4cxic6FfhyvwtDYFD0oTcSPvMOaSozGydxMa/R2Qa6WPEoL4PTt9PDVWwwtS4r+SIn+jIovfaXxPMH+vo4LP1kb4ticU347sIrCTKt8dgW8RYQTnQHwjkP/l7YlvHm74y8OdRjJ3Nyy40+jpgQU/bywEEfDDSL3vCMFCpDv+sNfDe3JynlvJoWOHGtKO6WCyTQXzXUq4MmqKm3MeGO91x6ZQeawU/l9Yr/BfEFYiMSHxX5DUWYaVov8FKY3VEFH+Aetk6F6l9B1CtumhtW0LJqZi8fhJPe78mA9lszWQNVtGIP4nNO1F8f8w9pZRdWVNuG7/uD/OuLe/7jjB3d3d3d0hWAgEkhAISZAYURLiCR7c3T0EiLt03IW4u3b6vTXnhnx9zhnnjssYNdbai73Z7LXXmk+9Natqhs1z5+fk/vgDWJBgUjLSgCJ9Znl9VcgbqEGWAC6lrwwJbUVIEcAZxNm+BHFBkm3JhNVlIaIhBzEyEVUZUuVSBHEGdNoqikFMVQqymjKYG+6EdtbatZC1X52Lus0R5Ey6YccSD5Rvnovy7GjsWzcHezN9sGmRI5ZGWCDKSxfxQeZYvzwEOasiUEjKvLFoBcq3L8bedTHYtjKUQ31VgiMpejvsSAtAYVYkyrLZPHsiSjbFYCsp+C3Eto0LnZAVZ4s18XZIJ4Xe05TL1zB//+wabpysx/vn1wnmz/GFlPmXj0/xmewLwf3rp2f4wefSnxOkX04kyQmS2TjUP72emHN/gc/vn+DM6THcu3sZ925f4uD/SAr+8YOrpPbv4fSJYRw/0o9jY514cu8snj++SoB/gHOnR/DbyNUP6CWIc5hfYWr8Ey9FG2BGvxsgmPeff47G4QtoPXwNGdkFWJldiPr957D//EMU1FUhMsoEwf6aCAkgzzDGDHPJG5o/PxiJ8zzg7aILDfKwXB3toCArBykCsqKoGBQkhaGmKUcQE6VBhGBON4+9Vyg8ojIREb8Sy5etRFhYJEL8AtDZWI+83bsgLyWDP/6YBilxcaxethgDTWU42F2PpppSODq6wdHOAVs2rENFcQHK83Yhn/XT3rQSG9KSsJZulmWJUYgN9YaPgy18newR5OmM2DB/LAjzRF/TNvz8egL/fByju5UU+ngj/rlRjw9nyvHwcBXOtGzFaEkmBvLT0L59CcpXRiM/NRgjbYK+5AaGurwjnLjEnwTpP/lqaiKi0zF79hT6jPQ/S8zgJirKFmcR4nPrEmRMmQsJTYU0AZ+ZMD1mMJ8+4w8OejaPLsS7zk2HtPQsrF6+gC8GcmK4DWePDpPaPsTVNgMy678+GXofGxvjIfVJkLOWscwmQ+4sCe4XwEeHJkLtgoYyXM0O9aKnp2vCOtDcUsfXWq9rrEZ1bRWHe2uXYBnQZgajth40tgsazTS29/I5dRZuZwq9urEL1fUdXKkzuJfXdfyCelldJwqr27AtvwJLV21C0rLl/HwWkNqzUJwNQ1nWgnQ2OXGzICEsgLu0uAhkWT9vSwu4urqQOWJeRDDmR/hhVco8VJfuRnd7PcG8k2A+TA6KAOZDw/vJWF09K2HbL0h4I5gPDo+QOu/hdep9gwf4/PkgV+THeMKcoJHMUZ61zjLdJ+vQ+yca1LDjrO86U+aCpjGC5zLF3jN0iKvzvgOHBaq8/wBBnSXBDXKFzlq6stB7PZ0/NnfOFHoFKfTyxmZyGI4Iet6//4CN2/JhSQrb3DEARqxszcZHAHgHArqdD4ztCNouTIUHwtw1GJbuArNwDYKlKx1z8SfIE9ydA2DiFMAz3XUI6OqGDOjmUCCgKyjpkpOkQdegFGYS0CUJ6Fa6ugRxNZhrKsOcgGRDSt2ZHGsntv65vQnylkSidm0SGrLT0Ju/FYfr9mGsthgHa/dhkNR6f3E+V+pVdF+27tqOxm2babsNe5YtwY6UFFLpy5A1lzWa8eKtYOPcHBFqaQp3ciKcdNRhq64ED101xDsaI9nFHKt8HJAT6Y1tkV7IDnHC5lAHpLsYIDfaDdWLQ1CXHom29QvQtD4ZLTkr0Lp9Hao3ZaJkbTpCXGyhKCYOWRIPcrJKkJFWgLKiOpQI6mpq2tAgsGtq6EFX1xhaWkbQN2RryZtCl7a6hlbQNbJB/IJUgaPVX41Le1bgxKZU9KdEozHSBwWuFsg208IWTQVctDbAEzsjPGHgnu+LD762eGOkibf0+L2pHt7bmOB7XDh+0v38d0oC/k6IxfeYCHwPDcH3oGB8I3B/8/HBVy8vfPfywXdvX9p609YHP/zIAgnsIQR8Uu9/zyPlviUW3yKc8NFaE6+sVXHTWxOVe53R32jJw+4XR1ifd1dcPe6FsEiCrM50HloXVSLBoTkVCnozIaFCY5faFOjaSEFC9T8QU/odcSk2aOpJw8jxnTh7owrHLm/E2txYaNiJQsddEkom02Hlr4D5qb78vLx++wYpmUvp7ytBTleZb6XJpBjMGbxJeYsTtNlWQkMeYgzkqmTqchBVYwAnJU4wFyaAC9G+kJIkZitKQFhejJxPdXh6WiMnMwI1pJorWbZ5FkF6kQvWEFzLNkaiMjuKgB6C3RmeyE52IoVujmgPbczx0MPyBE+sXuKPLasjUbA9CYVbFhLQ52LPuijsXstaS/sgM84Bq+Y7YE2CLbYt9SVlHoK9q0LIOXAhYyreFVkJJOzmWdMYlUCq+iE+v3uCC4ercfFIA949v81XWGOd4pix/S9crRPcCepfPj3H31/ZfDrB/csLev1LHCWH/+mj+1ypf+Nz7RO/p+ffu32RxvIevH/D1P4LPLx/GbdvncOlC0dx6fwRvHl+E39/vIOblw7S37hOQL/yjoBOUL8yAfCrbPsRg9eYfcDQ9Q8YvPgKPaTKOw9fQl7DIIKjFmFbcQtGrjxDaWszFiW5Y260LsLDNREYoEKKWg9+PmoIDzSFh5MOdAjcbg7WMNbVgvCsGZChAZnNjRqxEhgnZzjTgOPjHw3/kDjELsjE+rUbEODugbmhoQgjzz08OJhuOhX85/c/oaooj00ZS9BdVYC++hL01JagtmgPguiC19NUQ2JcFPJ3b6cvLBt5BIUdbD3qTauwlW7oDSuTsSJ1HhLm+CMm2J8cjkikLYhF5bYMfHp5GD8/E9A/0yD6ehA/n7Tj++VqjBQkY1eSN9pzFuBK2xY83L8b5xuzUbk2lr7oRAx1NePr16+QlqPPJE43iRhT4zMJ7jPJUZkJSYK5jIwQbWdzWLMQOwe62CyITTShkSEVqkTgkmLZ8aTQGdCnTf+Db5laZ9BnYXp5eUlYmOsjKtwbp8d6cfHkKE6dHONZ6gzOXGUfFoTbWdicAZ1BftKOHTvMYc4U+iTQWSIcS4A7eGiEK/WR0WEebu/saiJl3ojSsnyUlRfx5iytbW1oam5BSwtrdVpP4G7ji5cwld7YRsBubCKgM6iTUm/r5aq8kkDOoM7C72wunYXi2Xx6SXULn1PfV9WK/IpmrN6yl77/CBo4DXCMHI83r1+RMlSCvrwwNGVYVIYUxMwZkBQXgwmpcj9vbwSQenF1cSQnzQvJ4c7YnBqOoi3JaKrcxYHOSu5GDrCV6YZpn4A+NMjr0nu7uwjww7zBzBBT2D0DHOb9AwcEQCdQs6x2Fk4/cPj4r/XJmfJmpWkM9ILV0Ca6zRHEu3irVlLwR86QM3CcL7TSNcg6wLE2s2zt8uNckXf0j6KVAM67v5Eyb2NJcfS4gXfc60V1cxcHekldA8obWtBPCv/Jsxd8sOwdGoNLwDyYOQfzZDem0s0J8nx+3MEXps7+HOJ2PnNg7R0GO79IWHvOocdRsPOKgrVHOKzcQ2FgxxLjPPha6Wr6tlDVs4GiuhFdX5rkcMpi1ixxTCegiwgJw1BdHVZ62jDVVIWhmhJM1dVgoalO340GAsx1sD0hANVZiWRJqFm7DD17s9G1JxuduzehZecG9BbsQvueHahYl4XCzHQ+f96yIwdVG9djb1o6ti5ejLSwIKQE+CCOHLMoBxsEmBrAw0gbVmoqsFBWghuNG4Gm+ohztEYCQTkj0AOZge5I8bJHsoc14mwMkB3ujqJFQShfFonyjDjkL6GBekkcijMXo2LtcuRlpiDMzQEKUlIQERaHhLgMXUsydI/KQ15O+ZepqGiQWtcjEWIIdQ0jqOmYQEPPDJq65tAjoOsa2fLv4mZnDYbofRriArDXywZrjTWRrCaHRAUxDGop4pGtIR7oqOChljKek0PyQksFr/TU8ZrO21sjHXz298SP1AX4kbQAX+Pm4kvEHHwhkH/x9ccnL198dvfGJzdPMm98of3PHsy88MWTIE9q/VsQKXIC+vfIEPxgQM+ag+/RrnhnQe9hqYJxG2X0rXDg5WknO5RxYUCbgO6Ah5c8sGypASQJ3ELy/zdEladA3pDGKYL6DJn/gRly/xdUzUWgaiEM62AVGLrIYtX2ucgqXIC0HXNQPbwOe9oy4DbXFFquEtC0ngkzb0naF0bUUm+cuniIn5/mjhZomuhAiqAtyQA+YWIaMhziYgRvEWVpiKjQVkUWs2nL4M1hziCuJMHhzo7NUqB9RTpO21lSwpCnY8nzfJAaY4eV8Y5Ij7Yns0b5hjmo2RyJ0nVByMvwwvYUF6yINkOcpyYiXHWREuOGFYv9sHyhN9ZlhmPLmmhsXjEHu9ZGc7BvXxmOdUmeWB5ljZQwE/qbNli/wA1blnjT1gXrEpxIobsR0J2xbpEHnt09Q2r6Mb68uYWLYyX4+vo6Pr99jE/vHuELMwb1fwH9ywTQ2Xw7C6E/un8DTRX1ePZgHD3N3RijseHJ+B2u0ieNlcINDrZi/OEN9PY24u2rcR6+f/XsNm7dOIf7dy7g8oUjeEUq/cPL2/ht4PJ7DF59j7Hr73H45gcME8QZzBnIh+gYK0cbvvEefadvoqSlE437T2BPeSuS0tehrvcQSps7kJGVgJgoQwT4K5MHpYCwcG14e8gh2FsX/h7GMCQPTUtOEoFsnszfh54bDmM9XbjZW8PaxhEONNh4ewdh6eKFiCTQRoYGIi4sDM4WxtBRVYaMpDSmT50GW1ND8jpz0FtThL66YnTXFqKjogDtlcVImhsJf1cn2JubYBGBeufGVdizNgNF2zegNDcH+3ZvwJ6NGdi0YhF5ahFYkhCF5UlxSJkbgPMj1fjn7XHg0xmAoI4vZB8O4eu9LgwUZiB3dRypB2PUbozH7cHteH6sEvcO1+NAaw1OHz+Oy5cv8dC5qOg0Dm1JSSECOylzUfJymYmRQpcU4c+RlhETzJnPYklvU8imcrBLis+k104lRS8AOgu1z5hJj4Wm0N8VzKtLSArD0soEK8ihOXagBxdOjeLM6cMczgKoj/HGMqOjAlAztT4J86NHD/PsdgZ0No/OQu6sdE3Qz32Ah96Zkh0dHeHNZhqbylFemUdqfB9qast4/XZHD0uQ6ySgN6KyqoSv7NZMUK+pb6AbmEBdU0vAb6d91j2OgE4X6WRCXEVdG99WNrShtLYJxZX1KKpoQEFZHXbvq0P6+h0wtjSDsqocAgK9+aBQmr8XqhKzoCI+m0+1iIuJQl9fH3Z2dnB0dISnsxMi3MyxKMAWIa6WiAtwRl52KjobCjDY04SR/QO8bS2z/fuHeFJcT3cnGQGdQDzEMtr796Orux+9bL33QUHDmf4DowTgQxzorPSMAX0S4mzunG2ZGh+YUPHDh0/yFdB6hw/TPgH/0HGC+ahgtbShUR5WZ2F3BvWe/aTU+wQqvb6tD83dQzyJsIHV8bf2ooqAXt7YitL6ZuyrbkIRWWltC06e/YufEzavnrh8LaycSa07BMDYgYXb/WBCMDd28oGlRxBsfcNhS1C394+Cldcc2BDQHfxiYO8TDSuPUFLo9BpS9KyUjYXdVXSt+VKqEtKK5DhKYuZMEQK6EGbPEoaxljYs9HVhoE6DO5mJljrBXQ1WBKgkAllpagT6dqShcV0yKlckoWLFYuQvi0fpqiWoWp+Oxpy1aNyazRPiCjIysItnu29Gb2EeSrKysD5uHpYE+GK+uzPiXe0RS9COsrPkbWZdCOR29H52pNIFjWv04W+kjzBS8HPsLBBhY4EQCyP4G2oiycMKa8PdsDMhCNsSQrB1QQQBPR5FGUlo3LIaZevS4E5jg4w4gWG2ON1/onRviXG4M5OUkIWsjAIUFFUJ6qTWNQyho2cOXQNr6BhaQ0vfioyUuokd/x5O1pVil7c1VlpoY76WPMKVxRFIzucWZQlcM9DAI3MDPNBUwmN9AqyDKZ5pqOCFjgZeGergta0VPsVE4dO8ubSNwYewcLwPCMI7bz+8Jni/cPXAuIsbbjs44ZqjC66R6GHbcVd3vPL0xltS7h/8/PAlJAjfokmhJ4Xhe4QzPrqY4K05vYeFCh5ZKmEoSBfrV+rjzKABLhxyxa0LEXh4YwE2bnbkQJcjVa6kPxuKRjMgqzsdCobToWI6A+p24tBylICehwy0HcRhHqCIqFWW6D6Wh5ELNShsXo/4ld58eVgl02kw8pamfXFoekhA108KO0s283P08PEjBEQE0XsRwJVJ9bMyMwZyJXKqCNjiBHJhJWnBPDmZkCIBXIEALi/BH8+ixwKTwkw6NkNWjJwQ2icBNJvGWFlZEVgaK8DNVgdBLrooWhWE6uwIlK4NQtFKX+xa6o5VURZY6KuLGE8SnF7GCPe3QFSILRLmumDZYl8SeAFYnx6ObQT3HAb0FD+siHfB0ggrLA41ReocC2TE2mM1QTwr0RWHemuxdr4Ldq2OxUdS52yZ1KtHW3H3QgfevbjJYf5v+8zVuiD8/pUnyj3jW1bO9uXDM1w5fxyPxq/i7YvnOEXjxrdP7+j3T/nvBM9j8H+B1y/uY/z+VeTkrEEVMe/T+6f0mnt4+fQWB/ybl/fxjCn0oSsfwMLuR6+/wzEC+oHrAlW+/8ZHHCAbJZgPX32Fir79yNy+Fmt3rUN+Qz2Wr9mMpSs3oJ6OZ+9cgXmxBggJVIOvpzrsrRVgZiKOIHd9JEf7Yk1aMqJCw5G6JB3rt+1FVGQ0HE2NYWeoCw8PW/h5uqCmZC9unh2mAXkFrFlGrZUpzGjwlhInL272LCRGBRPICzDcXI6R9irsb63AAEGnlxR6V+U+bM9aij3ZqxAVGMQdhnWZqcijwaSuYAeaS3agsWADqnauJMinIiczCRuWJ2D9skRsSU/Aw6vDwDuC+buzgr7sn84DXy/gn+9X8fhSDx5fpcF2dzoqNy/B9eESPDreiBfnOvDkbCu/cNs7WnkGO6sfZ0ltUlIEb9HpkJacDnHRP0gNzCQjZS4hzGHOoD2LgM3Vt9A0GlhYQpygbp2VuglgLvi9gtR/ICnFlL0wXzfd0ckGDXWVOHvyEM6cOozTrB0swZzBmSn0sYMjvI6czYEzxc1UOgf70YM8eW4S6Azuk7Xogo5wQ/T8YZ4Ux8LtrNVrS1stga6Xl6u10Wdso21rO6nzxjo0NFaRci9Gc0sLikvzCOaVXKU3tnYKWpeSSmfA4oq8gcG8je8zY8qcdYljdem5+yqxK78KC1MzoaWrARlZEX4emQPy9csXGGlrQVJICIqkrMwtLODq4wslltCkKA8XUxXEe5vC18GIbmx9zKfBo2TvBnTRdTHY28bL7hjEBwf7eSvYzvZm9HS0oa9bULLGjKnzron10pk659v9I3zJVBZ2Z/Pjk73XmSIfoptucOzYf4+PsccnuApnNeUsTN4/eoSvjNbeN8wVOFPlLLTOYM5M0DCmn7d1rW/v4/u1LT3cKpo6UN7UjrJ6Fr1oQm5ZDQqqGlBY1YjW3iE8fPKUX3P1BH4njwhYuATDyNEPRs5+MHbxg4VHMCy9wkiZhxHMQwnuBHTfCDj4xpBFw8yVHAH3IFLpPrweXdfMnXeOU1I3IIdRnmAnAWFhCd4pTkRYFHoaGjDR1oSeihKMNNRgpqMFcwK6i4EaVgXZozgpAA0r41GzagHq1qYgbzEpncRIFC9biKK0RahZn4nOPdvQm7eXIL8C2fNjCezLOOCZal8a5MdhHufCMtztkOBsi0UeTphLYGcQ99AjdW5uhGALQVtZH2M9hFmbE9AtEUWCIMLWAvOcrLDQ3RYpPg7IDHHH2pgA5CyKxr4Vydi3MgUFaQuxe0kiFhEAVZSUuToXoc84fboQpk2dxeEuLSUHZWV1Xo9uaGQBCwt7WFk6w8baDbb2XjBlSXHmTtC3cOTn/1BDJaI0ZeGjIAJveVGy2fCVFsIgqccbuuoYN9PDuLEWxkmhPySYP6Zz9kSHhcMt8WEeQZxA/i5sDl4Hh+JVQDBe+AbgoYcPjtnaY5O6FkIVFOEiIwMTCQkYiorAWVoSCerq2Gdmjqvu7ngRGEivD8H3pHBgyzz8SA/FW1czgrk2npqRQjdXxoC9AhbFquPaX/G4eG4h/rqwDpcuroJfiAaE5P6ApMp0KBrOgozOdEhoT4OcPgkLzT+hYDEd+j5yUHMQhjYpb7NgSfgnG2FPTSYWrfPDzpoMhC62gHWQPCKWkWBzo/NnPBPK1pKQIedAyW424rL8cObScX6u9hbnQ05biUOdmbiKNDcRgrUogVuUgZ2gPVuRKXMprsaFyCaBPl1ODDNJnTPYCxHYZ8qJEtyF8SeNE1OEacwUmgFXcmIKVvmjYmMIKfVQlGYFYXeqB1aRyk4KNEKslw6sDZSgqCAGHW052FioIdjXDMkLPJGe7I/Mxf7ISPLGMoJ2OgE7LdYBsd46iHbXwPwAAywMM0XR1iWCSpzrf+H80V4O0o8E8VP9hXhw9RA+vX3EIS8A/STQBaH3zx+fCJLkPv0X6l8nMuE/0t/5Qnbu6Em8fDI+AfPnv57zhTWTuXqSnvcI5WUFyN6wgvaf4N6dSxzsH96M81A82/42du4xRi6+wCgBfeT6R7JPBHKC+o036Dl7B40HDqGEBurC5mZk5qxGNHk1KVlJqKbBetWq9cjekoOsVfMQ4qeGQC/ylCMd4OukA1szVaxMnou9a5dgdfoSxCdlwNAxCP5zU+AbGIYFIeHInBuOgi3JONFfg1sne3DzVC+uHO8ntR0GA21tKMiSsldTw46sNBxo2sdBPtpVh9H2Gox01BHcqzFQX46BugqCehF2rE3DsoUJ2Lp5AzasXEoQ34r9jfk431+Bs+27caZ1G0ZK16Jy02LU0pfTkrsaVTmpOL+/ggB+g9T5Jfz9/Cg+PzqMn99v4ufHK/g+fhSXD9bDWV8JAfaGiPd1wLalschbnYjDLYWC1ZdysieALsTXOmcqfBaH9J9QkxWCmrw4ef/igvnyiWx29nxWmvbv7HamwFkInr2Wz53T7/XkZ9DrWZheFIpqCkhMiMHY8ADOnT2JM2eOc0Afm8h0ZyF1FmpnpWgHyNg+g/mkOmfgZzAX2NFfc+gs5M6y3dmWOQL79w+ir68bfQPdPDO8q6cTTaTKG9l64I2CFcXq6qtIwe9DU2szatj8el0NX7GscaJ9aWPHf0HFkryqCVSsPn0S6IXl9dhTRDAvKMOuvZWYn7gA+rrykJZlzg9rqvMHP7dt5DBIiIhAR0cHATQAqmlqQ1RUDJKis+FupIhEH2NEeVsiIdIPhTvWoauxFP3tdejrbCSId/NOcWw5VVaXzlrCdre38JB7T28/urv7+CpsfaxFK4G8l2WpE9R53TnBm6l11r6VgXxw9DD6Rw5xWDNlzubI2WppDOYM6qw3eztT+0MjfJ8thcpAzsLq7DwwiLPHTK2zufNacnwE2eytE+eFQF7XRsc6UV5PQK9r48o8v6IeewnqueW12F1SjV3F1Xjw6Ak/N3fuPkDkvCUEaX9uJmSWniGw8g4TgNwvAtak1K28w+EYGANb7zk8Ic6Y4G/kGMA7ymkZO/AlVaXk1SEmJkNOpxxdv0rklCpAnNSsmrIydFWVSZ2rwpTAbs6MABXraIKihf6oT49E0+p49Oak4WDxZnTkrEDFymTUbUhDOW1LCKgjpfk4Uk0OX/ZGbF84H6sjw7B3eQrvHpcVG0VAdsAcawvMtbVGooMtkt0cEWtvyVvNBpCjxtrLehpq817yDOCRtpaIIcd2HsF/aYAHh/kSfzdS+jQYh3qR0xCOvKWJqFizDLUbM5G7dAHWxkZiYXAQ9LV1eWhdVFQSM2cI82gEU+wiIhL02WX4vLq8giopdH3o6ZnBzMwBNnZeMLNxh5GVCwytnAX93Dta4CQnAgcCi5XETBiLTMV8GWEcV5XDbX1NPLIzwT0C+x01UukWhnhKn+cpwfylizNeR0XjVWgkXtI4+Nw/BI/9gvGXlx9W6uhzeKuIikJXSRVeHn6IiVsIb+8QmOsaQkteEXrSMohQUcUxDxc8o8/+Yb43/s6Zh3eRznhiqUOmhfumqrhkpoxcS1mkLbXF9RuFuH23DFdv1eLitQLEJTtAUpFgbiAKC181GPnKQsGc4O0oDj1ncVhFCBacUXOaDdtIOheuM6HvLw33MCPYhqnw9d1NAlhjHVl4ROvBNkoVep7yXPHL6kyBhpMoP+aSYIKTlwQti69cvworV1tIqMpwEyXHR0xZhoNdlCt2Mh5ul+DQ5lsCOAP5rEnlLieO2RzqBHiZ2ZhBDtQMcWHeXXNhuDVKsgJQlR2M6s3htB+EXQzoMdZICjFCmLsO5GREMGXmNMwQpvFFbDo5cCLELGOkLvDC0gQvLIl3R/I8Z2QmeWJJjA0Heby/PhICDbFrfSL/HJ8/f8HPnz/x8+9vPDN9/PIQnt8cxee39/D5X8p8Euo8JE8K/d9KnUP983+BLQitk2J//xx/nTiD04dOknPwgl73koP907uneHDnAu7ePIV3rx/iyfgN3Lh2BrW1+3Dk8CCfe2dOwcN7l/Dbnq0FqGw+gKGLr3h4fYRU+tC1l6gZHsOGveuwaEUk5i2dg6Q16cjasxNzU0IQuzgSzaQW+uiiXhYfiV0rE7Eg1h5B3vrISgnH8oRA+HpYYuumtVi3ejVCohZBwzoAFj5RyMkrRd6uHCyLjUZqbDi6avJw7VALbp3owM2T3bh/npRPcyXs6Sb2cXVEZ1UBxhjIO2s5zA901GCotQoHaNDe31KNwaYqDDRUkHovRWPxbvi5OaCloQbFO3MI9Pm4OlyDt391493FBny81YxPdzrx9EwDXt8ewIfxg3j/8Dhe3xzBPz/Gya7j55uTeHiunTyvk/j25CjOd+TDXlsRRooy2EggTwp1Q5i9ASKcTRBoaci/5HnzoidqzAXlaAzMLETOYM3avqopyXBQs8eCZjEzecIbm09nDgB7/mQtOitlExKaPvG8aYLseDb/LiYEBWVZpCyKxcmD+/kKbGdPH+Nd31jI/eixMZ7pzubPR8dGueJmjWP+q9DH+HMEZWsClc7qzhnEJ7vCsS0DOwu9s/nmwf2kbIcIfL1dpMxbCN51tG0gVV5PUK9FdU05GpprUVlbS+q8jYfaWQMV3sK0m3U+652YF2ZJcO2/FDoLteeV1HCg7y6swvqtufDxdYeJgSJU5GdCVX4qAWUqtm4ThO78/QPgTw6gmYU1xFjonQY8CTER6CtKINRGCyvn+6M4Zzkay7eis6EIHXX70NVWI6g/72vnXeI6WuvRTo5Hd0czujs70NvD1pLv5EBntec9/UO8KQyDOlPu7BhbO50vqsIeHzjIa83ZGuaTWey9w4e4Mu8bEcynczU+MMz7tLNOcawmnbVwZcAWhNcF56axc4CcnHYCdxO3SoI6a5dbWssa8LRwsDN1zowBfXdJ1S/LySvBpr3FqG4RdNf7+u0bcksqYebmC3M3f5i7BsCKVLqFZzDMCe7WpM7tAqJhT0C384+AjXcEKfRQmJBzrWvpAVV9S8io6EFCRhWysupQY/PG6sZQVtWDDDnUqqqqMNZiCl0ZRpoaMCOgm6kpYmWAPZoyozC0aSF6NyxEX/YS9G9Nx9DuNejfk0UO+kFcGBtE2471OFqzD2MVxejJ3YG27ZuwKzkeC31ckJM0HxtJsS/0ckewmRECjfQw344UFUtytLdCtK05OQ62BHtznvke72aPRZ6OiCY4ziWYx7nY0WMHJLjbcJgvC/HE8hAG9Dn0HvNQvnopSlakojAjBZsWxCGWriMVgrWkpDzdc3KQInjLsLlzeVWeGKetZQB1NR2oqmlDXV2XgG4KA0NLmFs6wdRaAHNjG1d+3o/R/WUqMYMAPA16BAhd4alYS8rxhKoCrhDIbxhq4ho5Prd0VPGYHI535GC8XjQfr+Ji8TwiGk+DwvDYPxTjfiE47uGLOUoqUJ49G5rySkhevhI9R8/g3OPXuPLmK65/+IHTtL85vwoGGtpQJdUepaqIi07GeBriiE9r5uBJsAMummuj30QVGzXFEa4mDn8PI5w4vQt3xhtw/V4zbo234czVcmzcFQM9a3nIawtDw1Ic4tr/gazJDN661jJAkRS5NHRcROCxQAc6DmJQtaf9BH0YedBxZwmo2wtDx10WZv6qMHKVhpaLKFzidSBvPwt6tjLQpt/JGE+Dgb88QrKskbAmgJ+zL1++YC2JLQbxSaXOwD6p2BnEpVmiHP1OhCXCKYjTsQnFziBPMJ9NMJ8lKwIhcqRmEaBnkDMlR6Jp02IvFK/yReWGEK7S81b48hKzVTEWSA0zhpuVKqbPnoLfZ/6B32dNpe1UTJn+H2jTeVoQ6YT0Rb5Ine+BpGgHpM5zxII55kgMMaHx3gRLIixw+9p5fKN7jS1FferUOZ43xX6unWjHo+v78e3dPQKyAOBMuf/PYffHArAT1AVJck9+hd1/bSfn1z+8wON7t3H51FmC+0meNPf5/XMedr99/QyOHerD/dsX8YHAfvbUQQ71G7fOCxwCUva/hdq5YEliGmp7TmKYVPrgpSdoIPWxLDsJEYucSJE7ICbFHwsylxHc07EwORDrM8Mx3LIPV4YbUbRxOeb4OCMuwok8SQNEhrkgZWEEYiKDEBQYitDoRVA184ZbcAKKy+pwhNVI97cjaT4NMObmcLCyQFv5Dtw72YV7Zwdx9+wwTgy2YLC1mrZtODrQjMP9LTjW14LR7kYMdzVgmNT5/rZaDJENsIG7uQr99WUE9WLkbsjE8gXx2LdzG3qrc3G2u5CA3oF/Xp0Avp8DfrDEt1G6uk4Bf1/HPz/v4NOrS/gHb+jxA/zz7Qp5X/fx88dtfH55DhfH6iFDXrO2vAyyEoOQT8o8Ny0K+TSYHRsQhNztHax/wZzVjDMwM0Cz8Pns2TME/dp5J7ip3BjsRcUEi7gwmAtAPnMC+GxefTqHuojoLIhLzeKLtQiJzICBkQY2rFyCy6cP4tpfp3Cet3E9wUPnkwursOQ2FkJngGawZgqc1Zszm1ToDOjM2GsmVfkk2Lm6Z4lkowc4zFljGVa61tLWjI6uNrSR0m1tb+c90NsIiA1NDWht7UBTu6AWnS3/yUuzSKW3dA9ykDGgsbl0pswZzJk6Z0DfXVCOvUU1yFi7HRYWRlCWpwFNWQj6GiIQlZgKZcXZ/Pxev34dPn6+pKLI+aHvguVVGOqow8VKH2sW+KE0ZxEai9aiqXQrWit2oaO2kJzNegz0tqO/p5XgXs/L2DpaSaF3tKKjjY51ttPnIeXeT9DuG+Tz6GzLwu5MrTPQdzKgs7atDO4sHE/G5s4nS9U6B0cmQumCOXW2xGkrvaaOn49unvVf0yJIBGSwZtELVmvOStOqm9tQUlOPwopq3t+e7TMrrqzjHfWKKxvpd/XILa1BXkUdV+nbC8uwYVc+VmzaifT1OUhftwU3bt8VrDl9/i94R8yDjUcArN0Z1AnutG/jEwZ7ArmtbxgBPRK2pNpN3IJh4hIMPVKdyrrmkFLRgayaPjQN7KBv7g5dMydoEOiVCW5q6how0tWGkZYGTPW0YaihBittFaT7WKFqcQBaloejNT0CjcvnoCk9Cg0Zc1GTEYt//4z/dQZHa0twuKoYx+tKCOrrkE7gXRroieLM5dg0fx4WebsixtYMc61NEWFhzEPv8awe3cEGMaRsF7o6Y3kAvcbPgxS9DSl1SwK5I0HdmhwCBwK5Jyl/f6ybG4qdi+NQmL4INevSCejJ2LNkIdYnzIe3rQM0WYkay2bX0idYmwlMzxyGBpbcTE3tYGJsAwMDC+jpm0Pf2ApGZvawtHWDiaUzDMmKSqtx+cI5aJDDzUxdcio0lGcgSEscewhCvQSlkwT0iwTzi7qquOVoidfLFuJFShKeJCTgwZxo3Ceg3yGgX/AJQqqOHrSE6bqWlse24hpcfvMFdz7/jXuff+D+px94+O0nbnz8gctvvyB17Q4oSkhCQ1oamfpqWGemiUXW2gg0UIM1OVraytIwpPcMj4hBx2AzLlwrx7X7Dbh8pxJ/3azCoQtlCI2zgSKpaT03Keg5SUDGYAZUbWbDKkwe9hFK0HITgYzJn3BNNIKKtQg5hnIwspNEUCxdC16K0PWSh46XFHyTzaFuMhPqRuTY+ND7+ktA30Mc+r6k3oPk4LpQHw4L6Zj/bBj5SeD0xWP8ejh8/Aj0rIx+gVycJcaRCp9U7gzabMv3J9S5CAvJ03FmwgT76aTOp5FKFyKo62pKomClLwoyvPnceW66J3an+WDzYldy5Oi6CTWHr50OZs7+E3/MnI4/aXz9fcY0/D/T/4SSwmz4OOtibrAVgd0BCyNsMc/PGAtDLbGIQJ4SZclhzpoJnTl7gcbJQ9wOHzmB12/eClT7+2d4cHkAb57fIGU+jrfPbwmy3ydALgi7T6j0CbCzRDkG8l9Giv0L7wX/kifCscS5uzcv4dB+tm7HMKnyWxPz7k9x89ppjO3vwMvHtwVh//dPucovKt6B33yNTBDm5I61WdtR338Exc31yNi4AJEL7RGZaIO5i+wROs8Zi9OXIJWthFSwCtdGyvHquiCUcvzgEFKSEjE3KhChYe5QUpOAlpYSPN2d4eIZQANHEP2tdLQ0d2NNejraGhuQu3sXzM1MISwkTOpVnhR2ER6d34+bJ3px5Ug3zh5oxZkDHTg12ouTIz04OtSBIwNtODbchYN9rRjtaSK13ohRGrQZ2Pe31qCjqgg9NFg0F2/HGrqhA0mpV+3egLG6bRg/Uovvry4TtMcJ6qw0jRT5F/r/v7Ev6g7++ZtlEX8C/nlJRlDHQ/wEC2s+x63z/VCXkYCylDg2ps5FLamPqu0ZqCBFeGp0kF7/E4oqshAhBS5OcGb93IVFZwpU9QTYGehZUxkGeAZpBnMJSREO70lVLgjViwoS5oQE80LMCRDnnedmkHoSw8L4cBzorMPtiycEQD/HmsacIAU+xlu2MpCPjAqS3Ib293FQs4VWJjvBTSbDMWOZ7swBYM9hz2XGXjc4yPYJ7iMM6ARtNu/MkuHaGcib0dTWjtYuNkfeQ8BmPdy70EgKvKmtky88wqDe0tlHxjrJsXAzqdHGLp4Qx+eE91Vz21tchT0FVdhVWI2EJWnQ0SalJD0dijIzIC87gy9DqyA1BQV7Bb2h58bEQFx4NrRImXjYGmNJtAdyV0WhdtcSNBVnoa0iB+3Ve9BWsxddjcXop+ujt6MRna11dM1Vo625Fq1NdWgnx6S9naDe0UYKXBByb+/sJbXey+fTO9mcOjvGEvsIzKwjXmtXHzpJwbNac94Fji22wldMG+FhdMF2v6C5TkcXymsbUN3QjCpS32W19aS4W1FLipqpcQbzsrpGFFfVcpjnlZJTs6/sl02eH5YsyJwetp9XXstD7ltyi7Fm6x6krt6ABaTi4lLSEJechlb63yd/jpGDl1+ai+UrMxA5PwHewWFw9g2CrWcQqfMgWHkFwpIUvIGDD69Z1zV3ga4FgcrWGxak2ln3OQMrN2gZW0NT14DApw09Arq+lhr0ddRgRKrTx0wbu+d6Ii/SBdsDrZETYIWCaDfsi6PvJMYFT24IGgSxQXDy583jhzjT2UTqPRv169JQlrEIW+MisCE6DDsWJSCFQB3jYIUY1k7W3gbJpNoTnR2w2MMFEZbGSPXxQkaQP5b5e2KRhysirC2Q4OqEFG93LPX3wNqoELIgZMfN4clwJStSUL16GUoyFiNveTLW0bkwIZCrKGtymJuZ28DG2hnWZA4OXrCz84CtrQes6LPb2HjAhrbG5g4c4iZWLjC1IaBbu8LI0hUl9F08efQQSuJToWcgAkMHSRg7yMBETw4q5Ijrk8NuTfe3m5wU5qopIMVYE2vsLbCHPlu+nRUKHRzIHFHi6IJsc3IYCNDKIqKICJ2LM88+4Or777j76TsefPmb230GdtoyoO/rGoO8pBRkpWXI0dKAAzk7rNojPjEey1asRmXzEG49e4v7r17j5KVuXL+Vj+cvcvHw0UbceVCIIxcLEJ/hCDVTYRh7y0LfkylqgrC7JHScxCBvMh26PiLQcCTAz9GEoh2B31ESNo5yMCP4qxhMhRYpdGO2nju9XtVWCNp2YjDwJGUfokhQnwXTMGno+YjCyF8Wut4iUHcQIidBHHZxaliQHcKvh1evXyMxdRGpcabS/22SXKH/G+zCBHVhHmoX58fY/PkMWVHMUiC4S8zAqgXuaMgJx77Vgbwl6+aFDgRyR6yLt8eKCGss8jOAl40apotOwx80vv5J39EfBPTfp/4HkqTwbYxV4WyhgSBXA8zzN0Kshy6SQ6ywNMoOgx0V/P+9RY7zJMyZjYwcJuFzGPfuj/Pff3rzBG8eniKg38fHN/d51vl71g52cg79w2NBtvu/7L8h9+cTc+sveGkas88E6fF7F3Hn5l9opHHiwvHjgtD8B0Gd+idyEB7fv4zvnybC+GRlpbvwW5C1LYKc3LA0ZSXWbN6M5BXRiEmyR9QCG8QmkQec4IT1rCyF6H+ouwavrx7By2tH6Q+/wfv37/Hx40f+gZ49e0KDZw3mRbnAzkYDxmwxB+8AGnjWYPfeQmzMWoud2dlYk5kJSzMLSIpKwlBbA0U7snD/3DCuHu7EX6OtOD/ShPOjbTg32oVzh/px5tAAju7v5HZkoB2HCehj/QT13mYedmfqvLehHH2NZeispQEvZT4KsjOxKX0hcjey9W2zcG1/Mb49JUX+cwLoXw7QloD+9xn8/H6DRp63BPFvNAC9xz8/HtHzHtLjV/jn+zM8ujCKUDdbeJJHmRYXhMLsNJTsWI2ibVk4eWSMvtC7fGU1tsIa68kuSxee2MRqa7Lyknw+nal2aRlx2kpM9HKfwfelZIQhRx69tLQw7yTHGsgw2IuJCQvm46XZcquzsXv3Vn6Ozxwbw2P6gu9fPo1rF07hAtnp08f/p3pyQX/2/b9ALQD6EA+5Ty7CMlm6xlZWY8/p6+/iz+/r7ySotfP+7QODvXx1stY2psCbOdBZYlxrZxdfcrShpY0UaCcPq9c2NqGupRUtBD7Wp7ylow/NBHLW272OjNeb17Zyhc5AxRLi8ghUewpqkLVxFyxsbXnbXDbFICNJTo/YVCgS3NXlppFqn8Xb2965fZsGTFVE+VphQ5IfynOS0VSyBd1NJehrq0RXazU6mkrRVpuH7uZS9JLj09laxWHe3lxDQK8hoBPUW5r452FA7+ruESTFkbLmXeLIEWmnz9NB+41NbWgmdc1q7Jmzwj4bq7lnS8a2dPXzdq3NXcwG+La1d0DQtrWxBWXVpLLZojQVVQTzBhSX1wjmyOubOdTZ4jUM5LuL9hHES7GnuJQcm318Fbo9xWW0XypweIorsbOoAjsLy5GTX4LNufuwcssupKxYz2G+YdtuXL1+E//rz6fPr/Hs5U08eHIFl6+fwNBoJ4rK8rFoaSp8w8Lg4OkHazd/uAXNhb13BBz9omHrEwEzBz9omdpDQcsICmpakFNUhoKSMtQ1NKCnrQ4DTWVy/q2wNcYDe2OcscbTEFuCrFEc74OyxACUzPNG+6bl/xvM//3z+NZ17C/ag46NK1GZvhh7FsVieaAHlvh7Y74by3R3xEJPVyR7uiPByR4LnO0xn9T6MlLny4N8kBbsi8zgQDrmgAUuTlgdFIDsuWFYFxmMtTEh5BzEIm9ZIorpb5etWsLBXr5mBXJSUuFqRSBT1oeKih5X4XYEcDsHb7i4BcLVPQjOLgFwcqJzY+0OB0dfWNp7woocH2snX1g7+8HSiXXq80ZxWQ2+ffsKSzsF6JiJQNtCBJpkeTuzkZuxGjEeXnDR0YWRrAx0FWRhpKzAm/IYKUrDREkOpupKMCMHyVRLB1rKqpAVl4CsmAQSl6zCycfvcenVJ9z9+E0AcjIG9ZvvvuAaAT1lVQ6HuZOtMwaO3cCZmy9w8/lnjNPvHnH7iPHXr3DhzhUUFCeR0xiAsdGlOHAoBk3d81HZvgguczSg5SJO6luIYEv/uw2BXG8aNKyEoGopAkt/KbgHKtNWBnquUjAk0yAHQMWU4BdIDpGtNDTtxaHuLApdT/r8ruLQdZOFVaAGVJ3o73iIkmKXh0uUPtSNheE0xxDmARpwW2gMr1Q9rC9Pws1HFwTJnS2NUDXU4sBmZWkM8Eyts5A7gznbCsmJQkRJoNSnkSJnCXOiiuJQ1pBAxnwPvjxtB1njtijkLnfHxngbrIq2QBoLlwfoI8HXAFqaUviDxt3fZ0/lCv3PmVPxn2l/8I6cCiSkNJUkEEHXc3qUGZYGm2BltB3Kti0VVJY8e07j6OH/GsF8lAGdbISgfuniVfz48UMwrcAA/u4hvpA9f3gZz8cvE7wn59JJSX94PpHo9pRns08C/d9h9y9csb/Emxd3cPxQHy6eOU7q/y4PqzOgsyQ59vxP757gxZObOHVkgByGZ3j7+j5+S4qZh6jQSCxctBxLM1ZiTpw3AqKNERhthoTFXmis3Ip7BNw3N0/g/e3TeHD+MM4eGeL/fDYBWl1ZEZu3bMHbd+8EGYC3rtCFvREh5GHPCQpFPw2Au3fuwQYC+oasNYiLioKcjAzcHGzQUp7Lw+zXj/bi9FADzg4za8QFGoAuHOzBmbEeUui9HOaHePi9HUf6OnjIngF9iByIwZZqDDRWoKehFJ31pcggTzWFbuzavetRsTMLDXtW4UTLLry92oOfny4SrOlC+jpKQD9CdoZU+jX88/khnaAnpNRf4p9Pd/Ht7VX8fH8bb24fxbOLg+RctCAzPhgr48OwKjEKm1csxoYVggYT+4eH+MppTJnzFdQI5rNZX3YCOstKnwS6pJTor6Q5FmaXFJ/F69YZxHlCHGtKIzmLh9oZ9BnYZWWF6FzN5O/z/uNzfP/+WXDRfPqAB3eu4+y5k4Ke7IdHfiW3se2kQh/mCn0/L01japzNoTNjCp1B/fDhUQ58BvP+gW6eFS7IcG/j1t3Dtq1cmXd2dxLQO3mdeX1jPapqq9HU3sXrp6vq6gjcbVyh1hME60mN1jf3EOgFoXbWt52F2vexMHJZPQpKCOhFVdidX414uu5UNZTo8wtzVS4kMgVCwr9DQuIPOj9/QJRUkH+gYN6yr6UC5buz0FJfRvDt4fPevb2daG2sRV11ORprytHVXEGAr6ZtJVrpemgmZ6+5gfabmEqvR0tzo8BB6Wjna7uzDnFtHd1cpbexZWBbO/m2hqBbU8eSAFvo8zWigdS6oCNeNwd3Lc9Q7xL0XG/u4PtVTS0E63qUkPouKK0gx4UtF1tJ++W8TK+kppGH1xnQ88sqsS23gKBewm1HfhF/vI2c3+yde5GzpxA5e4uxeU8RNu7Kx/qd+Vi7LQ/pG7cjt7SalNdtfk5+/vwHb2kg//DlH3z/+7/g/Pvv73j+6g4ePL6A8ScX8OjZJTx8chl3xy/h1LlDKKvZh+S0VLj7B0HfygkaRrZQ0TeHrLoeZFQ0IK+kBml5BUjIyNF1KAtD1tzF2xZFi4PRSk5/VXIAtoXZY0uwDXKCbLA32hXVi4Lx7OaVif/rJ/6/fp7fvY36zBQUJ8djZagf0kMDsYDGjCQfTyT5eiKRlDkLrbPe7jH2LBHODJF25ry0LYU1oWHwd7BDGin3rbFR2L1wPrYmxpI6n4/CtEW8ZK6OnIa6javQsnUjdi1PRQwpYCenAOjo2cCClLajsz+c3ILh4hECNzInAruNvResbT35vi1B3I4gb0NmR8+zcw2Eqb0HOWjV/DNYuqjA1lcJRgQ8E1KoaSuScPmvW7h/5yluXrqDm9fv49LxixhuHcRwLznc/SPoa+5DLTmy1cV1aGMOb2M39DUNONBdXL2x/8o9nHr8Dpdfvsf11x/JSLG/eo/LZPuau3gDHE0FVbrWW/DwzTc8ePWFjID++hPZe9p/hZuPx+m5+Qieq4dlWZaIybBGaTMJtUwrzEkygrLFLCgRzNWchQnMpLAdRWHiKAULV/qenUlJR6rCyEsWNgFysI9RglWAMjwC9RAWaQoLR3noMkfGRQZW0cowDpWDvpcClOxmQMNdFK6JmrCIUISRnwo0bMShaDANvgnG0PUQhmmwDAKXmSFuixOC1lqi80StoLzt0UP4hAZwZS7Mw+uSv+bRBWCX4N3iZpE6l1eVhJ+XOXJWRKEpdxHGqjMxVpWJnsJktO6IQfWGEBRm+nKlvj7eFmnhxvCwU4EQKfGpNCb/OWsappD9OWMK/iCg/z7ld0ynx7rqUlhL4nXzAgdsnu+A7SnuE0lwn2nsPEbj6hEO8wOjEyCfgPmkHT92Gp8+CcZntn75l4la9M9vxzF++yyH80dS8XcuX+KJboI68+e/Mt3ZsXPnL+AjAfv7R4FaZ0l3P768xCVi7s3rZ3iW+zfmBExAnav1t8/w7uUjPH14Hfm71uO39Ph4JMYmYE5wBObOjUdwuB+8/a2QmhKGgdZiPDw/jJeXDuHG4R4caClHTf42PCRVytS5jqY6ZCVIYUpJISAsjq9t/eLVG0HjhWvXUF64BwOdjeju6EDq4iREhIbA18Md0XTzDpCyunumD9eOtOHMUD1O9FXg/HAdqfQmXDzUSRDtxrGhdhzb30VA78JhBvWBNhwe6MRYXxsOdDdisK0GAwzoTZWk0kvQQZBJWZCK2OAQNJbsQeHGZShjHaz2bcD1oRJ8eX6auRw02p0lmB8jO05wP49X10Zw+1g7Afw4vr68gQ+PzuM17R/r2ofijQuwaUkMgh1N4W9lgpTIMGQtTcGKZEHWY1FxAYe4lLQoX/qUhd5nzJrK1zZnx/iSqqTUDYz0oagoxwHPe7iLC7rFsZA8S5IThOUF9ebCwkylM3UuhJBgL/4+Td3pBAVfHDtZiXfvnvwaGB8+fICDBw/wZLbJ0DmDMlPdk2F0Bm0G9EmoM3XOllFloXqWPMfLu1hGO72OWWdXK4d5bx+zTj6H3t3bi1beNKYDdQ01PNu9jgBW19yGiuoKUrEEOgY2BvTmTlLqnbw7HFPmbD6YAb2YYF5IMC8g9ZlXVE4AK4e7byCpQCl+TkRE2dKxdO5E/yCbwtvmiktMoXP6By/J+/r1CwYGhnhNfC/9P23NDahiC/KUlaChpprAXo/OZnI0qgpQX7YXdWU7UVuRh6b6CgJ6jQDopNBb2tj0QRt9Tta2tg0tnQTrtnaCeQcaGlt5LX1FFcvir0BFTR03Fj6v5SultfD9CoL8ZM91prontyX03FxS3bmkunMJ1HklZRzqTImzMHtuSTlX5Cy8vj2vEFv35nOYb83NRw4BPWd3AQF9D9Zv3YkNW/dizeZdyNywFcvXZJPaqsPNO/cmgP0PXr3+ihfPScGNv8ert9/x6ft/gXnl+nVBlzlSAvcfnMGDh6fxmMA+/vg8HhLkHz+9iHFSSbfuncXIoX4kL18C36AwWNg5wdCUzR8bQ01LE/Ks97mKMrwczFGeFo2aJQT0zAgc2JaMmtRw7IxwwjofM6z1NkXr5rT/XzD/98+p3nZsi4/AGlLYmeGhWOhNytzDlSv1BFLhzCIszOBvogtfY23MsbFAvJsTFnq5IZ4UfJq/H9ZHhmNjbCS2LohFUUYy9q1YgursNWjZuQnte8h2bkDuiqXwdvOGhbUnDMzcYGLhSiAPh3fgXPgExsDdM5SAGgB7Rx84khK3J2Vu7+pPMGfKnPY9gmDnHghzRy8UVwi6Q3r4GMHURhb61hLQsRRH2DxPjAwdxu0bj/HgwWs8IrX9+OlHPHz+CY9efsYjAu+j19/x8OU3jL/8Tvt/4+7TL1iWvhEyUrK8RDcgKBKVfXRfXrmLc8/e4NKLdxg4cwmLlq2CqrI6dFU1sXtbAe49e4e7z97j3vP3uM/tDe48fUbK9wEGjg7APcYKjpFq8IzQha2fEmxClWAZqg4NB0moWAhD300Gktp/QsteCmYe8jD3VYaZlyLsQhTgHq1I6n06zIPlYeIrwdW8qZ8c9EiRG3rLwHKOEtQdxQjcCtALpM/uIobZSv8Dxr6ysJ6jDD0fMTjGqtF7iEPJiMSOwR8wCpaGBj02cJOCdYQMn1d3XKyKjKI5ODcxfbunMA9S6vK/Qu68zI2F3BXEeGa7qo4scjclYKxuPY7UrsLxuhU40bAWBysyMViyFC2741C5PgQlWYHYleKCtTHmSAoyhpaGLGaITCeQT8VUIYE6n0I2dfoU/OfP33n/jwV+Zti6yAW7U11RtMIHj+5cItX9N4mfsxzmk8ag/gvuE2H3SagfHDuGJxNlpSwLngOdZby/fkBq/SqG2vtwsHcEH149wV8nTv9Kdvv68SVvAZtX1Yd1+d04cv4Wnj1/zufTXzy7ixPHBwnYN8iu4dP7R/hOSv7z20f4+u45jgwexMnRE/ReL3GHoP8bW+Yw3Nsf4X7BCPPxJ/NBjJ8nWnJzcLq9Ch1525G3fhVvm7otK5H+qX2Cph8lxVBRlIWSnDSUWH9tNQ2Y27jDL2gekpOX4NrVq79u2n4CAqv/VJSTQQp50Qe763DjaDsujjbj3P56bueHa3BprAGXD3Xg3Eg7jg+1EsBbcWSoAydGenBkfwcOD7URzJsw2F6HIZYY11nPE+MGW6pIoVchd28J9AxtYG1hhbTUdFTlbcauVUnIW7EAHXvS8OivHjrTLImIBrufpM5/Etj/uYgX1/pwon4bzrUX4OX1I3hx+zTunR8lh6IZFXSR+Xn48Fax0QHuyEiej1VLWV19BP9sy2ggFJcSlJsJ1jOfjlmss9sE0FkoXkpGAtq6OtDU1OD15Oy5smyBGS0NGjgc6HnkFdvbEeRZ2JmpdKbeZ3FH4fCRw+Q8PaHz7YWSck/sLnTFvjIvDA1mk2d7/tc5vnv3Li9jY3Pgv5Y9HejiNekM6MyYUmdAZzA/c/YEV+hDQ/0C+A+x1/XRa3pIvTbT69sJ5K08BN/b18eVbFffANpZwhvLaG9tQW0DQa2mEqXlBNSWTg7zsup6Hnavrm9FeY0A5iwJrrCsDkWldaTOa5BbUEU3bxVWbGDNZKwgIytG52QaX8RGQmo6NxH+mE1lTOFQ9/cXeMw3b11HR1sj6qvLUFFSiNKifNQSeJsbalFVvg8bVmdgy9ql2LdnPX13W1BdupdgX8bnz1uaGtFMCp2tHNfS1kqqvIN/juaWNg7xevq/6wjMtQTrsooK+lzlKK+oov1qgno9Kul4Balrtt1XWYN9BOh91XUc5PuqaznMi+i5DN67CNK7yRjY2Vw5C68zmLPfsf0tu3O5bd61lwN88x56nFuITbvysIkeZ23eioysbKRmrkP/0Miv7/nHj3/w+s0PPH72jcD8mWD9kfYJ7HTs/b9UekzSEty4fYfvf/v2iUP83v2TuH//FB7cP41HD8/hMV0/z55dpMHjMp6+uErGVnM6j/yCPVicvBCupIJNTU2gq6uFxEAnVC4NQ01KIDpXRaNzbTzq0qJQlRKKarK2lXF4O377/wj0v//+m0cT/k8/Y21NSPH3QGqgL219ePid1abHOduTMrdCqJUpgq1NEU77bFnWWDqeQM/JCAvCqjkh2EMOdt7SBchfnoTctGQUr04jmOegJ38r6jZl8GMeLp7QMrCGoZUbzAjshqZOsHbwhldgNHzJ3D1IhTN4k9kR2O1IoQuA7g0rZ1/YeQTS1gclEwu0RCX6QcdIArraIjDVloKzngr2bMjBX6eucajfv/+KHO63ePToHR4++YAHz0hFs/D48y9kX3GfvkNm564/RXLqGhpHlSErLQd5WSWYmFrCwsqOLxwjIyUDVQUlzPEJRh/B/s7jt7j9mAD+hOzxK7IXuPXwEa7fu42jFw4jYpk3jLzl4Z5oSApcFB6J+vBbYAlDM1Ge4Oa6UAOeiQbQtheD93xN6DpKwmmODmx9FBCRagB95xkwCRCDrrsQbMOVoe0kDU0ncRiHSENS/3dIm/wJGcNpMAmSgXGwOGzmSUHDUQg2UaTwA8RhFS4GTQcxqJPjoGIiCiWr2bCO1ISowe8wnSMGPTdpSGhPgbzJNChaTYOK83ScOHfkV3mbpYvNL6izTHcxJWlIq8kgNdEbfQTvvqKF6N0bh8Hc+RgtWYKj1asxVpGBgeIUNG6LQWlWAHYucUZWtCni/YxIGBDMZwuUOTeCOVPoUwjoM2f8jliCee5yllTny0vfnty7LPhfrlz7nyD+v9rI6BGBUv+XWj9w4BBu3rzDp5wY1FnPdhZu//rhMVfS754/wpXT5zF+nXWEezOxUtpLvCcgl7UfRmBmHfwy6jAvpxvVXSdw+dp1Guev4//l7L2jqkq2vt3z773jO+ftaJsVFYmSc85BQFCQjICAophzABHJOecMEgUMBAUDJjBnkigoQZBoxKy/O6s22m2f0/2e7zLGHGvvxYad1lpPPVWzZtUfL8Pw4APcvnYG9TWlGB14iPY7l3Gn6Q7abt2h/z/Orf4fSzVUYK6mClsDAyxRUYWR5CJYKijAd4UTfFe6w96CTSeSh4WBBk5VJ+LFeCtP3zfU14KslBikJBbykJUSh7SEOIFdgsA9l6+g5uHuhuvXrn47aSvLSnDpRAmBuxy3Gg7i9slignoZRTnazleh/eJR3DxdiaunKtDccAjNBPDLZ2p4MDtvOFLEs9pPV5cLYM6gfpS2bBy9/CAi43KgqG+Pf/7zB4KlFvz2+CM79gCid29C1DZ3nDuUiI/v2UWOWc5Dhgd8Rhc+vLiL24djcLsyEp2n86ixcQw3G6sJBCXY7h8Hr80BWLN2E/zporCXYL5zRwDCozP5e1pGjZ/Zc6fzbnPWtc4g/rVrndk262pnU86mz2aPEexnUJeSlobEInEyIYG5m5ub0+N/JTufiqlTBcVpbG2X8edouVdMpmlFIDdHao4hUnNNkJimh7gUY4LnWtxrqabvRJDLMD4+hocPOzmQ2Zj4yVN1vD77qdOC8XSW2c4Mnc1DZ2PoDSdrBGbPwH68FqdPN3CQV9dU0HYS7GTE1bXUSGg4iWN19Sg/VoeyIzUoKT+MrPwsZBLQC0tKydjJbIvKeJdkYSnZazEbMy8WJHhlHURqNkVuEb32AkQmZsPF0weS0pKYM28KZrBFbIR+5QvaMKAzO+dL0c76H150hxk8q3jHwFBeehAZKcnITEtBTmYqigpykJaUgJVuK2C/3Ao+Ho6ICKCLesIBFGbGorQoG5Vk52V0/LE4dKgM5RWHyNLJyAnyZcy86fUXlhSj4GAhRRGyyfwzs7ORRYadlUNbgjsbG88hiLPIyC2g95NHBp5HRp5L709g4qk5+fR+8znIYxJTEE8WzsbLWXd6JN3n3esE7vCYBDLwWByIiCYbjyUTj0RwXAIORMchMCIG+0Ij0XDm3Ldz5/2Hz3j15guGxz8TwD8QfD9g7MUXAsUbPO6fwPCzz3gx8QUT7wWPrz15Cqu27kJUSubkmPZnjD/vQ0/fDfr7uwQZMvW+mxzsX2NkpA2jox1k/g8wPvaQLPMeDhalw99vC7Y4GiN8hQkinAwQt9IEmettUObrgeoDPriRGYSh2xf/Eubs4nb9+g3U1NTx2381vt7d3oL0wP3Y4WALnyVW8FpsSmGClcbUmDYmY7c0xyZrK6xbYg4fgjq7HeDhipBVHkjYvBbJ23wI6JuQsH0D8oL24mhSOCpjA1EWthfhG71hamLFs9TlNIygpWeFZbYroaRmCBUtI1jauGC5gyeW2q+E6TInGJrbcpjrUugsZgvcLIW++XJu6qr6gkqGfjvWQEd6DvQXzYXRovlYLCOGlaYmqC05itabbK5wPx51DVMDagx9BPZ+BvaBV3gy+Bq9FD083uDRwGsC8nM0Nrdgf3A0rOg5l5hZwmapLby8fBAaGkuN7DME7mfoekIQ7x+j73wEvf3D1Eh7gq7Hj9HxoB0Xrp7C5tAVULcTJmueC1XbhTBcqQBDp4VY4iQGMakfIKr5I5n7Qjjv0oK5qwRWrNeE0woF6DNT154PJdNZ0HReCOUlC8mwZ8Nk5QJoOglD3ob2uwpDiGxb0uwXSBj9DDGCsaLxNOgtk4SY0S9QtpkNVbJzHXcRqFmKQkjxB6hasLH6X3kWvaTJT5Aw+RXqLuJYpP8bvcY5EKHfmayRgdlmcWwMF0jSm7dvERAWyOec8+530XkQl16IrMj1OF8RhDOFO1CbvApHIpxREeyA+pR1OJ+3ByfJ0o8mrUVBiCM14KyQQA0bLzsdTKHr8E9Tf+F2zrYM6v/np3/hh1/+BW2F2Ujfa4OCAw4oDHXBqZJQ/hp6e/v/I8T/GIIEuYvfkuS+gp1B/cZ1guw7wcnIoP6Oj58LKsCxbvSynDI8uN2O8cEBMu5nGH0ygLLay7Dbmgtn/0NwDKjE3vR6hGccQ8XJ63S+D6HiUDbaWqhR/qgV7Xeb0dVxHd0P7uDZcD9OVNSQpY/hH3YGujCWWQQ9cRHoLlgAHWFh6IiKQm+RFNRlWHarPBTlZGBBJ1VyzGZBsQ8yHEX6G2UFachJi1NIQJ4uzLJSEpCi/yNB5i4uugBiC+dBjOzd0c6W19T+PTHmDm6dPIj28xXouHgY985VoqO5FtdPHsLlulJcIZhfPlXJgX6x4QjOn6jiAGfd7DwZjrbfDP0IGXoVGXpFHrLSs2HjHQRReQtIKlphuf1mJEQGIi3cD4n7N6M8NRDv3vSzNAc2mYYtscBeDb68f4S2hnTcr4lFZ20CWo5nItp3I7Zs2gv39SF00Adhhc8+bNzkiw0Ed8e1QSg+IlgNS3Jy/JdlpwvGyqdDhA5ABvW5QjMns9qn0cmiyxPjGOBFxRZCX98UImIi3M7l5MUhLkZ/M3M6X3Ft9hxBZnx0dCQ+fniDI+X2BBA9ZOQZIzFbE7FZuohM1hJAPd0IiZmLyX6X42JzFr9of/3p6GjF4SPl3NQZ1Fmwbnc2hs6S41iyHPsdC1ZNjSXBsYIyhyoPorg0myCXTWAXAP1YTTWO1QqWFy05fBTFZLWsuz0zPxvZBMC8wkKUVB7hdcgzcshc8wUGm1FQzBO8WEW41JwCnhCXmH6QIJYGdW1tLBCZTe+XTc1j8J5CIP+FrPxnTJvxI7d2VsNesLzsj5jy2z/5++rsaCeAJyItOZ4iDrt37YC+niEUqCFqoKcLazK3DV52SAzZjpzkCJQcpPfC5swTzEtLiwnoZPjlBPLyChQVF+EgRX5hAe9iz8rO4gBPz8wgoGchNT2N304js85iU8wI4KkE78S0TN6lnkDbSDJqBm/Wvc7uM4gnpWfxfbFJaTzhjdl4aGw8N/Io2h9BW2bh/qER37b+bBsWg9Pnm759h69evycYPEPfk1dk4e8x/hIYGv2I0eef8OzVF9r3AX1keQO079kEMPGOLH7S0tfu3IutB8KwKzwO3b39gvyLdy8J6K0Ellvo673BQc7A/nTwLp6SxX/dDtF2jAD/nOD+fKwTXffOovFQMmI3OeLgHi8cD9+CxthdOB21BWcjt30D93+C9atXr9HS0sqXgn375g3df4WhoaG/tPXutjYkBxzAqiVL4G1lhdVLLLFm6VIO+j1O9thua42d7LaLAwK9PBC/dSNiCNgx6z2RsXsjmdZG5B7YgdJQX5QE7eRFbvatcof5kuXQJyBrs4Q3/SV83NyaoC6toAV5ZV1YWLtgyXJXWDl4wNLeHUZWDjC0tIeRpb0A6sZWBHVbqJsIFiKJD/aDkTSBXFYESxUlYasiDQd1Oexydsbpow24d70d7S2P8PD+EwL7EAc764rvY9H3jAO+jwXB/HH/Czyi7/kx2XfP4EuC9jN0dA/h4eMRPOgbxcPeETzuHabvaxgjTwYx1tOHp13deNTZinv3rqD6RDG8dzrAyEMOGsvFIWMyF9rOEjD0UoTZOiksVP8Flt7ysN+uCsMVkhDR/BVS2jMI3DOhbCUEbYsF0LUWg74jGbvVbGg7iPFueXVHuo7r/wQhrZ8gajwFEgbTobRsBrTsRXm997kK/4SE0o9QtZ8NSb2ZkDKZQzY/HZL0WFmzGZiv+gMW+0hjyWZZyFpNhdLSeZAwnApjLzkIa06DrockFpn9DJ+g5cisiMGt+1e+HQfnmy9CTkuRwD4LSqqLcCh1FxqL96E6fR2OJK5EWagtCvYsRpHvUtTE0zGZsRF1ZOmlUR5Ipn27PI2gRN/NTwTyrzD/maTpX2To/+eX/8Gsmf/CXnctFAQ6ojyCCV80f97nz1/g3PnmvwT5HxPkvst6/3qbQb2xic9Zf/78peDc+PyBTzH7NmZO0Xu/g7hVjatnrqG38zHeEtjv3LmDtOJ6bAkrRVjOcZy6cBeFVWcRVdCAvMqTaG+/hRO1h3DvTjPGhx/jaX87Jp4P4FE7NdIfdeMfZkqyMJVdBANJMWplSsFcVRkmampQJSBrSy6AmYocjFRVqNVogqMEcl7oY6mlYG6qvAzfKtFWTUkByvJyk2AXg7TkQkiKLYCE6HwCuxDERebBYrERqo8e+ZYRON7Xjr6WSwT0w2TEFbhUV4Sr9eV8Hjrr7r5wvAxna8rQSG+Adb0zsJ+ZnIveQCA/xbreqwRAb6gsQG1ZPrxWbYGRzXbI6qyCtsEKBO/bjayYfUgJ2YPs6H2YeP0UXzBOzz44GQPApx50X8jBjfIQdFTH4/6JVBxLPwATdQ062Q1hYOGK5Z5+sPb0h/WacJi4BaCAPuTR0RHefc7Gxfm0MwL6/AWzsVBEiN9nmezMxkXFRCErJ8uNnZm8mKQk9AyXQl5BCfPmzYaKigqE58+BEP3NgvnTJkvI/iKAcksVcgjauQWWBBgtgogambkmQVIfWQVGBBFDxGcYICnDmMKUbluQnQXicR/rGfnyzdpv3rzKLZ1BnCfHNZ3F6VMnyMCrUFlZjKqqUtQ3VHMjZ42AU6dY1nclB3p1bTUfc646doyXdy0maLNpWQfLqug1FCCbIo/slI0v55ewqVqsm/0gWWs+MvJLyGSLkJRFNptTSPZahtiMIhyISoWGjjrP8GfT+wTT/qbyRg+DOMsnmDHzZz4jgH1mLAN+6vQfqZEjaEFXlJcgJHg/li2zgrj4IvrMxSDDGp8K8rAx18eBLa7UkCOgp0aRwWehMC+ToF7Agc6ivKKcr+uen5+L3Pw8HhkZaUhNEwA8PTMbaaybPJXgTEadlJaFlMlxcRZxZNyxSakc2kFh4QgiGDN4s33BZN3hMfEII9uOIpAzMw8j+94XEoZ9wWEIIgMPjIzhdr43MAS+QaHILizCmfMX/mDkwChZ98PuZ2i//5TM+iUedI/iydAEAfktuhkc6OI/9uwTBsnWnwy/wwuC+eu3bMUrgRmcvXQV4SlZCErOhG90AhJziyYt+iOGx7rQN3ATAwO3edf7V7Cz7SABfXioBcNP72GEts/HOvCSoP5y7D7G6Xc9d+rRkBWC+uhdOBawFp3nar91q/+bnX/+wmFeV3cCx47VoKmpGVlZ2XTujP6v4+udLS3Y6uiIzbYOBG9X+K90h7/7CuxzcYK/mwvddkX4Om8y8s2IWOeJIE9HxG/2QuqOtUjZvgZxG5yRtt0DqdtW08V9JSws7WBu6wYTKxcYm9vByMwW5lZOsFi+ApIKmhCRUoKGgTnMljnDxnkVLGxdYWzlCD2L5dA1WwYDSzbHn9XMt+SvrzwzBbaq0liuIgVrRQnYUNgrScJReRH2urmSqVfh1oWbZOv3cb/lMYG9H10PBjncH3cPo4dg3dczSjHGo7+XvlO63/t4lH5HF/xHw+h7NIQnj5/i6eN+jHY/xDOysre36/Hu8mG8bD6C/itHceJYBqzddKBmvgAmHrJ8XFzdThLK1gug5ypKMFWHKVm4+VppKBG81a1Juox+hZrNTAL/TEjqzoIONQK07SWg5yIN45VikFT/AbpWMyG3ZAZmiP0LwopTIKwyBdpk+4vItPXdJSGsMYX+fhYvQmO0fj4WKP+I+dRw0KHGgLLRbIjr/ArrjcrQ95wPdfv5UHMQhpjBVCgunQX3rUsRmRCMG3cvfz9DY2KCb3MPJ01ObxvD2i3rYGosj7r8/TgU542KOC8cS137DeoH/ZehPNQJVfGrcSR5AzIC7OC7Rh925qp8Qav/+e2nbzDnY+h0/1+//hNrbNUQs84IOX42KKNGwGh/J7fq5kvX/trMz/5he7bpO6h/s/Wv+86c56DvnWxMv383QRB+xKH+gSW8vRnF4ONOet5enD9+EVfONOPFWD8fW3/9io6Fvm7kFNciOv0wak9fQWh6OfYlHMKZi1dx9dJpnDxeiUckx2NPO/GwnRoFD1rxD1MZSZiQbZsoK2CxmgqsjY3hamePdQ5WyNm5HDm7neBuogZ9FSXBRaLxDAe5mqIc1OjiqUT2riQnDVUlOagoyvJg81VlFokS1EX4VlJsPhaJCUOSGgls3rmetjrycjO/TXl79WwY7ddOo5mAfuUE2XlDFZoJ3mzd77M1JRSlHObn6A2wYIA/TXbOMtxPVVGw4jKVhTh+qACZsaFQVdaDpLwpVNTMsWPdapQkhSInyh8l6VH48P4Ve0YByNEj6H7//BCPrxahKd8fbdUxaKmOxdUjsdQI2AmJBcJYOFMEuhomsHbchmXuwTBxD8Od9se4cuUyt3KWtc4ytGcLEZDpAGIxjwFaaC79bgbBRoRg9As3TQYoK2sHWC5zg46uLkSosaOmroJ5C6Zg4bypgjrws6ciJlYwVa0w15ZAbYLSghXITjNAVoY2gV2P4KJBoUlw0aStDpkhmXuaNgHdBKm5FmTtRjhY4ok7d49wK/sK9kePu3iFuAvnTxPQ61BDn2NWZhzKy/N59/zRYxV8qhpLkmNRU3eMV4pj481Hqo+hqKKCg5uNI7PIO1iC9Gyy15yDyCsq48liLIubFUlJySggEOYjNfMgvYcCbupJdDsmrQg7D0RBR18b84R+w1S2zOx0QYIgC1Z1j31ObAYAg/vXCnu/TvkfetwP/L10dT2EOjW45gqxql/z6TMWh7TUIjhY6iN4uxuSgzcgJykAhdmJ9BmmoTA/AwUF2SgszEdBYS4OEtxzc7ORk0tGnp1Jn2kGUlKSkJKazIHOQJ6WThaekoZEBur4ZG7lSRRxDNAE5YjYBIRGRsHP3x+++/ZhP8Ga7WNbFgEh4QgjsIeTwQcS8P0Cg7HLLwB+B0Kw2z+QAB+O3KISdD/u+Wa4795/wdD4ewyPfyRYf8aTwTcE8xf0GLK33he8i723/yXu3O7EzVutGBp5i6Gx99zaXxHMx55/5Db/ejJDLp4aUWEE9ICYJGwNDOOJd2zNecH0tlE8JVtnQOfj6QRwBvQ/bhnUR+kx42Tr4yPteDbagRejbRijhsBwVxMuVyT/rZ0PDdG53d6BkpJSMvMJ3LhxCzExMXx53/b29v8qge704cPwc3NDoKcXQld7Ya+zE8HbE6He3gjx9sQ2awtsMNeDv4M5IlYuRZTnMiSuc0CEJzWCt7phv6cLTEzMoKZlCGOy8qUOXljmtBqLrZyhZ2oDM5sVsHRYCXl1PQhLykFV15Qg7/oN6rpm1tAwsiRLt4LmYkuomQoSVU9WlmKFhixcNGRgRzC3lhOBNRnhcnkWYvAyM0YWHQ/n604R2G+g5VoLOuh767zbja62XnS39+FRRz96OgfQR/HkwQD62e3WHvTcJtm5dh0Dzecx0nQCL5oP4+2dw3h39xA+3qvAp/YTeHf9MD5cKcNwQxy8nFWgYrsAzn7GWLKWGibWEmTRZOiuMpAxnQlVmxmQMZ+BRfozoGkrCqOVEli70Rj6DhJQthGC9Q4lntCm57oQStZzYLRMEjrLxCFnJgQRlan4Tfj/gbzRPMiazoKGkyhs92tA3mYBpIxmwGDdPOitFiXo/wIxrekwpudU1JkBWSMy8dUEd9uZWLvfHqnFkWi+fv677/b5yBA/Ds4cPYyDB7OQlxnLDiaklUXBa9dyXL4paOSebzyBUF8PxO6ywomsbahJW4/qVDL1hNUoD1uBknBnlES5oSDECQfWL4aJlgSJ5BzMmT8TP5EQ/DR9Cn6c7HZnyXHaqgsQu9kM2XutkbzVlBpMbfz4vXnr7l/a+blzzd+D/ezv3e6/g32y6/070F9Aa+v9bw3e/kd0Hj19jE9vn+ETWxd9YgzPhwdRX3ECl05dQn5KLr//fjJh7vmzcZQR8A9RVFRfRGjqYWRUXKCGdz9uXj2D1rusIdCLtjsX8Q8TGWloiIpAgwxdU0ICOrIKWG5hhW2rXKjl4owQd2M46ciiMENw4q50dSZ4y0JDVYGsnCCuIAs1ZbaVJpjL8FCQJUsnkH81dVkpQcgsEuGQl5IQJmOfA1VFaSTFx3DQ8KlZ40NovdJIQCdwHy3C+doSNDdU0AlRjsaaQxzmzNAZ0HmXOxk6qxrH5qKzTPf6Q4WoLc3lleLmzZoNKdFFWOtsh7LUcByMD6SDppQuIOxDZQ2JXta5RwdPP1lEF7rOpKE0YCWulYXjakUsGosicKY8BY5LLSA8dy6EZ/wGCSFRKKmYQnfZRv56i4oLv1V745XfJku4Mktndj6H/m7azOlkn4JiM4JysD9DlsxcWkGRTH0+pOSloa2rx2uYC8+fjjlCMzFfeO7kdI7riE9SQEyCPBISVQkuGkhOUkF6ujrSszQIMGpkhEpISFclgNN9gn1yrjESc/QQn2WAuDS6nbUYSbl0EjRGYXj04bcTqedxN06dJKAfLcYRagyxjHa2yppgLrpgYZOj1VW8Olzt8RraHuOWfrCcQbtUUDyl9BA3dZYwlkVGnlNYgpyicmQfPITMwjJk5pchITWPXmc+h3lCej7i0wsIKgXY7h8BLR1NXuqVjZGz4jkM4myogQFdYOUCO//aEGKPmzrtJ7L0CP4eVqxwx8yZQvSZC3GYu9maIHSnK9LDNqIoJQAHMyNRQBeIXGqw5GYlIT8nDbnZguVgc3OykJmZzoOZeVpaChIS4gjeCUhKSabPOxFxCfEUCYiJi6UGVgKiYxI43KOi4xEYHIKg0HAEE5T3+Ppi+84d2LpzN4f4voBg7N4XwGOP/wEcCI3A/rAI+AYEYfOO3diycy+S07PIvgVJayxXbHx8Avfp4j4w+BojzLpHP2Bk7CM1XEbQ08O63F+TUU8QsD/TYz+hu3uQLhqX8fDRCAbIzkeef8BLOqwHBt/i8eOXeDrwSlBo5uYtRKRmICg+EbtCQrFm5y5Yu3ohO/+rrbPn6cIggZsB/PGjqxzuTwfucksfHW7lXe9s+5xgPvK0hQP+5SjZOt3+9HHiL+2c/dy7dw8XLzYRyG/ypXfDw8OpUVXIkzibmprwdPApL6P534C9qbYGfq4u2Olgj4i1axCz3gerjXXgo68MfyttRNjrI83LEvnrHZC5wQ5ZmxyQ4OOA9Z6rYGnnxpN2DUxtYWXrBVu3dTBf7gZt46W8W511qZvTY5S0jTFHVBpqeothsMSWQO8OMztXaJkuhYqBCZR09aGsZ8Jfz01qFHvpysJDSxr2iqIEc2FYSs3DkkXzYCxFJiw1G5oElvWrXVFCjcTGY3VoajiL6+cu4eaF67jVdBP3Lt1By+U76Gi+ifbTzXhIjefemkIM1mZivCEdL09RnEjGi/pUjJ3Ow9j5Cry6XIM312rw6mIFXl8swZvmbNwt3wkHH0UYectDc/lCmK1TgNlaRSgtmQ9JfbJwo+lw3WUGa08V2K5ThYLVXJislobRKjJ60+kw85SB/WZNLN+qirmq/4SU3lQskP0XdG0WQpysWowaAkrm86BqNwdO+3Xo7+ShbCcC+326sNohCrMt0rzuO8ti13ASxqZAWxRUJ+B259Xve2xIqD6M9+Ht4C28fHATFckbkZkWisTEPXQuhqG6Ig/v377FrfuXoWo7BYrGM5FSECuY6jg0gOz4fSiI8UF5vDeq4nxQQbez9tFzBduhkMCesNsGDubyEGXT3Wb/hv+Z+iN+oGvIjzOnENin4BcCu5LCAnqcHYqCnVAW7oJbjWWC4jEPu/8N5n+8/x3Q/wD2Rg72P0xn+/O4+uTY+pUrN3gtePbTfucKBnvaObA/vhnnwRLkXo0MIMY/FuOD/d+mrr3n0B/FlWs3UVl7EdE5p5B35DKyD13G3QfUKOxqwSni5JNeMnSfFQRocXGITZsGeQKQ0oIFUCfIG+upw2mJGtyMZbHKTFVQ2OT6dW7iDOiaaorQUlWEOt1XUybAK8uTtctCWV6K4E7WzgpRyC2CgrQEhRjkpRjgRSYBL8ahLi2+AItE59FWGKFBB+hC8kTQaht9itsXT6DpBAG9vgxN9YcI6OU4z8q/1lUIyr9SMKizMXQ2H51ViztdUUStHAb3fGRGhcDV3hnJkQTzhGCUJIfQiVRDrTA2V/AZHVlk5u/b6INsx5fXZCc3ipC61Q41qX5oLI7G4XR/nCpNhu8mb8why54zdzZmzpiOWTNmYdbMBfx17vP35d3trNudjY0zqAuS42bz8fOZs6ZzoM+cTb+bMXUySW4mxBfJQkvXkMA9H/ZunlgkLU5An8YLzcyZNwvOK5wE865P7kBKuiIZsBLi0+TJxFXovhrSCeTJFPFJyoiMlyNwqyAjTxsZOdpIydYgA1ZGeIoWwlPVEZmuichUfUSnGSIu3QAlVRvR2d1EEBFcgMfGRngFOdYdX99Qw6EuAHod6gn4R2sqUF13lBs6SyDLJquNJ+hl5OaioLicQzy7oBi5B9k8cwI6wTw+LY9PU4tLzeX12tmWRTJBPSalAGGJeVi7dS+MTE2hILMQ0sKsPvvXsfLfF7D5jY2f8+53NnvgR/45T5sEfXNzEx50PuAwV5Ij23A1R7z/KuTFbkdxih8BnU78lCAUZsYgMyUCWakxSE+JQkZqHLLSE5GaEkc2TvBOjkVSUjzvEYmODuNQj4uPRVQM3Y+NQWR0FCIiI8nIwxESGorQsEiE0/39BwK4lfvt84d/wH5s27Ed6zZuwPZde7Hbj+4TOLfv2IMdu3yxc+8+7N0fiF0E+PjkVHTc75y0WuAtGfn4q88YHHqLrgdD6CRDGybjfkpAHx75gLbWPty8cZ+APoGuR2MYffaBd6u/fP0ZXd1DuH77AR4S8B9QDBPoR568wINbHWSDd/BysjRlZEoaDsTEYmdgENZs2w5HrzXQM18G9zUb0Xz5Gn/Ma7pgDA614elTsn4COct8Z0lyI6Pt1IC4T0Bv51AfmYznIx28KtbfFZH5c2Icg3ZnZyciIiLw7NkzMnX22Sfz9QcY4D98eM+T9/7up6utFan0eYeu9sRacyM4Ki3CDlN1+JqrYr+FKqJstJDlYYmKne4o9yWLX+0AlxXecPPeDgtrN+gbM6CvwlInbyy2dYfhUgcsITs3sLCFiTWrqucMcQV1zFkoARk1TRhY2cHC2QOm9q5Q1DeEjIYGJFRYjfTreHD3Jrz1ZOClJQk3dXEsI1AYyBHQFKiBqTAVqnrzIa01CwYGYvC0UEfQWlekBfijIDkJxVnZqCjIRxXFqeJcdB4rxKvGQrw9l4NXp9Px4mQynp1MxEhdDPpKA9FzOAGPj5ejt7oYQ3XFGD+Rj+en8vGykbanU9FT7Y8tB5ZAx1kSxl6LoOawECbeUhyu6lYSWOysSHY+G7JmwmTNMtB2lYKiuRBk9aZDw0YYqg4LIE0mb+GtDMOVkpDU+w2iWr/Q4+djjvQPkDWfD1HN6RDV/g3aHqJQWS4EnRUS8IlbAi2v2dgSuRLZh8Nw4+7F776vz+9e4/WLZ5job8Hr+42YaK3Dq7YGvO48gYFbVShM24acpD0oTN6Jgxn7cfrIEVw6JygRK21Mr81hLkR1psPb1xlX70xWJz1Xje2rrOC3xhyRW5chdZ8rMgLoWu+7nPaZwUhbFj/8+i8+7/xHEoWfZ7FFXFhMxcy5vyFksw3KI9xwLH41mioEPaGDg0M4d4ElCl/62/HzvxpT/6ON/7mi3B+hfuH8ZTq/RgTJfxMvMfC4lS99+oGg/WFinBeUmXg+iJ77d/BsqIuD/MMk0D8Q4CdeDNO5PoTU4jrklJ5EzuFLqDx9B739PXzhln88oIvLMuPFWDRHCCLTpkN2/nxIzJ8LERE6MDWksMxUCcerCvkL2LZ5E7TV1QjmKtBUVYKmigIPbTUlDnYGeAZyZTkpqCqw8XXpb1slWQnIkaHLEtClCeZSEgt4MMjLkLWLEAQlReZj21YCzv2O3+dZP2zBpfpygvshXKgTdLczS/86Ze00s3S2UAvrdi8vwAk2he1QHo4czEBEwAEE+e7CQbqgFyUG4Wx1IT6+Yx/mSzrSBvD5xW18et2NLx8eYbilGlGbnVCdcQC36vPIzhNw8VgOgnZsxELhRZizQAKz5woTpOfCeqkgKcbJxZ5Xhvua7MYKwrAkOFbWld0XFpmHBcILCUpk77NmYNo0NpVtDuSU1KCgpAoRakgxW5g5ixoFs9k8dmoY0Gd/7cY1vHw1SHargOgEKSSmyxIQZQmIasjM0kJysjKSUtUIUhpISFEmUMsjLZtBXQ0puQpIylIisGsiIlmWgqCfoofoVCMKXXqsMQHfBFn59rhCjZg3bwR1A549GyNAPOBj6MeqK9Fwqp4vnXq0ppIvn3qosoJnhmeQ0YaGByI9Kx05+cXII5AnpWcT1Et5DXJW3jUmOZsDnBs5wZ3dj07KRDzZejQBPSA6DTZObpBXkoew8CxILKDPjBv6z3wFOr7E7CTQ2di6wNSn8Ba3AOg/YpnNEv66k+Mi4bvejqx8A0qpEVaWsQ8HE3cR1H1RkBaE/LQwZCWHIjUhhCIUSXFhSE2MQnx0KBJiw5EQH4mYqFAekRFBiAgPJoCHEHRCER4RhrDwUISEhHCgHwgkiPv5IigkGPv2+2PXnt3YvHULtm7fxg19w6aNFJvp/nZs2rIZGzZuwcZtO7iVnzz9+9Qzhr+PxK03Hz9h/OUn9D+d4JY9MPCGLH0APb3PeJf76NgndHYM4vb1+2QPtL3bxY2cZbO/pobAyzef0d0zjFstPbh7+yHu3unA1bMXcPVYNc5WVuLq6dOCpT4vXeY9BFv89sF76zY4r14DM1tnyKobYOo8CVxoEoxjfvz0nhoRD/kc9adD9zjQh8nGnxLgx58/ILB3EswJ8hzu1BienFnxn+ya7ftPoGf7WLGO48ePk7k3IzU1jRt6ZqZgXJ0lBX1d+OLvfh62tsB3lTscFCXgrSOPVari2KQhifjluoi21kYIyQirXhe1zg32jith57oO1s6rsXiZK/QtHKG3lOBNRm5o4wSDpY4wpjAiuC+2caHb9hCRlcdcSUlIE9SN6DHmBHUTO5IfQ2OIKSrSsZyKp72P6Lml4KUtCRsVYegazIGBnTgUdESgpDUfFvricNFfBB8zZWy2VMdWKy3sttHDPnsT+K2wRPj6FahOCsBIQxbeXsjDRGM6np+Ix1hdNEZqIzF6IgoD1aHoLt+PB4fC8fB0KRl8CR5VZKGvMhWDx1IxfDwV/ceicL14Cyw95GGxUhFbIyxgs1MDJqukYL6WpGoJgXqtMpR1p0HPagYMncUhYzYLlqtloec0D9YbVaFiMwuLDGbCxU8NSpZCkDOeAxGdX7BQawo1EiSgZi8OWbJ0ab1f+PKqLhutkJgbiqu3m76fnviW4E3HzdCjU+hrLcR4ZwVe9dTidWsN3nYcwrvWw5jorMUbVrDrQjnSIul8jdyMlORwpKWFID54F+Ko4cl+1ge7Q2rJb7DaIgMZej2KZgtxdXJ62/2ONpiZ6cJEXxamBopYaqoM+6Xq0NAUxwyh3zjIGcR/mjUFP8+eyldl+5mEy2WpBo7E+uB0+hbcOJY0OW7/htdmZyD/T3H2D2b+b7A/+++Jct8lyP0J6F+j6+HjyRyTj4I55r1tGOht58VmGLjZXPPhvg68f/mUj7ez7vevxWhYF/2bNy8e6UisAACAAElEQVRxrPEGMktOoLymCSmHmvGwdxT/YP+0pPAgNJSUIScuQa1LMm9lFRhoq8PCUhM2y1TponKHIHsfelqaMNTVga6mBnTV6cNTYlAXmDozdAZ1BnRm6l/vM7izUJFfBEUZcW7qDOwsZJit05Z10Qu64gVT4FgSnfeqld9Neet72IrzBPSzxycN/UgJ70JnZs4M/QSbukZmXlOWi+qyHNSU5yKPLty+m9egJCcBBUmh9NhcfP74jC6odMH4QlD/xLrbhyjG0NFUBUcDgt/OVbhel4u6giicLEtBdVEmtDWNME9UHUKimhCR1CCzyxFUitJVJ6DPFSRyTRN0qbPbguIxUzCFDqAZZORzhFgm90yyyRkQFREU6hCaR2BXVIaxhQNZPDP4aXzddw+P1YKLcFMcQiJFEB4jiuhEYcQkLUJqugqyycCT0lTJ0tXJNum1ZGlwe08j2CdlKBIwJZDI4J+uQA0AFppISNNFVKIWN/TkLG0yZBWEJagjLoNBXg/HTgSSnd3/vShJewuuXL3ClxitrKriMC8tL8PBkmJk5mQgPCoEMXExBPdcpOcV8mlbCalZyC4spUZFMVl5PiITMgjiWbwWeUR8OiLj0hAdn4GwmAxs3xsMQzNLiNF3PXf2r7xC3rwF0yA0XzCGzmDOwD5jEuZ8edlJO+dd8TN+4GPpTU0XMfHqBUpS96EyNxgVOUEoSfPDweQ9yE/Yi9wEPwp/ZCYEIDnWH7FhexAZvBeRIX6ICN2PuOgQxEYGI5oaKOEh+xERvB9hFCFBZIAhgQTyIASRie/fvx+BgYHw9d2L7du3Yi9t/fz9sHXbNnivWY1V3qsJ4Fuweo0P1qxdC5/167Haey3cPT1RXVf73QXvA7Hv3UdBvKF4TnBmMH/weJws/A2e9L8mgx/kBUlGR96jo7UXN67exZXm22Tqbbh9pxtDI+8w+uIdn3f+eoJMvWsUF+rP4dSRo0ijBkp+QjTOVZSjtrCIwDuERz092LrHDz7bd2Dl+o2wdV8F/SW2kFTSxa+zRPHPX+bwdRe+AvfpcDdusqWMWxvx8EETeh5fxROWMPfkBt+yDPhnY91/O+c8LDQMGRmZuH37zn98DCvaweDNut/9/QNw/vxF1Nc38MIczc3N/3VhmtbrV2EjIwJb6fnYa6SIorU2yF5pid36Mkh0NkbmOjv4uLrAwNQKGvqLCWqmUNI1gbK+CTRMzKFrYQNTWzfe3W5q7cShvsTBDbrmSyEqp4CFcnJQ0DWEDn0+Fk7uUDc2haiCAhLT0jDx8gUcVRfCykgYi5SnQMN6BjR058BUYR68TOWx01oLe+x04WdvyGOfvQGCHIxwwFYfKauX4VbmHrLyTLxuzCDjjsdITRRGq8MxRBAfPBaEJxS9hwM40NsK/HC3PAJttXloLU5EB12fHhZHorMoGE2pPti5TovsWhqO69WxZPUiuO3VhsN2bawKNIcO2bqG/TyYekhC3W427NepkMVLQNl8NgzcFkHJTAh6tmLQtxfGcoK7sR0B3Hw61Jct4FnwpmT0m4M9kXIwFjfbvu9Cf08Af/PsCZ48vo6egaMYvnMYnV1F1ODKwMCNdLy9U46x7jICeAXedlfgZftpilNk7Mdxv7MOKWEbkR3hjZzUSMTtc8cGN1dsddTizd6kvCiIG02FhtsMeg1SENP+jc9pd/Sx/FbFLTAkANOE6NpL5j2F4lchtgLbFB6/zplKxzfF7Gn4iUJSSggFwR44n7cLlwv98OLpI56gzYrHMFB/tfPvYf4fxtL/Yn/jHxLlvm6/A/qfwH7r5l28fy/IdXk20ouX4ySWBPW3ZOgc6q+H8fH1KD5NCLYsPrye3M+S6l6Po6PzIRLzqxGUXAOXoGMCoLOTeMvmzTA2MoKtlRW2+azD1nVe8PV3QnquoPrTfj8/6Gioc0PX19aClpoqv62roQFtVVVoKgugzoycAf0r5Hk3PAe6FF8hS1VBioOdAZ1t2bi6vIzEtyQ6wbi7AO6LxIVhb7sMp0+d/HYAPX7QinO15ThXcwhnj5UJllEloNdXHUQ9GXtdRQEZOoG9NBfl2UnIiglGaXYiijPiUV+Zjy8fWYla1t38gU9X+zTxkK4uoyhNDITSAiHYGKihMiMMxwtjcTgzDBVZsfD28CDjliDwSmHaLBnExmXwi9Zan03YuGk7PFauhoujCzVCPLFujRdWe7phlYcb1nqvhKO9NXS1NKCiLAdTQy2sXGGPCP9dqCxIwdk6Mt+CAgJKKA7s2QH/nevQdLGRDrK3BGZlBEaIIjxWHJHxogiNFENMggyS08gOyLyTkpWQnqHBIR6TrIjsHCOCtyKikubT72SRmCCHqGjaJqtSA0CNLkCaZPoaiEyUQ1iSEsITVRGZrI7QeHXsD1eivzNFacVG3L9/lpcNZT+jY2N0kF9ASVkpikvLkFNUhNRMAjOZbSiZbEJiMtJy2KppudSIyOJZ3ikE+diULG7lDOqxKTmISshERFwKouLTsD8kHuu37IW6th6kpBZCWnw65i+YIZi+JjSVwP0bzzNgBXp4sZ5pgvK4X8fRBYD/iXfBsyVXeQPk1nkO89IMfxQm7UFe/E7kxO9CbpIfMuN9ERu6DQf2ruXzhv2203bXegT670Dw/j0I3LeLxwG/nYKt/2461nciKMAXB/b5wnfPLuz334e9e/di27Yt8PFZg61bycK3bcXatd5wd3eloO96nQ8B3Rteq1dhpYcnKiur/mCldMQR0z4QwN9TvP34hYJlpH/G2IvPGB77gr6n79D75DXayMg7HxCEydKfDLxGC1n50crDqDtag3u3OqmR20EXwj4Cewee9Axg6OEjPO8fxm26yDTVHkV8ZCgOF+fhwfXLqC07hPqjR/lriEtJg7vPeix388Ti5c4ENjPMEVXAD7/Nw9Q5oggMjcKLly9/n2r2chSnG+g8OpqExlO5FHm40FiIKxfLcOvaEbyd7Nn5z3b+BZGR0Xj27DnPaP+rHnmWDHX8eD1ycnJx5cpVgvoFgvt+3u3e19ePW7duoXsyz+DSpct/27V/ODMJyW5LULTOARmeS7HHRBEJLsY4ttcD5bu9sM3LFdZ2DrB2ZIZuTQ0aGyx1doe9hw+WrSBzt3fFYlsX6FvZwXi5E8zoPpt7LqGkSkauADktHRjb2JB9a0NMXh4pGen8efX1hGHpLg952amw1hDBWnrePcv1EOhqyuPAisXYTw0LP7bPwRAHd63A3Zx9eHkmlWCeivEGAnltNIaPEcirgtFX7Ifuoj3oKtmNrrK9BOzd6CjchZb8nbiUvB4XcvbjfPJ+XIjegXNxG1EdtRJrVsjDaqk4tJcuhK4NvYb9unDaoABbD1Xose70JTOgs0wIZgRFQ3c5WGxQwrJtipAwmgmjNZIwdBWHkb0INUhmQ2/pAix1lUdY+npU1OTi2p0/Gfj793g3/gQTfd0YuHsEvQTwkdulGGk9QXDJxui94+i5VYIndwvR0ZKP4Z4aAvhFjBLM3z6qxPtHVQT4OnzouYz7TRVIifBDXMRu5IXvRdA2L2z1tsF6D3X0dXXgyvWLvFysHGt4rJ4DSaOfIbOUGv3q/8Svov8vbrQIpridv3gecsrS+I0A/pvQNAI5gZ0k4Vey8ykkCAz0kjLzELrFBufy9+JykR9eDglWKWxpbf9LM/9u/Hzy9v91d3xj07/D/Ns4+0U0N13Fy5eCfJfP71/h7asB3L58EgOP7hG0GciHiVGjkzE2CXW2fwSfGORZUZpnQ8g5dhl2+8oFQBdkow5hsZkprJaYIS4qHJlpMTgQ6YbuntsYHBiAAR3IDOJsyyyd2bqxvh6/zfbpaWpya9dWVSG4K3A7Z0Bnwbrcv95nYGfd72xcnXW/yxHI5aVZURpm7WJQkJGcnNsuCAZ1UeE5MDPRx9HDlQQ7AWx6H5CtNDWikS2TycbNCegM5ixqyvJQXZyNqvw05MeHoyw9HuVZyWTwhXwu4BdMENjH8Pl1G768bacP5RGOZIdjh6czdGVEEbF7LWqL4slwYpEWsQ8murqYJyRKFj4PQkJSZK6nyIze4uKlVpxvbsWF5jZcvnofTc336ILbgrYWNk2lDT3tHRi434GnDx7gccs9dN66hpHHnXjRfx/P+u7j5UAnhh91oL21C62tD9DZKqhQdPveEQRGSyIoRhJhcbIIodvBkZIEeDGEREkgOI7ux8sQnGWRkCxFMCbQpzOwSyEsll5/uAQSYhchLk4JsYnKZPgy9Ds5xKfII44aAtGJZPJJymTtGgiJU8a+MDqBY7UQE6uN2Gh9JOfYovlKAV69+n1qUQu9tvT8fGpUxCE8MgSBwQGIjImmhgebc01GHpeM0KhYRCckIyZJAHJm5szSY5JyER6XitCYZGzdHQRji2XQ1NPBQpE5BPOpPHdAaMFMMvUZmEktaRZs2tq3xLiZrMb7T7xWPovpBHiW9c6gfulSEz8mKvPDCeQ7kBu7Hbm0zYjZjqgD67Br8wqsWWmDNe7Lsc7TAWs97OGz2glbNnhgy/pV2L1tAzb6rML2TWuxd8cm7KHw27OVYjt8d2/H3l3b4Ld7J4e4j483NeJWY8uWTVi/3odA7gIHu2VwsrfFSk8PRNPncfjw4e9B/kkA8j/GOwI6M/SJdwT0558wOMwKxXzCk+H3uNPSh5u3utHxcBD9ZOxXLt/jPWhVlRW4frUVFy+w9Zhv42LNcVwpL0YTwfvS0UO4U1+DK3XlSE9LQFZ6Op0HVchNTkV8WCRePH/Bx+3NrO2gaWQBKRU9CEko4+cZovDZtAMDk+Uq//zz7u0EzpwqQnaGL1IStyMjZReK8gNx9/a5v0yEY2teN9Sf5N2YJ06c5OOFDQ0N/PryV/Bnf8N+19XVRZZez2/v3LmLJxAxa8/OzsbFixf/q8S5y9TA326qjC36dLy7GaM2YDVOR25Fha83YnZvwMqVK+Hg7gULOxfYuHhiufsqWNPW0skVpjb2MFxqDVN7Ryx2dCfIu0HNxIJgrgVpkhdVQ33IaihjkYIcUtMFQF/uoAlnQylssdTAPrLvYDcLhHtaInrVUoSuNMN+J30EOBmgZK8rOsoC8fIsgfxMMkZPEMTrIjBcE4bBykAMVgSiu3AvesoDyL534l7WZrTmbcXd7M24k70JNzLWoyHYGcW+zij19cThAA+EeBlhmbM0dOwJ5CYLYLtSAa6rFejaYInSw6th7DgXbmulYEXmbu4qAx0nMSgtnwvrXRqw91eF4WpxLNkoDxc/bWwNdEFeVSJuTS5x+j3A+/Hu6S287zuP993n8Kr3Il52NmLsQQXe3CrG0M18PHxYgX4CenfnUfTfyEV/ezrGb2RgsP8oJh6dxruuOvrbo2Tpp/Du0XF8GLuAjmv1iAndjsTITUgkUw/d5MiLQ222UUdzg6DOu6ajCGQWT4O8+Uw47lOArucCOPpqQttuIcQ1fsHGgMnV20g+Vq/35kCfMpcgTnIwhaA+lSC/UGIOonxdcDJ7J9n5btyrF1Q77enp/QZuZud/hPffGfr/3fg6bRt/LxXb+GdzJ8Cfo319fQOTJ8R7OomGMUhAf9x+ndd1F9j4ZLwZw9sXg3j3rJ9Pe/tIJs9+PzjQCy/f1N+BzqtL1dVATkoE6z3tEUNmk0onL/tJiI2FPh3U3Mg1NTjMWRgxmJOtaxPodTTUYKhDH7SaCnToPpvW9hXiX8faWWgoy9LvpL+Np7OQkRCm7STQpSXoNYhRiEOJ4P916hsbbxdfOBdGeprIy2ZT3l5NdlUM4dq5Bl5Bji3OwoJNZztOUD9MQM+ND0N+YjhKMhJw6mgZhntbqaXzCO9HW/BloossvQvvhm6jIoUszNsONroq2LxiOdJCduJgShDZ9DbMmz0XM6bNh5qqNoFXUNJ2ePQlwbwDZ5soaHvhSifOXepE46V2nL1yHycv3EMTAf/WjXZcu9qCZrp9+TKB/3IL2UgLmmh7+Xo7Gi+04UwT/V1TOzWeBMkSsWlWBFlRBMVKYW+wGPxCJBBBxh0ey8AuhkCC+oFYGdoniwjaHogURSzdjkmSJnCKIShEGFH092GsIUCPjU1dRJYsiYhoMcTFyyEyVolHUrIW2b4GgqJVcCBGgRoQcggIXkTPJ4fQaG1qSOjgcE0AgeXet2Ok+dIl5ObnIiBwH0LDghESGUnmn00wj0EMGXsgASQqnkE9ixoMmdzSY5JzaZvFu9s37zgAY3MrSND3K7xwFubPZ/P4p/Ipf6yELit3y8bKWfw+fv4rL6X7NWZOTm9jBs9mGPAxtZaryI7dhozoLYgNXIvdG53h6bwE7g4WcFm+mIe7wxKssDWDC21dna3haG8DR0d7ODk4YrWnK4HdE+vXemDb5rXYSaDftnkdtmxci22b1mPjOm94eq7Aau+V8Pb2wNo1HnB2scNyawsE7PdDW1vr75D6Iiju8meQf433k1B/8x4c6E+G3qDr8XPc7xpD631m6MO4wZLdHo6hm24frzmDqqoa3Lh4A6fJ1qsOHsSVqgrczExBEyt9m5qA0+VFqCtNQ1VxPlLSc5CTVYZ0akhFR8Sh8bRg6o/X2k1YIKGI6UKSsCZY3Wtt/6+6tUdH+9Dacg4tLWdw7+7Jv52mxqDLGjW1NXXw8/NHXd1x3L59G7F0Dflaf+J/+2EzUZjZ37//AL29fdi0aTPu3r3LE+oEUP/fwX68MB6NxZG425CNlrpcXCiOx83jRag+lMOHTdy8VsHOxQ2ObquwfIUHX2Z2sS2bZ24JfctlMLZ1hjFZuoGNI7QsLKBqbAhFPQI7Xc+UVBX5NEf2E7JuBfbaGSDIZTEi3JYg0Xs50tfbIYetFb/fHecSN6K/OgJvLqZj4nwynp2KxQiB/Gl1qKBrvSoQjwp3o7tgD1ozCOAUtzI24VqKDy4neeNivCeaE1fhTNQKHPa1QuEOK2T62mC3vxmMnRZySGtaC8N6nSwM7ERhai2KlT6qsHQRxtJVEvT6RWBiL4oVW7Wh7ygKLXdhLN4ohcjSbcitSkLH43vfDwl9+IC3Y72YeELScf8CXrRdxEjPNbx6chSvBwjKw8fxqv84Xt6n/V0VJCzFeNKZjh6C9PO7FXh+PRODbQXouVOMrlvpGLiZiXd3K/G2/QjekZmPM7C/vIoPvVdwtymPhMkLSXu3IT9sPWJ2uGOdtzUitqihPF2w0tmqHQ5wCtCBxwE9en8iMPWWhdlqGVhvVoLJKkVorFgIv8TVuNd+XTDzqKwYIrJimLJgOqaQKPxGcDcyUEZd5g5cLgtA26ncySm8zwjiTRTN30H9P5n4/1+4f+2C//NUtz/GH8fVOzoeUCNZcGwP995F9/1rmBjvw7uXTwXw5lAXjLF/nBjCk4e38Y4Elf/uzTi9p+Hvgc7nPSeHY/9aE+wOsMLDnns8G9XC2Bj6ZOD6k2PorMudha4m63JXgaE2+5063VYlU1eDjroqmboybZV517uepiofk/86rq6mKMODjavz7HfJ3+HOjF1GnN0nc+flZBf+Pr4uvkAw9k4NAHUlWcTHRFLLTGCRYyNPcZXAzuais2lsJ8rz6QKXS+8nAtkxgShMikRFYTrOHSOot1/Eu+G7+PK6Cx9H76LnRh1ywndgv7cNPJcawEJbGesclyB4pw+2+3hBSkwCe7bvxutXr3+vnf54BOcvduB4Ywvqz7ZymJ8814LDx6+h8vhtlNdco9vXUVN/HcdP30FNw01Un7iJ4yfv4cSpNpxobEf9mVacPi+Ik2cFF9e+J7exI0gMWwLmYdN+IWwNkMAmPzH4hkmToctgX/B8+IfRQRy+gCC5iExejiC/CGFk5SnpKkjNUERKmhzZthgZsigCY0QQkSROt6UQFCGO8Bgpsnx5RMcqIiGBdcdrkEWrEtSl4Rcmgj1BC7H7gDh8A6RwIEwFEXGG9NjFyMn3xs17tXTCv52sHd+N/IIcBIYE40BoOKLiEnkhlUgy8ZCoRGp8pCKWJcMlZpHF5yEsnh4bng5XtzXQpmOIrSEvNJ+tRjcNs+cKIP5HqE+fNYVXjuP18GcLlqNlds6APouXz53KQc+gHh0jWDO9MC0Y29bYwYu+OxcbEzgtM4adpQHsrQzhSLcdlhphuaURzBcbQ8/QDOo6xtCgMDQyhc1ya7g42mGFkx3BfQWB3RMbCPBbNnoTzL3g7eECTzcnHitd7eFGMA8J9KcG3u8XxKdPRwjYn/8d4B++8Ph9Hz3mw2e8/QC8eC1IjGNV4PoHJ/Dg0Tha7g+hvXMYLR1sju4Q7pGxXzt3BY+bruJsQR5SIoKRGhWIG6V5uFpYQMd1Nh+6KUxPQAXtu3SxCTfJ5g8WHEVCXDJS4pLwZmICly5fg5a+OU43nsf/7Q+bFfH81RNMvB3722lqX2Hf3/+EXzRzc/M4yLdt28b3FxcXcygLart//su/ZwVGjh2rRlhYODepK1euID8/nwP++vXrHDzPnz//29f8+uUIRvpv0sXxCkYHbuL5SAsJQBvGRjvpf7bgbssV1J04gqM1VQgJD4LbKg9Y2dtDz8wcRsusYWRDgF+6DOpmplA31oeylhI8VtshjxoLzVeP8ecoYV3GXsuQsMoaqWttUbzTFefit+BhWRDGGhII4ml4dS6Fg3y0PgIjx8MxXCuIwWPB6KsMQFfxXtzL2IK23B0c5peTfNAUTxCPdEN9iCNqg+1wiGCeukEfa1bIQdN8Lky8hWG/gcC9RgF2G1Rg4DAD2svmwICMdleIBQyXisDIfgHtl4COqyg8d9qgqDYDN9su/SkL/R3ej/Xg9VAbXnUewUhHE8Yf1uNV9xFMdDWR+FSR/Z3AWOtZPH9Si7ej9XjTdxifeg7i9YNavGo7irF7hRhqq8TQ3Wo8vF+CETL0gVsZeHUvnQP/WVcpXrYV4XlfHd6MVOHVeAk+jpVh4FowDqe5oyrBCg0hS1ARbIP6QBNcouvS3Thj/vrSCuIgZzobUvq/QcHyN2jYk+wZz4COG70vL+IF7TNfLY3FXtIkGoKM9b7+Plg6LMU00VmYITIb2ppyKE3YgsvlAkFlSZeXLl/9bsz8P42f/zvEm/+rjPff7zMjv/Cnx1z8HejnJu39D+PqV6/cxNu3gqTQK6eK0HO/GZ/ePKVG0CBGh7ombV2wvCrLfh98TMczNb7u37qFT3Ru/hvQP7x/i9zYVcjK3srv5+VkwcRQh8xYG6b6+jAzNpqEuQYHup42AVxDmUObwZ0BnI2n62mqk7Fr8P0sC/7rlv+e27o8H08XjKmzLnhxsnL6ggjq8pLCkCMjFyTQLYCkmBDFPIgLz+FT3XimPG0lRYR4931oUACePBFU43k2OoSrZ+v51LUT5bk4lJ2ArKgAZEUHoiAlGqXM1Kvy8KznOl72XsWTlpNkN2SUvj4I3+SC3R5WMFCWhaWuGlYuN8dyq6Woqan992QcMqkzTffRcL4DDWfbcOFyF53kDym6UN94D1U1V1FFQD9ccx3Haq+itv4GjtZdJcDfIqC3E9jbceJ0C0423kUDxdWbgrHCQ4e3ICBMksxcEr6R0tgbIYctgaLYEyqJfeHS2B8uiQMRsmTlUohIlCIDl0F0nBSFPEFVDvtDRQisBPgYcQQTzPdFzsOBKCkydHkybjEyarL2CAmEHFgEH9eFZO2KCCeTD6XYFyxMFzZpen5ZhEQoIixSnUzeABFRugiMUodvuCrCk01x6gJdoP6w4tuZxkZeUCU4Iob+fyI1MAjo0Sk8CS4yLh1hSWTwibnwi0jGMgcnqKgqYN6CmbxkrtCCWZjLKuwJz+Vd7TMI1HPmzaB9Mzjo2WO+Lk3Loc8WwuEr1U2Fgb4ugWI33D0FdQFa792C3RJ9OFgawp5Abku3bcx1sdxcH8tM9WBuqAs1bX1IKOpjvrQ2RKTVIS6jBlV1PViQmZmZL4Y5hZ2NFRzsrOG10hlrVrnDw80B7i62cHdmsZyOt31ob2v5QxIYXSRIu+/cbSMz//Jvdv4V5qxoDMuB+ZoUx8bRGdRZvKJzePj5FwyMfUbf0/dk7C8J7E9xvvE6ms/QBaeuhi6Ut9CQkoa82CiEhQTicsMh3DhVi8v19WSglWjMLUJVfhY1WG/TRbqfQNaPo4ePIi4iDE3nzv7XU8z+mylo/9v/+fr7s2fP8pXx2Hg423fmzBneBV9VVcWhzaA8ODj4l//j9WvBPPft27ejufkSjh8/gYqKSh5xcXF4Rxc/Vqrz717Tu7fP8bT/Fjrb6vGwvQG93Rfp/g2MDN7D+Nh9An8PRsc6MfC0Aw8f3cOxuko6XyLg6bMGJtZLoKKvhp3+m+gcrUFvXzO6e86h+7Fg2KEhOxZF251xInQN7uTswsDRcIwTyNn4+OuzBPNGOlcaYjBUG4rhulCMnAjHWH0kBquD0Hc4AJ3Fe3AvZwuuJK7FZYqzUZ44EeSMugOOOOz3/xH3HlBRbs267rl33DPG3Xufvf+VdZlFJGdEwIw55+zKwbCWy0TONDnnLKIiCIIoOeeoiFmRDEqUnDG/t+ZsGsG8/v2fc3uMGl/sr79u6H7qrVlVcztC9dYh8MQKmB1Sx+afZPgMZiyRbd2fclDbPAErdstCg4CntUMM6w4pYLehBmQWfo39ujsRfMEDZbU3xwN8eFgI8MZ7GC5LJAWej+G6SxhujAIenkdn/WV0N6SgqzyNYJ1O51xEX8sFDNSkobsxFk/qUun8NAzX5GOoJgWV5XEE9BQ0Xz+Frlsx6HsQhkdVfmjJsUNHsSnaMk7Q+z2ExyG70HZ5EyrOrUNH7Eq0Bm9AR/xqNJxfiaaY9eg4q4X2sNVoClqAztCVeHxqHV50VOP63ULILJ8AjW0zMHfnt9hxjJyX76UgR4Bf+ONkqGz4Fgqrv6blRCzdNhv25BiJHt4nfSChLAkZWTFYa+9FT1s9dyKv37jFlfn7IP5uNV70SUB/P9zHQ13UjOZNlc7gXlBADmhHlzADv6cVj6vz6e/2GP3dj9DXUUv2kPeEF0H9Sd9jZF1OQnZc8ttA5+PpLXWoqb5JX7gBbN9C3uqyRViutQArli7Eatb7nX5Ily5agOUE7GWkvJctmY8lCzVonyYWEKwZtBdpziWFrsFBvmzRvFGVzqAuKnNjMGfhd805igR0KajRh68sOwNz5GcJlwridHw21JXFSJWLataFoBfVsMtKzICk2FSu2vVOHEX5g7IxpS23kBAehGA3a5x0MkeQmw1O+zghPMgdhUnncTvrIrKj/OAtOApvy2PwtfwLLvq/YKuWGubKSkPv8CE0jzgKbz4yCOaXUm+T3cVlUt0JWXeRc7Ua+QT05PRbSKZjcQTv1KwypGXcQ1LadVLopWQ3EZ/KFPttJKbfRGImqfaMm+jqHkD/QDtXylYEbGOBPIytZbhiNrGRh4AAb2GrRKBWJBWuTgAloHsr0lIFTh7KpODFoU+q/rjJLBjZSELPagb+1J+Co7StJ5AhJ4Ag765Eqn4O7CzlsGLeV5gx8T9w4KA0LJzEyXkQJ2dBEl7uarCyVyQlPxdu7vPh4LyQlPUc6NvIQtdKDqZOqvRac0j5L8LFeEPUPbw++pnkFxbzucMFds4Ecz+4ep4kpe4PK7cACFwCyCnwp/fhhhM6ptj3w+/YsHk7Vq9l81KvheaCRZBXUYbmvHlQm6smLPkjk5WXgoTUTIiLT8OCxQugPk8TW3fsgI2tExKSsxCTVIjopGsoqxaOQVmb6mHLmkXYtm4JNq9ehE0rF2EjOaRLFi6GosYyzFBYgslS8zFZQgNTZs/BNElVyKkuxPxFqzB/oRYW0Hnz5y/EgkWLsWXTeuzcsgFbN67C7u1rcTn6wvjxxZciaLMZ0Hpx7345KUfmFI9R4y/YDGgv8ZSF2AnabIIV1m+dZaj3P3nJw+4s/N7POsR1k1LvIsXOEuXaBlFx4z6pihhEe3vjvLcnSuMScDX4PC55BMDPKxjR4REoSkhCRmQibkYlozgkHAFOrihIPo/nrbfpxRrQUHkXXi7O8HRyIrAN41/xeJc6Z9npoozd98GdTbm8Z88e3lAmISGBAzkuLo5nu39sfJypqtzcPOTnF+Lo0eM8M55Np8uS71g72YqKyg9GDfjvQeUVJMY4ISvVBzkZgcjPPoMbpZdQfj8dD+6l0W9eAb2P22hlpXmdVWhsKSPH/SqKriajvuEqauvyyHJQVZ2BylphSWDH7UyCsws6UjzQk+GNnkwv9JJ1p7vzcfLHSTZoTbAkoNuiLZmgnmxP++xRE2mCqghj3DujjUL3A8i0/wmRepsQQRZ8dBVOH1sFt0MLoffTHKxdS79/qyZg/s5pBG15qG+cjnlbZ2Dlj7JYsHIS9p9Qhp7zd7gQ44fqmntvlJH14WlXA/rqy9FXWUBKOx+9FXkE6xRSzQnoqLmIroog9F+1A65bYOBOBHoqL+NVhSteNrAkNpbMFoGBumQCezqGGuPoOil4/jAazyuDSaWfRettV7SkGKAjwwz9eX+gIfFHtIatR3v4RgzErseLyKXojt2IvtgVaA9dTp/HOnTFrkNn2CaC+1q0Ra7BUJQWemO10BG8Ev1xWmg8r0UOg3BWu/lbpDB3wwzM3zcLP2irYTUJEZWlk7DhuByW/zGFFPw3UF45Geprp2Pfca1x77+sogyrt6zCyWC/kdkaa5CbX/jBRLiPwf3Tw+9FHw7Hj5a7jSj1rPFNaepqH45002tAT2sZWqqvouxGNu5cy0Jt+VUMdDcQ6Lt5Wdtwfzs6Gh++G+iiR+SFcKxavpiDnClxtmS2ZqUW1q5cSspdi2C/mCC/hEOdGVPpDNhsyULuIoCzdbZv7P6x4XemtFXlJaCpMpkU/tdQlaWlhjiWLpDFYnXyTOUY5MVHx9wVpGeN1LTPgrT4dEjNmkaAn8VV+/5ffsC1ktdN/u+UFCLQ3gT+DuY46WLNJ+wI8XfBeX9XnHYxh7+NLjzND8PX+hjB/TBcjQ8h2NfrvT8Q7PcpJvUOLpJdyihDfHYFUgvKkXOtFpl5ZUgloCcRuJMY0DPu0B/oNrLybpMiv4GLsUUIv1yAWIJ7Ws5t5OSz/UIvOpeUryvB2dltLswsFWFmrUBwVYGVkxoEtoqwtJWBmf0sWDrMIrDLkQomxe2qDDNbWZwwnYVDetNxUFccJ8zJubGdSjAXwwkzOehZKkCXHAQjcgzsXVTw0x5JiE34n5Ca/J/YtUUMts50TddZ5EhIwtpeFgKCv42zMhxd59CxOQR8RRiTajek19e3kYK2hSxBne7Lme7LZSGCzu7HjRvRozO+1T98hIjoGNi5+fLEOBuPU7BwDoSlGytji0LExXREx2Xhclw+fR45tJ1Ky3Rcjs9CWEQiwul4xOU8nAyJhVdAOILD43A2Mgmhl7NwIb4QUQlXEZ1cgsjkq4hMvIYLBPSIxOsYIqn7sK4Gm1YtIIjPx1ot4f+bmiYpciUtTJPXwmSZhfhWSgMTZ6li4kxFTBRTwAxJFcgokrKRV4O4lAKmzBSHhKQcNDQXYJ6mJkLOBI+rIX8NcqENkdRmdaxDRGeWs8ntuXCq06cvXvGsdgZxNplKS/sTNLUPo6yyGeVkfUMEOoI668PeTbDvHnyJ9rY+NJDaby4oxJ2wCFx290SEiztS/M8g90wsIgOj4eF0Ev6OHsg8F4KkMxeQG34Jd1NTkJeQiMQLQRh+VIRXXXfRU3cN4cGBsLe0wZXC/P82zN8HXi8vH5w8GYTy8vL3nsNmabx//z7PZmch+IaGBoSHh8ObHJZ79+6NJLy+eq9TwL6PDN5M3bMqgvb2dt6YJi0tnTsJbPtTEudKS5IR5K8LH4/j8PfWQXioNWIvuSMh1gP5uSG4dSOO7jMD1aTk6wjkdQ2laGq9heaWUgJ5Dv3t0lExAvSnD2+iL8tX2AQmxXUk2c0BzXHWBHorArkV2pOF6vxxkjUaYyx49vqDUH1c8TmIIs8DSLf7ATGmO3DBcAup/Y3w+2sFjH+ei13fK0B93UzM306/bSu+hITmV1i4VwLzd8/AfoNdCInxQcmN8X/T50/68bS7CcMNd9DfkoD++ovovx+KofuxGKgkgNcl4hUbC6+OxaMrbhi6aoielL14nr0fg9k/oTVrDwaSj6I/2Rh9ecYYKrbAcLEt+m8bYqhIG30lZuhKPojWiG1oj9+Bpsj99D43oil2KTpCV6GfoPw8agP6E7aiJ3YrELsHQ4nbgYQtQNwO2t6MF4k78CJhPcF+N/rOr8dQwka8uLwerQT+4Yur0Bu3BIPRi9FZbMPf064D6yC/mhT5rulYtGMq1LZ+C82932DDidmYs+UbLCTnRlZrAtb8oICle6Te+nsPDQ/xZVNzCx83z2XK/J3qfGRf/seT4sYe/1B3udEw+3tUe3bO2+Pr2dmvVfvtW/f58BJ3antqcSPzLFoe5OFZfxNqywpRX3EdL4e6SKm385K29wKdXYRNRckhTcqbLVnoXaTURdsc6LRkxvePqHBR+H1sUhxbZzAfuy0qbWNQV1eWI1BPw7RJ/w7JWZ9Bc+4UArokFqhIQmr6N1CSFobYRWVvPPwuPxtKBHsJsW8hM3sawX0aJGZO5sudWzcgMz119D1dL8giBSNAkLsdzvg60dKWts3hZXEMftYn4G56GKdcTdBYW/nBH4T+wae4lHaHQHIL0aTOE3PKOdDTi8hy7yCDQJ2WQVBPIwWedgtpWbeQlXsLGdm3OPCzi6tQcrMOV689QHHRHQJgKy8Vc3BaAXtHJXh4zCOFOxcunppwclOHNVPFpI4NraSgYzsLOtakuu3EoS0QJyUuh8O60/Cn3kwcJKD/dHQ2fjkyk+DO9jG1LgMLOwKwjQLMHORgZaGCudJfYu/CGfh12WzsWjuLZ8+bO86GtYsUrcvCzkUR9m7KtFSCtas8wZ6NrxPUrcRhYCNNzoEsQZ6pdA0CvSo9V53UvQpcfdYiNdMbHZ2vZ3zLv1IKW+8zMLbzJbCfhWcQmyM9EafDCNIRKQiJysaZqBycJTvNluTshFwuxJmYYoTEluB8fCnCEwjYydcRnniTW2TqbVwgZ+lC6i1EptwmsN/iztXwE2HSlberPZbOmwMN9XmQnaOFmYpamCq7CJNImU8Qn4tvZqri6+ny+OJbSXwxcRa+nCSOCVNmY8JkcXw5YQa++GoyJkycCi9v33eWnr1tr3DnrjDcPnY/g/oT+i72Eag72Dh57yvUNvTj1q1aFOTfRHxcJppbe9De/4Rg/xy93f1oqqpHUXoBUkLOI/d8OKnuCzhL4D7t4Q8ve0+EeJ3D2YDz8HZhVRuRuJIQj/iQc7iWk4eHZffRWHkfyVHnUH0tBo230/CwNBGVxQmIOx8CPzeXj6rYfxboT+iNskYx1tbWvOxMNE7+rucz8LLM9szMDHKCBrjyZsY6yLEx9hcvnnM1/26yC+He2dkFNzcPVFVVk2I/xkPyrAyurKzsk4YEhBP8eOPUSQuCuwU83fXg4vQnXJ3/RBgB/mK0K+ITfJCeHowbN2NRV1+I2ofFaGy9gdpHxXjUJOyw96TpPkHciWDtQMrTDq2kxFsSbISKnIXYCeZsf3OsFeqjzVAZboCyEF3cJWV+xfcQEqx24xIPra9H4LEVEPw8D99tlcOaH6WxZJ8UVv2igJ3amrDwOIpTkZ64cW/8ZCboe0wedBb6ii+gM90bzenWaC30Rv8VQ6DgGJqK9TGQb4neHFLgJV7ozAnCUKoVhjP2oz/rZ3RlE8xTfyCFvQd9RT+iP/E7DKT/jleJ36MvbTta4/eiN2E7+nN2EeR/ABK3YDjhV/Rd2IrnCbvxLG4f2hJ20r4d6IjbgLawzehIWEnnbSKAbwYyd6M7cTdexa3CYOI+vEz4BU9iv8er2H10zg/8vFfkULxI2UbXW0/X2Ynn9JqtUeswkCIsS72QFowlP8vwFraLds+G5i4xbPxLBaqbJvK51RftmQnVVV9iwwEJqK2bxP9/3jXjX15hMQkoofFkuPx3AD2/6JNq0f9Vli2Cefb4CV/GlroVF13j98///Z/1of5OMh7dT8GLwUfo7XyIhto7BHNiyNOu9wOd1X6vX72KA1sUcmdqnYGcrTNj+0UKnql2EfD5+Swcv2geFs1j0BaqcAZvBvkl8+fyMfSFo+F5NV6rzgDNwu+sFeyMb7+ClPhEyEp+i9lTv4YEmTwBW5Q8x6DOzmMmKzkD0rMnQZ6cAWV5cVqfSop9Cg/HM7ivWbEY0VERvLUkn761oR4pMfRDSVA/5WnPZ2LzFmgjIeIUBgf6PiFBiH5QegZR19iJO5UtuHa/EQXXa5Gadx8pWbeRnHEDiak3EE+QSSIFn5B+h1T4LeQXVSDvSgXPhL9yrQrXrpXRP8yNkZrcNFhZq8KCgOnmoQ5Pb1U4uajB1WsRnDw1SJErEUil8PuJ6ThsJIG/zGZDl1T8cTN5HDWShba5DEzsSI2byuCYgSQpdlkYmKvA2FqaK31rRwU4k+L+eSs5OhozYLNPFZbfqWPzvIk4bjodpg5MmbMxeilS1gq8payDizwEzrNh6igDA0tJGFiIQ5+uZ0zq3NFnOWw9tGBorQwjMgMbSTomB3P7BXB0X0MK3Ah1D183oWhs6UB64V2EJZYSsK8g5FIhzsUW4VzcVYTFCi00vgRhbDueVCUB/AKB+yI5TpfS7pLdJufpPm3fw0VyoqIz7iKKPtdI2h9BUI+i80azsgkYCxatwGyVpZgqvxjfSs/DN7MI5GKq+HKaAr6YIovPJ0niswni+Mc3YmQzaH0G/vH1VKzbuAP5BUUfLT0ba109Ayi5duOdx9j4eGvHE9Q3D6C95zkedzyl79ZVXIpKRhgp64uRMUjJyERleRVqr13n2evJkRfgQnBzs3dEeFAUvN2CcfFMFAKdvOBjaYtQR1ec9vTDlewc3CzKRWxEGOJj2Kxb8biSlYZrmUmIPe2BxBA/RPi6IOviSRQlXYKbnTVuXLv6L4e56ME66llZWfMStaqqKt4N7n1gFXWMY9cUCCwRERFJ34frCAs7D3Nzc1haWr4zbD/2XniHr4JCeHp6IjY2lifhsWsxBc96yLOIwMfyBvr7OlFbQ5/71XiEnHNA4ElTGBt/BxvbA7B3+AOurkcQdMoYScl+9ON6Fg8qsgjoV/D0mfAH9ml7LR8XF4XS21Mc0ZnmxK2D9rfE25Iqt8bDSwJUnDfkIfYbQUdQ7HsQOe6/IN5uH84ZbYLbX0tx4HtVqGtNxYKtEjhgsBN+QY64fvuNJLZnQ/S+mtFdkojms6SYzx7GcIwJXkTrYCDrLzyP+QHPY3fhSdJ+9MX9ivZoUsNxBwFS18jajxd52niW8Qdak7YB2SeAXLJEAQGXAJvyE+07gie5xzGQs5fWCfDJBPpcAjiB9mUaAzMp+MTfafs3gjw7Zx+exO/hSnwwYR+eEqBfxJLiTl+NJ8n78Czpe4L+RrxkcGeQT6Rl3F48S9wFpO/CAD3nVfxudMZvxUD8EvSHrUBb3DZ0XVyJvggtvOqp4N3hFv0wE/t0lxK4v4Ls8i+x7BdJbPhTGWqbZ2DF75JYtksCq3+ajnWHJqOzt+UtcVpScn1UmWdzdV78T4Xb/34tetEnhuALxoE9+43e8Lk5RWhqahmdirWj4S7uF0ahp6EE3c0PMNTbgNaGe+8H+pE//sCGNauxduUKngi3duXyUSXOgM0gzpaiULsI9AzszERKfvkSljTHQu5qvGRtoYYKHzcXmahl7MK5qlCQnMVD64vnKmD5QhUsVJfCtImfkX0BsakTuOpm4+cM5qKuc0ojPeFlJadCQWY6VBRmcbDLSU2j5QzISEzl6zISk7FAQwFBgT7k7Qih/bi5EYnRYQilH72bxf/9cCT74egfGEZLazcqa1hLziYUltQhOasMSVl3CeZVZOXIJaCzsrUSAnpzk7BULTjkewgcZGDjIgdnT0U4EcBNSX1bOanDlsDu6KIKR1cVGFlI47AegZVAfsRIEjoWCgRuMoK7oaUcjC1JPduqwNxOhZwAddovTZBWhAPt0/lRCkc2SMNyjxLs9qnAidTA9kXTYGAsDUMLGeiaScDIdibZDJ7xbsPVuSTMXdk4vhhBX4qgLQVDW1kY2iiS+leCia0ST5gzZKF4y9nQt1Kk155DCn8+2VL4BO7ClathpMh6heUYXQO4V9WKKHJ2otJIWafcJLuBaFLc0aS4LxGcWfSDATsm4x5iaRmXdZ+vM2NDHNG0FAFdaLeRebVq3N/Czfc0JkppYsLsuZggNgdfz1DBV9OV8dVUUuaTZUaAPpsgPotMDOs27+Y5AJ+myIWJbiz57cmzl7hXXo0G+rKNz2QfCceT9Q6BT31690EdHpQ/RGJcBkKDLyDQ6yTcHd1h5+DAw84JoWGI8fdHfGQ47GwdYWZqR8rxJEI8gxHq4IpIZ0+E2jnjrIMTMgngJQSzqAthCA8JRqCnF3yd3XHOxxfJ4SEE80D4WJvDVWABWxMDnPN0g7eTEwK83P9b/9/ve7S1tXGwsgQ11s517969vMyMzX3+oecxMLPnOjg4IiQklKvsY8eO8ecxhc/qi9nzmWJ/33XYOazcx4E+l8jIKDQ2NvIyt2vXrvHrs+MtLc0fGaPvR2vbA9TXF+P+/XQkJgXB3vEIzCx+hqHRXoL7Qfj46iEu3pMc1VuvQ9x9rehIdRiBuDOtOxHUnTjcWdi9JtKUj5WzEPs9UualQX8hz/t3pDj/gGjLHTiptxp6v8+Dhd1vOHXeHVevj2/k8my4D8N0/6yRS2f9DTx/lIrnDdmozPVGlc8O1Hnsw1D4HxiKImCnHMWLMIJ23H50J+/HS1K9jwm6r64cBvLMSKEbA6UCUu5kxeZAoQEtSckX036m6PNNCLK/0nX00Zd4DLj2BwF7Lzpy/sAgOQWtqdvwsoBUddxhPI07gqeZv9FxUvOpP+MZKfznad+h7/zPGIxcg+6LBO+EjWR7OcCfkkPQH74BnXF0TsImdIVtwkD4euAyqXlS78wR6AtfjS5abw/bisFLG9GUsA5DNZH8c1jxkxTUN83E4p0SHOiaO6ZCc8tUgrgyNv0ph+U/ikN59RRILfgKlXX3x32Gt+/eG1HexcJEOJYQ908C/Z8NxX+SEyACevaYhjRZ462yskboWL96gadDXWituYI7+RG4mhWJlvqb7wZ6KX0RdmzZzIG+ce0abF6/DpvWreWKnYGdjZ+PApuWIpizcXYGc5FqZ/uYA7B21VLaXjAKdgZ1Bvf5c5UI5qpcvS8ksC9WJ8VOYF8wRw5LWCh+jgLUR3rAM3CLussxU1eR4+F3UZY8B7wiG1OfyYHO4M6WspJTRo2peGbz5srBzdmOz2f+r8r8/diDhYO7SNU3EexrH7WjsqqRfjjqMcAcgJYyUiUKMCH1a+IgAUsXWd5UxshGjtQxKWlHNdg4zIWnz1z4BcyHX+BC3jCGZa9bEFz1zGZB30ICBvR8QwKqngWB3VYBds5qpNBVoG8sB236hz+0dDJMt5Na36sM71/nIvDIQmxUnwh9bVmcOCEOgb0ivS7LjpchcM/itfDGdrR0JGOQt6NzSLWbOkrTvSnghMUsHDefTSqd7aP7p9c0IdCzDHym9o2sFaFNjoK2QI6ckeVIS3OlH++a153C6h4TrG8jJvMGX8bnsOTCB7TO8hIeIJFZTjk5RLTMvI9EWsZmliGGjl+i7ehMUusZTK3fQem9pvElSwODUNBcg69mKAtBTvb5FAV8TjD/x0RJ/NdEcfzXVzOxdtOucSD/WA25KJQuGiNnCW+xicnoH3r6znrzoWdMwT+j71QZ4uLSkZSQhYhzl3A2MBSn/U7B3cEZ5qastawT/D1P46SLL3xdPBDk6IGTzt7IiU/EtUtxyA46h8te/siOjEZ8RDgiz4cgOTEejs4O8PFyw0lXV/jZ2MPb2gan3FwR4e8FLxsr2BgZw0zPEJ62dvBycoajjSWqKh787f/fj4XqWbY6U0Lsx6ao6AoCAgJ5mRlTywywH1P4TE03NzfzsfCMjAy+jz0/KiqKt5DNzs4dmSnx/ffHHAN3dw+Ull6DtbUdLzNl+y9ciERra+s7Q7FvjbcOtZNDfhPNLddRVZ+PnIJw+PiZ4OCh9fjryEZ4eRmOu49X5Ah0pb8GeTNT5LFCRV4TZYYH5w1w68wJlJAqz/c7iDT3n3DJdhfSTpugND0UdRXXx4+BD/VhsKcWfS23MNB0BUP1yeh7kIW+ugwM1WbiGWvu0pqDmvxI1ERr4579FrT670dnwD68DNqP/sv78YQg2hH3O57lktpO3U/qnOBdbE/wNSWY6wlhfk2f1LkdUOZLoCfA3zAXwj6bjpcy+JNyz6HtK8cJuCfISdDBUDFT8PQa2QT6EtqfTU5E4Y9ctT8L30sqnJyHSz/hcdQ6gvoK9IWuRselLWgK34aH0RvonlahJ4xgf3k5WkPXEcC18PjSErQGrcMALR/HrEcjwbw7fjmeRS2layxGZ76w1Ezb8juorZwByQVfQHbpV5BfPAlz1n+LedunYdsJgv3aKVyt79BbiNsVxWPKix/yJLhsHmJ/DfSx0P54tnvR3058exPsnwL00br17LfL2cYaaywlmu/g4cNKdLRUoqE8A/cKI94NdDNjY+zcugXbN2/iIGcKnYF9w5pVHOoM8BvXrhoXbmdQZ9s8YY4Avn7Na0XP9jPYr1y2ACuXkppfpMHBzmDOlqwenY+NK8pgwVxlLKH9izn0FTn4GbwZuNl5Y9eFWfJKoz3jVRWk+exdSnIzR1T6VA5yps4VZWeMA7yU+Lcc+lYWRmhseIT/Px+RlwxhYkwwtFKArqUMwZIgbSMOMydFCJxUYOukAQdndbh4zoW7jxqBfQ7cfdXg7qEMV1LzNp6kyh3ECd6zuCLXp+fauBCc7UmdW8nD2kAVvy7+CscWTsABrek4tkYCpuunIeB3NWxS/QKmJ5ShfUQSRpYSBHVpArosgVycq3QTG0mCsww5G+J0fBasbJRhZ7AEhgc0YWk9F7rWs3FCMINUOzkiDqT8XUmd031bkRmYS0LHVBzHjGfD2mkuKZ55sLWfjwsRx1BdlT86s1YnC1nfeYjk/AdkVUjKrUQyWWJOBZLI0vOqkZpTiRTal5TL9pUjnqAey8F+j1cZVNR1vPW5hpy/xEH+5TQlfD5VDp9NlsZn30oRzGfDzskT+QVXxijFj4N8HNBHkt8Ghp+i4EoJwfsFz2TnPdpfCNu69g0DrV1PcftWNdJScpGamIOMlCIkRqfgwsmzOOflB287R1gbk4o2d0SAxxn42LjDydQKp+3cEekeiMzYy+ioqUJ96XXkXo5BxfVS5KelkoK3hLWNBczNTOFgZwNPezs4Ebyd6bvraW0Nb1tbeNE+K0ND2Jiaw9nSiswGXo52SIiK/JeXqY1V3CxJjY2F9/b28lB4SMhZDngWBv9QcxmREn/48CEHPAu/s32nTp1GcfFV2g7j4fz3KvWOTnIgYuBEjktiYhK/l4sXL8LDw5NP/sJq2T/1ffT1N/Px8vqmEtQ3liC7IAL2LkcI9g1v3PRLtCTY8p7r9dEWtLRC3UVzlI+A/FrwUeT4/I6SKHtUFl1CW/149fjiSQ+GOmvQ03YLPZW3eUlYb1k6mupuoKciA/2NmQTyePTWpGOw8iY66gox8Dgf7bWpaMnyxg23X3Df8Te0eu3CI/fteBmwFc8j96IvnpRw8o94mXWAwExKPFEXyCIFnuNEUGfwpmWpBYGcgHnLBqjyoOO0Xm4nBHqumRDwOToYyDlES20COanzawfxKp9gnn8Cr+J/xovYLXiS+wt6cneh6/xmtAZvR63fWtRf0EIzAbs5YCUqgjag6jwB/DwBOkSLA/zJxcVoP0vnnV6BBz6b0EPbQ2RNwRvRcnk9GoJ3oCVyPdrihH3b/U47Qn3NTCgumQAZjQlYsFEKi/fIYPGPU7Dk5+m0LgnNneK0FMeNcmHCYnt7hxCUeQRI0SQrecVvgVYE9DwR8MfBt2Ac8N9W258G678Vps9+I0FubPh9BOqFBSW8tTJ7lJeX0fctCAPtFW8Dvez+PezZsZWAvpmAvhHbNm3Elg3rCeJrsWn9ag50BveN61ZxcLOWrKIwuygUz4xBXAR0ka1dxcCvyW251jxoLVIfDcWzJVPsPAzPbATaTM2z/SI1z5aicjd2nC0Xab5uNauuIgtlVvYmL8bBzkDOwC0ykUoXKXgGfQWZGbyByIP79/6Pw3xwsBuWtlr0o6wJUysCp6U8mQzM7eXhwErInFimuzIcWMjdTRVuBHR3H3W4uanD3XEOHOk4C8+7uCsR4FUJ/Kz9qzxO+i2Ds90SuNqsgM2huTBaK4YDGlOwWWkCflwwHUarp8Bxmzh+XTgJZvvn4OihWTwhzpLUt6WzJKlyca7ITW2lYUxOgoERORpHFbBzMX1uYv+AmvjnfJ++tRj0rJial4HAge6ZdbBzY+V0yrCwJfVuPA1GZmL8mJmNDM/Wt3fQgKPDfAT4bacf2TAMDXaPgH0IVQ87EUvKPC6bqfH7HOop+dVIyhPCPJkDvhwZBRW8OU8CV+9laG17d+7DwpXb8MU0gvkUGXw2iXXP83pP6dmn26hCJ3AnJqej5lEzBp+9wsCTV+gnyPeQ89zc+ZSAMIy6hn6CeSEunLuI6LBoxJ2/CH9S4G6kpoMd3RDtexKeVvZwtbCHp50bTrt6I8DBBaddPBHhcxrJ0RfRXFuB/sfNeFT+AMXZmeQQRCLY0xP2VgKYGxnAw9kJge6upM4F8CUF7mJqAgcTc7jbWsOTVLrAwABWBiY4SeeEBQUgJvwM2h43/cvGzt/1YIlvLOQdFhpGMA/gSpmF5FkYnilp0bDGh+DOnIFQen5k5EXcu3cftbX1BOaTXJ0w4L89rv6Kl85du1bK75kZ61DHQvhsMhh2H11dXfy5H2psM64cr+0BGlpu4CGBvaO7/t3npLhwVV4fLUB1pCnuh+qjOtUXzbdS0Ntc+UYdeA+G22ow0HgXvY156KzJQU95HgYqUjFczUrD0gjYCeiroedW56CjOgM9TbnofkjbtBx4RE4BO9YUh7abESgPN0Ch3jZcNtTEdbP1KLNfgvaQfeg/vR8dZ7eQYj9AalcHSLUE0v8kMOviRcFxDOX8gb7M3/G4VBsvrjCA0/EEYzpOkL9mg6fXLPCs0BLPs0xJmVtxld+fb4CXxdpoy9XHcPEfeJm5H12kzvvj96L54ja0xG5AH4G8wk8L9RGrUEnO/cOA+bjrshCVAYtR5aqBpgAtlHuybPZFaAvUQGPAGtq3AY8ilqAxWB0tAetR5bYe1dEb0Rg0H11nluBFVyVu3r2KvUdXwzXUFNa+uvA7Q06srwPSrlxATkky7lffQkNzHYaGB0dbEOcXXRUmnY0C/T0AfY+SHgt8IdRfK/L/bQlzbyXIFb5ztjaR1dcLHczrt67juMHht4HOZpratX0jdu/YREBfjx1bNnGgr1u1ghT6CgL5SoL6cq7WN65dzbcZ2DesXcFNpMiZMZXOjovOYcAXGkuwW4glC+di6SJWWjSXG4O3qNmMCNaiVrGvx9yVRmrXXyt2Zqxz3OtyOGVhv3hS62rKErScDRUFcQ5uBnFRAp0oNM/gLzN7MqTFJuLXH3bh6pXC/2NAL74aQCpbDc4uc2Fnr0ifvyIcHBRgZ0frBHUBQdXBQxHO7qqwd55Dal0V7t7z4O29EO7u82FtRQrdVhlurvMR5L8KQT6rEeixGGFum5AdJUB2iBHCTTfBcY88tsl+g1Uyk/HTElLja8RwdN4XWK34NfauJCVvoghXXyV6LZYVPwMG1pOhbT4N+jpyMDyiAINfVPHjkpnYPW8q5sz+B1RlvsYRfYK59TQcN5/Ehwtsybmwd2ZQZ93o2Hg+OQtW02HnLglzh9kwtmZOAr0WQd1MIE8Kn94TOTKOjosQE2eBlpbXoeDyunbEZJchLrecL9lY+aUM1pWvApmF5ci+Uon0fAb1+zwkPzD49N3JnfQl+WySNO9e96HSs79rTwjgnV1DCAmLweOuYTQ9HkBb1zM87iHF1vWCHJNePKhow507jSgsvIsAUuOBbl5ws7CBrbE5TPUM4GxqiVAnD/hZO8DH1gln3X0Qc+ocQujc1OhLuF1YgtAz55CXkYb0uCgUZaQg4uxpBPl6IszPBz6ODrC3NIONlRlCAjyRGHYK4X5e8CA1bmNoBGsjFmq3hED/BKyM9XHa2wEhJx0RGm5Pn2PIP63O2fb169eRnp7+UcXN4MlC6FUE8pSUVF6aFhoayrPRWVLbh5jKgMsUO6txDw4+w3u7Hz58mIPZyMgIN27cGBlPfP/rs2EANsELU/b29vb8flmTG9bwhpXYfcrjydN+9Pa/fwy+Kc0HLbmn0XkvC4OPa94AeB+G2mox3HQTPQ0E53KC84NS9Janoa0xEb21OaTKUwjm6QT1BHQ8SuOh9f6mJPTWFWOoPhJD1QR4OrejLgPd1UXofZBH18lCR1Um2ktO4+r5o8jz2IoC3RW4LliMOw5L0eKxHvcdVqMviOAe/QPaCeodl7TRk7Afj8MPoDXyV1K/2/E48We0xx7FYMIf6E/XxpMCQ7RnEeCLTLmKf1JsjsE8XTyh9eYSC7wqZGH4E3hRdARI+RPDyT+iP+VHtMTsRP95TTSd1cIVlyUE8gWo9NdCWYAqSkmMXPdWRQUtK5xVUUlWT8dueKnikfcy1HksQlX4JjScmUdAX4EK7+Wo8VyOugCm8Neg7d6lvz08xJJUs3ML/l7Dl3dMlfraCt6x791TrQrBX/jPNaEZ2xp2JAz/pjrPeQPu9+4+GP0ejgP6w/o6fLdnO/bs3IK9u7ZyqDO4b9+ygaC+ltT6OoLzCgI16xi3jPatIYivJOW+Cps3rOZqXZQ0x4DOIM5MVNLGwu7Csff5tK7BlfrSEZXOw/AjUGdKnBlbF6l0EcTfVOoiqDOICzPo1Uez59nMb2oslK8shbkqMgR5OT7OrkIKnil3JVoqSE/nKp3DXWoaxKd8AamZE7BvByt5S/nfCnMWcnb2UoeF/QxS4Arw9tKEq/NcWJLidSJl7GArB2tHKVi6SMLRXYNU+ELYEdQdPdQ44O2cSO06KtNSAdas/7r9YrjZzyf1qwwbgQZOWe/EWf018D+gDrPNstgsPxkrpKfir63zsWveTGhO+Tcozfwaa5dNhYm5Emxd6TosCc5GAtoG06F9kO7h6ELobpfCz8tmw/zH+RDsVsIS6S/JSfov/GU4AzqWM3DCfApBWg6WdvIEThkCuyzvIW9hN5NsGql+CR7CN7ScBSMWhbCSpXMVYWguCVOBHATWKvT6irAQKON8yEFUlY2Z8a17EIXX63GZ1fyTpeaUkTp/gHSy1Nwybkytf0ok9WOJbqP27F3tWscrdFaKVnqzBj5+58kpe4Bbt+tRUdWG6kc9qGscRHVdDzmG5UhPLkZyXC58nDzhIrAh0JrC0tAERtp6sNU3gQdB3d/eEUnhEYjwD0JUQDCiT4cgOSoSt/IL4OXlizOnghFzLgRnvD1xyssL7k728HGxh5ejLfxcHOBsa0FgN8Y5XzcEezjDVSAgp8EINqZGMNM5CjsTbQhMjhFI7REebY+zl8wRGmeKrt7mf0qdMxizxDfWgpVNpsJC5B8aY2cJbtXVNcjMzER8fDwHKttmrV2vXCkZeY1XH3QMMjIykZuby8PubOa1rKxsJCYmctXPQukfc0rYXOtMnTNjMGcVL0FBJ3lTGxY1EGXc/ze/0Rzgg21NGGq8j46WQrRXF6O7sQh9VVnofViM/kdZ6O4qIEBnoL82Ga2NCXjanozO+jR0txajtSUCbc2pBPQ8PK5PxUBrHLorc3n4vY0A31VThGHaP1h5AT21Kei6V4TBB8l4WR6GupxAVFqvRr7VSuTqzEXWcUXcFGii1HUpqtzXodJ7G1qDfiBVvBtVEZvw6NxeVAd/j6bw79Eaux+9CcfRl3wQA+lHMZx9DL3ZOhhIMUJLlgX6sx3QnkBqnyD+JInAn30C7WR98X+hmZR56/mVqHRTxVW/HQRwddzyX0hQXkTwVkMpAbyCfq9KCeBlzoq4xaDuuRB1/qqodl2GKj8NPHDXQm3AHJS5LMLdADU6ZxFtLyMnYD460yz+1l+h7EEFV+ZZOSNNWsa0XxXNWf7+TnAFY6Be9NZMa+PH3Avf0x720/vAj2a3v+saOa8z3t9W6Pl8mZUpXBYXlXIHeRzQTwb44ufvd2Pf7q34fu8O/PjdLg73Xds3YcfWDdi2eR1X4QzgItXNFfuIEt+ycQ0HO1vfQCqeKXmRMmchefa8NSsXc6DzcDtT6AT2xfPnCBPmaHvxArXRzHim2hfPmzPSA155ZNycAV64rkFAX6AuCskr83p2FnoXQf11jbsyL4dj07cKZ3pjmfLSHPaqbD52eVYKJwYlqelQkpwGOYkpkCPFrkiA37hWCxejzo+WwPwrH/fLUmFmOZuPfds4K/D6b2tS5Xys2lIKTlakYG0I2vYKMCfYMRCa0rauhTgMrCRgaisBK0cCqa0UbAiQFpbydK4SqV8ZmBsow/wXNdjvVYTPz3Pw8/wZWK88G0uUZmKBIjkwU/8LGjM/x4YFs3BCW5aD1pBd004WhkYyOPKrNIFfGWZ7lWCwTRH+uhtwUm8dLHaoYI7YF9i9ZxaOGs/AEaNp0LGYRs9jmfAEfXtxYTId3ZutqxRX+4ZWM6FLpm8lCQPeJ16W3os09M3F+TCDgYkUdAxmQd+Q3ouJMpzMFsDPfQuK84MwOGbGt0pS7Umk2OOz7yEu6w4Ssu/yUsGi6zUfB/mLd2eqvwVs1uWN2QjQx51D13j6Qgj03qGXSM++jtDziYiPzUNx4X2kpZegqKQcNbUE9epOJMdmwcfNH0Guvjjp6A57M0sOcytjMz5ubq5jCHsCvIelAJmXo5FyMQqhvgGIOXsOpwncyWGhiDh5Cu6urjhDijzAzRWejo5wt7eDAylzFztLONtYwpMAb2NmQtc3hAepdUdzU7hYC+BobQ5zo2PkGOrAzVsHwReMEZZojvNJZohIMUPhzYi/DXMGx/Dw87xXe15eHiIiIkg9B3PVzKD4wXFpUttsohZW0ubi4srHug0MDAnyCdwxEDXQ+BCYWXKbn18A/cDl8Ez26OhoDnXmULwrDP/m+6moqOCOBZvFjc1xz+6fJePV19fz+2PnsOt+KtyfPe/HQFsdhhquo7ssHV0E7u7GHPSXJ6O/JRF9zZl8vLuvMRm9pKi7alLQ03iFT3TS0ZKMJ81kDxNJpcegszIDrRVX0V2Rh6d1yegg1d5TkYWBhnQMtsaj/RFdr+IaOknB95aTk9CQgie1cXhSH4+nXWkYKI9DR7EnboduQ/yxLxC769+R/MeXyDzwH8jTlUW2kQJSLbfghuM83HSci2t2i3HTfiWaPX5Aa8R+NIXtR1XofrTG/Yb66F/RHH8QHQknCOYW6Co0QE+2KToTdNEco43uRB30JRxEG6n/muDNuOe7kaCthdvOWwjgaqj2VsNNAvZ9EiClzgtQQbCv9CCl7iBJwl+FwE4q3XMJAVwFNwKUUOQ0DyUec3GdVPwdslsuGqj21ODwL/Ne/Mm/qY8amgjkeRyUmQRyBnSRZY8CXtRjPf813PMKP5q5/q4mNO8bJ/9v17HnjE+S+1DYXWR55ASMAr2rqxMnjhyG9tHDfE5v1sf64O8/4Zcf9/IGM0yxM9u6ae0o1NlSFFoXjaczmLNjrA6d9XJfNVLHLlLtopC7COZMpYvWRdtsfJ1BnxmrWX/doEYVmiwMryGP+eoEZxUp2pbnte6L56nxcLuoWY3IGOAZ3NlSpOZ5ljytqynLQENJjps6a1YjOwtzyFSkZ0BWfBJkCery4pM53BcvUMGpk77o7+v7lwHdw383AV2SFDZTtvIQ2Crxdq+2bqxsjQDP+qpbycPcQhI2ViwUrwR9M1lSxtLQYaVq1ko4YSFBQJWCqbUqrOzl4OCqBBtLNTgc0YT2+tnQWS8FwU41bFWeAS25mZCY+hlkxL7GEtlvcWgZwft7LdgLlsPBhhQ/qWx7Uvt/7Z+FDZrfYq3KNBxfJY7Tx1fA7TdNmG6VgslWeajM/k+YmqnD0EIMRrbiBGpS6maTySkgqFtJwYFNImMpAQuCu7HtdHI+psLIZhbMHGRhZkfXsBKDtsk0GAhmw4DuXd9MitS6DAFdBgJjeVgYKsJKoApnS3V4WC9A0kVTtDx6PQnKg9o2ZF2t4iVtKTn3cet+w3v6BXw80e3pmxOocJi/qdJf8Yz2J7zn+kt0DTwne4XzEcnIK7iLuNhcpMQX4sKFVJw5HYWCtAKUpucg0vckXMzMcdLKGnEBgXCxtIadmQWsDEzhbuUIbwdXuFnawl1ggbNenoghgAe6uuOspxfOE6SSfHyQSArdx84BZwnozM74+8FOwMbO9WFvZQGBqQmszU1ga2oMwxN/wcXCGAHOdgjwciJompKTeBwB5wxxNtoQYQkmCE8RIDzJEqHxJjgbY4D+wa6/PXbOwBcSEsZD7r6+vnx8miWesTauLLzO4PqhiAk7zlQ2ew7r9BYbG8fD55GRkSMlaC8+COaBgQFexcDG09lrsi5zDOZ3797hz2WOgSjh8s33Ixo/b2pq4iVuwtazd3jUwd/fH2fOnCXYp7w3EfD58DABvB5DDyvR+TCDAJ6P3sZC9DfHYaA2jfbHY7g5AX310eitzEJPZRrBOhG9NSXoayrEYMdFUthRGKiOQjedN1ybi46HuXQsg1R3El0zFY8f5tNrZKCXVHn7g2x0VJGD0JKKbhayb6NzG1PQWZeO4eo8DNeQkcPQX55JsE9AWdxhgvcExHz/f+Hs+n/D6U3/E6d2/g+E7fq/kbv3fyL9T2lEGkxDsakScsiZzjGagzzn9XjguQrXnXeh2P9XZIfsRUXYX6gI34/as9povaSNiss6aIjQwaNL+zF8bj8a0o+gL/F31IXuRGngWlxx0UKetRaKnRbjWsA6lPqtwQOPZQTrJaTYNXDXdS4PtZfayaOQREipkxKKSTzkOc9HCQmWPHZMIIk8gRTu2anwMH2pK8Hfgj1HAkOPKz/6e9rb28dVeeYoxPPGAD1vdDszK29UuYsUO0ucy35HZzcR6N+V/f4a1gXjFPubWfOfAvBx540dRx9Tlz52LnVh6L1wVKWLbBTocTGXYWKgD0NdHVrqwdzYAIZ62vhj/6/47efvSLVvww/7dnJjap31eGeKnC0ZwBnURePoIgXP1pliF8GfAV+U/b5q+aLRBDkG9LHrIrgzoDPFvohUuqhlLJtbXZj5LksKXY5DnYXUWRieqXlR0xqROhd1qmNAF7aaHT/+Pp9Uu6aSLDd1BRkCuiRU2axu0jNJsU+DEgvJE9RlZk/i2fLqc2Tg7uYwWvL2zz4et1ZB11gGpqTQrRzIHMlIXTu4q8DLXw3ObnJw95wDCxuCnWAmBARCKwdpmFjI4oiBJEFdihQyrRvL4S8jeeiYqvAZ0mwtNXHOeSd8/lyFPxZOwRbFr7FdUwKLpCdDje5fesYELFWcie8Xk1reoo5fVqvi0M5F8DXagjD37+BptxT710+Hhth/QGXqv+PPRdNxVGsKfl4wGd9rTILJTkVsp20LUtmGgmkc5tqm02BkLUbqXApmtnSf5JSYmtP1rQn0VlNg6jAVpvYzYGwzAwInWZjaikHXfBop91kEdQnok8Niakswpx8YBytl6OnOggmB3Y7Wrel92RnPhbvZQpwP2I/7N1LwfGTGt46uQZTcakDVGxnunwLyZ6IJUji4X89R/vS5cPvp6LpIrYP3XX/Y1I3SW1UoLq2Am9sZpCYXISn5Ci5FpuFSWBxB2h3BLt6ICzyDUHcfhLh54JKPP+7ExSPYzQ2RQacI8gI4mAjgaesMb3snhHh5w5/Uqru5JbwI/hcJ7hkElxQGdYJelI8fzvp64RTt93BygrWFKSxMDGFpZkxLIz5fu4PAnD4rIwgMT8DH3RJnQu0RfN4Up6MNEJpAyjzJlIzUeaIFwuJMcOayPk5Ga6Po9uV/KhHu1UthRjorSaupqSWw+/GxamFb1mhaXv7oNdi4dlFREQ95e9F7Y+1c09MzeDIcuy57/oca07Bz2PlPnjzlY/MhISF8bJ9l2LMJYYT9Jj4Uyn/Bp73NyspBSUkJdyZYaP7NHvID/bWkkqtRXnuVVHQB+h6QOq5OxeAjlpGejYekugerszBYS+r7fhr6KovQ1ZqH1kYG23RaklqvyMFQVSo62q6i71E2nraTM1CXhc6ObAw2pJJiT8BgRSYp8hy00vG+pnx012eTAi+g17lA9yVU/P2tKRhqJVXenognDcUEdjaJSiqGSwOREfgzCsyVkHjgP1Fw6AtS59OQefRrZB76DJd/+xwRB6Yicd9/4vzR2cgxno1SbUnk2MijVHcOioy1cMVmMQoC9uCaz2/I8voeN07tR/05bdSy7925P1F5/gBKz/2C6/HHURb+G2oj96P63AYU269Auo0G0qzmINNWjbY1UOQ8j4farxGYcwPmccBzSDOj10ywVEWhEb2+xRy+zfYXGUvimrkqSszk+XNLBeIEdVXkmEugreTCB/+XmKOWX1TMYS203DeWeW9tj4c+U/V5o/OVi6CePRKCf6dKf4+CH5st/3ZYvoAEQDycHRyRnJLx3vH80VD8GIU+ttHM2H2isDuz/yHMtB6EDakEY309+oEw5sbWmWI30DnO54Vms04xsDNjUGdh+d07NnLFzozBXRR2Z9sipc7WGdTHAp0tWcY7S4xjEGdL0TpT5yKFzpQ8H2cnuPMQPRtj15wz0mVOZSQDXpHALk1glyagq/DxeGGtuxDootD72BA8C8+LxuDn8xp4JcxTluOmoSiDuXJSZHRNeYI7U+wyM6EgNRWS4hMhMWsCH3NnY/AWZvp49Kj+nwJ6fJwDtOlLdchkKo6YTSKFKkZgmwVTp1nwcFeFl+t8UqmKcLRTh6MzmylNlpS7JKxJQZvZKPBa82NmYjikJ4nfjorTtdRgYKoKb5u1cPpjKdarzoT6zC+gMv1zKJAzIjVzImZMm4C5UpOxex4p482qcPplCXS2zMGhzfNg8sNy6OxbC8sjO3BwtQyp+a8gOenfsUl5GtbKf401it/ix8Uz4fajKrbM+wb6urOhZzaNHIsJ0BVMh4WDPAQsokAqnM3oZukgSep9Oo6bTSCwE7ytp8PETgx2ngRtTzmYWM8kRS98zwashS1dQ89EHFZ2SuQgiOGooRh0DGZDV1sOAgM1WOjPgZ0pfSZ6anCzWIHcFP+3ld/LT1Hkr96a6Uy0PfD0Jeoa2nifgK6+Zzy8PlqKRue1dT/D1RvViIvPx6lTl3Hu9GWcD41GTnIBLofGwI8A7WVlDy9bD5zzPocg1yB4OQbA28kX4b7BCPXzxe2sNMScIagLLBHo5okAN3ecdHdBeGAgLtDxiwTu6ABP5EacQ9LpYAQ7O+GUqys8XVzg6epCTo4lh7iRoS706btpRo43A7qTjQD2Nsawd9CFb7ABzl0miCcYITTJBOcI5qGkzs/FGeFsrCGCL+vh1GVdBF3SwZlYIww/6f9bTWTePK+8vIKrIwZFAwMDUsCvkJycyidMEfVgf197aTYOzsLnUVEXERMTTxAe5NnszCEQlb59zDFgx9l5Bw4cwpUrV/m4/IMH5XB1deMZ9R+qP2f3NzaxjwF8sKcGj9vr0f0gB40E1cdVcQTyFHSVZaG1jhyIGmH4nFnb/QK01RSii1R2RyOp5Pp4DtnB6lgM1tA5FbdIxeegtymdnIA0dLbkoKOGQF6XhAFS8EO1yWgnG6Zrdj3KRXfnNYL7JTyuTkDPo3R0V99Ed2UOnjQnkaWh+xE5tA1JaCWoD5KKH7ofg+4sBzwO/wu3SBnfs5+LHOv5KLXagkqzXSg1XI0cF4KsiQKKbFSRZqiANB0xbqUCVdxzVsd1C1LVRvNxzVkLuS5L6PyNKCRRcJNAfuXcDyjw3o9i200oDvgZuf7fI/XULyh024SrnruR77wCeTZaOGm2EtkWMog7PgvZNrNRQiAudF1Cyp0BXAk5rgRuS0khqG1IoZMTzwCeTU5FhoEEcrQlUKRDz9WZgjzal60jhWKjqcjTkeDrFWHHPvg3LC29gYzMXLIcvhRBe+y28PjrdeE5ORzyWdm5o3AfN+Y+qtYLRhPnxofdC0eh/d7e8CKlTpBm86NcvHAO65ctgr9vwFtAHwf/7DHd47ILxkE9a1Sx57+t0PNzcuBsb0fqTkDevzmHO1tn4TwjPR2C+gmC+5849tdBDnQ2vr5z2wbs3bUF2zavGVXsbKydmQjwonF30bpoPzOhal+ONSuXjAM3W2cwZ9urVyx6Xd5Gyl20zo5pLVQnuAvr2JkyZ5AWbYtK3URJdPzYmP7xYxvbzB/pXrdgjiJX6yKoaygKFbuqjATZbDIxPr4uIz6J17BLzJoISTK2zubNLhszL/ZHm1cM9sHgxBJ8/8sUrP/5H9j919cwJa/UwkoVfx0Vg4vRXNgYqtE+Dfp7LIaz4yLY2cvDxVMF9o6qsLBWhJ6xNA6cmIpD9A9/gP7h/9JXxJ9/qUH/98XYqyUJhZlfY9LE/4Uv/vH/YNKkf0Bq1rdQkabXmzMdRltUEHZ0KVIFexB0eB3MvlsOu0Mb8efWJdimNQffaUmTQzAdauJfQ13sKyiLfY4VSlNxYp0MjNfOwo4lE2FqpABTa0me/ObuNx8W9KU1FEjDhL6sAjsVGAsUCMwzcUB7Ag7qTYKO+UyY2knCzkMGNo4s2iABC1sJGFrM4Gpd23gajujPonUZHDWdij8NZ9C2FPQN58DcUBWGeqowMVGBob48ny1rbMY6G9t+MiZ8/q4x8qfPhSp8eJy9hvoga9HaOUzKuxq5RQ9QVvmYl6Fx4L8QHm/pYirgHlJTismZc0WA7ykE+p1EqKcvggWOcNI3h62BALZGNgRsJ3jbecKVLOTkWZz2PYnTXv64nhaHK8kEq0AfOJibk0q3RZCbC0J8PJEYfgaJpwMRHuCBxLBgZFy8QKD3FdaY29nR99KSfzeN9HRhYqwPIyNdCMwNybRh56gND38dBEYY4iwp8LBkM1LjpMoTzRASb0IQ18UpAnjQGBNBvbQs+eNj5+My3t8djmbJccHBp5GXV4CwsHA+ps4UM8tqZ2Pn7wI7C5+XE/hZCJ3NdX7jxk0+0QsLo7NkOhYGZ+PmDNjs+a2tj9+6P7Z95swZ1NTU8OewqVUHBoZga2sPMzNhQhUbJ/+Q4ucq7/kw6h/mo+tuIfork0kJJ6OjKgN9DTlof5BOajwDzQ+K0VGei676BHQ2pKCtNhMdD9n84UnobYxBbWcWesoLMFB9FcPVBTwkPvAoAW2ksAdqcvnYd+8DUt507R4CeDsp7ifNiWglR6CnOg7DdK2OBjqnshj9jXT9uhT0P4pHK5uLvCWVHINIPCLl39ucjZ7KRDzL0MWTC9/hee5RdJ6mZcBOtBGIa/13oMJCi8C6Ao1O61HpsohnwJeaELSdNyDfVJNguxgPfdagwmsZymwWoNh5FQocNFFgtQwZFguR67oeiU5LCfIbkemyHqku+3DaUgvZTvuQ6bwMlyzXI8JsMc6aLUC4jjzOnlBDwH5JXCBhEUngDrNUR5a5EgptpUZD6Lm6qsg2pG1HZRTpiaNAezIydCYj+pAUcvZ/hqj9E5B6VIZDPOGXmYjcL46MY/8LWbpy7/27VVbXICMrh8M7PSObLGfEskeAzix7FO7c6Pz0LOF+IdTJxkD9tWIXjrULreBvzdI23gpRUEjAzkzBns3rsWLBPFyOSfhIKL7g9Tj6m8lxo+v53EaBzqYgdHGw5V6+mZEhV+f2ttZwdXKEq6PDqGJn4XidY0f4+PqfB3/Drz/twy8/7iG1voMnzjFIs6UI3AzwbOydAZ6ti8AuCs+PDcOz8DszEchF4GZwZ+tsKYK7KDQ/mlg3oshFbWUZ3JmJMuFFSn6R5pyR0LvyKPBFz+GZ8+w8Wi4eA3cGdjVS68pSbGxdGIZXlJhKincKJGd8g9kzv4H4jK8hTvBkYP/lx08rebuZHwf7Extx5GdVbNj4FTbungAzAritoQYpZE047deA8X5VHPpdGScOa0BgpgkjUwkOUFsrFTI12NiowcRSFn9qi+OIoSIOH1fA4YNqOLF3HjSlvsXEr/8Nn3/x/+Lzz/4NEtO/wgoC9HbNGTixUhyJBitQ5rELd9y/Q8gfK6C3ZwlOW/wO21+W4uiWBQR0OWycKwYNia8hOfkf0JCeii1zZ8N8BzkSmyRx/Dc52BG0nVyV4eapSDBRIAeD7s9KHpa2yjgVsAMCy4U4YSKGg+Rx/3D4G/xFXri+YDaMrWbDmtS7rZMUz4ZnterGpNaNBWIwsZCAmZU0zGykoGspjmOGs2AkUIaxuSp0DFWQmu4zLqwuAvnwmDnG3wX0p2+BfAzQR9qz9vS/IHXeibtlzSiv6sa9snZU13ficfcgOnqHMDD0En0Dr5CbfxMu7idhY2oLPys72BuawcfKCpE+HjhFKtpXYA8/GyeEEOgFJhb0d7WAj5sH4qMvwsPBDhGnfHAxyBtp4aFwMTfDaQ/WrtUb3gTtUH8vBDraItTXA6EBPrhwyh8RJ73g7WADZxsbmJuYwYqewxxtUyMDCCwMYWmjDTd/PfiG6eJ0jBFCCOBhSUKYh8YZ40wMKfJL+jh5UXcU5IEXT3Bj68FkEYkC+pyefLCJzHM6/uLZIJ49fULHmaJ9G/ps9rTAwEAkJCTyFq7sOmz+8traOl4i9uhRI59M5UNhdAZtppJZ2J2F9A8ePMi7xbFx7QMHDnBHgSWwva+8jkH73LlzPNmNKfyrV0t4gxEvLy9e6sYS8lint76+3nfeR3dFPtpISXdUkWJuSOXTjXZVFqLvQR66GhNJiWejn9R1f0Uc2msK0EmAH2xIxFD9DQzXxWOgIZ6AnUsAzkd3AzkGdYkE5TQM03ZfSwY62ooJ5hkE+Tj0EsBZ+dlQPb1GVTHayEHofljAE+FaCOaDbTHoIyeh63EyBltZTfsN9HcVYrg+HU/qM9FXYIynsfuBeHJasnUwGK+Lvkv7MRBOdnInmgI2otxlOypoectmEYo8VXHVRROFLptQYr8A16wX4oajGio8NiLPfAmpbXVcOaqMLBMZUvCknOn36JzBSnJWNyLUZB0iTVcgxlQNZ62W4qLOcpw2Xo1gg60IPCyFwAPS8Nw/Ey6/q8D/p3+D2+8TYf/7FIQe+BIX9JSRfGw64g/+f8ydB1RcV5auPTM93T3TbY9D225bspWQBMrBkiXZshWdlHPOEiiRY0FRUECRo4glcs455yiSQCARRBA5Z4QQyv7fPrcohBy6Z95ab73RWnvdWwEoQdX9zrfPPvvMQgx/GZLUZiHhsiwy1f+OfPX5SFSejyD5zxBHAI8nSQmWn41EVRnEnpuBiGsfwvvC2/CT/yOGOu/9ugcADfYyGcg5mGdNAj2LA3paejZFFneU3M6aBnv2NVmToM+eAr4U7q9tPW/SzvOnLP1N+/7ndp6Xz3qxZyAvNwU8dUXM/+xTHN637/VOa/9wad3r7VWnp9ynqty5mAb03OxMaNEPEehpEigMuAuGGQHd1EwEc3NTrguVuYkxjAwF0OPpQEtNlaB+EYpXL3G2zornTh0/iBNHD3JL3liw+fZjFEeO7MehA7sJ9HunbH3/HrbUbQsXUqhLAP8dwZ11mdvEHaVr1aVQl8JceuRsfsvX3HK3LWTrLNi5FOgM1lKwS49Se5caOgtpJf230u50rOhu9TJ8wzrQTTP2tUtlCerzKeYS4GdhybxPsWjO3zH/8w8wj4DJ4M6MnXWhO7z/J6SnJv0u0N2Nr8BZ5yRstfbBWPl76Ctugj3vWzjrfQdrzZ2wV92F63uWQ+HISlw++wW0VdYQrOdAXnkhtNVWwYS/DrbmZO8EUE0tORgI1oKvtQG8CxtxcKMcPnnvT3j7v/6Ed9/7T3w+80MsJ9P+ZuFHuPTVTMQqr0WHx0n0BV1Fk8dF+FzeBkddulAanUWQ5o+wPb8Rx79dgk0r52EZ/X/kZn2ELcsW4MwWOTgpfQdH9X1wdzgIS9M1BPO1MLJcLFlzLpSFnv5iek1r4CM+AhPRV+AZEJgFC3FVZx5U9eSgI5gHLd250DWYTRY/DyZWrLucDAzM6TaBndUTCGk0LzRbTOD/nAYws2BKcM/MdHqjYp113nz+/LVdT4+nvwC6NH7LztmWpuPPJPY99PAFaus6EJ+Yj+r7fSivaEFBUS3yb1WhpKIO3b1PMDT8FLlpBdDVNABPSQt2AhGMtAW4QbDtLI1F551UBDjawsvKHEkhAVzHRQ1tXWiqa8HLXcztSc6au3jbWsDPgazcwQ5xAT7ITYhFWkwkEsMC4WptDgdTYzhbWcDJygxeDpZwsTCCA30WLcnmrcwtYGwkAN9AFTbOOgRyXXjH8gnkBPAkAw7mXKo9nuAeq0NmLgkGdPcIdc7K2dy5J4VXpAa8ozThQ/fVNt36XTsfHuhClIs+XFTovamyF3fzYvEz2exvAZGZNAMut68B2bKzsytiYuI4kOfThY3tX85Mns1v/yNbZlbOCtVY9Tvb5OXx43FoaNCgxduXm7N/8eLVP50KYHP6fn7+sLS0Ils347ZuZYMOlg3Izs7+zTX0Y+33MFKXg7au2xiriyGgE0Cb4jDemCpJideweXMy9KYSMvd4Am0CJtrIwFlhWnM+JpqSuMcfNpTicU8mOtpL6L48DBDUn3Vn4FFdOoZ7buFxSy59bSYmGuMx0koW/oDOm5Ix9iADXb2p3KDi6QDZf1c2+voJ+A9YWr8II+3Z9P3J4ktpcJt0Hc/StQjmhtxGKy8S9DBGMO/2uYBer8PovXkeXT5nCOhHUGf4BXJ1VqOGvwllZNllVquRJ1yETLqmZNBgPFPwDeJ1liHx+mIkKSyA/9XVSNCYg2jVhRBfk4FYYRUCNNbBUXE7xBpfwZHEw+6cDJzl55OVfwQn+U/hIv93CM/MgPWev0G0+0O4/PRvMN72Duz3/QVGez6G89F/h813f4Do3IcI2vavMDn0Eez2/gniw3+B+NhbsNn/AVwO/CfcTv6ZrktvE9jfR8DZ9+n7vwMv+b+gOtvpF025JjjQcsY9BXMG8czJyOIiNS1r6lwSksdS2XMnn88GAa8NXpqGlwBdYusFv6hgl+zYlsMB+9c2Pr3gLj42Dgqnj+GbtV9gyYJ5WPD5Z8TPa7/bzOY3i+ZyCl83mZFCnF6jdAlb1mRx3FvGhnpQvq5Ao38tGvVrkqlr0kVDBBOhISzoImJjwz4MJnQRkdwWGuiDp6kGpWvyXApeTfkameQFnDt1AmdPHn29jp3M/fjJwzh8ZB8OH9xF9+3B4QM7uRT93l1sqdsWDtyvK+O3Y/dPW7n7d7HjD5s5K5dau3SunWsfOw3ynM2zdPwmidWzVDwXX6/lIC4Ft7QbHbtf2qTmtb2v5uxc2nKWgZxBfSOZOgP7xklj/3KZHBn7Ag7qLP3OKuAZ1BfM+hCzZ76HuZNwZ7bOCuh+2PY1wkLeXPLWWl8Je+0TcDE4AQfdg/AQnoa/zRl4CHbAkf8DXPXPwFHnOKzUD0D78laoK2yB6qkVUDxEMLy6HhpXl0KPPpgWxutgZczAvoku/Ltgp/MT9I5vxso57+Gjv/2J4q9c9mAxvY4v5r6NaxtnIkF5I1pdT2EskoexeAPUOCvAV3EnMv0dkGR+DmnGe+F3bTOOrJ+PVfM/xdzZnxDUP8HWZfNw5GsZXNi2EMJrmxAbqkLQPgBry3UEYDlYWMnB2nYpAXoFzKzWkIGvhJLuLFxV/xga/DlQ5y/kwK7GmwlVzdlk3LIwYQ1mRHMI7jOgZ/gpDExmQ2Ayj4yd7eo2F57+R9HaVvzm0rNpHdrY/PavgD5p3NNBPhUvJFCXpuXZnPggQbx/5Bm3BG3syc/o7BmjwUMJqqo7kJpcgOCAOESGpSKdzqtLqtGQkYui8HgINAUwFYpgZWQCe0MRbgiNUBTpga6KBGTG+pJh26IoJYr+RobQ1hFAVUkD+hpaMNbTh6uVJSJvusLN3ARZEWG4lRiLypx0tN8rR1VBLhwtTGGkowURq2PRVIetiQA+NyxhIzKiwbYejEx4MLVXh72XOoFZh0DOR2CKAbccLZAVv0nnymO0CdRa3Jy5R6QW3ELVOKh7RmrCK5zMnODOYM6g7h6h8rt2/nRiHOHWStDbPQ/8PfMg2D0Lxgfnwo9/AJ21+fj51TP8/h7mbNOWAW5bVU9PLwLxA+jzBdy8ObNoVhHP0vK/BXbpfQy6LA3PNl4JD4/k9kOvr2/kCuhY7c8/ml9nj7EiN7b/OlsmJ31NrC+8p6cPV9HOPpvTv8fEUCeePIjF+AMy4nqy5Wqy9bvpZO6VdF8yWXkyRmsZuFPIpBmoIzF6Px8P60ox0ZGHse5YDJGpd3clYbSVzZUXcPPoIx3MxEvwsDkZXV2ZZO5pBPZMMnIGcpZmp8FBeymGeuhnsP7tLZkYILD30df1N6fTgDIDDwnuo0PReFFhhhdJSpJe6sUE9AQCepwBmTrd9jmBPrE8RsTHMRYgj36fY2i+uQdlwq+RbbAat9XWI4eOxRqrUaq9GunKCxCm8Ali6HYqGXSm6ieIlZ9BAF1AIJ1NZiwHd/nFcKNzlzNzYKGwBKZKGyFUmAHHY3+G2/FPID4+Fy773oHo9Cdw3f1fEO8iSB/7K8Rn58Dq8mfwU/gcBlv/DNMDn8BgB5n7jvcg3vEW3Pb8C8y2vYUbdG6z522Ij7wF283/Cpvdf4Xr/j/C5sjH8Nz1B9gcfQfii28hzXX/tIzRCxQWFZNl/xriDOCpaZnTIgMpqZkU6ZKYvO819DOnQpqmlxbQTS+ck0C98I0iuTcr2iVmHU3vTSuRCZSvXgWfzyf2HcYiGbbF9xzIEtAXyszFxfMXfnM3tulAf2N+XbqMbfoStuxfzKET2N/S19UgQ1cCn0DOKtt1tdTonC5AulowIStndm4s5JOpm8DWxhIiE7qwGOpzj7NiOcUrlygUyCAloXDhHM6eOIajB/fjxHEJ0I8c2YtTJw9JTP3ATxQs/f4dFwzeDPB7d2zlDP7Iwb3Ys+d77NlFsYPt9LZ5CuTT0+7Tl7hJz6UNa6RFdNu+Xc+ZuxTo0i50rLpd2oWOAZ3rK8+MnsGdpd8n7ZyBnIF905erpqC+brks1q9YSMYuMwX2ZQs+gxzZ7IK5H3OmzkLSYpaAv+BzfLNhDVgmhNuD2V0IC+U9sNbYCxf+MTjqHccN3kE4aX8PC95WOGjshpPmUdipHoKd9j7YGu+HSGMrhOobYUgfxgsn5+Gy/CKyvhX099oAe8udEFudgODCt1hPFv639/8DnxLQ1857H9+tmYXd6+dBedtcZOtuRV+wMtpCDNAcTkYZZYgKh/PId9VCiac+yh0v4LbDKfhd+hKHVn2MLxbOwJyZH2PuzA+wSvYTHPxqFvSOrEKI/UU4We6HvcVmmJos4zrZmdosgJPraji7rIOD4xrY3FgNAzJvtqyNNZsxMl8KDb35UNWeC02theDrLYaIzNvElCBhOBu6gpkE889gbDEPnr7H0NRS9KvWrNJ2q1ya/eVreL8Jc4l9c+D+BdCnlqFJ9ygngLMOb81tfegdnKDzCfT0PaIPTDEK88oQGxGPAM9gxIclIdw/HMmhwahLSkKksxh6arqwt7KFs6ExfA1MYKPJgzcBN9jZEjcdreDpcgMR3mLYmIigpqQGdWVNbsMVX9ebcLWwhLuZCC4iIVJD/JAdHYJYfy9E+nrD0dIcBmx+XE2NBg2a3IoTfW2Ct5kh2bkeTK20YO/BAK0HH2bhKXoSI48XcMvQpOFDRs5g7smMPEID4jA1CnUO7F7hWvAJ04R/pDa3bI0Bvbwm+XftvDwzEvxdc8DfORv6BHOjfXSRPjYfNicXwuK4LCKt5DHcWUdgf/EPwcqK1MzMzLltUplNsf2d2Tpwtoa9sbHhH268wlq6sm5xrBFNTU0tt42krq4e1xaWVdSzNrP/rHBOshROsrNbfn4+XtEbixXiscYyL1+8nJpff/lsAiPVmQTp2xi5n8UVqw3UF6K1iaBem4XB1nT01VZi6H4mxhsSMdaViMdNuXjCOr51km03RmG4vgKjXakYbyE7byyk91Y2wTwJ4yyF355P0E5ANz13cIB+RvctDLTlcPY/1pWL3iH62b0xuD+YjCftKRjvT0J/SxJ6G+hraTAwVGSEkUR5PE44jlc5AhCdgTwDPI/Sw3i0Bh6GXyCgX0C3mAbugWrocTqLCvElVFheR4nFCWQ7qCKAtxvRlxYiSv49xKgtRoT8LPjIz0MQ3Q6S/yNuyssS1Ocj/PTnBHQC9LF34HrpbQL4H2F7/B0YXVoKV7rf6MS7sD48Azan/gYxWfeN07NgcfYjRBmsw1CCAVoLHNBe5oSGu7ZoLXRGSbI9UqwOIuTKTPgrfQCdk7NgRnB3OvFHmO/+M5wP/Cucdv8bxAfegtWRP8Nxw79AvO8tiA8R9Pf+GX4nP5z6e96rquHS5GnMzNOzpsAtCQbvjNcAp0hKSeOOySxSJPdJny89lwJdYuvZk/PruVNL37g5dIJudl6hZJnb9II3snQ2CPB098T+7VuwQm4hVi5ZhCWyC4kBMhTzsVR2AVYsWohVi1kB9zoEBoZzafTf7xP/5sYtr9vAvoa6tMp9Cuhs+YtQX5crtDERCrgiGyMD3Un7vko2qA6elioM9XVgJjKkD6URHY1hSvbB7mOPaaoqQunqFS6uKcjjqvx5XDh3iiB+DAcO7sap00dpMGBHH744hIVHITgsDN6+vtAkA1FTUUJAYBCSUlNQVHobd2sa6FiBnIJb3C/fiy50dg52uHxFHmdPneA61U03ddaoZvq8OjN86fz6VgK6NCXP0urSjnNSwEvn2KfS8czi163mgP7t2pVcsJQ7u82CwV2SgpcAncW65QvouGBqmZvcZLGcFO4L5rLbn6KkuBCDvZ2w1TgEFzLwG5qHYatyEAbyP8Dg0lbYqm+Bvf6PcDI4AjsCuo3yIdio7YGd0W7Y6uyBsfp2GKluheK5VVCgEbMubz0cLE8g0EUFQWYXcPibhZj/8X9g9dx3cfzrWTAh+N44uxbBatsQdXU17tMH+16gCbLd9dEUK0K9nybuOCrgboARKl2uo9FbFbcdL8Ln9ErsXvQu1i2aAZnPP+CAvnIBs/QZOL5hFoRK22BvvgtGhiugL5TjGtEYWM6HneMqODitgf2NZbCyWQ5zmyUws5WDGT0mNJsDLT0KXTo3WgBzyyWws5eDqeUcCIzY/TPh4nEAza2v9yFnGdWp+fHnb64bf/JSsgHKxO8A/cmLn6eWmz2f3ERFknJ/JXnuSwnQOzqHUVZ+Dy3NnWhu6UfV3TokxRLI3X3IpG3hZm0HTztX3DC1RRh9UG/Te9TO0h56WgK42Dkhhu1LLjTk1om7EqxE+gLY0tGcjN2KAG9paAS+uiYBXQPGAiPcdHBCgKMzbtJzHI2MEOklRm5sFFytLSDU1YEBj0dWrgVdNXXoqChDR00VujoqsLLg4aaXITzD9OCfoI+gVAPOyv0S9eBHNu4fR8dYXQ7m7Nw3hsfBWpJO1yaQa+JmGEuzM6CrIzCKhwCye1+K1IKbvwvzsZEBiFV2EsjnwoBgLtw7GxaHZWB3agEXNidlYHGMxWIkexngEdkt29bx91LgDMwdHV1cyps1omGFbyy1zorZ2M5qxcVF/7DjHHuNktT9LYJ5ELdVa1VVNezt7bkOcMza2tvbuX3Rf8/62fpzNhXAfmZ5+R20trZxc/asmQybLuD60BN8B1oSMFwl6bPe15iO4QaWSk/i1oCPNqWhl6A8VpdOUYCR9kw8bSaADxRipC8YXW1k7PfT8aiNINyaimGy/dEGuq+3CMO95ejvisfYYB7932PRO5yH8c5gPBgowFh9Fll5Eh7ToGF0NJ1r/zpCj489TMEw/cyhcne8DLyIn7PlycrPArk8PIpQBcK08NRPCeMxChjxuoA7DoeR56mIxzG2GEgLwrPGFAzWRKI7JQjFPmZw1tmKi1/+BaqL/wq1Lz6Fxt55uHn0LfhSuB37F9ieeZ/A/TZcTv4Ztrv+FeL9BNXdFHvegvX3/wmXE3+C87H3Yb/7M7id+Bw2Bz8iK58N51MLkWR8ED2F5ugqE6OBooqCndeV3UBXriNaih0wWmaLpgJT1CRro9RXCZnmxxGsvArWJz8nwP8F1pvfwY2jf4LNZnote/4Km11vw/yn9xGns1mS5aS/GWfmmTmTc+PTYS4JBu3XkYak5FQu2O2k5LTJcwnkkzhrT+cGAtPT8hzUpcvdsvMm0+i3kDW14cvrlDkbBNgR475evQqrCNp7ftiO6/LnsHfnj/hhG9tOfCNWL1uMb9evxd6fvsfXX6zED99+A1srO+7/8GbK/Rdr0qdb+nSQS8/p9WWzZXgs5W6oz+fmzbniNwM98PW1wedrQ1tDmQuWWldXucbBW6AnScsb0uMioT6FgIM/s3xm9WyJm/K1ywR2eVy7chEXLpzG6TMnaBTuCSdHD1gY2SIiPBElZbUE7mbcq21BXUsH2vuH0dk3irbuIbR0DaG1cwgd/Q/R2T+Crv5RemwMHfR4U3sPikvL6JedAWMTI+zb8xN+mqySZ6bOQM/m4Kfm3ier4RnMt03CXZpml6bcpVXyHPAnU/TfkpFLgS5Nu0uBLl23/hVbB8+BfQHWLFnIBVvmtlJ2NpaTtbP2sQzqLO194qhkx6DkUDEsFPfCTm0vbgqOw8fkLFx0T8BN5xBcNXfR+S7YGR/DDf5pOPPOw173MKx0COhae2GlvQsmmtthJfgB5qItCPKWR0NBBBpyw2FxYQe+XjQTa+b9DVe3z0XwtQ0oFu1FhcVP6BQfQ4f4NEpc1XB68zLc0DiJ/owbaArlo1KshIqbamjw1UITmXuJ0zU4HV2E7xa+jw1L/s4td5s76yPMnUGWLvMxLu5YDgO1byE0XEm//2XQFyyBiflq6BsvgInFchhaLoWJ9QICOEuny9FxIVm3DASmM+h+OYL8SghF87lueCILtlHKQhrZOhBMi6YqqaeDfPq8+LMXrwvfHr/4+Tfnz6VQl6TWXxHMX3GDAYnR09c8ZRuovMQ43TdCI4IOep8V3SpEfmY67hLYC3NyEXDTkf4GBGR9fTiQQdqQhfPVtGCsyyfw2kFXQ5vgawhHUxtE2TogxsUR5VnZiA8JgbXIFE7WNrAwFEJDWRkCLRrwKmnQZ0gVKspqMKfvF+3jjYzQEMT4+tDPESKAwOZGFwJ9bRpI6xvAUE+foK5Bn7nr0OOrwNpBG55BZKOx+ghJFXKNYYKSDRGQqE9w5xPIeVNAZyD3jtLmzll4EcC9ycQ9yci9IrQJ5poEcQ0EMIOPIFOP0ETP5Ha2vwb6zyiIvQnhnrkwISs3PjAH5ofmwfr4AtifXgiHM7IE9Pl0ez5n7Fbs/stf4lasI549Hp4snPv5NzdhYdBmVe/sXykN4tk68JaWVq7BjHRbyH82P/7gQTMqKiq5uXG2jzqrkLdlHfV8fLgjq57/R1/PTJ2tf2fz7GxgwdLybHc3rg6AzaOTnY/U3yJrTkJfUwaZOgG9PoXO76D/QQQBO4sgX4nHzekE80QCbj56ulLoa8rJ0HPo8QwMNZJtd+ejt4NsvCUZjx9koK23EMM9cWgcS8N4UxTZeC5GW1Iw9CAfo+15GHxQgpHBLLL+exhroIFEZxWeNmyvnmIAAIAASURBVBWgj0D/c5gRxoPOEcwJ6D7X8TRaAS/CVTDhL48noVfQ466Cavpbl6ZYcGvhnzbfwYuee/j5IQ2URu7hZXMO6ktikBltRWb9Hc7Q9e/Iovewa8lfcWn1f0F/5b9B8NW/wOXHf4PN1wTw7QT4H+i48y1ujlt8gmIXxf63Id4rQ4D/EOIdn8LlzAyEamxBirseHhXfRNd9MVoqgzigd1CMcEB3w4MyGzoy0LvR0Qb1FH3FNniQbY2HGX5ozBaikK5Lodo/wv3CbBjvnAWrfe/D4ut/R6jaDkk9x+goMrIlc90czDOyppm2xLYlEM+YgndiUsqvQgp4KdglcKevZ98nPWOygC5LMmjIklTFZ2XnTEu9vwYtS+cbGxriIMHbSqQPSyMeeNoaOHf6OBxtRairKsKt3HRYmxvD29sdYcH+OHP8ML5ZtxYb134Bvh6f+zm/BnrBLwx9sgnOdKhn5b9ZFGdnYw1rS3PYWVlCZGQIEwodejGa6spk62TuZOgM2gYEcQZ0KdQlRw26XxO62mpk6ioQCrShqylZt66sdAVXCOxqZBlWZDsXL1zDju/24vjhUzTiuYWq+62obejA/aYu3GtoR1J6HgxNrKGpZwIXsR9CQuNR3diO7sFH6BkYl8TgY+52Lx37hh6jpq4Zzs7OXKpeCnXpXLt0/n0qBT9Z/MaO32/5emozmOlA38SK5+i+Lex5ZOqbJsHOoM5CCnmpqW9g+7GvWMhZOkvFr1vO1q7P5zrNsWr4RXM/wfxZH8LBzhLPnk7AUe8C7LVP4ob2ETiQqd/QPEiAPQEX7WOwvk7gVt4FocoOWGrsgYPuETgaHoaNOtmw4jaINL6DWLQfloLv4et0AV3lYRisiEe6kyoubl2Gb+Vm4PxGGbhcXIsc/ne4Z/4jGqy+R5/7cQwHK6Lan49jX8rA/MQ36IgxRUe0EA1hxqjwVMX9QD1k2isijgYYrmdWYsOsP2O13EzMmfku/va3v+Ljj/9Kt2dA9dyX4KmvhcDgSwhNlsPGYR2Z+VrwDGWgK1zC7RInFC2FsdkyGBizivX54BnNBN/sc67pjJHVEhiLZOnxpci79eulZ7+E+PQK9idk2/VkUf1kWI9f/iLd/gb4X3HBzh89Y9uYviCQP8dzuuPF+Biejj3E2MQrDD16hS4aKNZWNSA+KgI5qUnISYpFoNgedvQZYDC31BVApMOHKV8IE54+B3LFy9dhKTSBnYkZIjzdkZ8YgyIaEET5+cLFyoogrg0DCh1VNW6nNHcHR+ix7yE0hY2pCHnxkShIiqOf4woRn8+1grUnKFmRsduam8FGZAgLoTYNkJTg7K2FgDgBQsnIg1NZy1ZDBCVK0uuBZOqBrPCNTNw/VmcK5uzIYM7S7h5hGvAmkDMTD4gm+EfSY2Tr3uGqdL8aUnKcf9fOB3vaYHdxI4z3ycD0IIt5sDkqA/uTcnA6uwg3zsnC/uxC2J9ZCFsyM/vTC3DjgiwcCfQe6lvQUBxBsj7BNW/5R8bNzJrtd85S6klJyf/t9e/SdexPnjxFcHAoPDy8uHNm6azo7p82xqGfw+bgg4OCEBMTw61fZ5u/cDt1DXVgtLYYffWp6Gq/jZE6Mu27qQTJUkwQhB815WGkkfVpJ+DWVpLFZ6OlLRIPGwn8DxLQPpCJnnr2eBYZeiYe0f2dD1PR25aIgdFYjDWnoH8kE0NtRQTzW2TicegfyOaWpo12VGP04R0MtN3CUA8NBroyMdhZhPFKX/wccQqIuYJnfmfxxP082kxP4RnBvEd8Bm0UTX6WeHzvNjAUT+93GggM3QLGyvDyaQsNotrw9OEtjFdHYqw6HE9qEtBVFAhr1dM4tHwmrq94F4Klf4Lm6nfg/M1HsNlL4D48aeYHmZ3/BTeO/AFO+96B+MBf4HnwPfid/jMN5mbCiaSj63YMBppC0N8YTEZ+Ew8rwtFMwG4mgN+naKJoo9uNdGQgbyh0RGuhNUFejEqKB3l+aK6l59wJQF9hCOqzrFAabopEj8vwVNuJbhokscFeHg3AJcvNcqcq2SUp9tepdAmoGchTOXgnJCZz5+woOX8T7gmTgJeCXTpAkFbFT1W/Z+e+hirXRjYPMdHx3ABcjcT3Vk4CSvISIXYwh9DUAuo8Q5w+eRwdrbXo7WxGZlo8mh/UYnR4EPdr7sH9pitOHD6ArV9vgKaaOhISkv/pPus5bCndtHa2mVKgT8ZbVmZGZN/aZH1kJZMV7az4jRXBCQ0FZGE8CCj0CN6GdGQmzmxdR1Nlcq5dg6uSZ5Bn0Gfz8RoUKmT16mTsNxydEBQYjrj4FPj7h6LkdiUZeB8aW7tQ19SJyrpWiL2DsX37biyVXYHPZ86BzMJVmDtvGeQvqyI+NRcNrb1o7hhAaxeZfO/DSaBPoH/4CXfe3NoDsasbtzZ+2+bX69lZsNQ7AzsH+2/XTRXGSSvjpcVzLN3O5tFZcRzbvpWbU/+FpTOQT4e6tMPcV2zjl6UyBHhZDu5sbp0FgzrrzMbNReYmwUH9JJx1T+GmwVm4G16EyeXdML3CjP0wHDSPwEXvGBy0DsGedwCWavvgLjwKN/2jsBfsh5nh97ATHYAFbydCHJXRURiIwVu+8FPbj5+Wf4azm2Xhcu4LpKuvx23B16gQrMN90TcY8GK7LamgJZyPQrEusq0VMJBkibZIEWrCRbjvq43bXpoQ804h3lEdfpc3YOlH/455ZOYfEMzf/+Cv+OSjt7F6wce4fHol1LWWQtdgFbT4y6DHOrk5rIQRmbfIajkEhgvBJ2s3J2DbWa8E31AOijofQdeQgC6UIUgtQmGRy6+Wnv1etfrTyfluyfKzV7DQUoXJuQPoedCEx09fWzo7f8yl0l9NptYlS9XGHo6j9m45HtSWY6SjiSylGy+H2jFEdjY4OoHu/gk00sAyKzURoQGeSIjwR6iPC5cCD3RwgYvICkICroVQRL97SzoXQlXhGsz0BQRiPTibmSI1MgSuN+zgYmtDdu9Go3Mh7MzMYE3HpLAgFKbRB/yGPZeKN9Xjwd7EACHu9DyyeKGOLn1vY64DnJ/YGQ6WQrg7k337G8M3gk8mLkBwmiGCyciDEgy4uXIG8imok50HxmjBL1qLAzgDOrNyT7ZELVwDPnTbJ5wGBVG6CCSg+0fx6LY6vENV6VwbvZN2/qttSF8+R6qXCEKyMLP9C2B6SAZWR2TgQDbueFoWbpcWUyylweNiuF5aAhe67XxRDi4E9JuXFkFM4Sq/CJHmh9Fdl0dgf/IPO7axZWWZmQS03v7/cYMmSXe6aG67zP9pUxzpc9nXsoEFyxqwTncvnz0mgCejaxLgffdT6T2Xg7G6FIxW53P397Wxfu1pmGhMwqPuRIJ8IiZ60vCwJp1rMvOwuZgraHvUmYU2lo5vC0d342267xZ6ugvwtD8f7S2Z6O/LxmhfEfpbM/Cwo5iMPAfDZNLDdZnoLE1FbU42bqcUozrZDoi9BGQY4JH7RYx5yKPL4QDu2l1BZag2Gisj8Zxe4/OWYjzrKKfRbC5ePCzGi+c1NMhpocHPIL3OMvTfSyI4BuPJ3XCM3fZHZ4kfIjy0oLp5BbQ3/QEmm/4Ik+/+jBs/vgXnDZN2vuffCe5/gPv5/0Tg+Y8I8jPgd2gGPPbORpjJPhpsRODZ3UQaAMWioyKQwE1mXiFGV7UNqipC0VgRgOYSMTrzxRzg71D05zBTt0V7mSvq88ScudfT47dvu6O82BHlKQ4ojTbF7QhDPBpslDSPKb9Ddp6LtKzcacvSsqfNmUutXApyaSQjPiFpMt48nw756cbOvhdXXMfS79Pm0zOntZNNpO+telkeP377FSKDPVFbkYPUhDDoqFzG0cMHceToMWzbshk+7o4IDHBHU/09PBzuoUFaG8pKCxEXG0UM1camdWuIIStw/NABBASETM2r/3IOPTdX0sFuekGcdOmapIiPgG4i1IOpsT5n4UICtsjYALY2VrC2soCNNVm7yBj6+noEdh2YmAjI4PW5Ijn2fLbUTVtDkQxdhdtPXEP1KtRVrnJQ19ZW5Xozs2KBorJKNLZ0oq1nAB29Q2inY3NHNxrbOnGvvglxiZnYu+cY5GSWYPbMeVj8xXbMWfwNZs5agp92HaZffBbuVjfh/oNOrotXe/cIZ1fdgxJzZ1DvHSDbqq2n16LNVc5L9mWXGLq0nex2gvr09Ls0trPNYJidT0KdAzoDOUH761XLpirdGbylcJdCXVINv4yDOgM6A/uXyyTL21YvmgM3JzvuwuEhUoSt2hGKgwT1k/AQysPL6CqceKfJ2I/BVvMQmfoJ3NA/CFv9QxALLsBV/wTMFXeTse+CscYPZOd7YE2wL4oyRVWMGbzUduP81/Owc9VnMDy4ArFqX6JAYx0KNVaiUGUZ7pttxnjIBYxHq6E/zQyDKTYYTbHCaJYN2hIdcT/MFHc91GB1bhNWzCPwXj4A072L8PG7/44Zn75Pdv5feO+9v2DF/I+xd8NMKCqsgqrGcmjqr4S2cDWUdZdCy2gVDE1YLIWeiSyEFitgarkEZuaLyc4XQEX3E2jqfU4fCIfXKdefJbCeePY7qfPJKM3LRS6NuJ88k0C6sawENqe2gndwMyJ9AzE6+pi7/yEpe9fgBEbGX3DV6+x7v6CRwsvxUfTWFaIqPwH38si2asrwrPcBuhuq6MPVgo62flTdqUBRdgoigzwQ5ueCCH8PhHh70EXOD+62LvQe53PpdnN9Y1y/pAhTsm0rAUGbrDrW1w9B7jdhZ2UNK5EpfFycUJaXRReq2whyc0MCAT0zOhSBBHCRwJDbYU1HXQOmAgP6eguu3Svb19zZ1hwh/g7w9BIiKNII4akihKYZkZkLEUIwD06iQQDZeWiykIP51Jw5Ad0vRptArsXNlTOgM5BLwc7OmZ37R+jCm2zdN0wLwQzsZOrpeR6/Y+ev0Nl8DxYnV8Nw/3yYHCSgH15Adj4fLmTibmcWwUN+GdwVKC4vh/vVZfC4tgReLK4shscVepyO3tcWwUdpMTzpfZh+8ypGe6rx86vn/6NtWv9f7tf+W/+mr2/v7UtHf30eeu/loas1G0P3C8i24zFSn4D+tmw8bE3GxAMGcIJ8XSna2vPJUFMw3liMJ6z7WwvZdt1tjPcmoZ/i6VASmTbbMjUbXcN5BPA8DHcUcQY+0lSHofpktBTnoiIzAWUBEcgKSkNGeBSKfNMRExiNjig1IFWFDF0X8FHE41B5tDkdRFmyNSY6y/FsiCx84gFekOG/esa206zBy8d0/uo+DViGCOjDeDLSya2RH2mRFPtNFEfjUZk7atJdkBOpDd21b8Nw07/Aef07cNs5aee7/xPiHR9DfGwOxHv/ToO1WXQ+C/HKy3HH1xAjdxPQWpWOpoostFel4E6pH7rv3ySI+6L7jhiN5YGouhvFWXo9RTs75ooxdM8VXTl29Fm5gcpiL7TQ/eVlDgR2O4K6GGU5tiiKEaG1RlJX09D4gOvRzoDKpcAzc6YtS5ueapfMj0tBLYV5XHziFMhj4xK529Jg9003d+lcu9TUpUva0qd1lcvIzKJBugg/ffUlAfw6aisLSBxK6LpyF3HhPrAy4eP8yUM4tPtHqF6/gsx0+tl0LYgK9UdJYQ4SYyOgrHgVWzd9g3WrVnLz6yx+2LKNRNoIQUGhNLAPhK+XL9d1MYVeD1eYlyNNt09aembeVEEcZ+jMqk0M6SJlZgJTIwK2oS7MCOoiOmfGbmbCCuCMYKCvCxHZhYnIgIxdh27rQFNNETwtZTpeg6qSPFSVL9LxElQU5bnuaZY0KCgorUBV3QOCcSsZdh86+ofQ0TeEtu5+POjsRkV1HW7fqYItXTx//H4PZn8mgw8/moMPPlqAz+aswOw5stDWEqDsdjXu17WjobmHBge9HNjbeke56CC4dxLcuwjsTe298PL0xIG9O7mNYLZu2jA1v84Vy5GV/7B14xTMmaEzoHPFc2zHt8k161Kgb92whku/s7lz6Vy6FObSynfJ3PoSOi7l5tWZpTOosyO3X3JzLZn2Wbjyz8BcaQ8ctQ+SlR8hsDNTvwB3wTkO6m56ZPAigjhvN5z5zOTP44baUbhqH4WjziGEOmujMp0+MPleZNUqMDi4Esc3LIDqruWwP7cGPnSBjb+2HGmXFyDz6nK0OOzG8+ireJkpwJNbDhhPFOFxpiX6Uq3RlOKO+lATlLqoQH3ncmxeNhOmV3bj7Lq/Y/Gs9zD78w/Izt/G2//1H5D7/F2c2ykLTdXVUNVZCQXVxZLOdFqLoaazCHaaq2Cnvw5C0Rromi6FIUHdyGIJfIIvoKWt9M1CN7JtBnJp/C7QCcptDY1QP34I0QH+GHv0BM+fPkWkswEMj23EmW+XQ/2iAloa2zAw8hx1zcM0UBzH+BPJfPvLF8/xfLQHbRW5ZAWZaKssRNs9Miv6wNWV5KI8NwsFaQnIjPLHrfhwxAW6wceVoOxsC383J4R6uHN91i30BNw2pxoqmjh64Di3l7mlkREcCcbhfr5wtneAoYEJjPgCFGWm4FFXK6oLchDl7QU/Nxd4udyAv1gMvrYulK/SwPe6KiyMTHDD3BJu5uZwtTKFoyMfwZEmiEgimBPIw1ikEtBTJDBn58Hc+nK+ZH15jA4Hc38uvc7j7Fyacufmzdk8ejQ9FqUDvwgCPbN0umCHEczDosn2owS/C9EXz54g3EYF+vsW0vtLBsaHFkJ0RA62ZOauZxfh5sWl8LmyCj5XV8H3OoXiSi4ClVbAT3kFvJWWwUd5GXxV6LbqCvirLUOA6nL4qq/BrRAjTIxIC+d+xv/mf496ajFMoBqtvUWWHY7HD1K47nE9NXFor05Fb0MkhmuzCeAlmGgOxxO2DI1g/rAjFY29d/GwJx73e1Mx1lOI1sEK9HbGYaS2GGOt9DxW6d52B63FmSiLTUYBiU9WUBayAuNR4p2NhIAkJPon0n1RSPGIQIGXI5B7FcjRJEO3wSMC+s8e1zCQbk8D1wqCNSvsG6DjEF697MCzZz0UgwT1NkxM9NJxlHvOqyfVeD5QiPFuirRE3LExgj9dfzxFGigjGw7TOgrT1e9Af/0fYPX9OxzQg098APH+v8Lxwt/p7/8xvAy+wV3fixgoTsBINQ1QHoRgqCYDI/dTMUS36+t8MHAvDr2VYegqc0b9bRfU57gTyN3QmWNPn0VbVBC8O6sJ2unOXBq+Nd8DlWTwZXnWKCsSozbBEUU0UKnKC5dcP7t7kJlDEM1hMM+b1hEua9qyNAnMp6fZpQCPi0+agndsXMKvYjrs4xnYEyWm/mb1+/TK9xzE09dcPHoIe77fBk+xI5rul6K5/jZamuvwgEy88X4FKoqzER/qR4OcW/Cg68rxQ3twt/wWhge76TmVxMkrWCS3ELLzZSar4edDdt4cEspVOMGKyffvgIaiAjRpwHD90gUc3bsH9rb2knn87Pw3N55hRXEM6OdPHwVfRxMWIhMu3c6WqhnwdWBpbszNjbONINhjdlbmsLEUwVxkyIHdjMLIgMfNpTOoM0PnaSmSnV8hmF/AtctnYSgUoLahGTUUDaz4jRn6wDDBlwx7YAQtBPiq2kaU3alGZVUDEpIyYWZmhyMHT2DxwiWYP3sRli9fA6UrysjPK0JNbQuN1Lo4oLM0fENbH5q7hjiodw48ou/9iI6PubQ8W5LCes7v+FGy7G1621guyNiZqTOYM8Czc2bv0jT81+skS9o2Ttq5FODTU+7S+96E+1Jubn3DSjn6I5zm3pB5sZ4It1eHu9ElOBjshavRYTgZHIOD7gEy9ONw1j7OVb576J2GmyED+k7YkInbqx+GneoR3NQ7hThnHspT/NFemojBfD+6cP6A4+vm4vS3cjA/tYFMaAuyTX5Crvo6xJydhwT55bhvuR1PYxTxMkeIp+nGeJxihicFjly6q46Afj9IHyUu15FqdxWRphcQorwJdoeX4sr2+Vgv9yFmfvwXvPv+X/HVyjlQOr4cauqrCOayuKy2BNfUl0NFawW0tJbBVGkJhGRkWgR4Fb2FuKYzHzfcTr6GxEuJjT9++uq/B/PJeEZU97UQQvPAFvDOncCt/Fs0gs+D+dVDUN63Efu+WIjDW7cjJjQOpRUteNA2TnB/hREy9pc/P8eLJwOoL8lAS3k2KrMTUEwXMda8JTHEDwlBNxHnb48oD2sk+LnR+U34OFlAbGEIH1szeNuYw8FYSDYugEjXAJfOKuDEkZPc/DmrYrcxM6OBrzH0tHnQ1dIFT0MbSVGhGG5rRG58JO7mpCMhNAQmBvrQ19SCvhYP6ooqULmmDCENEsyMDGFvrQ8vHyMExhghMp2AniYkeBuSlRsQzA04oDNDl1g5q2bnEdD1EEgRnCBAULw+ghMN4BPFkxS9cVXsGvAnYw+N43Mw92dr1QnwQWR2wZF8hEcbo6om+3fNtqGyCAb7l0Bvz0LoH1gAAYXJEVnYnFkM1/NLyMyXwpMGjr7XVsNfcTX8VOio8gWCKALVViNIYxUCaYDnT+8VP7UVCNRYiVCKcM2VCFEj8Gtvwu1EZzx7PEhIf/G/FuxPB9vQwszzXiH6GuK4ueHhmiwCVzINDNPw5AEBrKpI0gimowRj3fFoHyjAYBfrGleMnt509PXcxnB/Dkabb6GvIwkdNbmoLkxCXmQYMgMJQL6JyGcg9yBY+KQgw49A4h2NSJ84RHkFIcIxkgaXbrgbbo5XgUpArDGe04BujAZoExkE88FiAnczvdp6zsAZ0J886SOAj9D9AxTddD7MpdufPGklQyeLbyjDWHksuun9n+RoC30FBeipH0UZDfZv+fBguEMWWhvfhfW2T2C98z2I93wCr9NLEau/G3dirDFc5IEnzawRTgkdIzBSlYrBewUYJaC33KPBTEMg3U5Ea2koHuZ4oKzaGw3lBOliAlumE1pLbFBO0G4oFKP6ljXuFjMzF+Mum2svcEJDrg2K0p1Ql+M12Rr4MXLyJfPVGdkSoEvWnkvmt1/Pn6e9kWrnQM4APQ3iMbHxUxEdE/fGUQL212l49n2kVfBSoLNBhLSTXEhQMPZv2YiDe3YiNSkabQ/ugfV0OX/2HBzsrVFfew/9/V0kHDXgq1zBvu82Y+1KEi9rM8RGBKAkP4XYqY3Fi+Qwb+5czJszFzJz52HWzBlYs2wRshKC6b2XjXp6j1VVFOHunSJ4ut0gi19Esi2aBvTcSTuXQP2tKxfPcMvTLM2MCdoWsDY3hYmRAUxFQhgJJal4VuVuZiKAhamQe9EM5rZkFtLb7DnSwjk+Tw0aqpL0u7vXTdQ0NaOyrgGlldW4R6be1NWLrqFR9I88Qt/wGF2Eu1BZXY/yyvuouFdPcK/FrVvlCA4Mg6lABH0NPqKDIlGYfQt36LG7VU24Xd2Iew0dqG3qxv3mbjR1DkpMvX8M7awino59w4/Q1NqB0NAw8Pk8+kUf5xrZsGI5aXBNa76VpNylIU3HcwV0BPdvJrvObWAAnyyO4+xdmpZn1j4JeKnFS+C+BHfKSjE2Mogwex3E3xQi3pUuwLaa8LNWhNj8PBwNyNL5xzkzDzC9DLERvRn0jsFR9xDZ+0G4654kqB+Bq+As8kLs8bipCF2lkYinrz2/4XPsXPE5Lm5bBOOTGxCu9R0ytdYh8pQsvA7MRvyV5Wh22InnyTw8y7PAU7K+iSxrjOa5oCnTC1Vxzqj21kSRozxyHS4h4OoG+F2gC7T8etgcW4nTX83F/Bnv4N0P/oKNqz+DyplF0NBeASXd5biuuQTK6kugo7caahrLoKAiAwVlOaiqyuCKOp1ryuCq1sKpeXIG8l/C/L8Ddfb4g6q7EMkfBO/4VmyjQRJfXR3G8gdw/od1OLFBDt/KzMTSGTNxTUEFpWVsWmYEvcPP8ZJ+8M9kJr0N5SjPiqNBVSAiPNgSNDM4mRkh2tsBUe7miLxphlBnK+QFeiPT3RGhlkK4CHXhLKL3uLEANmwppy4fRw+dgJqKBswEBhAJ2D4HLJslJJgT0DV50FHXhr2VJRorS5Ec6s+l2r0cHaBLr5ctQzOjr9FSUYey4nVoal+Dg4sufMINEJFqgqh0EYGcpdcFXAQn6XMRlKjLbariRxdxn1iCc6wut1MaA3lYMj0/0ZBMnc/B3DOCpdsJ6GEaCIomeMfoEcQJ/LH68A3XRmg0fb8IfQSE83/Xzp88Hqf33Flo/CAD7R1zobtXFvwDcjA9ugj2pxdDfGkZvC6vgvcVep9cWwM/pbVk4WsRoLEGwVprEK6zBjHaFLwvEMFbiyid1YjVXYM4vS8QSxGjuxph6isQQDYfpP8jHhRF0N/o8W9udfr/+9+rpzQ4rEnBwAMy65pMDLSkk4EW4VF9OtpbC7ltU0drc7iCueHuBPT1JmOgPws93Zno6qrASEs+HrXeRn/rLbRW5qM8rgAZQcnICElEmGc4Mv3omhZejqLoBKR65CLFNQ8xjqG4aeYLV2EgzBUd4ajjhgwncwzS+wBZmnjuo4PxIHUgSJkYnonnQzX0SnMJ2Gz72M5JqEvAziAuOQ5N2nsvXj7vBOoyMR7tgon0QDSE2WPXV+txftESePFOoijMGOGCkzDbtgEO8iQHNobI83VHQWQUyjNT0FqURUZejOFqVswXh8GWPAzW59JAJxsj9dkYrElCS30MOu56EKBD0HjbHY1FZN2ssp2gfrfCGm0FNpLbFM3F3tyRzanfLvFB220x6rPEuBdnjYmRdnrNL1BcUsrB/PUuaTnTmsm8nj9/DfTUqXlyBmiWXv8lyKOiYymkx9gpqEvBLi2i+21Lz+V+trdYjJ/oWs9TvU7/1wKUFufjx21bsOvHHTi4/wA01FVQX19Fg70mpMeFQkdZAbJz52A5AVzpuiIuXTgLYz11rFyxHPPmzcPc2XMwX0aGO65Zvhhx4d6oKk3Hg5pS3MqMR0VJNkoLUnFgxzZcPH8JWWwJ3VTqfdLQWZW74pWLXIEbg7SpMVu+pgMTIR9aGsoQ6Otwy9bUlK9AX1edK4Zj69LZ0drChHs+ey6zdukcvJB7jhp4PHX4BQUSxBu5efKconIUlJQjj6K8+j6a2rvRPcAuvmME40Ey7k7UNbahrqEd9Q1tuF/XgprqBtytrMHdu7X0JqhEQUEZKgjod2oZ1OlY14YaAnotRT0Ze0v3yCTYR9EzMob+hxMYGHuCgdHHaGjpQlBwMC7Ln+VgLk3Bb5tMt7PKd2bn323+igM7l3anYPdxjWcI7Nwa9jWSorn1awnaUotnLWNZMR3ZOYM6CyWFC5IGCHmJiCKgp7gbI95ZH8liITK8zRHjoo8IFx5C7JXhZ3YOXqLz8DK9CF/hefiTyfsanqOL6ym4Cc4jN9QWnaXxqM3wQbaTKqxObMDeVTNxfL0slPesgu7hLxCs8i3iyJ6sN38Kmx1zkKi0Br1+Z/EqTYAXZOdP060wUeCM/jxvNBfFoC7WFlVeGii0O0sX4W3wPrcCXufoYn1+LW5e2gDtvcuxQuZv+PTTD7Bz/SzoKS+HpuYiqBLQVdSX4qLiHFxRnQc13jIokpkr0IX6ipYcLmvOxlXt+VAjU8/Ll+yIxgrV/m8M/Qm3/vxn3BDqwVrlBI6vlcGK2TPx3XJZHP5SBpc2LcWRL2SxfvYMzP90Bk6flEdEeBr6h55zX/vzqwmMdFYhNcgTMe5O8LG3haOZOZzNTBDsaolIsSniPCwQ7WqBPDdb1PuJkelsjUAarFrraxOEeRDRUV1ZGft27+eALuAL6LOgDwN91ibZkG6TgevwOaBrKKvCzdEOcYG+ZPs3YMLXg8Z1ZahcVQKPwK6vrw4jCxW4+JExJwjJyJmVG0+auGAS4nwu/ON04BvPg1+CZJ05iwC26QpbvhZH1k7HgFg9+EbzCOZsvlyyNM2PVbRH8gjkAsnzYvQRGEVfQzAPizJEdV3O79p5ZX4C9HbOh9aOedDaOQ/au+dDb/9CGB8joJ9dCtdLy+GhsBreV9fAW/EL+Kp8CV8CerDmekTxNiBedx2S9NchUbAeCXrrEE+Aj+OvQYLhGiQZrkWiwRoO6pFaFDQICFVbgzSbU+hlHedePv2/nkP/f/WvvykR/XXhJB0p6CB49d3Px3h9Eh41xEp6ttelk5kWYKSLNX8hkx9IJmFJxehICvqr01EVkYLM4ETkehQizzsTxSEZqLl7F81sDXxOKZL8U+BrcRMOOkEEcGc4aLnCTMkJvGti8JQsESSwxUiMAn72uQbEaKDf+zqG3BUI7ub04UjB86c1eD5WjOdP7uDZaB2Bu48zcgZwlnKXxsuXo3TfIHc/Osjqk90xnhuI8bxMsnRDXNlMA7TL51EbTANbd7ou0QA3zC0e2SFeiPVKRkF4BLK8U5HulYny5GR03qb/cx3rWZ9AA5YUdN2PQ3ddEjrvh6ClIgkdd4LxoDKMDDMIo/liNNZLit5q77rhQbbExquyWdW7CxpKrVF12wl3SrxRU+aGsmxbPBqV1DJUVdcgJ+d1alm60Yo03S5dfy4F+ht2Ppli/yXMI6NiJiNuMt6EujQF/0tLnw71VBpIWBjwsZ2u8y7WxkiPCoYxTxdHDxzA6iVLsWTBAvz0w49ISY7BUH8nutrq4Ce2w/ZviCtr1sLaQYxrqgJirCq+3/otZAjkC2TmQW7hAsjJykHzujzy06KRGuWHtAhvFCSHo7IoA6lxQdhKrPEPCJ76nWRzv5+CKUt/S8DThJ62OgdiZtgszc4q1hm4GeiZnbO+7VcVzkHh4ikO7qy6nZk5ez4DOQM7g7olmY8FmT2rhtenx8Lpl1Ry5x5KKqqQSL+E6IQUxCWnIzkjB9kFxaisqefm0nvI2LuGR9E9/BA9g3QcfEiwp/P+EfT0DaOrbwidbN69qw9NHWz+vJ/Oh/GgfQANHf1o7Big+1kMcil4tq69h75X78hjSYyOo48FndcT2GPi4qFw6Sx2/7QNO77bRCOrbziQS9PtUqhLl7NxKfjJrnIM6tMb0kg3d5H2h1/P5tFXLIaX2JVGxM/gKbgEH+EVhNtoIMPLFPlBtsj2t0GyuwghZOsBVsoItlNElIcmQgnuYt4JuGmfIJifgSsBPcJFD023ojF0NwtNqWKIr27FuXUzcGDNLFzatgxXdy6HzsHV8JJfA88ji6C47B2YbJ+LJI1NGIpQw9NEHl5kW+BVoSselQWhtTQZtSUZuBdjiRLn88g23ouASyvhdmwh3I/JwZ++j4/SNzA8SoOZZZ9CdtZ7uPzTAmhdlYOBcC00Ceh6hquhzl8CdYOl0DRYxoH8iuoSzsqva8zHJTUZXFOfRbY+e8rS/6d2PpV2fwF0tXfBWksZij+txnY5MvJZs7Dny8UwOrUN6j+uxqY5H2L1Z59g/sxZ2PrVJqgqaXOZnPEx+ts3VeNOcgQSPNzgIDKmQacBPKzM4X/DFEHOxoh0MUcqRdZNe1T5uCLdWgRfK2NYGuhwMDem97KGqgrkz52FupIS15ddXVUDemTtfPoQsx3QeJo69JgalK+rQE1VHca6NLjV0IaWIt1HML9GH1Ce4ApcfRiEyYIYyFmKPd2YS60Hc3uV63GtW/0J4j5xWvAloE81jYnhcfAOSTBAaLwQYQlGBGsD7r4AzsTJwqPYnLqeBOTRAviGEeiDNOAdpoNQei4z9Ixcz99vIjM6CE+tAzAggAsOEMj3zQdv73xo09HoiCysTi+FM71P3MnMvRQJ6Mpr4aP6JfzUvkQwRZT2BjLxDQTzdUjgr0ccj91Hls6j24K1SDVeh2ThF0gSMGNfw5l7PFl8gs46RGuvR4GnKh52VxPUn/+vAfpYexVZeDzGGjPQ94CM+0ESBtrJSGvTMdAcx+2+NthUggkC/rPmNPQ1ZqExMwlZfklIDY4iC0+iwXsQ0rzzkReYh6LQ2wh3DoKPVSosVJxhqOEJa1Vn8C6LIdB0gjGBnK/hBF1FF4jUHFHqaE6fYXU8TzIBjTQxGqiGXo+9QJk32XkVXgxUcXPiz/tK8PIZnT+vxfh4Dx07CN4SS3/xYggTEwN0fMjBnZn6s7bbQLY7EHyTBN8T3VleaPa9iZogHdwO9UCakyMCHQLJQr3g7xWJWJ9EpHrHIjEwAelBEcjwp89JVCCGqgjs9DvobQjC4P1UdD8IxeDdFDTXB6LvLt2+E4ja28Eob/DG3RwxV/jWQSBnhl6WcxPF6b4oyXBCGSuCy7uJ6lIy9Mo47nff0taO7NzXvdRf23nO1EYr05erSdebTy+Ck6bZGaylZs5gHhEZjfCIaDpKzllMh7p0Tl1aICftNidtD8vgbqqrhRM/bkN+Ovt9uCPT1Jr+jtewZ+cu7N29F1cUruBOWSFGh/vQ29WMmopCONuIcOLgHhw6eAi6QhOcPXkE2zdvxGLWQW7JYiyRk8WSxXKwJLZmxIQgLdIf+Ykh9HvJRE15LhTOHoMDm0PPmj5/LimGk24X+5apUB8sTAz0ICQ7F+rzOANnTWXY2nK2JE1bQ4krdFNVUuCO6ipXCPbKkt7vuhpk6bqwMDXkwM6l31ka3kiAoPBwxLJfOP1BwmMSEBYdj/ziMtypuo/axhY0d/SgpaefgzWzdTa33klw5+bY6cjBnaDeTVDvmbT5fmbeI4/QPzzBte7sHnrMzZ93DYwRyAn69NzuoUdk6A85sLf1jkga19DjrGiuZ2icW8t+934T7OwdJJvF/LCFi+lpd2nhHIP89k3r8S23q9vaqa5z0g1fpm/0wsC+js2hU7B/fU1VyPQSIc5JHzE3dJDgYoAIOx2EWGshypEPb9F1xLoKEO2ig3DXq4i8oYVoBy0EmynBR3QVoU56NPotwHj7PTxtKkSOkyJMDq/B4bWfQf6H5VDaswZntshCeOJrOB9fBsHXH0Jt/UcQ/jgPCbxd6AhRxdMUfby47Ymn5WEYqkxDZWEefZhSOUMvtTyKFP5PcDsqC4e98+BxRA6BF1fC/9pGaOxahE3LZ2C97MewkN8A3cvLoKu1Fjq81QT1pVDSkYEKfwU0DZdCRV8W17SW4JrmEigoLYCC5kKcVfwUl1VlkJTuKEnnPidDf/aK23P8fwp11gimoug2ru3bigNrF2HZ3LlYtlAGB76Spd/HelzdvAgHVszBilkzsZpGx+uXrcCObTshNLRAVgJb+pNEpuEGe3MTgrQ+bopM4WdtAg8bA3ha8RFHQC8M8UB3ZhwqfN3gYWkAGxOycF11ON8wh6WIRtOqylBXZJ8DFShTaKhpQkdbBzpaOtDSZJksdj8BXJH1YdAkW1eHtroS9ATKsHLS5Lq8haeJEJVlzIGcGXlYKpsnp89JMp8ArgWvGDV4x2pyEZAgWU8eEMPnQB4cR/Yey5dAnKXdKULZGvVYsvsYAwm04xjM9eFPEPcJ0YJngDr8w3UQHE2DgvDXy9R+C+hlSb6wOb4EtqeWwOrUYpjQe8LokCwMDy2EyfHFsDizHDfovSG++gW8lNbCV1kCc3/1dQhQX49QzY2I4W0iWH+NON2vEa2zHmGaXyJS+0u6TeYu3EBQ34A0ow1IYSFch3QDOhL8Uyniyegj+N/gTrQZnox2SArn/j8b+8RAKzrrYtDTGYqBxkIO4H0tBKrOEnR2xaOvLYtu38HD+iJUJCahIDQDmYEEcE+yWb845MYUoiSsBCmeKRALI2CvQ79jDWfwCeAaZOJ6Ci7QVyOgq7jA6IobhFoOMJQnuF91xQ0dC9QFWeNVOh+464HHqTfQ534Z7d7KQF048LAIr8bT8GKoHM96SjHSXY4nj+4TyAnqY60E7pbJlLskBc/m058/7+Nuv3zZg4mhu3hZk0nfKwHjd2IwmuiM+iBj9JZG4HFlPpryY3Hz/xD31mFVre/C7v7rO9/vt8puAaUkpDFQRFABxe7ulpCWbgQRCUkRpCTFQAUFRUXsQLG7c+nqrvs8Y2CttdfaJ75vn8N1PdcYc8wxJ5PJGO/93G+uTyLPP5odcs8UrhNA5ldRmrad3YWlFGbm0lhZy5MjNfx4e68Y+jZuXZJk51Ijt26V8PJSvVj5Tnnvch5c26qOQ795spDbjdncPpXI5WPZtJwQcz+2iRvH31TD39itfu+vX3/xZmrVY28M9O2Y67cd4t7a+UF1Upf3Pdv/bOhv287fwvwtvCu3bf9P8SHUP7R0Jf5q6UooiyVFeK/g+vkDHBJhGGtnx76QGKJXrCIxPoGrVy6LnT/jyy8+5/WLJyrYH927QcGmVOIjgyRZyqAgJ40JI0dgLGWZgRi6MkVsH11dpro4ESXsrS7MkESnmnvXznH8UC2pGza0zg73p7Hwfx6T/h8+HqvwclshBZYbcVHh8mHiWB+ndH6LUAHdumiLtzo0LWiNpwr4Vsi7qe3lyvHwED8BvPLYQ50KNiYyRCw9kJS0FCqUL7NmPzHrNjBl6mx219Rz5sJltaPctTsPuHb7gdph7tZdCdneu/+E27J/497DNx3mLnH9xl0ePHzGk2evxNZfCfy/4PnrbyQZeN0K7BcC7xeSDIjVP//qW7HxVjNXjt17+lptY1fM/Z5Y/b2nX6ht7Mq5yutPnrtIgGRb40YPY7ST/Ts7V7ZODoNwdBjA8KHWOAyxYpjd+4Vf3k5K8zZa12Q3Uw0+LyfrTSFZRGNZKkdKkzhWmcLJygxOVKRTuzmWnRkC8vRgKlPWsDs7iprNkZIFx3OiKp0D+XGc3JXH148u88OL6/z8+CLNlUmsnW3Fcnt9Zg7SE5jbsNzJkqk2vVnloEvyuD6E2HVnjZ0GIY7aFHqM4nndBn67sJU/Hh7ni5YGzh+qprZ6N00H9nKpPIpDEWMpWTWIGMfubJzQh0wxs5zZfcmaZ4bfeGMsdDowwUaLBB9bgjxMxD7NW03cpw+eIUZ4+ivrsvdVl0ZdIWY+31WLeau0WeLZm5kruzFlaRcWrdZ4Nyf7d2+AroD9bfX7/xXMlXO+VRZOefoNmQkJjDHXZrmLPcPNtNHv1o6xpt0IHm+O+1B9bHr1xKRrN4aZGGFvZkKfXjpYmA/EV26ybdnplG5MEYDHkRMeTqXckClRQaSuE9ilRrK3II2LDdtpLM1kS5Jc++FrxLw92bszjwDPRQR4+6ht4L6rfXETE1/t6ceKlR7Mm78Yl7GTGTZiLEOHjcZhmAvDncczSo7NmjcHv1B31mcq06zGULI7jsr90ZTXRqm91ssl2dq6Zw3FYuUKwIt2h6iLqmzZ7i0w91PbyitrIikXoBftUtY59yd/p586TG2rmLtyvGK3AH1XiNpWXi5mXlYZzNbKAPLKvCneJu8p+wXlvlS/Saz+DuZfvnxMrucIgbk5GxdZsHGJJUkLzUmcY8a6uSYkyPWQIo8zllqy2dWagtX9KPawodhzgFrtroC9RK6RCl97tgXYsz3IjjK/wZR4DVChvidgkAB8MAdibDkQPZh6iYMShyJlP2wQdRL7Be57Q8Tyg23ZHTOam4fy+PWHV//lxDT/3T9//PwtX95sUOdY//H2drHyWh7ePsHXj/dIsi5Gfu0wLYf3Uleyl5qindQUNFJbuJ9jxYepSt9HyeYS0gLTWOuRRah7BmEC6yC3dDwF2GHLsvBz3yBbsXKB+Vp5PlqBupzjtTSTTRGZXKtM5sddYfBEAF4qiXn2cl4W+fLLj2f49YkynOswv7y6wu9fnuT3ewf5/e5B/rhdz893G/jlu/vv2tBb29OfSCjHbvLtt9db291fXVInnvnl9TG+v7Kbrx9U8usXp/nl4X6eNzexdUs+Ua4BpHpLBKxl69pwskOy2V9QQHVSNns27aRicx63Du3hZUstryVeXT7A0xvbeXy5mmfy+KWY+mNJGJQhay3ns7l7cRP3Tidy7apY+ZFsLp0o4Mbh1o5xauL/008cO35SnVZVmVylFVpN74D+fvz5wTdTvH44TG3fu/bzDzvBfVjV/hboFZVV7+It0JXnP7T0t1D/0zSxwrKKkhIiV6+keFMy96+f5PaVJsKD/JnhPJL4xctYK+XL9Wstkgje4eXTu3z+7CFfvHrO11++5tWzR2qbe1nhZmp2lrOzoghjPV20e/ZEv3cvtDQ1MDU0JCMxVmBew9XzR7hwUq6nyvJ3s9T9GebvvxvV0OdMn8zyRXNRqt6VKnZlXnZlGtiYiAiJMLXjm9Kurhi4MhNcROgaFdhKdbti55Fha1RD9/NeReAad0KDvNUkIEIKxJjYSHbV1rNNLCk7twhTEyvWJSTT0HiClmu3OH/1Bpev3+HS5RtcuqK0l1/ldONpctNz8fLwY9ToCQy1d2SUy3iWLXcjOSWdkyfPcFfA/+DxC4Hz51y++5Dbj1/yQAW1WP0X3/Hymx8E6MowNrFyxdKftsJcPee5MqWsMpXs12p7+63Hn3Pu0i0io6IYN0ZZLKa1Gl6Bu9MwpdOclWwHYDvQhCE2pgwdbK6C/a2pfwj11nXZLVrb3+SfuTs7nNq8OGpyo9iXv5YjJcmcrkzn9LYMjmxNYn/uWranBlGWKIVunCcX95fz6Mw+rh3aLiC/xR9iKj8+v0rz9o3EzBpC9Bw7lgwzZvZAZeUzM+aMMGXaYG1WDtIkyklLYN6dANuuBDloke87kacni5GUm2+uS0ZbkkNqfAzZ6RkcravmUtV6dq1xJGGcPhGOmkQM707KaC2SphgSI7FY3kNZV919ggWZ/sOIWmNKgH8fPDx18Q82xt3XEHc/U7z8DQXwxqzwNmSBqzZTF/QQoPdhkYe2hCZzXXuyoyax1XjE0t8C/f92lbuc9833yrrH33Pl/FU2BPmyauZUlgy3ZJylPuYaHZlja8DKoX0w7/gJBp99hGMfLSYPMMHWWI/OHTrSS6cP40aOIj08kppNaeRGh5MTs5b1sSHEx/uTsSGI3JRIqgXmNZWb2JQSTVJ8JHlZiSTF+hIsph0gRu6xQgA+azFjx09l9LgpmFvZYti3H6aWtvQ1H0xfs8Hq1tDEBiNzWwzMBtDXYqA8PwjLAQPoN3ggIyeMYuKs8QStXUlGkZh0VSi5la3Dz0prginc6SPhR1lNa2/2kt1ybIe/Ohuc0tNd6QRXuEPp5S4w3xvFVqWNfGeQ2k6+dZtcSzuC1bnac8u82FzqSW6JN1mF7jx6euNvJ1354/ffaKpIImWOKWmLrElbNoAc10FkuQ4ke8UA0pcpx6zIXtaP3FX9xM7FyhWguw+g1GuQaudl/oMF5MOoCBwuW0cV6mX+QyjxtWG7PLc3aAj7I+04GKvEUA5IHIp14LA8boiSx5G21IYPYm+4DTUC+X0RQ6mJduBg6lQeN28XWf/2/zewf3n9DF/cPMTTWyd5ffME39w6wjcPm7hyZj/Hy2uoy9tPk9h4XfEOagsEKpuPkL+2ivSgdFJ8M4l2TSfEL42wFZmErhITd8sgzlvMfGUW0f7pKsD9VmURLjBPEkMPFuCv99vI1kyx88O+fFO6TAC7k1f5ETzJDOPlviQQ6P7w7Aw//H6ebz4/ytHN/oS7zWFP2lpe1WbxfVMuf3x9iV9/fajC/Pffn/D7T3ckQbrMl3ePcbI+nZhls1gxoR85cg/89OoUP7+4wO+/NPPywRm+u9HCq+Zqzh3YReScCawaMQPP8cso93IlMyCIvOwiyrOr2JtVTtmmDLZv2sqlfdt4evEAd69XqnB/0VzJ5y37uHexllvnSjh3o4TTJ4s4dbqA08dyOXdms9qWflkB/dF0fvz2oZpsnj3X/MGEKk0f2OcRdchYq52/H672597tf1/d/mFV+4dA/6uh/52lK+/3bppY+R25IqlzHfqzYtIoDtZUSIJ3hie3T3H5tHyOXZWkJMTi676Cuh1buXbxBA/uXubpw+s8f3yLF4/v8ezJbR4/uMaV5hO8ev6IVy8e4bVyOX11dNDvpYWOhgaa3bvi47FC7eHecuYIWwu2cKDh0H9h5o3vgb5q2XxC1vjgunwhK5ctVDvBKePQ18fFsWFdvNomrjyODAsSQ/dRq9mVtnJluNpbO1dAv8bX/Z2xBwV4isG7EiCFb5l8WdW1B9m+ez9TJs9kmIMzNfsbON18iWNnmmk6cVa18PNnWzjReIoDu+tZOmcJJobm9DEwwcTUEgvLgVhZDWbAwCE4Oo0mLi6BS2L598TkHz5+zp1HL9Q29Kv3nnLj4XMefa5UywvUlbb4l1/y6JmY+iOB+sPP1fHr9960td8V0N+W7ZUHLzl54boYqDvjXIYzTqCuAN15uNi6fT+xc0s17AaZqVAfYd//3Rj2D9daVx57ua9SC4Kju7KoSvZiT2YI1WLjuzOj2JUdIZl7iGroh4s30FC4nsbiRDH49VRviqRxWxbn9pfy1b0WfvviAT+Jnd88VsVGt7EETOpP6MzBLHQwZsEQQ+YPN2XcAD0mWWjibtuDtRMNWTdWj0Db9njbabF26Uh+kGz9p4enJJOOwm/JHObPmoqr/I93FudwoSKBxGlmBDv1wte+J97925EwSpN1M80ImGzCrCG6jBxoQFbgdPJCxxIfNJCoMFOiIkzkf26At58hvhGWeAUYsHqNEasE8Ivc9Ji5uDdzlvdmgXsvAXoflnnrstRD6904dBXoylj0X/5roH/3E3z1/R98/yMSf/D8wROeXzxGXmoiMyZOxd5a/n5rY5ytjBglYJ81qA9DtDoytHdXRul0YqqVHmOtDTHs3QNNDU00tfUw1rdg7sRJrTO2rY1jk7xXamIwKeuDBe6Bsh9BSmIIGxMj2bI5m4T4EFavmsaK5cuYO28xc+cuY/jwsdg7jBRI98PAyFqSBVOB+kCMTW0wMO5HH0MJo37oG1rRx9hK4N5ffc7EQoH9QAwkATAyG4iJlYS1tYDfGFP5W8ZMHYlX8HLC160kf1sEuVUh5Cvt5zt8xb4DKN8lRr83UiAeTVXtWrHzaCqqoymslPOqAtm01VudMEaZ2nVzhQebytzIKnYju8SV3Q3/bOefP75JefAYNq0aRK5Sle5tS4HvEAp8hpC/ehBbJPI8Bsh+f9XGlW2xGHmFjw2VPoOoDBgiAB/CjqBhbAsexo7AEVSsGSohxwOHsDNwMLUC6LpYe47EOdCYMJzDCSM4FC+xzp6Dax3E3AX4UUrIuZFDqI2ypy5mKA0K8NfacyxnMZ/fapTk48f/z4e5/fDkEt/fqufHe018f7eJ+zfqOS1lWUNRHfWFYnGlAo88MajiPeTH7CDJP5P1/huJ8EgjwTeVEAXirgJzMfF4AbwC8Fi3bLVqfc1SpfNbGimBqQSuFFOX8wPlWFxggkA6jx/l//vNLh+oz+J+6moeb3TnsSTHv7zYz5cPG/n1Xi0Ptq6nMGyZQDWF3VkJPCnYwO9Hivn5h8/ftJk/Vavff/38Os+a95G6ag7j+vTGWbst/Xq0w1bnI/Lj3PhOEoRfvmjhu2938OhhLXeO53K8qpAM/wiyg1YQPs+PkBXepEStISkyTu6Z9ZQnipRsTCc/ZS/bCoo5u72Yx5LwfHn5MLdulQrY63h2s1ydde/mzUIeiInfOpvJ9aNJPLyawRV1jvccHj1qaR0yefO2ugTp+znMP2xDfwv0Q28MveH9Smr/D4H+oZn/E9D/2kFO+R0VJVtxnTyKkUa9mDvGidPH6wXo53h85zSPrh3m8vEdNDft4uKJGs4f2smlU/VcudDI7WtnuHfrAo/utvD0/iW5567zhYD8y5eP+OLlE/bv3cUAc6VGUQs9MfTe3TpjbdqXyrICdRKa+voDf4L5W6C37rcmOw1v4j8S4qJJ3ZCgjjVXhqwpw9fi42KIXxsrj9eqx5UlVZWhbYqVK9XwCXFRb9rLlQVbfFgbHaLCXBmPrgxXU/YV0HutXk78ulh27K6hfOde0jJycBo+itjoddQdOEzD4WPUCuwP1B/hUH0j6UkZzJ4yR/64gXTt3INPP2sv0YE2bbqgqalPXykMLSwGYWMzTApZd/bV1HHt8nUuKD3hr97hmBhcXdM5Wm4/4d5zAflzsXIx8Lt3X8gF9pTr1x/SfPEm5y/c4sKVe+qQt9uPX3FdgN5y5zFHTl1gxYrlTBzrzITRjmq7uovjEDH0gQL3gSrc7W0tBO4WAncLAXj/d23uCswVqF9oPs+P339DRaoPRfEr2JnqS/XGQGqyoti9KZxdacHUCbz3ZUdTK6DdmeYvBh9OU3k6t5r28N0jZfKH2wL1C1xr3Ele5Cr8JtvgM74/yx37Mq1fb4GXPiOtNBlq0IW5A8Wux+lRuNyOjZN0iRjRFe/hesQsdeH76wd4cKQEr1nDGWlrjZODA5OdR7BlfSjV8tmW23RhsVV7pur9T7wGdBTAGxMy1VSSBh2crbWZP8qaqg1ubAofxdrQgQQHWRIZNYDoaBsBuQVrxNQ9/frgF2yOW6AOyz00WOjam2WrDVnoJo99++IRqPSCN2BPXap6037/xtJ/+LvpXiW+VUIA/vLVz5xvvkd9w2lu3XnOyzu3+FwMYGNCNBPHjMbBzIiRAyyZKf+XaZIxO1voMkRfkxF9NBij256F8h2Nt9DBSaBvY9E6NERbxxh9IwtMxKKnTp1NfHSMupiC0kzk7r5SXXfAXx2h4YuvbwCurm6MGTcR8/526BlZYSlGbiyQVhJNPQNjdPuYom9gLmY+UGA9QA1j0wECeAG1iZUctxLom2NsYilgtxbgm6Ojb4yeoSnGZv0wtx6CmZUdFtYODLRzZvCwifQfMgor22EMGuHA1PkTCY11Jbcwgu01CVTujaNkRxiVuyME3kEUbQuhcFuwAHyNgNuLnDIPsstWkV68jE2lrqqlZ5e6/eMwtd9+/YkTlWvZFuosdm1PaYAdVSEOVAY5UOxnxxYvW/IVCxfTLvazodRnIKV+gyiT/V0BtlSvsWVPsB3VIUoMY3vwCKrktUpUhzoI3IewO3gwdWLn9WuHCsiH0ZjixKFkJ44kOdKY7EyDbFXAr3MUuA8Te3egXuJgnHJsGEcE+gcE7vui7ThT5M23z6TwV9Zg/4P38d/48+PrJyIHJ3kuUD9RtZ/dAvDawoNUFRyU+7ee4vUHyIzMIsYvlUSfjaphR4txK1XpYQFphMg2UKlKV8IjnTUC8HCxdQXca7xTCXffSIgc91udTrBi6/J8YUga9/ZFQ00Ev1f48l3JMh7GLuaC90QuFseok9h8f6WGL87v51xhDLvz8wn18SZ2eRA3tiTz/QVJBn54KgncY/kLrquzxX3/7DS5kb44G2niqNcVO41P6N9DC91PP2WkuTmPLzXy7fXTvLxyjBtnd3G2PoNdWRtxXTGHBc4zcXOZgrvDaFY4zSV+tisZgVFkJ6RQsjGL4ohUCpPKSd8o5fqubXx15QjPb5by6lI9z26V87S5lCfy+M4RZXjaVq7uz+fsyRzOHsvmzuXWdvMnT562gvzNKmbqFKeHj76D18E3s8N9aOjv523f/2au9n1/2xnubXX7X9vN/1rl/rba/UNLV6J10pk9JEeFsMBxMJOl7J80eZp8nhqB9QkeiaU/unGM+5cbuHV+LzdO7eba2TpuNB/mestRbl85Jeec54XSyfLFXb5+9ZjXsn31/B4P796gtKRApLCfyIcWfTS1MO7VE1sB/NroWPVvfbs2+luIv+/h3vQXQxegK23mG5OSWBcbowJ8Y9IG1sZGq0ukJgjU1yn7UeHqeumRoYGqnSs93JVpXxVohwf7EhMVRESIPzGRQSrUXVcuwN/XDU+PZVIwelBYUsrWqp1slS8qY9MWli5ZRYqy/OSOPdTsrWPf3gPsKNspBrmIIVKYafToTe/efWjfvjP/839+zKcft+OTj9vSoUM3evbURVfXBHNzG4bajcTPJ4htFTs5K4Z/9eZDLt18xJW7z7gktn7xziOaTrdw5vQVzsr25LFmGg+fZv/+E9TWn+R48w2u3nnG9XsvuHj7MRckEdhZc4Dp0yYxefxIxgvU31a/jxwxWKA+gJnTnJk7eySjHJW11vu9M3WlzV0BuvLTfGQ3GcELyY1aRUm8B+m+symMcmVPVjh7s8KoWu9DY34CTUWJ1OVGSLYfT4uY+Td3miX7vsm39y/y6EIDBwpT8Zo+nJWjzJk3pI+A1oRpA7QZYdyZwcbdcTTtwaIhPclc0I9qP2fK3IaQtdiOmBn92ODqwrfnyzmzIxmXQQboa3RCS6Mb/Y202ZMXT+x8OxZYtGWO8SdM1P4fBDppETDemFlDtZko5zuYaclnXk51hjfr1wwgMqQ/ETEDCQowJ8DflJBIa/xC+gjUDfEKNMQ9sDerfDQF7GLvIQJ4/z64+xjg6t2HpZ5apObMal1Q47dWqP/V0n+QMvqnn//gy29/4/a911y9Kjd4w1kSE9Ior6jh+oWL6njeOLn2ZshNNc3WjOFWZkyxt2HJuOHMcbbFtEcn+vborBZaC2z0mNlPFycTHQabGqGrrYNWLz16axugrWcmQLbEuv9QXEaOVxNEG9sRDLQdzjDH0biMnYhlPzuBvxVaun3poWVA1x66mAiEDY3M1FojEzNr9ATohoayLwloX4sBmFrZCJwHq2HZbxDmlmLh5v0E7NaYWvQXyFvKe5oK5E0xMjUXyx8o59kzcLAjNkOcsBrkhIWNI2YDhmMxyBnrwaPRMbSWxMGIMZNGEhrnQWZBEHmlgQJxX7aImedVriGt1JNN5Z5kbV3Olgp38so9BO5eYu1enL9S/492/vTOBarXTmB31Gj2rHWmZq0TNdFOVEc5UiZALhVIVwQNFcgL6EPt2C7b7cG27BBI18h+bZgtNWFDqAkfKvuO7A4dIc8LzEPs2SvH9oaLbUfacihasW0B+noB9AYBeLIjRze60JgxhmMZLpxKH83xdBeOJ7vQtH6kgHw4DfHKucNpTBzOoTh7GqLkfST2icFf3hOtTpKirOj23z3U7Zfvv+dU9QEObKmksbCe2rzt7M1tYEvqUXKSt5MaU0mM2HW4gDtSbRvPVmGtwDlAgbYAOkIx9OWy75OqtqNHeyYTvjpZPXeNezKx7hlqlbtSJR/kmkFZcgY3a5L5stCDV5un8zh9JGfXOFO6xIBLRZHcvVjDg+ZdHMrxp7kyi9VukwW6Ui4Nd+ThgQJ+v7KXH79u5tdfb8n//Y7Y+k1enD+E64RB6H7yiQpxvY8+Qu/jj9GTx4Zt2rAlcz1fXNgpIBaYH86ksWojm5IiWOu2HPeJ01g024NVo4axdMRs3IeOIHz2PCK8Q9kTFUVBUCw7CzLZnJnI3q07aNlbxKOrVTy6tIt7LbU8vrhf7t9d3DyXw6WThQK8bIlEbrzpBPfNt9/SeLTpL6uLfQiwxjcd4o68MfT3s8P9ed722n+wc6VD3K4/dYj7axv630H9wyFvip3HuC4kfW0oRTmp9A/fzLI8sfCLx7l/4zSPBegPrx7lgSQxD5W4cpjHlw/z5FojD2+c5Mnd82LnF3j+8Cp3blzgastpGhtqSEtez7IF8+mr25s+WpqYamthY9AbGzMTUlMz3qzD3vqdvG8zb/oboLeO0/8PBeCpGxJVE1eq2JPXJ7SuvBYerraht84iF6la+brYKPkAiWobugJvpao92N9TQO+Hn/dK/L1XEeztSoj7cnwWz2X1ioWsXLmYgNBgSrbtoKB8G6XbqykRuCclp8vrouR3p1FWVEGgTzB2AvPBg+zp0b0XHdp3RaOnNh0F4p06dqPNJ+1oI7berkNXOoq99+ptILZkjZXlYBzsnXH38BXrP8LNu4+5/fCl2jZ++cEzDol1V1bsYd/2Oqq37mRLWgEeK/xZsNAD/9B1lO08wKU7T7n64AUXJBm4ePMBqekZTJk0monjnBnrMpwxIx0Y7TxUtnaSrEwlOnKlQG0e40cpveIHvOsol5+7id9/+02dnnRz5Ao2RawgP86d0gQpXENWUBTnxe6MEPZkhHIwN56GvLUc2hLHycp0Xl8/wc8vbvDj06s8vdREbqwvK8fbsXhkP+bYGzFNALXM2ZLJ1lrYGXTCxqgn46x6EzDWgMKVg2iIm0JF2DQ2LBxC4qx+xMwayBG54cvjljPMVIM+vTvI9/gRo4ZYsD1tDe4jdJnd92MWmrVlaf9OzLDuLDDXx0HO1e36CaunSSGcH83eLYFEBw2UxE3MPKwfUZEWxEYpU8Dq4x6giccaLdlqs9xbi2W+emq7+XLfXqz21cVTYL7aSx8PgfuaADMx7TOt1Zi/vge6AvJ3IY+fvvxebu4WDh08S8PB43Itpsi1l0xZfjnn6vaSEu7PfGf53g26MW6ACXNG2LBUgO45ZwKRC12YamfNADH10RbaLBxsiItpL2zNDNXeo1paCtR16aGhI1DvK2GCrr4Fuob9xZqVqnJrCTFrgbCeoQUavY3oqqFHhy6atO/Uk+49tNHv05fBtvZqGIp9K4ZubDYAE8tWqJsJ1BV4m1u1wtywr4W6NbNUDF6pgjeXYxLGJvQxVkxdzL+frZxjg5G8j7Fcz+YD7LEaPFyA7oS5AL6XnhWavc3o2F0TbWNdRo4fzjLPmcRlu5JV7kVmhSe52+QaK13FphI3te18c5kPuVv9/tHOf/7xB+oyfCld48AugXhtgjN1CY7sj3ekOtZZYiR74lzYt24kdeucqFvvTO3aEeyNHca+uGHUxzlwYN1Q6lV7HsZeeQ8laiLkvMgR7ItwYL/SPr7WnsMx9mrV+WGx8MMpI2ncOIomAfixrNGczB7N2ewxnNsk20x5vNGZYwL8RoH50Q3DBPIC/8Rh8no7DkTbUh9pw/7oQepnunU0k19/ei7Q+vW/FepNpWKFAvKaghrKixoo3LCd5DWZJHjnC4yz1er0MIF2rKfA2zeFsJWtVezeAnN/pdPbqkzcBdZhCrRd16vt6NESynm+clw511NAr8A+1iudnKw0npUG0LxhCddSrDnnNYjcyd1wH9idozkR3DuSx5W9ceQHudBSsYHQea4M6NmDwhh/OFjAz1d3wbfH1I5vv/12hZ9+uslrAcxMB22M236Czr/+1Qp2CX2BuoEAfs3SBdw9Vcz9M8WcqE2jrmAtebEL8V3qhdfMBSyYNIl5DrOZM2wCc4ZPZsbQxbjPWECmlz/ZQRukzMulID2fquwKtudkc7auiFfX9/HsehUXb5Tw7bk8XlwoU9dGv61OLJPE998+4udffuH4iZNq1fpbI2/db3rXIa4VVq0Lsnw4ZO3PC7HUvpunvXUymVaov69u3/mfQP53HeP+roOckiAU5WZTmZNE86mD3L50nIraGuxjcvHOr+TIsYPcvXKSe/Id3790UKB+gMfXBOZXG3h24ygvpNx7eldZJOo4tTtLCPJxZ+7EsYx3Hs4gc1PM9HQwFjs30NLAvLcmZmLo1sZGfwL6n9vNG/8B6G8MPTI0hJCANWoPdyUUsCugV1ZgCwn0JyUxQV2wRVmFLf5NtfzbGeKUtdFjwwKImDKFxVJ4uWj3Zmi3nli26YCDkTGjnJ3w8FVmqqpma8V2thSXUVhWSVnlDnl9DPOmz8Hb1ZsZU2ZjKQWiQR8TunfTon27Lnz6SXvatulE5049aN+2s5h6ez77rB3tO3ShbXsluqrGbiCFqrlY0vjxU9km1n/t1n2u3n7IFbH0M9fvsqf+KNXb6ijeWITbHDd6aRjSubuehD66BtZMn72Cqj2HBOaPVFM/fuEqnr5eAnUXMfJxTBJbHyPZ6cgRdmLmtnLMEW/PGSyZ54zzUAsxdWsBvp168z+60ULlhiBKYlZTHOtBVXIgFUn+VGxYQ1VSEDtTg6hKDVCHsu1JD6V6YzDNe+UmfHGV31/fkZvgGOVpkWxLCydZkoYVY/ozdbABk2wNmO9oyViLngzU64iNYTfGWvYkekpf9oWO40DiIpLcR5PhOZnNbi7keY+nOnw+Gxa7MN3JHDvLXkx0MCU1cB5+40yY2fczFvfvyBKLDkwz74SdYSdsjXtgrNVBnSGuKGI5p3dks7s4jJBQa0KD+hPmZ6muhR4YYMyy1fos99Fmkacmq3x18PTXE1M3YKVPDzmuIbYuUBdz9/A3ZIlbL5Z4apOet7DVen7/oOr9A6B/L/HgydeSeR8nb3MxVZW7JcFMJyI4iviIDZRnbSJk+QIWjRmBXvfOOFlbMM9pIB4zxzLKYTDLpowkZO4oVowcgIfLQFwdLRhj2p3BJrqYGeuj3VuXXgrQe/amh6aOQNKAnlp96Cng1u5jLoDtp7ZxG5pY0UtHgbmuhA4dBOYdOvaQRFITTS191dAH2NiJ5Yvpi6Hry2uUzm+tVe6t8LawtlHNXKl2f2vpCsh1xLa19Q0kDNX93noGaqe93rpG6BuaYyTJgGL6lv2GiK2PELgPk8/UHx0dM/ncBnSV67Z7Tz00e/Vi0DBrwjcsJafch8wSV9ILVgrMvSgUay+qDOKiMizpH+z8zoVG8jyGkO8xiD3xo2hIGSXQtqdWoFuTOIYDGydxOH0KR7Mmc3jjaA6ljuawRH2iMw0C2UOpThxLH8GRFCcaEkdxYIML++NGsi/WkdoYAXrsCOpjlSp0Bf7DOBivnOciQB9FY5oLJ7LGCMwlNo3jzOZxnNsyjvNbxnIxbxTns504njpCrN2RExlOnEh1EKjbt0JdkoSDa4eIxdtxaP1Q9fM9FlC0dpz775lx7uLB82wvPsDWjdvEykvZ4JeG34psQhQTd0tTe6mrEBeoKx3hgmXfT+AeJrYd7p5OmDKu3C2TcLF0L9dUFeBr5XiovD5cXhPskSZ2Lq+Rx/FB69iV6c/lzas5GzOGPWtMyF7QHY+B7ZnQrwNFkTOpSXZla7Az69xsyPH1JiswlhzP1dypiee3pjx+f3iQ316fl//7BYmLAvQHfPXqDP5LJmAkAFcgrsBcT0Cuqzz+9BNiVs3lTG02505lcUSShIbiBHKjlrJ69jL8RgxlodMUPIY4Ms/OmdkSY2zHMH+QM0HzVlESFERxfDyFm7LJyy6hLGcje4uKxcb3iZkfUcekP7+Z3zq5jLrK2ia+/fap+t2eb76oji9XpzBVo/EDuDd+MFztbfv5h0PW3kz5+l+0n39Y3f53IC+v2PaPPd7fVr1XV+/iwN5tKswf373IswdXePn4Ji3nG/HLyWdabA7b62q5eK6By2fruXdVrPx6k8QRHl47ola/nzm6h6zkWBbNmoalgZ6UX13R7dIZ7W6dMdTUwECjB4Y9umIm5VofOeY0bBglpZXq3/7Xqva/doT7U6c4ZWGW2MgwdR53JTasi1NNPC46grgopad7CClJiWxMTSZh/TqJeDaIwScnriM6NAB/Xw/iV7sRqGOCrb4ehl070+Ff/8bJzpHpU6biGxxEZn4e1fV1UshUUSQwz8kvYtOWQjZtzmdtRCwTRk/EwkwKPWMLKXT7oKGhTdeuGrRr11mF+kcfteXfH7Xh3//+jI8kPhVb/+jfn/Iv2f8//vUp7dp3Q1vbCCMjS4aPGE3l9t2cv3SD81fvinU/4OjZS+zefZBt+VXE+0Wh39uYHtoW9DSwka2VJAa9cB4zk0qB+rmrd2i+8UA+ZxXTpo6XRGMM0yaPYcJYJ8aNHqFOHzvWxUEej5DHYu1OtriMGEJRQevcw3vFuEvXr6Y8fjXbknzZIQDfErWK7NAlFMW4kR+9ivTgRbJ1VTvLHSlO5Isbx/j9y7v89KyF2vwEHp7ZxakdmcS5TWaWnSFj++sw3taQ6UONGWnZjb4an+BgrsWUfprkLrPlbPp86pLdqc+N41BRHEfzgqkOm0PtqinM1O0hBq6vtsFHu44lZN5Qlg7SZOUQDTwctFhg1ZGRpp2x1umIicDcQLMzg/t2Z9sGHy4fqaR+WxxJsUNZGzOYNWv6EuRvipebATMXaDBjsSbTF2oye74G3n4GrBGgB4UZSZjiG6rPUh8dXAXqXiGGuAVo4RNmwN37Z9Vmzx/eVLt/ry5/KkLxw+989+MffP7lrzQdbSZpXQpFm4vI31Sg1uSErYkgd30KMe4rmO8yDCNJHC10dBhnZ8twm/4MHDCQobKdO3wASUuc2LjYkcS5YrLDjHAy08bCSBtDAwM0BeTde2ipNT0dJFHs3qMXXSR6aump1q6AVWn37iOw1hDgd+rei3adutOpqxi6wF1JALT1jDEwtlQtXlfpAGcyAD1JBoxMlKr1ge/az41MLdRQLF3PwETeW59eusqiQ73R0lG2OvTQ0qa7Zm95bzmma4i+UqVvJlC3GET/wcOwtB7I4EFDsDI2Y6ClJdYWVuhoSYJiaIxZX6VPgD5L3KewpSyIglJ/dehaUUUgdQc2vYP5X+38h+++5GCWG0UBIyjxH8I+Me+GDc7sT7Bnb5wT+5ImcHTTLE4WzOV04RyB7mROZE/hWMZEjm4cx/GssRzPHsvZzaMExqMFzopxj+VIqiSWG0ZLcingXz+GhoRRHBKINyS5cEiiMW00TRkKxCdyJncS5/ImcG6zAvIJXCgcz5XCsVwrGM2lLc6cy3bmTI68f9ZwTqY70JSqtME7cDB2uLzncI4kDeNokgONyQL4ZHtO5C/g8xsN/PH790rvgP+tQL955T4ZETuIWCUg9k1VgR3omo6X+0a8V4ppi2Urbd+hAuaUNSkEyeOI5a3V8Gv9WqvbFVgHLW2tjg9RzpVz1Cp5r0QCVqQRJO+pGH2EvF9Z4mKORzlw2tuenJnGhE0cipezCXbdOhC3yIZ1i8xZu8SILRGjKQhZSVX0PO5mR/Ns+0a+ulLDH181iZ1fkf99M7/+dJlff3nAL1+epr46Fbdx9owwaUffdv9urXYXsFtrapEQs4TDBVkc3rpByhFv6ooSqN6UTLGfG94zZhA4ciozh4xlrIMjkwY7MtlyIlOHObN68jj57H5SRqRRnLiLkpw8dpdspzI3jx1b9/C6pYF7kjw+PVemmvnTS9m8ulOhfq+3bt3504In76H+Hu5vQfW+uv39+ud/rXL/cLjaf9UZToH42/g7U2+NVqjvqt5N46F9XG05waM7zTx/eIUXD6/x+tlNXj+9ydP7V2g62UBKYYG8XwFbSkpoatjFhZP7aT62h71lmaSG+zBvnDO25n3RFj5qdGhHj/Zt0ezYnt5dOtGnRzd0OnXAtGtHAXonLPT1CQ4Kk7+p7o2NN/4Z5oeOtMbfAV3pta7M8tZapR6jhmLryqIsyvG46DA5FqmuxhalVMEHBxAj5r5+3TpSUzaQlJxIyip31umbk+zujuvyJVhp9cJJTGaarjEDunYnPDBALFmAXlFJcfk2CkrKyc4rIGNzHpsF7HNnLaCvFKJKFXvPHlK4SSHaRYDeXgrddmLibdp2UjvHffRxW4F7G7U9/ZOP26mw/+yzjnwsjzt27k4vSQZ0pVBettKdQ42nOH/tLs3X76nV6E1nWthff4y9pXvYsiGHCaOm0qaDDm0769OpkxTa7TVY6h7M4TNXOXvlHucu3yEsJkqgPlaMfAJTJ41WoT5+jKO6VariR49yYKTzELH2IbRcbFbHGGaGLiUrYhklSR5UbPQUMAaohr4lajnbk/0pSfCmNNGHwlh3ymV7omojf7y+JjfhHR5f3MeDU7t5dHo3ezeFs2aWA65j++NspcsEgflE2z4MM++OscanjOmnx0I7bTLmWdCUNIvqZDfuntxDebIPx0uiqAmez9bpE3C1tibJcSBJC+1Yv2oCwVPNCJhkxnI7TVyHaDF3QHcstbtirt0NU53ukjl+ise0oZzYlcGt0/s5vXcT6fHOpIoNhYZaybVhSeBqK1YtMmHGNB0mTu3J9Pk6zFyowWoBvY+3MaEh/fDyNcQ7yBC/MG1Co3vLfm+CQo0pLFraWuX7YVu6AP31Vz9x/ZGyrO5rjjWdZ3NqNjkJKeRtSCMjOoEEBejR68mJjGbuhDFqm5OVkTGznIayxMmG+WLqfjOd2LBqKoV+EykLnEye22hiZgximpU2zpa6DDA3oEf3nmoNT5s2HWkv11aHjl1p37EL3Xpq0a2HJm3bdaJrN030BNrduvfmM0kq28p12FWSAG09MWrdvgJ1AzFrU7QkdBWQm9uoZm8ihm7yxtL7CJj1jUzUKnYD2erqSaKqqSQPPencvQea2q0w76bRSwV7556adJTf30P2dQxMMRSjt7Ozx9FuCOMd5VqTxGVEf0sc+/fDxthInXZy/viROAzoJ59Vj5WrZ7FrVzzbd0VQVB7Es+f/PInMpUNlFHkOpSJwBLtjBOhRg8Si7QXGAsz1LhxMFXjnzuNU4TzOFM7i9JaZnNgyg+M5SkzlVK4SEzhTME5API6z+WM5vXm8CvnGtPEcSRPwp08QeI+nMX08R2V7LHOiJALymtzJAvBJNOdP4mLBZC5IXMqfzJWiSVzfOp6rxWNk34WL+aM5nz+K5s3OnM5yEqgPpylxBEfWOQrIHdXOdcr26AZ7mgToRyUa1tlzpsSbb55dEbD//L+tw9wXr74gxkMAvDyDELd0QsTIAzzSVbMOWZqoHlN6ryvG7e+5kUABeLx7mmrwSk925flQsXWlXV2ZUMZHng9ZkSn3S7oKfR/vJNXagzzWESKJgr9rPLl+XhQsW0z87OFETjNkwdBPmGrxGatH9yJt1v+gMnIeR7d4cmyTG9Uxq7m4yZMvz6bw44Mmfvv1otoR7pdvmvntq9P89Og4P728yK2Tu0lL9GXWGHNMJXnv++m/VKDPHTWMYoHOoaB51IQvY2uqK8cq/Wgo8Md/5ULmjZiC24DRrHYYxHT7cYy3cWHS0AlMMHFkxvD5LB4zg3gfuT9zKmjMTaWkaD/VRdlkZlayr6qAe+eU6udqHrZk8+hWa7v5s+fP/9OUqm8XPvlzHPnThDL1f1outY69+/azR+kQV1P7wdzte/8T0P9q5W9h/iHc3wO+Feg7d+3i5AkxbIH5gzsXefHomsQlXj66yqsn1/hc4otnynC069y5dpKmgzvYUryFlE25ZKxfS5y/B/PHOtJfR5M+XdqjKSDv3vZTurX5lK5tPpH9z+jevg09Be7aHdpi3Lk9fcXQl85fJL+75p2d/7OZ/7m6XUl6/kOZw12pPo9WZoyLjFAtPSJE2Q9X286VsebxayPVddLXr4slLzeHtOwcsrcU0XD8FGfEhA/XNRDbbxDhUpDZ6urSt20HJkphGSBg9u1vw66yrRw81kBp1TbyS0rJKyohf2sZWbkFZOcXk7kxm4XT5ol1mKvV7R07dqdz556y7aYC/ZNP26swV8Cu7H8shv7Zpx3U9nWlSv6Tf7cRsLenc5fuDBkwFL9VPjTsPyJgvsmlu49pufWQs5dvc/jERTGXk+yrPkzJpjLmTplHx7Zd5Xd1x8ykH1YD7CmrrufsVQG6xJ59DcyeM01g7sKUia2hVL8rodj65AmjVLAH+HurF+mJmgrKkgPIiV1OUcoqtqWvpmK9P7vSQylN8FTXP9+63ostsasoWOvBvpxovrjewO9fXRGiXZcstoZXLQe4daSUrOC5hMyxw3OKFOQWWkwYYsLogfoMs9Cgn25HxvTvjbuzAVs97DiSMpfzuzfwpEUu8M1hnNiWSNbccVRMn03W9OkUzRijtqnHzupH3GxLwgRyK8TQV9gbMFC/E0aaXTDV18CodwccLXuyJXol1w5v4/6ZBs7t3SIJ0HSS1w4nOMSCwCAT4gOHEeXmSJz3aMnOR7BolhkL5hqzfLkBnr5meKw2wd3TDDc3I5a5dsV7jTZufjoEh5oQGKLPvfun1elgv/3hN7HzP/j6x9/4+ptfOHD0LCdOXaSsqJyM+GSBdxzp4dFsiogjJUhAFRVHbmQME8e4oNWlK4NM+7Ji0kgWC8wDp9hIgT5bQDVOgOJKVdh0DqxbxN6Y+XiMMGbZCFMmDjbCzEDg2VkBejuBd0e5ppRE8TM+a9tG4N5RopPA1wAzc2sV7ArQO0ly2aW7AF3fSO2drtVbqSY3RtfAAm1Dy9Y2dKWXu1LLJHat7Csd4JQqdcXQ+xiboC1G3rGT0kzUgfby+7sK2HuImfcQM1dqDDp306CjJL9de2oI7HUxkmTFYZANS6ZPYs5YF8Y7DMHZ2ozhJoZyj/VmjKUxM+ysiXJdyNTRzhhL0hAd6SqFUhB1DTn/CPNvv3zG1uDRbJhuTL77QKrCB7MjxJr9a/txPHMIp3NcaMqaRNPmmZwumMV5AfrZonmczJ/LicL5rdvc6ZzMm8TZgimcyZ/I2byJAt8pnBNIn1ZhP41Tm8XqN0/j5OYpnNo0lZM5kzmdN5VzRVO5uHUaLUqUTOeCPL5SNF3sfBLXiidztWQSV4smCOzH05w7lvObx3BmswtnMkdyLNVRkteRnNg4ihNpIzmZ6sQJsfSmJHsxdnsaJek8lGhP3XonLtfE8+OX91vBzv96VXy0XzEBqxNY77ORMAF5rNh6jHvrsDOlQ1vkG6ArAI/xSRYwZ7DOOwtfed5baUcXA18tsFbO9fWU55dnqQAPXZHB6pUCfHmsnBeoHHePJdLLk3g3D1ZMHc8qSbzH6XzEtP7t8ZnSmRSfIezP8qWlLIKDtX7c2BHEy/3J/HjzoED8itj5Xfm7W/j5c4H55xf55fUJfrx7jEvHtlObn0pa+ALC5zuJrfdl8VATlox3JHbxdCrdXCiePJQdkdNoKIpj2zpPEjyGs2j0cGaOdGFC3/FMHbiAaTYjmG47gXH9RzLFbgrjbMeycvoK4qMy1Xb0oi072JFbTWHafvIS4jm+r5zbF2r4vKW2daTL99+rUH47HOzDFc3eGvtba1fir/O3K/EO6G8MXYm3hr5j5+53C68oneE+rG4vr3gb2ygrr/wHoFdJIrCDffv2cvdWC4/uXRYTvywQvy4Qv8rLx0pc49l9pfr9Ai8eXObJvYvcvnqaC2cOUVa8mcy0DaycPRlrZfEoAbVOh8/Q7dQerXafoiFQ12j3mQC+Db0E8toSep07YNylI317dmPxgkXyvdS/A/p7eB/5U4/2D2svlFDb0BVDV+ZvV8afK9XrEaHKpDICc2VoWkwEG1OTKKsoFRhv53TLdXYfbKSytoHt+w/TINZ7/tYDjpw8y+Y1YQT2tWaFkRWOJibM6tCZqF66JAways6KEg40HqLmwH4KSovJLSpSq903FxSTsSlPMrlcwvzCWDl3KTbmA9GQwrOLAvQOrUBXAK6AXAG68vhTgbli6J8oQ9radlbb25U29R5dNVk0dT5l6QXU7arjzIWrNN+8T8udR+qwtBPNN6g5eJpd+46zp/YYBVsqcF/pTf9+dgwa5ICJFMwZeaXqoi9KHD7RTEhoqIB8jGroStW7AnGls5wCdQXwytSxLS0X+OXHH+QmSKZuSxwHtkaxJy+a0hR/tqUFs0+OVcm2ONGbMmVmuJwY6rYm0dJQ3tp2/uVteNnCV1cP8blc+Jf2ZJMXMo/sNTNZMtpCgK7DFAcLxg/SZ2w/LYYYdpWbqRdujvqUedqKFS3k0r4sbp/cxqHSJA6VJBA+3YHUsePImT2XjPkuJM3tx/o5/QibbiWJgDHeLoYM0utAn57tMNXrLjDvjL0kDmvkRt+TG8ODs3U8bD7K9eM7JTlZwvpwR4KDrfH2F6CHDWNdgDNxnk4k+I1nfeAEkgMnss7fgTDfQSyeq8/S5QLb5cbMW9CNRYt6M2NBb5au0sdtdR+yNrda+tdf/8Lnr3/mi69/5sHtR5w7epqjew5wSDLs8qzNFK2VxCQqlvTQSFIDgtkZGUtpaCzO9vboampKItKT2c5DmTHEkiUOZlIQzaE6bBJpi2zJXDGM9MU2bAuagOcIQ+IWjRLwmzPG1lJdIa9n9660bdtWrq3P+PSztnzWpo0AtyNdunRBT7+PAN2KLl17qtdctzdt7kp79xAHRyytBoht69JL10jtRKdUtRsZm6thbGKlVrkrQ9SUTm+KpesZ9qW3AL1zl25yHbcR4++gJg+d5Xcpv6NHTy00NLRo36kz3br3pHdvbewG9Wfp9PFEuM5jqVx7M0YMw76vLqPN+jDOXI+Zg02ZPNgKt0lOFK8Px33RQobb27ExzZsXL+/9LdCVqvd7Fw9Qn7OarWvGqZPHFPlI+PWnNsqG87lDuVg8mjNbxNCVavE8gW7xPC5VruJi1Uqaq1ZwrmwhZ0pbzf2sPHe6aLZsZ9NcPEMgLVE2k+aS2QLumXJ8FucUw5c4UzCTC8VzaKmYy7Vt87heOZurFbO5UjKHS0WzuFw4nZbCKVwqnExzwTTOicmf2yRJQ+44+VzjOJs1mlMbXTid7qJ2njsj1n4m01GgPpyTKWLvYupHNwzlmFINL3Fo/TDqN7hw/UA6v3z/jN+UHvH/C8q+PadaBXbQ6o34rkpUe6iHrk5Xq9CVnukRq1MIF2j7C7Q9BdrBYuBeqzJYo1THy3NBKzME4PEEr0rDQ0IBurdSBa90nhNDV9riA3zi8VuRhufqOLy8YlgycQnTh1oyyaYX06w642n2EStdehO50pzKpAlcqI/h6uFSrp1O4+tbh+GLs2LnLfz663l++7KBn1+e5LsHl/j1/iW+vnaUq+erOb4tjd0b3IhdM4dE93HydyyWhHcAiSPsqZT75agkEDuCvTiZFUZNViQJkSsIXbyC5aNnMnOQMxPtJjLBdiLTh09j7OBRTDGZypTBk+XxREKXBJMeWUBeSjnZsXmkB4ushSdTkVvItaNlfKcu5/obRxqP/mm98reLoCiQfwv1VpAfejeZzHugv21DV6rc/zypzNv28/crqu1WO8P9Hcj/Gn+CupynVLU3nzvO4/tXefrwGs+f3OTV05t88fwGr59eU8eSP77TzLmm3Zw7XsO+bSI+WYmkxgSzePJY3JfOY9n8mdj3M8dMQ8pXAbWBlFe6PXug260rOt260FsArt2xPXod26pV7krbuV6PbvTV0yY1OU39W9/a91+r1lsXqjn0DuatQG/kP5TFV5SFWJSV0pRq97VRYucxYSSlbuBgYxMXbt7i2sOnFO3Zz4nLdyivacA/OpGMom2kbSmlsGoPew42sbu2juTYtYTMnU/UmiCWuYwn3dObWMeR5MclUHuwjrrGg2zftZ3icsXSt5KRIzAXoCelZLBRLD0mMArfRW6MGuqMno4BnTp1l0K2+zuQK/ttxZjaKQBX2tcF6J8K6Nt+1gkLKVhHDXaUGyuQvKRNpCdnc6DhOCeVJVmv3aP51n0V0nVNzWyraaRKorruJFXVh0jOKCRifRZJGflU7DnIkeZrnLgkRn+qhbojxwmPDBeAi6GPH8X0KWNVqCtAV8A+YexI9Ya/33KKQ8WJ1G6OYWdmoEQUdXnr2CM3xd5NMWLmfmwWc8+NWs7O7EgOlKbzoLkevrrNH1/f5Kf7JwXme3l5bjuHtoRRFLGQXSk+LBppicsAI5ZOHCL75kwYqIOdYRemDdYncLw52/3saMpcJQXXFu4cL+dE9SbqJbvOi5jPsjHmLHM2ZbO7IzlLB5C6WGA7XIOVYvZ2+u0E5pI5dm2DoVYHhlsJJMRiE3xmS0KSyPVju3nccoKHLYcpzvAlXqzOy92Uhct64+FhgY9HP7xWWLPGqx/Ra+xICRjH5rAp5K0bS2KQE5HBwwj2HkqI+2BWLzdn2gwdZszTZvkSYxYt6NO6CtuPv3L7xgue3HjE/abTksFf5apcX1WbtrB3aymNu3awq6CAbZuzWe/nK+AJJtHNG2MDA/R6izELlIdamjBHoL509AjcJgwnYJodETMGskgKwRW2PVk33RRPey2Kg2YTPteZFRPsmTrMBgcba/TEdDt26iRQ/4SOHZUq+PZyzXVSgdrX1FSuOTH4dp1Uk+7ZS0+tIrezd2CUszNWltZoaumq7ek6+iZqdbyBkZla1f62zbyPUSvQFVPX7WNITw1NuWY/4+OPP5ZruJ2aUHTs2PldtG3bXj2mraWB40AzPOdOwHfOOFynjmSukwOjrU3UXvtzBxuxytGCpSNtWTHWnoiFE6gr3EigpwfBQV7/aOdfvX7G2ZpELtZmcjzXl+1rBlAa7MAmr6FUhY0Qkx7P2a2TxcjncEJsuil3DmdKlnB5hz9XagK5vNuLlh2Ladk1h/MVCzhdvpKzZa7qOc2VC7lcuYBrElckWiQuls+nWeB/vnS+7C/ictUirlUv5saexdypXsqNqsVcKZvP5a1zJXGQZEBM/VLBVJrzp4r1i+0rVp8ziTM5EzidPU4gPk4gL4DfPJoLuS5czBPAZwjYBejHEofSmOjAsQ0jOJo8nMbkYRxKsKM+ypb69WO5e7qE33/99v+1rZ85ekVtB1favRXbViLaK5lAgfPqVZm4Llsr90MmQW6pAuiE1nM8wlRge7htJEBCeb2fGLm/wH3Nanmt0n6+MrW1N7wkAUECeU+PVHznJ7N81moWOi1kruME5jnOZMbQMSyWsmDGEAt8Z1ixdcMCzu3bwq2bZfz4SOLFfn74/AQ/fXOU33+4IKJwjlfPG/n5YT2/vDrL9xf28OhAIXWVm0laG0i6z3xyPWZRusiJzXJfVE4fxTZ7U7ZY6JHbT5tTPitoKoulKt9Xyu/JxC9fzkRHR9XSpw2ezpjhY5g1cARjHEYyzXYGE6xHMnP0JMKXLFX7EaQHZrIxpozU0FRSolJ4+fR56+qTLS3qQipvQfwW6n9n6+/XIX9v5h8OWfvrLHF/BfqH1e1vYf13MH8f29TYsXMXe3fv4Nb1Zp4IzF8IzF8+vcXr57cF6tf58rli583cuXqcmrJNeM6ewAQbKwbqa2Om2U2Muw29O0n52q0jWh3aotG+jdpe3kO2GgLu3gJznS6d0ZHyS6NLB3qJufdRjvXoipZAXl+jB4vnLZC/p1bt1d8K7taaig+NvPXYn/f/I9Dfk6DA1hnggiXClcVVoiI4fvYc1+8/4daj59x49Iy6Y2dILyjj4t2n5JRVExibSubW7VTVN5KQmsWW4hJ5bQS2lpbMH+vCYinMXLX0iHQeg9uUqeTk5bKzvpatZVup3FFJUXkJm4u3kpady8aMHBISUyUrSSc2SKA+dyULxs3Exkyx9V5iM62mrgC8U+cetJfHCtyNehkyxNSG+aOnE+0WJJa4loyYDUQHRuPjH07pjn0cOHGBYwL1k1ducfbGPY6cu8Ku+mOU7z5I4bZ9bK2qo3TnQbbuPMD/Sdl7QGV1po3as/61zvnO980kJvbeBXvvvWMDQayo9Ca99y5dehEREAQBESwoVZCmAoodLCh2TTSmJzOT+WaS67/3RjJOTub8589a99r7beblfff7XPf1lPsprrpE6YUWyhqvqgVqquRYWdfKxSu3iT4QK0DfiJ62Mn7ePY6uL4Avkr/nF2k88+O9yIjYx4lDQZRmhlKU6EdJagBFCd6cOxjA2UO+nD/qT1V6MIdCbajOT+DbZy0C8/v8/FYM/2kLf+lq4G1LMSUH9lGW7EGVvGbvislsWz4do3UzpAGXBn3WcFZOGsSuRWMI0Z9Oqc9KaYT96Lp0jK7mQsnac6nJP0DZYU/KYy0oCdhMnsNCkgwFEFqaWK2fyPwxHzFm8MeSDX7KhGGfMHdcf3zNdDBcN5Oy7EhuVB3lQUsZr++18HlHC+dywkkM2YPJbg226o/EyHiaWMZibKxnSjK4CH/b2cQ4rifL34Tc+F3Eh64hOngVcaHapEVslURPm0Df5QT7aBHsvAIvm6WcO91d7779Wju3z9fxmSSPXfUtXCytpvRQFtVybVwoLSY7JYG6kkKOJcepZSdNtu2QZG+cGPZgRknmqzl2jFpladnc6UydMI7R8iNZPF2DNVOGoT+xFyGb5HParEGB1zbCDVex31ofI6057Fi7WN3TXmPMKIYMHsz06dMZOWoUg+V83rx5TJw4gV4C34EDBjFeUwNNzYmMGTeBxUuW47DPgm2btZkyWV4zWpORY8YzShLQceOnqCBXgK4YuubEaaqda0xUuucnMmrMGElEe/Nf//Vfaihg//jjjyV68dFHH6u3BytDCZKkGG1ehYvBerwNN+GxewOWGwXoMyayeepwbFdPx0dvIR66C3HQWYzl6mlkeBtRlZPAo85O1cR/C/R//P1vAvM0zkSbUp3mTIHdLPJtNTgbtJKTofqUxxtRn2HE5Swzrh4VWBRacOu0LTdO23H7jAfXSjxozHaURn4fbScduVYaRFtFEq0V6bSVJdFRm8C96kjuVu7n1hkfeZ3AX4y+XSDeXmLO/TP76Kyw5lGtLV21VjypsaOr3Ir7p8zpKDLljkC/XWz9dt4ubueKoecoY+07xNC3CdS3qGC/mqHLzUw92nP0uJOtw50j2mLuG2hN0aI5XkAeo6VGk7LWPU6ALoCvjVjO+ZAllAcvpTp5N589qOWXf/RMnPu/N/Yv3n6jToTzE+g6KuPhAnFHgW+Ac5jcn4y/XYpYdoiY90FJdg/g4ZCIk0M8zg5JKqR9JHwF4t52cbgL3B0dktXuekeHOJztEgl2k/utwrHd6orZOguMNxtLEmfIjnU7MFlrwt412zHbvBTTtR/J42M5HKzNm5aD6o5nP3Q18fzdZX54dZa/Pq3iL9/f5q9y+5sHFby9WcXTjkZeXquSJKuAM1HWBBsYEGWmS52dNpXrtchdM5X0KRqkzxosMURiEHlLl1KfHkvTyXBqcmI4G+1IiK4+65eK1CzVQW/2aras2cyWKWLpi03QnbeePfN01DXqSa6xYueppPrnkhycSklGSfcOas+e/S6Ie2D8oa1/uLvZb+PDNei/BfpvJ8Qp3e0f2vf/F9CV8fMzZ85Qe76MZ113uu38VacK9S/fPObrt4/57m0Xb560caksj2A7YzZO12TusAFMHtiHiQN6q0BXutaH9O6lToAbLVAf1edTgXsfRr4H+5Den6iPKePn6nPk/pF9lOf1Yry0YSukDcrJPiZ/6z97J7p7Lxo+2Ea24VeYdy/pq+cPcTExpKQmER0dTkREKOmZmermKfeevuLRizd0vXzLAzm/8/Ax55RtT1uvczA7n3IB38mKGo4eL8Zb2SM6MBAdPT22amszTxovm4nTsew/FJsBw7CVcF22mvSERM6dr6K0ukLsuIKSsjJ11nvq4SwSUg4RFRXHgegkyWx9sdlqjPGaLeiv3MSsqXPUSXI93e2fiJ2PGDaGVbOX4bjVFH8jR6JcgkgKjuVwchYpyTmkZRSSU1xOYXkD1Zdv0fbgKVeUzV4ePlUBX9Nyk7MCkNO1zZTWCrTq2+R5YuSSAFReaqOi6SqnKxsoPFlJpTyn7uI1YmIT2Kavw+ZNWmhvWMOm9au7qxw9bictwITUEAsyE1zIiHPitNh5VpQzJ9MCKD0YxIkYF44fcFSXqdXmHuDrzkZ++bqDn9+18/fnrfzy5hY/PWygszKZmqwAbpamSMPrxW4B+rpZo3A1WIbd5rksGNcbrWmD2TF/KFn2i6mJ1KWzJpUHF/ME6gL0ukJu1BzlhjSyF9LtKfLbQJrVQtw3aMprlOpy/Rkz4COGD/iYScM+FZgPQH/JVKLdDAnYt42mkoN0XjrN45sC2futvL57mfOF8RxPccLdegn2++ZiZzsfZ8sVOJstJNB+KbEOK0gQoKd46pEctJmwwKX4+M7E22cR+wNWS7K4gNj9WuTEGXIsxoyM/cakBxt3lx79/A21x09ypbSC+pwC2i80cb3otADhFPev1JGTEsvZlCSOJsQS7u+L1spVTJ48mfFi6eM0xjJ89GhGjRrD4EGD1W7sfv0H0Fd+MFNH9sdckp4yHx3S9kyjLGQ34buX4K63RC3Qo7NgEkumj2f+9ClMmajBvLmzGD9+PGPHjWPhgrkC+nF88tGfmDJKbHn+dObPnMakSVOYOn0WFiZ78XW2Ya3Y+iiB+ZDhYxghYFeqwCmmroBcMfVx45WqcJPE0Ceos9tHCND7DxigQvyPf/yjCvWPPvpIBbkSyn2jRwxjjfz/3I20CbbYzH5LPfxNdLDZuBT9ORPYt2oatss0iDFeTdTeZQL3iZjJbTfdWTSeyf63dv7y/nUKnVaQarFEjHwd8XvHcdJ1MjUBMyjzm0Vt0k4ajnpRm25JddIWMXAFvAHcq/Gktdid2rwIilO8OXnQh/L8WCqLj1JWksepgjTKT2XReP44zbVF1J9No/5MHC3liVw/n8yd6nDun/eis8qVzjonuhoceNLgwrNGR54K3B+W2/LglBX3ii24r1i8YuyFu+kQuN85ZsBNMfYb2dvE2LdyLVtfzpUueYkceY8C9La0jbQmrxeAr6U+Zh0NB7TEzFdRF7OSmogVVId3V5o7H7KU8pBFnA1ewqUcO755eYOf//HT/79xdM88tVCMv62AXUDtb6fMaE/ExTkaD5tk/CwP4SHAd1KM2zleTD1GIgwPsXYnMXAf+1RJAhJxltseHnGEuaXh4xRDpFc8DgYumOqZYrrFVDVzo7VGmKw3Yc9KSaTXyXHVHkx1VrFq5BC2LOglSb8hf20/xU9fnOMfr2oF6mX8Rakz39XMqwdNfHarmM+rU7hfnSRtSSIVhQc5EhZA9HJN9iwYSsqsyRzdOI+MOcME4ANJ11CAPpR0zfEcEqAnzBzLKVdzLp88TPOpZFokWSsItmH7tHVsW2TCloVrRSr02LZ0lcQ2dBfqsGOZHrvnriN8lxvRQdEkh0gCmdE9bv7tt9+9Xzt+/teo+M34d49h99RP7+mG71mm1gPznvjXjVkqf53h/s/x83/diKUH3IXHT0gUf3BbCQX2J98D/RSNDVUC9Nu8etrB6+f3VKh//cVTvnv3TOIpX7y8xYnU/WyeM5U1kzVYOHKwAL03E/p9gkbfXkwY0I/RAudR/T5VLX10v96MkKPm4AEqxJWJccMF+mPkuSPlecM+/ZiRcp+mJANKF/w0EQ0/H3/5+2rfQ71OneHfDfaeOQX1vzmv4w8FBcXywdRSW1dHhai9snf57QfPuPf4NV2v3vLksy/oFFO/9+S5Gnc6H6twb3/0RJ73iJsd92m5dpP6i5epkX+jrLKCQFcXXGfMxbDvEPR69cPwk4F49x2N06jxxPn6c6qijIpa+bLqL1BeU0OhfOiHsrJJTEkjPDKBwJADWJvaY6FniJWuEeYSWku0GD1KkwEDh6nd7X36DGKS5jTWLVnHHm0D/Ow8iQ6MJSnpKKkZRWL/ZzhSVElq3hnSC89Rf+0etx6/VOP2k5dqF3xz+0Mu3e5Uo+nmfTk+lOMD6tpuc7bhsvw7xwjwjyJ0fzw5BXKRiNV7enmhq71OBXr+saPqxXrupFzs8cr4uB9FSZ4UyzEr2pXiVD+ORbmQH+1ObpQbp1K91Q1brp3N4O+vr/PLuzvyY2zl58+u84/XV/jhdild5zOlsSviWdMxMv12oztTTHPJJGnU17Br2QQWju+HzswheOlOpjJkE61HpGFsPsazqyV0XjzOrYYT3Kk7KgYVx/kUGzJdVuO4cRK6s4axcExvNAb+iZED/iTA68PcMf1ZOWMUNrvWkxBoT0aEOzeqC9Tu9me3m3jb2cbLO03U5cdxLtVdoK9NuNNS3O0WS0O0kgCbtQJzea39WhK9NpMSsJFE7+WkhS/Hz0WTAPe5eHrPx8ZjPI5uU4kKXktq8HZywowoiren43K5+vnVFJ+mKeOwGFcmV/MLBey5NB7Lob2xkqbyE1w4cpiTh1Nxd/Ni9uz5DBk6BI3xihmPFpCOZtCQ4WK2QxmidGONHIbGuLEC+P6sGNuPCn9d8ixni6FtI9FkOd76C7EQKG6YOZoFE4cze9IoZk4cyfRJ48TQh7JkySJWLF3EmGFDGfzpR6yfoYGT3nJ0lsxkzszpAv3J7NDZSEygO262VkyaPI1hI8f9auijxOJHjhVjHzdeHXNXJrgpMB+toanObO/bvx8fffzRr5auQLwn/vM//5P+ksVvWT0PZ4MVBJtoEWm1hQCzzThvXYPR8ul4bZpF1M75kqStcnA7wQAAgABJREFUwmfjBMLk3Et3NoEGi/8PRWR+pOKALYkGc4g3mk+y3TIS9owj12ICOWYanHabQpXA72SaJyfT/SlNdqQh146rpf5i/Z7kxTpxPDWcpFAnItwtiPS2ISHCn9zsI6QkxZAcF05GWqxEOHkZUVSdyuBy9TFuNZ/lxsUirlSl0F6fwrO2dJ60RtLV5MmzS94CdleenHfi4Vk7Ok9b03nSiodi853FhhLGAvi93BW438zdqY6r38zdzq1jO7iRt109b8vaQuuhzVxK3ERj7Dp1BnyDUis+ZjW1Mas4H7mK6tBVKtRr5JpU6sVXhi2mfP9iTgcto6UkiB/ePeaXn//v9mAvO1qGh9i3m4uEgNxTzNx9n2LqyQLuaLzktrdTJG5O8Tgqa9EdE3BRuuTFyN1cD6j2HugQJICXJMDCFbudnphtt8BsvbUKbrN1ZmLiezFeZ9wNdDFz0w1m2O2ww07fld3L57BkdH/2rpzM/YY8/vykiR++P8t/v6jj+wftfH7jLDclqb9ZGMVhz52S8O8hy8qEuH1mhG5ei/faEWzW6E3gsoEkTRrLUa1ugCtGnj5tuGrosZqDBOhDiJk6ivOWMyWZO0TrxVzulyVQkZWGycadbF22lS0C852LddFetIGtU7ezddFWti7XY/vi9dhtMyPWXdri8CRevXrFTz/9RFPTxe4NVT4w9A+B/KFl99j6hzud9UC8Z7nar5Pi3icEv+1y/213+z9B3hMlv8JcWe+thGroyvj5mZO0NFXx+ME1nnZe48Xj2wL0ByIfj/nm7VO+f/ecb9484v61Glx2bWDxuOHMl7Zj9oihAvW+TOrfm2lD5CjGPk6BuNKNLgauTIobJbIxVLH3Xh+pNj6mz0cC/o8ZJ/ePkZjQT5nt3pvpI4bg6+2jztqvqq79oIei7tda9v+M7mI7KtD9fbyJj08k40gO9ZevcOteF3e7XoqVf8ajl58L1JV655/z8MXr7nj6Ut329IHAvUOgfutuJ9du3+Xy1TbqGhupFKCfyMogapkWeoPFNgTmun/sg4UcXYeOwXPKLA5HxVIuX27dpWYuXLxIZV0tRWfPcEjeQ3R8KtEJB9kvYLe398ba3Blnufht9thgoGsohqbDjOnzGTx4lEB9CEOHjGXqtPms09rCPht3ImIOE3cwn6SME8QdKiQt/5xq6eVi3A3X5X3eut+9lO2RvH8B+y0B+zVJYK7ce0JLR5dA/hH1N+5S3tCCg/z/ly/SYvrEuWxcvxVvv0hJOjLR37JJhXpH+x2+ki/3SJI5xw/5kB5tzZnDwVRkR3DqoCQuGb6UHgnkbEagQN6T0wfdVKC/aD7NL5+JIXx+HT5vgy9u87fHDby7XsI37ed501bGqyvFeEpjvXPRBJx3LJdGfS0bZg1n54opGMwdTL7HGpoO7eNedSqPW4t5feOcOoHtTtMJbtZmCxBDqEjah+uWaWhNGcQ8gdvk4X2YMqIPS6YMR0ct7zqCtXM1iA1yJcDFiItlR+lsreRRWy2vOi7z7tE1uV0lf08kNRnSuCdZcy1lO+WJu8mK0CcnwpLyWFuq46zICzMgN3Qbl7JMaTm6h+MRq0n202K/zwrM943DxWUa+/1XEualJYnBajLDDTkRZd29hKXzAVdS47l+5BA1qamcOZjEjcoyThzNoPJ4DiWxEQL3GgICw1m9fguDhw1TYT5WY5xaYGXAkCEMFEPXlPv1BMhb1q2lj9i6hvwwIvQmkqw/kgKHVcTtnIHrpunqRi7LJw9n6ZRhbFqowZbl01gyUyx91hR0ddazcc0KBn78R2YM76/ubOejMwvLtdNZMHUcmhrj2aolyYyjGS7me1izYpkK9OGjNN4XjZmojrUrS9EUqCsxcuw4sfgRDBw8lN59+vKnj/70L1b+YfT+tBeG2otJdN8hiZIOifZbCTLTwXnbWixXzyBy91IOmi4jw2IxqaYLiTVaStCO+VytKPy3dt51tYp8i1mkm8wkznS+WPo04neOJs1Igzy7qZS4zybHZyNR7mbEBTpyJM6XzEhb8uSazY71I8DeGHer7dgaioFpr0Rf/n7jnbpEhYURERpJUpwkvIcPcrowndqyfJovlnO5vpxLtWe5WFEgSdkRAXsJj66fo7PtOE+uF/DmXj6vbhzkeaM/j2udeVTlROc5GzrP7ONhqYD9lJkA3oQHJwxVqN/JU8bYDbidt5NbBTu5fWwX13N2cjVzO80H9WlM0qEhdiOXEtZzOWUDDQla1MaKrUesoTZ6FTXRykS5tVRFLqdq/xLKAxZy2mceRQHLuFUZy9/+/LZ7D/b/w3/Xrl3DXezcyT5FAB4lEYu7eyheYtwODrEC9BScnRPVrngF8M7qjPUA3OVxf7MgAvbFSVvmj42pE8ZrjLvHyNcYYqRlhOFqQxEYC2z22mKp74C1lRtuVvslosXsk3C09xPYCzwXzeBEmAXvOs/x1Ysafnxdwd+el9LRkE99cRrZEaY4bRhByLwJ7JJ2Ysf4Pngr5xP/yK6pgzEfq0HM0nnEzBxB+uxB3TBXutmlLUifPIrkKSJfkwcQI7dP6m7kTlk61+rTudKURfupVPytHDGbsJEdi3ewZaku22duYMOy9excsgv9GevZvHozhvP18bU5wOsnr9Xksu3a9V93R1Oh/BtLV6GujKW/B/mHe5n/thv+w67239uU5cOCMj12/lugFxQWvT8W/0v0QL70TAk32xp4dLdVooVHHZd4/bSdd8o4+tsnfCtt/vdfvZLbwr6G0wTZ7GX9zImsmqrJYs2RrJ4sR42RzBkxmAmD+jJ5cH80BPLjJMb26z4OF1kYKlY+oncvxgrINeQ4vu/HTJckYPawAczXGMOByBj5XP41ofnfo+7X7WSV+ENSUhJt129x++5DgbPAvPOFwPq1auWdz1/JUeL5ZyrMu14I5JXbT14I1J9xv+sZt+93cvVWO5darqi741SfPkWGmRW+mjPYNkaTJXIBOejIFz9gCHb9hxA8eAyBE2eK0QXKh3eak/IlKHuml5yTBvzUSdIzjxB+IJaQsGj8AyNw8wjG1TMERxc/HGy9cJQwNbZHX38vM2YuZPToierEpEVLtdikuwsXjxDCBeqxqcdIyirhyIkqTla3UHFRLqrmm5yrv0pxRQNN1zu4/uCJOgv++sPnKswv3hI7v3qHWomztZfZZ+mMtbWzWuVr0qQZbDWwIiwqiV07thPo563+yJsqj5AcYkTkfn0OhOtzKNyas+mBVOQFC+gtOJZqzclMb8qzwjiR4EpJkhevW05LVt3KL1/cEpjfELhf5buOSn58cpFvOxv5obOJKydTcNGbjeu2xUTs02frkgmYbZqHwWJpiPet4XqhL+2VaTy7dpYv7tfw8lY5T2/WiKEXcKsmi+rDXmL4BmyZP4qFY/syV3MgK8VKzfSW4bRzNXvWzVCL0+zZtJzEUF8Sgl25duGUNLi10vDW89m9FjH0q3Q0nubYASeqDrrQEqbH3aj1PDliyr1MSSaOuHA70572o85czfWmI8+DL0678flZVx4cd+R0jAFZAdocithAkNc8+e5m4+m4mBjfDcT6b+JYrDG3L59W5yA0HT1MWWocF/JyeNhUz+ncLGKiwogNCaQ8OZGGvCMciI5n61ZD+c7HMVgsfYyY+LARSr2CvgzrN5DFY8ajP30Ga6fPZLCYsNJl7rZxKtlm0wnbMJbobVNw2TCV7fM1JKvux55lk7DcMAvbHatZNUuD7RuXsU17NVPEXob17c3KicPw0p5MtCQCIQLN9VNHMHnkULYsm01qsBOB9qZs19aS9zD61/XkCsAHDRtJ34FD6DNgMP0GDaX/oCFi5v3VSXcfdrErhq5YuRJ//GP3fX0F+DvXLqAo2oZs320cdNQh3csYe71VWKyZRbjBUrLtVlLqq0OpnzYpZssI3bXw3xaR+fN3X3LcZwdJW8cSrj2aaN1xpG4ZzSHDseRZTSDfdjJ59tPIdN+An+NuwnxsSAl3ISvGk3wx7nAvG7avWcTy2RNZMXcai2dNZfaUSeiuWYa1mSkOjmLtIf6Y7t2OtakRh1MiOF92muvNF7lYV0VTQyVtrY3cutbAtUtKxSyBz5Uz3Lt6lqe3K3h55wRPryTyuN6DJzUedJ2351GFRJkNj5QJdKdNuF9iSEehAR0Fu+nIlzi+m1v575fUZe/hSuZOmpK3cDFJl5Y0XVoP69FySEdui7nHrOOCsvGLAL1BgK5s+FIVskytM39arskit5kcc5nJiSAt7jVm8/N/f8fP/6bi3Js3X+PuEk6AdZoAPA5vMXInp0S8HVNwF4D7OCQIfKW9sk/AzVF5PBUvq3Q8rFOwM7DFStcG0/XKRDeB+BojjFaJhWuZYCYWbmXgj4udtwpvL9sDuDpFYW8WiMM+b0y22WKy2RSbLevwle//XlE8X3RV8OfHV3nWeoKOllJaqnMoSo9m6yRpZ2f0J2G6Jh7T+uM78RMC5g7BU+tPuC7ohe2s6UTqLSd90TjSJ4wlfcYQ9RgzayhpmpokzxpFtP5QDlkv4UCQBc0VxXS1ZXK39RStp3K4cMAH+5Xz2LPckC1TddFbq8uWKesE8CYiCRsxmKeD9tKN1J6t6y4e0/WIC/V1v85WV9eef2DYFb+z7KwHzh9uY/rhpLlKxdorK3+n7Otvy73+q6ErIO+OE++Pxe/hXvKBpRdTdvYk7Tcu8bC9mQftF+lsb+L5oxvvLf2R2vX+7Zcv1PjqbRf3rl+gNCeeBH8Haeu8hQfu0l7PlnZ3JNOHDmTK4L7MHDyAqYP7Mb7/p2po9FPG2f/E0F4fM0pgriGWrnTXK8VlZo8czKJJ40W0kzl7tuJfkpkPz3uiu+eiG/B/UHYpU2y8XeB25/5jgfQr9XbnM4nnr1Wg33usGPtrHjx7SedTAb4Y+s27D7hx6xbXr17nev0lLsmHdy48hjTt7XiPnIDFoOEY9h+O+cLF5BzNIdLFAzuNSfj0G0HA4NF4i2F7LdGSBiSI5EOZHMzIJjU9i4OHMkhITCEs4gChAvXwiFh8/MJw994vEYqLwN3JPRhnj/3q0dDMDkNzO/aa2rLdwIK9Jrbss/MicH8CB5KPkpZzkuziSrKKyslRJsGVXuBg7mmB/XEq6q/QfPsBjWLkjTfuUXvlDmWNbeqkuIa2dnKzTxAZFMMOfUOWLduAsbkLDvJ3bNfX5e7ddv761x9I3m9AbMAWIvw3kh5nRqz3LpL8dpGdaE1s6A4So3eLuZuREWou1u7DpYI4XkuD9o+3AvJ3N8XSr/LfTxr5x+ur/PXVNX56cZUv79VREu8mdr2ASDs9ti+bgo32PPx2zKUwZA93z6bQealEoFvP10+beS4wf9Vew5Ob57nTcJzblRnkBOzG02gVayQTN14/Bxv9ZQQ57iHS1Qx7AfqaOaNZMXOcGIQF+z3saBKz6hAbfygXZ9fNenX8/O3D63RdqeH0oWDOxtlQaDKdWtdF3IrYxMMYPR7EbefRoV08zbPh9XFn3p105YdyN36s8uKrKn8+rwyl65Qv51NNiHSbj435DNxs5mJrMQMX23lE+K2XRmNj9xjvg3tU5KTxsKWW67Xl6n7kAR7uhPj5khoVysUTuUQGuDFm1BiGDh6hdruPGDVSjkMZPGAAY/sPYs+i5RguWITWtJkM7P0xwwb2loZmPGf8NhGxeSweKwYJ0DXZsWgsG2cMw2TlBDbNGKr2WBhoL8Xffg8Wu9YyfKD86Ib0Y+v8cYTvmEWa8VziDOZgNH8kC8cMEjOZToL7Xg6FOmO+faMkGKNVcCtQH64kG3LsLQlG34GDGTBoEH37KjsGfqLCXBk/V8CtnCvxv/7X/xKg/xcffdyLTz/pTZ9P+jBr7DCKo6ypTDInz1uP/BAz3HetxlF/NbZrp3LMbRNVoVupDNYVGK3j1YOb/8bOf6H5TDaRumOI3yJmpiNZ/6bRFNjMpsR5Kcdd5nDOeQrNkbNoS1lKaqARKdHOZMZ5kXXAk/hgR4z017Fg2iQmjRmO5qjhjB0xlAljRrN0zgy0N27A3taG9SuXs3jubOarlexmsENXl2AfD86cOsGtm1fo6urk2fPHvHjexZOudu61t0qD2aTaz4sHEvdqeXGngFfX4nnc4M7jOkd10tzjamu6yi14eMaY+8V71WVuylGJu8WSDCoz6I8ZcSV7L5flOrx80IDW9J1cy9pJS8YWmg5u5oIAXSk/Wxu1Sgx9DXUHVlMTsYpz/ksocZtLgcMMjkkUus0i32M+JQe2SqJRpY6v/97GL4GBmTg5JouJx+DtFIufTRjetkm4uBwQuMdKxMvjCWo3vIdbJM4GkZhoWwq47TDWMlYBbrjKEPNN5lhtc8Jupwfuxj747YvC1jwWR0tfLPe6Y7HRCsP1hhhu3iav2YmZ6Q5crfWx1l7MmYxIPrtRzZPmU1w+kcblk0k0HD9IiUiD095t+G7UIHbdaDJWDSdx3nD0xv8XMQv/Hw5uHIK7zhqidywnZ81k0jU0SRWQB2uOxnf2BAI1ZpK0aAIZHm5cKUygrjyXm2KgD5SeFWljWs/nUp2TI+9BG7v12wTg2uxaqIv2/HXoL93G5vmbWDNqDp5mrr8Wj6mrb+gu4VpXT21td3GYnvHvHkD9dpJcj50r0bNJym+74csrK/5l/Pz3Zrj3TIj7V5h/GMXkF5x4D/geSy/iuEjFjdYLPLhzifu3Lsp1Km3so+t8/qJdLSbz5ZsuvnmnQP0l3ylgf/eMLz9Tis508PLJdbX8635Hc5ZqDFOLxYwXI588sD+zRgxhihi4Am/Nvr0YI0Af9clHjPjkj4wTOx8jbdYkef7U4YOZOV6+m5R0tVhOz7DDh0MVH8aHcP/DXWVjksevuXVPgC5Qvy/nD55+/kG8lsefc+fhU+50PuF252OJLhqq6jlgYE7A1EV4Tp6L59ip2A8dg+WQUVgNG4OVNLrmIzXI2L+f4nNn1clviVEC5yVr8BSg+w0YTcCAETiIzRgtXI6XVwCJBw+TevgIoZEHxM5DCQgKZX9opAr1kPB4/IKixNaDcfQIwtk3DI/AA7j7R6rh7BOGg1cYjj7hWDr7sHrTNrS37EZ3yx505LjLxA5TO088gmMIikzDKzCO6MQcSqsvUVLZQGldM6UXWjlR2UjB2VpOVTdx8kQFB+MO4+7oh+FOKyLCE9hjuJed23TVC7ah/jh+XmvwcV5JbPBWksOMOOC9m0PB1mSE7xO73EJqjBHhfvrEeBgIpD1oKYrj8+sV/PzlbX55e12F+S9vbvKPNzf4+bM2vhFDv3wqlSPB5kQ76uO+ZxGJSm123520FYepE9+UndjedV7hm6dXeSM2//x2LV90Xla37bsnBnRHgO6zdzGmOvNx3bueSIddklAZkRUXiLOhDjqLJ7Bw8jDWLJ5KXkYCifs91D187924QOeNOh7fauD1g1ae3Wnm3pU6zheli23bcMhoJmcdl1Jht5AGr1VcDdeh/YAeL3LMeXnUnLenXPmq1IPvK/z5qS6Mb8v95T4fnpzwojbZkGinFVgZTsHKejr7LGdibynWvm8OF85n8Y+//zdVhYe5d7maB/Jjqi0t5FxBNtkp8SRHhlKcrkzsycLTzZGVy1YyfNgwFeiamuNYPXMOLpu3YzxvKbsXLmHWqNGMGdofFytdti7TJNdtI0edlhK0cRQ2iwZgvW4CZisn4r1tNuZrJ7Fw0mi0Vy8kab8j29YtYFjvj1g8fggO66YQv2sGWSZzyJRwXTVG3b521RS5fg3Xcio9mCAHI6ZO1FCXt30qEFfA3k/MvP+AQfTu3UeFt2LgPbPae27/x3/8hwpz5f5ekqUP6N+H4ZLFT5fGdc2cCcTtW025JIMV4QYccdMnwVGPBJdd2KyfTrTJMkoDt1LssZZLWb7/tqv9x2/fkmirhdfacTgsH4nLqlGEbhpLshh6tsFYiq1ncMZ/Gef3z+d06AYK4u05kRHM4XCxbk9LbPdoo71iFgtnTWDE4EGMHNCXccOHMX7MSDQE7nNmziMvMx1fd3umTRzPjGlTWDRvLtt1tLE1M2HDWi1Cw/dz795tsdvnfPnVa77+9mu+kff15s1riVe8fPaIjhv1PFL2zu6q5sWNeF5edON5nRPPLtjy9LwVD8vNeXDKhC6x9YcnjXhYIoA/aUZHsRm3T1jQdsycq0dMaM0wovmwQF0paJOxlcbUzQLy9ZwPFUOPXKt2uSsT5mrCV1Dut4R8+1kckyhwnk2RwPyE73wKvOdyxHkOZxMs+OJp2/vCNP8E+4msYoF5lLo0zUlM3MMuSYW4vX0Knk4H8LNLUSfCuVmGYypWbaJlyt6Ve7tBrmWI5S5LLHfbE2AVI5YfL0aegpWxSMoON8zXm6thvN4YQ3099mzejcmGnbgbmhJo70qI0x5sJbnMijHlfFk61SVRXBZbP58bS31BkkQGNaeyKToSSrb5bnI3LCF13Vzixw8lbu6nREwZSajuPKJ0F5Grt4SIseM4MKsfDpq9MJ4+GvfxI0iZNZiQnTs4KqLS2HiC1tYCbjQW0XrxBDcbi6kqOCJtnqMkDqbsWr4b/Wlb2CRA15m6Sn4zc1g+c3l3eeG//EVer+zRXadCva6hXs4busF+of5flp59CKsPAd2zMUpPN/pvwV5eUfm/1XDvAXrPhLh/B/T8guPvo0iFen5BN9wLC48TGeLLhcpi7t5skGvzgkC9SR1L/+ypXMcC7XfKevTPu/j67ftJcu+h/t2Xz/j6zSNePb5GXmIwWjMmiKH3R3NAb7VbfawC8j6KmX/EKGWTHInxAnYNuT1W4D5OHh/dV543oB+TRo8U3kSpY+g9cww+jJ4E6MO5CMrxDx0C8I5HL7mp1D2/371HuAJy5Xjv/WPKJDnlMSWudzziRsdDmppa8Nu4HfMhAu9hYzEfOop9YyZgpzkVz+VaJNm5cCQ2kXyly+NMGYXK5iwlp8nOySfUxAo3eV2oWLrPwEF49xvG7tHj0V+njY+APP1ILoeycog4EEfw/ggCQiJw8w4UoEeqY+t+YTG4B4bj6h+Oh0DeLSBCziNwEJi7B8fiHZaET2gS9t5haG83Ys3azQwfocmoMVMZM34mM+asQGebKW5+0aTIDzTnZBW5p6spONdAUZli8PKln6rk9OkqjuaXsNdwHzY27sTFJbLXYAcni4vUi9Y3SAd701n4eq7F13uDAGQVQZ66RPobcMDHkHBXHWL8N+PntoFYTwMSvQ0ko47lz12XVUP/71ct/OPlFYH7fX562cJX7ee5W3NM3WY1L9qJokR3anOCacz25V7NYd7crOCZGPQXAvOvH18Vg25Ru9m/6mrlW2l8Hl4pp7PlHPWFB/AxWUOwnQGHQ5zJjvKm8GA4Nnu12bJqFitnjWbd4imE+jqQkxxKeVEGNy6Vce96DQ8F6IqhP++QBKGtjrYLZ6jITaA40pIMyyXkmS7itIsWV5OsuZJsTJ3fajoO7qEzy5LXp7z47JQnX5UFCsg9eFfizvNjdjw6ak9Xvgd1iZZEuGnh6rgAK7OZkiRpsnfvZAJDurdWffrgFufy07l7uUatunel+gTHsxNJiwslMzGM/MPx5KTHExoUgJuzMxbmFoR5e3NKEsU8Lz+8dXegL5Y+UjJhE2s9Ss4FkxRlLsaxhdP+umTbLSFcf6JaVMdVZzoRe+YRY7mC1dNHYm6wkYK0ILaumcPKmZpsX6hJiP4MEndMItt0Nvk2C4jcMgHblWNYqjmEXUsmkxNsRVqwHcvnTVMrz/3x40/4uNcn75eh9VLXlffq9YkK7R4zV0D+P//n/1SPPVDv/Ukvpk4Yy7rlc7DZs5GgfboUhWzndq4TjQmG5DprEWu+mIMu2iQ66uK2eRYHrbU47rGJr57d/TdFZP7OjfOZHAtYQ67nKgJ0NQnYPB6HFSPJ3zeDWueplIqZlsv3V59gQLq3HmkBxmTKdZfoZ4L/Pj3sdq/DYstK5kwew4iBAxkgNjF0YD/GjRqKpsDAeK8hVeeKuHK5FiODrcyeMpFl8+axeslitLVWsWbZChZJguXr40fesSMC8M/55puv+P6Hb/jxh+/58ccf+O77r/n66y/4/NUjXr+4xZddZ3l7LY5XLd48b3TiiUD9UeU+OksteXzWnEfnzHh4zoIHct5+ypw7xVbcLrISqJvSKlBvSjegIUVgnqRPbZwO1VEbOR+uRU2ksjnMOjH0Nep+6+f8llLoskCuiVnkCNSPey6i2G+xQH0ex9wF6vLZZO6bSt0RD3541yVg797Rrbn5tkA8GQe7VDwE7J4Ccw/HKEn6E+S+BJxsozDRtcdiqyV71uzBbJuZOuHNapeVJNjWONj7qAbvbp2AjUkAZhvM1Qlwxtu2YrTaCJM1JhhvMMZovQ57d2zHUE8fT2sPItwjiPWwZ7fWbFx3bhAD3M7pHG/qCqOoykvlWnEyzadyqKs6Sf3JPJrys0mO2E++wRIOzx1D1qI+uGgMJHl+H3VG+4lNkwmZMxLDGR+zduTHWE4bzObJfXBcNQcfQz3MNs6itiyDtoZC2tqOc7XlGJeajnO5UtlRLRXbzbpsmbmWTcu00Z20hsVTZ7FCYxrtN2/y93/8natXr6owv3DhQvdRQN5dk7xBva/2vamrk+Sqfx/qH85c/y3YFdCpa9jLlWP5785w7+lu7xk7/yfEj/8O0LvjSFYmrjZm1Fae4k5bDbevVtFxvY5nndfVjVmUWu5ffq4UmelUof6N0v3+7jnfffWK7yVh/e7Lp3Jfl9h9A8fTY4j2tkNn4WymDB+iGvjQT/7EEPkdDfzojwzu9Sd1ctwwOSpj6UOVcXU5Duv7qVpgJiQwhFOnSv8liek5fhgfQv4P7Q9fiHk/58bdx7TdeajCW7nvlhxvKAVZ7j1VYd8T19ofceV2J223H3Dlxh3O5OZzJDSCbMkmzublCxyKOVlSqu56dvxkKcdKzggcSykqLaNE/udF8qHnnjjJwZAwAqbNFpgPJGTgcPx6D8Lu0yFsmTgVRwcXDmUfIy0zm3CBunfgfvwE6r5BYdi7euLiG0hgdAK+YXF4BkerR9+IBAF5PG5i4K6B0biHxKhg9whNwCtUfnRBB1ToOwvk3fzk3wpLZL/Yt9L9nlfeQEFFI7lnajmQmIaxqSnGZlb4SdIQsP8A2wzMsbN3w9LCTIC+7f0uQY3YOczDVhp7u32zsd23GE+7dQR4aJMQJVYesJ39AvQAx1Ukhu0hI9KIzEgLOsRG//bsCn9/2crfXlxWl639/JUy213ue3GV7+7W0VmfT/uFXLouF/H4cgkPGvP5oqOWz+5eVGH+3bNbvO1s5lXHRV61X1SB/ubBRe41n6XrShUlKd6E2u8iK8qNM4cPkB0fTIC9IeZb12CwcZFY6HwcTLeSlRDC6exYWgScd+R1nddq6bp2gYdyIT+53UT75SpqTmRQmr6fghBDDmyfyjGnjdSl2lGfKEA/6srlBCMao7dy54gtz0768fSEG69O+fFNVSSvCj15kG5Ne4oJ99NtuZ/tSGWsJYejjQkL3oi/52Jsdk9gm84wOjvb+Omvf+Fs/hEeCCCqj2dSWXSQE7lxJMYGkRAdSGJ0EEcPxXEgPESSKDfcXVwI9/TjRkYuN1MzsN+yXSxxJtNnjCEz34eSilCOl4aQEL5HTHU1By0WcdBUDMVgJt56U4jYPZdj/lsxWDUdH0t9MW4f9mxayI61c8TcpxJpMJc041mcdFlJmddKEvTHY794GHrThrJu2mji920iZ781W9cuom/vPr9ObFO61xU7V4Der19/FeYK1BV4KxDvGTfvMfePP/oTY4YNxHznegLtdpIVYkpdmi33Clx4fMqH5oPmZNsuodB3M0d9dxBqtJJI45XUpAf8Dsy7bfLrtw8pi9LhRMhqyqK1KPJeSLTBZCK2juO00zRqvWZQ4z6FaufJ1HnPoyZsB2dizcj0NSLWYSshlnpYbl3J4umajB81glEC9MH9+zBU7GHMiGFs2rCeIxmp3Git40XnbW5fv4jWysXMnDZZbH0CE0YOY/qk8UyfPhOtDbpYW9vS3n6bL754w7t3b1WY/+Uvf+bPf/6WH//8vQr5L8V4Xj1p5e39It7ejuLzVoF6kxNPLzgI1CUprBC4V1nLuaVY+z7un5M4Y03HSStuHDdTy9JezBCgJ28RmG9WC8pciN2kRn2sDrWxG9Qu+JqIdZQGraDQfTFH7GZLwjRPgL6AEr8FHPdaRJHPYvKcZpJrO5UjVpME7LMlEY/gpx+/lqTkK1xcwiVisBeAu7jESigTeJOw3u6Hsb6xusRMCcXMjbQssDT2xt0qQhIBaZf2+GEnNm6ha4Xxlu6JcaYbpL1Z2z2z3WyjGbu27sBQV1+MfjMWm/dis1mPUE9P4qLC2ac/lS1i2+brNTkc7EZuZiQVWeE0lxyiRey8uayAy8VHaKw5SfOFPHnfiZTFuONusZAlY4djNrk/6QsGUqQ3k5g1EwhfNBrrZRrYSgKbtHo1btqbWDy2HxumT6exKoPLtcdorcnlYnkhLZW5kmgfpTwvmf3OIejNWMX2GVrorFrFztna3Lx6S732HnR2cvHSJRovKgDvhvqFuguqndcpVc/k9vnqaoF5FedrzstRgXk1FRWKdf7r+vQPod4TCtS7wX5WYFfKmTOnf3f9ec9StZ6JcP8e5EWqoRfIeUyYP5aSnBYXZHG9tVqgXs2Nlgq67jbzouu6aulKcZmv3kP9q88fdQP9y5f88PUbfvz6cxXsyji7UuO9804zaRH+KtS7gS7Q/uRjFeqDPv4TA5VQzpX7PxWY9xaDV4rSDBustm8lIsE98wh+L34L+D8o1t1j4Aqse8B9Rc4b2zpokmhRZobff6I+T3nsekcXV249UKNZoH75yg0uNrfReFmysobLkjXVUiRQPy4fcKF80IqdHz9zjpPlVZySL6v4XJlA/gwpqQcJ0NHHZ9BovPsMwrPXQNw/GYSlAN5q7SZMjczwEXhHRccTfzCdhPRMwuOTBNSRBMUlExSTLCYe223qAt7guIMExR7EPzoJr7BYPPeLre9PlOcn4hORjF9kiloQx2t/AgFRqaTmyJd5ppqckkpSso/jI0nDrl072LF1M8ZGezA3s1RDX387W3fos2ObLsUnumcTR4n5We2bIpCfjoPNPGwsl+LntI4QV238HDfjYr8GV4GIncl8At20iQ/bTXGaGzfLDvPjw3p+6Kzj72+v88tX9/hFGU9X4s1t/vHiCt/er+PLjhpetBXzrr2WlzfL+PPzq3z16KqY+E2+e36L53fq1Fnobx8IzO9f5MWdGh61neXupWKyI+3IifHgVNYBAWOaJBYWOOzWxkRnGUa6CyTj1+fwAS8qClJpPJtDW+MZ7kgmeq+lSp3h/uBKtdj5ea6eP0H50XgOBVhwPNSERPPlZMrfFm+2jLJwE26WhHK3NJI2AfXFVDGo08E8Oe3Jy7IwPpd4kGVDR5oFN2P3cCvRmPZDFrQetCbTfyex/npE+WqR5KeNj90y0lJs1c+1tfECVyU7bqmQxDA3idzDUcREBkq26k2AnwdhSiXD4AD8vTyws7XBz9uZOwUFvDx6Eu3Z8xg4qDd+wWYUV+zneHkwx875c6zUn/jQnXhvmUKK6SIObJtInNEsDjksE3vfxIxxfQl10Kc83RVHAy1M9ZZiqzOXRItl5DutpNRjFcW288ncPZH968div3Qk2pOHEGasRX6QIW571jN6SH/VwBVoKwDv21cp7TqIocOHibV/rFr5//gf/0MFeg/clfuU8zFjRojZTsHfcTe5MQ5UHHamLtOJZ2X75bMM4MkZH5pitnPWfxOn9u/hiPcu4iy1ePHg5u8Wkfn573+lrdBL3rcYuP9iij1mUuq9QBKaWSTtGU+Ro7Ilp4b8TZM55TiFegFYoY0YWbIxeWG7OOyyiUizFTjqz2PL8plMHjuCYQP7MrDvx4zo348l8+fi6WhLRUk2T+5f55m8jyt1pXjZWbJ31y6WLVzMxHGjmTZBk7nzFspvxwhrG1euXWsTaH/Od99+w1//+md++ukv/O1vf5X4Cz/+5QfevrzL83tNPLlbxdePS3l7I5w3V3wE6h48vuBI13kBe5UtnZW2PKiwp7PCTmxdEsVSG9qLrblZYEpbzh4up2+n6aCEsklMsi6NiZupj9ejTiB/IXqD2PoGzkmiU+y9lHzXheS5zOeY2zyKPObI7Tmc8BBb91hKnlj6UdspHLGYQJqpBq2nk9+Po2fg5BSlgt3JKUZg6YX1Hif2rupeL7571W51+Zml3j6cdzlIwxyCnamjwNhGtW9lDF1ZomamZ4bJZhNMtpqwV2uvwHwbFpssMNc2wMfKGRsjAb32duz17TmakkxLzUH5Hc9l54SPWTRyII7b1hLvt53q7ABuFcfSVJTJpaLDtJTk0FiSR31xPvUVGTQWxlKRm0ZBZpx8v9aUuOuRvHUSkVpDMRw/CBetmVivW8a6KVOZ11uDCQIXf3MdmiuKaLqcR1tdJldKc7h2WVmTfpRLZ/IItTNCe+5c1i9cy/oZM/B3dVM/m1evXnL58mU1mi4p2342qlZeW1v73taVsq7KJDll1nsVVVUVKtRrapU16mKayhj5B0vRftsF37OlaQ+8lapup0+f/tXMeybD/V53uwLuY/lKFP563gN15Tw39xhuNuboSmIaEeRFa1MZt0R0rjeXce9mHU8fXOH141vqdfrufT33ty/vSfL8pHuN+lef8eM37/jxu3d8L3D/6osX6u/jeGYippu1mKM5WmDdR12DPlKpGNevt1pFbriyVl09/5QRfXozql9ftTSs/T4bNRn5MJn5MHrmGXwI9z/0dLX3mLlyVLYdbb7VyYWWW5TXt1B35SbNt+9z7W6X+txfTV1Af/laO01Xb9LYLDBvaqa6pkE+5EqKT5dz7OQZjskHrMC8pKyS05Xn1VCgrph6vnzwmbl5xAQE4jd/CV79B+PxyQD2DR7DuvHTWDVcg3UTp+Ns7UhSxhEOHSvgUF6hWHUB8VnZRKamE3AgCbfASPa5++MbGU+gQD4oNkW93zc4CjfPQNx8Q/AKisRXTN1PAb1YvYf/fgLCovHbH4qNgyO7d++SxmgHO7fqsl1fR2IzBjv11S1Ut+ltYqveehX0dzvaefP5U9ydlX3UR2NkMRsbx/n4++rg46GFp+UK7PYuxdlBiyD/LVgYzcZ53wJCxK7SIk04nx/G18qM9qeX+Pnru/DuDj+/ucYvX7fzy+c3VaD/0Nkod1fx5k4533Ze5MsHdXzX1SIm3sZ3AvR3D5v5suuqCvPH12p4eeeCAL1aBfrtxkIywuyoLJEf8KFw8lMC8LLQFyNYhOueNQSJfR1PC6KiMIHWCyUSJ7nVWkHH9RruNlfQKTC/11rFtdoSGiXjz4lyF2M0pyjCHPt14zGaPoj9uxZTEGDAhTQnbgjU7xT6cCXbk+fn4+jIFysv8uPhMTfupJnRHKVPW6QeV6K3cSVuDzdSjKk8YEBK4FrCvZaREqFDXNBmEiRePe/g++++peBgLFX5h8lLi+VgbAiRwT74uDnjJeEnIPf39SRAWWoXZUdspgtVx2L48lQFB33tycoL4lRVFIVlAvJzfuSV+XL0nDc5RR5ESxKRIEDPsloo5jWfbIcVJDtvZtqY3sQ663OxwEed/+Buqss+3YXEmq+QhnwmRQ7zOeOyhOOWM6QhHE/k5gm4rNbEYukEToWZcTzCChPtpYwcOlCF+SeffqKWkh08ZAh9+vb5dfKbAvCeo3r+n//BADFepbCNp7MFRZn7aS5N4G5NKpdLInlSf5Dn1ZG8qgyiq8iRK8l7OB9pQF2yLQ8vlf6bsfOfedPVTKn7TAr3jafEbqK892mc8ZrNac9ZVAfO4OKBuVQHzZCGfaokaZPw1hrFsX3TaTtqL0maN81ZZhR4riJarM5ux0oWThvHqMGDGCSGMXrIADauXE5SdBB3rtXz4tl9abRuknsoHr2Na1iyaAFTpsxAU0ODOTOnsXzpUoJCQklKTqWqsoxHD+6K5UrD9+P374H+F3762w/8+a8/8NVnz7hdd5RnHdW8fVQt1/0RvrgRwutWT541ufO0wUU+E2eenBe4V9uLqdvRWW7LvbM23BVLv3tCqThnxPWjBlzNVibG7eTS4e1cPqh0wQvQBeo10dpUhvcAfTkFbos5LvAu8ljACZc5HHeZS7HXEjH0+Rx3F9DbTyfHchJZ5hM4F9U9NJSfflRAHq0Wjtm3OwqzLWa/Wrm6BG2lIdY7fbDd58M+s/2YrLVWq78ZbjRUwa2Yu2Lm6ppzZbx8tQB+mwlm23fibGTOvr0ueBo5YKK/EWtzY2JCY6gqiOd5Sy7hLrvwMZ4tycNANk/9iGD7xRyOseLMoQOUHUujTn4Ll0qiqT8uVn0ig4bjYRQdSaI004+Tkpy3Vh7iavlBroQasmfCfzFNAKPshz7+008ZL9fu7F692Dh3DMWZYVwWw2+pyaNB2om2sgyuNsVKUpNF87kcSk+kSrKxRZKApfgYWr/fm+E7mpsvcelSd1y8fEk19frGJtXMuw1dgbkC9/d12mtqOH++hpoLde8nzImti71XVP1zjLwnFGD9Fuo9+51/GL83u73HzLuBfvx99EC9+3g054gkXrvRXbOUqCBvLkuSevViqQr0+7fr6epo4vnDVl5JO/z6yXW+Uuu7d/HV26d88+6F2u3+49dv+eGbL8TWv+BbAfwXnz3m7vVGTuUdxtlsN1NGjUBz+BDGCbAVuCtAH9lHqRSnwPxTgXkftXLcuEED0FuvRZ7wridZ6Ymev71n+KEH7grU/6AAXOly/xDsSii7k1281qFaev2VO7Tc7uTq3Ufd+4Xf7wZ6q1KMpa2dxtZb1F26Sm3jZaoE6GUVFzh97jwl56opEjtXDL20qobKWnmspl6F+smz3cvV8uRDV3ZuixXzPuDpg9eCNWzSnMqMmXOZoDmFKZqTmSNgN9lppI6vx6VlcvhYEVmFJ0g/doKUo4XEHcomODqOkOhY1eCD4xOwcXZn+rhJ6MyazbYtm9i1fSs7t+mxRW8DepvXy1EgvUVbrfy2XUC9Xc4Ndm5lt0BcmfS2Z9fW9yFQVzZnkQj0716qln4oEAuLaew1Gs8eU00cHOfi47UcB7sVhPnuwMxgHtZid3bWa3ByXI6r5yK83JdxKHoPlflBdNRn882TSwjZ4QuxLImfv77DL59d47+ftfDTk8t8ITD/4XEzX7Sf59uuJj7vuMCXj1r5olPpdr+kQv1FewPPb9cJzGt5cqOcDrHzhlOplOXGcq4gkWMp/gTY6uJjtpGUEEuOJftxXn6IF05mUXc2mzti47cvC8xbK7l/9by8Xi5cgXp70zlu1BRzJNqLJG8TDvvvJTdIGqyZ/dk1tT++O+YTvGcBJyONuSgmeTvfSxrSYJ5VxtBe6McDAXyHWPsdMfIrB7bTELCG5ogtXD2wQ4zdjDuHrTketZ1E35XEBWqRsn+Luj69KKO7DnnN2RIyo0M4Eh/B4cRQIgI98HJ2xcXRCV9/F8JiXUjIdubQCXcyT3ly6kwYn585p25MU3gukAKx2mNn/cgp9eJIqaccfTgqlptZ6Eyany7Je6aSYzWPgw5L1O/EfNcyLuT60ZDjSm64ldiRvtiVJEDak0nYMYHTzgso91hCqdNCCsRys83mE7J5Ik5akzm4bx2VCfYcCbRg3YJpDJEf6iili3rkCEYMH6aCvZc0lMqSNeW8d29lC+D/UpepKfXc/1++3jMsqjRt1J0/58/ZZ/bM901Pd89Mz0wnbXPOOeeIEUUQREQFEcmKASMZJOecc44FRc4ZRcCcc25b2+6e+zxrIU7PfHu21/Vcq9aiqqxatdZ7P/cbp0wcx6rFc/E8bUdZdhDt5fG0FobRkONLW2EANyqCuK/14oHWnXtlblxOdxTrNPq/TCLzijLfvSSajiDG+DuiTUeRZjGeXPtxVJwZT6ffFEm0pnIhbDqdodPJOzkRp3Vf4rr5G3LsZ5F/eilaPxNy5PcKNp/H/g2TWDjlS7H0v/H1Z79n0piRYi+2tDWX8PjBTR7euc7Vi034OJ9g1IhhjBwxgpEjRzJ29EQWzJnJLj1J3vy8qK2p4Pbtm7x+/Vq1crUN/c1LXr56OVD1/v1bXj95SFHECW60JvHoag2vbhXwrMedx93HuN96lAdNh7lb5yDnRMCuOchVAXufUvWeLZEmQE81Fqgb052gT1vCdhqitlMXJlAP1qXSb7NYug4lbmvIP7OCnBNLyDiyUOA9RwV4it0c4qymE3VgEmH7xhJrOYVYs4nE7B9PpMlooveMJ9hgqHqOa2oaOWTpjonRCXYuM1KNW4H0jsV67NMxw3LbEU7vPonRBiMV4Eobuv5aec6iAZgrBq/AXxmLrrdcjH7RdnUom5GUQ7or10hSsE32t2EosD95/AiRzs60FCXzrCmIgFO78LBdjeuBxRguHI75im/l2tsmULekLOUk9Zmh1KaHUpPhJ1uBb1YEeZnBlESdIzT4qIDeh5pMuffr4wk55ojd7u3ymVdgvHGDJB3jOGykjMyxFaOXhKAoge7yFGpEEmpTI6nN8KElL4iGvGjqMqM5a2HLupFziI2OH5gx8+7dD3YuIK+uFphXSVSrVe/KkGa1c5zSSe5D27qmfCBKy5TQSHxYgEVTKmL4P6eHHZz3/ddD035dxf4xlJnhPkz1OljdnvCr6vZfw/wj3AXqsVFhmO/awdbVSwnx9xCgZ1EnyUxbfSH9F2rF0Ou5c1VgLnFboH7vuti6WLrSSU6ZFvb545u8eHJH7Pwer54/UtdOeProDvdvX+ZSd73IySlmjBvNN5LE//UPvxNTV9rMf69C/EtlgRY5/uUflbndP2HEX79g4fRphASHkSbf6dcJS8Zg/BvglfPyGwXm3X23PlanD1apq23qAu36zn7V1pWo7+ql6UI/rWLqSnu7AvS61otUCfAr6tsorWqgsKySnMIyMnJKSM0uJC27gPgUOclZeeSXlKtQV7a5AvjsgmIV7LFJaUTKyY1KScc/OILjx8+wXmcLE6fNZNjIMXypzMT19VC+E0BPGzWZHeu3YW5shr2FHS7eQQTHJuMVEISzu5eY23GmDR/FzD9+waq/fcuOlcrKaKvEvNeLZa9EZ91S1q5aIo9XqSaus2aF+lgJxcB1N69XV1fbtkVHBbvyWDmmPE5NTlSHqpkaj8d0zwQsTKdiZTkfxyPzOGQ9A13DiWzfMZ49htMx2T4Viz2TsbaYwUHJoi2t52FpMZ34gL1UZZ/n5ycC8yddA1XtTzpkX+JeM2+lIHvdX8H31yp5e7OJWw1pvL5SybP+Sp72VwnIK3jQKyAXiCtAv99bI1AvpasimdrcYCrS/Ggqiae5LJnEgOOEO1sS6+2IVm7ihuJ02ipzqSlIpEYMvKOmiPaqHLoF4kq7+cXafLqrc2nMj6cg2pPT5lvwP2xAxAl9fMxXsE1gbjzjb8Qf1SfTeRcZLsaUBeynIWwf3fG29KUeozflOD3Jx+gMO0DzeQMqnVaTL9+9+MgyKo+vpMN7G+1+BrREHBF46uN9eD0+R9ZyynKhOuHM7cttkvE+kATkCMEuJ4j2d8P5lCP29gdxcNqHe4glAUk2hGc6EKNYuALv7KNUSRJTFntOhXm8WHlkpi1hmVaEZ1gTlWVPWPohglMPEJt4CF/bJWLms4jx30Fc0iG0Bee5WhdBW9pRMjz34n/cBHvD1djpTCJ2/xy0xxdTIgV/iZhcof0CUg7MJcpsIV7GCzi9dRpF7sbUxB7Hy8aABdPGM2H0cObPnKqO1/7Ln/6szs8+ZvQINqxfzqIFMxjy9Zf89Ysv+EqAb7JzK6cc9pOT4ENJ+nku1adSnxcohWYgmoRzNKa7cFnjK3bqz7O2GF5KvLre8B97tvc2FBGoN4xwiRD9YUQYjyHdchJFh8dQ7zKBdq9JdPtMpi9yOtdTZtMXO5Nq9ylE7hvDWd2ReG8fwvE1X3F6/XccXPAtfqYTOb97NlGSzGyZ8y3rF0+S8+asWseTu9e43deKNjsKo+3rJJH5ki+++Bt//vRTRo8YzrzZ0zlqb01MZCjHDtuTJYXP3bv3+OGNYuVi5+/f8v79L7x7+47X34uhP7gmv+FRLhYHcrMhge/vCdSvRvG87wxPL5yRJPckD9qPcq/RnpvVdlzXWtFffIBL+QfU1eC60kzoyTDhQrIhbcn6NMXvoDFqG7UC9eqALWi9N1DsvpYC51WSuCjt6IvJdJxPxuHZJNvPJcZqBlHm0wjbM05iLGG7JfHbL4CXcxi9dzx+esO5fbFRrOshFpv3/rN6ff4OdYIY482WnN7vjPneE1JGGarwVmCuPEcBtgJwxd4HX6eYucHygUll1PeR2L50o/p3Q3m9+UZDLLZvx/XMYdrFEq+0JVCQaC8JsB6n987DXGe6/B+fY6v7DcHHd5Ad40NjWRhdxXFUilFXa+OoKY6hNktgnBYp15MHxXFeFMW6i7m7oYlzojjqLBkBR0gLtSU/wpmSGDdiY7yoSvWR8iKahtJoGktjaGiQyAmXMiKEtqYI6vLDifRwZdPC1ayZMpXOpib1+nv69Kk8t4Gqqio1FFNXqt6rBPCVsq+t/NDjXatV29U1H2CuUYFe/nFfieIPy6QWFPzrQi6/Hqeu2Pgg6AbbzD/O2a50hhuEeXyiWtUeG5cgkfghkj9EkvqarNR4HA6Ysn/nNpKig1WgN1Rm0d2qpbdLGb4mUL9UJ5beKEBvE0vvUDvJKW3lg5POPHt0c2A4m9j58yd3Jem9xt2bwsmKfMwNtjB3wmh1bndlLXQF5soa6V999onA/BOGfP4Z33z+Kd8pq7F99ikThw/D5ZwLyfJdFKgPRrp854xfJTPK40Go/0bpyX7p8h16+m/TdemGCvP6tp4PobSR91LbPhiX1Kr32vaL1Lf3CMg7qW7qUg1dW9dKWU2DCuw0AXlKRhFJmYUkpOcRl5JFQmqmQFyjwry4vErdFoitZ+QVqrBXQqmaj5ITGy0f2j8mHvfACAz3WjBn4RK+/XY4I0aO55NP/iTm8y3f/OlvbP/T37EaPp6ji1diN0EseOw0rL4dxoFP/47pV8MxXLyQrZvXobtxnQpoxbh1N69VQa4AXJmTfWChleUfoa78TYG4AnAllP1BoCv/ykvjMdCX9zYYjuW+WTjZLGWX4Ugx9nHoG45lsxSku/ZOxvbQIhyd5rPfdBweR9dwxHqu2PpkAl230FEdJ3Z+kX88aBuw86cdaq/3dzfr+UHM/c3Van6608TTzgKedmTzok/L88tVPOnVcu9iqQr0uz2VAnUtl1uK6GvIEJDLTZjpT5smSSAtF6Jk13nR7tRkR5KX4E+nZJmddSW0VRfRVJ5BbVkmPY2SCAjELynV7AJ1JVo0KWSHnSPW05Zju1eICawnUoB+Un8WeuP+hPWy74ix0yHlxFZyXAwocNtOubcurWH76Yo5RFesNZ2xtrQH7aPOZZOY4ULSrRaQYb2ATDHiYtv5NHjo0uJnKuZkS7q7lTpEL8BBl3Omi4hyM1fPc3F6IudPO+LvdRI3bzuc/SzwibEiJM2OmNyjxOYeIyb7CNGZh4nNOiLXzwmSZRsuII/MsiVCtuFp1kRmiMWnWkpYyHMVwNtI8niQ0Mg9RCdZEp/uQFNlGI/akwUKR0lw2kLqeVuO71nLebFvjdMKqk8uRmM3myKrmZQfW0aWJCjxFouIs1uHm+EC0o5t5kLGabSxTjgYrmHVrPFsWjqL9QunM2XscMaMGs6SpfM5aGbEQVM9tklSuXTedBbNmoidhQEp4WfJinQiI8yBykx3ytPPUZ4phW+iC7lyjmqST9OW58GNukjuNyf8Rzt/8/IpARZrObvua4L0viPcYIS6CEvekVloTs2k0m0Gja7TuOg1hWtRM7ibPIfbqXPoj55JldtU8lyWEXBwJgeXfcXh1UOwmvsFJ9cNx2np15IcjCLRbDwVHouoyPLl8Y1uHkp0aNM5bb2HEUO/5G9/+YuapPz5D//F9PHj2Kqjg+u5k3Ld72PDqpX4eIjhtXTx8P5Tnj9/wYuXr3kjcH/z9geevXzCgyvtFCjNODludBX5c/dihkA9m9dXfQXsrjy5dJbHF8/ysO0Yd5sduVnvyLUKO/pLrbmQe4DuTIF65h66U0zoTDKhOdGI5nh9GqP1qAveRqXPRso8dSg8t4qicysodl5K0alFZB+bR5L8vlEWswg2nUaAJOzBJuMI3D1aHo8iWO5vPzmf3rpDqUsbaEffu2HvQKc3pWf65o3Y7dqH9R5HLPUPqsatu0RXBb0K9Q8AH6yWVyD/8fii7R870Knwl32j5QL4lRvkvXZid2C/QDaKpsJo7vcn0pmvrBFhjKf1Gg6ZDMd07QgsVg7F5dAmkiPs5N6PEoCU09aVQWV5tiTv6TRVJdOoiVLbv6uTg6lKdqE02pnCGHc0sc4URIiRR+yTfVeKxfIr0wPUcqOxMILOgjDaSyNokgShPj2CxtxItZNchTaRsrhonPYbcMbmkCSS0bx906eem7dv39LW1qZa+iDUFXMftPWqqgoBfOXAsDaBu2rpGs2AqWsG4K5YeolG83GpVKXTXO6/mfpgu/qvDX0Q5B+HqA3CXAX5PyMmdgDqylaJ3NxsivNT8XF2ItDzHKV5KVSWpNDZrBU7r1fHpF/paVRXWLshUL99pYXbV9u5K5Z+72a3WPgldUW2x/evqOPUn8j23q1eLl9oolabh89ZRyZ/9xVDBdR/Vad/HVicRbF1BeBKFfy3f/pMXZhFgfo3Yuljv/mas6fOqN8nRV3WNU2tfUj9FdyVhGYwqVEA/5tuxdAF5Ep0XrxGs2LjzReorGunsrZDjfLqNjQ1rWhq29RVyDS1rZSLkVfUtQnI5W/VzZRUNqKRKCytEuvJJioug4hYyZQyCkjPLSEzr1iiiBJttTyvhiIxeQX+ufKD5ZRoyFJsPb+IZPmRkuXHihdzj0jLJighDWf/MA4ecWKr0R7mLl7FX778hnkCdYs/foX9H75Q48inf+WIAN7xm+F4G+/F7fgRtm3fyBa1PXwA4AqYlcfKUqjKvgJyZYEVZRpXnbUr1H0F3IqpK/vK8wYtfbAz3IljG7C1mIm+2I/x9hEcNBqHwbah7DQcwx6TyRgYTWaT3niMTaayf98Udm3+G3s3f4ep4QQOmE7BSW7ENyrIOwZmilPGoyuP5dgPYufPL5WpUH/RW8aD1gye95TwXOxcgfnDnnKeXq3nYX+dmHmtCvRrzRpaimIoT/KkqSiKjopMrnVVUC+WXpUdS21+AmV5CfS0VNHVoKFBbvLWynxaKrLFzAsF6AV0K1XtAnxlbnVNahC+R03wsN3GWbM1uJitEqDrYbdhEnoTP8dm2RAC9s6nzFuAHGhKldh2hZcuNf6GNIXtpTXcjE4Be3fUIZq99Sk5s4E8pw0kHZxHshSWaaYzqXURS/fSo8JZD02wAxm+tiS67yXUbhOnjAcWvLl/9xYeblZ4+R8iMM6G4BQBcZbAO8eRuJyjKshjJOIE4vEC9liJmGwHogTakRkKyO0ITbYSkEukWxGUZk6oGLpi7NGZdpI02hKfIa8XoFcWenCrJpzenNOkn9rEaeNlpLqZUROwmyav9TR5rkErJldoPZOK40vJlORMmawm3mYFQear5HwspiHMktaMcyS6mnF89xpsxPCtDdaIYa1Cf+MyDPXWc9R2L94nD+B21JSDhmuxMFqDl+NuYtzNSZfvmRNmK0A/S3aSA/lppyjN8KQ8+Sw1qWfoKvXnal0Mb18++I923loUi+PSv3J25beESsIZZzKaNCulWn0xJS4rqPBcRbXXQjr9ZnE5cgbX42ZyI3kWdzPmcC1+Np1RS2iM2UmUw0ICJfFy0PmW03ItWy/+glMC+bDt35JvNY76AH31OuxvLiHwlAVjBObKOPW/iGV89ruBnrvG+huxt7Zm9NAhDJF7Une9nBOrw/T0XOfO7Yc8uP+I+w8ecvPmTa7fEJm40ElOxHlynHdTHmJNnSQzV2oTeNqTxaubyfxwO5zX1/142uvKi54zPO715mH3eR50uHCn+Rz9ZdZ0Zcm1l25OW7qZxD7aBOytAvWWWAMaI/SpDtSlzGsj+S5r1ChxF6ifW0ruiUVi6HOIMJ9NoNy3gbsnEihQDxBD99k5El9JjHy2f4fb5qHEOuqq5/r8yfMqsA2XG2O21wbLnSbsXLJvwK6XGLJt8bZ/GvyCHf9i64MA37FwoPpdgfjg35We7ttXbMdgzXYsDQ/g7u5OSlgYdYWJ8p01tGW4UZvtRGKYOd72azl+YILcM+MlkZxCmPdRmjRxvLjextsb7dzqL+VhZwmXm9PpakoUkRDLzk2gMjWEymQ7CmLF1lNOUxh1Qmz9LCVy3svj3ajJ9KO+IJIWbRiN5VGS5HtRmyKAL4uiOVcAXxfM7bYkHjVl0C+m/upWo7q62717GoGa9uP1efny5YGqdwkF6nV1dQNt69UD9l5Zqf1o7Zpy7YCZl5aqHejUxxoBvAL0Us3H9c/zC4v+x9jzwQloUtOyVNMebDP/F5jHxqsgj1NhHj+wH5ukwlxpQ29rrqWqNJuE8AAy4sNpqS2kQam9bK1Qga7AXBmLfq2nnpu9Epdq1Gr3m/1N3LzcwoPbPR9N/dHtXm5f66JOQB4feh4nq/2sWTSLkcqkTOq66H9RO8Wpq6wJ0L/90+fqdqiyFoVyXJnXXSxeWRjq6JEj6mdWLH0wBsH+f4L6bzouXJVs7jItAvKGpm5qagXkVS1yAqspKKqiWFmJrLCKzNxysvK1ZBZUqJFVWElOcSV5pdUfo0hTK0CvEZinq0BPyyomISWXnKIKirX1AvEatLX1EnWUVdWq87kr1e45xaVkFX3oMCfb1AKx+wKBuvxgcQL20OR0gXumFOBi8Gk5BMbEERgQLNnhIU4am3J6zz5c95nj53SCsKBgSSKyiBQA7zHeie6m9aqdK1AeBLkCbAXUCrQVwCtAV0x9EOrKcwafr4TyHOXfha4Gjh1eJkCfjp7eCA6ZTpasfDKmRmPlPb/BcNtYubnnortFCjC9UewzHMUe3REYbx2OtfkSbM2Wyw3kynMx8He3GtT2cx4PwPznO828vV4nIC9XDf1eW5YUWHliJ9W8uFLN074KnvTX8uxqs8C8Tgy9Wo3rbWU0F8fSUBhDW1mKOuzsSpuYd10e7ZU5AvQ4LkiW2dNaRXN1LnUlaXJjF9GqzaBTAH+psYzephJ6BOjKsexwZ7xs9DhhtBQvyw24mq/Az2otZitGozPmE8wWfIOz3nSKvQwpdd+Kxk2HSo8t1Pro0RRkTEuwGFKUBU0BJjR56FHtvBnt6U2kH5hPhP4YQjcMpUgKolYfY4oPL6XK14wsHyuy/A6R7GxKwmkTOioHOnxlFPrIb28tsHYUWP8fQK7aub3YuDWhGYeISLckPN1C3Ual2xGRbENIoiWesSb4p+4nJPOQAN1W/mYvSYAjifJ+8TlH5GZwoL9CjLBRjCTZARe9qeSc3klPrDm94Tvo8t9Ki+cGKo4tpP7sKrJt5pNqvZBI87nE2awlwGwFCfaruZTjQne+DyFHd+J8YANn92/i3P7NnD+8m/NO5kT7HCPcVT6jsxmuVltwPrSRQKedRLvvIS30EPkpR0lJsCFN+X5JtuSlC8xzPbmgCeJaQyyP5ToYtPN///fqyT2irVZydu1QfHSHE2kylrh9E8m0m0eBk5io+xpKPdZTJZbaFLCWi1EL6I+ZxY2k2dxLm8ODrHlcSVhCXfgGqqN3oInaQczx+UTZzMPFYBTxFmPIshpP9sHxlByZIZ8pgEgXK0w2L2f0kK/4yx//wKe/+x2f/vZ/MfxvfxGAL2fL2lUYb1zPuhVyX61ajZ9fGLdvP+DBg0cC8TukJKVhsGUrh62P4OXhzRHjTQRZrCPrjD45bpIg5UdypTFBAFUgSXCJ2HoBL2+k8fxKpOzLfXI3Rx7H86wvjHvNZ7mqdaSn4BAXcyWhzFSq4c1oT9tDa9IuGmN3UxOqT5mvLvnOOhS4riPfYw1FXmsF7itIPbqIKMuFhJhOJ2T3FPyNxuMjSbrXjtGc1x+F9/aRuG4exsl1QwZq6qQ81F+mj5mxI7bbLdm+ePtH4/5PAFf2Bw1dPb7oA9jn68j+WtXqty9VhqzpS6KwimN79uBzypOcxDAqc+K41VEpibofFwtiyYt1JdDFiMCT60n2NcXn2FQSvCWpLg7mXl85z9538eOzLkl+qult09BRW0x3XzyNDTHynChqU8OoTQ+iLN6LwpTzVMWcoCbJkdo0d+ry3WkoCaNBKwlAVQx1qWL3aWE0V/jRWBNFf0sIfS0J3OwW2bjQwsu+St7dqeft1QKetyXyQ0cKP715rp6ne/fuqSBXAK6AXYV6Xa1aBV9VVamaulIlXyGPtRVa1dCVXu+KoavWXqrsaygqKZYoUac4VaZ9/fcZ4gZNXal2V9rN4z6AfDBiP0J8IJQe7dExA6aekZmhrn3e3lCOtjBdrLyCjqZimmpy6ZDy8WJ7pTqvu9KOfq23Se0Yd6tfgXodV7oruCW2rsS9mxe4fb1b4N9EdVkOLk52bFmxiHkTRjF1zHDGDf2GScOG8t0Xf2bU13/j688/YeifP5Xtp2rV+zcfOsn9/Q+/Uxd1Gfk3EVX7w+rnVZITpflAsXXV2JPT/8XaB6H+m9bOfhpaLlItRq4prSNfoF0osM7NFXPO0ZCdXSonqog0icTUAgF0PgmyTZL95PQCUjIKSc8pJTO/TMBfQV5RJdn55SrMlcelFY0UVzSoBl/V0CH230F1Q7MK9dKKKgokA8uTHylbhXqpbDVkyuN0iYTcQokSKbQLVKDHZxeIvYvpy2vSiotJkh8zPiuH+HTJrCQSM+RxahbRyty82Tk4nTvDRgG37tYNHy19EObKVonB4wrUFXgPHleArmyVYyeOHlYvzoQIG1xPLMHGciZBYds4cmgmu/RHYLlvmsB8NEb64wXi09i6+Rt01n3N1nVD2btTDMd0Bod2TSXA1ZjHPcX0VMbxj/st8KCJfzxs4Ze7Teq49Jd9Wl5fruRxdzH32nPERkp5c7NBrW5/Kpb+8kaLOub8fm81jy43qGPRextzuVCTTZs2lWtt5XRJVqmYU09LqZh3Jg2lSfR11nKxVSsAFwsXiHfVFtGoSaevvVZALp9H7dleTE12FOHnDnJYfzHHjMTSju7ghPFsThjMwmLtVNaM/CO64z7D98Aycl10yTklBeKZ1VS4baBOsXSPzRKbaA4wpN59GxqHRZTZz6f8yCJKbeaSYTGbJLPppB2cK8/fSa0URiUnNpHjZU5hiC35QYfJ8bUh2+vAwHSw9y+RmH+ChLzjA1AXiEdnOBArEScRLdAOTTtEqIA6JMNSLN6MsDQL1crDU61l3xKfxL34Ju0VQ7cgRJ4bLq9JlPdLUnrAZ9io7epByQeoKjjDrYZIHtcHUeFtQLWnPjeTDnA9QUzv/CaKHWbT5b2JyhNiu0eWkG23hAgp/BOsVxJptY5g0wVUSpLSW+BJbtARPA9uwddKl7izYt8+DmQGnSA98ASZ/pKAnDQi6NhWwlwMiAs0IyXOmriEQ3Lt2kgScpBQ+X/94vYRn3yYynwveqvCuduSzI9vnvyHSWR+oTk7mADDyWKSYwgwGkOk6SQSLaaRc3gB+U5LKDonv5X8Nhq/bQI2A9qjt9GTsJa+uAVcjp3Djay1dMduod57JRXBm2nO2k9dvBG5XivJcJqF5vR0EgXmtsu+4LzJJKLOGuFhZyKF1Ff86b9/LzD///jkf/2WP0uBtHXtajatXsq08SNYMGs+2zduITkumRvXb/Ly5WuePXtJuaaGFYsWM0ysZfqU6XIfbua4iQ5euxdKcrSBJPuNFPs6UB1mTa82iIc9Gby+Uycm2MrbFxf58eVl3r++yE+vL/H2US1P+qK43XKOa9XHuFruwKVCG7pzDtKVaU6X/PZNiSbUxxhTL79nXdIhmiQR7Cpzoa/Wn8v1oXJPBlGXaE/isVVE7Z+Jn1i6l8E4XPXG4iFQ95T723nTdzit/Y6rktg/FlDZmB/HRMcC/UX/BPggtNWqdKVqff4/q9J/beZ6AvABe9+E3qp1GCxdi8HajexavZmtW9ZioruVU3vFwp3PkBfhx7WOQi63pnCjQWnH9qMp6hAJvrvxk/unKM6G6vN7KPM3oi7zHB3tEby6XKGeH8Wcb3VWc6clj+tNKVxtSudKrWL8AmlNNPVi43V5wdQmB1Ir9t9c4UF9ViAtlSFqu3ltWTKlWRnyt0iRhigaG6PprogUQYjh2cVSHl5J54mA/cmFTHV7uz+Bd91FvOzSShnXqV6fSkdIZWGbj7b+YVhbTe2HnvDVA7AftHV1nLrAW7H1Us1AKIBXoK70gldC7QVfOAj1f45THzD1DNXSFZBHR8eq8B6MfwW6so2nrraC65e7uNRZJyAvFzi3c1HK0qYakaL6Ei60VdDbWUNvRxV9XZVcu1SrQv22mPq1C1Xy/GY1rvU2iDTlqZ1GD5gasmTWNGaMHc34IV+zYOokpo8bLdvJjPzq78ybPI7xQ78WmP9RNfW///d/8ZVAXFm85btPJf4ohv7lXzliZ69+XqWmYRDqA2BXbD1twNg/VMOnDwD9ClV1nXLS6sjNluxHWT+8WGxb7FwBe16eVsBeJk8ulKwni5g4AaZsYxNzVLgnpQ1APUOgroBcgbgSiqmXVzVTXtNKRX272s5e1dBJjQr1drQ1DWobeoGmnFz5gTILCtXhbArU0wtLSZEfKq2wWEJDYm6xAD2DFLF3BfSZkrFlSSh/V6rnUwT8KblF6usy5SJIl+dlyXsnZeawTV+Prbob5SbRUQE9CPXBtvJBeA8auWLpg53jlOcqx5Shas9f3MY/cCp7xTLtbWZheWgMmzZ9if62b7HaN5N9esqUlyOxPbQKW6sl7NgwCoNNIzHbORYTw0kcNp9FjzaMF8oY294SFeY8aAQButK7/e31Gr6/UsWzHg0Puop4KDfLm+v1vLpSy0uJVzcaeHpVCq6rdTzsV1ZCa+LOhRqutpYKzDPEajN5fv+62qntVlcV/e1lVGQF01mXT3+blv6OclrF2LsaylQTb6/Kpb+1Umw9V41WAXx+lDshyrCtrTM4a7pUwGPMqd0LcDFdwY7ZX2Ew4+9smfQJsSe2kHhkJUm2i8g7sZzyc2J+zuvRnlxO5ZlV1HlsFAtfQJHVDNKNR6O1n0f18aUq8Ot8DSkQM893WEmTlxFZYkX55/SIO7WNFDdTsn2sKQx25IrcROqSlWIFqpULzOMyByJGDFsBtlKVHioRkn5QYH1QYC32m2FFUMpB/JLMCUw9KGFBQKKZWgWvJAMx6nvZEZct8Mw4SFjWIXxTzAmO2U99gQt3qgO4U+TMLXnetUQLeiN20e67maoTC6k4Oo/6c8tpcFlPjEAtRCwu9uACwswXEbhrLgkHF4v9bSM/0B5vawNczTcQemI32cHHKIg8Q6qXDekepgQ5bSTETZekRGuSUu3Utvzg2H3yGQ8RnWVFmAA9NMGCwPgDZGU6yW/jL4mg5j/auTJ0JtF2NUEmM/A1GEvw7snEmM8gxWomWYfny2+0jLxTqyg4p0Oh9xa0wfrURxnTHGtIS+xWuuK3cCnHjAup5vSm23CzwYsrmpM0xUhSFroZTdAGykLWEXdsJqlOs0lzXs2+5cPYtXwy3/7pj3zy2//NH/73b/ns979j+vgxHLc9gIUUaOsXz2X5wiVcutTLD2++59XLZ7x790Yev0FTUMa0cRMw2b2XZQuXMmrkSPZtXoGv+VqCD6wi4uB6vEzWcn7/RrRxLrRknqe/Np4fnl3kzcML/Pj2Bj+/u88vbx/wyw93efe8j5f3tTzqiZTkx5nLAvYLRYe5UChRfJy+ai9uXkjn3euH6jl7fL2aJzfreHSjlkc363lwu5l712rprYkgy3Mbfvum4m04ETd9gbruKFw2D+f0hu84smYIJXHn1fc4ZnpEgLz5f7aN/8rMB6E+uL9+0Wr0Vivt5JvZsngzRqs2snntKox0lmOweRk7tutgsGYlezfrc9zMDH8nR+oakrjbc4HLlxN4eqFU4J4qBu1LUphcI64bqM85RV2RK7WJVtSknaSlwo3bbXl8/7CeN1d7eCXgeXSpjLvtxbS2ZNPZInZeE0lTWSTabE+qS3NoLgultj5STD6I5oZotZ28vSlLkv+ByWRq0yUBKIqioSxKrYpvqBfTF+B3NidIWZPHtcpE+pqCuduazv3WPN63RfKoLV8k5IJ6rt6/f09XV9dAu7oCcGVom5i6EkpveOWY2nFO6REvtq4s6FKiDGn7VSg93wuLiz7Y+kAMDm/79UprSgxCXQF3VFQMkZHRKtwHAT8I9aRkEZ7eDu7fvsLd6xe5e+Mit6920tVSTl1FFm0Npaqh97RX0SXW3t1czNUeAbqUvzcE7H1Srl65WM31/hY6RIrcjlqyevE8Fs2ZyZLZ05kzeQIjvvqbwHwkM8cL3Id+y4TvvmWaGPsIAfZXSo/3/1aq2P/A1wL2YZ//gRFi7kM+/S/GfPUlfue9efDggZqc/E+op6hNDEqkfLD037R3X6O6vkuynloBdznFhdUq0EtLa9VtdnYZGRklpKWJoSfmyonIlDfPIj4hR2CudH4rJiWzmNRMAWp2iQr3zFyNauhKVXt5rdJZrkXdVtR3iJlLptbQprah5xWXqR3llLb1DKXtPCtbHeIWl5ot1p2jAjurpJzMojJScuT/yitUq+QzFHCXlAm0y2SrzLteou7nlFWQr60kv6KWgso68sqrsbSyEaBvQn/H1o/2rXSOG+zFPnjs11a+7QP8Fag7HR+YK7ug1Juz7lM4fXIJZmaT2L7jW3bsGs0xm9VyU+3Bas8U9u+axEkxr+SYczjZrMfKdLbcmCMx0B2Jn9tOKWRieNlTxHsxDe6Lnd8XoD9o5ec7TR/azcvlhsjl/sUyMY5qXgnQX16v4/X1ZtXOnyuzaPVX8+x6i9h5I3cv1g4MNasv5NWzRx87Rt261ExXfRY5UW5catNwubNCbnKBeHUB3fWl1BUncqG+iI6qPHV5y7aKbLRpoSR4O3Defgf2O+biarGK0KP6HDWYj+P2eZwyWY7R4mEcXDuW1HM7CLFYiJ/hBFJtBdwC9aKjiykUGy85tgTN8eXkW8+ixGY6+QeniqnPReu0nBpPgYnLZnLslpEg0Cl1XEmW+UzybBaSckqXZFcTMrytyfQ9TJqnvfp9rt5qU4GekHNUhXlkmh1RGfZEZzuIjYtxp1lKsieRLpYuJhaoGHfKAYG7gDHNRl4rCUCGI5GpDmrnuegsBeyHxOIPEJC0D38JrwRTvGNMiRVT7i/34VlTKA/LPbhfdI57YvMXw3fR7LGe+tOLuRS4VYC+lkzLuYTuHE2ofI9I8/kC0MWyL4a8ZSQ+kgzZ71iJ2fqZuBzcSPip3YSfMSb0+HYCjq4hNNCQ8DhzouUzRaTY4h+1h/BEc/mcdkRKMhIYa6JC3Tt2N0FxZuRnnuH753f/jyuA/fTTO8oiT+FvPE2APg1/uQaDd08lykwZRz0A9GynxWSdWkbu2TXkuW2g9LwuFUE7qYvcJdZqRHfqfi4VHOZKlXzf9iix4XhuVzoL1J0oCTGgNXkvRSEbJVHZQnnkdlokCdKm7MX/hCF//q/f86c//Fatcl8yezKLZkzhuPV+9ujpcM7hEA1VJbx+/oz4sHDCgkLFehpk/ymPbj9kyxq5B7casW75MsZ8NwLjDTok+J8j+Kgp0cf2En7SmpLECJoL06nNipFrvZAbFyq536vlzeNefvz+Bj/9KFB//5R/vHvCz28f89MP9/nhSSf3e8K43S6J0OViXinNWc+vfazdeP/Te35694r7lxu42VMj94dW7pNStfr0+oVyeutTyQ8ywdt0Ou4GEzgn9+/pTcNx0hmOowA9yHab+l5uRwL/aeC/Avi/wH3R4KxxmzBauh6DZbpsX7cJi5XL2Ld0qSQxSzFas5Rtm6ajv24huww3YbJtA0f3rMVKgB7q6sLdSy08udLF3SvlvLxUxd2uNFpafSmNleTUdT35MVbUFp2nJf2M3Ocn6CsKprc5XkBezo9Xq3hzQ8qRO1K+9Ndzo7uS280C6pYIWqpCaa4X626Ip70sjoqKXOpb4sTCs8TOY8Wik2mqjlXhXpcWpQ5d6672o7lWgF8SK/9XCL1tMdzqTudWVTi5CQE0VMTT25DAo5YYHojlv2mPFxGp4Zfvv1fP2Y0bNwZ6viu2XvsB6h/GrKvHPvSIH+wNPzCsTaMCvfRDZzkF5L8Ge6EK9YKPK64NTjqjQE6peleAHh4RRYTEINgVmCcnJdHaXMXt6z3q8DJlIpgHt3u50d9Oi1xrmoJkGqXM7GgsUSeY6VSiqYj+7iq5Vqq40VdPd0OBOunMxfZqEiJ8WTprMjMmjhOAj1FNfOqYkaxetIA5UyYyY/xIOT6KicO+Vqvcx333Dd98/hlf/kHMXFk3XSCuwHz4ZwNrpzfW1f1qpb+HH5sPBvsHKAnLYK/+QUv/TX1zD9Vi6Fqt2HR5E5WVrbJtFEOvUavdFaArMM/KEvBKpKYWypvky5vlkpiUp27jUySSBcJJ2cQkZKqd4qLjM0jLLiVfTL2grPZjFAtoKxtbKJFtibZGtjVyTNnWqkPe0tXpYQvIKa6Q51dTUC6QVobClWhJzytRIy2vWMCuwLxcIF5JbnkVBRV1FFXVUyjvW1DVQG5lPTly7LSzq5j0+o891ZVx5grQB8ebD8av29eV6V0VqCuhDFV7//4HvAOXcfzURBxPzmSv9QS2mXyLxeGpHDJbRnrCKbISbHG0nI3doWUEedtQnuZDdqQ9Z62Wc9B4NkWxZ7hWm8QzyZTf32rk57vN6mIs/xCg/yiGoNi5AvPHAvPbXeW8uN7KmzutfK/E7TaJdrW6XZm//fmNNh5JhqhUsStAv95dr/7oDx88/Dj15+P7N6jOj6JPCqu+1jJ1eNqFphLa5fl1xXKjlmXSUJSCNiuKkpRQYj2OCMwNcdq7Gjv9uXjb6OBvv1HAvhqrbfPYv24Ku5eOwcN8Dblee4l31BErXEKKjVj64YWUOC6mwH4R2lPrKT2yhCK7OeQfmkqRw2wqTy+nyn0TFW56VHjtpMHflMJjG8k0m06iWG62+RxSjukSe1YK8WO7SXazJ8fvCD0NJfzyj59JLXRW28TVdvF0WwG1NSEph2TfivhsBdDWBKbsxyfeREAupp4qpp5sTZzSaz3rNLHpxwhNsRaAHyBYrD1MLN5XIO4Rswv/ZAXq+zkft09M3oKsJAf6Sz1pjbSg1NuI3sxjXE2zpTtUwOaxhh6xde2xpRTZLybCYBRhO8cTZDgF3x0TCd85gfPrv2XrkP+XjaM+Y/PkIRzfvQpPizX4Wq8i6MxmvM+sIyLJVuB9jOTcU/jF7CUgfjfBifvke9jLd7JVmw3CMw4SmmlJYIwljx/fHKi6lGTt8oXGfwH641u9BO2bje/OqQTumkbg7kkESZIRvm8aiVYzyHKYR+7RReQL0Aud15DvsYFCD7FuX4F6yHYaBeptSaZ0ZR3kYrYtV7TnuFx+hu70A9yq9eRCrgNJLlvws1iEw6aJ+NquoTzeTMzdgGvV59CknuFrZXW6v3/O2gWzWD5vCvo6i9kvpnnG7iBP7l0lLSyEMX/+A8O++isLZswnLjKWh3cf4X7OhQ1r1qtzv4/45issjA1ICvIgVaIoSQyxvpauxmo6q8rorCzmYmUBXZpYLldEc78rjyeXK3l9p4Vf3jwSU3/GLz++4B8/vuTnn57x/vvbvH9xjR9f3eIfkvSos5g9uIN7lDtZZRnq/q3+JjpqMuReiKe2IIrKfDHPUoFWZbJECLmBkoRJsua6Yzznto7m5IbhHFv7HbbLvlVfr5Hy8GMP9g8AV6rW/2VfBf12ti1ehd7aReisExNfsgLdLSvZsWQRxptHY6g7mcNbv8Rh1wROHtjAsb3Txc7X4ma7X2w4Q21ue3K1Uj5/CY/6CnjRWSJWGUJ18ikynQ1J8NxNXawfLUWn5PkBNDdFiF3H8+yihh9uNvDytpZfRB5+fFLH+4ftvGgv4ZJW7v+6TC41pgvAM+luCRF4JwjckwXk6XRWp1BdnkFNZRqNteE0pIeqM9DVasTSy8XMmwT8ZTH0NkoC2CUgLs4nKjyMvMQQXrVlcasplo7cMB50ZPLqUgVvr2v5+YeBdvXHjx9T39gwMJzt36L6Y9v6QPV7RaXStl7xEeyD1e+DY9WLFagL3JV2dRXq+Uqb+j/XRFeAp3SCU0CuAD0kJIzw8AiSEhPoaK0VM+/j0d2rPHt8hyePbqqG3tdVLzBPITU2mIpiOT+V2bTU5qqG3t5QyMWWUno7K7kipt5SmUW9NouEEC9WzZvO5JHDVIhPGDaEKaNGsGjmFAH5WCaOGMrqJXMHlh8ePoRJI4eq482H/elTgfcnfPfH/2bEZ58w+s+fYqCz9mPyGRYaRFCgn7pfIvI6CPWED1AftPSPQFd7sle2U17Wgqa0kcKCWoF5rQrwlJQCeVEOYWFJhIYlEhKeSGh4MiGhiQSFJBAakSyZT8qHSFafExwaT0hEogp0xeDTskpJzigiNVuBsUbtSFdR10KRVv4fbb0K+bKaZiob2tHWKxbfRLGAuLC8jtKqJjF7+VyS1ReLdedrquX1Ssc8jbrN1QjoBfr5CsyrmyiR91HAnl0uyYhsc+U1h48dZ4dS5f4B3IPV7YNt58oxBfaDhp6UGMfJE44C/IFhbsq/S725uJycjof7Ak67L8XxxBxMD47G/thizrkZ09KSSVdzCkfsF3DYbjnZaW6S5WdwpTaLKDcxmZO76dTGcbUhU61C//lOG7/cbePne1IYKXZ+pVrt3f60R8PTyzXqnO0/Pujh3f0uXgvM39zplBiYv/3FzTZe3mrnXl8D/S0aFeiKnb96/RpNWTk/yE3zyy8/fyzwnz68Kdl6KZ3yvJbqHMmsUylOCyMtyovC+ADyYnxJDjiNu/UOHPQXcXLvSuzEys+YriDQQRcvWx187LfitGseFqvESOVYvv8BYo/qEGO1iGTr+eTazaXw8AKJJWhPrEZzZBE5FlPI2D9V/rZAhbmyyEhLyEGag80pct5KnNkcwpVew7pjSd4zlXQBevzZffjZbSf0pDFRrvtJcB8YwtbVV6nadmjyIYKTLdW28ch0G+KzDout2wrALQTw5oQkifVm2IjtWhGZZE9ksgAy47D63POJpnjGGQvAzfBNNsdVzFQJr/i9uEXsxjVsL+ejzPGJ2E9MhBnRR9dR6G1Cc8IRruU4cT3tIPUuy2k8s4yGc2vJMJ9G9sGZhOmNxn3tUE4s/oLQLcOI0hvJ/nH/xZ7Jn7N90hdsnz0Ey41jOWU+l2CfnQSGiH2mOBKf6URorABbPldw6h584nbjHGSkdgIMSLbATz5XffuH2eB+/pnmihwCnSQBOb6LVy+efJy1XZvoiYfBJLx3TiJg1xSx9CmEmU4hfP804g9MJ91mDtkO8hsdX6wO11LGYZd46EiyspnKoO1qZ7HWFDO6s224lGtPr8aRKyWH6SmwplvOZ78kFXcF8k3xBziyZTSn5P/Qnf0txqsnU5e4lzuNHhwxXcPEoV+zePo0Fk4fw8bF07HbY0CTVmymrZJQNyeG/vUzdbW2lTOmEertx/279wQoTRyzd2Dq+PHMmzGVpJAQagvz6Glr5crFLh5eu8G9m/08vdnHkzs9aqL76JKWq9URXNWc50K+N1eqQ3n38g4/v3nBz+9eiHk/E1N/yk9v5T54/3pgsp33P5JXUYC1qx1WbjbYetpw/c6AsWvT/ShKdCMn3JksifxoVyozz9NcEiiAdCP97CZcJGlz2zYW580jOLHuO+yWf82VznruXL/zLz3ZP5q6bLcu3MbWBSvV49vmrmXNihXorZzPhhUL2bJwLnrLp4qJj8RkzVBM1g9l77YhHDYazul9Uzm9fyhnzZYQ4X+Chx3VvL6s5bnc+8/FCN/cauDqVQ19l6PoyHcn08+MgBPrKPaX6yVTEtGGCIF1CFcuJfGDQPT180JePK/j7bVuXl2+yLsbTTyT83m7o54rkjC31mcJsJO4UpdMZU0CDZo4mpqSpbxKlXItROxZLLUxRoAdpo5lrxdLV3rA12vE2msj5TPEcEHMviYnhtDTx/BzMBXRSKJPk0Brljf3JLH4/nIxL3s1vJVy7h/yWw0ObWtubRkw80GgD1bFf4gKpRe8AL1SAK9Uw6vG/qF9fbDjnFod/8HaFbArVfB5AvasnNyPlq6Ab7DaPSwsgsT4GFqbqrh365I6bvzlk3u8fHqfJw+uc72vlbJCeU1kINFB7qTFBVNeKElOeapafrbVKcZeTIfIkTLhjLYggdyUMA4ablGr1McO+VqtYlcAPnn0cKaPH6UuNbxk1lRmTxoroP+a+VMnir3/VZ0NbpgyBv2T3zP0k98JyNfQJOdD+dfR0Y6pqTHGRjsYN3oY/f0DQwKVpoJBS//3ancV6MWlDRTkix0X1JGZUU5cbC6xMTkkJxXKCUglMDAWN7cA7GyOs2WzPitX6LBp/TZ26O1m9x4L9lvYc/ykB2fP+eLuHoSPTwRBQbEq7CNi0tW29qi4TDXiknJJz9WobesFJQLi4iq1w9xAdXy7Oq5dGc9eXtuMprJJ7LxO/ftApzol5FiZwFurHK9Xt0XK8ZomCsXKi6obyZNEIVdicP+cp7c6jevgmHLFzPW3b/44HE2B9qkTR9V28sF/aSmJbBXAp6emqPuJCbqcd5tBSPAaXNyW4mA/Deujc3A9p0tE0EF1OMdDudmaarKoKkugpSqTmxe0PL7SwuNrTdxXZ3er4/XVFr6XeKGA+VKV3HA1vO6t4EVPGY97lFXUqlQLVxZf+fFBL2/vXVBh/uqmMt1rg/ytiRdi588kbnRXca1Dy71rPQPjtmsa0VbX0Nd3gadPH/Pzzz99bG99LQDo66yhuTKTzBBnssOc8XOyINrzCMGnLHDat5G9aydjtHykFCarxSqXY7pmogB+IX6OO/GwXI+j3nQcdaeT5WlGcbAVBZ4mJFgvJsliBjkC9NITq8i3X0Kq6SSyzCZTfmQhGsdFFB5dITA3oMrfjMYIK2oVoJ+SJEEKR/81XxMmhpJiMpO8E5Io+DqQ6WlF0jmxdI8DJLsLaCQzfi+GFZV1RKCuDEmzJUKMOTzFigil81vaIXWMeahAOiLJmthUgXyKPcFJVmrVu3/yXgH4PhXm7gIv3yQzvBMUuJvgGWuOS/g+TvoacS5wDx5BklDEmOMdvVegfoDcCGuaUs5wIeUEffL/dQRuJ89qCoV2cygWSGoOLyTddCreq7/Ce+UXFByYRu6BGfhIAe2lMxz/3TMx15mA83EdAgN2yz1hhl+EJB8JNvhHmxGTKp83x0rtme8VbYJX7B7OR+8jU+PL/ccDwLl15SKRbtZ422+X0MNLEp6cGK+PK6rlR57BbfsoPPXG4itgDzCcQvAeMfS9k4jeP4Xkg7PJsJtHluMCOceLKXZeRYnLKorcVqP120hDnBEX8mzEzM9wreocV6ucuV4r2wonLmQeokRZVtV8CmVnVlAXaUxjii0xx9bQU3SUuy2e3OsM5FqNN5sWTmDBpCGsWzBeTGU0BwzWUZMbTGbASc4fNGLB2JFMlcLMbpcxTeWVXL/cT3dHN2dPnmXSqJGcdz5JZ10VfRfa6KorJSXQFd+TDuQmxXJFCt+nD25x53I3d9s1PO7I5X5jPFfK/Oku8ufJrR7evHzGj2+/56cfXwvMX3xcHe3a7WucDj7DQedDWLnaYu1uh73XYVwj3NSqd+V90/2Pkuh+mAQPO+K97MgKO4Im/ixl8Q6EO6zinP54XPTG4Srn+cyWERxeM4TiOG/1/fdt2PcB4NvRXaQrsN7IlgVb0Jm7gy2LVrJ1mQ5GYucWW5dirjcfEzH8nRvGobtiiMD8S3au/zsmcq2cMfl/OGo4BHerYTiYDMPxwCIpS+J5eLGdp2LaTy828UgZunqrgkc3i7nfkUhfTTCVKSGEuW8mwWUjWXJd1Wpj6C6IpbU9UxKObt7e1fL+Vpdk9i28eillzuPLvP+xkTdXOumX97vSlkebJF0dzek0N8dR05BAhUC8uiKTxsJYtR25Rsq0uoIItfNcVVISdakR1GTLfpYfFQnxklQmkpoYxll7K9ztLGiuTeBht4bXPdW86K3lWU8Nt5pzudERyq3eZO72FKnn7mdJVJWFXNR29A/V7wrQlWp3pcOcWjWv9n4vU2GvQF0xdmVSmoEpY/8J9sH9oqKij1XwOQJ1ZViXAnSlmj0iIlIigtKSPG5LgvPkwTWRoTuS9NxXl0K9c61LDLyM6LAgIgK9iA5wJjrQg6ykCMrz5RyUp6nrXtQoU+HWFFJdlkVqjL8kqGfQW7uMxTMmMVMMfO7U8WLnYupjRzB3ygRmThglZj6KhTMms3jmVBZNn8jQL/7EsM8/UavYFTv3dXUeaDJ984ZgMXI9PR0cbM3YvH4lc+R1mz9Ye2dn1z+r3ZW29I9A/2DohYUDII8IT8fXJwo/3xjOe0cJvJLw9AzByckNS0sHtm3RZ8GshcyaMpt5MxewaN5SVq9cj46OXMS6RhgY7cPMwoGjx1zx9AolKFSsXhKCEAF7gBh7WEwa4VGpBIUlqPau9JBXOtEVC6DLBNRK5znth3HtipmXCdiVKvSCsipKKxvVY/maGnV4nDLuXWmX19YMjIfXNnWoUSKJgAJy1c4F6jli6sUCeytbOxXqg0augF0x8lNOR+m5ONBp4+f373h2vZPXD66q+0p1u9p28fACMVEr8XafTmrcesLOr+WspwApcCeVJeE0lYZwuTGB3sZkrnfVcrOnRa0Gffv0Bs/uXebu5U5u9NRyrb2Em63F3GjMlQIwXTLvQu40ZUkGm8XznnKeiIUq65t/f7uLH+/3CcgvCNCloLrTzetbHepwtZcC8ieXG3lwuV4ShmqaNWnqZ7x57xG5Ne28e/8z7969FahfUqu1Xr98ydPnL3n/80Cv6GcPbkvBsZr40wfEuNdgoTOLfcsnsHPeMPQXDEd/4VCO7lrMmf1rsdk+D+OV4zBYPALDBUOxXD0ON9NlaALtSXQ2JdR6FdEW84ncPZ7848soPbOBgiMrSDKdLMY9kWKBXaH9TLXtvCHInNpQWxojbWkIt6bxvD7xu6dyfv13hIpZJu1dIK/fQZaHNaVhpykIcyTZ25JsHzuqk/0Hxlj3FAu8bYhWh6nZqh3iItKtBeaHiE63JUrgGJFkQ2SqnXosQOwxIHk/3jF78IoxxjfGBL9YpXrdXI6b4xm5B6fzRrgF7ccn7ABBcYfUdvbQVEtCUs2JSjMnKGofabG2FPofoF4AXxdgSIufLs3eG6lzXU9/uAFaSe6SDL8jeedQSg5OoliMOHn/ZDLMZlEgyUzC2a1yg+4hJOYg3kF78I1SrFw+Y4p8F2V8fMp+PGN24ylG7hphwM07PR+q15+RF++Lh812NTxtt8l2m2yVx3rc6B9IQG/1teC0ZQweuqPx1puAr/5E/AzHEbRrPJGmE4mWBCtOkq5M2znkOswj23E+WUcXym+2hFKXJdT669CVtp8r5ce41ejKtUZPbrR4C6x9uFrvTlfWAfJc11IbbsnF7FMUepnKubDiQs4ZbrYE8KAzjNstQXRXB+BzeBtLJnzF7vUzWT1zFLZb5rN/9Qy2LZzKlrkzcdixlYgTh9GkJ9PV0UZbYwv7d5uyaeVy8hMVOAVzoSiYugwfzh3ahaezJycPH6U2W5Lk8nxuXmzlbpckvpIsP70iyWxnNterE7gp5+Dhveu8fP6An3/6cWA9brkP0kszsHSxFJhbyFaA7maLrYeDAP0Idp6HKageAEtZstjYGUsiTpoTpgwvdLEgzecg2X77OW+2AGe9yZzZPo7TW8dydOMIbFYNxcdmoB3dS8rHjQs2ojNLh40z1qCzaDG6Uxar280LlqE7fx5b543CaN1XGKybyG6lk+z6zzFZ9TW7lv2WvUuHyL31R6wX/hnj5V9xYNlfsNryKft0RtBfl8St1kLutSXQJ0Z4824b777X8ORxmZQzeVxtT6SjPp6GrBNi6rsI9tkmNhktZh3KpdYMXt+t4Ken7QLwcv7xpJV316v54e5lseMrUhZc4bHSL0fsuaUll8b6PEm04qgoFpBXxtFcFk1Dpph5VRL15TE0FMVQm3GGamXBl6xwFfAV6TEUxccR7+2Gl6M98b4n6O0o4MWVSrjbKEZexpPrtfx4T8uby1U8kyTjlXyXa23+XMw8z8tHNwaaQpQpY+vrqKuvHwD5h57vNUoV/IcZ59TJaJRt9YCxK9XwZb+29Q9AV3rAfwR7YSHZ2dlisQM93jMzUijKz+R6fxvP5fu/fiowfyqG/ugqj253c/1SE7kZ8bg5n8bf87TA3JXYEC911rg8+a7lhYmUZUdTXZom5ySbvLRoPE/Z4+poxeoFs1i3dAFbVi9l06olbFi+gLmTxzF74limjRkh9j6CNYtmYqy7Hv1Nqxn37d8Z98Xn7Fi3lsYPVv7s6RNiIgPxcHbEy+UIp44fwFDAPnPKOIaI0cfFRA009WjKPk5l+6/t6AL03JwqoqOycHEO5PhxN86cPc+pk54cc3TmkKWdGgcOWLHbcA8b12xisYB8yfxlLJesUwH6+nVb0du2GyMjc4xNLNi15yAHDjnidMYbV89gPP0i8QqKIiA0Hq/z4XicDyEiOkUFutKJTh3apm0QuxwAdKnAvUSMPLtQS05BGSkZuVQJtJWJbhSIKzBX4K5tkGPNnRJdVLZ0USGPS+taVIDnV9aL5VSRWVpJkewnpGeJmW8cmOZ13SpSkhI+2vj/T9hbR1eRrwvas9b39zffzL33eNtp2k7T3tACNO5uIYEkxEPclShJiLu7uxshxI24kECCu7s21t3n+d6qDZxz7tyZyVrvqr0rtXd2alf9nvf56bPHD7g8KWZwMJNzTUncHSpV97829oZDgQSF/UhG+hoqSw25cKaRa1e6uXWlkwfXxuVCGOHsTJ1cyALmq1O8vHNWbqRT3Lk4w+UzU1w4NsTMSDPTfdUclRtmrCGZ3uIwJuoSpRDN4/pYHfdP9HNjplPAPSEwP8HLW6dUQ396dZqf5UJ7cvmICnXF0BWgn59S1ivv4+Hdm/zyyy9io3UcOX6BBwLv38RMfhHzuHfvHk+ePuPRz0+5/eQ5j56/fPM/H64rYte377Lr+3fY9vXv0Z7zF/QXf4TFhi9x11vIfqsN7NuzDgetH7FZ/wUGC95F/7s/k+i8lc7sIIpDbSgL3EWu7SJKnBfRHLyV1nBdmsTcqux/osJmvmbyFbvv6Nq7mMEUK4YyxM6TLBjPsKIjcCO9QVvIt5hHhaskBhaLaPHXpSzBkcoMLxrS/ahO8qYmbi+VAvk7V8/z7MUTdT52DcQd1Z7rGUrnt3J5LKatTCKTVGhLSrE1qaVWxIuNxxdaEFtgTpzAPCnfmrQSe1KL7EkTeMem2xKTZkNCjh0FVe4Ui/kX1biQKomA0vs9u86aqCITgtONJLm1oSLNjgMJpjSF76Anbifj6cacyDXjVIY+o8HLGPWbT4vVVxyw/54mN/l/vJZTZTuPWr+NlKVZk1+5l9gsK/n8nqRVeJAiQM+odCOu3ILIQjP6Jv9RvT7c1UCcrxmRbrpvgK6Bup6EvjzWJyPMQeD1Uh2yNtlTT5IkRXG7FKjPJn73lyQafkGmsbKwyLcUWM2h3H4uVc5yvp3mUeb8I9Wu82ncu4ADPgvpjt3IsQpzzrW6c657H+cHQsWoYrkiwL48GMvJQwGc7EwUg5d7pCeV4w2RnKgJ40iVH4cr3Ogpt6e/IYDhA6E4b/2E2ngt3LbNIVDva+zX/I3P//hvfPgf/4Nv3vkDZlLYZYX6cbC6jOzUJOzNjYkJ8KUk1pdyAe7BKD064uzoKcugJD6GVgFIf0s9k4dbeHjtAk/Fpn6+f5vTI62SIDdyS5Lh89Mj3LxyQcD1VDNfxNlpfJICBOSuOIY74BRuJzB3fgNzFehi6S4xHly5qelsmC8GnxNgT8Y+G9L9bSiOsCXbW5sI8wWEG84lQPcL/HW+wHvrbBzXfIjtyr9q1h2orUVnzhp0ftrJlu+XoLtsGRtWLEVryTyB+kJ2rpdCfMtXmG//BttVf2L38rnsWvI2+svfY+eiWWgv/ApdSagtlr7D9h//JL/7Vkx/NkkhVoyOHKKjp46+1mKO9NXw4EIPL++P8+xWnxhmH6dOFnNnsolTY4l0lHmRHuFOa3oIA815HB2T48+0ce/6EL/8fETKuWM8uSXliJRZj5+c4v7LszwR4bh55jTnlWGtg2XqMLXhviIOd5Qz0KKZ26K7poTutkKx83zaS3I5UJRGXX4M7UVRVGUkkxYVKdekJU3yfV0Q+Xh5YYgnJ2d4eXGE384O8Mv5Pn653sb9aYnJejH3Q/J5cxls8uBQngX3r519s7DL8OiIaunKkLbXk9AoEO/q6vin2eWUyWi6NLbepcwN365ORKMZzqYsyfpqWVbluWwbGxsoKyuhs6ORS2fHuHZBWdN8nIe3T/Hk3kUe3T7HXSlnlZnfDrfVUFeaTmKUAD0qkOykMAF6LCW5qQLvApolsWypL5Kkp4JDtYWUZMWREu6Pr5M165ctYufmdZjs2oqN8S7M9baza/NqdDauYvfWNey1NiTA0RQnUx31+fezP2JI/ldN88NTjh+boroki4ykUFLigoiL8iY40BFzYy3WrVrCh++/w5yvP+fWzZvclHjdKe4/d4z7bxXlLURGZBAUFE9AQAwODu7s1tXD3MgYKzNz9HV0sbayw2qPDbt3GaKzVYfNa7ewed1WNq/fxrYtO9mlI4ZuYImFhRM2Nm6SAHhi5+iNu1cw/oFR6priDu7+7A9LICk1j5yCSgpKa9Ue8erY9dYeAWc3Da+GvCnV8Yq5q1Xysu0fPsrg2HEOj0+r1fJdg0dUmCtWrsC8Z+zoG6gr+9oF9grclXb1JkkAyuoPYmhoKCAvfQO1h7evc2qwhaMHMjl/KJ3LB6K41Z0iGe2IumKVesyjmzh6fIbzXsnOw5fR1OTFjautDPQlygUfzanhAh6ca+Xnu1M8enCa+7ePCmjb1XbuW+fGGetT5klvYKy9hJFDhQw1KO1QUXTkhzJQk8JMZ6kUSJLFnlIWW+kTeIud3zgpAD/K8+vHeX7tuGroP1+e4P7ZYW4e71Or7s9OdnL59Jim931nGxE55ZII9XH3zn0eSYKiVLUri15MHJnhl99+5be//8LzFxqg//aqGn6ivxvP3evY9tXv2DnvHdXOnXXm4aQ9j33mazRbo2VYrfwEqxV/Q/vrP4ht7qEjJ0TsxZWy/Tsp9VxDo4C5PVqf7oQ9VO9dR4nlPEqtv1PXD68QkHSLDQ7F7mQi3YLhBAMGBYYd+zZQa7+AGnuxWYdVlDktF9CsIDvagLw4e8oTnCmIdqIhZR/NGUH0S1asLq0qSZMC8zTFsous1THkSse2hGKlmtxCtlZivDZi4RYkFitmbihQ3yNmbkdasSN51XuJybAhJcuJtBwnolJMic+3ID7XnPg8U7Ll/dIrbUiusCCl2oKATB1Ccg3FnE1IzLIlK9WGhkwnivy1KPBYR0Pwdo6e9XAoAACAAElEQVTk2HCj0pVT8Vs47PE9bS7zaLCbQ4ffag7IOSix/kG19GKx/5xyN7FzB+LLHIgpsiEs05TSlggu39C0j108M6MuexshIA+X+GegR7oohq4n+/QIc5PP5baDw686dyFQv37uONVxHiSa/kii7pck639Opthgpsnn5Jp9QZHl15RLgqVAvdzxByokyp2+o9xhDjUO39ERslySLh2xdTNOHHTkRIcHF3oCuNAXyvn+BKbbwxltDGSk1JPO1D1i6kb0pFgyXm7FwRRtDkqycnE0kWMNDlzssGSmyoCetO2UeGmx6avZfD/rHRZ98Fdm//4/MN+6Emez3Vjs3CzWspDkCB/KYgJoyIggw02bLLddVEtB2lVXzs2zJ7gi5+Xujes8uHebe1cvSUF8jxdPf+bMxAAn2krkvrummVzn50dk1mdjHmKBrSQ8juFOOEU64ypJoWuUq0DcUzVzpdrdUc6zQ6Qr4XnRauejm5fOkh0syaGvBam+5mLskgQ6ryHS/EfCDL4WoH+Dz84v2StAd1n3MXYr3+P05ICA9Ryblq0QEG9hx6LlbF4hZi7/k87aNVis+R69FfPQXT0bPYG0wapP2Lr4S7QWf4j+0n9Hf8W/SfwO/YVvo/3FZ+xe9AGGS2fhrLWNtsxI1Yqbpczqrc7iWGcRd84MiTSMS0JzkDMXD3HsRBF3x4o4fqST8UOpNBeEU10QK7aay5mZAoG1mPH9AV68OMajR2d4eHmaZxemeH6xn6cPRRhEHJ4+UJoF2zg5VSMgrWBgoJKhoSpGhovUldZaKivU9dU7SvKoKc6gKCmQ9Ph9knB4Ex2yn+y4CK5KMvr86ijPL4zz25V++YxH+O3ODL/dnOT57Ql+eyC2fm6CxyIiN2bKuTpWSF9bHoXRJvTWecrvRzV9HV68YOrolAbqKtB7X41d1xh6rzIJTc8rqEso+7q7u+hU5oVX5oNvU+z8NdQPvon62nKG+pq5fn5M7hNJ/pRRQueHeHTzOPeuTXP97Cgz4+00l6dTmx9HYcp+0mIDyEzYT0FaDGV56ZTnp1OclUB5QQZ15TlUFKRSKNdoaU4Svq42WBnrY22si5+bLT5Olng7SzhKGaQ0G5WkU5UdQ1ZsIAu+/RztLZveDEE9NjFKdXEeeWlRZKeFk5YcRHKCP2HBLpibbGPu1x/z4Xtv88E77zLr7bdxsNX0Kzp69JhmCJsy0cwroKtV7kp7eUx0FgnxeUREpKGnZ4DBzh2Y7t6tzsVsoq+PsTw2NzbFxNBMTFcfne270NqkJca7ne0CeB3t3ejrK5ZuowLdSQzd1dUPZ1d/7O33Ym3jgptXEJGxGaRllZKdX6lCvaisnpKKRinsGtUpYstrm6mqbxEz71RBrlS1t/WMqFXyPYNT9E+coG9imj4B+2uAK6EAXHn+el/bwJi65Gvn6FHGj5/hnmR/ryfguH35HJNtBxipzuesQPZJfxFPepJ5MpQJT87BL8/45c4l9fgDLRk4O36Ff9hi3PznkRS/nbSk7RTn7pFCaAvd9YH01ARy51IXzx6d5ddnF7l7uZObp1rVoTUnxhoYVsZztpcx3CI3ZkMOw42Z9FQmyevSmeqp4tRoKddOdPP44pgY+RFe3DzJM4H502szPL0+o9r5I2VCmdMDXFVmJRKYn5d4+vg+d6RgcwsJlZBEzHsvDcpUuk0tcvM+kZTkN+7dv8fPv7zg8dOnmnWzJc5fvaN2pnrdvn50pA9dMXCj5Z+oEHfTXSigX4Lbrp+w3/gFRgvfx2Thh2h/9w51iS50FUTSlOFHyX59ijzXciBMl4ORhnQmW3IgUIt8s+8oE4jVuypTvc6hyXk+PfvXcThiK4ORWvRHadMVsIEOzxX0CthrnFbS6LOdbOM5VASZURLmTGGkFUWxdpSIXVVEu1MZ68UdMbAnP99T28yTiqxIFKDHiX0rVerKeO3ILGNiC82JKTQlWcCu9BRPFmjG5YqtF9qJvduQmGtNeLIJWcUu5CqzyBXbEZZqQES6obznHjKq5Jhyc6KLTQjJ0yc4x4C4UmtCM+W9syxIEnin5zqSLiBLCtclzmsThQL31lA9Lte4MR2/kW6PeWLpczjksYhGsfRal0WUS6JTobSby+dIq3IhtsyGGEk6Lsn3rCaO9+9QIWDZ76JDmOsuAbYmwuVxuPNOFeYaoOsQ6qpFiLu2AF2bSG9D9bX/mGDmV7GfXor89pBm+D2pRl+Soj+bDMPZcn4/o2jPV1TafU+F/feU2X5PqTwusZlDkcWXlAnwq/bOoyNiNf0C4qE8XaaKTTnZ5MipVm8mal0ZLrFmINeYCr9NNCor59V4cbI1iAE5N51puzjT5c2ZVmdONxlxudWek3V76Eu1E1PfxZ5VKzBZvBjTjavZPGcOyz77lG1LfuSLD98lNdyPxvRI6nISaa/MojYrksnBDk5PjXPhxCgdFZmSDNdxKCuXwvAopjoOcW5SCuTbN+R+vqz+70MzIzjGOmMaYo5lmCX2EXa4RgvMY1xwj3XDLdpNhbpLhFi7XGM24Y5Yh4mohDrQ1N+iud8LY0nwMCDDdzexCswtfyTa8nsiTb4jQO9bfNUq989w3/QJjmvfp/lVO/qeZRvZtXCtWLmY+eJFYuuKdX+J0foPMV73gcBbgL5kFjqLZ4nBv8vOBX9m55z3BPa/w3X+exgue49N37+N7ZrP8XKYR5D9ZvLjPeQ+i6M6JZSW4nCGD2ZwdmaQW5dP8vjGMPfPTHJyrJEjyrjoI80c7UrnQHESLYXx9FUlMjhSxt1j9Ty/MsFLAfnLh8d4fEGAfrdfwHuUW8/Oia1PcO/8OR4eH+LKySaODXdydKJHoK7M/V5E9+FKOqry6KqIobEmXp2driQzllRJmPzMdZnpbeL+5Rl+vX9EgH2Y325M8ezsBM/vHuPvp47w8sYAL28P8uLiJI9P93J1opojE+WMdqfRlOZKnNt2SdoieHG3nV9un4Gfn6jl0vnz51Wov7Z0zXSxva+q4fte9YRXAN/1Cu5dr2y9TQV7a2vLG0NX1ls/0FgnsIymoyaNa1KO3hKwXzvRxe0Lw1w/3c947wGx8ERKMqIoTN5PergHWdG+ZMYFqoZeWZhJYWaCCvfclBhSY/aTINdsVmI4jRUFRO33YZ+nM3Gh/gL9RDkumnK5lpursultKmWsu46hjmoaq4sZG9EsYnPrxhVJDNIozIqiSEw/NyOczLQQiVDMjLcx56tZvPPnf+evb/+ej957lw/f1QD9g3feobe7W9O36/XMcf9s6DnZ1SrQ42KzCAtLEmDrin2vYoPcgFqbNqGvrS2A3ymmroPJbkNMDIzR0dqFtoB8u0B920alKluLndqG6OmaoLvLWMBuLZburkJdgbuHZyCBoQlqFXxiagHp2aVqtXtmjtIzvpiMjGKyc8vIL6qWjKOeitpD1DR10PSqzVzp8X5IqYrvHeWgbFsPj6nQ7hqefAN1xdIPi5EqW+V3o9Mnuf/w8Zv28Wunppg4KBdqdS6T9flcFWt+PlzCbyM5POmM57czh3h2cYTp2kzKg924Jyf83Nkxgvctxtd3CXau3+AbsIh9/ktITdYiMWoNqVE6lKdb0lYbwPmZKs6fUNr55Aao8ae5wpvOA5H0H8qisz6Ljto8iRxay+JpyI+gvSqXsxO9HBvJlM/Wyo2TnXJzDQvMT6gwf3ZD7PzqFI8vjao9328e7+GGGPrVYz3cv67pMBWVmIxbUAT69nY4+nhj6eaFT1gk5Q0tnL5wlf7OIblHnnL33iMUfl+7dY8HPz8XsP/GtfuP/mX4U3VuPPbbf8Bl54+YrPmYPWtm47DhS3bPe5fdP/4Vx20/iDF70FseR3dZFDXRZtSE6NCeaM7BWDOqA7eSa/EjhSrQ51NmM49am/mUm35Jb/B6BmK06FSq2sN06I/cyUDEdgaCN9MWpEWN3y4yd35NqRSiCZ76pPuZURDqRGWMOzHO+iS4m9BSpGlLb+pJV6vSEwXaiQLw5AIbAbQ9KcUCWaW6XUw8q8KNuEIBfr4AtMiFeAH+/jR9kvKtNNXuYuyxmdYk5EkUWKnj0ZMrrYgtNSUs34gQiYhiM8IKjAnK0CMwRY/EHEu1fT1W/k6sWH98rhnZhbYUFTjQme/E8QoPrte5MhCwgi7Pn+jwXsRgtDbdkTrU7F1NTab8XTHzhAorRk4cfFO93t5Ujpv1JuyNluNovAJP83V4227Bx2ErIa47CXPZSaiLtoB+BxESYS47BOYCfg89ggX4lZII/Oefl89/ZqqrjkKv7SQbfkWmwWwyd/+NbINPKbH6lnKbuZRYfEuhxTcUWn5DkdmXFJh8Rp7RJ5QrzQYC9tZ9P3E4YSOT5aacOuDEiTp7jtfYMF6kS03wSgrcl9KXZsp4iTOtcYb0pulwvtmWi81mnGnU40KHC2eaHEhyWIG3/mairU2IsDPHWMoVgxWr0N2wlvlf/I1F33xDRXaSJJb9nJ2e4sTkONOjhwUug1w4fYwzRw/jb6mHxfat6mIlvpZOhNo7cWZEs+Lcg8cPSa/JwiLcBoswK4G0FfaRtrhEO+IR76qGe5zAXK4ll2hXHATktqGOWIRYYxq8B2MxcQuB/427mglnMgOtKQ3fQ6rrMuIsfyBGrukouaaDDefgJ5bupf0FHls+wW3jhyR76qivCQ0IYOfKeaxbsZRdyxX7/g4dSYJ3L/8faK/8VCz8c4H5+xgse4udP32kmvnOJb9j7dy/YPjj79n2xSds+exD9utvIdF7K25WulRHyX2VGUhRoj1l2R50FkRwarpOADokIG7m2eVBrorxTg81MN1XTk9DMXUFiTSViP1WJTDYVsClY23cudPLy2dTvLw7zZPbp3l0cZo7Atpf7h7lxbUxdZrph+eGmT41xMnxXo6PdTJ0tIKJ/laGBmvVldaOidg05yjLr0aQ4O1NUUwE18Z6xL6H+fmyvNfjPp6f75f3O8yLc5IwnD/My4sDvDjbp/ZufzlRx43hQo611tJdkUVzphOxkhT4uJiL3Ozn3vUufrnVza/Xhvj16ZNXfZduMjg0qJq6urCLCvTuV5be82p2uZ431q4AXqma7+pqF2NvV+He2npIjRax9OrKEmpzo+X/a+PCTA+TfdVckvJ0tLeB3MwkYsKDCfJyIWSvLRF7bUgIdJHy3Y+clEgqBOjFWUkUpESTEhVIbLA3Ef7u1Ffm0VhVSH5aPHmpcRysLWKwq4GhrlrGeuqY6Gtg6nAjE101nDymqVF99vRnOg5WkxK+lzxJHgoywyVZiCI3PRR/bxvmfvMR7/zp33nrj//G23/6N979y++Z9c7bvP/WW7z/jrL40Vv8NO9HtfPczZu33nSKU2CuAr24qJGU5CKCAhME6tmYmViwftVKtq5fr8Jce8sWdgvM9XbsQFdLC51t29i1Q5sdW7TYuGajxCY5fiNbNygLoQjot+uxW88UCwtHHBy88PYOxn9fBH6B0WqERiYTG5dBQmI2SUk5xIu1J8RlkpiQTXRMqsC9iMLi2jdt7Joq+T6xz8M0dgzQIOZeL4+rlP3K0DZl4hoxdMXIFbBfuHbzTcH2/MlDLk/1caQhl9HabEarMzkulvzzSD2cPAQztbwcyeVmSyLHyqOoDLIhwkKbJGcrTnTXq+9RWuJBQOBaYpO34+iylMCwDfjum4+L82z83FZSmW0jGVg0I10xjBwKZaDJhYPlthwotxKQ+9JWHcZgTyrlSnabEUJRvJLZudFWn0xfSzKH26I5M1HPnTPDYuJHxNKVoWpKz/ZRHp4f5N6ZXrV9/cpUBzdPDHBtukdTZT41xS4zEyxd92JsZ89OM2sMLM1xCQjF0tOTpLQcEn1Dycko5Obdh2p7+tCxs7z87TfuPnnC1dv31aaFX+T562r4M9PjJO2zwHzt3zBf9TcspDAyEIPY8Om/s3f3Qtry99NVEktbXog6s1ux30YaY41pjjOj1HM9mSZzBBbzNNXu9guosp1PpdV36pzth6N2MZxowkiaBePZdgyl7GE0xYzeGH06k5xI3PE1NW5rqYxyojzKnVRPY3KlcM30t6IwxIWsfdbcvHSGW/cuE5ltLHa+R2AsJlokMM+zE0jbk17iJLYuEClxUMeU55S5kJKjdIAzJ77AWp3bPU2sPEbgnCDHJ5XakyC2HCVGHlqgj1/6dnxTtIgpsSCi0JiAVB32JWnL35JEocRO7N2K6CJjovNNiMk2IrvSgYxqR3IlpttCuN0ewUVJKoZC10mysoaxhJ20hmynwXcdtXKOmjqSuHxLU71++vgRgr1MsTNcgZ2A3NZwGXYGS3GQrb2EtclynM1W4W6xFm+7jQQ6bSXYWezceYdY+i4V5iFuegJ9Xc6dmPwvJ51RanFGG7IpcFpDtuHXZBl+LgnXlwLzrwXiX5Fv/jX5knAVShSYfkG+QD9X/xNKzT6n3u4bukNXMVUplt7swIlGB6arLZiq0GMoczMtYvKd8SZMVe/niJzXiVILztbpc7lpPZfr13OmdjtjGeup9vmWnvAFZDouQHf5Qqy1NrJp8U989/ksZv3pP9hrt4dCMZ3hjgNMD3cz2FjJ4QOljLfVir3lcqSngT1blmKxZQ1ay+X+27tXwKap2RiYHMQ/OQDnaHccxMZtI2yxi7RTYe4e56LCfG+iiEWcmHmMK85RLjhGuGAb4oRZkCW7A03QCzJGf78J+3IDNUNUxzpozPajKtaEHK81pDgvIsZqIWFm8wjQ/xpvXTH0bR/hvOF9HNa/p77mYH09u5bMZeuSBeyY/4MAey7aiz7BYPm/s2ORAvAv0F/1Bww3/0/Z9/+hP+ff0FrwNvqf/k82fPXf0Vn0BVab5lGT6kaq/zpCbTeR4WNGZbwtOcn7xPaCBO5enOsrU0fDPBVgPrs8IgZ+mBPHKxnurKa/NY/83BTqBD4DlUkcbsiUpKiJ5+e6uHtpiufXj/L8pkD84jgvrg9w9+oJHt46IeXjJLeVzrxTLWpfolNXujkxIabef0hAWsPx3gq1k1x3SR7FaT5i67ncPdMuSYJY/7Vj8LCTX6+IjV9oFZAPCMAPc/dGHy8vHZFkoY1bR0d4IonF8UEx88ZcOjJ9aSnzpyrBiSjfbVw51syThwd4cesQL+T/enyljzN9hZrr9+lTxsbHXrWpH34Fdk2Ve19fz5sqec1CL4qtK2utt6hA18C9QwW7UhXf2nKQQ031pCXGUJafiIfjHjln5WLG8aQmxJMQHU7k/n14u9hirrsJXzsjov2cyE6KUKvcSyTpVOxb6fWeGhkgEI/l+NQAR8e6GRtoZXygjZNHB+ReHOH0sV7OTHZxevQQF4718eiehklHRgckEXAi0leS+wgv8pP2i/EHEx3ixrb1S3nvrd/z7p9+z9t//D1v/eE/BOy/4/23/8Ssd/8iMP+zwPxPEn9WoR4RpukVr6wx/y/j0KsqWykqahBLzyQyIo3dusYC5w0C8V3s2LxZBbmyNTMwUIGuwH2b/F6z4MJG1q9ex5rlayTWsmntFrF2Ab/2bkyMrbCUbNre3lOgHkpwcDxBwXHqEDe/gEgC9wvcQ+OJikwhWiIqIpn9QdGEhMQRJ8B/PZZdmYFOsXXF1A8IwBVDb+4ZUbeHxNhbD4/TPnCE81eu/2MZyXu3uDjSJiaezpG6NCZq0xmtTORkXQrPT7XB/XG5EOVifHaSX08fZKYsjALvPSTZ6hFmtYumhFDakoPkQnvAufNHiIvfREr0amx2f4qX+yI8PBeTnraBANel7PNbTGzUevnSzSgUc6/ON6BU4JAsrylN06MwwZDqEkf8/NYSHaRDRKAR+wSayQm21FcYMzWWxMXJXi4d7eb0cAO3TnSJjbdzdfIgjyR7vnm8Q4DexZWjXerQtV+fP+LFy5eYOtqgY2WD9h4rdGwc2GwgBZOtHaaSQNl5eZMcEEy4szsJ8ZnECtRTy+rIrevk+u07FInBH790nYdKZzmJvwvUf/27MoOWZvx6bV4s1qs+wXzph+h+/zZac/5ElBhjR1E4fRXxHEgLpD7OkQKvjRyIt6Il0YYCl1UUCsTr3JdTZvsTFVKAF9vNo9h2nliqLqM5dkyX+zNR6MXREl957k5PvDE9UTvpiLEgcsvnlFksoDnWmfJoN3L9jMnwtyBnnx0lIc6UhDrTUqBZurK4IVTt7BaTb0ZSgS2ZRY6kqTYumXWehTrpTIFYeoaAODnPkrgsW9KL3UgvcyNWjokUM4/IFTiLbSvgDsndSVCmjoBaA+vgHH1CssWOs3aJ9e9Rk4DkIluicozU6vy0SnuxdTH6YnPCi0zZG7+d/CI7Ho9k8bg3lqtK9btY/USiDgNxujT5bWCqQ7Na34P7dySbD1FBbm+0UgN0w1dAfwVzR4Pl2Botxc5oiRr2xstxkHAxXY2nxQZ8rLewz2EH+10E7E47SQt2VDvI/e9+Hty4xOHCUArslpJt8jUFCswF4jkmn5Nj9gWZRp+rsM/S/xt5xp9RbjuXars5tPov4GiBDtM1xpL7WjJTacJkiT5DGTtoDt5AjddaTh8I5mxXKKcOOnPhgAGXDm3iauc6zjVvlmO1OBi4nETdj0mRZC/MeiMr537Ct5+8zVcf/JGvZv0Rw00r8DfbRFu6J12F+ymOciXLT5Izf3MBmidZoU7s/nE2GR4WZMdqhuvdfXCXlIo0POO81Ngb5612clOq151iHHGN18DcS2DuneSJe/xenGNdVPA7RXiIobsK0G0wDDJHV2C+O9hUoG7AwSFNzcnR3jp6qpPpro7nYPY+gY81xWGmpHluI9F5NSEm83Dd/jcc1r3P6alBLl84y+4NH6K9+FN0fvpYgPCNZvhrXjK1xcp9uIddi95Dd9lfxNQ/QG/+79gx9/9F64s/sHDWO+piTh52a0mL8iLUZz3RrltJ8d5CltwX5XEOpIbtpUiSkYkDZZybbOXesX4eX+jm7vQI5460cHQ4j6GmDGoK8ziYF8FAbTyDzdmMt+fw7EwHzy9IAnDjGLdvTvHw5EkenDjB4xNjPD09zP3jxzk9eZjTY11MDbdzXOLUVDtDk/UMjR1iZKSYob4CdQx6Q0MB56YP8fjkqCQGU/x2Q7bXRvhVEoSXVwd5cqaT+5MtPDzaxm9Srl4/fYgbQ3XcPtJLR1s+w5JkNCSZyufp5f6pZq4MV/LwYSvPzrfIPhGsq83cOd5Cmd9mBlJMXs2E+AvHTxynX+kFL7auWbmtV61if9MTXplZrrPjlaWLoQvUuwXmCvhfg71TAXvrQbH1A5SXFVMskFbaweNjIkmMiyEpIY7YiFDCgvzwcrVjz24t9rnbk5kQQXF2MiU5KZRJwqRAvSQznhNHh7h++RTXLx5X1zu/emGGq+ePSUxx6cy4Oi3s0yevJtK5dZPIEB+sTbfiZW9A6F5r4oPd2OdmzpY1C/n0g3d57y9/UOOvb/1ZgP47FebvvfUH3n/3z2rMeu8vfPDXt9SY9e7bfPLBLE6d1MjBa5irU78q487LSpvJSC8jQECrraWNntY2dF6Z+Wt4b98omfWaNerzDatWsXH1atavXCl2vop1K1exdsVqdU7mLevF4LX0MNAzwczUChsbZ7WTnJtbgNqLPjQsiaCQePb6heHuFYCvbBWwh4UnEBgUha9Y5d69QarZR0WnqGAvLKunUmlbP9QtUB94A/KxY6e5//DJ6wZE7l29wInDcoE3lzJzsIDJhnTG5cYcKY3heFUszy92io2ek0MvyJVyhxdXhsQq4qkOsiPdyYwMZxMao/04mBhGlL0hRzo0PY/r6r0IC15KsMd8LHU/IVQuuJiIdYT4L8fPfz5x4WtJiF1PZOBS+cJ3s897HukpW8hO2E6Y33JC9y2TrG4DEV6L2GPyHdYWy0mONaWx3ozJ8WSO9h2gtyFDsuVGLh6pF8A3Ctg71GVTLyvzup/s5Zpkffcuanre55YVsV5PD0N7ezYa7mSdvj7rdXZg6umPXmAkjl7+7DOzxV0AH5GYi62cS9fgaBz84vAJjSE4pYjM6sMUNx6mqW+Gczfuc/HGA249fqY0ULwBQajdDrS++hM7fniXWLedAtT99FUn0FEcTVOKD6lOa6mPtaIu0pR0gXG+7Y8ckAKpwWsdRfY/0RS4hTrfDYxk2XOk3I/hEn9GCvw4WhbA0VJ/BlKtGRaot/lvJXr9x2RqfUpzgAG1UhhXKp3iknxoEkM5kORPqQC9LNxZ/VxXb55Wp2pNLLQkJd9GnQddmTo1Syw6u9RB4G6rRm6lGLtAPTbbisgMK2Jy7YkulHMiQA/JNSUgU4+AFB2C03cRmWskoDchKt+UsDwD4soE1ll68lpjYtJNyJQkIVqSheQKBzF4MxIqLAiW5M1PjD4u10KtKRgRQ7/bl8TTwWSuVnlwQT7Tlda4V7M+/Ur7wQrcrba8gfh/DlvD5QL5V8+VrdEytSr+n8FvZyCJgOFKHI3XCODX4rlnA742W+k5pBnCePrC1P8W7LfOHaMtxVUSrUUC8y9J3f2JxGfE6/5NXU0sZufHJMvzXMvvybNVVmqbS0fYIvmeNjGer8fRalNGio1pSdCiPV6XwxmGHKt14OpIOFdHg7nQasZFAfmF5vVcPLiVgaztZLtvxnvTx8SZfk6o4WxCTeeyaf77fP/RW3z23h9ZPecTHLfIPWS6HPc1n+Oy/SdMNy7Gy3AdPsarSHDbRXaQ3Zv/oW24FadYezFyB4G2Oz5yjfgm+8nWH894D9zEzN0TBeZJ7vileuOX7I1Xgg8ucZ4SAn2BpqNA3TLYAZNAK4xC9mActgdTCasoa+48vCtGdYMDRdHUFcRIchtORfp+iqJdSQ9Upu/dTZLLZiItlhGkN5e2ck1TkO3OleisWojjhk/UKndNp9pH/8t3oCzwUV8cSGV+NFsXf4Lx3Pfxt1hKtL+hlI8WhDttk3ttHsF2c4lx20yCnz4Hk+WakySktTyB00OtnD/Sze3TLdw80sfp8TZGRxoZaihhpCZGPncCvRV59FeU0HughMsTBwT8R3g4M8rDUz3yuJsb031iz31SrkxwWeA+MDrK9FAbM6NdTEjMCICnZXt0po9jE90M9xQw3J7PxHgrV6cHeH52UN5vjOeXenl0+ii/netSh6f9fHqE+2LcZ4brmOjMZKIxlcNFebQVpVIQ5IOHvS4dcr5eXjwgAK8Xoxcrv3yQZ2cF6Of7eHGhj1PdyfQ7v0uP7ycMuS6QJOGIZmjblSsq0A+/GdLW92oomwbsmrZ0DcQ7u9roemXp/9KBTp63tR7iUHMTzQcPcFCMvaS46NUY9VyyMjJExOKIDttPoLcHwT5uZCZFqZPMlOWni7SlUZGfRntjBTevnOHOzYvcU6eMvcLtGxe4deUENy/NcPvqqTf3fHlJPru2rpZYgbnhZpys9HC20GXpD5/zwbt/FID/QbVwJf761h9598+KoWvsXBmqptj5h++/rcYboL/3Fn99+y22bdZ0rpuenvkH0FNTysjNqSEhIVcFsGLnWus3qDauhFLlrkBcqYJXgL52+XJWLl7M6qVLWfbTT2qsWLRI9i1hw+o1aG3ehu4OXfR19DHYZYSpsaWYuj02tq44Kj3f3QMF4hH4SvLgHxiGt3+wRIhAPpbQiEQCBOr79kWqQA8OjiU8MokUMcyCklp1hbfqpi4Gxo9Jlq65WX775QUPLp3gVF8jR5rLGW+qEKCXMNOcxzGB5FhhBMfLw/n1Upew6hK8PMeLG0ek8MlnNNuXuhAbst1MyPU0pSbYjvakfSS7WpHuasZATiC/vZT3f3BdoB5O+P7l5CRvx9LiCzx8fsDd8WvcnH8gPmwdqcmbxNaXsj9oNdH7fxKT/1YyvbnEC+hzUnYQ5rWEmIAV5CabU5xhz1h/ARdOS4Z6Z4TzJzu5OC2ZZHUkN47LjTVYxsWJNrnxxM5PtvD46ijXj/fyXDK+m7dusXbnBrTNLbB1d2aLkVwcmzezZucmdtlYsc3aApfMIuw8gzG3tcHcK5wdVmIuAaEYWDjh6rMPv/hCgpJLicqqpbptgsaBUxwaPc9TZRz7r7+o1fK/vZpCdmqoj312evhbbaImYx/9Ncn0lEbTnhskMDejMUkM2k+b0B2zybNcQIFEpccqStyW0RZtQL+yTniJH+OVwUzURXK0MYGjVWEM53sxnO3MuEC92XsNBQbfEL3ybUrM51MeZEyOGFpVjAeNiX7UxnqpUSPPz4xpOoSUH4wkPncPiblKtbsFSWLrURlGpObbEy8AV8w9Ic+cuBwx+WwbgtME0Dk2RBU44JcoBp4poM5Tqu2VtnelZ7wNcUXWYv3yXmVi8PmGBKbrE5arVK8rPebNiSo0J77SmrAiIzF7M8IyTUjMU4akeZJe4kBiljlnuxN4diSfn6dqeH5LMyTnzInJf1Sv/29Cgfbr+NffrXwTtmqsEntfg43hanWfcryDbPdKonDv7k1OnjuCV/BWOrrK/muq//03dfWtxnAz0k3nEK/3KRE6HxOiNRv/rR8SsPkjYnZ9RuLuz0k3+5xSh6+p9viOtqgVjBcZMFFlQaeclwqvlVT7rOLg/vV0x27nVK0pFw7u5nTtWqYKljGYsZw6/2UcCNemyGMJtYFr1SlqC5wX05ok59VmFTpLPmPLgtloL/wbxov/xs7vPsFo6RfMeef3LJ39Nhvnfsj0uKat/Pqd60TlRmAfZo1tlCX2MdZ4JDrjm+qJf5oP+9IUqIuxJ7qp1ezeSXsl2fKT2IdPoj/uYvEe8RIxAvdITxzCPbASSO4JdVDb3y0jrWQr33+ZJgG7dHqC2hxfEgOsifQ0ItxFn0CbLfhabJRkYzH7DBaIqc+nJFhjkqkxluivmI3B9tnU5mo6y+3198fUwpLA4DCKSysZGT/K7bsP/pcFdi6eGmOwvYZDVZVEOe0m1FYX892L8Hddj/eez4kO2kdCgBm1+aHqehBTAvEL413cOtbApeN1XBtvYLirit66PHWSl25J+A+XZzJUm8nZ0RIujHZwdqKHyf4WEYhGMfJ2To50cHdmnHvTw5w43s6RkXomhnu5cmyCUxPKfPF9XDs9yfTUEbH2Mnq7izkt+69PDkoyMMLj010CdhGMK2LY1zUdd38+1cej44PcGa5iqiJGncY3xcedMCcTXC13oL12FSe6SsTwO3h5q0ks/5CAfUBA3sLL8/W8EMBfHSiiwmI+3c6fcmzvtxwNXcAvlzRNSg8ePGB4eJi+3m4V7Bq4a6rge3q7/qkd/ZWVC9S7Xw95ewV0JdqV3vBKD3gBe2NDHdWVlRQWFgoH88jOzCI9NYXE2CjiIkKIDQskNSGc/MwEirKSqC3N5fSxYe4IwJXRFfflulSnjVWe37nCi+cawZw5dhRDve2sWDyXDcvns2PjEtYu+55533/Oh2Lb7/7pDyrAX8NcsXMF5q+Brjz/SICuhAbif1FDsfXXVe/vv/0XCvJy1L/X3dOrWQ89NDSViPBUjHabsXnDRoH3erYJvJVqdsXKVy1ZwvKFC1m3YoUK8TXLlqkQV/YtXbCAxfPmsWT+fPU4BewK8LfK63Zs2c5OrZ3o79yNob7Yuokle8xtsbLUDG2ztRbA23vg7OyFq5svNtYu+PjsJzYuU5KLHGJi0omPzyQiIomY2HRS0guYmDr+j44/T59wW26E890VnOsq5WRnBVOHBOgHyjjaVMx0fRZj+REMZe7l56M1/P2Xm/z9xVWeHO9iMG8fNftNKfQ0IN1ZXyzCiEJvCxoi3cjydiDQyoDKUCcOxnhyfGjgzd9UvqwjR8oli9Mifv8GAr0W4mnzNeUZumSlbZUMewmuznMI9P0Wd5cv8Nr7NdnpG0mIXEVm4i4C/KSAq/WhPM+ey2dqmD5SyKPrw/L4EEMCgtJcG/raQ2mu2cdIZylXpnp4cm1YEpZ+7l8/rX6G/RERLNu6hd12NuzeY8jW3YbyfC26lkZs2q2HvrUlBh6B6Dj7YheWxJ7oDPQ9A9Bz8MTAbA/W7n4Ep5bhJec1RJK5wgNDFLWNUzsww+i5m4ycvcWZq/fE0//OPxc7B6tyqc0IpK8yjs68YPqKg6mONKExzokc1034b/mE2G2fEqc9m2KnZVT6rONAjDGDhQrMQxmvjmC0KpLxqgimq0OZkTic7sRg0h7a923kkN9Gwle9T+LaWRwI0CfTz5zUvcaS2duplt6eLeclPUCsXbNYzpmLY8TlGRGbZyrmbERCkakU+EYCdVOBrBVBcXqEpysTyjjJMY5E5FoSkGZCWI6VgH0PYRkK7CVxK3UkrkAzLWyi0qZeakWsGHhkgQH7M3UJzNwtW0Piy2yJKjJXQe6frkdIujGpxU6SOIjxZ5kRqwx9K7aivNSZlzcm31Sv56eF/l8h/vqxrcFyjam/2v5noGssfrUKdE0oj+V1RprjMuL2aSxWCk2vfVuxc1vLhQvT//WiLi+ecry3lnzPLUTqfUHQ9o/xWP8hLmv+is/GWewXuIdrf0jcro+I3jmLjD2f0RG1hhE5N2PFe+hK2Eyj/080+CzigFz3h2NXcLx0PceKltAa8jVJhmL/kqRlmHxPrLxPlet8UvU+o36vspTrDgH8VjpTjBmudGSHAH2HgD3UfCEbvvoDEXZziPPeqenQKpZz4HCDANgGO0m41UlilE5vcVZi4fYEZHoQlOUt4Y9fhq/s88AzwV223vgm+Yq9++OT4IdXvK/AXGw9LgCPaH/cov1wiPTFNkLgHumBQ5SzJAoOWEXa0D+lWRRjtDmR3IAtBJjLfb1rEa66S3GSrdO2uXhsn0Ok0bckGH+mmUK2OReD5UpHuD9SUxyiDsEytbbG0NQMYzNLrOzc8QyIISG7mvyqdloPTzI+fZ7zl29x7+ETsbl/hfzJ6XH6mspori8m0NGGWFdd0qV8mmxJZqSniP7uKnVls/GxdhGCUs6NH2R4qJJ++cz91ZnUFqarowaO1RcyOVTEkaFa2TYxPdLF+HgLQ4crmeht5YxY/tBgC9PtyrLKvUxOTnJLQK2MTZ8abmFE7Pd4/wH5ezVcluPuTnXy6NQRHs908WRSMXKRqcOHOT81woXhGYH9BLePNDHQVUR7SRlZKbFYG7thtnQH/ntMOTFRx4tjZfx6sZQX5/p4dr5BoD4ontXOHQH7c9lXZ/shJSZf0eHwA51O3zMZOZ+Tta6aflHPn3NUGdrW1yPGrkC99196vv/rkLZO1dRfg/z175R97Wq7erNq6grUK8pKKS7Mo7aqnPoaAbyAMi0xQa2GD/B2I8TXlZK8ZGYmlD4CF3l494aA/LLENe7evMTPj+9pamUk6Qj092X2R3/l+29ns3DeV/wkEP90ltj42/+htoWrHdwkZr3zlzdm/rrK/XV8oJi5mLiyVQD+D5DL49chr/32i0/Vsem3b9/RAD04NEkg66BWma9dsYydYtgKzLesW6dCWoH1a5ArsFb2KRBXQgH6oh9/ZOEPP6gwV45dvkhAv/AnVi9fxiZ5j22btqgd6JRe8Xrau9kt1r5Lx0B9vGPrTrbJ77S2bpfHO9i8bjOmJhakpBWQm19NQUEVWVklDA2N/6Ojz73bXJWL8ExbOadaizjbUaIC/XR3JTOtFRxROtRUZgosAsQQHcQaEvn702v8/dcH3Bk9REvsXvI8DEi20yLWegcJdrtIk6y4eJ8T2YE+eJubkexpRU2YI6me9kR6ub2ZaObY0X9MD3vh9BjZabb42n5DQfI2ksTcvTzmEReyGi/nucTuX0FE6GIiAxeRGbuFfXsXkxizlcK03TRW21JdZU5HmwcnRnM4UOZDc5UPKYnrqCrS50CFG631sZweaWKoKZGJds0MQWOTE8xbtoDl2zahravDJn0t1u7axpptq3H1chGg72CnlTXae2zZLoWIqbsvVr57cU3Iw8g7HD1zfazd/NkXkYCDTxBxmbXEl7SSWdvBwaFpGgePU9M/Q+/kZe4+/Fltv5qYOsGdBw/fdJwbaMimLcuX3sIQSoPNqBGryXBai9+Gj4nS+pRci3mUuq2mPkSbtmR7enK9GCzdz3hNrGxDGC72YyTXjf4MZ/rTHBjLdKA32ogOsfks00VErXqXKqc1lAfL+3qbkeG5WwpVG8oiXcTY3amKcmH68CH1sxTW+BKVZUpktqFA2Vhs24x4gXR0hjFxAvDYPBuBvQ2hSie6EnOCMgwE7HsE6GYkFIvJ50tBmWOpjmWPkoQgvEAShDJ5PzHwqBJjAbsR0QIw35RdhOYo72FJSqkT+5MNiMyyICLblNhCKyKUpEL+dlV79D+q15srcLXeiK3x8v8j0P9Pz9V9/wTz14BX7NzmFdhtjFdho4J9HTYG65mZ0vSm9fDZTEi4fK4IMyolmTolBe1/9aNMrDQo32m89Ur8N89Woe6+bha+mz4iaNtHhGz/kCgx9hSjLyiTwrUjah2j2Tvku9tMf8JKhtI20J+ygZH09WLmy5nIWUCNxxeEbPorQeveJXH7J+QZfk6l2ZdUWX5OnsnH+G+dRZD2xzRH/UR3lGK7c/Ha/hllnj9S4PUNV85p7vdLYj3BOfuwlWvMLtQGp1BnnENccBbwusfb45VqQ1COFLb5XoTm+hEoUPdJ9VKhroR3ojfeCT4Ccx/2qnYuBh/rj2e0QD3SX97HV2C+F5coH9zUiWZcsY90lNf68fDJI+5eO0512CqSHb4n0PBLvHW/xm3bt3jrfKNONpNmPocE0884PzPM+dPn0VvyOQarP+DkyT5OnzmDoZk5RpJEm1va4eYdTEhcLpmlzZQ39VPbNkpd+5i6rWwepKS+h/q2QXqGjjJz+hI3b9/nl19//Zfv6tq1Kxw/fpSr58fVUQHD/fkMDFQxPdbCI2Xlr9FOBpsL6C7OojI3k3xJfkcaMhnszhOgldDTXsNASy8D/Yc40dvESEclY8MV9A8cZHSgiZmxg8wI8C+f7GdiaIyhxlr6exuYaitmsq2GW5N9nBzr5sFUr5h6G6d7+2mqKKcqW967opmOig7GmjsZFknoKe+iICyNvAxJSGzjMVihTWNxlLpC29nRdO6f6Obp7XZenK3nyclmSQT6JXrE+Dtpj3Ege/tfKDT5glHHtxh1ncNo7Lecl+Tv9aIlZ8+efdXDveufoN7zxsZ7BNy9SnX8P9l576v93a/a1DvaW1WwK6ZeV1sp56eBK6eHuXl+jMunRxgfapOEqpyB7mZOiZUrK7Hdv31eYH6VRwL0h3dEEB/e4ZeXmtkJmxob+HHu1wLqP/PJrHf59KN3ePtP/847qo3//pWN/5lZbyugfks97rWZa9rP//hmq4B8lmrhf1K3ip2/Afrb/xoOtlaaDp3HT/DflA5qm9dtUoG9QmC8YeUq9bECcSUUaL+2c6XNXAG3YuevQ3n+Gu4K0BV7Vx4vle2i+fNYtWwpa5W29tVr2bB6PetXbdBsV69Tk4g1K1YK/JdLrFCP27hurdi6I/UNrdy6dfdN+/jDG5c4e7iDmeZyTraUc7qtlDPtJQL0YgG6QL1bWRCglCMVqXQk7KU2wJC+VBd+vTHF35/d43J7BRUB9kTZ6BJuvp1AYynwzLSIEaAnOhtTFBlPsr9Yq4MDhQG2Yod7cDXZheXOzUyMala40tqyma0bN4iFlfxjghr5cruaU/FwX6x2kPP3WICP03dEB60gcN8ycuJ2UJy8izD/pYSHrSc9YQsxQYvJy9xIfdlOagusKBPARIRuxC9gAWmx20mK2Eb4/l1yMzgQuHcpVy5Oqx3hFPuet/wnthvsZN2mlazdsYHFG1ZgJKA2sTJCy3gnhs7WrNbeitYee7TleP9gT/KL0zCyNETbzAgTF1+c/PezPzKZxJxykksOkFPXTsGhw9T3TJLfNExlx1GaDp+g7lA/zR2jFB3sIa9xgCfPNPNjP7x1kanWUgH6HooDBIJ7FuG74UOSDL6kwHY+TSFaNEQZ0pHuxuECH4bLQxmqimGgLJQBMfahIj8mq8IYU0BfFkx3mgtDOZLURO8hfvdcyuxWSKJgT06QJUkeuuy30SbUVkcsRZ8YB/n+nPQ17ZFnB0kpUcakiyHnGxGTKVDPsSE5T0y7wJaYQjHxQiOCsvWJKjAR+JoSX2guWzPC8owJzxXgZcn+YjHyPENiBPqR+QYkVVkL2C3EypXjdAkWQ48rVpZZNWd/ugFhSYaEJUtiIMlEfKklZS1hXLmlaTc7c3JKsnkzFeRK2BgtU3ux/9/A/V8CXwkDzfZf29pX/QvUrQ3Wyb4Navi7mPJSCpjz546RkWxHTIwe7r6ScIVqUdUQw41b5/5LsCvtgM15IUSbLSJw66eEas9Wlw0N2/kl0bu/Js3qB3IdBdZeP9EXuZyhlFVM5a3ihFj5TPlWTpdv4GT5WgaTF5BrOZuANe8QvP49Eja8T5rYfr7uJzTafs1Y4jJ57XImizdz9sA6ztQsZTBzEd0pi5mud3yzmMqB3kbc4hxxirISi7bGJsQGxxBn3EI92BvrjneKixi5gwDdhdCCvYTmebNfEk2vFE8xdDe1l7tnvJuEF+6xnnjEeqgTy3hGi6VH7cMz0k9M3QeX6L1i654CdE8BvBs2YbZYhNqS9Woyo5nuArJdFxK952tCDWYTrj+HMDkf8SZzSTL/iijTL+mqTFaP9du1HP0VmvbzlrY29AyNVKDvsXHA1S+UiLQSssoOUdrYR3XLsAr0mtYRDdAbeimo6SSnolWFvhLZ5S3UyD3YM3yMY6cucv3WPTk3v/wv393NKzM8un6GiyeHGe8pY6A6j/q8bJIkWWnMz6OjtJS2wkJ19ICyvOlApyY6DxarS6N21xfR06SswFjL0EAvV8abmRTod9WV0l6aS1dhNlOd+SIfDZI89HBmuJDxQ+WUxSXSlyfQKxNg5rbQknuYgbwu2bZRl9pPolcaUX5xONlEYbnDks5DOYx2pjHan8a1qSoeXGjk+dlDEv08ODHE8/MC+PPNnCv1In/9fydu2f9D6db3KbV8h4a9n9MX9B2jwYt5fFkzEc3169fV3u/KsDUN1HvftKerQ9z+CeivAf8a6Iqlvx7epsBd6QV/oFbO3cFCrp0d5971k9y9fpybyjoaV44KvC/x+P4NHt1TYH5d4qo6HFrt03PlCkYGev+w51fWrbSDv/WH3wmw/xXWryH9+rjXv3td5a7s/2egq/EK5v/8N16Hclxvd5f6Wf6bkaEFK39awurFCqA1UFZMXAkFzMpWgbYC9ddV7aqJy1YB+euqd6Vd/XX1vHKcYu2L5v2o2voySRSWL17EiiWLVYCvWyUwWrlCHmsgvmHNatm3Sox+LR6uLkxNTr5pH79z7ihneyvVGaGOCcyPNpeJiYudi6ErQD/TXqyBelseR0ojOBhuRYXvLuqCDLnZV8pv16eZqcuiyNeKMMtdeOpvx1lnA646G/E12EqwwD3d34fKzEOkBBeQ5uNGjKsFLsbaWGhvRF/A6evqoBnCVlysAn2L0iyxaSP+Pt5vrP35858ZGapRF+KwNZ2Nj88CnN3nEeG/giAvKSR9F1FZaYWr7ReEus+nsdCAkpTNlKRtJVcgn5myk8ICsdT4DcT4SqG9ew67dcUEQs3V969qrObLBXNYsm4la3TEzLXW8NOa5cxfuRBr+XyrBO72e90wc7JD21iX9fq6LNHezm5Xb/Sc3dlpoiNAl3MQHY2pnQPRiXkkZleI3RaTWn6A9PIO8up6yW3sJ1+ism1MDLYK94gUKVBzcArOof/YBR4+ff6mIDk+1E7xfhMijeaxb/OHFDsuJd92ETX7d9AQa05nthedOb70l4UzUBnDaE08wwL1wZIQxqpj+f9pewvouK400Trr/W/N65k3PdM9/TpMZjtmiplkkGRZkgWWZDGzSswMJWZmJlsGyQwyM7Md2zHFDjtxmNP7/+6VSpadpKdnprvW+ta5t1RVKpVunf3tgxd31HJyYzmneyo421PFsY1F7KoMZ03ECnbkelId74xWY0FRlJhwuCNlMa5k+K0izcdSKqJNqgkrG7QUKYbd4EJZszf1HZFUdQSLNQuw25zIFEBny3FRq0/fxiu1XuTWOAuMHclpdqWsU9m8xZuU8lWkVkjiUC/3C/gLBOAlnd4UyGtnVUmy0OhJjiQFUYXmJORZkVpiR/W6EI5f3Nrf1PYJLbVZaNyWDoQO6qqluzzZT/6fQV0FuQ7mLkt/0a/u5/QY6v5Oy1U7V4CulDt6+lZEXCufc3qKFfnZjtTWKf9zTxKTLent7fz17nWlcrp3lfWl4RS5zafQYQq5Aq88l+k0hy6iO3kZW1OWsS9LjyOFizhWtpAz9UsE6su5tcGCt7vtOV5jSa2YVYHZMInhVEiFXGs9nCabEXTJ92J3xDT2p83mYNki9uQt4GTtPG7uD+Crj/taEG6/e4vshnQBssC7KEgMWgG6D34ZvgQKaKNyI4gXm06siiG5NpzU+nCBukR9BCk1MWLlAueiSHVRmbD8INW6g3NDCMkJUleNixZLj8tLIkYMPaYgSUAeS1hhBJqcEHwzNHhovXHX+uCTFci563310MYiH7JdJ5FqO5ZMh0lkO04g32kSBa4TyJLz6yf3qo/Lj/VSF49RbhVV1dg6OuHq4U1IRBxJOWWUt/So4FZgrjNzBe4KyJvW76FxXa9aDg4F8ArY+yC/TRKC7azdeoDeo+c4d/Vt3nnwIV9/8+0v/pdKk/nZk/s5uqGZdQ157GwsYsvGDo7tbOHYJrHRjg72C+h3bFnDwS0dHO2uZ986Me2eLnW3sWPrGtjZ1ERXYz29zeUcl/rnxLGNYvzr2NPWSllBCj0F1Rxv3E5vVzd7Wg6zpWY3nSXHaCo+RFPVIalPm4j1ysZ9uScRbj6cPpTHsW21HJdk6e6eZt651c4XN5StVY+Lqa8RsHfK+WHuHG4gx/R35M/8N9IW/H/UzHueats/siHsNfZFTOV0xgTe2181sJnJqVOnBgCuW1HuUH+pNM0rEB+IQcaug7oCdPV4z042rm2ThGM3H9y7xPt3z/DB7VM8vH+RLz9+m68+uc+XAvRvPv9kYHOZqooyxo8Z8auwVeCsQF0Hap2JP91vrvSZ6372hJUrx7rXHNTkPvj3DJP7lab5BbNn8I18Fs8YLhZDFtAu11uE/oJFKpR1A98UMOtsXQG6AnDdIDidmevgrpzrgK+DvvJzZTCdcm4gpq4AXQG70hyvHPfZ+1I1Wpubn+gf/+j6WW7u7eCtnfXc3NPCrX2dXNm1hkvbpdy5RgX6rb1rVaDf2F7H6eZUNmndWRsv1ptix8nGJD4+2MOxxhyaYrzJ9bUj0dmaIKuVaFaZEiARstqcOFcbGvPqxZIFZMXN1KTGEu/rho/NSjxWrcBSoDnxjclcvHhZbXZXLN1ypSlW5mZqqcA9PiaGBw/uD7z/G5IpV1UHERz4Jv7e40hLWERZ5kq0SfPxdR1FW7k9jRXmJAVPo6ZyJRUlK8hInM/mDm/yUpeRn7CQKM9prDR6mWtXT/LRxx9h42zDjEUzmWm0lJl681mwcjmzlkoiZm6CsY0AXN5vQHQoDj6OBEeF46LxRN/OlOV2jiy3McdYAL/KN5y6zbvRllURnJhLTnkj1e3raN24Q+C0k4Km7dSsP6T2q1d2bBFIduEenUlEbitxRS1ir1KpbDyuzme/+eDjgT72llQvUlaNETObQ6cylzzdjq3F/hxsTuZgazpH1+VxeE2eQLuMo21a9jemCtzLubKvVQX6gTVFkvE3cWpbPYfW5LAzz4td2a5sKY8iL86F0hgP8kJXkx9qRUeOssKUM8URLn39nJd2kFfrTlGDNxXKyPYNUSrMk6usBAwOqrXXdISp/eqVjcECtggq6wMoqnejrN2HojZ3gbiDAN2SNAF62VpfUmvt1QFx6WLjhQ2+5FSIudd4kir/t5QyO4pqvNmwrWCg+W/f7vVEacwJdF9GkIf+E1BXQww90HXZL4D+18Cu2rmAXOkf93d5DPUACT+nJRJLHwPd2VAFuS5CJUn99OFH3L51mdLcIEoFiCWFXhQU+tJQEUVBtr9UuPEcPNT9G2D/i7o9aIvWlzyHNyl2nERX9HwOFBlzrNKCY+WGHMxbwq7URWxLm8+hoiUCZmMutjtySD6zDs086mxHUWkznHqbYbQ7jqTTfhRrXMaz1e9NdsTN5VCVmHnzEm6fqOrfTOUbuvdtIKYkXKw6TBKnEAFzCJo8gXmOJ37ZngRk+cj9oSSWCswrYkmqCROohwrIQ0moCCFerpfoYgF6obKITBhBeYFochXj9pPn+xGYHSTXskA/L5EYiai82P457GH4yGPc07xxS/fBJd1bwO5PZHECX0ld9OCtc+R6zCJb2UbVeTyF8ncUOI4ny3kc7amug8aZtLK5re+6iI6Lx8HFFQ8ff6Lj08iVBLqmYztrtiq7QZ5jy/7zqqF3bT9GW88BFdyKvSvgVkrlvHnDXhX2SjSuU8Au39P2LVS2bqKybRNVUlY0bqSoeg1VTRtYt1nAdPQUV2+8zaefffaL/+vl08e5f+0SV670crC7g70iKLtamtnbUs5eMfje5gr2Cax3t1WxSerjjupcmmvL2dVay4lNrZzaK+bfUk15agZN+S1sk/riQMsW9tZtYnf7AXm9A6xvOEJDuSQgOVJfJJfh5RApda0XG+oSObGtiiNbcqUs44Ic3zhTxxfXD6nT1n64vZ3vJL68sY9PLh8g2WIYOXN/T+70/0XV2NcJn/AflOr/G+t8nuVY4GucThjF6Zq+lroffviBy1I39xn6gcdQ74/Dyopy+3sfW3q/qe/vh/rjfvY9avTu2sKmrno2ddbw0f2rfPjOZT68c0qgfpuffuwTmvPnzomQ6g30dQ8GuQ7GOkvXQX1wX7kO4E+DfgDkT1m5MjBON32tD+gvDoBed5ybncEzBv394n0j1xf3N70vEOuer96v+5mu71w5Vh6jlDpDV0Cu62fXPUfpW9c1wet+rjx2/qyZKtQVa1d+T1tLy8AF9+kH73HhYC9nN7dxfZeAelcrb+1qEKA3cWd/J9d2dQ4A/eaerj6g72jidJOWDcqyoTHWbBSY9xb4cqmrjANVuVSHuqpmnuC6SmBuip+FmKwALsjGjBBbCxK9XKkv6GRt3S66qxooS0wQM7LF2cxAEpuFjBwxiReeH4GfX5j6HhNiY1Q7V8CuK10dHdTs6Onbw4fvsn1rOcmxS4gMmkZhrj5F2Ssp0C4TU5qBNn4p0WLx+cnz5eJfSH7iMvKSl1CeY4yPx3h6xFyVW3xaLFMWzGLG0lksMDRgzpJZTF40n9l6czFZZcVik+W4BXjiEazBwdOFsMRkfMKC8I0OwtTeGn0LQwytbFgdmoxzTA7pPUfJ7zlGgLaA/IaNYrU9lHVspHHHEUq7eqlbv5fMyhb8UwrQpFUSnl5NqdhBQfNWMht2kVqzmarNx9lz5j6PvurrP3pPErDtBf50JVrSk+Mmdh7H3vpEjgigFUgf7crn7KYydolFbSjy53BXLpd213FkbQEHOks4vrmRM7s7uCD/z+MdmRwU+zrWmUGFJAtlse6UxNhTEmlHW5YYebQrmRp7Pnr3Pt9//w3ljUHqMq4lbcrSr55kVStN777qKnJZpa5U1IeKMQWwpjOZxuYIqloCqGgNpFxCGVCnrbUlr8mJHEkAitvcBPAuxBZZky5mXtQoj2sOE0MPoKQ1gHU7C3jwfl/z+u2bl8lJ8SHEy5BgTwM1FKArocBdBbybnLs+DnVUupRPj2z/Nbj798Pc37UvdHD3dVqsho/j0kGm3mfpvg59ZVVh30IpF87upbxUkp1GDYVlvpSUa4iLtyG/wI/8cj+CIgy5d+/abw6cO39kk7pu/+a0xRypNORcswkXm1ZwvsmYw8UG7NAuZHfmfHanLWCDXL91AUsptJ9O1arh1K4eSZv9cLpdRrLB+Q02u09mu2YWu5IWc6E7ii8+6mvdunbrChm1KSrIVZgrdl4QLOYcRECutwp03xx3ORbTK9IQWx4hAFdGt4cTW6UhuiKQqNJgwgsVIw9VV4QLyQuTxwfK8/xxz/DCO8MH/yyNuuNadJ6y21ocYXlRaLLD8BUb98rwxTXdHVd5rEu6L+7pSiIQRPuOvi2U10lilO00lQKnN6j0GEOp+1hyXCfy3s3H42ref/8eW7sr+eHHH3F291QHxHn6agiLTiarqIGqtq20bzo4YOjrd55QAd+x+SAt3QLt9b0DYFfgr2t2b1q/eyAaJOq7dlLdsZWKpm5KarvIK28jq7gJbUENCRnFhCak4R4YgodfINrsXDrXrefE6dPqDJmnb++++y7XBE63L15ka2MVPXVl1JWXUSvm2Skw767JYb9AXlnXvUcgX5afSX5KIpsE5keae9lRe5itVUfY1b5HEnj5GwoPU5W1i8yAIiL88gnRxJGVGsildcr+FcUc2VHC6R1KX3oe10/l8fHFrXx7Y4s6he3rWz0C+E08ONGOr+N8Uhc/R/WyZ8hb/r/Il6ia+gfal75Ah+2f2esjSaLnEM5VefBIkgJ1tsC9uwMj3xVoK3Y+APaDiqHvHRgVf2BQ0/vAoDllRPyBPfLYPezasZl2SV5uXjnBvZun+ezh/YGR9snx8Qx56SUB8fOMHPLqE83fCuAHN6kroFbnlPeXOng/HTrYK89TX2Owjb/2VB96/3kfzB+b+qjhr/FMdEQkyxYpfeWKeStQX8KKZQYCZWU0+wL1fgXECqQHT1PTjWrXGbzOzNX+cwndY5XQgV33mFCNhgvnzw/0j3/2/juc3rmF7uoStjdWcmx9M9d2tnOzV8C+u1lsvJHb+9vVQXCXd4il71zL9d4O3t7ewMn6ZNYlu9EcbU17zGp6tE5cWFvIhXU1NMT5k+dnj9Z9NeG2lniuNMTX0pgIMdc4J1NiHFeS6udPbXYrPfUbaM0vJUy+iFYr9Jn55gxef/0NXnpxNK+9MprRoyaqS+1duXxZBfnKFUZqqVh6Z3sbf+32ww/fcfbsZhqq3KWSf4OyNEO0UXMozzOmKHMFEb5TKUozprnYiqSgmSRqZpCTZNw3CO3kEWYIwCfOnsAySyOMTZcz32AeE2ZMxsjKCFMbS/Tk73IODJBja0JjIvENj8Q7IoDEvHx5jDl6ZiuwsHPGwM4Fp8hkfPM6iazcSHxVJyUbD5Nd00pGVTNrTtyhad8FOW8RwHXjGpZBaeMmkgvraezaTmHjVjGjtcSWiRH0nCG3RZ7btI+Ne07x9bd9C5tc3r+OLVLpHmhJ41Bbpgr0/e0C6I5sjoqlb6uIoCvXl+PrBfCS7KwvDqe7PEGsoIQT25s4s0uiu5je2ihObCgREwikItGT4nhHcqOsqExwpTzWk4xAV77tT6KOX+wmo9GGlFoLgbmzVIRRUiGGy/sNEEP3F5gFU9MUSm1TCHVtIWLbXhS3BFHZIbBeozSli/23CtBbXEmvtVOntGVKRZFT4yePC6VQjD6v3pcT5/tWD/zi809Z01RAhLcR4b4rCPMxUiPUe7kKdx3gFbCHeMi5u5y7GaihwFxX6gD/m2AfBPMBuEv4OS/ph7qUjn2D5BSw+zoY4udoNGDqVy729TXmy3VXUOdJaY03qVpHQoNMKKrwpagqmLLyAEkYTTh5YcdvXr/ffv2IW8c71WlrV9pXcHOtCbe6TLjZacS1DhMutOhzsGQhrcFT8Nd7FecZLxG+4BWyVgyh2noo3W6j2e7zhsQkAfps7u7vWwnsy6+/oHVrgwA4UGxYWd0thPACsWiJULkvMF/MOk/sPNcd/wIPAgrcCSnyIqokWAW6EpFl8rgiX4IKNQTnK8AOIiQrhOCcQNXKfTJ91CVhPTO98c32J1jZrCU/Sl0xLjAnlIDsELwUO8/wxCXNVcJDBbpbugZvZb337FDeutu3gEfa6gnk2I+gyGU4JR5j2VoZ+YvP6u3rp7l95y5Orh44uUmC4OlHYHg8yTlV8l3aqDajKxDvA/khWrv307RBkuh1yvbAu2jYuJfGDXvUaFbKfjNXmtqVJvdaKeu6BPTK4+W8Ur6niqFnlzSRkFlCWKwWD/9QTCSBXyB1+aKl+uivMGaVrR2ufr6ExsVSUl1Lz7btnL1wUd25S2llGny7f/8e987s5/KF4zRVlNLVUCnmXURBRiZFUen0tG9hT/M2iUMSYr1NB9hWfZo1LXtpbemlNKOC0tgyYvzKidUEEuDhys6efA5uyuX0Xi1HxdIvbhSwn8hTB8g9OFrC9TM1XD5exo39VRzvKURjbECy9XjaVv8TNct/T5X176ha+e9UzfkdFQbPULnij1Su/t/s9Pxndnv+B5/e6JuZoOwyeeLE8YEmd108AW1d07yuT31Qk3wf+CU5OdDLkYN7uXDuJF9/2bdAzNbNm3lz8mQV5kq8+sILfcuxqv3gcvzy435vBcpK6CxcZ+pPQ33w1LXBCcHTQH9ilHv/+dP96Mp9z6gZ8tWrpCQm9vedL0Nfb4lq6ArQDRf3Nb/3zTVfOBDKuQJynb3rmtwVeOumsekgrhtcFx4UJB9QX1+ZsrLVw7tvcfPgJnXe+JH1kgHWl9FTUyrG1sj5bW0CcAXqrQL1JrHxFrHyVq7t7uQtMblb2+o5XJVIe6wTTZGraYu1ozPBnotidx8c2sD28mQqwl3IC7AjxdWWoNXmuJsL0C2Wk+piQrqnMYlupqQEhNJW1ER3bQdJgZEYLlrIiOHjefbZIbz88miGvD6GUSPGM/T1UWRm5AxYugJyxc7trK3UrO1vvd29c5F924tpyrGgvdSKigJztElGNJTb0NlqSUn6cqIDp3NNMkNlb3PT1csZO3MSUxZOZ/rieSxYOpe5ixcyc+4UbJzNMLE2xszZDr0VcmxpSnJyBva+XpKhB+AZEozRKkkCbOzx1IRj7ujA6oAwPBMKWa0JITSvlqjMGmJK20mpbCe5eiN1PQfJEMB7JhQRnFYnUNxARcdOuved59JbtyhqWkvpmgNUrDtGXMlWqRjbSKpch09MCUdPXxmYY3thTzt7WzME4rkcEqCf3FDIPmUJy6poMe9szm+S/3NrOh1Z/myuTGBnQyYH1pRwtreTizvr2deSIvD2YGN9Cjnyv40PNiYrdiXZ8WZUJHmyZ33TwGf61befkVRuRU69MtLdj4q2MPLqfMiu8yJfyprOEPLE2hVjL2x0E9PWkNXgTla9MiVtFZmNVqqd5zR4kFrlhLbCmaI6DRXN4ZIARLFpV8nA5j6H9/aQEm5LtJ8JUb7GakT4Gatg14UO7jrAh3kaqRHqsVyF+9OhA/zgKWzqscuTIP81qPs7D+5LN3ii6T0xzE0dIPfggxsCbw8qqvzkGnahriJMbamoa4tk665q7j+49jddu9998YAHUule32zJ7e6l3O0Wu9+0nLvrJXloXMKm6ClEGw9h1bSX8ZjzEkF6r5BiNIRmx1Fs8hrNiSI3PrnZN4L9zJVTJJbFEJwnIM4LJKRQYFsQQGCeLyG5ShmAf65YtQDdP88NvwI3Aks8CCr2JrxEI9ds3+IxYcWhaAT8QfI6IWLRYTkhAvRQgrM1BGT54S+GHpCjUU3dW641ZYnYEDF4jcDaPzNQzN0fj/S+5nYnEQOXFE+xcz88xM695PV85HVjaxL59vtv1a2QM6yHkGX7OsUuE9VRzr9223/wsGrnjs6OODi64OYdQFBMBtr8OkrrNlAtpl6jLOa1RqJjGzXtW+W+LVJu6zPztTvFwncJ0Htp2bhnIFSoy2OVqGnbTHVLX5N7ad06CqvaSM0tIzAiARtHV+bMm8+o0aMZO348b86axXITU2xdXfGROiEkJp6YFC3x2kxJ8LTkZqSwpqqIg93tXD99kE8e3Obnp1YevHfvHvv37uXS8RMcbVrPrubd7K7vZWfTTna397KxZi/NdQdpy95BWmQ1McFFBDqFEePjSbyrDUc2FHB4T66U6Zzel8eBfclc3ZHNsV31nF2by4G2ArZXBtCYHUR1UiAeJsaEWBjQ4PFHemz/N4dDXmJ/zBiO+D1HzYrXyR3zR1KmPUO1/p8F+s+yy/MlTuct6d+O9FvOnTvzBNB1AH86Dg6OAagrP9sr9fqjgUVtnO3tef3FFx+HYugvvcirLyqLwbygAl6divbKiwOQfnrAm27BmMFAHwxlnaH/WpP7E0beb+VKU//gBEI5fuaJzOyddyguKMBkuZE66lyxdCUUc1cWjtEBejDAlSRA10yvg7uumV43Ir65oeGxrX77Fe+/dYbLvV1c3SlwlrgqNn5qcxs7m6vZUFvCjqYqTva0clWZlravVW1yVyz9jhy/e2gtd3ubOFqrpSnKkTKNOfVSwW6VL+vZFi1fnNrMNcn6GxK9KQ5xINNrNRFi515mRjgsXyKlAUlOy8nwNCHZbRXa4EhaCsvIiopj/qx5vPTyGJ5/cRSvvvwGw4aOY9TIiQL0cWLpw5g8aTJff/0VXWvWqIauQL2uppr/zk2xnqO9DWRrzSnNtaCy0ICCnDnERc+gqb5vi7zKunKm6k1n7IxJTNabx+RZb/KmsjjBgrksNVqCu6cDxquMsfVwZJGhASssV2Lm4ISZqxM27t4YWpqjL5C3cfElIDYOR/8ALNy8MHIWe4hMxDWxmOCsGtyjtWS07hHj3k50ZgEx1Rsw904mOq+Nzu37+faHH7h650M27jsjIN/FiWt3ad9+gpCUOoLSqwnNasU1sIDSshZa127gvQ8/7u9Cuce53jZ2N6eyuyGZvY1p7BGIH5Kk64AA+9iabIF9Dsc3lnF0fSm9LcquUi2c723hxMZCWuTLXZnuIxXEShLCDShOcRLIO5Pub83D9+8/8XkeOb2BmtYwyht9KW3SUCBlpkA8p8adHCnzap1JlgRKK4lT07oIdbe2rFoH8pudKWyXxzU6UlDvQVqJI/m13jR0RLP3cAMffnynLxG7dZXijEBiA1aqEeNvOhDREpH+JgMxGPCqvYvJR3gbqxHupfRxL1fhrovBUNeFxnXZb8L8yXg8jU2xdb/+AXK62N7TNyNj684iyup8yRFbL633Ze+hNh599uF/48r9C18/vMadA4m83W3E9c4FvN2+iItVc9idPI0S57EELn2VcIOhxIihp5sPp9ppBNe2lPZvpvJI7LJKTDqAkDwBrIQm31sA7o0m1xd/ZYqafJcDcwXECtBzvQToHmLo7mgE5sEl/oSWhBBZEk54cQQhShN7odJEL2VumESEQD1Crutg1dKDcoLRSBmgGrvYvCQPwXlhBImpq0BXTFzCS6vBLUXMPE0AnyEgl8TASxILj1xvCTfW7uv7HDuTrckWqO9rzfrNT6itows3Tx/sHe2xtl6N5Wp7XH3lfcXnkpJTS0ZhExklLWQUN5NZ2kxuWatq2aV16wXQ3VS1bFYhrwC8oWvnE03ujYrFd+1Ubb28uZvi2i4KKjvkNRpJzCzCPzQG01U2jBOQP6csIfrqqwL1cSyS+tza3gFvMeaI+AQS0jNJy8kjKyeLvKw0yrRx1KSE0JTsR1uiO2tSvNhaJQn51jViz0f5+MHdgelZutujjz7jzqW3uHLmPvvXvUVDwyZJuptJjSggKiCGiLAIskO9yYgL4tjeWM5tyuHsjgJO78qV1y3lWFcam+rCaS7WUJXjSaV835OT3MiKc8FGRMR31XLcDWdTaDucnQGvcL56LmdzZ3Iqcylbw8ZS4fSvFM77PXmz/kjLymfocHyeE3nLB8a23Lx5nSOHD6pxeNCguYEpbIMsXjdvXQH6hQvnBga9VZSVMXbECBXir4mRK6GD+qsSr7zwPC8//5xq57qpaLr+8t+aY64zcyWeAPjT8WpfU7oar/b3lQ8ych3EdaEA/plfncLy8CE1VdUCLWPV1hVTXzJfGdAmYBdYK33tOtgr8Nb1nSsmrgBeKZXzwSD/+tMPeOdMr7qC27XtbVzb0S6l0k8u0dvBRTlXFv7f0lDOtoYKqeDrBfTN3Nnfyt2DLQLzRj451sVnJ7p4q7uMfRVJtMQ5Uhduw77KRN4/0smPt47w5fl9bCyIoTzCiXyNHanu1vhbGuNsshynFQYEWy9H67aCdA9jIl1siHD3wVcgOH3ym7wiMH/llTG89upohg55Q2A+gTfGTGTYkFG88tIQRg4dQmtTvfr3qEAXQ1cm9f9Pbj/99CM3r+2nosiR1vpVxMW8LhfiUd577z1m689m+qJZjJ85lWnyec5eNJ8Jc2YxZdYUrOwE1KtNpTTDyNIMfQsT5sqXdt7SxRhYWzHPyIxl5itYuNIcM0cPbLy90CSksdrbFxtPD6x8grH0j8c5Kp2E6m6p6NaQJBWNT2IGFmHyuEAtaZVrOX/9Nt/Le+QvP3Hu+l0OXLhNz/5LHDxzg+DUKuKL12HrmUJsSBUJwRlkl9Vz6sRh3r15he+//aZvAMnhLTRqvVlXFMYaMarusih21SezrTqRPS2Z6g5ue1tzONJVzLFN1Vze2ykJXSmba5IoSfKiINaBjGAL0iUKo13ors75xef4lSRI9e1KU7uGfIF4Uokt2bVupJU5k1nhIseuZNY5qiPc6zqCqFkbRFmrr9rvXrrWS8zcGm3lakqUtd8lGTh6tm/0+pefP2J9WwlxGjMV5Eo5OHSA18E8KsBUjcFgV6Ae6SM/9zUh3GeFGjq4K6GzdyWCBO6B7gZo3PTVGGzkShnwq6DXH2h293vK0pUBcp88/JC771ymbUMcm/fU8OXXj/if3v7Czzy6d4QLaz05VjCPfdppbAiZoAI9ceVwEkyGkWExgo2p9rx/rW/a59HzB8TKownPE5NWwJov0M73xDffDZ9siUx3/DK9CMhUoO6Lb5a3GLa3PEZAX+BFYJGAvjCIELmGQopCVJgra7SHFYYTXRRNdGGMuqZ7ZF60uhd6UI7S9B5CYE6QJAhBkjwEE1QQJL83RG1u98sScEuS5isA12SG45ceJMfBeKWLIWb4qMvBuma545bjgmumIzcf9C3uVOz6prrxzW/d8kUQ3OV7Zr3aBmNTExYuNWCJySpJsgPwi0glJC6HiKRCIiWikgR+yYXEaUsF9tVkFjWSX9GuWndVS4+Y+JY+KxeTV5vcJZQmeB3UFUMvrlkrQG8iQZuHb2AYpuYWAvGxAnSxQgH6G+PGMlfkytzKGg8fXyIluU/WppMuQM/Ny6UwP4uK3GTqsuJoyhTBSQ+hVaIlPYLW7Dix7r5oz44VyOdwdGMj14718v7tG+q+9E/ftm4+zOb2HTQW58j1Z0ucz1JO70nhxAaJdSWc6cnl9BZJ8NsyqCxPoEwSsIyYUOyXSV337LMsnjIaVyN9zIyWY7tkAW4m06l2/hObvcXCC97kbUmwblS6cChlButCXqXB/Q9sjTDjXGcmH9w6wc8//Tho7v67HD1y+In+9MP9/eiDoa6UFy+eH2htPXv2jMo7BdhPg1yB94jXhghYXxGoviogleOXX1GBqqzsNuyVl54A7+A+8lFDXx0A/RPN5a/8ciqartn+idHugwbOKb9L+Z2636vEM3/tS/vlF1+oU7WsLVep08365owv7WuWF5jrmuX1F/WNglcgHqbM425qGugf//j+Ha7s7+HMlmoubanl6vYmsfKWgbi+q1XtG78i5elNLRzsrJXKvZLTG2u5taeV946089HRDj4WmP/01l5+uLyTr85v58HuKo7XR3GwJob3j66X1P8af3l4g2vbmmkRO6+JcRSoO5LquYowO3PcVxriZbmCFHcz8v3MSXQ2xNXMEMP5ixgzaoKAfKTaZ640sQ8dMoaRYuWjRyrN7aN57WX5h706RDK119GbN7N/SlAH+TnZ/D1vH3/0Nu+/17cWt394MHNWzGfcTLHzhXMYO3MGE+fOZNRsAfrCGczSW4ixuQGWNitZbGyAib0Fi5YbsFB/PksMF0kp/yNzqUxMrVgmX2QbX6lgvIJY5eKMn2TonhFJWMm5jX8oUcVriS3twjs2g/jKNgw8IvCML6Rxw3Z+/PF7vv72e7786juOXb7ND1KRfyjHSSVrpeJslteqRJsplYmbluy0EjZu38WFI7s4tXMj1fl5HDtxZmA0fG9nMVUJLjRn+NIpleuawkja88PoKo1hW10a+9rzOLShhIu9rRySL74C+tJ4D/IiXCgWkFen+1KW6MGdK7++SMqWfTXk1PmQVSMgr3ImpcyRjAoPCpp9yW8VU6hzkp85UtmuoUwMPanQRp3uVtjmTm6DuwDfmc5tWf2X7l84un8z6dGOxAea/ybQ45VSgbpi6pqVagyGug7sT5cRPsYD1q7CXSLUy4hgsXclFKgPBrsCciV0YP9lDBrx7rziCahX5Cfzj7r99MM33DrZQ1uyJfn249GajRKgjybFfAzvXD7Zv5nKQyq7Sogo9Ce8MEAd7BZZFExYQbBq4Z45zrhm2OOWLgaZ7irm7KtaurKgjBJK83tAvkBenueXryFAaaYvDCa0WFm3PZYIda55DDGFceq0tAgButKPHiCw1gi0NWLpCsyVBCCkUGAuzw8QG/TJDFDt3CdTQ2BWGIEC9cCMMEkqgvFUBsZleuOS5Yl7ttKv7k5keQw//PiDJKpf/ebnoZhhZHyqOrp9pYU58xbMY+zEiYwZP5lJ02czZ5Eh+qY2mNm6s1oA7+IXjldQAv5hqQRGphMqsI9OKVLhrgx0K1TGuYiFlwu4lf7yquYeKpUQ2Jc3Kc3tXSrQ8ytaSMkqJCAkAjMLMyZOljrttVcYOnw4E6ZMYeHiJVha26hAD4+OISlNS2pmNlnZYui5GZTmpVGTm0pDbqJEAk0SjTmJtOQm0ZqXTEteEs1yX4sAv1UFfjCNaUHyffajMiWS2oJM1rc3c+bYIT775ONfdjVePsJ7dw5y8dgaMXQtR9dlsaPRgeIMRwoSAvBYPpMRv/89IyXG/uHfCXE1xs3KAleTeawWYQw0nUq96wtsjx3N+YKl3F0TyweH2vji7pUnAP6rHPvyS06fPqma+mCAD+5DVwbU9a3u+IiEmBheeu5Z1bxff/lFtX981BARuiF9Ujdr2kSmThjD3OlTmTV1IpPHjZHzsYwbOYRRw15VjX7cqOGMHTlUBbgCWmWhGR2gdRDWnf9izvnT89AHTVUbGFX/yuNj5fWV3/Obhv70TVnGcPOmTbi7uKgD6Jaq09uUEfFL1UF0ynlk6OP540rTzK0rF9i/sYPe9moOr6sVWNdwXoB+ZVuDgLx5AOg3drdyq7eZB/sbeHd/Mze31XC5u4JbO6v5UO776GAjnx1v56erO+DWYXjnON9fWMun+4q40hnHkZpIbm+v4fubR/jkzAF2VyTSmegu4UJ5mD2pHquIcjRHYyWVq4MZ2b6WZPmsJGS1JCCzZwq0xzN02BhGDBeIDx/H8GHj5Hgsk94Yx4IpE1k0ZTxTxwxlwvDXeGPYy7z87B/YtWNb3yjnW7f+IZXk/iMHmbHoTZaaGTNp3nSmLdVjytw3GTdrOiPflAtIbzZj5XiRyUIWGRuiZ7QIMzsLFiydz3LzpSyWrFbfVJ9lZivF1m3Rt7XC2NEFYwdXrN2dCUxMxzc2DbfIaLzD43ANSSIgNQ/boBgsNImYeMbiEqnlxJVr/CRgU3Zi233qGo8E7Moq7/c++pSwnFa0dT2kF7ZQmNVKdmQeOSWN7Nuzi2O7N9JWVkpybLq6EczOvWd5+Gnf2vvKFqi7O4pplkq0Pt2fCvlfVSR70lkSxbqKBPZ2FXK4p54dzXnsaS+goyhGXUe7INqVvFhnOqTyfnot7IEFNj55hwxlelmlB9oabyKzrEktVuaQe5HXoiwR60VhvZeYeSAFtd6qtRe0KQvOuLB2exZ33+1bJvXe7WuUi+ElBFmoMNfFAMT7zxP6Qwd15WcxgY8jOuAx4H8N9FG+pgOh2HuYQF6JEC+lD36FWurgPhjqT9v746Z3oydAPjiuXDjNP/L2zVefsa+ng2yvFTTFuw1Mf9t3qpe40kh15HpkYaDA3I/QAn81QgoC1UVjvDOVwWj2uIjNewnQ/TJ9BMIBfdPOcvzxz+privdT+sHl8cryrMrmLCGFSnN7lES0vF6UurRrVH6sXJuRhAqg/TI0YtzK8/3V1wrODxaY9zXl+2Qre6G74prujWeGvKYCf4G5JjNMtXTlPu9MZfMWTxXsrumeOKa6sm7fxr/6OXzw0ceEx6Xg7hPAChNTpk2fzrARw6WOGcHIUWMYI/XK2PGTmDB5OlPenMVcPfmerrDEzNoFWxd/tWneJySR4OgMsfd84tPLSM6pkO9Zrdo0rzSvKwBXDF5pps8TkOeUNZJdVE1Sei7BEVHY2NowS5L/0WLm4yZN4s3Zc9A3MmK10uTuF0BETCzxySmkpKWjTU8nMytN5ERLabaWipwUKiWqc1OozUulPl9LY0E6TYVamgrS+sCeHUNzVhT12nBK4jQk+rngKfWrhdQ/VvOn4r10MgWexmwtiOD8plreOX+Arz55/5cb1ZzewIkdndQV5zLlxT8z+l//ldEC9Gkv/xkPO0vcDJX95VfgYmtLVmw4x7aX8ukdEYSff/wvX5/K1DZ1sNygOeoH+pvXdX3l+/f0YrRkPq/8+U+8IjBXdjVToDxl/Bj0Fy9g+dKF2FqYkhQtyaSfGwlhwcSG+ZMSF0KExgd/D2eWLJiBg7Ulhkv0mDdzGrOnT2b86BEqdMePHi7JwUtqgqAz6lFDXnvCxp9obh8A+uPR7IMTgoHXGKqUL0v5NwJ9oJlNKtLDBw+hkSxPGQm/TKDe3NDIxfN9IFeaX25fPMXuNY1saixnS3MV29tq2N9Vy6meJs5tq+fa9gax8kZuCsTvH2jls6ONfH+wlO8O5fHDkXwpi/liXz4/Hsnl2/15PNqm5cPuWD7ZFM0X25P4dFMsn26J4tH2WG51hnKkzJvTTYnc6V3H0c56Nmr92ZPjzqkidzpibSkMsBYrtyLeyYos31UUBa4i29sEX/NFLJo1QzKp8UwcO16yrHEC8bHMnDAeB73JJJlNotxxKq3eM6h0m0y48QT0p7zG6Ff+hLXZin9Yxfjtd9+x3MqUuWLZM/WWMnX+LBauWMGsZbOZPHsqk+dOYebSBUxdNIMlxouYt2y+mPk89I31mWe4GGd3O4wtlrPEzBAzG3ssrFZh7ryalS4emNo64uSvwSUkBtegaJyDxVxiUvCKSMA+IBhjFw0LVweyyj8B77hMYrOrOXDmGsfOXuPQuat8+PkXfC+GcuvdDwSO20kVq7909RapoUXk5VWxR66N04d3sLWrlZzkDMJic2ju2seazUfYunUvd27d5Ztv++ZxXju1hzqxoOIYR7JCLKhM9qAxN5T1VUnsbsuju1pLq8B8TXkC9TmhlCZ6UxDrxqkDW/7q59e5qZDc2gDSKlxJK3EVgHtTrCzNKiaeU+lGcaUP5S0asR4/MqocxNw92HOsrb9F6hEbO8pUkD8dOpAP3DcI6DqoK/fH9sM8rv++mH5rHwz2gWMF+H5KmPYNsvNT7N1UjXCleV5CB/YgD0M1fmHubmLtAnNfVwOx9+UDi8sMHu2uRHqMFz/+lS1W/143ZbEf3WYqhS3ZatN6uLI/eWGYWobl+QmMfcSyPfEV+/XJ9BIbFrCmOOOR5o63Vu7P6AN6sEA7OFeJQLU/PFDA7JctgM5RBs2FyOsECqhD1OValSb00PwoQnMjCMoKlccGq9PUFJgrCYHyekoE5Pjim+OJR5YTDunW2KXaCaw9VEtXzNw/MwSfjCDcBfSuWg+cUt1xVuamZ/rjJO/NSd7jOx/e/82//9ylq0TEp+Dm7Yfh8uViypMYMmwYQ4YOZ/jIkYwYNVLAPorRo8cwesxY3hg7kfETpzJl5hxmzNdjgcFKTKycWO3qj3tAJAHhyQJ3LaGxGUQk5hKbWkxSViVpebVo82vVqWrpBdVk5gn4M3OIiovFzcMVA+MVzFiwkDlKl6mhESttbHDy9EQTEqo2uccmJZGYmkaymHpaeppAPZ3s7HTyBOr5EkXZqZTmplGRp6VaoiY/nVqBe31+GvVi7XVZ8dRmxFAUL1Dzd8PdxhxrYwPsly8gwGwBWmd9quT6bg0xpTV4Oc2aZVKasSYtlJ6aYg7u3M6d27d/kZwfO3iQmtxcdq9bR/fGjdy8elXty/573e7cud23W5sA/fPP+5rXH9y/j/0qS5G2IRjpzRNxe1XgO1JEdS4+7o7ERQXRWl9OW30xR/f0cP7YTq6dk4Rg5zr271jPpVP72dHdQltdKVWludRXF1BTlkduegI+HvbCyTnYWZmz0mgZC2ZPV+3+zclj1T73N4aPYMzw13ljxJAnRqvrjFzXN/40yBUj77N/5b4X1Rg55KX/GtAH386eOfO4f/zRh9w7t5eL25s50dPMXgGrAvOtLdVsaxWgr6nnRHcTF3coMK/j9u4aHh5sEGiXwoFk2B0B+6Ik4uBgCuyJ5uddEXzaFciNMgeu5ptyNc+Q2+UmvFdnwjdddvy8O5gfDyTxbnc072zJ486OVi525nK9IYjbNY7cr7HmbL49WyXrrwldLWC3oSrUluowa4p8jQm31sNSbyZLZkzFZPYkHPWmEGs0kVKr8TTZvkyt9VCqrYfQ7jSKVsfXqbcdTcji15k36lnGvvr/uHLxwj+kQqxsqGWCJBp6ZiZMnzeL2foGLF1pwiTJ/CbMmYaR1Ur0luszX744C5YtZJ7BApaYLmGW3psYWhljJheOvvkS9EyMMLW0xMLaAltvf0xs7bB0sMUtJAoLN1/sfMU+gkJw04TjGRqFtV8w81a5C9QjsdFE4SUwtg/U4pdQTpC2jA27j/HBw4e8++FHbDt0hgcff8LV2w94+Ogrymu7qG5p59SRXk7u3UJLaTHpyblUtmxiXfd+erYfoXfHfsqb1rHj4Ikn/t6OkiRinJYSJUDKj3ahLNmb2swgsYFoqqWsEnOqTNdQmRZItTaUb7/+8q9+fvffu94H8VpfSusDJbzJq3SgqtWP+rYIimq9yKh0pqjehzVbcx43r+/bTEaM0y9A/tcgrkTioPtVqPeXuojT2bpA/Al77we7rhk/JsBEwlhAr9xvLgZv2j+wzngA6rrQNcsrgA/wFHB7GOHrZoifuwDdxXgA6mqpWLsAPznEiusXDv3Dgf7jTz+y+/AuYtWlVkMIU0ae5yogV2ZVhBCsGrKAPMdVLNgFb4GpV5onnhLuKXK/VoArdhwoAA/NC5PnhQmkw+U4lKCcIDTZAaqtq0CX19fkaPoiO4iA7H6Ii5n7pIthZ3j3mb3adO+vAl39uZi3R4YzDmlW2KetFrA7ynuR3ytA9xY795Hrzj3FA8dEFxwl0XRM8RKY++KoAt2NpPrk32wl2n3gMDHJWoGqJ4uXLmGcCILS7D18xCgV5oqtjxgxog/qAvTxE6Yydfosps+aw7RZs5k4YzaT3pzN9DkLWagsk73KAWtnbxy9gvDQROITHEdARDKaiFQ0kakERaeLyWeRmpFHSkYWcYkJBAT6YyU2vtx8FSssrTG3dcDeXRInjXxekbGExSUSmSDfu5QU4tPSSBRLT0nPQJuZQYaAPVPAnp2VKYDPJEfZcSwnnWKJktx0yvPSqczVisUnUZYRR05cqCSmnng5rcbZ1gqP1aYEO64kw8+Gykg3muI9aIlzpUkS90qNNWn2Rnjpz2Xx5AkMf32UfB4T1Z05y3OyOLZrKx/cfZuf/44A/9UxYp88HBj0VlJUwJihwxj63PMMFSu3FVlbvdKA1JhgmqtyOSiieOLgJu5cPsqHysYz71zk0/cuSVzki4+v89mHb/PJu2/xzq0zfPDgLe7fuca7dy5x761zXDixlwN7utmxuZOWhgpKClJJTwnH3XkVq8wMMFgyT+3CHTdqWH9/+EsMe+3JEe06oOts/Ekrf2kA5DqoP/M/+WDu37rBsW3rOba+kgtblf7xRs5tbeHQ+ia2tdWyRQG6gH1fRwPHuhvUVd8+6C3js10p/NybyPebPPhpszc/bQmQ0PDDtiABegLsDBegx/D5xgjernTlSoEZVwtMuZZvwJ2iZXzdaS+pnMD/jiQE79XBvTa+OtnAox1p/Lgzmq/X+/BlhxOfNLvxVpkz21Ps2JDoSE+iPesSragLXoHWfhFuBjMIXDGNdPNRFFm8ToHxy4TO/ldWj/09BkN+z+JXfseyof+C8ch/xXzUv2Ew8o+Mf+kPjH/9eSKD/f7uF9r7H7zPDL0FYt16zFm2hPFzpjBXsvyZyxcxdNI4pgrg3eRLaeZgh5mdNfomyzEwW4qefEEWLp0hcF/IoqVzMbUxlXIxpubLcRI7d3N2Eztfha27GzaeAZi7ebDS0R57Lz8cfYKx9/PC0NGNeeYeGDr5s1oThmNwCg4BCazyjiSuUEyguIvO7SeIzq9jy+ET/PD99+rAqJ/+8pPAfj/79u/i4I6NdNYUoY3TUljRzJ4DZ+jafIjdkgx0rttJWHYjR05dkcz8AT98993Afm5vXz1PQZKGGAFTqIDd11aPohQ/0sPsifFeSWaEM2khrmzpqPubPsc1mwsoLg+gsTWa3BInisXWqxuDyK5wJrPGjvW7C9Q91dXm9VvXKJEKPK7fsH8V6H8lFKA/DfWnQ2ftsf1N9cp5bJB5/30K9E3ViNUYi9ErFt8HfF3T/OBmeOVYKXUR5G1MoLeJgH2FCnaNuzEaFxM1ApTFZpR15F2XqF0CvV2FfP/Nl/+wivLeg3vki53E5EQTkxdJhDJFTCAclCVGneuHJi9AXbnNN9sLN4G5h9YFL607flpvAbkAONUfX0ncAjIE/jmR6nxxZY31qMJYotW11gXquSEC5f6V33I16rQ3pTldSQD8BNSKjftm+uAp8HVLd8M7y0d9rJ9q6f5i3354ZfiIlTvjrLXDKUMJV9yUeepyHfiphh4gCYYPjvFuOAiMnCXJdJH36JQhxi6v6ZzpxtbjW3/1M+jq3kpSagaubm4s1FukDkgbJhY2YuRotcldAbsSI0eOEjufwJsz57JgoXyHlxqxxNCUBfpGzJy7gGkzZzN5+gyB+0ymzZ3HnMVLWWZsJqbthI2LNw6eGuw9AnDyDsI3WL6jCYkkp6aQkJRAeGQE7r7+2Mj33s5NkhAvSWAC5G8LixKgxxEYFU9oXBJhAvXI5FSiU9LE/NNJ0GaQpMA9Q+AuyYE2M0sAn0WWAD4nN0PgLgavi6xUcrQJpMVGEBHog7eH/D9dnSSxtCfS14XsCB+qkkNpyIikKSOCxtRwSiO8iXW2wsFgCTMnTuW118bw2pA3eHPSdKyWLiDMchnZDsso9zSgWRKBtcXp7NiwhssXzqu7rP09b5cvnMNEfyHDXvwzI15+ibnTp6E3aypRQZ501BVy6kAPNy7sFzCLyNw6xWf3L/HFu1f4/IPLfP7hJb5+eJOvP3mb7z6/x2cfXBepvcM3Xzzgq4f3+eHzD/jm03vy2BsC/uvcvX2aty4f4sj+HjasrRKwp6hQd3EwY5meSNv0SUyfNJbRw15RoTysH+aD+8gHlwr4dSDXhdLcPmrof8PQlf7x6xfOsLGpitbiLDZWFgiwKzm7uZbLYuCXdrZycpNU5msbVDvf2VatDnS7vq2Wz/eWCrSj+WqNM1+02vGllD/0BMi5B591uPPT9mg4VSiRD2dL+flgFp+sD+d2tR03y60E6su5V2nBV90C0xNi9tdz4fNWSbW28ZcfdsDXu+DhFv5yrxOulcGhRIG7hnvVLlwpsuN8ngWH00xYH76EGo/5FNtOo9xmNDmmr+Mz/U8YCrxnvPBPTPrzPzHlud8x5dl/YbqU0ySmPv873pDzYX/6Z8a89Gemj36djz784O96kYXGRTBZsXNjfSbMnsZMvXksNNJnhsFips6dg+EqE7xC47CRysI7NAITu5WstFqO3qI3WSIwn7VwBvrG8/HzccPW1hIrB0usnexYvdqK5QL55dZ2rHLxUBOC1a6u2Dp54eDrh6WXF3PNbNFf7Ympq5hScAyWrpFYuofgEhaPd7QWB40Wz7hyvOLz6Tp2nZKmbTz85DMefPAxLd2bObB7Kwc2r6UgRUtcShHXbt3j4tVb7N57lgP7T5Fe0cmmA5c4efIqFy7e5IN7d3j77XucvHCTn/oXtuhqqWTxrNcw1hshhikgclpChPsKor2tiPe35737d/6mz/Ha22cpqtZQ2xJObpUbBTXu6rKwyuj3QyfXPR693lqiTjtTLPkJEx8c/wnAf83SB/rUldftt/S4QX3xan98sIUKdSXiguRxQfI+JJ42eCUi/Pqa3xWYP10qEexjqkJd42WsRpC7CUFuAno3AbyYu7L8bFLIKnavyePGqR1/d5B/9/13bNy5gZDUIKKzYyTpk1CAnhsq5uwvkPQWqHrhr6z6luuLV6ayGpsLrlo33NPc8RVYajIE/BkC7PRQQrOjCM+NIaoojpjieAF6HNESkfnKCPlISRJC1OloYflKC4BYvzIdLVtpUpekIUesPMtTkgUPPNPF/LN9+4Ce7S2/10Mg74Gr/E7XTBfcspQQmGeIvWYqi9AE4iOvpfSde6Z545zgjqMA3TXJC3e12d0DB60APtMdn0IvPvqVaX819c2kpabh7OTM/PnzxMJHqwBXbFwJBexKjBo9holTpjNv0RL0V1hgZu3EKnt3zGxcWLHSmiVi5/P19Hlz9jwmTZ+uDmybMHUqU2bMYdYCPRYsM2SJkRkmVva4ePgSFqFAPV6AHk9MbLwYfCSeASF4BobhFRSOb0gkvqFRAvVoMfxYgmLiCZbHhcYnEp6YTERSClEK3JP74B6nAD4lnaS0dJLTtaRmpJMmoc3QSqSRnp5Kaloi0dFhBGqUrbFd8XB3xcfLlYggXzLE3EvS46jOTaMuX0t1ZhLZUUEEu9pjqa/PpHFTeWXoON4YP12gthQ3K1NSvewoDnSgOtiGHK+VBFsuVltPxw19jeeefQHDRQvIigphx9pmge0ZvvuVEfb/2e3LLz6nLD8NvWmjMJo3jZX6C/BwsFLfc3lBGsd713P9dC93rxzm3Rsn+Oj2WR6JlX/53lU1vvrgGl9+dFlgfoOvHt3iy4dv8/Wnd/ju0T0eyc+++FgBvdwv9v7Vx28J1K/y2UdXeChW/0DqpbevHuPA3vVs7Wlny8ZWOloqSJbPykh/PpPHjWTM8FdVYCswHzyKvQ/oj5vXRw2VGKaDucSwFxg9/IW/HejK+uq3z59gV1sdawXirSXZNBVm0F6azfbGYo5vqObiTgH6rmbOb2vl1KZWDq+v53BnOTc3l/HDkWx+3B7CF+3O3C9bwYNyU77d4MPX67z5tN2FT9o8+HmPQPpyFdxsgJMF/OVQNp9sCOdq+WouF63icrEZt2vt+LDDi+93BAv4U+BGOlzR8pfr2fx8v4af32uGR+v5yxfd8jMx+KPJfNPtz/v1ttytsOBSriF7Y+awxmMsJauGE7P4ZWzG/z/mv/5/mPXi/2Xmy79n9qu/Z+6r/5cZL/6OGc8rUP9nJj7/r4z8078w4tk/8MbLzzJ1xCvkZ6b+3SrFoyeOiIFPY57eXBabLmfMm5K96+mxeKURnqHhzFC2r7W1YYWdIx5hEXiGhGPj4YiFwyrJ7mdgbLJMylmYr1pGkL8HlqsMxdRXYmhphZGFESudVmNia89Ke3tM7VdjJhWOnacvqzwcWLbajpmG1iy1csAxoG/krZmrhpXO3riHR+PoGyHn4Rg5+ooRNVK57ybuYZkCyE7q2rrYsb2bAzs20FlVSFJ8Ntv2HlVHA9//8CFXb9wTgz9FyZp9XL72gEvX7vPg3n2uXLnCml1naNu4jxMXrvPOe58PfBZBAcqsihE4Wk0XqBvibWNAdnzQf+nzbN2QSla1O2FZK8iscGTtjtyB5vVDe3pIC7UlRkCpa/L+VaD/Bsx/Deq/1qeuGygX158wPAH0fpjHh1iqoYO7CniB/WCw9w2ke9y3rutn152HSRnsu1Js3YRgrxWEeCohxx59UA9yMyA1zFoF+sltNTz66P7f7bq9dueawFZAkeJHsDZQgB4pMI8mMjdCLDtYjFxAqfSVS3gJQD0ypeIXwLtleqp91+5aL7F0X7XfO1zMPjw7lqiCBIF3rArwqGJlFHsM4UXK1qeKqccQUxCnJg1RYu0R+eGE5gare6QrG7kEK3PXBbiekix4p/UtJuOT5Y1Hlph1uiPWSauxS3GUhMIVd7F2j/7wVKxczN1Dkg13eb5rqitO8S4SbnikKsmAPCZLgboYb4Y7LtkuZHY8ORf988+/oKqqjrTERBzluzpn1kxGjRqtgnzsuAmMnzBJyomMGz+JiZOmMGveIvSNLLCy9cDFKwR3/wgx7mBs3fwxt3PDyGw1i5YYMmPWHCZNnsr48RPE6scy5g1JDt4QGE6cxow5i7CwtMbX34/I6CjikuKIS04hXIw9SEw8cFAodq4L5TwoWoF6AiFxiSrYwxS4xycRkZBMZEIKkYkCeYloAX1MSqqAPlUgn0p8SrKUycQmJhAWGY6Pvy+u7i64uDnj4eVOaKiGtPgYqR/TKMnLojQ/mzxtErEhgQJPB/SX6DPqjakMHTOVmfL+V5lbECLPy44OVK2+NjmQ/AgvwlwtsVg6j4ljR/PnP4u5Pv8cS8YPY/XcCTgtmMiqWW9gJyIT7OFGdVERx/bv47NPP/3Na/Xgnh3YmS7CaP4EDOeOJyncm5qiVHo6q9WxOXcuHeb+1aM8uHaM92+c5KNbZ1SYf3b/Il9/8FYf0N+/JhYuRv75HR5+eJ0vBeZff3yHz957i0/eFXP/9Cof3z/Lw3dO8/Ddkzx6X57//lU5viA/v8i78pp33z7B9StHuHb+ABfO7mbv7jVkpEWgN2+6CvVhrz7fb+GDR7A/tvJRQ19g5NDnVICPHvYY5qOGPf+fA/3rRx9z78xezm9p5Oi6GnaLRW2oKaajLJeWokzV0tdXFXBgTQXnt9fxVm+TOuDtyrZ6bmyr5sNthfywS6C63o2PagXIBYZcydDjvsD1m/U+PBIz/7LLn0/WeMknLoC8VAlnyvjpSB6fdkdxq8GT41krOaw15mqFg7DenavVztxrdOGzDR58us6DmxWrOVdgxcl8K86VruZ8uS1vN7vxaHMgHInl595IPuuU51SbczxlAWu8J5NrMRLNwtcxHytmPuLfMR//LFZTXsBi4nMYjP4T8179F2a/+C9M+/P/YfKzv2PEf/yO1/8g5XN/5I1XnmWifLBTRw3lqy//502YSnOSk5steoYL0TOYz/R5M1lkuJhJCxcyY8liOTZhkbFUzpIxmzm7YO7mg5W3F25hYSw2WMR8g1nMXzSLxYYzsbczxtpyBVarVojdG6NnZIKBhb7YvcX/T9pbh0eRbYvb56/v3nvOnPEZZmBwdw/BIsTd3d3dXYgnuLu7u9vgDgGChAQChEDwIIGBmfdbVSEMw5m593fuzfOsp7or3dXpTle969177b0xtrbDQmzd1ssLG1cxdG9PbCUGGJiiLRcPMzd3QhPk4pyai0tQNG4hQYSFxxAaGo+5sz9OIeG4xYzGN2EcvuHKxSCfVatXcmzPejYunUmZnPj5ZdNoePGyaekugafSp7r92HXKqx5wteouD5++4n5tHbsPVzB/02lqbj/g2q0HXKi8R93DBh43NDWtnT9/hFK5iMb4K/Oem3Hm+KF/6zM9XbGXolk+LNlUSE1tRVNBTFUFpfnh6rjwVDHb9LDf7bwZ6H9l4DliuJ8C/X+CevpHw9zS/gLqCryboxnmzc3xH5u6AvTkCBs1ksKt/yUSPiqkU8092Iq4ICsV6jH+5uQnurB7zViObpvB2QMrPxSv/W9/XjS+YMm2ZWKuTVpUob8AAIAASURBVP3eEQVRxBfGklSSSFJpYlNTu9i5sqBKSHGAgDVYbNlfHf7lq1SOK1Ys1hug9plHEFMcL0BPEzPPEGhnq83siWLjCeOVxVPEwsfK78enqsPSUsdnyjajCejjxObVpnj5G5RJaEr9xbC9BcA+hBRIQponRl7oq8LcMdseqzQr7DKd8Rgt0BcjDyqOlr8lRDVw3/xAPHI9cM91wSPbHY8MDxXoiq2HKzPPlUbI40PwkmP7yHvyLQli9+k9HxVc1TBtyjSyk5NwsbZEY1B/1cR79OzNgIGDGTR4iNpfPmjICIZr6WFs7oC9i5/APJ6wWAXAuWLR6WLUKXgHR6vGbmxmzfCRo+g/YJAkAgL0Hj3o1k2x/C50lUSh/0ANjIxNBKa+YunxAvRs0vMKSRbwJmbnC9ibI0+N+MzRAm4F+E1bJeLSc4hNyyYmNYtYiZhUgbyEavBpAvr0JsiroBfAJ6ZnkpAu/6uUFGLiYgkOC8VbXt9TAXpwIDHxcWRmZVAoZl9WXChRwOgsSSQk6XB2cmOYtiHtBeZd+wxBRxIWN1dXEmIi5fqRyoySHGYWZzI+K5HEUH+crS0YPGAwLVu2oVPrNugP6I2rrlzn9IZiPbwfGl3b0u6br2n5j3/Q8R9/p5eERffuJDk78+5tUzV8/b06chPDMdfqi6VufxyMNYkJdBaQz6BC/n83Lh3k7tXj3L9+inuVJz4A/V7lSdkeF6Cf41X9ZYmrNIqZv3osFv7sFg/vXefFs9vcrxGDF7g/vX2W21f2crNiB3WVB7h/8wgP75zmsYD8Uc1p7lcdo77mDHeqT3Lz6lGqLh/k6oW9YuwrGFeWjpuTOb26tlPB3antj++B/nv/+O9Ab6kCvXvnlh9ArmyV+38J9Ae3qzm/dyMn18+mfMsczm+eIxY+g71LZ7B53hTV0peIpS8XQ181bSx7lkzi0rbZ3D8wnxeHZ/Js7zheC8jfbYrmxVIvHsxxpGaCGZcLDTiTrcvtGU4C2QCeLA+lYXUsT9fF83JzGm/25NO4K597K+O4LjAvn+zGyTF2EvbcWBrOjeVRnJ/uTdVCX46Pc2F5uDYZFj1wGNASg+7fo93pB3S6fo/1wNYUuvbn8jRH3u5K4PmaQKqnCRiKdNmTNpKZvhqkWXUhxrgbUYbdyLLtS6plbwJGtMegy5eMaP0ZI9p+jnGPH9Hq9C2dvvkHP33xn3Rq+TV92v8o0ZLu7VqwcN6s/zPQ16xejLmVPiYWo9A31UPPVMBuqo+poy2uPkEYGJtiYG2NtadcqOJSCZUT39TRGQsPL4braGAuBj5Ce5Cc/MOxszTAQHcIprZGaBkaomM6SmBuphbW6ZoaYWBjLNm/Kw5yLGtnWwzMLRmoZ4GujR3WgX4CcjGE4FgcPAIIj4lj9bLZ/Lx3K1ZuXngnJOEYmICbfzwuHpFkFRRzaOc6Dm5bzpIppZKtZ1EweRE3au6qw0TUiR2evOLY5Tre/vYrb3/9VTX38ss3WH/4mkC3htpHDVyofsztu085feUWIbkLmLP+EM9fNoF9x5bFJEbY/dsV2u9+fcvhk+s/zL2+bN6YpoVTgk3EaM3VivIMgWD6x83t/02T+seRHWP/P4BdrFsN278MtX9e4N1s6Ep83Ayf+r6fvfl2U4W8zQeoN4dSQNdURPc73BVz/xjqcWLshcluAvQxHN85i+M75nG78uz/+vt6Vp6bNDVB4KaYrWLBEepUqvGlCQLzZDHzWBXmkQK/CKVfWyKkJISgkgAxc3+x8kC1YE0ZKhYqiUBYsbKgSjbZMycyftkSRs+YzMQV85myYjH5Ig9Jk7LkMUrVeyIJYu0piq1LJCrQn5Aq22SiSsMkYfARu/YQgLtKsuAplu4jpi3wFVv3zPPBJt0Ks0RzbNOccMv2IUCx8qJIAbnSRx6gFry5Zrtim26HQ7o9Llku+OZKMlIYqs40p0whG1ISJu8hSIAuCXVpEBEToyUJbbLC06dOMXncGPl/hGNtoM+A3j0Fuj1UG9cYMoxhw7UZOkKHYQLoUQbm2Dh64+EviUJ8jphxiQCzVK1mj0rKxT8iASfPIMys7CVZ11cTAmX2t+4CKxXonbuo5t9HzF3XwEDORw/Co6JJEvimjy4hLa/0Q6TK/ZTRxaTklaiRmi/7JVLz5XZekfyuSBKAAhKz8lTQN8M9OiWzyeSTBe4pWer+WDm+AvqY1HRik1KJiJXvgTJyJlA+E3UxmlAV6CkC/GxJKpSpZXNlm5CYiI9vIGYWtvTV0KZNl3507zcEfWMLPN09SYyLpig3g4kl+UwszqU4O424sBCRE3s0h2nRul1nOnfoiIGmBk6GujhLWGhp0r9bZ34UoH/9j/+ixX/9J20kPIwMm0ZcvHvH6iXzcLfQwsFAA1u9QQS7mlOUGsHGJdO4fGYv9bfOUHfjhMD2lBi5AvFj1F45qpr6rYqfuXvtMI9unlab2hsfV9H4pIrXT2/ysK6SJw9ke6+S5/XXaXx4g+e1F3l47ZA8Z5/Efmqv7uOO3K67/jOPb53mYc0x7t08yk055vVLB7h2YT/nT2zn1NHNrF01HUdbfQb17SLgViD9O8Sb4N5S7WPv2aWdbFuqEFegrmyb41+a3N/98oaaitMcWrdAwD2Vn1fM4OjamZzeNJszm5WhZ7M5tGo2OxZNZcPs8WyaWcqRReM5sWIs1Vsn8OrIVH47UiamnQ3bomhc5sbjmRY8n+9M3SRzzueM4KTA/GDKSK6Ms+X2LA8erpATYlUcj9cmiZGncW9NMreWxlC1IIzri8K4ONWD46Vi1qU2XFkYRN06Af3iMLaMtqHAdQgjO3xLmy//Tu8231EY74ud7kD6d/yRdt99Rqtv/0mqdWeBug13FrpzRRKKijItqqcYUjndikvTnCmf6sTBIlO2ZhgxyWswfiNai6F/hdPgVsSZ9cZfuwMjBOhtvvo7P4qld2z1FX07/ED3Nt/QufXXGGkP/j/BXOmHd3EywVEs2sLCEGtbM7SMRmLpYIW+hQFO3t6qRQfGp2Di6IS5mzcWbmIOETGYO9hj7WQlmbwfIwz6YWquhbmJLqbGw/EKcsXA0hBDWwNM7KwYIXAfZa7PCBNJFOwd5TiWsrWkzwgthhrbYGRvh5NvECbOYu2egbgF+ZEiJ9mzR3fYvHo1fmFygRZzMLYJZJiuKyMk3N1D2LZmIWtnFVOQkUZwQiaJ+TMYN3stJ85Wcez0dSYvPcTSdcfYfqCCLfsuUHnzPofPXWPPiQp+Eei+lixaAf2Ne4+ZuuoowbkLCUhfwOr9Ffzfa11/Y9+utSQJ+JR+ZHWxlGBTYsLM1Mld0gR+We+L4f5nSNv+Aeh//Xi79zD/vUL+jzD/pFn/T2D+Z/H7OPbfIf5xfAp61dpDBewSyqQ1+Qlu7Fs/gWM7Zomlz+XErqX/7QQpf/bz7MUzZq6fSkipJHulIYQWBasLm4SXKn3lsWpVetKYZLW5PaY4kiiBepSAOFrsVplyVenLDpbnBIo5hxQosFdmckujeOEM1h+SC9ydu9Q3vKTu6TMev3rFkxevuPPwMaeuXmXxto3MXLeM8YvnkDmxmJypZZRKMp02pUgdrqYc27fQB48CV7wK3PHN8xRIy3kixu012hPPXG+BtCN2yQ44prnJfUksipRV1UIF6EFi5PLcTB/c0j1xTvPAKcUV10xP1dyVRV2Ugj5lchrF0gMKg/Au9lcnnQmU97Z63wb189m5ZQvj8rKJ8HTBeIQmfXoKfHv0VJvLNYdqMVKsfKSOgQBaEmtjKwG6D+6+EYTFZX8AelJWmRhxkWrqXkFR2Dh7o2dkxkANzQ9A79q1qxj6+yr5fv0ZoTMKG3tngap8pvFpcoyCJpjnl6mR/n6bVlCmwjyjaCxZJePJLB4nMUaNjKIxpBcojxPo5xaSpNr96D/YezPkm0EfqQA9IZlIiYj4JBGAeMKi5bsQl0hccirJ6RmkZmaJyacL6MPlb3QROzeiQ/cB/NiuB937DkbP0Aw3d29iYqPJzc6gpCCXUomsjFTCxPZtbGzRGDqSth17SiLTE72RI7Ax0MNOwkh7OL17dOfrr7/ms//6D8wM9Tl84ID6v7hacYFIX2fMRvbDfGQfvKz1SI8KYPH0Mk7t30ht5Skx6HM8vXdJ5PWcwPasWLpA/NLP3Ly4X2B+QGIvD6oPi3mf4uUDMfRH13n+qJr7tVe5c6OCutvXuH+rkt8aH/Pb60e8fVHLm6cC9vuXuH/jsCQJB7mnLAd787AY+8/cvraHqovbuXZxN5fK93ClfB8XT+8SoG9i88Y5ZKeH4eVuKUI2kF7dWtG900/v+8t/UvvWe3Ru/cHIPwV65/bfq/dVoDe+aODK8b3sWTyWnfOL2S2Q3rdsGj+vnMnhNQrIZ3Fuy1zObZ7L0XVz1eb1EyumcnntZBr2TuDt6bFwUUB+qgD2xvHbWm9ezLfj0XRL6iaacm+yJZUlRvycOIR9iSM4lmvG2WIbLo53oGp2ILcXR1K7LIb69dnUb86jYk4IV+dLzAvmyhw/zox34kCeGcfG2nNptjdb8+QC6jSUPm2+puVXnzGoazsivWxYNbcIixF9GdG9Ldo9f6JP628Y1v1rZoX051SpEaeL9DicMZjrE7V5tdaRX3f688sWf+oXu3Ig15BCp374DGtJ1Ki25Ft1IMuqMxZ9W9Kj1ee0+Oo/+enbz+gqht67/Xf0+Olburb+jp5tWrB35/++0Ch/dCoONkY42xri5GiOvbqCmi1mtmISbk7oWltg7+OOj2TB4XKCJY4ei62XNwZ2NgLVoYQlJmHnLoA1HIS+4XAMDQTmAW5ESUZs52yDlYO5JAYWaBnro22pLY/Tx0Ls3szZCk1jI/orEwPJSWPj6yHgd8bQzglje1uc/UNJENOounCBkIAwPL3DcHYMYKiWAwOGWKA50k4uTraE+kWL7cbg7hqOs1cirv6Z2Pvn4BpSjFvYGDwix+OTMAXf5Ln4x88V6M+icPxqLl27I9b9juZ1nm4+fEL0+OViYksZt+4ohyufUlP3jNv3n/Lg8Yt/+3O9cb2Couwgwn30iPDV/7BWubpYihh6fERT/3lW1J9D+lOQf/w7pX/8Y4A3//4PCYDSPx5lLReR5mZ32/eQ/2Qo3EdN7n/W9N687/eq97+GejPYm7dqH7sSYuvFKV7sWztJ7HyOxHxO7FhM1b8xjO1w+UGiJoYJBD3FzAMFcgI6sWxlWVIF5jElSl92vNrvrUy9GqesZlYcRXRxuDqvenxZslq5HqEUnhWHESqgTx6fz4rd23nw8iW/KBMY/fobjZLgPX/zCy9eveHZ89c8fdFIQ6Oy71eeN/7Ck1eN3Kh/wM36+zx+84bLkgSs3LWNtMk5BEmi4JkrRq4UvY32xyNHQK7AXDV0X9xz/HDPViIQzxylvzwSv7xQfLJD8EwPxDsjUG4LrNP95bYcIyeY8EIF4rFEqmPhJTEpjSFI3rdvoRyzuKk6fuPBprkRFsycTl58NL7WZmgPGdzUPK5YdN8BDNEcwQgxcwXouvpmGJkqiym5qxbuHRhPqDJbXGw2kfG5cu6OJjg6Fd/QWBw9AjARqx2hrSeWP5Teffqqht48SU3vvv3F+HUxs7THxcsX//A4YlNzBcrFKrybQ4F5M9AVkCtAzyoZR3Zpc4yXmEBW8VgyC8vIKCiVREAMXuxdAXxyToEaisUrzfSxaVmqqcdn5Lxvzs+X26PVJvuo5HSiBfbxKWnEJqYQGhGHs4jIKAMLuvXRpEWbbvzQths9+2mgZ2CKs6s7IeHhJCcnk5GRQVZmJnFxCXh5+2BqZsGAQUNo076bJEd90R6phYk6vbguOsOH0a1rN7788kvy85rqmV48b2DmpBJs9AZjbzgUHztDglytyU0IZ//W1dy6doondy/zuLZC3Sr92g9vn+XO1YPcvnqA6+e3Un1uK3cqdgvgBehVP9Nw9wTP753j5cMrvHhYza2qS9Rcv0htTaVcwxr57V0j714/5OGjmzytr+ThrXJJFo6rdl57ZS8Pqw9Sd3U31Rc2cvnUek4fWs7Jg8spP7mFyxf3ceHcbk4c3cLP+9aIqc8kMy0Ua4uR9O6uzDDX1OzepcOPKrQ/NvJP7VztQ9+7djGLyzJYPzWXbXPy2TGvgF0LxrB3yRT2L58uUJ/O8fUzOC8wv7h1njrb2xWJhgPzeHdqOlyaKOmQAL2iBM7nIfrNm5We3JtiSu0kE2ommHC12JBj6SME5sPZm6zDsdFmnCu159wYR44U2FO5IJobKxKpXi52viadymXRXJoXJEBXwo/zU93Zkm7E2iR9ViXrMcFfF/3+bcXAv2BQ9/aMGNCDqCB7Jo1JpXPLb+jZ6muGtPuSER2/RlPsOtqyHxsSR3IwcyS7kwazP2UQt6Yb8GqNC09XOnFVko7N8VpMcOlDsV0nymzbk2HcGufBLdHp0YJOP/6T7774L9p+/08B+jdqH3rXH7+hm/Jabb7Dy9HifwXzE8ePYGWlh4u9fKlt9fF3t8XW3ggvXzesBeYu/n4YWhvh6KP0eTsRnJhGSHw6SfmFhErWa+tqj72nL9p6GowcNQgXFwcx9WF4hgbhExaJlYulwN0Le2dHOY6+wNqIUZbmmNlZoGNhQvchIxhoZIy+kwXm8hgTucAY2rli6+eDoYMXtlYeBLt4MnSkKT37G9FPw5z+gy0ZMFgxBmsGDbVm+Ag3MQhP9M0D0bMIQ882BiOHJIydkzH3yMbGLw/HwCLsAotxDSgjIGI8KVmzmDRlE9t2SGb86Blv5WI+YdUBgcM8cuZt59LdZzySi/mlmifM3X6Jq3efimz/+pdjfz/+aXj2hOXzxqogb4Z5M9CVJU2VFdCU8d1Kk7vS3P6peX8M9D8z8o/BnSHQzBYbz45y+JckION95Xp6lMV7oNu9jz82uzc3vf8Z1D819A/TxoZZqQaugDs1yu4DzD++/THUlXnkJ2QFcHjDdE7uEDvfsUBiKefkAtLwJzN4ffyjNCdPXD2BwCIvgZgbPkUuAnWfpuVIi0LUedejigTYJYkkliWRrBTEyXmozNYWoUy7Kr+LKUokoSRDfpdN3Lg0EiZkM27JbCpu3eKXX2kC+eu3NAjEHz19wePnjTx89pIHT17yqOG13G7k6cu3TXB/9VYF/Ct54r1nb8TgX3P36S/yXbnLvPWriClLx390hBh6EF5ZvmLovvgUBuCtLI+q9pNH4i3hlR8uMI7EJ1cMPTOcwKxogrOjCRkdRXBuBEFZknTkRBGVH0NsUZwc9/04enV4XKQc308SBnfccz3ZcGCjfO+eMTYngwQ/dxwNdBk+eCA9e/YSq+6r9n8PFsMeNkL7PdBN1Sp2I0tbrB09BNqBuPmG4e4Xgad/lNqn7hUQq84cZ+vsi6mFPTqjTBg2XEdteu/Zsyddu/VoAnqffnJcHbWv3dHdC7+waDHobJJzi9Tm9bRPgK5EM9AVgH8aOQL2HAG9EtkC9ywx92bAK5GWV/we8gWkjC4U6JeqoTTrp44uVqGvAF9ppo9KTCckOgE3n2CMLRxFBHT5qWNvvvupC2279GGQ5kgMTSyblnYNDFKhHhEtSWBMDIFBIdg6OKOto0f3nv348aeOdOzWT6432ujojEJLS4chGkNwd/fg0KHDTZPSHNxDsBiug9EwrEdpYK2nia+zJQumjeH04R08rL3UVJX+qEpgXqGOJ6+/pfRtH6HmsgC3fAvXT6/h+sn11JzbRu3lHWLYO3lcc5gXAvQnty+IXR8TgdtEZcUFHtTW0ijXmxtXzrJy0VTKCpIoLkhgxYJJ7Nm0gHOHVlJxZCXn90kCvX0aBzdMZMfyErYuzWfflqkcP7KBi+V7qbxyTF129/LFw5w/s4ed25YybXIerk7GAvW2fwD3p83sH+/vLND/26y8BOYVJbNSTrJts0azU6CuWLpi63uXThagT+PYuqmc2TiDa9vmcXfXPF4fngtnZwnAJ8CFYrXKnDNpsD+WX7dH8mZjGI8WeVI51pzTObqcLzTieNZIjufoc7bMmuN55lRMdKNimhflkzwpn+JL5ZIYqpbFU7k0mmuLI6hcGCagD+bCDA9OTXZha645s8OGUeahQbBeT3q1+YKOP35F786t6S2G3rNLe1q1/J7P//kZnVp8jlanLxne4XPsRnRharITi5NN2JU2gt3JQ1kX2ot9KQO5PN6IS2MNOVVowKb44Szw6800l86U2rQjQqcNHkPaMKD9VyrMv//yP+nw3Rf0aPs9Pdp8qw5d6yW3e7Vr2l44d+bfmxGusRFvN3scLEbh62KGq7MZ3u7WajGbk2SUjp5OKpjdAoNVmBvbW2Job4dvRCRpctJ5hUcQnpyCq683mrp9MNAfxnC94Th4uxAnJ7ODlysufp64BYgBhARLgmCLpaOtWLgN+gL2fjq69NUxpI+hnsBXWTNdoO8SIDC2x8Ldj6GW7ugYudOz93DadxtBh24j6d5Ln979DOgncO/T35w+g6zRGO7AMD0nhuq5MdTAl6GmQYywCEdHwG7smIShWyqmbmlYemTi5J1DRFQRCXFlFBUsoKhkBdOnb2DT9nPkzd5K9NhlbDx1g1/eNYG7vqGRw9cei401UH3vKfcfvxSo/3VD/P6da0gKtSLcU5dwr1F/CvSEYGWhFHN1uNqnQP+zvnKlGE6Jj2Gv3lbB3TSRTGbkv1a3K2PKM6It3wPdQgW5CnbV2q3+APSsGAfSo/8I9I/70Jv70ZuGsDWv5Gb5AeKfgvxjoKvgD7NmTLovB9dP5YScw8e2LebkzuUq0C8f2/6XBXL7T+8nfkIsgcVKAZmnbN3xLXbDW8KvUPYVBgm0wwXo0Sr0ksTSkwXkyWWpJJSmEl2aSJTsiy1OIX/6RI5dusjxy5c4V1VFg9i1Mlzx7Vsx71di3s9e8aThFfceNPDwaaMK8noB+oOnr9Tbzxp/5fHLXyTe8uTFG2ofveL01QccO1fLuSuPOH/lPpdv3Of0pWus3b2b0dPHEyIw9ssTEy8MJag4Qv7+KPwLxaDFun2LBJyFkXhmB+OfFUVEThJxBWnEFCYTJRflyIJYovLiCc+KkN9J5EeoLQ2RcpyIQkkYsvxwSXLBJdVN/awqL1eQHR1OmJMVtvo6jByqKfAdxMBBGqpZqyGWrvSfa+kaoj3KSK1gNzK1Ert2wNzGWQ1Leze1md3WxQcrJw91n2LzShKgGP5gtem97/tZ5nrJuThANXRjMysV6P4RsWLPuSrM0wvHkCaRXjiWjEIBr4A5taD0vwW6CvWyiWrklk1oio8gr4QCeSUU4OeWTlQju1iMv2icQH+MwL6I+PRcIuJT8Q2JxsrRC01tEzr30hAz706rDpKQ9NFgmLaYtiQ19m6euHpLguQXiHdAsLqwjaeXD9Y29oyQx3Tt0Y8fWnWgbedeDNAYjuYwbfksR3Lq1On3a2Dcozg7HlexWifTYTiZaImdj8RfRGvm+Hwun/2ZB3cu8UJA3vj4Jq8lGuoreHTnLPeqlQK4fdws30zlyVVcPbaKK0dXUX16LbXlG7lfsZX6yr0C/UPU3zzH5XOHxKZ3c+nMGa6ePc/axYvRHz6MTj/9yA9f/pMWIpmd2rXEz8mIxZOS2LpwNOunp7BiQgxrp8ezalYKGxflsW/7bA4fXEf5mb1cvnCUK5IoXL14VKB+kFPHt0tikIiZJCbNsFaBLYbeHB+DXbH3Tu2bpoj925z8RBXoS8dksGV6Djvn5gnQi9i7uIz9yyZzaMU0jq+eyvkNU7m9fRZvfp4JR6bBMTHz/QLzvdnqDG+/7Y3h3aYgHsx15u5sR3Vc+eWxduxL1RYDtqa8xJArY625OsleYG5H1Swv7iwJ5s6yCK7PC6ZaQF61JEK2EVQtCuHKLF+q5gvQp3twpMyWjenGTPLXJMVmMAb929P1hy/o064F3Tv8RIeffuCH775Vm16++Ozv9G/zFbqdP2dQq89J8dBnw8R4pseYcbTUkouTbNgSPYQFnp3YGNGf/enD2Cug3xSnwbKgfsz36clo604Ea7XERbMt/Tt8R5dWX9Fe7LyzvKYyS1z31l/TtdWXEr/bemyI/78F9LnzZ2IrMHe31cPT1pAgTzscbQ3w9XXC2s6E4GA/yc7tiElOxz0wEGdfHzxCAjC0tcTZLxg7d3eyxk1mpNFQdA0HYm1tirbxSLwiQ9Exs1Snf43NzsLRNwBTAbZbSDiWLl6Y2puhY21GL00tRlo5oe9giYG1nDi2fgyzc8bExYWRprYCZns6dx9Kpy7DaddlqAB9KJ27adGthy7deurLyalH30EWkmXb0l/Tjv7D7dHQdkPTwJthxgGMsgyX40ZJ8hCLgWMc5i4JeAflkhBTQlJCCXnZk8jJmU5q+hQSk6aSVbCYudtOi201qib+7OVrjlx+wPO3v6gFdfdevOXWw0aePP+FOnnMs5e//KF5vTA9gDAPHTUUoEd6K2uF/w51pbk9LtCERAG6sob5/wT0P2tqV+8rW6WZXQWylWytBOiWajSPPU+LsCI18j3MJdIizWVrKVsrdatEk8HbCMwVqNv/AegfV7k3N7s396ErQFeq9BWgK8D+FOif3lehLpY+Icefgxsni5nPEVtYxOndKyk/sI7z+9dy7+Yf10N/+OQB4xeVElEQKvBSqtADCSlUJmnxJbjER8zWQ8DuKaAMbOoLF+ONLoghoSCSeDHyhOIEMdlkIksEjsVJZEwqYrtY1Jt3v6mTCf2qhMD8jVj285fvYf70pcQr6h/JtuGNCvH7j19w/9ELdXvvyXNqHz+nuv4F1bVPOHephv1HLrPzQCX7jsrtY9c5dqaa06evcf7cZS5fvcXek+dYtHUdOTNKiRyTSNiYeAF7lCQjkU1AV0w9O4zgnFiicyUJKcggriiVGLkeRhclEl2YSER2LMGZYQRkBqprpiuT0gTkie1niFXHe+KR7Kt+Zgd2bCHJ15VAG1PsjAzR09YWAIuRi0kqMWz4SDSGjmDQkGESwxkst4cM12KYlq46Fl1bz4hRBiZqn7KBsdi7GLexua1sbeS+pRi6sdip7vtm935q5bzS/D5w4ED1dcyU9c59fNXx5klZhWQKXLMU0JaOI3/MWErGT2TK5EnMmzmZeXOmM23GdIrHT2L0GAXeiplPaLr9J2D/HfAT5TGT3m8nUjBuCoXjp8l2Kvljp5A3ZjKjyyapYE/NKSY6KUvO+WjM7dwZOExfxGAArTv1oUtvDQYN11NnwjO3c5HkxQs7Ny/sJSFx9PRR4e4it61sHNQWjZ59BtGyTSd+6tBN7Xf3Dwz7MM3wptVLCBSTdbfSFqBr4WI2Eh8RlvTIAFbMmURV+TGe1VeqxWwvFTuXeKE0nQvQ7986y4Oa49y+vJ0qMfMrR1dw6dBSLh1cRLXA/fY5MfUza6k5v4ZbFzZx78oRqsSizxzfI//vzWQlJtC5bRt++LYFbVr8xDeff8lX//ycn1q0IiXci5PbF3Jy2yy2LC5SW8WulG/jVvUJ7t+5wq1b5VRVn+Xa5VOUnz3MqdMHOCdx9OfNbNu8kEnjcrC3NvjQP94M8U/B3rn9D7T9qYXw72t++OHH90AvTGKJAH39FKXZfTS75+Wze2GJQH0cB1dM5tTaqVRvnsbT7VN5tbmUJ8tTeLQsgfsLo7i3QLHxIOoXeHBvngd1cz14vjqIF+vCuLcwkGP5BmpleYUyy9tMF+4u9KFymhP1K+R56+J4d6CQN3vzeXukjBd7crkv++rXxXNrSTi3Fodyfb4Pp8a7sDR2FBN8h5NgOxxnvf5odGnF4C4t6NPxezqILbdp+Q0/fvMZ3X78jJGdP0Ozndj5yN6snxDHRDGk+eFalE9xom6pL8eLLZnj2ZV5Hh1YGdCTDZF92Rzdn/WhfZno0oMIvfakWXYi3rwrXqO6oNldMqAW/6BLSzH01t9KfK1CXelHV4DereW39G7fgnt3a/+fYF5be4tRphrYyBfQ18EYDwF5hIcVHo6mBPsIfF2s8fd2xt7VlojYaDzF0pViFQNrC9yDg9GzMiQgJgpLT0805bNwc7fB0skGB3d7YnMLsfO0lxPFHDNHT5wk67XwcMTMxRsrMX09xc61ddBQmv2c5L6jEyOsBMQ27mjJc7StrOg3UhlWokHbLhp0VIDeTZO23YbJCaklt0fKbR269tWh72BTeg22oM8QC0kQbOg7zBFNXVd0BOqG5kEYW4VhZBWJka2c1K4JBATnkJZSTMFosYOsUlJTxpGUNIngyInEZcxm+bqj/KIONfmVk5V1VN59ol7+G9++442y/91b3vz6lppHv3yYHGbpnDJC3LQ+wPxjqEcoli5QbzZ0pf88UWCozJuuAv39VK1/NiTtU9ArIM8RuGZHKbcVG1f63y3JjzInP9yEYrHx7HBzMiIUgMtrKBFhTmqE2XugW6jWrtzOUICu2rql2izf1AT/yVj0v7Dz5hXblCli/6ov/QPQ5bjJSmW8PL403Z1Dm6aImc8ToC/g1K7lH4B+o/zIhzH6e47vJnFsrBhqKOH5IYSL4YbnBwvYQ9QhaErlenhpAEGlXmLt/irQowrE0AsTSCiMbYJ6odJMnSiPTSCuJI25a1bwuOE5jY2vefPmF15LNL5+x3Mx7Wdi5Y+fvODx0xdqrYRi6A8ev+T+wxfcufeUW3ceU1PzhKqax1y584zyG084eamOgwfPsGvHPtZvPsq6befYtqecfQcusH/vMQ7tPyIXxmOcPnmBiivVVFy/xcpdO4gZk46f/L3euYH45YfiMzoYn9wQQnJiiBOgJxdmElecrHYRRMs1MbpAGV8fj29GSNOMcbm+YvjKcwPwywzCLzmIstkT1M9u0ZTxRLlY4m9lLJZojLmhEUbKehdGJugbiI2P0kdLuwnIStW7AmWl/1upUh8weIi6gIrmcB11OJsCMQXwugbGAnlTNbTF6pUqecXQ+8jzlGMMHDgITc0h6OpoCfxs8QkOITYlg2yx8jETJjFt6lRWL5rBvnVzObV9MRf3r6bq6EauH17P5QNrOLtrGfvWL2Dd0llsXDZXjalTplI0dpIkAU2Az/0U6grQJUaPnUz+eHnspBmUTJ4pMYviScoKcTNUuGcVjCUuNVf+pmhMrF0k6R8l15TBdOw5hAHDRqFrbC3XKFexcx+5bvnK1kudotbGxV1ue6v7rexdJcExp/+g4bTt1AMHF0+OnTipft5VVyvk3PHH21oXLysd3C0VmGvhYTWKhCA35k0q5tq5I7x4cJNXT6p5LaEUrDXcv8Tzugs8V6ZvFUOvv32cuqt7uXV+ExUC8/J987h8aDE3BOg1p1ZTc0Js/egyKvbPoeq4POb4DraumENOXDgDe3bmu6++VJfWbvn9j3zxj8/45osvGdyrG+NSg9k+O1+gPp/Ks9vkdc7w/PktXr2+z9t3T+R69ky+9/eor7/DxUtnuXDpFOfLD3P0yA7mzx1DRJgzwzS606Vjiz/AvCmUceot6ND2G77/SnnNr+jaoxeD5HP628zcOOYWJKkr6Cwbl8GGGU2Wvkssfc+iMg4un0z5iqncXT+ehytzqZkZzaWJQVyeEEDVjEAqp/tzc4Yft2d78nCZgF3M/P5CN56vDRaoR3Jnvjeni02oGGdJ7UJfGtZF8WhlGC+3pfJiSxqcVZrtp8CVGXBethfE/i/P4J3cf3d2HK9/Hs0TedzpiW6sT7dkRrQ5k8V0PHR7oN/nB4z6fYfZgFaybcWoHt9i0O3vjOz4T8wGd2RWsiOLEs1ZlmTA8fEOPNsYxS+7Eri7MpQ9mcasCOnHXDH1Jb7dWBvakzluXck0bcckty7M8evHOK+BBBh2pX/Hb+n4nQL0z5tA3vob1cp7tm6h9qN3E4PvLvvKCrL+n4CemRmLtk5/7ORLaGetjZezOe7W+kT4OODrpEzf6YGzkzkhwT54+ToTHhFFUHQUrl6+OHh4YGJvgYWbC/20BqNlNEw1eWMx7fjsXIJTsjCV5xpZmUnGHihmrIw998Lc2RtTGxOGmxnRXXM42vbOaFmZoGFizRBzdwaZ2WIg9j5IW592XQfQqlN/fuo8mNZdNfmp2xC5P4Q2nTVp02UEbXuOpGc/sfU+hnQbYETPgYb01DCXE9UGLT0nMQpPzKyCMLEMwtRaoG4TibFTDPZeqURG51JaNJ6s9BIysyYQFT+GsITJxKfNYtrMHdTde05V3SMOX6kVlL8VyAjQf3mrjEFR12T/UKS1dyPJIVaEu2mrQA911/4QzVBXgB7xHujNBXHKWuSKoTdPKPNXFe5/tHSBvtj0aLFxZZslkS2GnSdAHhdpKgmjKWOjLcgVoGdFmpAaZkRKqLGEqWTqpiSHmahgVyI9wur9cqtKK4F5E+wjlfHwYuMKjCObC+ls1aliP7Z1BebNC7w0FchZ/2VxnAL1JHlukhxLAfpUMe3Dm6cK0OerQD8tF3MF6C+eNi11efdBLWOXjCFxTIxq2bH5UUTlhROSHUjo6ECxdQF3Ybg681t0mbI4Soha6R5WFCEAjCW+OEVALlEcL1CMIaYwnviSdBatkwvj7VpeCtAbnr3gmZj4s2cv1eV4FZg/EZArdv644SX1YuC18v+vF5jfvdfAjZqHXK++T9X1x1RcfcD5K3c5XXGXQ2dvs2HLQbZs2sGeXQdZt2Ef69YdYMP6/Wzbuo8dW3ezbeM2dm7Zwd4duwXwP3Px8g1JVs6QND4TH3lPvrlB+EvCEpIfLu8tThJhMduCVDH0JPU9hRfK+1dWXsuPxyczFNcMH9xyPNQpY5WuhuC8CPlsItmyb5v6+eVFSwJkZ4y/pRFulibYWZhibWaOubkFZuaWGBubqmBXbH2I5jC18l2ZbEYxbaUJXYW07Bs4aAiDxeI1FXsX824GvGLnSmGdkhAMGKSJnq4u+qN00NUajqmxnoiAB1PLclixYApbV87i4MZ5XNyziGsHllN1aA03j63n1snN3Dmzg9qzO7h9dju3z2xX9ym/rz6wkur9K6nYtYITW5awd91CNq+Yz7L5s5kyReD93sw/gF2AnieGrgJ9yqwPodwvEGvPKZkg53SeOp7e0MKRvho6AnNNeg/WRdvQCmsnL7k+hQjwI8XiI/AICFWH6Dp7+ePk2RT2zl5qd4Pm8FFMmjyjaV6UFw0smT0JX1s9fGxGqUD3tNbBy1ZuixiFi8xML8nh6ulDNDyopvHFbV4+uymGLrcfX+eXJ9dprL9M44MrvLpfwaNbJ3lw8xB3Lm7j2tHlXNg/nwv75lIpUK88tIQbx5Zx9cACSYAWUL53OYc2LGR8ZgzGQ/uLSLagbaufaPHNt3z75Vf06tGDLm1bYavZiww3PZaPTaTq1CaqLuzk6aOrPG+4xcvGOrme3ZfvfK3EPWpuXefK1QucPnOUHXs2Mn5iPllyfA83czQGdKFbp1ZNAFdtvAWdBOQtv/9CIP6ffP35f/DNV3+nXfs2dO3WmbbCo79Ny45G6UefI1BfXJbGGsXS5yr96IUq0I8vH8e1xYXcXJBJzZx4auYlcn+ZGPqaZBq3Z9IosH20IoLa+b5i3348XBVF/Uqx65lO3FZijquA34mnAvIX25PgSAG/7sngt8O5/Ha6DCpnIQeXK8pSuD4XahaKwi7i18YtULdI9ktUz+KdPPaF2Py9jYkcn+TNygxrJobqk+qoQYhJbwINexCg15kgvXakO/ZjTZYtp6Z5cHOxn4QrDRuCYW8iv+1L5u3uZB6vj+PUWAfWRmuywKcrM1zaUGbdhmmuXVgc0IfVEUOYFaCJ28j29Gz1BZ2+/wedf/ingPxrFebNZt6phVIo94Xarz68b2fJwhr+W5iXnz2On5c5fv7O2NnoYm6hgbtYuputKTFBzvi72REd6IGTgwlZyTF4+ziTmhSPu58roXHxuPj5YGxvhaG9pVhxX4Yb6op9uwi07UnNLsErMpLgRDElMXWXwCAMBeLBselYuiiV7Zb0H6HJSGNzdO1tMHFwQsfMQY7lho6NGcMMDejWS5NWHfvQqnN/2Up0GsBP76NNZw1adx5Cl+4j6C5Q79J7FB376dF9gKFYhqmceLYM03ZBZ5QnxqY+mFn6SXYeiK5NKKPsY8TSE/EOyCIptYTouAIiYooIix1LaPxkMYsZktUvZ/aivazYeZ6z1Q8lk32nWuPHxXB3ayqZMyaJOGUpUXcdQl1GEur6r0BvNnSl6V0ZsvZpQVwz0D8udvtXqDcVt2XFWAnArVSg5wp8cyTyIiwpkvsTBOoL0lyYFG/H2Hh7JqW5kh0hAA82ICnIUJIOpZnfsAnwIQrk5fVDTEkMUqBvosI+Ocy0adY6ZU31MDN1kRal2T4t4vdm94+L4v64att/U/GuGLr8/Sny+BnF4WLo01RDP7ljIddONU2IoswLsPXQRhLGRRGrrIw2JpqEomjiC2KJy4shIidMDDaA0LxgMXGlvzxMLQyLKxMrL4tUp2CNK04ksTSd5JJMksrSiR+jTN2awpIta3j2XED+5AnPnjznicSDugc8rG9QYf5UwP74SYNsG3n4RKz8wQuqquUid+Med2oecKOqXi52dRJ3Bej3OX+xluNnb3DwxHW27TvL3LkrWL5kGds3bGb9mp2sk9i0YScbN2xl1dIVYqeL2LxyNVtWr2HPlm0cOXqGcwL2rT8fIn9WGRGSuChFe/GSfCQUNAFdmXo2KD8Mnzw/AuQ9Bwq4vbPF0LP98crxIqjIn3D5DGKLEiTpSWDbz9slUXlKrKsdYVb6BFgaiDEa4WJtjrO1FfZ2NtjZOWBja4+llQ3GJmbo6OqpTfCDBmuqAFdCAbxi3QrYFXtXtso+Bd4aQ5R+4xHo6xvgYGtDsK87o2MDyIryw8nalHB/V2YWJ3Fq80yu7pf/7YFFXP95sYB6udj4Mq4fWkXV4TVcPSjGeXILd88L1C/s4u7FPdSV71GhfuPQOq6LtV/bt4pKgfvNI+u5c3wzNUc2cOXAag5uXsr8OQLrsePJEXvPLJtEtmLyE6ZRLIbeHAVyXwG90uwenZKjznqnbWRHjwFadOkznKG65uqCM56BkYTGJBOdlKGGMh99cFQC/mExKuS9AsNx9wokNT2Xs+fK1e/qySP7iAt0wM9eFz87PRXmSvjY6eNlI0mNqyTV8WHs27KKV49u8ObFHX5pvMvrl7W8e/2Ad2/qhSt1vHt5h7cvb/HmSSUvH1zkQc1Rai9t58bxZVzcO4fTWyZxbsc0ed/z5fNbIrGU6wrsDyxmx7JJFMhnP7RHV3SHjmT4YA2GDBxIv+49MJXkynxYVyLMNViSHy3HWMSV4+u5dmEHj+rKaWy4LVC/Td39q9TVV8r3vYYbN69yRpiwdNkCktNiMTHRYeSwgWgO7k2Pzm3UcedNw9e+58fv/ikg/w+x8n/QWhjUsd13tG33NW3afUMr4U/rVp/ztyk5EcwcncDs/GQWlqaxbHwWm2fnsVuAfmjRGM4vHsPNJYU82zSOt4fH89vF2XBnJdxfBTdmCpCnw6kyftmdxd3FwdQsCKJ6QSD1SwN4sCyQF5tieL0tAU4UwpkxAmeB9s15cGs+3FsuV5Q9/Na4HdF1eLRaYo3s2ymp2CZ5HQXoiyUE+DUC/lp5bpVi81No/DmbKnm9U1M9OTbBjTPT3bm2wIO6NYE8P5DAb5eK4PZkea2JQtECOJ0vWpcBxySROJIL5ybx5kAOFTO8WB4ygMmOnRlv15GZrj1YEtifBcGDCTfsyJCOX9Hp27/TUYDe/aev1GFrXX74WkD+JV1+/Epthu8m+7u1+lItkFs4Z/pfT5/75jU5mXKR8DfB18+WID83OdH15CTXwM3OFD9PG8K8nMXYLQkP8ic+MoS4qEAS5Evq4uFARGwIhraG+Aq0R5iMYLi+JtpmWgwxGIlfVCTW7t7oib2nFYhp5Y3FITAU39gkjBycMbGzwNzTne5Dh6Lv4IiRkw22crKNkkx5mLk5ejYWDBqqQwcBt7ICUpvOfWjXZZAabeR+qw59+LHjQPndEMkGNenWQ6DeW4fe/UfRb5AegzTF7jWtGKLlyPCRtugZOGNoLhm2ZQBGYun6tjGYOEtC4pMskYZLUC4eIcX4ho8hMHo8EXFT5AIwi4KSZWzeVcG2w1e4JZbGr00wf/n8KbtWzaA4xo7RkZL0eOqpdh4mMFfjI6AroRbGve9Lj2ruQ38P9JT38Gwefvandi4W/qGoTSJTwJ2thJh1Tpg5eWL7szPcmZniwjK5+M/PdGdxfgBzMr0F9PJ4AXqctzYJfvrE+emQ4K9Lor8eiXI/XrZx/qNICNQnIUhCgJ8kgE8KNGkCvmr2Tf38qRHvJ5WJeL/EqtrcbvXRXO82f9l/3tTs3rSE68zSSI5tmcmpXfNpeNy0BkF1bRW5M9KILA4UMAcL0COILYkQwAmwC2NUoCvzs0eMDiVELD1ydDixBZHEybFiJdRlUcfFq1O2JpdlklqWTdrYXFLH51IyZ5Ic/zZP79dz/0499XVPqLt5m4oz56i980AFesPzxveGLlZe/5xbAvHLFdepuHCN29V3uVlZx7UrdQLzOi5duc/Z8tscO1nNgWPX2HOogkUrdlCcN475E8ezWcC+cd0ONm/Yzfp1W1m7bDULp0xh5eyZrF20mPVLl7Fj81YO7j/MuXOVnDx+jpXrl5M5JoMUgWFSUSqJhRnEF6Woc7r7FATgkeeNp/xv3bL8cM/0E7D7E1YQJsmLUvyXKs9La5r+9vw5IhwtCLYYhb+FPj5i6e5WprjbWePu7Iy7uycent64ydbRSZJvaxsMTc3Q1TNCSx2XbqhuR2qNYriY+WCxcKUyXmmS1xg8GHs5N1PCfZiUE8OKyaNZP6uY9dPS2TItkyVjk9m9sJCL2wTm++ZTKSBX4sq+BSrYle3lPQu5eXQdVUc3cPv0dtXQa8t3CdR3c0+Afuf0VmoUoO9fIVBfxY3Da6k9tZ27F/bJ7w9Qe36nGP0OKg6tZ9vqBcyaPkXtS89WbF22CsCVUJrglaZ4pR9dqXoPi0/Hzj0ATR1zuvYdQa9BuowSgXDxDRM5SSMxq0CtjE/NKSIpI0+MPoeY5Ey1mC40OpGrV5sWUHpUf4+JwqdABz0CHPVUoPva6aqG7mkldi5iFOAk50yYJxuWTufh7YsC9Gp+EXi+e12vDin79c0jGl8+4JdXEo33+PV1ndyu4dXjizTcOSqGvolrh8TOd03n5KYJnNw4gct751EtIL99ei03zqzj8skVnDuwnJ3LpjCjNJe8tHgCRMDcbEXQHM0IczCSRN9Z/j95nN27lBpJmu5cO0h97Tka5O9peFTDk0c3efigitq6y1TdvMDJM4dYsnQeM2ZOZsrUcTg7WKpAHzKgF326d6RX1/bqsLXvxcRb//gl7Vt/TceOLejX90dGjeyEnm4n2nT4B106foGxdmv+Nl1O2KnyRZmtFselsGxcFhum57FvXhFnFo/l5rIynm8qlvRIgHpHgPv6APx2QVlAVQi1Q0As++qXwbXpvDucz5s9Obzel0/D5hTeHVKGsk2SEKhWCFyfCqTfyHNQpuI8C2/3ybEOShyS27vlP7cOHgjQ760Q4Av0b8prXlMAPl624+QKNFX2SxJxW/bfE8jfmctvFZP45dhoOUSKwFpOsHPZcngBeLU858pYeW3528slLpYK1Av47VgeXJK/qUoSk8uTeXdkNJVzfFkTOZxZHj2Z5zuACe69CRmlLJX6DV0E5O2+/A86fP9PtXpe6T/v1OIzgfkXEp+rxXEKzJX9vdp+h55mn78cXrVv9ybSEgOJj3UiMNACHx8bXDztMTPXxsxIE1srAyJ9vHC0NiQ3NV7tSx+dlYqHux1R4YH4SyZuIQbg7OnBCGNNdUY5fStD9O0NsXR1xTs8CLegAPzlZHANCMTG3ZmIzBJMnV3Fwi3oqzWCocZWWPv44BMVJ9buj423wFYuGFpmFnTuOZhOXQcJ1PvQvmsfOnUbSOeuQ2jdsZ+Yel9+6jiALp0G0b3bAHr21qRPv5H07D+S7v206DNIGdZmyoChVgwdYilfNEe5aHliaOGHvnUIulbhWAvQbVxSMHNJx8w7G3u/0bgHF+EXXkpgVBnBCdOITZ3HtJm7OXbu9/nGzxzaxsQMb4G5DUVKk3eoFRFuugLyj4DupvWHpnfF0lU7fx/KFLLxAnS1wv2jIWtK/GFY2vvm9IxIS7U5vLmpPE3Ziklniz2PibVlZqoT87PcWSYX/hWFwawfE86q4mCW5gYwO9WDVF9t4tyGEeuuRbyXNrFew4nxGKHejvPWIVp+H+unK7BXAG9AQoCehKGAX/7OQNkGG8vfqlTkW6ggb+73V29HWH2ygMvvMP9XoCvN+DbMLInk9rWmquDGN42s2btGXRs8sjiI8EIBVaGf2GoAEfJeogVoStV6dEEUkcrqZ2KpYXkhhOYI9PPDiSsRgy+NI1FgnjQuicQxKaSICKSPG03GeImJ+Ww6sI/nTxu4U3GF2upa7tXcl4viGY7uPkht7SMV5g3Pmyz90eNn3K97zI3rtZSfOc+5k2eprrzDjer7XLtWT/mluxL35eJXw4nT1RwSQ99z6BLbD1xg5boDjMsrYG5mPFtXLGPDmq1sWLeZDavWsXrBQhZNHsfy2XNYt3gpG8XWd2zczp7t+ziwbR8/b9/N1o1rGT0uh8TiFOKK0uR9pxIl7z2wMBC30e645nnilOWJS4YP3pny+Yh5pZakkFaWIQlMUxfbzg1rCJFzNsBkOH6mWnjJeelqboiHvS2+nl4ESGIdGBJJQEgEXv7Bcv76YO/mjp3aX+ypFoPZCewtJfE2tbLD2NwKK0tLSfBdGJMZxfIJGWyckMi6sZHsmJHB1qkpLC/wY/fUeE6tn0jFrjkqfK7snc+l3XO5uHMmF7fP5JK6f4HsWyjmuZwrRzdx+/xe7pTvpe7ifuoE2HfPCdhPbeXmz2u4vkfMft9ybhxZy91TW6gTkNddksdd2ifw38PtM9u4dWIz5/esZtm8GRSObepL/7R4LqtoAnHp+XiHiHHautF/qCHd5FoxWMsEcwcvOd8TiBeAZxaOVU1eicz8MeoEOKm5xcyYt/hD0dsOSbpivKwIdtAn6BOgKyD3sNYRmBoSH+TC0tljqL1+mhcPrtP45AbvnoudNyjgrufNqzpePa/j+ZO7vHqqDDe7w7OHFTyvO0XD7WPUXdlO9akVXN4/Wz6vWQL3hVQeXUz1iRXcPL2Ge1f28eDmCXVe9hcPblB34yrVl89y4cQBDu3aKN+lVZzev4EbyqIuteXU3b3AvTvl1Nacpe5OBQ/qKrl1o5zKq6eoqDjKhYuHOHpsBytWLVAXuQmPCFLD2FAHE32tD0BvhroysUy39i2xMupDXOAwytJ0mZitR2GyNmNzDdm63JEL+0P426z8WGYI1GflxzO3MJnFYzLZMDWfk0vGc3vjNBqPiCVfWyow3sxv744IfMslLkmclPsC4UaB8GOx9fvymEtTVfPlnED4iBj5qTFNTei35B/0YK1olsD8NwXm15Syhqb47bLA/LgcR471fBvULW8yc8Xgq2cInAXK5ZIYXJekoEbu35z+HuwC9UeSSDyT134iz7kvj78xTX4niUO1PPaCQP1MHm8PpPBsazQP1oVSvyGCZ9sS+PVEcVNT/1Wlz75EkoEsKme7sDlxFPl2XfAc/iO6Pb6nZ8vPaP/Vf9Dmi/+P9t/8U21y76jC/HM6fveF2HqTmSuG3qPNN+r+brJv97YtfzI++jETyxIoGR1FXkYoyfHehPhZ4+drh5+YuonZUHT1B2BmIV9WOZFj5Z8bI5GWGIOLix2J0WFY2xji4mCKnb0pBubDcHR3ElgaYS5GH5+TKVAeRUx6JqEp2TgF+BKWloGdTxD6dlaYe7jTQ7L9Uda2aqW8U3AisXmTMXN1w9LNBQ0dPdp36Ud7gXdHgXe3HgPp1muw7BtAGwF5yw59aduhN50F9t26yWO6DFGBrq1jwih9MzSGGdJHw4ie/Uzp3c+YETr2GBp7YGzhi555EEZWIZg5RWBqH42xSzLGnhnY+uXiGlyId2ghQZFlBMVOZdyMLdysaVrF6u6tShaMTaAoxvZDFApwUwNMCXERcLvqqDAPcftjNBu60uQe5aOvRoyfIYlBpiS/B3qzof+hmj3KWq1Wz1KL1iyaIC7R3A+eHGJMaZwl89KcWZzjyYoif9aUhbKqJJT146JYUxLM6qIQFmX5UBQqUHbVJNppCDEuEh6aEsOI8xhJvIcW0Z6yFbAn+Iqt+xoQ66vAXZd4PzF7idgAAX2QsRi8KYnB5mp1fjPQ1e379dVVmEfa/QHon0J9zqRMbl6/1DSDVs01smdkE600l5c0mXakMklMkV9TJXthgMA9TB2KFl4YQWiBAvMIgvPkgpMfqja7x5XEqJPHKPOqJ45NImFMIsnjlMVTxHbHZwrQCzl/7RqPbt/hypEj3LpWw93KW5zbvo0jm3bysF7pQ3+lxrOGFwL0F3IBfETV1TuUnxVrOX6Gm1X3qKqq52rlPbFzAf2lWk6dreHo8avsP1TO3kMX2XHwIhv2nmexmHpJrEhJZiwrBdxLFi5izcKlYmsrWDxtOosmTWLJ9JkC+CWsX7GODSuUZX7l/uxZbFuzUqx+BVli6kplu1rhXpJIaGEkPnkBuI/2wjVHIssXn5wgAbq8dxGflNJMZq5YoH6mM8fmEyBJube+Jl76Q3DR08DJRBdPBzuCJLGOjI4nLlGZZCWd8LgUtWk5RJLusNhkMdIM4tNzSE5JJT4mhpiocNLjI5ldls2aaXmsm5zO+olJ8t0KZV6GBysKAlmU5sScJGeRrjTObZ3GhR3KwlgC8J2zKN+mLGU9ibPrxnBy7ViBk9KXvoQLB9dzZPsyLh/fxu2LP/Og8riA+pBY+H7V0G8dEYPft5gb+5dQI0CvOb6BO2e3qZZ+v+JgE9TPbqfm5GY1ronRr1o4i6Lxk8kXI1cq3HMlsv9/ut4CvKprXdjdz73/OWfvdu/uClYswV2CBIcQIQ6EuLu7rbi7u4cESAIED+4uwd2KFWkptKUt3fWW935zBro559yf5/meuZKshLXmmnO83zvGN8aQx8k5pYRqlGmqgSwwXqaa+UTdhSw0s1a/FxyToi58o0x1S1cXuJEoKKN19XoePOxJ5B/cuUl2jB9B9osItDMiwN5IhbmPrb7AXEIZMxdD97E3RhPoSFlmFMf2rOPLR1fFznt2O/vu2W2+/Ow2z5/e5sXz+3z71SNefPGA758/EuA/4dvPLvP46h6e39gnsZPPru/k6ZVtPL20lWe3d/Hsk/08FcP+7M5Zvnl6TxKAz6Ud/5Kffnwp1+43/Pbrj/zyk1Ib8pWAWv7Ww5t889VDfpYE4l/ffs7Txzd58ug6jx9c5ZMbZ7h++SjHDq7nyIF1HN6/li1b2mhd0UhMTBQZGclERQQxd9YUZk2biK7OOBXkY0doqceJo/sT7qtLR5Upp7q8JPEI5253mCQdwdw9GcKDs4ESQfylvTiR1jxlLnosq0tT2VKTzun2PJ5sK+L3awLWH85JqvRAwHtLTrPyuFviGK9+3Clm3tnTbf5Mjl+uE+DK828JKK839Gyy8kmzulc5j9by6gcx8T+U6THKFphKV4rSaH8pf/eamL4Y+svd8qUkB4/k+Q/lRrklv39FYN6d3tNd/qn8zS87ePV1G69+7pIEQGz/X1vk/1/Rsyf6V5JQfCZWf1fM/HKGPF/A/kWzvOwyXu7T8HxjEC+2RfDz0YyeQjzF0s/nwxkx9iNJ/LA1kFOFlmTajcNmRn90tN5n2EfvoPXP/0Lrg3cY0ksMvd976pj5iL7vM7zP+4z6+AN1GtuIfgrYP1ShPk6rl2Tm5v8L6Du3rKK2NJGWmiRK86LJTBaoR7oJ1Jfg622Hh4cT8410mbdwMsEBXni4OhAfESI/cyEkQOzJ3wWrZSZ4OVphYjYXJ1cbMXZPdUe14GgNBosXCcSdcQ0IxDs6GaegENxjknGPTcDY0YbpBvroWViLyTtIAuCES2gMfppMbN3ssfMKENu3FCOfxCCB9rBhExg1agrDJ+gyaNQkBgyZyMAh4xk8ZCzaQ8cydOhExk+YhdNiKzxs3UiIz2HWXDOmz7WQJMCQiZMWsWDBMkxNnSTx8JT/1wtz60BMrYPQtwvH2EGDpQDd2isDB/9svIPzCQovZ+vu068LX75j74ZGCqKs1Xgb6DkC3VjPRT1Ad9Qj0GkeARL/E+hvj6O/DfQEZcraa0P/E+jhCsxt1XnlKaEWaiSH9Bi5AvK4IBN1LDxejnmRlqzJdmdtpgJ0L7rKQyXCxaAiWZvjR1ngEvJ8zamQ11oYYkGUzTTCbXUIt59EuMM0ol3mECswjxVTj/fUI95LnzhPfTF4MXYvpWveUABvoJp7tJ/A3c+YaF9TNRS4Kz0MSihd7z1QF3iH/hvkSRE2/63K/eDuzp5z+tMPbNq/mZgyDTElMcSURqpd5rHKFqRKVXthCAECC1+xdd9cf4Jzla9D8BczD8gJxF/pcs8NIqYgsgfgci0nV6QSX54ofyNWIo5oFe5KVftavhE7//TSVa4dOc7jm/d4dP0TTna2c3j9Fl58/SM//vQL//rhJxXoz59/x6PHX3Hv7hfcuvGAyxdv8FDs/O6dZ9JQCsyv3OX85bucOHOLg4cvcODgGfYePsfeI5fYfugSG3Z0U1W5kqKoUFZXldPR2kZbQzPr5bh2+QpWVdXSXFJOu0B9besqOts66WhopDk/m47yAra3rxA41Yula9SV4cIKY9TV7/wlsfHOC8AtxxcPZcpaTqgYfDxxuUnE5CWy+9g+9dwmBbnjaTwb14XTcVowBVsJBwXojnYEiZnHxKeSlJlPSnYBCel5xKflqF+n5RaTIzArLS2lvaaQ5flJ1OfEUp8ZzoqcCFZlB9Mm57452Z3mRBeqJJnNl+sgy92IlmQXjrWnc25rBZd2NXB5dxOXBe4Xt1ZxYWs5ZzcUir2X072lmvOH1nH64GaundrDrbP7eHD1CM/vn+WZgOrLT86Ipe/h4akuHnVvUWH+RBlnl+8pXe1PLwnUrh/jC4H6Z5f28vDMNh6ckeed6eLGwTWsaakTqL+ZulZLRlEVcfIefcM0LLb3YKaeucBcnxl6ZljayXkKihZ7z1bnq6sr070G+qHjp17f+9/T2VqjQlwJBegBDkb4S/iIofvY9BTDqQVxAnUvWyNCxOC3ra7ji3sX+OrxFV58puxZfpPHd7r55PpJ7ty8wOcPb/Po/nXu3brA3WtneXr/Il/cPiEwXCcJyga+uL6Lbz89ztd3j8m5OcFzsevPH97g3OljHDq0nyMnjtHdfZLnz8T4f/1JLdZVOmKV3thff/2Zp08fS1L6KZ/cucwTAfvTJ3cE8ALzh9e4efUkV+W879zULEllIVvXlrFxbS2NjaXExIbg4myLk/1SzIz1MNSbzezpk5g2aYy6dvuYof0ZoawEN6IfScF63D8Zxv3ucM7tDiYiQJfqPFe2dnjSVOYnTPHlLx1yA64siBM7j2FtaQKHl+fyeEc1r64KjL/aIvAUEP9wUQB6hVc/HebVy128erFdYLlRuLy8B+D3BeR3FZiuUMfXXykGfEt+9o1c8F/v5tUvZ3jFE2XClpwBBeRKFvZIQkkSBOh/nJe/L1B/trVnfF6pdj9f3FM4d0qAfu21oSsG/qiBV/9a37P/+R/He6z+cYuY/Sp5vR09pv5Qnve4gT+eyWv6ReD/nbymu/X8frmMPyS4IjC/WCL5SaEYfBLfdwXx7QYvHq10YUOsAcGGw5k7shej+v2dQYqhv/8OQ3uJlff5pxz/odq5Mo4+4uN/qFXvCuSHKavIDVSA/pHa/X7p/Nk/YX7v7k2qi5NZVZvDmuY8GqtSqClJJC89lLhIFwK8F+PuZYWTu7Iy0jQszObh5mCt7tHraL+EpLAgdY66u6MlLg5mmC1dgI+3B9ZONnj6+hASFYu1qz02LrZEJiWwyMEWW98A3MUElro7scjehdG6M7H1CcPRzweHwBixZFesPVzxF3sIiM1gygw9hoyYRH/tcQLuUQwVoA9SQulq1xrHwMFjxdDlqDUeLa0pLJgxC8NpM5k20wJDIxd0xc5Hj5sv5j6LCZP0MTBcisUSN/RMnTFc7ImFlQ8mVkEYWoVjYh+NhUscVgJ1e78s8so6/jxXl07spirF80+YvwG6YuZKZAnIIlwX9hTDqQVx81So/98sXR1DfwN0sdy3gf5m6VZ1M5Ww17ujvYF5UI+RJwaZkRighCkpAvUcMffWFAfWZTqzsyKEHdXh7KqPFVMPZUtpDKY62kwa8BH2c8dTI+ZfIL8X7zSDMOtxRNlPJs51Fgke80gUmCeLkSd765HorYB9IXE+And5rPHWJ1YxdAF6jP8igbkxUT6mEsYq1JVQTF0TbN4zhq4APczmT6Ar0VSdKtfdNfWcXr17ldzWXJKrlU1NEogr1ahd5fFlsWooj6OLowktDFYruD1zvQXqAvHcYLVALEDpbheYR+SHqTBX9iZPrkwnSYxcUxpPVEk0YcURBBdFkFabxZ2HD/j2xdfcOnOKq4eP8ujGbe4K3M92bWBvxyZevPiZH378RTX0F0p3+/Nv+fTRCzFypYv9M64JwO/ffy5A/5ybN+5x+cpNzl64zfFusfNT19h/+Dzbdh6ma/thtu8/w9b9F1i96QgVRXVUp8Szub2T1U2trF6+kpVi6C3llaysrKaltEweF7JWzLxjeSvLK8sFopm0FWexojiVhqZCQnJDCcpRqvkjCClUtn4NIkBs3S9X2WwmGo2yG1xBKjG58ew6spsfBUA+SwxwN5qJi9y7DvMmY6snYF9sjLe7OxGRsSQK4NILK14vwlJBVnGFALCaouoGKqprKc2MJ9rNEnuDKSydMw5v0+kkuS6iIFiSWPlc0/2XkhO8lFw/U8IsJUFcNpfWDA9Orc/norTVl3fUcnFbtRh5mQr0s5tKuNhVqR6Pb6xiW2cTKxvL2NdZz+mdLdw+s5XPbwqc7p3l6/sXVHA/Or2VB91beXhuu4BbrPX6QZ5e3SePd/P0xnGe3pS4doS7Av6H3ZsEhJ3cO7mes7tW0tJYR0mNJODynjLFtJWFbVx8QzBabM+0eYuYMscQfXMbHDyD1HF1ZXxdqYJXuudXrN3Ig0c9Vn7+5BESA50IdjDuMXP7HpCrIXD3tjZUq9vVCncbQ9XOle72ssxoTu/bpO6S9uST02Lpl/jy06t8dvs0Xz+5yY9i4y+eP+bZZ/e4eekkZ4/u5MqpXXx6cS/XD6/l6tF2Pr+9l5dfnOe75zf57tsv2LBhLUmJiZiZmWFoaMjcefOwsrIiLS1NrtN7vPz+B3797Q91mu0PP/wo1/BXPHz8iFsC9PMXj3Hz+mkuXTjCjm3t7NjSxMZVZZJE5tAp7f/6lSW01hcSFx2MnbUllmYGLDE3UrvZ5+hOZvK4EeiMHITRlDEs0hnLzNHaTBYemc0ZSHuROTvbfXG00WfUhDnS5s5GR9eAydMXM3q6CX9ZXZrCmrJE1siN2iU3+7nWdL7fL0C+2SR2u5p/nWzi6z31vDzSws+nl/PbiUp+O1XBL8cK1T3Of5fgqgD1pgD8vkD1psS9Tl493cMf3x0U4B4XoF+Wj+upZDOPBOxPeyxdNX4x9Ve3JWE4KkbdKcBtlv9DjHpPBi93JvLN1khe7orht7N58jQx7sfNPePqn4nBP23vqYy/JkZ+ReKc2PZlibvyvEfyWl7Ia/hRDP5fYv2/SQKiWL1SNX+jFs7Ka74gCcOZPF5sDePTFnv5c24SLpwqsiTLbirzRvVi/IB30frob/T/4G9i5x+oQB/W5z11/Hx4n54ueHUcvf/7AnilQO4jgfoH6rh6uF/PghO//voLrbUFVBXG0SoNYVutWEFDIe0N+dSVJlMq39dEOOPjZoyXty0e3q4skEzf1GQujnZi7+6uhHg7YW9lRJi7HUsXL8Tb05EAfy+Ml5mSmJGNvwDd2cOZwKgozG0XYyOJQZJkvSY2SzG3W8a46XOxdA7ExstX7KKYyMwK3MI1OPm54OjmTeOqbQwboSyvOJp+A4czaNBoBg0Zp67MpK0toTWWIcPF3IePZ+iQSYwdo4uN0SJmTJ7LeF0rFsxzYpbuIkaOmY32yBlM0tGTxMSGhYaOGBs7Y2zpitliL+aa+2BoI4ZuF4GFXRQJmY1cu/VAPU9fPLpLR1k8JVG2Ylo2/wvmuWLmOWKkadKwKWPnfwL9NdT/p6W/vcBMhNKl/RqGbxfEvTH01NervqUoC78oa7wrVecCdKUqPTHAhATfRST7m1Asr6sm3lGdDtmZasf2Ql/21MdwoC2TrkoNpaEO6Gj3ZnBvSfI+eo+wRTpUhi6hRFkpzm0WGnsdNI5TSfWYS5rXAjJ9Dcjw0yfVR48kAXmK3yIS5XGinyFxvkbE+iljg8aqpUf5mKjvIdrXRA0V7Eq1vLJzXOhrqIf3QP3A7nV/bqbStnMFmiqBdnUsCXKML49VrTy+XIG6hqSKeDHtZDQlsYQrm6eoS6R6qXuVByhbmwrcggTqoQL36KJoEuW5iRVppFRnSKSphh5VHENQobJzWSDbDmzhG2ncvnrylCvHjtK9tUtgfo3b569w+9Bhdrdt4KtverraFYtX7Pzxp8+5d+cp16/e4erlm1y7eosb1+9Io6gsEnNV4gpnTinzzg9z4NBJjp68xskznwjYL7J5xzE27T7Fpr1naW3bRXF2Ieuam8XEO2hrbKW5opzavDyWl5dRm5tNS246K8uLaK8VwFdV0lxWwsqKQirTwmktSSFNEpSAnABC8kMIFpgHq1X9YpXFcT3r0ZfIuSpKJTY/URKXu3xy9TJ+FgvV7nYV6GLndosW4C73XUBAIJrEVNLyStUuaWV+dk5pNfkVtZTUNlHVvJLa6kriva2xnj0O86lDWTZrFJ6GkwldNhuNswEx7iZEupsT72lOkstCoqxmUhBixe5GjQA9jzMC7bMbSji9rpDutTmc7Mige022HLM4v7mM/e0FlCT4kqIJoS43hs0NWVw6vIb753fz/NZxnt85wxc3j/Ho3A6x7q08Ob+Dz5Su9st7eHxhJ4+UgjnF0m+d4nb3Lm4e3cDtwx3cUSrpj6yVz7SDw5sbWLW8mqbaCmoqKkhOycTRPYD5RkvQEZjP0jdXbV3ZQU5Z810ZM1cK5z59/KSn6O3LZ9QWJBPiaKLC/E+gC8SVcfMAO0P8rPXxfQ30t+08yNVSLDWOq6e2i1mf4XOx8ie3j/PwykEeXzuo2vovP3ypdos//vQOV86eYOe6NnasbWKPJDoH19Zx/mAH3z69zLdf3OH44QM4O9gxZ8YMJowVgek/gGFa2gzVHsKI4cNxc/Ngz17520+e8eNPv6pJ6cNHn/PZ55KA3vuUU+dO0H3uiLr987FjO9m5fZUkljk0SttWXxRHZU4UlfI5pMcH4Oa4hKWWRhjrz2XC6KEYzJ/JvJk6TBs7FP1hAvBxWjjOGEOMrbQHtvrkS1tQH+NJiL0po0bpMGSkLoOHTWX0JAOBuyHDJf6yRiDTWZ7A+tI4uuQmP9+azIuN8WKtiXyqdOk0y8XRUMa5llIerC8Uic7j1spI7q+O42FnNE/XR/Nydza/nawQoDaKYgncH+2RT+kE/H5TIP5QgCrg/vU2f/wgJv7zJWlpBPS/nesZS/9qD79fa+XX7hqe7cnjUVem5APxfNIeyZ3V4dxbE8qnG8J4tj2OF3sTeHVa4H6rqqfL/Hql/BcC8JvK3HVljL25p0DvmRIC/G83yGvY31Nw90Iauccr1ClwXCzmt6Np/HQgkS83h/DZGk8er3TiTsMyzpeYUuo2GeMJvRg3QAz9w/9kQK93pJH+hwp0tcu933sM7f2umPp7aqX7cKX6sO8/1b3SR/Z7X47/xN12qXqxnjy6m4p8DZUC7kZJnlrK08QWsmmrKxBLKKa5JofiPLGeWFeBuli4x1LcfV1ZaKbLggWT8HZzxtnWAl/Hxfi5LMPBxpQIPw/sxNa9/T1JSEnD3suVqLg44pJzMLO1Yon1Upw9Bfh2ixk7Q4eps+fjGZuAf1wiSaWrqFmzGxsfH6LSCihf2UV1w0b69R1Cr77a9Pt4CB9/PFwsfQzaQ0cxcKDYugL0YaMZMmSsAH0cY0ZPwnzWXBZMkItpzBz051sK0A0ZOVaXMRPmojt9EfPkewuMrDEwtsPIxB5DExcMlvqzaFkQpkuD6FjXs6HNj/96ycFNyymLsVdhXhxpQ5FitpE9QFfNXGBeELFMoC4WHWBJoKNA22He/7L0N1B/u9L9TZf7Gwi+vezr21Dvgbllj6EHvzb0AGMVrBqx5wz5ujnNgzVZvqxKdaMzw5mtRX7sFzvf35IuIbBIDRIzn8CE/u8wXhI8m6nDyPY2pirenuo4W9LEzFNdZ5PuOpMcnwVi74bkBRiQ5beANF89MuSGTQ9YRFrgIpLk/04I6Onqj/VXCuVMifYx/l9Qj5Gf9yw0Y0VTVQr37/RY+ZnrJ0lpiiOqPJTo8khiKiKIqYwgrlzpMo+SY7TAOE7gHC9QF0iLpUcWh6l7l3sL0JXFUwKyBGgC9HCl6r0gSkCmUcfNU6rTxcQzSa3JUAEfXRwrvxeiPv/w8V3cvXyN54+eceXwIY52tHL92EluXbjG1YMH2CVA//abf6lFcc+efSvGdJ3L3ee4fukG57tPc+b4MS6eOcuV8xe4dFos51S3+vjQnn10tLbSuaKFNS2t7Ni4WeDezf6jl9m65zQbdp2kc9sxauvXCMSr2NDWIRbUIBZeRVV+Lk0VJTQW51OfkUxzfpbYegFNxXnU5GZRnZ1IdaI/takhrGgulOQlVExdgJ4bRJi6V3sUscVKnUAyMaXKPu1pxJWmquf54NaN+JsvwMtwFm4LdXE2mIGr2Lmf3LcREdEkZ+SQKTb6BujKympF1U2UN7RSLUAvyUmRhGAO1rqjWTZjhBj+WLxNphNqq9RayGfspfRImRDmaESM3RxJChdQn+TGwRVJHG3P5FiHtM9r8unu7AG6AvMzK5M435HOSfn55vIoSuM8SYzwJEsTxEpJTk5uquTmsXUqvL+4cYTnt0+oc9IfHO3k0xMbeHx6E4/ObOGBWPu9U1u4e24Pd87u49SuNVw5uEEtsru0rYZbStHd3hau7m5SewKOrS5lb2sJqyoLCAsOZcGipUydb6JWtjt5BxMen64Wwq1au+nP7U13bl4jybcZIc4mhDqZqqF2sytFcDYGaigw97HSw2fZQhXo6lQ1gboy9zxCkqGWigyuS7Lx7N5pnlw/xIOLO7lxvJNPJEH5/puH/Pj9c+5cOy9gbRJ5CiPE0xl7c0McjOdRnhLOldO7+ezTW9IOF4olz2DaJB3Gjx6jrvr297/+jcEC9f59+6GlNQQPT186Vndy6tRZzp67xK3b9/j04ROB+QMx84vsPbCHvXt30NneTFtLGaX50eSm+pOb5EuuJFb5Sf6kaXxYZjaP6ZNGMW3yGNXKlS72CRNGMHHUAGxmj8VhyhCMRg/CedZY8r2XUBflTEuCu7Q/EbhbWTJk1HQGDp2iLv41euIC+gyeLEBfxF82VCexqSqJHbWpHGhI5/rqHO53ZHK5IZH9krFuyk1jY34eW4sL2FkowG9M5kxDDCerQrjcEs2lhhButkbx7YFyXl1uFWDuFJieEYAKvH+8IQAXmH93FV4qJi4A/0XM/LdLvHqmjMEf4A/5nW8OlAjI87i9LoNzyyM5XhPIseoAjlZ5013rzfl6T/l/PLnTGcbd1UE83BTJd6dLedldyK+XBeq3mvjjxUZefb6qB9p3lO75Bl59t0Ut3uOVJA9fy0V0X5lm11M1/8fJNL7fHcmj1Z7caHDmTLG5hAlHsvSp95yM+eTejO0vQBdDH9jrXQb1/rva7T5UDH1o3/fVIjnl65HKvPQByjj6h+rGLT2btvTi9MnjfPft19RKolQuH2pFgUYeJ0kDkyGWnqta+lr5wJfX5FJZlkp2ZhgpCZ54ui/C1dMaB3dHjIym4iJZqp2VNOJeTlgtXkCwHKODfVkixp6alEBQZCiOHk4kScMRHBmHvacnkSkFWFotRldfhzHjRzJkzHgWOdpQ2r6V0tV7iCtuwC8hnoLmdZy48w3B6UX00xpKn76D6NdvsGSlQ8TMRzBg0BAGDxzB8KECc/laSwA/WGLE6AnMFus3mW2E3ixTySoNma4zn4nj5jBNjnNnGTFvnonA3FoM3Q5DI1sWGNhhYOJJdHzBv+fkn9pHY4YfpdF2KszfhAr08B4zzxeQF8rX+QJedfxcbNvffg4BKtTn/hvoAvKA11B/u9JdAfrbhq4A/X9aes/668p2qhakBC0mNdBSzFxg7iOZsbchGs+FYtD65AaZ0ZzgyOp0V9blurK52I9d1ZHsa5R7pTmVzRUaMv2WECUNb4K8niJfUyrFmKs1jvK+rClTqvQF0plus+UmlZ8HGlIUbExugB45AQvJDTQmX+CcE2pOZqgZqUpioYyZK+vPS8QoIJf3oQwfvAG7Rl0G1pz9O9eo5/Sbly9o3FKFpjqEmKogoiqDBeohRFcox2BiypXpZhFoyqLF0GNJrFQq1OMF1PHquHpIYRC+Yufe2T74ZwUSlhtGVH4kcUVi+GKoySIAb4CeXCWGXplKpFzjyg5qofLc8937uXxgH49uPuDqsVMCnBbObN/B/Wv3uHPuHJta1vPiqx8E6t9z8+J1Dm1ax+GtWzh35BhnBfindnZxcvcuTh3Yy+n9e+nes0t+Jma/aQtNlWKAxYU0CKSbahpob1nB1q7t0oieZcuuU6zdepj2dXuoKKujs3k5q1e0yf1VQ01hPo0lhTQVFlKXlUZTTrIcE6nN0FCRFEZFjA+F3hZUhNvRIkDXiIVHFMQQnh+lJjMRylx1AXpcaSIaFehJAveeCvdV5QUEWizAZ9EcPAxm4m46Hy87K4L9/YiLTyYtp1BstPJPoCtjzYVVjQL0FVQ1riA5wg+bmWNYPGUYTvPH4mE8BU+L2XgsnqsWfgU5mgrszAi2MyBk8QwSHPXYUBLOIQH6oZZkTgjQj7Vnc6qzgLMC9AM1kdJm+7O7NJTdlZGsyPAhyWsJeTHeFMb50iYJ6ZEVaVw7uJq7h1bx2dkunpzr4v6JtVzb08ydw6u5fXCFHDtUmF87sIqbYr+ndq9lx+paTmxrk4SgltPrS7i8/TXU97dwYWsNp1cXcLgxiQPN6SwXC7W1d0TPeAlLHNzxC9dQ39r+Z/f6Jzevkhrp09ONbr1QknSj/wZ01c4F5m/ArgJdwkupapff8bExUpd81QQ4s3llBXcv7eGuJCh35P1cOdTOxf2tfCGAf/H5HQ5s78TUYC59P/qQyePGM3TwYCaPGcXsCWPEmlN5/vgOiZp4Jo6ZJKY8kakTdRg9fIS66ts//vYOvT7qhe6sOczTM1CnHRYUFLB5/Qa6T53hwiWB+ie3OX7yBEePH+XQkYPs2LaRrs5WWhvyRdhSKcsKIS/Ji/RYZ1KjXAn1tmG+7gQmjRnMmCF91Or14Vp9GT1Si6ljhuBsOJM4m0U4Th6K57xx5PosoSnOjdWZgaQHuouNz2PI8KlojZguMY3eA8apK3iOmWrJX7Y2pLKhMo2umnT21qZzqiGDQ2KRXZI5dmSkUy8WV5Mi2W1aDmvTNGzMDGdvSQw788M4UBbOwdIwztTHCZQbxJI3wqdHxZSPC6y7BeCXxZIF7Hd3wY2dvPp0P78r3/vtijynC25v4MsDtdxZX8CZpkR25XuxI8eDs/VhAvAgbjYFcLc5gHutwdxbFcaDDYncXh3JtZYIjpR5cLE1gtN1vny1P5On+9Plz1ap0+NefdHWY+S/S+LwazevfpcE49WFnulwF4t4dSaT34/G82Kb/N0VbpwrW8rxXBMOpC1gc6QudR7jcJvTDx3t9xj8vhj6h++gLYauQHyIWLpi40oohXFjBvVSx9OHKAvMDOzFmIG9qSrpgdaWdU0C8mjKpGFQgK5YemVBHDXSMDSUp7JKPvD2pjJWNOZTVZpMVXkGCZJNe3kuwsXLmmVOVpiZTyfQYwn+bspGLgZE+nrh7mZHSKAP6ZpobOxNSU5JJik5U31+XGI6EbGpmNiYY2Kpj57eLOaZ6WMliUBiaSOdR29iHx5BrRjy2r3n2Xj8Fg6hIXiGJtFvwEg+7qfNoAHaDJT4eIAW2oOGM1R7JNqDhwvgh6KtNYKRIyYybtwMJk2Zjc7U2UwcP41J42YLzOcyU3chs2cuZP58Mwz1F2NgsERiGRHhaVy42FNp/ezJfTrFJstjHdR4G+gKzJUoFKArUSCwzRebViI7dAkxnvr4O8zBV0AeIBHo+G8zf9vQ3+5yVwD4tqEnvFlY5nWoUFfmfCtTwpRqcrHheG8j4rwM0LjrEeu2gEinWfJ4jrzWpbSlu9CabMv6Ai+2i/nua0hgjyS5u+qiWZsXSHuGB5UxS2nUONCe6S8NcAxN6T7kBy+hJHQxZeFLyPGaLzfqAvL9FlIghp7vr0dxiAmlkrSURC5Teyeyla1Wg5bIa+qBulLUp0BdeT9qCNSVhPHNv2MXjpBen0RSdTRJtVHEVwu8a4KJleQ7pjKEyLJACQXqoQJ0gbQYekJZAonlicSXxou5RxNRpKySphTC+avbkSqbkcQUitVLJBbHkSTXbmJ5ksA8RTX7eInI0liCCsIJkDbh5NEdnFnXxsUDh7h+6hynNq7j+KbN3Ll8hzsXLrNj5Vp1qdfHDz/jxL6DbGrtYGfbSnavbufg+g72r27h8LoODq9v5/iWtRwVgzss0N+wvJbKtDg87ZdibWaGr7Mb+alZcj/lsW71GnbsOcmm7Sdo79xNVU0Txbn5rGldIZbeSGNREQ1FuTQUiKkXiKVnJlOdEiHXnidFYQ4UB9pQJIl0noch9dIAJ1SkElXcU+0elhdDWE4EUQJ4ZVgipkRJhJLZ331IPee5kf5/At3TWIGwOQHuLkSGh5Mkry8jr0wdM896XQne0+VeR0ntcsrrlxMb4MGyaUPV8LcQM7dfiL/dIrxtxfIdzCUhtSLAwRS/pfOIWDaH+kRn9tTHsrcxRsCZKHBOEUPPFUPPZ0tRIM4GU5g3cQT6U8YQ7WZBQ34icX6OAk0TuaaX0BBvz87aWM5tq+fq9jruHFjJQ7HyTwTu18W2bx9sF+Nu5ML2Wq4faOPU5krO7elgz/oGllfk0FZXyME1FZwU8bu0uYhru2okEWjiosD9+Ip0thb6c0he3+GWLBpzEwgL6lkNbqd81m82paorz2fx/El/jof7SPiKfQc5GP27ql1A/uaoGLr30gV4WS38c6lXBer+jmZU5sRxfPdqPrm4XRKP9dw40s7JzRVcPLSCx7eOsG5lJdPkfLz//t/o2/djtLSHM3iQNsZ684mUc//4/i2OHNiN7hQd3n/3fXp/8BFDBg0W6GsxbvRYpk+bibGJBdN1ZzBFZxLLliwhPipGkspqNq/bTOf6dezas5tTZ89wQBLSrq71rOloZGVLhYhaIsUZAWTGupAW7UBypL0kcArQbfFysMBmkS52+lMwnzaWxbMn4LBgMs4LdbCcOg7neVOJtzPE22gaqe5mFAVZE2ZrxJTJcxk8bBpaw3UZMnIGfQaMZ+Q4Q8ZMNmX4eEP+crA9h43VKXRJnGnNobsxjd2F8bQlCXxi4ymMSiU/Kpfc8CxqJeNckRTDivgAlktWuzk7RuCewCcbqvjt7Aa4vlvsdx/ck+NncsE/keN1seZPNoktH+HVy4O8+kXA+vNF/ri+lpcnm7i3OoPLy5PpLvfjUo07n6+J4OtDudyo9+HB+hSurInmdmcMj7blcrczjttr4jmSbcvmhEVsSTLheKETV9fEsSvZktMVrjzcmcqrJ228+k2ZL3+aP37c+3qq3B1JJM7y6n4L3+9J4rudobzcFcbnG7y5WGnD1rh5rA2dRnuQDq2+E4hcNIQZQ3oMfcB7/6VuzqJsnzpYQrF15Ti8/4eMVuxcWWBmwIdqtfswsXd10Y47V6kqiKVSgXlelDQ8MZTlRVCSK4+LEtSK9xrJ9BsqsmiqzqKtuYja8nTKBeoZqf74eJniJpm1o4sVNsvmy4Wkh6ejLdH+3thaG5MVJw1NoCeubrZkJKcQEhaEh7eL/G4OPgF+mCyzwMXNCye/YOaa6hGdlo5vtDSIcUmkVdZQuLKL0/e/l8aqkui8cmxcYxg9Wpf+H2sxaJDS7T6IAf0HoyUQ1xo0TG6CoQwTO9dWbX0C48bPYPZcA2bOnM9UnTlyoYmdT53D9KlzmTF9HgvmG2MwbxEL9UxZtaLHHn/64SWHu1ZQGedEhVirAnOlq/0N0N90t78B+dswVx5nB1kS5jxHzHy2NHJzBeZz5abuif+/Sve3x9D/J9DfdLsnh0gIaJVIENvV+InJexsQ66lHjNt8ol3mCcznEOkwizB7XXl9ltTH27Ii1ZFtYr87a6I4sjKDXfXxbK0MpasoiBXJbhSFWBFpNRNXg4kk+i6jJMaTvDB7isXQ29LcaEpyJtt7AclOuqQ6TiHHYxbFQUZURC6W8+NIaZwzhdGOZIZZk6qsGCfvXYF6rF9PcVy4JBx3bl3u2ZXuxTOqpJGNq4gRmMeJPSeqYE+p1ZBQE0FcrRh5VahYugJ0fyJKAwVMoQLxWBXmiYqhK3CX5CBOTDSqKFLdFjW4UIkgIotD5HuhKtSVKWsRRWFEl0QQUyaQE8uPLI0SQw9XY8uWNZzduJpDK1u5feYyJwXop7u2cuXoWR5cucF+aQS/ev49D+89YmXNcrzt7QhycmdVRRldTbUcWLWc/R1NHGxvYv/KOvatqGb78ipWCkwyo/yYPWUcvfqM4N2/f8zoYcNxWGZFVkIMa9pXs2Hjfla0b6amronsjCy5typpX95Mvdh5fUEWNdkp1IihVyTH0pCpoS49koo4f0rCHMl20SPDTpdqJbGRhji4IFKNiIJ4ovLjCJf7N7IwTM5bhCQxiQL0g/zy88+ESMPsbzEfT5PZeJkvlOvQlkiBWGJCEhnZhWQWlqu7lf0b6FVqQZwyjl5QUU1MmDdO88bgMm80odZziBcb0/jZS8JmJ9eutVzbFnjZCuRsF5IXtJQdNdES4QLlKPY1xXFUTP30OklesrxYOnc8H/3jb3z40Qd88NFHkpz3xXHZEjzszAj1sCU31I7mJFe2lYZwdFU2l7dUcXNPC3cPr1Ht/LZY+w0x8ovbaji3uZQzm2s43J7HgY4SisTua/MF2B0tkqTVcUEk7FxnNhe6SlVTv7StWhKMJNpTnMTS47m8rY5zW5UlaDt4+OC+ep1ev3aTpuY2gbgpDqaz/wS6twp1fXV+uVLRHqDYuZ0y77zHzv0kvF8vJPOmy93LxpAMYVBXRzUXTnVxU8z8msD8giQpJzaVc/3Eeg5sa0Z/zkT6fPgP+vXthaHBIvr06SuCos1SC2N2bO7ki88eSBJXyshh0ub17qV2sSsw7y/P0xo8VO2ZHDViDKNHDBdpGcvCuXNws5N7UiNQr6pj0/qNHD5wgH17d7JhfRvL64qpyI2jOCuSFI0XmhAHsjSe5Kf4kBnvSUKEGzFB7iRF+BLlsow4J1MS7YyJtzUg19uSDCdJaoymEybXVJyTGV6LZmErsLc3msnwYSPp1X8M/bWmoD1iFoOG6jJstAEjxi9i6FgDhoybx1/OdVWqq8KdaSvifHMaWzO8aY3xoNjPlRC5WVxNzPC2ciHaXRoL32hyAoIpD/KmyN+LFXGh7C5N4LNdDbw6L3Z+bacY8naJtWLf0oifEVs+Xy1wF6D/eAB+PMTvL3bxx4P1fL09m8edSVwq8+KTRn/utwTTnWfJriQBc40n3cWOnK905VCeDTtTzdmb48jGGGO6NOas9p9Dm99stmlM2a4xoUu+v9xjCmuC53CwyJGfb7Tw8701vPpJmfd+RhnJljjds4DN1xv45VQRX24J5fP1XjzscOVM6WLWRMygzGUUZY7DqZCjn95QdZy81z/+iwHK9LW+7/3Z9a6E8lgBujJuPrTf+wz9WKL/B3SfPM5vv/4i9p1GTb4AvTCWqnwNFTmRFGWFSsRQmhtLeV6cWLtEsdhCaTor6sUiqnJoaSigUKwgOdEHH28THD3MsXFcytLFc/FzXYqrnQUBro6S6YVhK1l8Snw0WUlJOIm1JyYnkhCrYamdJX5BQYRGJOASGklAQiJeYuGazGwWe9njn5TBngs32XD0Gks9AnEJTGDM+Oli5cMYNHCIXPwD6dtnoDQIgxk8cIgairEP6C8Xen+5yLXGoDNZlxnTZjFNGXOaOovJE6YKzGeq35srkDfUMyI2UvOnPV7t3k9zdqAK8zdmrsD8zdi5AvW3Yf4G4m+DPUuAFukkIHeYo3a3KxHwGuZvwP420N8s/foG6Jq3tk5VutyTQ3pAnhQkxh4k3w80U1dvU6aPRbnPVxeCCXeaTbj9DCJsdIl1mCmgtpBG0UmA7qROW9tZF8X+pkQx9CR16lqXNJa1YthhS2djOkGLqdp9mDj0Y5bp6WJroEuU3Tzqo5exWuy3Pdef/IBFpDpPF6BMp9BPj9pYK+qSJNlJcKZIgJ4XaUdWhA0pkngoc+iV91BTonm98MYf7D65k+jycGLLo0gUmCfXJJJWn0yGJOapdYmk1GlIFAjEVYYTJ6YeWS5AL/EnujhUIB5LcoUYeoWGpLJ4UpTqdbFPZUpajMA+QuAVJNYXVOxPWFEAoYXK/uf+BOX7EagsQiOwjyqJIrwkEr+CEIlQ8psEBDs2c7CljtunTnNq03pOrO3k6sFT3Lt8g70d67hz4x43L1/Dy9mFcZMXM3maC35OfmxesYKDGzdyZPN6drc1s3N5HTsbKwT0FWxqaSY5PISxw4aKoSiWMo//+K93pIEegO6EKZTnpEniqMzrbae+cbncQ/mUSKxqaJTzVSAwyhCgp1GeFk9pUhR1KZHUpkVSnhhCRVIIBd4WpFtNl78TLO9bg3d2AF45foQpy9oWi7HLfRyc6yPv30+d7nfv8T3ufXJTwGOKp/k83MzmC5TMCPNxQxMVTXpGNrkFpWQVlqlQV7rde0IZT69Uwa5EQlwELgsn4Dh3BAFi6Elelmh8rYnwtJaEdCnBrkpIMudpwapcPwF5JBvl89tWE8nehmi6O9LZWxWOj/Fken/4Ibpz9AhLLiQyq4LpC0yZNHEyC3QlqQx2Iz/WkxWZvmyvjOGoJKHdnUVc3anMX2/lXFc1N/a1C8wb1AK7U/KzY50l7KqLZVV+BDmhct9maeiszZafV3BlSwkXO3O5srmYi1tKJSo41pZJmwD94KpMzu1d9ec+AV88+4Ki4iJKy2qpqqgQ87YUIBuo3eZe1gZ/zitXoO1nZyD39CL87MXMBeq+Nsq8cz01PK0W/pkEKHPQ44KcWN9Syvkjm7h4eK1cd82c2FjG8S1lnNrTSo2I6dRxQ+jf60M+fP+fDOjdlwF9+jBs8ABSJAl8/PAuX3zxiDJJ+Ab3/5j3//6uwP8jtbtdWaO9z0e9GK49jJFDhzFx7DhJIIcwd8ZUDOfPxsnKkvCAIDJTkqRNT6W6KJOagkS14C1LQB7itRhrC2mbPC1JjXEjL82HNAF6aowf6ZoQkbAIMiIDSFF6YATewYvnqVAPWTQNf8NphC9eiJP+DKYM6cfk4VoMHKRN7wHDGTJmJgPFzrWGC+DHL2TkRCOGi6EPH6/fA/SbkpmdXlvO6cZ0tqR60hBoTZ7zIvwNZjJ/4kTGj57FyNH66OraYWbgho2xI4HWTiS6uVETGcy+Mg3P9jbx/Yl1/HxaIH6+VSBey69H8/l+Rxy/nygQoAvgf9zP74/a+Km7mGcbNDxYHsTlEnsOpVpwPNuKS9UenKtyYXOMCdtSLMW+LTi/KooNyYtpC1vICv+5VLlOpdhmIqXLJpJqMowcs+FU20+mzkGHasfJtAfOo85jGieXR/L5iVJ+vLeWP37YB79LMvGzJBs/beeVMpZ+u4Efj6TzcLUnd1fac7rEklpvHTJshpFlO4Rcu5E4ztYW234Xrd7vMKTf3xnW/z0x9HdVS1fgrkB9xID3mTlWG4u5Y3E2mkRadE9l++kT+6griaNBGoY6aRyrixOoyI+hJCdaQK4RW4+XrxMozdFQkh0tgI8R8CdSVZpFdVkaxQUJlBenkBTnTYA0NK4eVti5WWFsPhNL8zkkhYUTFuCJj5sNOTHRREiC5e5uT6EAOyTIHyt7SxI0icQnZOLg60NezUoKG9Zh7e0lQHenpLUTj6hkAuKymDhFh+HDRzNcayjaAwcLuLUE5gPo23sg/fpoqV8P6i83xUBt1dgHDRjB6JETxMinMU1HV47T0Zk4lamTpjNFQldnBmHB4Vy8cLHHHj+7z7qaVBXkb5v5/627/X8CXTnmCXiVSPOXm8hOj0B7uVGUcXQJZTzd/y2ovxlHfzN+/mbK2n8rins9bU2BepJi62LmagGcv5G6eluY+zzCnGcT4TiLcIF4qDKX3GoyMdZTyPLUp0FjR32stZj6MlaKbW8pDWNTUTg1EQ5kiz03xduT5WOGwfihzBgxTBK/fowdPBAdrYE4SuNdEraMljQvVmb70pgmn0eYOZli67k+86mOsqA6wZrKZGdK450pjnUiL9qBTGU5Wjkf9z+5qp7XJ88fU7gyj8gSpStd7LkyQoAeQ1pdsth5KpmNmXJMEUuPF2uPFXtXoC+mXRogcPZVl3pVxtKTVZhLsi73cWpFMmmVqQJ2ZYGYRDTlGsLE5P0LfQkokmuxyBP/AncJL/zyvfEXuIUURxCqGHpJlLrfeGhxPAf3bONIWz3dO7Zyft8+Dq9u58zufVw7e5HjXV0c2raXSye6MTFYjKd3HlNnuDBmxCQK0wrYtWELx3bvZv+mjRzasIkdrQ1sqK+kc3kL2XFJjBsygv/6z3f4f//P3/iP//wP3nuvN6OGjZEEN1AS5AzqaqppqG+irLSMNE0Cq5qaaFQq3QtyqcvLpiItkeK4YCoTg6iM95Fr0pNyMb1sp0UkL55EaX64uvSrW6Y3rlmehIqlxxenEVuowTfbE89sB4KLerZKPiRW5i226WI6B2dLffydrIkMDiApMYmc3CLyxMyzJTIVqBeV/xk9XfA9hXLpObl4LDHEeuYIgfpYwqwXEOZiToiLpVzPpiJSi0nwMKUiyoHNFWF0FvgK0APYIgnaoaZYuvI88NEbqfYQzpi9gMr2bTiHZWLjn4F/XIEk6jrMlHs80GUJRbFedOSFsaMqksOtSZxYnceFLeVcEphfFKO+vK+N0+tLOdWew/G2PI6tKWZDcQjVyWKX4W7kRvtKUhHJruoEjjYmc2p5DOc60riwsUQFupIIrMsP4MyuVer5+f3331nbuZolS80wtxBI+8lnlF+KnZER7spsHRXUC18DWwx8mZ66cIwCc8XQ/V4XxKnPWab/59rtCtBDXRerhr5vUwuXjnRxbn8H3ZKcdG+t4Nyeeg5uKKUi1Q/L+TrSZn9AL4G1dr/eDB/YlwWzJrOtax0//PAN//rhW3bs2KGuxz5iyBDGjhwlx6GMGzVahbsC8wljxsrPp4ihj2b2dB0MBOiWJkYShiw2XYi12UJ87JTFoJbg7bAAC8Mp6IzTErkZibO1EWnSjpfmRlCYESaWHkxxTrpcn7nUlOXj62yDxczx+JnMxmPBFOxnjhX2TGTJjPEC8/4M+PA9esnr6COyNWLyPLTGz0V7vB5Dx+kxYoK+GsPHK4+VzW/m85crktWcbCtnq8ClI9adCh9zFs8YxaCP3uejf/ydvh99pGYrQwaPYPwEA6bMcmXm3BAM5jlK4+oolh7IuVUVPNnZxA/H6/njVAU/7Mng0aoAvt2bxqsbdfzxeCXcaeSb/TncqAvkYrkbF0udOZK5mD1JpmwOX8iWKEO2JZqxKd6MthgzVkRb0BJhRkOYMcVuc0g0GUPovCG46/TFacKH2I56B6/JHxAn30vRG0am0TDKl40lyWIMZd56HG6O4t4+MfFLDfz6YjN//HxYrjCx9D9O8urbLl7dbODbg1k86PDhZJkVDQG6ZNoMJ3XpMBIWD2fh6N70ee+v9H5PqXL/G8P6/ZPpIz7G03I6ZjOHE+E0kwUTBmM5ZxwjBvaWUOz8GC+/+YpWAXhdcQz1xRrqBew1JfHqYjJlYuwK3GuKkySjS6S2JFkeJ6tfV8n3q6QhLSlKUKveywX46cli1TGO+HmaqWPqiyWztbCcjZda7W5CdmwMmTEx2NuYk5WgISM2lmXSwMRFR5GanKHu0JaQmUvz6l3Ur9uPW0QkERkFhKTkEp1bKQ3AXHU6xlBtsZ5BYt8fK1Y+iN69PlajX98BKsT7DxjCAAllHH34sNGMHzeBieMniZVPY8I4HSYqu0VNmMwUnWly4U9Xb+Zffv6Ro9tWCZxcqBIwKfE21N+A/e3u9jfj5m9D/Q3Mc0Kt0LgbEWIn9i3hbzdbBbpi6W+g/rahvwH6mzF0pUpcGYOOe2suetJrU1fmmiswV5ZfVdZfDxczD3UUkFtPJ2zZNEIF5uFLJxJuMY48Dz0aY+2oiV0qpm7Hqkw3WtJdyA+0kgZ5IhbThwr0DamKlht11ijGDuqNdt8PGNyvrzwegN28CWR6mdKY7Elzuhe1ya5UaSQx8zck1X0WBYEGVMQspjrFgUqBfXmiG4UJjrTXZ/x7M5UT29TNVGLKwoguDRZDV8bIg4ivChMrjyejIV0MPYv02lSBeTyJVcoyrWHyO8Hq88OLA1TjjpFkQCNQT6yIVqGeXBlPamUSqVVJpEjElkarO6sFFfUAPbDYG99CdwlP+TqAYGXXtbIoQuV3g8ToA4piBfaxNK5ppnv7Jg6sauby8ZOcFIh3b9/KuYNHuXzwEJsaWrh++iIFafmMG7uAvr200Bo0hmDPCLau2ciJvQc4tH07+wTuOztWC9Cr6KgqJz8plWWLLPnwn33469968be/fiDX6FAsjCzIEVOqEqDXlpexfPkKauvqyExKkUS5hJaaSrnfCuSezKNGTL4o3k+SRydKwm0oCl5KuoMe0fqjCdMfSr4APChXjDc7BK+sYAF6jBh6EpFy9BbIu2Q54i0QVf61NlThIjC2M56D0xJjAt2diY2KJE0S69wSeb1lYuJKQZwy91yN/w50dT56SQWxkWHY6E3GYuIg1daD7IwJcjInxtuanJBllIQuoSXegfUC8/Ysd3XZ102SmG0rCSLCSpfJI5ValwFklDdRvfEA0wxsmCmx1DWUcTrTxUgHYbVwGsme5rTlBLFTkoGD9ZHS7mdzXsCnjKVf2d3K1QNrBfBVHGlNZW9TEjslGWzLDSY/0kUSF7mXnM3QeNvKfWKLt5WBJKHm7CgJ5Pz6fPk7RdwWS/7qyd2e9e1vXsdPmVproo+JqQEmJgYsMjYkThNLZmoqLtbGAuoFKqy91S51QxXonssWqCvCBdov6pmypqwQZ9szB/3NgjL+9iZEeCgbK3mxqaWKM3vXcnx7Iye6qji5uZxTklzsWpFGY4YPif5WLJw8mqH9+jBqUD+MdMewqj6fB7cu8eMP3/Py5b84eeIUIcHBTJk4SRLLkWLlQ9THCtxn6Ooyf/YsTAzlPRjqY6Q3V4W6sf58Zkwew8JZkzCaNwlr01ksFbteKPf81PHaTBr7MfbLFhLqa0NGvC8lWREC9Tjqq/NprCmlrbVeXRM/OiIY76WLcDeeiavRdNzFzu3lWjCcPkZEVahVYgAAgABJREFU8iPee/fvvP/hx2LhcwXohoyYZMywCYskDAXgC9QYOnYewwXoI8XS/3K5azmHGmrYlpcmcPZUJ7L3+/ADPu4tkNIaxPiRQ5k2YSQTR2kzX96A6ZxZ8mbcJbv2I8LFg/XZUVzsKOPZvnp+OFrON1sTeLQ6lC+3JcOZQjH2PH45l8eTdVE82ZDKpbpgTuY7sjfVku1xZmzWmLFS7LvJax6VrjpU+sygLnAhzWGmlHvpkecwjRiTkXjMHMSCwe8x+cO/MrPX35nf9x1MB/4Dx1Ef4TmhD8HTBxI5R5t449EUOM5Q5+xd2JzJq6db+e3Zdv747TCvfj0Kry7z6vvdojjt6kYwvzxYyWfb4ticZk5VwCzynSeSsmwEXovGYDilP24m4yQD15HzMgCfJTMYNaQXg/q8w0Cl6v31CnHDBn5IWVGeeiFvX9dIbXEUVSWRAvNYNaqLYigXO1e63qsE2NVqJKpRV5pCXVkqtXKsEsBXFoupC+QrChIpyokhKz2UhDgf/LwtcZasfZmtKVbK3r9yE6RHRaEJ88fD0Yqy9FSiAqTBcV5CQUo6+dm52LvZUdewmrYth4nNK0eTVUjnvks0y02/xM5JzHwYAwTiWoO0GThQS+1SV+xcgXmf3v3p108yxP6DBObaDB44nGHaIxk9eqxcrBMF5jpMGDuJcWME7hMmMmHyBDH2SczXnc7Fc+dVoLfmhf4voL+B+ZvudgXob8bO/5ehK+PnCtCDraRhsyLaTV8au7kq0APs/m3pgQ7z1als/3MsXbHzPyvcXwP97aVf1d3NVLhboPEzlAZUnyilm12sPMRWl+AlOoRaCswtJxG+eDwRlmOJUyxdrsuSEBNqYqxYme5KTbytvG57dAb2Y3Cff2I7ayzFAYvJD7Nl8YLJTBzRnwnS6CrXit3C0aS5G7I8w5emdG9JauzlfEhCE25Bhlh6mkC9MNRIrMiW+nR36tI9efzgZs9ymE/vk9+Wo9p4bHk4mgrlGCr2LVElUR1Jcm0saY1Kl3u6AD1NhXR8WYTAO4io4kBiSkOJLglTd0uLK4sWyEfK7yvz0pUiuZ7vJVTEShIQJz+LIrIolNDCAHWXsaBCiRJfsXE/gXsAEcrflb8fWZFAmBh9SGkSgYVxRJUmsHf3Jg6uauCU2M+5/Yc4vnE9p3ft5tbJ02yorqP7wDFO7jtCXFQhs2bYMEt3CWUFqZw5uovTh09yYt8h9nftYu/GrWxt72B9Qx3Nco+lxWik7THDaOFS9OdbscTCSRpFDYV5BWI8BdRWV9C6Yi2NzSspFpjnpmbQUFZCWY7Ye4kAvSCdooRg8kJtyA+wJMdTnwiDYYTMHkyM+QSKyhKJLoonPD+OsDyJ3FjCC6IJEbP1yfTFK9uHrmNd6ueREheBvcVClpnMx8nGgmBlGml8HJm5BeSXV6lj5G+A/ub4JhTAZwvQ1W1Ji8oI9HXHTEeSk8naeJjNFYgtEit2lcTPneVRSyQW05JkQ1uGMx1ZbrSlOlEuiWi50mYvXMBSy6VUrd5B667TzDZx4aOPR+AXlcn4GbPpLzAzECuNcjCkWu619ZKE7pLPsnuNGPrGCq7ubObizhXcPNTJpe316oyNvdUxbCgKoyrRm2h3S/yk3TFbME3tdv7Hu3/l7++8Qz+51r2Mp3NU4PnJ0Z4VCV++fElNbSVGyprkZoZqmJkbYW5ujJmZCUuXLsbdww0Tgbud2bweS3+zWIwC7GU93etKd7v/6+VefZXiMOueUM6LEoGOZhQlhbC+qZgDmxs5tqmGfe257FyRwV45bqxShlVcqE9WClRdKA6zI9XVhOXCqwvHt8o9dZ1vv/uOL7/8msOHD1NXV4+zg6MK7+k6k5k9cyZz587tWVjGQB9DvQWY6OujN2smY4drM2/qRPRnTMRRmQ/vZIKPizH2S6djbT4NSwMdXK3moAlcRl6yP0VpgZRkhkpbn8rK5ko6Vi1ndUcbazs7aGysJTk6BM8lC8XUx2E5Yxwm00czaYSwd8xo3n2/FyNGy/+pY8QYnR6Yj5hoLEa+SO1yV6x8yJi5anf7cNXQt61gf3U5q1MjsdabpRr54L4fM1RLGy2twYwcMYyRw7TRHvAxY7T7YzhtHI4Gc/CxsqE83I9t+ZFclEbm+Z4ynm7P4MmmBB5uiOe73Sn8fCCRf+3WcLs1gBPFXmxNc2ZvrgeHCl3ZGGfO9vRlrIowpMZrJjUeM2kNMWZFuFzISpe61USSlygxCYcpHzNJIDr0nf+D9l//H0a8+x9M/ue7TPvwHxgPeB+bkb1xHNcb72kDCZk3lAzb6fx/lL0HdJVV2rA965tx7ALSIUASAkkISSCN9N5777333nvPSe+FVHpHQbooil1R7F1nHB3L6zjF0amOXt/9PAGHmddv/etnrb2ek0ZOztnPvu5r73vfuzbOnpfPdfPHN+b5/ssH+eEfYugK0L9/RUnPUJcA+N0ptRreN9fHONcdTVW4OUmOmyiV3+trspyccCs8dumxftXd6G9agrWRFuYG6zDSXo7eusV1c20l433tErUz/+bDt9g9UC1AV8BdKuZdLlagZLaXMtQpkO+pFFCXMiymrjxWqsUplj451MzEYJNaTW5isIGp4RbG+hvke8Xse+plsKqlsjSZTDG7mLhQYhKiiZMOnZUeQ0S4D6015TSXl4ipe9NWVUpHfTVZmcnUirXPzOxnbO4YaYVFHDr1JA9efY/hPWdxcHBCZ5OO3OxabFi/UW3r1m5UYb5i+Rq5rmHdOi2BuXxdYL9Ja4s6tWm8bTvmJmYCdQGVgN1smzE7xNh3SkRrudMMO8sdOFiYL25NeeXZ/wXzmyC/df1cAfqP29UE5oqRdxcqU+4Cc7GTTgF6qxhwkQLqCFuJ3h0E6IqlK1B3UJtSClbNev+JwjI/blkTO1eAftPQ1ax25fS1LG8V6KUpYuexNhQKzHODzcgRmOf7iplLK/QzUluB7zZyvLbSJTavEaseKwtjojKS1kx/jDesYPWyJVhoLaci1I7dtfHMdhaqWcbBTtaYbFpOeoA5dcmuTNQlsrsxZXGmolKgXhEmg44fndliPhlODMog/uKVB24cpvJXzjz1AJXjYtRjRVSMlVIzVUvpeC3Zo2LFYlyF4+UUTZRSNVlF/XQDTVNN0poF6HVqRnvZYAGFPVkU9ypQl2BgoFytGlc9XHkj471UAL4IeiXxS2mlfUUU9RSome7KkaH53bkUiOHn9svjgUIKB+RnRuolkGimYrSZ4qEGCvuq1dKpXTOdPHbqIA/Pj/Pi5Ud48uQJnjl1irefe4mzC3u4cPIcrz3/Ck9deYHR4X0SADzC376+yofviCU+97y0l3lWKSJz8VEunDjNpWOnOTEzy8JQH221zRTlyt9a3khDbQetzWLEEtCOdHcwNTnM/P6jLBx8kEGlcllDEzOjYwx3tTPS1SqBbxV91Xm054TREG1PXfBOcm21STJZQb6/CS0SjJRLoF3aXSNWXk9hRwWZrXnqNr70ziyyunI58/Q5vvvnP0mKCiLc14kQbyfio4MpyM+hoaGRzr4BekbGBejjYuCjKsz/u90Eu1IHXWnNHV2kxYXjZ6VPoqcV5alBEtBlclTGy/l8dwbTHFmoC2N/c6zYejg9aW7URdswWpVIfGwMPh4etA/P8NDTr9Ezd5q+hVM0jx9DT+5TPV1dXCyNKQh1RJPozHSuOxcHi3j6aB+vPTTF6xf38tKZWd56ZD9vX17gsfkWziqzAfK3dpelSGAchYutGdpi+vcvX8kOa0e27bDgzjtvx8xwEyeVnU7HF3f2XL/+kmrkyhS7n78X/gFeNx574u/vI81XbVk5uWSlJpAQZKuujd9MeFOm1lPEbJX19exoLzLF1DMjvX4E+U2YNxYmqUA/MNbBqQMDnNmv4cx8Ew9JcPGgsu7flsxMfSx7W1Pl+ZVwXPrqqd0NvHntPB+88wIffvA6n33+GR9//CnPSX/bv28/5cVFhAYG4C4m7u7pjre3F/Z21uzYboCBMh0vzUR/M+625qRF+lOYohx1HUpBkg81eaHkJriSqebuuNNYEEpPXTJ9TVlo6jOZkED38J4xTp8+yiOPPsyVK5flepnTD51icmKUjLhIHHZsw8nMCFsTAyy3b5MxWmCtvxN9E1eBuSf6pu7SPDEw9ZHPeaNrvAh0xdA36dugq2/Jz14+Ps5JTTvt2Znq1qN1q7TQ190ig/t6sbYNAnQ9Vq5cxcr7V2C4YT1uFtuJcbcnMySQ0YJkzkj0+taRNn4rNvzbE3V8dq6dL07X8rsHivjN0UKeG0zhalccZxujONUSxgN1gZyqDeDBen+OVHtxoNyP/gRLmoNN6AizpC3UlFaxoAofQ4rct5JkuwmHzctYd8fPWXf7L1j9y/+D1p2/QH/JHZgtuwe7VUtx11pGoEA9YMtKIo21iHcylCjXXKK1Wt5/tId/fnaa7/+p7Ef/WK0h/4NSQ/5fYupfCOg/3M8P78/z5ZVWzg6lMVzsR7zLZpy2r2LH1tUY6qxkm+5ajHRXY6y3hu2bV2EqV0uDNVgbKtcNXHv+GbUi3MGZbhXmipGPyesyLtAe61YgXi6AF8j3VzHarexJr1Cz3pVs95G+OoF4o0C8Sc18V2x990gruwXyoxLRjQw00S+23tqsDGCJchMEkZGRQGJaAhGRHoQGu9NZV0thZgrZKdH01jfQWldNdGyo/Fwvs7MHSC/Mp6W3n7NXXmHh6KOk5VZga+8qZq4kvG1SmwL0tavXCchXqzBfuXI1a2/0gQ1aSqUkPbYpdm68XSLH7WzbYiRA38ZO6Xg7Beg2puYCc0scrMxxkuvemRn1Bn9gukOF+U2o/1Rm+83p9ptA/4/pdrl2ip23ZAdTGKVA3OaGmdvfaDeAfsPSbwL91uNTfwroi81PLN1PgC5fT3ZR183zIi3JDTUnN3AH2b7G5PkYUey7nSIvQwqkT+Z56ZPtpkdXqhsV4RZi6gHM1icwVBpGgqcxRuvvZefae8j1s6I13UMG3CimWgupSYsixkksP9yO3sJQJmoTfpyRWFx6CBeIB9OT50unPJ/eAl9OzyxOs1++dpGq8TJKJ4oF2gLMiXpyp7sIkn4W0F9A4GAWIb2pBPREEN6XSMJAlsC/lrqxBjFtpbpZCRldWWR0p1PUl09Ff9GNPejyPaO1KswVqCtr6qU3jkYt7s4X+EugIIFpaU8ZZdJvS5TH/WUUCQwUoBcMVFCmZMmPt1Ez0ULJUA1F/ZUUqKVgixhb6BZrmuDxw/t5/uJ5gfoRXn/yeZ4QsJ/ad4LXr7/Ji0+/wLXnrvHXbz/hr1+f4otPpnjr1Sd57ZX3efnaWzz7xItcOX+Fh09dFFs/w4mFBab7+yRA7qWlXmDe0ElTbQ2NVYV0C6wnRgbYu/8wew6fYWJ6H+1tnQxputg9PCSmLj8n3zNQlU17RhDl/jsodhGT3bWeaP376KhLEhsvJE9TRIFGrLyznNTGfBIb0olvTiK9J5NMTSbvffIev/rwfaICPQjxtCfEx5nEWBnciwtobWtXp9pVoA+N/yTMb20K8JXWNTBGe2cXJdkpVGdEsLslhwcl8DrRFE5XpAmaVCemKoOZrgiiRx5XhFhSHWlLa7IHKRJYhISE4R0SxfyZqxy/cp19F57DNzaXlauXYb5jB5ESdFTGeTGd48uxxkSxc6XW+wTvPHqINx5WssPnePniPoH6ETFuDfsqw2hO8yU3ygfbHUYqzLVFAMJjsonLaycus0rNvdm2eTWne/K4JkD/9K2n1f7a168RkC8CPCDAR11DDwxSrn4EBQUQGOgv0BdY2jvg52JJcrDAPGQxMS41VFlLX5xaV0CeHe2tTrErTYF8WVo4bWXpNBWn0FmZxZyIz7HZbg7ubuLIeA0HpV8utKWxpyWVI905HOrO5rj070cOaHjthRN8+NbjvPTUw7zx2vO8/PILXH/xRV545hkO7ZmntCCfpIREbG12SQDii4PYusHmTWzRWoexvh6Gehtws9tJvLLcUJJCe1kSmppkOsrjqM0JoiTFTa0uqRyz3FMTh6Y6Hk1tEiOaco7sGeKRiw/w/AtPc/3V61y7fp3nrr/M1Wee4/zly+w/dISM9FTC5TUKDfDHydYePUNjDMwcMTD3wMjcG2O5GgjEdZWKnPrWaBsIxFVDt1YP0NLWNeVnT0tEur+xncr0enbuUrJOUzAM7WK9tiVr1+io07DLJSpbv2IlhvKH7RRbD3F0piYxkmPN2Tw1Wc37J5r57HQTX55v5dfHa3h3bx5vzudwtT+XRzvTuNgQx+naCA6V+XCgyIND0ubzHTkslj6abk9LmKmYuBnlXtsE5FspdNtCoedWsp03E2e9CWvd5awUkCtt1S9/wao7bmPz0jswWX4PO1ctwWadWNHqezBdeReGK+7GeYce4e4WHOpL5+Onxvnm00f54Tsx8+/f5YcfPlCPf/3hX08tWrpSl/7j/Xz35gTX9lfSk+VGdawtHfmBqgXG++0gNsiacC8LfB234etkhP3OzRKZamGwcaV6WIry79rTDzM1UCYwL2NUzHysR4xcoyTBlTKoKWZYsfaeChlclMz3SrUU7GivsnZeK6CvUafcdw+1qrY+JW1+rJ3Z8W7mJ7rlc22Mj/YwPNhCeWEMOekhpOelkZSWjJeAIzEhjMioQDrrG2mtrCY7K5mutlYOLhxmbGKBpKx09h08zV4Z5Dq7x4iPi2eXhS26coMq0+03gb5uzXrWrFqrgn3N6rU3gL5JbmYdDLZuwXi7QFzadgH7dgMF7AJzAbylscDcTKnvbomjhRnuNtb4ONrz2ssv84cvP2NcBsqfsvSbme03QX7rdjUF5p1i0J3yPrQL0GtSZXCJUIBu9+P6+b/Bfoul35hyv3l86s2EOHUN/Ueg+1Obq6yle6v12qsy3ClLcKQw2pqccHOyAk3JEVvL9dlGrrcB+QLxQnd98gTkmc7a5Mq1zM+YBvldA/L8pqpjmGtOpifHSy0qUxLmQHtqoPwdobRnedKWE0hLZgAFwbaURdiLhfszWByuglz52wcksBmuiKJfmZHI9lFbjwQaI+WhfPart1RD79jfJAAVg+gsIUDg7C/W4d9XSNBIHgFDOfj3JuPdH4L/UAy+/WEC+lAie6IF7BIIDFUR15lOYGMgab3ZAvAKGkYqVZjXjwmQldKwQ7cAvadQ3aKlwK2kt4LK/lqqpVUMVlOsZL+L7eT15pIjv79E/u/KkUaqR5soGay6AfNSCRxK5P8okIBSw8N7BOpHD/DMmX28cOkC1x+7wLmjo/zmg5f56rMP+P77T+T+fIu//nGBLz9q5PNfj/Grdx/jzTc+5vln3uTpx6/z2MUnuCxQP3PkBHvHRhnvaGesr1/utwH625vpbqyhv7VaPu5kz8I+Dhw7x/S+42g6NdSWFjHV2yP31whDjbX0lqXRnCL9yc2QFIv1pO1cRaqNlgA1nYzWNFJaU0hvzyK9LY/o6mTCyqKIlaAtTZP24/r5ow+fJ9jLEX/nXQQJ0BNiwykpLqSto1NAvjjdrhwv+v8y9FthrjTN4LhaC13T08doWznH5DU+P1zE3jJvSqQP1sfZqcs8PRludErw2RDnjCbTl5JQK6JdTHB1dMTWzgkHz0ASi2rwDovBzNwCC1MjwjwcqU3yoyXWhWNirNcOd/Hyg6O8+OC4mPUwr13cwxuXDvDu48fVafcn93QyIfdGe5o/nrtM0Nu0UcaAjXi4eglonNhqYouRsSW7TE3ZrLWCGem3L53s5pmjGv70Px/xxz/+gaTkaNXOA4NuwtyX4BA/QkIDCQ0NJiwsBD9fb7xcbIjwtCE5yIXkECcBupOa7Z4evlg8RgG5sg8/L85ftfLm0lQaBKbK+nlnRRb9DfkS4NWKSFUwLO/XQE0Ko7WpPDjVyKV97ZxTrH22lasnx3nz2ZO8+vQDPHXpGA8/dJSnr17i2pOP8PQjF9g7NU5OciJx8rw8XFzwcHbGeocxVsaGuNlbEeTnTpifkvzmSWVGAJpSkZO6FMba0uU5JArEg6nK9KRVKVct45wC+S7pO6NdRRxa6OfxR0/z1tuv8cEnH/Hhp5/y0adf8MFvfstrb7/HUy9c49yjjzC7MEtZeSlR0dFskzFVZ6s5hruUKXZHVq8xZOkKka6NJqzZuI375fGS5Wu59961rFm/GV3dbaxbv4WfnajJl8G1lYLYElztotgZNIvd8b9hYpfOyuWL66lrxdb01qxBd6XYsJkJZZG+zFcnck6Tw4tz9Xx+oYtvnxjkf8638f6hcq5NZnJFLOBMSxbHquLYnxfCnESGu7N8GEmyoTfWEk20OX1x1mrd9LpAGTgF3un2m+Qm20yGvQ6p9tpkOOgSZ6OD8folLBOQL7vt/7Dilz9n5Z23sf6eO9C+7062Lr0Lg/vvZuO9t7H8jl9grL0GHysDwp2MqU724pVTXfz5/Yf4w0cP86+vHoV/viztWfUgmB++eojv/3xOHh+HTw/y5eM97KkKJ95ZD3Pte9i2cSlL7/sF9913G8uW3cGS+25n1bI70V6zFJ21S9HftJzXX3mRr//4FfOjDUwOKGZeykhXsdh5CSMy+A63F6kfj4mhTygwFztXMt4HBeojgw2MKIlxA/XqWvqEXKeGm8UmxNIF3gdnhjg8P8yeyT4WZoaZGNUw0CUDqwL17EiKKspISI0nKMyduFiBQX0zLTX1ZKbEMdU/zMG9R8nIy6WtTcPZ889w+NSj5GTmkJlRiJubv1j3Zjas+/eUu7KersB88aokxAnQ125g6yZtjA22YCo2brLNQN2Puc3AkO3bjMTQjbA2NcF+h7Sd23G1thCY7yLA0YZqGeDU8rcXjvzHdrWbyXC32vlPZbffBHqrPK5K85EAy0Fg7qBC/VagK1PvSinYnFsOarmZFPe/isrk+v1Yp11pSnZ7WYoLxbF2FIRbkR28g0x/I7K89cmRoFJpuR5byXPZTI70zwwH6aPyOM9Vnyw3A7rE/qcF6OOVYuK1MQwVBzFXn8JkRSKjlYl05ArMM3yok+fTnOqlZriPS1AzL9Y30yADgvzchFj8WGWkWkmuV4xfI/eKJtdXPg5ksi56McnoN29RNppHSm8BIX0ZYuNpePfE490bi09vNL4D4Xh0++I7GIJnnxfeg864Ddrg1+lMpgA/Tqw9sku+ryWSOE0uVSNK9nuNwLyS6hGlclwRpX1KmdN8AbqAXfqvcoRqRX+1eixqrfTJquF6iofEwAdLyRXTTxf7yRGLLxmopkxaYV8ZeRIEKOvNxT0K0IuoEbgfXhjg3FgLn7w5xx8+O823ct/96++n+f67y3z/j8v86x+n+ec/TvLtZ4X87vXtfPF6NB+918kbbzzB1Uev8cilp7jw0CM8dPwMDx46zuG5BQF6K6MdTewe6JV7rp2B5nr6GiWA7mxi39w8B4+eYvfcIXoFkHVlhbRXFTPR2caAgL8jL4amNG/yvbcTt2M1CaarKI2zpVwMPLUthYSmBDHyeBKb04gSy4qsiBdTzyBfXhulNK7yb3K4Dy9HS9xtd+Dn4UBcVBhFRYU0t3Wotq0AWmnK45vQ/m+I/0cbWLT0gcF+9gigzoyW8dBgNq1xNsTbbSY/0IKOLC9ak5zpknG0vyhMAB9Ege9Owu0MiPKwwsnMQALq7XgLgELd7dW95ymBLtQLzIflZ8cl4FQS4pQs9tfPTPDGhQVeO7NbrPyAmPoRXr80x4tnJ3n5zAxzZWHk+1riZb0Dw636mBmb4u7ggLnWSpYtWaIW2nLU12G7ni6Zbtt4fLaSpw538NL5ucUdAI8/SnhEkArykFB/wsIDf2zh4aEq0CMiQgnydcZ9lzExfg5i6gJ05eCpEOmzER5q5riyhl6cFERTURKtxckCzkRaxM5bCpJoK0xUK+BpKtPl/S+itiyVkswIeZ/LefHRA7z+1FFefuwgz16Y4/rjh3jxygFeunpYgH6AE/smuHT6IFfFmh88OMdASy0JEnh429vi7+qMnbkxjpZGpMcpmeu+ZMUHUJEdRmthOMN1iUy2pzOlyWK4RQJ5ue+blNLReQHy3ELpkvu7uyaRoY5iFqY6eOTCcV57/Tpv/+pDAfpv+eSL3/Hpl7/n09/9gXc++oQX33ib848/xv4jR6hvaMQvKAytzSZi3rbo7/QQU3dgk/YO9Ays0dsmZi6g36CzQz3O+s477mXJkpWsXLmWVas38rPJ/HI6CzooT6olOrgcW8cCnN2zZaC2FGBtRH/9WratX4OBDO72Rvo0xXkxUxrNieZUnhir5NPz/fzzhWn+cLmPX52o4aXduZxqK+R4QxazhVH0JgXQnSjRVYgFDUHSKaNsaYmyoSF4J63hFlT6G1IsBpTqrE+Y+UYS7HRJsNIiVWAev2sTcba6mG5Yyl2/+Dl3/fzn3P2LX3DHbT/njl/exl233cY9cr1fsXYBvJneOpxNt7DLYBPulnpiXHacGCvio2fm+Pb9s3zz0Rn48iI//PERfvjmitj5eb5Xzmj/g3z+vTn+eLWdyyMZJLjqEWirg6vZegw33Yv+xiXY7dTCcutqzLeuVI9JXbfiLvo0HYuJcCfm1Iz2CRnQhsVsRmUgU2A+1FYsrUgtyK+Wf9XcnG6vku+rXlwn7xVD760Wa69ZXFMfrFen36eHW9k72cuB6UH2TQ8J0EeYmuhlfmGUgb4GyvKjycmJpbCsnIRkGXwkgs3KTJDIOIau1lYWxnbT09NLSmYyhw6e4JjAXDnmsKZKDL6gCht7D3UqXYG31jolMW7R0rXWbVAhvm6NAF4+r6u1ASOdTQLxLQJzfbkaYr5juwDdAEN9Q4lizXGxssDJfKfcBDtwlceBjnaEOlmLvTjyxquvqAlycx15/5Hd/lOZ7TfbzWIyanZ7XhCt+cFyU7vegLeDCvabGe4q1G/sR78V6DfruP+Y4X6j0pqaFJfr+2OtdgXqZcnOFMXYkhdiJmZuTLafIVleW8h01yPLVZdsCTJznHTItt1IhphculxTbQTujnqUBJjRL8Y/WRUtRh3OXEsKE9WxYt3h7G5Mo6cgVMCsZLH70CHPQ6kEN10by16Bxd6WVGZqwiUgCGe8PIyRshD1630FgSrYh0pDGauN5MXHH1T72WEZeCvGivHvisBHk4h/Tyo+3WF4dLnj1euJm8ZJYO6GV78TXn12eA5Y4Na7Q+zdmoCOYLH7YDyavXBviyFak0n5cBUVw6WUDuRQ2p+jZrQrleKUwjJl0p+LesrFymuoFwNXDmSpGmmgeLiCrH6BeW+O2GqOerxorjJFrSSOafLJliA/78ZBLtX9ldQOVtA6UsP+yWbeen6S7/5xiO/+doh//e0o3/91nh++3c2/vp3g738e45vPq/jzO+58+qI1v34lgzdemeDC2cucO/0wZ06d5+yD0h44y8kjx+W+mGakuVYG1HrmB/uYGxhgd59GPV3t0P6jHDp+lun5Q3S0t9JUX0NjaTG9NSVMtNdLH0umMzuYuhgnYgTowXr3UlsRSUFvLmntaSQ1K0CPJUE5B12CruT6bPKaS6noreHhZxePTC3ISsTZ2hinXdvFMq2JjgyhoKCARmX/+Q3j/v8D9Y4b0+7DA/3s7y3lRHcWe+S9z3HdStguXXICLWmR4LFL+vBQuQR/ZVEMyP1RFbaLeEcDoh2NiHTYRorfLvIi3KlPj5RgMpyyEFt2S/A8kObOvro4Ht1dybP723j+aA9vCMzfvDDP248c4sOrDwjgZ8XU57l2epzTgyVoklwI97DG2MiIYL8AbHcaY7Z6GWabVmGtswrnbZuxsXWkLi2MuZporsw38MhMjXpMq/Kvrb1JbDOU0LAAIiKDf2xRUaHExkhgGRNGbFQQ3q7WOFkaEOdvJwGIA6lBjqQppV7DXckIUao0elEa405RhCOF4U4UR7hSEGpPXpAtWQFy/0d4qfkM7u6OBAa4c3L/JG88c443rl2Q5/Igbz1zkodPjHDp2BBXHhhjYaRWxuUSHtw/ypE5kaWRVjqr8/BzkLHMwpCoAFeSRJJK00Pprc8T606goyyGAQnuhusTGGxMFDNPleAwQWAep4K8KtNbYB5Cl4wD/U0pYuYFzI8388CxGZ558jLvfPA2H332Cb/98ks+E5B/8fuv+c3nv+NN5UCXl1/j+Jlz9I9PkVdYybbtNmhvs0DP2F6dVt+sv4uNOqZi6NqsWKeLlrYR6zeZsF7XSD17Q9mFtHTZClav3sTPBjNKaM/voyKlhdToJuxs0timtxNnMydczOwx27qFbdpbcbB0pSjEk9mSaI43Z3C2O493j2n4y7PT/O25PXx2rp93jrXJ58uZKilkJCuFhshQGqLCxbptSHZ1Is3OlEwnE0rljSv22kG53w7psPok2m4g3dMI/50bibLRJnTnGiIttIiz0yHaehMuRutZcuft3C4gv13grbQ7br+Ne8XI1y67C/NNKwi10CPEfju+tsbs0l+H1bb1ZITacXy0mBOD+Tx1tJGvXp7lO+UwmD9dlcHkGfjL44tT7r/aw/evjgnQO3jlcImYmiXOO9eis/o+li/5JffefTv33Xs79y+9gxXLb0drxT0C9jU/VoSbkoFrvEfJYi9ksDNH4FzEoERn/a3ysQL1jhLVykcE6KPdi5nuI91Klnu9PJZBqa+WfuUqkFem4CfFzpVp95mRDmYmegTmg8xPDzM7O8KBQwtMTY+gaSunLC+KgrwkSsTKE1MTCQxxJDFRwCCDw8H5o+pxrL2aHg4eeIDpvSeJTU0hJ78Ue1tntugZqnkSyjT7RiVXQkeXLbp66hT8+huf11q3jm062liIlZtvN8TMdDuWO83VrWnK3kxTsXNHaytcrHfhbLcL+11meMjHip2HutmKJTgQ4+2ymCD36rM/mvnNduve81stXQG5pkDZrhZIm2K4ecEUieEuTrX/OyHuR6Crtd1v7EVXWrzjf6yfK0BXstz/nRDnr56opsBcOaa0JMmRgiglEc6ULB9DMr22kum5hQyBeaajtvRZbbIcpNltItN2E9n22mQ7bqbQYztpAvUCX2MG1VPVlGUCP2ZaExmuiKBbApGhkgja5Dk0JDrTpNhVpjvjFWFMywA4VRUhJh/CaKEPw4W+jBQH0F/gJ0APYLA4mHHle1oSmO1I4/PfvMu3f/uGzoUWskZS8erwwLs7RKAulq4JEVN3xb3XFrfunQLzXXj3W+E7vAOP/h24dOtjU2dAYLcXvhpXHOt98WmLJlnAXCaGXjyQS0FfFrk9ueSLcRdJYFo6UKW2ssFq9US1agF69WgjpRIEZPbnkSTBRJJ6kEse2dLnC9TKagXqaW2FYrJV/RXUD9XcyLIvpWGwnFffEIh/d5Tv/tIrQD/Md98c4O+fNvC3/2nk71818+ff5PGnX2XxxZsRvPO0HS8+0SsAv8Cl809x6ewTcn2c86fPc/rkaY7uP8z86BCjLXUM1Fcw2d3K3PAgB+f2cvzIg5w4fZm5A6doEeC3NFXSVl9Ne6Xch9WFdBVnCtDD6ZQBO3HXRmJ2radeApSMnhxyJCDJaEkjpS2RlA5l33kGmZ1FFHfXUDfYzOVnHlH3V7s7mLHLVE8C2i24yuPQEH9y8rKpb2xR95/3/ATQ/z/X06UN9nQx05zIeKEfzTF2hJiuJcpOj9o4Zzql7w6q9408d7kn2pI9aYi1p9jXjHQ3IzI9TMn2tqAi0kmCx2C6swMYkD7fm+aqGveV3bVcVapyCtCvHdXw8vE+3jw7w9uPHuL9x47w1qUFXj87wfXTY1yR75st9qc8PpAgT298ffxwdrDFYPVSPHVW4qG7AnN9feKionhQCdjEUq9MV3FpdwWHu3PVe/6TTz4mPiGK6OgwosKDiIwKISY2nDhpyhJFUnyEXMOIiQnG3dmcYA9LEvxtVagnCSMiXUzx2bGOQPMNhFttItJqI5G7hAk2ukTY6xBkrY2btQnmljaY23liussRN29Pjh6a5ZUnFaBf4tVnTvPSY4e4enqSZ8/PcmafvL4yPu/uKaa7PpX54Rox+lLq8+OJ9LYhXgKJrAQ/uuuyGWvNY15JbO7MZVwEdrQ5mYGGRJok6G6Qe7Qi3VNEw4XyNA/1QCdlur27MZWhznz2CsxP7h+WPnuMl64/x/u/+ZBP/udzfvf1n/njt3/nq6//Iqb+Fa+98wEXrzzB6fMPM7J7ntyiajHvnQJrEzbp72TZig3cs3Q1d923lpVrtVm+RoulKzewaq0ey5dvZPWqzWLnWtxz91IBuhj6YHoebYW75Un1kRxZh4dnNTts8zGwyMDUsQ4r23h8HAIlOgpnsjCGQ/UpPNSVx7WFZj4908UX5/r4/OIsHz00yiOjDewuLGSsuIKqmEJKQ8MpCA4k3tMLF5Od8gY4yRvhRLyX3EiOFmLh20lx2KJaeZSNDh5Gq/AzXk/QjrUES+QcYraGWFtt4uz1cDVci+XGZezYcD8mWvezde1ybAy0SHDbSZazdGR3U6z1N4lFa2EigA+Xz3dXxPDS+UF+/ep+vvn4DH/67RX+9O4RvvvDVbUM7Pd/eYIfxNL/+dYcf3qqjy8e7eTdB2ppz/TC1WIL2qvu4T4x/7skmLjnbgH7Pb9k6ZLbWSbtqaeeUBPh9u/uYLK/jDHpJOO9xYwryUDdRSrEB7pKBPCLGe7KVV1LV4FertZ1H9ZUL2ayC+AHBOhDAnQF6hMDjYtr6WLps+OdYuiDLOweYN/eafbumWVysp+ZaRkgmiooyRezKM2ipllDUloskTFinTWV6qEQ2fm5zIzPsjB7kOr6JsJjYzA1MUZ/s7JvdXHNfN2qdWwUS98sINfX3YruRm3WCcg3rF0nH29kh8FmdhhuxdLUBCMxchMjU8xNdmBuaoqTlcDczh4nOxscbHbhbm+Dt6MVftIi3e0Ic7MnOcibEwcOqDf4yd1tKsj/+2S1W8385r5ztUnk25EXSGN2IHnRt+w9j3IkN8rhlmn3RaBnyOCWESdAT3AiV260ImUNPdXjxy1r/06GCxA796Yqy1PdqlYSb0d+uDnZgcYCcwMZGLeS4b6ZdBcdsXABuArzf7dcRzEmpTlvJd1+M5kSlOZKQNojz7Mh2Z2WDG+x9Wg6s+T5Z/rSkuJOW6or3RI89OV60pvrxVCRP4MyaPdku6NJtacz2ZquNEf6czzoz1cKiQQyXh3JXGsKezTZXDo8tHhe/HvXxayLCOsOwlPjgW9PKL598fj2RuAlwPbosSZk3JaAIQuB/DY8+42x79LGRbMF2xpj/DXO2NY64NbgT2hvHMmDmQLzPHJ7s8nuzlGPQM2Swa5ABrJSgXnpYBVFA+XyO2uoHW+hQgbv/KEi0nozSOnJkO8tUM9BV84PL+pRptrz1K1u1UPlNI7WUjdUQbmyZ74vl7NX+vnHt7N8/02PwLydv38zxz++Ps5fv+rhL5/X8c2nNXz1q3w+eSOIVy6b8MDBVqbHDzA6foLZuQscOHCOvfNHOH7oBMcOioXv2ceERvpUfRma2iJpEkS31amnrJ04eZajJ6/Q2zdEY0M5LQL99roK+quLpG8lSl9LoTcvgbIASzLc9KjUZJKmVsHLJ7tDOQs+kwxNurQssnvzJdApoVBekwtPX+LD99/BwniD3Bta7DTciK2lyIi/F+mZ6VTXNdLZM6Cuh3cPTfykof+vLWw9Qzcy3ocZ6m5SZ2Zqw23IcDHA33gNyS6GdGT4qmejD1cnMiSm2F0ULQGij/wNQTTFOlMZakOul4kYux2dKW6Myf00Uxkllh/PybY0LvVlcnmkgKdnGnhmXyvXjnTx8rEuXj8/w4dPn+W9q4unqL16bjevPTTGE7P17K2Q31ccS1KgO/5ebjjY2klQb8QO3U2YbtUlIDSRyvQw9renM5TtxqWxEs6OFnKwNYHzB4YX9+rPzwi4owTcEcQrII8LJ1FackLkjy1RwB4rUPd23UW4lyVJfrbEuJgQbq1LtIz9kcKGaAmkY2x1pW0WHuiKvG3Dwc4RI3MXjG09sHAOwT0ggeziGro0XTLmTPHuS49w7YnjvKhMuwvMHz7Sx57BEk7Ia3BgvILRtgxG23NolNeyNC2YIJcdpEaImacFiZlnytdl/JT3frQlVeCeRnd1LG0lUTL+2FIkAXqejDeqmZeEMCzA769PY6i9gJnBejVB+tTRaZ547Bxvv/sGv/lCgfkf+erbb/j893/i48+/5O0Pfs0rb3/A89dfU6G+e88BgiPiWb/BkFWrdLlv2WqWLl/HKq0trBcrX75GAL5Oj/Va+gJxpWrnZtav0xYu3S/Ceb98bg0/60lIoDFnnNyUQZJjeyWimsQ3cg43aX7h48T4ZVEeHcp8eTIHqtM5XJ/FBTHS90708ucnDvDFxTnef+gYV3f30Sm235NfR1OOhozANJI8A8W6jbHS3YDJRj2M1m/BwyYcf/sIItwkMnO2ljfKgCh54/xN1uFuuAqrjctxNliFx7bVuEsLNltPiqshKc4GFHluo0pJRgo2J8tlG+E2BiS7yZsgXwux3Iz+miUYrluKg4kOufGejHZkcn6hlveenuOL52f4zTUB+4cn+e7Li3z/+0f44feX+eGTE/z9zQW+emqA3z2u4b0HaphriMbbdpuY+L3cfdftAvSfq+2eu29T19H9fdwXj6iUm1spHDOptgrV1Cf6SxnXlDDSrsBcmpIUJ3Dv6yxkQCL9YTGZxdPXytXSr2M3zHxQwD4kHw8qe9WV4jP9zeweaWFuvIODs/0cWBjgyL5pjhyYY/++KWkzjA1109yQS3FhFKU1JVQ39ZKRn0FUbADugc6MDk5x7NB5sf8pXN3cBMbGbN60TtoGNq1XqsGtYuWKVQL1tep+c+31G9m4Tgs9gbqF2Lez5U4cLE2xs7LEzsIaEwMTrEzNcbG1wc3eDkdzM+ykOdnYCtht8fdwwdfBilAnG6LF0GPFzpNDgwh0ceWVl15UE+SGq2L/ozrcT9n5v5uSEBdITboPOTetXNmHHmGvFpi5WTHuZhlYBejpcfI5AXp+0qKhK6eTKQea3FpQRn2s1EXPcFPtXNl3rmS2ZwUoFZvE0N0F1M4C8xtAz1LyOWw2qi3deoNq6TkO0sdctpDnZkihtzHJNtqU+JvTnOROgtNWysPtyPWV/9PTmKoIO8oidtEsz601zhZNugu7q8IZLw0QK/dluMCTnjRbOpNs0CQ7MJDlIWbvz2RNBPMtSewT0O7vK+SVpy8snvB1bp78gSzChkJx63LEtdMFj+4AfHrC8eiU977TjsBhcwJHTHHrMcFBsxnnns0YZK/DrdESpyZLfLq88Wh1JrgvmNSedLL7BOjKSWsC9HTlbPO+UnIGKuT3VJCnHNoiYK4SQy8frlaLyShb17LFanPE8osHiinpU7bClVA1UETtcIVaU1651grYlVKp9RPVnH26i0/eL+Svn9Xz/de9Yuqj/P3PC/zl6/38+Yt2vvowks/ez+Sjd8t4740qTh5vIjGlgsCoTjwD6omIaaaueZyJsVkJdCW4nZ1nz/Q0U73dEkR30t/ayPRwP3tm5jl85CTHTl5iz4HTtLW3U19TRmdDDcPtLQyUptGaHoUmN46WJD+aEl2pkKApS/6erO4CsjSFYup5auGcvAHltcghrS+DZE2K+vqfe+gEpgZrMN6yVto6rMTSfbykr6cmU1ldS6emX81w71Hqtd+A+q1gvxXmtwJdaQMdNbSmekqQuE2EZgOB0goCrdTAt68yjvGmdAark2jLDSPb35rCYOlX8U7Uic3XxzjQIT87WhyqHgx0UPrO4aY4Lg7m88h4MY/N16mHqlw7ouFFaS8d7uK1C3t45+pp3r58gLcfnuONc9O8cnqYF450cqZfJKU0hoZ4X3rKM0gP98XX0RbbHab4uSrHmbrTLffTPoHdbFkwZwfy1HX/A/Uif2K/v3rnNf7+978J0KMF3FFyDVOtPCUxSm2pSdFqUx4nCtjjY0II9BAmuJkSoWwldNsq942NjP/6JEgAnST3VZyzPqEigpbWHmyz8EBvpxPbdrlj6Ros/SSb8IRs0nIKGOjv4rELx3n09DyPnZmWgLiXA4PFHJ+u59hULfuHSjgyWcmgGHViyC6REGPcrLaSEOSsbkNrzAtjUEl6a0ljpCmFwfpEOmTcUk4/LEt1V4HeIGPTQEOS+n9MdxczIwyYGaxjz3g7h+Z6OXd6P08/9Qivv/kq77z3Dr8SS//088/49ce/5fW33uTZa9e4+uw1Lj72BA9eeJhDD5zG3tmLdev10dLejo6BBVu2W6O7RYxdaysrV+sKtLXZsEEPLS1dMXIx9zvvknYvS5feL8a+nJ81h4uxZAySGddLeso4BUXHyEifIzttWOxGos2MbHYXZbC3toT52jIOtDfw9Gwnn54b4ZMLu3nnocM8vXeeqVrpyDn5NOV3U5jQTLi9O07bDMSol6O95E7W3H4bq3/5S9beuxzDzfb4uBcS4RpCsI0ZQWabCLLYhKvRWsy1V7Jz4wqsN6/Ec7uWWj1JAX6Kkz5FXtvVrSYV3iYUeW8n0EqPnTor8TLTJWinLpa6a4hSauFGubNHXtzcCFvGaiOYrArjpZPtHJVB6LdXB/nHuwf44XcX+P7Ls/zrV0f547UpPrrcxYena/ngwUoujybRrpQBjXEiSQbljWLq994w9CX33cGTT17l6z/+jt0DAvCeMnb3VjLZVymGLjAWYI92CazbxcaVdXQx8wGBel9HEf2dSrUgBewl6ha1kZ5qtSlAH+iqUGHeryTSqevrdWLpMkCNtTG3u0fMZFCgPi62PqCetXv08BxzYukTUwM01mRQnB9HRVMjmpG9RCfH4elnR0lFJQNDEpj5hWC0zRDdDevQ1lojMF+n1i5WgH7//atYsWIla9euEbCvxEBbG/vtBng5WOIpxu0hN7CNwHynoQkWO8zULWkeuyxxttiBi/kOHMx2Ym9phZujQMTTTQzdllBnC2I9bEkJ9icpOIQgZ0dqC7LUwfCpc4d+NPSfmnK/FehKUly7Umtd7EQpJpMb4UBu+CLQc5T2E5aedWuGu1LD/QbQby0qU5sTQF2mAD1NuTGV4MCKnMAdZPkZkeGpL8a2hTQnPdKddEm130iaADxtl1x3bfgR6IUyyBRKgFnsZ0JpgCklvtsplv5ZEWhBkb8FSQ5GhJlqEWOxkQJvC2qjXenJ85PBNoiOFCdGCnyYrgphuiKY3WVi48XejBV4MJwrMBdLHyn0EaCHsyCD8n6xxL0CzBmBzae/eY+vv/2atrkWisdzCRzwxqvPBVeNC549/nj3hKlT8F4Ceb8Bc+yadAXqW7DXaLM1dy060XK/dMgApvHGX74/pD+EmJ54MVDFQotJl9+R0VNEpvTrrF4Bev8i1AslWC0fqhWg11ImoFaKyhT2K3vRCylT9rAPl6invDWPV9I0UUPzVD0NYvPK9rjyvjJKekoYO5nJUxdM+P372Xz3xx7++c0E//hmnm+/nuFP/zPFx2/n8vF1Dz54OZ43XirlzZdqxLT78Yusw8KpBGvHHMx2hZOVLffO4AQTQyNyb0yzf3qGhfFxtczr4f2HOHLwJMePnxOon+XAkfNMTh+ksb6azhalYFMPvTWlNCX4SAumKzNCgO5Gk6aY7O5CCWoKyOktU2cdSpWDZ0YqJGgpIKk7lciOcLUP93Y1YLx1JUabV7NNdxU7jTfi4WZHQkIs5ZUVdHT1CczH6R2duLEffQzN0NiPUP8pQ1daR/cA/c3l6na0cCsdPI1EaCx1qEvxYkgAPd6SxUhtMoOVCdSn+pDmY0Z5hLKU48Gg9GtNmgfdGV5Mlkeypy6BE53pXBzK54mZKp7Z38JzJ/p5QURMac8K0F8+NcZbjx7jvafOqdntb1/Zx1uX93HtwRGeP6zhqT0tHO8uYqoynoGSBBoyw8mP8iLB05I4VxMaJIAYLwnlmCaXA3UxHGmJ5QEJDk92xLOnLYumvFj19XrpxWt4uTuq0+v/DXOlpSXHkJwotp6smLo//k4mAnQd8vzNqJZ7uiLSmmTXraRJcBzvto0tW/XR3+mGvpkXRlZ+mNoFSQvE2MIdK3tPLKwcaGyuZWaim7mRdg7PdnB0uoljkzWc3dvGUQkuHxBLPzohQBcgp8mYEultRbCrGalhjnSUxtIjwdNAfZK6/WygNp6R+gR6yyOokte3vSyCttJwhgT0U125LAyUMTtUzcxwg8iXhuN7ejl5cIxTD+zjiauXePvt61x/+RrPPPsklx85z/kLD3HxYblevsiZSxd58OwF9hw+TP/EJM6ewWzYbMpmI0u2GlmxScC+4v4NLFuyWsbqNdy/fC0rVq5l+Qqx96VL1QTFZfctUR8r7We1IV5UpjSSEachPW2W8tJTVBYdpKl4N8O1Gubqa5lvamGmuZ09HX2cHtYI9PoF6MN88NB+njt2ihPDfWqWfGlKPaVpvSQH5RLpHIDlhpVsvf8u1t55Gytv+wXLpd1/2y9ZevsdbNE2w9O7EH/HIHx2bpamg5Phekw2rGDLiiXsFLBbaq8SsK/CWwbGRHtdGUCNKBGQK1uIsl23iKHrYq67TgIHLdyNtTDVke831CHMzYKqTDcWujM4PlIoA2IyF2bLObunit8+L7b+3DS/f2GGv72+wF/f2MtXz03y64c7ef90Pa8fLuFsfwrDFeG0CADSg2zwNNMh2NlIovJ19HT/OxFuoqecib4SxiU6mxTjHhOQj3QWCMjFxLsKBOaFi1Pvynq6tIGuYoF2oWrng/K9Q8q6uvq4UoBfpgJ9UCO2rmxnE6CPDzYxOdbBzFQPczOD7J0ZYp/Y+sLsAIcOTHJQLH3fvnnGRjqoLk2kSqlJ3dNLx8gCgZGhuAY6EJ2YwPbt29DT2YiOAF1343o2rFutAn39mjWsEqivEaDrrF2F6dYNOO8wJMLbkcSoADLiwwny8WHXDktMJSCwNjfFwVysXa6ulsb42QrYlWQ4E2O8nezlhnAh0NWJQGcbEn3EkqMjSA4JJsbXnTBnW16RG1tJkJtpy/lfR6Xemgh3K9DbpJUnepCnwDziBsxvFJTJUoEuj6P/vYZ+MyFOAfrNOu43Ya4cQ1qtni/uS22mt3pEqrr3PMKSHIFyho8Rae56YgR6JNnrkGiziUQBeLL1RlKsNpJqtWjp2fK1fOctFHoYUuZvQmWACfXhFjSJhZd6GVHqu1Os3Zx8GXyqgy0E9jupjXCkWZ7X7toY5hpiGcn3YSDTmdkKP7GpACbL/Jkq8Wa6zFeuAnMx91EB/UxjPHvFmhe685ntKeTBff1q/3vu9WfVDPX0wUT8+93w6LXHWWONQ5sNrh2uODQ54ti0C48uc7F4Hdy6N2BWqcUq32U4NRrh1Gwu4A8gYjidMKUS3GCNWGgZiV1K7fZSsdQygVsFBQNVYuc1FPdXqUCvGmsUU1fAXk5RnwLzEioFetWj5dSPVdA+WUfLRB2tEw00jdQJ0JVjWSvVw02adqfw0GEdFej//IOGv/1pjL99LUD/aoovft3OR2+38c4zPrx6xYoXHw/njRdL+PC9Jk48kIuVnRH3LdOWwUwfN494ujWTjAsklROv9s3uYb+0uelZ9u7Zx+T4COOjowwODgjM5xkXoLe0tdLR1shwfz9DAvXG9FBqI53VJN/GOGeGemqpm9JQMLg4I5E/KEGK/J2lwzUUDFeS3VdKx0GN+tqnJQarQN+2eTlGeivYYSjjj6MVMVHhFJcW09LRpUK8b2xSbTfB/t/r6f8NdQXonbWlFAZa42e6Xp2ljLbVp1kC2rGGFEabs5hozmSiPo3mzACyQ6XvBtvRlOxFs/T7bglgp0uj1NP8lHrtl8ZLeXSyTMAsEnZIwzPHBOanRnnx9CgvPTTBK5f28vZTZ3nvhUd558kzAvTDvP3oAV67OMvzx/u4erCDi5P1zDeIgcrv7MgKkt/lQ6a3Gcku2ykVuRrL9eGoBA7HOlI52Bwrj1MkiMji1FgNs+P9vPLa4omAXR1teMrYkJoUK+IYq0JdAbnaUgTqKZGkpkSQlBxGfJQP0e47yZB7qTHJifZMV6oS7En3NxaZMGCd7lZMdrmha+Qk0HPF0NQFYzNXsVlb9ASEZiIgvj5e+Hu5kBoTyERvLb0t2RyZbmbvUBUHRyo5LEHnYQH7fE8x5am+FCd50VmRwLD8nXskqF2Qvr1bApW9A0XMd+cy15nFdFs6M13ZzPYWMNOTz0J/CQcn6tknTZmdnRtp4vh8Lw/uH+L8AwtcuXSSxy6f4Rmx9JdefJrLF09z+NCsBJt7OXv2FKfPnebQiUPsO3KYsbk5wuNSBOQWrNlkyGrlpEttfdau0xfx0mbZ/Vrcv0pLrutYukwB+xqWi5XfLzBXzm1XwL58+TJ+Vh/qR2VcFlmxbWRn7aWp8WHaGh6iu+4II03TjDROMdk8wVjjkPyh87xwZIb3JLK7fniKx/cd4tz8acYbxyiRICAvdV6MtoBQS1fc9HSwXL8cvaV3seaOX7Ly9l9yvxj6UgH6kttv5947bsfBowgvlyRcTc2wNdiI6aaV6K24hzV338nWVUvQX7NUtW77LavwN15LzK5NJEiLF1uKtNyItd5q9FffJ/AX61+3hG0bluNhvY2EQHuxNBcaC4O5fKCFU5Ol/PqxUf7w1mm+evs4X71xmC+eHuOTqwP89rF+FehfPjvK2w81cGUiQ806TvC1wFaChFL5fwoTJeoz2iTQu+9GItwbakU4Zbp9pFfZllaggnyoLV+uRSrQJ8TUJ3ur1b3o4wLqoTalQpxyfGqhwF2ZjlcOZSllqKtCPbClr71UPl+uwnywr0EGnkZGB1sYH2ljeryL2aleZiZ7VbDPzw6JsY+zf48ygM0wMzPCxFgX1RVJlJdl0qUUtOifxsvXR90/rq21gU0C8Q3r1ixe1wjAtTayVqK85RLVaa1cienmjbjs1CfUdRexId7UlGRTW5aHu4ObWgnO3NREgK7AXCzdaiduVuZqJnuIwDvC3Vbd6xrg5ECQpzvBns5khvmSFR5MpL8H/i52WBsZYqKnp75+777y7P9zy9qtQO8oWNyyVprgrtq5CvLIxW1qmcr1xv5z5Xz0/z4L/eYpazfLvlZn+S0CXT2CVD6X4UF5snxfrI1YvwXZgaZkCtBT3beQ6KxNnO0G4sTIY620iFea+XqSpc+lq0lxOqqhl4qRV/qbUuG/nYYwc9pjrGkOs6Tcz5R8F30qfHbQGmVNT4oLrfLc6sW82lNcGa0I42BHBuOlQXQnW4qZuzJd7stcdTAzFd7MV/nL4yCmqsOYrItjSkxgVhlQNHliBWk8e+WU+jpOn9wtMC0ldTgO714bMXELnLusxNYdce/2xEMTiEeHD26tOwXsm7BrXcfmpI1YFGzFudWAoKEgQgcy8KiPxLU0Dse6CBzq/EiQAa1ABsF8BegyUCnFYyqH66iVAat6pEFNlCtT7LWviLKBYqqGyqkbraZhvIrW8Xo6Jptpn2qiQalEJ8FAuXKOuNh+nVj8vgMu/OnXZfz9dxr+8vshvv2in9++Xs471zJ5/3oZbzwVx7ULujx20pgzB+3YO7aFAY0pW/WW84v/cxu3/fxOgsIK6OyZp1fTT39XrwS/w+yfO8D01DS7laNTGyuJCvEgLMCJmspcurq6aO1ooLOriaHhIYYHBuhurKI62oXqEBsao+0lWGpk5vhJGiZ7yBfjyu4vIn+ojOLhaspH6uXvb+HSs4+qr7u9pR4m+itVmCtQ36GvhZP1DsKCA8jNzaGxsYmePrHt0TEGxifoH5ugd2TiP9bU/wPofUPSBtW19xZ5XjkhjviLxChJwtk+lnQWhDDWksdoSw4TrTmM1abQlOlHXogd+UG2VEU5Sr9ypy/HTz0s6KS8J4/ON/HwVDWPzdTytNj4M8fFzh8c44WHJnnpzBTXzu7m+uWDvPXMw/LaP86bT54VwB/g9cv7efPyAZ5/cJjnTwxwdUHGz/5SetK90WT40JbqSUeqt/RlO+qj7JgoDmV/awonerM52JLAQnUIl0byuLSnhz379zN76Di//fx/+MPvf09IoD8+nq4/glwB++I1iow0AbwAPS0tgpSUcFJjAyiXsbcjy42+YrknupI5PpFGqtxDa7U2oaW7HT0DS4xM7DDabs227fZsNrRiq4kFJuZWGBqZsNPYiBBfVzKig0iP9aOpNJmR5kJmRKL2DtYKkKvEwjOY7MznsPTb4+MNHB+t45gA/7i8dofGKtk/WCZmX8sJgb/SjozXcnSqXr6mXCXY3KOR1suxuR4W5P44MtfNAwdGRPhmefjsIS6eOcx5pZ09wYVzD3DixAH2H5hhYWGayalRZuYnGZY+4h+SxEYDK1boGLFizVYJXlcJwDexQdsEbV0z1m/azkZdYzXDfe2aTSxbupIl997P0nvuU6GutGWKodeHOkiHjqUspY2KslN0dF2jq/0K3S2n6Ws+yUDzcRlEDgnc93BifC/P7hngytQA5ybHOT25l6OTJ6gtHiOv9HHK6l8m0T8Lb2MZWLZuxEprJQYr72HtXbez6vY7WSZmfq9A/WaWur6+Nda2edgY7GCnzhq1mW4SY7z7l2xYerdA/T62r1+GmZi6uUDbWmcpjptX4rxlORablmOweon6PVvX3I3W8rvZrrOWQBcrNSEuP8GNOH8LtQLYqbEirp/S8O7lXt6X9tHVUT5/aoyPBfK/ujzA+w/38MrJRh6fzePiaBoLDRHEyIDta6uHueF6zLasJUvMUNlz/s9//p3D8ubNDtdKq1PXzke7C9VjF/tb8xloLxBYF4t9Fy9WjdNUiMlXM6bsP+9Wjk4VE1euXcrpa8r6uoC9XT4nYO/rqGCgu46B3nqGlC1tA02MDTUzPdrG/ISGuXEN81N9AvQRgfk0h/bPc0A6xMGD+zl24qT8TCMVhXEUlWVT06LBwdGVzQJuXa316IiRb1q3nvWrV6lAXy9NMfONq9dgoL0OB1NdfKwNSRczryrIZHqwk+6mOlxt7LAzs8BSgi5rM0u8HF3wdHTDz9mNAEdr4v2Ute1g0mJiCfP2JD7Qj9RQf4FlBCFutvjK92zV3ozeRh2MdHSYGllM7jo22fK/6rffCvXO/AA6pDXnBVAQ63yjdruDCvLMG1DPvnnq2g2g/7ehK1PupYqh3wJ0pVVle1OW4SpRucP/pes9wKvKzkNtPykznkIHAeq9IFEkQL0hVJAESEII9d57772Xo957Q0KiChC9TGVguqe4xI4nTrNzk9jJzc1NYjsev/fbWwwZ588/z/M9++hIwzlnn7XX+71rr/UtciIcyAixJU0sOy3AhhQfC+I8JGl0MyDaSY8YsfNYMfNYgbtStTDJxZBMN2MKfZQiSAcoDThA+Skb6kJtaQs/SovYfv1ZgfoJa2pP29J6zh5NggsTeZJMnD5E1ZmjtMZ7styUIh1vPlMVktCkODOc7sBc5WkWa0OYqQpmuiaMmfoIphtimGpOYrw5maGmJLqr42kvi+KvvvoB//Qv/0TVSDX5vTnEqDPe3fDrdsSr0141dY8WLzwlvOpdBeyOHG+xwq5EH8tkEzwarfBqOIZ3Swgelb445jrhWOyMR80p/FviKOytpVTan2LmSnnXqqFaaoYaqJZOq0RsvkSgp+6J3q3cNy+jdriGejHzRukUm4cbqB+S/6e/jDJJfPtX+phZH+PWxwsCxhA+/zCD//hfHfzLX7Xxt1+U8tMP0vnBkwS+fDeW778XwRtrprRWG2FjpawyeZk//ZM/5Y//+GX+6I//lFde341/SAZ1TWK6rRqaahokCR4QK58UoM8wPDhEi7RbpyP7cXe0JjP5DGVF6TTUF9HR2cDAwAD9/YNoOtvobiwnP9iZotNH6K3M4e2nn3D+5jq1E+1i5cVkyveTqyzrGyilbqiFtz98wl/95Vdi5LuxMduAuZXxDvab6eB02JKTAd4kJcdSVlFCS1srPX299A0O0jc0RM+gGHv/sDoUrwy/bxSd+abAzIC6mUt7V7c6Iz8r1JOgw0ZEeVir6+U7i8IYapE+pT6D9uIoGnPCaMoJJTPIidQAezIC7KiP8WSsPJx1MfMH0408mGtWd1N770Ib74idv391gPevDfNkRcOzq4N8dGeGH7x3R5Lr9/nRJ+/x2VvX+eTeeT57sMjn9+b5SOD/iUD96XIbd8RA52viaY71oDnBWx3SnykLY6oomN6MAJbbs1jrk2StIV6M3ZsHw7k8WFT6qRn6x6ZZuryRgN5YW+OYmzMnfDwF5FGkJkWrkZ4ikRqpQl2JlLQwEgTs6QL11twAuXYduTKbzPJQMElxR9A10EXP2EzCXMISI2W3SPODmJgfwvKAQN3mAGYG2rjs34eFkR4H95lySkSlMC6YpvwENJXpDDcVMCWidWG4nrXZNm7OtbM+pRSiaefGTAvXZhvl+RZuyu+uTTdzRez+qhyvzbRzXaC9KOC/rDxe7OXqfA/XFnpYnerg4kInV5f7uHFxnAe3V3hw/wqP37jF/fs3eOvtBzx4cIcbN64yNT1Og7ICo7mKkpoySUSOY7r/OAb7PTG2dMXA7LAKdAXuekYHMTQ9yF59S3btNVbXnb/26hZ1Zvvrr25S93Df+tpmNr2yme/0xPvRGHmO4njJvAsv0dz8LhrNB/T2PKW7+ZZ06lfRCNCHWxZZm1rh5tgE10cmuDkyztXxFRb6L4gZzpKZ85CkmEkivGIItD0k4NXFXkcavRi00bZX0Nv8Kq+/rFycf8Kf/Mkfs3XTFmwOReB5SoP7QWfszfQ4YroXRwt9DHe9htZrL2O6azOWYumKhVsIvC20BPK7NmEm9q6/5XV0Nn0X3S2vsWfrq+rykQCnwyScOUawAL0w8SSxp45QlnGKyZYkPrzdx/fWJUu9VMuPHg/y5c02frjezKeXG/lgpYZHU4Xc6E7i9kAK83XnKIkR2/QQqzTTFSs1IV5Ap/z38dOHzA9JdjdYyZTYx5RYyGBHrth3ngrz3hbJpCXjU6CuwH5UU86IxHC3sutapTpJTjFzFewS6pK2duXeuQC+TTJGxea7lBnv8u/21jA61Mj4SBujA00C9jbmx3qZnxpmaWGSlcVpLizOcO3KKlfXrjErtt7RVEpm+jmOebliYaiHuQJ0HYH53r3oCry1d+9Ee89OtLS2o7tnD6Y62tiY6BDoKjAL9aKpooCZoS7WVxfolIYW6O6Gm7U5LpYSB+yIDAojPiyKxKgYQvxPEOHvSXp0DEUljQQdO0ZaWKi0pXPkRp7C1/EIlkbGGGrLaxjpc9DYGGtjC95/+r46Qa6n6NwflHv9dpU4ZUKcYuj1WafIjvQQG3dXjVyNb23M8mI9esTGkLti6N+sQVdgrtw/Vw39OcyVvc8r0gPUbVLzY13UUq8ZQYdI8t9Hit8+0n0kqTluRvwxI2LdDIl30t8YcheQJ7sYkeJiTJqrMQXeVhT5WlMuNl4RaEND0AFaztjSHnaEtgh7mgTwLRLdEY50RNoxnuPLQKoPZf42NMtzo3nKZhvRrLanMyfQHs5yFeh7qmY+1xDBjMRsQxTzLfHMdaQy05HOaGsKfXXKfb0olsY2ysK+8fGbZHcoS8dSSWqP5WzbSU40uQi8nTnW6iGWrsyEP8nJziB8Gn0I7JTkLM8Ql3odfNqc8awLwK32BM6lh3GpPIpnbTD+7UkkdBZTLlZa3FND6UANlcqM9aE6iXpqBN5lSh13MfTynmKq+ytokA6ubriShtFadfvWtvNtXHhvnrXvnefGZ8NceFJN37VYCoZi6JtI4Bc/rOTvf1jKX38vnz//IJkfvhfPF29F8fkbgQJ2X6ZngzgW6oCrtz3G5qb8kdj5S3+6CX2DQ5wKzSKvoIaKMkkaKmtFQDro61GG2cfp6x2koa6G0JBQjrs7UFaQTEVFBrU12XR1NDA4OMDQwLAAvYNhAe3C3BSDLfVcvnCB9z/5Mx6/9zlLt+4K1NvI6y8hR5KW7M4cSvqL1PN9/851gfkOgfl2advbJFlV5gTt5vB+Y3yPuxAVHUpevrxefaUkEC10d3fS09tNd18fmv4BdSh+4576EO19AvPegecxSGd3N821xeSe8VC3U40/fpDmTGXb02h66nNpLYkVo0yhvzaVhszTAn5nEsXgc0IkISyJ4HJ/IetikY8WO1RoP1lq5emK2Pm1Id4TmCvbob4loH/7Qg/v3Zjkiyd3+PKjJ3z25KH0j+cF+mN8eGOc791f4MsHC3y6PsUH1wZ453wHqy0pav14TYo3vVl+zEgbHBY7HykM43JfKWuDFSy3ZqBJdOf+aJ4KxuGRYXUTmsqmTu4+elM9f9kZaXi6OapQT0+JJS05irSUSBXoLyJNDD49VDX2pBh/kiIdiAh1IcDXAQ+3oxiYWKhhbGGNiaUNxlYHMbU6hM0RVzHzQ+jq7eWojSEHzI3Zu0Pkz8KAZB970k57UJ0RRb9Yel99NlcmOgTWHdyY62R9sYu7Aue7YtfKDP27EnfOD3DvQh93l3u4PNnCFQH2+nwf12fFyKdauTbXrcbavDLMLma+0M2N5UHWLw2LnS/x9lt3eOe9R7z75DEPHt7m4aO73LqzLn31FaamJgTocs3UFeMbeBojSydMrd0wt/aUz+Ihn8sJY7Oj7NHZh77RIXQMbdirY87OndoC8dfZvGmbCvXXBOqvfPe1jcevbOE7bbFBlEcmkp/QRmHODC3N79DV+a4A/T00HQ8FMrfpa15ipmtFPvw6V8ZXuTV3mRvjc1wZXWSmb4GayhmyC28TFdZKsFswJ+3s8LYywclArFt3p2rR2199SYX5S0oxGMkmLC098Ii4hVfQMM77xdQtxejN9dSjnYk2BtsVUL+C8Y7NGG7fpIaBgFt322vs3vIqOyW2b/4uWmLypvq7cNhnjLfjAZys9NROOzPSl/LMYOoKzlGeFsDqQC5vLtfxk/t9Ej1i6r386FYX71+o5e5IFut9aVzrTOTBSAZrvUn42Zts7IOuv0PsdhvvPXmHf/nfv2RJst+54QrmBsrFmqtUoE/0ljKmKVKXLPS359EjUB8QaA93lqu7rA1rKtTlav3SSSr30ZUhd8XOexSgK+VhO76ZEFeiDsErtq5OjBtoUIfch/obN+6lj3UyN97L4uQwy7PjLM2Nc/nyBW7dvMrt65e5evkSyxeW1SEsS1M9jHT3YiQgN9ilhc5OLXbv2MaunVvRkti9c7vY+h7M9HUF1MaknHGkKjmE0a56rpwf5tHaiiQtGgKPecj3s0/dz/uAkSG+zs6c9PAk+ly0QD2e2BPHyU/Po6ZxkOgAfxpyM+SiiSExxE/d0MBQXt/KSEnWzNgnMDfQMebcmUj14n5HGv237fwPgR6klt+tlu8uQ4F5hMfzEq+u6vK1b5d/VWe5P986VRlu/2bIXZkQp9w//yZeGHqaGHrSMcnY3dQJceknD5B8wopkX0uSjpmSdtxcoC7HY8akuhqSJhBPdjIQmBuR7maqRp6XpQr1Yj9rSuX/rRNLbw45RNtZWzrC7eg4J8ezB+iNOEp3lDMj6T6cF6upDbKlRky9XmA/kOnHYl0sS21pLDTGMF0VynRFMHP14Sw0xzIrzy20JbLYlcZcV4Z6/26kUSy9KoqW4rO8dXdVPY8dYgVprWlktmeSq8kmuyudpI4oTrf44atYeJMn7g0ueLee5kzXOcKaBBitB+R5S5yrjoqVO+NYZYxHrS1HS/3xb04hoauQIqXca08t5X01Gxu5DFVSJdCuGCmjUtnxrS+Hir5iGgXgmuUOBq+1s/j+APMfdjD1pJKRR9k0X4qmciqImvFogX0mtUMFYvE1XLmTw1efZfGzj9P4s3fj+OJxBB8+COHprWNiig6sLQeQVVyMudVhXpYO64//5CVeeum7bNqyG1/fMFKScynKK6GypJTaiiox2yaaG9vobO+SYwumxmJlPtKBV+RTXZ1DXVWm9GttYuhDavQJZMdGRtUa2tfW3+DWow9466Mf8+Tjn/L46ZfMXrtGxWAdBX1KHfxkEjs2Jnj1apqlHe8U89uBucE2TCUs5Of9Fnq4Oh8gONib5KQIiouVofcSmltqaGtvplPTSYcy1P8c6GppWAG6Egrc1frvXe20VeaQc8pRgC5t0ecwFYn+AvAUegRCjfkRdFVIQleRQINYel6UF2nBTjTnnmGlr4h703U8nG/lrZUe3j7fzjsC8I/vLQqs53h6dZjH8228tdrHe+tzvHd3mU/fe8Bn77/DB2/d5untBTH5bjHyLj57uMTnEj98Z009fnhzXMy/RB12HysIoUsS0+4sfxoTfRmRZGNttJ4bI9WstGUyJG360WSVWG6HJDG91Lb2UFrbQkrORkL0lz/7GcGn/TmpbOAifYfSV2WkRUlEqsfM9Ojnx43nUpLCCAvzwcvDkWOSoLl7OGBhs489BiaSWJkSIMJhZGolRmuFhZkFRmLtRsYm6OsrfY8WriKK4fZWhLlYc8zWRJgQxWxvnSTEAmiB+fXZbtbFrm8LwB+ujvFIzPr+ysZR+fn+hWHuLA9wY6GXG4t9YuntXJ1r4+JUI5fl8bV5+Tckgbq2IM/L47ULg9y/ucCje5d4/OYdrt+8zG1JAtfkuHp1hUtXLzG/OMdgfzdDw920a9qwsnHFyNxZIK7Ub3cVkDtiaHJU4gi6xgfRNrJht44p27ZqsUVEePNmsfFNm9Wlalu27WGrliG7dMzkb4z5TtW5c+SdTSM3qoKKbMXw7ghYHtDb9S49Er2ttwVMN1keuseluWdcm1znxuQiNyenWBmYZqRrnoKcXuLjBok6nUuQixjCEU+O7z+As6kuB/duZa/Y+Usv/bFkEC+z+fVNaO2xwiVwBNfYx7h6ZXFonx02ehvD7YcMtbA12q0Ov2ttfoVtYuo7XnsJbQXkAvDtr78kGcqfsEV5bufr+LjYYGeuS9gJpSawPcePiknamIipi9VFeZIb50VfldhOawKPFiqkodfwZKWeZ5caeet8NfenS6QBFgnUc1Sgr2mSWOtL5YynDbvk9V757h/R2vJ8k4y1aRalQ1saq2V6sJzJwTIm+sqZkc5uYbiWkc48hiWj72/ZiFGl3KumlInuSgF1sUC+QM5nHt3yu54WZbLcBtR7W8ueT4grezHbfaC7msG+BoF6kxhFk5h6CxOj7cyMd4mhK/cMxdIXx7h69SLXrl/nxtoliWtcunyF416eKswNdfagt3sX+ju00Nq2k11bNrFz6yYB+1Z1e1y9PXs5IOA/47mfhnR/NEUJXF8a4e31izy9f4OVcflOT/njYHMAK+kgj5oYckLg7m1ri9cReyJ8fQn3c6M4t4Cu1n7y4iPpKMuhMjUabyc7rAz12G8gMDc344DAXBl219OW2GPAR+9/qE6QG6tP+x+H3L/ZmKUiyVcM/X8oJPPfDP3bQFfs/L9vm6puzKKEurOaD4WJnuTHiKGfPaICPUVgnuhtTqIAPcHDRIBuTqa3KVli66li5ClOAnZXEzIF5qnyONvTnOzj+8g7bkGxj6UK9KZgG1pD99MlRq6JOCRAPyiP7emN96A/2YvVumiG0vwo97Giws+CrnhXtYDIeJFYeX00i43RzNUKzMXMlztTOC8x35bCan8ey2JfC925jDQk0lOp1Io+S0P+xj4Cf/fLvyOrI0ssPYOcTmUduLJrWiHFA/limalkdqcIkGJI61HWjieTqkmmuD+chDYPEjUnOF53iMNl2jgWHsC9/DT+NQnk91cKzKuolM6vordWooqK/jKqhgopG8qTyGdwXTrttUam3m2m+WoyZXOnyBsLJLXHm5R2P3I6IsjtTKWqv5jmMQHbeAOa6Va6pENsni6kfzaAq6sBfPQwimfrp3jrqhd3V45yf9WK2xdP0tLeibd3KPp65mIgm9iyeRdGBtYcOujM2dBYsjLyyM/OpLIoj7amRupqlJ0JOwTiNdLpbVVrrdeWZFFTlUVDZaZYeTP9AtKhoRE59jExMcnCwgqrV25z+ZZA/fEzHr7zOY/f/ZJ7b73P4NIchT2FJDaH0yh9h/JfYlwY5kY7pS3vwERvO4a6WzE22I6FqRaHDxrh5WlHWIivmGc4BXmJlJZlUVtXLmBvpkXTrQJcuZe+cT9dmfk+hEaZEd/bR09HI+1lieQGOXDOeR9VcQFoyuMZbs5Xd+xqKoqivTSO9opkWkoTpS2HUJ5yisW+arHLLh7MNwnUxcAF2h/cGOPdtUnef3iZZzfneOdiP49XB3nnzgWePL7Ox08f8YPPP+TjZ2/z/jsPePboJk+uTIjVt6n32D9/uMz3377GF29e5FOx9YezzYwWnaNRrq/2JG/Kw5ypT/ThgrI2f1Ysd7SW5ZY0WqNcuSNt5PJkG5oeDTXNXRRVNpKaWUBdQ4t6Dr/4/ANJvKrx8/bA39dDNXQF4P9TKFBPTjxLyGlfFeiebvY4OhzCwkSPiKPWuMl3EeZ2GEt9bQz1lDLVurjZmOJ/xJJwJ0sinKwJPGCIg/FuAt0OMdhezlBrqchKo7qpy5oY9u0LQ9y7OMqjyxM8ujLJ3dURHl3aAPrdpSFuibXfPN/HjfMagbr8PwsKyNsE7K1cmW15cbwy186KgP/S6gTXry9y9doyS8tzLCxOMzs/w8qlSywuL8l33Ul9QzWd3RpOh0VKMnIEAxMHTC2dMRMzV0CuZ6QUlzmIjtEB9uqasHOXgHvrNrZt2/ZiRruyOkmZ9b5b2wQDpRCNiTXfKQyJION0BPmRuVRmSeYoQNc03aSrcY2uhmtomm8z0vuU8xPPWJ58xuqYZBuTF1ifvya2vkJLdR/Z+WOEJc0SrMxadwrC54gvngedsNY1YLNA/CVlZruAfI+8GaWQicXhDNzOTOETcwkHu0D5MowwFfCYaW3DfNc29mnvEqDvRXv762x5RbHwV9mz5TW2KuvAFcBLgrDPVB+9vTs5KEmDp/0+HPfLl+hqQ8xJR4H4KRLOeZIZ40PECTsaC8KpFdObbohmfTSfxwuVvLVUy4OZEu5NFHFdOqhL3emsdiZzQYxoqTWewmg3/J2t2CavpWaWP/2SBTGUBYH3XH8V0wLyqX4xdQH5eG8Jk/KzMgFu6EXJ1zyBeiFjXcX0CcB7W/LlmCPnUzqWljz1ucG2UvX+eW9riToxrl8Zbn9eFlbZE13dba1fLP050MdH2pmb6GFOme0+O8rFC7Ncl4zvimR+a2tXpRHdoLRIrMbYAGMdbTHznehu28FeFeY72LVpA+ha27cI0JUhQx18HSwpjfOmrziE7qJoSVakY7h+QTqCNS5O9JEachonSyOcrQwIPGhO4CErgg7vw9PCHO995sR6HKahUKw8J5Xe2lL6m0rFghNwsrHCVjJoO1NDrE1MJcEwZu9eAwl96QSNcJKEb2OC3NM/sPMX99CVJWtZpygWOGdF/P/D/Jt76Mpe6P99Qtw3ZV831p0/n+We7qcCvSDBg5xoZzJD7EgJsCFJYJ7gpQxzKsPtpgJ0CzL9LMk8LnB30SfBXk9duraxBt2YLHcTMXUTAbsZJT4W1Jy0FpgfoCXUWoz8ML3R9nSF2QrY7emLd2cgxZvZ8lBWBOod4U5UeJvQKMDvTnRjqvg0Y8p+1zXnON8YpYJ9uSOVi325EvmsjVeqE3KmxdCH6xPoqYiUjj1M3RBiuq9SPY83n6yT3pFBroBd2VylRNlopVcsti9PnZFeNaLUba8SkJcR3R6GX9UR4ps9qe1NIrj5pJi6MfvTzfHIE2uSf0dZalbeW051fx3VvTXUdldR1ausRRczn86m42YhVauR5E0EkqkJJLc7ksJeEYOuJDLlGkppSiCrJVXdoKWyv5y2sXraJ2rRzDSjkc6vfapJkgRJQBqD6RzKZPVCDutXyrl1tYQ371bw6G47N2/cIzurisO27hjpWWBuekhgepCD1k6c8A0hK7uQopwsSnMlaSiW91WQQ0VJGX4+Pujs0SXI043G0nSa64qory6ks7ODQbFyZSh4cLCfsbEJ5s5fZGn1htjTHa7cesz6/fe4/+BdHr/xHis3bkkyUkNaayzX39kYDbG3sxKA7xKY75Q2vQNjfXksP5uJhNhY6uFw2AKfY/aEnfEmIfYUaWmKredQU19HfVsnrd39L4CuRFfvsHTwQ/T09UkyX0dnSRy5px2IcLOmpySWibZ8+hvzaCiOoUasvCLjDG0VqbSVJ9FaLAliYw6XJtu5rQwZzzbxQJIlxaif3Zjg2f0V3rt/mTevTgughrh7dZaHd29w8/plrlxa5s76VdZvXePRw3u8++ZDnt69wsc3pvjenUUB+RW+fOc633u0yif3Fnh6eZCFxhQKTh+lMsKdKpGlnoIwLo3WcU9e+/pkEysdObREu3K9M42VsXba2tupqG0lv6yOlPRczoRF8fkXX6oFueJizgmgnfA+5iq27kVG6oad/xfMo1+Ye1qKJJ+xoZwJ8sPVyRYrSwGY3m7CXG3JkHOdFejCGZf9HNknfY18LzEulkS5WpHha0u4ozlu5nvwFUuPO+tPV32hCGqlsKyLi3Mabq8oJWEF3BL3Lo+qMFfijpj5veVhFei3lxWga7i51PUC5oqVX5pu4sJ4nWrryvHCRBOL463SR3cxPT0gbayDYbHw3t4uNJoemlvbKaksJyw2lkOHXcXMnditZ4m+6REMze1VkBsYH0bP8BDaBvvR1tvHnj2m7BZmbtmyRQ3FztXlasLSLVu2qiVfd+3SY8dOfbR09PhOzukw0gLPSMeWSE6Chra6NTQNV+lUjo13BPAP6NF8wNzYB5wXoK9M3hegixFOr7E6eoHe5nFycvsJT5wl8NwoLoeD2H/gDPpmAWx6bQfbtmxn1zYFvIewM7PGTEcXS6vj2MrfHT7kiZ3VUQ7K81Y6OpgIZIx2CNS1tbHS10N35xa1sMvW119hr7IByy4lKXhVrFMyYiNtjjke4oCJLkdtpDMyEcPYbyyGbiV2bk/4iYMCAU+q0k9SLaFMLJprSWC2MY759iSWuzJZ6clmqSuFqfpYBivOMVYTwXxznLqVZYCDQMzagM8+/kCdCHdxVux4QGxczGVGzGW8u4jxnhKBeZG6dG1UMlXFwIfaixhozae3KZvuBmVj+yy6m/LkqABdAfnzY3OhulStt62EIQXgXZUMi8krFeSGpfNU1qEPSiiz3SeUErDD7RuGPtGtAn1pfoSrl5a4IUC/cf0Kt2/f4tLFS/h5HcdAW+xcEiQ9+dJ15cvfs2UzWpsF5ptfE6BvZs/O7Zjo7BaompAV7UNv2VkGi8/QkxfKeEe1unHBupj63ZUx+mrzOe1oTLCTPmFOpoQ6GnHK1pBDJiYc0jMg+IgZLXkJTHVWc36ki/NDHZSlxsrFpcw/MBWzNxOrMmXXbh227dyr2vkBs32ESaf75SefqZ3k6nD9/2DnQTTmnFJruH9TOOa/D7Wrw+/KRDkB+rdnuP93Q//2hLjKjAC1QlxR0jFyxNAzztiRHGBNgkBZAXqMp7EayuNUbwu1WlySiy6JjsoadGU9uq4KdGWmu1I1LtvDVAxdgB64Tx1mbwzeOHZHHVWh3i1AH0v1ZiLTn7GcQC4J7ObkXDecslLhP5DmzkzpaSaKTjIpdny+Ppzz0gaXOzK52l/A9dFSLg8WM9ueKTBPpL86Bk1ZOO3SRhsKgynPDOSrH3/B777+HU0LjeR1C9C78ygVoy/syxHTlp8HS6mRjrdmtJFEafuu1ba4NtjgWnkIn3Jf3KsjcSnzxzrOkhhJessGFHCLjQ+XUztYS6NAvbGvhiZlj/WL+WRPBxDe4kBG1xmqJRmulvdXNqgUYUmUSCC7O56MjniyW1MkucgV0y+iblBZ0lZJx5QC9VYV6MqM+Ko+STKkzdf2NbN2/02+/Oof+eKLH/PpJz/krbc/Z3LyIqHB8TgccsXF1hkf+2Oc9Aoh4kwCRbnlFGbnk5WUQHpiDOnx4QSdPIG2JI3bNm8nxPmwuqlHQ00hddXFdCsFaEYUQ1cmxvUwOjYpQL/M+ZXrXLh0g6vrj7m+/gbXb9zn3t03uHHnEZ2TfeR3ZnH7yRo///nPMTXWxUT6HhPDvZgaagvIpd+SPsjcTA9rK0Pp08xxcbDB38eJsyE+xMaEkp2dRllVFbUtneqs9j8Aer/YuVj6QH83Y2KPXSViq6ccSPQ5TFteBKOthXRUZVCbe07abTClKUHU5sdQnxvBsPQf05pKri/0c2e2lfXxWt5Y6eXtS328f/cCH711i3fvXObe1RmurcwyPzvDwPAYzfI+iovLqamuobdP5GBpmVv37vLuG4/48OE1vvfmTT554zqfP7nDh/eW+GB9mk/vLbKq1OeP9KQwzJWWjGCmGtJZGarmpvSNygzxC5IINkqSvCT96VRfE3WNzRRXNZBXUiVAz+FcZBwBp85szEX66EO8PJwF6O7qcraAE+4qwHOyYsnOVEZfYl4MvaenRqhQj4sJxsvzCFo7Xhdj3YbO3l3s09vFsQMGHLbQ5ZCZLoeNdTjlaMVJRwuRS2scLHVw2GfAcQeBe2gArY2l0o+3sDzbz43Vce5fneShMiP96pRAfZR73wB9ZVh9rMBcGWq/sditwvyFjUssj9UwoSliYbCSSWWHzY58RqXPHh5soqFREuIKuVZyMjl9Jgz/U+E4ugVibHkEHf2DYtVW6v1xI7HzvQYHMbN2wcTcYeN+uf5+9uhasnuPIQaGhgL0nSrMFZBvQH0L24WpW7fsVOuIbN+xW13GtmXbLr6T6i826+NL4olTJIUW01SxKjC/RHv5Im2lczQWzdLVdJv50fcl8/iEyzNvsTp0keX+Zem8VxjWnBcrHCM1Y5SQhAVsAwexss/BwPI0e4w9MLNwxmqfG57OEdib2Yh972WfviGWAgMzbX32SWdvoaOP8U4tDATmOjt3oKO1B53dkpVsUqrgfJdtctwjQNqzVZn1+hrGyv60ZgrE9Yg87YWbrTl+cvEeNNPB3sYAD1szovwOEyu2nhN5jM6is7Tkh9BbFU2tdO7KrNHRukQ00im2iuUoxzZl60p53C+dZXKINLSjJlTkbVSG+t6z+8wMC8gHy8WIKqSxlssXp+yglqeGsua8rzWb/lY5tuQKvMXCG1LpkgbfLRm0piFHreve26z8vki9v97XsgHz/tZSaQjVjGpqGBGQj/bK454aNUZ6ayXqmVKG24fbmJ7oYGq8k/NzQ6wsTXLt0gJrF5e4f+s6d+/coqWhUazbAEMtgfmO7WLn29GWc6YtQN8rmd3Oza+za+uGne8z2kt4oBsdlYksdiex1BHFpfZztOSGoKktYnGoWZ3w0VWZTm6Ur0DdiDAXEwllOY0JkT7ekiHbURoTwMpAG3O9TdLYRxhrqyHU24sDlgrQLTDRt0BHvmdl176d2/dipG3AMbvDdNfU8Itf/Irf/O7rFxPkvn3/vCX3JHVZgWRFPt/nXNlN7TnYN2zd7b8myUW4vdgHXQG6sv5cmRBX/C2gK8VkXkyKU2a5J3uRHeVEeogtyYEbQI/zEJi7GIgdGRAlEa8UlhG4J8vjZGdDUp2NVJCrdi4wV2w9x9OUEl9LAboAOsSG5udAH4h3pj/OSYB+hJEkT4bl9UazfFlpieZiSzxDKV7yt5Z0xx1hPN+H+cpgzteGsVgfwdWeHG4Ml3JJLHuhLYUF6SinxHaHauPV4XYF5s3ShuvyzlCZfVLdSU4dRfpfPyOnXyxK2WxlII/8vgzy+sW2B0uoHq6jdqSByPZI3MXOjze5crzBFfeK43jURsvP2YR3KolACaVD5ZQNl1ExIoY+VEv9UD11E9VULMQS1+5GwUCcQD+bMkka6kaU0q7ZFMnrZvRGkt4nQOqNI6cniTxNKgWdGRR351A1oAy7V9E2WUuXmE37ZDMN8n4qJVEok06wbrCNyctX+OSrX/DTn/09H330Jc+efSn2+AGDA3M0FbYQ63SagANeHLfxwNXSmfBjkSQEJhDvH0mMzymO2R5l1/YdvL5pO6++/BqB9vupyYikoaqA+royujRtYkyDDPR10qvpYHximvklBeg3OL96jUvX7nP1xiOu33zM7fWH3Hv4NnMXV6iVz6/uIPbmG9jst2Sftbka1taWatjYWHLgoBW2djYcOXIAFxc5v17OnAw8Tnh4CCkpiRSUSlLV3KECXd0q9ZsKcmLn3X0Dcp23MylC0CnWm3fGhZJIL1oLotSKk00V6ZRlh0mbPU1lehgNRXE0l4mI9NUxKXFlvo+bU83cHKvlznQz765N8OmTB3z4zkMerC2yODtGYUExkfHZRCflE5VcIJFHWHQqZ8/GyfvLpbN7iFt3H/D0rYd89MZdiZsC9ut88ugK79+c5jMB+ptLvfQVR1MefZzByiTmNWVckPah3Fe+NFzDansavXJtzTflMNDVSlVdE0WV9eQL0DOyC4hNkNcLj2H10hX1fLa2NQjQ3Qg4dowTXm6cDPBUjVyBuAJ0Jb4xdgXqqcnniI8NwsneRhIrPbT2aLFLmHHSTgB+1AKP/Xo4C7xt9Hagr7WNPfI7Lenvdm7ZxHFXZ0oLJSnuFRDPDHNpaYKHty7w6MZ53r19gYdrs9wRS7+1PCAy0y9G3q+CfG2+h8vTbcK9FtXEz49UszBcxVRvCWNKKW/p79trMinPkSQkScQ4I1wgnoC3jxcOTp5YHnDCyOIoJpYumCvQtnDA1MJRrdduaGKnAtxQDF1PzxZjw8No6yigN5efzSRJNMHN0Rpj/T1s3rRh5cqtpC0iyVs275DjTnlOC63dumhrG0mY8p24455ES4YU5X2StKgmaktXaW+8RkvpAo3549QXzIhhrjM58IS50adiU1dZkVgavcXS2E3Gelfoap6jpmKc1MxRTof34RI0yZH4G1idvYi1RzU2dtGYW53C3uIwNjqS2SomvnMzRspktx1bJOQLkOxDWwX2drZv3c7undoCgM3yxl9R66lvff01sf3XsbEyxtxgN76OB8XExfRNtQl0P0LwcQdSzh0n0M2a+BA/ks76qGvSyzLPUJzgS73SiYu5dZSEUZtxViDlR0HcCcqSJVIDyYs5TvY5sb1QsQBpHOa7t/C9j57yv//5H1kcrWV2qEK9bz49UMFkT5kYejFjmkKBsbJkTdmMJUcii14Be1dTLh11GXTWptNVl6kCvbsxe2NJW1OxCnW1tnt7iVo1rr9N2Ymt/Pn2qXWMy0U6pu6PXi9HiQEJMd9JMeDpCQ0LM4OsnJ/g6oVJri5NS/Y9z+hgBz5u0nikkRvu2KrCXG/bFjH0zegI0HdLo1ZMfc+WrWpiZLZnO1525ow3h/PVszr++c+q+fVX+fzyJ3H85LM4vvphOD/8MIO7F0uYlcabc9aD1NNHBH52nJPMN+qYA/Pynj+SC/3d63O8tTbP6ngfTcU5uB6yw9rUHEtjc0nMlA0EdNDapY22PD5oKiYc4MvNlct88cOv+O3v/vP5BLnlP7B0ZYa7UvwlS1mOFukhEHd/ca9crQgX8bywjDyfFeVJZtSGoSt2rm7K8nyG+7eLynwDdWVSXFGip3zf9qQ/n+Ee721OrMA7VgG6ky5nHbWJctYnTkCe4GJEmocYu4sxuccsVah/UzEu19NcDN2MagF6Y5AVzUGWtJ89yFCiqwr0/lhHhpPc6UtyZTDdk8WaM6x1J7NUHUFXxFGBv42A3oOFyiCutCey1pPJvfEyrg8WMNuczKj83WhNNGP18SrQuysiJdE+R2NBqFhbiAD9lLqTnLJEUvnv+ruXyO1NF5iLnfdmC9xzKO1TZqxXUDHUgF+NB+4N9nhUeeBV64pn1XE8a6PwbU7HR5KG/L5SKodqKBajLlUsfaSCoRsDVC5Hcab0CJX9BVT3Kbuo5ZHZdZZCgXfDbD4FQ7GkaIJJ6TtHVn8Ceb1pAvlciuX1KwTm9QLz1olaOmea6JLOsUM6ycaxVmrFZqoGmmgc7hB7n+LJ97/ib//h//D9L37Khx98yTtvfyTJ7ZgkxMs0na0kzy+TNN8UIhzPSrKVQMnZYnIDMsjxSaL4TJYk+2a89upmtDZtxv/IPiozozdquTdWC9Bb6eltQ9PZSN9AD1Oz8yrQly/eYmFZ+rXLt1m9fIerV26xdmWd+2LpV9fv0j83ulGXfH4WV3cXnJ2dcHR0xMHBXo5KOMhzjri6OuEmv/fycsfPz4tTpwIIjzhLYkoyuSXlVDV10Nw9QHvf8Iu16G2afnp7e5nub2K6LYe27FCq4vxozZLEtiianoZ86ktSKMuJlHYdRFlWFNV50dKn5DE3pMCpn9UpSfJ7irgipnhvro0P7l/h4/fe5PGda3LuWoiKiRNDPEtQZDJhCdmExmURIUA/E51GYHAsgadjiErIoalvgtv3HvD+m3f48v23+eLJTT59fIlP7szy4c1J3hDYTYu0dOSHM9yQxaz0Uwv9NVyd6eLSSB0XmhIZV2a/t1WKoTZRUd1ISUWdJDNVZOUXk5yWTUx8CtFxyfzoz37Mr371S8JP+eAvUPcTBvlKEnQ60FMdbs/Jinth6hvD75HPI4KEuBCO2FqJoW7h9ZdextPalMDDltiZ7EFbWLL19S1sem0zr8rvXvnTl9ASw/WUvjElMYaWlmqWz09yZWmK+zcE6AL1h9cXuHV5kovzvaxOtnNxQqks187KeAtLI7XMyDUx218mEC9jqC1P+vU0SjPOUZQmbTAyEB9Pe44esma/jbkkfFaS1DlhbLIfY7PDmFptbHlqtd8NS2slXFU7N7NyUKGurW+Nrhj5rl1mEkYCcgt1RNPZ/iAn/ezxcT+I7t5dbBYj375DawPkEoqdbxWYb9u+mx0iSzt26bNjtyHfSZKTGOHuQMTx48QH5ZGTOU5d+TK1xQvUFC1QV3qJrsY7TAw+5fzom8z3LEnju8vUwG1G2+eY6V2kv3mC+ooRSkuniIjrICC0g+Nnx/AKH8PGMR87t3ys7YLZv88dUx1505I56W3fgrFkUcp9Xp3tuySj0mHXtl1sV97gNm11Rt9WAZBi6C+//JJcpK/IB97CKQ8ntUqZ51EbzvlJlu6rLGPy5aTbEYH4CXITT5Ie5iUX8hnCTxwh8awYW/xpks64yt/aEXLMjvjgYySGeBFzSp474UBUgAPhcvJCvWw57WGDk5UOIz0bVaHuXp9gWjq2abEWdSJcfykTAriJ7lLGBeiD7ZKNtivAzkDTmEa3WLmmPkvOWTaaZjHzxlx6JXqU6miNyt9tTIrrbdsw9G7JwJWSsMoSNmUXtlEF5H31KtSVLVQnlBnucrGPj2wMuysxP93PhflR1i7McPPiPOenhshNiuWggS5mu3epCZKBmIrBtq1q6ClWroxwbHtNgP66mjgZbH2dcA99fvowk//8xRy/+UkHv/1hE7/7u2a+/nU7v/l1Ef/2r5H88uexfPZGBk/X6rgonfy9uQ5uz7Ty8fo8nz9e5S8+vsv3377B99+5zb2VcWKDgjDVN5FGaaRuz7pzx16BuQ76e/Wxs7Ej6uQpWksKWV64wC9/9U/8/ve/U8/zb379HwKt1BdQb1Xqrqf6qkBPV5atSaggfxEbMP8G6Gp8a8hduX/+zYQ4FeiZJ//rPnqqn1pUJjvcXl1/nnJiHwkK0D2M1IIykfY6hB+VOLyXMNvdKtRT3E1JdTNRoZ6n1G/3Mlf3R88TQy/1saJKBbqNCvWuc4fojXFgJFlALkAfTfGgN8GJIQH6QnkQVzvjWRd7nsgOoC3UhsFkZ2bLglhtjOVmbxbLzXHMK7PeG6IYqQ6nvzSUvrIw+ipj6SiNUGe4K0CvyQ6iSjr+0nR/+bx+/Pmffc5vfvtrGmYaKBSIlgyWUdivbI9aQKGmiJLecnyq7XGo2I9LtSPedZ541RzHqyEW36YkPKsDiGuOFytvomywmjJp842zzUy/OUDx2DmaJspoGq2hYbCCRoma0XjKZ8LI6jlN/mAEyT1BJHQFk9ETL8lAPtWj5dSMVNI0Vidm3ijAbqZrtkWA3imPu8TYO8TwW6gZaqV+uJOBCyv8+Oe/5Ff/8h/8+Md/w0cffM7T97/k3toduf6WuKi5TldMOzXn6igNLhWIZ9AQU09LTB1N58T+o5sI94rilZdfQfu1Tbga7xKjDaexqY729hY0Yo2azjq6u5oZnRhnau682Pka5y/dYm75Cksr11lcvs7lSzdZvaBMMl3n9p2HrD98sFHtrKONoODTBAYGcuLEif9P+PtLBPhz8tRJgoODCDt3jpiYGFIzMskrq6SyqZ3Grj5aegZVsDcLzFu7uulXtn3tE2kQoPcURtKVd46Bkgi6S+NoLE4SgMdRkn6OvMQQKrKjqcmPo6+5iOm+RpalL5jrq2aiKYWb4w28cXWST5+9w7N3H7MkiX9UeBgOzp44unnj6unPMZ8gnN1O4OhxAnffIPxCogg8G8+5uGzi04voHRzm7toSn3/whC+ePebjx5d590ofb18c4JGY66XhOiaac5nsFMj11TDdU8WFsSZWBqqYVbYCVm4xdsr32SSGXttMeVU9RRXV5EhCk5lXRFpmnjr83t07uFEXf20VP3c7fATqvl6unPBx4fRJuZYzFKBvQF0BelZGtGrpCtRTk8M4dsydTa8L6F7bis4upWqawG6rHHfsUeuaK5OvlQpq2lq7MdLTx8bSTN0kJjk5mqbGCiaGu7m6PMOqmPoVEaP50Q5GumuYlM800VUu9l1KV3UGrWVJaGpEzKrT6KhIpS4vhtiQ47jYWeHpchT7w7YY6Buzd48eu/fosHuvIbqGVhiY7MNi31EBtyMW1vaY77NXZ7ObWNizW8cSPUMbCWt0DM3ZrWsiZm6GroTO7r34eRwm/pwn4Sdd8Pc4wh75DEohme0KwOWozG5XzHyzQF1rtx6GRvvYq2cuyYEF34lxOkDwYSuCJMOM9E8lPa6b8rwZ6souUlt+jcqSyzTWP2So/z3mBOILg+sC9NtMtC+w2DvDhcF5ZrrnxOLnKS+bIjm1j/DYLgLO1OF5ohxH9wy8/Ipw94jD2sYTPclG9HTM2SvZhLacBF0BvLacBEMDc/ZIx68jHf8hG1ux8V1senWTAP0VXnppA+jKvRNbCxOK0yVTi/BXd/NSJsCd9bElJ8qf02KNMac9OSlZTVnKKTnx7gJvb044HZS/ccbPwYYAlwNi4DaSANhKHOKU+yFOuh7E33kfx2yN8TpsgtM+7Y2KcD/5jCmB2MxwBbNiKgrUFaBP9ZYyKlnbSHehCnNl7blSVEYjWaumIZMuMfLOOnlcny0XXj69zRvD7T0SGmVIvi1fnQjX01KsVodTwD7YXsqwRiy9u/qFnU+oW6g2M/n8Hvq0xNyYhsUJAfr0MBfFHC4ujMq5LyPE24X9e7WwlGTJbNs2zLdvx0RM3VABuiRG+mLoSrEe7c2vi7VvYZ/2a6x3H+XXfz7Nr3+6wm+/nODrH0zwu7+eFaC/zde/f8jv/3OVr397id/++yj/9A/5/Pz7BTy72cYXjy7wsw9v8bOP1yXu8sO313n/zirlmSlYGFuhr72xt/peaWzKULuefKdH9tuSnBDHQGcbT599zNMPPoLffy1n+Wt+9W//9nyL1fdflIBVJsVVJHipM9wzvzH0SLdvAV1Ze74BdeX32dHHyI75r/vn3wD9m01ZNqAeoA63VyrrwRO91CVrSoW4ZD8rEo+bE+NuRKSzssxFn3N2OirMlYh1MiBRYJ6ihLPYupshud4mZElClOtpJEC3pvrkfmpP2VB/2or2sAP0xTsylOxGf7wzXeF2tIfb0pvozHSBP0ulw56aAACAAElEQVQ1oVxsF2hXCqjjHeiJtGUk25vp0mBmKkKZqwlnrCKYEYnBijP0FIfQmS+JTmEo7z64QkuJwLXwDLU5QfKZTlGSFkBBqr8kdb7qefzp33xFUZ9Se71SrUdeoMkjvyOPkq5STjZ64Fp/COfaw7hUOOJVKTZZJ4ZeH4F7tRcny1xpUQA71EzTdDutl5tI6/KneiBJTLqA8p48OsS0eySZbeqKI63zGJ1XC8jsCSa5K5TE9jDSNPGSEBTQMF5Lu9hOjxikZrpDok1g3kbnlIa2cQ3NIx1UDyrFapoE6JKsXrvKP/7bb/lXia/+5h/55OPPefLehzx551PWlq4y0jzPZMEcfakDdCR3UxdaS3VIFT0pnXTFt9IV3U5LYg8etu4cNdEhxMGMxrIM2gTmnQIZjYC8u7udgcEBJqfmxMovs7C6LiH92soNFi9cFqhf4+LFm1yQ311cVZaD3uUnP/qxel7LyiuIT0wiWow3IjKS8PBwzgm0lfjmsXKMiooiOjqauPhE6Q/TycwpoKC8hvKGVqpbOqnv6KGhs5f6dg1N7R2M9bWx1FMmMEyTxC2GkcoYhkvCGKxOpqUslabSVDHCcBXouQnBFKWG0VWby2hXNQujbUxKv3G+p4Q7s+08e/M2n37yKe+9/4zaukoOHbLF2NQcPQNjDOVoarVfjvvkeACrA0c47OAhfbQkIaEJhEankpSSw4XzM3z64VO++OBdPnqkAH2AB+c1vC3JwvV5DePtxYx3VTImfdaEtKlLU+0sib1qsvwZbi2jraOThmb5bhtaqKhrorS2gaKqWorE1POLysktKFXjzr2NRKkoPYIALzsBupsAfWPme8hpf5HLRPKyE/5gxrtyjI0OxcTYRERBl82blfvIOmjrWmBqth8zMzP5zIewk899YN9+jtraqVs9a+/eLb8zwdHxKCkpCQJ1+T6K8tC01lFRnElWYgSV+clUFyVSV5xIfUGSiOBZ8qLl+oo7TWVyKCWxp0gKcOXYkYOYmyivv0fYZaDGHunrtHYbqWDVMbBkj64ZBqbWGJsfxtjiiJxza4zk/embCMgNbNi9W4G4hL4B+nrGGOiZsl/Ylhkjr5d+lpyEAFIjffFzPYThHjFwRXS3734B9J2SuCi13ffsMZbXNZTkwEqSAwH6GTtzAu0OEOjgQuSJNFJiWynJGae6/CoVZVeoKF2jtuYOnc03xUzXWRy5z9zoGxKPJDO7zOLgIuOd02KeYzRWj1CU10VquoZEAXtIWC2hYZWSqZZJlhiMvWMwNvuPYyFZiqmxNChLWyzMD2AgH971sB3GOlo4HznMuQB3LIwM8HU/ooL8FYH6d7/7Mlo7t3Haz5UgAflx+33SUUeTFOIhYHci9pQXKWEnxLjdxQKPE+TlTG5MIP72Bzgm2ZTzfhMB+n5OOO7H38maMN+jRAU6cc7XXsBuo85od7PWw9FiDx9/8B6//c1/cHGqVR1qmVHsXLF0MZ4ZxdB7ihjuyVe3TO1vyxagZjy/V66YeZqEQL1xA+rK/XIF5h0K7FukAbXlbuy+Jhm2AnRl3flgZzmDbWUMyEUypFHuodeqhj4upj4z1KZCXYH5zGjnxjaq4wMsTw1yQWJ6oFXOQzye+4yx1drM4e2vSGzCdudmbOR8WWzbgsm21zHdvgWjLa+xd9N31Qp73enGfH86kX+81cMv13v55+s9/PrpNL/7xQ2+/t3n/J4fiT1/xu9/8zH833f4+j+W+PX/yeOrN+r4yaPz/PWHN/jbj2/y/bfWWBnsFKgkqcPs+tob+6nvkca+d5cepkam2O8/QHhoCEWFmfT0DbJy7Z6Y5G9UmP/7b37Dx3/x99x7570XE+TUe+gC4NLYYyrQswTYSij30r9t6RmR/zXkrgA9N/b4H5R8LfkW0KuUyFRquQvQM/woSzpOboQj6S+AbkqMhyHhLnqE2esSdlhXoL5XYo9q6oqlJ7kZkeSuT7KrLunuBhT6mVPgbUaRtwVV/gepPmVNzel9NJ09QGeUHb3xTvTGOaKJPKIOw3cL5Cfz/JguDuRCYxRLTZEMZx0T2B8Qg3dgOMdH3ahFgfpw8Un65e/6Sk7SWXSKpaEq/vLPv3y+4uIHNBQEq7s9VWQpHUAA+SknyEn0UesaqFvVPrpOYVcJBV3F5In55bTkkN9cQGhjKE61dnjUOeJacxSvajGjunN4N5zGpcaTU7XOAl4x3vEOas9X4F90hJBCb0qkzZdJp10uiYJSTKZS+VmTT0JdIPEtfuQMh5A/Jp1uZzJ5vdlUjZTROt5Iz7SG3lkNPRIaedw52UGrmHnTSCd10rYrJXFV1rk3yOOZa2v83/+QNvFv/8k//Orf+MGf/aUkf+/z5N2PePPBM5bnH7BUf5mhjBH6s0fRJHZTH1IjgO9Gk9xJT6KG4bQhBnOGOeNymJyzx+QaqxSYN9DbVU+vpoH+Pg0Tk9PMLKwwJ0nC/Mo6U/OXmV28xPTcohj6RZZXrrBy4QpXVte4tXqNv/j+9/nXf/1XSssqyMsvJCs7l3Sx7pS0VAF2ihqJyUlqJKckk5qaRmpauvxNFlk5+eQVllFYXktJdSMV9a3q0Ht1cye1LR10dAoMh9tY7spjpEpgXhPHTEsGvcURNOeG0VCSRJlYuWLouQlBpEX6U5BylpbKTOlTSuhrKRNDr2V1qJY3byzy8UdP+fDjT7l97zHxyanoCzA2ZkRvEQBsY9euXezcpYWWQGL3Hm0BkY66+sRm/xE8vE/ieyKEsfERPvnkA7789AOePbjIm5eGePPKOG/eXOCafI+jbYVMdNfS31TIkMjK8mgzM+35dBZG0q9pob1TvtvGNqobpW9qFKg3NMvnVobgG1RjL62opbiihqLyarWt/uKvf0pKiBWBPkfxOe4pQD+mRmhQANnp8WSLredkxYitx5CRGoPj0aMCsd28tmmLfDZdzEwPYGpqgbPzURzsj2B38LBwxUY+pza7pR969eVNvP7KZmHJVrS09uLq5IyXlycRYWcIDvRlcnyYqxeXSI05Q3L0afLToihTXjMmhMxQH9ID3ck+c4xEv8PSriw57uygTrxUoKrEnt26Ii/66GiLZRtYqEDfq22Mjp4J+gJaI3l/+iaWGCiV7ZQ15XtNBcTKih9dDHUNhXn7iQzypKU8kcaSRMqzwgXs/iRK+40KcmOfwV52bdsA+gbInw+zK/OSduqiLa+zW9li1dhagG4vlmpvyxnJ0iJ9E4k5lSGZQR0l2ROU5c9TUbgktr5Me901ySTvMT/6JrOjT5geeZOFMfl5aJXhjkkB2wT1VUOkp7aTkNJKXEIz0VHVnJJ/78SJBBzdgnFzP8PhQ17YH/XGZp8DNpbK/QEDDlvbckpO8ElvL3zd3AjyccXlyCHyk8OxsVCGbnXY9Prr7NHSEkM3xfmgJS4HzYn0d6U+N4rEEF8B8iGS5OSHetvL0U+ObgJyCzFuU3wF4j72YufOB+V5SRj8jpB8xk3CnegAR4I89gvw9bA330V2bJDayD545xbT/eXMD5a/WHM+rdh6v7JNahGjmgIG5SIcaMmitzGDrvp0FeyaplQ5ysXWKABXh9hz1XvobQL0Tvm5Ryk+o9Zt31iupg69txYx1C5Q76gUS9+YEKdY+lhvgzrkPiUxO9gm572bBcXOJ0ZYGuvhWm8TD6XDfiZJw9OiBJ6mHuOdM2Z8eFqLRyd2MeWiRfW+zYQa7uTgzi0Yb/4uBlu+S5afAZ9OpHI/6yR/N17HLy/18k9Xh/n3Z0v89hdvwW9+wNdf/4jf/f0j/vN7F/n1Fwv8/ucT/Pb/5vLVegmNiedozouhLCWSQE83DilVm3TEygXkutr6Enrs1dJBXyzd5dBhTri5k5aezMqth9R2dNM3Nc/vvv694PxrPv3xXzFx7Q7PvtiY8f5P//gLugqlw5L3VhDtQe5zmP9XuKswz/zG3JXnBOg5MV4bQI/3/kOgP5/hrtw/V++hZwWI1Z6gNMmLvChnMoIPkRxgRbwYd6wAPUIBuqM2YUcE6CrU96iWrtR0j3c1JOWYhPxdqpsB6WLqhb5mlPrvo9z/AGUnxdSD99MYdpAWgXSHQL07xp7OiMN0hB2iO/ooo5nHmSoMZLY8mIX6c4zm+dIaeVD+9hD9aW6M5vszWnyKIQF6d74fmkJ//vqnGyD/9n8zSjlWSXzKJUlRPmd+sq8K9OwEbzHKz/j3X/879aNN5LTmC8yzyG7OJFfaYUZHJh5VzjiV2wnQbXGvcsRP7Ny76jROVe6cqHagYzHz/3H2HtBVlunC9pxRx7HTSyCEBEihQ0IJpEAKkEp677333nuy03sPCVWQJl0RUEGwYUPFsY69IaKCiLTrv983hNE558z6zp+17vXs7L1T9lue676eSnSzN24FK4enwNWkkVSTSLJG2dc8k6z6DIF5EpkC9JSaeAJLXInUiD3V25PeKjbZkkFJV5HAu4r6AQXm9dT21cr3tZR3Vqjwzm0ulwShlPTGInU1urymak6+eY7L127y85VrfP/jVT767CJnX3+HUydfkjjLU0+/xvbGI/Qkdksi1El7Yhc1/uVoxM6706UOCm+iO7KVntAWUpzcKEnwkvsxndoy5T7LorG+jK6uLvoHNgvQd4ih75XYw8DgVjYMbaFvwya2bFUWZ9rJ4IYtbNu4nSObtw63enz8McVl5eQVFpGdm096ZiYpaakkpcjxTUokPjFB4B2vlolJKSQkJqtloiQAKWlZpGTmqwPEFKhnFpSRVViuAq+pvoKtci43lkfQku5Fa7Ykei25NOWGkR1mL+fWndRID9KjPMXQXYgLciJJvq8qSqVFU6QOqm0TOdjRU8Px40/z8utvcOLUi/L5trLKeo06MvphqTsVIXr44Qd55JFH1KlPCuCV5x8UYVLK0aPGMF1XH9OVlrR3dvKqSM3rL73AqQNbeHprI8/u7uPo7iGekHPYXpFCR00+jcVS/5XEs7W9nG5lIFy5yElrEzX1DRRXaigoF6iPRFklBcUV5BfJMZTIKiqVY1BCb//Q8GZXjzeS4D2b9SJY62zNsbddjcMaK1wd1xIXHSq2HkxcTCCxAtoVAtRx4yeqS6DOnK7PgjnzWbBgroBdgKqli56e0gQ9i3ETdNW9xSdrz1abuG0kWfH08WfBfBMmCwwnjh7F+FGP/Om+2r97uyTH/nJfhUiyLHBNCJYySJLnMDXyxdyDfFyFRZMYP3aCmL+WwHwS2lL/KVDX0tJR11pXuDZ1isB20lQV/lPEonWnzZSYJe+ZhqGhPubLFpGXHEldkQhhiYhgUQQVOaEUJAeQHu1GfLC9mPo6POxNmKIMfhOYTxw3Tp01pm7OMk6LUeOmMFH+5hQx/Om6RvzFd4UxHpaW+Ni44G3tgftqV0Jc4kkJlwMeXSOVRieZyQNkZz5Ba8NRMcIj9DYfZaD7DEPdxxlq30Fv/ZBki73kZ3aQFF8rGVUF0WFFuK6PxdEhDLNVrtg5hUrW5cUKY0tMFllgucIae5t1aMs/Y75wLramy+Vidcdq+TICHNcxT09HDNuFdatNWW1mhsn8+ejrTWfJHAOx80WkykEPcxMz8HYg0GUdrtZLWaQ/Hc+1yzBfPAfTOXqsMp7NPN0phLjaCPAXiZWvEINfjr/DCsLdJUNbu1RgvgCbxXqsmD2RFXPH8+bZ01y6+B39TQq8s9jQkiMwHTb0vpZMgWsmnY3pdNQp67UnSJYaTUOxALwojOrCKIF5ArUlMWiKoyRi1ab4+mKx9UKx9+LhPvUmtQk+VW1qV5Z9bVamrknZVa1sp6pMX8uno14x9WK6pdJTB8w0VzAgmfyWzmZ2tVXzRk0q38v/8kORG7/EzeHncB2uJs/j16iZ/Bqhxa+5xvyeM4frcbr8FDGecy5jaVs2jkDDRzhR6cPrjam8GOfJF13FvCsVyGeD5fx8uIcb5w9z+/I5uH6em+ee4JdDTdwQoN/8tJKbYujfvpaOmeEs9fzM0ZuB0Qw9jHSno6ety4xpEjp6zNSZiaG8Nk9fXwW69QobQiPjaOjczHuffcXOI09T3d7Nq+99zJGz59l+5BA3b97k8u/D/enPHdhESYxAys+cRH+xbz8xdaWPXIW35V2Qj4Ta3H7H0FNC1qjN7enKgDix8+yYPw+Iy1WfE9iHW8nvX0msMm3N4Q7QBdD+Zsr0vCl4LNXCy0Rb7HyKCnUfEy3V0kMtlH3SZw43v6/UJcZShxRbfVLXzSbDYR456+dS6Dqfcu+FVPksRONvoja313grQDemJdKSnhQ7utLs6c50okPZC13svNxnvrpRS0OCFc0C8YYkO04f2fKnyub27dtqDHcHvSPJyjDMlc+aKglMogA9LtiaJjEo5eudD98hTmAeK9dodHEk8ZJoJslr67IdMM+xxEKM3Lp4DTZFHtgJlFcVyvf5iwitX8WKKCPS65PIqs0mozqdZAF6UlUyqdUCdI2EJJJZtWli6soCNKlElwUL6BMo6I6lqDubku4yyrvKVSPX9GoE6HVUdtRQ2lpNUUu1CvSM+iJS68Rc60uoGxriw28vcVHs/MLPV/nq4hU+/OIn3nzrY06ffIUzz73Kiy+9x1DvYTalDtEb1UVnTCcNYWLnQdWSDDXREtYkMG+iz6+aquBoNZnWFCdTk68MVs2hs0Ne6x9gg8BucPMuiScEfNvoGxikV2Jos0BeYnBoG0MDW+np2MTOumr1WJ556WUqNbWUVFRSpIC9qFhsM5+snFwV7mkZGQLutOFITb8bySnKc/JaRjapOfmkKE3PeZLEiKnmCdQ6GsvZ1pxLv7I9Z5Ir5XJOOxU4Sl2RGriWaG9bEhSIi50nha4nJtCRhHA3irPjqSlOpzo/lp7aHHZu7ef5F17ghZfOqvtrVzY0YThnngpwBeb33vtXgfffeeihh1SAP/zwQ/L839Tn77//fnntQcaOHSd1tQ2DW3fw0quv89LJ4zy3fzNHt7fxzM4+nt6zgQ1NxdQVJojEpFMnf7tVJGWTsqJlhSRNdVXUNDRQpqmjqEpDYWXNXaArcC8sr6awTEqx9zylj71kGPCf/PNTdZGp8mQrEuQ+8HE2wU6EzEEZWGhvi9t6B6KjQomLCyEkyFsgOUHANlmtcwyVwbezZqIzVUf+/yliyQbqlqOjx0wTG16IrsFy9BdYsmC5NenZBXj5BzF56vACVxNGj+WFUyf/W7L80fvvSb1bTWZ0EPlJkeSkRFOaHk9VTjLVBaly7BNYa2FGhL83KTFhJEUFExXiQYCnPa72Nni7rZFkxBwL00WYGi9k/mx9ZmhrYTRdh8VGBupaBtGSnBWnBcuxjFV50FwRrwK9Ki+EkoxAClN8KEjykATCnSh/W+bNnM48g1ksnD1TBNiIlcsWskge62orycNkSRIkJmvxl3h3D0IcXAhc64iXtR3ulnaEOQeQGpBMYWwZmYmtJMX0kJI8KADbK6DbQ2/jXnqa9tHTuJ2eus10aDZSU9ZHaUEn2ektxMbW4uWdiZ9vKmusPXFZH4yzg1iApTOrlkrmZeNMhJ8fwZ6ezBIAONta4udkT5Cro/zjAvJAF5YYzSY/IYTVy5YwV8BgOEOX6VOmsNDQAHuzFQLrhQKLOQQ727B0zkwsxNjNjOdhJeA20J7IDK3xLDHUZfHMqaxbNh83qyUEuawicL05gc5i5g6W2JvOZ/VCHZYbjGOZwVix8OGBcIf29MjnzFJHtG/sKmRTV8Fws7uAvUcg2lWfTk+NMv0sXsCs2HmMAD1KTnYMVYUxVEvGVVMYqa7upGRfdfJcfZkyOC7pzvQ1Zd13sfTydFors+T3ZKtLw7bVZtJemzc8Za0hT52b3l1fQE9DodxI5Qy1VXK4Ppuv8135vdCd37JXcy1cm2uBY7gaNYsrhXZcSbHkSrQ+v8ZM51qyAb/HzuB6vA6/pU3jcr4pJ6J1eS7bh6eSfXmnNJnXJV6V5OI9SV6uPS0W/vpubv10jtvfnuKnPXX88qSGW2cauPl2Bbe+S+KX7yLwWmfIQh0tFsqxnT9TV0o9Zs9QzpGe3GAzWGBohOmCBViaLMdy2UpsrdcRH5tJTZMc1x2HeP+z79ix/xD2IRHUdPdy+eqvfPbVBa78fv3uALn6LH91cZ8EdcDbMLDvDn5TRrX/wc5HYJ4cbEtq2FrSwoftXAG60iSdO2LnI0u/RsvrEdaqoce6GROhzEO30SdIYK30l3suV4A+Gc+lAnOTyXf70n2XTFE3awmznEGYubJXusB91UwSrGeRKD+fstZIoC6W7jqPEjHycq8FAnRjqvwUuM+nTh43ha6kPd6WjuR1tIiBN8Va0RhuRpn/QsqCjdHEWbCjLZPPP3zrv8H81q1bEjfVUvk6un+rwNxObY1QpuolhFgTeycO7d2ovmfj/kGBejSxpdEkVsaTKpYdWx2HRYYdlsWOAvU1AnIPVhe7Y567mrUlxljGzSWuJoIUjWLgiRJKH3wCSZVi5ZJ0ZmvyyK0rILs2i4LGPAqaiwTs6ZRLolkhBp7fmi/ALqKwtYTKrko1ytorKGoso0CMNK+unJwGMVVJWJXIlYS1b89Bzn99mc8vXeOrS7/y6fdX+OCzS7x57mNeOv0yL556hRdffIdz73zLTql7NkT20BXWTmtQPRqvUuq9K2kNa6E7pJEN3tV0ZZTSrDSzl2aqze4dLY109/bSN7iRvqHNbBBw9wu4e/o2CNAlQdgwxMYtTwjUdwrUn6C7e4j6po10FJQMm9vBw2galB3R6imv1lBcLp+nRD5PoYA5v5CcXAXu2ep+6ArgMzKz1UjPyCI1PYO0rCzScvJUqKfmFoipF1JRWsJQSxmbNEl0KDMX5LrN9LEkTaIiNYC0EEciPWyIkIj1k3tIwB7hb0+0lLnpERRnxZITH0JrVR579+7i+dNneO6FVzh47Hkqm9uZLkn1gw89qA4qHgG6YuQKvJVuzPvuu4e//vW/pLxP4P531eYtV69l276nefG1tzh54hmeF0N/ds8ABx7v5eAOOeaaHCqypV4rTqEyM1Q19H5FQirzqK2rpVyOT3F1rQrz/ykKKqrVuAv5suFQx9C8fZpMPwPSQ+YQ4GIuMLfBWQzd2VnCcz0h4cGsd7RHT+A9U2e6yIM206ZqqeN0lObuSZNmyGfQZtIUQ2YYLsdogRXzFq9l1tyVeASEkV1QjJnVWsZPmYHpCguCA4L4T1+ffPg+A611lGXEDcM8NwVNQTKVufJ9bqrU9xmUZSeSlxJFRlwwmfFi1nFSb8X4kBzuLsmXCz4uawXCM5g65lFmThqL3qRHMZgyBj8HM4pSAlXZ66hOk+Oaos6YahBTrxaol2f6UpntLcmoH7X5AZTneMn366nNdKY8fS0aKVeazJBjoCXWPxmdaZPkWEzmL6kC1kg7WwKtLXA1X4b3agtiXBzFXmKI90khyi+DqOBy0hJ75CRuoru8l/aSDvrqt9LXtFNgs512zWYqCnrIy+kiJamVyKga/P0K8PNJI9A3Dk+nEDwdPQn1DsPW0gXTRctxsLTGzsJCTHo2y+cYYmKoL5C1IcTDQS6OXOICPTERUIRI1uPv4YypiYkKjDkzZmAsUNeaOEZtMlkqxq49aZw6V33mlMkYiJHP158q1qiFiRi7tVi6u9Uywtyt1GltEZ7WuK1agt2yOaxdOp01xlOxnq+Fhdi5unLZu2fpbEqnS+k7b89jsD2fjR35bGjPUaHe3ZxBl7KYTI2yQMzwwjG1YuLKfruaYgXo0XKio9SpDZrCCGoVwCvT1+Q9SjSWKz+Xqhr68PQ1ZS13BejZah96q1SWykYuygIzSt96h0aBej6DUukd0KTxQ4E9v6Ubcz1JYB0xmauBE7jq/xhXY4240l3Ed+lWXAmbxK8ho7kaOloej+O3sPFcDJjAKb/xnJaL4mjEel7Ii+CN0hQ+ac7h0/4yftzRwK/Herh5dju3vjrG9ZcG+LI7jR+3VHPj2U5+f6GVW190ceNyBhnRs9SV/JbOULopprN4lh7GBrNZPHsWxnMNsViySBKxpZJwLcVCgO7i7EFedjGl1fV09m6ic2A7u4+fIl8qgLbBHk6+cY63PvqCW7dv8tX3F9Tz8PbZk3cMXYG51f8KdOX5keb2xOA/95/fBXq8850mdzF1pcldDF1ZWCY5wEwFeqT9PEKtDQi2EEs31VWb132WTcVbgO4pdu6xcALuC8arUFdMPcRMj6CVOmoocI8RY4+3mkmSrYFq6jnr51HsuYgit3lU+i4WoC+iQoBe7b9I7UdviLSgMWYVtRINcVbURq5QYV4abMJn77/+J4grLRc3btzg99+v8dtvv3Hll1+4cvmy+rzylRJ2B+bBCtDXEhdiqwJdaX7/6P1zXP71FwracgXOw2BOrU0hszGLiOp4rPIcMM2yFkv3ZZWydWrmSlbGzyKgwJm0umTia2KJr4qSMppkTTwp1clk1eRJFAqUiwTm+eQL0PNbCikSeNd01qmR31hMmkag3qD0jZdQ3FpMvjzOVn62qoDcmjJy6krJUmDeUi4JQAUtW7Zy+r2vOf/tZT7+/ioffPEL5z++yFvnPuXlMy9y+tRLvPDieV574yteP/slW4sepy+sg3afOjr962n01tAW0kJfdCf9/jVsLG6hp61B7q8i2prrBdB99Au4+wY3iZVvEXBvZ2jjZnm+h4H+Ifo3bGFAAL9R6VffuIv2tiGy87vYuXN4U5FBsfqG5g5qG1qpVlb9qq6hrLKKkrJhsBeKsecVyGfOzyM7V5Iegbca8lgBfaaEYvNZuXlkClgKS8toE6Pd1lJAf1Egmhh78gIsibJfSOiahUS7WpAUaE+Up9SJIiJh7qsJ9bIlMsBBJCuAopx4yvMSKMuKobulkif3H+DE8y/y3JnXOHDiNJVNXWhP01XBfe+993LPPf91B+h/l+fuV0OB/D33/JW//e0O0B99DCcnN3YfeobTYvrPP/sMR3cNcGRbBwd29LG5t4n6knRKJJlQRtqXiEW2lSXTXZVKZ22RupRpuaaekpo6FepKKKY+Yuv/DnXl8cjrJ06+oB7nnV255IXNlViGj+sqnF0ccHRbj4OHO06eHqxdu4aFRkYY6elgINY6foLAfKq+ulraww9PVK18zmJrDBdaoz/XkjmLVqn91iGR8QL0UgzmLEFHfy6uXj68+cab/L98ffbxB2jylQV+kqRMFLjHi7ClUZGXQkFaDKnRgXLfeUnpT0K4hwrySB9HPBwtMJw1nXGPPMK00Q+iP+kxDCY/irHORPztllMvbOiWOr1XWaRM7st+ZcXR+lTaq6JpqQinsVjZXTGEhgJ/6vLcBeKOaLLWUZu1lqqsNVgu1WOm7lQ1pmtPQm+aNn9Jcbcjdq0FQauWEWW7kjQXK4JszQm28yLeM55wl0gSw4pJjZQbM66M5oJGWoub6a/bKqa+m876HQKzIarLhygtHCAztZW05BZCQktJidcQEpROtH8MzjbrsTVfi5e7N+ss12K3cqVkYW64yN+1WLKYtWZLWWO6EG/H1cT4uhG0Xmn6dybQ0QGrJUtYtmA+84wM0daagpFAXWv8BMY/9ihTxo1hgrI++ehHmTx2HFMnTRCoT8VE4GJjMg/XVcq0NPl8663wtF0hpj48Pc3NfDbOy6ZjL9a1xngKr79ymmtiht2teQLSRDHxNHVk+1DXHZi3Z6uj3HualNXhhueft1QmDgO9KFJdFU5TpIRi7HECc3lcECvZVrRq6grkleeVZsDGsmGYN1dlSoWTSWtNljoobmQJWLUZvkZZcEbZTz2b3toCdkr5UaYltzJMuJFqyM1YLX4NGstv/gLugEe44v8IvwSM5ie/h7nk+wA/+f6NH33u4wfPeyXu50XzBzi4fhpH/Mw44GXByZww3pL/4VR+BO/UpHCpt5yfdzdy41Qft755llsfHOCHbSV8NVDET0/K8yd6ufFeN7eu1LGz0wEzfW1WGkrMnsbSWTMwm2+E2QIjVi+ei/myZXK+jFk6dyGWpmb4eQfLjd5GQ+cG6lq6qKzQEJmUwNDurXz67XfEFFay6+lnOffBp8Rkl7L9yQPqjdRZk0HCneb0PwL9j2b+L6APzz9Xmtv/J6Ar87Vz4u3UQXHZUbZkKED3X0mcm4lUogrQDQm21CdgxXR1/3NfE7HzO9PW1H50gbry2GPhZPyXicnL+xSgh1roESGWHm2pS+wqPTXS7OeS67aAPLf5lArYK3yNKfMVYxewVyt96sGmaMTKNZGW1ERYUB1hxvNP9t2tQJSlMX/77SqXL//C5V8u8+uvv/Lb1Stck+euC9hv3FAGFA43vStT1RJC1hATIGYeaEtckDwOEbjLcehoGF5//LXzr5Jen6xudZpal0qy0gfekEdIRQyrMtZhW+iJZ3EgOVtSsU1YIgAuJKs+i8TqBKKqgsXow0mtTyK9Vn6uNp8cqbxzpMwVoOc055HXnE9RWxFVnTXUdNRRUFdMYkWKJABpZGoyBd7DzfbplWKs5QK7arH3RjH5lgoKlWlr7eVU9Lay79QbnP3kEu98+Rtvf/QL597/gXMC9Fdefo2XX3qTs29+KvENZ175iudOnGdf4342hXfS7d9EZ2ArXYFSL4W10RNYzda2Afq75XFHo5TdDIiJbxjczIDEBjH0QSXEyru7u1TQbxh8nP7BbfT2b6G9YxPNLRvxCsijr3eXJFO/09LeQ3NbN40tnaqpV9fVi63XDYO9qppStSm+jKLiEhXuirnnFxSSX1igRl6BJDJ5SimJUEkppVUVdDWUsLk2lS7FzuXaTVxvTIjNHIKs5+Nns5hAe1OCncylDjQj0MlChGgNCVEeVBTLcU2JJCUuiIKMGPq7Gtm1dz/HT7/CsRdeZefBZ0jJLmKaWOwD6iyh+yTuVfvQR2CuxP3336dCXTF1pdldGTwXEZfCvqMnOXbqjLok7KHH+9i3qY3tgy1SB2oozY5Vp9FlRXuRH+tBW2UqAxpFciqpa2igoq6R0jtQHwH7SPnvYC+sHIb5yHs+/fxzLv90gdKElVJfz2W1lSmr7cTOvb0JT0oiq6yU8JhoZgm49LQmM27saCZr6zF+og7TdOcxw2g5+vMsh2E+f7UK9OkzFjFV14ASSb6yC0qYomOEqYUNlZJ8/F+/Tj5zSCw9gcqcJCpyk8lPjSJLzDzSz4XoQHdJpD1xtF6GvYTlUiP0pkxk/OjH0B73mLoN+AqjKZhMH6cuRZsd7kBvXQpDkmxv7ShQB71uUgddJ0uk0teQRk9NHG3lodRJsl2f40Rjnj0NuWupFpiXZziycokR06dPYMb0KehMncg0+Xt/yfSwI8nRkiQHM2LWGOOzQh/flXPxt1pNhEsoqUGZxPjEEO0WTGFsIU35tfRWdYk1bqe76aDAaJuY5S4aa/dQVbKZvFyBevYgGWmtBPml4+YURoB3FG5r3eWDuhPqE4KrwN3DbjVBXp7YLFUGxFlivmihZDVu6j7b1qYrKUpNZf06ZxytbLBeborJvDnoak9ljFj52FGjGfOYsrH7o0ydOJ4xAvRZOtPQnTKFBQYGWC01YZXJfHwkUQlwsMLPbhUulsvUEe7OpkZ4m83CXSpkhyVTWbdYSwDgcadyPCdgTVb7yJVBcAMd2SrUB7ukVFeKy1VBrzS5d1QnShalTEuLpblUTL1oeBBcTVG0CvWaQmU+eoLAfhjoahQqlh6vzkVXoN4iMFegrkxZU/rQO5Rd2SrT1DXeW9U91HMk881lg5jNS5luXEucxfXYGdxK0uJG+HiuBY3jRuAorvk9xFW/R7isQF3icoAC9wf42f9vXPS6j8+d/sZxm7GcCLbgaX9zno915qOeEr4cqOLKE/Vc2tPCr2LoV4/18fvZbdz+7jS3Pj/BRbHzr+R9l+Q9P+6o5uY7fdz8pZbdPXaYG2phNkcx9Kks1JvOqkVzMZ0/hyUCcaOZRswxMGT5okXYrVpHenYNmw+cEYAfZcP2fSRkZpNSmCwVZzf7n3qR7y9dIbm8hqUOrliudyexrIH3P/mYC999RYpY578D/Y8wHwH6cHP7v/rPR4CujnBXDF0iW+w8K1ZgH2mjLiyT5PcvoIfbGhIglu27Yhq+AnR/Abq3MsL9TngtVJrdtfA2Ftgv0VZNPlDeq4Q6WM5Sj0gLZST8dGJs9El1nEeGmHq+2yJKfZZQ4icGLlHuv4SKwGVUhqykPGQFG8WUP/3HGyNOroL7t6u/cuP6dW6Kmd9Wp/bdVmcEDJe378J85EsZ2R4baCOJs7WA3YZ4AXyC0q8un//EU08MD6Lb20dWY6Y66j2xLoPkuly1uTulPoeE6mhK+6rxKlxHZEmQwLmQ7Eax+uokYqrCia4JJqkunrSGVDLlelSAntco0SzAailQ1zvPb1YsvZjytipy6nOJKY8jsiyCRLk/0qTST5XkMa0iS4Auf7e6QIBeSkFLibola1aTmLv8voaNQxw9+wkvf3CZV87/xNlz3/HKax/xyqvnOSvla+e+5ZU3L3Lq5a85cfojjj/1Gvu7DrAtb4DuoDq6A+vZnNHHVs0gO8T4N2/oY6h/gEEF2AOb2LBhszrYbVCx9P4NAus+NXoF9v0C8v4NUpd1bKCgtInUrHoWL/XgjVdf48uvvqa9q5/Wjt5hqLe2Ud/cQm1jk8C9UR0EpsC9okZDRWU15RVVlJVXUir2XlpWTnFZmbrQSrFEYXGpaudVAvT++gI2lEbQnuZGlVyvsU5S/5rpE2y7UIRqGb42xvitW06wswWB61cRIoaelRZOZVk2RXnJ5GWLpRekMrShl227n+TIc2d48unn6Nm0A5/gCAG6zp3Bbw/ejRGYD/enP3CnCf4BdaDcjJkzBaxNHH7+FY6/IHHsGMcO7OLJLV08PtBCtyQgucmB5CX4khnuRHGiNx0lcWyqzRQRqqVejkdlXRNltQ0q1P8YfwT8CMSLq+T5anlvzXBs3DZ8rT577Ek8gvwIiI4jOi2X5NxSMkqryamoJUOSotkzddQVRcePGy+GPoVJWvoYzLdAz8iMGXMsmCUg1zVYiZ6BqcB8HobzjKlrbic1M18FuqdvGB9+9DH/f7+ee/oQOQkhxEW4E+hmi5ONGfNFIA0MZjF61DgeHf0wY5VF0eR4j3nkQWZPHsNy3TH4W8/FynACvpZz6RIB3Nqexw6pX5W91p/ozWdbZwZDrWkMiDAONSTSWRFGS0mwmLoHDYWOItMC9Jx1VKevpVws3WqVoQBdCz0dLaZpTWC6AvQ6ZeSejz2JDuYEmC/E12yeVGrz8FyxSAw9hpwwycJDU4nxiiLWK47moi66NNvpajokIN9Pa91BmuufpqZqH3VVeykv30t2dj+JCU3Ex1QSHZIlYI/HY30wPs5+Angf1lg6khYVydoVptgK0OfN1CMjxh8PJw+8XPwE/E7YmDvi5hzIkkVLMVu6nAkC8jEPP8yohx5mtFykSijLPM7QVuYBTpYsRYel8xdguXix2P9SfNetkszWWoX5egvJmpYbY7XIENflepKw6OJnMQMX0+lYL5hKXOB6Xn3plHqyfvj+aw4/uYGBznyJXDb2FDLYkUd/eya9LXLhNqXSXZdGp9hLm7Lca8Uw0Bvlwq4pCBeYK6MVY9Qpa0oo5l5bOGzvSh+7pihBbXpvKEukuTz1DsAzaBdDb1VGj4qld1Zl0yUVZ2d1Nv2aXJ4oT+S7tOXcjtXmVvIUsfNx3AyfxPXgCVwPHMM1/0e5opi5zwP86K1Y+X1c8LiXb1z/iy+c/sqbq+7h2HojjoqdPyNmejrHny+3N/DLkV4u76rhxvF+rj7Zzq9HOrj17g5ufvsctz58hh8Hq7g0WMlvhzv5YX89v7/ZyM2f0+muXMZy/SksmjkFXbmQdCSWz53HPL0ZzJo+U76fri79usJkGYG+4XT0PcmBkx+Khb9ERWsPUZlJYusdUgF0U9XQQXFdG8lFtSxdZ89qV3eBRSln//GRej4O7NygNqf/Ed4q1P3F1JVR8IqZB9kMAz30X/3nynKoKtDvwDzvrqXby2vDa7kn+a8g3mPJ8Fz0NWLoAnRvMx28l03Fx2QyfiZa+Iql+yhAV0x9kTw2maoOlAtYrnMX6AGm2irUw8TSg1ZqE2KuQ4ytAUn2c0hfL6busZgiHxMKBehFYuglAvTSoOV8+t7rf+wl/zdo828Av/Vv8a+fef+9N8UQrFSgK5aeGCpJeqQdKXIMOmqSxHq+5+fLP1PSWUKSmHdsQyapDbmk1RWIiReTXVtA8WAZNgkm6oYsOQpgBfTJAvSoiggixdITNFFi6clk1+eTXy8wbhQbbSmnsKVUYF4stl5IrgBKaVpP16QQWR5BYIEf0cWhJMm1nl6ZSVZ1Pnl1JWSI3WeKtWfXi7nL/5JUl0B8TTLpDYV07NrF7pPvcOxVgfaLn3H8+Xc5deZtXnz9n7z0+jecekns/PRnnDj5D44df53DR17g8L6T7Nt8lL3bnuHJnUfZt+cIu7bvYsumLWwa2sKAAH1ocKuAfLOUm+jvG6CvR0De3SswH6BTYN3U3EtDUz9V9f3EJJVj5xSPo/Ey9Si/de4dunoH6egeoL1bwN7ZRXN7hwr2hpZWFe51Tc0q3DV1DdQI3Ktraqmq1qgxYvFKWS6mWCY2r6muEgOThD3bi4a4NdQmOJAp17X/qjkEWMv1uN4SH/uVBIid+0vp72BBkIcNpQVpVJZmUyJlcnwoWcnRdHS0snHHHrbuOcDQjiepbevFzScQvVkGPCKgHh7d/tCfgK7AXHlOGTSn9J1PnDgRC5Gpjg1befqFs2rT/YnnT7J7x2Y2dtYy0FaNpiBBQOZDTowHOZEuVGeG0ZkXLECXOqu5VgxdgF7fRLlY+r9DfQTod6N6BObyXk3T3Xj+9EvqMde0dBGXUUxidjkp+VVkFtWQll9BSEwMy42NmDpOWU10onwO4cAkPXUtdAXkBvNWoadvis5MY6bPWsyEKfrY2K2nWZKx+JRcdGYsoL2z/+5dd/nnX/j262/kTrr9f4L6e++eIyEmkgmSVIwaPZ6HRo3nkbFaIpxTeVSgPm7COHS0pzB51MMs1B7NmrmT8LeYg5e5kYA5ks2t2TzRXcyeDaXs3VDIzr5cHu/KFEtPpr82moHqCHrKg2gvC6C93AtNpgOVyqwXKRtznOXYO5EUZYX+TG10dCYzbfJ4dKdO4i87OxuojI+Sis0dn9UWeK9cgofpfPysLUgLjKcwOotE30TC3OKJCqmgvHA7LZqDtNUfpklA3tR8itqap6ivfVqy0b2Ulj5Bbv4mkpLbyUxuICWujLiofAK9onFe64XlSnvsrJzwc/PDy9mdwvREnB2ccXNwwsczivWOIdhauWFl4czqVQ5MmTSN2QZzmDp+IhPHjGGUMu1CwD5GLH3i+AnMnzsfQ319rFea47rWjnBPT8JcHQXk1gQ7rcVtlSkOpkuxNZ6HnbE+nqZ6+JgLzJdri63PxNRwIgumj2bu1NEEuzvcPWHvv/cqjw9VysVczFCH2Hm7sqNaDj1K/3md2KUmUSw9Wcw6kbaaFForEwXK8WLlw7BWpqqpTezKqnGKvUso1q5AXhkFr4x+VzZqUfrUWysUoGdImSRZWaoAPZ1esfaNYl5PViXwUo4r1zOMuB2vw+20KdyKncStCC1uho3nt5BxXFZg7v13vne/l6/X38NXTv/F10o4/pVPbP7K88v+zjHPBRxwXsgRMfQzad78uKWGKwLqC0MV/PJ4rYC9kStK0/rb2wTox7nx1m5+P9TDld31XH66m0tH2rh+topbFzNoKjFhts5EgflEtCZMQlsSKgMdbQy1dTHSEahP02Wx0TzMlptTVlLPjr1nOP/Vr+w7+Qb+ibEM7j3M4J7jNHZtpLJtCK9gf2wc7fCIjcc2wIvaXg27nn1F7UNWukGKUnxVqI/0lccJyO+uChc0DHR1dLsAPT183V2gK1O6FKDnJ6xXYxjqjmLqw1uopgVZkOi5VJ2LHrHOSN1lzVdg7G0q0F6ihY/AXAG50tw+DPRJ6tx0pR/db9kUFeb+y6eqQFceB61UvteSx1NVqEdZzyJu3WzSBOo5XksoCDAlP3Apz+3t/7fq4db/Y9wUhv/G7evfwZU3uHXhCLcuDY/S3b93iOgAxdBt1dUSU6PWkyzHoas2lU/fPaO+58Rrp/EWcDpX+OJfE0KC0oQuQE+XCK7yxjvbUaw9gwwBbZpGoK9JJ16uv/gqpf88gey6LEm28iluqZCopKS1iuLmSvKaiskQ40/XCKBrskmqTCZK7DyoKIiI4jASipNUmOc3lAr4S+V9+SRWp5Eo90xabTKJNbFEVUUTURFDnCaBzPZymrYr4yzOc/DEeQ4ff4Njp85z7IUPeeY5iWc/4sSz5zl69CWefvoVjhx9jQNi6wcOvciBA8+zf/8z7N65j83KqPWNW1WYb9q4TSx9kP7efno6u+lo76SxsU2im4qqFmLi8/ALzCAitgJntyScTUzY4DxJPW7Hnz1Jd98QXWLySnSK1bd399DW1a3CvaWj80+Avwt3JcTeR5rnlVBgX6OpVfdmb6vMoi3Lj+ooa4pCrcjwtiBE7NzPaoHahx7oZC71rpXUZ1YErV+trlCWHh9GUX4ihfnp2K2zIiosgPqGega2PkH/1p20D2whv6IOBxdP9Ocs4DGpJ0fgPQL0kb70kVHvCtD19PTwDwpjYNtu1fKff/lNjh5/XhKifgZbq+lpKqcmL5qMSGdSg+0ojPekNjOUjkxfNsn10t5QJZ+1UT5jExUC8//J0v8M9mGYjwC9vLb5bqhbAn/7PUnZpaSmZVCQn0RabiZx6VnEpyZjtWIB07W0mDB+Mg898iijpZxpuASDOZbMMlqBjt5CpuktYJruAnWTkzkLl2FuZcvSlbbo6s//053XVt4g9ZURFRU1/Pzzz/9nWz916jSOjh6MHq0tYJ8ix1KLceO1RTLHo6+vjGrXxm6JHgE2CymOdhMZSuBxEcXd/UUShezbqEBdAXoOO3sF8p0C9fp4+ipDBOiBdJf50VHqQUWiHWXxCsxdac6VOjLdneKk9axaYcB0XWXrWK1hoJ85/AR7elspiovG18ocT7MlBForTZEuZPm7EevmI2CMJMq/hMiQBhLj+6go3EF9+W5qqw5KpnmExvqTcoEeprxiPyWlOygq3k5p/gZSE2tJSdQQG10ssI7B1toDT7dQTJfZCLDtiQ5NwN7GkXXrgvF1DyckOJeVy12ZO9uMObOXsnTJSsaPHcekiZPEwPVUI58wdjxak6ZI9jMdXR09jBctE/v3xN/NG1+n9VLR+xPj50WEh0B9nTWO8nmsF8/GdtEMHE10WL9Eh7ULtVk2YxxLZ00QkI/CSEtZOW2UPB6jliPLvv7+21VePXmEjR05DChT1pqUNdxTaa8V8GqSaK2OE6ALkKVy6qhJo0espukuzOPVaWqKmSsD5hqUuYbKc6WxwwvQKOAvSaS+KJ4mZT7nnelsnRVp9AroN8r7nxVz+bAjlV9q3LhdshRKjbmVMVVMfTI34idxLUZLHfz2i+9DXBCYfyU2/oXDX6T8iwD9rwL3v6rlq/YP8ozrPA67L+Fo8CrOpvpyoTOfH3Y08+uBfn5/qo/fn93A9eN9XP/oSbhwmksC8d+OdPLj4zX8sLOeHw7VcePdWq7/nCRJkzYzJyv7qSv7rWsxVcJgmiReAnIjsfTZYgZL5y/EYa0zgxuP8KzY1PnPrlC74XGat2zjve+vs+v4m/TtVKavDZKalYmrnwtmbuto3TrAq2+/TWRWAS+9OTz/+pyASB30dicUsCcErb4b6txzdbqaGLrS3H4H5iNAz7sD9BGo58TZqVPX0oItSfBeTozLIiId5hIiAPY3n46X6fDyr0rf+Uj/+TDQh8NnyWR5fRjqCtCVUoF6gPpzymuTVLArgA+3mkGcnSHJzvPoKYnmk/Ov/Q9W/h9CAM61L0QlXuPW9/u4/mmPnKMmbn3Wwa0verj97UZ5/Sv1t0UF2co95UBixHrSo91JCXdka2cR7796hIvffKK+p2xnOy41vjhXu+Bd6UdmczaFfUWYhc1WbTxZwJ0mSUBajYBdk0O6Ok1NQC2GnSNGWdhYQFFzqUQFBU3KaPVCshSY12ar/eZJ5amkyDWcUCXXSXm0lImkVGWRWycwbyojr7mMLLH5JPn9cRVi7pI0pNdKRS0JcmhlKMHyPwVWBhJSEU7V4CCagRdpGTjJ1t2vsn3fWXYdeI3Dz7wnZv4G+w+8wMHDr/PU8Xc4+NRb8vhVDh48JUA/oS7fumXTdoaGlOb1jfT1bqS9o4dqMcP09CLcPcNwdgnCysZXHidivMyV6TOtmT/fHu+lxgysm8A/tgzv371zz351jroyEr53wyA9Axvo7h8QuPercO/o6VVjBPBNbe1/grsSSvO8EvVisfWNDTQ11tJdnUFbhicV4VYUKssVe64UoC/Ae9U84tzNiHS3JHj9KqK91xHhZSuxRs6xG6HKoKvwIBwc1hEdGUpJSTEtbZKk9AxS19ZDZEIaTq6eLDRZzoSJE/7U5P7HgXHK6Helj32C3McrzSxJycpjw+N72CYJ9z6B+p59h9m2eUgEppTmihy5f3wkabYnKXAtBXEe1Kf6sSHPjy1NubTWV0vi0kSVppFyzTDM/1PT+x9h/u9A37R9ePOWvTu6qM9aRXWeD4mZGaQXFZMQF4yHs7WwYb6YuXy2x8bI53mUyVNmipUvZoa+sdpvrmx6ooQC83JNNe5+3qqdNzR13L37vv3qG6nzZ/PYwxPl2Ixn5gwj+iVhGxlw+n8D+xmB+WRGjZmiLgPrarNU6qL1tJbFMlCfzmBzlmrkSvO6AvN9Q2XsGShk/6ZinhzKY1t7Mjs7MtjVkc721gQGNWH0VwUK2APoLvUToDuhSfOirSBYIoCGLG8qU1wlgV+Ngf5Upk/TUUe8/+XkE9105UYQbWeB32pTfFebE+PqQIafOxF2NgRZWwrUQwWS2cSE1AucN5CVvo2KsoPUVT1FneYEmtoTNDS+IJnnMUrL9wnQ91NTvIW09AEyM/oIDyvBwz2B9c4ReLjG4CG/LywkheCgPNbYBuDmlYGDUyzzF69nuQB9/nxrDGbMwXjxMnVlo6lTpzHHcA6zZhiweIEpqy0cWGpsxsK5xixdaIy7gwdeTp6SxboR4OSEv7Mj3mut8bS2wG75fNaZzMZ+sR4Oi6dhMWfSMMinjMZk1uS7EJ8j388RS1dKg4mP4OWwhhdOPq+erIsXvmLf9nY669PEzJME6Am0i5m3SmXVUpmklm2Vys47qf9aMU5AXVekrBinjHCPEHDH0FgcpcK95s6mLcqguYaiKHk+mjZJAjrLY9kmFerx5jTONqfwmsT59hS+bongYnMwP9c6c6V4JZdzJQosuSTlT+lLuJgwjx99H+Vbl3v41vUeLvn8Xb5/gC89HuSfDn/jZecHOOysz7Mh5hwNWc1HNUlcHCzmwrZ6bjy7iav72gTqPVw9Pcjtr59VR7n/uKuBy/tbuHKgiV8Ot3DpsIbrn9Tw26VovO200Z8yAd3Jk9RlCXXE0Gfr6jB7hoBekqzFc2ezYpGxVDaJPP7Es5z78Cf2HHudkpY2Xv3gEm9+eo03P7vK9v1SWW/aRVl9K0FxscTmhLP10DOcePV9Pv/+Ozo2b+PN94eb3jvrclSYK10Uh/ds5PCdaVnKUq/JITYkh9qSErlWzFSAHuvw5xHud2BekOiilrlxAvuYdXea3SV59VhCpOM8QpVmdws9Ak2nqSPdR+afKxD3HhkYJ6E2xwvER2IE7koosPcynqCC3V9+j/L7Iqz1OLSl/X8B+e0/l7euwvVvxcDf4vYPxwXYO7n5eT+3v+ji1icC8k9a5bHyfZ+cqwFuf9nDzS8HVHt//71zxIU7kxzjJsfAk6w4L7b3lPHBK4f45K1n+e3KT3z30wUCm6OwLbPHqdqKkDpXEppjMA+bT5zYeFKF2JAkqOkC3MzqLLKrpSLXFEtZKEDPJ69eGRSXR25tMVm1RSrI08TcUzUZJFelkSbgz6iSBKAum9S6ZNKkMstsyCO7vlgeK/POc8loyCFZQB4n906q/J0sMfb0+iyiNdH4l3niUeaMd4Un4XIvRFTsILH4GOmlB4nP3iHXyhG6Nr5CY8dTNLTtZ9vOl3jy0Fs8eeB19h14UeIU+/Y9K1a+m66OAVpbeqmuFMiUNRKXkMcKS3cmay/j/kdm8ODD+jz86Fy0tC0YM34Jkx7VxW/2ZDbaPMaBdQ/w0bZybty4ycDQVnWhloGNm9ToH5IEYXAY7iOhAF5Zga67R+y9s1vdd12xdgXuI4BvFMA3NbdK2URbs0Yq6yQaEx3J9zcny8ecJDdTAfoivFcvJN57NRmB69RR7kFOFkR4r8XX2ZIwX0cRKzcio8KxtbWV+jic8vIKqsWMKzXN6m5uCem5OLp6s2jJcnRnzGT8hIlqH/lDDz34p1HuCszHjBmD0Zw5rHNwJjYti5a+jWzac5Ddh46ybccuNvT10FCRT0lGFMlB8h4fW5KC1lIU70FdghubSsPY2pRHS32NAL2RCtW8h8H9nwz9PwFdiU8//1JdrbNZLDUlOYvk7EISk0JJjPPHxWUpFhYLmKI9ibETxvHg35XFcR4RwOuqm50o249qi53rGpqw1tmezv5efEMC1BHuf/wqyS5CR8uAUY9M4uEHlaXGx/LYI2MxMV7OU3eWpf2/fmkkiQn2WEeXJLQbBeKbW3PY0V0o8C5j90Ape6Xe3bexRDXz3QM5UuZzcLCAvd1i5+1J7OpMErAnyON4NjeEC9hD6CwOoDbNl6bsYFrzBOj5gWLpftSkuomgOGC2fBa6ulNEcCfzl71dBexoyKSrJJvqlFhKYqMpjIol1d2RBAcLkp1sSXB2EovxJ963iPioQVJSd5BTdJTqmhfQNJxB0/QK9c1nqap+lqKypygqP0plxR5SMrcSl9SPX0AFAUHl2DkmERZVj4WVvzqC1HJdBlarg+X7UExWuGO0yEYuLjNm6S9l0XxledhZGBnMYfGi5ViK0VtZOuFo58U6W09cnAOxsbRnpfEyVpksw9/VF297J3zW2uNls0ZtZrdeZMCqeXoCc0Mx85nYG+tiMXcyi/VGM2/aOCknMk97jAr1udqjBeyPYTT5MXTHPMjYh5XlZu/Dxsbq7sl69+0X6W/Pp7VGsfNUyVqT5YJTFgUYnmPeWJp8Zz33eNXSldda5T31RcqguDAaCqPUOem1+ZHUSNQWRNMiz3UXhLOrPIYX2tI535PFy3Vi50V+vN2cwFdy4i/urufH3bV8/0QNF7aXSVnNz3s1XN1fyeW9VVzZmc+lMkcu+D7GN25/5RuXv8rjv/Nz6Bh+9nmEs2se5uD6uRzzN+WFWDu+7cjk+601/LRdQL2zgR+2N/Cz/O5br2zh9jcn+f317fywoZjvBsu4cqKNK8+08NOxCm79NMhXnyZjuVCAPnUyhlO00JXsXn/qVOboTmfeDD3mztJn2YKFcm5s2Pb4ET7+7DJvfXCB0tZ2zpz/gjPvXOSFdy7w7jfXOf7G5/Q8/jRZNS34JQXR0dfJpk2DbH/yEG9/8iW/XZf3nHn5f7xxfr16RS0TgpTlXm1JDlujAj0t2k4FeqayzKsyIE6xcgXoAvPCJNe7lq4APT3CmpQgc+K9lhGlNLvbzSFk1UxCzYehPrLs6wjM3eePU8N3idZdKx8BuhLDMJ+I5+KJapO977KpVAhU7zas37zOrWs//wHmN6T4ddjAf3qV2xeOwDePc+vLIW5/tUkSq43c/KxX4N0NX2+Q1yS+2yrPdQ3b+TcC8u+GJDbB1XeGmxAbikgRe0qP9yI3yY8Dm5r46LVjAvTn+Obj4bntB145zJoSa+zKlmNfsxCvSktsYpYQUxZJelWyhIC5XEox7ayaXLIlMiqyyaqSUnmsyRXoK/aeR5omS+CdRaaAOqeukPz6EvIaislvKiK3VX62JZP0xnSSlSVo5b2JGmXVOWVKXDwxFQlElycQL4lwiiabWE08YdWReJWE45KbjUtCFTZ+LZisLmCqvjcTdb2YNDOQhabJ6Oi7MXtxKCExHVTXi0A07GFw8Ag7tj1Df/dOcnObCI/MJzGhFCfnKMwt/dDTt+WxcWbc/+gi7v+7Afc/OJsHHpzHxMcMsZ42lWrTceyxfZCn1/2N553v5+d3TvL9hR/UKW6DklwObdmqxuDmLXfhrsThp5/mtTfe4LXX3+Drr7/5V3PuHWMfaZZvEcC3tnVI2UpncxW9kujXKOM53JaS4LKMaAcTEagF+FjMI9JlBXkRzqQFOaj96N4CdX9Xa6L8nMhMjSIyNoaZM2eKFPmQnZ0lx6BZnRaaW1ZFQkYert4BYuhL0DcwYqq2sujKWLW/XAG6sqjM6NHKMqgT1KZ2Y3nfWntnouJSqW7ooGfjDrbv2c+mLdvobG2ktkyZ4VNOqLuVAF0Zf+JIbpgd1RG2bCwNZVCSvKa6GirvGPldaP+vQK+/C/T/BHXl6/w/3hc7LyY9PYLEGLmuY9ZTHmtGtPsyViycxYxp05gsn+PBByVBefAhOb9aAvVZYuPzJRayYvUq5olcLDY25+VX/tU69vGHH2Mh9dTS+SuZayDiOHYajz6kbOoixv/AYzz04GM4yDF54/9xatu/f73x4lEe7yxgZ28RTw6Wyn1YcQfkJWLlSlnAQYnDQ0UcGhSob8jiyd5UdncNA12JbZJ491X505DthSbdj/oMH4G6vxq16Z4UR4uYhK4jwm818+bqyLnU5i8fvryPt5/bwfN7NnNooIMtLe005OaT4utFtq8Lub5OpAvck9YL4D0jSAlvIj6yg4zsfRSWHpcL6U1qW96T8iU5CS9RVvsKxZXPC9RPkJp7mOSsJ4lO2kRo7AAuHhqcfdtY41LK6nWpAvEQnBwFENbhmJq7M3vuSmYbLhMLt2Du3GWYr7DH1T0eF/ckPL3ScHWNw8srSV1xzsnOA3trB+xXKZuvWEiYY2siGdlSY6wWzsFq0Wys5s1g9RxdnEz0cVtuIECfjrnRRJboj8V45iSW609lvoBdsXKjyaMwnPQos8Y/hNao+yVju4/77rtXncOpbA5TUTHc/KaMQH7+mT0q0JuUUe4C70ax8h1DzZw+cZAzzx1WQxnR3lCSRGdlqroCUF2+MqcwioaCGOry5Pu8cMmywhjKD+BgeRinm1N5rimOpwp8OF7iyzttCXy9pZBfn27n+vPdXD/RxdUjzVx9qoHfj7dw84wY2itSmb8qlfrLA9w8Ws+19AX8GvgAP/ncxwXP+/na5T7+ueavnLSdyFHvJZyMXM0/SkK42JnD1T0d/PbUIBc21wncG7i0WYD+VAc339vLlWOdfCRm9cueWn7YVcXVQ1Xc+riF2zc28un7kayYNxFDbS0MBOizJGZP12Guni4LDHRZpsxDX7QYf58QjjzzpsD8EuUtXRw+/RqfXbzJy+98z8k3v+DFf1zk+Ftf07H1KdwiQnn2zHO8fu4ffPft93/uXb59iws/fMs751/j+HP7eHyXVJLdxVKpNtzZDW+T2PkadT52aqRAOsaeTDHwrPiR6WrDoQC94E6ofenKGuiRtqqlJ/qYqoPjlH3RlcFxoQL1wOXaqqUrQPe6MyjOY8F4tfQVa/cXWI80t48A3dtk0t0ojnTl/Gtn/tRP/tFTXby9vYSblz/m1o+vcvOrndz4qEWObTM3lWb0f3YKyPsF2HIePmqQqOfmJ43wZRd8v5nb32/n9sVd8MPjSIYH8vj2xSckGdgPl4+L5F/jow/eJT3Bm8wkH/KS/Ti4uZUPzx7jn+dOqnFNLF0ZAJS1OQ6XejOsSg0xS52Bd6azADaZlEqxofIMFeZpFZmkVWWoU8+Sy5JIKk8huSJd7D2LlOp0gbqAXJNDboOAXCBe1FRJaXON2q9e1FpKbnMO2a2pJDVEE1MTSVJdkoA8gbjqWCLKwwktiyC4JIagohgilX736mR5XzmrvXOZOCeC0TqePDreigcfnccjjy5j1NjlYptmTBhvxuix5kzQdmaJeRrLLTJw96kgKaWDhvrtBAUVsdo2AcM5bkybac/oiWukorfioTGreWCUJY+OXsH4UYvkXjfC00gPzYrxPLHuYY6u/TsnHf7GKZd7OO16r3rW/vHBR2zatkNiO08fO86b586p8c233/23SvzatWtcvHiR778fvoaVJnmlr32kOb5doqNTKdvpaSylO8efqnAbEpwWCcyNiXY0JtB6Dl5mRoQ7m5ITsZ6sMCfCxdIDXawIcV0tQJdkNS0OHz8/5s6bi6+PK5HhYVRU16iwzMgvxjcgHCsbe+bMXSiV/EwmTpqstnQqEFf60hUrVwbBTZVEXF/fAJMly7B3dCUuJYOq2hb5f4fo7h2kVZLwwZ52CjPjaK6R5CjMjShPa1ID15Dls4p6SYoHi4IZkESurraWsn+bqvbfYV6v9p2rUd3wJ6j/O9j/OECuf0MfUdEepEY5UZawEo0knzkhi4jzWYHX+pUYST0+afwYRo96SJ39tHCOAVZmy1mxfBHWq5fi4rhKBLP0T+fKZb0Xy5faYmXlwoolq+Vnlgt7jBn12EQefmg0DwnUH35glDweRWRkDF9++dX/GeoXvv4np5/axFOPa3hqWx2Ht1ZzeFs5h7aWyuNSnhJZOyp1/FObcjmyMUfALlDvSxVLT2R7aywbaoJozHGiKM6B4gQ3KpI8qEnxEFv3okoel8a7khtpR2bUuuHjMEuHv3x+dg8fntnG28cf58WDT/Dsrn1ygurRZCTRkBpJebgHWZ52kkXak+wbRWZkKZkRZSRHNZGZtYuCkhOSmb1JRc1rVDa9S03zBwL1Nymoe5fMyrdJL3uZ6NxjRGc9g3/CXtzDtuLk2Yi1fRZLzQMxWxWKzeogFi22xmTpGhYuXo3T+mgcXVLxDanDP6xZynoCQmpx88zHwz0Vx7WeAnN7HCxscFxlh+lsQ0wNZ7JUfxpmAnBTgymsMJTHBtqsWSBmvkhXbW5fI2a5aq4Wyw0nsNRgohi8AEh/kgB9uMldMfUZEx9l4qgH1IzvXgH6Pffeo5YP/P1BKis1d0/W999+8R9PZo2Yd7VYeJWAXFn5pzY3XIAuMBeo1xeE0poTwMZsT/YXBnK4LJiDRQEcyPXiJU0E/+hJ4Rup+H863MT1MxvFnLdy+4xY26lubr7Qw61XN3H7banY39vH7X9Ixf7uToH6ID9lLOGi5z385Hkvv/g+IHB/mAtuf+f02rEcFjt/LnwV79cl80FDFl8PaLgoUP9xZxOXD/Vx9ck2SQrauf3xfn57YZBLcrH98kQV38oF+NsJgc038vdvDvLuGW9MdMdgOFWLmVqTVJgrMX+mHktm62O5eD7rzFfT1b6F8x9foXvrYXp27OLjr6/x3j+v8OHnv/P9pet8/s0Vfrp8/U/H7ObNG3z73Re89fbLUnnuYePjrTS25VHXlEXD/0faW4ZHlWXv2/Nhpr0b6MatcXd3h8YTAgnE3d3dPSEeQgRCQoK7u7s7wSUED+56v+ucSpDp7vn9Z95cPNeROlUkVaf2vZ611947zU/dT04PJCMrhEzRu3dvBehFKtA9rEbhaTNak25XqtkF2IH2475Ou1ek3D+79NGfxqM76fbAalx7dW1088HNNAVvPRuoQ9gqXbrizivT7wY9NA5dgfqXDl3RotyplX+R/Hsm7vmygHcHt1d6sD92COeXW/HwgA/vLyby4UoqH69NgzuzoFT2r8Tx7kKYnKsA+f1ieLScjyIer4Ina+HFdnnNHZrti518fLZNgC7u/oWmAdy0bjHebnoEuhuybUUB5w9uVGF+7dQuSs9oFsG5fv8KI6N6Myy8E/08m2MogaVpfBDWqbGYx4XgkZ6IW3IYNmFW2IVbiIt2wCnCSQW6V5w3boqLj/ciYGqwADxSYB5FaHKsAD1ehXpgShjeyRIQJDnjmmyF7VRTnFMdxK274hRrg1mYEUYhJhgGWWMe6oxVlAs24v67jLDnn981pkrVntSp1Y3Wv/3O2JaNcOjaFN8+jUge1YxZui2ZOrY5QUNbETR6EFYDBmL/h5JRnIj7ZENpAwYyqE1fujTsQfdGPRjcvCtDm7dnWOuO2HZpQUCvuqT1r8biUT+zbuwP7Bj3DXvGfcs+rW/YO+FfHNT9F2WLIjQLh9y+/afvttLHqhRQlZWVceTIEQoLC/Hx8UFLS0ucYFcGDByoXnf4yFGyBerTcxXlqen4bNlmZU8jO96XZKcxBBv2w3VCd+zHdReod8d4SFsm92+lptz97fXwk8DQw1IbK93h2OuPwsZwNA7WJurSrGO1dDA1NcbO3gZXdwmwfANwdPfG0MSawUNHijtvR926dQXotalTt7448lqqU6+tThVaVwV6kyZN6dGztwp0aydXdTramIRkUgXmSUmJFGSnEh/mQ2SAuzjBsZhrDcRxQl+CDIaQZP8H+YGG5Mh9E5ugpNE/Tyjz1w5dA24F5irQ1XPKVLHJqv4K7tdKb/D4ySO8PIyIdOlPvFtfwqy7427YnWjPCSwpCmHz6gz+GNpV3HptmtWvTYPqYtAa/07nds3o200pzu3OSQnCKn/Wr9vEr1XriytvRIeO/dCaaIW2jiWGBjZiIv+gVcuuVK9WV9z6b9Lu/6I6dmU2urDQCB4/evxfg/3hvTKO7ljM1iVJbF4Ux+aF0WxaEMbGOUEC9EBx6b7i0L1Zle8lQHdjQaYDM2NNmBagQ6BpdzxNehIobjzCeTKxrhMF5jpEOmkTIu1bsDJZlvVoPMSp643qxT/unpjP9cNFnN9VwOHN8zm0YRlL8rKYn5lIdogbEVaTJRobj5c49gALuWmMXSVy9MPZ0ANXqzj8fBfi57+KqMQTRGVeIzr7NiEZ1wjOuEFA0lV8pl7EMeIkZr47MXJfw2Tb+WhNmcqI8T70H2JN9z569O+vy4gRlgJxT3QNojCyysTEJgczm1mYWM+U/UwmG8Wiqx8qLt2ekUPGMrLfcAZ36SpwbqFO79q1SU36tfmd3hKt9Wlel74tG9K/ZX0BeEOGtqvP8A4NZFtPdei9Bejdm9cUFy/Qb1eHzo2r06FBdXUWH/0Jo0mIjSIyKpLwiPC/+Yg+8v7ta16/fMKLp/d48uAGD+9c4l7ZWR6Vl6pXxAi0Y/zNiPQ3JzpA5G9KrOwnBigwn0Kxjy7LgvRYHWrABmnctkWacjjJnksz/LklEH24IpmXWwTeB+bx8egCceJzBNrSuB+R41MC8HPSuF9eK+5uNVyR/d3ZvHZrywsTpeL9B8on/oty/W8p9f6RI5HV2OzZhd2uYzkT48b+YAduFibwdOU0rmUHc3dWFG92F/Lx0lLenJvPqw2ZPJwXzt3Z4dyTyPHVHnHDT5fx/l0KJ9eaSvBTkyY1qtNCGoX2jRvR6veG9GjTmj4d2zF+xAgCvSPZtPkU5688YOOOndx5+IKXr78uNFEmT7l58ypHj+1h7YYFFBSnkCSObmqqr8Dbl6lpAvF0X1Iy/EjNDCRtmkA8O1waw3CmK9uccHFJperEKoo7V4DuLTe9kmr3daiobncQkDuM/0uoq8VxysIm4pA8zcWl6/fGbkIXzEa2xmRoc3Ved5N+jTAQsE/pXk+teFccuiLFoRvIOSUtX1nlrmyj7Cd9cuMfH5/g/a1lvL2cpzrwDxdiKF1gxK7IgeydMZbbu934cC1dHHm2QLtAVAh3Z4oLny3OWz7fR0sF3gLxpxUAf7VPLOBh0UHZFyg/XS+Pr5Gt6Il8/o9XaNz6m1vqb+Dvqk+wjylbVszi/KHNXD6+g+und3P9zF7u39AsBzp7ezbjojvR30v+3nAzdMSh64rrtsqIRz/CjxEuoxnn2plJ3h0wDR6jTh/rHu6mTirjE++DZ6IPvon+BE3VFMkFC9TDFKCnxamg90wQoE91w2WqHXbxxjikmOEpUHcRoJtIAGEsga5dmBPuMb64xHhjHRrLT7WH8s13zan2Y1PChjZglV5VNsj9vF3u613mVdljUY291tXZZFiDbea12Gsrx1ZV2GP1GzstfmOzZV3WG9Vgg+FPrDeQc4ZV2GdUlSMS3B43+p4TRt9w0uBbTup9yzH5jpwLHsaNBeGUzY/8y2/68+fPuXv3LufOnWPFihVqps7IxIRBg4bQsGFDNXu3Y8eOr54TG6spqlXS70cE6qtXr1WHx+UpY99nzCRXXG9OlDNRFgNxG98JZ+3uuE3qh6NWL0yHtsd0REfcjUYS5GREiKuxWozmZqaNk+l47IzGYD5FCyNDA7S0ddDTnYSTixOOTi7YOzhhbuOA1iQDcd19aNasFfXqNxCY16NR46bqymsKzBs2UhbzqE/d+vVo1rwlvXr3k7Z3Elb2znj5BQjQk4hXht5FR5CZFE1YgCf+TuY46I/B4I9euE4cQKJ8rzIcRzE7zILMuFAiKwD+5Qxxf4a6Zry5JuX+uWBOKZ77EuifgC/7hXMXaWaO3LeCwrD+5AQOJ9KuPyl+E1k6K5BD2/I4eXAhG9cU0Kl9MxpJ21S7RlUBskD4tyrU+u1XdHUmfM6TffhA9679qf7r75/0e8N2DBwwgU6dBqI13pCJ440ZOVSHYUPGyXvYlh9/0Dj2H7+rQpNGzcnJzlVnb/xvf548KGPnyiS2Lo5gy/xQFeaVQF8504Ml2eLMM+zIiZhCjP0A/A064jO5LR567fAw6CfgHk+ojTZRAvNIRy0iHLQIs9cWLgvQjYZirtOHfzy7sJD7J4o5v2Mmhzct4PSOOVzYO58SAfzawigS3Cxwm6KDu4kr7rp6uBna4KxnjNMUSxz1rfGwCMPdPo3QiI3yQe6RL/QZglMvSoR+Fd/Ua3jGleAcdQqboJ1Ye6/HwG4Ok4wymTAlmvETgxg/KRjtKVGY2BVh4bIEc/tirJ3nY+VQjLldMWa2s9EzTkDfOI7Jer6MHWXE8D7DxGE3FSjXZ0AHicLaNaVPm0b0F3feo2ktesr57k1q0at5HQa1byjReh0Gi4YJ1PvJ1slUl5mZyczKSmJmVtLfQ/vda96+esqrZ/d5/rCMR/eucP/mGe6WHufO9aOiY9y+drRCyv5xHtzRFHEV58YQ42Ouzncc7SMu3deKRAF8upcehT7aLAvUY02oLlujjNgbb8aJdEcuz/Th9rwIHixP5NmmabzdPYN3B+fx/rjc1MeksRawfzw2nw+n5ok7XypuWmB+TZzZRXFw6+L44NaYd461+OBYj7dW1Sj3+5ErK2twem19Vnq15FjEZK7mBFKaHcKTRak8WphE2bRAni5N4/3lDdICbeT12UU8kWDifn6IOkb93mwv3pwU9/5qJe9eB1A6tTnmLSX4qVGDDgLzdr9r3Lm9mSkFebmsXrbqL1KRr8TNXObY0Z1sWj+f4tlJJKd4k5jsJRD3Vd13Spq/uO8AUsSBK0qbFkTG9FBVmdmhTBeAZ+dGiOOJJE+UOyOK02cPfZr+VAG6l90Y1aH7VvadK1BXV1j7DPRPafiKNdKVdJWyUItSHGej3RmL0W0xHdZCHcJm0r+xKqUvXJnHvbLKXQV6Dw3QFScf4zSZkqP7NH/syxu8v5bP23NJvLuYLtDOEjs8TS1oe7bTm6PTxnKkaDy3dtrx4XoalM8Xdy1wfr5JtFW0RQC+VXP8VD7fF1v4qAD92VYNwBW3freID2XZvL0+nXfXZ/Lu2kxenU7g1dmp8ppz5dZ9z5WLZwnzNWfPhnlcOLKNyyd2c0Uc+tWzeyg9f1iC0We8ff8G48QRDHJvjE7AeEaHGOCalSCOOgrDAEtswwzQ8+rFlOCu6If0xkwCUCcBsH+sHz4JfrjHe+AZr1Swh8j3PkYFenBypGwj8Y33xyFCWRjGDvtoGyzjjDCNm4RdojE2scYYBRhi6m+FW6QnvnFB4vb9MA8K5ftf+/DPb1rRqVZj9lpW4ZL7T+w2/47dFj8JtL/jgO3Pol/YZ1OVfXZVOODwG/sc6rPLsia7LH5kt9l37JHrd5p+yy6T7zlk9i2Xrb7lwdThPFkZyePlEbwq2fGne1SZDU5Jl1+7do2tW7eSkZGBg4MDpmZWdOvaTZ3/XIG3ou++VyZiqaZOl6rMg678XL37mE3Hr3Dsyl1K7z/lxeu3/7Fxv3mlhK3KHOmzp7Fufh5bls3Gc/JArEd1xXZ8T1yNRkkwakCwiyGhbsZyf0/Exng8lvqj0VdmvdTVEmgr2YAB6vKtynKtpmaW6OkbMWT4KDp06kLzFq1p0LCROsFM48aN1QCkvoC8SdMmNGrSmN/l+6v0sXfr0YcRo8ZjZmmnLm0aGR1PcEgIacnxBPq4Eervie3kUViM7YO9Vl98DIYTZjaKZAFLXpQTSTHKzHcJnyaIUdZ5//u0+9fnIiqGuEUkfA3zL6G+fbfmu3VscwhFieOIcBxCRsgk9q0O4MrhdEoOFXLi0FLWrMzHzdmSBnV/o5a49BpKncCv1di9a9en9z0nZya//dpQdec1ajQWNaFm9SbUq9uKFs27yn5j2rTsztiRk8lIdCUkyJNuAvq6NRsJ0KuqaXilr10ZXbV27br/qX/96pntbBWgb5kXwua5QcJZHxZPd2J2kgXRbqPwnCIQn9hU1BL3Sa1wmdACJ+02uOl1x89kOIHS3oXajiHMbixBVtLmGQ/HbqIyu544dB4c5fW13ZQdXca5/cvErS/gvjjA6wdz2DwvkChPS5wmG+I82VRefCyeZg44TRiPs844HCaMwd3QHi+HNAF7KD5O6eLWF+EftgX/qD34ROzDM2w3zoGbsfNcgb3nSixcl2LuuBAzu7myXYCV03KsXVdg57MRW3HwNp5rsPZYKUCfo8LcWFy6gelUJk3wZ+wwA4b1HkKv1s3EVddS1a1ZLXq0qMuA9i0Y0E6BfAO6NK5JbloiuelJzMhI5NiBPX/D7C+g/byc549v8bT8Go/vXODBrbOqysvOcL/slLiak9wvPaHC/J7s31P2BeKVunP1mAr4e2WaoVY7Ny4jRmAe62Wm2fqYkeqhS77HeBb76wjM9dgigN0bb8LxDFvO53tzY34Y95fG8WRdGq+25/JmXxHvDgnE5TPhyEKB+SI+ys3LkXxx6YV8KJnPx3OLQSD8YZEPH6Rh+2DzK+/NfuOV48/cnV+dy9vqcXrNb8yThnGP92jKxXU/m5/Mk/wYXi5J4U5+KI/XTofS9QKfVTzdkM6DOdHcyPKlvEDAvzCaN8fk/3uzlQ8P/PkQ1piLoRPJmxpHXlryn97Sly+eceXyWQ4e2MIq+YIVF8SRMy2AbHHZqiSAyJLj9IwAUhV4Zwi8RemZwaRlhpAhTnxalgB8eoR8+cLF2USSMzOKvJnRzBDNnBnDzPxo8mdFs2u3JnhQ0+22n/vOfZ3Gf5pQJrBiLfQvHXrAFw5dkYfFUFyM+mEjDt12TAcsRrRWF2sxE6ibDWyCYd/fmaLM614xDWxllbvizJfOTKkI/V+Isxb4lgrAb83i4x0B6y35rO7N0UC7fDGvTsZybNooLq0y594heS/vFAm0N/D23gpuS8N0b28cpWu8uLzUkSsr7Hh8NJan5zJ5U1bI2yvpPDsRzL3NVtxcoU/5NieeHonk1bks3pybxuvz03l7Se6ZC9m8uLZF/ZWKchLZtaaYSyd2cPn0LlXXSvZy4/xBkWZSm9OXjjDFqRNhSZ6YRdjgkeSHt6KpnrjHKrO9TcYgaAh6QX0wCdERyNvipaTbleK5RE3a3S8pVFx6BP5TwwTuwfjFB+Ad64ldpAVmocbivK2wCDdBL2IcRtHamEZPYbLvZMwCbeS1/MTNh+AW74ZlhC/Vm+vz3a9DaV+3Pcfsq3LV41sOW30jwP5RAP8zh+x+4bBDVQ7Z/8IhB2W/GvvtxaHbVGO7+ffsluturIji+nKN/ipd/vjxY27evMmhQ4eYXVSEr68v2hMm0LlzZ6pWq6ZCW5kKVYF1w9+b0L17T36V88qxcl55/IcffuSHH3/iX7KvDrE6cJHJKasxSl+PaeYmrKZtxiV3G/5zdhK5eBfJq/Yya8sxVh6+yP4Lt7l46wnlz96oywj/p5+t65ayTbR5zRJWL19AfGQAloZaWBjrMnnSRHr06MH4caMwMJjCmDGjGTRoIF27daV1m9Y0btKU3xsJvBs1ol69emoRnNJ3rsBdKYZTiupatWxLdwH66PE6mJjb4OTqhY9voDovfWhIAHbm+rhZG6A/vAcmI7rgazicIOM/CDEYRLrTWDJD7NSsRWhM4qeZ39RJY/6yMC7pL0D+WWofuzz/8+t8hrry8/ThDYKtu+Jl0Jrl2RO5fMCfy0fSObm3kJOHlgnUV7N/zxqm6I7h9/o1VXeeGB/32SE/eSJ/cweq/9aUGgLxmjWbVGybqapTuwWNG7Wnbu1m9O7zByPH6ODi7Ma4PwzQGWNMj84DxfnX4+cffhVV4+cfqzFq5FiOHj32P4H9yumtrJnly4IMB2bGGZPoI0HVyMaYDa2F24QmeOg0x1WnhQC9OS6y76TTDKeJHXCf0hdv48H4mw/HVZlkS28AVpP6Y6zVW4D+9Dofbp/hlUDpxrFNnNySxdH1cawr8iY3wQ4/O1usjVwwGTsMh0mTBOBW2I3uh9PY/jiM7I7zxAnSWEZjJ18IJ119HI1dcLWOkkgpG1fnPJycZ2Djki8qxsFjiUB9NU4Bm3Hy24SD3xZsfTfhFLgNW4G4tfNiTB0WCPSXoG+Wjb5pBlNEEyf6M3rwRPp1aEP/di3oIi68S5M65AmwZ2amqDp6YO9fM/vDB96/fcWbl094+VSc9qObPBFoP/oC2ooeqjrDw9slPBQXruhBmaLTAnUBetlJylWQa2Cu6vpxVXfEod9RwC7n7lw/oU6IsnPDMqIF5lGexsR7m5DkMZk81zEs8NFidfBkNoVPYXe8MUfSHSjJc+f63BDuLYvj0ZoUXog7f7N9Jh/2z+XDQQG6wFxx6B8PzeXj7ml83JPKxwPi+vZk8vFoAZwSsM935b1vAz541OKdQw1e+H3HvfXVubL9N27srM7x4nrsdu3L/exAnhTFcEeg+rQonOeLxNltmc7Ha6t5ty+Xm1mu3CmI4FZuKI/mRfNq6xw+3D0iLeGfp0p8/KicSxdPCrw3S7RaxOzCBHKygklP9iEu1oWkJA/ypgcL0IPIzgoid3oIOarEdWeKA8+QawXeGVlhajo9MydCnLiAXIF4ngLvWAG3SIKPWbKdVRBLQWEcxcUJFBXFs2njXM2qY6vm4i3RqlrdXgF1P6fPM8R9Weke5DJBlZJ2rwS6l/UIXIz7Ya/bHdtxnbAZ2Q6z4S0xHypOfWBTjAXoStV65TA2xZ1HfpFeVyrUuTkT1KpzgXj5Ini4TLRUHhOX/VQi+cdreHc+jTNZ4s63+VC+P4h7a1y5kDeFgzF9ORzWj5Pxo9kbOIgNrr1ZZteF+dadWOLYnS1BQ9knDvPKImMuL9ClfLsHL47ECsRzeX1BIH4xl3eX83h/vYiHOwO4vd6D9y/KKbt+icPbl3Lx5A6unNmtuvPr5/aJQz8gQD8s97UmmzRnUQ7ewTbqMqie8pm5J8hW3IlrrL1A1hjzcF0swvQEzvrYhVvjEu2Mq7pym6c6Vt1vaqg6N7tvQgjuAnvXCEdcIx2xEodvEKyNSbC+yIjJoRPQjZqASYwRxmGm4sht1Ep5ZXY553gHjCNsqddhCt9X7UOdKm3ZLoHpVc9/ccLuW/Zb/Sj6icPi0A87VOGI4y9cSB3NzdUx3Fgd+xex+scv0uUlLF++XAWPoaEhffr2VQGngFmZmORbcdqV7lsB9DcC7m8UcIu+/e5bmjVvQdsWLT5fozyuPreKXKMB+pzdF7DO3Y7DzD04z9qLm8g5fztW09cxJWUJY2JmMyaigHFR85gYvxy9qWsxTN2KWcYOvAsOELf0ONkbS5i3+xJrj1xnz9lbnL52jxv3n/D81X92+ydOHGP+/HnyvSgiLy+XrKxpAmwNxOvU0RTEaYataZZOVeZsV/rQfxfn3rx5M9q2b8/g4cPRmyKfr4MTPv5B6oIyjg62OJhMwHBUX0xH9xGHOAQ/AbrXpH4ETu5DlstYcuVzDo9U1naPIyhSnH1UAiHRf+5Hj4j/eiIZxZFHfTGrnDpmveJxBeiVUtPz8vzK1Pu6BSnMmTqKK/v8KT2SRMn+bE4dXCgwX8bx/SvZs30Jro7G4qh/pX7tWl+9TxERseLOf5fgrJFAvTE1azSlloC8Vs2W1KnVSgV6/XqtaapMTNOwjXptzx5DhT/WaI8zZ+QwPXHuU2jSsB3VfqlFlZ+qq3D/tWpt7KztuXHjxv8E9uJMH+FnO6YM/p2JvWthPEyAPrE5HpOay7YC6CKnCY1xELDba3XEaVIPHHR7YqPTC3Od3piLQ9cf1Z1/nNiyissHt3Hv1G4ObZzPglxn1hZ5iLzIn2pHXGCoRGleGI1RJjYwwdXIHIfRPbEfKRrVBYfxg/AwdcRxrFKtOQR77T9w1ZuEk4DfUdy7k6kftiYh2NulYWMzTQA/B0f3pbh4C9h912PvLY7cqRArq3TMTRMxmBIp0WYk+rq+TBxtw8L5G5k7ax6zc7I4fujA30D7PW/fvOTVi0fisu/y5MFNHt29QvnNcwLiM6rLflCmcdsPbn4BcQXeokd3zqkwfyyPPb5VItIA/sHN0yrEFSlAV6UAXY7vCsiV83crXLvizjX7J3knAcTL589Yv3Q2MZ4GJLpPJMd5DPO8xrA2aAqbww3Zk2DC0TR7zuR6cLkokDsLo3iwMoGn6zN4sSWb93uLK0CupNsXCNiLeL91GqyN4v3KYN4vCZa7Wxqyw3lwtJCPcxx579eAj/61+ehdgzfe3/J8wa/c31eHs2t/YVNiNY74jOFpYQy3xRk/KwjlzYpEHsyN4cnGDN5cXsW70kO8Or2Dd7ev/ek9Vv8mCYge3rnMBXF6a1dMJznBjbRUXzIz/ElJ8SYtzZfpAurp4rbj4jxISPQUoIeRky2SbW62RtNF0+R4mkB8mgLxvCiyZ0SrylUdeIyAPE4gHkeBOPzCwnhmzxYJxOctSGLHtnns37mUS2d3qA33xlVz8LEb9xXQfb+ocFdgrkA82FVHA/PK8ejqrHFKMd0wXMwGYD+lF7Y6XbEf2wmrkW1Ul66k3o37NlL7zJW0e5S97hfp9St8uJwiwVC6WnGu9mUrfd5K4dqjZWq/tqafe6MKdgXCewP7cC5NhyNhAzjo35OjYX3Y7tmdkzEjOJkwhm2evVlp15Ed/oOZb9GZLN1mzDXvyFLH3ixy6sae1HGU7wrm5ek0ceT5vCzJEvdewLtrhbKfTflWD+6sdeDpqdmagpzbV7h8aqcKc8Wha4C+X3XpNy8el0D3uVpcWLggG/dEAXWcI84xytYFx0gb7KONsI00xCHKHPsYG3UZVXel6l3A7R7njW9SiKYgLikSr1hfbEKssVD6xiVAsAk1wzhYD6NAgXiIOP2wCRhET8Yi3hJrCRZswp1xjvZWZ6WzjLZgcpAhPcba8q8f+vDjd21JHl6bC67fcCP9D8pWRHNzVSxPz+/6y+ry8vJyrl69ypYtW8jIzMTWzk4dp928RXN1CdFK161KAF65r6TOFShXwroS2ArYf/2tunpNo0a/07bVZ6Cr1yvP//57vvv+B/V3SF97Upz5BiymbcQiY5PAehV6SYvRji5iZGA2g7yTGewRxx/eaYwOyGVkUAEjQ+aiFbEYvdgVGCWuwTR1A2YpazGdugqjuMUYxyzEIGou+pHFmMTOwz1rBVFFm8lavpd5W46z9uB59p29zvnSe9x//Jz37z/8R3BER0eriomJke9nHDo6E8TBN6Bt21b07dcLba1xat+8mZkp9va2WBpOwcFgPBbaA3DUG0aA6WgCDIbhodWVOIshTPeaSGaUF2HRsQRExOEnUPcPiyMgXFkeNU4FeyWQNYVvKV8APUkF+ldQr3j8a6AnqsFAZYGcklEtPRLOnRPhXDmYzLnDWZw9PIcjexayf8d89myeQ25qKA1rVVOn1/3UxXHzlrrEqgJyjRR3LjCv1ZwatVpQu04r6tZpqabe6wrcG/3eUeDehurVG9KhXS8GDdSma9fh9Oo+nFHD9TA29aRD+97UUNL3v9YX516bhnUaEx0RzaNHj/5rqJ84vBtv63GM61YNk6H1cZ3YDA+9lirYFai7KXCf1AxXaQ8cJ7TEQbsN1gJ2K+2uWE7oiYUyh8GEXvzDwdycmABpiGNCSQrxJCXMnDUFHmyb78uaXFeWZE4lwS8a00nGWOi6YKk9ActRg7EdOxgHrX7YjRuKl76BOPbBuGkPl/90NO562rjIOWd9C9yNnXAxdMbeyAsH0yAcLONxss/EwSoZa/MobEzDWbF4o2gzK5ZspeT0xb+F9juB9usXjwXad8Rl3+TB7cvcvVEiEFX6tU+Laz4lx6e5L2AuF4ddrsBb0b+DvEKPFJhXQl2On9ws+XROTbcL0B+IOy9X3HmFQ1dS75Up93KB9/3rJypAroG54uCVYrlPsxHduMKSqe4Uu49iWYA2G8P0xZmbCsxtOJvlxuVZfpTNDeP+4mierUnm+Y4ZvN1XzIfDC/lwbAkfTgjQTywRcM/h1XxxzX5DeeAzkncZ1nxcEsrH7WkgzvpDsR0f/OqCTw0+elXjg/U3PHT/F4/X1+DiujpsCJZtlDGPCyO5nRfGy2Nb+Vh2DJ7f+zdn84Gnj+5y8cx+Ht+7oL6nNy/u5eLxTRzYuZhigWyuwHj6tGCmZQSRlh5AapofCUneTE31l2M5J847KTWAhKleKsjzciNV5WRHCMQjyMpWnHjkJ5Dn5ccyc1Y8MwXeiiMvmJ1AoahIVFyUyJw5yaxZPZPd2xdy/OAabl05yG1VB3j7+jmXz5/E1368Kg3Mx32xytqfga5uFag7a1Zg0wBdWcGtD/Z6PbDV7ozd6A6aiWbEpRv2+R2jXg1YklfRxaBM/nJ3OVyOhBuZQs3Fmv5uBeTPN8u+6NmGin5x2T5ayetzGVydacBWp3aUxA3neER/LqeP50zMUI6F9+Ng+GBW27RlmUkzlpo3Y5tvP7YHDWSFc3eKBejFlh1Y4d6TAvM2zHXpwtkl9rw4lc67K7MF7OLObyzg0RZPyhYZ8GC7D492BvO87GhFam+X6tAVXT8nML9wSKB+hLILx1WpQ2zKb5OQG4ZbvBO2oTaEzUzHOsoRA/+JAnMzce0OIhe85TP1nhqgzsfuEe+Pz9RgggXmIYkhuEW6YOpnip67HgZe+lgEiwsXZ24WLBAPm4Jp5CQMoyZiGW+NvQQMdlHOWIc7Yh1hj1GwITo+E5i9fDWxUxcRHVPwt+lypbr88OHDanW5t7c348aNo2PHjuoUpt9UAFvp3/7uew24v6kEecVj3ysSGP/w48/8JA79u+++/QTrypS6mlYXR9ugYX16du0obu43Degr9Y0m/R4drYGG76zNTIiZg1Z0IWPDixgVWsgI/xyGuScxyC6Cvha+9DJxk603gxwi6e+SQH/PVIb4ZjHCL5dRAfmMDSxGK6AAbb8cxrqnM9o5mdEuiYx2S2CUWxyjPeLRksBgkm8Gun5ZaPtPRzsgR67PQsdvGhPlvGlYNo7xs/CfNo+kuWsp3rCP9QfOcuhcKVdvP+DJy9f/ESxnTp9i7pwiFi9eyIqFc1m1qBg/Gy28TEYRZDoSX71+eE7oSrJ8b/JDbYkLDyBQgXlYrEgDdOVYcesh0Ylfpc+/mrddAK6A/Cuo/x9AV6TWOzy9SOnhUK6LQ79yJIcz+4s4umshR3bN48DW2axZlEHPDo2/+rsc7N1Ux62BeVP5PJtrVLsltQTmdeq2FKC3oZ5AvF79ttSv305cegfqyuO/Vq1Hg/ptaNWiO9Wq1BHXPgxdfSfGjTFBa7QxHVr3plb1RgL2etSoVoe2LdurawW8ffv2vwb7qcO7iPaYhItOMzwntxS1wGtKK1FrfBRNboW3blM8dFqJY2+Nzbg2ImmrRnfEYlxn/jHyDy169ezPkIEDGTdyJNbGEwiQRi/eU4cFUVYcnZXA8YI0skISsDGPYMzA4Yzu2Y3xfXuhP7w/5mPG4zx5Mg7jBuOiPQqXSVpyrI/jZANcDKxE1mREJbNuyXpWL17LmuWb//6v+fheGss38s19BW+fs3/XFnbtXM8VcRMPbykp8hJxyWcFMgq8la0G5ArQNedEN85oXHkFzDVO++y/pdc/Q7wS4I9UZ14hBfK3KoKCG6dUqKu6dUY9d185V3Fe2VekgPxuqcaxK5Xvys+YCYaf+0sOrGVbkhW740w5kmLD6UxXLuR6cb0wkNvzwnm8PJ4X22fwWkD+7uhSgfli3ok+qP3m8/m4dwYfJMB6a9OGZ7adeRcxHvKdxLELVPYk87HAjPc+4tD9aol+44P7DzwzFqiHf8MzcZE3diTz8urpPw0Te3i/jNJLxyTK3cDONXmsnx/PiZ3zOL1/JVfF2Z05tI4dG4opyIliuoA6NyuM7IqUudL3rQwjm5oaSFJ6MCmZIaROCyVNIJ6WFUpyWoDc2JHMnBHLDFF2bhQ5igufEaNCPE+CgxkC8oLCRGYVJogL12hOcZKqJYunsXPzAvZtW8Sti3u4f3U/dy7uVnXv0h4JNParWQPlR3Hofo5aIg3EK4FeOblMZbpdgbkywYxmTLq4dCfNCmxulso0sv1xqpg5zm6cuPRR7TAe1pJI5ymfZ3h7cUboNwfKMgTq+eK8l2vgrQ4h2yH7m/l4fwnvSgt4cyGdp4fCuLfGiUtZOpyI6KfC+2rWeEpzxaUH9OZYUB822LVmi3s3jkQNY7cc7wjsxxZx7Vt9+ooz78pM/das8x7AMpdOFFu1JnNKQzKmNGJhUD+eHE/mQ2kxD3eHUDpvCg/W23N/kyeliy14sC1EvlJvefXiCVdL9nKtZJ9aEHfz4olPMFf2y8s03Sn7928WMLsQlBZC5opF6AmMx3sPQ8ttOFZhRrjE2OEW5ybO3BdPFei+6nKqgQlh+MX4YR9sjbGPLlouY9BxncAUHwOMAgywDDHCMlyAHj6eyeEjMYzUZ+qcFFZuX82yLSv+Ml2uLBl7584dSkpKWLp0KRGREZiZmzF65B9qKvlfX7jpf34J2gopsFWgrhSzfa/qe3VfKWhTYf7Dj/z40y+y/4NmidGK65XrlEDgp59/pmmTxgzq15MWzRp96lP/9Pryf//yw3fEx0Srv/NY/2S62gbTxTqIDhZBtDXzooOZG11MHelmZE0nMUQdJxrSRd+KbmYe9LWPYKDAerBbKsM8MhnqkcVwr2xG+2Qz3iuDMa5TGeOcwGinKEY5hDDKKYiRzoFou4cz2SMafc8YJrrHMF40xlmuEY2wD1c1yDqEfpaB9JHfY4BdJEMkMBjhmcVQn0wGKEGEZwqTQrKxSszHf8Zips5fR+G6Hazbd5jDJee5cfcub/+PKu796+ZyeIe0Ddu3sWX7TrLzi/EOicYnNAZ/ceoBEfEERSUSLFD/EuxfjTVX5n1PTBWYp6j6E9Bjvy6iU4KAHXs02bEnpSspO57K+YM5nNxTyLHd8zm4rYi9m2axe8NMzp/a/+l3PXnyNFWr1BegV6bam6kwr1VLYF67tQC9tTj0ttSt207ALc68QXu5xwTqonp126iuXZnWtXatxvTrM0pdj2RA37EMG6TDxPEWGOjYM/4PI7p06E/Dei2o+Vt9UV369OjLOrVw7uN/DfZ1C9MF4i3w1m+Jj0ErfKe0IdCgPYH67UQt8TNsI+fb46HbCveJrXDVaStmui3/GDRgLF06d5MItxOdO3ehd9++9OzWAedJg9mY6MrNRZE8XpnAztxsPAPmMW6ULp1aNKdLs6aM7NEd4zETsJKbNcHfh9Xz57JmwTzWLJz/t5XjvH/OawHsqws7eX5wMY+3Zok7DeHNiXnSIF4RlYnuq9q9aSWLFhZy5vgugbKSFj+nuu/7N86q4K6EuuIiNXA/9QnoD5Q+8JtKf/hZVV8BXYX4ORXkj5XtrZJPUoEu1z+6WVkUd0p16g9VoJ9VX7e8TJOKV927AnSB+P0KoCt96E8faPpSqtRowq+1m5OUkqUZqvXyKaVb53Iy04Gz0924NNOXsuIQ7i2N4cmGdF7un827kwLzE0v5eHSh6tI5JEDfWwwbk3kVNZaPDk356NSYD54d+RA7jPfFxnxc6wczdfg4wwC2JMG2qXB1z7+lzN9w5+ZlLpzaw97N81g9L4kFOf4sLwxl8YwANi6cyrGd8zl/dJ1oowrRFQLUvBxx1NNCVGWKI1eUJgBPSQsiSZSSLhDPDBOQh5M+PZwMxYULuLMkAMgUuM/IjWbO7CQK8uOZkR+nceKi/IIEZolmFyVRVJTM7OKpFM1Joljc+MZ1hezeuphzxzfyqPQYdy7to/zyXsple+fcLh5dP84Dea+fyGfx4qFmwgdluJo6mYzqvLW/qmj/CuhfSDPJzNhPLt3VYhBOxv1xVIaw6YgL8bPk3MmDFW+g3JOPxIHfnaUOL6N8jgbm5Yt4d2MWL89n8uxwBE92e3F/lTW3FxnzYJ0jp1JHUZIwWtz4GG7M0OWkQP1QUHfOJ49gi3VjzsX/wfHwAWz36MJe727s9O7KVrdObPXqxgbXLiy2astar4HMt+rISpfObAwZzEzTpiRNqE+Cdl0yTdvw4HAylwt1uJgzilMpQ7k0S0eOJ3EqcwQPj8zRLHYh35XrJQfUYrhbl06qUmBeqTcVy7amxnsQnepJbP5UxrpOFFf4B6Ndh6PlPl4ctwnWIZY4RDrhHOOiyj3OE99Ycezhntj4m6PnOYYJbiNEE5jkMZloCeBWbFvGqu1LKLl66m/T5Up1uZouz8jQpMtHDKd58+YqbBU3rMwF8d3339KyeTPq160n8P2+Aub//EL/UieCqoTul67720/OXZMmV7fK8Q8VWxXmAnc5X7NGDbp27kC/nl2lMa+ppux//uknTd+6/C7fKTCX3+XXn74nUYD+QQKQTraedLTxo5N1AJ2sAmhv7kNncw+6mjnRzdiGzlOMaK87hY765nQ386SXTRi97KPoYSuyiZFtLH0cBPCuqfwh7nykRxqjPZPFqccyziUMLecgxrsGo+cdgZFvFOZ+MRh4hKLj6M8YG2/+sPRkgIkzvQwd6DLZlk56NnSYpMheAgpf+lhF0kf+j972MXS1CqeLZSgdrQLpaCkBiFkgbY09aalvS2Npy+tLm15nYD9aD+1Nv/HDmGQ+GRdfZ+KSo5k9dxabtm3k9NnTPHj44D8XfV0rZcvOPWzduVfVNtkPi/16vHnlrHCVMP+qKC7u62p4xcXPX7pckyR795w756dz8fA0MR/zxaHPZ++GfHatyaXkyIavfo9x43Q/pdqVIrgaNTVpdg3M24g7b0Pdeu0F5h1U1a3fXiQwb9BOdesNFcDXbaNWx9eUNl0pnOvTc7gEe+MYPkQXnXGWTNGxxXiKk7pCaP+eI2jUoBW1qzekTdNOJEalUHq19H8C+6YlmfgatsbPoA0BBu1EbQgyaou/UWv8jdsJ1FsTYNhOHleOBegBAYF07dqFDh3a0759W7p068aoQX1Id9Lh5AxvHiwN48nKKBak5BA/fQ+Ll2whPy+P3MyMv4X2u+cPeS2ge1N2nA+vLvH62SZePl7Ms/JCXl4v5HqOJfcL7CkvdBCTY8OdGdY83SQQei5O4cWNT0C/dHKfNPzTOX54u0D1vID4ggppJYV+r6zk36CuHGtA/zndXqIOM3t487NLf1gBcY2+3D/3hUs/q0p18LzBnvwAAIAASURBVGqhnLI9LaA/rTlWXkv+vnIBuQKWclWaQjkF6g/vahbCMLFwIFyi1Dt3v05rv7p3ndIVqVybHcjdJTE8XJcpBi+fN/vn8VYZlqb0mR8RV35gLuwtEkDn8lrAX2ralnfOCswb8TFHH3Zm8XHfX6Um33L/9lUuCrwPbF3A2vkCSmWt3VRXFuUFCMADWTk7gs1LUtm7fgan9i7jvDj047LduCKP/NwItW88LcWP1FQ/UkTJyhhxOU5KDWKqOO/kjFBx5BqQZ2RHkikAV0A+XXXfceTPjCdHYJ49PYLi4mSKZqeIE0+iUOBdqdlyvnhuKvPmZ0jgJm586yL27Vgibnyf6shviwsvv3qY8muHeFx6nMfy2T5R7gMJ7h4pW/ncn9zRuMuNa+ZqqttdBNIu2p8K4fydxv+pIE6BeUhl2l2tiB+Nr51A3UJZgnUYzgL1NYvyKtLrr8R1H4BbBby7mCRBqCevjwbz/HA497e4ixt24eKMcVyZpc3NeUZczR/HubQhEqgZcDV7Amdjh3LErwOXp2uJK5/MAb8u7PPtwKmIPqIBnI79Qxx6C7Z6dOeAuPPNzu04EjaIrZ7d2OXXR0277wkdys6I4SywasFCu7YssG3NNP2GxE+oRdTY6qQZ1uNY8hCuCsT3RvXi4NTB3F7tyqnpY7g215Q3T+/yWly6km4vu3hU7Tu/efEz0O/fuMi7N5pUbMn54wQkW2IbaoZFuA067gaMddNjko8xBn4mGHjpCdTNsY20xC5aFGWDa5Q77mFurNi0jEUb57Jw05y/TJcrfYtK4ZBSXV5QUKCmy7W0tdR0eZWqVT6BWIHyP//5teOudOHVBbb9+w+iU8eu6oxnn/q8K+CuwL9SKswrQP2d6FuB9We4f/spLa+4dqVgrE7tOnSSdrB/7+60a9lMGvAq6jXK9b9Wq8oP33/DTwLyX36Q4x+/4zdRYkwU9588pbtnBP380hngP50Bfpn091LccDoD3ZLp6xBNN2tfAacTHUyd6SEuvpd9NH3FgfdxShSYx9HLLp5BrimM8s1FJ2QOk0KL0A3NRzdoOpP8UtDxSmCiTwL6AVMxDkzAJDCeKV5RTBTIj7X1ZriZC731rekyyZx22ia0FrC0HWNC2/HmdJ4s/6eJH71NwultHk13AXtXhzhRFD0d4+ntOJXeDjFyPlQNRJpNsaPBKC1q9+tDlQ6t+KlZA6o0qkXVhtX4pf5P/NKwClV//1XO/Ub15rVp368TI/QmYOrhQUhyOjmLVrFq1xGOnLtK2f2H4vb/82InyrC0T9q1l4I5C78CemXRnAL0Hbs/Fz8/vX+ccwdyOL67mAOb89mxKpvda3N58vDzZEAbN26harWG8lk2VvvMa4g7ry5Ar1mrlUiced3WAvR2AvQOAm8BesNO6laj9tRvKDAXoNcW+Nep00ruvyZUqVKTalVr0bxpe3p0G8yAfmMZ94e+uHVLTOW9NpvsKK7diiHi5E0nWuNu64uvaxBzCubx6OHD/wnsedGmAnOBtn4rAsWdBwq8A03bayRg9684/sepU6fUL1Tnzp3o1KkDttbW4rDncH7HCh6f3PrXr/7+He8e3RanXcLHh9cFvrek0ZPt08vybyd3tuZzI9dK3Eocrx/O59n92bx+vJBXj+eIk5nPpTRj7s9yEKA7cm+WvUDdlgcLvOX55+W1rn8C+vO7l0lPT+Dg3o0qwB/euSAu/bwKauVY49TPVkC9wrmXVgL9zCdHrcJccfhqf/k5tQju0Z+AXsKT25p0+5M7IqVPXe1XP6NC/NFtzfGjiqBALZgr07h0BeoPSk+LSz+lZgvKb537f/qQXlw6zMP103i2NY9Xe+ZogH6gWJ0ZTimC+7i/iA878wTsi3mxeyXlc/8cRD179oSLF0+xc8cqli/O4dDOxZzas5hj2+ewV27utXPjWDM3mpVFEayYFcaaOVEsyQ/m0NbZnNm/WqLb1WxYNZPCmTGkJHkQG+tMbJwL8eLUEhK8SEzyJSklQGAeKCAPIrkitZ6WpQG54sgzcyJVmOfNSiBfoK2Au1gAPrsgiZgYL2bkxZKbGyPOPFEAnsbsOanqds7cdFauzGe3OLjje1ZTVrJbALOPm+f3cufiATX78eTOeflcFICXcKPkEPevnpDP4JycvyhAl8/i+hlNJPsl0F01qfVAAbefs5YK+E8wV1LuX6TdlSr4IEe5xn4cPtajyIr3+jyk8d4BXp7J5IFSOb7Mgoszx3JrqTl3Vttxb7U999Y6c6lgIkdi+nF7qaU4cglQl1pwf50H1/N0ORU1gHsFepRNG8u56CGcih7EQZ/OXE4Zyy6XlhyW/f3eHTkS0p+9Xj044NuLDY4dWWLSlF3i1k+k6LLepSM7QwYx26AhmwXwq9y6M1+gnqJdh5SJdZkqLj1OuyYzLJsJvI05OW0ct1a5cHetJ1cX2XC52JCrKwM1acryMnl/j4iOqSC/c+UsLx7/2WXlLsvAKdYeiyhHDP2tmORlyURPYyb7mTPFz5KE/ARW7FjGip3L/ra6XEmXnz17liVLlhAZGYm+vj69evWSxrPOVwBWIfxv4P6UQv/nn1PpSmq8Zq3aDBryB2PHThS4D6NR4xb8+lsNfvzpZ40Lr0yr//iT2g+uzPH9gzymVKX/8PPPKtiVx6tUqSLOqx4d27dn1NBhjBo2lE7tW4sLU1bw0lzzJdB/+lGe89N3VJVtjZ9/oJZoamwUJTfu0N8njeGhMxkRMZvhoqECYwXu/Xwz6ec9jT6+efT1U47TGOg7jeH+MxgdPJsxIcWMCSpGO3Qe+rFLMU1Zj/W07dhP345d1iZs0tdglbQUi4QFmMfPwTK+CMvomVjG5GEanoNx6DR0faYywT2G4Q6hDLYNor9VAH0s/OhnFsIgm0gGO8QzQknti/sf4DSV7vaxdHdJoIfs93dNZ4hnFiN9cxjpl8OIwJn088mku2u0uHcPWulb0lJrCq3/0KLlYHmv+/SgXvcu1O8h6tlV1I0Gsl+ne09q9R5InaFjaTjejCa67rQ3CaGTZSDdLAMY5RyMVUgUAWnTSSlayOxV61gj8N5/6iyXbtzk8bMX/7GtVArilHT73Xv3vzp/6dgyTmzP4MC6VHavmSZwX/zVvdij50B+rd5Y1ERg3Fx1559grrjzem0rYK6k2jupQK/fQLNfCXbFsSvnFNf+m7juqlVqiGpS5edaoto0rN+aDu36oqNthr25F44WXrjbBQrI/fC088fbKQhfl2B85D0I8Axl7Yr1apfSfwv2qyUHmRltRohJe0JMOxBq3pFggbni2AME6B6TW/GPv3vy+7dvePv8ER+fl/PhQSmlh7bwRIBzc44vN2bYcqvQmddKFfaDU/DoLG9uH+Hhua18vHOMF2c2cV2A/uJoBu+erBGtgJcnhWCbeLA3nyvphgJ0gXiRI+WznWRfGkc55v4xPqpAv1cB9XsUzZrOzu3S2F89JUC/qAG6NOiKA9c49M/96fcr+9A/AV1JuZdotgKFBxV95pUAf/TvQL8roLh7gad3z1fA/mvIP75dUVCnpvFPq1LA/kAdo65JvytAV/rU/18/rI9vX/H20j5e7S0UoM/m7dlNIIHChxt/XhTgsTS+58+fYNu2lQLDaSQl+RARbk1khA0RisJtiYmyZXqKjzjMNBXsZ/Yt5cTOuXLD57FjeRaHt87h5L6VHN0lbkpccmqyL2GRDoSE2xEe6UhkjDMRMa5ExnoQl+RHQoo/SekhqiNXlC6OuzK1rnHlMeLK48ibKTAXgBfMVtLmqSxZPJ08OT9m/Agm6WphYKKLf7CHBAjB5OTFs3SZRNRbl3Ns3wbOn9hN6TkB+YWD3Lx0SB0GqNQkqEGXBF9P712SYOqC6s6f3lACKzkvx/cuneDhtTPqrH2l1y6oQFdgHuim80nKsaKgCsiHuE38CurBziInbWZKwHLlwqmKDMpFbqwN4d4Gb+5t9BaAu6ggf7jVm2d7Qnm6K4gH650oW2jI7eVWPN8bzstDsbw9mcKrwwlcnWnMlbSxlGWP50GhHudi+3PAQ1x51CAupY7XpN3DBrDBqhG73DpwJm4oZxKHcS55LDuUlLt3d1ZZt2Zv2DAOiDvfFTqAQ/FjWOnUQdSJle69yNJtRJooaNAPhI+sRsiw75nn1IarC224tdqJG0ttuLLQkjN5Olyca8Cru5r6ibKLSnX7UR7fK+PD3ywT+eTZY8KmR5FUnMMicd3Lt63lzOXz/zFdrkzGkp6egY2NDSNGDKdZ82aadPlXafF/fQL4l6nx/1dVVqMr+4rrVsZYDx42GitbdwyN7dE3sGactqH8/9r07TeMrl370rlLb3XWtF49+zKg/xCGDR1Dm3Zd1dW52rVpyaB+feUxceRtW1G7VnV+/EHj4r/7Vimc+05dYvQnOffLzz+pfeZVxZVXF5DX/EX08/eaKV4v38YofSWGmauZnL6KCVOXMSpqLgMCc+jpM42eAvOefgX08y9gcNAsRoQUMipiAdqxK9BP2oT5tF045BzALf8w7kWH8Zh3BO95J/CdexKPouO4FhwWHcQ1fw+uedtxy92C18wteM/citeMzbjnrMdt+locMldhmbwEg9h56EYWMzF0DnqRC5gSs4jJ0Yvk3DzGhcxmWOAM+vtmMcBzOoM8pwnQMxnhLVD3z2F06CxGhxUxRq4dFT6bEQHZjPRJZYQAfpCdH10MLGk9QZ/mAvkW8l63nGBK24nmtNK1p5WBJ23MA+hoFUJ3xfm7ptDPPppeFoH0NnKhv5EZ/Yz0GWhmzABTI/qbGNLL1Ewet6GPtZsEHCEYRiXhmj6D8FnzSV+8gjkb1rNuz3YOnT5K6a0bvPk/Cs0e3r3+aX/GjAIJxBqIO28iIG7KbyrQW6lAr1W7jabfvF57UUcB92eAKzCv36BzBdgr1UGe15Qqv9Tg559+FZDXoFqVurRo1glzE0eiI1MomLWQ5Us2iEHaxtrlWynOX0JaQq648zAC3EPxcQkUBePnFkp0cDy7t+9R65j+259r5w5TEGdJqGknFe5BAnVX3fYM7V6Hfzx78Yy7D+9Sduca7x9dpXz7bI6kO5Prbsj5jcU8Pr6RdTNiWRBswbVcO65Nt6A015ob+fbyyjsF6Gd4dX0v3DvBx7vHeXf7GCVb5nK9yIv31wXkL47yXhm28+Is7x6u4OriQG7Ia9ybZafCXJHi0m/PsOLd5U0C9Gty7d1PLn3zqvlsXL+EaxeOaIB++yIPbp9XXXcl0O9WSAPTLxy66srPfdF/fuZTyv0TzBUHeOecCuynAvNn9y/x7J5AveL84zslFXCvSMMr6Xc1jX9aHer2oHJ4mzpe/UxFkdxJdXjF/5+fx4/uc+HccXbvXMPSRTlkiytOTHAhMd6VuDg3oqOdVQCHRdgTHmErW1tCwjQKDbOTrTVxMU4U5oRxYEsR109s4fLxzezftog5s+JJSfQiNNyeoBAbudaO0Ag7wqKcCI10JkQUGedBfLKf6sqV1HpalgJyxZFHMTU1FL9gVyzsjLBxNCMgxJW0aZHMmKVJqS9cMI3ly2bg7m5DlV9rUbNuQ5o0b0mfQf2ZYjyZKYZ69B3QBxNTQ7LS4tm3dRlXz+zj9lVNl8Wd0hNq4PZEqWu4oXRvlKgp9vsS1Cl6XCaQF6ArDv3+5ZO8eaGZX7kgO1J16ArIgz0mfZJyHCQKdZ+kKligHlRxToH61rWamo+Pb57x/NxSbq5y5/nBRJ4fSuTZ3kjub3Dn/lp7Xh2MEIXzbJcP5esdeLI7hDenM3lXMp13Z9L4cCGHB2s8ORM5lJsZo3gg7vhG/iTOx/TnRFBPLqWN4aBfZw4F9GC9TXOORw3lWHAvjkcM4IBfJ0rihnEhXZud7h3YIs58h18Ptnt0Z5u4911hg9gTPpBDMaOYY9KSpS49KbBsT6ri0nXqEDn6R8L++JnS5S5cW+pI2XIHzotjP5uvR0mhPjfW+PDx/RvevHzK29cv/qt78cvq8oMHD5Kfn4+np6daXd6hYwfV6SqgVQrMlGKzyirwf3ff//rX30H8r89/+XzNGPGv0+/KseKgf6lalaYtWtFbgK0sG6qnb46xmSP2Tr7Y2HpiYemEpYUT+vqmjNOaxICBw6SBr8kvv/xM9eq/qWOz1fR75ZC2775VC+h+FP3yy0/qsqOqOxegK6swKjCvXeVH6lTVDFnbfuoGNtO3YpqxAd3EVQLDBfT3zqCjYygtbPxoaRdKa6c4Orml0csnh8GBhfwRtVjAvw5jgbntzCO4Fp/Gc34JvvPP47fgAgGLLhG0+Iq69Rf5Lb4g2/MELDxD6JISIpecIXbJaWKXniZu2Rlilp4ifOEJAuYcwT1/rwQIO8Thb8Ne5JizHecc2WZtwCJtNVMSlzIheh7jQ2czVgKM0f65jPHLlf18xgvEtaLmS7CxGK3IuWiHFaAVlI22fxpDXSLpYe1JB2NbOpo40cvalz7yN/ZyiaKXWyJ9PTIY7pOLecIiggp3ElK0H/eMtUz2m8FI+0gBuQsDzAwZaK5PPxMdgfx4OhuMo6O+Fp0MJ9PVzJReVtb0srSnp4UdXQT2HSZr0Wp8HxoPa83vA1rTZEh3hulPJsw/muLUmawqWsyJA0d4/LCcN29efU7HP31G69bdqP5bs4qJZDSp9hqKO6+tVLW3V1PtdQTo9et3+uTIGzTsTMPfu6pS3Hql6tZrR7Vq9QXo1alZQ1mqtDVODt6sXr6JY4fOcOTgSU4cO8vZ01dElzl5/DyH5fzunUeYU7CUcL84MRyB+EnQ4u8SIgYjjGCBfEpMKmdPnv2f0vA7lucQbd2ZINPWDO9cl0b1qvOPLUe3sunQJrYf2czLW4e5uyGLM6mWFHsbsDYnlnlRbqwLs+RcqjVnk4y5nG5KabYtpTPsVIf+9voBgflJ3pYd5tW1/by/dZTn57dzd3Mmb0qXCaAP8ubxEt49Xcej0nxOTbflZo6lBuiF4s5F9yQ4uJ1vK683rwLotz8BveTgVpYsms0FafCVlPvj29KQK/2nSoGcUvF+Q3HlpzQFccpxmaYYTlH5rZKv+s4/9aELrB9VOG9lXwH5c3FlzwXmL8o1QH+mOnVxhXfPa9z5rRIVMI9vVVTH3/wcJKguvez/4+y9o6o6t3jt88dJYmKMmqImMdYYe4m9xt57i8beKyp2aYKggKJYAJXei1JUbICoIEjvvVcFBew9ief55lobFJOcc797GWOOd+3KZrP3euZvtjfjXcGcAvU3r57+/1Po/3krJ8tqigoziI+9RtBlN3W6mjKQ5bSVLidP6GJzfA/Wx3SwslTy2js5armLI4d3qH3epge1RVVvERBvQUd/LfqG6zEyFEAbrWfv3tUYGK7EQHcZTjZG8nwGGBisYdPWRezWX42uwVoV5opjYCBw1zPcgL6xFgZiuoYb2bt/q0BdA/QjJwzRN9rK2o3LGThsCB27d6NP/9706fszvX7uwagxQ9m+cwPOThac9bLm5MmD8uX5js8af8WXsrbr2JXhY0cya95MhowcSYcu3fheFNa3P7RixSKBXnI4FUUC9FJNEWLNnWwq8iJ4Vqk4WkU8ulfI47vK/6VY/m+i2O/k86yikOqSLJ7WaArjHj64j+HO+SrA926fq5oCdP2tszWQV2Aux3WXHcRJevd/eF7Bo5gjPLqlx6NIY4G0Pa9TT/D0tgk1Idt4GWvE6yRzXscb8+jGZl7E7udtgRN/5Nrxe/ZJ/sgQdR5rRqn1dCpPz+Gp73KqXBeQqtebRKXYbUNXUg1FmSuhdIuxROkOoNB6Kvn2k8mzGkvivkEUWI6n0v03MsyGk3F4AoVOi9U8+sWVnYgxGcMNnWFcUwCvM5KA9f2w/+1HTv7aClNR6OZTmqI76iNcN3Yl3XEemW6/keO9nBjLsSQcn0iWw1zKo9z+D5/F9+FypbpcCZcb14bLBw8erA4j+aiusvzfmp0I//2X0HnD2tC2WhX+8T/nwf9bZfrfgF6r4utayf7pceooVoFwI1HQSk79m2+a8bVYs+biSCqbknzfUt1trOmXX9Hky6Z80biJKKxGahX7Z42+4NOGDTXwVoeuKJXvstYeKwpdU1SnqPQGNFVg3vhzvlVh3pAfmn6uydOmlLPTTYFoGIuPBgkUvRmqfYRua3bRbskG2izVotXSbXRYu48em4+JandihJEPk8wDmWcVxkr7eFY7pbLOOY0NYptcMtjilsFWj0y2e2aJWs9hp08Ou88K0H3z2OtXgPG5PEwv5mFxuQDLK4UckdX8Yi4HArLZ55uJSUAWlhdzOB1ajEt4OZ63y/GJLMT1Ri6nr6Zz5FwC+8/GYuR1GwP3MPTdbqLjGsZut1vscI1E2+U2WnYhrLD0ZZGpK7N0rRm10YQ+S7Xp9ttaui/QEuDuoP9afQZsNmXoVksm7DnNNodrON/K50pGDYEp1TheL2aXYwS/iuqfuuM4k7btY+JWXSZs2caYDRsYsmopfUW195LPWPf5si6YTc/5c+gyexrtp46i7YTBtB4jUB3ekZZDutN+5BBGi9O2ZbE2Rit3slccDD+3M2Rlp33wWXZzPyMQ7iLw7agC/euv3+fONeq8myZ33rKnnIME2KLAW7XpLdaH1m36qtambT9ZBeyte9L8G1H5Tb+jebNWzJqxkODLNykuKCc/p5iM1BxioxKJi0kmNSmHlGQBfIIycCuZ6KgErl+/zRmvQEx0zNDdrI/uJn30tsj5VHsve7cZYbTTGKeTzpSVlv+/gf2SLcN7fUvndq34142km4QI0G+KVZcm8CzRn+xjqwg1WY7L7mXcPrCMTKuNVF6y5LrRIhJM5lF2ShS6/TqehByDe8n8cTeBu7HniDljzZ9lsbwVyD9LO8/rewG8eeQvXPbk5QMfanJtybbZTLndZlH5W7nnZkS1z1FqzjnzJPgCr6MjeJWWwJtMUfol+Qh1eZAVi7+nPRlJ4XIxTwWw0nZWoxS8KeF1JdReWwxX/Q7ombV95Jqw+18HyTxWIC32VFHi1bUgr4W5CvRqDcyf1QL9nUqv7VWva3lTwu+P61rjKjQwV37Py6dV/PH7y7+98W/f/qkq71KBUFpKOBFhflw8dwo/eQ/Oeh3By/0QXq4H8XAyxcVeFO9pw/eT1gTGp07oi6LVU1fFTgjkLZWw+OFdbNJewfgpYxgyYjAjBZyTp41n2/bV6OxZw44dS9DXW8na9b+ybNVcZs6ZgtaWBQJ7Af++jSrId4tt2bOOxasXMmHmRH4ZO5x+g/owbPhgJk4ZxZBhA/mpU2d69h1Ah269GD95LJs3r2HV4qnMnzeJzt0606r9j/QfNJAFyxYzbJSooBbf8+kXX6oqvWOXrsxbOId5i39l5Pix/NCuA9+2aiuw/54vm33H9KnjuFuUJqakLnLkf5irjtx9ej9f/gdF8h7nq9fXlCvpkEJxqPJ5eCdPnERxziqK3r3H14POqBCvA7pi+rUQV0y5zemkkXwZM9+D7HUVz1NsqLm2Q4C+lz/z3eQzaCtAP87zmP0CcxNeJRwQh9Oc51G6PI824M88B/7MOc2bFFMxC15GG3HPZRn3bOdwV1Rx+dHRVDvOpeDgKPIPjxOY9yd170ASTYYTsrETiQdGUHB6Co/PLabEYRIp+waQe2QcBRYjyDL/hTyL0cQYD+O2qPQzv/6A79IOhO8cyqVVnbi8pjshWn3EfsZ3eRvcF3cQuLfmyIxmmE5uTJL9XEquHaA6LYDCMHuq8uP+a7i8qKiIa9eucUKpLl+7ltFjRtP+xx9VyClK9aNP/t6fXQfaf9fPhddep9z+ReOmNP2q2fvWso//B7jfFbF9/OF19SvV/9IyVv825XV9+ukn73Le9fvO6x77roWt4eeiuBuLNRGAf67m2pU+9EaNv1Sr3jVFdHWP/Uij2OXvbyjP30SBeaOGfP9lI1p/1Yg2Xzei3TdfqO9lYGIZ+/yT0POJY7t7NFoOAmnrS8w2d2OCoS1j9E4xfLc1w/bY8ouuG6ON/JgiMJ9lGcwy22hWOyQK0DNY45jGegG6lksaG91T2eyVwWbPdI25p6Ettt0zg91eWew5m4WuXxYGfgJw/xz2ncvF6HwWB8QsAguwDavgTFINwdkPiSp8RGLJE5JLn5Jc/IS4/AfczLzHxZQKAuLL8IsqxPd2AWciC/CKKMQtvBjb0HyOXU7B5EwEO+2vsPaID7/uPc2k7WaM3mTIiI37RLGbMmb7IcbuPsZknZOssPDBPiSd8JwHxBW9IDz3CWdiK8RxSGbNsSBR7udZfDCARQfPsFDem/kH7JhpeIwpOgeZsNOECTv2MX67AeO36TFagP/LhrUMWbmCfovn0Wv+NHrMnEnv6bOZM381uxfvEGUqQmajDteu3KSyuqqeOn+OsZElixZsFGh3FSfvp1p13lHNndcPt38rQP++VU9athZl3laUedveKsQ7d/mFQYMnM2b0bKZNXcSg/iP4rnkbVixdT2ZqPiV5pRQIzLMzCkiOSyXs2i2Cr4RwKyxSzuvRREXGExuTxO3IRG7djOFaUATeHoHs1zNHZ5OeAN1AVegK0A2378NI/vZ9O/fj6+EnwuT/rXBuw/KZ/OumgOVawnWux4eSmxXF78W3KHTYSqblMlEJy8g5sYGi86cpuuFFrJMhFzdPpPTUKsps13LPazfPMoJ4eyeRZ6LKIzwE8HcT5UQXypNIDx5dP0G5tz4VAWZUXZBjd3PyBEhppjtJN99DgdV+7jofp8LZStTMaSpdHLjvcIJq2yM8dLfj2Xl/uXyE0kPbuWOrz50zFpR5HKDkwinKYgKpLIwXRVfX/532rg/9QR3I7+bUKvQc9XJdTlaFeT2QPxeIv1TWusty27PaXLom7J7zPkxfkV07mEaU44NSXj+tVjdv+ePNi7/1eD96eJ/S4izSUyK4HRag7gh05YKDmJ1ql86dJjDAhgv+1gScPYGvtyU+HhZ4uR3E1XE/Lg4mONntw9HWCIdT+7AXENnZGKqmHJ+y2auOTz1sqcv0GRMYMnggw4b1o1fPbvTq3ZMBQwYwavRoxk0cw/BRg+Ryf9p36CAf4DaMn/SLqPMN7NFbw8r1i5guynnirBn0Hz6CAcNGMnjEWHr16U/PPj+LOhvC/N/miqMwmgG/DGPN2qUEnHEkNTYE51P7mTtbyUt2oWWb1jT77gdadehC3yEjadrsBxXojRp/Ld5uW5atXMj2XZuZPX82oyaMFZXeXVR6e7nfd7Ro+QNhwed5dL9QHKYCgXkO90oy1M6GJ/cLqChMpbJYAF9VrNojuY8C9Kd3C3hUnvfBLm5HTNZjuOPXD6BeB/abwWc/bKP84ymvs12ovrqJB9d3itq25Y8sW3VDmhfxB0WVH+F1grkabn8cvp1nEdt5m3uaP9KP8ruA/HWSGc/Cd/Dg/AYenNUSiM+nTMB899hYcg36kWc2lELzYaTp9KDg6Ajunh5NxJaORG7tQax+bzLNBpFh0le+S/PJMO5H0YmJFFqOIEmnF9G7epEhz3VzS3fybKYTs2cgsYYjyLeaR8TWrlxY24fQXZMIO7qBCDdTbnsf+T9Wlzs7O4uDt0Pd6vPnXr1o0rSJJlwugFPg9++/tHzVTUarA93fwt4f/UNoXR7TrHlLNfz+VyfgbzD/C8Drwu//rvca3l//77/9zvqv85P6A2T+OlCmHtjVyvZ60+IU56N5i9bq61VUeR3IlYEznwnMGzdsIMq8IS2/rAV5s8aqLZo5WX2PHa9lscv1NttF2W52ucVGpwjWCdRXnb7GilPXWWZ9jSXHr7LE6hqLrW+y9PRt1jjEsN4hnk3OyaKG09F2y2KbKPIdnmns8k5jm0+GWCba3uloeaSy3iWVjYo5pbBJUfMC/Q2u6WxyUx4r5p7OTq80DM6mczAwDztR5f5J1dzIfURSyUPSyh6RefcZmWXPSCp+RETefYIz7nI1rZIradWy1hCUdl+smiupNVxMrsY7thzHsHxsgjI4fCGBfaLmdV2D2eFwkW22V9hqH8Qmu0tsPB3IlpMXOewXxZWkMnEYHoo9JjT1Hq7huRh6xbPFLoptTnFsdkpgs6OsjjFstI9ktU0oy09cZdmxSyyxPM+yIwFi/iw9fIYlFp78dsCeX01smGZwmAm79zN1ox6rF2xiz4LN6C7ezqE9Fty48eHY75CgcA6ZnsJEnIUtm434qeMgFd5KuF3JoSsw11S2a3Ln37ZU1Hk/gbmo8nb9aNuuP737jGPhb2vlnHyBq4FBBF+8IgLLlrjoRBJvxeBmbc2pI0fxdffBzyOAoMBQsRACz18mNPgmt2/FkhSfTnJiDglx6UTfTiLkegxOjmfQ326kKnVFob+HujH7duwXqJtwQNeMa5dDefH8+f812P8VLrC5kXhTBXp8cjh/ViZScnafqtJzbbSo9DSmLMSdgmvelIe74rh4BCU2K9Wwe7nDBt5kBUN5HP8piuSm1W4eBppTbruRwqOr5MS0iryDyymw1OKBzzGqvY+Rb6lPkuFmsS3E715B/NZ5JG6aQ67OUgp2LSZvyzzytOZQuPFX7mxfSsn2ReRunEnCwpGEzRlIxIKhxKyfSNSexUTaHuCynTmxcpIuzYtVe8Cr1ElxmbUDZHI1q9LmVFEbZhc4KyH1FzWFvBR7LvZMAbio8ue1UH9Wk18baq/Nod/T5NsVcCv2d+X9h3hVlQLvDNKSxbG56U/QRScxZ4IvucjqIh8KRzGn2lWBur0A3V5gforzftac87USpX5ElPphFegezqa4CdQVsDvbmYhiP4DjaWMV5Kqd3oetmDLoxdx8hyjpIYwZM4gJE4YxeGgfevbqRN/+vdSweOeuXdTNGrqJim75Q2saiiJp91N71m5YyNrNSxj4yxBm/ToHAyNdpsydwZipU5gqcB82cjR9Bg5l6dL5eHu5cOzEEXR0tHlcU8KbP56Jynso72069pZ7mDJxBK3btqb5d9/T5JsWfCUn9C9EmatAb/qNqPE2TJs1GV2DbWzdoYWO/k7mLphLp+69+LrFD+IM/MjFc97U3JP3XoD9uKqIx6LSHwvMH8l1j9X6CXG8HpbLcaEKdHUVmNeU5fD2z/fFMrlZiSrQ60PdWd6nD0Cu2H9e83tRIE+ijHhyS4/fs06pIfQ36Sd4GX+AV4lmvEk6LOrclJqra6kMWMyf2Tb8nnaY1ymH5LaDvLi9h9cC+/tuSyk9NonyY+MoPDSKPL0+lB4eTYXVMLKN+5Jj0JMHbjN4en4Z5dbjuL29N3G6AugdPck/Mpr4Xd2INxlDkvFgwje2IXhFS1L2D6PIbg7hWt2odF1KvM4AkpXhM+IMJBiIejeayDXd4WRf1bQuKpWzlZWV78LlB5StPhct5JdhQ2ndulVtwdfH7612Qpo69Uyp/G7Y6IPBLPVnnKtKuHbHsf9Vpf7u8erzNXynvP8O57+q7Y8+eO66ivb/qe7rqfS69rMGtXn8z2oVeIMGn/H551+oU+EaqlXvn2va2GqhrihzJU3wY8ef6dpjmFos16DWeVHA3ugzTRHct00VZf4Fbb9pLCZrsyYcP6SZIW8aEMMG+xDWnLrKypOXWWZzlaU2wSyxDpHjG6w8HcFq+yjWOcWLAk9Cyy2FLe4pbBW1vdMzhz3eeeiezcHQPw+TczmYnM/FIKAAPb88dp/JZrt3pkA9m41umWxwEvUutlbgvk6ArkB9o7Os4hRouaaywyMFI/9MjgXn4x51hyvp1dzOf0S8AD2+5DG3sx8RnPZAlHkF3rdL8IwswSNSCcnfxTvmDmfi7uETV4VXzH3co+/iFFHK6dACrILyOHI1VZyFOMzOxWLiG42hTzR63pHouF7HzOc2Ttcz8I3JE6iXEJx+nwtx5Zy+nM4up0hxdhLQPSPOik8SO7yTxXlJEidE3gtXeU+colhtG8YauzBWn7wp76M4Q9Y3WG0dypoT51lx9AyLLVxVRb9styVav21jt0B9129bObj3BLl57yN0D2oeccrKDetjrlhaOGB+4CRaG/Xp3msM37fuzbcC8xYtuqg5dCXcrljL1r1Udd5aYP5Tp8H0+nk0vy1Yh6OdGxE3wokLCyMuPJSkmCgiQq6zYe5CZo2fQbvm7WWdju2R0/h5Bcp5/CqB54K5EXqL+NgkMlKzSYhNFaBnEBudRlhYLIGBN7A0s0FHgK6n5NK1NaZR6cYq0I13mbJvtymH9x0lKjz6/2qr1n/dShUQJ2mAHp5wg+eisO9dtyf7tLaA3JUnKZcpD3Oh8Joz+ddcuGi4nPSDv4lKX6Oq9FdxPqJUznPfZ6+cdLZR47WTe85bRGkoMF9KrvlS0g2XkCmqKctkE3E7VnBhwSTOzx/Dpfm/cGneUMKXjCR2+WiSl48hc8U4MhePIWvBaHKXTaBo/XQK1gvQZ48gaNTPBI7sxfkp/fGeNghjAZbuwL4cmT+N2Auu3MmPf1cUpw6VqWtNq8gTAOSqUH5Wq8w1MBeAP1DWfM1xLdCV4ycCfaVlSimGe1SpmfGuUYCvuX+vjOysBK5c9mD//q0E+NlwPciN0KuuqgVfcqq1OqA7qzBXLmvg7sDl83ZcFLtw7qRA3YZzZ60E6sfFIzysqnRPFzPcnQ4I0E3EDgjQFbDvV6GumIOtCbZHdQhxEoVuulnA3YuOHdvRp08PDPW1MDHQRnvzCmbOnkTvvj8zYtRgJoweQKefWglkm9L0m2YMGNSbQcNH0qNfH1ZtWM6KjSvYtnMT1kf0uOzvwPUrXqLGlzNt9gwuXrwgf+8FigpS+fM/L3jz9iW/C9RfPS6lMvsGbke3M2/yEFq2/J5mLb4Tb/h7Ud4taSRQV4De5sf2zJg1CeP9+hjs02HF+hX8tvQ3+on6//rblnzd7FtiI66oIH/2oJQn1UU8qsqr/f/lqDvgPZbrnlaVyP+mRIX+g4oCasqV/1MJf7z+MMXh6Wj+DuTvw+v/0Wymwp/8589X/FkezPOEQzwVoP+RdZK3+c78mecoADfhRV2YXVT4o9BN3A9YwstEU94oM9RTD/Im1YLnAvOXkTt5dm0nZccm89hNvheHfiF//2Du24znReAKnsnjikz6UHxkBI/PzOOp/1KyzYaRoj+Y62u6kLF/IJkHBlJkM44i13nyPVpGmrEC+u7kHB1Hmf1sMsxGk24+lnjDocTpD+GGVnfSDo0g1WoS0RbjyPHX7Cqmr29At549aaTkght+SqNGDdXCr8a19tln7/uw3+0oVg+kKtBrj+vU7Mcf14Xa3wO+vkL+9//If6th7Hrh8r/NS/8b6N8r9r9uhPLX3Lvm9o/eRRAUUCuT3xp+3pimX37D51800YD9M831StvaZ59/rrawKaCvm+euKnUlHC+39RowknYd5P2T70ejRk1kbSLv2xc0bfQ5XzX+nG+aNOJrsa+ayHWNG2Fmqhn7uuioLzNM3Zmyz1m1qSbuTD/gzSxzP349HMii4zdYfjJaoJXIekdR2c5pbHZLFaApefIstntmC7gz0fPNYZ+A3Mgvn70BeeiczWWndxbaHgJsUeFrRZ2vdUhSbZVDImsck1gntl45dk6U6+JYZx/HFsdE9rgncuBcBrbXizgTU8GFlLucT7ojAL+DdUgJB8/nsN8vQy2kMxJVb+SbLr87QxyKTPYH5nBAzDQwV54jExO/NAF4ityeJLcnYCIOzH7/aMx8EzD2icHEOxqbwHTORhZzLqaQgNgC/BPESYgo5qB3DJttQtjjlYiBn/yNZ7PQU4r/PLPY6prBZlfl/YgRZyeMtfahrLe/zlq7a2ICc9trrLG+yqrjgaxUVLuZByu1Ldk6bxu7Fm5mmwDdzfnD1smboVG4OPiL0PEWsHtw4rAThw/asV9Ufp/+E2nxfTdNK5qoc6VdTVmVvPkPYu06DOTnPmMZM3YOJsaHiYuKJT0+loRbN4gPCyUvI5Obl4NYPHMB/Tv0EKeuFeMHjEBnnbZA+jh+3oGEhkQSFRlLWkomifEpAvZkWbME6KlqgdzFS2EixrzQ27YPnY1KPn2vgN1QVeoK1DUq/QDGO00x2WWGyW4zrMytyc3MqT13/R+AHpF6m5vJAvSE69wUqyiM5UnyBXJdDSgNP8vDlEtUhDuRe+EoV2xNibA3JHz3dEpOr+aOw3qeXdpPldcOUeA7eXJ2NxX26yg4vIj8g4vI3r+AuO1TuLZ8HBEb5pK+dx2JO1fgO3MknpP7C8yHcOnXgVybP5igWX25JccpS4aT/OtQshbKSWzecIH6eMq0ZgvYZxM9cTC+/bvhNawX9kN/Znfnzqxp3YkNHTpzYNpYos45c7cwUZ0Up4TElcpoBeZPVJhr8u9qqL02V/5cLYCrK4YrfA91NY+er6l+V0P1mhy88lMhEPHxPIKjvSknju5Rx5peu+KimgJzZQ257KwCPeSyqwr0OsAHXXRU4a6E3S+ftxVFeprA86e5EGDDeV8F6ErY/Ygmny4q3V1UumKa8LsA3d4EJ2WUqq0xh813EeF3gqxAM5ysdzPn18nifTZXN1tYu2ou3q7HcbW3ZMOGZUycNJKN6xdxzGw70yYM4rPGTWnY5Ev5ELenQ5deDBs9lqlzZrNs+WIunXUQlZzDq1dVvHlTRUVxMgE+jnh7upCVnsyTR5WizgXof77g5Ysq7hUlUJkbQYU4frnBtmxZOF6+JN/RQiCt5MebfdeGL7/5jk5dOjFk+ECMTAzZsGUjk2ZOZsa8mfzUpZvc3oJxY0ZQnBPNi0dlagRAGaH7sCxRHMwUXgjYld3xntWUqTB/Wl2m2oOKIrmfUiRZzJtnTz74YD96WMWND8LrGpCrJsr8z6ooXmec5EW8Ga/SrHhb7MLbAmdR5iY8Cd/Jy2hDXsTo81Kgff/cQl4JxN/mnBTIG4tyP8AbWZ/e3MKbeCMe+iznidhTr4UUiyqvPDqBCuvJPLq0jmq7sdyxHC7XD6fafhoPHGZRcOAXyo+MJ3R5axJ2dSfr4C8UnZxMlHZHAfwQMg4Oo9x1EUWnZxG1qzcpFmO567WEeNNxRO8dTsDyjvgu60Lo3vH4r+rD1Z2D1b/QwGCvuqGIAvPGjRvyVdPGfP1VE775+ku1j7ouzPxxvdz2vz9Q1Q3eqXRNmL3u/p98CPS/AvgvIK9fzKY6BR99/EGluupMfPxJPcDXg/bHGrX+z1XvH/0tHK95ro9VUCv58M8baXLkSv/5O2B/UjsJTu1P/+x9uL1Bgw9C9Ypyb/7tD+IQfK0ZDas6CY00DoEajq/Xmy4qXumvf/3Hn8w9fpHZh88xTSA+1diTaSZnmGkWwFyLQBYcDWLJsTBW2sSy1jZZgCVwdhB17ZDAGvtEUe7JAmIlpK7kyTPZpoBOAb17OpsUBe6cylrHFFbbJYrSjxeLY7nYCvs0VsljFbivs08Qi2WVbZQ4DpGsOhnFRjne4SZQF7V/MvQOTrdKcLhRwtEr+aL8M9kuSl5bbt/kEqcCVcspTpyNePldsaxximalfYQaXVh2PIilludYLEBddiyQtVYX2WJ7GTO/aE5eSOPIuWRMfeM5LLB3CM3nbEwZAYniOMSWY3M1g52nrrLJKpi9Pins9c9B319xVHLY5Z2tphi2CNQ3OaewQX63lkM0m+wia3vwRaHbXGOl9RUB+kVWWcjvN/Fg2Uo9ts/Zwpb5m9FauIfC4op33/CKu/cJOBuCn08QHi7n5Hzpi8PpM5yy9uSogP2gmS1jx85XlbgG6N1VuKuFcHJdr96jWbpks9qCZnvKids3I8hPT6M0L5ei7CwRMyXERiXh4+THnk17WDR5Drprt3Js/xE5f18hIiye6NuJpCSlqwo9KSFVwJ5FclKmXE4XoMu51D9YHA1XDu0/we6NeuxRoL7ZAD2lQG6rEUbbTATqBzRKXcCuQP3AHnNuXg/n4cNHpKb+75bof91Ku01YSjihidcJTQglNzuKNyWR5LvqUXjZjvIoX/JDThForcfeLWuI9bYkYu98yu3WUu2hTZXbZu67aHHfdaPAfDWFRxdQYLGQjL0ziNQaR9DSEVxePIoLoshvrJnJ5QXj8Zk0AIdRPQmY2Y+LAvEL03sTPGcg12f3JWn5L6QvH0H2itFkLxlLxm8jyV0+gbvbFlC8YT7hYwbj1qszR7t1ZFeHn5jxdTvmfdeB1e06cnzhTLIiL9UWp2Wr1fCPKzX2pDJfHUbytKpWjdcCXAmvKyr9ZXXhe6jXXv+4th9dM0wmi5fPqnn+/DHe7haihlaLd2jO1StuhNTC/O9Ad1GhroD8vWp34qpcvhJoyyVR6IEBp9Q8+nk/K9X8zxxTge6jzDR3NsNNUecOJqq5iinhdz3ddRhuE4AU3SbWU5fchIu4Ox6hTet2AvUWTBPnxs3pOBd8XXCyP4qFqR621uYEnXdj/co5NFGGcDT5ihY/tKP1j13o3KMvA4cNZ5/+FnGIkjTAfvuG129f8fL1A1HNBRRkx1NRJu/Pg3JePasR4D9VHSdTvXWMGj6U+XNn4Xl8N9Fue5g0rCctW7WhVdv2NP+uFc2+b0vjL1vQomVrho0YycKlC1m2ejG//jabjh07sH7NMgozxZGszlM7E5RKdyVd8rxK6T6QVVXsxfI/KRUrF7sjVqHa4/vlAnsB/IP7/6vxqtYE6v/5Q2ifyutsB1HchzVh9nxNgduLaGPu+i7iwdX1PL2uTc3l1VT6iaqO2MUfmVa8jNXnldjz2zo8E5i/Epi/VPrSvVfyyHUhD1zF8TQdSubO7gLxcdQ4TKLCdgJlAvOCQ8O55ziHEiU/vq0bOcZDybeYQLbpEFIN+1AksH/ot5CEvX0J0+5GtPFIKr2WUuaxXNT5aPJOzCZEeyhBm/oRaTiBi2t7c2HdAOxmtsVhfkf1rzzr50cTcdQai3r86ksNyJs3/4pvagelvCswq9sxrA7A9fLRSsj6YwGWJgzf4AM1/x7uH/9jqL3+TmXvnIL6BW31pri9U9kf1dvBrN76P9vbPv7oH/PmdSNc1Xx/g7pe8k9rQ++fvjuuv+PaB1EDdcOVj99BXElRNBbnSCmKexeGb6DpT1c2eNkvQL/35KUAOYylp0JZbBXC4uPBAkJFbcawwSkRLZdkNjsnoe0iABVAb3ZOZ6N9CqsEyotORDNf7DereJaeFtVtV6e4Bax2cSq8l4ojsMQqhqXHb4tjEClrFEutoll2KkYAHie/R4F5POtOR7HC5haLjl9niXUYa07eEschiT3eOZidKxCQ53HwchGHRHHrnElXK+g3uyej5SaPdYlhjUOs/L4YlpwMZ74AePqhc0wycmP4tiMMWL2Hfiu3MWTdbiZtNWXDIXfsrqTgH1HCqSvp7PeJRtf5Jvou4RzyjeHExUQsLiSxw/4Ki/e7s/5ECLpeGew9k4bRmVSxNPQ8kwToSrueYklscpP3yDWZbS6JbHVOYLO8f5vtI9ly+iYb5P1cc/wqa4ycWTx/E5tnr2fjXG2Om3vUS3u+JTQoUs6lNznvf13AHoyn63k5D/rLOdAXu1M+2Jxw56DpKaZMXUYrAXi7H/u/K4AbMXIOG9brYH3cQRR2HAlxieSlKm20JVSUllFaWEZedjEJAubwG7Hyu8K4LhZx4zZZaflkZuSLCk9Rq90T4tJqlXkKiXGpAvYMboRGc/HCDRFGgZy0cuGQuY3am757g0BdSx8dgbrSyrZ3q7Em/L7dCJNapW51yIYXz19gb+egDrVZsGAJhYWF/wXo6ZHcTJEXJ0BX2tdiRK2refQAM7JFpSeJknTZvxXjzauw2b2aGLNVJO+dRYrhdHLM51FkuYAKhzVUuWyg5PgCckxnkbv/V1L2TCZs3WiuqkAfid/MYQTMGoHv5EE4juiBzeAueEzsJdf3w1+AHjRvELErRpK5YRyZa8eSu24CBRsnk7N0DGnzRgrM53Jn13Jyls0ksHdPrDp3wKhLF0Z/1Y7ujdow5Zsf2d61GymeJ6gpS1cHyqgKXSmquqeo9DwV6Aqkn9VCW1XmVZrwuwbodZXu+Srcn6ohX81IWLV6vTZ/HnTFid27l3NJoHw91JuQqx+qc8XqVLsG7M7vVgXySuj9SqCdqHQlj26nFsUpMFcUuv8ZJex+FB9llzFxGBSoO9sba4AuMD9ios3O9fOpKYqlKv82cResuZ8Tqf6ts0X1tmzZip9/7oHunk3iGNhjYabPsUNGAvwTXLvkw6+zJ9JIYN7oy2a0bNtRte/bdOCX4UO44KV8cCr4XQmnv32thtVf/fmU54/v8vBeAffvKAVrhWpR2vOH5cRe91Hz8nNmzmFqn078KL/bXHs2u5YOp5XA+weBevsfO9eG3lvwgwB+/qK56OhtY4/OZmbPGses6RNJT46lvDBT3T3vaXWJWhinmqLKqwpUoCth+JeP7spxBS8eVqrrk6q74ryVyP/0DtWV/7QX8dt6ylzj1b59nMnvua68TLbkjzxb/si15/cMKx5d30b1hdWiuncK0NfxJHQTVeeX8OT6Jv7IPqmG2F/HG/IqRk+u01Lb197mnuD3cEMe2c/j3olJVFlP4sHJCQLzUZSL6i4x689d61HkGPam2Gww6frdyVNC7Lo/c/f4eAoOjiRyc3cStnem5MQoEvd0J99yDHccZpNr8QvVPsu467OOrBNTyLOaRN7JqVzdNJAM6wUkWkwjSLsPvovack3pWz9lQmZmlrrjWNPGX9BMhfk3ojabvKv+rt/+9W4q2z8Uq9WFyt9XfH/8bvOSd3n3/1W1/peWso/qqfBPPqkXKv/L89RX7R9uhlKvH71e3vzda3rXP/5+cxXF6hS1asqc9oafvf+bPvn4w/RD7e/9tIGmqv2Lhg3VVrYmjRrSrEkjmiuh9kafq5BvWKvSb926RfadByy3usKioxdZYHlRgHpJ1Pg11ovS3OAQwya1CCyezU6KAk1knUB4uVWU3DdCVH04049EMP+4wFRR707J4gTEs8k+Gi27aHkOgbZAdsWJCJaLyl9+LJwVxyPUyytPRrBaIL7WPk619bbRrDoVKc5EOMsE5itO3RJAR4vzEMM+UcfmPhEcv5qL0/VCdrkLbD2y0fZMRdsria2uKeJoZKkFd2sdIlXnZP6RC0w1dmbwJmO6z1tGp5kzGbJqJfN2G7LdwokjbiFY+oShY3eJDRZ+rDT2ZMHu4yzfY8n6fVasNrZhlsB/7m5LdB2vY+arhO0zMPbLwFAcCgXoOz3iRKknsMNLzEfMM5mdnmny2lLZ4a7UAySxyzVRIJ/MVsdItHTsWDp3E2vnrGLdrC3k5Za9+6bfKask6EI4wYG3RDDd4pIcn/MLkXPpFRXsro7+2J/2EbXuhdUxd3WP8w6dhvBz3zFMnryIVSu0cbT35nZEvIjaAiruVIqQqZbzyl3KCkspKbxDblapKO58sjIKyErPIyszn+ysYtKSsgm/HimQvymPjxOHIJmI8ARR1VFEhscQEixOxrmruLn4i/L34JilLQfNrTA1Oizncl12CtQVsCvhd/0tmiI5g+0K2E3U8Ht8TIJa1NqrZ1++aPQVn33amKZNmrF7lw7V1dV/KYpTgJ4ajtKPHhofSljCDZ6UJ1B9y5l0m8047d2IwdpFWK77lSvbZhK7eyq3t44jQnusgH0qRccXcsd2BaVWi8g+MIM887lkm8wmTW8qcdrjCV0xinNzhnB22mAuzBmF99g+OI3sid3wXriO74331N6cmfYzgXP7EbNqONmbJ5K3dRo5GyaQt2ES6QL0pHkjKFgzg5LNCynauIiYcSPw6NyJI106Mef7DrT/rC0/N+nAiu/bcdNwC89ybqtAf1g7UexxhSb0/rgO6LV59GdqeD1frWx/VQt0Tchdo9aV25VK97od2RSoqDsNRV3i4MHtXL3syFn/kzg6H9AAXIG6otTrQvAK4MWCLjvVAt6V4FrIX73opObVlcK4iwGn1cK4OqgrQPdW9v8+bYiLjR6Ox7bjb6fPdfcDJAZYUhrlzaO8m9zJiiInJojS1BvyOou55OdG+7atmThuODu3LMf2pDk7tq7ByvIA9icP4+fjwCGTPTRr1oIm33wrCl0UdMu2tG/XEX+ngzwqjlVrBZ49ucur59W8flHF65c1lOUlk50YTmp8BBlxN0m84Uf27fMk3/Rh0YzRdGvXkiEdWzF7yhQsjTYxf0wPfvj+O75u3oKvm30nQP+exl8r4ffWTJsznQ2b1vHrr9NZuXQ2KYlRVAqM75aXUFlWxIM78r9Swury/isFcU9ritUIgTJM6MWDuyrMNQpdsUpq5LE19ytrRynWL3r7sx7Q32que1nCm1wXXqUe5Y8cW94WOqnK/GWkPtXnV/D42lYeXF4j6nsbj4PW8ChorcDekj+zjvI8zkggbqKG4F8nmarhd6Vd7fnFbTxy/o17AvPn3guoOTWBF57TZR3HQ6XH/MBAUnZ0ocphBn/E6PDQfQr5pv24YzWOArNR3F7TmoRtP5Fl1J9S13lE7+pJwbEJlLvOJ/PYOHJE1Zd6LCR4fWeCNvbCf3kvog0nkWP7G8cnt+TCzh44zv6OtHNH1e0amzVrpo4u/aqpkk/+7B9U6Mf/OFL1b0q9Qa2abVA/h/7J/wb6X9V3LTDrCtyUOew/tG6jhrL/6lx8/BeH45+AX19JvwPyX2ayv7Pandbq1rpd1z6pt1WqWs1eD+YNlFy8AL1pwwYC8M/56ovP1Z70xmq7WmNafd2E1t804QdZm3zeUHMuyKtk9alroohDxIIFrCEC8etscb4lqjwKbecYtrvEstVFgO4o8BVILxHYLrQKF0UfJQBOEEWeLmo1hz1nstE5m47B2TT0fVLR905DxyuNnW4JbHOKVgfGbHWKEYtmi9gmp1g2iprd6JyoVo9vkOdf76Sxjc6KxbPHI4Hjgen4R2ZxOb6YxOJnmPqJSvZVlHoaewSyuj5ZqumczZDXkMp2ge0mAeiyExeZYXSK6Up4eet2tpkbY25nhbmDhxzbsVLnKAv3WDFtwyHGLzNk2MzVjJy5hMkLVjBh/grGzlvDOr1D2PuH4nJJHAqfGxx0D8XIIZhdNpfYY3MZffvr7HOLEpWfzP6zieJ8xGPgGcdu12i0nW6z2TaSTba32GoTzKq15iyZuZZVs9Zw0PDkB/MTaqofkBCdRPStWGIiE3G195Jz6zUCzlzhnE8Qvl6X8XA9h4uA3fakj5pf1xZFvHSpFna27lwTGMfcjhOY51FeUsbDmkc8fviYexVKsfMdysqrKSmpoiC/QsBeJMpbqVxPIfxmgpzTw+XcfYXAc1e4fDGUkGuR+PlewdHWgzOeATg7eeDk4CUwd8PS4hRmB45hLnZgnzg7W/exU0C+e6O+KHUDFeq6mw3Rk+v1BOynj9ny6uUrjPftF2eyiWoK0D9t8IW6tvy+DZaWx3j58tV7oIelRXAjOYxrCaHciL8uJ/BonqQGctN0DadXz2DfjKHYLhzJ1Q1juL1jItc3jOL6xpHkHJxH+anloswXkms6U2A+h6Kji8iVNVN/OonbJhC2aiS+0wfiOXEA52YME4U+ABcB+skh3bAb1V0Fuq+o9EsLhhC1cgSZW0SZ75xBxvrxpKwZS/zScUTNH07cr6Mo0hbnYc9qUelzCerRHftOnVgtCrNjo3a0a9iOyd+0w3bWZF5F+PIsL1ZUa05tyD2v1nLV0a5K3lwFdlW+Cm0F6IpCr59LV9dqTY798b2cd1BX9wxOj8bMbDsBAmHb06b4nT1B8FU3QoLcxdxUxe7luA8748X4H19LjL8xt/yPEH7JTlSyIyG1xXJXA51FpTsQ6G/L+bPW8uE7hp/nYbxP7+Wqgy6J/mZkXDhKfshJ7txyoTLKg3u3HLh7y5YUv/1U5CaSmx5PenyYwK6Mu3mpTJk4jh7dOzNj2hg2ay1nyaIZzJk1id/mzWDzxpXs2bGJ5t/9wDfft+arFj+ItWTlwllkBdtyyc2CtUvnYXnElGPmOpRl3qIk5RbJYRe4ecGVyKCzRF/z56qHBcnXXEi/6Yn3MWWf+1mcPrqPW/J3lcSc5bbLbob0/olvmn8rMG/BF1+14MvmrdS1VfsOapX7Jq0lnDpuRH5WsgD9DpUVd+TLc4cHd/O4f6dMQJ2vztx/UJnJw3tZPKrKEfUukK8q1MC+qkANv798+vgvIH/7jzD/z8tyfi/y5FXaMd5knVKHwrzNs+PZ7b3c91/OUxXma3lyYxsvbutTdW6JOhXuPwUOAnMDfk825XnkLrlurzgB1gL5EzwMFQ/ZZSFVVlMpPzaKR55zeWg3kccuU3h65jfeXF1Nhd04isz6kbSjPaWnJvLIa7o6bKbYSmBvMpgby74lYWdncg8NIV6nGxmmw7m1uTN3nedSZieOsdkvpFlMINFkFMFaPbiyuhOR29sQbdKaSJMeXNvRgjCDlmRe0Gzj2b9/fzW83qBBbZi4HszfDYP597/rQfy/K+13QK8NtWtCzp/+bSvROtXcpElT2rVpQ/eu3Rg0YAAD+vejR8/udO7WnakzZrPXcC9aWhsYPny42DB++OH7D+D/TwD/a5X7B6H2BvXD7A3eHTdo8L7ivS7U/n6b1A/76tVViUrU9Zs3/JRvm35Oqy+VavamKsS/UIoM5bFKUVxrudxGoP6t3K783MisFFUZh653LIa+8RgHJLDvXDx7/RLY65soa7Jcn4KBbyq7vVMElslou8Wz1S1RVaE63tns9S/E9FIph4PLsQwpwzKokGPBxZwIKuHElWIsLxVgEZiHxcV8DomZybGRfxZ7fNLQ9hB1rVTNuwiEXRLV0PVmse2ibHU9kjnsl46NfyzxRVVkFlVQfu8RZ28XcTAgHZPzOZhcLODAxSJ5zhyMxYwCc9WhNfv8MsWhiEVXlPgBRz9sPc7iF3iOwKuX8L8Uipm1EzNWbWDo3JX0nrKQriNm0GnAWHoMHcfAMeMZMnY8w6aI875jN/Yu7ji5eXHw0HEMlD3T95qxy8CMnfssMDnugI3HBdwCw/EOieNMaDKeoSk4X03k5LkoTpyJ4KB3GIbW51gxfw+Lp69mxYx1H+6J8fyJOPV31MFSj2vuCYzvUVZaRFZKqoic83g6esn5NZgzHpfwdg8UqPupil0FvLOPqOhYslMzyM/OpjA/n8pypY7ngTxPDeVlFfJclRQU3CU7u5TUlAJR6QVqX7mP53l83M/h6eqnHnu5K8/px3n/IA6ZHmPrWm0RVrsx0DHG6pi9KHM7gfhhDhgfwsToIGb7LfGSx9me9EB32z52bRSlrqVfq9SNMNplIqzJJCsrm3Ztf1JHzioQrwN6HdQbftaYLp17cPaML/+6lXFbBbrSj67k0K/HhhATc5loOWkf+nUs24b2QHtQVywm9ydwzSjCBLgha0cSu2cKxSeWUGa1WGA+i5z9M0WlL6Xw8Hxy5Th773TSdk3m1rLh+E7pi9v4fniM64fb6B7YDuqE9cDOnPxF1MVYgfq0PlxcMJSwlaOIXT2ciIWDuDjhZ3xG9sFxiKiS8QMIEacifc00Crf8RpHWAiKHi5PQ8Sd2dezMoK/b0fbz9gz4sj06vXpx/+wpXoR68zQtXFMh/S6HnqeG0Z9Vf1jVrsD7haLQ6wri6oD+oFA9VifLKS1stZXuFXcK0No4HxtrA0wP7sTb6zjXr3kRGuxJaJAH/t7Hsds5ltQzuygMPc79GBfuR53mQZwTJTdtSAt1ICjgJIG+1px1PcRFd1OC3U2I9TMj3suISIdt5PgdoCbanYeJvtQknKEmzpvKMCtKr5iTF6BHrIcOdzKjuVeaw/2iVBXoVSUZmOhvo0OH9owcNYjVK+fLh0YHx9MWaK1ZQu+fu9OxY0dNBboo9DY/duZrAfrRvWvxP6zFT+3b0fK7ViyaOknddcrzhD7FAvSU6BD5csRxv6qK0rJSyu+Wywc8h6K8NIqz4kgO9aIiO4LK1GDuxvhQcuME5622s2T2GNr92I4mX3/HNy0UB0ID9S+/+Z5RY4ZjbbVfvkxXuS8q+15lBRXyvA+qKqhWQun3SniojPgVmD+4l82D+yVUV4hzVVXMk5oinj2685fhPW//u72u5G3ZeV5lnVRD7G8LXPlPibvaeqaE1l/FmfAoeAPPInfze5IZDy6tEriv5tmtbfyeYiZKXNOe9vSGljpI5q0A/U2yOS8i9vHEbSnlB0fw0HEaz7zn8cRpMs8uyONPjqLcYgA1blO4a/MLlTZjqDg+jhSdTtxc25bQxQJy7a4kav9IhvHPVJ6eSKXjVDJNRNHv7cO988sochhDluUAsm2Hk2k1jGjzdiQcbE+2R1/SPAcT6zCEYIt2hB1vRc6FsZod/pYs+UCVf/KXnHR9oP9jD/lH7we91IWwNepZU1ymQrGe2m/apAmdO3Vg1OhR7NmpzfEj++XEZYLVUWOOWhhhecgIBwcb3N0dsLc9gaGONisXzGDe1JGMG95fPm/fvMvv/9OM9w9UeW2O/V1hXb28+buCtU/fq/E6hV6n3pXX/2He/X0LX8Pa7VC/FWi3UqHdmB+bN+Gn5k35sVkTWjb9Qh0u01Ceq1HDz/jyC82UuMCkOxj6pwloMzlxNYuTobnY3CjgRGiB2jpmGZSPxZV8zC/lsf9iHobnczEKyFZb08wUQF8qxOJqqdy/gtNh97ALq8AhXCzsLg437+B48y72N8qxu3EHOzm2ldX6ejlHgkvYH5iPnqK0fcS8M9jpJUrfM5WtAvltrknoeSXjEVaOw7kYbqbmyXdMiXBVEZd3Hxt5rabnstTnOHAhVwCfifGFHHU4jdm5dI4GZnI6OA230HgCbsQSFBlFaOxtbsZHczM2kYDL1wTIZvQbN42f+g2hTddetOrYg3bdetKldz96DhhI36G/MHveHAz1d2FmpMPe7doYbNNmv+5ODu7TFaUqnxHLw/L5sMf7zBnOBoqaDrpOYOgtLly/jf/Vm/hfvoGPwPPgUQ+WTdNi5az1XPQJ/GBY16OauwLgCqoqSnny8D4Pqyu5d7eUu+WFlJYUUlxYQG5GNrdvRoly98HP56qIsRA1r52enk9hXjEleXmU5GbLmkt5kYiKuxVqGL8gv5T8vDIV5EoO3NLCFiM9cw6ZHOWwmRXHRXGfPOEoToKP2Bkc7b1wdTnLVq1d9PqxG13FhvUfykHjg9jLbfsF5hZmlpgYmmFheoTAgMu4ufixY5MBO9fuYff62kI5uexq76YOgNq8SVsdOft5w6bvgP7ZJwLzWqDXWcNPm/CvsLRahZ6iUegXgs5wbM9adMcMYF3fzqzr15lVvbuwdUBXLq0bT+gmUd3a48k++Cul1ospOfYbWfuniYlCl+vS9KaQrjuFHKNZ5OoJ6HfM4cbc4biP7o3n2L74jOuPVZ+fsBAFd3hAJxwm9MVlSh/OzBqgQv3inP6cn9Ib18FdsenTHb2WbdjXXu7bqTP2vbsSMmkIuVpzKN25lPAxQ9AVxTe+RQfai0Lv0bgtS79vz/XdcnK+7Ea+tSkv82M1u6cpU99qJ8MpQ2Pqit/qlHjdWgf090VzBepjlaE0yoQ4pQ/92bNHbN26EEtLHXUrUS9vDdCvh4gFeXIz2AX3veNJDThAYeQZShODqEq5wsNUf55mnuNFTiDPs8+RcuUwt913k+erS+mFvdwLMqci1ILSYEuKz5tScVNxAnx4kRXCk8wgqpPOUR3rScUtV+6lXaUiM4z8uKvc9DnKU2U0amUht4L96NatK1OnjOWgqT52pw5jpL9VPMOdrFr1G527dBO4tlSns337Qzu+bv4dy2aPxnrfZiaOG8Wo/j2YNXUCK36dSORFcUTKiqipqqTqwSNycgu5HRWPvbMbdk6exMQrff8FVBRlquH/x0VxVMb6UBZmR/oVe4Ic9fE/pUeHH9vzVbNvad6ynSj1H9S8/aDhIzh6zJjACx5U3yvm7p1iUepFPHpQzIvHlTyuFi/5fj4PlQ1zqnKpundPVLxAX7znF8+e/UWV//EPIK/tNf/jEf+5e5k/lIExuQ78qcC82EMtcnt+24DXSQd5Hb9f7ICqwB8FrVfD7/f9F8tlXbl9P6+i9XkYtJqXcUYCcrnf7d08jzHi8Tktaqym88Z/BQ895vDg9ATuWgzmocsMAfgI8vS6UXZ4IM9F7T8NWECVqPesHV1J3d6dtN1dyTEeRI5BF6p9fqXKaS6pBj+RZfsLD8LWURm+mrAjHYi07kRWwARSz44g5+I4QizbknhWnF6nAVw+2olY9xFyeSS512aq78bBQ4c+HArzD+Hx+uH1/zZP/V3eXAX4+0EtdUVljZt8xZix4zA9sA/roya4O59Quyr8fOxxd7TE3saMk8dNsTpixKH9uzmwV1sUx0Y2LZvF4mm/MH3Ez4zu25HR/TszsEd7Wjb/UlXBH/+X8a71891/GybToF7O/LPaPnQV6p9qcur1cv8ftu3VwryBMtb1M1o0+ZwfvmosJkD/6gtViSv95m1lbS9rO6UH/evGtBP7UaCv/HiEFaDnmYDR2SRMz6dgHih2MU2O09kfkMGBgCwOnMsRyxWIFwjM89H3zcbgbAaGZ9Mw8Zf7iVI2u5DHEVHix0WRWwusbcROhpRiEyKXrxZwMliZ3lYmVsrxa8VYBBVgIorawD8TA78M9M+kouubxu6zqezySmOXqH/DM0lciCnlckQW0WlyDntQwbMnlVSI+rwYm4elOCHG55RJc5mYKu1rvsprSZfrk3C/mc2VuEzCExKITUwkJT2dxJwskvNzSC/IIzk9G5+AK8ycv5yevQfyY4cO/NS5I+1+6sgPbX+kU9ee9Ok3iBHDhzBPHHutVbPYu3Ulh412Ynt4P47HD2F/3AxHm8O4nD6Gm701bs6ncHezk/OpI+6eDti6ibnY4ebqyd4dB1kyYz0rZml92M0i8C4vzpbzQg7VlSUC9SIRBXfkvCRKuySHsqIsSgtzKBRYlxcXkJ6UwqWAq0SGJZCTXUxpqRJSL5X7CNDlbyvIyqAwJ10NsxfkFpOXU6zOZN++xYBRw6fwc9dB9OjYl1HDJor61mOfnhlmJpZYH3eUc627mCv2dh5oa+1Rgd6n+yC6denNmOGjsTQ/xsEDRzi430LOySaYm5hjf9IWC0ML9s7aye5lu9ixZg+71uuK82Msr6GMqKhovvu21QcwV0Pvytqg1pTrG2gg/y8F5uHpGqCHRF7Ebq8Wu4f/zLqff2JZ944s7NaRmR07CNi7c2bZSII2jidObzqlNku5e2o5eeazRVXMIEFnCtfXjyJgwSD8FwwjYp0o1C2TSV83icT5wzkztBteAvOr8yfg9EtvDvTsgPnALjhO7Y/9hF44TxIFL0reU5S528hemLZqh9G37dD/rh1bmrVjl8DHvKvcv39vAkf3J2/bAiqNN+M6ZCBTmrejY8M29GnajulK2H36ZKq8TxOitZpbelt4nHCNZ5U5H457rc2Ta3LpmtC7Zs3XQL8W5uqQmdriuDqgKzmbE8f1OednjYOTGRfOO3BDgH7zmjc3gmUN9hCFupHMm+6EeBzhkosFUYFOlMcH8qo0jhdlCTzOukRN+DGqQg9Q4LKMbOuZ5Jz+jTuXDbkf4Uzx1WM8FnjXxPnyJPsGj3PCeJAZSnVaMA/zIrmbGsrdpMtEnTEl0HIdZRlR8veUqDuTXb/kzThRwEsXz5MPkA5LFs1h+pSRzJs7ka7du6mDXJTpbF81E6UuinnNgmnyvFcoz4okMyaYvPhr5MUo3QKFPHv6nIp7Vew0MGTI8DF07t6Xtp168n3rDnTq/jM62zeRn3KbO0XpVOVF8DAnlDtxfmSGeRLha0lGmAs2pjvo0asH33zXRi2QayIK/ft2P6FrsJOzfvbUVCredBF3yot5/riKZw9LeXivSL6cWVSJSq+R975KFHx1zYN/yJP/+V+Uudz+53OoDOZN5km1z/w/RW78me8klzUK+40Sflfy4FG6/J58UBT4FmrOL+W+7yIehWjxMmoPr6J2UXNxOQ9DRZ0nm1B9dQMPr2kL7A15dm4Dz31X8sxnEY9tp/DQajRvBN41os6rBOiJ69vzyHs2j92n80is0mYU8SubU6DbjULTvuIADybHrAdFp/qTfaI3Bf5TKbkynWz/kSR6inmPJuRkX+y2NuaWk9znylhSAoYS4zkCX6Pv8TVpzeXjnfAx/5Gzpu3Ud+XKlSu1+eW/w/z/ZqezOqArhWTvJq4J+L78qhnTZ85kr5GhKJHTeHnYYW91gDMeJ+X74Myl8x6c9bKVk7MVDqcOYX3MFFPD7ezesgKtFbNZPF1g/ks3xvb7kRE//8jQrm0YK2JhaI+29OnwPW1bfEkjUcL1p8i9C8l/8vG7grb6x598/MkHYG9Qr73s09oK97/DXJOO+ExAr2y60kSArvSYK2H1pqK+mzVuRDMBfPMmX9BC1HmzLxqp6v27L5uo418tzDQ96NaXMtnhHMMet1h0PWT1VCbGhaNlH6ZOQlOK4zYq5hSFlmusOkhFyXtvdoplm2MUO1yi2e4Wr+bJddyT2euZzj6fLHEQMtH3SUPXJxUDrxQMZd0n0DZWqsQF3Aay6viksEdM1zsFPe9kuW8SuwXie7yUTVpSMT8bz/X4fNKyS8jKzuflg0pePqrg5YsHlFfXcE5Af+J8ElaXkzkWEIXdpRT+P87OAiyrbV3U+zl3n7XWXna3SBqI3d0tdmGLWBgoit2NYiECdoKKiSAg3SHdHQooiKCg2L73mxNX7b3POffc9TxjzcnkZxLOf7zfO8Y3vnHHPw33cIH2s2Jyi1/y8lWevCeLKH/9itLSEl6XidCUlVBSkk9WbgbXrl/G1voIV86ewPrEQbQ1W9JSQxO9Nu3p0q0nXbp2pHMnbUYM7szSuYZi6CZY7d6EzeEd2FvtELDvlraHKzb7uXhiJ+ePb8deROnkwbUc2rGEXRuN2b/ZgpVGa1g4cQXON11/7wE+fHhPVnIkL7ITyU2NEYinS1+RRVF+usA8jWcZCRTIMSslgdTEODJTk8hOTxFgpwis83hRUCaiUCr9TBH5uZnkpKeSGh9FUvRTcjJziY9OFDNPw+bURdpod6CtXlfa6nZFs0VbWjTVoXOH3kyfNJetm/dx5PBpjh+1xfrkWU6dOMfu7ZYYjppMo3rSz9aoS3sRzz3bdwjEj7B72x62WGxjx+atHNixm12zNrCr/XJ29TJnzeIqqN+6dlvEsYJZs+ZQ/df6AnJl7ryuPK91f59LV2Be/R9Vx19/gP1vPnGBYugBeIS6cXX/evYO78GCtrqM19RihIY2QzV16aejxxSDtjguGIL7qpEk7JtCgf0itaVbTiNKYO6zahz247uzf5A+jnOHESBA95ndS63u5i+wvtenHdcGduKeYX8cRvXheO/2WPbV5+zo7tiN7oL9aOm4hnfm/JBOnJXPWWnocFiAbtpAk/GNWjO6hT49BdgDm+ozuXUX7k4TCzpkQfb2tZjrdqLNrxr0rK/NhPqtODpkMJmnDxO8aS0nBw7Ba6Ux+c5XqFD21/4B9Yrfi8pkqgAv/w3mxb+dVyXNVfwoMqPMnytr23+rFOf55BaXLh5i954V3H9wTuxcYC5A9/O8ia+c+zqfoURAnBjkzLnD69m4aBw3T+8kPzWU8iKx6ZxoyiIdKPGx5OWDDaTYTCDD3ohs1328Dr/Fm5iHVKT48jbZk7I0X8qzBdgSDFTkx1KWGUZxgicFkc5k+Fwk9Op2En0dqZQ338eyPPlZMwh0v83YUcM4uscCu+O7OLBnPTYn9tG9ZzfqN9FQN0ypWbchdeo3Ye3yBbyMesCrOHdKs6N4J0FBQU485RVveVtewQ3Hm2jo6tO+13C6Dh5Lh/6jaKFtoAYFWro67NyxiZcvC8mMecLb3DDePY+UFkthgjexrmfIT/DCz/0WUyZPUIFes14T6kow0btffy5cPs2zZ+kC9HwKCwp5U1qsFu7Je1bA84IX5DyT64Uv+PTp4//b8PpvMP9WwfdibzHya3xIOKGuMf+edZmPidZqLfaPMUfE0s9QGbaTL/HHBOiHqpaj+ayjImg778XC34du5vXjxSrc34duVQvJvPFaK1+zn8qgvbx/LGAXO889PJAXh/tRZD+WCodJ5B/vyZvrE3nvLH9Xu2G8Pj9ewN2TYmsBvdNcsg51J3JtIzKOdSJX4JznNoZczzkk3B9JurcRETf6EXhpAK5W7bExrca5jY1w2KdN9K2+eBxvytFFtdkyR4NR+j+xYEANNk74mVuH2pEcfE6MI+9fKrL9ee78r8Pt/3MFtqpEsl/Uym/6nbpgefQozi4PuP/Qidu3r+HoeIkLZ09x7Yot9+5c4dH9azwUsDtcOc0leysxdUuOW+5ms9iZuelcZo7txeieugzqoMGgjgJxvab01ddguJh6f/2W9G7dlI5ajWlaX5kn/Plfhtt/+jFS8M9lXf+c+f77/Po//rrs7o/X/PNyt59/z4z/y/D9L78l2f3yY/36z+pyNWWN+4EDVVXiLB8mCVCjBaiR0iKwuBrM2gsB6m5nxtbezD/lxXxrL4zt/Fl8Pgjj88EstAthiV0wq8+FYHY+ROCuJLmFsU6a+YVQNiiglyBhjZyvsA9W23K7QJad8WOFrT8rbAIxtZXrtqHqtqtr7EMxs6+6l5lyn6sRbLwezckHMQRFJZKXm0d6UpIAvZBPAvRP5flUlhdRUFQqBp5KgDIvnF1Izos3vHxdwdt376isfMPHT6/5/OEV3z685uO713z5WMpXufblUwmf3r/gw/si3pcX8qE0W620mZsRx/27t9glwd64CZPoN3gInXt0E2NvTus2rejfuyOTDYdgNH00pouns2HlHHZuEGhL27dpKfssFnFg40J2i6xtNZ2MxeLhrBGWbF6yEJMJJhzZfPwvdp4vAUVCpD/psQHqXuFK8m5Rnti6yEVBRjzZKVFkJEXwXMCemRwjf4NYstOS5VqKwLyUV8XlvC55S2lxCS/ycskVoMdFhkiLICUumRj52wUGRGGy0IyG9ZpRu0Z9GjdoSYsmOrRsqkv9Ok1oI+wxXbZeBO8cloesOSZQP2ZlL8/HaXZuPcwUw+l01DNgZN+BHNh1QKC+h+2bdrDZbAMbzMzZsWotC6Ysoceg1Qwcs54JC9aLne+muKgIl0eu6vf49Zd68tzVlqYYep0/kuJ+DLlXnf8A+pNoPzXD3eH0Xo6O64tZt3YMb96K7o006VC3FQZivO0EquP09XCcN5CgDePIOz2Pl+cWk3fSiKcWY7gjVn7esAf7BNhru7Th+Phu3J/Zm1tjOuE0sgvX+xhwtYfAW+59c1wfnAwHcLJne9XQ7UYJyAX4NsM6cWpge44rc+tdpbVtjWUzHUbU1qFNbT2aV9Om4c+aNPlFG51fdejW1IA7s6bx5uwhHk2civ6vLRjQUIdJjXRZr9+JpKN7yT5zhCUNW7PboDtuJvPEvM5SniVQfFmVGPebhf8G9Kr2p6H5H4CvWo/+W2JcqvowxcYFcdvxJPecrHF9dBEvDwe1KYbu80TO3a6SEf6A54mBhLvd5KrVZrYtmcz1o1vJifCkPDeWklg3XgWfpcTrIM/vm5N3fzsvA6/yJu4xlZkBvE8P4GN2MJUC83c5YbwXSL5VNp3JiuFVSjDZAY4ku9pwf8cMfM/vpFxstvK1WG5xNi8yIrE/sV2i3LU8vnOVOzfOMmv6RJq31KBW/aY0aalNbbHzYcMG4f3wEqVpQRIkPKEs+6mYvhhzXjqVnz7z6lUxA4cMV+uy/1KrIQ2aaanJdNXr1OcftRpQS+4xbepEUiQCzooLJi/qMW/k560ojKMs7ylpPhcoTHSn6HkiN67aSADQVl3CpoC9pVYbNmxZQ3JSJDlZWWRk5gjIn5Od94xsAXpO/gtel779f0h6+2eYi5mXBPE16xqfEk/J8TLfcm7wJf0sH5Sh9dBdfE44KYDepg65f4mxFIBvpjJ4K++DtlAZsZ+KQIG352qKHiyizNuM9+E75Npm3gYI9AO2U+6xkXcPl1PhOEfeCxOocJpNxfVxlF8dzXuPZXwNNKPUcTLFZ0fx+oohRWcG8tK2D68F2s/vjSDhXG/S7kwixnEMqe5TKXi6gsyAhXjYdcVmZROOGDfFYtgvrOhVnUU9/4HFpMbYrNbj8Nx6jNX/D2b3r49Rz/qMa/MPhrb4hSML9Yl2O6b+lerVq/f7hil/Afi/TYb7+7/Jev9JbQr4flu7bdC1DzcfPiIg2I+AIF98/bxw93LjsbsrHp7u3HS8LO0inh4P8Pd148G9GwL0Y1y9cJrz506xbeNyVhlPY7ZhP0b30mVYN236tm9BdwF42xb1GdRFj0GdtOik2YD2LerQQbMhWmLr6o5nfzHzP4D972q2/5H9/stfKuH9OTv+pz+Vvf1zUt3Pfyo+owzZK/kBynRR544GdDTQp22bNnTr3IkhgwZy66aj+jRaOASy/nqAWLYPG677se5SAKvP+rDY2p15x12YZeWK0XE35lp7ssDWT2AeIMcglpwNZdWFCNYq667VpVmRbJDzjWLwGy4p5h4ugYGyfO03oAew1NabpXaeLLPxYbmy1v2UHyYnJHA44YnxMaVMqq9APpAVFwMF6k+xcU3BNzRW3stZYqrSr5U85+ObAgH6Cz6/LeRLeTEVb4opLxdgC8A/VQqs35fw9V0x398X8q3yJV8/FPO1Urn2So5y/v4lXz4IzN8+E8C/4rOA/Wt5rtw3W+5XyOfyl2qVxwB/N5Gd7ZiYLGSW0TRmzpyI8YLpLFk0HeN5E9hsvpgzx3fjePkU9if3stXchN1blrF7swkLZw1l3rT+zJnUh3mTB2C2YAELx5mQlvDHng0Vb9+QHB1CtvQdmYlhxId78zw9qmqTrufJ5CQ/JTUmlLyUSLKTI4gP8yY1NkygHieBQBHlZZ94/+6Tms3++sULCnNyVENPjHlKSnwCUSFhREUmqfPmU8bPYWDf0b9DvV7txjRrok3dWo0E8C1YtHAlx0/YiqVbc9TShuNWdlgePsPhgyfZs3Mf61etY8OaNWzfvIUtGzZhvnKNmPhi1i1dxkbjxZj2msR0HUO2DVjN0h4rcb3vRsnrUoYMHkl1Bea/KkCvowL9l59rqO3Pc+cK2Gv8Woca1erwN/dIL+7eO8+xiQPZ0qcDUzQ06SGWayAwb1dbSTbTpIXY72i9tjgtHkHYFkPy7RaSd2I2Kfsm47Z0OGdnDmHbkF6Y9OjEHP02bBvYkZNDDTg90IBzAzpyaUBn7Lq047hBa87278yDqUM51VOfgz3bclqsXLHzU4M7sa9bW/Ya6HGwnS6W2tpsbKBB12qa6FTTQbO+AVpNOqPXsD2ba+lhMnoW67v0J37NYtLFxA3FzvvX12F0XS1Wte5EyLaNpFrtY2EzAxbXl/t17EnI6mVkW++hLOIxbwuS1C1TfwO5WupVAfmfrinn6vWiqiH3KqhXAT04xIcrlw6xwWIuW7cuwdP9urQbKtCVeXQlOU4pKpMe5UFRahgxPvd4dOEwjpYWuNnuJeK+HaleV3gd4Uh55HVeBl3gVdhNXkW5CMCD+ZAXzjuBurIVbXmavwQiYXxUhp5Tg3mZFERBtAdJj+2JvH0Uz9MbOLxwAC/k+3woqQL628IM3G7asGLJbFzuO3D75mVGjRtFk+ZaqiE3a9WGVhI5PvV/QGyoF4XpT3mTE8N7+Z3LXmSRmyWBQ0UlydkFdO7ZXwDekH/UrCfHRlSr3YAGTTVorqlH+049WLPGlJTkOHljyRvH6zrZIU4CcV+KUgLIk98pP9yJ4qxIclPDWb1yGbUbNFXvo8ynL129HG/fx+RkZ5KWkUN2Tj45efm8KH71b0D+/2LmH/leGsq3XEc+xB/nW9YVePGAb9mXqIw6xNugTXyKseJd0FYqQ7ap9djfhYiRh2zljfsqsfPdAvctvLw7j0z7kZQ8WkKZ77qq5rmK1x5mvHmyno+Bu6m4Zcz7O8aUXpkubSKfH86m9NxA3t6Wc7f5AvlJlDlNIXaTLjli42mXe5J+qw8xtwcTeWcY0S4TcbswFPMpzQi5O4r7J3tgZybGPa0+m6c2xGKkQLt7I5b3+QXzYXVZO7QmO+W1e2bqYjqsJWO1fmJKm2qM1KiBkXZNjhtVJcYpWeT/VcLb71ue/v1/GH7/Mcyt1ChQspH9w54SGR/H05gotUVERxISHop/SKAA3l/s3IEL9qdxcbmDr5eLvBceyvl97ty9yblzNuzfs4W1K+Yxd+IgRvXWY3g3LYZ21aZX25boNq4tAG/MoM5a9GrTjM4t6tJBowEGAvrmDepWzXX/ec78nzdiUfcy/2PDld+G5//zT0P1f5mL/9P6+t+MXLHuBg3q0b6NNgN6dsZweH9mTBjB4jlTpE3CdNFMli8wYsk8I5Yvnsdjl4eUVrxjyu7TTNlnx/TDFzA6doU5ljcxOuTA5L2XmSjNcO9VOV5n+sHbGB2+h9GR+9KcBfbuLDrlg8kZMW6BtrL23PzCUywE7ArM1wvYzS5FqNBfdbGqrb4UKjYfIq8NxlS+Zpmyl/rpQOZbe8v9vJh/wkvu54mpnTc7rvpzxTUMv+AoXjxLFZjnqstuP7x9TqVA/PObIr6WPRe45/D53QsV1J/fPeNjWY4AOp/vlYUCdQG7YugC9u8Vher1L+XP+PZe+bo81dI/VzznW3k2n8uy+aQU6HqZJC2eD2V5lCuVHSWIUBJa85+lkSABf0DgI/z97ksAH0PxywyBZ6DA05Vgz1tcsz3I+pWzWDR7FPNnjWDutKEsEJtfPmsRh7f8deOh7NQ4tRhVXlq0QD2KXAF3rkA8T9pzufYsLVKOUSrIE8K8CPNyJlkAryTIlZS859Mn0YLP33lX/p7SV2UUCNDT4qJIjAwnKzmVqLBogoKiuHnNmVFDDGncsJUAvCG1qksfWK22mlleq0Zd6tZuhNGsxRw8cIy9u49ideQ0RyxPyvkRdmzdzdaN29hssYmN68ywWLeGtctWsXKBMRYrTDFbuoLpgwZh1K0PS9oOZG3/ORwxOiDBxltuXHeS+0tf+w+lamHdKkv/+Y/s9j8vX1POFZjXkJ/rbw+kQ7c3ncmmPvoYaWkyokkrutXTomM9bdrW0UajWiua/aLBRH19Hq0YQ/Kh6WoiXObhKYRvkqhi4nC66nSgcS1tmtfRpFPLdmIQ7dk3vCu247pjK+Z9pq8BR9q3Zm8bHQ7o6+A0aQCne7bhRG8DrAcL9MXST/Q3YE/n9mzR02GHni47NPRYWFtTzFsbbWkt6+vTqmFHefN3YF4tsXDdnsxs0YWL/YcRPtcIk+at6VFLg7Hyc5sZ9MTbwhz/DWbM1+7GVAlKNjVqw4UBg7k3eYJAXTrj2CditKnq8PvbPzUV6P8G9L/NoStN2VktMSmeQwfWcvjAGrZtMcHDRakUJ1B3u8YTad4K0OXo43aZpAgXXj9PIDvyCWEOxwg4tw3fU6tIvH2Q13H3eZvkRlmiGxWZIbzPieR97lM+FsRQnu5PacwjiqOcKU3w5HW8J4Xh90l6ZI/LQRPm9tZh9iB9NswdxvKhrXE/u5MPRUrSXyZRD08R77qFRdMGs2D+dIaPGk6fQUNUECuG3EhMe4KhoUSyIcQEe6i10T9VFPFBovaCnAQS4qMoKCknOa+E6YtW01ACgNoNqobLla9XWk1pnXv05+79h4RFhJAUFUyczy38bhzinu1mssLukOl7gXSx9Hz52UPdrnL0gIW6EYtyH2WkQM+gC/uP7CE9LUnAEEhsXBwFhQX/zZryr/8t1L+9DoNnt/mcYsvXjEtQ+ICvmZf4HHeEcoF5ZeRB3gRs4q3/ZrHzY7wP3a4WlnnzZLUY+RrKfdZRLuDOOD2E3PNjKXFbSamXGa+9BOje5pQ+WSf3Os7X0H2UXZ/Hy4vTKTwxiBL7oZScG8Lbi8OpdJ1D8ckuvL42jOL7hsRb6fPcw5DEe0NIcDEk3W8maYGLOGGhwaTeDZnQtQ52u0eybXFr9sxrwf5FumyboU3vFtUYrlkN80G1ODxDl12Ttdg4vBF7DZszr1NNOv36N9rV/E+a/PR3+tT5PyzS+KVqG8UVK/4C83/e7vS/K9v604+SrXUbNGTEmAncuisBX2I88fK8xyXEECOdXkJSArEJscTERsvH0WJjT7jtcB6bY/u4ceUcvk8eEhzoRUhosNj7ExxvOcr7ZI9Ymam68sFwQAeG99BTLV2BelftxmpWeT8DDQZ21KKbViM6tGxA2+YC9VaN1eIu/zJc/tMfc+m/t78My/8V5r9n7v8AugLx+nVro6fTkp4iG0P7dWb6uMEC7IksXTCFFcYzWbFwOqsWz1SnpNavXIS5qTEbVi1l3fJFeLg+ICEzE91J09CbMZ82c1fQfrE5nRdb0NVkK92X7qKX6T4Grj7I0LVHGbPhNBM3n2Py1rNM2XGeKTuvMH3PLYws7zPbypkFx13Ftj3EvH0wtQ9k1flQtRzrivPhLD8fobYV55+qa82VgjXL7MNYYhuGsXUwswXqc04FqXXct91Nws49EUfPKEIjYsmUf7fi/FQqJNB/X5rDB2kfSwXGJWLUr9Mk+E3lW4WcV+SpkP5cUSBwL+JLpQC/QmD+TmD+Lp9vb3L5+kZgX5Ypxww+yfmHt3kqyL+VpfPpVaoK8sqCKL4UxfGxKJX3L9Pl+z0TaxfwV76iUgy/4sNL3nwopEI+rngrNv8im7y4MDxuX+KsGPvxAxvZvHYhpounYTJ7LGaL5mAyaSmpCWm/9wilr4rISYkhPT6Up4GPRSTCiQzyJDNe6csekq+Yem48qVHepET5khDiTXJUCFmpSbwoeMWbskr5Wb6ohl5SXErhs3yx9yiC3e4R4u1GWkICXq5ePHb2ZpPZTgaLnTcQO68n8K5Tqz41q1fZcD2RHM2WSqXLVezcvoed2/ZxcP8RDuw7ImZ+QLiwnR3Stm0UM1+/jk3rzVhnugbz5SZYHT6O9YlLYulmzBw+kvE9OjOpS3ceOT3gZVExq1dvQ1e7o8C6wQ941/5rRvsPoCtz6DWq1f0D6FeO72R7304sbKvDOE1tBrfQZbB2O/rp6NNJINiqmmLoWowRyDotHESWlRHZllPJODiNHYaD0G6iT6P6beTNoUd9AW2DGtroyNcZ9eyC9YRenBzWhSO9DNjRVpfNutpYdtfn2uhe2AvAbfsZcLJPG84N68wZMfkDHfVZL539eoH5iobaGNbQolMNXXRrtKZVrda0rNUO7VptGFVNm20DJzC5ZU/2aXfnikFXljTSonPNVgyuo8NKg+74WKzDY+VyzLsPZooAfX1tCSY023O0bWc8Fxnx1vMaFQXJ/wr0HxB/U/THNWXIvWoP9CqgKxXjPn3+xPYdyzl9ejvrzOfy8N45FegKxD3U43X1qBSaeeRkTazXRYpj7lGgrCP3Pi0d/HFeR98VSD8WC/flbU4Ylc9iKE0N4oVYupIE9ybJkxd+lygRMBaF3iHjgRWBp5Yxb1gvJvTuwJLumkw2aMzoTppsGN1egqsuhD88r5ZMzYhwxcN2Lk4HDOknf/PGjVrStmN3NdNc2TBFKSxz6tgBdf/44vwUPn0s5ePHMirfFZEqb4zYuEhyXpSSWfyeaw99GTrBiDoNNFSo1xAY12msQdseA1m6cQ+3nL0IDAkj4WkgcX4P2bxkIresN5AT5kTyY2sSXW1I9L6C3z1rjOdPoqVma9XOlZ+lQ49eHLE+jKunC2mZaf8fVv5HRvvXkjC+593kS+o5vmcqZu7Cl/QLvAvdqS5J+xi1n8qIvbz1Ned92E7eeK2h8ulBKgK2yPOwhqL7CylzN+WVHLPsxlB4ex6vFEOX170L2SHQt6DC34KvKSf5EryTz96bKDgxhrKbAvDT/Xl9aQQvjnTkpY0A3EaHrGvdKA4z4WW4BAh+C8mL3EjAjaE4nerGqd1dmD2sDgtH12fekAasn6rDxrGNODBXi9Mm+mwe3Zy2v/4HzX76Dxa2r87O/rXYNlqC3Qld2DKwETO0f2FGm+rM79iQlb1bsqt7Q0xb/F39y9nZ2f2XiXD/PAz/75aI6XfqwZY9h/Dy9SJeAru0jFSSU+JJTIwlLj6SeDkmCCjiBfQxsZF4ez3i3s2LAvMzXLA7IXbuKq+LJi4xkYCQcO45u2Jja8vWzRtZPHsCY+V9P7izBkM6t1KB3r9DKzQa1sRArHxYdz16t22hQr6NGHo7AXurxvX+Beg//Wm4/S/7tf/8173b/7wUryon4B80bdyAPt3aM2XMAOZNGsT8KUNZNHU4y+YYCsBniUXNE4jPY83SOaxbsQiL1UsF6MYq0DeuXc7GNVXroD2fPqXlpIlozTBCd+4y2huvp9vSHfRYvoe+qw8xaK0VozYcw3CzDdN2XWbWnpvM2n8DowPXmbPPkYUH77HgmMD8pIvYuguL5Why6glLbHxZaltVCc7YNoiFNkHMPxXMvJMh0oKZax3A3FOBzD0h53JtxqkQZiufO+HHCjs/dl/25Z73U2Ji4sjLSKGkMIP3rwXAYtCfSgTGxfJ+L4rn84tIvhSE8r0kVgLhJL6UpvHlTTZf3z0XmD/nuxi5YvHfXsu5GP6Xkkw+SxDwqSSFb2+z+fg6ky9lWXx9ncoXuWdFfiQfXyVJy+Kjssz3eSKVAvQPAm5lLv6D0qSfeSetvLyIitJCgX4unwpzKC/IID8jWgzZB6/HNzlpuU3+7vMwMxb73Xzkj17h2zfSEyJJfOpPZkI4BZli6omhZMSFkBDqQUFqJFlxgeSnhVGcJQFnwCP8XG6pQ+3ZmdkU5BdR+rqCstJ3vCouIy8nV/qtMIKeOON2+4oA/QlpiUns3bAdWzHtSaOn0rPrYDSa69GkYUt1TrturQY0ln6wXesOTJ8ym43rtwi0t7J7xx727z3E3j0H2bVNAfx2dm7dxo5Nm9m9dRM7N67j0O59bDXfgI31RQl03bnm4IqtrQOzxk1g2ayZVJSXc/mqI1MmzmPGtMUsM91Gq5at/1JU5vejNGWovWb1uuqoQfVfa/G3PYZDWNGhNRM1NRmnoc1kfQPGdehMH4F669ra6nC7Xj0d5nRui8fq0RTYLuLZcSNC1o9iUtfudGzdnU59htKsVSf5hfVpIXBvp2VAR91OGA/qxeHRvdnavQPm+m3Y0FqPgwKXO9OGCNR7cKaPPnaDOnJ5VA/s5Whp0JaNzXUwa6KDSV0JIqoLpAXgOtVao1tdD+3qurSt04ZuNXWZqN9fOrMRXOo2nBP1dZgpdt6xlha96mizc/BIXAXmT9aYsqH7EKbJfdbU1GSb/B47GuhxQqww68ROyuMD1SQ5dY5c2VlNeQh/nKt7pxdVDbcr69fLfhSX+Q3oyn/2tvs4f3EPDo7HcXlwniePr6oFZtxd5fj4Gp6Pr8vDKXB3uYzX7SNke56i0MeKfNd9FHlZqkvR3iR58/n5UypzY3ijFPRJ9Cbb6wLPAi6T+ciKrEdHeSVgLAy+RaYAff2oDozv3AbPI8twNB3CPsOOrB3bEesVY7hz3IJ71pt4luhPWX4iUe6XuLBlLDMHatJK/j0bttBWM8xrSqTZup0B+Tmx8mZPlSa/75siiovyyUiNI8jXjcS0TLKKykl7UUFwUh7bj19g2lJzBhoaUb+ZHi10OzJlyTqWbbfkzNUHuLq7ERvuTWLQfQ6tm0Gs+zmSn5wj1vkkofdOE+N5Fc+7JzFdJp1fu/ZqYl7jFppotW3HcZuT/1Sy9X8D8x9Jcm9i+ZrryNf0y3xOPQ/5d/mef0/dSKUydBuV4TvVjPY3vusE8Dso8zBV59M/xx0VuO/ifcBmselF0ozJuzaVl3fmU3BrNmlnx/P85mzeBW3jtftKef1+viYd5UuAAF4MvfTydD7dm0/FxWG8dRhFhetkih70JuuOwDxuJ362Pbi1qw3Bd2dgt6Mflsv7YDyyLnPGa7BlTU+2L9dgzeRGWExqyMH5ehxb3A7r+VosbPcrlsObYNbuZ4Y3/E+MmvzE4RGtODKrP+fndeLOGn2spmiwZ3ATbKfrc6BHLY4Oas7z2GACAwP/xwS4v/+bZWr1GjTCcPxErt+8xRNPV6KjwkjPyiRDWmpaMklJsQL1GFIE7skpiSQkxhEeHoivtyuPXe7heP0cV87Z4ObyiPgECQDS0gmPTcTVO5Brjnexsb/IOrOVTBnRiyFddBgkgejwrjoMlqO+wFzZY3x4Nz01Sa5Ha+kwBehtmtVDq0ndP5bN/Xn52m8W/tMfdeb/PBT/W+U65bU1a1SnZbOG9OnalknDezFnwiAWTB3KQmmLZ4zAeNoIls4Zx8qFUwXks8XC52O2ZDbrV8wXsCxhvfrxHCxWKZZurD5194Pj6WN2nIHrbRi+5RKGex2ZevA20y3vMOvoXYyOVgF78cnHLLPxYvlpX5ac8RJge7LijC+rbf1ZedZfbDyAlT/aCjv/qgQ4u2AV6AttBNwn/Zhl5cuMI75MtpR2xIdpR/2YaRXIrONBzBY7NzkjJm/ti7mdD8ecIrnrEYZ/cJgEVQkUF6arZv6lJI1vAtxvRdHS5wTwOcuNL5nOfM505UuuL5+ehfCtOEGsO5Wv5RmqeX8pEVgXCeyLEwXSCVQWJfJZgK5AvPJFvLxGoC5BQqXcu0I+9+F1ppqcWyn95HtltPB1Hh/Fxj+8f8EnMfQv70r5VCZQf5Urr8+mQtk865myxbUy950gdhxAgM89Lp09ytb1S1m9cMVfeoZcCfqjgrwEwr4kR/oRHeROWmygQD2YxCg/uSbXI9x5nhpKXlIQqU+9iAnxIjs9jReFr8h//pKiF69VU3/+7AXZ8owmPA0l2NOZAHdn4iMieHTnAQfWbMZ+42aGt+9F17Zd5bkZQGeD3nTt1IdBfYcwfrQh8+YsYN0aC7Zs2KpmrO/ZtoODew9wcN9hOd/Dnh07Bexb2bnZgq3rVrJr41pOWh0Tgz8sQfd1bjk9wemuH3fu+6r13SMlQExJTaNjp76MGDqRNSst2C2vHTt+FvXqNhOA1xGY11GXsClQr67AXLHz6nXUKYDqcu1va3t3ZEG71kzR0WJBl04s6dubpQP70U+7LVrVpdP9uQXtGuqwold7wrZPoOz6KgpsFuBjNprFgwcyY8BI+vcZjEG7fjSsrYtm3dZ0aaVPj069GdytN7M76LGqR0csunVgSxd9bMXOH80fxZWR3QTo7TgrZm4v7eLQrpzp2ZndLZThcW1WNmrNrFp69Kvbjk4C81a/aKEnR30Bus4/tBhQ34BjYo0PO/XDtrYmM+toqjXde9TW4vg0I24sWMAT6Ty2dR/KjF81WVFNAzP5/EppW5u1xXXODMJ3bKAoIagK4gI1dYc2tXZ7qlq7XYW4uid6Fex/G3Iv/VEx7skTJ27dsuKJ+2VcXC+rZVzdXa9Ih3ZFhfoTgbpq7XLu7nKBgIen8N0/mdCDY8h/uJ3ypCe8SQuhPOupWLk7qY9OEn5+A/6nV3PGbAoOq0cQf2kDxdGPKYp4JJbuhKfVci4sG8XFBQO4YjoCm41zcbtxitD7dnjfsOT+xUMEOp0gKfgBQeeMcDkwiI2T9NFpo6fufKYMkyvFXcaPHy0gT1LfSC+fJ5GenoSPxz1129WQYD9ikjNIzCsh8XkZ7hFpHL1wlyWbD9Np4Dh0OvSkflMtRk6cxZR5y1m5aQ8Pne8T4nUfTydrfK7tI971FA77jbl5ZCXOF3Zje8iMsSMH0KVbD1po6VKvcTOmzJhFSGjY/yfI/zDz72+T+P7srnRO1wTm9mLpt/hecJ9P0Qf5ELFTYL6dTzFH+ah8/HSfWPYmAfg2PiWe5qMCc7Hv0semFN9ZOlnjXQAAgABJREFUQKGjEXlXp5J9cRpBO3oQeXgQb/y2qYauVomLP8znpBNU3FvK+7smVNwyosxmEIWne1Ps2Js8F0PyQ9YReGUiQTcMub6pMTcOd8X/wRSi/Hcxu2sdejb+D6b1r8eGpR3YtEyT1RMbstWoAZZLNLE21eekkRanDBtxbYG8N3X/Tt8Gv7ChV1N2da3Bnj6NODe2Hq5r2mA3vTmX5/fC0cgA64F1sR3RhBgHK8rKyv7Fxv/+38yXK2DU1m0nncdenG+exeWWHW73LxMbHUFWXo5APV2AnkhSYrQKdSVfIl2sPSUtRSwwkrDQQIKC/Hl4/w63bt7A1fURUTExxCalEJ2cRmhiJnfcA7ng8ACLLdtZMHMiY/qKpXfRop9+CwZ20KCXHFsJ0Pu2byWw16V762YYtGqIvkBdq0n9P0q2/vzXeu//nO3+56x3JTtd2aCmU1ttRvTtyLRRfZg5ti9GY3sL0EUIJgwUMx/CEqMxmMwcxZJZo1mzaAprl85lvbKV8Ip5mIupb1i1EPMVc1lrYiRtlkB+XtVmOKE5TDv2hOlWTwSqPsy39pfmx+wTT5hzwk3OPTA+7S0Q9xNAB7LcPoilZ8OlKQlx4aw+H8Gac0pJ1wjMzofJeYiA3l+grgBdIG0bLPcIEHD7MOWIt4DcmwlH/JgsEDc6GchCsfTF1kEsPuGPmQQLNg8iueUbh2doothoBq9fZFNSlEf562di0jkgBv79ZQw8D+d7lhdf4m9SGWHP2/CzVETf4H2yi4A9WCw8QWxdWnE0X15E8Ol5EO9yA/iQHyFQj+WzwP3Ty3i+FifxWSD/Wc4/y/WPL6P4IJB/n59EWWYo5c/kmoD+S3kOn94K6MXm35dl8+aVsnIotaq+hwD91bMkCnIiSY7zFpm4y4O7Z7E+vpP9OzeIED35vXf48vmTmHkAGfFhAnJPwnyd8Xt8W655Ex/6hBSBeWywO3mJIRSJnYd53eVlVhK5GfI9XpYJ0AXkhSUC8xLyn70UeUkn/mmEvM4Nf7d7RAb4S7AQwvUz5zi9YRd3LPayrPs4uml0kMBSF8ORk+nbayjTJk7H1Hg55qvWstHcnG2bNgnQN0nfuYXD+/ar68v3iq3v3blTjmLoWzayatFcdm3ZgOUBS44ePqEWo7lxwwWn217cueclQXgkHz58wGLjDnRbSx/Zsh3z5s3F3uYgEyfNlQDCiPZteomNN1QrxilQV+bzq+b0/wD835Z2bMtC/dYs72rAuQVjsJszGoshvZnRqTMdBXzNf25Jx0Z6rB/QmezTiyl32sCry6bcXjKKxSOHYTR8AkvmGdOmRUe0m7bDQH55nYa6dGzTlaE9+jKtsz5r+nZjx4Au7OzVAfuxvXi4cDQ3xvfCtp++AL0Ttn0MONunA3ad23K8bRt2t9TDvJ4mxjW0MfyHJoZi5AbVdGjzq7Y0LTrKcU7LLvjMXYivtj63Gmsxt64CdOkYBOhn5xtzZc48XFau4NjYacyupskyAfmy6i1ZKq8xFfif6TeEE9IiHS9WGbkCdGVDlx9138teVgFehXxh6u9Z7grMf9tKNUEerKuX9ss/jBWnbXZx9fIRdb9zFerKLmsuV1WYVzX5+OF53GzM8do6gHQHc4qePuBFrA8pfg/wvrwfq0XDOTR3KIenGLB5uC7rh3Xk7vqxFAbd42WIE88Cb5LmfIzgUyvZN6GjvH4kj+9dxvWuA3cun+bOhYOcOWSB47H15Dx9QoL3NVzt1rF1QTfad+lO/UZKdnrVTmsDBw3mRXas/M7JEsFnkBAXTniID08jQrh09SpB4U+JSM4mMCEHr+gsNh85y5DJ8xk7cyGabTpTu15z9Nt1ZfaEWcwYM5mNa1fx8PoZNi0xJNrlDLEPrTi3bRZXDi/nlu0W1i+bhIFBWxo105SAohH7D1n+L0H+/Z9eV7XZyveKHL49v8e3bAe+pF3gW66Dauef46wo91+jLkX7knCEz2Lnn2KO8NbHXEx7tcDdSgV8Zdhu3jwx49U9YwquG5FmO4nYI0N5um8AEfsHUXB/FeVhh/gYvpfP0WLnySd552fOO6clvLs1nzdnh1HxYAyl94fxJs6CghBjbu/WZ9WIGhxboY3l0vYc2zyQ+MAV3D49nrWj67N0eEPWTtdj7Uw9pg9pznxDHc5ajcB2T08OTmrEruF1OTVHi1mt/8FsMfXZneph2Own7Mc048Lk5tiPaojDtLp4bxyCx6q+3Jkhz3PfWmxt/X8IvlC1N7qWlpaavf5bEZn/cg26gE+3bSeuOTgS5OeBh6sT966e4NHt88SL3WXk5pGWkUKSQDwxXjrdpBjSUhPJzBTIi/UoBhgVI52n2IWb2yNcXB7y8OE9AoMCiUpIEKCn8jQpA5fgOC7ddmHXviMYTRnPhEFdGdFDT12+1t+gJX3at0S7SR11mH2gGHtvAXwXnWa0bdEAPWn/XFjmn3eB+2352a/VfqVB3Tq01mqhTjVNGNaLKSN6MGNUD+aM78+sMb3V8/mG/Zk7ri/zDPthLJa+dJYC9dGsnD9JgG4kVi5AXz5XrNyITauN2bxmCWYCdLPFMzETg1f+uxr4HJNzkSyyD2GeQHuutWLSAt6Dj5h04D5TDz9g9nE3jG29WabY9wVlXXqEmPhTsXJlNzGB+fkQtZkpiXG2gZgqS9ME6kttAjARO58tsJ4mdj7hsDfjLX2YeFw+Pi2gPxPKEjH4tZdC2H41kIsuMQTHpJIq8Copzhdw5vJVIP6t7Dmf3xTyRZn/VoxaYP41J5Dvqa58fnqONz6WPHffx4sAW97GP+RzXjCfSgTUxXEC8hA+ZfsK5EP4mB3EB4F95bNQPhXGqDk+H+Ve77MDqczyozzVjfI0NyoyvClN8qZMZKU8Xaw/P4zPL55SIV/7TgKCd/K178TkK+RneVuQQOmzRF7lJvAyN5LslGAx5fs4XjiN9ZHdWEmA+ef/EmLCeOr7CH/vx9y4+YjYEE/V0JUcICX5LS0qkBSBe4rYe0a0v7rqpjAzk6LCYl4Vv6W4qIyil6Uq1LMz8kiS5zYywJeAx/fkHn4kREUR7uXFztUWzB0yCeula0Vkx0s/PJc5XUcyvMsApo6dzKLZs1m/xpTtG9ersN6xyYINa1ZhvnIJ+3dvEaDvl+NeMfQd7N8lpr5tOxbLFrNvx1Ys9x7k8AErThw9w+WLd3F0eMy9u56UlJQSJn1uW/1etNLqgrZ2NzS1DBgl32/UiBnMmLJUAonFdNTvS60aDalVs4Ec66uGrq5FF6DXqlGPvy1qr8di6WgdlkzA2XQ8Jp3aM1ZXj/4CVd0aLcXSW9G/uQ4Hh3cToJtQdns9r66t44n5NPbNn0pHnW70MOiFvnYH2mu1p51EFlpN2zNq0FCJurswrK0AvU8XLLq0E7toj9OCUfisnYbTtH5cHdVd7LyDWgbWvqc+l7sK4MUkDzbTYmvjVqyvo4V5TQ1W1tZhbC0dBgjY+1XXYXr9Npzv0Y+o4SPxa6aNq05rFjXQpG21lnQXoJ80nMqFaTO5Y7wIJxNTzJp3xqS6Biby+SUCdBOB+xbdztiPm0RGoFvVcjRl6LkgSd3QRdm5rFQAXrWvugLytD+S4pSd1wSCSmLcq6J8Lp7bg43NdvlHsVN3T3NzvoDbo0sC80sq3JVkOaUpHzuJqTpsnkDQsZlk3tnBM//LZPg6EOBgjYfdLh4fMSXp+m4Cjy0m+JgJD83HEH11F8+8b5DjeYGcJ/Zku50h5NxGLqweh/FgfW7fsGfdysUc2GPB0YPb2Lx2CXtWTifwnjWvsqLwuWXFlvk96dSxA7XqN6GamqneECOjGWQm+Kvz52WvnvEsL4vElESevSjGxdOX6zfvcc/VA8+gOK498Gblxr2sMFknHW8vxg0Yw7p5q3l0yRnfKx5EXr/H5GFDGda3MxctV5Hgfobga1txP7uJWyfXc3TrfCaNG0zzVloYTpr6X+yI9r8Fuvz/fQFfMq7zLUdgnn6Rb1nXxNRv8znhFG+8lax0U77GCcjjj/I5/oRY+RZ1SL0y/IBar11ZolYugH91ZyH5l2eQbDNJID6EqIPDSTo9gZTzRuQ6mUoAYManqIN8iT0k99jA67vzKblqxJtrkyl3GCTBQEdyHIfhbdkNr/Pj2DKtHjvmarBiaA1mdKjOysmdsTIfzNpJBkztUBvjoU3ZY9yFE+YDOLN9KnuW9GbvkvZsnN2e/aObcHJKbcy7/0zPWv+HyW1rY9rtV7YPasTVyY2x61eTMwPq82CqFt6L2vF4hgb2fauzuvXPHBzWiLs7q/6+48eP/xd4/zGP/sc1ZZ355g0bCAnywtvLnVvXL3LzkjV3r9uRIp1hmpieOocuZp6cGEOqYudi5plZGaRn55CYnkl0QjKB4REC8we4u7ng7HwfXz9fFfJPY+OITkojKC6Dm67e7D1oxaypEzGeZci8ycMZ0VNXnUvv27EVbZvXp0ndGqqVK0VnFEtX5tB1mtb9y65vf5kr/1H+VRlS12jRhAG92mM4tIuYeB+x8IEYjVeMvA9GY3phNK43s0b3ZKb0O7MF5rPl+vyJ/Vk4eQgmM0ZLG8XyOeNYsWCSWgRn7bI5YlZTJRidzYaV81gncDczmYHN0SrQ2Hnlsuqysrd5hLoX+fzTAUw78piJB52YdPAOUyydxdw9WXIuSF4XhtmVp6y/EsdGpYb7jRi2O8ay7UYk2xyi2Xojio2XwzFXIH8uTF1nvtw2BGMB+7yTvswQS592zI/pJ32YYxPM4jPymrOBHHONwTfxGZGRMRRnJlCRJzB+lcXX0iy+l+XxrfQ5n0pz+fQ6nS8F0XzMDRRA+/Mt0YmKgAPk3jUn/OIScnxtVBh/LRILL47nS2EElZlefMjw5HO2AD0riI8SCHx6Fsi7vHAq5OPKTD/eJbtREnufgggHCp/e4GXUHfJDncgLuk5+yDVeR9+UQOE2ZTE3eZPkTEmKOy8TPXiV4kNxsg+vUgMoSQ+Wnz2YFxmhZMQEEOXvipeLyEtiwh8V4UpLeHjjAjbWNvSddRydqbbMN1mA+92rBIqlh3s/JDM2RI73iQ9xJ/TJHTJifclOjuJ1UbE6b640Bei5OQWkp6Sry9NiQgOJCwsmJSaKjORkYv182LTUjB7t+jKu6yAOmaxm78wlnFpgxpldO1k+czbTx44QgC9j7SqB7KRJDO7dn3EjR7LcZCG7tm5m/87dHNyzR6C+R/rlvaq1795swSH1/LBq6CeOnhKg38TR0U3dQ/3du0oWm6wRiHenlWYXOXZBT68njRvr0a3LYObMXsXkCYtYsWQLXToNpFH9FtSu2Ygav9YXoNdVTV1J2vvbyp4dWNenM25rJnDUsC9TOxrQoU4r2tXSQFsA2LpmKwy12mA5shtZNksoc7Lg5eU1pB5dTMDh1ayYPhED/W7otTSgtWYnNBq1QV/sfHCvviwYNoRp7fTY3L0tm7u2xmp4V9xMJ5B9xgJvOSqWfnFIF3XI/cqgLtzu34U73TpwQa8N+5tqcqCRLocb6bBfbH1XA20s6mpxoKkeZ3X08e3flwiDDoRK8PFItzWzxNDb/dqSgbW1uTh7LqcF1penz+Lh8lVY9pY3ai1NAbkGi6Utkt/JuJ4ehydNV4dmqmq1p6nmre6jrsI9WYCeyGvVytOqWkGVxZcI6N+/Lebr1y/ccjyGnf0uFi+dyHFLcx4rFu58UWB+6Ue7jNvDC9yy24794v44mfYi7NR8Uh02kethTZbPFRLdr2O/xZhE13OkPblMYbQnKW4X8DllTuIDG7I8BPzu9nI8Q8bj08TfO4rLiTWsmjaEnVvMGW84gnXmpqwylShw70b2bzPlmtVa0sIfkx7ogJPVIgYO6KOacbXaEt3Va8LgoUPwc7tCZlKIuqzkRUEWKSkJ5OTlEBmXxJUHbsxeuoYjJ86weIU5y4xX43vZhTAHb0Ju+hDk6Evs3QgCrJ1wOXCSQT26Sac5AI9Lewlz3EXAlY2EOh3B3+EgJ7ctYPvmNUREPP3/sPL/4vrHQjGN22LmNwTkVwXqAva8m3yMPUGZxyqKHizgU/Q+viVZ8y3lDO9CdvLiznxKPdfy1m+j2PsGKkO2Uum/kZd3F5JpP5F0u+mk2c0kz3EJz51W8sxpDS/vr6DCdz3vAy1467Wa0ocLeXVrDnlHR/L20gA+hEwj/4YBoQebcHpmbaa2+plDy1tzfv8wDi5pw9wetVk6RBOzMa1ZN74da436MsRArFyued1aR1b0dh6eGM2eqc1Z1bcx1tM1uLyyNfsMmzLHoDYnds3lvsMB7p5YxIWJdfBYqIP3Al1cZ8j3EGM/2Lca5j1rMUnnJ05NbcrBMY3Vv+6WLVv+fQLc3/86nz5xvCGPnK6I9bjg6+0hwagEchIk3rx4muQ0gXZWFdBTk2OlxYudi7Wnp4idp5P+rIDErHwBdia+oRHccbrFwwf3JbiVZ+LRYzy9nhAQoEzfpBCRkoOzdzBrLXZIcDeGqeNGMHJwLwx0BdqtGtGyST1aNKxN3Rq/otGwFj3atqCPQSs6yOf0mtX/1yH1HyBX1ou30dFg5IDOzBADnz1xgGrgs0b3Zo4yvC4AV4bYZytgH6MAvRczR/cQoAvk5fPzJvRjwcSBLJg8mEVThrJYLH3ZXEOWz53I8nmTBOjTWLd0FuZi5eYmM1kjgHd3dlL/xsfdMtl6O4UttxLY7BjH2iuRrDgXwJKzXiy192X5uWBWyzWLmwlsv5PKznvKpidp7LuXhqVzJkcfZWDlnCbHdA4/TGW/Uk/9dhJbrsdicTVG4B+N2cVQMfqqQjSLbIMwEYgvtQ1nlV0EFheDOOzgzwOPULLiY3mfn8zXl8l8L07iqzJXXiJQl/a1JJUPylB5YSQf84P5kucj741zFD5aQ7D1LFyPG/Mi7BaVuaF8fyXQf6GA3593aY9V6/6Q40NFmgcVAuPPWT6UpvqqS2rLk915l/iQgtAbFIRdI8tf7hkpIPW7Ln2aLbHOVoTe2EqK837yvE7wOuqm2LsrmcG3SPS6TnqAI88i7vE88j7PIp15kejNy9Rg8hKDyEuP/kvYb2OxhWOz5mI2ZAFGnebTf/hmug3fwupNuwjxdRWo3yQuwIVIvwfEBbsQ5fdQIB1CQW4eZSXlahKccnz58jV5AvSMtCxSE5KIiwgjSQLPDAke8iSATQgL4bIEDZ30OtOskTYaNZsxuXsflg0axuJhIxik352GdRqh0bQFeloimiPGYma6ms3rtwjMxch37xJD38PBvXtVUz+0dx+njx7F1uqo8OGIwPw4J6xOY3v6AhfOO+Lg+Ii3b8txc/NBV6+HgFzMXLs7zYWnWiLLiqnXr9+Kzp0H0Lv3GIxmrKR/77HMmGRCy6atqV+nBTWrN6JenabSBOhGYsSr+whQ5w7l/MxBTBRA9hCIGgjUOzTUQb+2JkObaHNgWBeid02j+OpqAfoq8s8u5+3DvXjuMWHllNH06dMPA4PutNbuRDudjozo0QPzAV04PKwb+/vqs79fe67N6E+QxXTKHliSdGgZbgvG4DBhAJeG9eayNOcxg/AePRjnHt250FqfM1ptuWzQlSttDDiroctVOTq0a8/jHl0J7tmF8LatiezQFucO+syur0WHagJsgz6cM5rLkeFjsB0/hRvzFuEw24StWl1ZIVBXwD5fApUFtXVZLaapZGJW2XeVlb9W5s8LUtSmXlMSxn4cSwsE9PKmUYoXvH9bpD5ori4XOWO7kz371uDywP53oP/WHgvM75/fh9PWiTxc3QePXWOIurCKlDs7xbwF4B4XSXxkT16kOwXpUfLQFfH+XRmleSkEndtNkrM9iY8vkOp2jownF8iQACD+0Sn87thgb3OEUSMHM1YixrXrTDlwYAcWG1azcvEsTuxYSqLfXbKjvXnseBrjhXPUDVl+rVmXGnUayMOiz6mD5gS6XVcLMrwqzKS4SEw9N4v09AzC41I57/CAHv2Gotumg7qRy7FNh/GwvMhJ0x2snrqMmSNnMqLXEIlOh9G/X18cTm0l8pENLkcXEeqwjxRfB5IDbpKb9M/z5P+LdeX/LgnuSxnfCt35nuekwvx73m148YivYulvfdbzysVYzWj/nnaG76ln1IS4Qqe5vHZbyYfwXZT7refT091i2+t567aMDJtxpJ+ZIFY+kVSbKYTsGEjskTHkXJlLmbMxr+7P4/WjxbxymkXRrVk8t59A4cnBvHvQn09p5rxwHkKWy3QiHfpyZl4DbNfq80Bec9NyMFarB2C1bjKnzCdxeOkwrLaZ8PjmUTZM68x1sembW4dwcIoWtzd1x2N/Z85Mr8+VpS05N6sh9/eOw0Oek/ScMHyurebq6DrcndQQu7HNODFCi719G7G109/Z2utn9vb4T44O+pVDI2qofyIHR4cfw+z/dZnXFi00uH7BGk/XW/h4OPPk0W1unDuOreV2AboYujwHylx5ugA8IyPlh50nkZmZRlZuLsnPi4hOf05QbCqewU9xvHmL83anuXb5Io8E6C4ubni4P8Y/wJ+AqHis7OwYOGQYDevXo07tmure4tWr/ao2ZahcWUpWt1ZNWtSvRXsxc6XWu4EAvb1G4x9116tgrrxO2SK2R0c9xgzpKiDvxyxl+HzSQOYLmNVh9ZE95PnsyaxRPZmrDK9Lmy1gVz5WAK/Oo8u1eRMHqTBX5tMXSF9kPHW4OvS+1EhMfY6hOgRvtngGFsvnYbZgCqvmT/wd6Idd06RlcPxxFifdsrB0EVg/jGf3vRhpSey6myLHVPYqG6A8ymL/w0wOPMzmsHO2mHUuJ93zsHZ/JsdcjnvkcsQ1m4MPMtkjX7fDKYmtSnlXh0g2XIth7fU4Vl+LxPR6BKsuPWXjxTDOeaTzKDSbgJAE6TtSqXyVw+eSdLHyJLHzBIF6It+UbPaiGD4VRYuhP+VzQQBfs1wo8d6P/4nJ3No+QYL0/ZSn+PHtRRzfiyKpfBbEp0xPPqa7C8Qf8y5DwJ3mzpt4Z8oTlBU4PrxL9+F13EPKop14FnSZZwEXyPO/qNacSPe9QtTD0/hc3cujEyuJEqinO++jKPwiZamPKU7xJjvMmdgnV4hxP0dm4HVyAxzIC79PYbwnBcn+vC8v/b3HSI5LYH7HPmxo34ftjfSwlD78SB1Njrfszbbe03C0NiHY6xL+rjeJDXhAUogzMf73SYrwF1DHUJivVKAsp/TVW4peveFZ3kue5bwgPSmdxOhokqKjSI1+Snx4CLGhAcSEh2Jz9AgGrTsKNLVp0UDg3Vzn/3L2FmBVrevC9v722WvvldZadgd2Y4uFLdiKKHZ3d4uCSEopICBIiCAlrYgoSEh3N4jdy17r/p8xWDvOOXv/1/f/XNdzjTkHcyJMx3jv537eom/nrozqP5hpEyezZ8s2Thw5KAZ+CqOTJzE+ZSSPT6pLApudVdZ3P4OZ8TlsLc5ja27JeeOzqq2bmlgKzF1xdvSQ8CIpKYXnz18wd94KOmkMp4tE525Dad9pEB07DZYYRDeNIbQUJnfqPICmTdsyaOB4Nm4+wQK9jWj2HyP3Uhsx9g60EFH709xuGizr14cDU7UY2qYLmi06MEoyAi2BuFaH7mj+3ImZAlPF0NNOLuCh62bqLq2nznGd2PoBPt02J9loFZbLddg4bTwLhg5kpZYmp6aO5IJi4LOHYjdtIFcWjiFq+0wqnfZSIVFuv5eozfPxWTRdYjZ+i+biP2sqkTMncl9vJtEzZ+CvNZawqdO4v3AOtyeI/Q3XJHzIQO6OGkp8r95kaPYmV0saxoF9mNuqK4N+6sT+UZM5P1sPkwkzMB47DRe9pWrZ3Urgve1nDTY27so6Bebt+3BqwnSeVefwQukvVwz9j7K6YumqqSvriIupNwD+79aex2N5z+OqhnJQfNwNHB1Oc8XDUgDurFq5si2qEiGBTgR5mOB/bh1Rhgu4dWI6iXYryfM5QlWsq2Sjibwoz+B58V1e1RXLRfyad7++593HT7x//557/peIC3SnWoCYd9efpDBPdaStgb4+erN18fRyY9KUCcwQoBuePsbho/uYPUeH/j06c2LLImL9LlCedpvc5CjOnjpAs5bt/jFlTVn6tUfP3qzU1yE22IHH5bm8UAbQvH7Ko/oqMbE84hIecNH1KjpzlzBpxkLad+xJh/Y96dxnJK079qJJi440bSWJn+Zojh0/TtItH2LdjxFitZ57PueoyIz9D+X13/9/D4BT12d/eg9qA/lS6sZvlV6IavClzJOPqWd5IYD+kGao7oj2Nd9W7Sd/HraZZ+Fb+PDAkOfh69VFZD6lnBTjlsbm5CjidmsSuWkA9/aNIPHwaKJ3jiTj7GzKneZQd2UhdW7zeChR46SskqhLhflk3l6bxIvb06i/qU3h1SEkGrfFZ0tzgra3J3RfN4oDFxHnMJ7kwMXSUBmRG7qdq8YLObdaG6t1k1g2tAPma0Zw224NV/ZOxnl1X5x3DML3sC6uBn0xH/4XLhp0oKr6Lk+eZZAqluOu9Re8ZzXCadkwrp3Yhu3IJlgP+QYHre9xndwY59m/YL3wF+76GJGdnf2/RrP/62PFcFevWc/NUD/VzMODruJocRoHUyOOb9uCn7cXefl5FAjAy0oF6mLmShQVKiPccygoLSFL7Dy5oJrwuDRCY5NwcfPA1MgQGwtTLru64Xc9kPCISIL8r7FlxzY0enSTBqkpP/74Q8MWr999q0L9ezkqUP9BbLtZs+a0+rmJWmafNKynugxszw4tpLFqoo5S79i2OUP7dmXGODFysWw9Bd46o1ioWLlAWl93pFpOV8CtN2WIausGugJugffSWQ0D4gxmjFQNfZm8drlAfIUYunJUBsitmq/NGr3JbNCfweaV88TS57FFjlvF1JVy+9bls4kI9OHz19+xuFmOfUw1rnfrcIutxfFOFfa3S7CLLsPuVi02UbVi8VWYhlVgIrA2viFQDyoTaJdgGlyCuWLpoeWYSZwLKxPYl3A6oITjvvkCczF1ZcOVqxnqbmoHr+WyT57vv5bJCb9ULkdlE5taSt3DKt6+quPziwp+e1okQM/n89NsvjxW4J3EZ7XPO5UPdQ/4XJMsz6P5knONQkkQ7TcMw2abDuV3rsj5FIF5Ol8fKqX1aElUw/gkNv0uL5zXecFqufx1ViCPk3z4UHKbdwVRvMgMEkj7UBGrAN2VmvjLlMd7UhjtyoMAG4IvHOLy8aVE220hwWUr5dFmKtAfFUTzKP8Oj7JuURF/TUzehtI7lymL86EsOYgn5Wn/rdU4umEre9ZvZuOKNWxctJrd0xZysO8IdjVuw74m7TCaM4WYIBNyk26SFOVNbJAz98PcBexR1Iug1FbV8KTuCc/F0J88fUNd7RNqKuspyi+jKK+I3Mw0Mh7EkXRHks8If6JDrhHu58GVi9Yc2rZNErslrJg/l8MbVmF95hjWZiacV2zb5CxWZuacN7dQjzaWlhLnOW9mKTZuga2lDY52DjjaXsTqnIU6pe2skSn2ti5ccvDA08OXX9//irunL526Dqerxgi6dldCeTyMLmLqirF37DyIzhLthVnDhinyNBN9g+0sWrQN/YVbGaY5lTYtuqrL0v5pZseuzNfowdwBA9Bo0pExkpHotOrAzPZdGN68M+MlFnXogsnkQWSenE+921aqLyyn0nop1XbLeea9m0eee8i3WE/EboHy5plc36SDzzIB8HptAg1GcmWuJjHbZ1Prdoz6K0epcT5AkuEa7h5YReimpQSsXMSNNQb4L5xJ6LwpPFi9iJIj28k7uI1Y/fnkbllLyeZVpM2cwv1JY7g/VJP0fj3JG9WPtFH9sRJL1+vYg7G/dGP/QDEiHT1OjZrGGa2pOC8ywHf9BtwNVnO0/zjWt+jN+lZ9OdhnBI6Ll/K4IlMtsTeU1v8wdIkXf4f6vxj707oGO39cnc2jygaglxRncPDoBqzOHyYy9O995m4CdndCAx0I8z5HuNVGbhkv4I7JXFId11Pgd4yaOC9ePiwTI6+VREHZKaiWyqpqCgtLSUhKpfJhPTXV1QQHXOPRs6ekZWWrC/W379KHn5X10Jv8wv6DezFYqs9sgfvefTvZsXMzw4cOYlCPLhjvWcbdIBdq8pMozojF4bwRLVp3UldpUxZ0UQbHNWnRkmFDBmN8dC1R1+wpktdVyd+j/E4vn9aSkZbIzegYYpPEri64ozVtDmMmzWWSrj6jJ89mwZK17D18AlcXJ8IDPIgLdsTXeAXx/ra8elLzf1Fe/3cD3f6Tocvj3z8IzO/ye20QVHjxe7lE9TW+Vnjy64PTPA1ZzbuEo3wVM/9aYMuHjLO8ityiLhajLPP6VllQ5vYOgbwx7xMPk2czmxsrehG6pg+h6/qRcHScgFyHDDN9CixmkWsyhSyjieQaT6TEaiZZp8aStGswRSdH8jVxMYXnNaiK0uPh3Q2EHddgz9Dv2djjr5hpfcOlST9wbtCfCVzdmfiD/UkzHcbds1oc6vkNGzt9J/fU39gxsil7RrUlxnoZ0RbjMNMdjLl2Z2y1WuCm14jKkju8/VDF62fxJJqNJHD634jY352QrQPxWj4Ix1HfcXnC9/jObESgfgsc57TilE5Trtme5NOnT6r1/ic779GzF4G+XsTGRHM7MlCuDxOsju7GXszixOYtXL92nazsTLkeBeTFuQLzbEqKctXZEMoguaz8fLz9gzlmZM48/SUMGaFF957d5fobzOSJ49m5fTvmFpacNT3HZLln27VrT7s2Sr9fYxXi6pro3/4BdImffvxe4gf++s1f6dq5Iz07t0Grv7RBvTowZnAv5kwfw+xJQ5k1YTCzJwxg/qQhLJisxFAJTeZqD2ThlKHMmzSYBXLUF6Ar55VQ4K7A3kDpQ1fAr/SnzxjKipli9Uofupj9SgH+SjmuVfrTlSlsSuldDH3zstlsMJgpIJ+jlts3LdEhLMCLV++/CMDrcL33CPd7dXjcq8U1ro5LsdU43K7iYnQdF2/WioFXYRFejqlYvImAWzF0YwH6WTH3swFK+b2YM8r+4/L8iI+yB3keB7xy2OOVxT7vDLHzNA565aol/aO+mRgHZON5J4esgkJ1RcePT4oF4CUCczHzR/nqqHRlbvmnyhjeF4XzofQOH6qS+LUyqWHAm2LeqRe4dXo2x+b3x3LHLDFsb75UJ/G1LoEPlfL90kg+5ATyLj2A1xnBPE714WWGH89SfHj64KpaZn+TE0x98lVKb7uQH+FEUeQFKu9eIjfakcJbl8gOdyTM+RR2BxZz1dCAWzaryfE7TG28K4+zblCbEcHjvDhqM29RfM+HRD8r8qJcKIyRxPztPzdhuhsVyfJeg9g4ay47li7HYOZ8+vYZS//eWoxtqoH2z/3Q6DCdNevXEx/pRnZCmIA8nLRoXx6IYKTcDqIwM5kXT17y5s1nFerKoLhqAXpJUQUFeQVkC9BT78eSEB0qEUJs2HXCr3sQ7O1KqN81Qny88XVzxt1B4GxtLaC2wNJUGdgmMDczw1qO9tYCb/sLEg5ctLmA8wVHiQu4OToJ0B2wNLPGwuw8lubyfusLXLC7RFZmDnV1D5kgbWrnbgLx7iNVQ+8iMO/WYwRdujVAXYlOKtQ1adu+N23bdmfUyGnM0l0hQN/Mcv0dzJq+gm5i8H/S7diZud26M75Ld/q27Mrojt2Z0rYLI37uSN+f2jNPLH1djx4YTx5GjvESnnhs49GldTx22Ui17UrKLZfwyHUTT6/up8hmvYB9NRX2m1X4Z5+Yw73tE7i3cwZldjt4HWnDM78z8ng31S4niD2whmyzo4RuWU7Y5pU4TdfGebIWkUtmUXl2P68uW1F/3pDyI3t4JIZZvXsjuXOnkz5kEEUjBlAyQRKFkQM4K4a+aeBAFnTtwzGtyRiJTe7sr83xUVO5MF9fYL5CYg22cww4NHwKOwZP5IQYe8jxIzypzOJZ7R/gFoCrRq70pdc19Kcrx2dq5DUswlKTz6NqZVRmLp8+vOPx4xrOWx3h5Ikt6qIyt8IbRrVHiamH+9sRceUMkec3SWO+iASLRSRfWEu+rwD9njfPH1Xy6uVznin79z56REZGBkVFRRSXlJMq/9kXHF2JjI6j5tFzSmoeMnnmAho3b8d3jZrRtUcvtu3ahubQgYwZp4X+kkXozNShV9eOaA/rg5ftCcrSYynPuU/m/TC2bFjNz6qht+L7xs35sUlzGjVrTVtJ1iZOnYjxye1y0ZqSdNuPurIsHtcUSeJSQEFWCnfjkkhIz8PVNxA3nyDsXH3Yc/gUJpKl+nm54nz+OMe2LsLl+DKunDT4D+X13/8vSuv/Cf7KuU/8/jRWnZ72W6mzuqTr79XX+b3yKh8zzNV55W/jD/KbAvNCe3VU+6ub23h9a6eA/JA6VU1ZFOZT2mkx9WM8DtvJ7Z3DSDwyhmwBd8mFxaSfnUGa8QyKrGZQcVGXvHOTyTg2hpRDw0ner0n2ybFkHxlKnd04vuZs4dn9VRR66xJ7qAuHBn7L6RkdWNH5rxzs9jcujPiBK1NaEDi/KyEzmxO1vAOeM35krcZfWdTmGzZrfMvZ0b9wfk4PTEb+yF3jCZzXbsupod/ivm0wNdLw/vqxWhqhAkquLeDulh94YDSUnNBN5HnNJGDnUAJW9CFodTeCl7Vjx8DvGPbznxnb5i+4nz+lfpID5Z74dzD/qUkzDA0NuX0zlNi797h+xRoX00Oc2bkV8/1HsDI0wtc3hPSMNAoKMgXmWRSpxxyiIkPYf3gLTVs3o33b9nSVtqNTpy60ad2W5r80F8Nupq4l37Z9ZxXU3//4R4n8l19o2riJmPgPqokrQP9BWTNdDaX0LiFQV5Z1bdniZ7p2aM3ALq3R1uzOglmTWL9Gn1VL5mAwbzLzpg5l9kRN5mkPYO6Egcwe31+NuRMHyTmJCYNYKLDXm6LJfAG9/rQREsNUsC8Sa1dK70rf+lKdESybOYrlM7VYOVvgLo+Vsvu6BZNZrzeFzcvnCtRnsslAh/WLpqlbv25ZPovighzqX30UM3/I5bu1uN+tkaji0t1qHGME5rcqsb9ZiV1EBdZi55YSZmGVmISUc1ax9MAijAKUPvNieVyCoYD9hH8BR6/lc1CAvtczm51XMtjtkc5eOR6S50e80jG89gD36Gwyi8tFPkr48DiHz0/yGuaWP8rh97osvlbf4U1ekDoY7UtRKO+KbgmkBfA1AvrKeD6XRvHyrgl+++Tvm9QVx+MGvMwJ4/eqRL5Wxamj2t/nh/Ey6TLP4p15keItFu7Fi3Q/nqde4+F9dwH7VZ4I2IujnSgRG88Msic3xEZM24ycW/ZyXsAucL7pKRa7exEnV0/E+5QemT6HJPl15JEkCJVJAZSl3ORhUTLFSSFkR7oT721Kadz1f7Qenz5+5NTe3eyZN48FIpgG/QayaJgYbLv+fNu4Fz/8MoIfWmrxY2ttmnWZw+kTRmTcvcGD277cDXbmlq+dPA/mYVk579584u3bT7x4obTZLwToDymVz7EgL49cZTnjhFgexN8lISaSKEnYfFwvEOjpTLDvVW6FhUqE4evlgauDHResLQXkJtiYm4mJn5OjAN3SSkBui5NA/fJFBy4L/J3lsbuDIy4S1la2nLewxcbqAnbWF7nqfZ2PHz5iaeUgdi7QFjvv2GWoCvVuPUZJ+65sSdtg6ho9R9B/wDh69hktzwfTsmVnWrXqSvduQ5g7azXrV+1l85oDLNHbxJ8WdtdgXjcNRrbtSt8WXejXvBs9m3WhR5NODGvRmdW9erB9QE9OjteUxm8+L3x28sR9Cy88d1B7cQ1FJvMpMVskUN/Mi2v7eei6lfpLG6lzWEO5mR65J2eRYbiYD/If+esdJ575Gwn0txG1dzGXDaYTtGUpTgun4zJPB7up47CfOh6vuVPJP7qF1+7neethyxMbI17aGPPs9EGeH91FpY425eOGUjx5OL5jNTEfNZjTU8eyY8QodmqO5eC42WzsN55dgyZhOm0BlxYux3vlBi4tXsWpyXPYN24GxroLiXNzUsvnCqyfPWyYjqY+/iOeKyHnniqLHih959Vi52Lo9VU5PBRDf/PyMZ8/y43tYszFi4aYmOz556h2ZbS7ry0RnsbcvriNWNMFxIv5pTmtJ8fnMOWxnjwsL6C+XtlV7CH5RYWkZ2YQd/8+oWERRNy6w+17CVx0diMoLIq7CQ94kJGHsWR6AzRHMGastjTYgyT6M3zkUEaP0aJr16700ujMrjUL1dJTbVEK9fJ7Rl53oVeffvzUtKUKcxXojVuo66krm6QoC7wMGDqEtWsXcjvsMiW596kXmCtLRj4SsBfmZ3DjxnV1rW5bGwsuXlAuahM8L5nj72rBliVTmTq8K3sNxmB/SF/di/jf95fz/8HU/yUR+F1g/iQeavz5Xcz8txJXgbmPmHrD9LQXUZsF5vv5nGPOpxwrvuZa8VTAV399Jb/GH1P3Ov+YeoYv2ed4F7eflzEHSDs3hTSjSWLk2pQ4LKDWaz2ZpjMotp/Hs4DVPAuS5PTcJIpMp1JsPp0K66mkHRzEI0cdHjtNksRgI0/vrSXXagieQ//MCY1v2NT5Gw4MbMbZAT9ytrdi6e1x126B/ZC/crzXXzk6tTXbxrVlS5+/YTymDRcmtOScgPho7x+wHt2US+ObE3BWn7pnBXz87S2vK725f0iTsHmt8Bj7LVleS3hW4kBF3CqKbp8lztOE8FMzCVreHK3mf2aIxLKRf8FgxH+pn/TSpUv/7dzzIWMmkxAfR1z8fSIio8VCLnPd/SIudvY4nDPD4tQZ4hMzSH6QRG52EgU5DyjKTcXO0ZGOnTUYM34qI0eNpVfP3nQSIejQoROtWigDc5rSpEkTmjRuTMt23ejQsQNao0cwcuRIdaMTxcB/+KEB4H/fFEU1daX0LkBXbP2HH38S8Deizc+N6NK6KeMGd2P10vls3riczeuWsMpgDiv1Z6E/W1sgPoBZY/qiM7IHM0b2RHdMH3S1JEb1UqG+QGx9vmruCtyHojdtKPMnDlQtXSnHL5Hjct3RrJilJaEAXR7P1mLNvPGsnT9B7HyWwFyXDWLlm8TW1wnktwjg1cpc/TucbldLCMglHG6XYxtTjk10OdY3yzgfqUQplhFlWAjYzSOqBOgVYuilqpGfVuw8sFQNpcyuDJY74lMgJp7HPs8s9nhksNcjVSKDAwL2k17JOEZmk1BYQ0V1Oa/ri/n4tIgPz/MF6pn8VpfMp7I7Ys8BanwpCeNTcSif5dyXmobS+3uB+yc5/zT2HH6H57B9Rm/ybjqJuQvMa1L4WhknwI/k12xfHt+x4WH0eervSRuZdIWnKV68TL9G+R1H6pLcKJf2PD/KmowQC0kyL5IbZE1huB1pNyxJD7IgXc7F+JzH8fQm1s/U5ML+2TzwPESNMKBOfl65CE1+jA9VaRHUZN+kKiWYlCDb/1Zqf3A/HsO9e9i9YhlbFs5n1pBhjG7flfaN2vDTLwL0Flr80EaXxp30aK0xByfLk9wOcJC2z4dMAXtuXAgp0YHUlpXxWmD+RgH6y3c8rH9GRXmNtGtF5GRmkZaYwIOEuyTFiaXHRhN/O5LboQFEBvoSpsZ1uUeuE+h7jWue7lx2uoCDrRV2lqaYnTmOjekZ7M4Z4WRliZPA3tnWEld7SZLtrMXS5Z6yE4gL0G3O22Nv44jjRTdKikspKixhiAhm565i4xojVaArMNfoOZpuPUfRQ6L/QG0W6m1k/74zHD1swtmztpiZ2OPu6sdl12tc940gOPCmJNpx3Lx5nz8t6qHBAo0ektn3YEjL7gxs1Z2OP3agU+MuaHfuxp4RfTk0qj+GE4YQsmEKz6/t5ZXfPp57beehy3ox9MWUWxlQ67SGV9fkvPcegf02nnkI2B3XUGiiR433MT7Eu/EkxJzSSwe4vmY6nitn4Lp0BoFbDHBdNhfPFQtxWTSTyxLXli/k3tZV1Nuf4Y2nLW897Xh5wYRXtkY8OrSVdyd38FAy5vS543GfNAoHubkdl83myIRxrOw8gPWDJrKq/yR2DJsuicgsHOYvxXvVBi4sWMqZ6Qs4oK3LsYmzyLkZJLatlNBz1XK6Cu6/R21DqP3mdX/AXF73SGBeX5ktQM9Wga58BQU5cebMDryumBMS4NQwdU3pTw+wJ8ztOKFGC7lrMptU++VkXd5K3rVjlN71piwzjvLSYkpKxcjTxM7lP/lefAIFhcVUP3xCgZh6YEg4ew4cpm//IYzs25/po8bTuWV7+rXtTFdpTPv270OvvtKwdu5Mx44d0Zmkha/zOUqz7vGkKl/dbejo/q3qzmrKdLWGzVVa8IMAvVGzNupCMz81a8EvbdqyZOlcyUTdKMtLoLo0g9ryLB7WFFJXV0F+fhYh/lc4b7wXw10GnNq5GO0hGuhII6rsbz1fuxfbFgzH7ogBMb6W/6Pf/P8F1n/MJ/9P88z5/TO8SBWAB4qVe4p1OIqVe0HtdbWP/M2d3by6vZVPqWLeqafUc69u7+Gx/0re3TvKhyRlZ7XzfMky40PCEd4KzPOs5wqIZ4qNTybPchoPvVZT6baSfJtZvAheK6/ZyUtlyVe/ZVTYTqX64gyqL0yj4MxQnrrO5KnLOF4lrqc+cjmpR9tyfcJ/cabn3+R664iVTj/OT+jM1UU9ubmuLzcWdsa+/39hPOCv6nrsh2a0Z8+oHzkzqxPOU5tzfXF3rq3QxGFCM67O7IjbxoFUV0fw8cszHuVd5c4y+fmTvsdp+F/I9NDjZY0nL4oPUSvfSw04is+axnjoN6HvT/+HuX3+ygbtv7Br1ncNg7bOnftfMFcGlZ04bUZC4gOi7yQQFnabqPAQboUHCtQd8bxwHhdrG+Lvp6rzy/MyE8Rg4rjiZkv3/gLQeSuYMGUmGj360LplK5o1bSbRVI0mP/1EIwHyTz/+SNuOPenWuYM6cG3vrj306dOfZk3+pf9cBfrf/tgc5dt/DJBTgN/4px9oK0Dv1FL+rk4t0B0/mNUGM1kjUF0l1+iaZQtZuXgmS+ZOZJ6AeuqI7kwd0oXpIxrAPnNUH2YJ2GfJdTl3QoPF6yklegH8okmD0Ff61uV9i8X0l84YwUqB+SqxcwXqSuldgfqK2WNYu3AymxYLzA3+KL3rKxuFTG+ATekLzEJKMJVQzNv4RjFnbhRwRhmtHqwMjpMIERMPKcY4pFQ1c+PgCrUP3Ti4IU6LnZ8JKlVhfsK3gJM+eRy7liuWns1+7xwBe6ZYegaHBeZutzK5n1VKZU0tT5+JcT4v5dfnyh7n+Xyqf8DH8mg+KCV2sfJPJeEqmD+WRPKhWCBeqYxsj5f7JpZPRcFURRnhslMHiy26vCyI5OvjbL7W5/ClLJpPBX68TnHiSbQZj29ZUBdjx+P7rtTHOVMrEK9RRrLfv0xxlB2p143JCjITkF8gP8iGojB7HvidI8HnDOkBViQF2OJitRd97R5YbNXhnstWqmMuUh3nKkLjTk7UZXJvuZN55woVqYG8+mN9D+Xr/a+/4n7RCrMTezl7cDv71yxlm4EeK+foMG7oMCZPmEzT1qP5vtU42onNtu8zi4vmR4lT9tTwdyI1Jlidj/5AjnUVNfKZKdOMX4pAPaO29gmlJVXkZGSSlpRIakIi6WkPSLh3h/g70dy9FcGdiGCCvN24dtkBDwcbosPDuHPzNtGhYVy/6onbpYvYiaXbmZ3G3syQixZGOFiZ4XjeQsKMS4r4WJur5XlrZVCchc0fpXYn4UUYH8TO9+83plOXYXTuJlbeW4sevcbQXYneY+gjIJ89ZxUWFpeIvhkvv28leTlFlMmxqrxWjtXqnu7FReUUF5ZTXlZDZWW9AvSezO3anXFtNATo3Rj4S1f6t+lJh0Zd0OreByO5qM/N0OKUGPGl+aOpc9nMx6jTPPfZLUa+h4eX1lFzcSWvAw7w9sZRPoaf4GPoYV56bObZla088T7AxzgXfisI5U2kFTlWWwncPA/vdfO4uHAaLnJzOi5ZwIlJY8Sap3BpyVw8VugRu3cbmYd38tTRlN/DPHgrtv7Rw5pnJ3fxq/F+3hju5I5ky5662rgvmcWVdQvF0iezsEUvloudLxkwkU3Dp7J75DTMdfWwn2fAhYXLODV1HiemzMV8vgEV2Yli23kC9VyBtVJSb+gjV49q5DX0mf8Ryuvqq3LVcruyX3htebZ68UVEXcPG5rhkS3b/HN0ukA/2MiXIchVRp3S5YzyL+1Z6pFxYQdrlbaQH21CcGkNOVjopKWlER8eQmZVLXlEpJXIBllTWkC9Aj09IxtjUjM07d7Fq8TJ8T5kReMIC8027GT1Ki169+9Kxk1iSRLfOHVm3dA73I65SX6H08+dRnBYnF/94gfgvKsyVTVGUo1J6V/rSGzZaUQbKtUJ3zjQC/BykAb9LaUEKJfmp6lKwVZVlkmTkUV5ZQWFeFtkP7hEXcY29G/TEWiZxcs8yDHfo4WF7UO2LT7rpy8OKgn9Tev/93wCdfznyv87/9jJdTDxYLa1/LXISqLtBXaA8vqSW0N/EbOd9ynHeJx0TAzfnfcJJdYe0Z6Eb+DXxhDoA7mueLe/v7+Pt7d2UOi0SkE8h/ewUsi1mUH5pATWeq8i3ncNjn6W8v7eXT8nHeeZvwNuwjbwJXiXX9SqqbcbyzHkGD+0nUGPWj6fhc6iOmEPxxWHEbmyD3chGmM0dxCmtNmzr8hfC9VsRv6kX/hO/x13zG6x6/xmjCY1Z3f9bZnX6MwemNsNszPf4zW6L78Ju+C3rieWQb7DQH0hhthdv35dTV3SNB6f64jL4v7g67hvyL4zk7Ys03tde4kWBI4nOesQfbI/bomZM6/wNmyb+DcPFjTmt/9eGGRhhYf8L6E1/bomHlw937iXKdRtHYEAovt7ehPm7EuRuhZeNMV4OdiQmJpOdk052SixZD2I4sGcD3wmszZ2CGKA5mp9/kYSwUWMa/fSTat4KqNVyujpq/Qd+adGavhod0ZX72v2KJ2fOmtCzZ59/ltz/2HP8u28bjoq1//TTj+rKbi1+aaICXVnytV1zZfW4jswY05/5yqj1ORMx0JvOcj0dlunNYJGOFjqj+zBFszNTBndixnBJMkf0VLdonTG8OzNHi62P7cf88f1ZoD0AvYmDBO4C9smaAvahEpoCdmUkvFJ6H8kKXTnK41VzxgnQJ4qpa7Nl2Rx15LvSf75h4RT1s72eWM425/tsvZTMjsuZaolcseo9V7IExDns98plz9UcDohxH/Yp5JhPEaf8StQ4EyAw9y9Vp7GdFKgf9SvgqG8+p/3y5Pt5HBWoH7qWx14v+TkeaZy/kc7N1GLyy8qpra/k5fMK3r8oFztXNkXJEMOO5X1hqAr0t9LOfiwM5n32Vd5levE6L0iAHi+vUZZ6vcX7PH8KA4/jsmcOARbb+SBW/tuzIoF6ntxbN8XO3XgRZ8GrO6a8uG1BbZQFVREWVEdZUS3td3mEFRU3bSkOsyQv2JTc4HPkBphQEGhB5nVT0vzNSPY+S/JVU+5fNcfdbCe6ozpzZt0UEty2UXXTkoeJl6m4J+IQf5XsW1fIuulCjoD9X79iokJxtTHB0fwE1qf2CNS3cHTrcvas1mPn6sUYzJ2B1hhJLAdOZfg4Se6WLMbTzpCbPheJF6gnS5uck3iL3MRYasoqeFL/nEfKKnEPlVXi6gWG5WSmppJ8/560wTlkK6aenERMeKgK74TYu0QEXCfkqiQIIQE8SEomSdriWGmnA319uCJAv2RjLkZuKnGOi5bGXLAwkeM5zp81xNLkNDYWZpw3NeW8uVWDnds64OR4WQSpnqQHGfTpO5HefcfTpftIhmvpoqe/kanT9ZmpY8D58y5kZ5VQVVbLw/I6qssqqRYm1FbVU1P1UI2qiloRwioV9iXFFZQWV/KneV3kou+iwfi23RjSohuDWmjQt3l3ujTpikZLDSyObsdq3VwMJw3DcvpQ0k4v4lO0Ee9Cj/HKf79YzD5eXt/H51hTSLHn6x1jPoWLCQXs4bX/IT4nSCOc5cenFG8eXTtF4rGlXFung6P+NE5oj8Z0xgz2jhzN1tEj2TFBi4NyznLODG4f2EOFkx0l5qf44H+JryFX+HTVlk8uJrw5uoUPdie5JxAPXjGP4I1LuLJyHlfWL2VG815MbzWQxf21Beg67Bw1XYW4+exFWM7S55D2THk+nxvGZwR6OSrQlXhcnd8QNbn/DBX0OWqfecPrctVS+0N5nwLzmrJM9eILDvXhlNEOfP1s1GlqYUHO3PCzJtB+N0HHdQncPZrwo5OIPTeHBOvFpFxaT7LHMVJDnYnxvyzm601IcDA5BcXkFpaQlVdIbkERD1LTpdG9haWtLRu3bWXD5i0Y7T3CoTXb0J0+ixGjx4mZd6Vdh060F1vv3UMDw71ryI0P45H8jnXlObg52dCsRZt/wFwBuGLoylFd113OKdG0eTv6DxmNp5dkzRnxkgUWygWSJxdLAWVlxeTkpFFV27CtaUFRIfmF+Zw9vh3Xi5ZEhPgTGeRDfEw46cnxlMhrC7KS+PD+1/+L0e2//4++83+B+5t8detTZbGYr4UODTCv9eO34gaYv4hYz8fUk2q/+Kc0Qz4qU9Ju7eLpjbW8jNnHh2RJLlNM+JhmzOuYXVR5GJBhMpUHhtokG06kwmWZnFtPrr0BlVeW8fH+fr5kGvE6VOw+YjPvo7fy+d4eXvou5Jm7Lk8uTeWxw2TeBUyRBm8WT5K2Uxa2guQTvfGd3QQXnZ+xn92ezV2/wXbM3/Cc9iNuo/6Cg+bfOKLxXxgI6Od2/Y71Wt+zb+bP7JvcCPcpzbAf/hM31nbHbFxjNo/qyj2HBTx+fJ8Pn2p4XB5CodM08g+1JnljE4o9ZpN/UZuXqefIdptD2PZuHBn5HVsmfYPZih+wWttYGuvWZEefl4y9smFEuxoNG5Vo9BlMdFQ4kWIbCsw93b3xcPbAz8ORwMvmhF515GaQhzRu98lMu0fa/QjSEiJYs3wxjRs35ZCJE916DKJRY2XJyR8F5gJ0FeQ/qGauhALtps2aMXZofw7s28f1oFDu3E9kx67dah+78p4mjRvRulUrfm7aiJbNm9K7S3s0+/Vk2OA+DOgp1/TPP6EhQO/aqhkDu7Zm3OCuTBRg64zuq64Fr6c7lsWzx7NYV4v5k4cyfWQPtAe1Z9LADkwa1InJgzozfWgXdIf3YKaAfbZWb+aM6cN87f4sFKirQJ88WGIQBmLqS6YNYZkCc2njluuMYIUYu9KPvn7+RNXSN/4B8436DYZuEpDITCM/5hgFoWd2EwOrOyyzucdS23sst49ntbIb2qUHbHZJZ5urAP9yNnvdczlwJYcjXnlqHBJwH7lewBG/fI5eL+SkfwmG/oUY+uVw4loGRr5pOEXmcSutnLzSSmrqKnjxrIr3L6v5+KyMj49zeF99l18LQvhVwF2f6M6bXF/eZHnyJu0yr1PdBfKR6oC3T5X3+FJ+m9fpHiQ5bcRi7URSQh35/LSQ354XCvATeJ8piXj0OWojT/Ik0lDChOqwcxRcP0me7wnSPQ6ScmWfOgUt1+8ERcFGlIaaUBOlAN9GDN6Fh0ne1MRdpSjaVYBuxjXL3ayfN5qT66YR7biRykgznjxwpz7Zm+LYK+pc9Fx57aPSf847f/7sCVZGh3G0OImN0QEsju/k/Kl9WB7dienBzZzasYq9axeycaU+yxfOZP+mlRjvX4+XrSH+jmeIvGpDfIQ3KTGBZCbeprKkiPrapzxU129/REVZNUUFJeRlZZOXnaMCMScrj7QHydwKDRRLj+H+vTgS4uKIiQiR57dJEaAn3k8iOjIS/2te+Fx2wt3BFld7Ky5YnsHWVFnZ7hjmp49jcuoo586cEqifxcrUnPOWNtjZOEg4cutmDL/++p41G/bTuetIevcbx+hxs9mx4xjbth7E3cWTsMAw+fceUC4sqCySKJbkvqpO/obH1FU/UROSWgF6dWXdP6CumHtxYRl/mtymC1PaaTBOYkirbgxu1VOArkEPJeSxuaMZV/wuYH94A0ZThhCxdQaPPXfw5a4pTzy380ws/VOMCRR5Q64bv8WZ8iXGkC+3JBLkgknx4mt2AJ/E0sudDxK9ewFR+wyw1Z/KUe0xnJg4mYPjtVk9fARzNQezYYKc052M87IF3D++n4wju0jZJcblZs2XAEe++Fjz0fwg722Pc3e9HhHrFhGyaYlq6e7yHzynXR+G/diNSS0Got97PGuHTuXw5LmcmTYfE92FGE6ejanOAnJiwlRIP6z8A9KKeVfnqyX4hwrAVRtvsHL1+8rrVJBnqVFTJuZa2gD00rICjE32cN7iEOFi52GBDgS5neL6kZl4rR+Ax+q++GwZxi1DXRJsl5PsuJ77jluIddhNrOsJgi+bct3DmVtRUYSGRapLAN6MvkP07VgCg25gcd4K/eVL0Z09Q2IW2pOn0Lf/ADR69aJLt66qoXfp1JWuHTtybJvAKUMptxeo+wXrTpvET38A/PtGDQPhFLj/a/x9K9PGLdpxwcWZrMxUqqsqqJVM8mG93ACVVeTl5VBeXSPPn1L78DGlldV4X7YnMuomuXLRZcrNkZyYSH5+LqkC9aiIMCwtzf5fpqz9/j8Gw/33zVl+e50jZh6oboX6teBCQ6m99jq/lV7m44OTPA9fx6eMs3zJMBaoC8xTT/Hu7l5eRG5TF5b5kHSKlxFbBOhneBe7j4c+KymwmUPSibEC9WkU2QgYreeQfHoiRY6LJBk4xO8F5ryLWsurGyv5Isb/8e4u3t/cyEvPmbwQkD6+OIlnV+bxxEuZyjaayhszyfZZRJzFJDwWtcVi1LcYjWnK4YGN2Nr5O45oNsNGwH1uRifWDGjM7Jb/h20DfsRqdXdOru3LVt1f2C8w9l00AIcZLTAe/C1Hu/6VsE0T5WdO41X1bT6/SuXzy0Se3ZhPrdM40k+MIWjqd5LnbODOxRVsHPkDm0b+Gbu1jbBc8RMBpzQINR5IedIl9ZP85Zdf/tsGLPorNhAa5EdwUAi+V/1wd3LDx+M6YcFhOJocIPCKNRE+tiTfCydFEsPkOwHcvOGJ/rzZaMh1pq2zkK49h9GkWUsV4n8vsatw/+kntf/8Z4H2iAG9uWRlyfXAEPyVRWbuxuEXEMDWrZvRGq5JTwF453at6NquJV3bNmdQz86MFJiPH6XJmKED1LnoGq2bMkijNf07tmDMwC5MHdmLiUO6MVUAPWv8AAH7UPSmDkNv2jDmaA9kyhD5/fq1ZUKfdkwc2JHJgzsyXbMrOsO6qbauK9CfM6a3QL2fWPpA9LQbQn/KYJYqg+SUEvx0AbvOcBXoa+aOZ+PCyWxYNFUtta/Xm0qIr4f6ua6y9mfwTlsG77Bn1H5XJhzxYsoJP6af8kf3TDBzz4Wx2OoWBudvC+xvqxusrLS+z1p7ZZGYRDZdSmK7ukWqwN5dMfFsDnrmYeiTjUVAJpcicwlNKiMhRwxMGu7q6koe1ZXx8lEFn55VCITz+VQbz0uB8ItkN2piLlJz9yKvM9x5lebK24zLPEt05VNJNJ8r7vO+OIavJTd5mXiBSHMDXA4u5m252PnzXD4rC8mURvNY3l914wQPIyTCj/Mk3IiKgOOku+4g0WkrQUaLuGcvCbDPITK9DgjIzXh05zxFAacoEVOvuefMozQ/6tOCqEi6RmGMK1FOh9mzZAImO+cT5byTUjH8qjsXqLznQmW8FwW33SlPCflvd7+box0WCsAN92N2YjcXTU9gemQblsd3YHlsuwp100ObOXd4C2YinBeMD+BgcpDrl0yJ8LYTS7fndqALybf8ybofTUVhAXU1T9SBcAr8SsTOC3LzyU7PEJhXUFRURk52Phlp6aSnPCA5IYGUxCSS7icQf++OgP2eRDx3Y2Lk3vEn4JqnuqKiuwjnJZtz2FsYYm1yEtNTR1Sgm545iYWJEVZmJlhbKHZuI3buhMslN148f0HUrVi5h7QE5uMZOVqHpcs3Y2ZiSVRIKHG3pP2/JwnE/bsiR/cpzM4UzlTI7/+IRw+fUv9QgXo1NRVK6b1SYF9GhfwNyt9UVFDKn8a26srYthoMV8rtzbswoJUG/Vp3p2eL7vTrNpDrsYH4J4QQGBeIxe6leC6bQN45fd5HGPIu5Bj1blt4G35agO7D7xkO/P7Amq+JVvyWbCtm7sOXVC8+pfrwNNCUO/v1ub1/KQE79DmlO57DUyezf9JUto6fyqIRWswaNZpFY8exdtJE9kybioky13rxHNJ2raFQ/kPfXpGfG+LK54uGvLQ7xp2Ni4hYvZBr+rNxmTMV22na7BmgyZAfuqDVtA/TO2iysOdY1gyaxIlJczmrmLrOXAIO76W2NOMPUGf/ccz5J9wlahXD/fvxj1CsvCEagF4t8erFI96/f8fps3vZu28locHOBHlb4We+EZ/NQ3HWV+bwt5ckojPeuyYQbWZArP1G4px2ctf1AHd9bYgJvkJ4oA9Bgf6EhYWL6ftia2+LjZj50ePH2Lp9K+u3bmD1htXMXjiH8ZO0GTVWi2GjRtKzf1+69+mNRjcNunftxNm9K6jOieepJCdVhSn0lO+pZXYF6mqpvaXAWzk2V5eCVfZHbyIwVwbHKVBftGINsZKJlpaWUiIXTPXDR2LlLyivqqZYKfkpF9Wz52RmZuFgbawmIIXlVTyQmyEx8T4JAnW/676MmziFVu27cC/u/n8op/NvSvJ/PPu1XJ1bTo0fn5T+bwG6si3q1wIHAfVxnoWt53PmOXUQ3GeB+sd0EzH2fdR46lF9ZQFPAtdS7aFHnfdiHvkt5/H1VZQ6LOT+kRGkGo2n5MI8Cqx0yTgzgRzLaby/t42vGUf5FL+Vl4GLeX9nNx/v7JDYyiu/hTx31+HRBW0x9Gk899LnkfMsSk/3oy5Ujr7jSDvRBr9ZTTEb/D17+zXl+OCf2dHlG84I3N3XdefinJ+5PL0pQTqNSDo9AZddYzBcPYBtU5pyYvy3OM/vwBWDLlya9h22/f/MtaE/kb6mEw+ddHjn3ocP2ft4X2bKu0IXso+1pdq0myQuK/A/1JMFGn/m9MLv8dz1C147mxBj1ocs1wlkymehfI0bN+6fW6P+7W8cPnpCGiQxcp9reF2+whVnd0KCbxJ3Lw1ny5PsWj4LO1NDYqP8iIu4StxNX7wcTVk8dw4De/dm5IQZ9OytTKPpSXO5jn5u1jB6vWXzlvTU0EBr6GCWz9WVRvkicQmJxAjIQ27F4OHjw+Ur7hgbGbNty0Ymjx7EkD5d6Ne9g9h5W4b1787YkQOYOn4EE0cNokPzRnQXQx/Wsx3j+ndCa4DY9th+TB8t0BdYKyauM7onc8W45yuD3yYOYI5WTyb1l9f3bMWEvu2YNEBsfWAnpgxWbL1bA9hHdGPuWDH18X1ZOK4vC+T9epPE2Cf0R19Av1RnmGrrK3RHsnrOWNbOnaBOZduoN5lNS2dy49oV9XNdYHIVzR3W9NtsRp9N5+i3yZxBW84zZLsdo3c7oX3QjanHvNAx9GWWkT8z5ah7/Bo6J+Wx0Q15fxhLLcJZYR3DBru77HWK56xPOg4h2YQllXM/p5J0acjzyqokkRYLKy+XxrySV0+rBejFfH6ULNdDEC9TLlMfY0N+gBGvHrjxTCTqTZo7z5OceZXiyZeSSN4UhDWAvSCU+jsWRJgv57bDQT5VxPChKo6XxbHUPfAn3deIZIF3dchhygP2UBl0hGK/wzxw3kaMzTquHp3DA9dt5HjvJdd7P9XhZ6mPNifLYzfp7hLXDMmNuEB1si+1GaEU3PEQiB/lyHJtzPeKeEmbVxxpTX28k7qtckmMGzmRl3jz9J9TXKsryzE9thszCfNju+SaNMTy5F4czh0TU9+BxbGtYupbJfk8KHDfqoLcw9YIF4ujeNkb4e9iKoZuT7S/C7GhPqTei6I0P5+aP2BeWlyhrhKXk5lObmYuhQLB7Ow8cgXwWZnZpIulP5A2LDM9i/TUTFJErhSwx0bfIjw4gODr3ly/6i73jT2XbM0E5qewNTspQFf2cj+GlRyVEfDnzc5hY2WBrZUV9gL0i7YOJMQnqovILDbYwuChU1i6dAv79sn7rR24H32btPgY0u/fIiVWkunYSFLkd0+Li6YkL4/H9c8kpO2teyRAr6VWJKuitJKy4lJKi0olQZG/I6uAP41v3YURAvWhLTQY3EKg3qoHAwTogzv3YdW6Ffgl3MAvMQS/pBuE3PYUKC0g6fACnvvs5c2NozxWVo7zEJO5Y87vOS78li6Nb7oDVNzg9+JgvqRf5dF1YzJN1hG+YwGh+5dxeNZElgmQlCX15gwfi1a/0WgOGMWQQaMZ2H8kIzXHsl1/NSdWbuXc0rUELplP/t511Fgc4VOAM7+KnZcb7iB23QJCFuviPFELy8EDCF2xhOR92zg8bjr9v23H6MYazGjZlxUaozg4eqrAfDZX16yk5F6EWm5XQS1Ar/sXaP9veGf/o7z+DzP/w86VePW8Xr0QA4JdWLVmtjSOTvh7nMPjyDycDXpiPrUNR0f+wqnx7bCe34sr28cRZr6aSLvtRLmbEOxpL43EZW5HhHAn5g7h4cpa2EFcvXYVT28vPL28ueh4AWs7a+wu2mJmeY5dB/axcv1a9FcuY4zAvf/gQXTv1RPNgb1xNT9EXVGyOk/+drgfbTt2VgfDKeV1ZcvSDp2706ptR5q1bC0Qb6UuMNNW7L5tp+4SGvzQtBU7Dhzn7v1kklIyyJfMr7SyluKSUsoqqqh79IyHj5+qC5FYm5/kRkgYkdEx+It9XXK5jNE5M4aO0qJz1x782OgXfmjS/D/0pfPv4f5JPs/HYeqgt49ZZtIIyfVU489v5Z58SDbkWfh63icf57dCW3Wg25dca97F76fMWWz7yBBSjo8i23iKPB5FxulxlNjPpPqynjqa/YHhWArO65BrOokCyxmkG43j9c3N/J5/VoB+hPdRq/kQIyCP2c6Xe9t5G7qCF1d0qbedyBOn6bzxl+TAbQFl5mOptp5CubU2T2PXUHJZi9tbW+I+oRHX5/fg4vDG7BFDPzS0JTajBbaTm3JzYVNSdg6gwmc3N0/p4C2W7r+2BRd1vsFK51sspzXBQ78peZZDKLcdxCu3ATy3aMq7W2P5/V0U8svxuXQ7r0KH8yZgKG9Tt3PPZS47J/8Fp40/EH68MzcONyfWUpP8KxOJNxulfpybN2/+54C4b7/jrJUdPu6OeLu7SaPkiq+XH9HR8aSmFxHq78XyqQLTdm04e/owAd6OxEb44Wx9hhUGi1m4ZDljxk9j7JjxLNFfwpqVK1i6aJHY+1y2rF3DiUMHsJEGze/yRdLSM8mShig+KYmIO3F4+vljffEiJ0+fZveuHSzQmcB4zR5i8t3Q7NcVrSF9mDh6CDrao5k8ZggabX+mV/tfGNKjjQrwiZoK0HsxZ8IApoltj+vdmoli4zNGajBHwDxPAfr43swY1pVxPVozpkdLtHu3kde0Z2L/jkwZ1Ilpmp2YPqwLM0f1ZJ5WL2ZLAqCAXU+FeX+Bej+BuSZLpmuyXFl0ZtZIVulqqWDfoDeNzQa6hMlnpFy1a20iWGzix/zTHgLqS0w87MjE/ReZtPciU/YoxwtMPXSJ6UddmXb0MtMPOTN5nwMjdtkL8C8xfp9y7hJ6Jy6z3eo6Nn5x3EgoJjKljAfFj8goqydDgJ6WV0SRHMvl3quuKeXF00reP8njffkd3uX48OSunVoSf554Wezci7dpXrwRkD9Pkudp3nwuucHbgkA+FQvUC8Kpvm1FqNkKbp7fog5Qq4jzIsTNim3LFrB+/jRWTR9ApPVKcj23UBF8lCL/I6S67SbGdjP+p5eQ4bmHwoDDAvVdVIWcoDrMkGzPvTxw2clNm63c9ziuDogrivag+J4XES4nMFo/ndOrJhJqu5WCcHPqEl0piLInO9KBiv9h575ybSorFbpIcmljuEdNMi1PytHqDLZn9gnkt2BzajuXTA9y0XifCnRPOwG65RF8nUxwtTzGVRG+KL9LxIb5cj8yiPyMNIryCykpLCUzNU0AfV8sPF4tsytAz8stIi8vX5WUjJQU0lLS5XvyPD2bB0kpxImZK6X44GvueAnI3R0tcVB+H/Pj2JmfwNb0JHZmhmrZ3ebcaWxMjaRtNMXGwgJ7a1vsJK5I8vz+1/cEBIQxduxcFi5cx/EjJlx29uBW5E2BdzSJt0OIl/stVgTvbognd2/4kHArhJKCPOprH1JfU6+W3mvKaqlQ+swLy+RvKpcEpYr8nFLSUrP5k4405NPadWe0WPowiSHtuzN54GB2rlqCU7Dc8EkhXE8WoCffICotjJwIe+7un0OFzeo/YL6TkvOrqL2yi6+ZlyDnslp6pzpKgH6D9/EuVDjsJu30Sm5sn8fROdroaI1m9PDRDBowgsEDR9O//ygJOQrY+/QeSb8+WowbMoXFU1ZyfI1kYIfPELdmCbl71vDe5yIfnIyIWzqbIN2xhC6civPwAdj368vl0cMJnDUJdzH1GY07M+Knrkxp1A2D5n04MGQMjvNmkyDZXE1xSkPpvKLBwGv+gLYy0K1GzldX/E+YyzkF4PK4Usy+Uh4rUVEsll9TrF6IcQlhLBOgB/nbc83hMC7rR2I7t5M01h0xHNuag8NaYjKxA45L+3F1/3SCTNZw3WIHHsYb8LY8RJjXBbF0TyLCAklKTlTL7kooZffQ8HA1wiIiCAq+gYubG8Zywezcv4e5i/To0acPgzQHM2bEACLczagtSZWEJZMTR/eJlTdsxqJY+s+t2tG7fz+mzJhElx49aN+lG736D2Drru0cP3mCJcuWMmLMWGbNn88+ZV1is/PEJcoNkJalDtJTRt7XSpaYm5fNmcOb2LdzLVMmj2XBovmMmzKFUROn0qOvJt83bkHP7n1pJDBXKgFW1jb8+6//AfTPTwTmEep0tPeZFmLgtupguN+rrqqj1RsWjjnM5zwrdQe1r4V2vI7bx0PfpaQbjyLl5Chyzk4i9aQW9/YOEnBPptpNjxo3ffKsZqgQzzOfSPrp0ZQ5LeDDnX38lntKkoNzfLi3hdfhK3gdsUbOb+Zt2AqeOk/imauO2m/+3Hs+z67qC8i1eXRpNuWm40nf24vH7rqUugyn4PIoHpzogc/Eb3Do92eOtvkzJj2+xVerESm7h5GwtiN5J8dT6LCCLMsJ1DkPIfugJAGz/gtbMezjY77h2vpW1IXo8CVpLp9ydvMuZja/Pbsqn0sBv70J5nPuGmrs+vHrnXW8yTrIncsLcdzSCv8DrYi36EGC/TCxqkWE7W9Hgdukhg1EHBz+2+pwZhbWeLtckLjEFadLBF0P5nb0PTJyiomPu8vKmaMaRp3/+CMTJVm8cysU5wtnOXpoH95XPElITuNBRjb/D13vAVZVki5cz//dCT0z3dPZbJsx54yKOWDO3W3OWducc0ARBAEBBSSoSEaSZCTnnHPOGBAVxbi+d2/svjP3/y7P8z777JM4Z5/atd5VVbsqPi6aiNBgKe/O2NlYctfORiorD4IDA4iPjaagvEZdDz1aKkjf0Agcvfwws73PeV19ftvzG8vnz0B7/BB1zgStkf2ZrDmM6VqjmTd9IrMnj2VQj/YM7taWMX07tQJ92E+t8J40mLkTBjBBDHxcrx+ZPrgzs0f3EDgL7Cf0Zd5YDWYO/Qmt3m0Y37sdU/rL6/t3ZLqY+8wR3ZilDJwb2Y15YurKcxdo9maxmP6yif1ZJgnBL9MG8ev0wazUHsm6uZoSAvX5E1SgK/3o3m73eNXygfOuGZxyTOTwnTAO2ASy0zKAnWa+7DD2YbuhF5uuubPhmhvr9F1Zo+fKyktOAv/7aJ+6zaJj1qw8acVvBncxcfDFOzKd0ORcUgrEyqVybp1ON5+E3BLiUrPJVuYdFwurq6+k8UkZr2pTeVseJoB2JsPpOE8iTGlOdaAx5Y5Yug0vE+0E5ja8yJDzKNuTlnxvmvMe8CbfmbowE1xOLeP6Fi2iLA9gfngto/v0YvhQTfr0G4VG15+4ffJXgfVZitxPkuNylES7Q/LcQ4TdOkCh10WKPM+QLnV/rsNeMfaduF9ehd7W6ZjsXYqf1H2Rd68QfkeXjIfmBFmf5OTayRxfNRFvo51keutSFn5LTP4GKd43ePm0+o/Tv7ykkDtmetwzN8DV1gSve2bYm1/F0VJf3ZpfOYaZroTOYUzO7xXg7xczP4WN4Rnum+uoWzcbA7ztb+B115RHng6EeNwnKzGOgpxsMpMTCPJyJTTQV7XunJwCCgrKxc5zBYbJRD0KITQ4QCAeK3aeSlR4qJR/X3zlN3eyucFtkytqmEuSYaIrCYX8b3MxdFP98+qCPWbXLgnYdTA1uKrOlmhy9SoGl3QwuKonyUEqTc9fcvGCIZd1zHBz9iU0JEptAUhLiCQqwI0IEbAoX3eSQv3JTogmKymO9MRY8rOzKM7Pp0TpTy8splSSkOLcQopyiynIKiEzrYCk2FRiIuL4k1abn5gslr6ozwDWzZ6Bvt4JAbkV9yJdcY71FKB7tW4lPBN8KEhyIe7iKtLOLhZDWStQ30va+aXk6K3hicc5yLWHIlc+1YTwPv8Bj90vU2a2l6Qza7i1ZibrtKcyd/oMRoyawICBY+jbZyR9eg8XAAynn8ZI+vcZw5C+E5g0ajbLp63k8NqD3Dqph93WPaTuXkOj9TWey4+WvGM17pNGSYU5HNeJo7EdOkBujyZsxXzMRo7leIferPuxB7O+7cny73pzfPBIgo/9RnlWpGrbqmULoMs/G3eF3KfAvPIzwH8HeflneJd9NvISAboSpcq2IEUOdOtgjpy8JKysdXG+b8gd4wPc3DQG0yUaanP7iTE/cHTEj1ya2AmbVYNwPjgN5zNL8b6yFpdzv+B14yDuty7y0P0O0ZGPyMhIJyMzi1Rl5KWYjgL2qOhYtfk6NCwCJ7Edk1vmHBcIT1FAKgmS5oTxLJylRYK/PbVFydQUpTB//myB+Q989b1yWVoXevYdwOARQ5g1ZxrjtMYwZ950Vq1ejqdkn9HR8r4OtsQlxOLsYo+7VNRW1lZ4PfQnIytHDL11jvfQQG+u6+zH6PJhLK5f5PCetWzesIwtW9YyZORovv2xI19905aOnbrxL0kkFixewn17qVyeP/tfmtk/Q72lRmAeCJWuvM02FWibqAuvKGubv03Vpd5jAy+jT/KxyEJAf02dPOZN8jka/XdSbreABvf1NLhJkum6kbLbS+W+X6lzXif7G2jw2kWeMlmM2SIydSaSJrb+5MFG3qWchLzLvEs+TnP4Ll74baAlbAct4bt55riUZ/YLqLs5laf3FtHss4n62wuoNNem1mqR2HYfGuX/Voq9V5lqUfNgNiVOU4k41wvPjW25MfILgrS/J379MOI39iT0l++IPjKBiDOziDnQlZxznQna/C8s5vyZ0yP+C8OFXSj1XiPf76Akwyd57jeHnGudBOhOfGhJEaBH0FJ6m6eBv1HlOo0C20lcX98Jq13f47avA6EXe5BqOZ6Su9MotJ2C74H2NJXFEhkZ+R996Os3bcPe0gQ7M0PuWd7Ey91dKhYpczlFZOXlsXfNHL5Q50z/Au1pE3noKmVAyqXdXTsK6pqoaHpPRWMLJbVPyBFziIuLITw8TCKCxJRM0jNzyCsuo6TuKTllNcRIMujk+gBreydMbRwwtLrPhasmrBO7nztlFNPHD2bKWCWGyf4E5s+cyNypmuoMcUO7t0Wzf2emKEAXSM8Su16g1V/tL582sqcAvS1aGm2ZNrgjc0Z3Y8E4pY+8j9zuLnbenokabcTUleb3DkwTm58xuBMzhnRmlsRssfXZ8n4LldcofevjBewSP0/qL0AfyqrZo1g9Q0x91kjV0rf9PIudv2irhv7k5TssQssxDynGJDAXo8AsDP0yMfHL5vrDTK4+TOfygwQuuSRy0TGJ0/eiOGgTya6bweww8eSIhJlzKAGxmUQmZJKRX0FiXiXJRTUk5VaQnFNOpAA+tbCSpIxCqVtKKSur5unTBtXQX9Uk8bYsUKz8JsWeZ3kmQH8SfZsn8TepDtGjLvw69fEWtOT58DJT7Dzfi8Y0R96WeFITJsnciWUY7JxOQ/w9LM5sY/Sg/nynzCPwwzf81PYHzm1dSsWDixS7HBegn6DQW4DkpEOm21WqQkwp8dIh8dZ20gXmASJzl3bOY8rQnozp15OZ44ZxaudarM/txdPwoEjLFrbMG8zWecNwurKBbO+rVIRZkOppQNYjh//ujPv4kQBPVzzumuHtaEmotzMuNkZ42N0QmAvkzXS5f1OPW3onxcgvc1P3iAp2BeLOFgL9m7rYGp+TuvccnnZGAnUzHjpYCdQdKc7Jkjq+jOykBALdnfDz9CA1JZ38/DLyxXAzM7NJik8gNjKCMAH4I19vgn088XK2xdH2BramYtI3LmAjia2l8QUsTc5xQ1e4ZHBK9uWzGFz6A+hmBlcE5roS+mLp17h64SLmpma8ef2aNEnOnF0C8fIJIyVFWcGwgIyUZNLjJKGODCAlMliSjxiyUxJVgJeXlIpwllFTUU51RaUwqIjctFTigx8R5P4APxd3Aj198fPwxdrMRv6/KX9a2K8fx1cvlkr6EJYPbnHT3w7rUEdsI91w/Azy38M1xoP4iLtiGBtJPbeErCu/qou05FxZQdi+WRQbb+Nd4m0+VfhCTRCfct2odzxLoclOok+u4Piy2SycMZVZU6YxZqwWg4aMFUsfT8/Og+jRYRA92ykxGI22gxjebSxLxixCZ/d5PMzsOD57FbFbVlJ99Tgv5UfPPriNlE2/kLxmKY8WTsdj3HBils0hdftaTIZP5GzHvlzt1Y/bk8dxd4mYuZGOJCPBqmmXFSuR/se2VLHtP+7/DPDitD/uVx9TIZ5GcaFsC+U+2RblJ8uBb513WLlWW/faUYHidewMdmO8bjQGC3pweUZnTo1rx4HhbTg+ug1G83vgeXouQdc3E2C4AW/9DQTfvUrgg9uSHfoItEPVSjgtPV3gKoUsLoFQqSwDg4LxDwrB0/shZrcsOX7uHHOXLKV3vwH0F0Pv2b2bGIQ2hclBVMtnK0gNZ/KUiWLmAvO2Henauz/jJk1j94G9rNuyQcx+IQbXLxERHiIVc7pkilKoUuIoLytV17zOzkgiPipUstRASTJCJGONU28rC3n4uFoTICdceJA3LvJbmFw7zcqf59O5W3e+/qEd333fng6SQGhrzyH0USCp8SGSXab87/3mLQ2tfeZVD/hUZMP7vFsCNls+ldzhTepVnvrtpDF0nySIpirM32cZ8CFDl6aw32hSpnN9tJem4L3qqmgvQg7yJuESz4MOyv5xnvofoMRyCflGc0k+O460ixOptV/Jm/Df+FR4jY+Z53ktEH8Tuoe34Xv4EHeI524/89huFk9stHlqN483Ibups19OmeEUnt3/hZQDAyjXn0Sj5Rxqbkyj8e5CXj34hZyLfck43YMyr5UEH+gjCeafsR3yL1zH/h3/mV8TumUwLmsHYSugvz/lG+xn/MDhPv9gm8bfcN41lNdZJ+TcOQIv/fj0xEaSmRN8bHSGDzW8q3Gm1nsFaddHEXV2OrdnfMdhsXq3g20Ju9iHXLvJJJqMJOhAN9JMRpFvPprGjLs8e/ZMBfnvQP/uhx+4dP44lnrnuWNuLJWWEwFe7mpzY0FxMVvXL25djvRfX3H57AFClXmxJUm8LUAvb3xDzRvJuyTqmj9SUfeY3FxJPFOSJPlMI7u4kqKqBkrrnlDxpInSx69IlErrluVtzl68xJXrFpje9cLkzgNWrdvMujWr0Z46nmnjh6kxe9pYFsyaKJY+lpH9ujC464+M7SOGPagzkwXG00Z0Ya4C4MlDmKPZhwn9OjCuZxux8HZoD+8ixt2LeeM0mKfZU92f2FsSgl5txNbbiqV3kOd1YKrAX1sZLCcxR4A+W543V2mGlyRgqRj+cq2+/Dy5vzr6/VcB+tqZo1g/bxxbFk5kx/LWVo8qSWjsoiqwiSjDOrwM26gy2S/jfnQF9hI2UaVYhBViGlSMsX8xBg9z0fFIR8ctiZsPk3F6lEZIfCbJYuAJGfkC8GJScsuJzywhJrWA1NxKEsW8UvIqSM0qJVfAU1VVz5PH9TyuyaelPok3JV5UBenyPOI6DSEGNMZYURGoL0C/QnW4ES+yXXmZ683LHA9e53rSlCaJcakftVGWYtQbMD28RH082duSVYu16dK1oyTh39Pmx685vG4OCTYHKHuow5PImzxNcKA08CY1ETY8S3KQqt1IHt9N5O0t2F1czoJJA+nQri3f/NCWNl160LF9BzbNn87Z1dPk/8yRpKkzK6b1x01/E/kPr1EaYq7OLNdYW/ZHbVBWmCN14D0eOgnMH7oQ7uuKv6stDx1v4WhxDWcrA+6Y6gjED2Ghd4rLR7Zy/exeKccnJE5icfWkCnWnW7p42BriaW8upq9HQngwxSIiFcVSrwkoAz2cCfL2Ij4ukewsAWROIemp8lskJqlmHh7si7+7PQ/uW+JiZyrvcYX7t/S4L///roWIpZI4mAvE9Y5jLiyyvnGVW4Y66mVrarO7QN1YMXQD/dY53fWukSF1+fPGJqKj0sgrqKOi6illFfWUV9RSmJtLXloiOakJUkdmUyvgbqhVBsDV8vTxExobnkkS96y177y8luK8IuyMTfh16mzWL1nF1lUbWaQ9jyO7D3HlpA5/umZwkpM3L3HxnjHXH1hi8tAGi2A5gcOcpZC2Qt1Jwj7aHccod/y8b5J+dS3pF5aTcelncvVXk3t1BRkXfiFk52TqHI4jKZyEjzoort7xNOmX1+K2fS5bxBiP7d7K2uXLmKs9l8FDNOnXawRdfuhPl+/60em7vnSV6PJ1b3p824fB3/RlVpex6G49jtsVA3xWr6D03AGeSqbWcOMK4fOnEjR5JOGzJxA3fwrJS2dj1H8Ih77pwdHve2A8aBgPtCeLRZ2jPiWYsoJkKTgpAuYUSmRbVvT59h/b1P8IBd4lSihmXpjcerugNYoVO5f3KBSgP31Sw6tXL9i4dTlujqbcNzvKzS2TMPl5AJdmdOOYZgf2DGvD0bEduDC5I5brhxKgXJ9uuAl3vS143zjKQzn+QQJJV+e73DQzwtrGkjPnT7NPAHzqzElMTG+gc1WXQ8eOsmn7NiZPn0HX7j3UwUjtfvyRTu3acHL7Mqqy4tRV24rTI1mzdjU/9erLgpXrMLppyaPIWFKzs4iTTDU9M00y/1wpXJVU11ZSUVlMTW25VBylVFYUS3aYT256LEnRIVLo0yiSE65UIjU+Ur0vOTaMR34PpHBfUy9fuyK/y+BBfRg6fAhaU6by2287CQ7wIi3+EUlRAWQmh9H88vn/v9X9/QvJhgTmiolnmvJe7PxjqaPA3IGWNGVK1z00huzjQ7YB73KM1GvNlfXNm+NO8TLqOO9zzXmX2rpO+cvQ/fJ6E17FnqUpQAH8CSrvriJbfzIpF7SIOz6cNJ1JPHZdzgex8o85FwXmGyV28ipoE+9jD/DCZw21FsoAuGk8ttXmpVjzc5+NlBtOEjOfT96lccTs1KDhpjal+uOot5jN8zsLeSZRfH4U1dcmkX1mBJ5r2mMw7q+c7vNfXOv1Zzy0/o6X1pc4TPgah9FfYjfue7Z0+YJx3/2FeR3+TOrtVbxJETt/8RDJWvjUHMi7wt9oTN3Eq8rbPE+7Qsr16dhM/xKrqT9xdsQPOO3pQ8jxn8i1mUqxvXw206HkWY8nx1KTFINhfKj0Uw9x9+7d/+Na9J9+6sxuSepMLp3grrmBOnlGsJ8nMdERaGmNViefGT5sCK4Ot0l45EZatA8BPo4C6BfUvIZaAXpDi4D99SeBegMFBUofZDbF9Y1UPntNxdNXVDe+olRup+YXc8/BleOnzrLn4AkuGVtz9roNqzfvY+GSX5k7awoztYYzQ2K61qhWQ58yhtEDuzGs+49o9unIlME/tQJ9WGfmavZWZ3ubN6E/Ewd2QrPnj2j1bcPMIZ0E4l2ZP64X88XS52v2YqoAfHyvH1WgK/3qU8TUpw8SU//8XAXqc0d2Z/6YXizS1GCRGLoC9V8mDeCXaQrQh7FaTH3DvLFsXjCBnT/PbG2Nq3nJrbAybj2qEFOvwiq8GpvISuwjq7gXVYl1ZCmWYSWYhpRyI6gEM/8irIKyuROUQkhyAYmZ+epqhpli4Gl5ZcSm5QrAi4gXG4/PKCK9QGw9s4D0vCoy86opKiiQSr6c2soCnlZl0FKdQFOWB03xllQ9PEeVrw5PI8wp8LjEkyhjXqTa05TjS1O+D6/zvXmSeJ/XGa4Cdg+exVoSfus39HfPlvs8eJnkha/pJfavmM/aORM5smklPkbHKH1oyNN4O15nP+Bllg8NsQ68TPPkpbLimph9jts5gm9u48haTYb2Upbu/J4vv/knX3z3Dd+3+ZZR8rvp71zE0RWDmTu6I/NHd8Pj+nYKA69TGGRGQ0HCf1cB794KeP2JDZEyGPSAEG8HQjzvESu3YwJdBeqWYtwW3DfXx0r/NNYGZzAVsOud2YPppcNYXz+L6eWj2Bqdxd3aAEcBsNL3HuTpTl5GjtTXxQLCPFJiwvFykITm/h0iQiPUQWTpadmkpaQRHxtFpMhHkJczD+wtJdG1wVOSCfe7N3C7cwPXO2ZynpgI2A2xt7zGLf2T3Lh8DDszZSKZy+o16KbXLmOkdwlD3cvoXdJB/7Iu9+/Z8/HDBx43PKes7AkNcm40PHlBvZwrNVXKNeWl8tmyJHKpLCvjiSTJj+sfU19XK9sG6mvraZD76mseU1FaI/wqJ8I3iINb9nJw+xHmTFtCm+86MXXEePZt3MWfzljrc+TmZU5a63HV2ZRrDyww8ROohzhIBuoiBdTtcwjQw5yIeGBEjuFGkk4uoMLyN4ndlJhvId9gHZmXVpB8eglvU+5CsTfvYm5TZXeUohs7sVd+3DUruXx4H0e2b2bpvIUMHjqGrmLnHb7pQ0eBd0cBeeevZfuVBl3/pUEv2e/7dT9G/DAIH3NzAndvJ+vITmrlx2pxtyP34A4SF0wiY9kM8n6eTfKsSeh16sP+r7twvH0P9Hv3JWDZPF57WYv9RFKenyRZUKtVlxS0htJkrkZBimrgJb9D/DO8f3/s922RvKY1WmFekJskmVRrP9CFy4e5c/cat42OoLdqHNeWDuDCjO4c0ezI7hFt2T28rUC9I1fmaqiXtHnorMTzyhrcdDfhpLcPK3n95jWLW/ully9i5bpf2bl7B+cvnsP8ljmnzp9lkSRDmloT0OitQZs2bfhRYN6ubRs6tvuR8wfXU5IZSVVeArlJjzC7ocfJ8zp4BUWSVVhKQWkVZdXVVNfXUVUnWeCTZ9RJFlj/pJba+gqqaz7DvLyI2qoyKWQZpCXFyHdXxg5kUpCVRFpCNHmZqaTERRAe6IWP210p6AZ42N/inrUxHpLdhkiWG+DrTliwp1i8O+mJ8v9ToshMivofi6+18EGx8nJnWjJNeBFzVgz9nhDDR212bwxpvQztQ44xnwoE9hlXeStgexEpFh22n1dRx8Syb9GiXoN+ijfKCmohe6l1XkuN8xrKrJdScH0GWboTiT02lJgjw6m2WUhz8GY+5VzhTdQO3iadpMlvsxj7Vt5G7aXOegZP7GaLmWvzynudau51doupvqVNwdUJxO7sRbWJJIkG46k1m0a91QyeWc+mwmCClMvJ1FyfRMHFkXiu/gETAfq5gf+H0/3+P5xmfEPAiq54LurKCTHy2T/+jYnf/RfzOv+ZDT3/jOv6PpJ4TOfTC3c5LkXw3FkqzwM0pu/kWbx8l4drub/871wd/RdOSZKgK/YfdeInMm+OJf7aUFoSj1F1ZxplDgsI2d+JpvDNNKVcUg/zvHnz/q3ZvdXUlXXEu3bpJLDvTF+N7gwc3I8uvbrzxecJXzZtWkdMmB8pkd5kp4STlx5HoVQq1U3vqG3+RH1LK9RrX72nUiyivKZOhXmlPF71vEWg/pKyJ81kl1TgIRXQqXOX2bBlN0tXbGDu8vUMHakpRtiJXt27MWnUQGZOHMGsyWNYMFOLedM0mTiiN6M0OqA1oDPThndj4oCOTBIgzxKTXjR5kDqP+/QRyuRXbVVoTxZ4zxzSWeDco7X5XKufat5K0/sEjTZM6t2GyX3bMV3eZ7rS7D60M7OH/sTsYV1VO1+kjH4fq8GScb35eWJ/lk8ewAr5H2vnjGLjHE02L9Jixy+zWldYzH/MVZ9c9HwKMPArx9C/jBuBYuXBFSrkTYNLMfbLw9A3i1u+qbgGpREloA6KSSM6JZtcORczBORpOSUCbQF6Sg4p2cVk5Iulp+WpTfAZYu+5+aWU5udRmxPHk4IYKrPDaKpMojFfkuOcAJ4n3aE24CJNYfpUPrxEscTzlPs8S3PhVbaAN99Ltm7UR9vQnOrEy/T7kjRak+l0Ar0d06hMcaA5z5vGFC8yfaxIcr1B3kNban3NeRV3n3eloXyoiaGlPEps3o/m3ADe5IfQnOlDib8pYVbHOLhyGgO6dODrr75Vp+39+pvv6NWtE7tXaHPvwmaOrxwpx7qdHMs+uBtsIU/svjDM8j+qgZqKIjLiQojwcyU5zJv4R+6kRPiJqTvxwM6IB3eMeWBjyB2Ty9hev6ga+W2D01hcO4XdjYvYGF3AzcYYe3NdLPVPYa80z1vcoEiObWlhldRjJWQlpUjCEICFgbze6CphQaFi6SkkJiQTGxUldZW/CIon/g/sVUMP9HKUsMfX1RLP+zfxcbbGw8ECd4ebONmaiJ2fwESSCOsbBpiJnSuD4a5dPi9Av8rlc+e5cOokl2RbWlJCS8tbdYa6J09f8FQS3WdybtTJfnVlFRUlxVK3FlKmXEGk2HldPbU1NQL7avXx6soaub9avY6+vKSaAvlOceHxkljY8+v8FYwcMBqNTlJux06V8rmeP521NeSQAH2f+SXO2Rtx2dmMa15W3Ay6h8UjB+wiXbkb4YqdhGO4C4n+lpRa7iXmkDb190/Q6HGW2nuHKDHdRvbl1QL6JZTdOwb5HrwJMyPXaCtZ+lu5u3MJboaStRzey9oly+QEnkXn9gLwtv1oL+Bu81Uv2gnI232pQedv5b5v+/LdP7rLfi+6f9+fsxt38mDTJlIP7qTw4jHeShb33NqEvPWLSF8wkZyZk4gfPQbjLr250k2DKz16YT5kEGVXjvIhwJGP8QGSsQqQ85LUpnIVysq+AmkF8oWfwf0/QnleoSQCv4NcvZ3/b0DPSZTMqnVWtKBQD3bvW43OiY0cnTMYnQWDOD2tBwfG/cROgfmuke3ZP64zByd0w2zNSBxPLsT53DIcTy/FcOMkds0YJJlsDxZMH82h/TvUJVGPHDvENUN9DK4bsmf/PsZP1GL48OF079ZNkqEO9OnZjT7df6J7xx+5enInuYnBkuW6S3ZqT0Z8KP6BQcSl5pCWW0x+aQVlUlAUmNfU11P/+Ck1Dcq2moaGCskay6mpKZbCp6xClKIaeXpqPIVZcixyk0lQTTtOgJ5Cilh6YkwoSXHhBHjexd3RgvBgLzKS4+Vk8SEpNpRQAX5KQqSAPIaS3HRyMuJ5XFf5x5Sun+r91cVW3udaiZQa8yHfWoBuKyZ+k9eJV2gM2su7LLHyXGPeZejxLl2f1/EnBFb7aY45yZv402rT++s4MfVsQ3VxlmqH1RSZzaPAZDZ512eSZzidzIvjiD82TJLOiWLgK3ifcpR3CYdpid5Dc/QhXgVs4G3cURocl1BqMoE6y6m89FlHS9geHjsupermDKot5xL7W291hHv9rZlUmGjR6LCIJs9VPHNYKHCfyhOBe43pFPIvjcRj+TfYTP4LBsP/zA3Nv2I75e84TPkGo6F/4+CAv7K+j4TG/+HQoL+gN+zPXO/zF2KPT4BXYfA2EZoj5BCVS/KynqePfiXTahw3l//AKQG6w7J/kqbTT86rASRcGUCt93oaAuQ5piPJMxtOme0Eyh1nkmk+Vj3Ux48f/6PZ/Y9L2P5H/L7WuHL7X19/LWXvDPHRQepMcXkZAvOcZPJKyykRS6968Y7qV5+oVWxdor75A7VNLVQ1vVWBXv60mdKnrymof0mUAMzFO5gVG3YwY/YClsi5rz1zJhq9evPDdz+o17D36tpR7UefM3Uci+dOYe70sUwe2YexfTswcbAAfUQ3xvUTuCvQHtVD7UdXLlObNaa3CvoJGu3US9UU+541/Cfmje2pQn2BbGcO6MQkAfmUzzFNnj9LbF9bgK4txq9s5yl986N7sljsf5kY+tKJ/Vg+oR+/Th3K+jljWDd7LFsWTWbH0tYmd8+kSnVQ3EX3HHTc87nklsOlB7noehWj713ENe9cDLzTuRWQgV98AeERyQLwImKSs+R45JBRVE1WbhkxCZlkyjY1s4gUsfas/DIS0+RxAVB2ThH5uVnUFSRSm+BJhrcpZYmeVOWEkSNy1ZQbwosMZzFzQ2r9L5F1/xBPY8wEzo48S1WA7kFzobfcvicJ4R1epzoL7GWbYU/hQ130tkmdGXKTN8UPeZHrw6vCRzzPCxJo+4mB2/Iqz4d39Yl8fJpBS20Sr4vDaCkK5W1pBI1ZvpQEWRNmcYZre1eyQluLyaOHMXpQX6aOHsKelXO5q7uXB4a/cXb9VEm2vmfX0tH4mO4hx9+AZ6WJ/z13VNNzsXAX0uOCifKzVy/hjfRzk/se4Odmh7eLNQ/uGWNreA6X29e5f1NXNXRzgenNK8fQO74D/RM7sTO+xF3TK1hdO8sdUz3SElMpK6mhvLia7IxsIoOCiA4K4NqF45hcOYuDnTWPAoPVCPZ7KKH0m4uEBHgT5v+A8AB3kRUrXO0M8HWzwM/dBi8nMXen29yxNJD3OIHZ1VPcuHpRYC5Wfukcl04dFzvX5eLp0xzcs4O7d+3UsQH1dU949uwlTS/e8Phxk9SxDa2wLi+jsrREhboyG2d5aSk1cn99bd1nmFd/Brpi8rUU5pWSmZZLeEgMbg4eWJrZcmL/KTYtXcvRzXs4d+gMf7pw14jDAvQ9Juc5ZXuNi4430HW5hfFDG0wD7VVTtw1zkXDGOdSJtFBbqp3kZD++kOBd0ym32E3F7V3kXVtHhs4qCm7uJd/6EB9z3HjmpUuN/UmKb+7H4befubhpFSe2bqFvl8EC75589bcufPVFN9r8SwF6T9oKzNv+U4OffhjAF3/uzJfyeFsBuobsz+48Atuly/Ffu5KUY/t4Zm9Fi8tdkn5dQsiEMVTuXE/iqHHc6tmXaz01MOrdj+hVi3kr3+VTsCuf4vyhNIenpZkC5CQVxoX5/w3p1v3WrQJ6BfCtj/3PUKZDbY2C3ETycxLUUOd3To7kzh1DdE9vZqeWBnsm9GDb6E5sG9WZzSM6sXZwe9aP6MKmUV04OV2Dm+tHYvvbJMw3T0Bn6VB2TtFg29QB7F85i12bfmbvnu2s37ieA4cPsW3nDrQmT2LkiBEM6NuXIX000J4wlGVzJqA5vD+9u7Zn1/qF6J/erS6cMmnccFzvXiM2NpJIyUKTswrIKiiipLKSGgF6da1kgXW1VNfVUFdfRV2d0k9XJIVNMsXKArFxSVRKC6SgFVJSmK3uZ6fFyjZNkph0QqXAZ6UlicUFEPLQlVCxcmVd4ZTEKGIjA0mICSNWmRxBAF9alEN+pmL3ocT4OVJdVgAfhARV7nwsvstbsXMF5h/yLHifZcbL6DM8F5i/SbyoDn5T+swVoL+IVKZ6lfuTLgjcr4qVnuN9+hXepV6kJek0T3y2UHl3OflGysQxsyi1mEts25VmAACAAElEQVS2nhYp50aTqTuOV/6r+Zh4gA8J+3gdtZ3mqN00C8yVaPTfRIHhOLFwTZpcltMSskPgv44y44lUWc0m6XB/Mo4PlnK3iPo7c6Tca/Hy4Rp53lZeeazmufuvNHmt5dndeRRfHU/Q6u9wmfMlD5b9gOuir7kz4R/cG/8F5iP/gs7I/+LEiL9wY/oX3F/4V9xmfIFZn/+D7+qBfHrqqF6iJh+O981pPAs9Ro3PMqJ0+0gS2B+bxV8TKQaecqoryZcGkGE2mWqftWQaa/I4YAXZZhOocZpHqetCaiTZUP7u37///1x17d/71v8d7O3atsPUWJ/UpCj1N8/LSpByn0FeWQVF9Y2UCbCVgXFljWLnLz6pfeo1rz9R2dgK9arnbymXyK9tIjW3Ait7T8ZPnc+0mYuYMWsBw4ZKGR4wVP0/SkvBt19/xejBUp6njGTh7EmS7A8XQ9dAs28nJg/uIobekzE926l95jMFvAsnDRBDHyK23otpQzqhJeAf10Mx8PbMGNaJeWME0OM1WDSht9pPPqV/e4F5e6b1//cm9y7MGqYMtOsiSXR3FipAH9uLpcqlbFp9VKivVPrQBegb5o5j2+IpGJ87oh5Pm6hijrtlSCgzveWo07SecMzkvHMW1x5kcDsgC/vgNAKjc+W8KyEwPEY18nSpkOMz8kgSWKdkFJAgcM8WG89WbD2zQG7Lc7IKZSsJdU6+1CspVOdGURrpTICtLlmJgQRJsp6TFMrz4jjeFPrxKsmKKt+LlPtc5HmiFU9TnGgWO1cGxL3IdKEuzkrM3JnXEsqkM28y71MRZIje5nFE2p8VSD+kpdiflpJIWiriJTF+yOtkF96Jlb9/ls2Hp/m8r8/iTaWYekUUzWVhPMvxpfyRLWG3TmJ3ZhMW53didGo7F0Vmrh1dgYvBHrxNpM6/vFPq/PnMGNqWs1tnEXn3FPkBhv9h59lShyRHBZEUGYDP/RtEB3gQ5utChK8bge52hIm1+7ne5p7ZVayNzmOmewJ3OzN1khnlsjYF6peP7cDSQECuDJa7dp5Qf3+xWWVq1Go5hoXqgLdQAbavqyO6J39D5+gujK+cwemOtcDahQAfD7zc7uPjYqeOaPcWaDvbGHDb5Dh2N05x/9Z5bE3P4akaugUmusfQP3eAq2cOcXzfNk4e2MtZqaN3bVjHqYMHOHVoP4f2bJH6tIrXr99QXV3P86bXNDY2q03vdQLsmuoKaipKW2FeXCBbZZrXInW/qqxEPnuZJCSSQBeVqrPBlRZXqsu9ZgjQQ0Pi8HAPwN3FHxsLZaZHRxzvuWFn48ifLtnf4JjlVfbduMgxKz3O3zPigoMxeg8sBOq23PC7g2XQfayCHHAIdiAh9C61weYUW+zBb4tY8emfafQ6xxP3s+TobSBs3xyyjbbzPs2JRl99Sm4fFmvYz51dS9g0fTy/LFhAt/b9afevXnz99+7884uusu1Kh28F6l8K1P/Ziw7/7MG3f+nKt3/rTlsBft9vNNgyago6U2ZhOGMO91asJPjgQQr1dIhaOIfUVcuoPnWE+CnTuN13EMb9+nN//CgqLx7kg5slLY5WfAr14lNuEh8rCmgoEUDlJbZCWbYFCqDzWwGtwvrfAZ6X/Pl5n0Ge2/q8gs8gz82OIycrVi2cuQVZWNvos2e9Nkul0lg2qD2rh3aS6MjPAzqwfGAnVgztyi/DurJ6ZDf0fx2B9Y4JmK0fi/4vQzm3cBC6a7U4s2keS2ZNYM7MyeqSqKvWrmHWbG2GDRtM/969GNyrGxuWzMLs4n50Dm9kznRN+ojlzJk6SrLGYzzyduT8qUPkpkaTkRJHlIA1JDyK+OR0MnNyKSoppVgyw7KqSsqrpMBUFKogr64uFrCXSkZZQl1VIfXVAvnyIskSS9RBK/lZqWLlj8jKSCY9TQy+pIBoZaCcrwepibHkirmnCwQc75jh7+1GZnoyBfnZkiEnq5CP8HfB7Px2dI9taZX0xwm0pOjxQYz8fZ41Lcl6PPPfQ42ysEr0cYG8CW8zDNTFVV5GH+NFxFGeh/wmlY6R2sz+MUcSgZzr6vSvysxxFXeXkWc+S8rmXKrv/UylzUJydCeQeXkszz1W8C5mF2/CN/EyYps6IO5NtADd+xdawnfQ6DKPZs+feem1Qp6zhxeBm6gU4264s5B8PTH8vT1pdFomz1vCa/+VvPJbwceUQ5IMrKUleAMvA9fzMngzlZbTKNAdQdSejiQc7UOmzmjCt3XDefY/cJr1JT6/fI37r9/hv7UD0Qe6knK8D54Lv8Zl4l8IWtuTj8/c+FR1lo/Pw3hf4cyLuD1kS5JgsfwLjmv9jYBdHYg/2ZOIQ53JuTGRLMs5FDvI93VbSe6N0dTc16bSbTnV3r9SLUB/WSW/SXr6f4L8f0L8f1j6999/h6GhrgA9kgxJUnPTYwTqyZSIaZSIYZRKpVRc10hJg5j4s3dUvJTcTIy96sV7qiWqxNJLn72hvOk9GcW16BhZM1JrDhNm/My0GYvp1bMfPXr05bvvv1f/31f//JL+vboweewgKcOaTBVbHzeoO+P7/8T0Yd2ZOrQbQ7p8xwTFrscIqCcNZPG0IczW7MO0YV2YKpAep4xo79uG6YM7CMS7sUCzF4sm9mX+uN4C8Q5qf/pUef00xeKVS+DE5GeL+SvN7WoCoLSMafZUR7ov0+rPz5I0rJw+RJ1BbuO8CWxfMg1/qfSVP+vIEnR8crngmcM5MfPTbnLbJQ1Tr1TuB2eos7uFi31HxMr5JhCPTckWsCtN6mVEJ6eRIMaYLhauJNmpAvfMgnLi0vLJLKokLbuQ1NQcouMSCA99SGKoKxGut7AzuUB4ZBAu3u6kyW/yvDyF5oIAXqfZ8iLqBmU+F3gcfZPn6a68LfClKc1VHQj3JNGOlhyx9XQHGqKVQaX3qH10HYfTi3DRlbIrhv6uIox3ZZFi34GSOLvzJtWLD1VJvG/MFaAX8PFxLm/F0t8oTe8loTSke5DuYsBDvf146h8kwOI8D60uEGh3GX+r0wRaHMH56nYsT6zjtyUTmD2qI2YnVpHpoc/rZ1V/wPzVi+ekx4eTKN8rIylCDN1ZHW8T88hHgO6M510TgbkVXvcteOhsjrPVdSz0z2Kpf4ZLhzajf3I3Bmf2cvPqGWxNrmJ5XYeHrk6kp6SLjJVLPV0sxyqDhOg4gfE97M30OLN7BUe3LuXI1hWc3LedWwaXsTK+irnBJYG3joD7IreuHcP86gFuXN6D+ZV9GF3Yxl2zXURKMhLooYvB+bUc2raUdcvm8OvcqfwyZzrbVyxl1bwZrF+2kD0irvftrPn44aMYeaMKcyUaGhppqH+mNqvXVSuGXqLCXAF5WVG+GuVFAvaiIpGgYpHKYnVFNmWe9jKBenlZDXmS/CUn5RAVmUJkeDLRUcp181kiTlmtE8tcdjDnpPU19ptdYr/5Jc7euc55eyN0HE3RFxhe87DC2NcWU187bvvfxSPwHhkRdjz21SP98jocfhlJicD9fZSJVGx6VFjvFXvZw9vEe1LBmZFvcZi4K9uw2jiPo4ums+3X5Uwco0WnNn1p87XYd5ehzNDSplubAXT4qreYey+6COz7Ctx7iJ13+WdPRnYeyvyeI1jTZyTbh41HR3sRVxb8jNPixQSN0yR99kyK167gwagx3OozgPtamgQsmMHT62d5c8+MRvmxP/mI+cQ9grw0PhVlUl+c8QeU83NbQ9lX+sSVZvTfIa5aeHa8Gq3PV24nqJEn9/0O9Mf1lZSVl7Jy7RzWzB7BXLGCmRrtmaXRgbl92jNHDGG+VFCLxThmiXnMHNCZY8vHYrZxPIYCc8M1IzDePAmTnbM5umoa2pOGM2roIMZrjmXq1KnMnqvNuHFj6Nf9JxaNG8i1A6vwsr6KjeEJZk6fgEbXTvTv240IPyfK81IoUb5Dlny+tASS4yJwdnXmgU8A0bHxpKZnkZ6TSVZuBsUluVRWlVAhUK+QZKemMp/qCilcxVmSKeZRW1FMaUGOGpkpCaQkxZKemkhJsWS+CdGE+XsRGuhDfIzYeEI4kcE+PJIsOzY2iiIprIWFeeTJ/4kO9cHn7lUMD/3C7uXjKcpNE0t/y/PIizSGnxBgn6XeazsFFnN4GXVSAG/aukpanjktaYbqgLkmMfcXUUfEzvXkMUkEsgTmiadpCthOnctq6t030OCxlafeu8RSV0u5nEvCySFU282hOWQDHxL38zpiE++LjPiYd5UXXksE5tsE2tN54b5QYjFvgrcIzDfyxHEhtXZzxbzXkHNuOHU22jR5LuK9wP9dzA4R6O18TD/DKwXoYvpvYvfzJmg9DQ5LKDGeQJHeaKpt51Hr+CspJ4eSfHoosYc1yLo0hOwLA8m/OlZgP5TEQ70JWvMjrtP/i2S9ZfDEGp7a8eGxL6/Sz1Hnv4qIk105MfbP2C37JwFb25N0rrckzWOJ0hlOiesqki/2otJ5uXz/pWTdGk+5Yue+G3j2aBfVcbd4+/atasK/96H/5XM/+t/+H83uf/2rYuht0de9SEpiJKkJj0iL9ZOkLFFA/pTyJ02UN7ygVIBeXCshUC8TS1eiullMXQG7AL1MgF76/CNJeeUcOXuN8dMXodFvCG3bd6Rr1178+EM7/i6fSe3P//s/GKDRlTGDezN+xEAmDO/L+MHdmCjnyvQRPZg0sAvDun2P1kAx6jE91VHVS6YPZ45mXzHyLup15+P6tFP70qcO7CD2/ZNAuocKZ+X6dKUZfurA9mooz505vDNzBfpzRirRQ6Deo7UPfUwvflZgPnkAv0wZzAoB+lrtUWz+DHRf13sqiOxjlOVSi7gRUIjhw3wMfHK4E5JLSGopIQm5pOUIuBPSCItJJK+wnLSsIqKTslSgJ2XlEpeaQWZukZyDhSRn5JJdIJV0ep6APpfAkHDs7Ow5feEsF3VOYn/HFCdbcxztbXB0d8fM5jaZmfE8KUnidVkErzIdeBp6neoAXXWWOGXp1JZcb5pSXMTIHXghIH+V5caLlDvURRjJuWNH3SMDQo03EGi0UYDux9uKcHXp1bdF/rzJ9uVjWRyf6nL48DxPEsxC3jdk01KTyNuSaF7kBPM0yYMcdxMCDA7gpf8bodbnCBSQB1idw8NYYK73G7dPr0Fnx2wWa3Vj2fTeOAgDauM9/sPOlW6c9IRgUuNDyUmOIirQnVgRr4Qwf7Uv3c/ZgiA3OzzumAiMdQSup1VDv6l/Ct3ju9Vmd+MLh8TOL6irnrnb3yUhRpGsPLWFIz0xhcSoGKl7IvB2tuemvPb87mUckDr68mGxesMrcv89/Dyd8XG2w8nKiFv6JwTkh2R7lOsX93D15AaObZ+Lj+NuijMukZNwnISQPYR67+HezT1sXDIV7TGDWD5Dk6WTR7NCexIHtq+n8eljml+95unTJl6+auFV8zsan70UQ3+mDnarraz4w8qL83OFLZkii1nqSPfywgJKCosE5ALzwlJ1/vn6umc8efxC3u8NtbVyDpY/prS0VqSqSl1pTQnlErw/XXYUoN++xl7j8+y8foYjlrqcsjPk7L3rXHG6yRXJDvXcrbgqcL/+4DZWnjZEPbLjZawVhabb8N0ymegTi3kXaURzqAGvg3V56nWRV7F3aAy5QdjFzfif3ozx+nnsnTtJst6JaE+cSM8eQ+nbcySD+45mYK9RdPymNx3/1ZtOSnytQbfv+9Lxyx50E7gPbjOISZ2GsFhjBLN7jWT+4AlsmaDNrYmTidcaQ+7UiaRMm4TLmLG4zp6Lw8SxxKxaxNNrJ3lrb0atzhla7oulS9ZHQTpkJvBJgFWWl6gCOu+P+Az47ITPFt7apF7wb6FA/Pfn5wjMW4EeJz9Sa+Z5eMciNo7rwc9KP51UMhO7/8i4n35Eq3tbpvbqwLQ+nZksMb5XJxaN7o3x1ukYr9Xk6qpR2BxZxt3zGzm3dYE6OKiPmPjwYYMYO3Y0U6dPYfr0qQzq3Z3jK6ZwW7LfAHtTKejnmDxFgN69Kxoa3XG6a0qRfH4l8jPiyU6JJSMxmiABr5nFbUKi4klULtNIzxCwp5Iu9pyRkSAJTIr63QrlOxdLIlMi+9kpURQLePOz0tSCpgyGi4l8RGxUqNhbjNwOJj42nEAfV3zcbGXrrPalB8l+cpIkPvl5pKYl4evlwCPv+9wx2M/VA8s5t30BG+aPUo9Xc2kchZbLKLX9lazrM3kWdkwSLkve5xjzTkz8XZaJlLXzNKeZqCPaFSP/kKvMEqcrED1Bo99Wqh2Ua85X0iBAr3NdS6XYebX9r4Ts6UPpLW2agzfyIfUg7+J2iNVfkN9eEgSx9Zfey6i/P5ty08E0Os8RYP9Mk9dydfrXGvPJPHVaTtE1TYr0h/M2ZA1vHq2V9znE+4zjfMy+wDsx/PeJh3iXfJLmmP0891krSYDSHD+bYrNpvArZTYnZVGqt5lBkMJHy27PJ0hlGtkTKmUFkXRxG9PYOhK79Clftf1Dhs08q3BW8zTnIq4wzvKz2oDL+DOYb2nB60je4rPiW4psjKbWcSNJFSQQOaZBnMYGI4z2pdZ5H/s0x1PlKUuG/Xgx9NWEne9GQ2LqK1ZAhQ/6tif0/Df0vf8C8dfv1d99x5sJ5EuLCyUiNITPpETkZcZTXP6ZMKqRisYzimscUSkVTWCkVS+Nbypo+USFR/fITlWLppU+a1fvSxdAvG1sybOQ4vvnmWzVh+LFNe374/ge+/PJLdQnVr//1FT0kIR3RvxeTpXIcP6QnEwTik4d0ZbIYutaAnwToPzJlSNfW6V4nDWLRlKHMHSdAH96VmSPkef07MlYZ8d6nrUC7E3ME0vPV69L7qn3qyiA4BejT5LycJVBXmtznjOzOHAG5OspdzF9JAJTBcL9OHcLKmcNZM2c0G+ZqslUZELd0utiiPR8+fuJ+fAX2EaU4hBXjFF6IU1g24WmlpOSW8igmhbTccmLFuCOT0skWcMcmpKsD3xQjzygoJjE9U0BfQqYCHWUhJrk/OjoeN29vdSa9lWtWMmu+NgeOH8YrwJcHvj5Y37mPg6sHPj5e6up3DYUJNFfE8Sbfi6dhRryIt5Jz5C4vUu9J2XHmuZh26+VqjrzOcqE++hb1Uca8Tragyu8Kybd3EWC0nlfKUqsVUepa6G9LI/lYlQKP8/nYWCRAz1cXb3lVkcyrylheFUXRmB5AdZQLuQ8tiLY5i7f+LkJuHiHI/DABZsdw1d+L/eUdGB/6mQ3aA+T4dhaATiHI4hhvn9X8AfMnDXUkhPuSHOFFtth5euwjUqL8SYjwJTb4AcEetjhYXSPEww5HSz2875mrI9cdLfQF8GaYXDgoITDXO4PxlZM8cLxHXFQkaUlpZKVni5mnEhceRkRIAH7ubrjYWnLHXBdbo3M4WRqrl6/FR4YQHxZImK87gQ/u8tDRGheb61iIod/Q+Q2dw2s4vGUeJ3Zpk5OqQ22ZEZXFuhRlXaQw46wA/iwpkccwPrOCFcpYi4WTWbNwEkF+Xrx/+04gXM+zxpdi581qvHzZIkBuVAe9KWtlKP3nRXnZcm4lq6F0YeZmpIg85VFTVUN1Tb261GtDw0t5nSQHz5rl9ivq619SW9dETe1TqqoVsIu55xSRkZbNn3QVQ5eDtNfoPNsl89kjYD9kocsJm2ucv2fCxfumXFDCwZQrjmZYON8iP/KuVKY3aXA8QtKp5UQcmscrKVQUuEKxBy1xFtR66vI6xo70m0ex3rqI6wL0TVM1mas5Gq1RmgzUGELHbwXi3/Sh07d96CAQ7/x1H4netBc7b/fPHrQXO+8q+z3l8d7f9WVQu4EM6jCYYZ2Hs3riLO4umEvc+LGkjx1BqLyvzYhh3Bw4kLCf55J3YCPPr5+i2dKARiP5LLamvLa7AXIyCLUksnknll6W29psrgA69zOgfwd27r/BO//3+GzmrXbeGgrQy0pb1/I1P7aBbeO6s3pYRxb1a492f6lA+ndmksB8fM/2jOrahhHd2jG0a3s0NTpxffd8rqwez+klw7E6thKrM+s5tnkBWiMH07tHN/r3682woQPRHDcKLa3xjBs7it+WTcFo3zK8bK9hdGEfY0eP4qcu3ejVpzdGhhfIz4xVYZ6VHC0wjyJVDD008CFX9PTUiT7SMvPUpVnzikspUOZsF5POL8iSjDCNPPkuWakR8pogyW4DSEsIU5vMM1MT5ISRky4xVoV6dHgAUaFBBAmoQ/3dCPC4g5/HXbzc7uHhaEtMdDglyrKr+VkkxIYSEeSJzz1jjM9t48K+5ezfNBvb22bqMSu4d5BUnWk0+O3nQ5EyMM6KD/nmvFVhforn4YdpSbrM6/hTfBJzV7bNUYd4EbyHJ96bqXNbLyBfT73nZqodV1JqvZjUS5oUmM4SSP/K+/jfBLx7eS8w/likx/uUwzT7/SqgX8dje23q704RW18qwN7Cm/Dd1N2aQpPbMipNJpF/aTgvfH+hOWglLWGreBO4jLdJR9SBdc8frKRAYP0iah81D37hudsKqm8J0E3nUXh9Hkmnx5F5qi9ZupqU3phCubxf1qWhJJ0fSJpAPV+AHru1DWFr/kHcmfF8LL4qn2s8b9KO0ZRzlYYsA9I8N3Bj13BMpv+ZpBNtKTQYRND2TnhvbkP+9YFkXOhEwvkBJJztRb7ZWFKujyNNkokMw0lEHetDvnnrQK6VK1e2Nrn/9S//64C4v/3tr+o16L0HDMXawYn4mFABeizZ6bGS8KVRWddAaf1TiqrrVaCXVDeoUC+tf0X5Cyhp/Ej58w9qU7syKK5MDD2ztAFza0fmLlnDl199xfdi5iM1p6rrqP/4Qxt1HfQfJIHo1qk9Q/t2Z7LmUMYP6obWoK5MEkOfOUqDMb07MLpXO9XW5ygzwilN7spiLKN6Mm1oF3XCmenK7HCSQCuXqE0Z0F4F9lyBujLRjDLN65wR3dTR7TMF7HMkCVANfXRP1eQXKBPLaGqwdFKrma9SJpTRHqn2n29ZPJHty6ezY9lM/N3v86rlHe7xxTyILsY7MpeojGK1eT05p5SEzCICIhJJyROgpxfwKDaV1IwCgXaJ2qQenZyprpoWn5xGTm4BuXlFREXHqbP13TC+wW8H9zN7/mxmzp7JoZOncPHywz8iEnsPD+44OePg5CTnXCA+DlZU5ETzvESgnu9Hc7K1WLgrL8TEm7Pdacp0oyndWezdlcYUe5oznagON6MxyZJn0UY0PLxM5p19RFjv4W1ZCO+rE3lfk8D72jQ+PS7g03MF5oV8aBSgN+TypiaVN7WJNJfH8SwzkOoED4qiHUh0u0aA+VEemhzAz+Qg/qaH8b1xBIerezi/bY7YeU9Waw9Bd+9isoJt/2MSmXSplxLDfIgKcCUywI3U6BDiHnnIfV6E+0gdcu8G98WY3e6Z4SBAdxeIWxmewfDMXq4e24nJ+f1i6bvQP3sYH1dXAXcwcZFhJMfHk5qQKElPInERYcSEPyIuLFSSUmUFSJEYeTzM30dd7zzA00HM2xLX23q4WF/B+fYV7C11sNQ/gOHZzVw+spaj2xcT6X+KpgYjnlbpUF92lqq8/ZRl7CIvYTcp4dsJf7gFL5c9GF1Zg/7FA+pa7q9evhKjbqTpeTNNAvNnjS9UU3/xQlmX/YkK9aqKcoF3ruAoUz5bEqmxUVLfxqoj3p8+aaLhsdLf3ijxjLq6RgH4E2pqnvD48UvqlcGplQJ8SaiLiyrIySwkLTGTP+k7WQjQ9dh//QJbrxxnp94p9plc4PCtK5yw1ueUjQEnJU5ZX0MZEX/D3pgkXzNeRd6k3vk4eQbrKbm1SwBvAeW+KtA/5TpS4nSelmQn0iUzM9u0EMttS9k5axLjhg5nYO+hDNAYTrf2A2j3dS+BdyvAOwnQO8l+m3/04Mcvukt0o53cbv+PnnSUbQ+Bfp9v+vJ/2TrrqK62tVGfP+79ztm93eq2u7tQwcRCMVHsblGxCxsTGxMRFUFEUZAS6e7uFOlOAQP7ue9a7FPfuIwxx/oVCos55/M+M945uvsItujMxm7mTNKmTyR68lgcRw7l7pCB2IwdQeyqeZQcNaT0iCH1N87w5vp5GswuUnfNhE8OYiwSEZKboS6Sa8iME4hFqMPmGX9dFUD/E+xNj/8N9wx5np7279fTBJ7/LMrX85tnWTWiA4uHdmLeoA6s1dHgiMEiDPR1mD6ou1hEBwZ1akM/6cCGdmvPoeVTObpUm73zxnDGYB5nt83nsNyrkYP60K1TB3p078qA/n3Q0BjM8BFD6S+P5+uM4dxmfZ6an+fy0e0MGDSUVh060b5rN86dOUJGopJtKFxgHiJglkouHbO/pwt3LMwIDo0kJS2LDGV+JjeXvJIi8kuUufR8Copy1ZPjMtLjBeARxIp9K9+rJJpJiIuQ3z+ZV5mp6tx4dGQIQT4v8ZZG4eX2BE8XW4IE7IHeLjg/tSIhIYYMqawK0JVh+hD/l7x4fJOHNw5ydPtiDFdPZ+jAHsTHx9JYXUSJ8y6+Zd/l6yul3BFDv8k79TzzYzRGHpdy6F+L4+p9tlDvu40atw1Uu66nzH4lNa4bKHq8mCKx9bTL2oQfHEjZw5l8jpC6GbqBL3F7pG4qw/RHeOexmLcvF1DroEu55XhqHefw1nM5HwIMqHykS9XDqQL6GaQe789b79V8CNogFr6HT4ErqHw+k9Dj/cSUtUg06i62PJmsS8OptJlB6f2ZZB8eht2EX3DVa4PVpF9w0m9N+gVtKs10KLk9lUKrOaTfmEjSmZHEHOxD5sWxFN6ZS4nrHhrjj/ImyID6mCNURe4l+fkKHEz0uKX/C+H72xBxoB2+G3/F06Ab6aajKXo0mVLbOby6MZayRzNJkKAh3XIG8WYzeGnYjsTrUyh1bFoYd+7cuf9l5n8Z+f/8/T+A/ndatW3PkfOmvPD2JNjfjYSYIAF6OK/S4yiprKKotkEAXidAr1GTyGQXlJJTUiMQ/06OAD2n5gu5NR/JEoPIqfqoAt3DLxxTM1tmzFrAMI3xaIwYQzOx9T9bKtsu/6R923Z07tCOIX17MELq/bgh3QTeAuthXdHV7MWwrn8yqndbdIZ3Z45ytrnAXEkuM2lIVzWLnAJ05ahUbSUdbM+mzHBqopkR3dT96MoWtlli4SrQByvz513UxXKzNZtOYJul7EEf1ZuFYv7Kyvbl0mZXz9RUM8RtWazL9hWz2b5cgjSp/2/efsA/IRv/6Ayx8NckiI0HRCape8gVoIfEpqlAD41LJzAqGe8gAXxaPuHxGU3D7hk5RCdkkJQqxh4fhaurIyanTqI/bzbjJo5h3OTx7D54EFfvIALDEnnu6s5jh6dYWN7m1MmDPDBXkqbcFav1ob4wkfevfKkKvUVtwlMpdtTG2apb1+pirKiJfsA7JRdI+H2qpH/+kG6nzqO/CbxOjoMRgbc38TXPh69F4XwujeJbVTrfK9P5VBrOl8pkvtSm8qEsgQ8C9I9lSbwviqU2w5uyeFeKY13J9HtAtIMpL28a4W1+GF+Bu5f5IWzPGbJnmTaLdAawWX8M94zXUl/x7yQy5dLXRAd7EBngIhDzFDN/KdB0lm7ZnZCXj4kLetE0h/74jpjzQyyuHFdTwT68cVrNDnflmCFnD23hscUtQv38pW/xlasPof7ehAu8Y8KVqaIIMd540hMTVYhHCNwjgoMI8fNTF8A5KNtsLc5ia2aM1fWD2Nw6xINrRvJ/7RWYr8X0xAYe3tqLo40RsaGHKZR+Iz1kA/EvFxHhJMIogpCTfYKczOPkpJ8Rgz9GUtwxSksy+PyxkZKC1+pceYMA/c2beqrFzD80fqGx8bPYdg0lxQVUlpRRkpdHXnamaujK0dOxIUFkZ2TJ97wTI3/71yK6GrVUVryhrk6Zj/9IbU2jCvvCwmr5OUqFR3lEhsfxtyv2dzlucYU9185gYHKETWeMMLxsrEJd2c621/wce26dYZeY+95rpzgkN/Wu5XnKvcwotzWi4O523rie5q2fKd/zBejFnirYq/3MeB9vT7nHTRJuH+bZ/jVsnzOF2WPH0rdLP7q26kvHFr1pJxBXtqopUG/zSw8p3dTHrX7oppY/lSJwbyNA7yLv9/y9F6O6DWOL9nR8JJrN1tfFf/IYbIYPxmJYf5ymjCZWGmCF8Q5KDm2l/Pheqs4ZU3P5NDWXTvD29mW+ezlBWhy8TuV7QRalmbEqkNNT/3cJbwL9X8Pq/7wqJTU14r9gnpocrlbWcE9Htk7swd4ZAzizTgfnu+dwkihTmeM5uG0ti8cPY1yfzmh27yjW0ZF10zTZoz+OPYt0WK8/laVzJmGwRJeh/XoI0NvTXSx9QP++DB8+jNGjtQTsQxinqYGxBAn3zx+Uf3MNvfsP5Y8/29O8TXuOHj9IVIi3CvOoYC+8XtjhqswPSYM4deIgPtIAkpLTSc1Q5u7SySvMU2GeX1JAgTzOy88iKyuJ16/TSExQApdE0tKkZCSRJo9TUxLkd08gTskcFyCWHugpkbEvwb6ueL9wkIblQUSQL7ExkcTGRhMjDSss1A8f9+c8t7mOk9UVLC4f4NzhjUydpMn5U00rh3mTxNdMMzUxjAL0huD91PkYyvUAjVFH+JJ8XiB/lXr/7dR5b+aN+2Zq3Zvmzus8tpH3cAFlz1aQL3YetKcfWdfG8yFQjDt8I59jd/It6yxfkw/RGLyRj6Hy/QLxemc9KXPEuleotv7GaQGlFhOocVhAtokGpfcm8D5kC++8Fsn3LeetxyxK7o2m8NwfFJn3JufOQGq8tHl1tTOp+3rgoteMsFUt8VzQgpdzW+GzrQ8eR3RIv6NPysUZRJ6YTcDSlvgYdOH5pu4kmo4k2qQvUUe0yL01XmA/hmyzvsRc6UK42PetNW25qPcPPDa3xGN9S+KPdiB4RwcijvQj/tIIYo73IOemJpmX+pFtrkmV+wpKnJYLyCeSZT6V5Bu6ZFpOV2+vm5vb/3e72n8ujFP2n+stWMpTVzecne3wF3uKi/AhLSFUnYopKsqnvOEjJcoqdrGE18VVZOQUi3UWkVP9iby672QL0F/XfCatpK4J7GUNYrBp3LN9wcFj5xkzdhLt23cUoP/Bb7/+Rpt2HenSpTs9ukjg2qMrmkP6MW30QHQ0ejBzdF91hfugTs3RUoAukFf2ny8S4M7VHsyEgR2ZMKA9UyV4Vg5emTSwvZrqVVsx9KF/ZYDTku8Z309N8apAX2dwx3/Zu1JmqWlfxeLH9mHJ5GEsnTBUXd2u5LTfoC9tcaEOu0UQDhisaBoqrntHYnYJ4QLl6MRXRMRm4heeQGJWobyWSaDYumLnMWm56nP/kHgS0vOJFdjHJKSTlplLdFSStJ9YXJzt1Rz503V1GDS4DxOnjmPngf3YOLpi89yZR08dePTIjls3r7Nr1zr5rCGWAnRL82tEBblQnRvPu2xfKsPNqEt4Qn3CY2oi71Mn5WPSI95E3edNzEMqIy1pSLQRW5cSZ8Wb8FuUuJ8myELaV5oTjTm+YuLRUCN2XhzBuyw3vpTHqUB/J/bekB/Jh6I4qjODKEtypTzBmfIYZ/LC7Ehyu4vvnRP4mR/F8/YxXgrUbUw2YzBnJMunDcFQgJ4c/PLfZy99/EhkkBdRgR5SXgjIn4mhOxIjgE+OCSDAyRJ/FyvCvZ7h9fQOAS8eYX7xmDoU7mJzm4uHDTlntJXHlnelfwsXAw/EXfo3D1sbfMXUo4IDRERCSY6LFSmJVw9biQ4T+fD1xMPFkZcOdthZm3P3qjF3Lu4SgO/mnpT7pnu5edqQk7sXc+nQUs6eXICt5x58YveIIB0gzm85NqcGcVP6lszEgxS8PkNu1kleZ54gN1MZFT1GQY4dX79+oaokm5LcVMpLi3kjAbBi2xWVNQLoBuobPqjD7jXVb6hW5tKLC8XIs0hLjpeAIFLuQQy52bnUvVHM/oO6Z10p6nOB+Vtpf/X1nyVAaKSwpJZXr6T9peYSF5XKS2dP/nb9+QNO3DNlz9XTbD17hDUn9rFBoL7D1FidV98tMFeG47dfOorh2UNsP3+Eo3IzIp9dpsh6H9VPD9Pw8hzvfK7yLfM5lPlCiS+f0p14G2NHjf894syMsNyygDXaWozoO5DeHfvTsbnY+O89aSelza8C85+70fH3HnT4tQftFLD/3KNp6P3HrgL2LrST50qymX4t+6HVdSjHRo8nZdYEgrU1cBw9lPsag7g1uB+uk0aSuXUpJYe3kLNxGbUXjKk6e5y6q+epv36B9+aX+WhvJZYeAmKi34uz+VKYwWuBckpSqMC5CeIqqP8D2uprUv4FcoH6P0GulJTkMCrKCykvyObYUk1uHViM470z+Dpb4+v2GDfHh9y7exujtXosGTcYnUHdmNi/K/NGD2LXoiksn6zBpFGD6denF5PHaYqtSCfXrROdOnUWK+/HkCGD0NQcwZgxoxilOZJVelO4vG81axZOp3mrdjRr2ZYWrdqzbftGHt29iOVNY25f3C9lH2bndnHTZCcH9m3Gw9ODxCSBcnqqOtSeLxDPL84jV37uvLxXFBYo+1+VTHrK0YIpZGdnyO+cKGAW409SVkwnkCJQVxbGxUWH4vPSQRqVL+HBfgT5eUmUGExMZJh6jnCCNCgF6sEC/pfOj/Fzd8DH5SGP7pzB6uZxjuxayblDayWafQXfv/Al6y7fcx7wKfmqmPgN3kecpDH2rHROl/icYsq7kH0C8o1SDKjzMqTSaQ21HoaUO6xWV7gX2kj0fESDjGsTeR+wiU+RBnwK3QjS4Mi/ybf0E3wO2yTwXkO9q7KHXI+37ovV8sF3HcW3x1PxaDZFtwWIF4fQGLietz7Lee+/SK7zqXmmSX3EchpCJtCYvJivpcZ8rz5L0cPpOE76lfiNnXmi+wsvl3UidEMn6nwPkHpzLHFXtXmyuCO22j/gv7g5oUcHEHF7GLXxq6hP30OpvwHJtyQQ3dsR/3UdybIz4NzMNuzU+j88XPR3fDZ3IOXcYLKvjybt7DD8D40g4owGSecHk3i6B/kWYyizVfadTyfEZBy+Rn1It5hNoHFvKl6spDb9Gfn5+f/fPeiqmf9l6T/84wdWrd+Eg/NznF2e4Ov+hKhQ6WjjgslKjhCTSKG8tp7y918oa/ispkAtqHrHa+lYlBXvObVfeVX5iYzyD+TWflFLdtk7YjKKcfOP4cwlM2bOmCv1eRit/mxH69bt6dy1Nz169aNX775079wRrSH9mS2B3nwFrLqaaPbtwPBurdAe3EXsfCBLZ45mxeyxzFIOaOnbToDejilKkpjhXdTV62N7tWFMzzbqanZdjc7MVvakC6znjevD9JFdm1a4a3RRj1GdKdauWLremD4s0B7AImXuXGc4q2aOYu2scRgs0GHr0hnsXqPPoW3rVCBV1r4jNa8Mr5BIYlIEzol5qo2n5pSqQ++x6bl4BEUTK0CPTc0hPCadlMx8dY95vHKCV1IaPl5+nDc5w8L5esyeMZ3pM3TYtHk923dv4/S5M1y8foMTZ004amzMvv171eNmDTYu5+CBLRzYu5WzJw7j6fKA6sIo3mR5UyXi9EZJ85pkT234Pd5E3FGB3hD7kIZ4W3ndToD+iOpYAbpcy4KvUeR1nqD7eymJecbHwmA+VSfwrUIMvTCMT/n+AniBeWkiFVmhVGWGUP0qgvw4LzKD7FQzzw60Is3fimT3+/jdP43/PWP8lDn1O/u5fnAJq6YMYPX0QRgtn/jf29SSYgkSoQr0ciVEJCDI+zkRcg3zdSQxxJXAFw9FiuwIcrVVs7652pqJmZ/F4YEp9pamAuHDXDE2Ijo0SkqYSMI9PJ/bEuT2glAvD7HxCBKkz0mIiSZSQB7i7yNS44Kb01OeWltgY3GNezfPcuv8bgkUdnL7kpRzhlw13sDBTbNZO1OTw2snY3pyGTde7MbEbg72d6bg9WSmlFnEhxlSVnZBzPo8RbkmlBacVq9F2RdoqC/mU+M7CrOTKc3LpKykhHIly1t5jWrbbxRbl4BQ3ZMucFaG45U956+zJNBLjJd7o6QVz1b3ndeJoSufUUCuAF1ZUNdk7A1S3ouZ15CZWUBURLK6jc3LPRBbKzv+ZvHMjDtPzTkqN22bAHuR0XYWH9rJJjGnTSZi6xcOs+3SMbaYHGKd8V7WiPGuN97HwQtH8bA4Qp3LSRrcz1LloBxwcUMMXYBeFsS3Aj++5PhR6naDRIvjPN23ijvblzNz1CgG9h5Kpz960v6XrnT5ozc9W/ejT7v+9Ok4iK4C+q7yWtfmfeS9XvRv05cRbfqxYuAYZnYaxIKewzinNQ6fsZrET9QiaMIIrEcM4tqAfliMGEzoYl0qT+2meM8mcjetpNL4ELUP7lIvQK+7clYddv9w/ybfw/0gJw0KBSYC9DeZUaQkhqhQT0kKUwGdmhKmAl65pspVeZyiXgXkf8Fc+WyyFOWxAvRv375yYt1ULu5ZiOW1Yzwwv8jzx/dwc7Dhqe0DzG9e4fyx3WydPwX90f1ZOmmoOrQ3aVgPBvbqTKeOnejauTN9xcy7du5A+3Zt6SuQV4A+epQmYwXoiq3rTBzDCYN5LJujza9//MnvzdsxasQITE32c/HkTkyObcb4oFTSPavZv2M1O7euYcPG1Ty2tSQsxIf4xCjS0hPExNMlykshKzOBbCkZqdFSsaLE1nPIlcgxSRpgbl62VJ5U4sS6lYaSmCRRb3SIVCQ39TSumKgwdb97eHiIfCaaEIG5r48HcQkJBAvsnz15gJPDEwJ9X+Ln6SKR8hOCfFzxeGrGPZPt2Ev9ULexvc3hQ8xpPkSf5FPiVd7HnONrmhnfs++JpZ+m4vkqFea1HlvVxW8VjuupemGgnoNeZrdKYD6C+LNa1Lqt5EPIVj4ErOGTMtReas3X9NM0hm3hU+AG1co/eK6g0WuZBKOLqXg8k7yrGsJ8AeOdSeRf1uKDn7znuZRiu3G8i9nC2+jNfMzYw/ePHnwpMaIx24C3yQd5bTaSmP0jeDTuR56M+Y2Ho/5OkmF7PniL2fvt5dXprjjt1sJ3WzccZ/+Ek+6PRBr1Iv3mCPKfTqUhYS2fUjZRZjOCevfhfEmSOvtsMBlXh3Ff7//gvbUDkQe7EnagCxH7usnzLhQ8mEKcySDCjLqSeKILkUfaiZGPIt9mJoGHh1JiN5/oi9rkPZhE1l1tGjLt1fvbokWL/zVn/vf/GnL/6aefWL91J44vnHB/aY+ftwRrAS4kxQaTLu0iOyNOLL2Aculkyuo/USqmXqhkh6t+T17lO4rrv5JZoQy3N/K6WmBe+YHsig8k5FThGZzA5ZtWTJqkbL/Uonv33nTs1J1+/YbSt+8Q+vYbRO/u3aUOD0V/2jg26kuQK1Ad1q01WgLpaSN6sHTGKFbrT2bV3InoCfCV1K8TBnVg4sC/9pUL1BVjH9WztQTL7Zim8e9T1fTH9RVL78mM4Z0E6J3FzuX1Ub2YrRylqgzjK0eoTlYWwo1m1exxbJL/33DZDHaumsu+9Us4vH1DU87xkko121tQTJJAvJiopGyik18Tl5anGnva61J8QuNVmKe8KhKDzyA7v5Sk1FcqzP38AtmzZx8LFs1j0tSJzNTTw+iYESfOnFKzQu7au52du7axZt0qRo8ewfhxWqxesVjKQjZvWobhlmUc2m9AoLcdFQVRVGX4UJ/hxltl7jzuMW+iH1IvIP+Y+oz6pMc0xNnwLsqauqhHvEt0pCZeAoFoCwp8LhFqc4LKFE8+lkTyqTZZAtQUvhSF01AUQ0lmNBFiz8EuNoQ4WRPhZU+0Al0/e1IE5GlB98kOe0KKlxXBNucJfHAStzti5xe2cnjdZNbPGcSaWYPwcfr33PnbhnoCpd27P7chwMtF3WMe4OGI78vnIj6WhLy0JsbfhRD3xwL1Z7ywuYmN2TmB+U0eXD+Ns/V1zIRRLo9tiQuTgCosiJjwSDKS00iOiiHC31fs348oAXlooD/e7komy2c4P7HG9v4t7t86z62LR6QYcfvCLkxPbMTkwDJO7Fogj9dz/uA6ril95+6l2Fw9gYMEFGe3T+LYhq4Y6nfnwqFplBWd503lZeqrTKktv0Rt6TlqS05RU+7BZ7HzwtciSsKIMhGj6opyKiuq1EQyFRW1lEtR5sELC0pEliS4EyNXEnMFSp/o++IZEYE+6nC7GgTI58pLasTs6yivfCOv1VJUXKkOr+dIHXuVVUhUZAJengE42ntg+/A5l89e428V+UFU5ksEVhhNQVa4ROcPOH/1OGdNj2J0ej+bD+9Cb9dmFh4wRH/fVuYf2MZ8o22sO7aXS1eOUCN2/jHAlLrnRmI8RyHBiu9pT/ieaMXXOKlYSU5EXd+P5ylDDs2dwZzhGgzqPoB+7fuj0X0QEwdpMmHYGMYOHUPf9oPo336AvD5MGvEwloiF3186H4+pkwibPIZY3fHEztAmceIIkidrEjtZC7exw7mjMZjrgwfwaLwGCStnU3/pENlrl1B8/tS/KlOdrbVAXSKqY3t4d+cKX72eI9oBFXmQK9dXMVSkhZMUH0SygD0pIfgvuIdKQwz9C9oKvEMFcnL9C+ZJiaFNr8lVAbrydeXgeqkEszm2bSn7tq3m8oXTmN82w/qhFdbW1ly/cY1z8nOcMjLkoMEyVs/SZsygnvTr0ZUOHbvwZ6s29BE779qpgzrk3qd3TzSGDWHMaC3GjR2tQn2C9hj2b1zAgskj+bVZS4F6azW3+27DFRzZt5bjRhs4sGsNO7evYf2GlSxbuZohw0eyYtUSnJ/dF6N2JzrCT37PEHWONCNFWd0fS2Z6nEDbn3hlMVxKrJrHPUNMPSlZGWpPltcjpSKFSGQojSbIR4KDQKIlKg4ODiYgwB+Ply+wf/qIF66OeLi7cezIPoyPH8bF5QX+8r6vjxfhoYEkxMcQ6muPz7NreNnfIE+CCTVzVOxNatzXU+dtyKeYk2re9s8JF3njsomSRwsofbqMYtslVLtspMHvgMBrOUVPV5F2VZf4k6OoeraQxuANvBOYf4zZDQVmfMs6R2P4Nj5H71FtvP7FPN4LrGsc5lBpO4tic22K74yn5vEssk4N4PW1UVQ+HEeJ6yw+5RynMmIt38qk4cavpSxkHvUhKyhyms8r82kEbu9BwNrueOu1JXDFQDLW/MH7F0v4GrtNOlArCu/oYTfrN2ymtODR6B8JNxhAmGE/vFZ1JmB1N3zmtyBl32ASDAeQa6ElQcRkah1GUhuxhIqgJeT7LiHhxniyLHQolN8t+9EcEi6NIPRgD+KOd8Z2zj9IMOlDvMlg0synkHpzIpEmQ4k4NZC8p3MpdlzEh1w39d5qT5ioLnpTyn9DvWkuXdlGNmf+Ily9vPB0fypAdyTERxl29yM1MUzqh7JdMZPCkmKKKmooqW6gUDqbAinFNe8pf/eV7KqPpJW8Jb20aTtbdmUj0YqhB8Ry8eo99PQWS0A6WgLUEXTs2FHqd3cBvAZaUjeHDRnKOC1NVs2fjuHyOUwfNYDBHVsyeUhXFk8bwa61CzFcs4DletpMG9VXhfcEgbmycl2x8akCdQXuY3q1VZPN6AzpyEwls9yonk3D7mLiuvJcAb0KdGUV/Og+zB3XH33twSzVGcnaORNYJ0HD5kW67Fihx571iziwdSWH/zL03OJyNfd6VHIWydmFYunZci3GLySOWAF6akYhIWJNSQL0V0qu9kSx97RXJCSk8eSxPWvWrmfaLF2mzJjK1r07OXXlMsdMTmGwbTtGh4zYvceADWuWMmvGJAYN7IaW5gB0pmiy1WCFwHwVixdN5cqFg2J0ARRkCzgyA6jLdOdDhpPA246qaFs1scynTFfeJT3kfYIl7+OtJGh05FOaMyVhN3mX+oTCgGs0JLvRmB/Lp4okGiuT+JQbTmOuBOzy97a+Y8HVU8Yc3rqJ03t3cevSWZ5aWRD80o70cHtSg61IDbAmydOSUNuLBD48jdeDE9wxNuDQuulsXzqOPaum/Psopu/f8XRxwf7hLTwdHxHk6Ux04Eu5OqmmHiZWHusvhu4mdu6mrDi/hZuduQT9d7G9eUY9DOXCwc3cvnKFIN9AgWESKfGppMh9jY+KJipYwOjhhofzU1zF2J8/usdjy9vY3jMTkF9U95tfNTmA6dk9XDm1k6M7FnFq/youHd+MxZVD2N27wBOLk9y/uocTO+Zzfv9GrK4c4+IBfXYsG8bVY2twemRETYX0RRUC9MpLvKu+QGP1ad5X3OTj52rqa8uJD3EjPcaPolfJVJUWU15WQYkEgaVSCvJLBMS50ucmqYv1PEVsXO0e4GhjLv/2XQLcnXnX0PDvtQYC9aLiGgqLBOQ5hSRLXUuIz5L+VxkxTcTusTNnTl3B5PR1dm3Zx9qFa/jbl7o8vr0tg/dVfH8n/3FOlNyU+9y/c16ixW3M0l9CF83JjFi+hIlb1zJ9x0bm79nKUqMd7D8rFcvpogD9Cm8cD1P5aCd1jof4LID/FntPOrUHfEu1p0Qs3ffcLs4tnoXV/q08MtqCwxEDzq1ayI7ZM1g9VZe5o8TAh2lyQG8WV1cswG7LSpLFNvPEMF8t0eW1NLL8BZPJmzOejGlapArQ/ScM597Q/twYNohLg/rzZOwQXm9bzrurxlKpU/5aUfldPdPrY+5rig/tosx4nxi8ER+losidF3vLhTz5bGooZEdTnhEhlSVIblwQifFN13jlsQJ5KQn/Kk0wV0qiQFEpCVLUTFISVW5bMY0NC7VZN38yKxbNYv2aZRw7eoSrV69y4oRUlItnMT66jxNHDrBugS4avbvSpVMn/mghti3G3bl9e/r27CYdXmcG9O8tDVtDQK7F2LGjGDtuDNra45iuM55Jo4by8+8t+EW+57fmbdAeq8HCedPQ19NhtnQcM+fpsXD5MvQWLKbv4OH07j+QlSvmYmt5GV9XG4lonUmM9CA+3Ivk2ECCve1xd7QkOSFS7byVxDApyir3lERSUpPUOfGgAB9CAn0J8vMUkPvLazH4+PgKyG15aHWP+9KIIiOjcXXzxCcghBypyOlZ+UTHphAYFCQVMlyCgHCJ1l0I83dWU8oqqWLfvm3gi9TFGo9N6lz5pwQTvqSa0uC1i8IHc6lyWk+p3QoKrOdT6byZ0ifLKbBZqh6VmnBunJoZrsp+Po1KFrjgjfJ3VQ57OStwX0tjzEHe+6xWV7e/VVa4+6ykxmkRNfb6lFpoS92dRYnZWPJNNahR4J+3g485UkpP8rHMhIqIhZT465FhqU2mADNgR2eSTg4nbGMnbMb/gvP8AfivHEbl+a58Sdwlwcgh4g70JWR1a8KXtiZn7wBeTv0BV92fsJvbHcvxzQhY2o+gxQNxmtQGZ932vFzYmmTTERTaj6YuYJp0rof5UHKdPO8NhJzoS0PSNmpDNlDhpEfU2eH4Gf5OwpkupF/Xwu/wcFLvzCTUeADBp0YSd1WDtFta5D+ZK+1vgVovjYyO0KFzTzp16kGLZn/w+48/8PN/wF0B+uhJOmLToQQGSGcrHWywv5PUkRdSN0JIT4khOyuFvLzX5BcXC9jLKFCKGEiRwL3kzQcySmpJyq8hvew9uXXfyKn+TGL+G1yD4jG5ck9dGDdyxCh6dOvGGGnz06fooKOtzZTxoxnYvx+bBWZGBstVEx8pYNbs0VpgPJBtq+dxfJ8hx/YasnbBNHXR3PgBYucC9SmDOzbNo2soq907Mb5ve8b1boOO2LuuvKbOkWsPYO74/up2NuXY1Jma3VRDnyWQnzOmH/MnDpOgQdl6NJG1Yuebl8xkp7STfZuWY2S4Qd0lony9LihTF7fFKp1rei4RygK3rAKCIpKIjs8gJT2POAF+5qs8CYCziAyPlnbhIG3fmJWrVjNnrj4Lly7lsPEZHts7c+u+JRcu3sDM7C53790VoBtiLEHw2ZNGrFk1jyWLp7FdxMD46C51uH3DOukzDZfjILBLjPMkJ9mXqld+1L/ylD7PjY9Z7jRKaUhUFsaZ8zbOQsBuTWOqE5UhFhQHXVfPR88PucfngjA+FMXzpSadTwrQC6KlG/TgwqVLbDLYw6pla1m/cj2LF65EV3cOC5es5MLZ00S8sCHWXf5/P2sSfR8S52pGgst1/GzOcWbbMrYs0GbT/NFqIqp/fpVIfbl+yYSn1rfUNUXuDmLpHs8J835BmADdzc5Czd0eJNbu/PAyHvYWeDta4aRkbLt8HNtbZ7l59igu9k5SBwsplnqmnJYW6h9MsJ83YQEBvHCwVQ8bUs4sv3f9PHevncf8ylluXT7J1bP7OX/MkNP717Fj5XSx7fXcMz2mrqBXMsA5PzHjxZNbOFudxNR4JeePLCE15iaFeWYU5F2n4PUtshMvio2foa7cRGB+kcYaMfOS47ypCuHzxw/kpYnohbiSFevPq2TpPzNT1PStRUUValIYZc94ako6YQLzAM8XuD214rm1OS6P76l2rnw1NjZKcHGP+ro6Pnz4KCAvlX64WPrgTOl3o/F64Y+TwwuBuSNGe08wWXsOUyfNY+JoXcYM1eZvCsibikQBaZGcP3eOZeu3oTFtMT1HzeLPnhP4o/NIuo+fitaalUzeup65OwxYLhXvwOkDvHxowoeQmzS8NKb47ibybqyl9ME26TAv8i3aQjV2Eqx5F3KHxugHfE2wlQ7vMV9jHlJue4JnG/WxXToHbzFL6/nTuD5lLI/mTSFi22Lit+jzasMcspdMI3fBJHIkMs+bL9e52iToaOEwZgjXBOin+vbkrEDPe8Y4qi3+nVrw85fv6ob+jx+/qM+rXBwo2m9ImTSOjzY3QcyacjH0vFSIlRsa7ytGlyQNJJYkgXqcAC5WSnyccn5tYBPcBdpqEZDH/wX3+PgQ4uKDiY1vArqn6zOW6I5Ut9aMHdQFrYHd0Rzci2kTxrB1ywY2b1mP0YHd7NyxiSMC+a1rlzKgd3datmzNr78356dfm9OyeQs0Bg9Qt6xpjhzKKK3hKtQ1Rw5HQ0ODwUMHM0TK4H69+b15KwF6S35p9idt27djmMZg+ZwGU6ZMRH/pEtZt3szSlRvpPWAEv7doS+u27aVTHcDmlXMwPW2I68PzuFhfINDVkhDvx0QEvCAlMVrdrpacECX3IYLIiFCiYyIJDPSXzt4PH083XBye4OzwWIK/69g+suaBlRVJKWlU1dZRWVtPWbWYm5hcoXT4Sm7qVGmAytnO8UkZhEdI4OjhRFiglzrnpZwBr2SvU/emZz3nY/QxGuNPUuO5jby7M6l8vpqMm9MpsNSj0nG9Ol+eYzGLpEvjSbuiQ7nYe72r2Kj/Ot6+XMSXhIPSi1jyLfkYbwM38S50Fw0vFqtD7O+9lT3l8jnPlVRYTaX2+UIxcl2qxco/Z1/mi0Tgn0sv80bA/MpmAm4nxuKxbziWS3tis7grzov+IHJ3T9xXt+Oi1u+cGNYeb4MxvD6nwdfci3xJN+GT/w5qT/ek8vJIykyGk3lcg4Q9XUg9Mwz7qc3EzHvgNr0r9pM7YTf2D55Pac7TMT/jv7o3zhu7EnalE7Xxk6hOW8HXd4HUpJzlW9kNCTQukGc9ltcSWMSe7EfCZQ3CTvYm124RYadH4nt4GOnmM3j1YDIFDvOpcF9Kled89b5a3L3HTz/9QrNmLWjbsiUDO7bjz19//vccugB9/vJ1BEbHER4ZTEjwS0KC3Aj1e05smJcYUTgZabG8zs4gLz+X/MJCCoqKVKgXV9VTLFDPLKzA+okrsVnlqq2/khL7uoZnnhFcvG7NhAk6TBwzBv2Zc1i2cDFrl69g/bKlbJGAd9f6lRzZuV6MeDV62mLtvdoxQdrPmnk6GKxYxO7NGzi2fw8bl89j6vBeTBqknJPeSZ1DV09PGy72/ddq9/H9xNwHd2K6cpra6L5i4Mqw+iB53LsJ6po91AVxM7R6q0BfMHEoi3W1WDFbgvAFYs8C850CzwNbVnNY+rsAr6aT65LSclRwKylbQyLElFJeiaEXEBGXqqZzVUAeF58kAX4ysdGxWN69y4olCyWQ0UV33my27tvDfZun2D51xfqRPRb3rbAXsNs8eszpM6e4cuU89+/e4oLJMdavm8+2rUs5Lv3VlUunOSR9xrJF+hhKwGNteUGCLTtyUpRDp0KofB3Mh9wgPmZ705DmyNtES95EXONNlAWNGfbUx9jyJvwONTH3+SCfqUhy5n1BOO+KEtRtasrWNGW/+RMBzJ5Dp9i4/RhLlhugo7uAIZpTGaChTV+NCWhPmc7tS2cIc71Dov9DkgOfEPvCnEj7qzjcPMru1bNYM3MkV45t/a+5c9uHVly5cJq7Zudxt7fE9fFdNcWqr/MjEQtbnJ/eITrIg3BfZ0Je2uIjrzuKtfrLe5eP78Tqxnl83H0EiuXk51eQlpYlIhFPfGyCCEEoftIf2Vmacf3MEcwvn27K/iZXs0tyT09KgHR4E9vX6bFj+TSO71jMtdO7BeaX5d9/QrC7PZ7P7+BkdYGndw7zxHwPyTEnefPmqhQz6qvNqCq7TNnro5Rl76O64Ag1hScpyTcVg37Kp8+NVFcUkBjqTJy0lWifZ6RGeZIUGSAwzlWzvBUVVkogkk9sZBThAb54C4scrW+rdl5TVdE0+pOdzZaFC5k/bpzcv2NNzKqqJTEpneAggblHMPZi5Q8tbTG9dIt1qwwZMmA0I4ZNoH9vCZK7DP5voK/fvZeOo/TpoDWXdsNn8GffSbToqc1v7YfRdvBYhi1ezDSDdSzYvomlOzez6/h+bt8wpszjAl+CL1N0ZwMpx/XIvigWZW5AvYsxn0Nv8j35Id9THkLmE8iwgzRbgadULHk/e78+4TM0eTl5OHfGDeHCyMHcm6pF8GZ9YrfokWUwh5xV08lfrkPOQjH0JTpkzRtPyNSRPBw9lCti52f79+XWyIG8SUn410nbjQLz9x++8O7dJzXt3qdPn9X3Km6bUnJ4J7VXT0Gisn1N7DwnCWK8IM5HtXRKM6jKjic2JoCYv4oC9liBfIwCbgG6Am+lxCWEyuvBalHea3hbR2Zairr1ZqJGL4b37kivjq3o2bEtvTq1Y+nieczVn8mypQsE7msxNj7MxQsm9OvTk2bNBei/teCHX//gl9+boTV8qArmYUMHMXBAP3UuvVfPHrRt247mLVrSvk07BvfvI89b8Vuz5vI9LVW4d+veg9Fjx7J6/Tr2HDzGEWMTNm7bQ4/+w/lJPvNr86azi1u2bE7vbp2ZoCXmIp3d6nljuWK8Eatrh3B9chu/l8/wfWnPC0db/H1eEiqRpZurIy5O9jg52mH94K50+AESRebw4fM36t595M1fpab+PeU19ZRWvVGvZdV1lFe8oaS8lvySKl7llYixJ+Ht7SmBUoJ6nnZicor8vd7Dt08CxRti1nsps5lPteNa1cyzbgl0XTZR7bqRQutF5N/XJ/XCBHLMdVRY17rMVVO7fowwFLCa8znZmAa/VdT5i9U+m8N7/zU0eK/infdqAfsyKm1nUv1oJuU3tah/OpHvZdf5WnFNzGYt4Zc0iRNbjznemxu6rXgwpy0ua3rhtLg1sce0eDz1J84P+wc3p3XDa2U3ap/O4nu1O3yUUufMt6ydfH1lysfAA5SazyPtxGgSD3Qh/mA3Xs5vxfPprXGd1wPvpQNxndWaqKO6BG4bi8/aTrw06MCLE/0pjljE+7zNfKl/xPd3TnwtPsOX4tPUBs4n/HgH4kwG4nWwL34nh5PvsJJnBh2JvqzNa9v5JJqNJ9F8Akn3RhN/ewRf618TIUHUn62k7rRsxY8//vRfC+OUYfgff/qJpWu2EKSc/pWaQniwB2EhHgJ0JyKkk1KOwk1NiiAzI4lXrzLIzVMWUxaQJ2AvKq+ipPYdBdVv8QgIw+TidQLiXpFW1IBfzCseO/mwY6cRe7Zv4+gBI65eMuXqZVNOHz8moBaIiwWfP6Z0vLvZsXq+GHgvxvbvxFoJ7k8a7eXIvl0SgC5kmZ4Os7SHMnFIZzWDnPbA9uoedAXk00Z0U4fUFdCP69NOTRk7R2A+SxlWF8ufpz1QgN5HIN5TgN5TgN6H2WP6Mmdsf+ZPGsbymeNZLzDfuGg6hivnsWPtIvbLz3Vs7w4x9CagxyVkS73NkKD0Ne5eIUQmphOX9orw2GQ1B3uKkgkuMhIfby8OH9jHrJnTBIqTWLR8CUfPnOWRozNOHr4C8sdY3HsgQbAlplcus2/fbq5fv4y5+TWM9m1j6+aVUpaxf98GTp3cw3bD1axcNo/dOzazd/d6dm1fgqPddTKkT8rPCqO6KIY3AvTGV258yXTgU9oTaiJu8z7xEXXJj3krIlUdcouqSEuqUz2ozvKjNjeUuoJYvr7J5X1JIm/yo7lw6iCaWtoMH63DUI2xDBo2li59RtCh22C6Cjx6DRzBNvl7+TmYEef1gATfR8R4WOP1+DoHN85n7tg+bJk3Sj3Q6V8L4VKSOXfyGJfOGnPpzFEB7XEeXDuB7V1TPJweqeeee4mNB7jb4e1sTcALG7k+ws/9KYHy2gPTo9ha3CM5MVtd0Z0cnyJ9hpQ4Zeg6RMz8KU8f3sfq1lXMJfCxMD3NNZPjUo5yyXgvJ/dvxECkcK3+BM7sXc9DsXj7h3ekb3uG48NbeNjfx93xHoEvH+Py6Coez86RFn+amtIL6vB6XeUFqktOU5V3mIrs7SJ8OygsvE5FrQ0f3r/m86dGUoUPIR5PiPazJ8LDhljfp8RJQKxk1ywUO3+dXUR6WiZRIcEEebhJAPGEcD9PCQTK1HvkYG3N9NGj0ZNgd/aoUehrakr/2zQqlCEy5O0ZiuMzdx7ee8qF06Yc2HWU2bqL6dC2O61bdqBT+x50bt/nP4Fehd2zR7QfOYseExcwZs4qFq9Yxw6Bzh5DA9oO0GSA3jwmrVvNHImUF2zdxKrdW9kjjfCFxUnpuC5R9/wA2VeWE7V7MiknF/Lqylrq3c7wPV0grpRUAXnKI0i2Fpha8dnnArW3DYlfOAb/aRrcl4ZqOmood6eMxG/dTBJ36JO2aQY5BrPJWz9TwK5L7gpd4ueOwXXiMCw0B3N1+GCx/PX/TlogNP8kQv5eAPO+8YuaoaeySsnOU6EmNGh8lUnN6YO8k0iRSIF4cpgEFwEQ4d5k6FmRAvgYFerVaZFESycWFe0ndhpAtJh6UxF4qxAPFIgHESWNKvqvUlKaL3/gT+iM6M3oAV0ZPbAb/bu1o1fn9rRv1YKe3bvSuXNHMe+B6M2dya7d2zgjkfnYUSNpIZD9+bfm/OOXP/jxl9/p3asXQ4cOoW/fPnTp0oVu3bqpGb8GDx7CNN0ZzJwxmzmzp9GvR0c6tm3DL78qUP+TNu06MEJTKsWipZw5f50LpmYY7DxI78Ga/Px7K5q1bEPrdu3p2rkdw5VzpyXoGNCrA/17dWZQ706MHNiV6eOHskp/KrN0xrDTcC27dhpgfPwg+/bu4sCB/QQEBVJeVSM23kBN3TtKxcQr5HFD42feffrK+0/fePvxC7VvP/wL6Mrjt41f5TNfqJYgK6+4ivj4VLm/MQLzVGIk2o6JbeoIvtWmq+eWVzmsEiNfx+vbehQ/WUaFmPrrOzMofrSYnNszyDYXw3ZawKeonXxJPcXn+P18ybfkS9opGgINaIzaR5XjIhq8VvIxfDvvAzbw3qcptWu5tQ5vX8zio9dkPobp8/X1drKf6uB/ZBBOG/uQcEXM+uoYgje05+nEf2Az7geC13fHfWkzrk78mYM9/s6zBb1IO99XLMdFWTIFH64L0K8JgB35/jaKd86byTs5hULTURTfH0fZk9kkXp1AxLGx+G8egPv8LjzRbobXok6EbB2E25qemC9qx+2lrfA62ZmyyPl8Kj1BQ56hGNRxPpabUBIwncSbw3lpKHa/uTOJd6Zib9AVv4MDCTkxhFQzbfKe6JF6bxKlLxZQ7L6Sutcu1NbW/msO/R9//8e/Hv/ww4/8/PNv8vgHpi9ZTbhyFverV8TFhRMhZh4W+ELMSbF0b5JiAtU0sCrUszLIfv1aPRsgt0gsvbqewtr3vC57g42dE/fFJLwDwnF54cWNG7e5cOYMjx/aEBqegLevdFBObpw7fYoje7ZjvHc7V6XDP2W0XbVkZZHodK2+bF69kFvXrkkAcIEDArOlsyYI7HuIuXcUoHdQF8VNHdpFQN5dSg+mjuyBjpIuVjlDfWBHdEf2ZKYY+CwBt2LoemP7oqvZTQX6TM1ezBzVNOS+aPIIVs4SoC+czublemxds4idG1awf9sGjsrPFuDjyefPXwgKTSE2MYfElFyCwxIF6JmkCMjDohPUsxISElN58MBK7Ho1UyaOYay2tMOlC7l++w73H9hx2ewO52/e5L7cB6uH9zgiAcw5gdzdO9e5Y3YVo/3b2LFtjVy3cM30JGdO7WPThoWsXT2Pgwe2snP7epGB2ZyV159YX1cXYJXkJVOWn0Btfgjvctx4m/GIN6kPqU18yNtUO6oSrHmf+piKkNtURz+mJsOLhsIwKrP8Kc8K5UP1K96Vp1NbEMeFE/to+2crWvzRktZ/NKdV85b8JpLRTESgeevO9OzdjxOHdvPykSmB9jeIdrcmztcB9yfmHNq8kPVztLgl9vufSWSOHNjDge0bMD5oKH/rLVw8sZ8b544KVC148cxKigQEAnblUBZ/Dwci/FzF2u/h7WSJj4sNNncu4/roCd5SjyJCw8nKyCVb2esfHM5jKysB90nuXrssIL8gNm7E2YPbBeJbMDmqnEC2gZVzxrN95WxO7tmAg9VNMflbuD5VssKZCsDNiPZ3weu5Nd6OD/B3sRRjf0RUgAVZiccpyDKWgOkw2cl7yU3dRWnmNvLjN1JcepfaN+58+/qJlJhgvBzMSQxxJsr7KclyjfZ5QqgAXknq9SozV0oOsdGRBEk98n/pRHZ6UtM2yLIytm/dip7AfLFAfLoAfaqWFvNEyNZNn051aSl1dW9xdvThwV07bly+y+mjF9i+aT86E+fS+s/O/PKjCOCPzWj2W0v+1ljz+l9Ar8xPZZ/RfrxcnxHv74T3oxM8uLSbmyd20FMitR6TpqG1fCnT1q9Cb9MGFgnU1+3bztmz+8lzPUej92nKH24nyXgegYaTCN42hZTzK/gUYS4wfyyhmmLnj5vAnmTF9+BrNFjvJWuTLpHzxmA5fhhXRw/jzhQNvFbrErddj/Rtc8jaPIv8bfPI2TSbDHk9XF8bO+1hmGkOojiu6Si+t2/f8uZNg7p5/6PYeePHr+o2ASU5fqlyVnNREdXV1U1DusG+fJGoTO44BL3kq0SBEnJCtAA+IxwyIyBPbL8ggdKUMIG6r0DHl8gYfymBREo0FimAb7oGEhX7V5HHxSVNCRTWzJ+KZr/2aAnU+3dtT7cObekpNtyuXTvat2+vnmU+aNAA5s6bzn6j3UyapE3zP1sL0Fvwj59/5+9SunTrzvDhwxkyZAjDhw1VU8BO09Vh7fo17JPo3+TceUwunGOExhBat26tmv1PEgwolv97M2Xo/g9ate/M/EXSOR04yoBhY9Th/D/btGfcyL7sXT2RawcWYX50Ged3zGHL0olMkEBkyqh+aGv2Z1C/Xowfo8W1y2cwMFjPmLHjuXX7HgXFlWoH/rqgRL0WllWpwK5881aFerWS5vCjAvXvAvdvf5WvAvY69X0F9Eopr3lLQVE1kdGJ6t54Behh4ZEUFTedL/82/AJljxeT92ABFU9WUOWynnzLOeTd1yPLfDopF8dQ8WiGupr9a/pJ3gWvFzO34HvhPTWbW6M8r3SQQMBmOm/F0uuV+XPvtZTL9xQLzKuez6LaYYiAfJd8z1E+JC6mzFmL1KvdCTdqjfOSP8TK++Ew409sJ7XAfuqfhK3ugNuKtjxZ1oJzg/6H4J1d+ZR3he9flemCCvmhz/Ct8iDUXpS6dEnq2jUqTDRptJtG1okROK/vSpK1Hmn2m8m5t5bgrYPxXNCG5AMjiTs+jifremM8sw3bR/+dR2tbkBO6m7rC03ypM5eO9zKfasT6Ky5Q5TmJrEeTiL01kZCLE4k8PwafI6PwP9qX8EujSbWcRuYjXdIttcmy0+djYdPCuO7de/B3FeQ/8A8B+Q9i6j9JXftDgjzlsc68pYQkvSIlR0woLZnY2GAiBeQRYupKWs74cB/1AJ601Fgy0pLIyEwnIyuTrJw88kqrKax+R255Hel5pfK3jMH6/j2e2bvg5u6HrY0trk4viIzLICA4BmcXD+mgrnD60D4unzJWO+aDAiy9iRrojOzNqjmTMTl+iJumppgLBI8d2Iu+jpYEy72aoD2wk3oa23QBuQLl6Vq91EQ0ir1PVN4b2JnJ8jndkcoc+uCmlLHj+svzbmLzPZkxqrfYez8xov4snDycNXMns3HZHDYtm8vmlQvYsX45Rts3c0SC7kAfbxrevSdUOQgjPVesPJtwxRLFzmME4qER0Tg8d2brlq1MmDCBidKeZ83RZc2G1VxUYGNpyZVrt7h22xwzy7scOXGI3Xs2ceWKMbdvXeDwwZ0c3L+DfXsMOHJomwD+CiZnDrFQX5c9uzZy4th+dhhuYNnieZw6fYSzp49hdv0cUaEvSIvxo7wwkbdlYumvXlCjDLcn29CQ/ozqxCcCdhvepj2jMMxKJMVdgsNgGnL9KUl0EX9x4a3A/H2lBNC5sQIcZ/n5tUUeevD7L7/x2w9SP/7v/6hZBH/69Vd6dOuoHhtqb3EWv6fXiXr5ULrR55ge36Gmzd26UJvC3Kz/Gm6vlX7X/slDzp84wJkjRpyU3/XOjQtYml/lgYUpTs9sxM4dxFwdcX58H3vLG7jbXcfzqRl+zjY4P5HXpO6kSL3MEpAnJaQREhiCo/0zsdXDXD9/mttXznHywDYObFnJ0V2bOLZ7nbotdv3CSRgu1+WM0Wbs7l8nSP6fcF8n/F/YEurlJPB2kPJYfe7x3Aq3J3fEnu/Law95aWuE68MleD1bLj/PYryfLyfEfTWxofvIL7Lg3ds86qqrcLa5xWNzE57eN8Hb3hy/57cJcXtArL8DMUGeJAujUuIT1dX3iTGRap535cvdzY2lU6eiqzWC+RK86o0bzRyx82VS5mtrs3jcOI5t26Z+tqysEpOTpuzdepCVc9cye7I+I4eM48/m7WnZor0EXH/ym/T9/2Xo399VEOHrjJ+jDU7WZthcP4XFeSNMjxqgMW4CHUZoM2T+ArRXLmfOhrXoG2xg6XYDDPZtw+rmUb7FWfA1zJSaZ/tIPjmX4B06hO2bScnD/XwKNhOYPxVTt5ci14QHfA+9wXu7w+Ts1iN8vhY3tAZwcfgALHRG4rJkElFbBeC75vJKwJ61ZSYZ66cTvWQiXrPG4it/tH+unkzPyJYI/jypaRlq7tz3Hz6rMC9XVuKWlQogilSgFxbm8+HD+6bviwsRQ/fhu48jX57d5ftLGwG6ZxPMU+S9rCi+SwX/lh9PXnIoERG+RET6Ei7GHhHtT5h6DfirCNjVEqACXp0zun+D+bpj6detPYMFjC2bS7TbupXYdj8p/aVj7SYNZzzzF+hjfPIks+fMoZkY+i/KkPvPzVSgt2nbVt2uNn78GBYumIvh1s0C//3s3r+HXXv3sEdMede+vcyZN5f2nTrzW4vW/PhrMzp2aEcHMfAW8rz/gP5qA9VftJo/23fjt+at6NmjKwcM5mF74wAeNucIcrpGiOttXO+f4oLRKjYt1UFn7CAG9OvJwb2befbYCoPNBoRGxgvAS8kvLlchXlRerS6I+uewugL0KrF1BdrKkHvD+89i5F/4IAHWhy/faJRovb7xowD/nTo8XyPX0qp6Ckqq1Xn1WLH1kNAY/AOCVJv8JvWx9MlSAfJCql0NKH+6guzb00i/NoH4syMpfThTHWb/mn6ct0Eb5Hqer/lmfE7cx8eoHQLwNbx5sUys/RCNIVulGFJipUO5zVTybmvQkGjMl7KzfM7bRE3kRMp8xvDqwWBir/TBa8evPF7yI7cnN8N6QjNe6nfDcsTPuOt3IHxnP4L29efO1B9IvT+G7x8DlGU/SrwN9bek9e2EosNSz83IPDKVmmsTqbg7g6i9At0DmlhvVubj++O1ZQQOep1w1u+O07w2BG4byI35ndin/Sv7xvzI052dSXfX42OtDd/eW/Kp9gxfGq7yWQKGPM9xpFqNJfrWdDyODSTIZCSBJzQIvKhByI1xxN+dSJHbcmJvjyPx0Sze5zadFDZH6tk/lE76p1/45ZdmEvyJgf3RNGqjDL2PnjAVb/k7J2fnkJKeTHx8KFFS95Wh93B/MZDglyRIXU9W1likJJCepiQcSpY2mEm2EuCJnb8uqyU9t4iAwCAcnj7D1fX/MXYeYFVd6cKeO3eSmWRMMul3JplMkomJSey9d8WOKEoXO3bsWCiKolgAQXoH6b333ntHRJGm2DUae33/b29M7p3y//89z7Oevc8+m8M5+6y93u9dNYOM7BLZppCSIsFx1VnyCiuIj0/G38sL15O2eJ4+JXC3FaCvYb7kvenDvsVEbyF2trb4CwydnRzZsWG12LbcD4O/ViecmSFplhj4wkmDWDJ9OPPH/sBcAfqUQV8K7L9U535XoK8xoq86w5wC9AWynSvg1xih/K0EAKOUjnE/slQCBWUFw/UGi1hjtIhNKwzYvnENe7dtErPc1TtS5t59SqsaqD+rrJLWQn5ZOXVnz1JaWYnNERvGS/D7/bdfMXLEMIxWruLwSQccPL044mDHfvO9AmEr2e5i7YYVbN22Gns7C47Z7med0vFOYHTEZj8HxZBP2lthttsE/SWzWbdKD/sT1uzesQltrXkcO3pIBOqgWlO2Z9cmjh/dTm1eEHevVIltZ3GtIVbsPFlgroA9kp/qIrhZHyXwjlU7z93tLuPJlTIenE/mqth6aYI756pSeXy9idvtlVxqqUBXez7fftuXPn/sQx/JK39690+8L+XX5198jpGuFr7ChRC3w6SGOqsTwaSFuLFKewrG80cTFeTJv3sozaBXrnQS6O2Gw9EDuJy0wcPpGKEB3ni6nCLQy1XyVxpZyVGkxQargM2MdlfHpYf5u5KbWULbxZvU1Z0jKyOXEGW00MkTuDna4yJmfmivKdvWLsFsoxF7Ny1n35ZlLNeejv6c0ZhvWorHCUtSogLVSWyyE86QlRSqdgrOSYxQe9YnR3gTG+Iu0A5QF4nJjPMkyHkn9uZL2W44GlO94axfqCzc8xVJ0bvp6UlTZ4TLS4vG84Q5oR7H8HO0Isz9CPlxviQF2UmZ6ktRkgQL8eFUlxbT0ljXm4/u3uWQhYVAfAxaE8aJnY8RkI9ES0A+Syx9pgSEOvKavqSFAvXYoN5FgeyOOjBfQ5Mxg8fSv+8g+vcbyqcff8YH73+ipj8JO/4B6Eo7emdTibrebJSvC4fMtuN1zAKXwzuZOXcOH387nB/nLWSMviHTlhszT0xRy2QlupvXycWVAqwjGeq8eZZ3nBtBprQ5LKP+kA7N9it5mGHPy0q/Xqg3hamd5V6WiHVEWXHRbDExc0ZgPfBbToxRgD6SMK0JFKydS/OOxbRs0aR53Vzqls+iUGcyd173nrwvEXNWXikxSVm4urgTGhRAV3cPN5X22ms3BORXVZD3wrxbTT09PWo1ELeuq0AnLYLnIV6yDYXqLOhsFKAXyGcUqHfUQFuFWF8V5XJucUmGROKZFArYC2RbXJYtkMuWba6kPNmXbXlu7/zkrY1EyvtGBvvh5eYsN65Eke4uuLi6YnvsBE4uLjg4OuDl6cGpU3bMnjNLgP4JfcSg/yhA/4MUth98+BFjx45Q7dhJCjQPT088vb0JCDwj7+WBo5Mz9g6O2Bw9hsUBa/ZbHWSnmRmm27awfNUq9uwzZ9OWLRyXc/YdOMlH//U3tardZJW2OmubMvazIMWf8jRlusVYGsszaarIpCA5hDNuluxYvYC4MDfio8KoazxLh4C8s+e62tFNgbYCcgXov8D8l6RA/c79x9x78FStXn/wWLF1Sc+e8/iFgP0F6nHlvNs/P1JN/eqtn2lq6aC8spGs7EIqKqp7J/Io9RaTXq7OAtcjcO8O1CV712AueszhVvQCnjXu5WntHp43HuZZ60letNjwrHw7D0pMxb4XC8Q3q+3mymprN8Lmcjt0AZc9R3CvWgKAOx5ivj48uWxOQ9hfiLH6gFjLz8g+/A0FB74hdOXHeCx4F88p75Go8zcSDAZwesKnlB+eTPya7wgw/hNXG/aLndfDyzJ4ViUgFzvv3s3zfD1uxZlSvvSvkn9/pHjLFDwn/Rkv/bF4LB1OwMKBAvMf8Z34Kf6awzgw+CMOjHyXo+PfwXzoG1gO+SM+On+gNXEcD7tW8/JxBA97Nkvw4M+zm1b0FM7m5PQ+BG/9nnjLAbL9jjDTv5NnN0purdmcj9SmwWcaDSHa3GuUoOWii3o99+7dy5tv/oE3f99r6W+93Ye3/vgub/d5V21PV6Z+9QiLp7Gji5a2VurrSsUsJN/nJVOYHUdRVgwVYul1NaXyWhVNyugHSQ0NyvzkrZzvvkJr11UaWjvkd8wmNiqaTIF5XmE1yWnZpKbnUFEthXJWAXEx8QT5+XJGLD7Qzw93uR9MDBayaMpwFk8dyclDlthaWxEcFIb98WOsNVzMVIG40jY+a3Q/AXN/tVpeR2MMBvMmCdRHMmvM9yrQx/3wV3WrTA+rzDC3YIJY+Ixh6MwYqVbBzxreV62mVwICTbF23dljMV44nVU6Yuhi5+uN9SWAWMu+7aYC9D2vOyjdoqKyVsThHCWlZZRVVZCQnIiJiM3IkUP5/vtv0F66iD3m+wkIjeTQSWcs5d709PPG2noPa5YtZJnObFYaabJZmQ569UI2rFmGzcG9YuZrcTplxcnje1hurImhwXws9pkKsM05JJBXquIdxULtTxzlxLFDaq/3ZfpzWLdCk/wkT85XRlOR4UNDXjCFWWcI9z9MabYndUU+nCuL5tL5Ah7caODxtUoedGRLMBvKrRJv6tO98LDbw/m6HC6LxJyvyiQjIZjJE0cKyN8W6+sj5dE7ap+dFYa6nDq8Dz8HKwKdLNW1GVIE5ttWLGKRXL9ZEwfx/3soYO/uaMPD0Ra7I/tIjJXPXVqkvhYfEUiIjwuJAt6cZAFunB+Jwa642FpQkFdNTW0bmZlFhAaH4nDiBNYCRQuRmr07t7Bz0zK2rFyImamxQF1PfseZai3PVrFzO/P1nHGxJScpkvLcdLHmJArSYijOiKNQtnkpEWoP++iA0xSnR5Ee40NGjAcR3lbEnzmCx3FT+Qy71Z7xZmsWEBNuxv3717je042XvSVO1tvxtNuvLnHr52BJ0GkL+dyniPI6SlqYM+lR/jy83zscrVKCv5ULF6rt5AvGjRM7H4SugHvx1KloCby15biWAF5HQK81aRL68nz5tGl0tLWpfz/oh6H06/sj4waPZvzwCfT9qh9ffK7MWdKXv/31638G+k3u9Zwl1MuJ2uwEvOwOEehgg5/dQVasNOLjLwbzzZRZDFq8RKBuoJr6rJXGLDJZhauTFa8u56oLtLyq9eRR6kHuRu6i+fBSGm0MuBVpxZN8J7Fgb4G+2HBtIK+K3Xgcf5hKU01OS2Y4PlbSuME4TR2G/7zRpBlNp3TNbKpWzSJ/yTgaD5j+mjHau66Rll1OTEI20fEZBIfHSQR8kPycXAH4ZS6/tvJfkrLYvALznp7Lv1a9P68t52VapNi52EtONK/K03s7ydWLZddmS/BRLM+lkJbI9WZjEUXF6eQpScCeJ0DPl21habaaCkqyyFe2AvW7937ixrUrRJzxIiYiiKT4aJIS4oiTzBscdAYPD4lSJWoPCgyU54FYWOxXTfxPH3zEe+9/TB+1Df0DsfX3paAYhK2tNQFnQgiPiCE2LoH4xCSiYuNJTEohIzOb7Jw84hKSSM/KJi+/kED5H1u2bWe7AvedknbsZteeQ7z/yef8OGAAIYEuaoeTgvRoyvNiaZAApbEyT10/XZkRrKEyn8KMMCLdLUiJ9KGooICG5vO0S2GtVLErMFeSYugK4BWg/09DV6rc7z580tueLhB/9KwX5o9evFDT4xev1Cp3pfPc3YdP1fOVNvWeGwrUO8nOLSchJUedIpEXT7iTvpvrkcu4GbuCuhNTyds9hGsh83hasZ6XzVY8rdzJy3ZPnjUd5VHpJp5U7+HcqZHcitERQzfiRqSWnD+XHt/J3I6bz6MqPV5eP8zLe/68uGrDowvraIr4Gu/NbxN28O9Emn9FruV3RJv8F95LPiBG7y/EGf+A1ejPcZ/2MakbJH+uGEXolr5caTnBq+eSZ57lw7Vjkod0eRA/l/upq2mznUix3hfkL/6cyp2ahM/7G4FT/0TwjD+TsPBbomZ9hfeEv2A3sR+r//42bto/Er7gHVpPDua89wxSd3zKhbhBPLpizqPru3l086SAPZ6nN0/QnTCFZNNPibYay6lVHxGy+ztSjw4jT+w8/uAgmsIXC9g1uJi4mqdtdlxJW67m+ZCQkH+Yz/3XsegCd6Uqvu/3/XELjKK+TYDe3k5dQxU1kh8UiJcWpgksYsXSU6kuz1cnxqgTqCuzB9bWVsl+Lc2tbTSeu6hOpJKbV0Ci5Mv84jqKKpokfxZSUFwrRttEaVmNFM55pKZkEBcdS5CPD36ebmqvcr05E9hhYoSPuysBvn54urlzxPqgGNdcZoz4TiD+o0B/pAr9hZMGoz93PMu0prNYgD53XH8mC8gnDvicmQr8xeaVdvQ5Yu5ak4egPW2EaukK5GeNkjSmn2royt8aaWmwWm+R2vlu/XJ9TNeuYLfppl+BfrXnmgQ2JRLINEjAWcHxk7YYLtNj1qxpTJgwGiurvQRGhBEh96iyMpqt3Wm5L+MIjwzCwnwre3et5rRYueNJc1Yt12TLZgOxLisO7N+Kr+dxHOz2skxPQ+3F7uR4HFd3BwnANuFy+ohaLX/C9gC2R6zYbrqWORqjMJZzN5voYr1vjTp+2vX4DhErc7aZLmPPznV4OB/B1WEP0cH23Ll5kUf3Onh8tYK7Z5P4qcKXGwXONKZ74OVoifOpQwIqXxJDXMmJU1YmO8w6Yy0mjRnM7BkTWWusjY18FqXHufMRM/wEXoEeJyToMWaqnKMs4RwY6Mf/9vHq5Ytf91+86N2PD/MVS/ZS27ejgryIknIqWuTSWww+ITaD1OQ8oiMScJTreuLwUfbv2s7WDavlGixjpd4ctprosGO9nuSFSUwZ3Jdlc8eqC12dtNpIuK8jCWEB1JUVioFHS9kXqw6Ry1YmuRKYp0R6ERvsRklWlJR9UXIskPhgO4pSfAjz2EeM/3GyYn0JcrWhqiyJJ48fkxrpi68ENz725vjYmeMtv22E/I6+8jsGuxwkK9KNmvzEX4ej+YhYzRWITx4+HI2RI9XRHjPEyLVFYjXl+RIF8nJMd8wIdMeNZOmUyehMnIC2gH3bkiU8lfcoL6vgs//6gs8+/Av9v/meNQby3fWNJAhdKddh3b8C/emdDvni3uTGB1GYEES8rzPutlbs3r6RwSMmM3zWHIZoLmCcvi7Tlxsw0UiPuauMcTttrc4Qpy7Q0hrOy9LT3AkxpW7/HKr2aXLBcS13Yqx4VuDE82JXXgjMXxa4cDPIAr85o3CcNBRHicyPTxiI0/QReMqxUK1xJCyZSKbOeDrl4qnt34+eUFrdTIrAPDWrhPjkXMKikgXsWVgesMHLxUmNZnq6BeKvYa6A/MqVK2Lt17h69aoK+4cPHvTmpopcXmUI1PPioEgufm0eryRafVUoz2slQDkr0WNXNa86q9UVyLILUsiWgi1XwK6k/KJM2WZIoSXWXtwL9a5LHeqcviW5qeRnpahTn5YU5VNaVEh6WgppqckkJcaJpWSRmJiIi/NpZs+ayfsffKi2fb/73vuv0wd8/PGnGEmhER4RSWpaBhVV1Zw9f4EOCVq6Lsv3un5DjPk6XfK92rq7aT5/nrLySpKSUwgKDiFYotnQsEiCgsL5uu+3mKw1JjkuiIKsRApzk6koSqOuIoem6kLO1ZdxvqlCXdylODOWjHBnUmN8yc3JUpd5bDnfrg5B+wXoSrW7Yui9Zq4cu8etnx8IpB+KkT/j8fMXPH35iqcC8GfK9tV/J6X6/ZEcfyBgV6D+0/0n8h6PuHT1LjUNF4lNzJLPHd9bE9NeTPcZbS64z6Fw7zCuh2oJzDfxrGYbzxsseNkZIL+PN8/rzHlZb86tMC1uhi3mZsRiLvvP4lKABtd8pwnQR3K/xJBnZw142bOXJ117eXhhO/cb11Dr8w2u6/7A6c3vCxw/J3T1+8Sv/JQgnU/Fpj8hdlk/dn71n7jP+DvHxn9IhPUGXDdPofaMphSOJ7gersuj4Nn85DaKzmODOOu+moIVfcnR+ZIs/e/JWj6SkvV9KV77F2KX/A3fyR8TrjsNj4lfs/XPb7B98GcELx1I8YpPaNj8DrdDvqIz4DuK7d/lfKGxwNyeFw8D4GURL+870JM+jZBl7+Jg8gVeZkPx2N4f353fkOE0gULvmfK55lAbtFAMfwUXMzZS5TGFF/cEtPX1ryH+ulPcW2+pneJ+Se/96X1MTHdTXt9Mc9vravfaUqorlEUvsinOiac4L4nqsjyx9ArqBOT1ddXqLII11ZXUNzRSU99IVW0D+YVl5OaLydZcoLT2ggTC9RRXnVXnNq8920FpVRO5uUXEx8YR4O2Fm8MJNhouZOvypdgdsiBUCWIl73p7ebN7iwnak0ehNWUYRnOnsnLJXLHyyaqdL1swBSPNqSycPFQg/T0zhn6jDnfTGNlPQP6jmNBA5gnoF04YJNYzSK16nz36W9XO5wjQF0xSppSdoE5os1p/MWsNl0gBqcOWNcsx26YY+t5euyqrJDk+ET8/TwzE4qfOGMd4MdnJUyZgYWmJj58v0XFxOJ12l/stRILtNM4EekjAvo3jxy3w8bbj2KFdrFGmkt2/GXvHQxw7vIszPvbY2+4RA57L7l3r8HJ3wc3ZgZMnLfD1OYm35wmxcnMB/kE2rFvGsCFfs2TRJNXy167WZt06bXZu0ReIr8VAApKd29cJoI9gbrYOxxN7aKkv5MmD2zy63cbjzgLu1UVxo8SdjnRbmhNOki7gst63RYIMQzatNBQwmeNlu4Hd8r5aM0dhYjQbs/WLMN+sg+WuVVjtN8V8/zaMVxgyfZYI3rBhfP75XygsLPxfA/3O7ZtkZyWr32vzRl31WFNdJdGhPkQHuRMb5qMCPSU6iFD/AKLCE/HxCsbbI1CCu2OYmqzFxHCpmPgijJbMZ53RIlbrzkF3zljmy2+sPW0425bPwcZsJf4S2CirtWUlhIilR1GWk0pyVCAZ8SGkRvuSGXuGVLHoHOFdSpSvgDuQ5DAndU757AQfIrzMBeg2Ytuucp47d+/cpuNiq1i5BQ5Wm/A8uRcvCaTcj+2RZIa3PPc+tosbV7p6132/cAH9xYuZ+sNwpowcxfRRo9AQeOsoMBeAzxfIa8j+QjH1JbK/RI5pT5nCkomjZX80WhMmYDB5MgHOzur7nTh4iHnTZrDaUFftUGq+3RTLnTuw2r3rF6DfgEeSHl6TwuISZRKl+J22pSY9jJbcCLpKorlZm0SnbDsrYrnZkMbN+hSaCiLIiHHH1eUwDdkSnV3OlCRmqyzS0hzCw7i9tFprUrlrLo3WuvT4bOV2pDn3Yg9wL96GDldTgheOw2nKEJwF4i4SddpPGYi/gNxrzgg1xW1dwfWG3urXjq6rZORVk5ZTSUpWKSkZhcQl5RAQHEtkbBrRCZmSqXdSnJ9HT2c3l7t7gX7lSo8KcyVdeb1sXU9Xd29keOu6WHoYr/IFHgUJUJIsEC/mecoZKJZjlakSoAjUe+q4IIDPkgItQ0CYmZ9KVkEa2UXpZArkc/LTySkScy/MoLO7dzx1fVWxOtVpcnwkKUlxZKSnUVRUxNnmRi60tkqUX6UadXJKGtt37ODTT/+Ld959j08+/pgvv/gbU+VHVDql2doeFaOp4MrV69z86a4A8JHY7UO6lQDl9m1u3L1Hz81bYs89NLWep7axSQB8VgV7UXGp/I8ioqLjGS0Z5tgRCzKVjiDZSVIwp1Ii30NZzKVaCuuzUnCfa6yQbZm6VnG0jw2xQc5iJblSqNdLYd3ElRu3f+0Ap8C8R57fvHufa3fucltgfv/RY56IkT99/pLnAuz/mRSoK0le4olAXUk/P3nCfTH5+4+Unu9P1Db19u7rlNe0EHAmmobG3g42lxPMqLQaTrv7bJ4rZl6vLGG6l+fnJEC86MWTSgse5a7iZpQ2NwJmq73Yn+Ru4k6sAT0BM7kdNoebgQN4XD2fp51beXHbjac9x3h66RgdcdNoCR5H7N6vsdfqg8PMP+I68xPC5n1E1JL38Zn3DtYD3sRx7nDsJ7yDw9Q/YDOlD466H5Bq+SWtx4dzbvffuLjnG7r396Nqwzf4zvkap+F9ODPzz7iP/oTASZ8K2P+L6h1jSZj/Oem6/XEf+xFrP+vDmi8+ZNeP7xKh+TVps98jS+N31Jq8Q8HK31N68C1u1Kzl6V0/Xj1w5dWzdF7eOcyDWl3qXb7hgO5H2G/oh9vOfpyxGskJAXzowdFkukymMXYFXYVmlPrOpi5wDlfqgnki1/udd975hx7uSue4P/zh7d6ha2/3YfS4qcSnZ9PU1s5ZCY6bWpRhQiVUlSumnkdZURalkvdrq0olQKgRM68WmFdRXVVJTU0t1TV1agfHopIKCXSrKapqobyxQ50mtbiyhfrz12i8eI2KulbJmyVER0XiKxA7Yr5bzNwAewXmgQHESJ4ND48SMz3KllWGAu/xGC+cyTYB7QYB7vIlczDUmiFAn8rSGWPE1oeqBj9DbV//VqD9A7NGfi9WpAB9IIvE5hdOGiAF/kApQPsxc0Rfee0HMfZBLJHAwFDe21h7HiuWarHWSIC+dhU7Nm3A291dzYOx8jl3btvMEp15zJg1iolTR9B/UD9Wrl6FX8AZgXkip718cHRxJyEpmSNHD2KyRp8tm5Zhab6NTRtWYbhKk8PWOwW4NhyztVRtfff21Zis1uX40f04uThge9QWWxsrIkKcCPAXoHspQN8v76VH/x+/YMb0IfKeS9kgMNfTm8mmzbrsN1vPyuX67Nhhio+nE5YSMFjsXSvmf4LujhYJ5qScu1zH85ZEbpa40pNxhEvJNpyLOUq28wbCTmxhn9i+4dxp7JfP62SxFNcjEohYbuDgLj1sdqxg2wYjDPQ1WaA5m5mz5zBx8kxGjJvM5JmzGTRoIEMG9hfILKWhuvzfQryr6yIxMWc4YLkZI93JGC+byzLD2RgZTaL94lmuSTnt62ZPSIALydEBAlc/4kI9CfQ6jcOJkxzcf5BNa01YpqOH3uIF8lstRHvuDLTnTGXBtJFMH/E9uhrD2aAznb0S7BzZtQKXo3uI9HPs7QQnkpKbHC0Wnkx5rpTjyvoSyWFi534kR/qoa6InRPgS7H6ELBHaZBGaovRAYgJsSA8/RUaUk3y3Qh49ekRUsBdnXI9iu28Dzoe243l8D34OB1RLTwjz4nLnBfU7+/v5MWfiRKaNGIHGmP5MF3BrCdAnjx7KojGDmC+w1pH9xWN/ZKKUzwYCcx1JWq/TYnndSLZ6Srv6tGnq4i3KI8D1NAd2bcFq51YOmu3EymwXFrL9zf0bTdy/2czN7kpudJYJ35u4dqGQG82ZPG3P50WXYqglAukiXrTl8PKiWOsleX5ZfrQrFWLlSpJ/cknsvDNJXZhFnc+9NZKnadbc8l9Ho+VCKvfO59wxI7o9NtHttoHKPYsI1RyF69TBuE4fir+A3WPWMPwXjCZw4Vj85o+iPtxH/fCPHouVV54ViFeQmlNGuth5mgA9MjaDkMjk19XumbLNJDg8Bme7Yyowr4jFKovM37ihzKV7/bWdX+ZyV6dk8nY5dq03p3W2CMzjxNQjZCuW3lbF8/QgnqaIEVUI4OslSGkv43pLuUTdcaRnJZCanSiBRZIK9oy8FBXuOQXpasotzFLftk6AHhnir1a5p6YmiZFnUlCgTCfbQEFePoUFpRRLoVdUXEFhUalsizhy5JBYSQiNDfVUlFeIHeepbXZdPVe4cfM2d+7dF5g/EJD/JIZ8Q23PVqq+lfbtjstXOXuhjcaWc9SKKSlAV1JlVR2xcclozJyOv/dpEmJDSEmIoDAriVJltTQJRqpKlDWDi2muKRVDL1XXQQ/xPELUmdPkZmWpn69OzOvK9Vtq27li6L8A/ZZ8pp6bN3nw9ClPnj7n2T/B/IUA/Jf0/DXQn7+G+10JTO49eiqm/kJtd792W96356YEJRfld64kIbVYncv46U89tLlpcDVsBo8LjLifpiNg387jukM8LdvO3RRDdea3LrcJXA1ewM1oXW5Ha9PtM40bwXNpcxnElZjRPLsdyIs7Xjy7foqH57aIrazg50J9as2/I3v99xya8Bab+73J8TEfEGU4lGjN9/Gf/UfM+/0WywF/4OCIN/Az+CPpVl+TY/s1QZt+j+eSN0gz6kOb2Q9c3jGIasNPCB77O04N/h1BMz7AduSf2fPZb7Hr9zviND6gaM14QqZ8yLbP32SPGOS+IX/myNC3cBvZh7CRb1K06H0q9f9Ao81/0eL7Ldfyp0uw7cmrJ56ydeHlTwL0c2spP/4Vtiu+4JDxJ7hu/zvBR8YTai2f+dhwvPf8SGnwEjqyNgvMNbmSY8qDjt5xrUOGDO3t5a72dH/rV6ArY9OV4WvDRk/CIzCMunPnOdvRJXnqAo1NdWLjFepSuBVl+WowqKyXXlZaIECvkYCvWgLUcslr1WrwV1FZI8FrqQS6ZWSXKMuLXqSs9rwK9caLNwTqlyivbSIrO5/w0BC8nE9hbbYFyx0bxMyD1amCU1OziIiIFqs9yGZjXVYsns1e040c3LeH3ZvXsVlscvNKI5YvmsVSjXHqVLFThvwdjeECcwH5ggmDWSTQXTBhIHPH/KDauTLefOGkIcyWAlRD6RQ3VoAux5fOGoOeWL7xknms0tdmjZEeG1YYs3WDCZlpvWPQ165axmwNAdjU0YydMERdHW2jfB6/M2ckkC+hXL5zRXWvfByyOSRAP4TWgpl88fmH9P36c3747muWGy1Q23lNjBeoVfDrVi9l1/a12Nsfxv6ULUfsjuLq4SjXxAtvt6Nyv9phf8KCpdozGNj/z0yfNoB1JgtZt2YhG9csYddOIwHkOraYGGK6SQDu68bhgzvZsdUYBwkCPN1OcqnzLM9vd/DkYiH3asPozjhBY9BOqrw3ku24iqRjOhIM6uBmsQbHA9vQ15zBxPH9WKo1hx1mO1hirIfm/AVMnDGdv3//Ld8OGsToabMYPEKZtXICgwd+x7ABX7Nu+VJ8Xex+Bfjz589pEhk74+/G5k1G6C6V4Et/OkYGUzHQnYi+7lTZnyhQn0JkeG/QdF3K6IyUOAI8ThEbKnD1siXM9xTHD25Hc+ooZoixTh45jPHDBjJ+yA9MGaGszjcAnZkjWblkMrtWa2Emxm9vvZXTR8xUmCtV40kRfmLmiZIS1MVgSgXuCshTowKIU9baCPcVe49Qz/U+ZUmigD0+1IUo3yNi6ycIcd8r57oKzB/Q0lSDjwRk3vYHRHyP4K80iRzbi6+9JVXF2b0z4/X0sG7VKmb8OJopw4czU2A9YdgA+azj0Jw0ianD+qvV7lPE1OeOG4XW2NHqsDUdAfciCQCWyPl6InRLZV9HzleSseybaGurs8h1tbdxZL8ZNvvMsN6zm0NyTxyQ7W/uXKnlVk8t7WezaW/K4EpbITfbi7hzqYL7PZU87RJbbS8QmOfy7HymAF2g3q5UrRcLyCXzXq/pTZfz1LXQJXigmMMAAIAASURBVLcI6GW/PUmtdn8Ub8bl08Y0HVhMk7WemLoOdRaLyVo7jeD5w3GZOpCQxRME4uPwmTuSwEXjSN2/geuvO751KlYuAE9XVpSRAl7ZJqcXEh6dRmhMGsmKqWeWEpeSR1Rcplr17uHqJhaaola7KyBXkmLnykW+JHZ+ubOD7vaLAvWLPHjdWYHmMkgNVtvSFaBTnsLzjGBeVaXxqlIKwrZS7l2sJEsyQnK6ZIbXUE/PFlvPSSVbwJglYFSq43OKM153jGshJTGWspJCsrMy1AlYaqWwKysvV6vbs7Ly1OEuZeVVAvNySgTutfUNquUo9t7YdJY2ZThQp1K9LjYuML1x5ycx5DsqzDsF4ArIu65c52J3D5091zh7vk1da7m+uZnaugY1Vdc0kZiYivbC2b0LpUSHkpYUpS6UoMzUVpyXIcaVRXVZgUSgJSrY68oLyEkJIyrAkfiYKPLzlZnxmtQq957rvZZ+sfuKgP2uCvSLly5x7+Ejnoqd/zug/2rpkp687E1Ktbxi90p7uzK0Tekgd/3OfS5dvUNr5zXqxOryS85SVHG+tx2qPZbnjeY8q9vDs+4knjU58rRiF09Kt/G40JRr/hpckXQ9VAAm6VqYJlcDZ3MnfgkP8xfw6ic3Xt0L5eXPkTy/JkBvWMu9PG26nEeTYfAp/hofcWpCH/b3fwPniR+SYNiPesthZO8YQOK6fpQenYbTgj6cmP8mQWvfpvjgV8Rufxd73Tdw0X6XBuuxlBp8TsMaSTtHiYW/R8WGTyg2+YaoOR8TOPEtwqf8noTpvydu8lu4Dn8T7znyf+d/Sojmn4mYIa+P+09SZ7xJzYp3KDnwAZcLNLhWocHDS+skshVDf+wlW3eedO2gzLY/J9d8hcOWLwXo3+G043tOb+8rUB9EljKLXtIazqesodRzNhfil/Nz3RH1OhoZGQnEf6ly/4MK894q97fUBVq+/3Eg++1OU9XQxNnObs51XaJFqX5vqhdTL6e6WvJsqUA9P4NiyTcqzMtLqKwsV/OuUuWuwE0JVDPzSuX+LSansJrCCmXIVzeN7depa7lIaUUNGelZhAUFcPKQOYfMTDnj4yXHsklITCExKV2MLgF7MfSty5ew02QFtlaWHD98mGOHD3HYfJ+AfSNr9BehN2eSgHloL6RHfy9GPkCdbU5pa184cSiaSnX75CEsnjKEBZMHMXfCAGYL5OeM+14FujIcTm/+FIzE0JfrLWGlwRLWGuuzac1K0l9P8LFokQbDh/fHxeU0UdGRdF3q+hcL/aUpLyIikJSkGA4JXDXnT2LJojns2bmFzSZ6bFm9mC3rFrFp41L2iFnbn7QUW98nAcB+HBxtcXe3w9HeGnfnIwLnHegs1uC7bz5GZ8k4Nq6bw4Y1mgJzbXZvW4b1/jXs37mSfTvX4Ssma2uzhw0mSzkq1njqxAFCgjy4de28BLEXeNFTwdMLqTwSqN/OdeF8jDm5bssJt1kk+UcDm40L8D91gNWrV6C53Jhxo8ezQH8tUxfrMWH6bMZqaPBNvx8YOUqgOnUSY0b0x8Pdifq6yv/+/g8fUFqSh6vzMdas1MVAZw5G+nPQ052Jod5MjPQE6EZz0debgYHeZIyWacj+TCz2/+PMclcud+PjdoogLwGymPMp620C6hVsWq7FGoNZ6M8Zj+6ciRgvnMS+zYaYb9bFynQZjgd3cdp2Lz5O1rgetyTMW4zfy444AXSViFZeagwpSi96Kf8KUmNJjTlDRnwYMSHuxAS74+l4lNPH9xHmdxrXE/uJ8rMnIdReLP0oHReauXfvDiG+zgS6HhOgH5RkTZAETakxwcKT3nIqLTaJuVNGMWnEUCYP7cfEYYOZNba/BJn9mDV6BNMF6tNHj0JDaUMX2M9Xxp0LsJXOcToCbd3Xw9YUmC+Tc5bKvo6SXle9n7awUP9PUW42Nvv39gJ9rxlHLcz5ze2r9VwW+2ytz6KtOZfOc/l0teRx+UIB1zqK+Km7goeXK3neXcqrToH4JQFfjzKbmkDvWk0v1BVD75TIpC1WQC6Z/1JWL9jr/XmWasVNHxPOHdamdp8m9Vba1OzRJH3FBAJmDSFMazwR2hPFyEfjoTGM2tBeK1dmDAuPTua4g3svzFUzF3AnZXMmNI54Abha7Z5VrranJ2WUqKauQP1MUDR+rs5cEFO9duW1lV9Wpt/rlmhVgXm7pF6oK7auVr3fu83LaB9eJfjB2VJ1PPrLvAheiaG/rErhVWMWz9orKcyJJzEtlqTMeJIlpWYmSYGV0psE6pkC9GwB+k/yw9+6eUNdjKSqopS8nKx/uflv374jsO5SO/F1C5DLysVu6hoF+o00n73Audb23nS+g7b2S+qc6Aq4L3ReUmGq7J9r71RBrowJVwy96dwFtbpdsXTFqJVqcnXJxsxc9KVAiggLJiI8WAKNKNKV9ctz0lSYl+RnqtvKknzKi3OokMxfnJOMj/Mhgvw8SE/PoLKmQf0cl6/dUmsGLnRd5ua9e9y+97Psd3Fdvs+DJ2Lpz54LxP8b6E8E8E+ev+CRHFcg/kDSfTlPsfMrN+/w04PH6oQzvYZ+X97/jrzfdQlMOsktbiYqpYIbt6WgfPVMgspTPC1e9S/X8okEpo+bI3h6Po6HLTFi6DpcPaPBoyRDboXO4kHLVl7ecuLlTXeedlpwv3Y116On0mDZl5KdPxArdu6t9WdCFn1OsPZn2A17k9J1n9MixltqNpC47cPI2TOA6NVfELL+Rxy13iRl3Sck6H7IEa3/4KD+hwSt6kf68r9SrPsBeau+JVXvM5J1PyPb6K+UbR5G/pbhpBr9nQStj8nS/ysZRn1JNPiGGN2viFr4CZEz+xAx6R18B71BtvFfqHH8mnMJY3h0ab8EIs4C8gABehBPOwy4kjmH8HXvc2T15xzf8Fe8LIfgd2g08acm4W8+hEDrkUTbTSLNfgwXU1ZxMXUFt4t3qtfK1tZW7QD31j+0n7/1azX8hx99gsm2fZRU1dJ4oZ0WyW8tkk9bWs/TIFBXgF5eWkRRQY660E5pcYE6NXBVda+dV9XWUVhUQr5Ya2paNmkZBWQXVFBQ3kBD2zV5zx5qG8+RV1AkJp5AcIAvLvZHsdmzhYjgMxRLIJBfVEFMbAJBgcGcOm7LPlMTjlqZ42TvgLeHJ77efrg4uWC1by9b16/BSGum2r4+f8yPzBeYL5k5Wp4PV6vhlV7ziyYPVS1dmTVOWXp1wcTBzBD4K4u8aCrt6jNGs3TeVHQ1NTAQqBvrLGa1oT6JcbFqbd8/P5SRMtevXaG+ppLM5FhC/VxxsrXA27nXUM8112JtsY3lxnNZv24xXh4nOHZ0H5tMdNm1xViOz2en2RrsHQ7iIKZnJxCxtdmNn4+jnGsnzy0EyrtZpDWFr778CE3NSWzbZsDWTUtZtWwuphuWqmmN8QzsbPbj5ewgwYMpm9frcNB8Eyfl/Y4e2U1OZhx3f7rKk/tXeXH7HC+l/H52LoPHteHcKnDkbMxuCj1XE2YxG4cN09hpOJO123dhvNsC46X66K3YwuLFmsyaPIop4wcxf+IoIvx9aWmo+/Va3LhxjYy0BHXYnbHhfDHuuSxfNgedpVPQ0ZmOgcFsMXEF5tMwFhgr313fUOzcaAq6utNZZjRPjH0qN29e+8eOc69eca6pgWAxdLuDW3C1t+LQnrXs37ocq50rOLhrtWxXs0fs/8je9Tja7OLUoZ1i2NZEn3El5owbXnJtE8O9iA/3JyU6QKzbg2APe5IjA8lOjCAm6DRhvo7qkLZkgb632Haor5MYug9JkWLuoW7kCRPSYn15/PiR2pxw3HI3AS7H5DNtx/XoXtJje4eE/iSyZWZmxshvBzJiYD+mjRrF9JHD0BozWK1mnzpqpDrscqpAXkPp2Clgn6p0hnvdu10x94UCbaVNfbHSxi5bnalT0fsF7NOmqVXvyvj0nMTeznaB3h4q1I9a7OfYQSt+U1+ZgK+vPVaH9uEnX6SsKImzdbk0VmfSWJNBSWEcJcVxsp8pBp9Dz/kiHl+q7AX6Fdn2KNXtAsDWJLWHu2LmXMqUpAA+UaB4gvvhO2g/rkuTpRa1ZvMpNp0hBdsEIhaPJVZ/MkEC81SJVK80VKkf8mLHJYF5umrhe8xtVFCnZhbJ8xRCI5PUTnBxKYVi5yUq0FOzK9VtXEqBCnQF+taWB8QwU7guQFeqcRSYd3d10NXxC8w7uPR6//q13un3XlYXQbwAvSJDHYf+sjqDF2lnoDFHnhdIQFNJTVEqcWnRJKTFCNTjSM5IIE2gniamniGmnqFUvRfLteq+yLNnz8hKT6O4sEBNvVVKl7ja3cbd2zd4LFaq2Ou/e/RcucZ1MfJrN25J4deigrqxpZWGc61qT+LWi91c7FLazC9wXixKAbwC+vKaOjnvvAryailc61SgN1FSWs1K/bn4+3gSGRlG8Bkf4qKCSRWo56QnSqDSC/ayolzKinMpyU0jLz0O5xP71N6yCfFxagem2rpmOi9f50LHZTXAuPXzz9y6+zOdcp3PS6GvtO3//EgBtNLL/bHa3n/3gaSHsv/gsTr+XNm/c/+hWk3f2XNV7VCndIxTesj33LirTg3berGH8urzpOfWkJ7XSGZJ77CNl7fr+SlWU90/evQomzdvxtXVlZycHLV/xL973K6W3/S5FMrPmnh5J5oXl2x4Ur+cm0FDqdryV0Jm/gG36e+QtG0Iros+YPPQ37PqRzHvCX8kaME7RJv0I3bXaBK3jiVs/XC8lg3AXuNPJBu8T+Lijzg07bdsnftbTCe8jfOCd8nc+DfStw3m9MK+uM38lDSdjyjZOpp6m9lU7BxP0ebhNNto03xIi8ptkygwGUrF7qm4Dfk9bkP/hPP3v8Nr9O+IWPM+dzuP8uppCi8fBPD8roMELvvk/rPkTtFcnHXewXbd1xxY+TknN/XFevWfCTw4lLDjY8mLWE5+4GISj4+gLWMjbUkraAtfqF6PpOSk1/Du7dn+tsD8f66+1ueddzFcs5lyyTf1Z89yrvsqrZLOdXTSfO6c5MUWyQc1VNfUUCHBam52qpQRRZS/rnIve903JCc3j+QUuSdyisgtqaO45pwYehfVDeeolKBVqfWJjYnG38sNbxdHAj1dCD0TKKCvkHPOkyb27uPqog5fs7M5wGk7O4ICggkLiyQ4KJwzZ8I4ftSWPaamrNZdiOGCaQLvYSrI9edMUJdYXTx1OFqThqApAJ8/7gcB/EB1XfV5EwaqQ9zmyLE5Avj5Yu/hZ3yJCPKjubH+H/KP0sH1es8lasuLiY8Mwt3xCPu2r2PvNmUWuXVY7lqH9d5NHD+wUz7rXvW+j48LYfNGHbW92MXRGvtjSlv5GnZuW8mO7asxlb+NTgzFS2AVHu5OgM8JArxP4OViK0HLQY4f2aea/ZdfvY+hkRabNi9n+47lWOxZx9aNugLzJWhrjsfGeqNcOzux9E0C+wWY7ViGu4uNgGU9vn7OEmxl8fOdHh7fuySW3sbTq3U86yrl0dkkbhR60BprRb77amKPLMbRZCLbNYerS9hOnLeY2bPnM3PmbE4dsSBLLPZ/PtouthIjVmppsVkFtKGBBEFGCsjFvvUF3Mtmsnz5XBXYRkaS9Ceis2QM+gZTMZYgx0B/Jrpi5vpG8wX6M1mqPVld4e/fDXN7+uQRdZUFhAY44y827GhjhttxM04e3MaJAztwOWGNh501biesCPUWq5eAKF7EMFXKt0SlKl2dUjaE9Lgg8pLDCfc5qVbBRwa6kxITRJC7A3lJEXLMX4IycwLkf4TLtYsPdlWnho0PcaGzrVUE7Qr2R83VWe7cjptzwmobnRdbfx2ONmv8LDHyvkwY8i3jRwxg+KBBTBg2TILGsUwXE188fhzTRg5h6mgF7OPVceZKpzgF7EoPdwXiiqUvEKirdi5ptiR9gfhi2erJuYbKa9Ons272bHUWOYVnRy32ceyAUnNlzW/c3Y4yZPwU/vLlAL75cRSr1q+VG8ZTLmAmTXU5FBXGU5AfQ2NtFq2N+bS3lnCnS8DbLaZ+qVy25Wob+6vzqfIrx/CqNbK3p7vSMa4tnpdlLmJJlvQ4GdNsrknldg1yN0wnTm8C0UsnEbJgFLWvJyNQ2sqz80pw9QzB/0ycCvTIuHT2WNioixlEyX5aVrEYcgHhMRliyAJ0sXYF6KlZlSSlFqpt6UoKC4/DRr5oa1MzNwTYlxSYK3be8d+GrgD9cmenulXW6lUfefFi5Zm949BbinmZEsjLLMnMF5R+A7VcrM0nKilcgoco4gXqiRm9lq5APT0rWeCTKpaergJdeRTk5cr1yxML711a9Vx9kQQFyTTXlgqAb9Bx7TFdd19y5T7cfAj3nsh1eC6Z+OlTJUT9lwz+4OFDgfxNbty6w6WrN2g63yaFX5Nq6/Vnz9HS1t4L/rMt1Ml3r2s6K9bUSEFhGZZ7TfH2dMXf34foyGC1+j06PIDUuAgV6unJMeTnZgjUcyjNzyAnNRb3U1K42GxXx/gnJ6dKYV1Lm8D8XFun/M/L3BI7V6rNldqBqvoGAfJNtUngxt3e478OZ3s9i9wvPeJ7btyhtaObcxe71HOU6nalGr/ritK57zqN5zrIK6oXQ6+npPIieZXttHXf7r3Jf+qt2ho6dCj/8R//8Q/p/fffZ4zcFCtWrODYsWMkJCTQKoaltOf98+PF9SqupNjRkXyKYpe1pJuNwnHO79D++g3Mxr+H5Yg/sr7vmzhrfoaf9ud4LBqA+diPcFwgNq/xERnLPiNObNts6G9ZO+0/2LPw7zjMfZdYk68pPzqF45p92fXD7wmf/SG1h+fQ5qTJ2YOzOXdcj4tOJpw7sVyAPo4ay9mkLhtI0uI/4znkLfxG9sF92H9SsPNjHl80lcwQwfPbh7mcv5Bn1w/ztH0bTc7fsWPqm+wz+pgTpj+wdfFfCDg6Ardd3xF8fCLhTtNJd51MhssUUp2m0J5sQkvgXG43BNEh98Cvs8Wp08D+Xk2/rI/+9ttvs9BwHTXnOySYbKSpvZuWLmV8eQ8t7V00X7hIfaMyi1yVmLlYeGKMOhKisCBPAsdSSsrKyRf7zs7OJT0ji9SMPDJzy+S3rKawrIb84jIV9llZOURHhOMveTJULD05IZ6cbGUGxkbJyx1i9+nymhunbK3xkqDN38eXpJQsEpMziEtIJ1Tu8dOOrmKkFmxcboDB/MnqeHJl2JuOGLeuxmiWTBuhAn2hAFtz/ADmipHv3WRMiK8rQT4uNNRU/EOeeP7sqcC7g+aaAjITlML+GKfFdO0tTbHashzzbWvZJX+/Y8MKzLasVp/vM12N2dY1HN6/DduDZly+1EVHeyunTx7A7dRRTDetYsvmNezZt5mdu0zYa7YBS/Mt7FeGgLkcEogf4OQxM44c3sOJY1Y4OdigpTmDESP6sd9yC44C+e07TSQIWMkh8x1Y7TPBWH86NgfEWk/bcsR6OxvXLOSw1XJ16Nvu3WtwdbMjPCKIbCmfHtzu4tm9Lh7fvMCjW63cv1zFz61pdOU5UxtqRpqdAb67pmNtMIy1Gv2ZMmoAp5xdcff2/e+FruS6NDZWEShQVYbFGRnNYtny+RiJiRst00RPTyzbcAGGy+axzHievD5HwD5Lkhw3mCvPBd4GGhjI3y1dOgM93XnoLp0ugcBMeV3sXQB/7Mj2/+f49YcP71OYnYibnSVeTjYSRJlga74Nj1O2nPFwwN/5KJ4OhwgXMY0P8SLY0wHf0wcI9XNSgR4X6qXOBpeTFEZCmI+64ltKTKjY+hkSpCyMD/XljKcdvs62BLgeUzuGeztaqf/z6bMnlBVm42ZvQ6C7vWr8ajPgo0ccNTdnwI8/Mnhgfxb8+HdGDviRKcO/Y6LAfMqIYYwd+gOjhw9l5pj+aIwYrE4goz1GAsqJo1mgTB4zcpAK+OlKlbvAXYG8Ur2+RDHy153iFr+eOU5fYG4sgN8xeBju2it7OxsqULey4Njhg/xm/uIl/OmDb+jz7te898l3fDtSogntRVgc3k+SZOiqinRqKjPU9XdbBOhdbRXcOV/Mo3M5vGgT6+xQOswJ0FuSedVwhlf1fr1AV6rflSleGwJ4UezInZBtnLNeQsX2OaQvn0y0RGvZ+9ZxrbHXygsLi/DxD+WEkw+B4clivkXq0CX/kFi85Lh3QLhq6alZRaTINiI6k5jEPDkmBUpmmRwrIymtWLV5xeTjxdI9XSTCCjkjwO6gp6tTBXpnhwLyTjUpbelqFbyyctRFpT1dqHq9B3Jj1OFrnK/oXbClKE5ILN/1WiM32+uJjAkhSiLWaInq4lKjScqIU9vUU8TS03J7e79XNfa2KymzaJWVlNDZ2TslbFluAmXZcTTVVtLS0iaRrpiugKr96gMuXr1P+7WHdP30goaWs1SWZnO2Oo3Wumx6Os5y76fbPHp0v3dinH96PH7ylNs/CRh/uqsCv1E1KTF1sfuq6gaKiquwO3kU/wAv3D2ciIoKISLEl+AAd6Jlm5EcS05mInk56RSpS6Mmk5ESg59kXqt96/HxdCY6KobC4gp1+Frz+YvqdJ83BdzKqmptYuuFJWW0SmGvmLtSJa8kpePcL/vKMLdfOvEpTQR1za00tV5U4a5AXXn9omKCFy9RUXuWorIGMbk2yqvaKKi8QHphiwQy936tjlPae/8Z6P+3pICrf//+aGtrY2FhQXBwMNXV1VJIPPyXa3lJWds+34sLSQ60xp/GbuxbuE7/kJCVY3Gc9hcODX0H1ykfc3jwG5wY8Qb20z5m/+Q/Yjr8dxQcHEvkqq+oth5Hidkw0lZ8SYDYfPneSVw4OV/ugZlUbxtDgfF3JOv2p8JuE4Umw0la8jUpWl8QM+MzwiZ9iueo35Oy6g/U+X/Ok2tHeHL9IDcadnO/bROPWgzJ3vgeprPfFpC/yyGTLzm04Ws8LX7Abc8Qwhxnke6rRbBVf3J955HhpiG34kLaYw3E8HPU7/jxxx//auQKzNVFWtSx6W/wllyriTPmUdLQxlml7bz1AmcF6C2XrtF0oZ3z8ts1NJ+lVGCek51JVnqqwDxf7uHepEy6kpdfQHZuvgS5eRLsFkgQniu2nk5Gdr7agSwlJYWMjEziYmMJk3s0KjyUPIF5db0EoWfbqJA8m5KcJEFnMIG+PgQHBhETHUeG3PvZ+RVyzxcL1DMJCAzD4aSyWMUWVulpsXzxLFbpzMNQgfussRzavYmIAE8iAr3+tZnm8UMud7RSW5ZFWpQ3gc5WuB3ZivtRU9luxvHgRuwEmnYHtnJMYGy1ZQX7TddgtXuDOkXt1nVGbFtvzKbVerJdxu4tqziwdyvVFSXq+0cH+bB/lynm5rtZv9mEHXs3C8S34SUGuGfrWgH9UjauW8iebcZYyWtWFjuxsjJj8uTRjBo1WALSg5x2PcHxUwcwWa8r56zn4P61rFk1W95zLbZH92FluZeNG7TYtW0xB/atYsP6JdjZW+In93VKWpIELEXcv3GBZ3faBeaS7nTy9NY5bjcn0ZlzmjIfU+JsluCwYRzpYS60iGj88lCWMy4pyZagyQaTtUtYtVJLBfQK41msWDaL5QJttQpdgK5Us68wXijHZrNSIL9C0jLDmSwz0sTQSH4PPaUdfYpYvAZGctzIUAICw3nyfnPU4MDIcLL8zVS109n/b2Ka22LKcZEBaoe0M572+EjA4+tqi//pw3g5KsA9SWqsPxECdmW4WpiPMxFBHhRlxarV7uo87r4uRAW4EuJ9mkh/F7Ua3v3kQTFzF0J9HPC0O0KQ12n5DT3oudylpggJZpTA4O6d3nlMGhvPMWXwCL6XcuiHv/yFwf36MWXI94wcNpjRg75l1ND+apX69GFD1M57U8XSpwmU543tj9bIwb1zto+V10YNZKYybE3sfb7Su12ZXEae608Zo/Z41546FQMBvaECdA0N1v4wgm3fDWP/J8PIdextog454ytAF0P/8tvhzNbSwVII7+HlhKd8eUcXyXAH96K9ejl2TkcoLU6isjyNhtoc2psLJcrP4GFLFs9ac3nZVsjLi8VisLnq+ucoq6pdiIbWsN79BklVnjzJtKXzlDGFm2aSYDieprBeK38iJqpE8QsXLeKYvbMAskCtSld6r4cImJMyCwXU+bh5BanD1BRDT5WUIOeFRCTJa4Vyc5eqKVmAnijHlYlmlGFsYRHxuNqfoL6ijJ7uLrq7ugSsHWrVuwpzZSugr6utYcuG9WwwWfO6PqkRagToFwTKEsRQJ1A/K8+vNfGwp5lgsdqwqGDCYoN7bT1NoJ4eJ58hUTX1rNw0MvLTe6vOxcyVXuLnz5+XAuSRAD2R+uJ0te1NWRv3XMsFLgjU27pvcL71PK2NFWLAXZxtv0xZZQWlubEUJHtTnhVEc30ZtdUlAtMOzjXXqHPU337wnPvP5DoK4/8vtfdc7rlK96UrYuo1eHq54uvrTkiIv2QCTwK9Be4hPiTHhQvQk8jJSpaCNY3s9Hjio4OIjfDnmM1uHCUyDQoKUnvLV9c20XyuTYKFc+qiLEobfrMU9LkFSrVrldhViwD7kgrtC52X1eYAZf+Xud/Pd1yiTv62uLyasxc6VOgrMG8TaCgwr29uEyuvF1NrpqahXa6DAL20VYK2WuJSemeVUizzfwvz/1f67W9/y5dffsmsWbMwNTXFw8ODxqZ2bty4+W+vZU3IaSrOOFPobY/n5Hcp2tafst1DyDL4CP8Zvyd+7Te0Ok+l22s2SVp/InB2Hzxmf0C05kfk6H5KvvG3ZOh8gfOAN7Ab15cArSGET/9chXjgxL/iObwPDt++QaL+n7icosHjq4elMPbiRtNmrtes40XnLm7EDyVi5SeYL/uQ3Yafc2DN57gdHIrLnr6EnJxOjM8S/KwGkOQ0mWwBerm/BBJh87mcbkJHaW8BMFki/l4jfz3JjDJf9xu9UH+nzztMnrWY7OrztF25KUGXBF5tYuby27R0XVPb1Gsbm8nJyyE/T1mFsIbsrEwKBeIF+QL1oiJy8wvlPhDLzS0lPaeEuKR0EhLk/kjNIDevSO75TNLTMkhOTlHHocdFRkqAUCGBaBu1TZI3xPLTUlJJTEwiWl5LSkyXv8knV+lcV9pAdkEVCSl5hEfG4+UZwIH9+3A6bkNsaCCJUaH/2lnt/j06LzRRWZBCcpgbgU4WOB4wwfnQRpysN2JvsRo781Wc3L+SUwfWyvENnLRYh61Ixwmx5ENm6zAXoO/dtII9W1ayZ/NKtq83wnStIZvXGrBj40r2bl3FQQF/Ulxv1fH+PVs4bL0PPf3F7LPYg+XB3TgIcBxOWqumZ22+mp3bDNgmxn/U2lzMfRuDBvVj/PgRHDlihYPDUQ6JWJmZbWbfHgkGxLyN9Cewc7uemLglu5Rqdgki9u5Zw4EDG+U8EynD7SRgt8PL5zRx8ZE0N5Tz8GYrL+628ezBZZ7cvSJlWBM3auK4UhFJd1UyNzubf71OV6/2kJmRgP1JCSLWLmXFSk1WrNJi5cp5rFwxXx33bmQwG+Nlkgw1WGYwTe0noFSxrzDuHYZmKKDW1ZXXDOewcrkCbQXg08TMp6CnM0P2Z8s1mS7GLucayHNJ+rryXI6VlOT9L0eyv+RSe6t6rZXqcR+xcycbM3WZ1Uh/Z/ycjxAf7EakQDg+zIvk6EBiQn0E4KfwdTqs1rwoC79EnXEnOSpIAgE55uWMy4lDYu8e+Lkcx/GYBTnpCbx88YzCrBQyE+O4+Xp1tNOnnfnkoy/5RmD+57ff42993ueb995jwFdf9S6gNWggE4Yq6wp8xbhRw9V28fkj+jF9xAgWC8g1xbw1Ro1CWwG57M8c+3+oewvwqq9tb7ff2afdVUpxd4fg1uLuHhLixN0T4u7u7u7u7glxiAMBEiC4Q6GFwu8bcy5ou7t7zj17n73vc2+eZ/Jf8l+LlbVW5jveOccck8x982qIbd6E/XQ7K398ZhNBnc2j79jMk+XYTmziP6yB8fJVUJ+9BobfroHRwo242zUgWJ/u4IBP/IO8EBERCGd3R1g5WNIXzhU5OfEoKUmDd6AHnNxskZISiqqKdHS1leF6ayHut+bheVcZXvWW4+f+Sry9VEOtGm87UwngcXzonRWXoV6EJ8aBWXtHOB6lGeFymAkeDwgy2O/ce4C4hCRs274bx08Iw9rOBXkljYhMyEJKVokgg72CQE1WHhGTyiHNgM6hXtbAM9ozsssFhl7awFteUR1SM4v5EH12fjlFsDbISU0SDK/zErDDvN28MURQuMqNQu6sDLb8sB5R4cF49eOHCHGwi36HFrzvIqO5yBL8COojF/H+/iXEJEQiNjEK8amxSMqMJ1MXQD23NIvATqZOYCysKBTM3z58SJ2WIIHh8f1bqC9ORGt1Jjpbz1OAdBE9XT3oH7xFZnsNfRfOo6e1Al0N6bhYn4m2hmJUFyehKscHjRVJ6GmvRXtDKbp7u3gBjyGC4/U7j3kFt+HnwPALgjcJ5+2nP+HeS5Zk9jOev/gRP/Go9++H71nGckdrI9paGlBLQUh+VjLKSvJQWpTLl47kZMQhLSkS8WQ4dtZG8PbyQmRUHHXIDei40Esd+UUMXh3mw+9sNKC4rJxXrmMbrFzs6affiwKPq0NkedepXePD65fZMDudX11DFld7nmz/Os/UHxy+RecP0/NcI4gPoLm9B20XBqhdQVPLAMqru5GcWQVL5yD+2ouKiv4lQP87wP/lPyEm4YRPP/0C48aNwyb6g5KXp47e3R35+fkYHBz8tbLV73+uZbujP8EJnXFOuJmmjR77NbhgvgpxJz5HhORKJEmtQd5Rsvx9Y+G65AuojftPWC75FoEbKBDYOAaBy7+Gzewv4bf8C8Tv/hw1+uNxvWgXGbk6Hl/WQ67TSlwq0cWzLg1cjV+OKM050BOdBHO5mXDRWwh3g4XwMViEEKs1KIw8hiCDOSiloKIq6ig6Yo+iP/EIRirUMZwjzl+vmprabxXjPhUc+bp0at99/RU2rFuP7JqLuHrvGS/nyvI2+uhz67s+gm76PM+3d/K6Chd6LvHd8ooL81BeVkbWXYLKqkqCfS0q65pQXttCQG/iGes5mfSdys6hcyrIvguojykjeJAdFxWjKC+PAofrFBgOoYOChfOtHbzSXHEJnVtYSs/ZgMqaZjS29aGp4xKBf5gnaPZfuvZ3n8WLZ49x/VIXWmoKUJRGQauPKQJsVBFgq0oQVxI0GxUEOmjTZRWCuCL8bDXhYiIHVzN5eFoq8vsdjeVgZ6gAOxMV2Bgow5KAbaWrSJYuD0P1szDUOItzBHg9dWkY6SryOXVbAnp0qA9/HXkFGThyfCc0NGVhacnKt2rAyECd4KwNZwdzqCufhp2DCTy83WFuZoS5c6dhB1mZry/BxMcFzi7WMDXVgaWZDp9TV5I/BjcXDQQFWEFX8yzUVKRgZ6MLJwddqCidgp+vLYHGHoFBBKvyHFzoaqF+7gp+eTZEQL+C1y+H8fOrh/jp2c2/STy7OtiPPOrz7e30yPDPQJ0sX1lRGIqKp6FAZi4tewhSBHBZ+aN87biUxD7Iyx6FLBm6rMxBnrkuKb6NzqGjFDWy89MsGU58D89oZ8PvDNxnRHfSebv5ZTGxPTh9hm4juJ8R3UYw3wnRM9sQ4OeAf+SHvf6hwQEy8HAEU5DEht0jfZ1QmJmAnJRwRAc58mVv0WTxKQT67MRQgronEsK9UJwZy+faYwLdEebnSkGAO1ysjBAT7EXNE3ERAXjw8D4eP7iD2zeuC7Lvb9/GgQOimD59OuaNGY0FX3yLuV9+hYUUHM8moM/55hssnDkTq1YuIqAvwOqVK7B2lRD2rF2OzQR2VlRmL0F990YhHCAT37pxA05sWIyddBsbdt+7fh3Etm3DAVbLfccOiNA5kt+v4UeR7QT0zStgvngNrCcTzOetgcn4NQhadwJvfnxFgjqMT9JToin6TUFuTjJqq/Mpyi4gS8tGIUEqJysOWZnRiIsLREFeLFrKUjBcm4Z7Ldl4dqEIr7pL8aqnDD/1VuJnMtg3PaWCOu1sq9SBD0Bnls52WetKwLvhpl+Hh6vqWxCbnAR5FXXYOLjD2MIGUnJK8PQPR2pOGcopEi+taUVRRQsBvQE5RVWwsHHl688Z0NnStfziWr4WnVt6aSMKS5p4Ml1qZhFPjGPr0pMogrcyNiR4tuPmzeEPGe83yZgHyBiyISx8AmIip8l4e/jOOXfpPpYEgxdP6XU3EsirAApiPi5dw50BpKXFI4QsNyIuHLFJ0YhPj0NKdhLS6H3MKExHFptbL8vF5WuXeSGP7OwMga1f70ddURo66ovRTp1gR1sHui/2caD3dXfhQlMJulvKOMzbSwPQVpuNipwA5Kf4oqUqFV3N9Ljz5WTpTegbuIRLQ2S7g1cIqoO48eQNB/q1xz9j4Mol6uh60dXbi+amatSXJqO1MhWdjcUYuFBHr6MHjx/d4+UI3//JPP2Tx49w9coA+nsvoLyEVWjy4xtLGBjo8PrxqWnZqOFr6FvRP3AVXX2XePIdK5CTlp5FJlWB1vYLBIErPNu+q79fcKTzLjL7ampHfkElauubuaEzi2fHHuqcu/qvoLWjFy0E9NYLfWhs6SWYtyEjtxY+wUlQO2fPX6O3t/e/zNB/f/2zz76EqIgp/uP//OW/fAzLCF+xYgVERUVhZWWF5ORkdHZ28oITf/y50V6Nhjh3MnsP9AXKIllsKmxWjobdsm/gtG4y7Bd+jtjvP0ed8OfI2/c1cs58gzaXmejL2Ic3d2zx+q4XOjNEUBW5F68fUzBdfRrVemOgu/2v0BWZBEPx8XA1Wog455WIcVyHZO/tyPTbhgizxYhzXIvCwGMocV2LG6WK9Gd4DHcqBcuDgoKCPuyD/rH0K4P5XzGeYD59zDdYvWINEvLrcPk+mwpiywhv8OH3vqs3COg3cL5NsF3oBfr82T7rFWWlBPVCsu5iVFRU8gx2VlSmrEZQO4Lttpabk4/szEwO8QIy79JStnSzips6W8Z5oX8Q3fQdaOvsRnNHN2rqz1Nr5ks3hyl4ffb874djnzy8iwECFxtOTQ13RRAfLtdCiJMW/OwI4vZq8LKUhy8DuoMGHZWpqcCfLgc66pCNk4UbM4grw8NKBS6mcnBjzUQG9gbSsNaThbmODIe5tZ4SAV0BFjoKZOjyOKcuCzM9VVgSqG2MyOLZHLq1PjydLHgfkpubDicnM1jRbRoEfx21s9BSlSF460NVVYEAagUffx+Y21pi4tRx2E4w9yQr9/Z2hrOzNcwtdWBjqQV3B0MY6cvS7SZISvSElbk6LIxV4eKgB1cnfWirS8DDxRiuzufg7WmJoEBnCrYycPFiE54/v4d3Pz+n9vS3qYafXlO/04qk2CAKMuShrn6KIH6cZ9BrqAtDQ+00VBVPQknuBAUKp6Eof5zPi8sQvBmkZWUOkGXvgwxdlpFiWetsGJ0uy7KEt70EbYI0W6omvoufz+bImcGzZWuSzNYJ3hIi27ndS4jT81IAwAKBMxQUKCodF/S//+AP62fbm6rIyAPgR+95ehKBO8wdfs7G3NCZtccFe6MkK4FaHGKCnAnoUQinACKF3ocQTzv40HseHeyHyGAfBHm7oLmhlk9vsqkZvmd5ejq2kE0vXLgQ06ZNxawpM7Bk+lwsHD+egP4FZn72HebT39Gc777DikljsIbO+37tCmxfsxob1q7GrnVLyNDZSovv+SYsLLP9yJZVOP79Rmwl0EtsIthvWIUT27dDjERCnC1lo/9PmNk5tSMEfb3ZC2E8ZzkMpyyD1Xdr4PTXFTAWoiDeyp2/xk8y02PJzvJQTRAvKU6naDgNmTkJBKF4arGIpjeIDfuwzL6mpCBcKozBDbLFB01ZeNqejxedRXh5sQQ/dpXiJwL8u650vO+IwLvOKAHIL5ChDxEUXwnmHfovDyEgIg2KGno4LipDJl4KOxdveAaEwMzWBVqGFohPY8ll1BFUtZDpnueWnl9Wj6i4dNg6evG5dIGpNyK3sAbJ6UXIKagheDOQV/FhdzZMz6CeQ5YeExmLhMhwXCP4scpxPT3d9Mfhia1bfqAvlwjujtyiKOweP966eQMP7n5YPnFvmF4/GXo7BSqd1K42A3cvIy8rBT5BPggI9UdwVDBC48IQkRiJaAqOYtPo/8pKRGp+GkGqXxCp52UKpJ8AWVdWgo6WZrQ1t6C1sQFdF7pxsfcS2hor0ULQbavPR31ZKmqyQ1CeHYpMgkFeeigq82MIyvHoaK7iy4YudjSiu6sTfQTLgf5eDD14haHn7zF45xlfv95GX+6O5hrUV2ShrjAS1Tn+qM2PRE1eCBqKItFck0sQZttf9mPo9iPcfvYWDx4/w9NnT/EjgenPLJQn+dXW8EpgV68NCUy9k2XTd5GlMUgXIy4+GclpWSgurUQ7WwfPSoFeuMjX17NldKzQTXFJJX23itHY1IbeywJz5ztYdfejgwKc5rYuMrQLaGju4CMxeUU1iE8qgJWTLyRVBTtfKSkp/VuA/h//8SlWrdhJl//yDz0Ha//5n//J96w/ePAg9PT0EBYWxsthPnjw58P3dWQPlWRVQxmOGA5egttpu9DsPhOPm4/i5ztO+OWBHX6+64Q3T1j99kC8e5aAx3X7kSw7GmKrPoU6Gb+TxhLEe26Al84UBJsvQUWKKEKNFyLWfjnKQveiIngXmiL34VK2BFpDtqIvUwpvn12mz7GWG/nHefQvCebjvv4CE0d9hWnjxuLYURGklpzHwL1XuHLvOa6M3MPA9WF0X74qgG53Hzp7B9HZN0gB2nlu58VFRSgiqJezPQXqGgnobTy7vay2jYLzFp4cl59XyJdAFuTTeRXVKK+qQTEBvbKyCl0UHNx79ISP3D1/8fIPtb/f4dH92+i70IjyvESkhDvD11YNHuZycDeVJaNWg7u5PPwI1n5k4t5WSnwI3dNSAV5WzLhV+dC6n506QVyZH/3sCPZWynA1kYeHhSLcLVlToOdRgIuxNDUFMnOyawK6rZ4CrLTlYKYlC2sDMnYjDYK5CizpaKqrDCMteVgYqsLBSg/OdsZ86Pr27VsEZhtYW5nAwtwAjramsLEyhp6uBi864+3jBSVleUyfMRG7922Gi7stPLzYRkvGMCRgW1trw8JMHgZawvB01Ud8ghdkzh6DtSXdbkyBhpE4bC2V4OdhBU9nI/h4mMDfxwpB/g4Y6LtAgflv37unTx6hoa6SDNiD2722ugjU1AjgGhLQ0ToDPU02n3+CrP8U3S5Mx+PQUBWBKgGWAV1R9ggBeR/OSrPh9yME8N10meAudwDS0vsgK8uG29nxBPWp+3gWuySbG5fZT8eDEKf7REX3ULBM0JfcCwmycik+3L4T0nQey36XlN7F59l7ujsEJVOvXvuHwf786WPUlOXwofRof3uyb2dkxPrzYfkkMu5IXweUZcchOcqb16JPjvZBhJ8THf3g72HH8x7iw30Q7OOCF88ENUrYzo8GBgZYsGAB5s2bh+XL53CoL5k4EXPnzOG5OXPGjcOMzydg5tdfYw4Z+6JRoyC0eDo2zV+CzSvmYj1Bfee6xdi1di1dXsNNnUGaDb+LfSg2c4gAz5awya1fhdPbBGvTWaa7CKsmt2UDTn+/Cvpk55rfCkF5xhqYLVgN+4lCODd5Ncwmr0RvXRM+KStMQTlZJdvvuLW5HO1tVfTHlYvcvCRkpscgwNcVzpZGKArzRkd6CPoLYjBUmoB7del42JiJp625eN5RiB8J6q+6SvCumyXDxZLRBhEIw0lL2z9ksP+MktoOOPsmwM4tAtauQYhLKUJsaiF0TWwQk5hJ13NgaG4PF+9gpOdVoLCyiUf3RRXNguH38nqYmDkgMZUVdGnkYGfD7LGJOWTlZdRhnP9wWx0ZfC2BoBo5eeVkBmUIDwpEHZvzq6mGpKQ4hISWQkyUzHygD3fv3v6tPOytEYwMD+Pl8w8FZwY76fcoAbqr+e5r7x9cQw5ZuaunM1y93eAe4AnPQB/4hwcgMDoYQTEhCE0IR1RKDAUlggIzfb1dggS59lrU11ThYmcHgbuCbLuZz0O3EiDrK/LRVJqE6iK2L28IRY/hyEsNRWSAHepyPFGV5YuaIjLt841oqi1Ee00qLp4v5vWP+/v6cJ2t3SYw97JEOAJ6fV0tmuorUZUXh4IUtjyDlTYMR3V+FJopcGgpDaOIlh7f04VLV2/i8vA99JLpdJ4vokCBva4L9N50Y2j4Kh6wXdPeAK9ZgZj3f/6HdOPmLfT2DXDYF1IHzSyeVZdjFcOazrfy4jnscmVVPd8fOyuriFew6+m7QoFFv2D9/QUycwbyplay91a+3CkjpwSpdG5QWAKMrZ3g6ifIvdhGX/Z/B9D/z//5D/z1sy/48V85lD9p4iQcPXSSOt9wstRiNFNAx4bv/myE5N1LCoDf9pF2tOLtkwS8f+KFd4/c8bzlOC77T4Dzvk8huvpT6J4YCwvlKcjy/wG+BnMQ7bwehTEHkea5EQmuG1AUvAd5LivQHLsP/TlSuFerg7aIg/j5djkePXokSIT76+e8saH2UV9+gW+/+hyTRn+DFUsoUEgvRT8B/fJ9aiOPcOnGXT590jMwSPC9gk4yarb8rIkXRjqPUoI6G0ovLStHRVUdwbyDl30tr+9AeUMnStl8emkFysjKWV2EQTL+6xQkPH70+G8zzd++wc2hQVxsrUP/hQakRzPz1oS/vToBWIlgTcAmkLmZyfHGgO5KVu1Flu1jrQpPc0U+D86AzsDO5sc9LeT4nLknPY5ZuR+zdXtV+Niy0p2aHOwM6i6mBHQLJXpOOXiYKsLO8CxZuSzsDJS5nZtry8NKXwWmOoowo6MZ3W6mr0yWTgA2Vieg68LV3pTvRMd+jM7p8E1bzM0MYW1jCjMzEzjYW8PXzw3yClKYMHEsTp46CncPJzg6W8KU7F1TW0EAdFstWFjKwtdbH0E+lpCXPwEdAwU4OBpAW+cUzOn38/G2gJenORIT/FFTXfC3S19Hhvl8uJe7JTQZvFVEoKMpCVVlQf13RZXTUFM/DS0ydD1tgrfyMQ5ydbWjZO3HyNZPQ1npJORlD/NENyV5OsofgbzcIQ50KckdOCu1F7LM0qUEJs7myyXFd0BSYjdfxiYtdZQuH+Tr0VnW+xnRXXy+XEp8N8REdtDlHdzupaX388dI0H2xMYGCoF1bB1l5ufhnfp4/e8i3Yk2OYMPtDgjxsiZgWyE2yI0PwceFuhH0g5AeH0Kg9yPg+yCBQB7u54q0uFDcHhFMS9RUnce21auxeNEiLFo0i0A+mwN86dK51GZg3rRpWEqgZ/Pms2fPxjQC+cxPv8OCz77E3G8nYtmMmfheaDZWLVuINSuWYSMBnc2j716/HocJ5iJb1uDk1i0QYxnuBG4G9oN0HwM9W8rG6rizzVnEyegVlq2F2vTFUB+7BAZzCeJj58FkygLofbsGxtOXwmPNNnzSUJWDuso8vj1iFZl6UUkmsnKSqNMl06QoJ9jVHvkhPmhODkdfXgyuV6TgXkMWHjXn4lFjDp61F+LlhWK8JJi/uliKXy5mA11k55fo+HxEMFf+6AVisurgEpwGv6gc2LhHwN4rGj7hqQS/LBhaOCKrqApZhZUIIwuXV9NHOB3zyc6YnbM15gzoLBmOQVpRVZ86+/N8yJ0lxuUW1vJ5dEHG+29AZ5aeU1BJwUk5QkKj6EutStHVMnrzlyMoKABPnj3hIL9z5/avFeVuj4zwIfk7ZOq/fFzq1FIosPRhAvPIAH1JgmDlYAMbR1tYu9jB1s2Bfh8XOPm6wzXQE94hfggguAd/yKz9aLvt5ZFk2XnoamtAW3UumhnUL/TxIcaGmjLU03vfUEOWkxWFvORQFGewzFsTFKd4opLt4Zsbj8ZK+pyKM9FI4G8uSUBbZTZaa0rJynsFG2O0NpIJd1IHW4eKijKUlpchjQKMyoJYvi1iBQVvNZWFqMoNR2NxDC7WZ2GgvZyi4ja0ViejpTwC7bWJ6OxsQmd7PXovVGNwaBjXXwBDLwVtmNrtV+/x4CeK/An0L+nXe/P+z2bpgWcU5V4fuoEham1tnWTmhUhKykRhUTmv982W1LG5eJZMxyyfLa+rIJCXVdQjv4itWMhHdEI67J29oW5gRp91GX/eiRQd/1vm0Llt/+VfCvS//OUv+PLLUdiygTq2k6rYunUXtm3fid2790JOVh6uLu7ITMtAO/3+Vwevcdj+2QjJq5FmDGQ6oDndE4GWJ6B/ZjK8jBbCTWsKgqyWoiD6KOKcViDJbT0iHVejMHg3qoO2oDtDGGWeq8jOZdARsQsvh4r5880hu/g1052A/tUXn2PsN19iyphRWLV0CTyCY9B3+wWuPn6LS3ef49Kth+gbGkHv4BAB/TI6utjUyAW00udXf76F5zUw+2ZD6QzcbGvj2pZedPRc4asgrg3fxuMnT/9umdj1q1dwmYLHvOwkxIZ6w4MMVEfuOOz05cjGoxDtfQ6BjpoIJAj722sgwEGbAK9LsFaBq5kCB7GnhSIHtbe1GsFehdt4gIOWIOGNWSzZuA+Zu7+9JrzJ1j3I2j2tqdFzBNhr0e1a9P+qwI2CAS8KCpjR+9lpkbETpI2U4WiqDjsjVdgaqfO9t63PqXGIWxmpkaErwoZgbmOiQUDXgYejOSpKBHkzBoYqsHcwgf45Dbh4usPfPxjOZOdnzhzFzFnTcOLkEbhS/2FsYsDny9XVZWBlrQtzSy1o60rBy8cEgQFWUJUXIeibEswNYWurTeavgaTEQDQ2Vv3NrmWXL/UiKz0e9jY60NY8A20Ncer3TkOTGbmqMNk4gZ0MXEn5FJRUT0FV9RjPttfRFIOOBoFe8QiB/BTdRvcpi0Du7BEy8gNk3nuhIH+UAH2EZ6eflWGJcczYD0CcIC17lqAuK4Cy/FmC+pm9guQ5qcNk3XsgLsYKyLBla8zW2Tz6Tr6Ujc2ns2F48TMHeVU5MQK/lqZgs5bUrEzIa6pBWEoSCanp/wTW3+MuBTW5qVEI9rYlYHsjJtgF0YFOiAlyhY+zEZIifeBE73Wojz3CA1yQ9XE52uvXsLWyxtIvp2Ex9TWLybbnz5/Pm5DQEoL7PG7rzNpXrJiNFQT2o4dEsYbAPn30aMyitoj+ppZ+9RXmz5iBpdMnY/va1dhOds4y2lmS3AE6srXnJ1kNdwZwsnGpzetwass6nu1+csMiiJHJs+z2s3S+4rL1MJo/F3ozFkJn3FKoL1gMl0mLYDN+Dc5NWQPDGSvxSX5WDH35Mim6yyerKyajTUZaZhzi4sOQERmEaopWLmTH43JJEoar03CPIP64tZBAXoQXnSVk5mX4sauCt1cXK/DmIsHvWumHDPa3yCCgxuQ0Ia2sC56R+XANTYNbSCpsPaMIgLEIjsuCtrEl0gsI6AThpKxi+JONKWoYIC41l8+fF5Q1fagKJwB2dHwm7Jy8kJZV8mH4vfFDopwA5oJjPQd+bmEV0jOL4OkdwDcQ2L9vD689/egRW8v9AHdZjfcPG7eMkDGx8rB32c5sZOoP7t77EO49AprzydbbgZvduNxagfjYYHj6uMCR/hgDQ3zh5OUKG1dHuPi4wZHM3YOsPSQq5Ld1nD+/RnVOMFrL01BbUYSmujJUV5WhtqGFl2ftaGsn0JbQfYUozY5EYYoPSlLcURRnjJqcQJRls0pGsagoLkJ9fSNqSwvRWF2G1oYaNJHRtnYO4DwZ//mmJrSdryWwsznuZhTReckxPijLi0UV2XlTTQlazldT9JrA9wFuLM9GW006zpfFoLEmH821OWirTaeAIxWdbdUE92T0dTXh2sOXHORsnn74A9SHftcY8K/T8caPwN3XwKOf6W17+99n34+wKn4jtymAGuGvlWU/5xeUooCgXVxciXSCOVvK6OUXAp1z5jiroo284gq+/e2/A+b/jsZg/t2oMVg6dw12bTuJ7dv3Y9u2nRAVEaWOSxuWlpawt7dDgJ8/QoKCERIcgkD/ALg4u9LlMKRRR8bWZvdQwHab3ivW0fzZT3tVIC61x6Kp2A3u2tNQGH4ABZ7rUOa7Dq2JR9GXfgr96SIYzBTGYIGgYtyRo0cFe6KzKnEEdTaHPoYNu3/7NZYuXIjI5Dz0jjzF4JO3GHz4EwbuPEPfjXvovX4TXZev8uQ1tqtac1sHmlrb6fOrpu9yN65dG8LVq9f/7jW+/fknPLh9gwJaCsAzoxDoZgQ/Mjg3S33ER/vBzlIPngQ/RyMlKIjsgbPeWeSnBSHS2wihrnoIJoj72Wkg2EWPQ93HWl0AcwIxA70vAZjB2IMA7kWg9mIJb9zIlQniymTkaghw0kGAI2vUibsZkLAYwo9g7munAy8bDXjaUABgw4bimbnr0nNowclUFa7U6duz9eNk447mutR04Eyv14mag5kOHCzYdR04WevDzd4ICTGCkaRyCsCt7Q1hYKoNDx9PeHr54vDhvZg+fQJfQunh6QwXVxvo66nBxsoAVpYasLXRps/fDH4EGEtrHezYsRoOdvqwp9fd3FyDK1f6fluu+voVLnSeR1JcAEz1paCrJQUdbWmCOcGbIK7Fk9zEoK0uDg1VUairCObH1VREOLhVlQ9DV1uUA11LTRQaSiegqXKUzj0FNTpPWeEwgXwXQXo3GfpRyMnsJ5Af5kPq0hJsWdpunugmQSCXlt7Fl6TxeXJJVtJ1P4GazbMTsMV2CJLkZPbxBDgx0R3c8s+c3syT6iRE2ZK2XRAT28nvHx4exIWuLohKSuGwqATEFVSx//gpkpaufwLs79Db1YGMxCi+hjyYbD0lxg+Bnpa8UE2Yry1CfR2p3xdYeX//AHau2ooFY8ZAiMC8eOpUzB87FgsJ4CtXziKIz+SWzorGrFq+HGvJutesXkEWvxoHd+7E8llzsOg7svRvvsF8eo7FBPYfZk7EpvXrsJXs/BiB/DQ1th86y1xnu6yJsLXm1Nhuayd/WIkDdJ7IFkF2uwSdq7d4DfSnLITW3GVQmr8AmtOEYLBiAfTnroTuNIL5+EUwn7wQn2SlRaOiNBNlZTkoJrAzoKdmxFInYwFrLVWku9mgIdqXGJ2IBwS1551leNVdhdfdldSqCOjleNlZihftxXjRUYJ3LwXDZ2xeNSa7Dh4RuQTyXKRX9iChsA3OIRnwiMyCjU8M7Ajojr6RsPPwR1B0CtILmaVXIzopG5YOHrB19kFmbiVBqflXA2dr0+Opo/EPiOZV4RjM2fD7R6B/bB8tPSunFHr6RlixcgWElglRB2qOwcHLePDgPh6yncoY1O/fwwhZ+t17D/CAYMEy0+9R53n75k28+Dj0PtBMrYmIRV+oJ4N4/+gS3j0fxttn1/Hm8VW8enQDPz25idvXe3HnxiW8ejyCezcG8OzxfcEc1sMRVGQFoC4/AhV5iaitKkVbRxd1hNQhtnbSF7WP7LwcHefL0FASi5QobyQHWSIr3JjATnCnIKu8MBfVlWWoqqxATUUJ6mrr+drdNlY3u4kFBKWoqSpHQ20lr/zWUFOM4txEZITZUjAQhPxkX9RXkNE3laM4PxXl5Wx5WgGa6svJ3iNRXZ5FgQYFCpUZqCkhW6/PJaBnUgdcxZPvhp69+w3qfzB2drz24j2HOoP71T+0YZZ9Tyx6QKB/RqB/9ct/PXw/cOkKBgauoIvekywyelt7N6jqGEJJ5xy9jut8x7r/X8CcTH/MqHFYteR7LJq3HCuEVuOHHzZDRuYsrFhNcldXuLu5wcfbG8GBQQglmIeHhpGRBcLHxxd+fgF0WXB7EME+NCgUXp4UPDo4IzAwGMF0vaSoEiO3HuH1qzd/+l7evBCL661RuD+QgZt1NuiOE0a9+yZ+n6mZ6YfMdkFyHIP66K++wIRRX2H54iXIKKpD/+1nBPPXuHz/R7L0Z+i/+RA9127j4pUhXB6i7zsFvTdH/r5CHxs2f3D/DpJiI9BaX4zzFMgWJ/qiMNYb/mTO4ZaqcDaURoDYEQKrFcKDXeHqQCbubk0AVYPoge/hbaKK5Ag3RHqdQ5CjNvxs1PnQODNudzJzV2M5ftmLrNyXDZszOycoM9P2YEluFkpwofNYwpu7hTy8yNB9HTQFpk7PF8AS6Jx1ObzdzJU50D3odXlRoOBDZu9Bt7uYqcDWUJHsXBk2hsqw0FOCma4yrNh8OQM5NRtjTThZEcjtDCggMYWXszkCvBx4QlVxaT7sXa0QGOoHSxsTrNu4ErPmTIWCsjx8A3zgTSCxstKFjY0ePNzMyArJ5F2M4eZmi8AgP/ywaTUKCjJwfejyr+/tvXu3ScCK4edjDU2ya12Ct6G2AN7amlLQ1hKHNlm4Poe0JBm5OJm5BF0+Ay0VYYL1Cagrn4SK/EE6Hoa6EkuIO8PnyzXI3DX5XDpdVmPAP0F2fpBXg5M9e4wgfJDPiZ+VPsJBLSO9m9u7rBybK9/Ba7Sz+XAJsV28WAxbuiZOID/DQE1Q5wlxYiygZZnt28jet/PL0pK7IClJt1GTkdmBrHSBKR87ehonT0tBTEIKO/fsgfDpM/AODMGNGzf/Yayz72RLQxXC/ZwRFeqFYB9b+Lmaoao4C7dvCeryB3l6ctteSiBndj190iQsISgvZXCePJHMfD6WLl1CYJ+D5csXYtWqVVhBUF+9ajGmjZ2Acd+NwfRvJmIJPXbhl19iGj129hdjsXXJIuz5MHfOt0ulIGDPhuU8e/3Y5lU4xZLgCNxsF7bjPCHue27pEmzInY6GU+fD6K/zoDxmDVRGLYT6mGVQG7US+hMX4tycBdD5agEMRi/AJ4W5SUhNjUF0XBhi2NwvmXlCQiRU5WVxZvduaB07AOezokjQl0eNiyF6opxxk6D0kCzuBVk6s/Kfuqvx9vrFX4dYDYxMMX7KTKgbOSMgqRR+CaUIz6xDClm6d3QRnILT4B6RASvvaKibOMLeKwzugdEIikknqNfw+fPI+GycM3dCZFwmT3IrLG3kGewJKXnIyClHZk4F2VsySsrPc6gLhtsbuJkzmDM7j0vIxClhUSxcvAgHDx2m3ysF7k4uqCwt5tnuDx8/woNHDz9A/QEB/hldf0TGLtgzfeTWDT70/muVMVY97lYP8Pgy3o50kIb24939Ht7ePx+i6wNE7ut8G1q+Je2PD0nNBZnPt671oConAOXZwbzcalFhPlovDKD7yk2ymh50dbbhPNl2Y0Um6gpCkBTmgNhAB6SHmCE/MQB5KXEoKSxETk4mqsi6KwjuxenxKM5IRlVZMcqKClCYm8c3u2BV38pyk1GWn4HinFQkBjujKCWArN+f75LVUJZChhSC7Kw0XhiksSoXFbk+qC5O4DA/X5ONqsJINJWGorUuC1093ejr78W1e8/+xtD/2H5v7Azugvb3cP99u/Zhqd09gv2Tn//74fvLg4IkmfDw8P/PQvxjghxrX37+DXZuOoY5MxdjxpQZWLVyDQ7uZ52hDBmZHkyMjeHo4MjtnNUnD2XQJnhHhNHfYVQ0EuITkZqSiuTEJGSkZyAjLR2pySkE9xC4urlDS0eXOkU5xERSYJvfi8yU82huuoyOjktobe3HtesUZL796U/n6XnQ3d4OOzs77KGO8mOBGTaPPmn01zhCr7PifCcGbt7HlbtPcPPxSzx88RoPnr/6k5HNd3hH/8/TxxQQ36dA9u41dHc10Wspx96ta3l1trLMCOSGe6AkmoBub4AUgqO/hRac5cTgbawBZzsTRAQ5w8PmHDxs9SB+aCvcCaKJEa4I8zRGIB8W1+TBAGtsOJ0B25eMnV0PdNSHjx3LYteEJ0t0M1MkSCvRZTV+Dpsr97UXwNzbRoXf5keW70fW60Xw9rLW4OvOndjSNVNFHhS4E9ydTFXgQM1CRw5WevIw1ZQXrEPXloeJtiLBXQGGmjIwN1AmS9eGu70xPJ1M4UNAZns5DA0PkXwEQEdXEwsXzcUyoUWwsDIl+/aEu5cNnF3PITrSHVHRbrC3pd/JxRxFJbkU5P9tBTu2Ta27uyOvsLZz+2rIEVxV1U/j7NmjZNdn6PskBX1dBm0CMsFZk27TUBM0ZYK3lpYYt3Z+nxrBWoVltp/iiXAaBG9NNWE+FM8y3NVVDtPzHIO+Nj1ehSxd8TgU2Hr0s8fJ1I/wzHZu5xJ76HUcwFk2lC66l9dvl5Q+QPAlmBO8pcXY7mosM55MXHQrpMjWpZmxS+/lti4pQbZ+Zh+kJOgcsnRxMbJRcbb72jaY02fPfpKTMyj40YSwyClBsqm+Mc5Inf0nTV3Qr7x+9YJvLMRg3tokWPfOeCBJz79g1CgsJBufxzLX6biUri+e+i0WTZyAxePJ2BdPxuLFiyEkJERQX4rVBPMNBPXFCxZg5qejMZdtbkTwn03HmfTYKX/5CxbNmY8N61ZhH1k3y24/Tu0Amy//YSPE6PLJTT/g4A/LeVKc2OaVkNy8HsI7NuPEphUc+NIb10Np3gKoTVkO45lTofnZbCh9OxdKoxZBe9ximBPI1b6ZDsPZa/CJidk5GJmeg7WdFSztrGFBx+AgL6T4e6Ew0BMF3k6o9HdGS6gzOsKc0OZvgRaKmC8GmONqvDtuU8f/y3NBBntbWwdWb/gB346fhG/HTcKcxUKwDYyDX3wBnAIT4RmVh7jidriSsbuEppGtp0L1nD23dHuvcDh6hyMsIQfJ2RWISSrgMDcmqCemFiIqLgdpOVV8nXpWQR0S00uRSoBnlp5X1ICc/FpkZFchNbOEr0/39g3Bxu83YfXa1bCwtObrWVNSMhBJHWV0cAAGLw/wofZHjx9/APtjMvT7PFFp5MM8Otvx5zYB/d6HYgL48Rkw0od3d3vxZqgZ70ba8dO1Rvx4pQ6/3GrDLzfb8PZGC97dI8A/uiKA+mvBiMVQTzOa8mIJnLG8AlZ2eiJKyqrR2XMFLS0taKnOQmttNl9tUJgVg+RwF8T7myEz0g2FBO78tBhu0xUUjBRnpVNLRl5SNPJTEpGfmYaCnDxk8gIcBagkwOelEexz01Gan0XP5YWs+CDkJgWhriwHNcUZKM30Q1F2AooooCul11WUHoLGkjg0lmeioTQaOYmOqMoLRWdNCrraa3ny4JXr13618z8D+e+t/beh+Pe/a/h/BDxrg88FRzZ8f+cPw/fsR19f//81OP+jIGeJZpPHTsTyRauxY9NhLJ6/ApPGTcCSBUuwexdbv6tABqUDaytruDq7wN/XH0Fk5EFk4wzswWQfcTHxSEtJR1ZGFooKCnmBFXYsLy1DRVk58vMLKAhPp/MDYKBvRKYWiysD9+m8ZsTGpiIhKYWeowiVdY3out6JzsEW9A5dxM0Hw7j7UDDNcePGHQq+n/1dh8eSKf08XJFH36fnL/9keP/FPbwbbMT7EQrgf7yHobRUOlzDs0e38eTBLdy6cQU3bl5CX08L9QfVkBY5gm3LZiAmwB7hLtbIC/FBDIEpTE0ZTjqa8DXWh6uaDNQUZZGfEQ03SyMC8zkc3roC1spiSI70QDAbmicY+9qp8+HyQCd9buQMyuzoTeYe5GzA58F9bTU4tFmmuqsJm1dX5/f70GPD3c/x+9lwPIO7NzVPW00+xO5Bdu5Clu7CKrCZsMQ4ZXoeLb4Np7u1NpzNNGFvrAIrAyVY6quSqavQdU1ey91cTxnW5zRga6YFB0tduNoZwdPZAr09AsmRPSuJ2bPoO7B4JqwsDeDoaAFH+3MwM6WAg/rS4CBbNDdXoaqq+G+WllVWlsLAQANr1y7G5CnfYtLEr7B00VRs3kwWd3w7fY+koKgozJPcdLSFYWwoBjWCtI72aQHYCc4sg51Vo9MkK9diQ/DqDNKn6Tq7LAZVlsnOhteZtasKk+WL0GdxlFu7suIxqBDQ5eWOQFn+BBTOUjAquZegfpwgfIhuP0m/2yHIkImflRAMtXNDP7ML0lIEekmCNdk4G46XYEvYGNDF9kGS7pckoLPhejHR7wnmZOqi2+j+HRSw7IYks3mRrXjy+CHSs/JxUkwCwuInIKcgC1UNXRw6doL3z//bn3fvBHkqGdHZWEpB93yC+Bxm4wzqDORs7pzNh0+disVTJmDprLFYsmThh6S4pXw+fB1BeiVBfTZBfO7XX2MePZ7NnbM59HlffIHFM2di5+q12Cu0jG+humfT9xCh474NQhAlmB8j+2abuLC67qdY8tuG9RD9fiMk2W1bVmE/na8otBp6C1ZAadICKE+eD6WvhaD0zRQofbUISqzAzIT5sJywEEYTCOgyaqqwsrcWZG1Ts7K1RLC7E+oSo9BXkIrrBJib1fm4VZ6K2+XJeFSbiYdVKbidH44bRXG/JhCYW9tj3pLVmL1oOUZPmIJvxkzA6PGTIbR+CyzcIuASkgL/xGJk1PYjhGzdITQTrhE50DB2hqNfDJz84mDhFADvkCT4hKYQvKsRk5CPQLpu5xJAxp6L6MR83mKTCxGfWoQ4gn58cj6ycqt4QRm2Hj2voArRMcnYR4Zx/MQJstB85OYUkp2nIikxDYnU2Xk4O6C8IJt/KZihM6CzYffbZOYjt0d4otzIyE3c+ZAcx2ozP3/2IZnnAZn4i7v45W4/Xl9twMtL1XjYVYQnPaV41leJF/1VHPDv7vYITP21oP74hYYC1BYlkTnHoa60AGV5WSgtyENtWSkaqqoIoqloKIhFbWEcqjN9kRPridxIJ5SkhiA/OxuJ4b6oqKhFI8smpoAgNyUeWYmxKCvMIzPPRk5WJll/CV86VJybRZ0/Xabnz44LQk5cALITg5ER64v8rBSUFmUhL9kfBVkUVLAtBLPCkEf2XlZAr68gkWzKD+VpDmirTEBzdTp6LjSit7cbgzfv4sZL/Kml/1dA/zgk/xHo1z9Y+/8E7B/h/rGNfJDDQ4cO/cuB/L99Dnbe53/9HONHj8XiucuxZJ4Qpk+cghmTpxDcl2L9mnU4evgoZGXloKqiSp2uDl/aZmlhyZPi/H0CyNRieMtMz6TPpZTgXYGaqmo01jfwKmzNTWTg58+jqakJlRWVyM8tQGJcAmLCIhEfncDn3u3szCiANUJKcgnKyltQ1dCElu521HTU4eK1Tly5w0aF+qGsYoIJo8chPCwctfTcT/+QrPbul1/w5PYNPLrSgx+HB/B6sAkP3Y7jfaU13vdHUgvB+2vRGL5QiMG+Fjy8O0QB8DVcvdyLwcFuDPS340JnPUz1VHFkw1zUl6dBU+wEkr1dEetKfY2WNtzo9/c2NoK97BmcFROj72Ys3KxN+Dz1wa0rYaF0BnEhTojys+RJcQEO6mTjmghy1IOfnQ48rVnCmypPbGNlWv3sNLnF+/H5dMGSNJbcxobPGchDXfQR7qZPj9eloEAXkV7GCHYxQAAFCN48eU4FHlbqcDVnw/Wq8LBWg6sFgd5MHfbnVGBzTjDsbq6nSE0FtgR0a0O63UQLtqZacLTUgyMfeqeghIKX2kpBLtHMGaMhREGNiZEKdHVkYWOlCx01CbQ0V+Lmzau/ral/8hjZmakEaSnMnTcR48Z9jgkTv8SUKaN4m0VAmTt7HDZsWIRd24UI2mIczMoKJ8nSRfhcuIaKMB9OZ7fr64hDX0uC/i8Cu8ZpqKkco/tP8Dl0Zt7q1BjM1el+ZQWWHCfMh9s1PyxZ01Q/xYfeleg+VgVOTuYgBaTHcFbmGKSlDxPYD0BR9gBkxAjgbKMVBmOJj22PwLrP7PowR76Hm7ikOAGd4C4psQNnRDZD9PQWMv19fLc1yTMENBGyeeHtfN/0yvIcwbC7qCSk6e/G0sEeZ5VUIC4h+V/mkvwjP08ePoSuqirmjSMbZzAmiM//7jsO8QUE8yXfkpmTpS+YPxcLFszhw+0M5myYne0jsYaAzir7Tf5qEiZ/+imfM2fD9LPoOIOea9mECdi+eiEH9o4NZOYkl2IbF+HQpk0QY/PkG9fg9JZNENm0ksOcbZsqQYBnQ+1sTl2YzmMlX7VmL4LstFUE8jlk5QugNHo1AZ3at0vo8jyof70EBlMJ6uMI6HZO9nBhSyY8HOHiRX9oLg5wMzNBVVQwBssy8aClHC+6avGqtx7PO8rwqD4XD2vS8cszgZW/efcent5eWL1uI8ZPm4sZ84UwecZcbuhjJk/DmCnTsfXQaSQWdyA4pQoxuc1IreyFS2Q+7ILSIKlqBo9wAnd8OXyiCmHtEgLvwHgERaQhMDwV4dFZ9LrCed32/OImQStqREExq/VeiYiYdKRlFqOktB65+RUwMjbn+/WeMzble4xnEdATGcyT0/nwTTx1gOHBQRRZa+JS70XcuXMH9x98SI6jyx9h/nG4/TbbP50aO75982Ge8ikZ+8v7+PlWN14RvO935uJuey4dC/CkuxTPB6pJKwcJ/CP0BgnW09YmuqEy3gWVMQ4oCHNESZQHUtkmAHZ6yPRzRlGED/ICTVHqoYKWABX0hqjhRq47+qKNMJzjjv6iaAJsLuqqKjjEc5LikJucwKFeXkzWXlRCVpVNsM5HSV4OXz5UmJOBJPoc02NDkRUXgsxQS2TSMSszHakJkSinYKIwNxGFaX4oyQhAWVYQSgrI9tMCUErXm8picL4kEu216bzq27UHrzD8/P2vln7jd/Pp/525/1n7aO0fh+Wv/w/A/vhnwdvP1nr/z9aU//uBzu5niW9sLnrq+IkE8cmYM3U65k2fibXLV2Lz+g3Yt30H9u7Yia2btmItgX07XT8tLAwFeQKDmQV8vQIQG5WItORMFOYVobSkDFUV1QTxOrS3tqH7Yhc/drH1/B3t6Ojo4Ls7NTU2ob62BpXF+UiPCICfgwlUJI5D+NgBChhM4eIcgeDQbJSzHeuqanD74W3cf3oXr37+8e+S1UZ6L6A7PwVl7haIUDgOx0PrECq5Bc2uKnh19Tx+bonHU5ddQK8t3t93xbtOSToW4Mcnw3gw3IuHdwbR39eLK5f66NiGwatduNBRD38XCxxbPwtBrsbQlDyO1BBfpAX6wsvMCIGmZLLmJjA+ewbKMtJIjgmGl705n5/ev2UNtCWPEMxt6PvrwQvB+LLhcpbJzrLUCeQsA50NsTN750Ztr02Q1yAYqwgKxVgoUVOmx2rzgjNRnoZIDLCg4znkRDsiJ8IBaaF2yAx3RHyAFcLcDRHhbkzn69BzanPIuxDYHcjMrfUVCOLyZOiKsKDLJmxpmdpZHnwwmDtZ6MLBnEyeDNzDwRT+rjbIShYIj6qiGIz1ZeDva8d3Yevv+224+Pq1QQqqAshgj2PpwqmYP2c8Jk/+GmO++ysB/QtMnPg1Jk35BpOnjsJMAvr06WMgJDQNmzct4nDUUhOBkvxx6GqJwUBPnKB+ChrqBHgtYYL5GRjqitM5zM6F+f7rWuqnof5hP3UGbVYHXlNZlD8PW76mTferEsBVFY5CTekwwf0Y1JSPCZLjzu6HDCvnKk2BKascR4YtJ71bsC2q5E5u3YI5dlYKdg8v9yrFhtbJ2iXPbIfE6e0QF95B0P5wGwO5KAUDonv5UTDsTucR2CXPbIGbk6DmhLmNA/QMTSCnpg55FRUKQjT+1zBvamjAVgLzHJbsxjLSmVGPG4flBPGlBPdZU6ZgGbP1meOwaN4kCC1YgOVCApgzkK9fuxYrV6zAlImjMeOzzzGPID5tNP3tf/klb9PpedYICWHP6vk4smYJhKkfOLF8A07+sA57N6yD8LqlvDIcW57GIH7yA8RPsqIyrErc5pU4vnUTFBZvhtK0xVAcM5PgPQNKU2ZB6bu5Ajv/ZiG1+dD7biEMv5sJ01Gr8YmlnRXsnOxg4WAFWxc7BJOlZ/l5ojk+BNfy43GvNgtPWovx8mI1fu6rxy83en+di3hF/zwmoLPtFSVlZDB1znxMmDYH0+cswaSZCzBu6ixMnDEHowns6ibOSC7pREBCOZLLu+GfWg2H4HQYOYUhobAH/glVcApIhZG1DyzsfODsGY7wmCxkF9QgLbccnr4RKChp4PXa84sZ0Bv53HpSWiHcPQIRFZUM4dNiWLh4CURFJTjIc6lzzMzMQ3JSOmJj4xETHYvQwEBEBvjCSFsNfm7WuEmg5kvW7t+n410OdWbut9hw+w1BYxu7jJCls+VtgvUhBPYfHxDUH+DNcAcedBbiblsOHneX4cWlGjwlS397b4APSeLNC7Kdt0hxVkew+hGkm4sgTvsIghW3o8hWEilmIkgxl0S6hRQCpDYjUmknUrUOIF1nN7LOnUCZrSh6w3TR7q+EWnsxNLiIo9ZFGiVO8ij3N0FRjA8ayfgbKor5zkHFeZmoKS9BRWE+33gg0scBOakJyE5PQZyPFbITwpCaHI+UhGgy+VQUZ5ERxrqjONkD5dm+KMsOQ2mqCxqLwlGZHYg6CuraG4vQf7EVl67fwdWHP/PkuKuP3uD603d/DvT/IhP+b66/+L21C65f+0P7I9QZ0Flkzgq4/Dut/B+BPXsto78ZhQnfUWdLUf3MKVOxaO48/EBB5a5t23HqyFGcPnacOrPT2LtrN77f+APWrVuPXTt34ayUDOys7RDoE4hEVpAniT6PwhICeT062JK+1nZ0E8T7e3rR192DXmp9vb10JAPu6+etp7MT7fVVKEqKQJCNLpRP74WDpTFSklJQW9uKBw/+dlj91cuX6DzfhIxIgr2JEcwP7YXaklnQWTQV+mSR55ZNg+PKuUjetwGuP0xAy7kd+ClIGO+rzPC2Qga4pI5318zx7nkbHj4Yxqtnd/H0Fr2OxnI01TfxQke9PS0YGupDR3s9slNCsVdoEqT3b4S7LQE1wh+Z8WFk3j4I9XSAi40RlKSOQUFaHJGhPnCzOQcjDVns3LQceooiCPMype9oKPxZZjqBmZk2gzpbXuZuwZLbDAjAZOz2bAMVebiaKfFqb048YY7OM1PmWeyxPsYojrVHfqQtUvzNcbkuFt0lQeirjsH15gzUZvmhLssbFcluKE10RZz3OYS4GJKla8DRXB0OJqqwJUu3NFCCrYk6HVVhrq/Cl6vZmWnDzfYcXK0N4WplSL+TIbycLBDi5ybYDvp3Weksn+F8YwNcHa1w9MBmLJw7AXOozZ8/BQvmjse8OeMwduznGDvmM0yY8AW1rzBx0rfUvsbkKV9j6jQCz7zx2LBxPg4d3AhtTVEy6ONk5cJk6QRvTQmyc7ZM7TSHvJbaUYL0CQ5vFcUT/D5tNVFedlZdhYyerqsrHYKO+lE+n86G6DVVmNEzi6fblI9DheCuJHeYz5UrkqHLErTlWWIcqwAnuYs3WekdZPF7yODZpiu7IcPuI2CzIjNsCF1MZDukWOlXETacvpOCgG3UtkL89A+QFCUTPbOVA12SV5WjQIACgLPi2+jv/UdeRlhTzwDiZ89CQloGzi7u/zTIWf/h6OCAZWTQbGh9wfjxWExWvogAPIuAzsx8AZn1fAL8Erq+dOokLJoxg5v5ttXzuJmvX78e28i6l9H9Mwne8ykAWEiPnzvqO8yh4wJ6vmVz5mDbmoXYuXYhjm9eh+Mbqa1fjiP0vWZD78d/+B4nNq7AznWruZGLMTsnG2frzlmm+5mNGyGxYRmU1nxPEJ8HpYlzID5hNpS+pMvfLoLqqCXQ/mQJ1Ecvh8bMRdD5Yi6sJi3GJ8fkFKCipwN9U2PIK6nCz9wU1eG+uJqXgBuFCRjKj8WtgnjczI/B2w9WzlLEbr9+i7tv3uHe63e4cu9H5JTWYtOW7ZhCdj524kzMXUzRy+z5BPa5GD9lBibNmguXkDRE5DYhJK0WvsmNMPbMg7CaN5zDSxCU0gS/uCq4B6dBVY8FFwHwCY7n+56zDVtik3IQGZvBh9UFrZ4fswj2sbHp2LFzD1atXo9zRmbIIIgzoDOYp6VlIjExERFhYQjx9UGghysC3J0J6t4wpI6juiyPz5nf50C/xys8sRKxIx+snBv6zeFfTf350ycfxmsI1k9G8MvdATzuKuUb1jztqyJLL8ad1nw8vFiON/fZHtzP8fzOEAqtpZBqKopEQ2HEGZ2Br/wBBOuII0DzNPwkN8Hj5FJEyG1AjPJWxKjuQYbefjR4KqDU7gzitfYj2VgUERoH4SaxBXp7hOB4dCXq7STQ4imDi4lOaE31RWWkM0oDLZBkfhbJZCh+hgqI8rBCQU4OUmIjEOVmhRjq/Jw1xOCvI4p4ezVkBNojzEwWqb6WBAUPFIQT9ANMUBxlg8oUT7QUx6OrrgR9l66h5/p99A7dR//wQ/Sz9ckPfsLQk18w/OxPwP7iz+39j/Ptwy8+wp0dPwD++W/t2h+AfuHChf9RQtp/B/d/lbn/hRrLap05aSpmk5WvFVqJPRRhHz9wEAriklCizsdYW4c6PynquISxkyx9HRn64UMHceLkCepg5WFhZABvJ2cE+fggIzUduVk5qCyvok6/GRc7LuJybz+uXrqCawOX+ZFt/Ts8OIjhK1cxfPUarvT0YOT6IIYG/j5J6NmTJzhfXY1Ib2/oyZ3FYeo81o0bg2NrVkJP7BQ0d26GxvdrobVqAfSWzYTrypnIPbEPRQe2omT7WiScXIYWu8N43UpguhcIXJHGu15lvP/pGpHpFZ4+voVb13vx7MZFtEeHoa+LLJ8svae3FcM3BigoqUNDfTG2zh0H2QM/wN+dFfewRXp8MJKiAxAV5A5XWz1oyJ+mzvsE/Lwd4edqBU0FMRzevQlaCiJICHVEVUEMAhx14Ufm7GOjAVdzBbiReTNLd2ND41bq8LbTJpirwM5QDi4mChzsAWyO3EoNqUH0NxBtj6v1sRisi0Z3cTBuNcfjdksc7nWk4sXlYtztTMeNpjgM1objSm0kalOckehvRtavCx8HArSdHlzZsjRzTQK8NuxNNWFvpsXXnjtb6cPFWh9ejsbwdDBGU10Fmht+Wx/+koKo/PxcKCnKYfqUCfjqr/+BSWO+wILZBIBZozF71njMnvkd5s76DlPIzseP/5IPt0+c9BXGjf8K48kC2Rz65CmjMHrM55hGlr5q1Rzs3rmKD4cz81Yi6OrR3/Q5fQkC836y7ePQUiWQq4vyhDc2nK6jdRoaasfJuI8SrEWhrSoKHVVhAvpRPvzOggK2dE1LTZjPoQuOBHaCurLCPijIHaDv8jEC+X7IsV3VpPZDSX4fHXfiLEFcWmI3HXcSyHcRpHdARpxAT5dl2Dy6CNn36a0E9128mIzYmZ04fYKuE+glRDaToW/mGfBnhLfxgjMiJwnyIlvRfF6QtCarqgJJaSmo6+ijqKTyn4L5lStXcIRAzKAtNHYMlpGdCxGA2ZFBfB6BmC1PWzqZID9tLH0eswjME/HD8tlYvnw5L/e8lm2Jyux87lyMI5jP/OyvmE1AZ0lw8+j6FDL1ZbNnYx3LYl+/FhtXL8OOdeuwcz0FBBvWclAfoPuENy/Hie/XY8/G5RDdsh6nCeQntqzk97MtU/fTYxQXrYXSqtVQ+nwKAX0BlMaSnY9iyXDTofLtahh8vQDa30yDzpjpMJ0qRJa+CJ8on9OHqr4eDAjoplpayHBzwMWkYAwVkp1XZ+J5SxGed9X9tmsRRZgP37P5zLe4+ewNrt3/CdcevMaNp7/AwMgCM+ctJDOfgbGTpmHO4pWYMX8pWfpsjBo/CZNmL8A5hwA4hhXikIwNTihYwsSvDLr2sXANLYJbWAHcQjLh5BsHZS0z2LsGIDw2k0M9p7AGweGJfJid1XFnjRl6aEQSDhw8jpOnzhC8c5FfUIZUOsbEJJHxpCE2JhZh/n4I8nSBv5sjfJ3t4eNsR50o2/HICWHeDrhyuR93yb4ZzG9xmA9xgLMhdzaPfvfDXDozdXb7m58/jP0+HMb7J7fwcqCWDD0Xt5qycLMpEzcaMnGzIRu3mwWVm55caUOG7l40uEqj0OgwGr1U0R1jDu1dS6GxeQlSCOD+YuvhdGwlwiU3kqHvQYLeYSRqHUKk7Ab4S2yAn9QWhCruRLTabsTpHEG4+jF4yu5FCF2P0jyOcNX9sDm1FtZHViFcdhsSlbYhQW4LCoyEkWt4ENnn6DF03Xz/CuhtWURBwnF4im9BlJYwfGW2wU96K1L0TyBc8yh8KWKPs1JEtr81ajIiuSX2XbvHN00539SCzs5edA+OoO/KLQzdZ9u9vsENgu+N/wHQf20v/mTO/SPUn/8t1D8m07GflJSU/3bo+2P7Pdx/D/j/LczZc3/62af4/LPPMGXCRKxYtARrV67C7q3bIXZSGGpycpA4dQJm+vqwNTaBi6UVDNTVceLQYSwXWoFFCxZh/569OHHkIDQUZKCtIA0LLWWY6KjC3c4GCRERyM/MQl1VHZoJ6n1dPbjSP4AbBO8hgvjtoWHcvHoV/5e0twDLKuv+sJ1Rx1YMFJFGuru7u7u7u7tBQEoQUEKxsBUVG7tbZ+xCxG6dd3Ty96190Bnnrf/7fR/Xta9znuTh4Zx9r3uftdd+8oCOy6Fh3Lk2Yn9vX7/Gob17sKR2IRIC/GGlqQJVPuqoJk+BBHUykpMnQnPGdAQoySFMXQkxelqoTY5DVqA7in0dUaYjhtWWihig2ztMNXHASB2nvbVxK9sUv26zwm/HDPDb7RL88ftrah/x+6/v8Nunl3Re3MGbYToeGqvx8PoZ3LxxGT98fwZ3713FxQvHcOb0AFxNNOBlpUNBSzmXFb6+h4KXlU1Y1l6F1toc+p6i4WlvggVlBWhrLENKdAAcLPSQFhuABoLpw3tXsLq9nKu1zgrJVGQGk4WzKWmRZOrRHMgXFpG5l6VgYXECwZeBPAab2vOxviUb53a04vbxVXj5/Ra8u9mHN99vxOvL6/Hu+w14dXEVPt7ZhQ/XtuDlhdUYPtWB4RME9YFW7OmpQHdDLlprctG+MJ8+awH1HXnUh+ShrjwLDeXZ3Fx0NqrACkMND/1VqpQtc3zt+gV0dtVjvsRcTJ7yHSZMGI3xY7/BhO++wZSJYzBflBdiYgQOsRkQEpjEAV1w3hTMmT2RGtk5L5n6rIngnT2Vg/m8edMweepYTOMZB3kFQRgaKnDXqNlUs4hge87EM9I9COQMwk5IifemrQttXcnAR+5nxWPiY524+eaJBPCkaDckRrNpa14cuFMoAEiO9URcuAOiQqy492GBQUy4DSJCHRAe4sDVco9k2e7e5gjztyBomyLU35oMnKDubcZdUw8h0w72tYCvuwECycYDWUU4LyN6DQHcy3wkCY6M3ZtNX/PURSCbm07m7uVhBA9Xffh60flEAUB7ywLu+6ysrYaZmQlKF9Rh09b+/9cwX9vbi/igIFTSeVkeH4UIT2f42hpAR4ofChRMyfCRpc+YwYFdbt50SIkIQVJEEIrz53MJcGyonV0LZ3auIS3NGTw/gXzueF7MmTAB4tRY2df5c+eSmauRmcvCTlMO2hrqsCSAG9Hr2XQ1Nx2W1a4HLzJyNoXNTk8BntrqXFU4Nufc43Pt9khFgrksQVxckUBOEJ9G++PFyNDVECkoi2Q+ccTwyyJ1rjTSp4ogfYoEkqcoYlRaUQESCOaJ8bGoiI1AZ0Ys+svScaI+D2ebi/CPJyPz83786WeuXvizX//Ak0/U6b78GXef/kwg/xW3nrzF6l62LvgRFC1YhDmfrZx3nihEpJQI6OKYPpsfPLz8kNe2QVLlOoRlNMIrrhExpZvgFV+LjPIlKG9ei6rmNahfsg5JOZXIyF+AioXtWLt5L1eznS260tLegx27DnFLJ+YUlEFX3wjFJZUUAe/Hpk27aHsA2/p2YfWqdeho70B7Yz2aCeKNlSV0EhagtjSfOs4C2s8nwJeiMicJx/b3E6yHMHT/3oiVs2vnbNoaS4x7PPwn0DmoM9AT+LmpQL/+zE1N+/XlPTw/vwODh1dj8NBq3D/Qi7sDvbh/cMNIZDiwHntyHDFQ5oNzC4NxfVk2Xh3sQKaDNqrcdbA91Q4nytwwkO/CmfeWGAP0EGR7QgxQZS+HpT7qWBakDV8NcWRYq3Fg7suwx0BlEJbEO2ExnWw1XobIsVVCuqkcUkxlCe6aKHVSR6mdAhYFG6HWQQpF5rJodFHFMgoeOsNMkKIvgXJrKWToiqLdSwVNripocFFAkakYKmzlUWOvjHZ/XQosHLCZjH9Hcyn2b+rF4YOHcezIMVy4cAW3Hr7A4KvPQP8K6kMf/gfAf/ga7L/jOgFq8P3vXE36kYY/2/3P5QCKi4v/O9C//QvqY0aP+Wt/zJi/wf7/r53zECRV5BRhomfAAdrf2xuxIaGIDgmhjssTiRGRKMrMREZ8PAI8PGBCx6k0Bbvs+rqZgT48newQHeSDmEAvpAZ5oICsNDfan4wzA3UlBLaGRhzcsx+nj53EVYL64O07BPJ7HMgf3b+PJ0MP8eLREwzfG4HITgoC5HimQXHqVMiyFZ9m8kBq2mQuUYcNLxrzzoL7PAGESIgiZB4v4uYLoyk5Gl1l2VidHIYN5jrYZmmArWToW3QUccpYE6c8yNZrM/Dy6mG8vn0Ar5/exKvn9/Hrp/f49eN7vHv5ECeOHMWDmxdxlM6n+8d34f6tC1y1witXzuDqD6dw5tR+LKouQbSfB1Z3NyGdYL1xWQN2rGtD35rFWNdVi8UL8+BlZ4ii3DQsXVSBgvQYuNoaIzLQleDuhRVLq7F/xyo0lI7ME6/OjcACaguZmZcmEsiTUZ0fw61dXlMQxw2T71hWioEVxbjSX49H5zfg7W0Sk9s78fOD/fj0YC9+urUNH6l9uLoG/7jdR0DfiJfnV+DFmU48P72Uzt1FuL67GTt6qtGzuBSdDYVYvCAbbXXFaKrKw9qeNpw6uh9Dg18ltb19jrPnDmF5dw3JRzk6VtSiY+UCaGhLYfqMiZg4cSy+G/stxrL23beYMGkM5glMg7joDIgITYMEgV1UZBpZ+0y6PR3CgtMJ6hPBxzeFS4qbS1v2PpMmj4XY/NnQ1poPR3vdkapu3PQzAnqyN9LIxCMJ8CnxnkhNcEUquzYe4zYyxzyOIB7nzg2zs+S3WAb1WHo8mm5HUd9MsE+KdiDY29NtO+42KzQTE2aLiCArMnIbhBPQQ9m1dII4g3lYAEGcVYvzseDsPdiPtqy0q5sBnQsmCKTHAsjE/T3Z2hlm8CZQ+3jqcc3fxxABfoacmXu5kp1TAMDqvPt6jWS6hwdaUV/7O9b0rkZwaBgKyxYQ0P/3crBs9NXXxwcpYWHoX7UKhzduxKE1a3CQxIBta0uK4ergAHlxgvosAjrLaBcThqL0PChLS0FVcST5jZV2ZTBXVlCABEGf2bno+PEQp3OLXTOfQ8EAG6JnFq9FzzMmwzZQZQuysJXU5GCorQEfOg4stVQJ4orw1lOCo7oKLDUU4UwwZ0lxbAobu6buRsYeKq+CVH5pRE4nkIvMR+QECUROEUYknzJ8+GifzUWfKI3saYpImCOONLLzFD4RjIrOyuIy27vJWPe21+FETzMu9bbi4ZHtn6/5UMf86BVOX7qPS7eecTbOYH7/xSc8/vAbTl68hrq6Rdh78CyuP3yH8zcewcjSCXyCopg+hx9TZs6FgJgshCQVIW8QCIfwRoSltyG/ugsBiVUw9ymAf8ICZFQsQWH9cq7YTF37elQuWg6f0HgUVTahrqUbW3YMcGVfe1Zu5BZpqaRIzc8/CL1rN2MjgXwnAX7ZsnVcjXBWXnQVmXlzdSXqyopQR39fbUkeFhTlcMvjVRVmoaYkGw2V+agqSENldhKZzlUM3bvLWThbpOUZgZzB/EuCHDeFjWDOHmdLr777MvT+6S3w8Q3+eDuMj09u4Kdn9/Dx9RP8ShE6Ps///X7dQhyq8MPWdHsMb63AjTXVeHKgE+Fm8mTb7jhYE4f7K9JxY0kK8s0VcIQsflmUFfqSbLA22hQ1DgrYl0URs5E0Ksnit6dYY2OMCfZk2GBTugsW0gmyJsIQywK10eisRIGAIbII/CVudLLbaiFQWRz5xjJYH2GEY4Wu6A3VRoKeGBwl58JDaja8ZObCSmQG/BSEEKU0D1Eq/IhRnYcsXXHkGkkgW08cJeYyaHJSQneEBbY2FGP3pvU4cvgoLl36Afef/YiH7/7Aw/d/gZxr7/83mF+5+xCrqBNuTQkieP/2FdD/DnX2403g/M9D4CMQH0vwHkvb78aMxRi6j9tnS4SO+Y7b/9rg/7/AfOzYMdThCsOU1V22tISNhQVcHB0RERiE6OAgMnVnhPv7IjE8gjP2IPrM5kbGUFVShoqsPAGeOtmYMMQHeyOFYB7vRR0ptfwwZ+SEOKMkLgxLFtZg/fIVODpwGKePn6Dj8zpBfAjPhx8T0AfxbHgYr9llouFHePPyBWfw8tNmQGbSRGrUyUyeyk2jUZw6GaZzZsNViGCupIBQaQmEiwggXUwI5TLiWK6niZ325tiur4p+Yy2s0lHGalVpnDDSxGV7M+wg471/ajfunyEDvXMef/z6Gr+8f4h/vH+Nxw/uYWDvfty5eQlH66twZ0cvvr9wHL0r2drm+8nWz+EMbdf0LOGy3fs398Dd3hT1JanYumoRdm5Yio3LG7C4OhvRAS7UeXuju62WmwLm62pF36UHkqJ8CfJFWFKfjwZWWIbNGSeQL8gJ5Qq/1H/OSq/MiUQVWfsCap01SdjRkYcb+5oxfLITb67vwMehA/jx7h78PLgPvw7vxy8P9pCZbyOwb8Iv9/rx/upGvDrfg1fnuvDs1BI8PrYYDw8vxsVtDdi3shrddXkUgHTi3MnDX81p/gMffnyFW/fOY926OhRlecPfXgW+dipYWJ+K5RsasGpLK4IiXDBl6niMIZCPGTsa34xmy/R+g9Fk69Onk92JzOIgLirMAxFB+t8JE9ip8c+dAr65kyBA9zG4iwjOJLhPpfcaQ8Y+EWrKgjAxUkB4qC2iIsicA625JLj0ZA+CuRvSEty5hV1SWZJcjCfXEqJduSlt8VEOBHWCNRl8PBtyp9fHRdnS/Y5k7GTwJAkxYRaIjbCl17kihn5HdKgFooKtKdCypYDBDpEhBHQ21O5timAfAzrO9REeYEHWbkKgN0SQrzHdZ0YgZ2ZuwWW6+7GSsAzqJCAsK97H3Qx+BHY/DxPuOruXG4HeXY+DuY87gd5Fj1toZvDBfZRUlCA8OhJnzp39n2C+ZfVqaMrIQJcMe2VrKzYSwPeuWIHdy9rRt6wZu2l/gJ5zuKcHi0oK4WNjA1V5eegTbH1MTeFmYsLBXJvAzKansUQ4Ph4+zBrHA3GC+HyydLa6mvS4ceCfOROqEhIEchmoK8vBQlMNOvQaK4I7q9tuwZZN1dKEqY4WzNXnw0RLBdZstTVNCXjq68GVzUcnO2dV4ZzU5RAip46oacoEccWRNloIAXzzET5dAZFiikiaKYc0PimkTVVDOq8ksnkEkTlXCaMy01OwtbUep3s7cHPHGgwd3ISf346s0vPhx59w6foQTl24gzOX7+P8tSHcGHqNwZcE83f/wJb+3SgoKsHpy7fJrt7g6oO3uPHwR6zvPwJRKUXMFhDG5Om8mE1wN/XIg11ACaTU7WDpEoGgqBTE5HTD1isDcXmtKGveiPy6Fajv2oqyph40d21BXnkTvAJjUF67GEuWb0Df9n1Ys7yHDsIwFOTnYcvWfmzespur2b5r12H09e1DReVCbFy/iaL+WoI5gbw4D1X5majMz0JFXhq1VIJ4OtdqS7KwaEEhQjxssXVNN7dmOrNwBvOn1B5/BjpLkBuZwvaQM3Q2JM/A/ufQ+//xc7Y1HQcqArEl0xXnmmNwsi0Hlzqz4KIqgURzFXQne+FWbzkOENg3pLnhSEUQTrdlY32SM26sLMAmMvjjlQFYHOuKpkAjbE40xZkafwwUeWNtmjO6Qg2xItwEm2IM0eytjU4/bWxMtsOaeDpAheZAkEzNVXYOKs2k0J9ojkMFrlgapE8mLwMPRWE4Ss1Fqo4wUrVEEKE4G9Hys5GmIYgkAnuiMh+K9IVRYiSGGisZNLsqo97fCKsKI6jTrMSOtZ04c+Ysrg4+5rLg7776mUBOcP8M9P/L3L+/eQOV3sbI1BXEzm39f4f5OzLztyNQf/Np5LtkkfJ/BO3oEZD/CXEC+jgO5Gw7nmtjR4/9l2H5/w3iI6+bNZMNkYpDR1sTDrZ2sDG3gKWxCXxdXBHq7QsfZ2eE+fogPS4WhempSI+NRbC3F1xsbbgVl+zMTRHl74WcuFDkhHuhINIdOQEO1GxREuqAGjKppiSCWH48ltUvQF/vCuzd2ofjBw/hhwsXOZg/J5i/IPN48/wZXj19ih8/zyfXlZGF9MzpUJzNC/np02FAW19JYQSrqiBCQw3hygoIk5NCkNA8JBHUG5RksNnBEjvIhrfrKOGIkQZWU0fTRfcfNdHBOUsjbEvyx53j9H85sx97N3fhtw8P8eO11Xj/6iGOHzuLE8fP4MbN6xjoasK5xgoc2b0dbY31uHxhPe7cvoyTx/Zh1461KCtIRWdbNXXU9hTsOGB1Vw3W9TRi9dI6OkfTKMDxg62ZHnp7WpAZHwp/d2uE+jqR3dmjq6Wcq7fdUJKIlsoUrkwrKwjDppvVFcZjYWEsqgtisSAvGrW07ahOwdF15Xh8lj7nrX58vLcHn4YGCOr78IEs/RcC+q/D+/Db0C58urOdHid7v9GHVxdX4+3F5Xh5tpNMfQkeHW3Bu/tn8NPr4a/WJniHfft2orm1Bls2L8W6Zfn0OfyRT4F3gpcmwhxl4WstjbgYR0QmeELfVBUzeadhzHd0zBHQWft2DMF8DNuSpZO1Cwmya+kzCOxTISVOYBfhgZAAwZyP7HzuZAgR3KUk5kKUQV2Ih2x9MgQFpkJBbi4M9CS4THJ27ZsNu6fGeSAjiYAe44xUMvTMFB+uihyDciLBOynWgZorl72eGk9Aj7BDfIQzB/K4SAekxDkhK4lZvTNZPaskZ4Nkdi093BHRIQT1EDZVzRZhQZYEc0OydlNuiJ0Nrwd5k417mhLMad/HBP4e+nTsGyGEVYQj6fBk18y92PV1dj3dFH7u7DKVPv2vDeBLEPd01aHnEdDpdV4kI94eBmTtelizopn77pOzkpCYGovzF8/91/729atXSA8P58quCvDzw1RfH+u6OrCPwL1j+WJ0tNSgubkMra112LRsGfYQ2I9sW4tjBPcli1uQl5CArORkFGdkwJggq0dAtiJz1hYWBv9EsniWADdhAvhZAhwFzeL0e1TEBaGpqkQQV4WJqiLMNGVgRRA3J0AbsfnnBHcXbWVumN2czkUzek9/TT04EdRZCVhHVhKW9i3pcU8lHYSJScCLRxSRvGKInCyDkBnzETaNjH02QX6mJOJn8yN9phhiJBW4anHpPCJImiCOUUn+PqiIDERXViyOr/qr9vijJ69RVlWHAyev4NyVQVy69hBXbj7CjfvPcG1wGGULFiIgOBBX7z3D7UfvcWP4PW4//oh7z3/Dtcf/QEBEElm6GOYIiIBXQBQGzllQNvEDn4gUAuMKYWbvAQfPcKQWt6Cmsx9lrX0ob9+K+u5+NPXsQCMBva5tDcLispCYnE0RciHW1iWjI88f7RVpWNbawE1B69u2Bzt2HkR/P2sH0L6km0s0qq8oRnVhLrVsVOSmciAvy0lGeW4K7aegim4vIDtnUG+qyENKuDsunz3GQfufYf5lCtuXaWxc1ju1Z48e/ccqXF9X0docY4pT1d44vTAE55sjsTrBHnc2lCLAWA1B2hJItdPA4MoSLIt3QY2PLtalOmJrnifqKeK+2VuBnkRH7M73xL66FIToSKPQVgk/dGbjckcuIizVEGcojip7afREWWJzhhtqyOKPVAXgUKkHZPmoAyCgz5s2ETlGklgbooNdccbYHGeFah9tZJjLI0FXFHYyIgjVlYOTLD+MBHjgJMGLALk5iFOfhzhNYSQRjoWnJgAAgABJREFU7DP1yfTpdxWaSqHEShbldvL0HkZYRNF9Z3Eq9mxejQtsePjVP8jWPxv75/aADP7Bu7/gfv/db9jV14dcSzkkaM1Dqb8lwfvvdn7/LbiFQe69/R2vP/zMldKcSJHxv802/wrmrDGIf2njyMwnUBs/dhzGfzeOs/Wvr7f/r2bOfjf/3LnQUFWDl7sH3Anezra2sCNLD/L0QlRAIDyZqfv5ISrQHxEB/gR3X4K4OTQpEFFXUIIHBQHxQX7IjgpETpgXSgno9XGeaKeOtzsrAB1pPliRHUT7gWjLDEF3aQrWL67Bro0bsG9HP84cO4GhO3fxjI7TV2zKJRn662cjAXhEdDEsLKmzpg422cMYWQRDdwP6jEr2CBUTQ5iIEAIF+JAuKYZufU1sMtXDLh9XrNNXw3YtBVw01sEOA00sUZbBQQL6cWp7vOzww54NuHfuAI7vWEFgPIAPBzJx/8oAetesx6Ur13D6/AUcWN+B02VZOLl1HTasSMGt7wcwNHgNx47swqGB7agszYaRriIa60vg7mCEniW1WLG0BmsoEFhYnoPcjCiYGqhiWWcdGaM3AijI9vOwgRMFGzVl6chNDsOiihSuyMziqlTaT8aShTkE9jRqGagl4DeVJqO3tQBnd3fi4cmV+Di4H5+Gj3Gf+eeHZOXDAxzQf6Xtzw/34o9HtCXYf7y7Fx9u9uPD1bUE9B58fHwRv7z7q5ztgwcP0NrWCmsbK0ydNom7hi0uzovYAH00lfhRX5SM9evqkZPiBAOVuRCZOwGTJn+HseNGc42B+wvQOTsf89nQx4y0WbOmEMTJ0oWnQ0J0FuaLsQQ5HgoeJ2A2GflU+n1SUvz0nJkEqCkjJi88FXJ0fmppisPORp1LfGP2zYbVs1ICkJrghZRYbwK0K9IpsEiNc6d9Nw7eyWztczYET/adEuuMBFbylWCeEOXMtWSCfTJbtCWG3edIdu6AxEg3hAcyQ7ckqFvRvjlZuiUiWOlXH3MO6kGsMpzPSDU4br1zb0MCuimX+Obrpg0/N336v5oggGW5k4F7OevC15Ug786qyBlyIPcmQ/d21+eurft4saluevTZvbj/w96BPSgoycFD6o//08+pI0egoajIFYiRYMCdOhU+tlbYtWEltnd1oXNJOxY3laOxrAgt5aloK0xBS3MTdhLsmakf2rEO/QT2tdTaWloQ4+sKB2NjWNB7yrHCMxQoz2MlYQnkMrSVJEOXFRSEmooSzMjA9VWlCday0Kd9tqqaKTVLgrcZK+uqqQwLsnxnHXUO9A6qWtwQuzc1Ay02pU0XXrR14ZNABI8MIqcrImLMPC4pLpBluPMJjExVY+Y+VxKRAlJIGCeBWIJ+vIgCiqdJYtS25mqc6V3KFZHgkjk+/YKrN4dx4YcHOHDkAgpLKnD93lNcu/uEYP4EBykiLyguxrlrd9C3ay/aO3tw98kH3H32CYMvfufavZe/Y82OwxCWVAQ/dz1dEJN55mA671wIiErANSgTOiZOEBMXR2xmCeqX7yKgb0UFAb1maR+WrjuIRcu3o3PNHjTX12FzVTg25thhWYoNOnL9saS6APWVRVzm+rLlBPW+PQTz/bTdhZ7uHorw2YpIaZyRV2anoDwnBaXZSdQSuVZBYF9AYGdAr6FWX5yJ6nyK+GtzMXjnFoF6mFs+79HnxkH989D78OfkuC/t3ZvX/5XnP714jG3xZjhSE4hry9JwZWkSGoP1cLs3D2cWRcFahp8OFgKltTL2FHqilzoFPwUB9Gc5IN1MDufqw9EdbYNCew3sKnRGXaAJLCX5sTY7ELdX5KIz1RXBxhrId9BGd7wjjjXEYXmMHVm9G1aSuacZScCdLFxbdA50BaYj20AC6doiqLWRwrIATeSRtcfT7VA1YYTpyiBYQwwhWmJwl5oNE4FpcCF7D1WTgLM0P8wEZ8Bw3gzYiU5HhIogEjUFkWUsjjwLaeSYSyPJWBrF7kZoLUnBjo2bcPHafdxmq3Q9/YB7r3/DreefMETG/QMFhYvrKxGrLYRIDX54Kc3Dnj0D3Bz3LzC/9+Y33HlFx+KDZ9i9YQ32r+nE3bt3//tw+2czZ42ZOddof/y3YzD5u/GYSI2BfeK48SPX2r8d/T8nwrFr8BPodVISkrCxtoGHswtn5i4sY52g7kO3A1xdERschLiwUAR7eSI2MBDO1tZQlVeAojSd5Jo6MNbQQlZUCIriw1CfGYO6RD80Uae7NNENy9J9sK4wDN0pHuhO9kBrjAuWpHijOycUq2sLsLx1MbrbluIkdVpDd+5wlv506CF3XZ39LOlah5ToMDQVR1NnGQEphQRI6NfBOGYv3CTVkSkuglYVRWwz1UefgRo2ayuiR5sgqiaHPk1FXCCgHzbSxkotZQwYaeGMKd2m5x5qqMSD8wdwtn8lfr25Cj8diMaLC5swsHcPbt6+hRvXr+BQ30ocyU3GyUWlODHQjIunj2Lw7vc4dWIfjh3dhfjoEDIdWfRt7kZDbRH2busl8LdhZWcD8tJjkJ0aCTsLLXQvrUVshCfCA1zJ3izhaGWE1Ngg5KVFoI2VSW0uJpBno2VBOgd0tt9EAX5dSRI3zezs9lrOzH8ZPkyqdgF/vDyHfxDYf3lIRk4Af3t9Gz4+PMAZ+h9PD+LTfbL3R2fwy8sb/1IWt6ikCGrqqhyAv+GGyEdzw+bjJ4zhppFFRnlj98AG1DQUwNxaFzzTJ3KPsWvk344e9SfEv+UgPgLzb+h+DuZs/9tR3Huz4XgBQR4C9RTMF6Wt0GQIC07FnNmTuLnobB66KBm8hPgsMvepnMEzoEvMnwllJQGYmiggKowlr7kjhrYZST5k5t4EYwfu+nlGgjcykgnycS4cwNMY3GPd6HsleMeStbNh+EgPxIY5cpBndp4WT5Ane4+j94sLofeOcBkZdg8xp60Fwtiqan5sa4VQX4K6vwVCA8jM/UaG4P0I0szWfV2NaN+IbN0I3q66BHoDztzZbV83A3i7aHPNy40ed9Gh+/TJ5LXhwbLcvUzh4UQm66JPfe8g7ty9g6KyAnz48cO/9LOffvoJ1QUFHMTZYijMziVnzoQsAd3CxAQ7u7uxnYDd1roILXVJaC4uwOLCQjRlUYBYkY+Gigq0LV6MztZW7Fu+HPu2bkX/2rVoKMpFgqcnXK2soCQvz1WTk2Z13T9fO2dJdJpsgRYVFRjSOWSoIcdltLO67SzT3YEgzdZA1/k87G6uJUvgV+LAbqilzq285kJAt9Gl70FPi7P1AGlR+M2TJ3BLwXf29JH556NmI3IiwXw6u54uTGCfzwE/mkcZ6QLSyBsrizReJYza2FyPZ4N3Rta0Hn6B0xdv4+LVQXx/6yGXxbz30El0dK/AzcGn6FqxGl09q/CcbOn9b2Txb37Cko4u9O0+zGW7P3j1OzXquB99pI74PYJj0jFPRBKCovPpoBTApCnToKCsgtDoLNjae8FYVxVWFgbIr2hGZXMvyhatQm3HFrSu3oflG49gFQF7Y4EbWsP1kOesSDbjhCI68detWYVVq3pRX9+M3rWbyNJ3YcOGLehsW4L2hkYsWlCF1KhQVBG4K7ISUZaZgOK0WBSnE+gz4lFK2yoO6knUElCTn4Q6MojyrGgc279tZMravwH68L8BOms/f/r0H4H+6tYZnCjzwMHaCJxfHI7dpS5k4ubYnumIw1XeiNYWR4qbOaTnzkSlszx6o43gRda+pzgIjgRiBun9Zf5YnuiMhe466A3VQ4WnPizEZqIn2gJHixxRaiGO1SluKA20xUIfY3QEamFfnhNWRhrDU0sOKsL88NaQgJsUHzLJ6CMI3kGyc1BItt0doIsqSym0uatSUKABJ5l5SDSVhxv9bgbsdD0JmM3n536flxwfAmX5YEOmYC0+G/4K/IhWm0dgFoe73Dz4KAnDXVYYnrJzEaYhSf8zA5R4G6EmygkdpRk4fPAAuigajjTTRrgKH1L0hGAvzYdUMrHrj95wFs+G1xnM7774iIMHj6DMTRdRqvzcd9nf3/9fgc5s/IulczCn2+NHj8UEalPGTcBkAjIHdtr+t7nsX96TlXH9AvNpbJ1jQSHIy8nBxMgYDjbWsCdY21lYwpWA7uHggPiQECRHRJKpByDC348zdWtTMzIGZVgbm8KBnhvo6oLK9HgUxgSiNMILDUn+ZOW+6M0NwpoMb6zL8cPyFHeszPDBohAbAr07FpMtdWcFoy6brLRhEVZ0dOPsseNcchwD+qPBkWD86pVLBL0UWFvGQ0K1COquK2CWfBRGSUdg51aHSH4hVMwXRicZ+HoNGezWVUGvhhI6VeSxiTqj00aaOE5Q36SvTUBXxzkC+nkzfZwqy8bdM3txom8Z3l3owfu+YLw43ILnj29ww+p3b15A/6aVOFRXgt10ru3cvBmHD+zHrasXcO7cYRw6sA2BZDqWJgTsjjqoyIljW99avHz6mFvOd8miKhRmx5GdmaKF7Ck7LQwxIZ7wdCTL87Aj841FeV4S2hfmcclprdWZaCpnNdhZRjvbsuz2RA7ol/csxvsbW/HHqzP4gwH99XkC+gB+InD/OrQX725swwcy8p+H9uD3J4fwx+dKjp/oHN6zZzdi4mIgLCrEgfdL+/aLVTOj5hLaRmMiGfj0WZMxcQodWzzjCeSjOZiPY23cWM68v9j4N1/g/ZWdf/sF7nR7zNhvuIpwEuI8EBdlUJ9GUJ8GEYI8m8bG7F1YcArkpOeMDLvT/eLCZPIi06GkMDLs7uasxw2lx4bZIS3BDXW1aehe0Yz83DDudjoFjOnxrgRqF87Qk6LskRTpSDZOt1mWe4wrgd0F8QT1dHqfNAomk8Pt6Hh2QHIoPS/cEQl0Oy7UClFBlnSMMzu3RLCPKcJ8zbhtOKvxThAOJcgHepqRkRuRkRtxCXEBXsYjpk72HUhQD/AYubbuTZbu46oDD0cGdl3O0D2ddTjI+1LzpMe9XLWxo2+kSE9Vfe2/jIpev34d5gRQKZYMysPDlW1lBWPkyaKlCcBGhobYsnQpd718VWsLmpur0F6Sj5acdFSXlqI2jQLCxETUpaSggSDf2rwIu3pasG/jRmyjIKCGYJ9Oz3GhwEB+7mzIzJ3LJZuyYjSGqqowIVibUrBqqioDJ5bRrqnGlYVldm7CFmQhaOvSPht2N6LmQADnQM+KyxDkjdmqazpa8NLRgKsmfQ+TxeE1SwSuk+eQnYvAh18MfhPZlDVFaiJcMZlIITVEfseS4yQQN10WKXOoTRPBqC/LnH5/YwhnLt3DZdoykN++9wR3Bp/g3sNnBO0OLKiqxvEzl/Dg6Vs8e/eJoP4rhl9/wo3B56haUMNdX79PnfDNRx9w4+EH3H78Cad/GIKBhS1U6Q9WUlaAtoYiytPD0FKWhlYykdZMV9QmOaIhL4wb/lhcV4OWxZ1o7uzFiiWN6Ek0R3WgBkKNJZBK0VtBkBWqM0KwrKkCa9asw7LulfT8JQTzrVja0kqGvRBNVQtQV1ZCxp2BgqRIDuAlDOapMVwrTI7ibldkjbRysiTWFuQlktmHYEltHu7dvPZnlvufdv55//E/Dbuzxq6v/6eh96HDG3Gh1g8dYYa40BiGrTlO2JppjXj6m1ZHmaDUUgJBelKQpM7BWJSfyzTPsVBEkqUqqj3UYCg4DW0+athbHoS1iZbIsVRAtYsmymylYCExD0l6klhgIYYWZwXEG0rCnzrqLDNpNDkoostDGdlGUlCbN4sOwtmo8zKAwqyp8FMWg7MEL1wl5yJOUxTtPtpYE6SDPnr/nhATlNsoIV5XCl7yAqgxn48wdSF6j+lQ558BOYoYXSR54SHLD0vxOXCgIMFDiheRKvMQoC4OVzkReChThKksgCgdCaQYSmOBjxkWUOSeZKkJe3kRsn9eJGsLIEhDmP7m2Vi3eCEGX/+KB2Tvt5/9iBMXL6G9LB0tAYb0+fjo98zgvsu6urr/09C/DLNPGDsOk6gxgLP2ZZ+B/buxY//Miv9vGfNTJk3CTJ6p3GpkkyZMhOA8AepAFSEpLg5VBSUY6eqTgdtQx+XGwTvU0wvBHszMg5AQEoy44BDYmVrAREcfoV7eiPDxRG5MOBYVZqI5OxH1ySFcIuDSJE+syw3A6nQPrE71QHOIJdpiHNHMahVEOqAh2BJ1EfbICnBEYWoSOpqasX3jJlw5d57LfH/8YAhv37zBy+fPyG4SIaNTDt3gfpgkn4Bp6knaHoV57G74ylsgX1QQi2UpAFSTwTGy9L06KuhQVSCgK+OMsTZOEtR3Gmthj4E6Lprr4nszPZwmQ75zrB8HN3fi2t5OvFrujidbUvF0+AqG7p3HqeP7sGHjevQ1lGBHdDB2rlqB3Zs34uSe7bh8+SQG9m9BYX46+GZOR1Z6NGzMWBKUHVZ2tWP4wR0cP7gTVRTwJcX6ID87Hs31RWSVwfBxIlh4OyI62Bs1pfSdVTGQp2FRRSoHdA7qrARsaRLqy1KwdVkV/nFvN34lUOPtefz25Cg+PdiPHwno72714xNZ+rubW/Hmeh9+GdpPxn4Av70dWcXM0NjwM8BHoDvq21F/M+ov8P3mn/bHjhuD78aP+eqxLyD/lnseB/YvMP/2y+v+ev2XIGHatHGcfYuLTBtpwtMgweaok6mLUB8gyD8RClL8kBQjS583CWIEfDHhyZCVmgV9bSk42Gpy2ejV1Vm4cv0cnr19iufvnuH6ncsoy4tEVoIXchI9kcqunce6c+VgkyII0mFsON2eoE4tisycYJ4U5Y60aLJ4EigG8iSy9qRIW7rtiNgQB/p/2CHKnyXHWRPIjRHuZ0JQp+bPht9NualpgWwqmiczc2MydAI4GXsQ7Qe6GyPI3ZRuG3D3e1Eg4k027uthwBm7lzMZuacO3OzU6LxiMNen+3Qo4Avj/k/PX775W/+6qKkJygRvNo2MwVyerXLGktVYoRiydLavT0H4JjJ0lgS3pq0OrS3VWFyVh/qcbDSy8sMxMSiKDEdpdDSBPRSNOTnorCvlbH1g1Spsptex4XeWKW9jqAF5tgY6Pz+steXgaWQELYK6gZoSDAne6mqqFFzIwEJHHkYEcpZQx+ahm2mowoJdTyfgWxH8zfR1OTN31VGAjYY2XBVH1kh3l1eHC88M2E7nR/gkfgSMlkX4tzMRPIFViBNA5GhJAro0V1wmcpoMImdLIWmGAKJniiKGRxijXr75EdfYnOK7j3H9LoP4M2pPce/BYwwOPcHq1WuxbMVK3B1+gsEnLzigDz17hyevP+Ixm6708hPOf38bC6rrcfXeC9x+8iPuPP0Jdx5/xI0Hr9DV2YmqtCBUJblje0MMjjRH4OTiUJxoDsCRBh8M1Hphf60ntpe5o6/EE2tLg7GO2qZcWxR7qCLURh2++vOR7KyBsghrLMnzQ3dVItl7G1eIo2VRK1oaG9FQwTLay7CwtAhVBdmoyk3jYP4F4l9aXkI4bcMJ6lEoSgmnxyNoPxIlmWxVpWQ4manh2L4tGB68/28N/cnwv15LH35wH29evfy3QD/WXY4L1R5Yn26H/aV+ONMSju4QCxTYKuFQeSDq3dWQYaUCVw0pOgCnYWWCM9ZFG8JXRRTZZjII1BCAK8E330wCSwO0UGgthyBVAjgZdaa1PHQEZ8OH7LjVUxUl1oqwlprLWXaspgia3dRRaTofFRbSCFERRrKZErJdjaHJNw3RWqJI0JeDn8p8+MvwYYmXFtmVPTbG26GWgO4hOQfWwryos5XhEuISDCQhTUGHjfgsqAjMgi9ZeKSGKIxEZsOZfp+1GC9cpOfClX6/h7ww/OQp2DCSRaCSIAUEFEAoiUFThA9mwjPhI0t2r8wHHaEZCNWWxOHdO/HDvYfYvbUPZcHO8FWcR+bPjxStuXBTFiagz+K+y/Dw8P9o1GO+MnRm5xPHfMdB/EvjDJ2APnX8RK4gzNevZSb+z3PVWSnXmTN4wDd7FqZRND5tylTwUCcxlbZzqAPRVFLmhtzNDQypcwtALME7PiQUqWToWfEJKKBoP4k+r62xGZzMLeHt5Iyi1DTU52ehKT8TnSUZaMuIQgN1nKvSfbAh2w/rqC1PckNblB3WZAagMdSGg/sS6nCbqbMu9rdBnI8rHds52NizEvv6+/H9+fMYvH0b796+xW+//Q4N+3YYxR6AQdIJGCeehHHScZgkHYJF4l5EBNUjZZ4waiXFsVxRmgCuhePUQa3WUMA2bRWcNdKm+3RwiMC+U1cN58nQb1gaY6+dCTbV5qKtIgfbyVxeLA/G8zVBeHLvDLe2OVuzPTQsBV1kyn1J8djZ3YIdSxejr70Fly6dwN59m9HUUIkZUyYhMSYAdvSeKjLiSIzwR1tjNU4eGcD1H86TqVciKtCFW0q1gIJsVztDMnRb+LvZo64yF4sqMwjm6bTNRAvZOLt+zuy8uSoDHQ35OLG9Hb88OojfXxzlpqI9O78aj04uw9ML6/D88maC+Q68+mETXlzZgE/3duI3MvaPdzZzx1ZJafFXRj2Kg/BfcP6rfYHx6M/A/hIE/NXYa7/5m+Gz4GA0B/SR9q+vG0XH2xiCNtk5m5cuOpOAPRWSIlMhIUyQp31xAruEKA9k5vMS5JnB8xDQp1FwOR0aasKws9PD8p5GnDq3D7fuX8LNexdx9+EPGH55n2TtAiqKUpDOEubiydTj3JAaSQYe5kTgdiFgO9Bx64AUZuRs3jmbwx7jjsw4zxFDZ9fYQ+yQEGqHmGAy9AALhPsaI8JXH2F+ZOcE8BAfNpqiSzA3QKivEYI9DRFMVh7gyZLe9LmhdAboQE8T2ieIU3/ODbWTqHk66sLP1YDu00GAmw6B3wg+Llr0uDrZO22d6Hl26nj/7g3+8dNIDXc248PfwYFLSOMgTuemMFsYhQ21szKuEydCnJV0pdsagoKoJ/PeuXIlNvc0o7mxBvW5dDzROVqcnITS+HiUhrqQNFLAEuCLiig/LMpMJJMvwWoy+329vdhEUltXW0sBTjgcydR97O0R6OICYzaMzgxdRZbALQNDdXkydmUO7hoqClwyHbNyE3U5up8tnypPsNfhst/99BVhr6vDDbtbaslx19Pd5bQRPFcCYTwzET56Nuy+E4UH7xRYz+Tl7ov8ThaRc6VoK4bIOaoEdBkCuQyipqkia4Y4Rt0eeoE7D18QsF+ONDLy+8NPKcq7hebFLThx8gwePiWQP3uJwaevCehvCOxvOKgPv/wJD1/9jMHnP2Hb7gNobe/ErQcvcfvBM1y+eB5ndi3DqRUFOLM0Bsebw3BmUSBONnjjdIMXTte54kSNI44tcMRAiS32FttgU6YJVsbpoSNKC10xeij3UUZzjAmWJJqgwE0SC4M10JRgQVGVF5oKYrCU/jGtC6vo5C6nk7uUYJ6L6qIcVOWNTEUrz0zgLD0/MYID+ddt5P5Q2o60wuQIFFMnkh4XSIbliFtXL42A/J+S47j2eT46N4WNwP/wwV3a3sanj/+6tOT57mzcaI/BhaZQ7CgMxNWOOGzPckVPkj1ONqbiYE046oJNkWmrDCleHnTFu6A3yQHpugII1pZGZ7gRdPhnIlRVGOuiDFDjpkb7ovAn6LV6U1QoNBPGQrzojbHmppR5qEpAX3g2AhRFUOGkhTIbRZSR1S9xksdiaymsjraBi6oUfHQUEUbvX+pigGBlIRQaS2Kxmzy2JdlgY5ABGq2l4SbJjzh1Yazy00GDrRxitMSRy0YByMAdZPjhPn86wpXmIU5XGn5KIgRhYYQoCiCW7N5XlsxdXogDvZ7IXEjyzYIM2b2z2HR4yvLCRmIWApT4sCLZAz315Ui0VEeYigicJQn6orMQozGXQD4TVtS5VdDJxn709fX/a4b7d18NsY8A/TsC+TjaH/sn0Fn7Mif9C8S/nqfOEt+mEsBnzWRTh0QgOV8CKgRvWWkZTJ06FbNn8UKe9rVU1KAoIw9rE1Pq5IIRHxqG9JhoZMWxBTsyOahnxsZy19UDXN2QFhWDxeVl6KmrQntxDtoLUtGWHoW6KDoWMgKwNNYFXYlutHVFbYA5WuJcUe1tiqVk6t3UliV7opaeG+Vqj6RQCnhXriag78Khvftw6cwZMvSRXI6Y+kswSjwO4+STtD1K7QD8Cg4iof4MbKO3I0KOziVRESwioB4jmLO2VU8Vuww0COg6uEAQP2OqzyXH7ab7jlgYYS0BvszeHBmhflhCZvNkaz6ervDGgxPLsGdPPzIyqyjAtkVvYwAOtTVg08IKtCTHo6u8mIB+Crt2b8SWzSsxeyYPSgtT4Ul/g5S4ELJTIgjUeagtz0N5YSa+p+e2NVZg9YoWZCVHws3BnGzNnoBui4qcRLTX5WMRwbuhPJUC+HQ0VqZz+63VOdjQXY2nlzfhp/v9eHFpFR4caMK5tXk43JWG/V3puD7QhscX1mLo9Ao8udCL99e3EtS34+Ptjfj9H0+5+vjffGXlXwOXA/Gf1j7qT7h/fftrgHNG/u2ovw25/znU/pXlf92YyfPO+A7zhRnIyc4FJ0Oay3rn4e5jUBcTnAQ5idmYTzCfLzKDu97OhuctzFWweWs3Dh/eiO4lpdjc24CdO7vw4tU9/PjxHf7x6494MHwHPd31ZODuHMRTWGU5Vi42xo3M25ngTlCPISOPJWuPsCdrdyabd0diuAsFXq7UCPJs7joFmFH+FogmOw/3NSW4WyPCz5z2ydD9RobfQ9g0NS99hPqxoXZm4voc2BnQ/d0YqLW47HYfV0OCtQ68HTQI4PrwcCTQO+nCl0HeSZ27ps7A7k+tPDcSTx6N1ETZRNasIyzMlWtl646zkstSn6+ds7KrbCicQZ0tYyo2axak+PiQSOfoDgL6mq4uLG5pRFNZPprT0ogv/siLikSyhyXiba0RbGWGZApWKhMS0JifTzZfiz1sultPD5cRv7ydLf9bjJKCAg7uHsbGsNLV5cBuxqrIqahwmeymBGxDNQUyc3XOzhnYTTQUYaGuzF0nZ0GAO73WlZvOJgsDHW0uOc5PSBYRU0ThTXZuP2s2Qnn44UAC4Td1LgImzEP4NAlEjlUgO1dBJC/Z+gwFztZTZ0gjeY4sRjEw33/8GvceveK2g09eY8u2HVi2fDlu3R3EEMF88Kv2F9jf0f57DD77kV73jiD+BGtXduHs3jW4vHkhLi1PwcX2SJxr9MWphR44XuOEIxV2OE4AP1vvhlO1TjhJ7WiVA/YVWqM/zwKbM42xMd0Eywnq7RHayHGWQaylFLy1BcjShRBoSJ2AD0Et1QftFUnoqs3Cirp0dFYmYnktq+eciVpWhjE3CRVkPyVk4OHUIeQlhCEzOgBZMcFcY1OGcuNDkB0bQNsgruXEByOPDL40J54iUVf0djZiiMz78Zch94cjleNGEuMefC4PO8g9Z+jBHQzdv43HD+9xmdh/mwtZ4o2T1QE4Uu5FHbM9ztSH4EpbInYX++LW2kpcX1OEjdmBaAg1h5YgL9qiHbApyw0t/vpINJbBzlxHuMkSWHUksCxUH73x5ojSl0GolgTyycjjDeVgIzYLXZG22FXoDz1RflT4U/QoJ4iV8c5oI8vrCLFBu4syllNb66eJQkslVHgYI9fJGJvywxFtpAwTwRlIUiXABupifYgetgRro9hUEgFk/5VmkmTuVmhxp9fqi2ONnzaqHZSQbigNV/psKQbSiFIXRw7BPt9wPmI1xRChLQUXWRFoCM2GMMFReNZ0mArywENiJjzk+BBFBt7sKIW99Pcti7aCm9Qc2JC9K82ZhhgVsnxFfhiTifjL82Kgdyn3XfLy8v77pLXPyXDsmvmE0X+1SWNH2mRqPAT0qWPZkPv4f6kkx26z9cBZ45k6DUICgtz1cglWk11bB2oqqhDgn0cd7kzIy8hCVV4R0mJikKHHjekk9HJyRHQQBYJBQQTxeGpxyE9KQV5iAspS0+lYzEBdXj5ayAK7airRVkS2m5+BBbFBKA5wQGuiHzqS/VEVzKr0OWEhdZil7oYoczdHlY8F6smI6gItsCDMGT7mZC921ti0oge7tvRh746d2L9rN86fPc19R/Xr78KQQG6YcASm8YcQX30MR09cQNu6s7DOuwJn14VI4BfCAgkxHDbUxFEjTfTpqGC7nhrta+OymR5BXRcDpnrYE+iHI5XlWEv23mRhgIJE+rviwzG4ux7Pe/0wtC0b7S1NaKHg/NxAKFY1FeB4dyM60mKQ4WyLQALy8eMD2LdvK3YT1OWkxKGnqYLE2GBIS81HVJgXaiuy0VBdiPQkCojo/GtdtBBnT+1FNgXXHi42BHVTMiFbLEiPRXNNLhrKUlBdGM81NsxeV56GtpocXD64Cu9vbsOrC8txrjcLWyr90FvsgRUFXujI98GuzlxcP9iFaweW4O5xgt3ltfjxxhb8dHMDfnkxsj6FsKjwX0Ps33629G9HMtEZvL8A/Oth93++78sc82//Nvz+zZ+m/s2/QP0v2E+cMJogPg0aMrzQkZ0NBYK1JLX5dJ+oIMGJwC5DQa6YAN0nzMNZvASd+/GxPujfsRwH9q3D3p0r0LehGVs3LcbunSvx9NkgfvvjZ/yGX/Hjz+/RVF+ArARv6gc9COyuHMTTokYsPYXMPInAnRDuxEE+lQLJZFYmNtSRgkhrJIcS9EKtEBvCmi2iA6wQ6U/9kb8pIn2MEE6WzmAe4WNC1m7IJb+x5DhfBmU3dQK6AXyc2T67Pq7JDaX7OpOpkpUHejCL1+Fs3o/ud2OQpwDAhyy+PH9kbfRXn6ejybP66QRudp18/uSR4klsZTSpz0lwzNiFJvFBiGc6B3tZgrsNwXMrS3ZbsRSrlpWjqa4c5enpqIkJRF10CNKDnBHqaI4ICw2E2uqjLMSFDD4Ri+j47G1txYHVq7GfwL6Pgok9BPeu+nrkZFLgHhkJVzJ2OyMj7pq54eesdj2Cu6W2HIzJzFlNdxMNBa5uu7WuAtwI4laa0nDW1+SWUWWGzpZSZautuVKg4jRtFuymUT85cQZ8x/Mh9Nt5iCSg+40nyZspisgx8+DLS3BnK69NV0L09PnImiKOSGE1jHr08kfOtpl1/3D7ATq6u5CbnYlb9x7Q/S//hPhIe8UZOht2Z88ffPIW9x+9xM0793HjVD9+2NqIi2SgZxeH4ORCTxytdMaxKiccr3LErhwjHCq1wvkGd1xo9CDIkZ0TzA+U2BG0zNGXbYK+XDNq5tiSZYkaXyWk2cogw0kF0RayZJQCSLBXQmWkFdqLgtGQ5YdUXyMUhVugLcMdW+oisK2Z/gFF0ajOikZlRgQBnf5REd7wtDZARpQ/0iJ8/2zpkX50UAcQ3AM5sGfRNiuR4J4Sioo86pSjvXDl/DEMD97F8KPBkbnnBPHh4fsEdAL50H0O5g8G7+D+4C2uKM2De7fx/OmTv1ax+vgBS4INcZg6llMLw7DQWwsHil1wsSsFB2ojcbg6EkfrIrG3mjr4BE9ozJrMdd4D1eHYWRKEGi9t7C31JHMVRYqhFFbEmWNnnjd8VcSQZimHUlcD1NIBX2KnhHI7ZWzNC4AG/wwsDHVAnj29tiIUV7uLcHRRFro81dHpKI9VniooNKADgCBc4axHn8+GLF0LYYpzONsuNpfBUi9NdBD8C43nw0F0DvKMpbEv1xOdnhrI1BHBCj+CfrQF8iwVUWQuj1Y/E/oMGghTFeGmuHnL8yNRT4JLjpPjmwGBmdMhP5sHTmI8CFOeR88T5N5nobUUNsea4ECuA9oDDGAmMhu6QrOQayQKHxVhuErwIN9JFdevnOPq7P/HLPQv8845iI9cKx+x9DGYwiyd2vTxDOjjMIG7xj4akydNBC9bXEGIwE0WzkcnvqCAACQlJCBGsBYTEYWyohI01NQhLSkFUYK8hrIq9OhkVJaVh4aiClTkFGBvZkYdmj88HewR6ReIpPBIZETHUoCYgLykJCytqqHgcwHaKyuwtLIKbQT1jooyLMpKRX4YHYN+zsj1s0c1HX8rStLRXZCA9aVJaE/wQnWQHcq8zdFANlUSYIsML2t4kTE7meihPC0J65d1YR8F3+dPnsK5U2e4Y27HiScwSDgI2+SDqOs8iutXL+LB3es4d/ku/OuH4Jh/lf7P1iibL45Dxro4RwDfR5a+3d4at5e344qrDa4a6+GYtzNO7ejHpYEBbNDVRCdBv664GOnxyThN5vtslQcerLHD0c1BOLYrBDs2d2LT0lLsWVqLUj83xDjZIC4sAOvWLsfBA/3o718HWysTSM8XQllxKmQlxaGlqoDsjAQ01FPnWpyJ6LBA+Hu7oaeLgLR5HcKDfWBjooUAMvQFFGh3tJShhlWDK6LXkJ3X0PfUVJmBrasacPvEagwdbcUPmwuwryUKK3JdUBdjgRBrdbibaiI3yhPHt9Tj3M5FuHGwDQ9PL8frK2vw7oe1eH9tZNg9Lj72b8Pt3/7T9fCR5LZv/o3Fj/rb0PzXj//dzEf90zX4v9+ewTMBOvKzYacrAicKnI3k50BeeDJkRKdzQ+4sCU5CZBY3tU1EYAptCfh0TulpiqIgg6SgggU9dOzUp2BFRyH29Xfi5LEtePzsAUH9V/yOP/Duxze4efsyKsuSqL8jsMd5IJ2MPSvWFensGnqUK5LJyJM5qBPIw9iIELVga6QSxJOoxQYTzMnIY9ja6N70HXuZIZJuh5Kxc9nvrPQrAT6YlXz1MCCAM2BrcvBmQA9i18td2DA7Gbu7FjwdNeDnMjKFjRm7j4MWZ+n+7nq49sPInPMzhw9DX119xL4J4KIEdA7inxdXkfg8vC5D9zGIy02i741loYtTYETPUZCVRUt1NdYu60bvkoVYVF2Gpux41KYmIivAG3H+Dkg0NUSChRZCbM0Q4+CAkqgALgu+q2UBNpCdHyGQH1i/HgObN2MXwX1tRwfa6D1L6Dz3pIDBjvoGB31lmGmxfDEVmKnLwEhdDbYEaifNkapxxlqa3Bx0lkRnQv26lZYGnA204K6pACdVVTjS32BEn990Ept3PgYe4+fAdgIfvMYIwXcyP9xZXffxrNAMAXwcW06VrbomiTg+eWTNEsKoFx9+wbO3n7Dv4FE0NDbi3PnL2LBpK5YsXYr7T59/BfOXGHr+iiD/9k+g3xl+jJvUYdwY6MYPKxJxuT0cpxp8cbDCmUDtMAL0CifszTclqNvjLEXyZ+tdOUvflWuKgRIb7CqwxPY8c2zMMML6NANuuy3XChvSzVHtr4JcV0UkEtgjTMWR5qZGHYUqIumgyCHzjHXVRjrBJCfAFIUhZhzQyxJ9kBPrh0wO4Kz5wJlO6FAPO8SHeCIuxI0OSi+kkB2kR/oQzP3pYPbjWmacHzLiA5CfFkoHsyd1mI3UGd78c5GWL9fNh4fu4uHQPbLyO3hAZs629+/cxoED++Hu6oSTJ46PFKEYuoG+LDvsLQnAxaW5aPJWwfH6UOwsC0JfnitONsRgVbAxunMCkEtw1Zs3A3U+htheHoQdRYHojCK7jveFsxRZt4s6jjTE4WRjPGIMpCjgMYK/miSZfggWOCqjzlkDLRRdy8yegtV5cUgyU8fKBBcKCEJxuD4TzZ56qDISQYu9LGqt5ZChK45FXkYotpJHM52MCyxlUKAvgmxdYeTqCKLWSgqhBF9HyXlopyh8S6wlOjzVUE9B1VIPNezOcUdroAmZuhr2FPlhe44nlyVvLiMELcGZiKFOxpg6HxFeMorZM2AmNAPBsryotJZElKYQEsnCu1wVsDlcDzsTKHqONkC+pSyS9MQRrsEPf0U+pJmIY0VlAp4+eoAjR478R6CP/XztnJuSRm3yd+O44XZm51NpO41u85CZz5gwERPHsvKbY8iGxmHe3LkQFxXjgC0mIsYtyzp//nzazifA80FGWmbkMWERSNHzNJSUoc6qvZGhmxuaQE9dAxaGhvBydEJsYDCiA0OQGh2D1Mg4xAQEoZTsvC6/EPWFxShJy0JlZg7aysrRWVWJRfm5yI8IRmVSNJYUZZBFJqKrIBFt2VFYQ5Bqy4xFSbAHImwMEOVohjCyXUcj6uTszeBJUM+PCUFlVhpWLlmCI/v249rlK/j08SNuPvwA+9SD6Nl4koP5fTp+H3LV5F6hsY8eq3iMYNscFFLAsltXG+cI6qcI6jeXd+D966e4V12AU/R7tjhbYfvqdThO773ZwwlLVWXgpi2NMA95HFnuheFuR9xrtaTz3gH9fd1Yv6kX27ryUPD/8PUW8FVd6eL23CltaYtDiIckxN3d3YW4E0fiQtBAgBA0wd3dIbgHd3eHApUpdZlOx57/u3fozNzvu/e2v/XbJ/ucnHD22Ws977PWu9ZKiWBEQgxjykpYv24lU1smcebMIfbt28KQIYOJENOf1jISTzF1zT49KSnIEbhMkNLI4OwMBsXF0DR+FCNqylVDT5HPm5UYwZiaUpbOnSwN6GhmNlUwS1m3vamKBVMbuH5iIz9+epwfHmzl9cn5XNo4ltUC9KbBQWJMDjhZmhEihrRh7kjObJvBrYNzeNIxny8vLeObG+t4e2NT5zznI0dUeP932P4HgJWu9/f++O9udfW5P/4PXe//f+D/T8b++3PK+Hr3bu/jZtVP7M4Af0ct/J20pcHXw0mgbWsoNq7bTay8t4C8B9ZmmgL4bgL37lgY9yE9wY/xNenMGF9M28QSuS6lcl80CdBX8fjxRb75/jPV0P+h/v83efyb3BMPuHzpEBfP7Wff7lVsWTeHpfMmMKulhlnNFUwcVShyk8cIsfnKolgV7FUC9ho5VhcL1HPDBOJBFKcFyj3hR8G7cfSCDCXvwV+Fe06KAmlXcgTaWdI+ZSrd6WLf2cr0tXgPshNdBfau74zdU4zdh7R4ZUzdnaYxQzpnH8g93dLUhLkCaYG2tcBbMXF1n3LFyJXtTsXKDXR0MFfmnn/0kQp7pTve/N1cdOt+vXC2l6CnsoiVK5axYelslrZJHZzeqC5/PKuuiObiNIojAsn29KDIX/6dkaFUZ4bRVlFK6+TJzG6dxZ7V89i7bh1nd63nxK4dnNy0SZ2/vnjWROqG5pEcH0t6YiL5MTGkhoWRHuDHIB9veexLpLQTkd7eamZ7hKe72kWf4OmqJsqFuFgQqXTZOwrUNfQI6tKbmA80CejdHw8BemS37oT11Ca5fw9yP+pLiYC9pJs2gz+2p6CHPiXvG1KjZ0F1D3P+cOfJC5atWEFT02RuPXjM529/5M1XPzJn7lw2b9/F67ffd4L89yKG/uqLb3nx6ac8vLSfR+1TxALLxcgzOD01hSMTBGDjojjaGKl2pR8ZG8Lx8aGcnhzFqckxck4MdEI4B0YFcbAxnEPjI1QzV0C+brgnS4pcWDPci50N4bSPi6M135M8f2OKox1J8TdnqER5TcMkeswJo2loIiOzgxmRHShgD2bVxCKm1uUytixXbrx0KganUp6XKvBOx9fJgtKcQZRkS+ObnSTnk+QGTRHgp4tRKUXMfWgGtcMyBerZjKsrZEh2NHdvnFUT5D5/1bnk6xvl+OJZJ8yfd3a1P3n0gGnTWnCTKCwo0IeD+3arN+Pbq4dZmuPJlvIICVYSWF8awKkZxSwrjmB+TiCnpmQzZ5AL42KcGWQtX6RRf+ZJBLysTGy4IJRNtSk0JEVS6GnG9jHFXFk6lkV5/tQH2jEs0IYKf1u21acyMdqD6WLK8ZY6auLa2UUTSXYYyOqKJBZJBby5fDwLk1yYJkCfGWzC7Bgbih112Tg8kTYBfY61No3+Joz0FJj7DaTB25AGH2OiTbWINddlebY/U0ItVWufEWXDrBhbdg0NYm9NDJuHR7OnNp4tldEkOBlj1KcXkZZGRNsPFJD3Rk9+dtDpTeLAPgy160e5hx6F9tpE6/ekyVOXFfHm7Cr24lB1IIck+KmXv59rq81wed3y+nRWt45Vr+VSCTD/1y1MlYS4f3WzK0AXiAvAFYj3Vo7vgK5Yep9PPqF/H2kUzEzUrnTFwj2lMimPjYyM0NLSQkdHV446mJqaYSWRvZ62Dtby2MXWDldHZ3Vb1KigUHzdPAjw8pZGKlEatAyG5ynj6GUUZuaopt5UU8/00eOZNmY8I4dXMn9yC7NGjWH+hCZmjaynpWo4k8qKxdbLKUuJYlxeMnPrhsr9nERjaS5xvh4kBvjiYWOJn7M98cH+ZEmjkxzkQ0FUGEMFtAsFmMf37uXRnbv89P0P/O3v/yR//Clu3brOq+f3ePPZF7z6/Cs1C/7o9R+InfIFSTkbGW9ixWa5Xy8G+3AtxI+rNVV899VnfHa4ncOh3mxXEuNmTOf8mlUcqi1nmbMp7c3+nNnrz7k9FXyxs4xP14jNt0WwaasyjXQdZ9Y3kG1jQbKdHeMaqtR192trq9mzZ5MAfbPUkfH0FYjXVBUSHuqHvo4WSfHRjGmQazG5iTEjR5Cfk0Hx4CzmtE0jIsSLvDgxPmUMvbGaGRMl8JnVKI2xlNnjWdY2nm0rpvLbd7fg1/v845uL/PbpYV5fWMWZ1RIw5YVJ4OBB5bAyMuW6TR2Rz55l4zi/fRr3DrXx4tQ8dSOWF6cX8tWT8+rUtZ69e/7HuPa/V3ZTYS7g7iLw7aLOI//j/yfB7Q//0S3/37vYf3+vP/7H1LXfn1OmrCnzzV2t+xHi1I8Ah/44mfbGUl9grdcNV/M+uFn0xVrAbTqg09SVbniLgfJYHW/vg4+bsbpJynKB+OK5o2mbXM6iGTW0b57Do0eX+OW37/jpL9/y699+lMff8sMvn/PVN494+/Ye333zkO/ePuDH71/w5798KeVP/PLrW3758ze8/foN9+9dZde2lUxrqpF7O0M1+HJpo4ZmR0gJFlP3pzSrs7u9IEXuy1RPKR7kJbuSm+oj9u7DYCXjPdFbAO6t2rpi6bnKinAK5AeJjceLocu5DAF6ZrwP9+5cU+v8o4cPCff3x0xZJ12vn7qwi6XUT1uBu2X//ujJYwXoSlHMXIG4sbQ35jrdOxeWkdcMFOgbG2piJsAfFB/HokWLWDR3FrNnT2b++DHMGjGCGXW1TM1Joi4piazQUIrFtgvDfagSENcIoGuKi5nXWMvsGdPkGi/h0Pr1nN6wgQ6B+5HNmzm4di2bpH1aNn8+y0SKt8rfmDV1qnwPk5ks719TUsjg5GTS5L1TBPKxvr5kuNuR5GVDkABdGW8f5GlHrIs9GdbOpGjqktxHE6vuSh5AL3wkSPHrakjsJ/2I66lBVk9d0nsbiKnrqmAv+cBOtfSKrjb8oWFEJbPaWnnx5iu1O/3N259QuuGfv/5SIukpnL14TaD+rQpz1dKVsfRPX/Hw1E4ebxrN/eXDOTczm2MTB3F4XCzttYEcHBXGpmFu7K0PYbdY974RARybECmgD+f8tEGcnBQtJZYtVd7skOe21QexqVqAXu7N2jIfVg33YflQT9ZVBrCmOpTmXG+a8vxYPTaVteOS2NNayIpJBYwuimZ0fgR1Eg2Oyo8UO09lSl0BVYMTqcgfRJk0kEOzEuWmS5RjAmHejtLwxsjNF0dpdoKci2d4TgKVBUrWZ6q6EUS1wL16SAYNFblygwXSMqZc7bL87NXTTit/qRj5Y4H5I56L/Zw8eZzQ0GBspNEtH1bMk4d3ePNp54YNr/YvoX1YILuHRXBwpBh5UxbHx6SyqSyS5YUR7KsKZUNROOX+loQIPFMFwk2DfJk9OIpWiWrHx9qSaKNDgaclG0fnc3FRPbV+ppS4mpLhaMKYSDeKXIyocTagWoxY6W530OzJggoJSuJDqPS3YZpEmR3ThrN8cCCj3HQZ7aVPjYcBaTbaTJPoekVxLCmmGgx1lUjPvj/F9ppiz5oU2AvMrQ2IEkNfluPHFAH5khQXda34tmQ3dg4PZU95KMfGZbCzKoZ8P1sM+0kjo9EbFyNtdV69fu/uaPf4BNO+PQgz6sucKEsJGEyZE2lJsoU2lQ6aTPLUY1WyLdvz3eloTGBzWRjVAvo1o7NYNU3Z67pOvZbV1dX/+3xxJRlOKeoCMh/Q/YNOK1cBLqWvmLly7PfxJ2j06EV/ieB1pLJbWVjg4uSMt6cX1pZW+Pn4EiSVWTlnL6C3tbFVu94H6Omrhu4ioPL39iHQx4+IgEC8nFyICgmR+ymTvNR0aocMZ1hesTRi2aqtj1Yg3jyDGWOamD1xCouaW2gdM44FTROYXlvF5GGFTB5ewMLR1cyuLVW7+Bry84jw9sfRzAp7U0scTMyxG2iGg7JLm6cb6UG+hDjbkuTnTkVKHHMbR7FzzWquX7ggjXNnYlzpzFss3HKDH775nB9//IFf/vIrf/3zDzy+/5rE5udE119ngnskmxztuSDGfDsigEuJ0Xz7+gW/vn3DUS9ndnnYc7yylLMrl9E+opaljhZsrw3j9Jn97N21iRfto3ixNJyH60Jp3zaH/etECJqiGOlvR21eOqWFebTI550/fwFLlsxh754NbNq8jF5yPzTUFuPpbIeNtQXe7i5UlQ1j1rSptE6fypgRNeRkJEuj20pCVBDZ0YGUJkdLw+4swXaWgGoMqxe2sHbJNLatbuPZtf3848d7/OPXB/zzz/f553dX+PXZfl6eXcn44amYWtgIJOLZt3EVtfnxbJ47gmNrJ3Bl5xTu7J7M3X3TuNU+WR1fV/5LSUv59zQ1BeBdOuedKwB/7x3M31dWflNg3+U/5pP/R/a7svGKUrr8R3b8vxaT+T0Y6NLZla9s2BLsaUiCjzYh9n3F0nRwMesnQBfr7Pc+tgN74muniYup1G0p5mLrpoY9sDDtpY6tmxp2drubGfeWa2pEsJcJQ0Ru2iYN4ciepTx8cI7vfnzFtz90li/fPuazL27z+vU1/vTVfbk/XvAnefzk6jZ++Pq+BIRv+fs/f+SfKOPuv8rxz2L1P/MXCQTu3bnImuVzqB+eK8YeLVIUIlAPpERJhsvwp1AAXiRAHyxWnpfgLBDzIl9sPW+QP7mDfMiKE9CndC71mhorYI/zlvMeZMQ6y2M3mseVc//OdfV7mD69TV28RZlTrsz7thmgo/ae2VibEutuq24vqkBdgbmyp7l19+5YK48F5EZKUeaKK7+r2Lo8byXBenqwtOfjGli8aCELFoyhbVw9bSNHMm9sDTMrK5laVsZYAXi9iF5Jdir58VHkCISzQ4IYL8/NHVUj9biRVStX0i5mriwZe1jAfnLLFjp27uBs+wYOtW/h2LZt7BPQH9m5k91yXLtqFXNmzWHk2GaqcnLIErhnhwWLwQcQK58j2tOWAFcXBlkY4yHy4NmtG+7KcrJduuAkbZyjtGfuvXoTojmAxK5i7937kNPLjrwPBlDyiQC9mzXV3c0p623HHy5eusTh4yf55ue/8VrMXCmff/MLX3z7Cw+fvaR5UhPX7z/6F9RfvPqMOye282B9HbeXlgjM09k7Ukx8fDw7qvzZXuHNpqFurC5wEqhLpC+gvjArk8uzM7kyL4eOKfFi5hHsVsbKR4axMN+V1jx3JkqjPjHJlnmD3Vg+xJcFBW4slePqiiAmpjgwMd2dtXURHJ+ZxdE2CSAWlNBaLUCWCK95SLQYui8Ty+IYO0Qiqvw4hmdLFJkVQ0l6NAXJEZQKxFOlcUiLDZLGN1zAHktpZqy8Jk6FekVhklhVMpUC9qrSNGqGZjK+voT4UDf2bV+lAlwBuQrzF4948vQhCxfOk4bfBi9PV7ZtXsfbL17L88/46ovOZSOfbW7hRH0MR2vjONOYwcXmXK5OyVWnhl2ZViRwT2N/TTyjgm0YZKbJEFcjUi20aI5wYtXgIGpCnEiW84kCXCW5ba5SeWw1CdTrjZduH0b4mJFl0pvR7noU2Ei0qtETF63ejIrxUKeM5bhZU+tlxsrCYJYMlsrnoEWpg7bAVAN/w75Uyu/X+lsIxLUoc9Sm3FnMWEqZi478OzQIHKhJqrMZ64bE0prowkg/I+aluDI3xY11WW5syHVnT0UYrQJ5BeDKPsJK8puRRi+sJbjwHCDGod+LJEttGoPN2VcZwcbB/uzKdWVsiCV1XkY0B1swNWggW+S9dhV4sLssgJ0tpWyZPZr1s0ZyYMti9VpGRkb+z0D/r3cZ7kqX+7tEOCWzXYF573cwV4rGJ93Q7d0HvX7yb5RKo6+pJRC3FDv3wM3FFVdnZ3V8XFmC0cfTg4iwcLUoGe4O1rbSWLrg7+mNl7zWR6xPyW7v7HL3l3sqQe6nLAF6GUMKBOgZeWLpudSUDmPOxBYWT53F5sVLWdM2m0WTpzC5ShqQhhqmVih71kuwNb6a6qxkdUUpc11TqqrGMXXCdLwcPRigoYVe334Ya+rgY2FCgrcrbmYDSPB0pGxQJG2j69ixahnXz5/j5bPOQHLGlk8Z3PKIv//lJ3Wr01/evODbjuN8f+MKTVu/IGrcM9pyqtnn6cK5QG/uii1figjiyYF2Pj15hDNis/u9HNkhZryjahhbYsLVxWe2ZIXQcWgzh4+e4Pb2sTyc6Mn5sW4cXzmCB1K/X+QZsrs+ixoJUkoKSxg/fiJLF0tA0L5Nygb279+KsbEBWzYtluvsiLuzA7qa/SjJz2XyhEZaW5qpKy8jNz2ZJfNbSRE7j/B3IylSmcYUQoOYvZIEt2DGWJbNbaJj72q+eXGWv769yt+/uQA/3eSfP99Wd1P78tpmagvjGSgQiJTgZFpDGZWZMSyZUMqOebUcX9HAiWWVnFlbx8lVNXSsqFWv3caNGzoXj/mwc1U4xcK7/AfAf4e6smvahx/+kV695B7r9wkfKSvECfg/7CqQ/qSLgFruSXn+o65d6NpVWejovf94H2VvgP+iZ8+PcHexUFdCy4kRQw2VQC3IiqwoZ+J8LXCz0sZJqav2GoS56OItFm+u300s/ROsBfoWYurGBt3V+eoWRr2xM+uPh4M+8SEOTGvM58TBZSIdl/j6m6e8+eyuWp4+vcTTJ+d4/qhDArwTvHlxgUe39nLj5HoeX93DT9895uefX/HXv3/LX/76jVp+Uzbk+cd3/CpQ/1ns/ZtvnrNv5wqG5ytSFKgWpeu9KNmH4lQxdbHwghTF1L3JGeSlQjwn0U0gL2ae4CGPvUgXoKfFSoCqFGmvtm1c1ilBr16TKhDV+VjaEaX7XNmWtJ+yiI6husSqi60Z4a6dQ11xyvomStKbtDemmhroafZXgwDLd93yyk5ov89Nt7eyIi83iZl1VayaO5W5c6ezeP4klk0fy9LJY5g3ZQprlZXiWptYP2MGCydNkkB8DCVpaYwszmBSdRWzmuqZPb6RNcuWcUBgflTZsU2AfkJZSGnfHk7s3sXRo/s4e2KHOvvj+PF2Tp/cy4l9ewX07azeupWpc+cyrrGRiooKBqekqJvApIRFEe7uS6DdQNw0jXGWz2z3kfybe/dTp94pmfxeAnnrnv0J7dmb8K7ChK79yJH2vqS3sdi51KH+AwXsRvxBmbK279Bh2vcfVEH+O9S//O5XKX/m2u0HTGmewsPnL3nw8B53j6zk1qpq7i4t4tLMVLHyKLHyELHwcNaXuLOuxIVFmXasH+rF1ppgjk3P5MzcQi4sGc7+5jTOLR7GrgliYvVieOMTWVsdxqxcT0bF2lAfZUVFgDHjE2yYLQ38/CIfZmY7s3hIABMyvFhZHcz+pgT2TEzgUGsue2YWMT4/mCmlYUwtFZMvjaBCotOyzHC5saSkRZInDUFeYqiUCIbmDiIqQBmzCSYnSUnmiJTXKN1HcQzNi1Nv0LLCQZQL2CuKxdSljKwcTJX8/ODOFYH1Q14KzB88uMvcebNxcrSjKD+Hp4/uqjtPvX7+TCrIM358N4XoztKR3F5Yy5XW4dyYV8XNBVXcWVjFvSV13Jhdxo3WIZwck8KCLB8mSmUeG2hBtbclq+SzzolzpNxjIGlmGmRaazPWX+ArFl5sp0OkkYZq1c1K1r+rHk3e+iSaa2Kn2QtPHQGorQFl3hYEDNCg1F6HGTH2TAwWs5cGIV/AHyWVP2RAH3lOgod4NypdDahz1abKVVeKDoVyPsVSgyCBfrwEGI2BJoyS72VsuPwb5Tg13IIlStZ8uiNbCnwY6muJ2wBNggZqS8XqIxF1H/JcTViU5MDmVFtWZXqwpzqKoyPimJ/kwso4K/bmOxM/sB+L462pcejHzkJfzoyO4cyUNO7uncvLx3d4cPU0b14+Ua+l0h3+PyfEdXa5d/2PzPZ/2fk7M/8d7P0E6voa/VWY+4mVB/n64mhrI3ZjhKuDvYDaFQep+H6ensRHx+Dp5o6/rx8+Hl4CIE/cHJzU3ZgCvLwE7G7SgJqrCXLRIWHkpqRSP6yS4pwC4iNiiAuPJic5XYDezPKZs1nZNofFU6bT0jCaybUjmFZXLWZez5zaoYwvzBIjGyCNtg9pESmMHDOL00fOMbJmHGb6BvjI3/W1syPazY5ELyecjfRJFtDVp8exdtpEzh3ex9N7d+Qe7JzWs//Kz8Q3f8GnL7/lh+tirGdP89Ot62Lp3zF/9wsSm56yedZqDktwsMfNgdPBPhwLC5TvJIXtGYM4Kg3fNncblnnYsVKChuUudiy1NWVDhDdPL7Ry+eJlbh2cx+NVeVyY7sutBXm8LjTkdo6xuvJdyqBk6usaGDumkfGNTepa2UpS3N69WwgO9sXJwZrG0ZW4OFqj3b8PCTFRTBw7ltYpzYyqrla3lp3fNoNUAXqQtzNh/q4khHsxunYILY3lzGhSEr/GcfHYZp7f2M/nNzbx9c31/PbqCP/46iz/+PIUX13fSFVuNH6u9mQHu1GeFk1Ndgzzxwxm+9waNk8tYf+8oRxaMIx9c0rYO3cYL28c47vvvuOTbl3p8sEf1d3QfrfuTgi/xwfKXubd36dPn4/Q1u6OtuZH6Ot1o1fv99XnlPnkn3wioO/5PgaaHwuU++Ijhu1jK3CWOmuq0xM3ZS9zN3M1CWx4jj9Vg0MZJoZbnulHRXYIZVmhDEkPpjQrTMDoS268wD7cnjB3Q1wsNFV4W0ndsRrYF1MJmE0Meoq598RSLN3VWpcgdwvmTK3g5NEVnDu7mU9fXefV65udx1di4w/O8PDWQe5f3cLjGzt4cXcPD6+1C6Cmc+7gIu5d28Vnr2/wzddPxeBf8/Ofv+THX77gp1//JJb/hl9+/UoF/sMHl2isyxNpCqAoxZtiMe+CRF/yEz1EonwEWH7Sznqp3eu5yjz0WDF0Zf12sfH0aGc5ejB13HDu3+7sYt+5YwcOOqYYCsB0u3alX5fe6Kl7jnfF4JN+UleV+9+LOH8xfh8f0pW9wwMD8bYzEHD3wELrYzVJTh1jVxLn9DUwkWDAQoqtjSX1ImhzJk+gra2NVfNa2DV7NpsWt7J91Tx2rlrJ1uXLObBpE2cE1KcE1AfFrLcLvJcK6HdLUbZfVeakdyivEQs/tX0Tp0/t5fjRgwLv7Zw7soOTJ9rZ13GCA6dOSfB7iHOnTnLmzBl5/gSHjxxlz549rFu3jlXyt6dOmMBUCRrGVQ+lIC+HEld/dW/0KA8P4sys8O3dH0slV+BdFr+TtHW+ci38emmT+lEfMvobkNZPl2plKlsPWyl6/OH5F9/z/M3XrF2/jqevvlS72xWgK0cF6J999QNH9+/k+KZWrqwZyY0lRVwT074wPVkdJ99d4y8lmG2VAWwa7sOqIjfmZdqzuSqYg83pXFk3mutbJnJ1wxiubRzLtQ2NUsbw+bGZvNk3gfubRnB/yyhOtRaxZewg2gr8GOpvzAgB/MRUF8YLFFoy5ZjqxuRcb3aOj2PrqAjaJ6WwaXwqy0elMWNoJNNLw2nKD2KkmGiRsgFAnB+ZMb5yEwXI0V9KANlxgSSGexMX4kF2fBDZCUEMHhRKcXoUxRnKNAwB++AEhuUnMrwglcriNDVJrlQagt2blqgJcnfu3GTsuNF4+3qoST9f/+mNQKcT5q+fy/HFU3V993/+7a/cXVgpgU89t5fUc3NeOTfmVnJtej632kq4NquUS9MKuDgln63DwthcGMCSdHc16Wx7cTCb8vwEpOYME2sf42PCtDAbJvmZUOakz6QAU8Z7D2B6gBFTfAyZFmpBnLkOYcbKYjB9CDDoI4DXIsNahzonLUa56TDWy4CmIFMafQaQLVF/oV1/al20GSHPjRCIN3joq3Ze4qiMXw8g3UqLaAkSMmzkOX8Tar2NmJnorE5law4xZ3acLWtyPNlaFkN1gCWuev3wNuhPgrk22fYGDHbQEZC7cKg8kPayEE6OT+fc5Gy2DY9gmQD9ZKU/BWITYzz02CFmvnd4CBcmpnG6OZP7O6ZxZOtSDu/fw+OHt/nzn//8v+6K9nuXe2dWeyfQfx8vV0qv38fS5XFPxdylsTDW08dO7FxZ8clYT48BWv1xsjITG/QkUkqYnychPt6qrQdKw6Es76qMlbvbO2JvYaHCXAG50g1vqKMnrw8gKz6Z3OQMKcpmLFFi834UZeYwp6mFTQulUZjWyszR42isqKY2v4hxQ0qYOKSI+txM7E2tsDCxw8HUBU+nMCZOXCT3YCVWxmY4mlkSI0HFILnfiqKCCLW3wttiIKl+bhLMprKprZmrHUd5/fQxX75+pe4A+OWnP1E18RFLd33G10cP89uTB/z15+84cfY+bVteULX4GYuXHmGPtwObnG3Z4efBAQkQ9md5s7+imN0ZSaxxtmKenQmrM2NZn5PAEhtT1vg58XT3CH54coSXJxdxe3kR15tDeTYmlIdFdqweHEBeRrrY+XDGjBzL2NGNjBvTROuMWezdv1mAvpn8gkx0tfsyeVIdluaG6OtqYmliTH1VBbOaJzGlqZGy0nzmtraQLJ83RIDu62bDoOgAxtSWMr2phtbJdcxpaRCjmsjFvQt4fXE5P93fwF9f7ecf35zmn2/P8euzA0yqyKJ13FC2L5hEQ0EydZkRYuhFbJxZxsKRGWydUcrOmYVsac4VwBdwbuciFSxBwYH/fR66YuQf/FE16j59PqRvX7mfen8g5UN6dO8i58XIVYh/oC7Vqqv9MQP1uuNvp02830BCXAwIcDQkwE5g66hFvK8JxQK64RkBEnSEMDwrgBoRk6ocX+qLwqktjKSuJIZ6ZV9ygX1pqq/6+tw4TxKCHXGy1FbhbWumiZlBX4x0usmxt8C9Jw5yLtzHhk0rGjm0Ywb7d8zmwb3jPJJy9+ZhHj04zZOHp3l09xiP7x7mixenePngEI+u7eDSMZG1y+189cVdvv36CZ8+v8rDOx18/fYJX3z5UIKBG7x+dZs/yeOffv6cn375kof3zlJdJG1nhh/5Yt/FSoJcoqe0wQLdeC8JSPwYrGzKEu9NVoybtMPOUlfcBejuTBo1tHMfeQmiGhoasB04EPv+PTEUgJmIpWpJEK4Yuu77H6D9UT8JZnRIC/InSiCeJBafoYxJC9SVDHNXM2Ns+nVTp7IpXe9K0pyRnoZq55YCeU9bW5qbR6grvu1cpgwRreK4gLVDoH1oq4B643o6tm/jbPtGOvbu4vReMesd2zkjZn3u0C7OHNzCCYF2x56tAvMtHDtwQM7tpUPaqDPHt3Lh1GZOnTzGif37OXl8vwpxpVy8eJHLly9z7dQdeXyN3SdPsuvIEQ6K1e+RoqxCt2HuKtpmtapz3+uykiRYDyLSxk7kTAc3JUfg449xkOugJPwp18Wjex8iuukSomFIyX8Zdm7a8rGJAN2ZP7z86hdeCNSfvvqcY/LH7j9/Jab+M2++Vkz9e2lQ73Nl20wuLijmyrw8rszN4qwyDj4xlsOjw9hXH8zOqgC2VvizdLAT87LsWJTvzum2Au5um8TTYwu4vbeVG7tncmh1C7d3z+XzU4t4fmAKR9eM4vS6SVzaM5ft04tZVBnNqhGJTMrxoSDISqIVIwoFIFWRlkzJciVXoDI22ZFZeR6srQtn/agYltfHMWNIBLOGRVOb7MqwZDeqlQ0CYtzJjPVmUKg3CSFiXEGuJMpRifT9XG1IlPPJ8jhFAJ8W7U9OQgjZAve81AgKM2MoyooR21LmFydQkptIRVEqG9esIDIyTBqlHJ48fsDnr1+qW66qRRlbVw39uZqZ+ZevPxMTV2A+QgKgCi5PG8yZpgzONSZzclQ8J6ScHJ3I6cY0gVkYh2ui2VESxOos+WxitBvzAxghIF8qn2lmuDmL4h0E4gZMDzRjZvBAZgYa0hZmxqxgE6aHmRNr0p8ssekytwHEDNQkScx+jLcxMwKN5HXmtIWbMS/KnIXRFkzwl9+Xc83+hjT5GjDOx4ByZ02KHLTJEZMoctSl2FmfbGmQcu10O6ejuQ+gwUeuf4AZE8NsaUt0YVGGJw2BFqTY6mGj1ZsgIw0K7HWo8jRUd2cb5anHojRXTjamcLW1WA1ijjdmcLAyiFP1gWrXfX2AORszXbk8MYULUzIl2Mnj3KJy9m1az5I583lx/1bnoh//25rr//XHf23KokxT60yI+7DT0t/BXClq1/vHEvn3lYZBKrezWqxxsDTHQ4zRy8mayAAPUqODyIwPJ9THQ6DuRWRQIBGBAXg7O8prHHG2kte6uIgdmaKjpS22L412WIQYSBpZCelkJKQS4htKmG8wQ3OLmDNpKitmL6CpbpTAvZmJVbWMKiqhWQA2siAff0cX7EzlPd2kUbL3xdHCA1dbV1wsnXAyt6E0I4Ps2Cjy5d9VFOFPvIcTMR6OFId6MG1IDu2LZnL95BG+ePmMb7/6kwQ/v8Df/s7eWQfJbXnOrz9+zW+//MCO/TeZueExdUtfEjP+CS2LL9JemMxGF2u2iIEfcHfgfGEW24pz2VlawNoQfxbZmbIg2JWN1VkstBrIYgdzzs0s5tsrK/msfQIPt1bxstaO58Mc2FcWTX15KYX5xYxqGMfyRUtpHDtBgD6B8WLfW7asYM/uTUxoaiAowIe2mRPxdLfDzNQAIwMdSvNzGD+yjrbpLWLrDSxbMIP8tFiCvZzkupiSIJ+/cmguU8ZV0zZ5BLOn1HNk2wKenlsjQF/Bt3e38tfXYuhvBejfXuW3Ly7w1cvLfP3yGj++vsqzqwfY2DaKrfNH0b54DLNqUlg0Mp21TdlsnzmEtRPzWdvcmVnd1tb6r8x0pdtcMfJevT5UAd6nT1d1mVblXPfu7wncOwGvnFMe6ylbm+p2Z6BuNzyt+xHmqo+beX+s9KVRNu5BqMsAMiPsGZ7uQ2W2LxWZnlRmiZ1niZ1LQD8k1Uug6C2i4UJahC0pobakSzCfFeVATrQTqaEOeEogbKT3Sed4utLlLkVf6xN1YRobAfrCWQ0c2zuPI+1tdBxYzHkB9e3LO7l7/QgP75/i+eOz3Ly0h1uXdvPm2Rle3DsoQN/OnYubeXBzv0D6OE8fCfjltbcu7OHR7WO8enZOrP6QlKM8e3hG4H6Lzz+/z4tHF9Qd8IqS/SiUoKM41VsM3ZvStAAK5ThY4K0EIjnxnuQmKJ/LW+5nF+7d7pyOdkWgFyJA9hkwAAfbgVLM1fHjgcpccrFzgy496S8Q01QCdIG6u6mpuouZ0i2fERJChth6dnAw6XIMcDJVF5Zx7PVe505rEhgohuuopSXyFsqcOa3sWbGCY6tXq2PgHWLcx7cKoAXsJ/Zt5+RJAfTxds6cOsBlOZ7sOMDZswLuMwqg9wmwD3Hw9AFO797Nse3bxbp3c2bfbs4L7M/I7x7Z186hMwfo6NjP+fMdUs5z5coVrl69yo0bN6Tc5tKlOxw7fVpe08EpsfgDcjwuJr9T4D5z5kzGlpWT4x9PsrUd7kZG+A20UQMSF7keVspa9XK0kTYuQD7noPd7U9KnLyW6OpT0NKG0hz5/ePP933j19tfOaWjP37BaIobHL8Q6//QNz54+5drBlVxeMpRLc8XKZ6VycnIcx8ZHsq8hkD0jBObVQWwVO18pZr68wI25mU6sHBbE5eW13N8zg1v753B883QOrZ3NrhXT2b+wgV1zJEKeXMnQvCRcpTF1c7SRBtQFXzsj8kKdGJHiQWWcK+l+FiS5G1AV58Q0AXpdpAUZbrqU+AmI0t0YlWjD5Bw/xmf7MKcintlVCcytHcTculQx9VASApQsQjEaZwvszQbIja+FkX4/9LX7SSOihYmxDrpafeSclkTVfdCXiE5bqxd68ryelgYGutJg62pgYqiHtmZvjIz0WLygle+//YLPPn3+b5i/eKpmvSuPFagr/33/7Ba3FzeIoY8QEx/M6QkpnBgZw/G6SI7VRckxigMVIRwoD+FwVQRHaqKkIZVrWh4lxhogZuTF8jRPNmR7skKCmOWDnFgSb6fCeWrgQOaGW7I41oYFMTYqnJWkuNECUsXElfnkw1yUKWo2rBpkz8ZsL1alOLIqzZFl8dby+8bMEcC3hQ5ksgQGjb4DGCJmnmmlKUDXothRj3wHPdItNci001HXdC9yNqBEGqPhXiZUehkL9PUZ4q5MMTPBx0ADO7luXmILWTZSeaw1KXXQZaQEFLMSHDk2ehC3Z0ow2JLD5qGRnBqZKMFMHCuzXNTtW/cNC+XUqCgBfj4dEvQ8WDeWk9tWsHn+2Hfjmhv/z01UOrPclTH0Lur4ebd33e6/l9+nrilFq1dvTAwM8JVGwcnaHFvTAbiLfTqbGRDr60xelC+JgV7EBvsR5OkmwZ8zXg42OFuYyD1kgp0UBwtzabB10dXUQkdDCz83D3l9OFFS4sJj8XT2IjwgVLX1ltETmNHYTH1xuVTWWhXoo0uGUifgSwmLxM3KVooDHjaOBLv5EOMfSqiHH4Fu3vKzq9hZIolBflRnDqIwUoILZ2uy/N0ZnyEB7YQajqxdwr2LZ/j6zSu+e/snfn23WuGftu+nZPxdLj/6gW0H7zBn81MKZzwgZPRTwsY9Z9mWq1xfP5MtEtxud7PlWIAbJzMS2ZCbzoa0BNbKNVhhb8Z8FzNWV8Uy39aURVbGnIo3469Dtfi5ypAvxvvzNl+Ly0X2zBtRQkpiCo0C8O1bt/Pgzj0WzFuoQj0/L4MNaxfRvnMdq1bOo3ePbowbVUV0TBDODpZYSt1MjA5ldG0lMydPprW5mdnTJ1Kam4SjlZG0D1bkZSYJ0PMYVzdEoF7OvGmjuHduGy+ubOTN9c18+3gvv/3pIvx8j79+fYNf/3STv/70il+/f8mPX97jqxeXePv0LM+u7ePC/iUsn1hCS1ksi0alsW5yIQvE2BuLYwRiN3kq7d5/qbul/ZFu3T+kV++u9Ogp95QYeI8eXQTu76uGrpi5YuyamgJTDcXe30ejv9xjWl0x1PkYC90ueFr1w2qAQL5fFzl2J9bPWoDnSUVuINU5/gxLdacowZmSRHfyIu0ZHOMosLKTQE8fywE9JSjoT0qwDbkCwexogXy4LV4SdBtpd2WA9ifoaXTBbEAPDCWA6NW9iwSbFhzbv4Kr58UaO9Zy5tASrpxYxYPr+8XIT4pxH+P+jX3cOLuRsweXcu3MJp7fO8xdgfmdc+s5fWA+pw4t49yxVVw4uopj26ZzcP1EAWAjBzdM4ciWGezZ0Ma545u5eaGdG/IdtK+dRUlKoBTFzn0oSfUXwAeKsfsyWKw9N96NfGWVuFg3mkeX/msznGnTpqkrvtlJYG1vqY+7kvwmdcvPVAcHgZQy/q0hANP8qDcDpF73+OgTjAXuSuJbpKensELZ0S2SVDH2vKAgknx8CLWxwUrJghegK3ZuKDCPi4xUx8TXiY0rm7QckvZEWaP9jJLQtmMbx3bvElgfFsDuE6ifFOgeFZCf5ty5w1wUgF87f0KF75ljezlzep9q7Kfbt3JcoH5O3ufUjh0cP7CPszvWc3LXdo4d2aX+rvJeFy5cUIVEAXrn8SZnBPJKOS/mfvHiHQ6eO8dJef+9e/awfvp0Zo4YQWFhofq5oh3N8bS3w9XYWNpYLZzkOlh37YqzwD1BgpVYEZS0PhrkaZhRqGvJHz79+s989v3f+VRM/eXn33Lr7gNmtc7iyZOn3Dmzl4vLK7g0L5eLszM4PSWBQ2NCOTgqmB2VfmxVzFzK+mG+LBnsyrxsF5qT7FlQEsy5laO5f3ARR9dP48DqWSxRNlRoLKe5JocUMWKNfn3or6GJZv/+GOqJ4RkZYm5mKJGoO9n+5iqkl9bFsXpkEm3FwczM9WReiT+N6V7Ei0lmehlSl+BEVZQt4wR+M4dGMFtguHhEEstHp7KgIZmW8nhq8yNIiXAl0seWmEAXooKcpfF1IU5svTA9iqLUUIZli92XpFGWF692uysJOMPFXgoylSUQU8lJjVZXsnISYzm8b5s6lq4YuTp97fm78kJZ/lXA/m7nui8uH+LuikYuzSkXC0/i7LgEjtWGcqAsiP3DgzkkID9YEUp7sa/8HMqeIUHsKPJjZ0kgm/O8WS+R+/psN7bk+bA6zZl1GW6sFdudH2XBzCATZoudL4i2UqeStYZbMUsAP0PA3hppyQRfQ6ZKxV8Yb8vKRDu2DPZmuQQFK1MdWTrIlrli6ZMCjMTsTZkRYUaLvN9wJy11xblQZU12MYoEC22izLQINO5PwIC+RJj0J8lalwRLHQY7G5Ekx3S7ASTZ6OOkr4G1Zi/8B2iQbqah7uQ2zFmPmdHWrC3w5mhDHPdnZnNlcjqL5bs6WBHO+bFJdIyIoSXZi10lAZyZnMyTZVU8WTGSi3OLubJvBhc7OhPiGhsb/89FZT74Y5d3q8O996+55793s/9u6D3lnDKGrq2s86yng7eLst2ho0DaEDsTfXzszAgTsMX5OEuD6kOQu6NYshmuVma4WZtiN9CAAf37YKDRFyNpMIzEzrU0+qPZpx/OAuPYkAgCvfwJFZCHB0cQExpJWnwydUMqKc0rFIPPoKpgCOOq6qgpGsLQtEwmDClmXGE+LZVlTKuupD4ni8WNowXeqeTFRlCcEM2E4UNIjwojPy6CrBAvcgJcGZ0QyLzSFPa0TeDm0f18eu8W3375GT9985Yfvu3cPeyXbTtoGddB5qQnYubPGDLnBUGjHhHY8ECOT0lrvMbVoxvZ6uPIWgcLdnrYs0Up2Wks9rBjuYMZy+zMWehkwcp8f+YFymNLY3a5afKXobr8c6w9Pwwx5km6JhvKEyjISmPUiDFMnTKN50+f8N0333DowGGyMnOJiQpm1aq57Nixhn37NmFooE3LpAZcnCzx8nQmIiJQGnVz6qvLaJKAYPrkaYwf00B9ZTFWYvDebg4UZKcyvCiT0TXFTBo9jDWLW3h56wDPLm7i5eWN/Piig58/PcMPry+qiXJfPjnFj59f5/NnV5nSWMukMdVc7tjG2+fneCpwO76lldUtw1k5sYDVk4qYWZ1CcawnO9Z13nN2DnadWejdBOS9uqqJbj16iJX3eO8dzN8TQ/+jCvf+/buiI4as2V9MUvNDBijrsBspU8+64mLeB/uBEkTqfoyjqQZxvtYMSQ+gLNtf7gFPSpM9JIh0Ij3YlrRAa3IjHIlyM0GvrwQIPT7AzVJTTZjLT/CS+9KRBAkIvOwMMJKAwUCrsxjrdBNZERHR6q6uoXFi71KunN7ErYsCnKNruHlxl2rbj8Ssb109xO1LOzh7aAEndonB75nPzfMbBfCbOL1vPid2trJj+Vj2rpkg4JvIjsX1HFjVyL6V42mX8/vWNnJg4yT2rJkojydwZNNkjmyeQVlGECVJnpQkC9BTfChODqBYjoXJSta7wDfRiwd3OzPYnz58SFx0NO6GhjgIvJ0t9aR+DcTN0AAnkQc7S1Ps5TlLUy0G9hf5ev9jBoit6wjMdf7YC4OPP0ZbgObv4aJujpLq60uuvF92eDgZYvthAnt7CdrNhS1+Li5Mr6iQf+tadoqZH5RyYssGDm/fqm7/e37/brHlIyp8FQifPXuGaxdOce1iB/cvHef2ub2cO3NagH5ELP2IHPdy+ojY+65ddGzbxiElMW7zZo5vWEf7bgmAtm6gQwKG/YcPy/ewR67zITUYuHTpkgr1u3fvquXmzZv/KlevXVO75ZVy/OhRjsjvT58wmVHV9RQXDKMgLU3qULS6Ap25gF25bh7SjoVa6VPY24rB3Y3I6K1HcXcz/nDlznM+++5vann11c+8/Oxbzp09y/FtSzizvJoLc7I5J2Z+ZmoiHRNj2FHtw5YKL/aPjWbP6Eh2jghnzRAflhX7MCvDiekZzswuCubCxunclgjv+pE1dGyezYopFeTE+hArJjDAYACWltb00TVCU6CuLxfeTE+XeIHtvJpkmnIDWCFgXj8mkd1TstnWlMaOyZksrolhakEwM4bGUhRiRZlYfKS9NuF2uiR76lOdKBCrjWf1hEzWTsphfGGgVBo/4gPtxXosifJ1IDJAKkygEzFBrgJ4abwjPcmM8yMrIYDMWD8GJ4cxOC2MgowIirKiKMmNo6womZrhOQzJT5Pn4nj24Dqvnz9SE7Zeq2augPwZn0p5+S6J603HVm6vnsD1ueUcrokQeEVxtCacnXKddgrEtynwluPWXA+2FviyqzSIbQU+7C4NYF2WF+uzPNikjFHnebI6Vew8zlrs2oZF0ZZMDzRitgB8ToQl8wXqbaFmzIm0YI4AdNkgBxXQc2LsxOhtWSRWrySwLROgzxejny3AbxU7ny6/OyXMglnRtkyV40gPfWJN++Gt3xs/gz4ED+yPrxx9jPrjLObtbahBiJEGQQL9SIF7prMpSXZGBJtqYykwtxRDjzXVZFykE2MCJKjwN1X/xopMd07K93hrRi7XpmSxryqanUUBnB0VR3uhO9PETo7UR3NzdhEPV9bwcutkdXnc0xvquXq2c0wzJSXlf9+URSD++5S1rmLrSpe7CvR3Xe6/l57qanEfot27Nxo9umNtOlBseyDWxno4CTScjCSSd7OgVsw3QoDmbWuGlU4//MTeE/xdxZhssTTUx0xfF2PN/mrWfM+PFUPqL+9jSWJEDCHeASTHJKowD/DyIzYshoTIeLHPBAZFxVMpIB+ckk6SmHltZgoLRlWyfpoY7dyZ7Jo/kz0L2wQwYxhblEPRoBgmlQ+lNCVBGvRwBkcFkhXoyah4f5aXpUmdqKBj9XyB00W+evWCH8TOf/j6K7Uo//356mVWjtxK6eynFMx6SnjDQwKGHCC+fCvBo+4TPPI285fvZ2uaP4utTFjraMFaJys2JoSzPMCOhXYmLJUgZ4G9KUulkV4cJfebhTEr7QfwS74GDNPi+wYPdud6q5seDROjaJ7UwrSWGVw6f0ng8Yi9e/cR6O9HaJAvbW3NbN++WixkI0GB3oyoLWN4aQ4mRnqYmRjQq2c3HO1tSEscxLCiUkoLCmge38BAfS0JkjwlYEiirCSb8SOGM3VCFWuXTOHRlXa+uH+Ir58c4+unx3hxYy/Pru/j+a2DAu4LfHrnKPOmjsbHw5Wc9BTGN1Ry7vBGXt07wd0z2zgqbdTG2dVsmlnBqMHhFMf7CTDt1Os3rnGMmu2uZLZ/0u0DunX7t5UrXexK13u/vh+KmHxIfymaGl3REmPW0vwIXYGsMl/cyrAbDsbd8LDoh6NJHwGNMTnxTlTkBAmgncmLcyIxwIx4PzMGBVnLd+1NVXYwWeFOeFvrEehozCA/WwpiPcgMsSElwIJw1wEiP2KsWh9hqK2sY/4RA/W6YSJ/LzrYkb0bZ3B0xxzOHF7O7QtbxKK38uj2YZ4o3egPOrh5qV0175Pt89i/sYU9a5vYvWo8x3fM5vCWqexf3cD2hbWsby1n15IGdi4awbY51WyfV8NWKe3LRkhpYNfiEexcMIQtbQVMqkikMqcT6ENSfShV5p/Hu4ule4ow+dAydjgP3s0tX7ZsGUEmJlibGWFnboqTsRFuYuleFgbYC6A8ROxsTE3xMtDEZYCy/oOpOnXNSCDeX+q2so6EAnR9qesDpC7HKN3vSre7gDw9NJS0iAiSlK54eRxka0t5ejpHBbhnFZNWktqUZLa9AuMOge3ZfQLpg5w+fZLz5w+ITZ/m7sVjUo5y+cJRLp0+yoWzp+S5o5w4IZZ+4AAdJ9o5flwgvVsCAXnfjuNyFKgf2LaCk5s2qvPSj2zdykEleU6C16MHD3D82DEJFo6o4+mKpd+9c4fbt++rgH/06JEK+DtyTvlZgbqyiNamjdtZvHgpLS0tTGlooaZ8pARHWVRmZ5PpE4KjkRkRhkaUSBCU29uREm19SvqY8oebjz/n3ou3vP72r7z55jeev3nL7RuX1IUZzs3OVGF+oTWNsy2J6spv56Ylybl0TrakcGxyErsaIlhZ6sPcHDcmD7KjIcKc6WLX68fk8vDYKj67upvTW2YwZ3Shurm7takR/fpr0UdDh/6aOmj310BHit1AbZqHxTO/JpHZZdHMLwtj+8R0Ds4qZKdAfX9rCeubBtOQE8qCEemMyvAjzE4HH0ttnAz7EGCrT6itJrlBFkzI82NeXRJTymOYODyO8txICtNCpUJZEuFjQ7hU2gh/B8LETqL9nUiJ9iY5WiLgGB/SpVJnJPiTmRhAnth7fka0OoZeVpRBXVk+EWJIOzYs5tnDW2LlD8TKH6uLyyiWrnS5//B9Z4b74+2t3F4+mlOTlDFJf/YN86O9xJNdxd7sLvFl02APNma7sCHblQ05HmLj7mzIchOLdmZJgi2LBcTLkhzF1F3ldW6sEztfIQGLAvTZAvDpAu3pgcbqcUawFDk3M9JKIG8h5weKwZsyK9SU1igreX4gzRIENAeZ0eRnxBgJfkZ5GTDax5iJEhjNiLSmOcSUwXbaBBj2xVfg7abbBxe9vrgbiIEaamIjwHbT7Yerbm9sBeBeAndX3b7YaffBRKMX9vI4xUaXLFcrNZNeWW1unK+RwMCRjjGDuNicycXxchwTJT+ncHJELCfrI9lbGUZ7hT93Fgzj0+NreLFlEqeakrmwZZRczwudtmRn938C/aMuXVQ7V4D+8Xtd/j1+/h9QV85179Jp73pi2WYGOjiaDcDdXBoRMYEw2wEMke8/LcCFlBAfNVPfZaAecd5OZEX44evsiLudLU4W5jiYmaHfr48aHBhoauFqY0+Ij8BcoJ2ZmIq/VyA+bj74CtS9XbwJ8PAl0j+YxLAIaXAiqUpPojZtEJOHDGbVpFEC9UlsbZsuYJnEMmXFtIRYaRBjBTIZlIqlD0uKpzgqhBEJwayuTGNXUzknVszkwbkOvnz+VOz8S77/6iv1+NVnb/jbb7/xtydPWDF8LaFi4/71T4iuu8DKhXOYN20yg8ZeJaThLnWt57m9oYk55gNZLUBfZWfKWm+593wlOLQ3ZImtCSu95H5MjWSonTETHK1oldc8bAjnx1VVnGvMZMnkOgZnZ9HUOJFpzVOZNmUmSxYt48a124wbM5YAPw8S4sKYPHGkOnVt7571ZGclo6PZm43r5mMl34GlNO49u3ejh5R+PXugLd+PvlZ/sfRqTA21SIgJVoGuGPqYuiFMHlfO8rkTuH16K8+kfbkvdnntyAouH1rJrbNbuHp8LS/vHhewH6OqOENdcyAsNJD87DSaRpVz59IBPntwkpM7BGorJ7FxRjkV6SHEy3cf5GrJ9SsXxagu8sGH76nT1pS9zrt1f08M/T0x8i7qWLkK874fqKVfnw9UsCtd7lpi60pSnL5uNwGT1BnzXnKP9cTfvj/Zsc6UvQNfWogdQc5G6Gh8hJa8l7uVtgQUrqQLuKM8jAhXZrgEWVEQ40pGoASMEgyEOYnRGvfBQuli1+oqMO+KkfwdY7F/a5N+LGkbydGdCwToC+loX8jVE2u4dmI1d85v5cG1djHzbVw9vVHgPZ/2NVPYtmgkG9vKWS9l8/x69oiJ71k5lvalAvIFdWyZXSH3ZTkbWopY11LMhmkl7J5XwYapRWyYMpgNkwfTWhNPQ34olRmBDE/1oyzdX80BKE3zYUi6N+1bOuf3f/755xRJYG4pMHeUAM5Rgn8rMxN8dTWxtzXGxcIUV7FqB1N91dbt5HV++lJH9TSwFvCbK/PJu3ZF713CnGLsBvKzUQ8d7KytSZPAMSc4mJygIDL8/MhNSKAoN5ct8+ezb/t2dVU3ZdnWw3v3cv7sVgH5CSny+PxhFaD3Lp/g4oULAvljXD53TB3/vnzhALcvHlcN+/TpUwLkzVw4tpFzBw9y8ehuzuzerr6nMn3twM6NAvj1HNywQQLFjZyQv3dYgoczOzZxbOc2dnZ0cEzAfkb+1lMB9507T7h3756UBwL3Z1Keq1BXgK900x85d47DJzpYs2YNy+fNo6mpifr6eqpLS6lKzJb7IklEI5AUZ1+KbT0psbCkTtOZPygwv/P8Kx6++pY3AnVlk5XLh+UDzy/kwuz0ziS4GckC8AQutmXwYG0ljzfVcX9lORdn53GkKYV1ZcEsEruclOTESAHIhEH2rC6L4Piccm7tmMadfXOoz5WIycVSLEdPKmwfDA10sbOywNZEh0gvS4bFujJreAwzh0ayoDqBDY2prBqVxP62Es6tG6sGGLtahzGmNF4iMUfGFMcTKje4oUTKTgM1cRaj9DbXItx5AMVihqWxDmRH2FGY4EpCsBM5YuAJwS4EupoL0O0J87WTRtYRH2cT4kJdSIryVKGeFuerluykIHV6W3ZyqFh5jEB9EFVDskmKCaSuPIfHty/x6bM7AvRHalf776vHKRnu/PMf3F9Syx2pGB3jktkhEFcyubfnu4qRO7NVYL51sLvA2klg7cqyFEfWZbiq49zKmuuLxMbnyHWcG2PNyhQnlibYsz7DhcWxAvMwBd7mtArAJ/oaMj3ETP25WSA+Q6CsLO86I2ggM0NMmCLnWuTxRB99JvgJvOXnEe56AnJD6tz0GeltRINAd0KwJeMCzdREtoiB/fA31sRWuydWmj0x7dcNvV7SQPX6CAM5GvT6BF0pipU7C/AdxGJ9BkpgZapHqIVURu3eZFlrUueuyxAHLRYm2LApz4ujddGcHxXBmboADgz34VJzFpcnZXB9dj43l9fwWcdyfn1+lrcnN3BpTimnV1Xw+tMr/P3vf+cjqcD/1y5rSjLcx++g3u33Lndl7FzOKWbe8/0u9Faie2kA+nf7GL2+vfC0t8TX1hRfmwFEyT1QEuHO2JwoqjOjCHWxliBRm3AXW+IEaAFOdtiLzQe6u2Jvoli9kTSqBlgOMMJUb4Bq5jHBEWQOShObDMPR2gU3B3esTCxxMrciVhqY2AA/kkLFHMJDKR8UT7lAuiEvk6kVw5hZW0XTkGJGFuSKpSWRIq8rjI2kclA0NSkC98ggxqVHsXRYCrvH/z++3gOsymtr2917J0ZjL4DSe+9Feu+9dymC0qsgSFUBBUSKqHQQKSqIiCAovYO9Ya+xJFGj0cT0ZGc/Z8wXk/3955z/02te7+prsdY75z3uWcaMwlBlHq70duDF3dt49/VXZOdv8P71N3j94gXeUsP5y48/4s+ffkZORBtM05/AMPU+zLbexdnOVhyvyYNf9jjssm7DKf0ibo23osJAFfWqsmhSlcHh9VJosFTFAR1pHJATR5OFIRqCfOEgLgB3suVQJSm0F2/Hm9vTuHrqEJcRLn1rKgrzC1FUWISC/CLO0g/VH4a2lhbZuQE0VeSRTmbd19eGgTPtyNmZCt31qjjTewSJ8RvhSAGTvo4KRCiI1FCRgzCdQ/LiIsjP2QZleQIbfQ8hFARsjQtDVmo0dmXF42hdEQG9Axf6ajDbU4mzrXvQf7QYUz0HMXx8L65NtuP25X5kUQAgIyHCJbCxszSFnwfJQnE2nt+bxrmzjZg8eQAtxYnwMtOm31gcBqoKaKyu4CAkQkEfWzfOJsYtWUrnEsF8FUGbAZ3Z+ppVDOqLOKCv5f0M68jSBfjImEVYStaVUJGhoFB2FczUBOBmpoAID10E2SoToKWxwVKOLJyPXuMzCPMthqmKCDyNZaEquQZ81KbxrlwEQzUR+FipwEVPDC4EeUOFdVASW0nn3UpuZrsgvReDOutytzNVwem2Ekz312H8dA3GeqrIRCsweXo/pnoP4tpUO6YHGjDaVYHuw0U4WpGN5n0paC7agtrcKFRsD0X9rki07I1Bc/4mHCuIQMuuUIL3JrQWhOLQjkCUxTmgMNwcJdF2qCaQH8regLJtftiT6Ik98d7ICnPGzlgPZEe7oq40Ew/uXJvfoKqrC5YUlGuIi0NJTg6qrCeQ6pCykgz9voJQliRbp/vUFQnoEkIwWEuQl5eCirI4TIQZsKldkRCGDN0uQSCXXbgQAgt5uFnwPGyy2IolMKZz1dfaGkFmZtyEuYTYWJxg3eH03qNkzQME9aH+Xsye6cQ0wfncuV4qQ2TO4xzQb5wfI6APciC/Nsu614e4bvLp6em/u+PZ5LiRKQoEZ3q5rvd+AvvIUBfOdTdhsq8dE50E9eFjGCeg93cc5jZzmeigz8Dyv/eexOBgPzc2zyz8zp07uH79EQdzBvabN29xhn7jxg1cvnyXPstNzA5dQB8FE330Pj30N1RXVnLbvuYmJaEgKhkJFCCFeXjBfp0qPOn7CxdRwD/uPf8W91+8xy0C+52nb3Hr7j3MtO7CLMH7SuX8dqcM5hfK/XH/+Fa8Gi3G64lyfDlQiged23H+QBg6tzmimoBeuckElfSDV242RmeKLc7scMVkeRimaragpzweOZvtEWSjAUcTLVjoqSPa3wE7wuxRHO2IiiR31Kb6ID/UAoUsEUqSE47lBmKsPpU+zw4MHd6O/VkbkRntCT9HI1joKtKJsBYy/CuhLMpHhRfq4jywUReAv4k0/C0V4WQgAzO2yQcFABZ6CjDVVoCJthxXHAnuDOwM6npqYnC306WiBy9HA3g7sRSEJgj0tMAGd3MEedlwph4W6Iak6GB6niaGe9vw9MEcQfw+N57+7OOY+vfvv8Vv717iFkFpri4V03ne6Ik2QTuDeIgugVsNbcGsO309WjdooZ0u13qocV3sdR6qKGVd6XZyKLaWwz4HZZTZyqLEUhLlNrKocVJEJRk6g/YeAnWGngjSCNB5plLYbUoWbiyGfBNx5JGF5xG82RK1PWTvZWTtu00lUECmnkOPSSXYJhPQk3REEaUhiERtEaSYyCJWVwxucutgLMrMeyUk1lCjsWIx1i37nEC4iI4Ew1VLIcW3ErrUwOuL88NIgh8WCmRZ/DxcF7U8BQHaQqtgKTG/q9oOa0mU2sugm4K+87sDMZvpgL5YY1woCMbVvaGYzXPH9boU/PxgEh8eTuL3Vw9xv60QfYV+eELXH5Jp/t/Hz+eBzkDOCoM6S/m6nEx81UKCOpsct+Dj5c8WgHfJYgiuWg4J+qxGmmzikQIcDTUQ5mCELH8b7Ar3QLibBQyocbDWJCsy0oaFuhL0FGWhISMBYwK7GgFdWUKCAlFpSPIL0GsJQk1WCTZk4K52rgQOEyhIKkBJgmBOlhHnZo3d4YF0ngcgKzSQy+6W4OWGLT5eSPD3oeKNHVHhiPB0QzxdD7C1JHNTR4yLFZLoubEOFsiletIYR2ZOMB+v2oVLXc14fOUSXj99Smb+hoD+LQH9Dd6+es2NXbNVFuxfSOEjGKdRSb0H05Tb2L5/EFt2n4J98jg8d9+FXdpF9HafQIu/JQ4qSqFFjaCuLoMmW3Xs0ZBAkYwIKinwqXG1h5+OKhxE1sGZQHv2yCF69T+pYRxBXGQ08nMLsLewmIC+l2BehL17SmBn5wBRESHY2phCiRrnyIgAdJ9qweRYD1pbqgjoyvj27VO8f/c1GdMIzvZ14vbNS7h4fhw3587j/r3LuHp5Arr0O/l6OGNToA9SEyKQnhyJnWmx6Ggsw8WhVpxp3YvTzXtwqHgrqvJj0XUoFycbdmKitw6zw8cRHepHQYIC1JXkISUqBB11FWyJCsbUYBtunjuF6yOt6G3cBVuSDSlBfugoySElJpz7/qLpyFn6p2TpixnQF37scl/49+z21czSeRZAVGgJ1BQFoasuBhNdWVgYyJI0SMFaXwqmmiLcZDgvCpT8rdQQ5KCGza5a8LZQhLOhODxMZcm4tMjIlSG+bhmWfP4pli3+hMx7GfTkeWC/XhSu7HXUhKEgvIweQ/WSdzHWUIDBz7MIIms/R3qcN860F2PyTAVGTx1AT0sB+o8VY4iCm76WPIyd3I+zbXvR01SA41U7cbhsG+oLkwjmMajICkbZVm+Up/qjZmcAihNcuBUAten+qM70xZ44J2z1XI94RwXE2ikgxVUNBxOdMXIoA0N1meivTsHQoTQMNKSjpzYDIyeq/l6OlhWfDgVZWbJvHqgpCEJTRgZaUmIEazGYSvAS0OWhKi4GHUESPHqcoagw1CjIVpMVpeCZbF5SDMr0WDk5KQqkRSEnuA7ibAY7BedyBHZBArwkBfwSixfDnF7L2cYGcQRztrPaZHc3xk+eJEM+iQk2m/1UO6ZGTxGMx6nQbz80wM1iv3BhBJdmJ3BlagCXCOy3yNZvXxjExdlJuv0MwXwK5+/MYO7cWbo8Q2CfJPBPYmRsiHvNPrL+6bMnKDDow0x3OwY6OzDa2cnleWeWPkbvPdFxDKM93fT8XirTuEnwvvdxDJ11uTOQ/9Xlzm5jps666GfJ1s+MjnLZ5nKzcpGTnYN0MvW4yEhEB0Qg0sUf4c7OcDMwgucSefzjMdv69KvvcffZt7h26y4u9LdyiWCm2G5pxZ4Y3uWEyxVB+OJkJr4aLsHLmRq8vNCE1xdb8NVMA2525KEvxwfdGc7o3GqP+kgztCbYUUAQintNW7iMcvfb0nHnaDou1CeiuyAQSd4sq5svdkY4onnnRnTtjUUFnUSlYZao2uKEE/lBGK9Pwf0z+3DzdBkunypGa2kStm52IaB7c5PYnC11sF5JHIria6EiKUiRsAiMKcp1M5SBv5kcPAylYaMtQREvH9TkhaGnLg1DqrQGGrIw0pqHujkFBVYGDPbKsNBXgquN7nzXOwGdGbuXI4HdzZzAzizdHps2OFMD4YPYzf4EeHuy9HP/7Xb/WLhNWR5cxrVCf8xVJ2E0zekj0PXQFqSLZl+ycAJ3o7c6DvuvR7OfNl1XQxNdrndXxUGy8jIbOeSSURdSFM+60XdbSGMP2XeptSxqXZSwz4rM20QUqVrrkKIthJT1/PR4Ma4rPYesfScZ+HZ6frqhBA44q3ET5xrJ/NkYe7GdPHabSyOTGhIG9XgdOhpKIlqbrR0XgrMUD0xFeaC4bjnB/HOsXboQa5d/jnVUBJYvIVtfAiUhPmiKroOiANtreBXEeZZDaDU9fuVSiFMQILJmGSR5V8BKai1SjSSwh4KRE1FmmKQA7XyOLwa2WONKwQYMpLtgKNuVgsIYDuZ/fPcU//7uOb4cbKXfP4H7Lk9TZfnfgL7wX/N2znW3s2VrVLjc7QTwVQTzNYvmL6/8K3scWwKzfDm0FBSgQw29qaYSmbkDCsLckBvlC0d9FTjqqiLM2QJBdmZYLy0CVbIDXUUZGKsrQ1dJiWAtCTUZWciJUAMjQg24ti4cLG1guN4AanKqBAZRmCgroHiTO9pzEtCen4baTJZeMoqC2mDkRoSiMDYS+bERaMjJ5Najx/t6I9bdCe5mBgi2NsY2LwckOpujYrMnjqaG4HRePKZqd+PuSA+eXLmANwTz7wnmH96+48oP77/Dh+++/7uwf1ktX8M07SGMUu/CJPUWnLOuwXTLDMwiuhBacAPmcSPILj6N7mxvlMiJcYbewizdQgVFuvLYKSOEKi1FVBtoYZubPXyVZBFlrIvhE8cIxG+RkZqK7IwdKNzNID4PdFYS47dg2dJlZK+rYWtlCHWybl8Pe5w8QdYy2IHBgTZIUTB4++YUXn75EJam+tBbTwanLAdDHQ3osw1VVGSRlLAZ0WFBCPKnQGujH7YlRiJlSxjytyfhRFM5hjqrcPRANo5VZaMkLQQFKcGoLyZ5aC3EDDuH+o9QAL4RspKiZOmi4FuzAqoKsnC2NsXJI5XcYyZ7atFZnU3vNxV+AACAAElEQVRQVYeCmCCiQjdCl3479u/s2b55oHM515mls5nuCz6uQWcgXwQ+KqJCS+mz88NMTwqWhrKwNSOZIHi7WlEhaNsYyMHFXAUeFsoI9dBHiNt6bm15qLMBQp20EOKowpm7q6EUdOTXQoSMnX/1AmjJ8cBcZS0ctSXJ0mVhs16CM3jBNZ9i3erPwENAX73sEyhK8aGmOAVdh3eh71gRupsJ2jU7KbDJw6n6HHRWbcex/dvo78xA+8FtaKbv6PCeRNTlRhDMg3AwfQNKE71QGOWIojhHbA82RYa/EQWiVohyUoW14mrYKa5BENXlTC9j1CZ7YvRQJq73VVJwuR+XulnZh+mOPRRYPuW+uwtkutbG6tAhWCtSsKisLAkjYQpISATUCNDqLJmTkBD9HiJQlhOCMRmmorwk9OX5oS8mQm06Bc2yrMeCrtPzWG+uofJqqPLzcsljZFbMr1cXo3rNbcjCtk1dswZREREYI5CPEQQnR3sw0dOGsY7jGOjvxsA4AXe4i4y7i1sjfnWUTYgb4LrBp8ZHudumpxnkx7jLF9g4+uwUgXqMYN6Pa5fPc9bOjP7cuWE6nsVk1wmM0uuMjxP4p85gYrgTEyOnMHO6k6z9BMb62jDKlsedPY7B091k9Gc+vsc0rly5wi1rYyBnxxECOOtuZ8vcWGH3s2Mf3dbZP4me432ob27mZsIXxKVzexQkB4Qj0d8fgZaW8FDTxz++ePkjHr/8gLtPvsa58X6MVG/B6B5vTLJu9j2emC72wdWacDzozsXt3r14OtuIL6+04+m5FjwYrsHd0/sxVBpBj2Mz4UPQleaKo0m2uEHwfnQsFa/PFuLbsX14ObAX356rxuvJSrwYLcP5xiQMlG3CxAF6bmU0JkqCcaclHs+GivD1dB0ejhzEV5eO4tFMMwYo0izLS8CO5FDs3haO/LRwRAU6wYcaXRdrI6o8hnC1JBBb61DUqw4fCwW4UnSsSyeHnBgvpKkoSPFzy9e0VSShq0ZwJwMzXq8AM11lsistsncl2JtpclB3tdHhbN3NVofArk9QN/sIdTtEBHsgJS4EAV62aDtcjueP737sdp9PC8v+vZo9hRv5nrhaFo6hVAec2WKDI4HaaOHGyjXR4LMetQTYGi9Nbpy8imVd89Ph4F7vTtGvkzJ2mc1vlpJnTvZtKcNBmB3ZErVSK2nsJ+tmy9eStQSQZUCPIwPfZSqOveYUCBDsC1lmN30hlJDhNwcYoNaT3iPAEPud1VHhqsE9J4OgnkLfU5y2GDarCyCIgO6nsBb2UrxQ4lsKoeULOagLsZzsBGsxArcs3yqYypCVCq6BBO9KCK9ZTmUlAX0ZhMneNYRXc48TJajbygsgyVQOeVbyXBKaiZ3+GEl2xGC8GWZzPbmlfAPZnujPC8B3d4fw5+/v8et3L/HdnSmca9k+n8Z0797/+/g5lyHuv13unKF/Nm/jHND/h6UvWzC/nerCf37CTWSTFRWliF+Egj5lJHtbY0+0H9I3ecFOWwHBdkaIc7eGqaI4ZHiXQ19BGkZk6gbK8rA2NICtkSkZOjU2MnLQUValIFEbWkrqWK+sCVVpORiRDRYGuaC3cCvGagswULEbx3Zloj47FQ3ZKahISUBNBtlRVioOpiWjJDEWuwny6Rs8sMXDDjvIyHN9bVAX5Y6+3HhMVOXiWlslHk304c3jB/jw6hU+vHlLIP8WP3z7Hj+9/x4/ff8BP//4E3764UeusH9Hxt4huf5LmGy7DeNtt+CWcxv2Wy9g844uuMS2wT5lEkHZgxhvzsVBPRUcUiE7V5VGg44c9tL1dGlhHFSSQCkBOdHcEFsdrXCseDfevX2NivJSpG9Nw9784o8wL0ZJUQn27S2BiZERAX0JVixbAjMjLehoqcBITwPtx2owNHAcwwPt8HCxwtneVjx/MoeBvna0NlWisX4/9pXkYEfWFiTFhyKF6ntOdjICfN3J0D2RtiUcKYmbsD01GkU7tqDpQA7amG2WUmAR5YqsKA+UZIbhEF0/0VSKw1UFCPV3gSyBWoSfj+tyV5KRgCb9PmUF2ThHBn9ztgtnjuyFh7kmN6xiaWQAdTlZ1BzYzyU0WkPn8icf87kvXPQJVhLI2VI1Hp7PsWbVAvDzLoS6ogBZOQmEqQqc2Ex0WwK5jQrsybztCNIW64VgTcG2h7UcghzVEehAEGd5zR3U4WchC3cKqJ31JGCnKQRzxbUwURIgkPPDQpkPDlpk9zqScFgvyQ0xGquJUX37DGtXkJ3T5+Bd/gm05AXRVEZ/c812Ktlk4Floq0gniKfhaHkqGgvi0FwYg+aiGDQVRKNxVwRqtm9CReZG7E/1Q3GcG/I3OyJzgxkSPdYj1EoRnrrisJDnhabw5zCQXgV/+jt2BlnhUEYAxht24uaZGtwebca1gVpc6qvAg/On/l6OVppXyvVOacjLQk1VkhsbVyB7ZgKmKy0EFRkBrCcjZxDXkBCDmqQk1Ok2FQWqk4qK0OHjne+KV5DnAgINgr4myZoaBVqKdJsCBQLyEhKQFxbkuvDVCfwsa1xZfj6G2exztrZ7eBgjDOz9Z8iiT83PTB/vxbmRbs6mpybZ2vJOTDMIj/VjhqA8OTmA2ZEunJ89zc18nxod5GA+O3uWADzOza24eH6W64IfPdNNwWkfRlmX/hi9D73ehaEmTPcTzNla9d52TA2dxEB3J86yiXjH2zHd2YJuEpSxnlPoHxrC2IUxzvgnKPiZpsJsnAUMzNJHCfD/09YvzFyc/7s+Lm/rJmM/Vl+P0pwcxMfFIdLXl0uy84+nr37Ak6/f497jZ5jqrsdoaTBGCr0xXuSD09ud0Z/rjuutqbh6sgAPJxvw6OJJzE20YYgqwXjLLtzq2ofJiljcboihEotbbOe1siA8PLKVYF6Ab0ZK8cP5Gvx0oxV/Pu3Dvx+fwh8POvH95QbcObkD909k4uHxNHw1sIuAX4n3V1vw+uoxfHe/B+8eDmJuqg0XRjtQnJeEHVSR8zNiUJ6/DclRgQhwt0WQpx02+zogxNMMAU768LFUh7+1EoKpUjmQfSpL8EJCcCUkRXihKCkAVTkROtFEoaMqRdYuAyMGdWq8GNTN6Whvpg0HCwK7rc7f3fDM2je4mxHQbbiEM7Fh3tgaE4gtET64N3eRW8bGut7/Avr9E8W4vN0RF/K8MZrhgs4oE9T5aqIpSA9Hg7RR56mFejL0Q746qGIz0d3VUU123rHZEsdDDHCMHlftpkyGLotsI0kUWhEUCeh7raVRSLZeT0HAIXdlNHkqYx/ZbxE3SU6czF2Ku73WWQEVDgQVC0kUUSPS6K+HpgA91HhqIp9lebOV59arszH0HFslJBlIIny9CDZpiSJCVwJ+SvzQIzBr8C+HisBqqtRr4KAgDH81EeiQvcvxE7QJ4oIrmZmvgDDBXHTNErLypdARWw0JvpUc1LXE1sFDSQhb2Hp0+jyn4m0xlOKEiXRHjG61IVO3wbnCYJzO8MCj/hr88f4p/viZbPPBOdztLOe+y9DQ0P91QhzLDvdXQpklBHc2fr70k39xEGdQZ8flXCa5+Xzvn/zzX+BduRIia/kgQp/RxUgDMR6WSA9yRZyPPSw1ZOBvpQdXCvQ0xNZCV1YM9oY6MF2vDm2yelc7B7g7OEFTQQkq0vIczBXEpcnKRaAtrwxDRTJ+Lzu0pIRgrCoH51vLcfFoBUZq9qCrKBsnCrPQVZCJtrwUHNmZjIZtsahLjUV1ciQq4oJxkM6ppgR/nMoOxWjZNsw0FmOuuwVPL0/h22dP8cu7d/iNgP3rhx/wy/c/4OfvPuCXDz/iZyq//PTz/wH0L17+jNqeJzDdNgeTtDm45txBesUNnOnuwcaEajikjMM6cQynyVbbQu1Rp0xAZ8vVlKWQqySFaDlxbKMGOFGdzpcgHzy7f5vrar908RwSYqJRmLsHLYea0H2ym+tmZxnhMrZlQIga3KUE9GVLPsd6dQUY6KpChSytoa4YZ04fQefxWnpcHLLTElBbVYSSPduRRZfzdqRiX3EejjbX4GhLLbo6DyMkwIsDevTmDchKiUF6cjgBPQYFZOmNB3PR21qCsszN3JyaxEBbxAc6Ij9lIxrLc1BXugvRwV4EEllIiQjCysyITH8DLA20UVteQPbUjJFTNTh3tgF5SRu57nZrY0OoyksjxM9nfoWFtxvB/J9c7nWWx53lb1+xcgG31px3zQII8S+CpuI6ajfIsG204GanRW2GGpxJKmzI2E01RGCuIQBbbXE4GUjB2VCe63r3IXv3I+h7mEjD3VganmbycDWQgbOOFJzIxB00hWFPMLfXFCOYi8ORoO6iLwNbuk9BcAkF2Z9BcNVC8K9YAFMtSVTlRqGlJBktpcloP5CJI6VsfDwBhwnkh/MjUbcjFLXZwaij86qWYF6VEYTyrV4EcxfkhZgh2U0bGy0VYKXEB21RqveCS6ErtRqmcjzw1pdEurcuGtO8cbosFuON2bjQWYS5wSoCejVmOou574rNd/H09IShihRM1CWhpiAGLSG2BawgVFSEIUt1SY2tO1cSI1jLwFBAgOtKN1aTgKq4CPTpupq0JPQU6XEUEKiRsWupE9CVlWCipkSBoTqMdRXgSHXWw9oCNjba8DQ1RNq2bTheV4dpguv58QFcOjeOMTYzvbMT472ncWHwJM4NjpI5D+HiYDtmCIgjfd0YPHMS04OdmKIgc3aazJksepqCvJERAjIFz1PdpzAxdArT7PLUGC7N9mG85yQqCgqQl5LCjdFPdbVz1j3KzZbvxgy918QovfZgD8YGT2C88yj6jhzByNFWDB4+jIG2Nm7S3EgX6ylgzxnBCBn/DMGcdbEP0ZGN4zOIM0PnxtXpeP0qS7B1+29rZ7A/NzWFK1SGKWA5Tp+lo72DDP31jwT0d5i7cRXDlfE4m+eOwQJv9O/yRme6EwYLN2C8JhEPxxtxc+o4LlIE099xCGeaijDSkIubXWVcEplbDdG4WR+Bp+3J+OJYIp52JOHD9AF8IJj/cucY/v31EP7zehx/0vHPr87i54dd+HDzCN5cbMSb89X47tph/Hj7OL66fAwv507hwbk2nB9sRN3+nThaX4ai3G0o3p2BopxU5GcncV3fG70dEO5nj+gNdghxM4a7iTK8LdW4dZ2BVsrwN6fGRGEd5ETWQJR1DQvzQEZiLRQk+elkESWjkuTAzrriGdTZDHYLAzWCuwbszbXgbKVNlq7Hdb+zbngG9RA/O4STfSWE+1MlXo8TrQfw7NFtDurfv3/Lndi3a5NxPssO58lC+5NscXyzIZqC9dEaZo6joQbUeBqiNUgX7aFGOBashwo3VdT7aqNjkwlB3ZBLMNO5yZBbN15qq4D9dlTsFbmZ8NXOiugM1cfxQC2cYBPrfNTQskEXFY7y3P2sK7/JR4seT5ZlLYkyR0UKJrTR4K/PAX2niTjyyeRZqtd0EylsNZZFuqkMQrWEEaIhiAA1AQSrCcJWYg3MxXlgLSsAG0le2EuvhZYgwZqHAZxAvmo5BFYs4+xddPV8V7sYzzJIr10Jcb7VVFZBat1qGEsLIp4asnJ3DbTS3zRM8K7zUcHZWEt0BOtielcQWsJNcKMpE9/eniBYfYM3l8/g/f2L3Hepr6//v65BX/hx/HzZArZc7VPOyv9apraMAL70k/lueLYPOjN6VlaxNa08q7jJfYaKEohytUCivzMB3Q7adG6YqcnCSF4CRoqSsNPXhLetJYw1NaBNsN7kG0ANtiPMdA2gKa8CbSU1iKzjhzoZu6OeLrL8XNCYFILTe1IwVZOHS8cO4lpHNc41lWGkMg9nSzLQX5yBkX1ZGC3PwkRFDiYqczFGtjlSlo7h4lSM7cvAxcN7cLGlBFc7avCArOKbB3fwE1n57wTrP376hYM5K7/++DN+++VX/Poz3cZgToD/8f13+Jku//zLb6homYVl6jWYpN6A6445uMS049yZMwiNyofr1rOI3NmBG2e2oi8vGOVykmggqNeSle8iW0+yNkGgkjQ2qSuiJCEGf/z+O7777h12ZKYiN3sHDpYewK25m3j25CmqK6tQVlLG7VS3dh0vAX0xlixeDGlJERjqqkBEgAflZN89Pa04VLsX29PjER+9Gdszk5CcGIWYiBDERYZia0IUtsSGcd3rSXFhSN0SjeiwQMRHBNFtEUhPikThjq1k2JloKNuBE/W7kZfoj9x4X4R5UBtgoYHMWD/syY5CSnQwYjZtoDpsAX93BzhYGcHXzRG7MpLQc6wWXz6YxdxMJ65PtKO9JhdqMqIw0dGAmqwUpAT4uPOvpaUJi5cs4LY5ZeXzzxdwds7H8xm3XI2fbyHU5PhgYyQPd2s1uForw8FUGhYEY5by1U5PjD6TIlxZN7yxIqx0ZAhICnAzpetG0nCkumGnI0GBpQwctMXI0kXJyMnWKbi2ZPs2UEDgSoGBuwEFAvR8RwK8jggJCr2/0OpPIUrvLyu8DPsyNqJhVywO7Y5F4+44NObFEMA3oYYsvIbuO5jij4ptfti/1Qf7krxRluCC3WGW2Oajj80U9NtT0KEmsgRSvIsgy7+EzHk1LBT4EGCqhLxNDmTmnujZuwmDFfEYa0jF1JGdmOkoxNW+A7h8uhxXBpu576uqcj9UpYSgxZafUQBsRO2HCrUd2mKiUJKRpnZ3GXSEeLj7NKUFoETnmooUWTyBXlWZYC8lxA2L6FIAvcHSHJF+fihNTkZJZib279uLwwXZOFpaipb6ErRUV6OxhG18VM1NQBslI58gAx4fOo3hk8MYOMuASVY+3Efm3Y254W6CMhn64DHM9LZgapyAfPIEPYfsufcEZjtPcOPuw1SmhzoxeZqsvacNE3R99Ew7l/M9OzoKqjw80FNSwokT9Nzx05gcIKCPnqFAYIALBKaHOzA21IWJj/BuamzAscYqdLe0oJeu97S2crPuWWHrzkdHz5J9D3OQHpyexuxHS2fw5tats/XrN27g5s3b3Ez42zef4NHcbTy4fQt377JZ8nO4d+cO7tJj/vHFqx/x4PFzTB0txakdLujZ6YLRvRvQm+OJthR7NCfbYqYpCy+v9eD6WAcGO+pRlElWkb8F1bmRGKjbgdttO/HkRBpe92Xj9elMKhn4bmw3vj9fgd/mmvHrk9P49+tR/PnDBfznhyv4z/vz+PPtJH7/agi/vujHDy9G8NurKfz+9RRe3jqNa2MtFDi0UhR1BOUUse/M3Iq87BTk56SgkIDOlo9tDnBDiLc9EgJtEL/BEr42GnAzUYKXuTI22qtzQPc1lYOtugDWy66jRnc1hJlZ0skkIcwHeSlBKMsKQ4OiSAZ2BnUGc3N9VYrSNWDzcb26i/W8qc+PrRsR1C2wyd8FURu9qbHwpduMcfvqDNf1/t37N/PpDHPccCHTHjcoMBpl661jCORhRmgMYsUA7WFm6Iq2RNtmI9R4qHDd743+OtzkOLY+/UycDfqodJCtd4QYcmPvbKZ4O1u7HqqHXjL+XnpNNnO+zV8DxwmMTd4Edj9NVLso4aCjAlm7JJc4psBGHvtc1FBIgUGxowoZvyj2WMsi01gSSYYSiNcTR7SOGAJVCeRU2CYv9hIsH/wqWBOMdcjOZXmXQ11oDaTJvJmNz4+XUyGYi6+hQiCXYHmU6XHMziXWEswF1kCYdxVk+Hngb6SCdB9LZLhSAJRojd4ka/rMOjgZrImZwhBM7vbDhdIwfD3ejN+//xJvL/bim+vj3He5evXq/zVD3F9L1pZxs9lZN/vCv5eosW72JcziP5nvmv/kY5rYRWxN+rIlEFi5DKaq0vC2McEGewuEOppAjIITZSE+ul0eLib0m9uYw9fOkkxcHdaGhtgWmwAHC2sEuHnDUFMbOspq3FaNBkqKSHS2IJhvQtv2OAzt34Hp+nxcaTuIS0fKCeh7cb6pEOcbduN8XR5ma3NwqbEAN46W4+bxStw4XoXrR/fj+rEDuEbHm53VuHv6MO70HcXD0R68vjOHD9+8mYc4s3E6/vbDT/j951/x+6+/4bef5yHPJsex8suPP3HfX+L+WzBPnYN12nWYxwzBPrYbuWUtyMiJg0VkO061pGGu1Y6ChyjkUX2oJjOvokCmREMR6R6O8BUXRoyaIpr35NGr/QcNNVVISdyCksISdBw9jrdv3uD1q5fo7elDdEQM1vHygmfNaiwnQ1+y+HOy2FVQlheHhqoMstOj0d3djF05W5EUH4bocIJ0cgzStsZjc7AfNm/0Q1R4MOKjNiExjuCdmojSPbnISIlDMkGemxCXwXK+p1NQn4DGsmwcKtmGvWmhyI50h6elBuwMFeFsRvWfgjQncz0EuNvBxcYCGzwcYEsBuJudFfblZ6KmJAvt9YU4RWLy/M44rgwfhTzLHim4DgKrV0CUdwUaCU5v6O9btnQhN9N9Ebej2r+4rHFs/HwtgZ2lW5UUXQF1BV5Y6UoQpOVhqr4ONjoEZgqW3UkqfMnY3a3mx9RtDaXhZMjWnssT1JXgY60OLwtluBtJcfN//jJxZ11JartEyNbF4Eav625Ar2UgDVtVIZhL8UFZeAUF0J9BlPUSrPwU8f4W2LctEJWZm1GVHowDST4oi/NEaTwBPNEHhVEu2BPlhD2RTtgVaoNUbz0CuRKslddBU4yC9JUUIKxZzB2VBRbDRmkdwi2VUBbjgvpkLxzL9sXJXcEYKI/BAEF9moB+vrOEIEiBZ08x5oaq8cO3X+E///kTPj5eMKTvUUlJGEqKsjAQESFQ80NZTg5q4uJcN7q+LB8UydhZyldtul+d7jNZr4IwF2fso/OjuaoQvQTCMydPYorAyJK3TJ1qxTCZKEvXOk1wPEOXB6n0szXfLOsbwXKSQN7X28utE59hFjzIJsGNYna8CzP9BHAC7uwwwbqrAzNtxzBMFj/dQ9be0YJpev5sTzOm+zq4iXSz9JoMyqcJ3M2VlQj0cIcsBVNSLAsd1flDFFj0jYx8nAXfx02wm5jowdTkKEH9FBdksO1VW5sbUV9Xh1ONjTje0IBTzc1U71owTGDv7+jgEtCMzvRzY/OzZOkTBHSWbIZ1tzNDn5u7SyC/x02ce0yAZ2vX795/jnsPHuLJnXu4d+s5bt96jHs3n+IfDx5+gcmm7TiZ64vjZORn8jzJyv1wMsMNDXEWqEtwwLPxBvzyoB/tldsQRQ2zv5MJfB1MEepqiUM5UfhqqBzfT5Th/fgefDuUg19nSvDd1B78fqsZfzzqxL/fTOA/Hy4DP83hz++u4PdvpvDH18P44/UYfn8zQ0CfwE8vZ/Hu2RQeXzlN0VEzRURNOFCaB293R2zwdcO2rXHYsysdmSnRiAvfgLANLogLcsCWQEtkRblio4sBAh30qHKowM+CKhFFyV5GkvA0loYpGafo2hXgW70EgmSQooI8EKdGW15SiKA+PzFDT02Gg7qJjhLMDVS5/ZftTDXgaLGe635nlu7BLWtjk+TsuYAiMTKQIn9bFOWl4vmjW/j+3Rv8/uFbTG+zwIV0a8zlueB8vj8ZtxGOR5qj1leTwL0eXTFW6CArbSNgtwRoo8ZdDYd8tdBEpt2x2QQ9dP9pAn53hClOkLEfJ7M9vlEfbYHaOB1liv4EK5yNt0BvrDnBXodMnYBOpl7rJk82L40yG0nkGotgt4Uk8q1kkG8hhV1W0sgylUSGkTiS1wsgTlMIIWQA0dqiCNUQgqcsDywI4obrlnJ7l5uKr+W63BX56fsicMuwTRM4eK/kQM7MnE1+U163ksoKyDIzJ6CLEcw5oAvyQmgdD1WAddhkqoziEBtEUPDjpCmBhs16OBqogbNxJrhSHo4rFTGYLgjF/SPb8WZuFI/PNuLVlSG8fPnyf92U5X/OcF/66af/BTnrhv+4Ln0RN2luwd/d7VwgwJ7zGRuHXAZtCuzMyQbsjHThaqxJAckqqIiSGRloI8TVAV4EdEdTQxioa8DdxhbbYuIJ5p7Y7BcEKwNjztoNFOXgb6yNPRvd0Z4Vi7P7tmO8ejcutJTiYmsZLhOgL7eW4HJLES4T1K807cEVMnAG8jun6nG/twm3TjXg5sk63Oqqo9sacI9g/uBMCx4NncCzqX68vncLP7x9x8GcgfyPn37Fn2Tgf1BhQGfd7mw8/e3Xr7hZ7+w6+5d5+Bms0m9CN2IApgR01+TTKK+KQeH+KhhtrEdkVismCy3xxUgUalwMUa1Iv4+KFCrVFBBjaYoUGzOUhW3EvetXcPH8DMJCQrA3vwhlxftw+fxlfPj+Ax4/fITp8WmYmZhi9cqlWL58GRZ/vgiLF36GxYsW0mWy2TUrIUbnRFJ8CMr27kRaMkF8oz+SEiLJyiOxKcgPodw+6oGIDAtCblYqtmckI297GgUQZNtk7BkpMdiVnYS9u9JQTobeXrsLRw5moiQjFEkU1HtbUL3Vl4OmnBB0KTBRkhCEvYUBArxcEUnvlZNJvx0FKceb9qPjcCmO1uSjrWYXGVM57lIQ6WlrChHe1VhH5zbLQ1BbWsR9h6ZmhtykuIWLPuXK/Lr0BVi6+LOPW6n+E6IEQUPVtdTWrIMVmbmHuRI8rVTgYakMHwK6t50KPO3V4ELtk6+tJt2vCj9bDS5He4AdG0tXhgcFA54M9ARuP0tFeJOQ+JiQ3euKwUVPkoydTRhbDWMxXuhI8EJyzWcQWbUAwqs+gRzV21T6Dopi3LA31gXF0c7ICbbEDippvsZI9TJAgrMmIun9vCg4MKDAfb3UaiiwOr5uCbREV5JFr4GR+Eq4q/MjzEwW230MUE4WXxvniPZMP5zY7o3BsnCMVifh3LEcTBzLx6XT+3H+VAnOd5XgTGM2Xj1/iBcvXkBfVxG6okKQl5GEOgmVOpvZTvDWkOSHiooE9MjYleVlyebZ2LkMLM3NUZG5DQMsxzoz17aPSVoIfqfptuFjR7idzw4TEE9TYeu9Ww8dQitdHmBd2FSG6fETBEiWZ33w7HzO9ZmzR3Fuug3nWN71sx2YGiGA9nZihEA+eJwCghOHMUnPZe85RBbOID7JEsZQoHCWrTGn27voPcpyc7kNneSWLoXcipXQoSCko6KCW1v+V1722dlBsuqLuEcw5sbG2Zj3sVYcqypHXV0Zwbwch6srUV9dzY1/nyaoT7BCn5PNmJ+ZGeKsnHW9/5VZbn5J223cmbvJ2fizx4/J2m9T+QJfcmC/T2B/gAcPvsDTL7/EP4YqU3Aixx+HtjjiSJozBvL9MFjgj+ZEB1SQSY5Up+Hd9ZMYOlJERuoBJXlpmJuaQEZCDEYa8uiv34nvZ6rw3WwFfrl6CH/cqMdv12vx61w9/k0w//XZGfzy5The3R3At49H8cX5Vry6fITsfBw/kZH/8f4yvnk0hh+/uYI3z+nLuNyPmeHj6Dl+CAE+zhASEoCJiRHi46ky78ygSp6IlLhQJGzyRmq4E3ZSFLozwQtJoQ5I2mgPHys1eJrKUmWQ5SrFBhuq5DriUBLlIZivAj8ZpMDHIkmwkZXgh5KMENQVydRVpbiJc+ryIlwXvKWhOmxNteBotR4urOudghhvJ3OCOFvG5kyNhBe3BMbX1Qrnx8/g119+wocn13E+zQKXmKHnOmOuNBS9caY4FkKWHWqEzkgLHA8zRFekCbqjzAncZjhGUK51U6GjPo5upPsI5J3hptz9neFk5RQMsN3IusMNcXITGXq0KQYTLQiKmmjwVMGRDRQoeKmi0kmOG0svtpJCrokot+48z0wc241FycjFsFVPBFFqfNy+55uU+RCovBYe0qvhLMMLXyV+OEjx0HVeuClLQFWA7JrMW4QZOTXSzMzFudnrZOA8yyFH3x+DuAY/W49Oj6WASYysRnztGoLiajJ0XkgJrQMfzypIkq2bK4jChAInYXpehosmxra7YSzNBlcORONOSwYu7Y/D9Yo4PDpZjJcjzXRuECQoYl1M4P2/QZ0z9E/mZ7hzKV/psdx4+oLPPq5Ln58Ex6DOHstmxf/rr0JwX0LAkaCgQ5HOZW0lBdjpqnG9D+oyEghxd0a0rzuXR91MR4tsXAtB7p5c2tYgd2+E+ASQsZtQI66KEEsD7PJ3RF3iRpws3IaxmgJM1hXi3OFiXGwuwZUjpVze9CsE9Kste+cLAZ7Bm8H8Yf9RPKCG5/bpJtzuacSd7kOcnT8cbMfjkS58fXUG77/6mpvN/tsPvxDMCeI//spB/Xcy85/JzL/75i2++fJrvHvFZr6/5x7L/h0eeg2j6BEYRg7CKHYUDsnDSN9dgMSCYeh7lyJmez0u1znji9HtmCxPIDuXwiEVaRSoyCPJ0xGl6an47s1rvPv2DZIT4pCZnoHysv1cOVR7CF88ecItTyqk11y1cjlWrViKFcuXYtmSJRzUP6fCTJ1lgpOVFIG+thKS4jbRa0UhcnMQZ+NbyMbZ5Y2BPtze6InxZOLbU5GZlsRllEtNikFyXDhSEzYT6JOwJycVFUXZZGD7MNZZTqa0FTWFCcgIc4GzoQLWK4pAVpgXfCxnAp2P7LcN8fVEYnQoMrZEcfupt1YXUENbgOb92difm4Br48eRFh0ASX5eqIithSEZpZak4MeJmXuwcOEn3Bg6yxzHZr3/dXkBgX7xon9x25iaagjAkoza10YZ3lYEcht1eFPxstaAj6023C006XwieNuuR4CjPkJIQkIJshHuutjsqo1gO9bNrMzNeGdzgHxM5GGjKgYzJUHoSayCsfhqLk8Em2xqSrcpCy2DFO9CqpNU+BZBg2C8yVYNWUEWyN5ghlQPXSS46CCYggXX9eLwMZSDp740LFSEYKnID3dtcTirCSDMXA4x9Jmz/cyw3c8E6R5aOBjryK08Kg+3RVWUI+rjHdG61RmdO/xxpjQG3fsS0V+XRlacRzDcjR7iRMf+JLLl/dx3doxAqCEpTubNDwVZSRhKEMDlGLwFoENg1yLDVaXfSUNOBpucLdBSsx8nyFi7CeDVBw6QoVeh4mA5DpSV0W+1F4crduNITQmqqvZh//5iVB6koKy6CDU1xdy2p5ME/VEGczZJjW2cMkgGTiY+PNyP2VGy+7FuTHe1Y/L4MQwQQGdZFz3bIpVZPUF1hN6X26yFPjcLJPrp9fro9la6rebgQRTu2gVNaiukVq8G/3IhWOjooJceM9MzgNnJWVycYXvMXyZbvoUXBN5HZNdXrlzC0FA/TtHnOVFbgaa6UhyrLUFTRRH9LVV0uRYD9B7j3d2YHeomkA9yy+HYjHcGdTZWzrrc5+ae4eGt+3hM4L4z9xjPuYQ0t/Ho0WM8e/4cT5494/YfeE6X/1FIllgUaorSMAs0JDmSnQegM9MFNTF2KA41w9zZasxNHiVLNQMfLy8UlFUgJiYNWVmKJO0sKKLJweuxffj19lH8dq8df5CV/3KrCT/ONeHXx33c9oad1TuxPzsUTUXROJDqh6H2EvxEAH/9eAK/fHsDrx5P4odX1/Hy0Tlcu9CPno7DOFyzD87mpuBfswb6BoaIT4zH7l07kLUtjptlnhjmjfQoD+QkeCMz2hW7t/pjR5wXQl31ydLZGnRJDuz+tipwp2hzvRzbGYsBfQWXpUqYgLOOAMSMnYFdgaCuqijKzYJn4+pqcsJ/Q93OXBtOVvoc0Bm8N3jYIoiN3wd7ckvYXG2NcLA45+8Z7jNbjTC71RzXsm1wpzQEE5mO6I40wkmy7TMJtmTnxjhFQO+Lt8Zgsj1ORZig2W89msjgjwbpEdh16boW2oL1uOVsR+g6W7Pe6se61TXQF2eJvlgCfqQxB/M6NwVUOSmghC1nMyWQGwsjVUcAydoCSNJahxh1XiRoCyJMhRdxBPRghdXwll4FR/EV8FZcCy+q3A6Sq7FRXQyJZAibTdShRIYisHx+DbowNcbM0qXIwJUIzqqCPFDmX0WR/UqsF2KbsqwiuC+HKIFeYu1qKmu4hlFKkA9i9D3zENSZocmT+bLZxq46sjiVZItZOteuVyfizpFs3DyUgYvFmzBXn4pnvTXcd3motgZrliz+CPX/7y5rn32EOSt/rUP/n8e/QM7B/KOd/8/nL2RBABmkyFpeapAFoUpGJ8yzAua61AiSnW/ycIIrAd1UWxtWhsaICgxGqLc/Nnr60nngAQtdPTjr62Cnnz01fJ44nBqO3r0ZGD6Yg/HKHFw4tBdXWvfhOgH9L5hfP1KC60dLcb39IAG9Ho8GjuMxWfhDOj4ggN/ubcbdvmY8GGjDo9EevLg8g7fPX+A9gfq7b97hx3cf8NP7H/4uzMq/fUnAffUNZ+fvXr3F+9dvuW539m/qxhsYRg1RIahHj8EkbhzO0a3ILD2FgI1xOFC0DU+Gk/Bihj7bqUwEUiMcJiYAf2kRVOxMxzevXuI/9L+2Yj8iQ0NRWlyK8tJy7KNSWlyGkeFRrjHRUFMnaC/jYL582RIsXfL5vKUTzFfT+cOSu7g7WiLY3w1RmzcgJjIEEWHBCNu4gax/A6IjNsLf253u28gBnXW3pyQlYEs863pPQGJMGFITw5GXlYyiXRmoK92O24MVuNh7AJ31uwjOO3EgN5obfnMyVSMrFAY/Af3zhZ/SebwM5iqKiNu0AakUGIT7O6OhfAeOVuajbEcsKnbF4+JgK45W5UFbXgImqjJksCLQlBDA7euXcOfObQ7g//zXf/dGZ9upfr74E269OM+KBdBWFoC1rigcjSQI3PLwtlaCB7VDHhaqdFkDXpZk6BZq8LNZjyAnHYRyW4rqI8Bei9t2NISC3I0OmgiwJmO3UoUv1UNLJQFoi6yEodgKGAsthj2DuQwf7DVEYK0uChUCuuSaBZCgIrP2c8jwfgZV/s/hoCIIDy0xOKoKwUpxHRw0ROFvpkyBpzIyN5gji2BfFuuKmhQ/VFG72bozAh35Meg/uA0jNekYoMDuaJYv6gjgzWm+aEhwRUOcA8o3GqMm2grHs73QlR+CrsJQnD4Qh64DyeipSkNdTgTyY73Q136IO/cSKAAzEBMjoMtAQ0IYJoJruaxvbMycQV1VUhIGynJIiN2InsZ61JG9HjiQj4OFOSgv2Ymygm0oy8rCnuwsFOfnYF/uDhzcmYzSoh0oLyxEy+5Mgv5eVFUc5Gz3NEGZbbjCzHzyRDvGhjoxcZKMvLuLGw+fYV3obIIaAXuUQZwuHztag+MEZvb8s2T8bAIb1ytAVt5xaD8qK8twkIBeTYGFuZ4mVERFYE5/Q35eHrqYyY/14ML5WQ7gXz68g1d0rrykIPfhF2TMN6/hwfXL3E5sbfTalZX7UFFB5WAZBSKVONlwkMsod/ZkG6anB3H7/DBunDuL8+dmcYkMnVn6/atXOcBfv3YX927cwBcE+C/YeDmVO3de4DkZ+tf3H+OLx1/jPoH9H1sclJHmoYlMisoq6Ufr2uGBVoJMSbARqilCu3G2Fl5OZli6gherBcTBJyCBVavWQklRFbFkqHf7SvH7swH85/Uo/v2iD7/fbceHG614OF6Hw8VJdPKaIcbTAoVbAjHdWYlLZCRf3x3Hh68u4+3TC/jq4TTevbiCZ/emcfPqKLoI5hUHihC9KQjacrIQ4heEppYu0tIzUcjG07ZGUaUMRUr0BqREeCE1zIlA7omSrE109OE2B2BjUva6knDSl4I7Qd3NRA4WVAmkhNZgLQGcn28Vt6OaiCAvJEX5ISrEBwmRtWQQ/NAgU9dRlYaytAA3C95UV5kbW7c316EAxhg+LpYI8LJDkK8TQja4IirUD1EbfcjktbmT+GFnKWaTDHE+hYKhXCfcKfLD3L5wDG61Q1+0Cdm6JQfk0zEWZNzGOBNvhc7NJmgJ0EGzD1svroYGb3U0eqqh2VsTVc5KqHGVR527Eg57q6DaWQEnNhtwOeHbNuqgyVsVB+xlUO7AtkMVRr6ZGLIMhZGgwYcwpVUIllsBP7lV2KDAA1+pFXCXXAp7iva9ZNYgVHUdotYLc+vQPRX4Ce7CCNGWhrOCIMTJyNnac/7liyC4YgmEqXGUIGOXpYCIdb+rCfFyY+tq61bAUHQ1FOjIgC5GBi/Ks5IzX0mBedux0ZKBg6EadFWkoCwrATN1aW5m++XySFytTMTt1h24dSgN1w/EYq52Cx6fnI/y05KTwEtw4Fm6GIsWfPp/AJlbg/7pX0D/BJ/9c/74+Sf/NfO/u9k/dtH/v03/r6731dTgsx3YpKnBkRBYB0MNdfjaWhDM6VyytoAR2bm1kTEiNwTC29kdvi4e8KOjgYoKNhjroDDAEeWb3NCaHoHThakY3b+TSjbOHyrEhcZCgnkxrh0pxtXmPbhxlIDetg+3CeYP+4/hi4k+PJ06iwcjp/BosBP36LaHQx14NN6LFzeu4NWjJ3jz4iXBmgGbjY9/+xHa80d2+7cvv8H3b95xls6gP3/7K/z4/Qe8evcrQXwU+szSY8cI6qMwi+xG4q7d2Lo1GdfP5OOL8UI8m8jB09FMOChIwnQdHxwI6g152/HnH3/gwuw0Nnh7kaUUcDA/sG8/NwFuX+k+VFZUYWtSMsF8BVYSzFkKVzbDfQkD+qJFBPbF4F29AsryVBedbeFNgVJE6AZsCvZDcIA3/HzcEL4pgOt+Z4CPidiE2KhQbpJcFHc9hCyeAviYTdiaGIkd6fEozEkhiOfS91aNW/3lOFmTjZr8WArqA1CaHYEIbwsEuJpBR1Gc64URXrMa1vKy2OBojfBAHwR72mNfXiLKdyZS++GF4swwDNBvwnZiSwh0hJzgashS4OqgLYWTzfNJUuSoLWLd7szIma2zsmgR6+X5Fwd0XTaBzUAU9noScDaSIagrk40rwpMgysGcpW8lyXDTk4KLlii8zRTgZUUAtzeEv402/CzU4WGoAAcCsSXZt4U8P7QFl8OGpSWWWAEL0eUwl6S6pCpCn0sClqoC0BBZDAX+RVARWAxLhbVw1xBCAL1HoJE0NuhJIsRUAWk+ZtgT645DuRE4UZqIUwdSMNO+FxeonZrrq8XlU5V4MNqEJxPNFNDtx7UTe/B4sBZX23dRcBqOajL19u0hJHgOqIy2QTHJRU2MJdpZFs894ZioS8GZiq04lh+B6m3eOLjVF0m+Fpi7cgFv376FFbWd6vJCkJORgaa4MAVafFCQk4Yh1TdlZXHo028UYWKCqv1lOFpXhtLSIhzck42D2ekozNuJkm3bUJIUg3w6bs/IQOH2LFRlZdJvR8Ana67MTkNTWR6ONR7CMMF4tK8dU+3t3MYpZ3t7cL7rECaOH8UYS//KQM5mphO8Ow4fRg8dTzJwN9TjbF0FjtDlEwTYPnYbN95dj2NNDThJwD9BtxWmp3M7odXlZ6Oz4zhmBgZwh6B7i6D7NYH26fNHePD8Lr55+BAvCa5zT+Ywd+0at6b9FL13TU0NQb2Sy/jWSZdPUOAwSJ+TTY6bHO3FxZEZXDo3jYsXhnFteJbbE4ED+/AFAv053BmcwfPrc3h29y6+vHkTj+l92Hj6Kwqov3z6FE8oiPhHiIksdxKEmMujgiKxU3m+aE20Q22sHVoyA9F5IA06Gspc3nU+qhj8vGshJCQKLxdH7MuMxLtb3cDbWfz75Qh+fXgS319vxXTHXsQEOyExxB22BjoIJ/gdzI3H9cluKqcwO3AET2+NYupMKy5MdOHutVHcvDiA3s6jOFhejN252VyqRkkhEfDy8EJXzxBZ9EMW7spE+pYwpMWHIiMuADsSA5CzxR/5VJGzYryRstkVG9iyEVMlWLIolioHyxbnZCANSy1xKEnwcHbOtkZl47uC69Zwpi4qtBbS4oJQkhWFkpQwZER4uYlyMiI83Jg6g7q1sSYcLfXgbm8CH7L0AB9HhAV4IZIMIyY8GDsyU7iKf4uM89wWQ5xLNsGVTBvczHPCPYIWy2U+tNWWS4HKoN5FMD9Nlt7DutXDTLid1Zp9VKmQcburkK1roNZFAZWOsqhwlEY9W0dOwK9yUUJroDbZuw4avVS4Lvd9tjIospLAblMR7DAQxBaCeawaD2KU1yBEYQ3cycY9JJfDRXwZnMWWwlVqJWJ1RJFvp4gCKjssZGEqsZbAzAMz6bUU5VPQs3Ix+JYtgsCyhdxscOGVbNLbMmpAVnHpYOXWskxyBHjepdAmS2ez3NnaczauzrrnFQj4RtJk/ioiCDKSI+gZY2+QIeLt1RGsL4lif12MFoTiYuUW3D2SgzstOwjmW3GvMR3fXuzlvktPJ0cO5qysIUgsXriQgzMHdAL1AjLwhZ/818LZmPpCbpOWT7kd2P6283998v/bbf8Js/nPF5NVLofw2nVYt3IlxNatha6yMgKd7eBgrA8XCzMYaWlT0YG3gzNc7Z3gZG0He2NT2GiqIdaWzk03c5RudEJjgi86s6MwUJSCyYpczNQWkKUX4tLhQlwjQ7/Wsgdzx/bh5olqrlv9yUgnN+HtMcH77uBJ3B/u4i7fH+/H3OgYLo1M4trURarMV3HzApsQ85gs4AW+/uIrKi/w6vnXePPVaw7gfwGdmTkz9tcvvsIPHxPMuKRPwyB6GPpRwwT0cRhGnIXf1sMYPNmARxNleDK6myw9E48GUpDobg8/WSnEG+uh91At3r55jfDQYGSnZeNAGdnFgYPYT0DfV1pGYC9Hwa5CCAsK0ne4bD4fO/1OS8nKP1/0GZWFnK3zrV4OQ12yVDcHhAR6ckAPD/EniPvA18uFLJ1NhtuIuJjNSE6MxqYgfwJ5KCI2ByKOwT1yIxLI0LfQ/TszElGcm4zLffvw9cUaPBopRld5HPZuYZn3zJAV7YnUcDekx/hxbcNaen/+VSvgq6UOe1VFOJoaYIObHZIjfJCXvBG5W4KQHumJ9ops3DvfiduTbYj1NEasx//D2FtAZZ2t/d8nJuxCKenu7u7uRhQEke6QFsGgQToFCwRBQZAGpTGwu2McdcKZc6bOmVPf/7V/OLPO+1/P876va+11h/cNP+577+tzffe+whgVyfQz3TW5zzAtLRWfsnx0ts3+CTs3J4VOUF9FQN+09lMYkwq21Sdn2FiJoE5gpltXM3lS6ArwsyWgk6hw0ReDA0tHI+VsIMUDRcG1HLy364nBV5ucABVRuMhvhbO0MDzkROEqIwgzodUwFPgc+nRrKrMJTmTTHDSEYU3OuJbIahjJbECAkRR2mUpht7kMkpzVkeKihhRXbRSS2OkoTMB8TyXuT3Xg+ZV+fHF7FG8fTuP943l8/+IS3t0Zxfsb5/BuqRdPx1tw/RQ5Shca8WikEZM1yRg/nEQAd8PxZC+0JrrgaIo7jia5oS3BFZ1Z/ug7EIDxyij0Fe5GTYwDinZbId5FC3tjg7jPjdVAZ6lrSjKSUJEThIGEBBQUZKEmxwcNek5BQYGcITHEBnmhvjAXTXVVqC3bi+qMZBQezERZaiqKEmJwID4eVcnJKMlMQgk9LktMRFlKCsoI7M2NpdyW+QRT3ezcm9VQJ4DPnjvJnamzrfgppszbT3Lb7Oyc/gyNkSO1GCRgs2C1oSONGGhp4fqkT7Lzc/pZi6x065kzmB9mhWEGMD3QifnxcVxjW+E0XpFifnj7Nr58+BDvHj/G23v38OjFPAfar2g8u3uHi1ZnQD/f24tWUukd5EgM0DUM0P1e+l1cL3a6vrn+c1icPoO7QxdwbWGeawZzjwXKTUxwRWhujS3g2ugEwX05ve3ZzZt4RL/7yYOneP7kNV4zoL9/jz/EeJhgt4Muwp11keRjiMGCQLQTdI7EO5Bid0ZTzm7s9LCBoqwCJAiwaqpqXHu7QDtdrqnB319N4j8fFvDv9xfxt2fnsdBTiFAvM5jrK3G5u5L8/AgmVXt59CTaGwow0FWL/o7D6DpShPhwf1QdSsHVqbPcmXnRgTzk52YiPiYMQlsFwcOzhTz81bCytkZBwQHk02JOjt6BvYnBBPMA5CZuR078NuxL2kHOgzN8bDVhpr4McitaYNaaorAjb9bJQIZT6Cpi6yEtzANRUmJiwvwQFtjCKXUGdRYkJyXKztOFoasmAyVJIciK8kNBXIALluO23s114GprBC8nc2z3tEfwNg/sDmbGZyeGB/u5Cbx0wBtTMdqYidXDlTRz3Mq1w6OaCNyoiuC6jk2mu5BCZ+1SzdBHUO/ZZYyOHXpocFVEs7sSjvmqo8FNmeCtjlYCdo2THJpInde6KOKwrSSqnFhJWDl6jSI9p4AKgnmRhRjy2VY7KfQsPQGkaPIhXGkTwgjogfIb4CG+nmC+Bu40dshuQIQaL3ItpNHsr4e2HQYod1XDdnVRaApuIAXO0tHYVvsKMoYruOIyQhtWEtBXQYxnNWT51kOKlDoruCK6iVQ7DSlW730jQX/TSu7MnUFdg5yhZHIUUqzlkWYvjywnZVTvNEB7kjMmDvjjTLIjxg8GEcz34cbRvbhPUL9DKv3R0Sx8f2eG+yx1VeTBv34NjXXc4CMVuOLTT39PWeMg/tv5+B+Xg+Q++698c258hPn/BPRPSOGvXsUKoKwF/yYebmtflI8P2oqK2OXlAntjQ1gZGkJLUQXaKmrwdXKFj7MH3O2dyFHVx04rY4Ra6CDD2RSHaf517NmJvn1RGCpMwlzjQSw0F+BqWxEp82IsHS3AtWOFuNNVhQcE88fkzD4f7yI1fgZPL/bjOan0ZzNDeD4/gZsTY2RQunC8vAFHyxtRmVeO5lLy6Fs6MdwziMWJedy9ehOvHpN6f/MeX5OC//rNO+4MnSn396/f4M3zl/iGVDr7l1R7E0bRkwT0cQ7oxhFjKDl8Evcu1JBCy8PD4RyC+R70N+6FrX0hMr3c0bwvB3/76UfU1xwmAO/iotprKqtQV12NmioyulWV3GNLc0tOma9bs7zVzgrKsK32FQT0NatXcNvtguQ4O9iaw9XZjoDuQz9vOwF9O4K2eWNHgDe3hsKCA5AQuxvxsWHceXrErkAkkB2IjwqlxztojQUR0HehcF8aOupy8XymBq9nyBmZLMRoUywacnbicGYw8uJ9kRnhiZRQd+QleUBJjB/r6XrizM2wTV0VpgQTZzMDRG13R2aUH5JDnHGsMhsVWUFYHGjAX18vYL67FN1FoThXHoaqBEc8v3eNK/e54rM/YQVT5+yWAX3lJ9z5+aZ1n8JAXRy2RrIEdFXY6cnCSlsSDgZScCRB4UFq3NdKCS5039NMBb6WanDXk4SR2DrI0JrxkueHLw0veT64kzK3leThttZNJHhgKM4DLf6V0BNaA0OJDbBVFoQz2TUHUuM2SvwIMpFCBK3lMDMphJtLI9lBBdmeBqiJ80ZncRKunm/B06vn8OruJEFnHt+8uIy3Txbx7skC3t6fxNs7Y3h/ZxBPF07i2XQz7vdX4k5fKSn0QtwbqMdCWx5GiiMwkB9E8zqSBF8AJg5HEcRjMFmbhP6icHTvC8JAcThOZ7vjRJorKkItkOauhfq9sdz8K8xOh6qsGLRERaGsJAFTArsSKXY9YQHokoBSo/VmqiELX1sdHKth2+1lqN6fjdL9qSgkaB+Ki0NpVgJyo/xRGuKFSA9LBLnYIn2bO8pzMtFVX8nBnAWwzRIkpwY6MMVAzKLfCcrsdrSzHcOnj2OUwM+2vwfpdcM0uun+eQL6IP3f+CkC97FWDPV1YGHoOKb7unCJ4H79bAceXZ3E/aUruE1q/BGBnKWRcVHnpJa/IJC/IIC/ofsfCO7Pnj3DW1LOj+kxyyk/c/Ysp/L76VqYI8Hy0QfZ+HhEMN11CpdGu+m1g7jcfQ53GOD7JnCb3sci9W8PDWGRHs+OznDBd/Ok1J+wgDlS6Y/JkfiSFPrTV6/wigXFNebHIzPUFWHuxoj2MULvoUAcTXZAfbQ1LWx9pG6zwg57I67gwg4fLxhqKiPU1RTHixKx2FWAv7++gH//9Sr+9d1VfHGzl2turyvPSrGKQl5QAM5klE/RgmlvOIQTDcWor9iHQFK3+Zmx6DvVgNaaAlSVHkRiXCS2+XrRoo6Ah7MV5CWEwLtxE7ZuIQOrpYmGukqUFpBCj9uJtAhvZER5I3anEyn1bZxaj9puDw9aKEyJW2uIw5G8ZVdjWU6hu5nIw053uayikhgPOSabOVXOhshWXg7owgI8XK6stJgAFKW3QlVBDIYEcn0NOWiSWleQFISJDnn41gZk0Emlu9tiZ4AbqQw/LtWGAf3fv/4Nc4nGmI7UwUK8IQHdDHf22uFJ5U48PJZNQPfEWJIdBqOtcCbUAINR5ugK0ueAftxPkwuMY4VhjpAab3JTIDWuyPUrL7SS4uqwF9lI4oC5OBfoVmIjhRpHGVQ6yOKQJcsr34pkXUHEqPNxIA9W2IRgpc3YLr8JATSCFTchnLx61pyl0kkRle7qOEIquSXACCUOBFwTCeiJ8EBg/WoC+mrulo+p83Wk0tcTqDeu4ZqzyJBKl+MlqDNFTjBnz0twQGfAX8MBn+WjS5GCDzeQQPV2PVQH6uOglzqqQ83Rm+GKufJduFwVjYXDkbjVvAfXW7NxuSEZd49m43nHXvz8YBY///QTF2Qntpmlym2E0MchSHNiBYGXbbl/9udPf1fivwH8N6W+DPM//R4I9z8F1X1KzsHKzz7H6hUrsX71Gnz+6WcQoflmb2yAbY42XDMWUx0d6KiqQ1NBGY6mFjQnDOBh64AgeyuE2Jgg3IYUuqcNmmJIne+Nwrn9CRgtzSCFnovFpv3cuNp66KNCL8H9nlo87G/D48ETuNd3BE+GO/CElPmLuVF8ceUiXl9fxI2xYVymRTw/MEKefDtaDlagJC0PdXmlqMwpwhEC/fG6Ixjq6sWVqRk8WLqGRzfvEOCf4f2rL/Hli1d4+5K89qfPOYPa2PeMFPokd45uHHkBhgT0pqZ2PJw6jN6aRNzuT8eVM2mwcSmHhnkLjja24+9/+wXXLl9CkK8vDuXtJ4BXo66mDtVVy0Cvr67kGrII8PJ9PDdfiw3s7HzV55wyX0VAZ4BnQGeFWuyszeHn5YbA7d4IDdrGbbkH+Hlgu78HQtg2OME9ePtvsA9AJEGdnZsnEuQZ8JmKj4vciUN7EzFFsPnqagMpyUI8GMrFWGMcxk6V4mzTPhwpisfeaC9S3jtgb6BETrkA1q5YgRRbW2TZ28FJXg6qJBZczXSQFOKByn0xKEoPQW1eGDlRh/DXFzP44eU0rveXYqI5Gf2kPm9c6OGKpgjwb+bUOYP6qhWfEND/xPVJZxXjDAmy9sYK9HM/5pcbyJJSl6VrIBtkIg0PCzm4mSnB34EFxGkT1BVhrcIPfZnNsCfFbq+2lYYIrFS2wkhqI8wVBGAsswVGkpugI7gaxpKsyAsfzGUF4aAsBF9dScTYKiKJ1nKCvRyS7BWwx1kF+7x1UBfjiva8CFw4XoKHs2dwf2EAr+9Ok6obx7MbI3hyZQAPF3rw/Gofnl46g8fzneTcteLueDNu9lbh3rkKAvpBXO0sxLXTJZhozMRQ0S4C+g60JruivyAUYwT00YpYLBzLwVLnASycyMVsSxou1CegZ/8OnN7rh1OZ3vjm5X38/PPPcLAwgboya8AiCWO6fl0VUuyKBHhlUVLp0lzhGTUVBUQGBqKzpga1tQdRUZ5HIi8fh/dEISsyEhnBwSQ6zbHb2w4RvhbY4+eNQ8mROJKfiXZyNEcJzJME9osf26Wy7fXxj1vsMwTQCQLoyEeFzsZpen6MtVSl+70njqKfvYZg2nf+FOZIzU+d78SFibO4eek87l6axK1rl/GSVPHt63N4cvM6nhDQn9Dj5zReEVy/ePqMU+dMsbPbZzeecIFtbc3N3Hb7KQL62MfBdgpGmDpnRwGnO0kI0zXTmr80fAKX+nvxsOs0rneewPW+Tlxr6cdNes/1jtO4dGYcC1NzuDO+iPuk/h+RM/EF23YnJ+I1gf0PV1h1mtFhUsgnUU/qYrQyFm30pbUkuiLaUYOMliaivWxQmLQLJam7cSgxBBWpu3C2Khv3Bmvx6/t5/Oene/jH19dw8+Ix1O2PRpCdBpL8raEnL8LV/c6ID0VFcT6O1BXhcFEWmqv2o6o4B9Wl+YiNCOK213Zup0VNw9bCAvYmxtBXk4fgBgI6DWVahE21Zciga0gK80ZKmCcyon05ZR5PizImyBVBHmZwMVehybIVpipCMFfdChfymD1NZeFloUD35WBCz6tL8kJeZAvBexPESaWLCfP+DnURgro4d5bOSgoKQ4MmnYmOEkx0yYPUUybDLg1FKUHoasjA3cEM/l6OnGHaHRKAx48e4scvHmE+2QwLbMs9QZ+GIa5lWuFBkT8etGVjIX8bhuNsuFrmQ1FmGCSV3u6viY4AXa41ajlBmqnxNi8VVDjIodZZAcX0XJaRMPYaiyDLUBjZhlsJ7uLIMxHBAVMR7DUURLaREJJ1+BBLyjxUeTMCFDbCh5T4Dnke7Caox2kKIJU1cbGQwhFvLXSGmKDaQxUt2/Wxx0iUKyzjRMZDkgAtsG4Vp9AF1i/Xbxdav4Jr0CKycS0X3S7DuwFK/Ou5JiyiBHFW252Bnt1nsNcS2QRpPgLvpnXYpi2OkzFW6Ey0Rd1uMzRG22Eg1w9TJaG4dSQVV2pjcb0+EXdP7MW9jgO41pROn1Ma/v7Vc/KAb0J+62bI0M+S5N0IEQK7CM8mCPPwcG1LV/5XoZjf1Plvgz33x//r3PxP/x3hzqWufcIB/DPWS52gvpI1dSG1riJNKsraDM4WplxwnJOFFTQUlaAiJQ09FXWoyimRQXZAmKs9otzskeRpj4KdbjiSEIjefXEYLkrDeGkmpqtzMEtK8nIzAf3IQSwR1G91VOBBTwOeDp3A/XNtuNXdiEcE9sdj3XhycQBfkKFgQH80M4HHi7N4cesOGYVbeLB4BTcmp3Bnah6zfYMYPHkap+qaUXuoFG2VdVjoP42LfWcI7rNkfK7gHnsPe++DRxzQp6+/hWnMBAd066hhhGf3YXaEjFj9Xgy3JJFq2YddO/MgZdAEe78zuHn7Jb778C2iw0KRlZqOyvJy1NfVEtBrUVVZjdqaKrSSkbKxsv49EI7tcqwllb6S4Lni88+xjqnzdWy7fT3MjAzg6mgLLzcn+Pm4ceflkaHbCdLbEEXO8K4gX1r/3pwNYOuJnZ2z9LXosGBS6gR4Wl9BrNtaTDDqDyXi6VQ1vrnahGdjB3HnXDZ6yUHsqc3E5Jk69DXnoTp7Fw7nxsDWUBN66ipQkBBDnJUtWkKCkW5tDYOtW6FHyjDEzYJT8vlx/qjODcXZRlL+V7rxt7eL+OHZOJ7PteLO8GEynm3LVQuDg7CKVPnKFX8mmC+foa8itb6FAV1DAE6mJB7M5bn+5o7kzNrqicGK1p2x6hZYaG4lsMvAhwW9EdB3OGoi0EF9OQiOxg5bNfhbqcBRSxRGMhthpshDSnYjDMXWQ1d4HSxIjNgqkSOiLopt+hKId1BGOqngBDtFpDgoIcdDG/t99VASYoGjmQGYbMkngJURLOow2VWDoePFGDleiIn2IlzoKCWnqAhLg3W4OdqMa+drMddVgpv91bh5thRXaS3Ot6bh0nFW6bAANwcbMXc8F+O1cejOC8JgcRh6DwQS2EMwUhZOYA/DpVZyYptTsXRqL6YbYjDVEEcKPhZjNVHcZ3f//g2oKipAX1gYxuqS9PmLQENMDOpKMlBVkYCCvCz9jQKwVFemObEbx2uL0NCQj5pKYkUBqfWMVNRGRCCZ5sSeMBf63jwQG2SH/f47sS8qGIXp6eg4mI3TLc2YYGfSLBWNRbAziNPj03Q72NmMcQZSuj9Mo5ccAOYE9B9txfDRWlLnpJ4Z5MkJmCEne3HsBKnm01yv9IW5EdxYnOC2u69cWa63/pwVfCGYPyWAP7z3gBT5a3xD979k6WXsfJttid+8iTlS2odLStBBv3OcnZuzs/6PuwfsOq+zXu0E9iV6/iaN2+RU3D3ahjv9J/G0qQkPadyn1z3s6cPl02dxfXAQd4am8fjaNS7NjXVue0lA/5bGHx69/AKLl68R0E/RLynGDIHnZKYPyiPJC3LQ5CoUnShMwbn6fegl1XGiJB0VaaE4RQr96WQz/vZuEf/+/g5+/fY6zrbuw51p8ox6KjDVU4SCFH+CnzycHay5qNZd5IHH7t6GorxU7EtPRG5mChztCODWpggN9IWDrTUpYl3ydvWgoygLFSFRGItJk9qXRn52AqJ3+SLQx46r2hbkaY5kUupRQc4Ec3PYkidsbygHy4/b7A56rAKTJCl1CS4ozk5XnP5PDHpyAlCT5IEcKXVxYT4aAhAT4v+o1rdwgGdb7wqsXrmCKDQJ6ka6SlyJWLbtziLarU11uOdU5SXh6kBKjRQH+/fN9Qks7LHEXJw+FmJ0sUhqfSndAo+KffCwJR3XSoIxmeqAkXhLnI80Q1+oPtr91Lk+6G1eyqh1VOA6rbGzc5Z+tt9YmNtKzzQUQpwWH1K0BZBlIMBBPIcgvkd7C/YQyBNYkxZtfkSobUEQAT1IeQvCNeixKi/XuKXISpLrl15gLYtULV4U2MgiSY9+JhmbMIK9s+wWSG1mhVZWEsyXFTkLhhOkwYDOot1Z4xURLnVtNafQlVnlPc4BWMFtu0vQ8+qCG8j4bCL4riforoGFLD+O7DbFVBF59pHmaApjjXtsMZLrg8XKaFxuTOHAfqstg2Ceigcd+XhwNJP7LId6z0BNlA+KBHUF+l5YhzfxLawCHTleW7aAf/1GrCAY/wbw/1bon/wv2+z/DXdue/6TZaeAAX0VqXQpUTGY6+shkGBtb2oCG2NjeDu7QI8UuqqMLLSVVaCtpAI/W0uE0Gt2OdkQ0B1RGuaDYynk5ObF4fyhJEyUp2OqMhMzNdmYq83BlZYDBPRCrojMXZZ7zs7QWc45jSejnXh58RyeXezHq0sX8IaA/nppAV/cvMFFt3/z6jXePnrCjZd37uHxVVrAC4u4OzuNe3PTdDuFq+dP41pfLamLLoyd6UVnyzEcbzyCsx3d5MGTgfn6R1hEDiMunxWxOIZnszV4PF2D8TZahxkH4OBRBhWTBpi5n8b+kgv4xz//gaMtTYgNj0BpQTG3zV5fW0/KvBbVBPSG+gak70kHz6aNH2G+ehnmK1fic4I5A/p6FvdA6pwda9laWcDbwx2B/j4I47bTg7gt95jwEO64ikE8JNAPwTv8OJXOAM52vdj5eXpqHHcbRQ5AcWY47o+U4bvrjfjqUg2eE9Bv9qTjLM2vftaEhJymjqp0nChNxvHqPCRG7KQ1qwtHYx1Em1lgKDUVbaGh2KmtBUdFGXjoKyPAXh+73IxxMN4f7RVpuHy+Dt/eH8Ivry/iq9s9eDRZj7sEdfbvXN9ZrGYwZ+1UCebrCOprV7It9z9Dh9S2s5kCp8JZUJyzsRxsyP7oK2yCgjDNLf4V0JTeBAdDKZo/mthhp4lgsq/BjqTYbVQI6CpwI1tlrrCZlDupc1keqPB/BnneT6Ettg6WCnzwJBsWZa+KDE8NpLqqItFeCYm28tjrpYdsd03k++ihKtIJR7IDMViXiVOFCTh+IBGN2VE4FOmKmrRtaMgOQk36dpwsCEd/QxYGm7IxfvQA+qqTMXNiHxZO5mOqOR19B4NJhcdhqikD4w2puE2fy1x7AYYro3B0jyNO53qjPcsJ5wuDMFoeieGyKAxXRGGGHIEJWsuj9cmYOpLOFaC5Md7CfX5thw9DTUIC2tLSJKxYNoEkdMX4YcDKwcrLk/MiDFMhAejr6SE3JYWAXsdFhh+pLcSx2n2oOZCHykMZqM6LQUnaHq6NaGl0NJJ2+SM2dAeqi3LR1VKB4SNHuJx0lkt+kQDdx6LYCdznCZxMmbO88pH2VnS3VuMIOaanGovQ3VyC9uPHiIHHsNB5DPPjp3DtbA8uL57D5ctnuOI07Cz79sIoLi+M4cblGbwgYD8mmL4gaDOVzqLPXxDMX9PtB1Lsb1hE+s0X5BAsopMVmWHn/HRdMwRttoMwyTqxsXN6tqtAzy3Sdd0kJf/8WBNut5Cz37g87rS24lFLC2719eEmjcsnz2Hm4kVcnp7Fm1vkvJNKf0WOxNvHj/GH+4+fk7dxDZdG2umH0hdWFYvOfdtwaKcFMgMskeRtif6adFxo249LnWUE/IM4uT8Go3Up+GKhHf/8/jb+88sD/OvHB/jnD/fx/ukM7l3uR1FuLHZtc4G3uz0sTA3g5mQPEwN9ZCbHorGqAGnxYXC2t4S1uRE8nO0QvtMbWckR0NfWh7WhOTxtDaAmIgVVgrq2lDj2xIcgMtgHAZ628LA3wHZPK4QHOnEtTh1NVWGgTKpcQxQ2WuIcyBnUnQ1lYaUhSFCXhK2uFIyUBWFIXq6uHC9NqE2QJHgzoIuLLA92ti5CAJEUE+AqyanKikBLSRI6ajLk6cv8nsbmYmMIbxdS6O52pNzVoKW23J2J5U9fSrfCXIIRLjGY7zHHjQwLPDjkjmfH9+JGeRguprlghFT6UKQp+nbp47ivCsFcFa2eKqhxlEWFrQyKzUVx0FwMeWZiyCGo55oQ1A0I4HqCSCWAp+nwYo+uAMJVNhHEeRCishlR6rwIJpiH0W2MxhYk621FhiEpeNZ9zUSMQM5HSp0PYaQWdqqQcZDfAivxDbAjmMvwsTrsqyHNBt8aUsSrCdxMla/keqHzE9AFPg62Hc/Azs7UBVkHNoK/DAuS410HFQGmJjZyueosME5VaBP2u6tj8oA/epLt0BZuio4Yc/QkWmOqMABLtPDvtO7B5bp4XCgOxZ2WVNyjx+xfXVkxdKSFoSEuQEMQqiL8kGNHIgK8NAQgKbgV/Bs2ceflvwH9/841/99Kxv4eJf/nZYeAqXNpUVJUZPR9aJ7GhwTC3cYGAW7ucLd3gJGmNmRFxaEoIcXlnTsZG8Dd3BBupnrY7WCCLD8HZJDay/eyRlWICzqSduBMRjCG8qIxQY7vVPkezBHcFxvzcaU5H/e6KvGkrxnPSKm/nOzGl3OD+JIMxdurDCKX8f7uEr569JDLPWeDgf3rl6/w7ulzfPn4Cb4kg8Hap76+ewuv793Gg4Up3OhvwY2Bo6Tge1GXexB5KZmkYMIwOjDEfZ5ljYN4MN2EpxcL8XymEi9my9BWkgkbt3oomdXCM3QIMWljePL0Pe6QMxG6YzvysvairqoaTXX1BHUG8xpOpdcQ4FmJ1w1rV3Hb6hs+An0FqXMGdJaytmHN8mBtS53tbMgOuHJAZyo8klRW2K4ArjIcU+lssG32cFLj233dOTXO7uflpCIhPgLhuwNQsS8Gc6cO4O1cJX642Yy3s+V4NJhLijARZ2kuseYjZ46QbapMx5mmXAy0l6NwbyI87W1xpGQPSnd64fKBgxjZQ/e9vBBlZABfdSW4aSvCWk0CQQTWouTt6CJb9+Lyafz0fAI/PxvD++tdeHShHh9eXsWPP/4AXnJUfwP5hjV/xvrVfyLH5RPIiqyDlZ40XMzk4WBAylxLGCaqZGvk+SHFR2tp06c0b1dCV5GXoC9PQFfBTns1BNLtdmsF+JK6dyZ1bq8myDVk0RFfC2meT7hUNG2R1XDXEEIUvTbLRx/ZPrrY46qCVAdVGkrIdFVHlocGCkOscWJfKPrKk3E0ZyeKQu1xcKctUj10EGGriEgndSR5GSNnpw2K4zy4dqn1BP/m3GAc3x+M82T7BytjcGb/DhxLdsCZfX4Yr4pHX2EwJhrTMFSXjpGGPegtjcIAQbwrPxCjNSkYrk7DZHM2+itiMEKvmzyRj9muIkx1l+HqxTY8uHMRv/7jF/znP/+Bv58f9CS2Ql9JmBS7PPSVJaBCoklBRgzGCmRzleWhpETiS08FeRl70N7YgI7WRrTW1KC5toLLRT9eW4W6kiJUHtyL4rQ0ZEdFYX9EONoqs3Cabb0TIEeOHuXy01kb1e7WOpxtacAg3XY1N6KnrQrHagrQdfIgGshhOFp9iOb1IRxtoPeeJqgTyBe4gjRduLswgNnZC1wfc1YNjjVw4VT6wjQX8MZaoD5lCpnA+oruM7X8jmDOiss8XbqO29PXuAA2puiHSYVf7OvGNDka7DiA5b8ziM+Rk3GrqgUP6ptwt+4olirKcb2+Hs/KyvGQgL7U2IInTKXT33Ob4H6JFP/cGbqu/nE8WriFe/dYCtszLuL9Dw+fvMDl+VEMtOzD9YHDGCjdjcYEJ2T5GyPB3QAFEZ5Y6inBheYsXGzJxqWOAtw7V4y30/X47tkk/v3Pp/jXL0/w3dtreHJnEn0dNWiqJG/5RDlmho7hZFMJDuTEw8PJGrqaapAkb8zKzARWpkbw9yKDaWlE4HeHqooGXOxsYahjBEdzW06hi27hBf+mTTCm9x0ghc7UPcv/9ifjGeRrT3C3hJ2pCqwNFGChuazAWUAcGywgzlxViDtLt1QXhoM+QVmeD7qyfBzQdQloWvICUJYRgpTYVoK4EAFdYHnrnSlCek5BRgQaCuKcSmdb8Poasr+nsLnZm8DP1RaBvm6I2r0c0fnsdCGu7XXEpSRjzJFCv5ZqjPs5NnheFYRHrdm4UrQTF8i7HYy2JKCboDdICz2BGjjioYQ6JwWUWYqi1FoCBWYEYiNhpOtv5bbbM/T4EavBi1ClTYhSI2gTyMNVNnLb64EKPNipxIN43a1INxRGPKl1pujTCf7xmvwEd37uLD1AdiNcJNfDUng1dLeugbbQWigLroah3GaE+OvTd+SN2nL67mvCUFUYiKRQC9iTIySycTkXnfVC/x3oG1dzoBfgtuRXcQpdkXctB3VzCR7Ise34TWu4NLdoc2lMk8Edz/PEiXAjtOzUQnu4AUYyHHG9KoI80VRcrU/AdEk4rlZF4/GxdO6zzIiLhr68BA1xAvtyTrAKC1oUEYQsfU+yQkKQERIB37qNv6v0/1bm/29QZ89vZKlVpMw3rlsPBVl52JtZknPohRBvd2THxRAI7LB7mz/szC248q7C/AJQYcpCRgaWujrkPGrASU8D4U6WCHMwR5CZNnaZaCDKVA25joao8LVEY6Ad/c2u6IjyRG/KdozkRmKuPA3XmvfjQXcNnvS34dVEF0FqAG8XR/DVtRl8fWsBXz+4hQ/Pn+LHr77GLx++w0/ffMuBnal1Nth52dsnT+j+K7x/zgpN3MGNC0O4M9CIa+fbMXuuH21llYj234HKguVqZ1/e7sPTyf14OlWAl4tNeH4hH9UH90HVtA6BMX2Iz5pE/9ANri3qnvhYZCSnoqqsAo2kzFsamz4CvQr1NXVcmhrPxo0cyBnQN7JUtdWrOKCz6PZ1BPKNNF9EBPng4mgLX09XeHu6IDDAlyAewCnxEK7UK7vvi3CCeUTI8hZ8UIA3B3W2plhN95SEMFLmYZg7vgfPRwvwjkD+zcJhvJ0pxeOhfbh0LAp9xQFozSHVeTgd3Y256GvJxWBHOU40FMHNjr5Xd2vk7LDGIzKQV/YfwKmICOxzJCfM0hwBqgrQE94CcyURRHqaozIrGNeG6fNZ6MBfn43iuwfn8O7aKXx1f4T7HD3d7LF+1R9p/vyRlPknBPQ/09/6Z/Bt+ATGGsJwNpUlqMvAyUgaNjqiZJdEoCy6gdbMJxDb/Ckk+T6FjtxGuJlIw59A7mchB39zRWwzU4Q7iRAbsll6pORleT+DIv9KmErzwFtLCPG2ykh3UUcGKfMUcvwT7WQI5opItJFDhrMa9vrooC0nEGeLolAb54ZDQWbY46aLIHMFLqedK05D9s5ERRjeporwM1VAiIMWYrx0keCtg7IoF1THOKM5xR2tKR6oiXBEz95dOJsfhN4DQejevxPnDhPcKxPQW5WE7tJoDHEKPwe9tWkYP56P6dPFuHimBAujxzA3dhJ3b0/jweNLePXlPTx8fgs//vxXvHnzCoZkQ41JqWuI0LqWE4Q+2Vld1lJVXRomylthTA6WHtn8cFtNFGbE4mxjPUZYmdTjTRgipc3OnjuaD6OqtBClOTkoiIlBHH2nhxJ30ZzOQXdbNc4ca8Ppoyx6vYKcgUJS4aU0l4twvK4AzfW16Gxm82M/ctNj6H2JNMfSUFGcjTZS+NNdpKDHunGJAH59fgJXJycJ5iPc1ju7XSIHnJ2nM0izoLdHC8uNVF7cuIFFejwzPIO5qRlcmp3F0vglLpDtzoVLWBgcxuzZTq4S3dTp05inv+VycwuWymqwWFmK+eJijBXuw7XCYjypqMG1zAO4T3P2WeMJ3G1uxhUC+uOmDtzpPoNrJ0cwRyr95dgU7ly9isePn+E7BvT7Dx5gmLzZ3vpMXOspwPEMd+zfZogEZ21EOWijLn07lrpLsHjyAG72VuDhWAMeDFfh8kAV/vn3p/jH357jq1dX8PjuJP3gYQz1kEcx10OeTS/OnWrEWP9xDHQfRUtDMSJ374CYMMFTRBSaSspcnrmOmjZsrexhbGgNdRU9mOqbw8PWGeY6Wtiydi0HdQ97MwJ6PHb6OWOHtwN2kvL3dbUkI6wGWyNFWLGGB0YKXCciFyMZGtJw0COoM8WuSZNDnpe8ZSHymiW5Sa0qvh4aUpugp0iTXEUUGqTC5aTFCOa8vwfKSZBil5UQgqIs8yTFufN0GXFebqvdloy3m70pvJ1tsM3DCb09Xdxif9iQgOu5zlggdX4j0wp39pIRyXfG05pYPD26F1cOBmAs3hxDYQY4v1sfvcHaOBOkiVZ3BRQSxA8ZCWK/iTDyjYW4c3J2Xp6szYtUPSFuOz1EkQdRBPZwNV5S5VuwXZGeU+FBrLYAp75z6H2x6psRzQLjWP9iGtvkN8OeVZkiBaErRCCXWA93C1kkhFmjjByM9vYEnDm7h4x5BnrOZ2JkPA+z0yU0ytHXkw1t8qT5P/ZDZ2DngubWreCqyHHn63RfeMNKyG1ZA1VS6IYiG6BEtyzSXZReY6cogN5kW8yXbEdntAmq/dVxjP7ugSQrzB705yLb77Qkc+lrVwjo396c4D7LnZ7OMFWTh6GiFNfxTJ+GprgQKXUGdnK2hAQ5qEsJCmPD6nW/B8L9fwGdPceC6jatXgMeml8SwqIwMzSGr4sr/FxckBEVjugdO+Dv4oRgH2/oa2pChJcXkoKC3Dm6ppw89JQUYa6mjN3Odoj1doWPsS4ZY2X46SkhxEAZyVZa2O9sjHIvM1TRaN5hS06MG3qTAjCcsxuzFam41nqIoF6Hl6PtBKc+fHN1At/emse3967g2yf38OO7N/j522/x84dv8cNXX+Ev797jw5s3pNRf4h0B/WsCOxtvSLE/u3ObFMES7k+fx63+GtyauYClC5MY7e5BT+vy+e83j8fw4mIBns0cxotFlpa0D1HhFfAIOYvd8QOobZ7Hr7/+is6TRxEZHIqigwU42XYMp062o4GgXk/KnKn1msPVkJKU4VL9NrBUtTVrCeBrufQ/ps7Xrl5BkF8DPp71MDXQ5VT5jgAfBLKgNwJ5aNBywFtibBiXnsaC4Bi8I0ODsJOAHx6ygwuQYyo9LmoX1y75Ymsy7p5OwZcXi/Alzc03U0V4O0+2aCAbs00EnUJfNKY4onn/box1V+JUXQZOVGeglRRbZJAXjLVUySkUxVRaKu4ePIT++Dgc9vJEnZ8vDtjZwE1OAkqb18DDUBk5u10xeoy+m6k2gvpJfP9kCO9usaZRJ5cr77U2kTInh3D1H7GZFPrmNZ9g8zoG9D+TSl8FC11S2UbycDKU4cSEkQI/FAVXQnzzJ5DYQiqdfwUUWSqawma4GUvC10yWgCsHT10pDuis25mW6Gqobl0JfVLmrioCCDaSQoa7DrI9VJBoLYMkW3nEmIsjzkIKqaTa05y1UJ/ogfZ921GX6IziUBtEOWqS/ZOEKP96CPKuAf+WVfSdrKDr/BTCdCsvvJ7EDQ+p4i3wZBXkdMQR76SFvX6GOORviMIAfZxI9URrohuOJjuhPdsfJ3O3oWN/IAE9Dmfq0nChuxzDJwox1lWOxYmTmBk9gVtLk7h1aw7Xr0/j9t05PHx6DY9fkUK9NYVL15b7M3R2noKiogzUJMRhqCIBHXIyjFVZpU45GBLYDWiYKQhBQ00N+trKZGPNkUPArSbleq61kmtuco6UbRup1uME6+KD6ShOjkBRHH2vZUXope9orK2Sq5leT2q+vnQ/KisPoaLiIOoI6IcPF6KzqRjVVeXIjAmBOdl0E1lZOGhpYV9WGuZON2O+twdXLp7Dg7lhAvooFi/2EswnSamP4OIU3c7Pc+Vd2Tb80uISV4d9/sJFzA1NY354GPd7+nD12ABmJi/i/uA0pvsGcGFsDAusoQsp7Bvt7Rjnzu9JoZeWEdRLMVeYjVsHD+JmcRWe7TuMh/T8o+pqPKmq4rbe2Xn6lfYuLJzoxWMW7Dcywv3+OyyFjUXbk5P/h6sL4xg9WYTxE0WYbEgmde6MfPpCY+2UkeSmhf7KJNwcrMdQYxZuDtTi0fRx3Jtux7snc/j3r6/w4wcyPt/cxe1L/RjsbkNOWiw62mrQ2nAY5043kuo7iKyUOGz3cSNlawRLfR0oiEpCS0YOCaS4zU1soaVpAU11U+hqGMPc0AKuFnYwUNPAJjK4QrxbkElfVkPlfqTQhx+ynRkHV65vuaOZKhxMVGCuKQk7A1mu7KOluhBcDCS4gjKsk5GNtjgZX2EYkDq3IMAbKbGKYJu4oSmzmSaPMPTUloMzFOVIkbJtd0Hejyqdbb0LkzoX4YDOhqKsECyM1eFoy44KbOHjTp5sVwfw73/jdslOXM6ww+V0KyylmuLePkc83O+Odycz8fxYDq4d2oYLBLKhCGOMx1mgZ4c6TngpotVFCgeNtyLXQIBT54VmQthrIIhMUuYp2h+3yZW3wE9+I/zIu99FQI9i6luLD7E09uizoDd+JNJrQ0ite8tsgKfMJliKrocBKXF1UuT2ZGhyWA587x5cGM3D9FQpLl4sxfDgXpzqTETn6QR0dKfgRGcCxkZzMDaWj8HBfBiSI8RP0OYnJc5HUGeDBcwp8q2DFM9qDuoM6Gx7nqWvqfCvg9rW9VxOOot21xThwYkoSwL6Dgym26HSR4WAroueCD1cyPXAvbZs3GlOwq0jKTSxQ/F6sR//+tc/YaWtQupGCWZqcjBVkYUBGV09Msra5GRp0VCXEIGqpAQURSUgJSCC9StX/z9S1P43dc5es3rF59iwahUX/SzCJwAbMwt4ODgiaVcIMqOiCOQ+CPb2goW+LgdySQFBKIqLQ1aY5gpzRBVYX2sbxBKstttZkSOpATc9dYRZGWC3mQ5iLXWw19kERZ5mqCSl3rbLiVPoo3nRuFiejqsnKnD/fAeej5/B65kBvL80ig+35/H9o+v4y7N7+OHNc/xAQP/l26/w6/ff4u9/+Y4bP379Ff767i2++/INKfPnXHTr64ePCOh3cO/qFdwnT31psJXUeh+us9aKtNgXL1zgjOgP7+/i2cViPJ2poFGGhqJDsHBtQ/qhWaTuHcGbtx/w8P4dRNJnkJ+dwwH81vUbeHD3Hurr6knd1NFzNfD18sWGDes5aLNyrsuFZJa329lgypxn4zrOMfZ0cYC/jzu2+bpxQOfyyzl4L0ewx4QHIyk2nIN7bHQIFwi3K9CPwO7NRbXvDvRFT00y7p9Jxz2am1+RKn86fBBPR/bj/WIlvpwqxGxzCM4WkKrcY0fiw5eAXkUG/SCaixNwoiYL+1NDOEGgKCaCGm93LO5JRX9cNOp8fdBGjtsRPx+kmRjAkK5XT5Qf8QG2OFGaguujjbg2WIOXVzvx9iYBnVT6Ny+u4y199hsJ5JsI6ryk0HlW/wn8pM551/0RQjyfwEhNEM6kiB0IkLaawjBhO4Hiq6ApthKGMuTkEERtFPlhSbe2rN+5Oj9cNQThoiYAN1L4duSkm0muh7MKH7ZpCZODKIYkG3kCtxz2OCgg1lwCcZaSiDETI4Uuj3gbWRQGW6ApyQN18U5I9dSCDQkcRWlhcrTIwVq7Aus3rIK0lAj0dVSgrCCGrXxrsWXTCgjxrYYY3ypoS/PCUkkA243lEEJiKM1JDsU7jNAcY4+KYGMc3m2CykgrNLFg6QwvnCwKx9nmXJwjmE8ONOHyQh8uLw5g6mIPLl7oxoULZwhw/bg43Y+Fy+O4fGMKU/PncHFuAA8f31regUsIhrqqOLRUpaHLarvT0FYUhJqaJAd2fWm6XnKcVVQI7qxxi74+Iu1MkBcbRQ5mCRfYNnr0KHpaKlFDYC5JS+O6stVUHeJqpp9qa0R3cz2O15eigcRkefk+lJQUoomgzhQ7izovJ3h6uFlAgRx2WWKN0pYtyI6LxHnWCa2vB5dH+nBlrA+3Z4dwb66flHY3Zmf7MTsxjMmZIU55L86PcefZC6PzWKD3sZKyN/r6cItU9GL3WXJET+Ne7wQWewY5ZT7LfjbBeInGPDnMV4qrcelgKW4WFeBJegEe7cnDjZIcLJUW4vbBOiyRar9N1/qAFPqNj7fPjp3C1cFBurYpLM0scrsDrBwsq/P+h3PtNRjobMDwyXIMlEbSxHDFge2GSHFSQeluW8weycCVgRrMnanA5cEGXBpqw+JoB94+uYRfvnuIdy+v4sWDOVyaHcHC9ATXEzk7bQ+ONlVi6dIU+rpPIj4yFE42ljBUV4PsVhFY6mjCxcIc7k7OHMxNjJyhpmIENSVd6KrpwsvaAY4mphzQJUSEsD8rBocLs7iSkTt3kBH1doKLlTacTVXpdaowVhOHEXl5joZysFATgrOBJDxNZeBrKc8VlWGD5aKzs3WWn64lw8sBXUeODwasvKKCINSVJaGqosBFW4qJCRPQ+blzdVZ/WlFWlFS6GHQ0ZLnUCyNtBdhb6cPNyRJervbo7monw/sVbpUEYSnX7SPQzfDokDselwXg9dFcPG3LwmKuJ6bTnTESZcSdoZ/wUkC7twLq7SVQbkWKnACerc+GIIGcFwmavIjT2IJIgneklgACyHvfqcaPaG0yPDr8SOci3An89PpIUuo+0uvgIr4O5uTZ629dDRuNrQgL0KZJ7oPT3TE425+AiYl8jI7vw+hkHs4OZeHM+SwMDDGAH8Dk+H6MjOZifraSPL9yjE0cgpeTGgfw32DO9/HcXI6MguTm1VzqGhvCG1dxQXJcnjova6W6XGiG9U4v9tPFQmkwRjLsUe2rimpvNXTs0sFgij1ut2bg+ek83G5OwWJFBF7O9uKLly84oFvTsNJShrWWEjll5L0rSMCAlLougV1HWpygLkbfIzlZYpIEXWFOef//OT9fTzBn6nzj6rWQFZOguWkHTwcHpEdHIpRUm5MFzUltbWjIy0NdXo4em0NNRgby7LiIIO9sbEAw90aAvTXNK13Y6WghzMkayV5OiPewx6Hd23Eo2BsH/OxQvcsdg4fiCTwFuHqqDneHuvB46jweXxzgItufk2F4MTuMl+T5v16cxJvrs/jy9lW8f3gLH148xF++eEYw/oLg/h6/fCDA//V7/O37D6TcvyFn+mtypr/Ct29e4+2zp3h+9w6uz5FxOXcUM8NDGOntwzAZF5Yj++tPX3NAfzxVjtHOMpjZHUZk2gjS8i9jduEJfvjrd0hPTUZSTCwOF5eSkZrCD9//Bd99+4HmdxcH+ApSDFLiktwW+8b1az9GuC93VVvx+WdcTj/PujVcZTgtNSVS2j7YHRKIkEB/ROwOJkh/rAhHqpwpcgbvEFLtbKudNWdJjg/HTnLYWSnYhJhQ5MTtxNKpdDzuScHXizX4640jeNCfjxcTBXhPCv3tTBEWjoTh7AEXNMaboi03AKOkFs8TaDrrs2nkoCw7Aom7vGCopoxMC1NMJ8SiPzYG9f5+aA0gxbk9ABXO9tBhtSl4NiDQxQi5kV6YOFWMpeEmMpzVeLZ4HC8vHceHlzc4GFmZ6dH8+RP4Nn5K488QpCG86U+Q4/+cHM61pPY2QF9sFYwlSQFLrIOl/AZYy68nkG+ClexaeGtvhZPyJjiqbIGtwiZYE+idaW27kBp3URWEn5YIduoKIdxAnECugHQnVcRbyyGKFHm4sQjdl0Q0AT3BRhopzkqoiLRBdYQDYl30oSbNR87Wp1x3uNWrP8VGWpNCwvwQFeUl0SSFpEg/+DqbYiutzy0bPwPvhs9o7Sy3S7UlseOvJ4ZMbz0UbDPAIT8tFATooijICCUE9XoCemO6D5rzQtDTlInxM9W4OHIcUxOdGB9px9C5VnSerERPZx26OuvRRUr39JkWEgrNqG0swvGTtahvLMSLF0+53gDuVnrQpt9pSNDWJ7BrKolDj+wrS2EzoWvVV1SABq07FRUpqNNje4J6iLU19oaGoqqsBKfqStDVVI7OxgrUVhWgKj8LTXX7caqpZrnSW0sLTrVUo7GyEA2kzOvqinCsKh8n64tRS07BwbwMOJmZQXL1akiuWwexjRvh5eVC7zlMAvcEpif7cGGiH/MTPZgbOIfJ8wMYmz2PSxNnMX2uh+wlwfxCP9foZaq7m3sPG1dbT+LCsXYO7FeP9eAGAziBfepjRzjWKW6exO8FFmVfVo8rZeVYImdjqbqc1PlBEoIZuJFbhus59NyBItytq8OlhgYsNdbhNjkxt+nnLPSdxc3hYXLel3CTgP4tqfRXL1/iDwMs2f58PzprctBTEoPGRBdS6AY4HGaGkbIw9BbvxuSpUpw/XoKhjkqcPVGF/s5m3Lk8iZesGP3NWVwlD2Zi7Dz27TvADR+vbTiYTx/syTZk7kmBq70DVOUVoUTGQFdJBb7ubnCyd4aykh5kpDRhZOAKE0MnmOhbw8XaBb42Toj02UYOgCZX2H9PfDCK81O56lIBvq4I9HGAj70u/B10YU9QN1STgrbcVlioi8CKFLqbkRR8LOThb7PcnMXdWIYrBcsBXVOUVJ8olETZtjspdEUBcghoAmmKQ1tdnjxEJSgpKZBHKwEhQX5IirEUNgmoyEtCU0UaRnrK0NOSh60lGXY7M1Ihdtwi/+nlbdwpDcK1fS64nm2PW3sdcP+QF57WReN1Zz5uVYVjLssNE4mWGAwz5M7O21xl0GQviipLIZRaCCFTl0Wrb0ay1hYuqn2X6hYuYj2IvPdwna0I1RRABME9QVcQaQbCiNLgQww9t0NhI3zJiJiJrIGNHC/cyWvPznBCd3cqzo9m4FR/LHoGU3CqLw7d/TEYHttPsM7HwEg2OvpScG4oG0Pj+Th3PhNnBzJxpi99+XYgDVnJzhAio8BAzirHsa13Dt5kECTZ2MJyz1lK2+rfn5faspYrQiPC+qRvXsed880UBKA3wRIlbgrYR8qiwlMZ3TEWuNaYjHvHs7lt98sEdPZvYWaK60PuaKgFO1012JKysNJUhKWGAoFdHsZKMtCXl4IOzQ11KXGoStGCl5aHuIAQl1v+v52b/9ZyVXDTJi6oToKcSwMtHQR4eqFobw7CtvnRZ2cNX0cH7CLl5m5rQ4D3I6coAEoS4rA2MIC3tSWCXRwRv80XOx1tEUAKPdHfC+UpsajN3oOmfVk4WbwfJVHBKAr1wbGsaEy1luP6uQ7cI+PwdG4cT8mrf0wO8NMZAvniBBfd/nxuDC8WxvHy8gW8ujaPN7eu4O2963hHYP/m+UN8ePUUH14/I4X+Bj99+w4/f/s1B/afvvuWa57y4cu3eP34Ee4tXcUcGZoL5MGfP3MW58iQsAIX+M9/yHkgwzFcCUe3IkQnDyAqaRIdXTfxj3/8inNnTyMwwI/LOT/ZdhR/+/ln/Pvf/8ZPP/3E1ZY+cew4tvlt47bXWVQ7g/kGMoLs8coVK7GSS1Vbhc3r10GQjwcujtZcOior5brDzwO+pI5ZZDuDO6sOt8PPk8s/Z+fl2309uNx01g+dRbiHhyznnVfnRuDhmRTcOxmJrxYq8evjU7jVsxePh/Lwkubry/E8XDkWjbN5LmhOMEd9kjPOtx3AWFcpWksTcaZlP2r3x2BvrB9XYrVhhz/GIyPQGx6GRn8fGn4E9O1o9fGErrAgNtP1G6tKItBZH43khF3srsSFDnLEBirxaLoNM10F3PysKDkA4S2fQYJvBWQEPof81pVQFFwBTXKkjaXXw1ByJcF8DUwk18JYfA2MxFfAXGYDbEl928lvgh1B3IoeW5ID7kggZ0C3Jeg7q/DCV1sIocakwM3lkemhjSxXTSTbKiPOWh7hpmIIMxVCCDnwu/SFEWEigb2+RjgUaI44B1VoiPNg/ZrPuII368jp1jfWAS//OvDyroOxsTb4yNG2ZXEe2xxhq68Efp4V2Mzapm5eQX8DXQvZTxcSRNF26shy10Iuqf2CIEP6+XooDDFGeZQT6tP8UZsTjM7aTIx2V2Ok7wgmCeY9pypxspWA2XwQDVU5aGk8iMMVuSivyENOfgqycpKQmRmL8DAflJUt971Ymr9A6pzWrpoEd7Zvoi7N5adr0XegrywGIyVhWGjLQYNAr6EsDG1y7K10lOBCEE7wtUV+ZiQ5mcU4T6q1i5R4dUE+jtYW49TRNpxhHdlaG0itHybgF5NSL0FlZQnqakq5zmfl5XuRl5oCY2Vy1Pk3Q3o9P+y1VFGUkYEjNZUYJ3DO9x7HDEF9sreXU9czg10YHRrENMF9tu8MJmiNcT3NCeZjTU3IT0xELs3dfA9v5OxOxHB9PVdudpref+XYMUwTzNlj1gCGBcJdrG3BQF0TLpeR+C0qw8O8MjzeW4SlAlLleeV4mpGP66WtpNZLsVRTg8XqWjxqbMGlEz2Y6e7E3b4hzE1P4eHSFa5KHeu+9ofzA70YONuFgY5anCiMwxHywKqi7NBzIAi9JaGI8zNFcfpuHK/OR11JLv2xhaSW9+JczzEszk/i/q1LGBk8i3a62LZjR7F/fwHcPXzgQ0DeFRwCEzKCtqRwrE1M4OHkBRcHHxjoOcDcxBUqCjpQUdImoDvCwswDliYEc1sPBNq5ID1oN3KjYmBnpMdtte+jycCKuITs8ERogCsSguwR4WOOXT6W0KdJoC0nCDMV8nz1xeFNytzNSBJ+Vorwt1bCDns1uBhKwdVYntSUFDSkeaEkspGLdDckoJupkjOgJQ4zbUmCtRJ5g6rLUJeWhLio0DLU5SVInctAV1OePHQdmBtrwcFmedudO6O8PIAb+31wNcMB17NscSvXCQ9Kd+LLjnw8PZKKOwT0i6m2BHJV7vz8uLccGu1EUGe9FWVmAjhozNLRtiKJQB6hvgVhBO5dGoLYTh77DnV+7KaFvpsBXGdZnSfobYWfAg/cZMk4kBHxNBRHZootfQ8M3hk4fz6bAJ2F0wMpONYdgc5zSTg1kIATvbtJmSejj+DdO5KD9r5E9JBS7+xPxsBwBs6N5uB4TxIGh/aid2APThyPhKokz+8qnaW2ifIsB7yxwQAuTUCXJcMhxUF9JRdIJ8KziktxYy1VPVT4cCrSGCdD9XHQSR55LkrItJNFZ4QxLpcEL5+jN8Zx1fTYv9MnjsLBUBsuZJCcjbTgZKjJdUKz01Ulp02Bvi9ZmNB3wc7XdeXI0WItGqVloCotByFefnz6ySf/Y8oaK/XKwCPOLwAxGnrqWjA3MMLe5GRkxMQgfPs2ZMTFIjUiHNkJiTS3fHAoMwv2xsbQU1FG0u7diCQQ7HJ3RW50OMI9nVGQHE/OcBm666q5SNrJ0504XVWB+vQE1KVEYqihBFf6TuHR7DgekQF7cXWOxgyeE8RfEMxfL00TxC/i1ZVpvLgyRWMGL5fm8YKNawt4c3eJg/q7h6zE5G18/fwRviG4f/vFC3z/9g2nzj/Q7Xfv3+OLp0/w6NYNXJmZxszEOC6OjWGkn5yIR4+5z/XllTakxBdwW+2p+0ZRfPgqvv/LL3jy6AF2B+1ARuoeVJYd5upC/0JAZ0cfHz58wNsvX6H7fAM2bdjAtUZdt45tt6/jcs9XrVo+O2fBcCzqnX/zRshKipFz4IPw0J0I8PHAdoK3N2uDzEWwe5Nd2IaYiF3cdjtXMc7fm0C+HQnRodx2PBspMbtwoTUDD7pi8eh0At7PVuCvt47h2VgJnpFCfzFGQB/bh2sdCRggx/l4GqnUaCscPRCG80cPoq00CSeqMtBUmICDSX6I9jZGU6AvhkNDcCooEFXenihydkI7fefdpNK3a6ty6ZZKYlvgRiIhJ8ILJ8pS0VWRhOG2vbg12oDpzgK8e8lyjm9BWWgVlARWQVVoNRT5P4My/6fQEvkc5nIbYC5LAJVYBUtysi2k6DGB20KGtT1dQwp9DUylVsOElLyx2EoC+1rYyK+DO61tP21hgrYUEu0USVTRvPQh2+esggQ7acTTeok0l0SYoQiC6XUhuiIIN5FGspMGkpw1uWC6DWs+/ajKV9JYgQ0bP8cGur9uw0pOqfPSWhUTWAdTdTGYaEiBl4C+Yf0n4KXXCfKshAbZRDd1UcTaayLLS5+uwZhgboYD241QvMsYtUnuKEv0RN2+XThanoLO5nz0n66jOdaCvq5qtB8pIJhnk1MYjf37olFUmI7EpF3YkxYOR0cTRP4ftt4Cuqoty9+91beu4eEigRB3d3d3d3d3d/cQd4MQICEGJIEYEUiCQ+Diblerqruq+3VXV1d1V7/fm2vldv/fG+Mxxhp7n5Odk8M5e61vfkvmSgiCr589LK11kJISw+/J+rpiqBG8NVVlYKQqBjVFIQI71WdVkjSydUOCu5GaJL1naWjRdaqKstDXUoGtoQoCnB1RGh2GM501GBrowaluAncfAby/EScI6KOD7RjrrcPJvk709jbSdVUE9CJ0t1WhpaUCTbU5qM7JQWVuLnKyEwjylfR8E9rbKykgaMV5Cgyukw3PT02RzI7ylLI8UQ1b486snAH67FmMd/WiMCCSAnxHZFo6Ic/RHxEmFoh19cO51n6ss+VqbI07Az/BnCW4YXBnm8PMU4Bxv7SF7LwJz6pa8biSwF5RgZcl5bhfU0+P6/Eon84pOLjd3ombFGhcp9d4QIH6w+UlvLlLYrB1B58Y0Clw/2x57QqmL05gbWkGI42Z6Ep2QXeKGzrTPVAa44zKtEDE+1mj73g+yrPikBkbiIKUKHQ3ViA/KxFjI6dx5uwIOrq6kZScjsCgMHh6+fHzZGokrc3NOdB9PTzh7BQKF+cIONqHwszEHbpa5mTuWlCW0ySYu8HLMRBJ/uHI8g1FXkA4WlIy0JachoZ0Nus2jhoGN3odGyRGeCEn1g05UU5ICbFFtK8VnEwU4Wggi2BHHQTYqSGAzDzURZ1sXwlhdMP7WCrAQXd7SZu69BEoih6Emvh+PmmFzYJndm+uRdanpQhtbQ1oaKlDRUUJsjJSkJeRoCIGZYK6FpuopacCe2sT2FkZw9XJmt+YPy4M4E6JC+4S0O/kWOJlnS/e9mfizYksPG2OwPU8R6ymmmLcX4EaEDUMOImRnYug1fwIKvQPocxUCKUUfReaCCOPSoIOWbmuMKII5LE6xxBJJh5BkI/ROgJ/AqQr66Kjip0WRRWtKxhziyVYXCnHLB2ZcY+QjY/NZGF8NpesPB9zV6pwYS4Xs5dzMTdXiLmFEnqunCy9GOOXMjByPhlXrhRhebmMXqsAi3Q+O0eWM52J3BRbDuqj+3ZAmHWvM/M+dABHdn6FAzuo7PwS4vt3UKS7B9Jk7AzorBueAZ0lnFE+uocaIlG0equhxVsdRQ6KSDASx0CwDi5nWOMxWfqT3hQ864rin2VrbRVczfTh/mtxNdGlQI2MXU+DF1ttZW7qfGxdgb4zgrqurBwdFcjW5SF0QJAnjvn/s3Shw4chJSIKdSUVsnNdhPn5Izc5CYlhIQTvPNQVF1MpQX5yMtIiIxEXHIRAdzcUp2WgPD0DRQlxyKJrW4oKUZmexCfgsGUuyxOjWJ+5gLtUyS4PDWCitQZTrdW4dWkCzzZW8e7eTSo38OnhHQ7r93c3ycSv44cHNwnwm/jxuzv44eFt/vyb2+t4e2cDb+n8w4Nb+OHpFn589hDfP3mAn188xs8E9sdR7JIAAGVJSURBVB+ef0cROVXi18/x45uX+OndG3x48YwDfevGJq6vLWNtYQ7jZ07jFNkD+zc7eRF61m3Iq1xBYfVNfPz+3/Dvf/5X1JQWIzE6DjUVNehq7cAf//AH/Off/oa//e2veP7sCa7eGMOV73OhbijBgc7GzfdR2f2rnfOlagR2lkhG8Nt9sDI3QkpiDAII1O5O9nxTFm8Kfvy92NI1L2SnJSI3MxlZaQl885VIAi1L7ZqRHM3H1jMJ9MdL0qjRKsT9wSC8uZiJ392k93V/EG8J6J/Wm/BxrRY/UHk8kY254344m2+HTgoaK0P10JTth4GaZHSWxqK9NApdZVHICjJHk48DAT0cp8jMa5wcUOPogCE/b0yFBaLW3RbaMsegIHIAdnpySPa1RE2qDzoKQjDdk4/F4SqsjFbj0Y05/lm6G6vAVO4A2fhe6IntpCNLzfoNzKR3wUKagC22A+aSe2AivhtG9HNLGQGYE8jNZXfDUl4ApgR0a7lvYa94CI7Kh+CtJYIIMvMMgnl9iC5qQwwI6BpIsZVGio00kq2kEG0ghkg9UcTR9xCpJ0KGTkC3U0GcuRxUhPfxvPJ7ybgFCNQCVB/3U/1jpv4NQX4H1dG9u7/keedlxA4RzAnyewjm+7/CMaqzR/Z8CbVj+2FPJlzgpYPmaDu0RLEdN63RHOeAhlhbNCWToRcHoY+CpqGWTEwM1RI3xnDn5hxWFk7jwmgreloK0FCVjvbmfBQVxSM40IE4EAxra0M4OJnymewKCiKQlRXG7Ts38de//BsC7PWhpiYNAwK4ngodVUS3t1aloENXSYxEiu2CKU3iJs5/X5cCenNNkisy6mgvGxyn+3egpxMj/U040dWMcz01ONHXhDNk5We7ajDQ24Xhvnb0drWjrbUVnfQe29oq0VxVipaGenQS6Ftby6kdrUN7WymdV6OjtQlTJ9swz5K+sJ3czg1SsD6KNQZzNhZOz69QYXng86id8DMzQ4SBDUKtXZFjZ4cEXRP4yxsixy8Emz1DfCMYlsVumgKN4aFTWDx5kifAGelpwUhHK+4yC68/jvtdjXhYS4AvPY4bHR241T6AZ539uN/Xtx0YsICCfm99eQb3rl3F/ev3+eYwLIHN26dP8dmV5SvUiF/Byvx5TLXnoocqQ3GQCcqi7JAaZI14X2sUJvihszoTmTF+cLfUgZuFNiK9HZAaF4xsgntIoCdSU6mhS09BDtlOJkX6ZRRllJYWwcHOAXt27IIiNbjmRlZwc4mAlYUf7KwDYWbkCD0NE/qCDGCqZ4MYnxjkBMehKiYFx+PSUEKm3xkVi7GcPJyrKEVOfBjC2S5nvrYoTA1AEZUYumEivK148bHTRqK/NdLDnRDra4FwV33E+hgjwd8MIY4aPDMTW4uuIikIiSN7CerfEhCO8iVuttriMNUQo0ZeFmqqStDU0oS6hhqZuiJk5aShrECFjFBZQRLaGoqwMNWDvZUJRk5vzyJ+eaKQgO6O29Sw3M6yxKvGcPx4uhjvT2bjcRPZRqo5LkVoYtRLCv2OkuixFUWb5THUmZCdmxxFraUo6u2lUWYtiRwLSYK5EKJ1hJFiJIZQLSF4qgjCTv4gPM1kkBxhgBZqxM6MJ2DyYgbmCc5LK9UE4jIsLZZjcb4Y05fysLRcR8CupGMtrq03YnW5Cgv0s8WlSqys1uH6ZivWN5pwdb2Oj6Ffu9qA69fbcPNGGzY2WnFj4ziubjRi+UoD9JQEeU53BmgxArqCiAhkdu2iRuAYNAUPQUdUGGICuyEnuI+ngRWhBkWUd7tvX28mJ4gwaowqyNDLHJWoUZJCg6sKxmINcft4BO63xeOXW9P8s8yOj4aHpRG8WDE3pP+zAdxM9OBipE1gZ1BXh52OCu+CZ1DXp+/GUEmevktFsnU27qYE0cNC+PKL/+9e6l9+8QUUZKTJIg+SRUrDWM8AGQkJiAr0R1JYKBqoYWitrsLxslIUZ6SjubISrVVU2SurqfE6hZ7aWrSWl6MxPw8nGo9jsr8XazPTuL20hBvz89haXcOj9XWsU4C8cX4Mty9N4en6Ct5RBM1g/OnRfQ7o9wT0Tw9uU7mF7wniH8nEWflwn6BPEH9JJv/q1jW8YmBnpk6w//R4C+8e3MFHeo1Pj1mWKoL/w7t4QwHCS3qtt0+28IJ+/uj2dWxdX8fq/Azm6D2cHuxDS912V/HM3BNEpkwjrWAVK+vf47//+++4MjeDQG8fVBSXo4kalM62TlxdWcV//OUv+NOf/gl/+Y9/w93fd2D++0ykZEeQ7e3c7nInO9/568z2r9kmLLt2ksHvhriQIHwI3BHB/hTs2sHFwRZuTja8mz3Amy1HC+ObrLAlaRkpsXSMQVSoP1ITyeTSE5CXlcz3P2+vzMSD0WwCegg+LRThn+52408PTuLN8nF8f60JrxdK8X6pAo8mMrHYFIThHGsMpJuTTWqgNtoWXSVRONmQjJ7yaPRWRqEo2gZN/o6YjyCg+3qj2tkeBSQbnW7OOEOBRy/Jgo+NDt1HYjBWFqG2QhfVyV5oyQ3Ehd4ivqPb5aFyDDckbedJqM0lMO+FiRQBXE4AZqwLXW4/QVqAd6mbSu4mO99D9k0BgvIBAuW3cFA9BBuFvbCV273d1S5Hj1n+dvVjCCJYp9jKo9hdDeU+qijzVkWuszISzESRYilOMKfA3lgKEfoSiKEjKwmmMsiyV0UkneuI7eMz7tlMdgEBBvUdZOhk53vp+9nxW27uO1iq2h2f03f3OQ6TwcuK7IeS2F7IH9kJfWlBGEoJwt9QHoW++qglkNeHWxDM7dGb5Yv2NA+05/hjoCoWZzvzsTZ/Ek8e0X368i7u31vB1eVxzFzoI7CWkwEXoawoDrERbDjFGYGBrrCxNoCeviIkJA/g6LF9EJM4hIOHd23vUPniCbXBEmTkotQGE7jpqKciCR0CvBoVtoyNjbOrUbChoSQFVVVpGKnLkgyKUHvvjNqcLPTUVaC/pwsTffXo6zuOvq5KDHQcx2B3K1/idu5ELc6wBDUdVWgnO29sLEZTUz5aCe58d7e6InQ1F6OnIR9dHTVk6WT2ZP6DFAiwbHKXJoYxPNiGsdF+zLMJeSx5TX8LX/IWYWeIYBMTxBoaItTSEnHqhggSkoHvPinEy6lgsL2dL/nsbGlBV3klUsNT0VJYx7PFzXSfRmNDI0631VJg2orlthasD7Zi8+Qp3BkYwL2BJqycGMR1MvPVXwOJDYL6ygq1OevLfE0822b14cOHfKOYz+7e38KDB/cpwrqIkeYcNCd7IC/YAoWx7mTAbsiN9kB5Rjhq8+J42tUwL4KnlzkVCySHe8DXwQRmukoIIcAnRxFgQ314ZS3ITUNVdSmyszLJigSxmyr/IYFvISuuCB+3GPh4xsPdORR2hg5UrGGtY4nkwFjUJGSjIToFvUmpOJGQiou5hbhUUIjF0lKMFueiODEYuYmBKMwIQ3ZSEEIJ7mxZQ6gv2xqRZY0zQQzBPIPed0KwIxJCHOncHRHuRnwnNkcDimbFDkBeSADSgrt5t7s52bm9vjTMtSWgQdGjmJgIFAjkGgR1VXU1KJOpy8lLE+jloUlmqMlmYeqocqifGd7e+/depQ9ukp3fLXTEw3IPPGuNx+uBLDxqCMGdck8sxGhjOkQVZz2l0WUnhmZzIVQbHUGzpTDq6LzCQgyllmLINxVGjqkIB7qr4kE+SSbMVQ3F2W7oH4jF0Fgs2XQaxi9mccu+MJtH56wLPR8TM2kYI9OeZGY+mUo/L6Xr4zC/VIx5gv3lKyWYJqBvbLZhbe04Ab4Oq2v1VKqxtFZFxxrc3Gyin1XiEr3e8lIZFsjip6bzUF7iBVHWpU7mLfbtHljp6kHlIDVW0nTjamoixcsN+hLH+Ppz1iUvLMAmy+3gk+PUhL+FNgVPbIvVAA0KYvy0kWUpiwp7OZwI1MRKsTeu14Xgd/e27SfAwZrD3IcCJh8rY/jS0ZPA7mFuAFdjgrrh/+mGZxPnzNQUYELfjZGyPFm6HLTl6LuTVaIGSwK7d+zkXe0M7IIHD+IYGTrLP66mrApzQyPEhwQhITyEr3svTE9DS3U1qgoKcJzAfaKjE6d7+3B5bALzU+dxurMTY4Mn0F9Xh4tDJ3H7yjLuX7uGBxsb2CKQP79zF09u3CCor+HJxhpeElxf3iFoP3+KX8ikGdTfEXw/Ptwu3zMrf3SXYH5rG+b3ruP17Wsc6C+ovCSov2SmvnWbg/zN/Vt4dfcGPb7Jn3928yoeba6QNa7iGVn+o1sbuHNtCVfnL2Ju6gwmh9leCS1orqnEB5br+cc/IqNwEf2nn+Pvf/+/8frlM56rPS8zB/XV9dTQsRnDnehq68LL5y+5pf/8l1s4/y4E7/91De/fv4KEhCifCMcAzlYLfPXVlwSJr/kStgMCe6CrqYqgAG8E+nrB092JoG5Ddd2R77Tm6+GM6PAgvvkKA3keWXp6Uiw38uz0OORnJ6OAlZxUnGnNx6PRdDwYjsUPK1X4Z4L5H+724/3VVgJ6C15cKsbzmQJ8N56Jq93hGCt2wOkCssoYI5T666CrKBwn6lLQTUDvqwxHXYYn6oPtMR8VgeEAX1Q52FE9M0WDvS26Xe3R50US4GYKd1NlDhc3Y0VUJnry8eKhuiSMtudgsrsQp5uz+D364OY13qXOxsVtFA/DhoDtrC4IB4K3ldw+MvU9MJJkO6TtI+gT3GX3ErwFYCWzk4BO9UeGbFhBEC4qRxGkL4oYCwlkOyuh1EsDdcH6qPDVRTYFvsmWInwiXIKZLKINZRCqQ5ZuKIooYzJ1U0kkWcogzkyO/sYhyAjuxME9n5N5f47dO/+ByufYtXN733aWqnYnyzu/7yuICu6CFLV9JkoiMFMShoHcYThriMJbVwpRlip8/Xp5gCEVXWqLLdGV5oq2NHeMtadhYaIddzZnsXV3CffuXsHm5mXMzZ7FSZ5prRXNBMmKilQkUdscQAGUvYM+DA01IK8gBsGju7H/ABsG+AKHKIg4LLQbbu72/PPs72uGsrIM2bgwdBVFuZ0bq4rDSJWNn0vweVJGqmx11GG6RgSqFMCrKSkh1M4WuaEeqCssJMNuwSDZdldHHTo62tDb042T3c1k7q0YHu7kk+HOdlTwPdcH2iroXm+kcwoE2tmythI01hegrroInaWpBPRaer0unKQgYLSxHmd7W3C2rwXn6LjS3oWp3h405KYgxcUFQSbGiNXS4lAP16Y26oAKbPdTm3RMCgpC0kiNiEJzVhmK8isQG0zS6hIEfwNL/p4vDw+jp7iY7tcinO+qxQS9x6sE9DUyeL6JC+vSHxzkY/ps85kNZucTE1iZmcHd6wt8HTxfOnf/Pt+w5bNHTx7j9p3buHplBqc7SnE8JxR5BPJwV0Nuu1nhLqjJCsVwYzbaiiNQGOOEtEBLZIXYIsTFAP6O1OA6GCHW357g6YTsOF9kxAUiNzkCOcmhqCgka0+LhrmxAd1M+/Dt3n3Q17CihiQJEb6JCHELRYC1KwItnRDvFoC+nFJMFFRgtohMs6SMCtlnSSnm6T+/VlOFyzWlqM+MQUaiPxKjfBAZ6Eav5UhHV4RTtBbmY4coP2tkxHrRewhCfKgLkqgkBtnDz04LVlps9qQwh7qK2LdU9kNX4QisdCRhyZLPaMpAXlYcx0SOQVZeDlramlBTV4WiojzUVRSgpa4IXS1lGOiqw9hAi27ELvznv/6Rg/xmrj3WUkywxZZjdSTjaVcibhS64CqZw1K0NkY9yM4dxNBgzvYtF0aV6THUWwgTzEWRZSiCLKq4ibqHEaZ1FNFOiqgp8cPgYAzOjaVicCQGE2xM+1wizozGYnQyERMX0zE9m0M2XoSL0wUYu5BFz+Xg7HgiQT8J56YzMEHPjUwkE5TzcX4mB5cvF+Daai3WCd4M/HNXirG+2YAZsqCZhWIsr5ZTJe3AEhn8hcuFWFgswdmpdHqdPNiZyhLQd/AscbJHjkDuwAGYS0rBU0MLmY7UQAZ5IsjCBCpsS9oDe/gkOXVhAcQZiSOFGiFHhcMwljhIjZE0MuxUUEcNWJ+fBqYSzLBS6oVPG+fxx3/8R97d7mdrhkA7cwTZW/Kjv40ZB7u3hSE1trpk7DoEdx046KvDhoIrS/pOTNUUOdQNFRXpO1aiSJ+CMUl5HNx3gKxkD5n5IRwiO5cQpQZC3wBB3t6I8PNGZlwUchLiUF1UiNbaGtSXlaOnqRmjJ07idF8fFi8wQE5hhCLm+Ykpnkpy+fwUwXwDT2/fxfO79/Hy/gO8/e47fHzyhKeC/PDoIcF7i2/a8NOrV/jlzSs6f4gPD+9xOH/PQE5Q/+HxPX58Ryb+hiD9giD9/PoqP768tY4XtzfxmnXXk32z43OC9nMC/aPNZWytsTWyc7i3MoctlsGKzjeXZrBw/izBvIfebxvZQQOqirKxsrSA//qv/0ZW8TX88vu/kIH/O6pLipAYHY/6qhq0NDQTyDu3gd7RhdNkCL/701vMv83AzT804i9/+xP+5V/ou3F1xK5dOwgOO/gmLMzO2f7nAmwy3MFv4eHsgOAgHwT4evC9zrfHzt3g5+nKN2OJI0NPjo9EGgX9HOpk47np8SjKS6eShvysFBTnUSDfV4hnU9l4fC4Fv7/egj9tncSPm114daUZLxfr8HSmBE8p0Hx6Pgc3+iOw2OiL02Tp/Rm2KPHTRFGwMdqLQvmmK/1VUWgvCEFjtCumQwNxys8XJRbmyDU2RrWNJVop6Oh2t0O6tzUFz8ZwNVGGk54UimJd0VORQIafgJP1adQGZuJsex591vP4r//8T/gZycJe5QBsCeImMrthrfgtTCR3wZjM3EB8J3RFv+bd8Nvj6Xup7IYVHe2UDsON7YmuewRhxseQaCWDZFsplPiooz7UECVeSshzVuAbriSQncebiyPGRAJheiII1xdDlKE4EszJ0M0lEWsqjRhzArrEXsgc3oGj+77AgT1fUID1BQc6m/HONpDZSfZ+UOArCnIFoCF1GIayh+GkLQk3AxnYqR2Br74UwswVEGjIZs7T5+ejh0IfHRT56qEx3hZjrRlYm+3C9VU2q30EK4tnMDHSgdWlc7gw0Yfq8gzU1WQhMysS+QVJcHG2gp2tMRSorT16bD+B/GsIfMt6Dr7CXoEvcfjILhwS3EHtrABu3NzkWeTig9xImiSgqyoFAwo29MjE2TI2RcVj0CdD11USh46KBIzZeLqiBMwJoi5GJGoE0orEMDRXpKG2spIg3YDu7moMnezCOJk0A+IYQf1ETw+6Oilo7axGa2sjBvobMdjfhFODXQRwqvP1eWhpKURLUzldU4u+znoMdTZgpL0K50rzMURmf66qCuebjuNkeR5yXT0RQUFhuL4+kuS0ESOuA39ZTViJS8D6a0no7doFGWJesJ0dkry8EO7uBW+6NtY7AhnegfCk50f6+9FC8tBGfOsozqf33ojJwRac6u7GOP2MbRgzz3aGI7DPE+SvEtDZdqvM0pc3F7FB4sCgvvVoi2eu++zBgwe4desGNtYo2rq6gJ7jxSjPDENGkB0qU/zRkEeRbkMmRloy0ZAVgJbcYHQWhyElwJLeGDW0jnoclumhDsiPc0dJqi+KknxQS9c1F0agNisQpSk+9HwwinLTYUhmJyYkgjD/BAJtOmJ9opHg4o8CzwCU+IbhdHYJFivrcLWqHosUtSwXFWOpoAgrZRXYrK3DjYY6bB6vw3hOBrJjgxHkxbYxdUV0sAcvsaGeiAt1Q1qcHzIS/JFFJSXKE+Fk8CwBjZW2NBmcIN3UgmTnZGoSBwjoR2GoIgJTTUnoq7N9e8UhKSUCYZGjkJAUg6qqMhUVutmUCeYq0CN4GOqqwYyA8t3DLfzL24e4nm2F27m2uJpiiq1iV3zXFE0lEtcybDAbromJACUMOYmgx1YE1SYsLasQCg2PoZgsvcZGEpHqBxGoSdG6mSSqi53QPeBHdp2EsalMDJyMRkdfOKYu5ODU6VicHU3CyFQGxqfTcGosAhPn03F6JBFDpxM4wMfJ0i9eyiYbL+J2PTKZjmGC/OlJsvupeJy/kIqZS/TcaDjO0bUX5jKxslKN2cUC+nkKZq+UYfJSLj0ux+q1Jly91oil5Wr09EVBUVRgu0t9zw6K7Amc8ipwVNdAOll1cWo0Eu2tYSosBGnBAxA7xLrzdiPZWAIFlpIocVSFEX3u5nJCZPXUMBlIoC/CCLNZjlgr98E/f3iKx1v34U3gDrS3IJhbIMTBEqGOVvwYSJD3I2P3JOB7k627m+jy4migCVsGdQ22bl0RJiqKMFBUoEZBBdoK6lCWUoDYkWP0vSpQVK8CHW0dvtLCx8ON7o0wukeiycrz0VhZgaaqal5OdnXj/NkRDPf2EszP4xJVoEs8mcMSrkxN4M7qVTy5dQcv7m3h1dZDvH/yFJ+ev8Av79/hpzev+bpQBvdPz5/zrG4/v35JoN+icm+7+/3x1nYX/BYz9Xt4fYdsnqzvOYH82Q2COsH82c0NbuSsvCGzf03XvqDrnlxfw3frV/Dg6iJuLU7jBhn5nSuXcH3+PK7OjGH2bB/GBlpwpruR6nMFBSpZBPTt3o9X7/8Z//33v2NhZhrB3j6oLK1A8/Fm3tXe29nNd1Xrpcakmwzn5EQ9zj2Jwbvf38aPn97jn/7wC3JzM7F7905u5Sxn+85vvubd7wf374OclBjcXRwQ6O8Ff29XeLs5IsjXk3e/RxJI+Tr0mFCy8XieNIaZeU56IgqykrmtMzNnXe7s8fKZcjyezMKr2SJ8XKvHjxvteH6pFi+W2/FotgqPLpbi7rkMbI2k4M6JKFzvDcNUmRsGs+xQH2OOAl9tFIWaoSk3iIAeTW1WMBqTvDFJwcYJek+l1pYoMDNFnb0NWh2t0edmj4rkYMRROxHkZAgXQ1neS9lVloi+6mQy9HwM1iZjoDYF54ea+GdZTe2kqSQbN99H9/R+mJGxm8rshZ7oNzAQ28mXrukKf0VA3wkzqZ0Ec2b0h+GoehSh5gRxJzJweymkEbgzHeQJEGoocFfjXe05TioUJCsg0UIMEYbCiDKRpKMYwg2EEWsiRUWCYE5gt5BDiL44LKX2QZPqpiyz9L2/JZAzI/8H7N3zWzL2LyC4/2uoSOznmTL1JATgZyiJYCNqd6wUEG2rTPVWBWlOaoi3lkcGHXM9tJHloo4ifyMMlkXg8pl6zI614MK5Rly51EulDxdGGqmQAQ+RwQ6R7baUopqgGhPpCmMjNUhJHcGhwzvJyLchvoeCjT0CX9P5N2TodM/Qe2Xj/d8e2MGh/oefPsDOSJ0vWTNUFoWBijgF5iLQUpaGJomWkeJRbukaKlJQUZEla1eDDtV3e0NDhFNdjvdyQmNDCUGxlmz8OIYI1tP0Xc2dGeY529kytsHeOvR21aCnqwPjPTXoIyvu7GjnAG9trUH7cTL05joy8QacaCvDMFvXXpKHyY7jGCXwLhRm0n1Wiva0WMRSMBhFwUSkri789Q3hLa0L38MKsBNUgKKgEDQEWC/wt3Ax1qM2ywy2Eopw1dRBpIkj8mMSEaVtj3ME7ebmZrSUlqKtuhoddR3o6mpFX187Bug9n+3fnpw3QWC/ePYMVn/ddGbtwgUSL9ZDQkH85jpuPbzFu94/u7d1lz+xuXmNylVMjZ7AybYKFMeRuYS7wd9On4DtRLD2Qn6sG1oKwlGRFsT3H08JtkewqxFf5pERaksVwh2lCc5oyvJBfZoHiqJs0ZYfiJJYB5Qlu6A6KwTdzTXw9XBFgEcgciJzkBOShOMxGTiRlIaR9GyMpOVipaoBVytqcKWwCAu5eVjMLcBaRRWuVdbgek0t7jQ2YIMa3+RwH/h42vBtTCOoJEb68XzvCRHeyKLKmZUUhDA/OzoGkrnbwMtWFzoEcxNVYeiTlWvKHIKO7BGeXMZUgyI/NTG6iUSgy7PHiUOWwC5NjRTrZlRTU+az3zU1lKGjqcS73I0JJDyH+81Z3Mq3J5gbYTXRAPdKPPC4IwnrBS5YSjDGsKsUnwDXYXEUXQ7i6HWSRIWZEAqMjqGI7ZhmJ4tISzHUldtj7Gwqps4RmMfiMUZmffpcNKYuZmHsfBYu0vHUWAKGzpGZz7FZ6PnoG47D1Gw+xi/mYexcNkYJ9JPTmTg/nU2GnYWzF2JxcS4H52ez+MS38wT6MbrmJBl/z5kInBoJx8zlFAJ2PlZYVzuZ+vhsOl+ydm4mm44FBPxi+lkd5lcrERthymews9SvSsKicDUwhYuWPkFbH9l+rrCXk4SzhCS0hQQhKywIOaH9cFYURL2LMsJ1RZBsQ4EQfeYeasLwVBaiBkke3SH6WCly296UZXoKPtYmCCArD3awQpiTNSJcbBHhbItQOwsE2pjCn/2cjr58jN2AA511w3Nbp4DLgoFdXYm+Z2UYqahCR0EFihKyUJGnQEzPELbWNvD39EBCVDiq87NQmJaMlpoqdByvR29rK9rqKDLv6cUkAzoZ+urlOVwcGcHq7CXcvbbOMzQ9vH4Tz+7e4wldXj18gB/fvMUPr9/gdx8+8DXhbAnJ9y+e46fXr/ELPf7hxQu8I6B/fMRg/pDKA/z07BEfB3+/dQdv7t4kI9/kRv70xjW8vk/wvnsLL+/dJvu/jVcP7uLlFgsgbuHp7Q08ubmO7zZXcGtpFuuzk9icv4C16TEsTZ7GxeFOjFKDdIoao466EtSW0P8xa3tvavbvw7vXCPHxQlFOLprqGgji3Xxr1N7uHvR2dKCfgpm+zi6EhYVh+cEAfv75B2xcXcbzJw8xNDTAE8ns+Ppr7PjmG+zfsweHv93Hl6oZ6mjA1dmerzcPJEOPiQzi4+ZRIYGIiwrla87ZrPaMpDg+MS4rNR7pidH03lKRn52KzJQ4Ok9EcW4KVodL8ZDu86fnc/Hz9Ua8nKvGs7kmfLh+EnfHi7B5OgubJ1OwORCNLQpyb/eHYrLYHkPZDujOdEZJsC6SCIgVcY5oLwwhoIegOS8UQ4EeBHRvlFqao8TcHFVWFqizMUG7iw3q08NRkOBL7Zoj/G21kEmS0l4Wx4HOhgCGyNA7SqLRVBS9vYvdwnnYKBDIpQXoeJgM/SC3c1MZARiJfcPH0M2kdhPQvyGD3kXw3wcruYMIMlFCupsO4m0VEW0hS4YtjRADEYSSecfbyCHTRQk5VF9SbaUp6D2CSMOjiCSQR+gLI9qYIG7Gxs8Z1EURpHUU7soH4aV+GN46YvT3BKAreQAKwnsgfvhryB7dBS0CuIUi20ddGM7qR+GrR8GBuQqSHTWQ4qyOdBdNxFtJI8VWCsm2csh200KKvRIyKahozvDCifoMTA3V4fJEK2ZGj2NmpAFTwzU411dK0MtEb1MKGitiUJIXjdyMMArm7Eh+JPlM+z17v9gG+r4vsZsCi70CdE7P79pNQce+bcjvpqDDgYJ2Ps9jcpivQ1dWYrPbpaCpJsJnuhsS3HVV5ahOi/MlboZsFry6LE9Mo66qylMxBwe6oKooHy3HyaC7myigrccJ1l09NIQpguPJwX6MDzRhdOA4QZONk9fwrvUTzcU8DXJzSQnqC/LQmpuLdjrvaqvCBL3GhZRCjBeTWJYX41xJIaby87GWlYUqaxeEm1siXEEHQerqCBGSgb+YNJyPHIAxwVyc6oa6hDhs9fVgLKMOcxIfVyMjArkBUow84W1kivGOevT0dG9DnY2xd9XxCXvt7a30PEG9rwdTZOaTBP6poQ7MkqHPs6VwkxNYXZ0hO1/C/atLBPMlOr+Oz+7cuYXbt29yS2dgX7x8ATPjw6jKjkZWjDc1rtqI9bRAkq853eC2yAmzIxATzMnKY32sEOFhRA2vFlL9TVEYaYPiKGs0pLoh2VsPdcmuaMj0QoqPPv2eNXIjHVCbF4PW49WIp0pfFpuD8qA4jJCVT2XlYz6/AGNJKVgsrMDVkkos5OQTzAnqeQQUerxWXIHb1Q3YajiONYpo4gLcER7ihZgoP0SEUAMSSn8rJhDRIa5ITwhAbloYmXogIgIcEO3vCE8bXVjrUWSndIRukGPQU2D5jY+S1YnBUksCVjrSVKRgTsVIUwo6dNOoKknRzSVDpi4MaRkJaGgS0HmXuxrBQX07h/v8SdwqdMa1ZGOsJhjiVok3nvZkYindChOBSui0EUKLyWEcNzuCJisR1FuJocJaEplUIVMsyMgTLXD2FIF5Io5AzdaA52PsQhouThdiZbmOj4+fnSI7GI3CyIUkAnoSQT6XgF6MoZFUgn4KJs/n0PX5HPyjYyk4PUpGToHBhdlsui6TrJ3Mey6LYB9LFp+K9j4/+hup6D4VjcmLZOkziWTtqZhbotchex86F0O/m4X5hXJcJlOfWSih91aAcxNpMNYUxbH9OyB5YB9MZFkuajuEq2si3dUOAcYGMD98iCxdGIpHDkJN4ii0xA8iz0EV5WQgcWbysFEUhp2SEAFeGEF6Esh3UMJE2vbyv96W4/C0MORd7szMI+k1o1zteZrVaCdbRDnaINTWHCFU/MnkvcwM4EXXs9nwbFzdQV+Dr123poDrf6CuwZe0yUNLRQMm+sZwc3JGRFAgyrLSUEcNQH5qItrr69DTzGbJdqO/rZ2A3oPxU8MYGTzBE7RcmpjA9SsrHOhbm9cJ4t/h8e3bVG7x85/fvcenl6/wh0+f8MuHdxzqP799g99/eM9TtTJrf/foET48/Q4fCegM7D8+e4wfnj7kUH/JDJ3K63tsnPwm3lCg/f7xI7x7/B3e0rVv6XdYefXdfbx8cB9PCfaPCOr3N5YpwJjB6qVJLJOdz00MU4Pbxyv/aWoc+psr0VCWg7K8NP75sn3O6ypKkBwbg4YqAn5zKxlLN7dyBvR+Og50daGloQliwmLw8fPE+/ev8Yj+7ofXL7BMpn/kiCCf3c4mxR3YuxcH9u3mGxtZmBjA18sdQQE+fGKcB31vPu7OCPbzRnx0GIL9PXha15iwQCSxbTAJ6szSM5LjeGEz3PMyE1FRmIHV08V4QAHq84sF+MdbLXgyU4HHl1vw4cYp3Bmj9qAvCcu98dgazcbDs3G41e2P6QpnnMqxQy/dS/UxpkhykEaquwbygszRW0btTn44uiO8MODjjjpbayp2qLI0Q7m5PhqcLNFUEI2CRD/kkcxEexoj2tUAdZlBaC2ORn8D1YnmPHTVpKC9Oh13KZj687/+X3DTFoGt0iE4qQnRPX2QJ5ExldpBhcBO5m4ivQfGkrvpMVvOth9eBpL0nsjSLKQRSID20aDgVlUQHupH4MKSQ+kcoqBXmgxdEUmWbLz8CML0DiFI+wCCtY8hxkSawH4M0UZiCNE9Bm91QbgpCyDWSha5nhTE2KvBm96TE4Hbgd6TJ5376IjCz0ACXgR8f11RBBtKULCjRlaugGx3VRR66yDXXZPDPIWCjExXdaQ5qyHPVx/dpZEY7sine6qJQNJIlluIMx15BMF09NUno70yBo2lESjN9ENmgjvCfK2hpiSCgwe+ocDvt9i3jwC+97cQEPgfS/8K+779Bjt2fo6dbJkdXfPNjt/i629+i8qq7fXpJemRPCDQIbHSVJaBMRm7utJRAr049FRZt7ssNNREYaoqxifR6SiTjLG5G9YWqE4KQ2tzObpajxPQ6zDQ04KJE+04N9DKN3cZHRlG78lOAmYT32+9s6KArL6Ugr08dGRmojU9HY10bExJwUBODs4QZ4YLC3GltARX0uMwRmBfzMjAhexstHv7ooTMO9XYBIFimvA6pIgwEXU4Hj0KpSNHICskBAtZWSjTUWsfC/xkEKZiiUBDK77ELc0nFN213XysvpPvAd/Fod7c3IDWjlqSixJ0tLfRe+/GuaGTGCKws73bl8bHeW/c8vI8Ll9dxZWbixzoLBXtZzeI6jdubBLdN7GxsYr1tQVMU5Q/1NOIEfoQEvztEOlCBuZtgqwgKxRFOxO8LRBMEWx+iBWyAq0Q72GA3DArpPkZoyDCBiVxDvTYErmh5kj01EGUE908XkYIsFZFsL0mYoNc0FpfgvaCUnTHZ2EmvxwrZbW4lJWD2Qyy0cQ0zGUXE9ApKsorw1wWQT2nBNeKq3Gnqg6P6ppwlQE91AfRkb4c6NGsqz3Sm0AeiOQYHyRGeZClByKfou6oYGe61gP2Rkqw0ZfnO/3oyB0loB/l3TiWdHM46svC1UQRTiYEHH0ZWBsqwFxPEQba8pCXk4CcvCSkZcU52FVV5aFHwEhO2I7U31xoxw2y8tVkQ1xLt8S9+gjcqo3EYrIlJgIU0GQhhDIDQb4VapaOIJK0BZFjJYPCAAOc6Ysn8MaSjacThGNwiSB9iYz7Mkv2MleOObLjcxOsy5ylZ83AwKkwnBlnY+LZBOYMjJ5PJ2uPxegFNqYej9HJGAyP0flMJk6MxHJTvziTS9dl0u/kUiCQjTPnEzE1k4bJmXQq9PzFNLouB2fp985MxPNJdqNTCRi/kIyzZPWXF4swu1BGpp5N7ysfTY0hUBDbz9eka4mIQUVCGm46ekiiBj3KzAi2dDO70M1rInwM8hStyh87SDf2EdR40HdvKgs7VVG+t3MINS4B1MgUu2tjvWd729Ti9CR4/L+AHuFsgxgXe8QRHOLc2DkZuz1VCFsLbuzM1v2s2aQ5A7ib/joTnmzdlkFdWxWWmmo8haSmvALU5JVgbGDEu9pjQoNRmZuOAoJ5CYG9p6kRA+0dHOCn+/pxggz1VG8vf8y63BnU765v4MH1G/ju5i08uXMXD29cp/MbBNon+P7Vaw70n96++xXo7zjIWYpWdvyF4M62WHz/5Dt8IDB/+NXWWXlH9s0g/ops/M3D+3hNJv6Brvv47Ck+keUz0//h1Ut+/vHFM3x4zrZLfI43ZPnPyN4fEtivL1/GtYWL9D7PYXZsCLPjp6gM8Trc21KN+vJc/PDpA9n5W4T7+6K2vBJtTW08T3v/r6ldBymIOdHLSi+83bwI1Adw9MhRjI+MYIjs5uPb13jy3T1ERoTx8XM2Me7bfQJk6ALQVFWEI30vXu6OCPD3gp+3G7zdnejozoEeHuzPU7uyBDKxEYFUJ/2QkRiF5LhwsvdgviY9ixt6CmrKyL7HynHvbDoeTWThw1IZHl8sx6urA3i1NoB7U2VYG0jF+skM3B5Oxa2BMGx2+mKtNQATZR7oSLJAbbg+8jzJcsl08wPN0JIbhLb8MLSk+KPf2xUdrs7opMCuzcGWGmUDZFvpo7MqGWVpQajKIlOP80CijxlqMgNxPC8MdblhBK90dDUUoKuJ2qTpc/x+zaC2jK0pN5Xay5PHmJKRs4Qy+uLfwJCsXEdoJwzFBMicD8DHUBZp3tSWOqkjiqw8mIDuR0Gtp4YIPLVE4cp6rci44yxkqJ6wsXVJhJGhRxgKIVDrEEJ0yOJ1heCrfgguFDi4UADhIC+AAHouzVGRd49nuGpy84+zUUCosQj89YQQoHcMwQbiCDWSQQiVWAt5ZBCws9zUUBlkjCJvDeS6qSPVVp5DPZ1+lk3tdkOaD04TuKcGi3G2MxenWlMpsIkjkw1Fc1Eo3x67PMUHpWl+SAm3Q1KYA+zNVCi420MQJyPf/QUvu1j3PxVm6jvJxnfy577kY/sM5l99/Q88s90XVK6tX8Mf//hPcLc2hJGKCAyURflRVUmWz3RXVRXZniCnJgldNTkoK5M4kCBokKFb6ery9iEjNQVNFRU8MxzL3T7SXc2XrZ3uJEh2d2GsuwqjbLMWeq71eAEF8nloK8xDMwG8JTMNvakxaE9OQFd8CGbiArCckIC1pCScj47BZYL5WkwWblMAMJOailOBFJiqGyFZShPOR6XgcEwY9mJixA8duOrr8w2dFHfuhIWQKMxUqO3R0kW4AQW+5ubIiY1HW1UzGXkdAb0ZHR0d9H67ec75uvpyHCfxbW+tREcTm6DXgNH+XlwYHeVr2Vk++I2NOarzC7h+bYGEfIUYvoLPWFfa5jUC+cYK1qhRWLg0htXF87izuYgb15bQUV+EzGB7ZBO4U72MkUtQD7ZUQmO8A/KDTJHpZ4J0upFyQiyREWCOOroJKhJc4GVONwZZe6yLBtmVOnxM5Xn2tiCKIOP9CfbJYWguzMeZ9EJcyqvAleIqzOcUYDYtAxfT0jGTloPLmYWYTs3lMGdlo7gW3zW04C01tlfLy5AQ6YekhBAkxgUhMTYA6Skh3Mpz00KQlx5GDUYg73oP9rGDn5sZ3Cy1YWegDGNVCW7nRsoiMFE+BmOFI7BnmyOYKsKNigsVthWiMRtvV5eAvLwEZKkwmLNyTPgwlBSlMdjfwyv1kxNFuF8bgIVYfWzkueBOfTQWs5wxGa6NXgcJVBgfRYbeUSQbS/J1pL5qRyjwMce5Mym4PF2A6Qt5BO1UMuw8jE/mYOZyNs5NJWJ0PAFjk2Tu0xm4TJCfmS3gY+oTVM5MJmCEzPrsVAaGRsnIJ1NxfjYF/UMhOHEmDgNnY8iyw+ln0QT6LAJ2Lh9fHyNwj89k0GumY2GpAnNXinBxNh0XL2fi8uVCChoyMU1BxdSlbAxPxGFwJJrMvoAveztPtj91MZHbfkSgIYRYDvf9e6EvJgkNKo6i1IAQOJ1FKECSlKZzAqngQSgKH4KK8LeIp3sizVIeOmTsBnJCZBBicKIKGmuugNsXt1cLBLk60Oevx7vd2Th6OAE9loAe62JHQLclS7f+P6ZuY44gGzPe/e5jaQRfK2N4kKm7merCXk+dd8Xb6ZKVqylDSVISMhKS0FTXgIuzI8L8vVGWmYyaghyCXRG6WDcdQY1NhOtva8MgVa4TVEYpKp4+N4aFixdx++o1PLhxk6z8Di+PCOyPbpFNE9DfPX2G98+e827333/8SHbOrPwtP7Iu9x9fv+JA//j0KU8C8f7JY7z77gHZOVuOdg8vybhfkZW/IytnG628efiAA/zHN68oKPiAHwmmbK05O/7whgUOb/G7T5/wA732KwoQHlNAcG9zDZtXLuHK7AQWp6kez1/AIln7+KkeClbqce/WJv7617+iJC+Hr79lO6kN9Aygr7Mb/VROEtBPEsyb6uohSoHavn37cGD/foycGcba6hU8ffIQL18+wYXz43x3NYE9e3BQQABCh7+FvTXVL0c7uFHg5enhDF9PF/h5ucDfdzuxTHCAJ8E7kudvTyWQJ5KhJxLIWVa4lPgIZKclIJ++D7Z0rbYkA1fPlOIWwfr2cBIeTeXhwWQJ3m6cwqe7Y3i60Iy7EyW4cSYXN+maa12heHgmHuudQZiu9sHJXAJ1oiUKPBWQ6a6MvABj5BHUa6htaskNQYe/M9rdHNFKMD/p6Y4CMvQER33012WgpTQe9fkRqMkKRm6UM8qSvFGZ5ovKVD80l5K1ddahuaYY/R3bSwGnhjrJzPdTwLoHRuK7oC+6k4x8e1KcjvBXMCHQW8vvRwjd+4kE8nhq/xJIbKLMZcjQt+3ZTV0Y7hpk02x5qsZhAq404i0lEG0qCn8tQYSSkYdoH0aQ5mH40c9dFPbBVnInrCR2wkXxIAd0aZAhKkJNCdJk105KSHGUJWsnmzeTRjjrnreSQyQdk+2UEGcpg1QHVeR6aKExxgb5HmrIcFRAip0sctxUkOKghJJwK5yoT8LkQCnGewtwsikFbWUE8kJ/tBSGoCbdA835oajJCEJxkhcyIpwQ428GJ0t1HD3Mlst9jt17tyfjsbKLTdKjx7v3fMlt/OtvPuflq68+x+df/Aa/+fwzXiyszPnn+vDGMtSUZaGqIsF7UA1Ym01w11RTJDMXgb7CMd4Vr8d2aWNpY8nc9TUU4GKshnAfJ2THx6CFbLqjoxWnuxsoQD/OZ7n3drRghI5jg32Y7G/E+Ik2dDTXo7WkBK0sS1xBKs4mUdsbG4vJrDic8I/G6YQ0LEbE4GJoIMZjYjAeH49NgvxlsvjzBPXxyBhUO/shR4+k1sETxUFBiPG1g6uxIbREj0HtgDhspQwQQCD3MzWFv4kJQk0cUJOSSmJbQMAuQ19TO7U/jXytfGdTE9pr8tFQR++/qAjtFJz0UlByigKQS2z/dJadbnYWS/PzuDY3x3eAW19fxebmJj5bXbqAtaVLWJwdx9LsOdy4ehm3NhewcXUOG2v0C8sz9EHUU4OqiwR3A2T5WSDX3xhVkZZI8dInc9JCUZg1UtguPYmuKItxRLSLNnIDLZBDFSnV1xARDioIs1NEhKMmwl11EedvhWg/R7oRYnChtBYz2SWYLyjDQnY+5jKzcYksfTaNwJKSg/NJZPBpeRzom2V1eEx2/oZM6mxmChIpgkpODEFaMkVJGdEU4UciKy0C6clsfXwoCrNjUJwdT0biBGcrbTiYa0BLVhC2+gowpsjOROUY3SwisCBDt9ViG7ooEUS04WevxRPVWOix3eCkoKQgySfJSbDCu97FIEKQamtpxN//9h/YakvGzTIvrGTa4U5dBDZqQnExzgRDHmxv86MoNRVBnpkEEgxF4ax0mP6GMs6NZeDCTAHBMYMAmsmN+8JcHianszAymUKFTPl8wvaktcs53KbPTsVjYjoVF6bT6HfT6RqKGun6aQLx5YVizBL0zxOoz01GYuhsGMZGgnFyMIwCgwyMj6Vjgv7WBLP1qVRMXabg4VIOLrDJcwTqK8sVWF2pwtJyPb1eEe/2n7qYh1PM8meyMTOfxzPJXZih74Z+p683AvqqR3iyGXmBvTASFYOjmhYyPFwRYmIEOxERRKuqwV1CCqpHDkHh2AEYSh1CsJ44TKgyKosehK70EejLHoMfBU+3Z07h3//8Z9gbaPFZ7t4EaQZ0Nn4eR9aXSLaXwEzdxYEDPo7Az6DObZ2uCyCj92dgtzIiW9+GuquJDmx01KAmK4WjgkdwjKJnDTV1BPv7kSEGoCAtEa1VxWitqUZ/exs39L7WNnQ1HqfHrRjspPusfwBTZ87i0sQUbq1dw82VVdzf2OSm/vgW2TEBnnW5v3zwEK9ZPmWy9F8IwJ9evCSrfs2B/pGM+oeXL/DhV5iz8XR2/PDkCd7S777Z2sKLe3fxmtk5Af4DmTlLFMGOP7FuewL37z9+ws9k/j99eEsQf41Pb+j137+hx/T6FCy8I3N/unUPWwTtu9fXsLEyh/VlqsOrVIevzGF+egJP6PXZv5P9feju6MRQ3wABvB+9FCD3E9xP9vViuL8fttbWZFh7eWFQDw0Jwk8/fsTLF4/x/ce3eP3qGc8at38fA/oeKMvJ8FntQX5eCCETj4oI5hBnO6exc5ZMJjo8gALvcD6znY2dZyTHIykmFCkE+JS4CL7UNTstno+jVxZnY34wH2u90VgfTMStkUxsTZbi460RfH9/Eu+vD+HRZQpQCPLrJ9Ow3heDG31huN4ThuXWcJzKdUJ3mg3qwnSQ56uBPH9dFJB8lMc5oiEnEGV+1qjxtkORoymaHSzpaILsIFsMNeeirz4N9XmhaC+PRUWKN0riXVCe6I6KZC80lqajrb4MTbXUyDaW45efvsfPP3wgMyd4H9sBLSECuvgOGEh8Q8edsFU9hAgbFcQ7aSPcRhV+htIIMiGwO2ghxk4ZAcai9JwEPSeJAGob/HSPkk0LwV+HIG5AVq1/FCF0DNI7hADNA/BXPwx3RQE4UvBgJ72Lyj54qQkijdqTQi8NMm0tFFM7nMaWuzHbtldBnLUsUh2VkemkiBxXZZQFGCDTWRnFvjqoj7ZEc5wNSv10kOOu8r+z2gtJ0JqzfTA+UIiZEbYzWRE6KiPQUxWB7vIodJWGoynXnxt6XW4oSlL8kBntioQQe3g76kFFXgj7COhsvHwXGfmu3V/8CvYv/hfiX339Ob748h8I4r/h5R9++xsO9i+++g2srbeh3kSw01QRhhpB3JCArackzGe7qxLcNVXkyXiPQVNZfHvtOnteSR5aSmKwN9JAoIsLisiqW6rz0dFeR4bbhJGBFrLhNr4xy+mBfgJ7DyZODJLBN+BUWxnaqwownJ2K7kJqaxPiMEqwniSAX4oJxGxMNBYI6stxMThPz83ExeFsVCoW6fxEZiYGWYmLRXt2ImoTE5Hg7QlnXRJDcVE4iCogxIqYp2+KIAtLxBraoDA+AU1FeWhqKiI7b+MGzt5bd3c7t/W2qko0VFaiuaEYDQ2ldF0TTg8PY+7MGQp2z2CVDH19YR4bdFwiqC9fokD+2jV8duXSWYroz2Hjynl8d2cVt9n2cMvTWKVI/9oqKf3KDK5cHkdPdQaq0wIxVJuKylhHnkUpNYBZuQWygy1QGedEQHdDqg+Bnew92VMPkc4aZFU6CLZVhreZIhz1JGGhLgYLMl9rHUW4m+lgtrwOswT06XRm4gWYSc3AaFgUZhLJWBPTMZtCMM8qxmJuKW5UHMfLxna+r3FtcjQyUiORnRGDwtxEFOUloYiOBTkU6WfFIiGKzXIP5WPqbB/1QE9rArQ8/BwNYU1/n2WGs9YUg6WaMCwo4nPQlYG3pRo8rdTgaq4CF4o0bY1VoaUhBTlZcYhLHOMgl2S7rylK8gQzbO7Bv//uAx60xuNmpT9uV/nhQWcS1st8MRNvjF4XSdTbSqLCVgo5RkLI0BdEEFXcUycospstwaXFEqwu1GByMp2DefxCKgf3GFtnThY+eZ51fadg8mI2QTkJZ8fIukcjcWI4gkw6gSw8GFN0/QRBdmImGVOzaZhbzMfIFJv5Ho2ZmQSy+mSMDMfh/EQK/U4URihIGGWmfjEdPWfDcYZec3QiHjOX03BltQwbG41YulJOAUIhf63ZhRxcnM/EpSUKQC6n8p6BM+MxGKOAo7HZH7LH9pGp74DSoYNw1NZHKJUoFVW4iUkgXlUT0cpq3NYVhQShIXkEVlQpNcUPkbUfhKrYYejKCMGVAqfvX5D9PXvyv0D3tDTiQA9ztOLj5wkE9CSyvkQPtrzRgVt6DD3P4B7paI0gO3M+A55B3dvSEN4EdlcyfQMVRRw5LEhg2o9Dhw5BR1MTgQG+iAgJQA5BpL6sGF31VehvbSagt3M7H2BrWOnxUE8XXz4yOjjIgX5tgerG3DxuLK9wkP9PeURgf35/C28eMQhvW/qbR4/4Tmgfn78g897iZv76wQM+js7O2cx3BvaPz59z4L/m2Z4e4O2jLbx98oh3sX9PQcAPBOtfPrzHH77/Ab//4Xt8z2D+9hV+JLD/9PEdP3/38hnePH+CpwTsh2T6D+7cwL2bbD/mq7i5voZbG1f5KpalhUu8oVxeXMRgbw9OD54kqPfzLvdBMvMTBPrK0lK+vHTPrj3Yu2sX3yb1KH1+D+/fwYtnj/HT9+/J0h9DTlqC2/mRbwVgaayPEPpMQ4L8EE/mnZoUS8cwxLCtUAPZBi3BfKlaEpk4SxrDoJ2ZksDHzOMiQzjQ0xIjkUtBOjP0sqIcXCKYrPTE4PpQGh5dLMZTAvgvj6bxx1dL+OW7KTxfasP9qUpcO5FB4I/D1c5ArHeH4mpXFCYrfXAqzwXtiaaoCjdBWbgZQd0ABYEmKIqyQ3GkPQojnfnwYbaPGbIDLQncbjjRmIHBhjSCfii6KuNRm+GDykQnKi58tU59WRq6m6vQ3VKF9uNl2LqzyT/PQDsd6Ih8wzPGsdnteuK74WEghXhnNUSxrm9zefgSzL0NJBBA8A4xl0IoWbi3vjB89YUQbHIMUdYyCDGl57QOw0fjIHw1WfArDB+ycnYeoHkQXqp74aa0F7bSO+EgKwBv9aOI5Olf1QjK9P/zVCfb1kamiwrSbGWR7qiBdGqDs1xUke2iSBDXRGmgDsoDdNAYa4GOVEc0xVlT4GPCu9zZeHpxoDHqk9wxWJeMiYEyTAyWEexycKqVPpv6eHSUULBTFILWwkA0FgSjKjMEpan+yE92R6SPCXwdNKCrIsItfa/AF3zcnE2GY2PmLFsd61r/7RdUvtyG+DbMt7vbWQIc1gXP1syvr1/Df/zlzwigYEuDXo8l+9EgiBuRgLEtndXVJbm1a6jKcDnTUCLIa0r/Pz2dd1SUWbqv586ZmTYrtt3aBswgKEFAFBVBcs4ZRHIsQpGhyDknUZEMknMWzBFzG9q2+/SEnjP5zD1nrfvHXWvOuXPX/d3f3jjjWu/6qooqwKK+/bzPt/f7bmnv4nK86Ul9+Lm6oiAhBCUpofxcp+CSSN4bq+UKeBFjXV2Y7+zEfQJ+4nILhi5XYKg+B9NZHPPSY3CFBj5IE5+ird8huO8T5nfIm8e8f4MxFBmLe3z8Dm9PEPD1BPllMQcfH8K/gTNibC3hRiv3NDyDYFNTBJy3wUUzR+ReuCBbzlZmphHUhfydGuWiuMbGGka9rKFvbKxDfY0KFRVlBHq1XIE/3NGICdFClpa+NC6upK9uDLPMWJyfxwLjJ8uzPbg514OXjxcI8incWZ7A7aUJHsXtSRm3boxjZqQT08OtaCpJxNVypZyXaCpSoLmAmWySF/II81CPszwxXJFKY3c7pwXXs1qwNz5EA+YfRHcnTmvvwAnNLxnbYWeiRYgewVxxFZZyinGbcStDhalYGml0PKZj4jEbn4hFWvpSKk/unBK8LK3DdzUNuJWeQbuKQhbtOz83CUV5Sv7BUpGfI2pYFcgj1FNo7Rd9nRAR5C73Ufd2Oo8Adwu4WBjA7pQGXOWGLYdgY7gfZ7V2wJqG7kwr97QxhLu1IazP6sKUScdRLcJ8/65/Xm7X0NwHTc29fPyAPJn/+s0TPC4LwgOVE56VX8DTqjAsJlujz18HV1w1UG5zAIUWe1FitQ9lrseQEm2D2YUCQrOMUFfhLo+zsxmEbx6GRtLRPxQjL5VPzcZhdimLoBaX3/k+zOejqztM3p9f4IdunlnkWLRc0d5NsA+NMWMcjeFzlZij6Y9OJhPqcegZjEBn9wX0D4ZgYCgMU3PJmJ/LxDQTgfkb4lJ/lCyRa+vxYvIQjpHZeIzPJWJkKhJT84m4dTMDQ5OxfEwkG3H8uakEeiw6+2LQ1R8FT2b+shvctk04q74bXlq6iLO2g7/JKSSJ1Zx6Rgg+poeTO7fDWGMv9Pdvh+GB7dA9sBN6+7+C4aFdsGR2LUGzOAcH0TTG1Bhu588gQJStCaC72Uugx7o5ItadcPew5+1P4WqPMAL9Ap974VOpm5+tmUwIzhnqYNvnn9M01bB+/Qbs2b0b1ufN4evjjeBAf8SFBSM/Kx21hdnoutSMoa4ODti1hHsDOni/q6UF13ii9TGTnxkalvPoN6dn8Gj5plwYJ+Llg4cyVoH+jvFeQvzDM7E6/bWsT//w9Cm+f/EC366IefLnNPKX+B2f86df/UqGsPDf0th/INDFavaPhOePH76Rhv7rD28Iddo4wf3jd0wKvuFzGL/6+A4//vBRwvxX363C/JuvXxLoKxLozx/fx+N7y/Lq293lBfnezk+Nyvf5/Zu3EuBiP+luHns62tHb3oFuJi6nT53Gxg3r5faoojxNtHndprZFttb83W9+iT/T1B89vIuI0GBs37YVB9V3yaqVUCZIQTTxxIQYRhSiCPSEuChp6UrCOzb8gtz3XJkQjaS4CAl4sfOa6BKXEBWMVEW4LFdTZSSjtDATsx3FuN+RiKVLEXg7kYt/XarHv39YwP/69T385/c38MO9a3g1UYr73al41JOEm00E+tWLeNIRi4W6EAwVeaIrywllIWdQEWOFohBzlEZYI8PnBJTexsiLcESJwotgd0B+vKuEU2etEu3ViRzTwtGcH47adD+UxDmjPMEFtbnhKMtNRltzOa41VTARqkMXzU52javOh/E+Wvk+0f51E/zMjkgz9zXZx1BHEAEecP4wLtpoIcT2GO8fQRDHH5/T++BPSw+1PIxwSy0O+gcJ793w1tvO+AJ+hjvha/AlfPTV4Ht8Gzz01OB6dAtsD62Fl64aoswPIdlOWy5oy/Y+QcM2RL7/CWQS6OmOR5HpyqObLg1dG/m+RqgIMUFNhBkaFXYMB7Smu+NKijOqI234+pPIop0XRTqhJT8Sk50lGO8q5jhPQWhJRV9jOvrqOfaXRqM+O5Dvz0VUZAagSOmHbCYAucleiLtgDX8XE4qQNo5piCT6Z3KV++Ytn8kOdQLWPyfIJdR5/BkNXVj5L9b8VBr7uvU/lxYvFtOpqa1ZLbP8/iMN/CAM9FcvvZvqH4KBzhHCXJ02vlfOq4spVNFRzkiAXmy3bKiJs3piV88THD8sEe7liIvOzigJC0RxSgpaysvkfPXAtQYmLa1YGmrBzZYrmG+tQD+BP5KVhUEVBYuf1aHYWIplPBYJ7GXCezohARPk0nhMIu4FC7BHoYvmPhAchYbYGKTzvEiIDMfFAGdE+VojPsiK45Mdgi0tofB1QHCwB1Ij/VBNo68pVaG2WsyVV0uot9LGxYI4MU1wmclFU2UZqsrLcbm2iPbeINe4zPT3y2YzYqX74tgY7o0N4B7P6ztin/WhIfxkYaoX9wnw5VkOWPMiRv4ZAuQ3RSyOYVk8NjOAsb4Wgv0aZkdbGZfRWZ8NVVoYHFytYO9gjoyLPoiSi5nOINDGAJ5mR+F8mvA0OSzbq1oa8I022AsbAtTnvAFulFXhbm4pbigzcFd0hVMkYS4+gaHADb55t5WpuJWajXsE+msa+g91TejkAJGbk4A8VSIKCPOKsmxUlGairDgdebT0/Ix4aeXRF70QGewOewtjnD+th9P8Q7vbmsDLQh9e5kfhZqoJ1zOatHRmdUe/kpfZXWnm9ma6sDA5Bj1mfVoEuJgz30eo79z1hQS6vt4RaNPQxb/f3R/DzRxn3FG5YaU6Ag9o6hPhJ9HmrokrXrpoCzDANe+jmEqyw6DSBkN9KZiYy8D0dAbNmKY8mUK4ErCE+8hEJgbHUjA+n4leQnN8QoGxSaWcAxeW3jsYi4kpsUAuGsPjoq48glBPRM9wPO07Tdap98t9zRWYnMsihLMJaVFvHoPO/nB5HCP0J5kItHf74Uq3D8anUvj9E/i7hKPtuj86BsJo+BFywd0Uwb64KJrKRNDkLzABUWD5tuhIl4j24Wi08Xu2XAmB/uFt2L9tPbR3fgGzPQfgRzO3OXAQEfqGyKGxxxmdgoemFge9XTA+zJPuAEGuqY7jB8X9nTDT3iPfy46WJrnLmrNo82p2Gr625rJ8LZzgjnJ3QLynE2Eujg5I8HbkUYDeDhHOVqulbQxR5ubP11kwQ9+x40sOKGo0hC1Q27oVmoc1YHziBEzPnsXF4EBEXQxAWX6OnEPvbm5AZ1M9WkXTiJZmdDJLFgvlmisqCPQrGOvtw+zwCJanJnF7dhYv7t+Xdv7k1i258v3bly8J4pf4jjb+/euv8Z7wfvfkCT6+eIm3tI1vHoua8qf4+PQxfklg/5Lw/fGb93JuXcyV//jxg5w/FyvaPzx/LFewf3jO579awbcynuK7N8/w7dfP8O75Q7wVneK+Xr3/QbR85dffvHiCN7TGJwT5/ZtzEub3bs7zOE+Yj2F0qBt//fc/409/+CPar4g2nVfRSUMf6OnC2GA/CvNy5WX2jRvWyRANZMQOamqbN6AgO5N2/iP+/Md/Q29PBwaud2HPzm2yVC3Yz1v2aff3docvj2LxW2RYEJISo5BEC08k2JPjoyTIRZlaulIhgR4deoGGLuw9DGmJ0XIePT8nDXnZKbTCPCxdicPS5Xi8Gc/Fx6VG/Me/3sF//nALf3k/SaC34fVkOZ4M5uJeRxKWGkMI9HA8vBbN2xGYqQtFb4EnKqPMUBlridJISw7oZsgNOoUUDz2k+ZkS6O7ICbFFIYHenBcuDb2lKAqtxVGoSvVFldKL4Y1q0fa0KBY1xRloqSuSht52qQo9bfX4yx9/j2/fvMSJ3Wtxcu86mGtvJdA14Ki7CzZHP4edjhpcaNfeZ/YiwJyGfl4D0c4nae+GiHM+BqWnPuIdjspL40EndxLUW+GuuQEeRzfCjfD21P8czjw6a22Ci/ZGuGhthpf+doSdVYfC6hASrA8i2V4LKn4flZch0p0JcSdRx34EqQ4aSONR5WWE0ovmaIxzQGOCEy4pndCW6YnWVA9UR9kQ6HYy4ckLsURTTgh66wm0KyoMtubi+lUVei8XoJ3JTk9DCtprkil0CbhUHI76wgjUlUSjvCAMJaowJEa5wdf1DOzNdTjWHoDmga3Y/iVN/VNp2tp1P5UL4D6jgQuoC4iLEJfh12/4xactX3+GjZv/RZaz2dpZyHFB9FTQ09GCkd4+Wb52XJcg1z8sF8UZ0c6P6whzP7xq6roHZA27kY4mDA00cP74cTjSjj3PmCDE3gqpEX6opHkPXK5Ez5VVU5/oasF8R7209YFLdegvLcRQaRE601LRk5yIMYUCc2lRuM1EdUUYeVQMRpNTMZaUgGFVMoYJ+8bkZFTEBaM0xBuZkVFIC3BBvL87gnyY6AQ6ICXUGwnh/ogMCURGVCAahMkT4M3lOQS3aGhTiUufyugaqgvQxM9ZLc28qqAADXXFuNws1gJcxvX2diz19ODuwACWCXXRW17Upj/q68Mk7/9kZqIX89P9mJu6vhq8vTA3JGNpYRxLi6OE+yhuzHEwm2NWMNVPoLdhfqJdAr0xNw52ludxwvAkLpyzRY6lE7INTqPG3hZN/s7ID+PA63sOoS4n4Wt1jOauSZBqwYNADbI7gQeNLVgpr8F9VQGBno07tO87qWm4pUzBPWYxT1UqrKjy8Cy/SK5uv52eiRJlDIryU1BalIniwjSU8kSrrcxDRUkm8gn5Ipp6miIEYQFOuOBjC4uzhPkJ0QzmGM4ZH4E7Ld3f1gDe/H18rHTlXuliPt3xrBbNUBdulrR4U32YGGrxg6TxT6Dvp1VqahBEomyCUJe201+MmzSBJxXBeF4XjeUsF3R4a6HF4QDaPI+g31cb3X56eFAZjMnaQMzMqTC7WEhY52FsPJXHLCwv10qzFuVkw1NJmF5SoW8kCYPDKRiaSEXvaBJ6h5JxfSgFk9O5cuHc7HgOIZuIiRmxUC4dHT2x6O2PwPAYT8ihEHQPR2BiPhkzTA7GJpR8bTRhr5TlbaOE/sRUJvr7lRhnMiG6y10fS8CMhHcyOgfD0cfkQdi82GZ1di4Fy2Kl+3y6tPq5G5mYuZGDa/2BtPUYBHjoyp3WNHdthdb27bD8ahfsDmvBev8hKPSNkG9mjUTjM3DW0MDJ/TullRtq7IE+j6eP7Jarf2W5SloSbMR2qacMCHQTeFqZIlA0lhEL4Qj0OC8XKLzEZXdnhgOS/VwIeDtEu9tLmIvnBTOczU/hi23bsGHTJglzAfXPt32BnTt3QveYDpzs7BAVHorE6HBUFuaiMCuNJ04uzbyOJ/klAvwyWipKcJmZc0t1FTqamwj0HkwPDkig352fx/N792jm9+U8loC7WBz3buUJ3j5+LEH+9UNRJy5qylcI8wcyBNB//Ub0YX8la82/JbR/SYD/5sN7/CBau759hW8J5Xcr9/H+KV8j6s0ZH56Ltq738VZ0iHv2QMZbxvsXj/DxjYD5CmH+GK/5uheP7uDR7QXcW5rGnaUpwnyWdj6NuclhjBPo37x7jf/+r/8m0FtXgd7ehsHebibvs9A+oilBvolmvuET0Ddu2CCN/fy5c/j4zVv85c+/x9OVh3BztqOdfwVPF9pPgNgG1YtQd0ewv7ecM78Y4IVYGnmCmCOPjYDi0/y5WBQnVrNHhopOjxflZfd/WLs4ig1bMmnqTcVKTNVHYK4xCstXE/B0uADfP7iOP38zR1OfwW9XevFmqgLPRwvxsDcdt67SoJpDcKclDPfb4jFSFoBOFc07xhxNSkdC3RpVsVYoDjeXkRdiQft2QUGkPQqjnGhMTHALo9GcG4Jy2mZhrCNKE9xRk+aLWoKvSRWM5qrVufNmcdm9sRzdrXV4x4RK/HM+dQgmB9bh1IH1MNNUgzVBbqu3FY76X8LV4Cu40rY9RR25k65syqX0PUOYG0PpYYgkZy2Em6nDi893195CmKvB8cgGgpxGrvMFb28i0DfC9dgWuBDufkY7EWp6AEn22hLmaS4GSHc5ghxPXWR5GkFF084Stz10kOasDRXtvSDwJMrCzhDoVmhKtsfVdBfaOd+XiHPIDzRBRawdalLcUJ8TjNayGFwrj6asJaKLZt7dmIO2mnS0EeoddUkMJa6U00iLwtFar0R1cTRS4n2QpQzERT9zeDmdhiUt/ZShOo5qbIP6rk3YvmMDk+rPsGHjTz/Np4uWwb/4NJf+Pz7BffVrclW8LGn7BR4+vC+7yIneAOaGBjAkqAW4RYMZPR11Wcqmd+wITtLIDcQOjHqHYCguu+utgt1A9ygsDFbt3vnMGURaWaIgIFpuwtTE8/0qzwGxteo4gT7QcQlzTWJleSP6q1WYystGWxaT/SQlZuOiscBEdJnGPsCEQKx2F/XovRkZGE9U4GpqLBqTklAWH4NMmnpWlDeSI/0RcoFiGc2E9aIHIr0ckR7linJFHOr4+gpVNmFdgNqqKtSVF6CxLh9NBfmybE6VmYkafu+qnBzU1paj/XKprKsXq/RHu7ow0t2NWUL8FmEubF3sw74oDH1ipBOTo12YHueARbhPT/ZijiY+PzOChdkxgl3EKBbEfcJ+eqwb06PtmBpuQVFmNMJ9neBhch4hJyxx1cIFU4bmWDa1w0t3XzxyccCNAHvURNgjK9QW8d5naO6GCHYwQJD9cYQ6GuNOVS1eVzfgWWEpHufm4WFGJh5mZeJBRjqeZGfhRUEe3paW4lVhCZ4XluGaIobQTkZxQSaqKwr5ZogevHm8rZKRlhwhN41JjglCRKATYWMFPw9bGOlr4ogG7Vr3EC3ciKAw5uB/CkEOooXoUZzT2QULw32EvR4CnU/D2/4UTE10JMD3qO+gme+FlsZe6B49BH1+cC7R5mQP96YYPC3xwyseX9RFYUZhhkb7/Wi2Ucc1h3245nwAE/EWmM51x0J/BmErrDtd7jl+fTyZUIyjsfNDMxDP9ziPtp2AHoJ+gF9vH1ZgYoHPG13t3T5MkI/PFtOaqzEwRIj3x8tGMqLlq6hBF9udDhHM7dcj0Dsch77RBIzQtAXUB0fj0TUcyedkydXqt26WYG4hGwuLKiYFWdLsO4fi+LwUjE0p+fNEMpDL54rFcXGYJtQXbuTyNTmYmldi+WYuBsbieTsD3d1ROLp7Mw5s3wz1Hdtw/HMOZOoHcNHQCF4Gx5FhQjM6bYoyW2e4HxPd3I5An++rDg1dwL2vtWG1hzshYWF4bBXotHRRjx4gas4drRHmSgh7OMp5dBGJ3q6EuwOPBDwjkl8LdbWFu7Up1AnuTZ9A/o9QU1PDNkL+zGkT+Pt4Iy4qnINQNIpUmchNT+GglI+Wmho0lJXSzpvRUlWJhvISGnutBPowT6KZoUHcmBgn0Ofw7O4dQv0uHt9cxutHDyXQv+bxH0D/5ulTCfN3HJA+PHmI75+vSDP/R4natyv3Zcc30RHuO8L4u1dPJLglvD8B/Vs+LoH+8jHe08gFyF89uiXj3TO+no9/eM2fwee9XLmH5w9v0c5v4P7yDG4vTOD24iShPo2bC1M09BFMjPTiw/uvV62nf0CWp3V3tmNyZAApifFyS1TRxlXa+fr1tKXVWLtmDbaqbUFfVwf+/Kff4evXz6F1eD8MjmkjKNBHwjw0yE9eehf7nAf5e+ACgR4jt0SNQnxUCOIJ97ioi3L+XGzKIjrDZaYokJoULVe3pyXFID0pln+PNOSkJ6K2iJ/36nAMFPujM9cLtzvS8f2jAfzmxTB+/ZQwn63BygAT/aEi2okKSy2xuNEUhocdcYxETNWEoL8kAG3ZbriS4YkWGmmj0pngspVRHmOHsjgnQt0JqT4mSCII69MDUan0oZ37IYaWm33RDKWxhL2SoEt1Q0V+EmppVFebKtFYVYBmGlZfe5N8Pyuy4yTQxYK4Uzwa710PC61tcNAlkPW2Ee474H32CGLdziLJ1wxJ3sLSjyPMQhMhpnvhrUsb1xEL3jYyGV4H60Mb5D7plod4+/BauOtulJAPEKVrovf7+QNQ2GhBQbMX8+PpbjpIcRE15ALqesh0M0CaqxGUTobI9TpOQzcmzClZBHqdwobwcSTYnVDP20WhZ1ESaU4YOeCSaMCTQ4PMD8HVykQmVrGoVoWjJjcMldn+aCgMQxOtvLYgFA2l0TxPElFGOy/IDuPf0pcJmyf8Pcxhe14Hdha6MDPRINR3QEtzF9T3quGLL9bIhjMC3OISu1gYJ0Jcjl//qdnM2vU/lVu/igV1onXtyuOH+OsffwsHSpaZmL49fhin9DRgpqsuN3ERJn5WlLfp7Sfwd0PnmKhT3y8rmPTl5XhtQl4bDgZaCDt+AgpnZzQQyvU1xWhqEnsYiPr6BvRdKsNwayFam6vQ2ViCYdFfPTUF/fkck3PTMcfXjKalYYR2fZ3AHaGVj2bEopXS2cr7jQRxfXocSgnrnvZrqMhMR3ZcOMGtYoIYBEV4AHKiA1HAr9eJXR3JsNrKHFyqyENLORlWWYk6fu98/pwCJgtljMZyFZpqmFi0VKLn6iUMiP3cr7YQ6p0YF1u89vXKzWKWROOrkRH8ZHSwDSLGhtoxMdqJKQn1PsL9OmYmB2nsg5glyOcJ+aX5ISzP96O7owKxUV5QhHmj2SsADWauWLTzwe2T1nhq6YjvPL3w2s4cb6xO4IOtPlZ8LXFJ4YHCGAdkh1ojzscUEW4nkRpgi2c1TXhXXY83ZVV4zv/k05wMPMvNwnNVFl7l52AlOx3fcGB9kV+AXmZHxTmpqCjNQ1mxisdcVBHiNQR6JU+0wjwlClRJiA7xhr+7FZytjOHtaI7ThkdgZHAUe/fuxr59u2FnZggXc3342xszTtDQNQmZ3Tivtwce5jq46GKCEDdTWJjqMvs7zA/IYWnq4lK7WAynp3MY11ov4//937/jVrYLHhPoL+sisVIZhA6fY2iy2YcGi12osVRHT8BxPG2MxgjtYXA4FqME9uioaL/KP/qAAv3jiRieTsfijULcmMzF1FgaypppCwOiljwLo9OZGKaZd3WH4nrfRYxMJBPqKgxNpqKtL4oGT4sfS5V15JOzYrV7CWYI4U7CvqM/WparDYwkoJcmPTypkEDuHYySu7EJmN9aLsKNhVwsLBdjeEKB2Zk0jM0kY2A8HgOj0UwcFOjqD8XABD/Ms2mYnknH4GQUxqcTZde5uaVMjE8qEeZ7Age/3AD1L7dgx9bNOPHFduR4eUAVGoCLOjooM7VAi50LShxcYKZ1AAaH98BAXO04tButjTX4+9//D8z5NzIzPAobUXJ2xkiWoPlZmyHE2UaWr4mIdLWXQI/zWF0kF+flzM+TMyI9HRHgZIWD+9VXV2hv2frPy+3ivgC6WBR33swcgb4+iIsIRyKz6QylaDWqRCsTtKsNDWhtqF8tW2tuRlNlKY+NaG9qlK0XF8eZ3I6O4N7CPFZu35LxcOkGvn78SNajv6GRi0vtEubPnuEdAf/qzk1C/Z5sGCMax4hOcO8f3eVjtwj6u7z/QG6y8s3jO3z8Nt7x+O2zVZgLuAugv+XXX/Frrx7dxMsHS0we7hLwhP7zB3gjzJ3H13zsBUH/+O4i7tLMbzIJX54dwS1xlW1OXGEb5WerDw/4dfHv9tKSBHpvRwcGejpwcN++VZhvXO3TLoG+di3WrV2HNZ+twdq1a5CsiMcffv8jEyJP7PlqG8+P07I8zdXBDnaW5hLsUaEXaCVigZwvwi/4yT3OlQkxst48MS4MGTRw0e5VwFzMl+dkJEKVpkBJXgbys5JRXaJCbkYSqgn0q7Tl7nx/jPHcutOViR9fTuCPb6fwmjB/NlpKOy/jsQR3OzJwszUR99sT8aRbiSfXM3CnMxVD5RfQluOBatpnQ5ILquPsV2EebYVqhSOh7kBgOyIn0BSJrvpI9zuDNL/TSPUzRYzDUQ78x5Dpa4yScDM0pbuhpigJlcWZaKouQmMlDa+ag39TqXw/V+4u4fTeNTA9tJ5g/wyn962BtbYaHAjzoPMH4X/uAHxE61b7Y0gJPINED2PC/BBhro6AE18x0d0Me801sNFci3Pqn+Gs+lqY7luHc3s/gxW/p4v2erhqb6Kd70DIWXWEn9uHRPtDSHE6jBRnAt31KAF+FPkBJ5DpaYhkZ10k2GnT4rWQ6XEcZREmaE51REWMOSqjrVEWbonqGGsUBRkjQ+zs5n8SxdH2KIjjc1I8UZPpj6IkLxQkMREqEZtzBaBQ6YW6/DCUZ4cgJdoNOckBKFWFIinKhYnceSTEeSMihOehtzkcrQ3g53kO7pS20zTkEzRqnaN7cPjgNuzfuw3bt2/E5wS7CDW1tdiydc2nxjOr3ePUtv4CX21fh0M71yPCz3m1i9xoPwyP7YWOzgGK1RGYGawa+ymdg3LTLGHnYvHcKf4cQ62voH9MS3aVO6e7F+ePH0GEpiaBro+4g1ocjwLQmJ4u68/7+He82iy2W63FUHsV+uvyMFJGoOfnY5KgnshOxEx6EkZ4e4if2SkCeSIjDsNVOWitTEOn6MGelYJi8qtAWLpCQdh24g8fP+LFk8eor85CXJAr0mICkR0bjcHeXkxdvYrWwgIstrYxKWqQjW3KCP5i/k55/P5VjJqyHDSXF6KOFn+5pRGDYnvXZrEKvhGdLSWyxE20hxWL+yb5Pef7+/GTwb4rGLx+FUP9rRgl1Mdo7KPDHfI4QRufpLnPzfTj9s0Jmno/IZqKsBAPhAd7oNvFAw/sPPHY0Q2vnDzwrZsX3tja4KHVSTy00MHXlsfwGycj/NrbCrNRDmhReqI40R0ZYTZIDDyPFH9r3C2twvvaJnxkfFtdjg9lhfhORHkxPpQU4HlmKp4Q8tfjIlGWpYSKUVqUg/KSXAKcg4CKEM9V8n4WVJkKDh5hiArzgbv9OdiY6sHezAinDDRxaP8ebN8hLrvuoKVrwvH8CXjZn4aHlRGsDA/AiZmkg/FBeJ/XhcLfArH+Vhyw9GWbV6PjWsz4NKBxcDe05Ry6piwv+Nt//AHPy/zwrPKChPlckgWuOh9CvfkOVFrswRUPbSxkuOJ9TwZ6BmnMA7EYIXz7CeKuvkhc74+hHaXjt68HMUbT7huJo+2Go60zEg3NQWhoZTZ87QJ/li+uXfZG5xVv1Da64kqfP672hdLmFZghwK8PKnG1KxRN7WHoGUvH0NRqIjA4kYnpBcacEjduZOHxkzrcvV8rYT46rpBz9Es3VbIGffFmwWpnuMV8zC0WY36hCF09ERgZSaS9RxLu8WjrCccIf8/rNPPZWX7IF7MxKbrY8ffu70/A+RPq2P/lJuz4Ygv2b/+SVnIcQWdPwW3fXjRZ2KHD0gHVlrZw0jwIOyNtnNLcA+1923G5oQY//vqXOM1kyZxAFxut2JnQ0s8ayy5wYuW6aDIT4WYvu8bJS+5eTjRzJ8R4MrydEe5uDz0tDWb2W7Bh42YJ8/UbNsnj5s209U2bCfTtMD17Bl7urvBlshHHkytflY16ZsZXGhvQUk+o1wuor4YAefflFvQwxCV3AfQbDAF0YeYinty6KQ39Dc1c2LmAuYC6WNn+fuXxP4H+j5auwsoFzEUf9n8AXYQA+sen9/Dx2b3Vx16IjV/u8/velhB/fm8Rrx4uy/rcd0/v8Hgbb1buSqB/zde9IOxX+JyHt2ZwZ3Gcdi5APoIbTMgXpwZkzE1ex/To6na/b/n7iTK1PgI9wMdHNonZsG69bOu6XhwF0NetWd2A5bPP5NHK3AyvXzyF1sF92K++Ey4ONp8us/vIhjG+nq4IoalHhlygsftKW08Qq95jw+XceUJ0CJRxEchSKmjhScgUfdw5EBbSyssLc1BKY8nLTkM2B83CbCXqsiPRpgpAX2kwhqrC8cunwwT6tGww86tHXfjuTiteTJTjVnsabrUm4XZrAm40R+B2WyIe9GahN98b17I8UBvHsSfVnUBzQ3OaJ2oVdqiMsZKWXh7vQlN3QHGkjYwkt+NI8T6FBAI+1k4TWWKjl8ATfJ0jLSoZ5QVpqKc1NVTkEuoFuFRTiBdPH+C//vY32Opuxzm5Mcs6WNKmvUW7VlstRNkfRKj1IQSKjVQc9ZHmfwZxDscQdHKXXNHurrsZDkfWwYLgNuNrTXZ/BpNda2D81c9xfv96OGltgdORjfCg7Qef2YsYMXduq4FkhyOEOOHtpMPQgNLlCDI8dXg8hji7w0hy0kI8j7E2B5HlcwKFYWeQH3KORm6NwhBzFAabI8PHEGn8/yZ7GiHRxxiqaDsUKZxRnuKOqkwPXC4LQ0tlCE0xHC0VUTT0KNQWRqIgMwCVheGEUAhiL9jA1dIAykgPKGM8cdHXGi62RvB2OQlbc4L31EFYntOGkf4e2vJXtPUvsU99M/bt3ojduzZi6+efyTn2z3ncQqBv/2IdNPepQe+AGkw0t8NMYyf6Lq9exStKi4YB4Sw6xp09riFXtIvL7vpHKQc0c6ODfFxzJ3S1NXGSSeopwt9YXwd+6hqI2qyOYDUDJB86jiTd06gKDpbz6RUZGeiiFF6/Uo3ulhZM1HA8qC/CED+XPQUFtPA09Jbzdk425pJjcZ3gHiV8+3Ny0EjLv5Sfh8bsrFVDp8HX0KyHGxvxv//nv+Gvf/gDclOikRR9ETmxF5CpiGYSUIZ7PIc/Li+jq64OZaXFqCbQS5gIFIjFcrzdyKirqSbAyzj+V8tFfNcoGj2Xa9DJJFKUuF1trsfQ5VL093Shj8Ixzfj/bumWPSBDUbgAAAAASUVORK5CYII= to /home/student/Desktop/imageLogs.txt
Bytes in image file byte array after reading: 550466
Supposed to write: 550466 to /home/student/Desktop/byte.txt
Tests run: 1, Failures: 0, Errors: 1, Skipped: 0, Time elapsed: 22.157 sec <<< FAILURE! - in csci310group11.Implementation.TestingNewUserInServlet
test(csci310group11.Implementation.TestingNewUserInServlet)  Time elapsed: 22.153 sec  <<< ERROR!
java.lang.IndexOutOfBoundsException: Index: 0, Size: 0
	at java.util.ArrayList.rangeCheck(ArrayList.java:657)
	at java.util.ArrayList.get(ArrayList.java:433)
	at backend.CollageGenerationServlet.downloadCollageToUserStorage(CollageGenerationServlet.java:145)
	at backend.CollageGenerationServlet.service(CollageGenerationServlet.java:100)
	at csci310group11.Implementation.TestingNewUserInServlet.test(TestingNewUserInServlet.java:85)

[INFO] Cobertura: Loaded information on 10 classes.
[INFO] Cobertura: Saved information on 10 classes.

Results :

Failed tests: 
  TestSuite$1.warning No tests found in csci310group11.Implementation.TestingImgToBase64String

Tests in error: 
  TestingNewUserInServlet.test:85 » IndexOutOfBounds Index: 0, Size: 0

Tests run: 13, Failures: 1, Errors: 1, Skipped: 1

[ERROR] There are test failures.

Please refer to /media/sf_Desktop/csci310group11/target/surefire-reports for the individual test results.
[INFO] 
[INFO] <<< cobertura-maven-plugin:2.7:cobertura (default-cli) < [cobertura]test @ Implementation <<<
[INFO] 
[INFO] --- cobertura-maven-plugin:2.7:cobertura (default-cli) @ Implementation ---
[INFO] Cobertura 2.1.1 - GNU GPL License (NO WARRANTY) - See COPYRIGHT file
[INFO] Cobertura: Loaded information on 10 classes.
[INFO] Data file does not contain instrumentation information for the file csci310group11/Implementation/Api.java.  Ensure this class was instrumented, and this data file contains the instrumentation information.
Report time: 671ms

[INFO] Cobertura Report generation was successful.
[INFO] ------------------------------------------------------------------------
[INFO] BUILD SUCCESS
[INFO] ------------------------------------------------------------------------
[INFO] Total time: 02:22 min
[INFO] Finished at: 2018-03-09T00:38:00-08:00
[INFO] Final Memory: 17M/172M
[INFO] ------------------------------------------------------------------------
